<?xml version="1.0" encoding="UTF-8" ?>
<testsuites name="vitest tests" tests="1487" failures="528" errors="0" time="702.2920698">
    <testsuite name="src/test/accessibility.test.tsx" timestamp="2025-11-14T16:56:52.371Z" hostname="ates" tests="23" failures="22" errors="0" skipped="0" time="1.1654866">
        <testcase classname="src/test/accessibility.test.tsx" name="WCAG 2.1 Level AA Uyumluluk Testleri &gt; AccessibleTable Bileşeni &gt; WCAG uyumlu tablo yapısını render eder" time="0.1122532">
            <system-err>
Error: Uncaught [ReferenceError: jest is not defined]
    at reportException (C:\Users\husey\kiro2\frontend\node_modules\jsdom\lib\jsdom\living\helpers\runtime-script-errors.js:66:24)
    at innerInvokeEventListeners (C:\Users\husey\kiro2\frontend\node_modules\jsdom\lib\jsdom\living\events\EventTarget-impl.js:353:9)
    at invokeEventListeners (C:\Users\husey\kiro2\frontend\node_modules\jsdom\lib\jsdom\living\events\EventTarget-impl.js:286:3)
    at HTMLUnknownElementImpl._dispatch (C:\Users\husey\kiro2\frontend\node_modules\jsdom\lib\jsdom\living\events\EventTarget-impl.js:233:9)
    at HTMLUnknownElementImpl.dispatchEvent (C:\Users\husey\kiro2\frontend\node_modules\jsdom\lib\jsdom\living\events\EventTarget-impl.js:104:17)
    at HTMLUnknownElement.dispatchEvent (C:\Users\husey\kiro2\frontend\node_modules\jsdom\lib\jsdom\living\generated\EventTarget.js:241:34)
    at Object.invokeGuardedCallbackDev (C:\Users\husey\kiro2\frontend\node_modules\react-dom\cjs\react-dom.development.js:4213:16)
    at invokeGuardedCallback (C:\Users\husey\kiro2\frontend\node_modules\react-dom\cjs\react-dom.development.js:4277:31)
    at beginWork$1 (C:\Users\husey\kiro2\frontend\node_modules\react-dom\cjs\react-dom.development.js:27490:7)
    at performUnitOfWork (C:\Users\husey\kiro2\frontend\node_modules\react-dom\cjs\react-dom.development.js:26599:12) ReferenceError: jest is not defined
    at useScreenReader [90m(C:\Users\husey\kiro2\frontend\[39msrc\test\accessibility.test.tsx:36:21[90m)[39m
    at AccessibleTable [90m(C:\Users\husey\kiro2\frontend\[39msrc\components\Common\AccessibleTable.tsx:122:47[90m)[39m
    at renderWithHooks [90m(C:\Users\husey\kiro2\frontend\[39mnode_modules\[4mreact-dom[24m\cjs\react-dom.development.js:15486:18[90m)[39m
    at mountIndeterminateComponent [90m(C:\Users\husey\kiro2\frontend\[39mnode_modules\[4mreact-dom[24m\cjs\react-dom.development.js:20103:13[90m)[39m
    at beginWork [90m(C:\Users\husey\kiro2\frontend\[39mnode_modules\[4mreact-dom[24m\cjs\react-dom.development.js:21626:16[90m)[39m
    at HTMLUnknownElement.callCallback [90m(C:\Users\husey\kiro2\frontend\[39mnode_modules\[4mreact-dom[24m\cjs\react-dom.development.js:4164:14[90m)[39m
    at HTMLUnknownElement.callTheUserObjectsOperation [90m(C:\Users\husey\kiro2\frontend\[39mnode_modules\[4mjsdom[24m\lib\jsdom\living\generated\EventListener.js:26:30[90m)[39m
    at innerInvokeEventListeners [90m(C:\Users\husey\kiro2\frontend\[39mnode_modules\[4mjsdom[24m\lib\jsdom\living\events\EventTarget-impl.js:350:25[90m)[39m
    at invokeEventListeners [90m(C:\Users\husey\kiro2\frontend\[39mnode_modules\[4mjsdom[24m\lib\jsdom\living\events\EventTarget-impl.js:286:3[90m)[39m
    at HTMLUnknownElementImpl._dispatch [90m(C:\Users\husey\kiro2\frontend\[39mnode_modules\[4mjsdom[24m\lib\jsdom\living\events\EventTarget-impl.js:233:9[90m)[39m
Error: Uncaught [ReferenceError: jest is not defined]
    at reportException (C:\Users\husey\kiro2\frontend\node_modules\jsdom\lib\jsdom\living\helpers\runtime-script-errors.js:66:24)
    at innerInvokeEventListeners (C:\Users\husey\kiro2\frontend\node_modules\jsdom\lib\jsdom\living\events\EventTarget-impl.js:353:9)
    at invokeEventListeners (C:\Users\husey\kiro2\frontend\node_modules\jsdom\lib\jsdom\living\events\EventTarget-impl.js:286:3)
    at HTMLUnknownElementImpl._dispatch (C:\Users\husey\kiro2\frontend\node_modules\jsdom\lib\jsdom\living\events\EventTarget-impl.js:233:9)
    at HTMLUnknownElementImpl.dispatchEvent (C:\Users\husey\kiro2\frontend\node_modules\jsdom\lib\jsdom\living\events\EventTarget-impl.js:104:17)
    at HTMLUnknownElement.dispatchEvent (C:\Users\husey\kiro2\frontend\node_modules\jsdom\lib\jsdom\living\generated\EventTarget.js:241:34)
    at Object.invokeGuardedCallbackDev (C:\Users\husey\kiro2\frontend\node_modules\react-dom\cjs\react-dom.development.js:4213:16)
    at invokeGuardedCallback (C:\Users\husey\kiro2\frontend\node_modules\react-dom\cjs\react-dom.development.js:4277:31)
    at beginWork$1 (C:\Users\husey\kiro2\frontend\node_modules\react-dom\cjs\react-dom.development.js:27490:7)
    at performUnitOfWork (C:\Users\husey\kiro2\frontend\node_modules\react-dom\cjs\react-dom.development.js:26599:12) ReferenceError: jest is not defined
    at useScreenReader [90m(C:\Users\husey\kiro2\frontend\[39msrc\test\accessibility.test.tsx:36:21[90m)[39m
    at AccessibleTable [90m(C:\Users\husey\kiro2\frontend\[39msrc\components\Common\AccessibleTable.tsx:122:47[90m)[39m
    at renderWithHooks [90m(C:\Users\husey\kiro2\frontend\[39mnode_modules\[4mreact-dom[24m\cjs\react-dom.development.js:15486:18[90m)[39m
    at mountIndeterminateComponent [90m(C:\Users\husey\kiro2\frontend\[39mnode_modules\[4mreact-dom[24m\cjs\react-dom.development.js:20103:13[90m)[39m
    at beginWork [90m(C:\Users\husey\kiro2\frontend\[39mnode_modules\[4mreact-dom[24m\cjs\react-dom.development.js:21626:16[90m)[39m
    at HTMLUnknownElement.callCallback [90m(C:\Users\husey\kiro2\frontend\[39mnode_modules\[4mreact-dom[24m\cjs\react-dom.development.js:4164:14[90m)[39m
    at HTMLUnknownElement.callTheUserObjectsOperation [90m(C:\Users\husey\kiro2\frontend\[39mnode_modules\[4mjsdom[24m\lib\jsdom\living\generated\EventListener.js:26:30[90m)[39m
    at innerInvokeEventListeners [90m(C:\Users\husey\kiro2\frontend\[39mnode_modules\[4mjsdom[24m\lib\jsdom\living\events\EventTarget-impl.js:350:25[90m)[39m
    at invokeEventListeners [90m(C:\Users\husey\kiro2\frontend\[39mnode_modules\[4mjsdom[24m\lib\jsdom\living\events\EventTarget-impl.js:286:3[90m)[39m
    at HTMLUnknownElementImpl._dispatch [90m(C:\Users\husey\kiro2\frontend\[39mnode_modules\[4mjsdom[24m\lib\jsdom\living\events\EventTarget-impl.js:233:9[90m)[39m

            </system-err>
            <failure message="jest is not defined" type="ReferenceError">
ReferenceError: jest is not defined
 ❯ useScreenReader src/test/accessibility.test.tsx:36:21
 ❯ AccessibleTable src/components/Common/AccessibleTable.tsx:122:47
 ❯ renderWithHooks node_modules/react-dom/cjs/react-dom.development.js:15486:18
 ❯ mountIndeterminateComponent node_modules/react-dom/cjs/react-dom.development.js:20103:13
 ❯ beginWork node_modules/react-dom/cjs/react-dom.development.js:21626:16
 ❯ beginWork$1 node_modules/react-dom/cjs/react-dom.development.js:27465:14
 ❯ performUnitOfWork node_modules/react-dom/cjs/react-dom.development.js:26599:12
 ❯ workLoopSync node_modules/react-dom/cjs/react-dom.development.js:26505:5
 ❯ renderRootSync node_modules/react-dom/cjs/react-dom.development.js:26473:7
 ❯ recoverFromConcurrentError node_modules/react-dom/cjs/react-dom.development.js:25889:20
            </failure>
        </testcase>
        <testcase classname="src/test/accessibility.test.tsx" name="WCAG 2.1 Level AA Uyumluluk Testleri &gt; AccessibleTable Bileşeni &gt; klavye navigasyonunu destekler" time="0.0267568">
            <system-err>
Error: Uncaught [ReferenceError: jest is not defined]
    at reportException (C:\Users\husey\kiro2\frontend\node_modules\jsdom\lib\jsdom\living\helpers\runtime-script-errors.js:66:24)
    at innerInvokeEventListeners (C:\Users\husey\kiro2\frontend\node_modules\jsdom\lib\jsdom\living\events\EventTarget-impl.js:353:9)
    at invokeEventListeners (C:\Users\husey\kiro2\frontend\node_modules\jsdom\lib\jsdom\living\events\EventTarget-impl.js:286:3)
    at HTMLUnknownElementImpl._dispatch (C:\Users\husey\kiro2\frontend\node_modules\jsdom\lib\jsdom\living\events\EventTarget-impl.js:233:9)
    at HTMLUnknownElementImpl.dispatchEvent (C:\Users\husey\kiro2\frontend\node_modules\jsdom\lib\jsdom\living\events\EventTarget-impl.js:104:17)
    at HTMLUnknownElement.dispatchEvent (C:\Users\husey\kiro2\frontend\node_modules\jsdom\lib\jsdom\living\generated\EventTarget.js:241:34)
    at Object.invokeGuardedCallbackDev (C:\Users\husey\kiro2\frontend\node_modules\react-dom\cjs\react-dom.development.js:4213:16)
    at invokeGuardedCallback (C:\Users\husey\kiro2\frontend\node_modules\react-dom\cjs\react-dom.development.js:4277:31)
    at beginWork$1 (C:\Users\husey\kiro2\frontend\node_modules\react-dom\cjs\react-dom.development.js:27490:7)
    at performUnitOfWork (C:\Users\husey\kiro2\frontend\node_modules\react-dom\cjs\react-dom.development.js:26599:12) ReferenceError: jest is not defined
    at useScreenReader [90m(C:\Users\husey\kiro2\frontend\[39msrc\test\accessibility.test.tsx:36:21[90m)[39m
    at AccessibleTable [90m(C:\Users\husey\kiro2\frontend\[39msrc\components\Common\AccessibleTable.tsx:122:47[90m)[39m
    at renderWithHooks [90m(C:\Users\husey\kiro2\frontend\[39mnode_modules\[4mreact-dom[24m\cjs\react-dom.development.js:15486:18[90m)[39m
    at mountIndeterminateComponent [90m(C:\Users\husey\kiro2\frontend\[39mnode_modules\[4mreact-dom[24m\cjs\react-dom.development.js:20103:13[90m)[39m
    at beginWork [90m(C:\Users\husey\kiro2\frontend\[39mnode_modules\[4mreact-dom[24m\cjs\react-dom.development.js:21626:16[90m)[39m
    at HTMLUnknownElement.callCallback [90m(C:\Users\husey\kiro2\frontend\[39mnode_modules\[4mreact-dom[24m\cjs\react-dom.development.js:4164:14[90m)[39m
    at HTMLUnknownElement.callTheUserObjectsOperation [90m(C:\Users\husey\kiro2\frontend\[39mnode_modules\[4mjsdom[24m\lib\jsdom\living\generated\EventListener.js:26:30[90m)[39m
    at innerInvokeEventListeners [90m(C:\Users\husey\kiro2\frontend\[39mnode_modules\[4mjsdom[24m\lib\jsdom\living\events\EventTarget-impl.js:350:25[90m)[39m
    at invokeEventListeners [90m(C:\Users\husey\kiro2\frontend\[39mnode_modules\[4mjsdom[24m\lib\jsdom\living\events\EventTarget-impl.js:286:3[90m)[39m
    at HTMLUnknownElementImpl._dispatch [90m(C:\Users\husey\kiro2\frontend\[39mnode_modules\[4mjsdom[24m\lib\jsdom\living\events\EventTarget-impl.js:233:9[90m)[39m
Error: Uncaught [ReferenceError: jest is not defined]
    at reportException (C:\Users\husey\kiro2\frontend\node_modules\jsdom\lib\jsdom\living\helpers\runtime-script-errors.js:66:24)
    at innerInvokeEventListeners (C:\Users\husey\kiro2\frontend\node_modules\jsdom\lib\jsdom\living\events\EventTarget-impl.js:353:9)
    at invokeEventListeners (C:\Users\husey\kiro2\frontend\node_modules\jsdom\lib\jsdom\living\events\EventTarget-impl.js:286:3)
    at HTMLUnknownElementImpl._dispatch (C:\Users\husey\kiro2\frontend\node_modules\jsdom\lib\jsdom\living\events\EventTarget-impl.js:233:9)
    at HTMLUnknownElementImpl.dispatchEvent (C:\Users\husey\kiro2\frontend\node_modules\jsdom\lib\jsdom\living\events\EventTarget-impl.js:104:17)
    at HTMLUnknownElement.dispatchEvent (C:\Users\husey\kiro2\frontend\node_modules\jsdom\lib\jsdom\living\generated\EventTarget.js:241:34)
    at Object.invokeGuardedCallbackDev (C:\Users\husey\kiro2\frontend\node_modules\react-dom\cjs\react-dom.development.js:4213:16)
    at invokeGuardedCallback (C:\Users\husey\kiro2\frontend\node_modules\react-dom\cjs\react-dom.development.js:4277:31)
    at beginWork$1 (C:\Users\husey\kiro2\frontend\node_modules\react-dom\cjs\react-dom.development.js:27490:7)
    at performUnitOfWork (C:\Users\husey\kiro2\frontend\node_modules\react-dom\cjs\react-dom.development.js:26599:12) ReferenceError: jest is not defined
    at useScreenReader [90m(C:\Users\husey\kiro2\frontend\[39msrc\test\accessibility.test.tsx:36:21[90m)[39m
    at AccessibleTable [90m(C:\Users\husey\kiro2\frontend\[39msrc\components\Common\AccessibleTable.tsx:122:47[90m)[39m
    at renderWithHooks [90m(C:\Users\husey\kiro2\frontend\[39mnode_modules\[4mreact-dom[24m\cjs\react-dom.development.js:15486:18[90m)[39m
    at mountIndeterminateComponent [90m(C:\Users\husey\kiro2\frontend\[39mnode_modules\[4mreact-dom[24m\cjs\react-dom.development.js:20103:13[90m)[39m
    at beginWork [90m(C:\Users\husey\kiro2\frontend\[39mnode_modules\[4mreact-dom[24m\cjs\react-dom.development.js:21626:16[90m)[39m
    at HTMLUnknownElement.callCallback [90m(C:\Users\husey\kiro2\frontend\[39mnode_modules\[4mreact-dom[24m\cjs\react-dom.development.js:4164:14[90m)[39m
    at HTMLUnknownElement.callTheUserObjectsOperation [90m(C:\Users\husey\kiro2\frontend\[39mnode_modules\[4mjsdom[24m\lib\jsdom\living\generated\EventListener.js:26:30[90m)[39m
    at innerInvokeEventListeners [90m(C:\Users\husey\kiro2\frontend\[39mnode_modules\[4mjsdom[24m\lib\jsdom\living\events\EventTarget-impl.js:350:25[90m)[39m
    at invokeEventListeners [90m(C:\Users\husey\kiro2\frontend\[39mnode_modules\[4mjsdom[24m\lib\jsdom\living\events\EventTarget-impl.js:286:3[90m)[39m
    at HTMLUnknownElementImpl._dispatch [90m(C:\Users\husey\kiro2\frontend\[39mnode_modules\[4mjsdom[24m\lib\jsdom\living\events\EventTarget-impl.js:233:9[90m)[39m

            </system-err>
            <failure message="jest is not defined" type="ReferenceError">
ReferenceError: jest is not defined
 ❯ useScreenReader src/test/accessibility.test.tsx:36:21
 ❯ AccessibleTable src/components/Common/AccessibleTable.tsx:122:47
 ❯ renderWithHooks node_modules/react-dom/cjs/react-dom.development.js:15486:18
 ❯ mountIndeterminateComponent node_modules/react-dom/cjs/react-dom.development.js:20103:13
 ❯ beginWork node_modules/react-dom/cjs/react-dom.development.js:21626:16
 ❯ beginWork$1 node_modules/react-dom/cjs/react-dom.development.js:27465:14
 ❯ performUnitOfWork node_modules/react-dom/cjs/react-dom.development.js:26599:12
 ❯ workLoopSync node_modules/react-dom/cjs/react-dom.development.js:26505:5
 ❯ renderRootSync node_modules/react-dom/cjs/react-dom.development.js:26473:7
 ❯ recoverFromConcurrentError node_modules/react-dom/cjs/react-dom.development.js:25889:20
            </failure>
        </testcase>
        <testcase classname="src/test/accessibility.test.tsx" name="WCAG 2.1 Level AA Uyumluluk Testleri &gt; AccessibleTable Bileşeni &gt; sıralama işlevselliğini destekler" time="0.0457035">
            <system-err>
Error: Uncaught [ReferenceError: jest is not defined]
    at reportException (C:\Users\husey\kiro2\frontend\node_modules\jsdom\lib\jsdom\living\helpers\runtime-script-errors.js:66:24)
    at innerInvokeEventListeners (C:\Users\husey\kiro2\frontend\node_modules\jsdom\lib\jsdom\living\events\EventTarget-impl.js:353:9)
    at invokeEventListeners (C:\Users\husey\kiro2\frontend\node_modules\jsdom\lib\jsdom\living\events\EventTarget-impl.js:286:3)
    at HTMLUnknownElementImpl._dispatch (C:\Users\husey\kiro2\frontend\node_modules\jsdom\lib\jsdom\living\events\EventTarget-impl.js:233:9)
    at HTMLUnknownElementImpl.dispatchEvent (C:\Users\husey\kiro2\frontend\node_modules\jsdom\lib\jsdom\living\events\EventTarget-impl.js:104:17)
    at HTMLUnknownElement.dispatchEvent (C:\Users\husey\kiro2\frontend\node_modules\jsdom\lib\jsdom\living\generated\EventTarget.js:241:34)
    at Object.invokeGuardedCallbackDev (C:\Users\husey\kiro2\frontend\node_modules\react-dom\cjs\react-dom.development.js:4213:16)
    at invokeGuardedCallback (C:\Users\husey\kiro2\frontend\node_modules\react-dom\cjs\react-dom.development.js:4277:31)
    at beginWork$1 (C:\Users\husey\kiro2\frontend\node_modules\react-dom\cjs\react-dom.development.js:27490:7)
    at performUnitOfWork (C:\Users\husey\kiro2\frontend\node_modules\react-dom\cjs\react-dom.development.js:26599:12) ReferenceError: jest is not defined
    at useScreenReader [90m(C:\Users\husey\kiro2\frontend\[39msrc\test\accessibility.test.tsx:36:21[90m)[39m
    at AccessibleTable [90m(C:\Users\husey\kiro2\frontend\[39msrc\components\Common\AccessibleTable.tsx:122:47[90m)[39m
    at renderWithHooks [90m(C:\Users\husey\kiro2\frontend\[39mnode_modules\[4mreact-dom[24m\cjs\react-dom.development.js:15486:18[90m)[39m
    at mountIndeterminateComponent [90m(C:\Users\husey\kiro2\frontend\[39mnode_modules\[4mreact-dom[24m\cjs\react-dom.development.js:20103:13[90m)[39m
    at beginWork [90m(C:\Users\husey\kiro2\frontend\[39mnode_modules\[4mreact-dom[24m\cjs\react-dom.development.js:21626:16[90m)[39m
    at HTMLUnknownElement.callCallback [90m(C:\Users\husey\kiro2\frontend\[39mnode_modules\[4mreact-dom[24m\cjs\react-dom.development.js:4164:14[90m)[39m
    at HTMLUnknownElement.callTheUserObjectsOperation [90m(C:\Users\husey\kiro2\frontend\[39mnode_modules\[4mjsdom[24m\lib\jsdom\living\generated\EventListener.js:26:30[90m)[39m
    at innerInvokeEventListeners [90m(C:\Users\husey\kiro2\frontend\[39mnode_modules\[4mjsdom[24m\lib\jsdom\living\events\EventTarget-impl.js:350:25[90m)[39m
    at invokeEventListeners [90m(C:\Users\husey\kiro2\frontend\[39mnode_modules\[4mjsdom[24m\lib\jsdom\living\events\EventTarget-impl.js:286:3[90m)[39m
    at HTMLUnknownElementImpl._dispatch [90m(C:\Users\husey\kiro2\frontend\[39mnode_modules\[4mjsdom[24m\lib\jsdom\living\events\EventTarget-impl.js:233:9[90m)[39m
Error: Uncaught [ReferenceError: jest is not defined]
    at reportException (C:\Users\husey\kiro2\frontend\node_modules\jsdom\lib\jsdom\living\helpers\runtime-script-errors.js:66:24)
    at innerInvokeEventListeners (C:\Users\husey\kiro2\frontend\node_modules\jsdom\lib\jsdom\living\events\EventTarget-impl.js:353:9)
    at invokeEventListeners (C:\Users\husey\kiro2\frontend\node_modules\jsdom\lib\jsdom\living\events\EventTarget-impl.js:286:3)
    at HTMLUnknownElementImpl._dispatch (C:\Users\husey\kiro2\frontend\node_modules\jsdom\lib\jsdom\living\events\EventTarget-impl.js:233:9)
    at HTMLUnknownElementImpl.dispatchEvent (C:\Users\husey\kiro2\frontend\node_modules\jsdom\lib\jsdom\living\events\EventTarget-impl.js:104:17)
    at HTMLUnknownElement.dispatchEvent (C:\Users\husey\kiro2\frontend\node_modules\jsdom\lib\jsdom\living\generated\EventTarget.js:241:34)
    at Object.invokeGuardedCallbackDev (C:\Users\husey\kiro2\frontend\node_modules\react-dom\cjs\react-dom.development.js:4213:16)
    at invokeGuardedCallback (C:\Users\husey\kiro2\frontend\node_modules\react-dom\cjs\react-dom.development.js:4277:31)
    at beginWork$1 (C:\Users\husey\kiro2\frontend\node_modules\react-dom\cjs\react-dom.development.js:27490:7)
    at performUnitOfWork (C:\Users\husey\kiro2\frontend\node_modules\react-dom\cjs\react-dom.development.js:26599:12) ReferenceError: jest is not defined
    at useScreenReader [90m(C:\Users\husey\kiro2\frontend\[39msrc\test\accessibility.test.tsx:36:21[90m)[39m
    at AccessibleTable [90m(C:\Users\husey\kiro2\frontend\[39msrc\components\Common\AccessibleTable.tsx:122:47[90m)[39m
    at renderWithHooks [90m(C:\Users\husey\kiro2\frontend\[39mnode_modules\[4mreact-dom[24m\cjs\react-dom.development.js:15486:18[90m)[39m
    at mountIndeterminateComponent [90m(C:\Users\husey\kiro2\frontend\[39mnode_modules\[4mreact-dom[24m\cjs\react-dom.development.js:20103:13[90m)[39m
    at beginWork [90m(C:\Users\husey\kiro2\frontend\[39mnode_modules\[4mreact-dom[24m\cjs\react-dom.development.js:21626:16[90m)[39m
    at HTMLUnknownElement.callCallback [90m(C:\Users\husey\kiro2\frontend\[39mnode_modules\[4mreact-dom[24m\cjs\react-dom.development.js:4164:14[90m)[39m
    at HTMLUnknownElement.callTheUserObjectsOperation [90m(C:\Users\husey\kiro2\frontend\[39mnode_modules\[4mjsdom[24m\lib\jsdom\living\generated\EventListener.js:26:30[90m)[39m
    at innerInvokeEventListeners [90m(C:\Users\husey\kiro2\frontend\[39mnode_modules\[4mjsdom[24m\lib\jsdom\living\events\EventTarget-impl.js:350:25[90m)[39m
    at invokeEventListeners [90m(C:\Users\husey\kiro2\frontend\[39mnode_modules\[4mjsdom[24m\lib\jsdom\living\events\EventTarget-impl.js:286:3[90m)[39m
    at HTMLUnknownElementImpl._dispatch [90m(C:\Users\husey\kiro2\frontend\[39mnode_modules\[4mjsdom[24m\lib\jsdom\living\events\EventTarget-impl.js:233:9[90m)[39m

            </system-err>
            <failure message="jest is not defined" type="ReferenceError">
ReferenceError: jest is not defined
 ❯ useScreenReader src/test/accessibility.test.tsx:36:21
 ❯ AccessibleTable src/components/Common/AccessibleTable.tsx:122:47
 ❯ renderWithHooks node_modules/react-dom/cjs/react-dom.development.js:15486:18
 ❯ mountIndeterminateComponent node_modules/react-dom/cjs/react-dom.development.js:20103:13
 ❯ beginWork node_modules/react-dom/cjs/react-dom.development.js:21626:16
 ❯ beginWork$1 node_modules/react-dom/cjs/react-dom.development.js:27465:14
 ❯ performUnitOfWork node_modules/react-dom/cjs/react-dom.development.js:26599:12
 ❯ workLoopSync node_modules/react-dom/cjs/react-dom.development.js:26505:5
 ❯ renderRootSync node_modules/react-dom/cjs/react-dom.development.js:26473:7
 ❯ recoverFromConcurrentError node_modules/react-dom/cjs/react-dom.development.js:25889:20
            </failure>
        </testcase>
        <testcase classname="src/test/accessibility.test.tsx" name="WCAG 2.1 Level AA Uyumluluk Testleri &gt; AccessibleVideoPlayer Bileşeni &gt; WCAG uyumlu video player render eder" time="0.0269123">
            <system-err>
Error: Uncaught [ReferenceError: jest is not defined]
    at reportException (C:\Users\husey\kiro2\frontend\node_modules\jsdom\lib\jsdom\living\helpers\runtime-script-errors.js:66:24)
    at innerInvokeEventListeners (C:\Users\husey\kiro2\frontend\node_modules\jsdom\lib\jsdom\living\events\EventTarget-impl.js:353:9)
    at invokeEventListeners (C:\Users\husey\kiro2\frontend\node_modules\jsdom\lib\jsdom\living\events\EventTarget-impl.js:286:3)
    at HTMLUnknownElementImpl._dispatch (C:\Users\husey\kiro2\frontend\node_modules\jsdom\lib\jsdom\living\events\EventTarget-impl.js:233:9)
    at HTMLUnknownElementImpl.dispatchEvent (C:\Users\husey\kiro2\frontend\node_modules\jsdom\lib\jsdom\living\events\EventTarget-impl.js:104:17)
    at HTMLUnknownElement.dispatchEvent (C:\Users\husey\kiro2\frontend\node_modules\jsdom\lib\jsdom\living\generated\EventTarget.js:241:34)
    at Object.invokeGuardedCallbackDev (C:\Users\husey\kiro2\frontend\node_modules\react-dom\cjs\react-dom.development.js:4213:16)
    at invokeGuardedCallback (C:\Users\husey\kiro2\frontend\node_modules\react-dom\cjs\react-dom.development.js:4277:31)
    at beginWork$1 (C:\Users\husey\kiro2\frontend\node_modules\react-dom\cjs\react-dom.development.js:27490:7)
    at performUnitOfWork (C:\Users\husey\kiro2\frontend\node_modules\react-dom\cjs\react-dom.development.js:26599:12) ReferenceError: jest is not defined
    at useScreenReader [90m(C:\Users\husey\kiro2\frontend\[39msrc\test\accessibility.test.tsx:36:21[90m)[39m
    at AccessibleVideoPlayer [90m(C:\Users\husey\kiro2\frontend\[39msrc\components\Common\AccessibleVideoPlayer.tsx:97:24[90m)[39m
    at renderWithHooks [90m(C:\Users\husey\kiro2\frontend\[39mnode_modules\[4mreact-dom[24m\cjs\react-dom.development.js:15486:18[90m)[39m
    at mountIndeterminateComponent [90m(C:\Users\husey\kiro2\frontend\[39mnode_modules\[4mreact-dom[24m\cjs\react-dom.development.js:20103:13[90m)[39m
    at beginWork [90m(C:\Users\husey\kiro2\frontend\[39mnode_modules\[4mreact-dom[24m\cjs\react-dom.development.js:21626:16[90m)[39m
    at HTMLUnknownElement.callCallback [90m(C:\Users\husey\kiro2\frontend\[39mnode_modules\[4mreact-dom[24m\cjs\react-dom.development.js:4164:14[90m)[39m
    at HTMLUnknownElement.callTheUserObjectsOperation [90m(C:\Users\husey\kiro2\frontend\[39mnode_modules\[4mjsdom[24m\lib\jsdom\living\generated\EventListener.js:26:30[90m)[39m
    at innerInvokeEventListeners [90m(C:\Users\husey\kiro2\frontend\[39mnode_modules\[4mjsdom[24m\lib\jsdom\living\events\EventTarget-impl.js:350:25[90m)[39m
    at invokeEventListeners [90m(C:\Users\husey\kiro2\frontend\[39mnode_modules\[4mjsdom[24m\lib\jsdom\living\events\EventTarget-impl.js:286:3[90m)[39m
    at HTMLUnknownElementImpl._dispatch [90m(C:\Users\husey\kiro2\frontend\[39mnode_modules\[4mjsdom[24m\lib\jsdom\living\events\EventTarget-impl.js:233:9[90m)[39m
Error: Uncaught [ReferenceError: jest is not defined]
    at reportException (C:\Users\husey\kiro2\frontend\node_modules\jsdom\lib\jsdom\living\helpers\runtime-script-errors.js:66:24)
    at innerInvokeEventListeners (C:\Users\husey\kiro2\frontend\node_modules\jsdom\lib\jsdom\living\events\EventTarget-impl.js:353:9)
    at invokeEventListeners (C:\Users\husey\kiro2\frontend\node_modules\jsdom\lib\jsdom\living\events\EventTarget-impl.js:286:3)
    at HTMLUnknownElementImpl._dispatch (C:\Users\husey\kiro2\frontend\node_modules\jsdom\lib\jsdom\living\events\EventTarget-impl.js:233:9)
    at HTMLUnknownElementImpl.dispatchEvent (C:\Users\husey\kiro2\frontend\node_modules\jsdom\lib\jsdom\living\events\EventTarget-impl.js:104:17)
    at HTMLUnknownElement.dispatchEvent (C:\Users\husey\kiro2\frontend\node_modules\jsdom\lib\jsdom\living\generated\EventTarget.js:241:34)
    at Object.invokeGuardedCallbackDev (C:\Users\husey\kiro2\frontend\node_modules\react-dom\cjs\react-dom.development.js:4213:16)
    at invokeGuardedCallback (C:\Users\husey\kiro2\frontend\node_modules\react-dom\cjs\react-dom.development.js:4277:31)
    at beginWork$1 (C:\Users\husey\kiro2\frontend\node_modules\react-dom\cjs\react-dom.development.js:27490:7)
    at performUnitOfWork (C:\Users\husey\kiro2\frontend\node_modules\react-dom\cjs\react-dom.development.js:26599:12) ReferenceError: jest is not defined
    at useScreenReader [90m(C:\Users\husey\kiro2\frontend\[39msrc\test\accessibility.test.tsx:36:21[90m)[39m
    at AccessibleVideoPlayer [90m(C:\Users\husey\kiro2\frontend\[39msrc\components\Common\AccessibleVideoPlayer.tsx:97:24[90m)[39m
    at renderWithHooks [90m(C:\Users\husey\kiro2\frontend\[39mnode_modules\[4mreact-dom[24m\cjs\react-dom.development.js:15486:18[90m)[39m
    at mountIndeterminateComponent [90m(C:\Users\husey\kiro2\frontend\[39mnode_modules\[4mreact-dom[24m\cjs\react-dom.development.js:20103:13[90m)[39m
    at beginWork [90m(C:\Users\husey\kiro2\frontend\[39mnode_modules\[4mreact-dom[24m\cjs\react-dom.development.js:21626:16[90m)[39m
    at HTMLUnknownElement.callCallback [90m(C:\Users\husey\kiro2\frontend\[39mnode_modules\[4mreact-dom[24m\cjs\react-dom.development.js:4164:14[90m)[39m
    at HTMLUnknownElement.callTheUserObjectsOperation [90m(C:\Users\husey\kiro2\frontend\[39mnode_modules\[4mjsdom[24m\lib\jsdom\living\generated\EventListener.js:26:30[90m)[39m
    at innerInvokeEventListeners [90m(C:\Users\husey\kiro2\frontend\[39mnode_modules\[4mjsdom[24m\lib\jsdom\living\events\EventTarget-impl.js:350:25[90m)[39m
    at invokeEventListeners [90m(C:\Users\husey\kiro2\frontend\[39mnode_modules\[4mjsdom[24m\lib\jsdom\living\events\EventTarget-impl.js:286:3[90m)[39m
    at HTMLUnknownElementImpl._dispatch [90m(C:\Users\husey\kiro2\frontend\[39mnode_modules\[4mjsdom[24m\lib\jsdom\living\events\EventTarget-impl.js:233:9[90m)[39m

            </system-err>
            <failure message="jest is not defined" type="ReferenceError">
ReferenceError: jest is not defined
 ❯ useScreenReader src/test/accessibility.test.tsx:36:21
 ❯ AccessibleVideoPlayer src/components/Common/AccessibleVideoPlayer.tsx:97:24
 ❯ renderWithHooks node_modules/react-dom/cjs/react-dom.development.js:15486:18
 ❯ mountIndeterminateComponent node_modules/react-dom/cjs/react-dom.development.js:20103:13
 ❯ beginWork node_modules/react-dom/cjs/react-dom.development.js:21626:16
 ❯ beginWork$1 node_modules/react-dom/cjs/react-dom.development.js:27465:14
 ❯ performUnitOfWork node_modules/react-dom/cjs/react-dom.development.js:26599:12
 ❯ workLoopSync node_modules/react-dom/cjs/react-dom.development.js:26505:5
 ❯ renderRootSync node_modules/react-dom/cjs/react-dom.development.js:26473:7
 ❯ recoverFromConcurrentError node_modules/react-dom/cjs/react-dom.development.js:25889:20
            </failure>
        </testcase>
        <testcase classname="src/test/accessibility.test.tsx" name="WCAG 2.1 Level AA Uyumluluk Testleri &gt; AccessibleVideoPlayer Bileşeni &gt; klavye kısayollarını destekler" time="0.023502">
            <system-err>
Error: Uncaught [ReferenceError: jest is not defined]
    at reportException (C:\Users\husey\kiro2\frontend\node_modules\jsdom\lib\jsdom\living\helpers\runtime-script-errors.js:66:24)
    at innerInvokeEventListeners (C:\Users\husey\kiro2\frontend\node_modules\jsdom\lib\jsdom\living\events\EventTarget-impl.js:353:9)
    at invokeEventListeners (C:\Users\husey\kiro2\frontend\node_modules\jsdom\lib\jsdom\living\events\EventTarget-impl.js:286:3)
    at HTMLUnknownElementImpl._dispatch (C:\Users\husey\kiro2\frontend\node_modules\jsdom\lib\jsdom\living\events\EventTarget-impl.js:233:9)
    at HTMLUnknownElementImpl.dispatchEvent (C:\Users\husey\kiro2\frontend\node_modules\jsdom\lib\jsdom\living\events\EventTarget-impl.js:104:17)
    at HTMLUnknownElement.dispatchEvent (C:\Users\husey\kiro2\frontend\node_modules\jsdom\lib\jsdom\living\generated\EventTarget.js:241:34)
    at Object.invokeGuardedCallbackDev (C:\Users\husey\kiro2\frontend\node_modules\react-dom\cjs\react-dom.development.js:4213:16)
    at invokeGuardedCallback (C:\Users\husey\kiro2\frontend\node_modules\react-dom\cjs\react-dom.development.js:4277:31)
    at beginWork$1 (C:\Users\husey\kiro2\frontend\node_modules\react-dom\cjs\react-dom.development.js:27490:7)
    at performUnitOfWork (C:\Users\husey\kiro2\frontend\node_modules\react-dom\cjs\react-dom.development.js:26599:12) ReferenceError: jest is not defined
    at useScreenReader [90m(C:\Users\husey\kiro2\frontend\[39msrc\test\accessibility.test.tsx:36:21[90m)[39m
    at AccessibleVideoPlayer [90m(C:\Users\husey\kiro2\frontend\[39msrc\components\Common\AccessibleVideoPlayer.tsx:97:24[90m)[39m
    at renderWithHooks [90m(C:\Users\husey\kiro2\frontend\[39mnode_modules\[4mreact-dom[24m\cjs\react-dom.development.js:15486:18[90m)[39m
    at mountIndeterminateComponent [90m(C:\Users\husey\kiro2\frontend\[39mnode_modules\[4mreact-dom[24m\cjs\react-dom.development.js:20103:13[90m)[39m
    at beginWork [90m(C:\Users\husey\kiro2\frontend\[39mnode_modules\[4mreact-dom[24m\cjs\react-dom.development.js:21626:16[90m)[39m
    at HTMLUnknownElement.callCallback [90m(C:\Users\husey\kiro2\frontend\[39mnode_modules\[4mreact-dom[24m\cjs\react-dom.development.js:4164:14[90m)[39m
    at HTMLUnknownElement.callTheUserObjectsOperation [90m(C:\Users\husey\kiro2\frontend\[39mnode_modules\[4mjsdom[24m\lib\jsdom\living\generated\EventListener.js:26:30[90m)[39m
    at innerInvokeEventListeners [90m(C:\Users\husey\kiro2\frontend\[39mnode_modules\[4mjsdom[24m\lib\jsdom\living\events\EventTarget-impl.js:350:25[90m)[39m
    at invokeEventListeners [90m(C:\Users\husey\kiro2\frontend\[39mnode_modules\[4mjsdom[24m\lib\jsdom\living\events\EventTarget-impl.js:286:3[90m)[39m
    at HTMLUnknownElementImpl._dispatch [90m(C:\Users\husey\kiro2\frontend\[39mnode_modules\[4mjsdom[24m\lib\jsdom\living\events\EventTarget-impl.js:233:9[90m)[39m
Error: Uncaught [ReferenceError: jest is not defined]
    at reportException (C:\Users\husey\kiro2\frontend\node_modules\jsdom\lib\jsdom\living\helpers\runtime-script-errors.js:66:24)
    at innerInvokeEventListeners (C:\Users\husey\kiro2\frontend\node_modules\jsdom\lib\jsdom\living\events\EventTarget-impl.js:353:9)
    at invokeEventListeners (C:\Users\husey\kiro2\frontend\node_modules\jsdom\lib\jsdom\living\events\EventTarget-impl.js:286:3)
    at HTMLUnknownElementImpl._dispatch (C:\Users\husey\kiro2\frontend\node_modules\jsdom\lib\jsdom\living\events\EventTarget-impl.js:233:9)
    at HTMLUnknownElementImpl.dispatchEvent (C:\Users\husey\kiro2\frontend\node_modules\jsdom\lib\jsdom\living\events\EventTarget-impl.js:104:17)
    at HTMLUnknownElement.dispatchEvent (C:\Users\husey\kiro2\frontend\node_modules\jsdom\lib\jsdom\living\generated\EventTarget.js:241:34)
    at Object.invokeGuardedCallbackDev (C:\Users\husey\kiro2\frontend\node_modules\react-dom\cjs\react-dom.development.js:4213:16)
    at invokeGuardedCallback (C:\Users\husey\kiro2\frontend\node_modules\react-dom\cjs\react-dom.development.js:4277:31)
    at beginWork$1 (C:\Users\husey\kiro2\frontend\node_modules\react-dom\cjs\react-dom.development.js:27490:7)
    at performUnitOfWork (C:\Users\husey\kiro2\frontend\node_modules\react-dom\cjs\react-dom.development.js:26599:12) ReferenceError: jest is not defined
    at useScreenReader [90m(C:\Users\husey\kiro2\frontend\[39msrc\test\accessibility.test.tsx:36:21[90m)[39m
    at AccessibleVideoPlayer [90m(C:\Users\husey\kiro2\frontend\[39msrc\components\Common\AccessibleVideoPlayer.tsx:97:24[90m)[39m
    at renderWithHooks [90m(C:\Users\husey\kiro2\frontend\[39mnode_modules\[4mreact-dom[24m\cjs\react-dom.development.js:15486:18[90m)[39m
    at mountIndeterminateComponent [90m(C:\Users\husey\kiro2\frontend\[39mnode_modules\[4mreact-dom[24m\cjs\react-dom.development.js:20103:13[90m)[39m
    at beginWork [90m(C:\Users\husey\kiro2\frontend\[39mnode_modules\[4mreact-dom[24m\cjs\react-dom.development.js:21626:16[90m)[39m
    at HTMLUnknownElement.callCallback [90m(C:\Users\husey\kiro2\frontend\[39mnode_modules\[4mreact-dom[24m\cjs\react-dom.development.js:4164:14[90m)[39m
    at HTMLUnknownElement.callTheUserObjectsOperation [90m(C:\Users\husey\kiro2\frontend\[39mnode_modules\[4mjsdom[24m\lib\jsdom\living\generated\EventListener.js:26:30[90m)[39m
    at innerInvokeEventListeners [90m(C:\Users\husey\kiro2\frontend\[39mnode_modules\[4mjsdom[24m\lib\jsdom\living\events\EventTarget-impl.js:350:25[90m)[39m
    at invokeEventListeners [90m(C:\Users\husey\kiro2\frontend\[39mnode_modules\[4mjsdom[24m\lib\jsdom\living\events\EventTarget-impl.js:286:3[90m)[39m
    at HTMLUnknownElementImpl._dispatch [90m(C:\Users\husey\kiro2\frontend\[39mnode_modules\[4mjsdom[24m\lib\jsdom\living\events\EventTarget-impl.js:233:9[90m)[39m

            </system-err>
            <failure message="jest is not defined" type="ReferenceError">
ReferenceError: jest is not defined
 ❯ useScreenReader src/test/accessibility.test.tsx:36:21
 ❯ AccessibleVideoPlayer src/components/Common/AccessibleVideoPlayer.tsx:97:24
 ❯ renderWithHooks node_modules/react-dom/cjs/react-dom.development.js:15486:18
 ❯ mountIndeterminateComponent node_modules/react-dom/cjs/react-dom.development.js:20103:13
 ❯ beginWork node_modules/react-dom/cjs/react-dom.development.js:21626:16
 ❯ beginWork$1 node_modules/react-dom/cjs/react-dom.development.js:27465:14
 ❯ performUnitOfWork node_modules/react-dom/cjs/react-dom.development.js:26599:12
 ❯ workLoopSync node_modules/react-dom/cjs/react-dom.development.js:26505:5
 ❯ renderRootSync node_modules/react-dom/cjs/react-dom.development.js:26473:7
 ❯ recoverFromConcurrentError node_modules/react-dom/cjs/react-dom.development.js:25889:20
            </failure>
        </testcase>
        <testcase classname="src/test/accessibility.test.tsx" name="WCAG 2.1 Level AA Uyumluluk Testleri &gt; AccessibleVideoPlayer Bileşeni &gt; altyazı kontrollerini sağlar" time="0.0127787">
            <system-err>
Error: Uncaught [ReferenceError: jest is not defined]
    at reportException (C:\Users\husey\kiro2\frontend\node_modules\jsdom\lib\jsdom\living\helpers\runtime-script-errors.js:66:24)
    at innerInvokeEventListeners (C:\Users\husey\kiro2\frontend\node_modules\jsdom\lib\jsdom\living\events\EventTarget-impl.js:353:9)
    at invokeEventListeners (C:\Users\husey\kiro2\frontend\node_modules\jsdom\lib\jsdom\living\events\EventTarget-impl.js:286:3)
    at HTMLUnknownElementImpl._dispatch (C:\Users\husey\kiro2\frontend\node_modules\jsdom\lib\jsdom\living\events\EventTarget-impl.js:233:9)
    at HTMLUnknownElementImpl.dispatchEvent (C:\Users\husey\kiro2\frontend\node_modules\jsdom\lib\jsdom\living\events\EventTarget-impl.js:104:17)
    at HTMLUnknownElement.dispatchEvent (C:\Users\husey\kiro2\frontend\node_modules\jsdom\lib\jsdom\living\generated\EventTarget.js:241:34)
    at Object.invokeGuardedCallbackDev (C:\Users\husey\kiro2\frontend\node_modules\react-dom\cjs\react-dom.development.js:4213:16)
    at invokeGuardedCallback (C:\Users\husey\kiro2\frontend\node_modules\react-dom\cjs\react-dom.development.js:4277:31)
    at beginWork$1 (C:\Users\husey\kiro2\frontend\node_modules\react-dom\cjs\react-dom.development.js:27490:7)
    at performUnitOfWork (C:\Users\husey\kiro2\frontend\node_modules\react-dom\cjs\react-dom.development.js:26599:12) ReferenceError: jest is not defined
    at useScreenReader [90m(C:\Users\husey\kiro2\frontend\[39msrc\test\accessibility.test.tsx:36:21[90m)[39m
    at AccessibleVideoPlayer [90m(C:\Users\husey\kiro2\frontend\[39msrc\components\Common\AccessibleVideoPlayer.tsx:97:24[90m)[39m
    at renderWithHooks [90m(C:\Users\husey\kiro2\frontend\[39mnode_modules\[4mreact-dom[24m\cjs\react-dom.development.js:15486:18[90m)[39m
    at mountIndeterminateComponent [90m(C:\Users\husey\kiro2\frontend\[39mnode_modules\[4mreact-dom[24m\cjs\react-dom.development.js:20103:13[90m)[39m
    at beginWork [90m(C:\Users\husey\kiro2\frontend\[39mnode_modules\[4mreact-dom[24m\cjs\react-dom.development.js:21626:16[90m)[39m
    at HTMLUnknownElement.callCallback [90m(C:\Users\husey\kiro2\frontend\[39mnode_modules\[4mreact-dom[24m\cjs\react-dom.development.js:4164:14[90m)[39m
    at HTMLUnknownElement.callTheUserObjectsOperation [90m(C:\Users\husey\kiro2\frontend\[39mnode_modules\[4mjsdom[24m\lib\jsdom\living\generated\EventListener.js:26:30[90m)[39m
    at innerInvokeEventListeners [90m(C:\Users\husey\kiro2\frontend\[39mnode_modules\[4mjsdom[24m\lib\jsdom\living\events\EventTarget-impl.js:350:25[90m)[39m
    at invokeEventListeners [90m(C:\Users\husey\kiro2\frontend\[39mnode_modules\[4mjsdom[24m\lib\jsdom\living\events\EventTarget-impl.js:286:3[90m)[39m
    at HTMLUnknownElementImpl._dispatch [90m(C:\Users\husey\kiro2\frontend\[39mnode_modules\[4mjsdom[24m\lib\jsdom\living\events\EventTarget-impl.js:233:9[90m)[39m
Error: Uncaught [ReferenceError: jest is not defined]
    at reportException (C:\Users\husey\kiro2\frontend\node_modules\jsdom\lib\jsdom\living\helpers\runtime-script-errors.js:66:24)
    at innerInvokeEventListeners (C:\Users\husey\kiro2\frontend\node_modules\jsdom\lib\jsdom\living\events\EventTarget-impl.js:353:9)
    at invokeEventListeners (C:\Users\husey\kiro2\frontend\node_modules\jsdom\lib\jsdom\living\events\EventTarget-impl.js:286:3)
    at HTMLUnknownElementImpl._dispatch (C:\Users\husey\kiro2\frontend\node_modules\jsdom\lib\jsdom\living\events\EventTarget-impl.js:233:9)
    at HTMLUnknownElementImpl.dispatchEvent (C:\Users\husey\kiro2\frontend\node_modules\jsdom\lib\jsdom\living\events\EventTarget-impl.js:104:17)
    at HTMLUnknownElement.dispatchEvent (C:\Users\husey\kiro2\frontend\node_modules\jsdom\lib\jsdom\living\generated\EventTarget.js:241:34)
    at Object.invokeGuardedCallbackDev (C:\Users\husey\kiro2\frontend\node_modules\react-dom\cjs\react-dom.development.js:4213:16)
    at invokeGuardedCallback (C:\Users\husey\kiro2\frontend\node_modules\react-dom\cjs\react-dom.development.js:4277:31)
    at beginWork$1 (C:\Users\husey\kiro2\frontend\node_modules\react-dom\cjs\react-dom.development.js:27490:7)
    at performUnitOfWork (C:\Users\husey\kiro2\frontend\node_modules\react-dom\cjs\react-dom.development.js:26599:12) ReferenceError: jest is not defined
    at useScreenReader [90m(C:\Users\husey\kiro2\frontend\[39msrc\test\accessibility.test.tsx:36:21[90m)[39m
    at AccessibleVideoPlayer [90m(C:\Users\husey\kiro2\frontend\[39msrc\components\Common\AccessibleVideoPlayer.tsx:97:24[90m)[39m
    at renderWithHooks [90m(C:\Users\husey\kiro2\frontend\[39mnode_modules\[4mreact-dom[24m\cjs\react-dom.development.js:15486:18[90m)[39m
    at mountIndeterminateComponent [90m(C:\Users\husey\kiro2\frontend\[39mnode_modules\[4mreact-dom[24m\cjs\react-dom.development.js:20103:13[90m)[39m
    at beginWork [90m(C:\Users\husey\kiro2\frontend\[39mnode_modules\[4mreact-dom[24m\cjs\react-dom.development.js:21626:16[90m)[39m
    at HTMLUnknownElement.callCallback [90m(C:\Users\husey\kiro2\frontend\[39mnode_modules\[4mreact-dom[24m\cjs\react-dom.development.js:4164:14[90m)[39m
    at HTMLUnknownElement.callTheUserObjectsOperation [90m(C:\Users\husey\kiro2\frontend\[39mnode_modules\[4mjsdom[24m\lib\jsdom\living\generated\EventListener.js:26:30[90m)[39m
    at innerInvokeEventListeners [90m(C:\Users\husey\kiro2\frontend\[39mnode_modules\[4mjsdom[24m\lib\jsdom\living\events\EventTarget-impl.js:350:25[90m)[39m
    at invokeEventListeners [90m(C:\Users\husey\kiro2\frontend\[39mnode_modules\[4mjsdom[24m\lib\jsdom\living\events\EventTarget-impl.js:286:3[90m)[39m
    at HTMLUnknownElementImpl._dispatch [90m(C:\Users\husey\kiro2\frontend\[39mnode_modules\[4mjsdom[24m\lib\jsdom\living\events\EventTarget-impl.js:233:9[90m)[39m

            </system-err>
            <failure message="jest is not defined" type="ReferenceError">
ReferenceError: jest is not defined
 ❯ useScreenReader src/test/accessibility.test.tsx:36:21
 ❯ AccessibleVideoPlayer src/components/Common/AccessibleVideoPlayer.tsx:97:24
 ❯ renderWithHooks node_modules/react-dom/cjs/react-dom.development.js:15486:18
 ❯ mountIndeterminateComponent node_modules/react-dom/cjs/react-dom.development.js:20103:13
 ❯ beginWork node_modules/react-dom/cjs/react-dom.development.js:21626:16
 ❯ beginWork$1 node_modules/react-dom/cjs/react-dom.development.js:27465:14
 ❯ performUnitOfWork node_modules/react-dom/cjs/react-dom.development.js:26599:12
 ❯ workLoopSync node_modules/react-dom/cjs/react-dom.development.js:26505:5
 ❯ renderRootSync node_modules/react-dom/cjs/react-dom.development.js:26473:7
 ❯ recoverFromConcurrentError node_modules/react-dom/cjs/react-dom.development.js:25889:20
            </failure>
        </testcase>
        <testcase classname="src/test/accessibility.test.tsx" name="WCAG 2.1 Level AA Uyumluluk Testleri &gt; AccessibleForm Bileşeni &gt; WCAG uyumlu form render eder" time="0.0182786">
            <system-err>
Error: Uncaught [ReferenceError: jest is not defined]
    at reportException (C:\Users\husey\kiro2\frontend\node_modules\jsdom\lib\jsdom\living\helpers\runtime-script-errors.js:66:24)
    at innerInvokeEventListeners (C:\Users\husey\kiro2\frontend\node_modules\jsdom\lib\jsdom\living\events\EventTarget-impl.js:353:9)
    at invokeEventListeners (C:\Users\husey\kiro2\frontend\node_modules\jsdom\lib\jsdom\living\events\EventTarget-impl.js:286:3)
    at HTMLUnknownElementImpl._dispatch (C:\Users\husey\kiro2\frontend\node_modules\jsdom\lib\jsdom\living\events\EventTarget-impl.js:233:9)
    at HTMLUnknownElementImpl.dispatchEvent (C:\Users\husey\kiro2\frontend\node_modules\jsdom\lib\jsdom\living\events\EventTarget-impl.js:104:17)
    at HTMLUnknownElement.dispatchEvent (C:\Users\husey\kiro2\frontend\node_modules\jsdom\lib\jsdom\living\generated\EventTarget.js:241:34)
    at Object.invokeGuardedCallbackDev (C:\Users\husey\kiro2\frontend\node_modules\react-dom\cjs\react-dom.development.js:4213:16)
    at invokeGuardedCallback (C:\Users\husey\kiro2\frontend\node_modules\react-dom\cjs\react-dom.development.js:4277:31)
    at beginWork$1 (C:\Users\husey\kiro2\frontend\node_modules\react-dom\cjs\react-dom.development.js:27490:7)
    at performUnitOfWork (C:\Users\husey\kiro2\frontend\node_modules\react-dom\cjs\react-dom.development.js:26599:12) ReferenceError: jest is not defined
    at useScreenReader [90m(C:\Users\husey\kiro2\frontend\[39msrc\test\accessibility.test.tsx:36:21[90m)[39m
    at AccessibleForm [90m(C:\Users\husey\kiro2\frontend\[39msrc\components\Common\AccessibleForm.tsx:88:60[90m)[39m
    at renderWithHooks [90m(C:\Users\husey\kiro2\frontend\[39mnode_modules\[4mreact-dom[24m\cjs\react-dom.development.js:15486:18[90m)[39m
    at mountIndeterminateComponent [90m(C:\Users\husey\kiro2\frontend\[39mnode_modules\[4mreact-dom[24m\cjs\react-dom.development.js:20103:13[90m)[39m
    at beginWork [90m(C:\Users\husey\kiro2\frontend\[39mnode_modules\[4mreact-dom[24m\cjs\react-dom.development.js:21626:16[90m)[39m
    at HTMLUnknownElement.callCallback [90m(C:\Users\husey\kiro2\frontend\[39mnode_modules\[4mreact-dom[24m\cjs\react-dom.development.js:4164:14[90m)[39m
    at HTMLUnknownElement.callTheUserObjectsOperation [90m(C:\Users\husey\kiro2\frontend\[39mnode_modules\[4mjsdom[24m\lib\jsdom\living\generated\EventListener.js:26:30[90m)[39m
    at innerInvokeEventListeners [90m(C:\Users\husey\kiro2\frontend\[39mnode_modules\[4mjsdom[24m\lib\jsdom\living\events\EventTarget-impl.js:350:25[90m)[39m
    at invokeEventListeners [90m(C:\Users\husey\kiro2\frontend\[39mnode_modules\[4mjsdom[24m\lib\jsdom\living\events\EventTarget-impl.js:286:3[90m)[39m
    at HTMLUnknownElementImpl._dispatch [90m(C:\Users\husey\kiro2\frontend\[39mnode_modules\[4mjsdom[24m\lib\jsdom\living\events\EventTarget-impl.js:233:9[90m)[39m
Error: Uncaught [ReferenceError: jest is not defined]
    at reportException (C:\Users\husey\kiro2\frontend\node_modules\jsdom\lib\jsdom\living\helpers\runtime-script-errors.js:66:24)
    at innerInvokeEventListeners (C:\Users\husey\kiro2\frontend\node_modules\jsdom\lib\jsdom\living\events\EventTarget-impl.js:353:9)
    at invokeEventListeners (C:\Users\husey\kiro2\frontend\node_modules\jsdom\lib\jsdom\living\events\EventTarget-impl.js:286:3)
    at HTMLUnknownElementImpl._dispatch (C:\Users\husey\kiro2\frontend\node_modules\jsdom\lib\jsdom\living\events\EventTarget-impl.js:233:9)
    at HTMLUnknownElementImpl.dispatchEvent (C:\Users\husey\kiro2\frontend\node_modules\jsdom\lib\jsdom\living\events\EventTarget-impl.js:104:17)
    at HTMLUnknownElement.dispatchEvent (C:\Users\husey\kiro2\frontend\node_modules\jsdom\lib\jsdom\living\generated\EventTarget.js:241:34)
    at Object.invokeGuardedCallbackDev (C:\Users\husey\kiro2\frontend\node_modules\react-dom\cjs\react-dom.development.js:4213:16)
    at invokeGuardedCallback (C:\Users\husey\kiro2\frontend\node_modules\react-dom\cjs\react-dom.development.js:4277:31)
    at beginWork$1 (C:\Users\husey\kiro2\frontend\node_modules\react-dom\cjs\react-dom.development.js:27490:7)
    at performUnitOfWork (C:\Users\husey\kiro2\frontend\node_modules\react-dom\cjs\react-dom.development.js:26599:12) ReferenceError: jest is not defined
    at useScreenReader [90m(C:\Users\husey\kiro2\frontend\[39msrc\test\accessibility.test.tsx:36:21[90m)[39m
    at AccessibleForm [90m(C:\Users\husey\kiro2\frontend\[39msrc\components\Common\AccessibleForm.tsx:88:60[90m)[39m
    at renderWithHooks [90m(C:\Users\husey\kiro2\frontend\[39mnode_modules\[4mreact-dom[24m\cjs\react-dom.development.js:15486:18[90m)[39m
    at mountIndeterminateComponent [90m(C:\Users\husey\kiro2\frontend\[39mnode_modules\[4mreact-dom[24m\cjs\react-dom.development.js:20103:13[90m)[39m
    at beginWork [90m(C:\Users\husey\kiro2\frontend\[39mnode_modules\[4mreact-dom[24m\cjs\react-dom.development.js:21626:16[90m)[39m
    at HTMLUnknownElement.callCallback [90m(C:\Users\husey\kiro2\frontend\[39mnode_modules\[4mreact-dom[24m\cjs\react-dom.development.js:4164:14[90m)[39m
    at HTMLUnknownElement.callTheUserObjectsOperation [90m(C:\Users\husey\kiro2\frontend\[39mnode_modules\[4mjsdom[24m\lib\jsdom\living\generated\EventListener.js:26:30[90m)[39m
    at innerInvokeEventListeners [90m(C:\Users\husey\kiro2\frontend\[39mnode_modules\[4mjsdom[24m\lib\jsdom\living\events\EventTarget-impl.js:350:25[90m)[39m
    at invokeEventListeners [90m(C:\Users\husey\kiro2\frontend\[39mnode_modules\[4mjsdom[24m\lib\jsdom\living\events\EventTarget-impl.js:286:3[90m)[39m
    at HTMLUnknownElementImpl._dispatch [90m(C:\Users\husey\kiro2\frontend\[39mnode_modules\[4mjsdom[24m\lib\jsdom\living\events\EventTarget-impl.js:233:9[90m)[39m

            </system-err>
            <failure message="jest is not defined" type="ReferenceError">
ReferenceError: jest is not defined
 ❯ useScreenReader src/test/accessibility.test.tsx:36:21
 ❯ AccessibleForm src/components/Common/AccessibleForm.tsx:88:60
 ❯ renderWithHooks node_modules/react-dom/cjs/react-dom.development.js:15486:18
 ❯ mountIndeterminateComponent node_modules/react-dom/cjs/react-dom.development.js:20103:13
 ❯ beginWork node_modules/react-dom/cjs/react-dom.development.js:21626:16
 ❯ beginWork$1 node_modules/react-dom/cjs/react-dom.development.js:27465:14
 ❯ performUnitOfWork node_modules/react-dom/cjs/react-dom.development.js:26599:12
 ❯ workLoopSync node_modules/react-dom/cjs/react-dom.development.js:26505:5
 ❯ renderRootSync node_modules/react-dom/cjs/react-dom.development.js:26473:7
 ❯ recoverFromConcurrentError node_modules/react-dom/cjs/react-dom.development.js:25889:20
            </failure>
        </testcase>
        <testcase classname="src/test/accessibility.test.tsx" name="WCAG 2.1 Level AA Uyumluluk Testleri &gt; AccessibleForm Bileşeni &gt; form doğrulamasını gerçekleştirir" time="0.0121393">
            <system-err>
Error: Uncaught [ReferenceError: jest is not defined]
    at reportException (C:\Users\husey\kiro2\frontend\node_modules\jsdom\lib\jsdom\living\helpers\runtime-script-errors.js:66:24)
    at innerInvokeEventListeners (C:\Users\husey\kiro2\frontend\node_modules\jsdom\lib\jsdom\living\events\EventTarget-impl.js:353:9)
    at invokeEventListeners (C:\Users\husey\kiro2\frontend\node_modules\jsdom\lib\jsdom\living\events\EventTarget-impl.js:286:3)
    at HTMLUnknownElementImpl._dispatch (C:\Users\husey\kiro2\frontend\node_modules\jsdom\lib\jsdom\living\events\EventTarget-impl.js:233:9)
    at HTMLUnknownElementImpl.dispatchEvent (C:\Users\husey\kiro2\frontend\node_modules\jsdom\lib\jsdom\living\events\EventTarget-impl.js:104:17)
    at HTMLUnknownElement.dispatchEvent (C:\Users\husey\kiro2\frontend\node_modules\jsdom\lib\jsdom\living\generated\EventTarget.js:241:34)
    at Object.invokeGuardedCallbackDev (C:\Users\husey\kiro2\frontend\node_modules\react-dom\cjs\react-dom.development.js:4213:16)
    at invokeGuardedCallback (C:\Users\husey\kiro2\frontend\node_modules\react-dom\cjs\react-dom.development.js:4277:31)
    at beginWork$1 (C:\Users\husey\kiro2\frontend\node_modules\react-dom\cjs\react-dom.development.js:27490:7)
    at performUnitOfWork (C:\Users\husey\kiro2\frontend\node_modules\react-dom\cjs\react-dom.development.js:26599:12) ReferenceError: jest is not defined
    at useScreenReader [90m(C:\Users\husey\kiro2\frontend\[39msrc\test\accessibility.test.tsx:36:21[90m)[39m
    at AccessibleForm [90m(C:\Users\husey\kiro2\frontend\[39msrc\components\Common\AccessibleForm.tsx:88:60[90m)[39m
    at renderWithHooks [90m(C:\Users\husey\kiro2\frontend\[39mnode_modules\[4mreact-dom[24m\cjs\react-dom.development.js:15486:18[90m)[39m
    at mountIndeterminateComponent [90m(C:\Users\husey\kiro2\frontend\[39mnode_modules\[4mreact-dom[24m\cjs\react-dom.development.js:20103:13[90m)[39m
    at beginWork [90m(C:\Users\husey\kiro2\frontend\[39mnode_modules\[4mreact-dom[24m\cjs\react-dom.development.js:21626:16[90m)[39m
    at HTMLUnknownElement.callCallback [90m(C:\Users\husey\kiro2\frontend\[39mnode_modules\[4mreact-dom[24m\cjs\react-dom.development.js:4164:14[90m)[39m
    at HTMLUnknownElement.callTheUserObjectsOperation [90m(C:\Users\husey\kiro2\frontend\[39mnode_modules\[4mjsdom[24m\lib\jsdom\living\generated\EventListener.js:26:30[90m)[39m
    at innerInvokeEventListeners [90m(C:\Users\husey\kiro2\frontend\[39mnode_modules\[4mjsdom[24m\lib\jsdom\living\events\EventTarget-impl.js:350:25[90m)[39m
    at invokeEventListeners [90m(C:\Users\husey\kiro2\frontend\[39mnode_modules\[4mjsdom[24m\lib\jsdom\living\events\EventTarget-impl.js:286:3[90m)[39m
    at HTMLUnknownElementImpl._dispatch [90m(C:\Users\husey\kiro2\frontend\[39mnode_modules\[4mjsdom[24m\lib\jsdom\living\events\EventTarget-impl.js:233:9[90m)[39m
Error: Uncaught [ReferenceError: jest is not defined]
    at reportException (C:\Users\husey\kiro2\frontend\node_modules\jsdom\lib\jsdom\living\helpers\runtime-script-errors.js:66:24)
    at innerInvokeEventListeners (C:\Users\husey\kiro2\frontend\node_modules\jsdom\lib\jsdom\living\events\EventTarget-impl.js:353:9)
    at invokeEventListeners (C:\Users\husey\kiro2\frontend\node_modules\jsdom\lib\jsdom\living\events\EventTarget-impl.js:286:3)
    at HTMLUnknownElementImpl._dispatch (C:\Users\husey\kiro2\frontend\node_modules\jsdom\lib\jsdom\living\events\EventTarget-impl.js:233:9)
    at HTMLUnknownElementImpl.dispatchEvent (C:\Users\husey\kiro2\frontend\node_modules\jsdom\lib\jsdom\living\events\EventTarget-impl.js:104:17)
    at HTMLUnknownElement.dispatchEvent (C:\Users\husey\kiro2\frontend\node_modules\jsdom\lib\jsdom\living\generated\EventTarget.js:241:34)
    at Object.invokeGuardedCallbackDev (C:\Users\husey\kiro2\frontend\node_modules\react-dom\cjs\react-dom.development.js:4213:16)
    at invokeGuardedCallback (C:\Users\husey\kiro2\frontend\node_modules\react-dom\cjs\react-dom.development.js:4277:31)
    at beginWork$1 (C:\Users\husey\kiro2\frontend\node_modules\react-dom\cjs\react-dom.development.js:27490:7)
    at performUnitOfWork (C:\Users\husey\kiro2\frontend\node_modules\react-dom\cjs\react-dom.development.js:26599:12) ReferenceError: jest is not defined
    at useScreenReader [90m(C:\Users\husey\kiro2\frontend\[39msrc\test\accessibility.test.tsx:36:21[90m)[39m
    at AccessibleForm [90m(C:\Users\husey\kiro2\frontend\[39msrc\components\Common\AccessibleForm.tsx:88:60[90m)[39m
    at renderWithHooks [90m(C:\Users\husey\kiro2\frontend\[39mnode_modules\[4mreact-dom[24m\cjs\react-dom.development.js:15486:18[90m)[39m
    at mountIndeterminateComponent [90m(C:\Users\husey\kiro2\frontend\[39mnode_modules\[4mreact-dom[24m\cjs\react-dom.development.js:20103:13[90m)[39m
    at beginWork [90m(C:\Users\husey\kiro2\frontend\[39mnode_modules\[4mreact-dom[24m\cjs\react-dom.development.js:21626:16[90m)[39m
    at HTMLUnknownElement.callCallback [90m(C:\Users\husey\kiro2\frontend\[39mnode_modules\[4mreact-dom[24m\cjs\react-dom.development.js:4164:14[90m)[39m
    at HTMLUnknownElement.callTheUserObjectsOperation [90m(C:\Users\husey\kiro2\frontend\[39mnode_modules\[4mjsdom[24m\lib\jsdom\living\generated\EventListener.js:26:30[90m)[39m
    at innerInvokeEventListeners [90m(C:\Users\husey\kiro2\frontend\[39mnode_modules\[4mjsdom[24m\lib\jsdom\living\events\EventTarget-impl.js:350:25[90m)[39m
    at invokeEventListeners [90m(C:\Users\husey\kiro2\frontend\[39mnode_modules\[4mjsdom[24m\lib\jsdom\living\events\EventTarget-impl.js:286:3[90m)[39m
    at HTMLUnknownElementImpl._dispatch [90m(C:\Users\husey\kiro2\frontend\[39mnode_modules\[4mjsdom[24m\lib\jsdom\living\events\EventTarget-impl.js:233:9[90m)[39m

            </system-err>
            <failure message="jest is not defined" type="ReferenceError">
ReferenceError: jest is not defined
 ❯ useScreenReader src/test/accessibility.test.tsx:36:21
 ❯ AccessibleForm src/components/Common/AccessibleForm.tsx:88:60
 ❯ renderWithHooks node_modules/react-dom/cjs/react-dom.development.js:15486:18
 ❯ mountIndeterminateComponent node_modules/react-dom/cjs/react-dom.development.js:20103:13
 ❯ beginWork node_modules/react-dom/cjs/react-dom.development.js:21626:16
 ❯ beginWork$1 node_modules/react-dom/cjs/react-dom.development.js:27465:14
 ❯ performUnitOfWork node_modules/react-dom/cjs/react-dom.development.js:26599:12
 ❯ workLoopSync node_modules/react-dom/cjs/react-dom.development.js:26505:5
 ❯ renderRootSync node_modules/react-dom/cjs/react-dom.development.js:26473:7
 ❯ recoverFromConcurrentError node_modules/react-dom/cjs/react-dom.development.js:25889:20
            </failure>
        </testcase>
        <testcase classname="src/test/accessibility.test.tsx" name="WCAG 2.1 Level AA Uyumluluk Testleri &gt; AccessibleForm Bileşeni &gt; şifre görünürlük toggle çalışır" time="0.0145711">
            <system-err>
Error: Uncaught [ReferenceError: jest is not defined]
    at reportException (C:\Users\husey\kiro2\frontend\node_modules\jsdom\lib\jsdom\living\helpers\runtime-script-errors.js:66:24)
    at innerInvokeEventListeners (C:\Users\husey\kiro2\frontend\node_modules\jsdom\lib\jsdom\living\events\EventTarget-impl.js:353:9)
    at invokeEventListeners (C:\Users\husey\kiro2\frontend\node_modules\jsdom\lib\jsdom\living\events\EventTarget-impl.js:286:3)
    at HTMLUnknownElementImpl._dispatch (C:\Users\husey\kiro2\frontend\node_modules\jsdom\lib\jsdom\living\events\EventTarget-impl.js:233:9)
    at HTMLUnknownElementImpl.dispatchEvent (C:\Users\husey\kiro2\frontend\node_modules\jsdom\lib\jsdom\living\events\EventTarget-impl.js:104:17)
    at HTMLUnknownElement.dispatchEvent (C:\Users\husey\kiro2\frontend\node_modules\jsdom\lib\jsdom\living\generated\EventTarget.js:241:34)
    at Object.invokeGuardedCallbackDev (C:\Users\husey\kiro2\frontend\node_modules\react-dom\cjs\react-dom.development.js:4213:16)
    at invokeGuardedCallback (C:\Users\husey\kiro2\frontend\node_modules\react-dom\cjs\react-dom.development.js:4277:31)
    at beginWork$1 (C:\Users\husey\kiro2\frontend\node_modules\react-dom\cjs\react-dom.development.js:27490:7)
    at performUnitOfWork (C:\Users\husey\kiro2\frontend\node_modules\react-dom\cjs\react-dom.development.js:26599:12) ReferenceError: jest is not defined
    at useScreenReader [90m(C:\Users\husey\kiro2\frontend\[39msrc\test\accessibility.test.tsx:36:21[90m)[39m
    at AccessibleForm [90m(C:\Users\husey\kiro2\frontend\[39msrc\components\Common\AccessibleForm.tsx:88:60[90m)[39m
    at renderWithHooks [90m(C:\Users\husey\kiro2\frontend\[39mnode_modules\[4mreact-dom[24m\cjs\react-dom.development.js:15486:18[90m)[39m
    at mountIndeterminateComponent [90m(C:\Users\husey\kiro2\frontend\[39mnode_modules\[4mreact-dom[24m\cjs\react-dom.development.js:20103:13[90m)[39m
    at beginWork [90m(C:\Users\husey\kiro2\frontend\[39mnode_modules\[4mreact-dom[24m\cjs\react-dom.development.js:21626:16[90m)[39m
    at HTMLUnknownElement.callCallback [90m(C:\Users\husey\kiro2\frontend\[39mnode_modules\[4mreact-dom[24m\cjs\react-dom.development.js:4164:14[90m)[39m
    at HTMLUnknownElement.callTheUserObjectsOperation [90m(C:\Users\husey\kiro2\frontend\[39mnode_modules\[4mjsdom[24m\lib\jsdom\living\generated\EventListener.js:26:30[90m)[39m
    at innerInvokeEventListeners [90m(C:\Users\husey\kiro2\frontend\[39mnode_modules\[4mjsdom[24m\lib\jsdom\living\events\EventTarget-impl.js:350:25[90m)[39m
    at invokeEventListeners [90m(C:\Users\husey\kiro2\frontend\[39mnode_modules\[4mjsdom[24m\lib\jsdom\living\events\EventTarget-impl.js:286:3[90m)[39m
    at HTMLUnknownElementImpl._dispatch [90m(C:\Users\husey\kiro2\frontend\[39mnode_modules\[4mjsdom[24m\lib\jsdom\living\events\EventTarget-impl.js:233:9[90m)[39m
Error: Uncaught [ReferenceError: jest is not defined]
    at reportException (C:\Users\husey\kiro2\frontend\node_modules\jsdom\lib\jsdom\living\helpers\runtime-script-errors.js:66:24)
    at innerInvokeEventListeners (C:\Users\husey\kiro2\frontend\node_modules\jsdom\lib\jsdom\living\events\EventTarget-impl.js:353:9)
    at invokeEventListeners (C:\Users\husey\kiro2\frontend\node_modules\jsdom\lib\jsdom\living\events\EventTarget-impl.js:286:3)
    at HTMLUnknownElementImpl._dispatch (C:\Users\husey\kiro2\frontend\node_modules\jsdom\lib\jsdom\living\events\EventTarget-impl.js:233:9)
    at HTMLUnknownElementImpl.dispatchEvent (C:\Users\husey\kiro2\frontend\node_modules\jsdom\lib\jsdom\living\events\EventTarget-impl.js:104:17)
    at HTMLUnknownElement.dispatchEvent (C:\Users\husey\kiro2\frontend\node_modules\jsdom\lib\jsdom\living\generated\EventTarget.js:241:34)
    at Object.invokeGuardedCallbackDev (C:\Users\husey\kiro2\frontend\node_modules\react-dom\cjs\react-dom.development.js:4213:16)
    at invokeGuardedCallback (C:\Users\husey\kiro2\frontend\node_modules\react-dom\cjs\react-dom.development.js:4277:31)
    at beginWork$1 (C:\Users\husey\kiro2\frontend\node_modules\react-dom\cjs\react-dom.development.js:27490:7)
    at performUnitOfWork (C:\Users\husey\kiro2\frontend\node_modules\react-dom\cjs\react-dom.development.js:26599:12) ReferenceError: jest is not defined
    at useScreenReader [90m(C:\Users\husey\kiro2\frontend\[39msrc\test\accessibility.test.tsx:36:21[90m)[39m
    at AccessibleForm [90m(C:\Users\husey\kiro2\frontend\[39msrc\components\Common\AccessibleForm.tsx:88:60[90m)[39m
    at renderWithHooks [90m(C:\Users\husey\kiro2\frontend\[39mnode_modules\[4mreact-dom[24m\cjs\react-dom.development.js:15486:18[90m)[39m
    at mountIndeterminateComponent [90m(C:\Users\husey\kiro2\frontend\[39mnode_modules\[4mreact-dom[24m\cjs\react-dom.development.js:20103:13[90m)[39m
    at beginWork [90m(C:\Users\husey\kiro2\frontend\[39mnode_modules\[4mreact-dom[24m\cjs\react-dom.development.js:21626:16[90m)[39m
    at HTMLUnknownElement.callCallback [90m(C:\Users\husey\kiro2\frontend\[39mnode_modules\[4mreact-dom[24m\cjs\react-dom.development.js:4164:14[90m)[39m
    at HTMLUnknownElement.callTheUserObjectsOperation [90m(C:\Users\husey\kiro2\frontend\[39mnode_modules\[4mjsdom[24m\lib\jsdom\living\generated\EventListener.js:26:30[90m)[39m
    at innerInvokeEventListeners [90m(C:\Users\husey\kiro2\frontend\[39mnode_modules\[4mjsdom[24m\lib\jsdom\living\events\EventTarget-impl.js:350:25[90m)[39m
    at invokeEventListeners [90m(C:\Users\husey\kiro2\frontend\[39mnode_modules\[4mjsdom[24m\lib\jsdom\living\events\EventTarget-impl.js:286:3[90m)[39m
    at HTMLUnknownElementImpl._dispatch [90m(C:\Users\husey\kiro2\frontend\[39mnode_modules\[4mjsdom[24m\lib\jsdom\living\events\EventTarget-impl.js:233:9[90m)[39m

            </system-err>
            <failure message="jest is not defined" type="ReferenceError">
ReferenceError: jest is not defined
 ❯ useScreenReader src/test/accessibility.test.tsx:36:21
 ❯ AccessibleForm src/components/Common/AccessibleForm.tsx:88:60
 ❯ renderWithHooks node_modules/react-dom/cjs/react-dom.development.js:15486:18
 ❯ mountIndeterminateComponent node_modules/react-dom/cjs/react-dom.development.js:20103:13
 ❯ beginWork node_modules/react-dom/cjs/react-dom.development.js:21626:16
 ❯ beginWork$1 node_modules/react-dom/cjs/react-dom.development.js:27465:14
 ❯ performUnitOfWork node_modules/react-dom/cjs/react-dom.development.js:26599:12
 ❯ workLoopSync node_modules/react-dom/cjs/react-dom.development.js:26505:5
 ❯ renderRootSync node_modules/react-dom/cjs/react-dom.development.js:26473:7
 ❯ recoverFromConcurrentError node_modules/react-dom/cjs/react-dom.development.js:25889:20
            </failure>
        </testcase>
        <testcase classname="src/test/accessibility.test.tsx" name="WCAG 2.1 Level AA Uyumluluk Testleri &gt; AccessibleNavigation Bileşeni &gt; WCAG uyumlu navigasyon render eder" time="0.0510212">
            <system-err>
Error: Uncaught [Error: useNavigate() may be used only in the context of a &lt;Router&gt; component.]
    at reportException (C:\Users\husey\kiro2\frontend\node_modules\jsdom\lib\jsdom\living\helpers\runtime-script-errors.js:66:24)
    at innerInvokeEventListeners (C:\Users\husey\kiro2\frontend\node_modules\jsdom\lib\jsdom\living\events\EventTarget-impl.js:353:9)
    at invokeEventListeners (C:\Users\husey\kiro2\frontend\node_modules\jsdom\lib\jsdom\living\events\EventTarget-impl.js:286:3)
    at HTMLUnknownElementImpl._dispatch (C:\Users\husey\kiro2\frontend\node_modules\jsdom\lib\jsdom\living\events\EventTarget-impl.js:233:9)
    at HTMLUnknownElementImpl.dispatchEvent (C:\Users\husey\kiro2\frontend\node_modules\jsdom\lib\jsdom\living\events\EventTarget-impl.js:104:17)
    at HTMLUnknownElement.dispatchEvent (C:\Users\husey\kiro2\frontend\node_modules\jsdom\lib\jsdom\living\generated\EventTarget.js:241:34)
    at Object.invokeGuardedCallbackDev (C:\Users\husey\kiro2\frontend\node_modules\react-dom\cjs\react-dom.development.js:4213:16)
    at invokeGuardedCallback (C:\Users\husey\kiro2\frontend\node_modules\react-dom\cjs\react-dom.development.js:4277:31)
    at beginWork$1 (C:\Users\husey\kiro2\frontend\node_modules\react-dom\cjs\react-dom.development.js:27490:7)
    at performUnitOfWork (C:\Users\husey\kiro2\frontend\node_modules\react-dom\cjs\react-dom.development.js:26599:12) Error: useNavigate() may be used only in the context of a &lt;Router&gt; component.
    at Object.invariant [as UNSAFE_invariant] [90m(C:\Users\husey\kiro2\frontend\[39mnode_modules\[4m@remix-run[24m\router\history.ts:494:11[90m)[39m
    at useNavigateUnstable [90m(C:\Users\husey\kiro2\frontend\[39mnode_modules\[4mreact-router[24m\lib\hooks.tsx:189:3[90m)[39m
    at useNavigate [90m(C:\Users\husey\kiro2\frontend\[39mnode_modules\[4mreact-router[24m\lib\hooks.tsx:185:46[90m)[39m
    at AccessibleNavigation [90m(C:\Users\husey\kiro2\frontend\[39msrc\components\Navigation\AccessibleNavigation.tsx:82:20[90m)[39m
    at renderWithHooks [90m(C:\Users\husey\kiro2\frontend\[39mnode_modules\[4mreact-dom[24m\cjs\react-dom.development.js:15486:18[90m)[39m
    at mountIndeterminateComponent [90m(C:\Users\husey\kiro2\frontend\[39mnode_modules\[4mreact-dom[24m\cjs\react-dom.development.js:20103:13[90m)[39m
    at beginWork [90m(C:\Users\husey\kiro2\frontend\[39mnode_modules\[4mreact-dom[24m\cjs\react-dom.development.js:21626:16[90m)[39m
    at HTMLUnknownElement.callCallback [90m(C:\Users\husey\kiro2\frontend\[39mnode_modules\[4mreact-dom[24m\cjs\react-dom.development.js:4164:14[90m)[39m
    at HTMLUnknownElement.callTheUserObjectsOperation [90m(C:\Users\husey\kiro2\frontend\[39mnode_modules\[4mjsdom[24m\lib\jsdom\living\generated\EventListener.js:26:30[90m)[39m
    at innerInvokeEventListeners [90m(C:\Users\husey\kiro2\frontend\[39mnode_modules\[4mjsdom[24m\lib\jsdom\living\events\EventTarget-impl.js:350:25[90m)[39m
Error: Uncaught [Error: useNavigate() may be used only in the context of a &lt;Router&gt; component.]
    at reportException (C:\Users\husey\kiro2\frontend\node_modules\jsdom\lib\jsdom\living\helpers\runtime-script-errors.js:66:24)
    at innerInvokeEventListeners (C:\Users\husey\kiro2\frontend\node_modules\jsdom\lib\jsdom\living\events\EventTarget-impl.js:353:9)
    at invokeEventListeners (C:\Users\husey\kiro2\frontend\node_modules\jsdom\lib\jsdom\living\events\EventTarget-impl.js:286:3)
    at HTMLUnknownElementImpl._dispatch (C:\Users\husey\kiro2\frontend\node_modules\jsdom\lib\jsdom\living\events\EventTarget-impl.js:233:9)
    at HTMLUnknownElementImpl.dispatchEvent (C:\Users\husey\kiro2\frontend\node_modules\jsdom\lib\jsdom\living\events\EventTarget-impl.js:104:17)
    at HTMLUnknownElement.dispatchEvent (C:\Users\husey\kiro2\frontend\node_modules\jsdom\lib\jsdom\living\generated\EventTarget.js:241:34)
    at Object.invokeGuardedCallbackDev (C:\Users\husey\kiro2\frontend\node_modules\react-dom\cjs\react-dom.development.js:4213:16)
    at invokeGuardedCallback (C:\Users\husey\kiro2\frontend\node_modules\react-dom\cjs\react-dom.development.js:4277:31)
    at beginWork$1 (C:\Users\husey\kiro2\frontend\node_modules\react-dom\cjs\react-dom.development.js:27490:7)
    at performUnitOfWork (C:\Users\husey\kiro2\frontend\node_modules\react-dom\cjs\react-dom.development.js:26599:12) Error: useNavigate() may be used only in the context of a &lt;Router&gt; component.
    at Object.invariant [as UNSAFE_invariant] [90m(C:\Users\husey\kiro2\frontend\[39mnode_modules\[4m@remix-run[24m\router\history.ts:494:11[90m)[39m
    at useNavigateUnstable [90m(C:\Users\husey\kiro2\frontend\[39mnode_modules\[4mreact-router[24m\lib\hooks.tsx:189:3[90m)[39m
    at useNavigate [90m(C:\Users\husey\kiro2\frontend\[39mnode_modules\[4mreact-router[24m\lib\hooks.tsx:185:46[90m)[39m
    at AccessibleNavigation [90m(C:\Users\husey\kiro2\frontend\[39msrc\components\Navigation\AccessibleNavigation.tsx:82:20[90m)[39m
    at renderWithHooks [90m(C:\Users\husey\kiro2\frontend\[39mnode_modules\[4mreact-dom[24m\cjs\react-dom.development.js:15486:18[90m)[39m
    at mountIndeterminateComponent [90m(C:\Users\husey\kiro2\frontend\[39mnode_modules\[4mreact-dom[24m\cjs\react-dom.development.js:20103:13[90m)[39m
    at beginWork [90m(C:\Users\husey\kiro2\frontend\[39mnode_modules\[4mreact-dom[24m\cjs\react-dom.development.js:21626:16[90m)[39m
    at HTMLUnknownElement.callCallback [90m(C:\Users\husey\kiro2\frontend\[39mnode_modules\[4mreact-dom[24m\cjs\react-dom.development.js:4164:14[90m)[39m
    at HTMLUnknownElement.callTheUserObjectsOperation [90m(C:\Users\husey\kiro2\frontend\[39mnode_modules\[4mjsdom[24m\lib\jsdom\living\generated\EventListener.js:26:30[90m)[39m
    at innerInvokeEventListeners [90m(C:\Users\husey\kiro2\frontend\[39mnode_modules\[4mjsdom[24m\lib\jsdom\living\events\EventTarget-impl.js:350:25[90m)[39m

            </system-err>
            <failure message="useNavigate() may be used only in the context of a &lt;Router&gt; component." type="Error">
Error: useNavigate() may be used only in the context of a &lt;Router&gt; component.
 ❯ Object.invariant [as UNSAFE_invariant] node_modules/@remix-run/router/history.ts:494:11
 ❯ useNavigateUnstable node_modules/react-router/lib/hooks.tsx:189:3
 ❯ useNavigate node_modules/react-router/lib/hooks.tsx:185:46
 ❯ AccessibleNavigation src/components/Navigation/AccessibleNavigation.tsx:82:20
 ❯ renderWithHooks node_modules/react-dom/cjs/react-dom.development.js:15486:18
 ❯ mountIndeterminateComponent node_modules/react-dom/cjs/react-dom.development.js:20103:13
 ❯ beginWork node_modules/react-dom/cjs/react-dom.development.js:21626:16
 ❯ beginWork$1 node_modules/react-dom/cjs/react-dom.development.js:27465:14
 ❯ performUnitOfWork node_modules/react-dom/cjs/react-dom.development.js:26599:12
 ❯ workLoopSync node_modules/react-dom/cjs/react-dom.development.js:26505:5
            </failure>
        </testcase>
        <testcase classname="src/test/accessibility.test.tsx" name="WCAG 2.1 Level AA Uyumluluk Testleri &gt; AccessibleNavigation Bileşeni &gt; alt menü açma/kapama çalışır" time="0.0105927">
            <system-err>
Error: Uncaught [Error: useNavigate() may be used only in the context of a &lt;Router&gt; component.]
    at reportException (C:\Users\husey\kiro2\frontend\node_modules\jsdom\lib\jsdom\living\helpers\runtime-script-errors.js:66:24)
    at innerInvokeEventListeners (C:\Users\husey\kiro2\frontend\node_modules\jsdom\lib\jsdom\living\events\EventTarget-impl.js:353:9)
    at invokeEventListeners (C:\Users\husey\kiro2\frontend\node_modules\jsdom\lib\jsdom\living\events\EventTarget-impl.js:286:3)
    at HTMLUnknownElementImpl._dispatch (C:\Users\husey\kiro2\frontend\node_modules\jsdom\lib\jsdom\living\events\EventTarget-impl.js:233:9)
    at HTMLUnknownElementImpl.dispatchEvent (C:\Users\husey\kiro2\frontend\node_modules\jsdom\lib\jsdom\living\events\EventTarget-impl.js:104:17)
    at HTMLUnknownElement.dispatchEvent (C:\Users\husey\kiro2\frontend\node_modules\jsdom\lib\jsdom\living\generated\EventTarget.js:241:34)
    at Object.invokeGuardedCallbackDev (C:\Users\husey\kiro2\frontend\node_modules\react-dom\cjs\react-dom.development.js:4213:16)
    at invokeGuardedCallback (C:\Users\husey\kiro2\frontend\node_modules\react-dom\cjs\react-dom.development.js:4277:31)
    at beginWork$1 (C:\Users\husey\kiro2\frontend\node_modules\react-dom\cjs\react-dom.development.js:27490:7)
    at performUnitOfWork (C:\Users\husey\kiro2\frontend\node_modules\react-dom\cjs\react-dom.development.js:26599:12) Error: useNavigate() may be used only in the context of a &lt;Router&gt; component.
    at Object.invariant [as UNSAFE_invariant] [90m(C:\Users\husey\kiro2\frontend\[39mnode_modules\[4m@remix-run[24m\router\history.ts:494:11[90m)[39m
    at useNavigateUnstable [90m(C:\Users\husey\kiro2\frontend\[39mnode_modules\[4mreact-router[24m\lib\hooks.tsx:189:3[90m)[39m
    at useNavigate [90m(C:\Users\husey\kiro2\frontend\[39mnode_modules\[4mreact-router[24m\lib\hooks.tsx:185:46[90m)[39m
    at AccessibleNavigation [90m(C:\Users\husey\kiro2\frontend\[39msrc\components\Navigation\AccessibleNavigation.tsx:82:20[90m)[39m
    at renderWithHooks [90m(C:\Users\husey\kiro2\frontend\[39mnode_modules\[4mreact-dom[24m\cjs\react-dom.development.js:15486:18[90m)[39m
    at mountIndeterminateComponent [90m(C:\Users\husey\kiro2\frontend\[39mnode_modules\[4mreact-dom[24m\cjs\react-dom.development.js:20103:13[90m)[39m
    at beginWork [90m(C:\Users\husey\kiro2\frontend\[39mnode_modules\[4mreact-dom[24m\cjs\react-dom.development.js:21626:16[90m)[39m
    at HTMLUnknownElement.callCallback [90m(C:\Users\husey\kiro2\frontend\[39mnode_modules\[4mreact-dom[24m\cjs\react-dom.development.js:4164:14[90m)[39m
    at HTMLUnknownElement.callTheUserObjectsOperation [90m(C:\Users\husey\kiro2\frontend\[39mnode_modules\[4mjsdom[24m\lib\jsdom\living\generated\EventListener.js:26:30[90m)[39m
    at innerInvokeEventListeners [90m(C:\Users\husey\kiro2\frontend\[39mnode_modules\[4mjsdom[24m\lib\jsdom\living\events\EventTarget-impl.js:350:25[90m)[39m
Error: Uncaught [Error: useNavigate() may be used only in the context of a &lt;Router&gt; component.]
    at reportException (C:\Users\husey\kiro2\frontend\node_modules\jsdom\lib\jsdom\living\helpers\runtime-script-errors.js:66:24)
    at innerInvokeEventListeners (C:\Users\husey\kiro2\frontend\node_modules\jsdom\lib\jsdom\living\events\EventTarget-impl.js:353:9)
    at invokeEventListeners (C:\Users\husey\kiro2\frontend\node_modules\jsdom\lib\jsdom\living\events\EventTarget-impl.js:286:3)
    at HTMLUnknownElementImpl._dispatch (C:\Users\husey\kiro2\frontend\node_modules\jsdom\lib\jsdom\living\events\EventTarget-impl.js:233:9)
    at HTMLUnknownElementImpl.dispatchEvent (C:\Users\husey\kiro2\frontend\node_modules\jsdom\lib\jsdom\living\events\EventTarget-impl.js:104:17)
    at HTMLUnknownElement.dispatchEvent (C:\Users\husey\kiro2\frontend\node_modules\jsdom\lib\jsdom\living\generated\EventTarget.js:241:34)
    at Object.invokeGuardedCallbackDev (C:\Users\husey\kiro2\frontend\node_modules\react-dom\cjs\react-dom.development.js:4213:16)
    at invokeGuardedCallback (C:\Users\husey\kiro2\frontend\node_modules\react-dom\cjs\react-dom.development.js:4277:31)
    at beginWork$1 (C:\Users\husey\kiro2\frontend\node_modules\react-dom\cjs\react-dom.development.js:27490:7)
    at performUnitOfWork (C:\Users\husey\kiro2\frontend\node_modules\react-dom\cjs\react-dom.development.js:26599:12) Error: useNavigate() may be used only in the context of a &lt;Router&gt; component.
    at Object.invariant [as UNSAFE_invariant] [90m(C:\Users\husey\kiro2\frontend\[39mnode_modules\[4m@remix-run[24m\router\history.ts:494:11[90m)[39m
    at useNavigateUnstable [90m(C:\Users\husey\kiro2\frontend\[39mnode_modules\[4mreact-router[24m\lib\hooks.tsx:189:3[90m)[39m
    at useNavigate [90m(C:\Users\husey\kiro2\frontend\[39mnode_modules\[4mreact-router[24m\lib\hooks.tsx:185:46[90m)[39m
    at AccessibleNavigation [90m(C:\Users\husey\kiro2\frontend\[39msrc\components\Navigation\AccessibleNavigation.tsx:82:20[90m)[39m
    at renderWithHooks [90m(C:\Users\husey\kiro2\frontend\[39mnode_modules\[4mreact-dom[24m\cjs\react-dom.development.js:15486:18[90m)[39m
    at mountIndeterminateComponent [90m(C:\Users\husey\kiro2\frontend\[39mnode_modules\[4mreact-dom[24m\cjs\react-dom.development.js:20103:13[90m)[39m
    at beginWork [90m(C:\Users\husey\kiro2\frontend\[39mnode_modules\[4mreact-dom[24m\cjs\react-dom.development.js:21626:16[90m)[39m
    at HTMLUnknownElement.callCallback [90m(C:\Users\husey\kiro2\frontend\[39mnode_modules\[4mreact-dom[24m\cjs\react-dom.development.js:4164:14[90m)[39m
    at HTMLUnknownElement.callTheUserObjectsOperation [90m(C:\Users\husey\kiro2\frontend\[39mnode_modules\[4mjsdom[24m\lib\jsdom\living\generated\EventListener.js:26:30[90m)[39m
    at innerInvokeEventListeners [90m(C:\Users\husey\kiro2\frontend\[39mnode_modules\[4mjsdom[24m\lib\jsdom\living\events\EventTarget-impl.js:350:25[90m)[39m

            </system-err>
            <failure message="useNavigate() may be used only in the context of a &lt;Router&gt; component." type="Error">
Error: useNavigate() may be used only in the context of a &lt;Router&gt; component.
 ❯ Object.invariant [as UNSAFE_invariant] node_modules/@remix-run/router/history.ts:494:11
 ❯ useNavigateUnstable node_modules/react-router/lib/hooks.tsx:189:3
 ❯ useNavigate node_modules/react-router/lib/hooks.tsx:185:46
 ❯ AccessibleNavigation src/components/Navigation/AccessibleNavigation.tsx:82:20
 ❯ renderWithHooks node_modules/react-dom/cjs/react-dom.development.js:15486:18
 ❯ mountIndeterminateComponent node_modules/react-dom/cjs/react-dom.development.js:20103:13
 ❯ beginWork node_modules/react-dom/cjs/react-dom.development.js:21626:16
 ❯ beginWork$1 node_modules/react-dom/cjs/react-dom.development.js:27465:14
 ❯ performUnitOfWork node_modules/react-dom/cjs/react-dom.development.js:26599:12
 ❯ workLoopSync node_modules/react-dom/cjs/react-dom.development.js:26505:5
            </failure>
        </testcase>
        <testcase classname="src/test/accessibility.test.tsx" name="WCAG 2.1 Level AA Uyumluluk Testleri &gt; AccessibleNavigation Bileşeni &gt; breadcrumb navigasyonu sağlar" time="0.0090614">
            <system-err>
Error: Uncaught [Error: useNavigate() may be used only in the context of a &lt;Router&gt; component.]
    at reportException (C:\Users\husey\kiro2\frontend\node_modules\jsdom\lib\jsdom\living\helpers\runtime-script-errors.js:66:24)
    at innerInvokeEventListeners (C:\Users\husey\kiro2\frontend\node_modules\jsdom\lib\jsdom\living\events\EventTarget-impl.js:353:9)
    at invokeEventListeners (C:\Users\husey\kiro2\frontend\node_modules\jsdom\lib\jsdom\living\events\EventTarget-impl.js:286:3)
    at HTMLUnknownElementImpl._dispatch (C:\Users\husey\kiro2\frontend\node_modules\jsdom\lib\jsdom\living\events\EventTarget-impl.js:233:9)
    at HTMLUnknownElementImpl.dispatchEvent (C:\Users\husey\kiro2\frontend\node_modules\jsdom\lib\jsdom\living\events\EventTarget-impl.js:104:17)
    at HTMLUnknownElement.dispatchEvent (C:\Users\husey\kiro2\frontend\node_modules\jsdom\lib\jsdom\living\generated\EventTarget.js:241:34)
    at Object.invokeGuardedCallbackDev (C:\Users\husey\kiro2\frontend\node_modules\react-dom\cjs\react-dom.development.js:4213:16)
    at invokeGuardedCallback (C:\Users\husey\kiro2\frontend\node_modules\react-dom\cjs\react-dom.development.js:4277:31)
    at beginWork$1 (C:\Users\husey\kiro2\frontend\node_modules\react-dom\cjs\react-dom.development.js:27490:7)
    at performUnitOfWork (C:\Users\husey\kiro2\frontend\node_modules\react-dom\cjs\react-dom.development.js:26599:12) Error: useNavigate() may be used only in the context of a &lt;Router&gt; component.
    at Object.invariant [as UNSAFE_invariant] [90m(C:\Users\husey\kiro2\frontend\[39mnode_modules\[4m@remix-run[24m\router\history.ts:494:11[90m)[39m
    at useNavigateUnstable [90m(C:\Users\husey\kiro2\frontend\[39mnode_modules\[4mreact-router[24m\lib\hooks.tsx:189:3[90m)[39m
    at useNavigate [90m(C:\Users\husey\kiro2\frontend\[39mnode_modules\[4mreact-router[24m\lib\hooks.tsx:185:46[90m)[39m
    at AccessibleNavigation [90m(C:\Users\husey\kiro2\frontend\[39msrc\components\Navigation\AccessibleNavigation.tsx:82:20[90m)[39m
    at renderWithHooks [90m(C:\Users\husey\kiro2\frontend\[39mnode_modules\[4mreact-dom[24m\cjs\react-dom.development.js:15486:18[90m)[39m
    at mountIndeterminateComponent [90m(C:\Users\husey\kiro2\frontend\[39mnode_modules\[4mreact-dom[24m\cjs\react-dom.development.js:20103:13[90m)[39m
    at beginWork [90m(C:\Users\husey\kiro2\frontend\[39mnode_modules\[4mreact-dom[24m\cjs\react-dom.development.js:21626:16[90m)[39m
    at HTMLUnknownElement.callCallback [90m(C:\Users\husey\kiro2\frontend\[39mnode_modules\[4mreact-dom[24m\cjs\react-dom.development.js:4164:14[90m)[39m
    at HTMLUnknownElement.callTheUserObjectsOperation [90m(C:\Users\husey\kiro2\frontend\[39mnode_modules\[4mjsdom[24m\lib\jsdom\living\generated\EventListener.js:26:30[90m)[39m
    at innerInvokeEventListeners [90m(C:\Users\husey\kiro2\frontend\[39mnode_modules\[4mjsdom[24m\lib\jsdom\living\events\EventTarget-impl.js:350:25[90m)[39m
Error: Uncaught [Error: useNavigate() may be used only in the context of a &lt;Router&gt; component.]
    at reportException (C:\Users\husey\kiro2\frontend\node_modules\jsdom\lib\jsdom\living\helpers\runtime-script-errors.js:66:24)
    at innerInvokeEventListeners (C:\Users\husey\kiro2\frontend\node_modules\jsdom\lib\jsdom\living\events\EventTarget-impl.js:353:9)
    at invokeEventListeners (C:\Users\husey\kiro2\frontend\node_modules\jsdom\lib\jsdom\living\events\EventTarget-impl.js:286:3)
    at HTMLUnknownElementImpl._dispatch (C:\Users\husey\kiro2\frontend\node_modules\jsdom\lib\jsdom\living\events\EventTarget-impl.js:233:9)
    at HTMLUnknownElementImpl.dispatchEvent (C:\Users\husey\kiro2\frontend\node_modules\jsdom\lib\jsdom\living\events\EventTarget-impl.js:104:17)
    at HTMLUnknownElement.dispatchEvent (C:\Users\husey\kiro2\frontend\node_modules\jsdom\lib\jsdom\living\generated\EventTarget.js:241:34)
    at Object.invokeGuardedCallbackDev (C:\Users\husey\kiro2\frontend\node_modules\react-dom\cjs\react-dom.development.js:4213:16)
    at invokeGuardedCallback (C:\Users\husey\kiro2\frontend\node_modules\react-dom\cjs\react-dom.development.js:4277:31)
    at beginWork$1 (C:\Users\husey\kiro2\frontend\node_modules\react-dom\cjs\react-dom.development.js:27490:7)
    at performUnitOfWork (C:\Users\husey\kiro2\frontend\node_modules\react-dom\cjs\react-dom.development.js:26599:12) Error: useNavigate() may be used only in the context of a &lt;Router&gt; component.
    at Object.invariant [as UNSAFE_invariant] [90m(C:\Users\husey\kiro2\frontend\[39mnode_modules\[4m@remix-run[24m\router\history.ts:494:11[90m)[39m
    at useNavigateUnstable [90m(C:\Users\husey\kiro2\frontend\[39mnode_modules\[4mreact-router[24m\lib\hooks.tsx:189:3[90m)[39m
    at useNavigate [90m(C:\Users\husey\kiro2\frontend\[39mnode_modules\[4mreact-router[24m\lib\hooks.tsx:185:46[90m)[39m
    at AccessibleNavigation [90m(C:\Users\husey\kiro2\frontend\[39msrc\components\Navigation\AccessibleNavigation.tsx:82:20[90m)[39m
    at renderWithHooks [90m(C:\Users\husey\kiro2\frontend\[39mnode_modules\[4mreact-dom[24m\cjs\react-dom.development.js:15486:18[90m)[39m
    at mountIndeterminateComponent [90m(C:\Users\husey\kiro2\frontend\[39mnode_modules\[4mreact-dom[24m\cjs\react-dom.development.js:20103:13[90m)[39m
    at beginWork [90m(C:\Users\husey\kiro2\frontend\[39mnode_modules\[4mreact-dom[24m\cjs\react-dom.development.js:21626:16[90m)[39m
    at HTMLUnknownElement.callCallback [90m(C:\Users\husey\kiro2\frontend\[39mnode_modules\[4mreact-dom[24m\cjs\react-dom.development.js:4164:14[90m)[39m
    at HTMLUnknownElement.callTheUserObjectsOperation [90m(C:\Users\husey\kiro2\frontend\[39mnode_modules\[4mjsdom[24m\lib\jsdom\living\generated\EventListener.js:26:30[90m)[39m
    at innerInvokeEventListeners [90m(C:\Users\husey\kiro2\frontend\[39mnode_modules\[4mjsdom[24m\lib\jsdom\living\events\EventTarget-impl.js:350:25[90m)[39m

            </system-err>
            <failure message="useNavigate() may be used only in the context of a &lt;Router&gt; component." type="Error">
Error: useNavigate() may be used only in the context of a &lt;Router&gt; component.
 ❯ Object.invariant [as UNSAFE_invariant] node_modules/@remix-run/router/history.ts:494:11
 ❯ useNavigateUnstable node_modules/react-router/lib/hooks.tsx:189:3
 ❯ useNavigate node_modules/react-router/lib/hooks.tsx:185:46
 ❯ AccessibleNavigation src/components/Navigation/AccessibleNavigation.tsx:82:20
 ❯ renderWithHooks node_modules/react-dom/cjs/react-dom.development.js:15486:18
 ❯ mountIndeterminateComponent node_modules/react-dom/cjs/react-dom.development.js:20103:13
 ❯ beginWork node_modules/react-dom/cjs/react-dom.development.js:21626:16
 ❯ beginWork$1 node_modules/react-dom/cjs/react-dom.development.js:27465:14
 ❯ performUnitOfWork node_modules/react-dom/cjs/react-dom.development.js:26599:12
 ❯ workLoopSync node_modules/react-dom/cjs/react-dom.development.js:26505:5
            </failure>
        </testcase>
        <testcase classname="src/test/accessibility.test.tsx" name="WCAG 2.1 Level AA Uyumluluk Testleri &gt; AccessibleModal Bileşeni &gt; WCAG uyumlu modal render eder" time="0.013245">
            <system-err>
Error: Uncaught [ReferenceError: jest is not defined]
    at reportException (C:\Users\husey\kiro2\frontend\node_modules\jsdom\lib\jsdom\living\helpers\runtime-script-errors.js:66:24)
    at innerInvokeEventListeners (C:\Users\husey\kiro2\frontend\node_modules\jsdom\lib\jsdom\living\events\EventTarget-impl.js:353:9)
    at invokeEventListeners (C:\Users\husey\kiro2\frontend\node_modules\jsdom\lib\jsdom\living\events\EventTarget-impl.js:286:3)
    at HTMLUnknownElementImpl._dispatch (C:\Users\husey\kiro2\frontend\node_modules\jsdom\lib\jsdom\living\events\EventTarget-impl.js:233:9)
    at HTMLUnknownElementImpl.dispatchEvent (C:\Users\husey\kiro2\frontend\node_modules\jsdom\lib\jsdom\living\events\EventTarget-impl.js:104:17)
    at HTMLUnknownElement.dispatchEvent (C:\Users\husey\kiro2\frontend\node_modules\jsdom\lib\jsdom\living\generated\EventTarget.js:241:34)
    at Object.invokeGuardedCallbackDev (C:\Users\husey\kiro2\frontend\node_modules\react-dom\cjs\react-dom.development.js:4213:16)
    at invokeGuardedCallback (C:\Users\husey\kiro2\frontend\node_modules\react-dom\cjs\react-dom.development.js:4277:31)
    at beginWork$1 (C:\Users\husey\kiro2\frontend\node_modules\react-dom\cjs\react-dom.development.js:27490:7)
    at performUnitOfWork (C:\Users\husey\kiro2\frontend\node_modules\react-dom\cjs\react-dom.development.js:26599:12) ReferenceError: jest is not defined
    at useScreenReader [90m(C:\Users\husey\kiro2\frontend\[39msrc\test\accessibility.test.tsx:36:21[90m)[39m
    at AccessibleModal [90m(C:\Users\husey\kiro2\frontend\[39msrc\components\Common\AccessibleModal.tsx:61:37[90m)[39m
    at renderWithHooks [90m(C:\Users\husey\kiro2\frontend\[39mnode_modules\[4mreact-dom[24m\cjs\react-dom.development.js:15486:18[90m)[39m
    at mountIndeterminateComponent [90m(C:\Users\husey\kiro2\frontend\[39mnode_modules\[4mreact-dom[24m\cjs\react-dom.development.js:20103:13[90m)[39m
    at beginWork [90m(C:\Users\husey\kiro2\frontend\[39mnode_modules\[4mreact-dom[24m\cjs\react-dom.development.js:21626:16[90m)[39m
    at HTMLUnknownElement.callCallback [90m(C:\Users\husey\kiro2\frontend\[39mnode_modules\[4mreact-dom[24m\cjs\react-dom.development.js:4164:14[90m)[39m
    at HTMLUnknownElement.callTheUserObjectsOperation [90m(C:\Users\husey\kiro2\frontend\[39mnode_modules\[4mjsdom[24m\lib\jsdom\living\generated\EventListener.js:26:30[90m)[39m
    at innerInvokeEventListeners [90m(C:\Users\husey\kiro2\frontend\[39mnode_modules\[4mjsdom[24m\lib\jsdom\living\events\EventTarget-impl.js:350:25[90m)[39m
    at invokeEventListeners [90m(C:\Users\husey\kiro2\frontend\[39mnode_modules\[4mjsdom[24m\lib\jsdom\living\events\EventTarget-impl.js:286:3[90m)[39m
    at HTMLUnknownElementImpl._dispatch [90m(C:\Users\husey\kiro2\frontend\[39mnode_modules\[4mjsdom[24m\lib\jsdom\living\events\EventTarget-impl.js:233:9[90m)[39m
Error: Uncaught [ReferenceError: jest is not defined]
    at reportException (C:\Users\husey\kiro2\frontend\node_modules\jsdom\lib\jsdom\living\helpers\runtime-script-errors.js:66:24)
    at innerInvokeEventListeners (C:\Users\husey\kiro2\frontend\node_modules\jsdom\lib\jsdom\living\events\EventTarget-impl.js:353:9)
    at invokeEventListeners (C:\Users\husey\kiro2\frontend\node_modules\jsdom\lib\jsdom\living\events\EventTarget-impl.js:286:3)
    at HTMLUnknownElementImpl._dispatch (C:\Users\husey\kiro2\frontend\node_modules\jsdom\lib\jsdom\living\events\EventTarget-impl.js:233:9)
    at HTMLUnknownElementImpl.dispatchEvent (C:\Users\husey\kiro2\frontend\node_modules\jsdom\lib\jsdom\living\events\EventTarget-impl.js:104:17)
    at HTMLUnknownElement.dispatchEvent (C:\Users\husey\kiro2\frontend\node_modules\jsdom\lib\jsdom\living\generated\EventTarget.js:241:34)
    at Object.invokeGuardedCallbackDev (C:\Users\husey\kiro2\frontend\node_modules\react-dom\cjs\react-dom.development.js:4213:16)
    at invokeGuardedCallback (C:\Users\husey\kiro2\frontend\node_modules\react-dom\cjs\react-dom.development.js:4277:31)
    at beginWork$1 (C:\Users\husey\kiro2\frontend\node_modules\react-dom\cjs\react-dom.development.js:27490:7)
    at performUnitOfWork (C:\Users\husey\kiro2\frontend\node_modules\react-dom\cjs\react-dom.development.js:26599:12) ReferenceError: jest is not defined
    at useScreenReader [90m(C:\Users\husey\kiro2\frontend\[39msrc\test\accessibility.test.tsx:36:21[90m)[39m
    at AccessibleModal [90m(C:\Users\husey\kiro2\frontend\[39msrc\components\Common\AccessibleModal.tsx:61:37[90m)[39m
    at renderWithHooks [90m(C:\Users\husey\kiro2\frontend\[39mnode_modules\[4mreact-dom[24m\cjs\react-dom.development.js:15486:18[90m)[39m
    at mountIndeterminateComponent [90m(C:\Users\husey\kiro2\frontend\[39mnode_modules\[4mreact-dom[24m\cjs\react-dom.development.js:20103:13[90m)[39m
    at beginWork [90m(C:\Users\husey\kiro2\frontend\[39mnode_modules\[4mreact-dom[24m\cjs\react-dom.development.js:21626:16[90m)[39m
    at HTMLUnknownElement.callCallback [90m(C:\Users\husey\kiro2\frontend\[39mnode_modules\[4mreact-dom[24m\cjs\react-dom.development.js:4164:14[90m)[39m
    at HTMLUnknownElement.callTheUserObjectsOperation [90m(C:\Users\husey\kiro2\frontend\[39mnode_modules\[4mjsdom[24m\lib\jsdom\living\generated\EventListener.js:26:30[90m)[39m
    at innerInvokeEventListeners [90m(C:\Users\husey\kiro2\frontend\[39mnode_modules\[4mjsdom[24m\lib\jsdom\living\events\EventTarget-impl.js:350:25[90m)[39m
    at invokeEventListeners [90m(C:\Users\husey\kiro2\frontend\[39mnode_modules\[4mjsdom[24m\lib\jsdom\living\events\EventTarget-impl.js:286:3[90m)[39m
    at HTMLUnknownElementImpl._dispatch [90m(C:\Users\husey\kiro2\frontend\[39mnode_modules\[4mjsdom[24m\lib\jsdom\living\events\EventTarget-impl.js:233:9[90m)[39m

            </system-err>
            <failure message="jest is not defined" type="ReferenceError">
ReferenceError: jest is not defined
 ❯ useScreenReader src/test/accessibility.test.tsx:36:21
 ❯ AccessibleModal src/components/Common/AccessibleModal.tsx:61:37
 ❯ renderWithHooks node_modules/react-dom/cjs/react-dom.development.js:15486:18
 ❯ mountIndeterminateComponent node_modules/react-dom/cjs/react-dom.development.js:20103:13
 ❯ beginWork node_modules/react-dom/cjs/react-dom.development.js:21626:16
 ❯ beginWork$1 node_modules/react-dom/cjs/react-dom.development.js:27465:14
 ❯ performUnitOfWork node_modules/react-dom/cjs/react-dom.development.js:26599:12
 ❯ workLoopSync node_modules/react-dom/cjs/react-dom.development.js:26505:5
 ❯ renderRootSync node_modules/react-dom/cjs/react-dom.development.js:26473:7
 ❯ recoverFromConcurrentError node_modules/react-dom/cjs/react-dom.development.js:25889:20
            </failure>
        </testcase>
        <testcase classname="src/test/accessibility.test.tsx" name="WCAG 2.1 Level AA Uyumluluk Testleri &gt; AccessibleModal Bileşeni &gt; Escape tuşu ile kapanır" time="0.0115925">
            <system-err>
Error: Uncaught [ReferenceError: jest is not defined]
    at reportException (C:\Users\husey\kiro2\frontend\node_modules\jsdom\lib\jsdom\living\helpers\runtime-script-errors.js:66:24)
    at innerInvokeEventListeners (C:\Users\husey\kiro2\frontend\node_modules\jsdom\lib\jsdom\living\events\EventTarget-impl.js:353:9)
    at invokeEventListeners (C:\Users\husey\kiro2\frontend\node_modules\jsdom\lib\jsdom\living\events\EventTarget-impl.js:286:3)
    at HTMLUnknownElementImpl._dispatch (C:\Users\husey\kiro2\frontend\node_modules\jsdom\lib\jsdom\living\events\EventTarget-impl.js:233:9)
    at HTMLUnknownElementImpl.dispatchEvent (C:\Users\husey\kiro2\frontend\node_modules\jsdom\lib\jsdom\living\events\EventTarget-impl.js:104:17)
    at HTMLUnknownElement.dispatchEvent (C:\Users\husey\kiro2\frontend\node_modules\jsdom\lib\jsdom\living\generated\EventTarget.js:241:34)
    at Object.invokeGuardedCallbackDev (C:\Users\husey\kiro2\frontend\node_modules\react-dom\cjs\react-dom.development.js:4213:16)
    at invokeGuardedCallback (C:\Users\husey\kiro2\frontend\node_modules\react-dom\cjs\react-dom.development.js:4277:31)
    at beginWork$1 (C:\Users\husey\kiro2\frontend\node_modules\react-dom\cjs\react-dom.development.js:27490:7)
    at performUnitOfWork (C:\Users\husey\kiro2\frontend\node_modules\react-dom\cjs\react-dom.development.js:26599:12) ReferenceError: jest is not defined
    at useScreenReader [90m(C:\Users\husey\kiro2\frontend\[39msrc\test\accessibility.test.tsx:36:21[90m)[39m
    at AccessibleModal [90m(C:\Users\husey\kiro2\frontend\[39msrc\components\Common\AccessibleModal.tsx:61:37[90m)[39m
    at renderWithHooks [90m(C:\Users\husey\kiro2\frontend\[39mnode_modules\[4mreact-dom[24m\cjs\react-dom.development.js:15486:18[90m)[39m
    at mountIndeterminateComponent [90m(C:\Users\husey\kiro2\frontend\[39mnode_modules\[4mreact-dom[24m\cjs\react-dom.development.js:20103:13[90m)[39m
    at beginWork [90m(C:\Users\husey\kiro2\frontend\[39mnode_modules\[4mreact-dom[24m\cjs\react-dom.development.js:21626:16[90m)[39m
    at HTMLUnknownElement.callCallback [90m(C:\Users\husey\kiro2\frontend\[39mnode_modules\[4mreact-dom[24m\cjs\react-dom.development.js:4164:14[90m)[39m
    at HTMLUnknownElement.callTheUserObjectsOperation [90m(C:\Users\husey\kiro2\frontend\[39mnode_modules\[4mjsdom[24m\lib\jsdom\living\generated\EventListener.js:26:30[90m)[39m
    at innerInvokeEventListeners [90m(C:\Users\husey\kiro2\frontend\[39mnode_modules\[4mjsdom[24m\lib\jsdom\living\events\EventTarget-impl.js:350:25[90m)[39m
    at invokeEventListeners [90m(C:\Users\husey\kiro2\frontend\[39mnode_modules\[4mjsdom[24m\lib\jsdom\living\events\EventTarget-impl.js:286:3[90m)[39m
    at HTMLUnknownElementImpl._dispatch [90m(C:\Users\husey\kiro2\frontend\[39mnode_modules\[4mjsdom[24m\lib\jsdom\living\events\EventTarget-impl.js:233:9[90m)[39m
Error: Uncaught [ReferenceError: jest is not defined]
    at reportException (C:\Users\husey\kiro2\frontend\node_modules\jsdom\lib\jsdom\living\helpers\runtime-script-errors.js:66:24)
    at innerInvokeEventListeners (C:\Users\husey\kiro2\frontend\node_modules\jsdom\lib\jsdom\living\events\EventTarget-impl.js:353:9)
    at invokeEventListeners (C:\Users\husey\kiro2\frontend\node_modules\jsdom\lib\jsdom\living\events\EventTarget-impl.js:286:3)
    at HTMLUnknownElementImpl._dispatch (C:\Users\husey\kiro2\frontend\node_modules\jsdom\lib\jsdom\living\events\EventTarget-impl.js:233:9)
    at HTMLUnknownElementImpl.dispatchEvent (C:\Users\husey\kiro2\frontend\node_modules\jsdom\lib\jsdom\living\events\EventTarget-impl.js:104:17)
    at HTMLUnknownElement.dispatchEvent (C:\Users\husey\kiro2\frontend\node_modules\jsdom\lib\jsdom\living\generated\EventTarget.js:241:34)
    at Object.invokeGuardedCallbackDev (C:\Users\husey\kiro2\frontend\node_modules\react-dom\cjs\react-dom.development.js:4213:16)
    at invokeGuardedCallback (C:\Users\husey\kiro2\frontend\node_modules\react-dom\cjs\react-dom.development.js:4277:31)
    at beginWork$1 (C:\Users\husey\kiro2\frontend\node_modules\react-dom\cjs\react-dom.development.js:27490:7)
    at performUnitOfWork (C:\Users\husey\kiro2\frontend\node_modules\react-dom\cjs\react-dom.development.js:26599:12) ReferenceError: jest is not defined
    at useScreenReader [90m(C:\Users\husey\kiro2\frontend\[39msrc\test\accessibility.test.tsx:36:21[90m)[39m
    at AccessibleModal [90m(C:\Users\husey\kiro2\frontend\[39msrc\components\Common\AccessibleModal.tsx:61:37[90m)[39m
    at renderWithHooks [90m(C:\Users\husey\kiro2\frontend\[39mnode_modules\[4mreact-dom[24m\cjs\react-dom.development.js:15486:18[90m)[39m
    at mountIndeterminateComponent [90m(C:\Users\husey\kiro2\frontend\[39mnode_modules\[4mreact-dom[24m\cjs\react-dom.development.js:20103:13[90m)[39m
    at beginWork [90m(C:\Users\husey\kiro2\frontend\[39mnode_modules\[4mreact-dom[24m\cjs\react-dom.development.js:21626:16[90m)[39m
    at HTMLUnknownElement.callCallback [90m(C:\Users\husey\kiro2\frontend\[39mnode_modules\[4mreact-dom[24m\cjs\react-dom.development.js:4164:14[90m)[39m
    at HTMLUnknownElement.callTheUserObjectsOperation [90m(C:\Users\husey\kiro2\frontend\[39mnode_modules\[4mjsdom[24m\lib\jsdom\living\generated\EventListener.js:26:30[90m)[39m
    at innerInvokeEventListeners [90m(C:\Users\husey\kiro2\frontend\[39mnode_modules\[4mjsdom[24m\lib\jsdom\living\events\EventTarget-impl.js:350:25[90m)[39m
    at invokeEventListeners [90m(C:\Users\husey\kiro2\frontend\[39mnode_modules\[4mjsdom[24m\lib\jsdom\living\events\EventTarget-impl.js:286:3[90m)[39m
    at HTMLUnknownElementImpl._dispatch [90m(C:\Users\husey\kiro2\frontend\[39mnode_modules\[4mjsdom[24m\lib\jsdom\living\events\EventTarget-impl.js:233:9[90m)[39m

            </system-err>
            <failure message="jest is not defined" type="ReferenceError">
ReferenceError: jest is not defined
 ❯ useScreenReader src/test/accessibility.test.tsx:36:21
 ❯ AccessibleModal src/components/Common/AccessibleModal.tsx:61:37
 ❯ renderWithHooks node_modules/react-dom/cjs/react-dom.development.js:15486:18
 ❯ mountIndeterminateComponent node_modules/react-dom/cjs/react-dom.development.js:20103:13
 ❯ beginWork node_modules/react-dom/cjs/react-dom.development.js:21626:16
 ❯ beginWork$1 node_modules/react-dom/cjs/react-dom.development.js:27465:14
 ❯ performUnitOfWork node_modules/react-dom/cjs/react-dom.development.js:26599:12
 ❯ workLoopSync node_modules/react-dom/cjs/react-dom.development.js:26505:5
 ❯ renderRootSync node_modules/react-dom/cjs/react-dom.development.js:26473:7
 ❯ recoverFromConcurrentError node_modules/react-dom/cjs/react-dom.development.js:25889:20
            </failure>
        </testcase>
        <testcase classname="src/test/accessibility.test.tsx" name="WCAG 2.1 Level AA Uyumluluk Testleri &gt; AccessibleModal Bileşeni &gt; focus trap çalışır" time="0.012763">
            <system-err>
Error: Uncaught [ReferenceError: jest is not defined]
    at reportException (C:\Users\husey\kiro2\frontend\node_modules\jsdom\lib\jsdom\living\helpers\runtime-script-errors.js:66:24)
    at innerInvokeEventListeners (C:\Users\husey\kiro2\frontend\node_modules\jsdom\lib\jsdom\living\events\EventTarget-impl.js:353:9)
    at invokeEventListeners (C:\Users\husey\kiro2\frontend\node_modules\jsdom\lib\jsdom\living\events\EventTarget-impl.js:286:3)
    at HTMLUnknownElementImpl._dispatch (C:\Users\husey\kiro2\frontend\node_modules\jsdom\lib\jsdom\living\events\EventTarget-impl.js:233:9)
    at HTMLUnknownElementImpl.dispatchEvent (C:\Users\husey\kiro2\frontend\node_modules\jsdom\lib\jsdom\living\events\EventTarget-impl.js:104:17)
    at HTMLUnknownElement.dispatchEvent (C:\Users\husey\kiro2\frontend\node_modules\jsdom\lib\jsdom\living\generated\EventTarget.js:241:34)
    at Object.invokeGuardedCallbackDev (C:\Users\husey\kiro2\frontend\node_modules\react-dom\cjs\react-dom.development.js:4213:16)
    at invokeGuardedCallback (C:\Users\husey\kiro2\frontend\node_modules\react-dom\cjs\react-dom.development.js:4277:31)
    at beginWork$1 (C:\Users\husey\kiro2\frontend\node_modules\react-dom\cjs\react-dom.development.js:27490:7)
    at performUnitOfWork (C:\Users\husey\kiro2\frontend\node_modules\react-dom\cjs\react-dom.development.js:26599:12) ReferenceError: jest is not defined
    at useScreenReader [90m(C:\Users\husey\kiro2\frontend\[39msrc\test\accessibility.test.tsx:36:21[90m)[39m
    at AccessibleModal [90m(C:\Users\husey\kiro2\frontend\[39msrc\components\Common\AccessibleModal.tsx:61:37[90m)[39m
    at renderWithHooks [90m(C:\Users\husey\kiro2\frontend\[39mnode_modules\[4mreact-dom[24m\cjs\react-dom.development.js:15486:18[90m)[39m
    at mountIndeterminateComponent [90m(C:\Users\husey\kiro2\frontend\[39mnode_modules\[4mreact-dom[24m\cjs\react-dom.development.js:20103:13[90m)[39m
    at beginWork [90m(C:\Users\husey\kiro2\frontend\[39mnode_modules\[4mreact-dom[24m\cjs\react-dom.development.js:21626:16[90m)[39m
    at HTMLUnknownElement.callCallback [90m(C:\Users\husey\kiro2\frontend\[39mnode_modules\[4mreact-dom[24m\cjs\react-dom.development.js:4164:14[90m)[39m
    at HTMLUnknownElement.callTheUserObjectsOperation [90m(C:\Users\husey\kiro2\frontend\[39mnode_modules\[4mjsdom[24m\lib\jsdom\living\generated\EventListener.js:26:30[90m)[39m
    at innerInvokeEventListeners [90m(C:\Users\husey\kiro2\frontend\[39mnode_modules\[4mjsdom[24m\lib\jsdom\living\events\EventTarget-impl.js:350:25[90m)[39m
    at invokeEventListeners [90m(C:\Users\husey\kiro2\frontend\[39mnode_modules\[4mjsdom[24m\lib\jsdom\living\events\EventTarget-impl.js:286:3[90m)[39m
    at HTMLUnknownElementImpl._dispatch [90m(C:\Users\husey\kiro2\frontend\[39mnode_modules\[4mjsdom[24m\lib\jsdom\living\events\EventTarget-impl.js:233:9[90m)[39m
Error: Uncaught [ReferenceError: jest is not defined]
    at reportException (C:\Users\husey\kiro2\frontend\node_modules\jsdom\lib\jsdom\living\helpers\runtime-script-errors.js:66:24)
    at innerInvokeEventListeners (C:\Users\husey\kiro2\frontend\node_modules\jsdom\lib\jsdom\living\events\EventTarget-impl.js:353:9)
    at invokeEventListeners (C:\Users\husey\kiro2\frontend\node_modules\jsdom\lib\jsdom\living\events\EventTarget-impl.js:286:3)
    at HTMLUnknownElementImpl._dispatch (C:\Users\husey\kiro2\frontend\node_modules\jsdom\lib\jsdom\living\events\EventTarget-impl.js:233:9)
    at HTMLUnknownElementImpl.dispatchEvent (C:\Users\husey\kiro2\frontend\node_modules\jsdom\lib\jsdom\living\events\EventTarget-impl.js:104:17)
    at HTMLUnknownElement.dispatchEvent (C:\Users\husey\kiro2\frontend\node_modules\jsdom\lib\jsdom\living\generated\EventTarget.js:241:34)
    at Object.invokeGuardedCallbackDev (C:\Users\husey\kiro2\frontend\node_modules\react-dom\cjs\react-dom.development.js:4213:16)
    at invokeGuardedCallback (C:\Users\husey\kiro2\frontend\node_modules\react-dom\cjs\react-dom.development.js:4277:31)
    at beginWork$1 (C:\Users\husey\kiro2\frontend\node_modules\react-dom\cjs\react-dom.development.js:27490:7)
    at performUnitOfWork (C:\Users\husey\kiro2\frontend\node_modules\react-dom\cjs\react-dom.development.js:26599:12) ReferenceError: jest is not defined
    at useScreenReader [90m(C:\Users\husey\kiro2\frontend\[39msrc\test\accessibility.test.tsx:36:21[90m)[39m
    at AccessibleModal [90m(C:\Users\husey\kiro2\frontend\[39msrc\components\Common\AccessibleModal.tsx:61:37[90m)[39m
    at renderWithHooks [90m(C:\Users\husey\kiro2\frontend\[39mnode_modules\[4mreact-dom[24m\cjs\react-dom.development.js:15486:18[90m)[39m
    at mountIndeterminateComponent [90m(C:\Users\husey\kiro2\frontend\[39mnode_modules\[4mreact-dom[24m\cjs\react-dom.development.js:20103:13[90m)[39m
    at beginWork [90m(C:\Users\husey\kiro2\frontend\[39mnode_modules\[4mreact-dom[24m\cjs\react-dom.development.js:21626:16[90m)[39m
    at HTMLUnknownElement.callCallback [90m(C:\Users\husey\kiro2\frontend\[39mnode_modules\[4mreact-dom[24m\cjs\react-dom.development.js:4164:14[90m)[39m
    at HTMLUnknownElement.callTheUserObjectsOperation [90m(C:\Users\husey\kiro2\frontend\[39mnode_modules\[4mjsdom[24m\lib\jsdom\living\generated\EventListener.js:26:30[90m)[39m
    at innerInvokeEventListeners [90m(C:\Users\husey\kiro2\frontend\[39mnode_modules\[4mjsdom[24m\lib\jsdom\living\events\EventTarget-impl.js:350:25[90m)[39m
    at invokeEventListeners [90m(C:\Users\husey\kiro2\frontend\[39mnode_modules\[4mjsdom[24m\lib\jsdom\living\events\EventTarget-impl.js:286:3[90m)[39m
    at HTMLUnknownElementImpl._dispatch [90m(C:\Users\husey\kiro2\frontend\[39mnode_modules\[4mjsdom[24m\lib\jsdom\living\events\EventTarget-impl.js:233:9[90m)[39m

            </system-err>
            <failure message="jest is not defined" type="ReferenceError">
ReferenceError: jest is not defined
 ❯ useScreenReader src/test/accessibility.test.tsx:36:21
 ❯ AccessibleModal src/components/Common/AccessibleModal.tsx:61:37
 ❯ renderWithHooks node_modules/react-dom/cjs/react-dom.development.js:15486:18
 ❯ mountIndeterminateComponent node_modules/react-dom/cjs/react-dom.development.js:20103:13
 ❯ beginWork node_modules/react-dom/cjs/react-dom.development.js:21626:16
 ❯ beginWork$1 node_modules/react-dom/cjs/react-dom.development.js:27465:14
 ❯ performUnitOfWork node_modules/react-dom/cjs/react-dom.development.js:26599:12
 ❯ workLoopSync node_modules/react-dom/cjs/react-dom.development.js:26505:5
 ❯ renderRootSync node_modules/react-dom/cjs/react-dom.development.js:26473:7
 ❯ recoverFromConcurrentError node_modules/react-dom/cjs/react-dom.development.js:25889:20
            </failure>
        </testcase>
        <testcase classname="src/test/accessibility.test.tsx" name="WCAG 2.1 Level AA Uyumluluk Testleri &gt; AccessibleLayout Bileşeni &gt; WCAG uyumlu layout render eder" time="0.0166649">
            <system-err>
Error: Uncaught [ReferenceError: jest is not defined]
    at reportException (C:\Users\husey\kiro2\frontend\node_modules\jsdom\lib\jsdom\living\helpers\runtime-script-errors.js:66:24)
    at innerInvokeEventListeners (C:\Users\husey\kiro2\frontend\node_modules\jsdom\lib\jsdom\living\events\EventTarget-impl.js:353:9)
    at invokeEventListeners (C:\Users\husey\kiro2\frontend\node_modules\jsdom\lib\jsdom\living\events\EventTarget-impl.js:286:3)
    at HTMLUnknownElementImpl._dispatch (C:\Users\husey\kiro2\frontend\node_modules\jsdom\lib\jsdom\living\events\EventTarget-impl.js:233:9)
    at HTMLUnknownElementImpl.dispatchEvent (C:\Users\husey\kiro2\frontend\node_modules\jsdom\lib\jsdom\living\events\EventTarget-impl.js:104:17)
    at HTMLUnknownElement.dispatchEvent (C:\Users\husey\kiro2\frontend\node_modules\jsdom\lib\jsdom\living\generated\EventTarget.js:241:34)
    at Object.invokeGuardedCallbackDev (C:\Users\husey\kiro2\frontend\node_modules\react-dom\cjs\react-dom.development.js:4213:16)
    at invokeGuardedCallback (C:\Users\husey\kiro2\frontend\node_modules\react-dom\cjs\react-dom.development.js:4277:31)
    at beginWork$1 (C:\Users\husey\kiro2\frontend\node_modules\react-dom\cjs\react-dom.development.js:27490:7)
    at performUnitOfWork (C:\Users\husey\kiro2\frontend\node_modules\react-dom\cjs\react-dom.development.js:26599:12) ReferenceError: jest is not defined
    at useScreenReader [90m(C:\Users\husey\kiro2\frontend\[39msrc\test\accessibility.test.tsx:36:21[90m)[39m
    at AccessibleLayout [90m(C:\Users\husey\kiro2\frontend\[39msrc\components\Layout\AccessibleLayout.tsx:58:53[90m)[39m
    at renderWithHooks [90m(C:\Users\husey\kiro2\frontend\[39mnode_modules\[4mreact-dom[24m\cjs\react-dom.development.js:15486:18[90m)[39m
    at mountIndeterminateComponent [90m(C:\Users\husey\kiro2\frontend\[39mnode_modules\[4mreact-dom[24m\cjs\react-dom.development.js:20103:13[90m)[39m
    at beginWork [90m(C:\Users\husey\kiro2\frontend\[39mnode_modules\[4mreact-dom[24m\cjs\react-dom.development.js:21626:16[90m)[39m
    at HTMLUnknownElement.callCallback [90m(C:\Users\husey\kiro2\frontend\[39mnode_modules\[4mreact-dom[24m\cjs\react-dom.development.js:4164:14[90m)[39m
    at HTMLUnknownElement.callTheUserObjectsOperation [90m(C:\Users\husey\kiro2\frontend\[39mnode_modules\[4mjsdom[24m\lib\jsdom\living\generated\EventListener.js:26:30[90m)[39m
    at innerInvokeEventListeners [90m(C:\Users\husey\kiro2\frontend\[39mnode_modules\[4mjsdom[24m\lib\jsdom\living\events\EventTarget-impl.js:350:25[90m)[39m
    at invokeEventListeners [90m(C:\Users\husey\kiro2\frontend\[39mnode_modules\[4mjsdom[24m\lib\jsdom\living\events\EventTarget-impl.js:286:3[90m)[39m
    at HTMLUnknownElementImpl._dispatch [90m(C:\Users\husey\kiro2\frontend\[39mnode_modules\[4mjsdom[24m\lib\jsdom\living\events\EventTarget-impl.js:233:9[90m)[39m
Error: Uncaught [ReferenceError: jest is not defined]
    at reportException (C:\Users\husey\kiro2\frontend\node_modules\jsdom\lib\jsdom\living\helpers\runtime-script-errors.js:66:24)
    at innerInvokeEventListeners (C:\Users\husey\kiro2\frontend\node_modules\jsdom\lib\jsdom\living\events\EventTarget-impl.js:353:9)
    at invokeEventListeners (C:\Users\husey\kiro2\frontend\node_modules\jsdom\lib\jsdom\living\events\EventTarget-impl.js:286:3)
    at HTMLUnknownElementImpl._dispatch (C:\Users\husey\kiro2\frontend\node_modules\jsdom\lib\jsdom\living\events\EventTarget-impl.js:233:9)
    at HTMLUnknownElementImpl.dispatchEvent (C:\Users\husey\kiro2\frontend\node_modules\jsdom\lib\jsdom\living\events\EventTarget-impl.js:104:17)
    at HTMLUnknownElement.dispatchEvent (C:\Users\husey\kiro2\frontend\node_modules\jsdom\lib\jsdom\living\generated\EventTarget.js:241:34)
    at Object.invokeGuardedCallbackDev (C:\Users\husey\kiro2\frontend\node_modules\react-dom\cjs\react-dom.development.js:4213:16)
    at invokeGuardedCallback (C:\Users\husey\kiro2\frontend\node_modules\react-dom\cjs\react-dom.development.js:4277:31)
    at beginWork$1 (C:\Users\husey\kiro2\frontend\node_modules\react-dom\cjs\react-dom.development.js:27490:7)
    at performUnitOfWork (C:\Users\husey\kiro2\frontend\node_modules\react-dom\cjs\react-dom.development.js:26599:12) ReferenceError: jest is not defined
    at useScreenReader [90m(C:\Users\husey\kiro2\frontend\[39msrc\test\accessibility.test.tsx:36:21[90m)[39m
    at AccessibleLayout [90m(C:\Users\husey\kiro2\frontend\[39msrc\components\Layout\AccessibleLayout.tsx:58:53[90m)[39m
    at renderWithHooks [90m(C:\Users\husey\kiro2\frontend\[39mnode_modules\[4mreact-dom[24m\cjs\react-dom.development.js:15486:18[90m)[39m
    at mountIndeterminateComponent [90m(C:\Users\husey\kiro2\frontend\[39mnode_modules\[4mreact-dom[24m\cjs\react-dom.development.js:20103:13[90m)[39m
    at beginWork [90m(C:\Users\husey\kiro2\frontend\[39mnode_modules\[4mreact-dom[24m\cjs\react-dom.development.js:21626:16[90m)[39m
    at HTMLUnknownElement.callCallback [90m(C:\Users\husey\kiro2\frontend\[39mnode_modules\[4mreact-dom[24m\cjs\react-dom.development.js:4164:14[90m)[39m
    at HTMLUnknownElement.callTheUserObjectsOperation [90m(C:\Users\husey\kiro2\frontend\[39mnode_modules\[4mjsdom[24m\lib\jsdom\living\generated\EventListener.js:26:30[90m)[39m
    at innerInvokeEventListeners [90m(C:\Users\husey\kiro2\frontend\[39mnode_modules\[4mjsdom[24m\lib\jsdom\living\events\EventTarget-impl.js:350:25[90m)[39m
    at invokeEventListeners [90m(C:\Users\husey\kiro2\frontend\[39mnode_modules\[4mjsdom[24m\lib\jsdom\living\events\EventTarget-impl.js:286:3[90m)[39m
    at HTMLUnknownElementImpl._dispatch [90m(C:\Users\husey\kiro2\frontend\[39mnode_modules\[4mjsdom[24m\lib\jsdom\living\events\EventTarget-impl.js:233:9[90m)[39m

            </system-err>
            <failure message="jest is not defined" type="ReferenceError">
ReferenceError: jest is not defined
 ❯ useScreenReader src/test/accessibility.test.tsx:36:21
 ❯ AccessibleLayout src/components/Layout/AccessibleLayout.tsx:58:53
 ❯ renderWithHooks node_modules/react-dom/cjs/react-dom.development.js:15486:18
 ❯ mountIndeterminateComponent node_modules/react-dom/cjs/react-dom.development.js:20103:13
 ❯ beginWork node_modules/react-dom/cjs/react-dom.development.js:21626:16
 ❯ beginWork$1 node_modules/react-dom/cjs/react-dom.development.js:27465:14
 ❯ performUnitOfWork node_modules/react-dom/cjs/react-dom.development.js:26599:12
 ❯ workLoopSync node_modules/react-dom/cjs/react-dom.development.js:26505:5
 ❯ renderRootSync node_modules/react-dom/cjs/react-dom.development.js:26473:7
 ❯ recoverFromConcurrentError node_modules/react-dom/cjs/react-dom.development.js:25889:20
            </failure>
        </testcase>
        <testcase classname="src/test/accessibility.test.tsx" name="WCAG 2.1 Level AA Uyumluluk Testleri &gt; AccessibleLayout Bileşeni &gt; skip link çalışır" time="0.0229114">
            <system-err>
Error: Uncaught [ReferenceError: jest is not defined]
    at reportException (C:\Users\husey\kiro2\frontend\node_modules\jsdom\lib\jsdom\living\helpers\runtime-script-errors.js:66:24)
    at innerInvokeEventListeners (C:\Users\husey\kiro2\frontend\node_modules\jsdom\lib\jsdom\living\events\EventTarget-impl.js:353:9)
    at invokeEventListeners (C:\Users\husey\kiro2\frontend\node_modules\jsdom\lib\jsdom\living\events\EventTarget-impl.js:286:3)
    at HTMLUnknownElementImpl._dispatch (C:\Users\husey\kiro2\frontend\node_modules\jsdom\lib\jsdom\living\events\EventTarget-impl.js:233:9)
    at HTMLUnknownElementImpl.dispatchEvent (C:\Users\husey\kiro2\frontend\node_modules\jsdom\lib\jsdom\living\events\EventTarget-impl.js:104:17)
    at HTMLUnknownElement.dispatchEvent (C:\Users\husey\kiro2\frontend\node_modules\jsdom\lib\jsdom\living\generated\EventTarget.js:241:34)
    at Object.invokeGuardedCallbackDev (C:\Users\husey\kiro2\frontend\node_modules\react-dom\cjs\react-dom.development.js:4213:16)
    at invokeGuardedCallback (C:\Users\husey\kiro2\frontend\node_modules\react-dom\cjs\react-dom.development.js:4277:31)
    at beginWork$1 (C:\Users\husey\kiro2\frontend\node_modules\react-dom\cjs\react-dom.development.js:27490:7)
    at performUnitOfWork (C:\Users\husey\kiro2\frontend\node_modules\react-dom\cjs\react-dom.development.js:26599:12) ReferenceError: jest is not defined
    at useScreenReader [90m(C:\Users\husey\kiro2\frontend\[39msrc\test\accessibility.test.tsx:36:21[90m)[39m
    at AccessibleLayout [90m(C:\Users\husey\kiro2\frontend\[39msrc\components\Layout\AccessibleLayout.tsx:58:53[90m)[39m
    at renderWithHooks [90m(C:\Users\husey\kiro2\frontend\[39mnode_modules\[4mreact-dom[24m\cjs\react-dom.development.js:15486:18[90m)[39m
    at mountIndeterminateComponent [90m(C:\Users\husey\kiro2\frontend\[39mnode_modules\[4mreact-dom[24m\cjs\react-dom.development.js:20103:13[90m)[39m
    at beginWork [90m(C:\Users\husey\kiro2\frontend\[39mnode_modules\[4mreact-dom[24m\cjs\react-dom.development.js:21626:16[90m)[39m
    at HTMLUnknownElement.callCallback [90m(C:\Users\husey\kiro2\frontend\[39mnode_modules\[4mreact-dom[24m\cjs\react-dom.development.js:4164:14[90m)[39m
    at HTMLUnknownElement.callTheUserObjectsOperation [90m(C:\Users\husey\kiro2\frontend\[39mnode_modules\[4mjsdom[24m\lib\jsdom\living\generated\EventListener.js:26:30[90m)[39m
    at innerInvokeEventListeners [90m(C:\Users\husey\kiro2\frontend\[39mnode_modules\[4mjsdom[24m\lib\jsdom\living\events\EventTarget-impl.js:350:25[90m)[39m
    at invokeEventListeners [90m(C:\Users\husey\kiro2\frontend\[39mnode_modules\[4mjsdom[24m\lib\jsdom\living\events\EventTarget-impl.js:286:3[90m)[39m
    at HTMLUnknownElementImpl._dispatch [90m(C:\Users\husey\kiro2\frontend\[39mnode_modules\[4mjsdom[24m\lib\jsdom\living\events\EventTarget-impl.js:233:9[90m)[39m
Error: Uncaught [ReferenceError: jest is not defined]
    at reportException (C:\Users\husey\kiro2\frontend\node_modules\jsdom\lib\jsdom\living\helpers\runtime-script-errors.js:66:24)
    at innerInvokeEventListeners (C:\Users\husey\kiro2\frontend\node_modules\jsdom\lib\jsdom\living\events\EventTarget-impl.js:353:9)
    at invokeEventListeners (C:\Users\husey\kiro2\frontend\node_modules\jsdom\lib\jsdom\living\events\EventTarget-impl.js:286:3)
    at HTMLUnknownElementImpl._dispatch (C:\Users\husey\kiro2\frontend\node_modules\jsdom\lib\jsdom\living\events\EventTarget-impl.js:233:9)
    at HTMLUnknownElementImpl.dispatchEvent (C:\Users\husey\kiro2\frontend\node_modules\jsdom\lib\jsdom\living\events\EventTarget-impl.js:104:17)
    at HTMLUnknownElement.dispatchEvent (C:\Users\husey\kiro2\frontend\node_modules\jsdom\lib\jsdom\living\generated\EventTarget.js:241:34)
    at Object.invokeGuardedCallbackDev (C:\Users\husey\kiro2\frontend\node_modules\react-dom\cjs\react-dom.development.js:4213:16)
    at invokeGuardedCallback (C:\Users\husey\kiro2\frontend\node_modules\react-dom\cjs\react-dom.development.js:4277:31)
    at beginWork$1 (C:\Users\husey\kiro2\frontend\node_modules\react-dom\cjs\react-dom.development.js:27490:7)
    at performUnitOfWork (C:\Users\husey\kiro2\frontend\node_modules\react-dom\cjs\react-dom.development.js:26599:12) ReferenceError: jest is not defined
    at useScreenReader [90m(C:\Users\husey\kiro2\frontend\[39msrc\test\accessibility.test.tsx:36:21[90m)[39m
    at AccessibleLayout [90m(C:\Users\husey\kiro2\frontend\[39msrc\components\Layout\AccessibleLayout.tsx:58:53[90m)[39m
    at renderWithHooks [90m(C:\Users\husey\kiro2\frontend\[39mnode_modules\[4mreact-dom[24m\cjs\react-dom.development.js:15486:18[90m)[39m
    at mountIndeterminateComponent [90m(C:\Users\husey\kiro2\frontend\[39mnode_modules\[4mreact-dom[24m\cjs\react-dom.development.js:20103:13[90m)[39m
    at beginWork [90m(C:\Users\husey\kiro2\frontend\[39mnode_modules\[4mreact-dom[24m\cjs\react-dom.development.js:21626:16[90m)[39m
    at HTMLUnknownElement.callCallback [90m(C:\Users\husey\kiro2\frontend\[39mnode_modules\[4mreact-dom[24m\cjs\react-dom.development.js:4164:14[90m)[39m
    at HTMLUnknownElement.callTheUserObjectsOperation [90m(C:\Users\husey\kiro2\frontend\[39mnode_modules\[4mjsdom[24m\lib\jsdom\living\generated\EventListener.js:26:30[90m)[39m
    at innerInvokeEventListeners [90m(C:\Users\husey\kiro2\frontend\[39mnode_modules\[4mjsdom[24m\lib\jsdom\living\events\EventTarget-impl.js:350:25[90m)[39m
    at invokeEventListeners [90m(C:\Users\husey\kiro2\frontend\[39mnode_modules\[4mjsdom[24m\lib\jsdom\living\events\EventTarget-impl.js:286:3[90m)[39m
    at HTMLUnknownElementImpl._dispatch [90m(C:\Users\husey\kiro2\frontend\[39mnode_modules\[4mjsdom[24m\lib\jsdom\living\events\EventTarget-impl.js:233:9[90m)[39m

            </system-err>
            <failure message="jest is not defined" type="ReferenceError">
ReferenceError: jest is not defined
 ❯ useScreenReader src/test/accessibility.test.tsx:36:21
 ❯ AccessibleLayout src/components/Layout/AccessibleLayout.tsx:58:53
 ❯ renderWithHooks node_modules/react-dom/cjs/react-dom.development.js:15486:18
 ❯ mountIndeterminateComponent node_modules/react-dom/cjs/react-dom.development.js:20103:13
 ❯ beginWork node_modules/react-dom/cjs/react-dom.development.js:21626:16
 ❯ beginWork$1 node_modules/react-dom/cjs/react-dom.development.js:27465:14
 ❯ performUnitOfWork node_modules/react-dom/cjs/react-dom.development.js:26599:12
 ❯ workLoopSync node_modules/react-dom/cjs/react-dom.development.js:26505:5
 ❯ renderRootSync node_modules/react-dom/cjs/react-dom.development.js:26473:7
 ❯ recoverFromConcurrentError node_modules/react-dom/cjs/react-dom.development.js:25889:20
            </failure>
        </testcase>
        <testcase classname="src/test/accessibility.test.tsx" name="WCAG 2.1 Level AA Uyumluluk Testleri &gt; AccessibleLayout Bileşeni &gt; klavye kısayolları çalışır" time="0.0147145">
            <system-err>
Error: Uncaught [ReferenceError: jest is not defined]
    at reportException (C:\Users\husey\kiro2\frontend\node_modules\jsdom\lib\jsdom\living\helpers\runtime-script-errors.js:66:24)
    at innerInvokeEventListeners (C:\Users\husey\kiro2\frontend\node_modules\jsdom\lib\jsdom\living\events\EventTarget-impl.js:353:9)
    at invokeEventListeners (C:\Users\husey\kiro2\frontend\node_modules\jsdom\lib\jsdom\living\events\EventTarget-impl.js:286:3)
    at HTMLUnknownElementImpl._dispatch (C:\Users\husey\kiro2\frontend\node_modules\jsdom\lib\jsdom\living\events\EventTarget-impl.js:233:9)
    at HTMLUnknownElementImpl.dispatchEvent (C:\Users\husey\kiro2\frontend\node_modules\jsdom\lib\jsdom\living\events\EventTarget-impl.js:104:17)
    at HTMLUnknownElement.dispatchEvent (C:\Users\husey\kiro2\frontend\node_modules\jsdom\lib\jsdom\living\generated\EventTarget.js:241:34)
    at Object.invokeGuardedCallbackDev (C:\Users\husey\kiro2\frontend\node_modules\react-dom\cjs\react-dom.development.js:4213:16)
    at invokeGuardedCallback (C:\Users\husey\kiro2\frontend\node_modules\react-dom\cjs\react-dom.development.js:4277:31)
    at beginWork$1 (C:\Users\husey\kiro2\frontend\node_modules\react-dom\cjs\react-dom.development.js:27490:7)
    at performUnitOfWork (C:\Users\husey\kiro2\frontend\node_modules\react-dom\cjs\react-dom.development.js:26599:12) ReferenceError: jest is not defined
    at useScreenReader [90m(C:\Users\husey\kiro2\frontend\[39msrc\test\accessibility.test.tsx:36:21[90m)[39m
    at AccessibleLayout [90m(C:\Users\husey\kiro2\frontend\[39msrc\components\Layout\AccessibleLayout.tsx:58:53[90m)[39m
    at renderWithHooks [90m(C:\Users\husey\kiro2\frontend\[39mnode_modules\[4mreact-dom[24m\cjs\react-dom.development.js:15486:18[90m)[39m
    at mountIndeterminateComponent [90m(C:\Users\husey\kiro2\frontend\[39mnode_modules\[4mreact-dom[24m\cjs\react-dom.development.js:20103:13[90m)[39m
    at beginWork [90m(C:\Users\husey\kiro2\frontend\[39mnode_modules\[4mreact-dom[24m\cjs\react-dom.development.js:21626:16[90m)[39m
    at HTMLUnknownElement.callCallback [90m(C:\Users\husey\kiro2\frontend\[39mnode_modules\[4mreact-dom[24m\cjs\react-dom.development.js:4164:14[90m)[39m
    at HTMLUnknownElement.callTheUserObjectsOperation [90m(C:\Users\husey\kiro2\frontend\[39mnode_modules\[4mjsdom[24m\lib\jsdom\living\generated\EventListener.js:26:30[90m)[39m
    at innerInvokeEventListeners [90m(C:\Users\husey\kiro2\frontend\[39mnode_modules\[4mjsdom[24m\lib\jsdom\living\events\EventTarget-impl.js:350:25[90m)[39m
    at invokeEventListeners [90m(C:\Users\husey\kiro2\frontend\[39mnode_modules\[4mjsdom[24m\lib\jsdom\living\events\EventTarget-impl.js:286:3[90m)[39m
    at HTMLUnknownElementImpl._dispatch [90m(C:\Users\husey\kiro2\frontend\[39mnode_modules\[4mjsdom[24m\lib\jsdom\living\events\EventTarget-impl.js:233:9[90m)[39m
Error: Uncaught [ReferenceError: jest is not defined]
    at reportException (C:\Users\husey\kiro2\frontend\node_modules\jsdom\lib\jsdom\living\helpers\runtime-script-errors.js:66:24)
    at innerInvokeEventListeners (C:\Users\husey\kiro2\frontend\node_modules\jsdom\lib\jsdom\living\events\EventTarget-impl.js:353:9)
    at invokeEventListeners (C:\Users\husey\kiro2\frontend\node_modules\jsdom\lib\jsdom\living\events\EventTarget-impl.js:286:3)
    at HTMLUnknownElementImpl._dispatch (C:\Users\husey\kiro2\frontend\node_modules\jsdom\lib\jsdom\living\events\EventTarget-impl.js:233:9)
    at HTMLUnknownElementImpl.dispatchEvent (C:\Users\husey\kiro2\frontend\node_modules\jsdom\lib\jsdom\living\events\EventTarget-impl.js:104:17)
    at HTMLUnknownElement.dispatchEvent (C:\Users\husey\kiro2\frontend\node_modules\jsdom\lib\jsdom\living\generated\EventTarget.js:241:34)
    at Object.invokeGuardedCallbackDev (C:\Users\husey\kiro2\frontend\node_modules\react-dom\cjs\react-dom.development.js:4213:16)
    at invokeGuardedCallback (C:\Users\husey\kiro2\frontend\node_modules\react-dom\cjs\react-dom.development.js:4277:31)
    at beginWork$1 (C:\Users\husey\kiro2\frontend\node_modules\react-dom\cjs\react-dom.development.js:27490:7)
    at performUnitOfWork (C:\Users\husey\kiro2\frontend\node_modules\react-dom\cjs\react-dom.development.js:26599:12) ReferenceError: jest is not defined
    at useScreenReader [90m(C:\Users\husey\kiro2\frontend\[39msrc\test\accessibility.test.tsx:36:21[90m)[39m
    at AccessibleLayout [90m(C:\Users\husey\kiro2\frontend\[39msrc\components\Layout\AccessibleLayout.tsx:58:53[90m)[39m
    at renderWithHooks [90m(C:\Users\husey\kiro2\frontend\[39mnode_modules\[4mreact-dom[24m\cjs\react-dom.development.js:15486:18[90m)[39m
    at mountIndeterminateComponent [90m(C:\Users\husey\kiro2\frontend\[39mnode_modules\[4mreact-dom[24m\cjs\react-dom.development.js:20103:13[90m)[39m
    at beginWork [90m(C:\Users\husey\kiro2\frontend\[39mnode_modules\[4mreact-dom[24m\cjs\react-dom.development.js:21626:16[90m)[39m
    at HTMLUnknownElement.callCallback [90m(C:\Users\husey\kiro2\frontend\[39mnode_modules\[4mreact-dom[24m\cjs\react-dom.development.js:4164:14[90m)[39m
    at HTMLUnknownElement.callTheUserObjectsOperation [90m(C:\Users\husey\kiro2\frontend\[39mnode_modules\[4mjsdom[24m\lib\jsdom\living\generated\EventListener.js:26:30[90m)[39m
    at innerInvokeEventListeners [90m(C:\Users\husey\kiro2\frontend\[39mnode_modules\[4mjsdom[24m\lib\jsdom\living\events\EventTarget-impl.js:350:25[90m)[39m
    at invokeEventListeners [90m(C:\Users\husey\kiro2\frontend\[39mnode_modules\[4mjsdom[24m\lib\jsdom\living\events\EventTarget-impl.js:286:3[90m)[39m
    at HTMLUnknownElementImpl._dispatch [90m(C:\Users\husey\kiro2\frontend\[39mnode_modules\[4mjsdom[24m\lib\jsdom\living\events\EventTarget-impl.js:233:9[90m)[39m

            </system-err>
            <failure message="jest is not defined" type="ReferenceError">
ReferenceError: jest is not defined
 ❯ useScreenReader src/test/accessibility.test.tsx:36:21
 ❯ AccessibleLayout src/components/Layout/AccessibleLayout.tsx:58:53
 ❯ renderWithHooks node_modules/react-dom/cjs/react-dom.development.js:15486:18
 ❯ mountIndeterminateComponent node_modules/react-dom/cjs/react-dom.development.js:20103:13
 ❯ beginWork node_modules/react-dom/cjs/react-dom.development.js:21626:16
 ❯ beginWork$1 node_modules/react-dom/cjs/react-dom.development.js:27465:14
 ❯ performUnitOfWork node_modules/react-dom/cjs/react-dom.development.js:26599:12
 ❯ workLoopSync node_modules/react-dom/cjs/react-dom.development.js:26505:5
 ❯ renderRootSync node_modules/react-dom/cjs/react-dom.development.js:26473:7
 ❯ recoverFromConcurrentError node_modules/react-dom/cjs/react-dom.development.js:25889:20
            </failure>
        </testcase>
        <testcase classname="src/test/accessibility.test.tsx" name="WCAG 2.1 Level AA Uyumluluk Testleri &gt; Genel WCAG Uyumluluk &gt; tüm interaktif elementler minimum boyut gereksinimini karşılar" time="0.404828">
            <failure message="[2mexpect([22m[31melement[39m[2m).toHaveClass([22m[32m[32m&quot;wcag-aa-target-size&quot;[32m[39m[2m)[22m

Expected the element to have class:
[32m  wcag-aa-target-size[39m
Received:
[31m[39m" type="Error">
Error: expect(element).toHaveClass(&quot;wcag-aa-target-size&quot;)

Expected the element to have class:
  wcag-aa-target-size
Received:

 ❯ src/test/accessibility.test.tsx:613:22
            </failure>
        </testcase>
        <testcase classname="src/test/accessibility.test.tsx" name="WCAG 2.1 Level AA Uyumluluk Testleri &gt; Genel WCAG Uyumluluk &gt; renk kontrastı gereksinimlerini karşılar" time="0.0268485">
        </testcase>
        <testcase classname="src/test/accessibility.test.tsx" name="WCAG 2.1 Level AA Uyumluluk Testleri &gt; Genel WCAG Uyumluluk &gt; focus göstergeleri görünür" time="0.1636401">
            <failure message="[2mexpect([22m[31melement[39m[2m).toHaveClass([22m[32m[32m&quot;wcag-aa-focus&quot;[32m[39m[2m)[22m

Expected the element to have class:
[32m  wcag-aa-focus[39m
Received:
[31m[39m" type="Error">
Error: expect(element).toHaveClass(&quot;wcag-aa-focus&quot;)

Expected the element to have class:
  wcag-aa-focus
Received:

 ❯ src/test/accessibility.test.tsx:649:23
            </failure>
        </testcase>
        <testcase classname="src/test/accessibility.test.tsx" name="Performans Testleri &gt; büyük veri setleri ile performans" time="0.0148136">
            <system-err>
Error: Uncaught [ReferenceError: jest is not defined]
    at reportException (C:\Users\husey\kiro2\frontend\node_modules\jsdom\lib\jsdom\living\helpers\runtime-script-errors.js:66:24)
    at innerInvokeEventListeners (C:\Users\husey\kiro2\frontend\node_modules\jsdom\lib\jsdom\living\events\EventTarget-impl.js:353:9)
    at invokeEventListeners (C:\Users\husey\kiro2\frontend\node_modules\jsdom\lib\jsdom\living\events\EventTarget-impl.js:286:3)
    at HTMLUnknownElementImpl._dispatch (C:\Users\husey\kiro2\frontend\node_modules\jsdom\lib\jsdom\living\events\EventTarget-impl.js:233:9)
    at HTMLUnknownElementImpl.dispatchEvent (C:\Users\husey\kiro2\frontend\node_modules\jsdom\lib\jsdom\living\events\EventTarget-impl.js:104:17)
    at HTMLUnknownElement.dispatchEvent (C:\Users\husey\kiro2\frontend\node_modules\jsdom\lib\jsdom\living\generated\EventTarget.js:241:34)
    at Object.invokeGuardedCallbackDev (C:\Users\husey\kiro2\frontend\node_modules\react-dom\cjs\react-dom.development.js:4213:16)
    at invokeGuardedCallback (C:\Users\husey\kiro2\frontend\node_modules\react-dom\cjs\react-dom.development.js:4277:31)
    at beginWork$1 (C:\Users\husey\kiro2\frontend\node_modules\react-dom\cjs\react-dom.development.js:27490:7)
    at performUnitOfWork (C:\Users\husey\kiro2\frontend\node_modules\react-dom\cjs\react-dom.development.js:26599:12) ReferenceError: jest is not defined
    at useScreenReader [90m(C:\Users\husey\kiro2\frontend\[39msrc\test\accessibility.test.tsx:36:21[90m)[39m
    at AccessibleTable [90m(C:\Users\husey\kiro2\frontend\[39msrc\components\Common\AccessibleTable.tsx:122:47[90m)[39m
    at renderWithHooks [90m(C:\Users\husey\kiro2\frontend\[39mnode_modules\[4mreact-dom[24m\cjs\react-dom.development.js:15486:18[90m)[39m
    at mountIndeterminateComponent [90m(C:\Users\husey\kiro2\frontend\[39mnode_modules\[4mreact-dom[24m\cjs\react-dom.development.js:20103:13[90m)[39m
    at beginWork [90m(C:\Users\husey\kiro2\frontend\[39mnode_modules\[4mreact-dom[24m\cjs\react-dom.development.js:21626:16[90m)[39m
    at HTMLUnknownElement.callCallback [90m(C:\Users\husey\kiro2\frontend\[39mnode_modules\[4mreact-dom[24m\cjs\react-dom.development.js:4164:14[90m)[39m
    at HTMLUnknownElement.callTheUserObjectsOperation [90m(C:\Users\husey\kiro2\frontend\[39mnode_modules\[4mjsdom[24m\lib\jsdom\living\generated\EventListener.js:26:30[90m)[39m
    at innerInvokeEventListeners [90m(C:\Users\husey\kiro2\frontend\[39mnode_modules\[4mjsdom[24m\lib\jsdom\living\events\EventTarget-impl.js:350:25[90m)[39m
    at invokeEventListeners [90m(C:\Users\husey\kiro2\frontend\[39mnode_modules\[4mjsdom[24m\lib\jsdom\living\events\EventTarget-impl.js:286:3[90m)[39m
    at HTMLUnknownElementImpl._dispatch [90m(C:\Users\husey\kiro2\frontend\[39mnode_modules\[4mjsdom[24m\lib\jsdom\living\events\EventTarget-impl.js:233:9[90m)[39m
Error: Uncaught [ReferenceError: jest is not defined]
    at reportException (C:\Users\husey\kiro2\frontend\node_modules\jsdom\lib\jsdom\living\helpers\runtime-script-errors.js:66:24)
    at innerInvokeEventListeners (C:\Users\husey\kiro2\frontend\node_modules\jsdom\lib\jsdom\living\events\EventTarget-impl.js:353:9)
    at invokeEventListeners (C:\Users\husey\kiro2\frontend\node_modules\jsdom\lib\jsdom\living\events\EventTarget-impl.js:286:3)
    at HTMLUnknownElementImpl._dispatch (C:\Users\husey\kiro2\frontend\node_modules\jsdom\lib\jsdom\living\events\EventTarget-impl.js:233:9)
    at HTMLUnknownElementImpl.dispatchEvent (C:\Users\husey\kiro2\frontend\node_modules\jsdom\lib\jsdom\living\events\EventTarget-impl.js:104:17)
    at HTMLUnknownElement.dispatchEvent (C:\Users\husey\kiro2\frontend\node_modules\jsdom\lib\jsdom\living\generated\EventTarget.js:241:34)
    at Object.invokeGuardedCallbackDev (C:\Users\husey\kiro2\frontend\node_modules\react-dom\cjs\react-dom.development.js:4213:16)
    at invokeGuardedCallback (C:\Users\husey\kiro2\frontend\node_modules\react-dom\cjs\react-dom.development.js:4277:31)
    at beginWork$1 (C:\Users\husey\kiro2\frontend\node_modules\react-dom\cjs\react-dom.development.js:27490:7)
    at performUnitOfWork (C:\Users\husey\kiro2\frontend\node_modules\react-dom\cjs\react-dom.development.js:26599:12) ReferenceError: jest is not defined
    at useScreenReader [90m(C:\Users\husey\kiro2\frontend\[39msrc\test\accessibility.test.tsx:36:21[90m)[39m
    at AccessibleTable [90m(C:\Users\husey\kiro2\frontend\[39msrc\components\Common\AccessibleTable.tsx:122:47[90m)[39m
    at renderWithHooks [90m(C:\Users\husey\kiro2\frontend\[39mnode_modules\[4mreact-dom[24m\cjs\react-dom.development.js:15486:18[90m)[39m
    at mountIndeterminateComponent [90m(C:\Users\husey\kiro2\frontend\[39mnode_modules\[4mreact-dom[24m\cjs\react-dom.development.js:20103:13[90m)[39m
    at beginWork [90m(C:\Users\husey\kiro2\frontend\[39mnode_modules\[4mreact-dom[24m\cjs\react-dom.development.js:21626:16[90m)[39m
    at HTMLUnknownElement.callCallback [90m(C:\Users\husey\kiro2\frontend\[39mnode_modules\[4mreact-dom[24m\cjs\react-dom.development.js:4164:14[90m)[39m
    at HTMLUnknownElement.callTheUserObjectsOperation [90m(C:\Users\husey\kiro2\frontend\[39mnode_modules\[4mjsdom[24m\lib\jsdom\living\generated\EventListener.js:26:30[90m)[39m
    at innerInvokeEventListeners [90m(C:\Users\husey\kiro2\frontend\[39mnode_modules\[4mjsdom[24m\lib\jsdom\living\events\EventTarget-impl.js:350:25[90m)[39m
    at invokeEventListeners [90m(C:\Users\husey\kiro2\frontend\[39mnode_modules\[4mjsdom[24m\lib\jsdom\living\events\EventTarget-impl.js:286:3[90m)[39m
    at HTMLUnknownElementImpl._dispatch [90m(C:\Users\husey\kiro2\frontend\[39mnode_modules\[4mjsdom[24m\lib\jsdom\living\events\EventTarget-impl.js:233:9[90m)[39m

            </system-err>
            <failure message="jest is not defined" type="ReferenceError">
ReferenceError: jest is not defined
 ❯ useScreenReader src/test/accessibility.test.tsx:36:21
 ❯ AccessibleTable src/components/Common/AccessibleTable.tsx:122:47
 ❯ renderWithHooks node_modules/react-dom/cjs/react-dom.development.js:15486:18
 ❯ mountIndeterminateComponent node_modules/react-dom/cjs/react-dom.development.js:20103:13
 ❯ beginWork node_modules/react-dom/cjs/react-dom.development.js:21626:16
 ❯ beginWork$1 node_modules/react-dom/cjs/react-dom.development.js:27465:14
 ❯ performUnitOfWork node_modules/react-dom/cjs/react-dom.development.js:26599:12
 ❯ workLoopSync node_modules/react-dom/cjs/react-dom.development.js:26505:5
 ❯ renderRootSync node_modules/react-dom/cjs/react-dom.development.js:26473:7
 ❯ recoverFromConcurrentError node_modules/react-dom/cjs/react-dom.development.js:25889:20
            </failure>
        </testcase>
        <testcase classname="src/test/accessibility.test.tsx" name="Performans Testleri &gt; çoklu modal açma performansı" time="0.0921547">
            <system-err>
Error: Uncaught [ReferenceError: jest is not defined]
    at reportException (C:\Users\husey\kiro2\frontend\node_modules\jsdom\lib\jsdom\living\helpers\runtime-script-errors.js:66:24)
    at innerInvokeEventListeners (C:\Users\husey\kiro2\frontend\node_modules\jsdom\lib\jsdom\living\events\EventTarget-impl.js:353:9)
    at invokeEventListeners (C:\Users\husey\kiro2\frontend\node_modules\jsdom\lib\jsdom\living\events\EventTarget-impl.js:286:3)
    at HTMLUnknownElementImpl._dispatch (C:\Users\husey\kiro2\frontend\node_modules\jsdom\lib\jsdom\living\events\EventTarget-impl.js:233:9)
    at HTMLUnknownElementImpl.dispatchEvent (C:\Users\husey\kiro2\frontend\node_modules\jsdom\lib\jsdom\living\events\EventTarget-impl.js:104:17)
    at HTMLUnknownElement.dispatchEvent (C:\Users\husey\kiro2\frontend\node_modules\jsdom\lib\jsdom\living\generated\EventTarget.js:241:34)
    at Object.invokeGuardedCallbackDev (C:\Users\husey\kiro2\frontend\node_modules\react-dom\cjs\react-dom.development.js:4213:16)
    at invokeGuardedCallback (C:\Users\husey\kiro2\frontend\node_modules\react-dom\cjs\react-dom.development.js:4277:31)
    at beginWork$1 (C:\Users\husey\kiro2\frontend\node_modules\react-dom\cjs\react-dom.development.js:27490:7)
    at performUnitOfWork (C:\Users\husey\kiro2\frontend\node_modules\react-dom\cjs\react-dom.development.js:26599:12) ReferenceError: jest is not defined
    at useScreenReader [90m(C:\Users\husey\kiro2\frontend\[39msrc\test\accessibility.test.tsx:36:21[90m)[39m
    at AccessibleModal [90m(C:\Users\husey\kiro2\frontend\[39msrc\components\Common\AccessibleModal.tsx:61:37[90m)[39m
    at renderWithHooks [90m(C:\Users\husey\kiro2\frontend\[39mnode_modules\[4mreact-dom[24m\cjs\react-dom.development.js:15486:18[90m)[39m
    at mountIndeterminateComponent [90m(C:\Users\husey\kiro2\frontend\[39mnode_modules\[4mreact-dom[24m\cjs\react-dom.development.js:20103:13[90m)[39m
    at beginWork [90m(C:\Users\husey\kiro2\frontend\[39mnode_modules\[4mreact-dom[24m\cjs\react-dom.development.js:21626:16[90m)[39m
    at HTMLUnknownElement.callCallback [90m(C:\Users\husey\kiro2\frontend\[39mnode_modules\[4mreact-dom[24m\cjs\react-dom.development.js:4164:14[90m)[39m
    at HTMLUnknownElement.callTheUserObjectsOperation [90m(C:\Users\husey\kiro2\frontend\[39mnode_modules\[4mjsdom[24m\lib\jsdom\living\generated\EventListener.js:26:30[90m)[39m
    at innerInvokeEventListeners [90m(C:\Users\husey\kiro2\frontend\[39mnode_modules\[4mjsdom[24m\lib\jsdom\living\events\EventTarget-impl.js:350:25[90m)[39m
    at invokeEventListeners [90m(C:\Users\husey\kiro2\frontend\[39mnode_modules\[4mjsdom[24m\lib\jsdom\living\events\EventTarget-impl.js:286:3[90m)[39m
    at HTMLUnknownElementImpl._dispatch [90m(C:\Users\husey\kiro2\frontend\[39mnode_modules\[4mjsdom[24m\lib\jsdom\living\events\EventTarget-impl.js:233:9[90m)[39m
Error: Uncaught [ReferenceError: jest is not defined]
    at reportException (C:\Users\husey\kiro2\frontend\node_modules\jsdom\lib\jsdom\living\helpers\runtime-script-errors.js:66:24)
    at innerInvokeEventListeners (C:\Users\husey\kiro2\frontend\node_modules\jsdom\lib\jsdom\living\events\EventTarget-impl.js:353:9)
    at invokeEventListeners (C:\Users\husey\kiro2\frontend\node_modules\jsdom\lib\jsdom\living\events\EventTarget-impl.js:286:3)
    at HTMLUnknownElementImpl._dispatch (C:\Users\husey\kiro2\frontend\node_modules\jsdom\lib\jsdom\living\events\EventTarget-impl.js:233:9)
    at HTMLUnknownElementImpl.dispatchEvent (C:\Users\husey\kiro2\frontend\node_modules\jsdom\lib\jsdom\living\events\EventTarget-impl.js:104:17)
    at HTMLUnknownElement.dispatchEvent (C:\Users\husey\kiro2\frontend\node_modules\jsdom\lib\jsdom\living\generated\EventTarget.js:241:34)
    at Object.invokeGuardedCallbackDev (C:\Users\husey\kiro2\frontend\node_modules\react-dom\cjs\react-dom.development.js:4213:16)
    at invokeGuardedCallback (C:\Users\husey\kiro2\frontend\node_modules\react-dom\cjs\react-dom.development.js:4277:31)
    at beginWork$1 (C:\Users\husey\kiro2\frontend\node_modules\react-dom\cjs\react-dom.development.js:27490:7)
    at performUnitOfWork (C:\Users\husey\kiro2\frontend\node_modules\react-dom\cjs\react-dom.development.js:26599:12) ReferenceError: jest is not defined
    at useScreenReader [90m(C:\Users\husey\kiro2\frontend\[39msrc\test\accessibility.test.tsx:36:21[90m)[39m
    at AccessibleModal [90m(C:\Users\husey\kiro2\frontend\[39msrc\components\Common\AccessibleModal.tsx:61:37[90m)[39m
    at renderWithHooks [90m(C:\Users\husey\kiro2\frontend\[39mnode_modules\[4mreact-dom[24m\cjs\react-dom.development.js:15486:18[90m)[39m
    at mountIndeterminateComponent [90m(C:\Users\husey\kiro2\frontend\[39mnode_modules\[4mreact-dom[24m\cjs\react-dom.development.js:20103:13[90m)[39m
    at beginWork [90m(C:\Users\husey\kiro2\frontend\[39mnode_modules\[4mreact-dom[24m\cjs\react-dom.development.js:21626:16[90m)[39m
    at HTMLUnknownElement.callCallback [90m(C:\Users\husey\kiro2\frontend\[39mnode_modules\[4mreact-dom[24m\cjs\react-dom.development.js:4164:14[90m)[39m
    at HTMLUnknownElement.callTheUserObjectsOperation [90m(C:\Users\husey\kiro2\frontend\[39mnode_modules\[4mjsdom[24m\lib\jsdom\living\generated\EventListener.js:26:30[90m)[39m
    at innerInvokeEventListeners [90m(C:\Users\husey\kiro2\frontend\[39mnode_modules\[4mjsdom[24m\lib\jsdom\living\events\EventTarget-impl.js:350:25[90m)[39m
    at invokeEventListeners [90m(C:\Users\husey\kiro2\frontend\[39mnode_modules\[4mjsdom[24m\lib\jsdom\living\events\EventTarget-impl.js:286:3[90m)[39m
    at HTMLUnknownElementImpl._dispatch [90m(C:\Users\husey\kiro2\frontend\[39mnode_modules\[4mjsdom[24m\lib\jsdom\living\events\EventTarget-impl.js:233:9[90m)[39m
Error: Uncaught [ReferenceError: jest is not defined]
    at reportException (C:\Users\husey\kiro2\frontend\node_modules\jsdom\lib\jsdom\living\helpers\runtime-script-errors.js:66:24)
    at innerInvokeEventListeners (C:\Users\husey\kiro2\frontend\node_modules\jsdom\lib\jsdom\living\events\EventTarget-impl.js:353:9)
    at invokeEventListeners (C:\Users\husey\kiro2\frontend\node_modules\jsdom\lib\jsdom\living\events\EventTarget-impl.js:286:3)
    at HTMLUnknownElementImpl._dispatch (C:\Users\husey\kiro2\frontend\node_modules\jsdom\lib\jsdom\living\events\EventTarget-impl.js:233:9)
    at HTMLUnknownElementImpl.dispatchEvent (C:\Users\husey\kiro2\frontend\node_modules\jsdom\lib\jsdom\living\events\EventTarget-impl.js:104:17)
    at HTMLUnknownElement.dispatchEvent (C:\Users\husey\kiro2\frontend\node_modules\jsdom\lib\jsdom\living\generated\EventTarget.js:241:34)
    at Object.invokeGuardedCallbackDev (C:\Users\husey\kiro2\frontend\node_modules\react-dom\cjs\react-dom.development.js:4213:16)
    at invokeGuardedCallback (C:\Users\husey\kiro2\frontend\node_modules\react-dom\cjs\react-dom.development.js:4277:31)
    at beginWork$1 (C:\Users\husey\kiro2\frontend\node_modules\react-dom\cjs\react-dom.development.js:27490:7)
    at performUnitOfWork (C:\Users\husey\kiro2\frontend\node_modules\react-dom\cjs\react-dom.development.js:26599:12) ReferenceError: jest is not defined
    at useScreenReader [90m(C:\Users\husey\kiro2\frontend\[39msrc\test\accessibility.test.tsx:36:21[90m)[39m
    at AccessibleModal [90m(C:\Users\husey\kiro2\frontend\[39msrc\components\Common\AccessibleModal.tsx:61:37[90m)[39m
    at renderWithHooks [90m(C:\Users\husey\kiro2\frontend\[39mnode_modules\[4mreact-dom[24m\cjs\react-dom.development.js:15486:18[90m)[39m
    at mountIndeterminateComponent [90m(C:\Users\husey\kiro2\frontend\[39mnode_modules\[4mreact-dom[24m\cjs\react-dom.development.js:20103:13[90m)[39m
    at beginWork [90m(C:\Users\husey\kiro2\frontend\[39mnode_modules\[4mreact-dom[24m\cjs\react-dom.development.js:21626:16[90m)[39m
    at HTMLUnknownElement.callCallback [90m(C:\Users\husey\kiro2\frontend\[39mnode_modules\[4mreact-dom[24m\cjs\react-dom.development.js:4164:14[90m)[39m
    at HTMLUnknownElement.callTheUserObjectsOperation [90m(C:\Users\husey\kiro2\frontend\[39mnode_modules\[4mjsdom[24m\lib\jsdom\living\generated\EventListener.js:26:30[90m)[39m
    at innerInvokeEventListeners [90m(C:\Users\husey\kiro2\frontend\[39mnode_modules\[4mjsdom[24m\lib\jsdom\living\events\EventTarget-impl.js:350:25[90m)[39m
    at invokeEventListeners [90m(C:\Users\husey\kiro2\frontend\[39mnode_modules\[4mjsdom[24m\lib\jsdom\living\events\EventTarget-impl.js:286:3[90m)[39m
    at HTMLUnknownElementImpl._dispatch [90m(C:\Users\husey\kiro2\frontend\[39mnode_modules\[4mjsdom[24m\lib\jsdom\living\events\EventTarget-impl.js:233:9[90m)[39m
Error: Uncaught [ReferenceError: jest is not defined]
    at reportException (C:\Users\husey\kiro2\frontend\node_modules\jsdom\lib\jsdom\living\helpers\runtime-script-errors.js:66:24)
    at innerInvokeEventListeners (C:\Users\husey\kiro2\frontend\node_modules\jsdom\lib\jsdom\living\events\EventTarget-impl.js:353:9)
    at invokeEventListeners (C:\Users\husey\kiro2\frontend\node_modules\jsdom\lib\jsdom\living\events\EventTarget-impl.js:286:3)
    at HTMLUnknownElementImpl._dispatch (C:\Users\husey\kiro2\frontend\node_modules\jsdom\lib\jsdom\living\events\EventTarget-impl.js:233:9)
    at HTMLUnknownElementImpl.dispatchEvent (C:\Users\husey\kiro2\frontend\node_modules\jsdom\lib\jsdom\living\events\EventTarget-impl.js:104:17)
    at HTMLUnknownElement.dispatchEvent (C:\Users\husey\kiro2\frontend\node_modules\jsdom\lib\jsdom\living\generated\EventTarget.js:241:34)
    at Object.invokeGuardedCallbackDev (C:\Users\husey\kiro2\frontend\node_modules\react-dom\cjs\react-dom.development.js:4213:16)
    at invokeGuardedCallback (C:\Users\husey\kiro2\frontend\node_modules\react-dom\cjs\react-dom.development.js:4277:31)
    at beginWork$1 (C:\Users\husey\kiro2\frontend\node_modules\react-dom\cjs\react-dom.development.js:27490:7)
    at performUnitOfWork (C:\Users\husey\kiro2\frontend\node_modules\react-dom\cjs\react-dom.development.js:26599:12) ReferenceError: jest is not defined
    at useScreenReader [90m(C:\Users\husey\kiro2\frontend\[39msrc\test\accessibility.test.tsx:36:21[90m)[39m
    at AccessibleModal [90m(C:\Users\husey\kiro2\frontend\[39msrc\components\Common\AccessibleModal.tsx:61:37[90m)[39m
    at renderWithHooks [90m(C:\Users\husey\kiro2\frontend\[39mnode_modules\[4mreact-dom[24m\cjs\react-dom.development.js:15486:18[90m)[39m
    at mountIndeterminateComponent [90m(C:\Users\husey\kiro2\frontend\[39mnode_modules\[4mreact-dom[24m\cjs\react-dom.development.js:20103:13[90m)[39m
    at beginWork [90m(C:\Users\husey\kiro2\frontend\[39mnode_modules\[4mreact-dom[24m\cjs\react-dom.development.js:21626:16[90m)[39m
    at HTMLUnknownElement.callCallback [90m(C:\Users\husey\kiro2\frontend\[39mnode_modules\[4mreact-dom[24m\cjs\react-dom.development.js:4164:14[90m)[39m
    at HTMLUnknownElement.callTheUserObjectsOperation [90m(C:\Users\husey\kiro2\frontend\[39mnode_modules\[4mjsdom[24m\lib\jsdom\living\generated\EventListener.js:26:30[90m)[39m
    at innerInvokeEventListeners [90m(C:\Users\husey\kiro2\frontend\[39mnode_modules\[4mjsdom[24m\lib\jsdom\living\events\EventTarget-impl.js:350:25[90m)[39m
    at invokeEventListeners [90m(C:\Users\husey\kiro2\frontend\[39mnode_modules\[4mjsdom[24m\lib\jsdom\living\events\EventTarget-impl.js:286:3[90m)[39m
    at HTMLUnknownElementImpl._dispatch [90m(C:\Users\husey\kiro2\frontend\[39mnode_modules\[4mjsdom[24m\lib\jsdom\living\events\EventTarget-impl.js:233:9[90m)[39m
Error: Uncaught [ReferenceError: jest is not defined]
    at reportException (C:\Users\husey\kiro2\frontend\node_modules\jsdom\lib\jsdom\living\helpers\runtime-script-errors.js:66:24)
    at innerInvokeEventListeners (C:\Users\husey\kiro2\frontend\node_modules\jsdom\lib\jsdom\living\events\EventTarget-impl.js:353:9)
    at invokeEventListeners (C:\Users\husey\kiro2\frontend\node_modules\jsdom\lib\jsdom\living\events\EventTarget-impl.js:286:3)
    at HTMLUnknownElementImpl._dispatch (C:\Users\husey\kiro2\frontend\node_modules\jsdom\lib\jsdom\living\events\EventTarget-impl.js:233:9)
    at HTMLUnknownElementImpl.dispatchEvent (C:\Users\husey\kiro2\frontend\node_modules\jsdom\lib\jsdom\living\events\EventTarget-impl.js:104:17)
    at HTMLUnknownElement.dispatchEvent (C:\Users\husey\kiro2\frontend\node_modules\jsdom\lib\jsdom\living\generated\EventTarget.js:241:34)
    at Object.invokeGuardedCallbackDev (C:\Users\husey\kiro2\frontend\node_modules\react-dom\cjs\react-dom.development.js:4213:16)
    at invokeGuardedCallback (C:\Users\husey\kiro2\frontend\node_modules\react-dom\cjs\react-dom.development.js:4277:31)
    at beginWork$1 (C:\Users\husey\kiro2\frontend\node_modules\react-dom\cjs\react-dom.development.js:27490:7)
    at performUnitOfWork (C:\Users\husey\kiro2\frontend\node_modules\react-dom\cjs\react-dom.development.js:26599:12) ReferenceError: jest is not defined
    at useScreenReader [90m(C:\Users\husey\kiro2\frontend\[39msrc\test\accessibility.test.tsx:36:21[90m)[39m
    at AccessibleModal [90m(C:\Users\husey\kiro2\frontend\[39msrc\components\Common\AccessibleModal.tsx:61:37[90m)[39m
    at renderWithHooks [90m(C:\Users\husey\kiro2\frontend\[39mnode_modules\[4mreact-dom[24m\cjs\react-dom.development.js:15486:18[90m)[39m
    at mountIndeterminateComponent [90m(C:\Users\husey\kiro2\frontend\[39mnode_modules\[4mreact-dom[24m\cjs\react-dom.development.js:20103:13[90m)[39m
    at beginWork [90m(C:\Users\husey\kiro2\frontend\[39mnode_modules\[4mreact-dom[24m\cjs\react-dom.development.js:21626:16[90m)[39m
    at HTMLUnknownElement.callCallback [90m(C:\Users\husey\kiro2\frontend\[39mnode_modules\[4mreact-dom[24m\cjs\react-dom.development.js:4164:14[90m)[39m
    at HTMLUnknownElement.callTheUserObjectsOperation [90m(C:\Users\husey\kiro2\frontend\[39mnode_modules\[4mjsdom[24m\lib\jsdom\living\generated\EventListener.js:26:30[90m)[39m
    at innerInvokeEventListeners [90m(C:\Users\husey\kiro2\frontend\[39mnode_modules\[4mjsdom[24m\lib\jsdom\living\events\EventTarget-impl.js:350:25[90m)[39m
    at invokeEventListeners [90m(C:\Users\husey\kiro2\frontend\[39mnode_modules\[4mjsdom[24m\lib\jsdom\living\events\EventTarget-impl.js:286:3[90m)[39m
    at HTMLUnknownElementImpl._dispatch [90m(C:\Users\husey\kiro2\frontend\[39mnode_modules\[4mjsdom[24m\lib\jsdom\living\events\EventTarget-impl.js:233:9[90m)[39m
Error: Uncaught [ReferenceError: jest is not defined]
    at reportException (C:\Users\husey\kiro2\frontend\node_modules\jsdom\lib\jsdom\living\helpers\runtime-script-errors.js:66:24)
    at innerInvokeEventListeners (C:\Users\husey\kiro2\frontend\node_modules\jsdom\lib\jsdom\living\events\EventTarget-impl.js:353:9)
    at invokeEventListeners (C:\Users\husey\kiro2\frontend\node_modules\jsdom\lib\jsdom\living\events\EventTarget-impl.js:286:3)
    at HTMLUnknownElementImpl._dispatch (C:\Users\husey\kiro2\frontend\node_modules\jsdom\lib\jsdom\living\events\EventTarget-impl.js:233:9)
    at HTMLUnknownElementImpl.dispatchEvent (C:\Users\husey\kiro2\frontend\node_modules\jsdom\lib\jsdom\living\events\EventTarget-impl.js:104:17)
    at HTMLUnknownElement.dispatchEvent (C:\Users\husey\kiro2\frontend\node_modules\jsdom\lib\jsdom\living\generated\EventTarget.js:241:34)
    at Object.invokeGuardedCallbackDev (C:\Users\husey\kiro2\frontend\node_modules\react-dom\cjs\react-dom.development.js:4213:16)
    at invokeGuardedCallback (C:\Users\husey\kiro2\frontend\node_modules\react-dom\cjs\react-dom.development.js:4277:31)
    at beginWork$1 (C:\Users\husey\kiro2\frontend\node_modules\react-dom\cjs\react-dom.development.js:27490:7)
    at performUnitOfWork (C:\Users\husey\kiro2\frontend\node_modules\react-dom\cjs\react-dom.development.js:26599:12) ReferenceError: jest is not defined
    at useScreenReader [90m(C:\Users\husey\kiro2\frontend\[39msrc\test\accessibility.test.tsx:36:21[90m)[39m
    at AccessibleModal [90m(C:\Users\husey\kiro2\frontend\[39msrc\components\Common\AccessibleModal.tsx:61:37[90m)[39m
    at renderWithHooks [90m(C:\Users\husey\kiro2\frontend\[39mnode_modules\[4mreact-dom[24m\cjs\react-dom.development.js:15486:18[90m)[39m
    at mountIndeterminateComponent [90m(C:\Users\husey\kiro2\frontend\[39mnode_modules\[4mreact-dom[24m\cjs\react-dom.development.js:20103:13[90m)[39m
    at beginWork [90m(C:\Users\husey\kiro2\frontend\[39mnode_modules\[4mreact-dom[24m\cjs\react-dom.development.js:21626:16[90m)[39m
    at HTMLUnknownElement.callCallback [90m(C:\Users\husey\kiro2\frontend\[39mnode_modules\[4mreact-dom[24m\cjs\react-dom.development.js:4164:14[90m)[39m
    at HTMLUnknownElement.callTheUserObjectsOperation [90m(C:\Users\husey\kiro2\frontend\[39mnode_modules\[4mjsdom[24m\lib\jsdom\living\generated\EventListener.js:26:30[90m)[39m
    at innerInvokeEventListeners [90m(C:\Users\husey\kiro2\frontend\[39mnode_modules\[4mjsdom[24m\lib\jsdom\living\events\EventTarget-impl.js:350:25[90m)[39m
    at invokeEventListeners [90m(C:\Users\husey\kiro2\frontend\[39mnode_modules\[4mjsdom[24m\lib\jsdom\living\events\EventTarget-impl.js:286:3[90m)[39m
    at HTMLUnknownElementImpl._dispatch [90m(C:\Users\husey\kiro2\frontend\[39mnode_modules\[4mjsdom[24m\lib\jsdom\living\events\EventTarget-impl.js:233:9[90m)[39m
Error: Uncaught [ReferenceError: jest is not defined]
    at reportException (C:\Users\husey\kiro2\frontend\node_modules\jsdom\lib\jsdom\living\helpers\runtime-script-errors.js:66:24)
    at innerInvokeEventListeners (C:\Users\husey\kiro2\frontend\node_modules\jsdom\lib\jsdom\living\events\EventTarget-impl.js:353:9)
    at invokeEventListeners (C:\Users\husey\kiro2\frontend\node_modules\jsdom\lib\jsdom\living\events\EventTarget-impl.js:286:3)
    at HTMLUnknownElementImpl._dispatch (C:\Users\husey\kiro2\frontend\node_modules\jsdom\lib\jsdom\living\events\EventTarget-impl.js:233:9)
    at HTMLUnknownElementImpl.dispatchEvent (C:\Users\husey\kiro2\frontend\node_modules\jsdom\lib\jsdom\living\events\EventTarget-impl.js:104:17)
    at HTMLUnknownElement.dispatchEvent (C:\Users\husey\kiro2\frontend\node_modules\jsdom\lib\jsdom\living\generated\EventTarget.js:241:34)
    at Object.invokeGuardedCallbackDev (C:\Users\husey\kiro2\frontend\node_modules\react-dom\cjs\react-dom.development.js:4213:16)
    at invokeGuardedCallback (C:\Users\husey\kiro2\frontend\node_modules\react-dom\cjs\react-dom.development.js:4277:31)
    at beginWork$1 (C:\Users\husey\kiro2\frontend\node_modules\react-dom\cjs\react-dom.development.js:27490:7)
    at performUnitOfWork (C:\Users\husey\kiro2\frontend\node_modules\react-dom\cjs\react-dom.development.js:26599:12) ReferenceError: jest is not defined
    at useScreenReader [90m(C:\Users\husey\kiro2\frontend\[39msrc\test\accessibility.test.tsx:36:21[90m)[39m
    at AccessibleModal [90m(C:\Users\husey\kiro2\frontend\[39msrc\components\Common\AccessibleModal.tsx:61:37[90m)[39m
    at renderWithHooks [90m(C:\Users\husey\kiro2\frontend\[39mnode_modules\[4mreact-dom[24m\cjs\react-dom.development.js:15486:18[90m)[39m
    at mountIndeterminateComponent [90m(C:\Users\husey\kiro2\frontend\[39mnode_modules\[4mreact-dom[24m\cjs\react-dom.development.js:20103:13[90m)[39m
    at beginWork [90m(C:\Users\husey\kiro2\frontend\[39mnode_modules\[4mreact-dom[24m\cjs\react-dom.development.js:21626:16[90m)[39m
    at HTMLUnknownElement.callCallback [90m(C:\Users\husey\kiro2\frontend\[39mnode_modules\[4mreact-dom[24m\cjs\react-dom.development.js:4164:14[90m)[39m
    at HTMLUnknownElement.callTheUserObjectsOperation [90m(C:\Users\husey\kiro2\frontend\[39mnode_modules\[4mjsdom[24m\lib\jsdom\living\generated\EventListener.js:26:30[90m)[39m
    at innerInvokeEventListeners [90m(C:\Users\husey\kiro2\frontend\[39mnode_modules\[4mjsdom[24m\lib\jsdom\living\events\EventTarget-impl.js:350:25[90m)[39m
    at invokeEventListeners [90m(C:\Users\husey\kiro2\frontend\[39mnode_modules\[4mjsdom[24m\lib\jsdom\living\events\EventTarget-impl.js:286:3[90m)[39m
    at HTMLUnknownElementImpl._dispatch [90m(C:\Users\husey\kiro2\frontend\[39mnode_modules\[4mjsdom[24m\lib\jsdom\living\events\EventTarget-impl.js:233:9[90m)[39m
Error: Uncaught [ReferenceError: jest is not defined]
    at reportException (C:\Users\husey\kiro2\frontend\node_modules\jsdom\lib\jsdom\living\helpers\runtime-script-errors.js:66:24)
    at innerInvokeEventListeners (C:\Users\husey\kiro2\frontend\node_modules\jsdom\lib\jsdom\living\events\EventTarget-impl.js:353:9)
    at invokeEventListeners (C:\Users\husey\kiro2\frontend\node_modules\jsdom\lib\jsdom\living\events\EventTarget-impl.js:286:3)
    at HTMLUnknownElementImpl._dispatch (C:\Users\husey\kiro2\frontend\node_modules\jsdom\lib\jsdom\living\events\EventTarget-impl.js:233:9)
    at HTMLUnknownElementImpl.dispatchEvent (C:\Users\husey\kiro2\frontend\node_modules\jsdom\lib\jsdom\living\events\EventTarget-impl.js:104:17)
    at HTMLUnknownElement.dispatchEvent (C:\Users\husey\kiro2\frontend\node_modules\jsdom\lib\jsdom\living\generated\EventTarget.js:241:34)
    at Object.invokeGuardedCallbackDev (C:\Users\husey\kiro2\frontend\node_modules\react-dom\cjs\react-dom.development.js:4213:16)
    at invokeGuardedCallback (C:\Users\husey\kiro2\frontend\node_modules\react-dom\cjs\react-dom.development.js:4277:31)
    at beginWork$1 (C:\Users\husey\kiro2\frontend\node_modules\react-dom\cjs\react-dom.development.js:27490:7)
    at performUnitOfWork (C:\Users\husey\kiro2\frontend\node_modules\react-dom\cjs\react-dom.development.js:26599:12) ReferenceError: jest is not defined
    at useScreenReader [90m(C:\Users\husey\kiro2\frontend\[39msrc\test\accessibility.test.tsx:36:21[90m)[39m
    at AccessibleModal [90m(C:\Users\husey\kiro2\frontend\[39msrc\components\Common\AccessibleModal.tsx:61:37[90m)[39m
    at renderWithHooks [90m(C:\Users\husey\kiro2\frontend\[39mnode_modules\[4mreact-dom[24m\cjs\react-dom.development.js:15486:18[90m)[39m
    at mountIndeterminateComponent [90m(C:\Users\husey\kiro2\frontend\[39mnode_modules\[4mreact-dom[24m\cjs\react-dom.development.js:20103:13[90m)[39m
    at beginWork [90m(C:\Users\husey\kiro2\frontend\[39mnode_modules\[4mreact-dom[24m\cjs\react-dom.development.js:21626:16[90m)[39m
    at HTMLUnknownElement.callCallback [90m(C:\Users\husey\kiro2\frontend\[39mnode_modules\[4mreact-dom[24m\cjs\react-dom.development.js:4164:14[90m)[39m
    at HTMLUnknownElement.callTheUserObjectsOperation [90m(C:\Users\husey\kiro2\frontend\[39mnode_modules\[4mjsdom[24m\lib\jsdom\living\generated\EventListener.js:26:30[90m)[39m
    at innerInvokeEventListeners [90m(C:\Users\husey\kiro2\frontend\[39mnode_modules\[4mjsdom[24m\lib\jsdom\living\events\EventTarget-impl.js:350:25[90m)[39m
    at invokeEventListeners [90m(C:\Users\husey\kiro2\frontend\[39mnode_modules\[4mjsdom[24m\lib\jsdom\living\events\EventTarget-impl.js:286:3[90m)[39m
    at HTMLUnknownElementImpl._dispatch [90m(C:\Users\husey\kiro2\frontend\[39mnode_modules\[4mjsdom[24m\lib\jsdom\living\events\EventTarget-impl.js:233:9[90m)[39m
Error: Uncaught [ReferenceError: jest is not defined]
    at reportException (C:\Users\husey\kiro2\frontend\node_modules\jsdom\lib\jsdom\living\helpers\runtime-script-errors.js:66:24)
    at innerInvokeEventListeners (C:\Users\husey\kiro2\frontend\node_modules\jsdom\lib\jsdom\living\events\EventTarget-impl.js:353:9)
    at invokeEventListeners (C:\Users\husey\kiro2\frontend\node_modules\jsdom\lib\jsdom\living\events\EventTarget-impl.js:286:3)
    at HTMLUnknownElementImpl._dispatch (C:\Users\husey\kiro2\frontend\node_modules\jsdom\lib\jsdom\living\events\EventTarget-impl.js:233:9)
    at HTMLUnknownElementImpl.dispatchEvent (C:\Users\husey\kiro2\frontend\node_modules\jsdom\lib\jsdom\living\events\EventTarget-impl.js:104:17)
    at HTMLUnknownElement.dispatchEvent (C:\Users\husey\kiro2\frontend\node_modules\jsdom\lib\jsdom\living\generated\EventTarget.js:241:34)
    at Object.invokeGuardedCallbackDev (C:\Users\husey\kiro2\frontend\node_modules\react-dom\cjs\react-dom.development.js:4213:16)
    at invokeGuardedCallback (C:\Users\husey\kiro2\frontend\node_modules\react-dom\cjs\react-dom.development.js:4277:31)
    at beginWork$1 (C:\Users\husey\kiro2\frontend\node_modules\react-dom\cjs\react-dom.development.js:27490:7)
    at performUnitOfWork (C:\Users\husey\kiro2\frontend\node_modules\react-dom\cjs\react-dom.development.js:26599:12) ReferenceError: jest is not defined
    at useScreenReader [90m(C:\Users\husey\kiro2\frontend\[39msrc\test\accessibility.test.tsx:36:21[90m)[39m
    at AccessibleModal [90m(C:\Users\husey\kiro2\frontend\[39msrc\components\Common\AccessibleModal.tsx:61:37[90m)[39m
    at renderWithHooks [90m(C:\Users\husey\kiro2\frontend\[39mnode_modules\[4mreact-dom[24m\cjs\react-dom.development.js:15486:18[90m)[39m
    at mountIndeterminateComponent [90m(C:\Users\husey\kiro2\frontend\[39mnode_modules\[4mreact-dom[24m\cjs\react-dom.development.js:20103:13[90m)[39m
    at beginWork [90m(C:\Users\husey\kiro2\frontend\[39mnode_modules\[4mreact-dom[24m\cjs\react-dom.development.js:21626:16[90m)[39m
    at HTMLUnknownElement.callCallback [90m(C:\Users\husey\kiro2\frontend\[39mnode_modules\[4mreact-dom[24m\cjs\react-dom.development.js:4164:14[90m)[39m
    at HTMLUnknownElement.callTheUserObjectsOperation [90m(C:\Users\husey\kiro2\frontend\[39mnode_modules\[4mjsdom[24m\lib\jsdom\living\generated\EventListener.js:26:30[90m)[39m
    at innerInvokeEventListeners [90m(C:\Users\husey\kiro2\frontend\[39mnode_modules\[4mjsdom[24m\lib\jsdom\living\events\EventTarget-impl.js:350:25[90m)[39m
    at invokeEventListeners [90m(C:\Users\husey\kiro2\frontend\[39mnode_modules\[4mjsdom[24m\lib\jsdom\living\events\EventTarget-impl.js:286:3[90m)[39m
    at HTMLUnknownElementImpl._dispatch [90m(C:\Users\husey\kiro2\frontend\[39mnode_modules\[4mjsdom[24m\lib\jsdom\living\events\EventTarget-impl.js:233:9[90m)[39m
Error: Uncaught [ReferenceError: jest is not defined]
    at reportException (C:\Users\husey\kiro2\frontend\node_modules\jsdom\lib\jsdom\living\helpers\runtime-script-errors.js:66:24)
    at innerInvokeEventListeners (C:\Users\husey\kiro2\frontend\node_modules\jsdom\lib\jsdom\living\events\EventTarget-impl.js:353:9)
    at invokeEventListeners (C:\Users\husey\kiro2\frontend\node_modules\jsdom\lib\jsdom\living\events\EventTarget-impl.js:286:3)
    at HTMLUnknownElementImpl._dispatch (C:\Users\husey\kiro2\frontend\node_modules\jsdom\lib\jsdom\living\events\EventTarget-impl.js:233:9)
    at HTMLUnknownElementImpl.dispatchEvent (C:\Users\husey\kiro2\frontend\node_modules\jsdom\lib\jsdom\living\events\EventTarget-impl.js:104:17)
    at HTMLUnknownElement.dispatchEvent (C:\Users\husey\kiro2\frontend\node_modules\jsdom\lib\jsdom\living\generated\EventTarget.js:241:34)
    at Object.invokeGuardedCallbackDev (C:\Users\husey\kiro2\frontend\node_modules\react-dom\cjs\react-dom.development.js:4213:16)
    at invokeGuardedCallback (C:\Users\husey\kiro2\frontend\node_modules\react-dom\cjs\react-dom.development.js:4277:31)
    at beginWork$1 (C:\Users\husey\kiro2\frontend\node_modules\react-dom\cjs\react-dom.development.js:27490:7)
    at performUnitOfWork (C:\Users\husey\kiro2\frontend\node_modules\react-dom\cjs\react-dom.development.js:26599:12) ReferenceError: jest is not defined
    at useScreenReader [90m(C:\Users\husey\kiro2\frontend\[39msrc\test\accessibility.test.tsx:36:21[90m)[39m
    at AccessibleModal [90m(C:\Users\husey\kiro2\frontend\[39msrc\components\Common\AccessibleModal.tsx:61:37[90m)[39m
    at renderWithHooks [90m(C:\Users\husey\kiro2\frontend\[39mnode_modules\[4mreact-dom[24m\cjs\react-dom.development.js:15486:18[90m)[39m
    at mountIndeterminateComponent [90m(C:\Users\husey\kiro2\frontend\[39mnode_modules\[4mreact-dom[24m\cjs\react-dom.development.js:20103:13[90m)[39m
    at beginWork [90m(C:\Users\husey\kiro2\frontend\[39mnode_modules\[4mreact-dom[24m\cjs\react-dom.development.js:21626:16[90m)[39m
    at HTMLUnknownElement.callCallback [90m(C:\Users\husey\kiro2\frontend\[39mnode_modules\[4mreact-dom[24m\cjs\react-dom.development.js:4164:14[90m)[39m
    at HTMLUnknownElement.callTheUserObjectsOperation [90m(C:\Users\husey\kiro2\frontend\[39mnode_modules\[4mjsdom[24m\lib\jsdom\living\generated\EventListener.js:26:30[90m)[39m
    at innerInvokeEventListeners [90m(C:\Users\husey\kiro2\frontend\[39mnode_modules\[4mjsdom[24m\lib\jsdom\living\events\EventTarget-impl.js:350:25[90m)[39m
    at invokeEventListeners [90m(C:\Users\husey\kiro2\frontend\[39mnode_modules\[4mjsdom[24m\lib\jsdom\living\events\EventTarget-impl.js:286:3[90m)[39m
    at HTMLUnknownElementImpl._dispatch [90m(C:\Users\husey\kiro2\frontend\[39mnode_modules\[4mjsdom[24m\lib\jsdom\living\events\EventTarget-impl.js:233:9[90m)[39m
Error: Uncaught [ReferenceError: jest is not defined]
    at reportException (C:\Users\husey\kiro2\frontend\node_modules\jsdom\lib\jsdom\living\helpers\runtime-script-errors.js:66:24)
    at innerInvokeEventListeners (C:\Users\husey\kiro2\frontend\node_modules\jsdom\lib\jsdom\living\events\EventTarget-impl.js:353:9)
    at invokeEventListeners (C:\Users\husey\kiro2\frontend\node_modules\jsdom\lib\jsdom\living\events\EventTarget-impl.js:286:3)
    at HTMLUnknownElementImpl._dispatch (C:\Users\husey\kiro2\frontend\node_modules\jsdom\lib\jsdom\living\events\EventTarget-impl.js:233:9)
    at HTMLUnknownElementImpl.dispatchEvent (C:\Users\husey\kiro2\frontend\node_modules\jsdom\lib\jsdom\living\events\EventTarget-impl.js:104:17)
    at HTMLUnknownElement.dispatchEvent (C:\Users\husey\kiro2\frontend\node_modules\jsdom\lib\jsdom\living\generated\EventTarget.js:241:34)
    at Object.invokeGuardedCallbackDev (C:\Users\husey\kiro2\frontend\node_modules\react-dom\cjs\react-dom.development.js:4213:16)
    at invokeGuardedCallback (C:\Users\husey\kiro2\frontend\node_modules\react-dom\cjs\react-dom.development.js:4277:31)
    at beginWork$1 (C:\Users\husey\kiro2\frontend\node_modules\react-dom\cjs\react-dom.development.js:27490:7)
    at performUnitOfWork (C:\Users\husey\kiro2\frontend\node_modules\react-dom\cjs\react-dom.development.js:26599:12) ReferenceError: jest is not defined
    at useScreenReader [90m(C:\Users\husey\kiro2\frontend\[39msrc\test\accessibility.test.tsx:36:21[90m)[39m
    at AccessibleModal [90m(C:\Users\husey\kiro2\frontend\[39msrc\components\Common\AccessibleModal.tsx:61:37[90m)[39m
    at renderWithHooks [90m(C:\Users\husey\kiro2\frontend\[39mnode_modules\[4mreact-dom[24m\cjs\react-dom.development.js:15486:18[90m)[39m
    at mountIndeterminateComponent [90m(C:\Users\husey\kiro2\frontend\[39mnode_modules\[4mreact-dom[24m\cjs\react-dom.development.js:20103:13[90m)[39m
    at beginWork [90m(C:\Users\husey\kiro2\frontend\[39mnode_modules\[4mreact-dom[24m\cjs\react-dom.development.js:21626:16[90m)[39m
    at HTMLUnknownElement.callCallback [90m(C:\Users\husey\kiro2\frontend\[39mnode_modules\[4mreact-dom[24m\cjs\react-dom.development.js:4164:14[90m)[39m
    at HTMLUnknownElement.callTheUserObjectsOperation [90m(C:\Users\husey\kiro2\frontend\[39mnode_modules\[4mjsdom[24m\lib\jsdom\living\generated\EventListener.js:26:30[90m)[39m
    at innerInvokeEventListeners [90m(C:\Users\husey\kiro2\frontend\[39mnode_modules\[4mjsdom[24m\lib\jsdom\living\events\EventTarget-impl.js:350:25[90m)[39m
    at invokeEventListeners [90m(C:\Users\husey\kiro2\frontend\[39mnode_modules\[4mjsdom[24m\lib\jsdom\living\events\EventTarget-impl.js:286:3[90m)[39m
    at HTMLUnknownElementImpl._dispatch [90m(C:\Users\husey\kiro2\frontend\[39mnode_modules\[4mjsdom[24m\lib\jsdom\living\events\EventTarget-impl.js:233:9[90m)[39m
Error: Uncaught [ReferenceError: jest is not defined]
    at reportException (C:\Users\husey\kiro2\frontend\node_modules\jsdom\lib\jsdom\living\helpers\runtime-script-errors.js:66:24)
    at innerInvokeEventListeners (C:\Users\husey\kiro2\frontend\node_modules\jsdom\lib\jsdom\living\events\EventTarget-impl.js:353:9)
    at invokeEventListeners (C:\Users\husey\kiro2\frontend\node_modules\jsdom\lib\jsdom\living\events\EventTarget-impl.js:286:3)
    at HTMLUnknownElementImpl._dispatch (C:\Users\husey\kiro2\frontend\node_modules\jsdom\lib\jsdom\living\events\EventTarget-impl.js:233:9)
    at HTMLUnknownElementImpl.dispatchEvent (C:\Users\husey\kiro2\frontend\node_modules\jsdom\lib\jsdom\living\events\EventTarget-impl.js:104:17)
    at HTMLUnknownElement.dispatchEvent (C:\Users\husey\kiro2\frontend\node_modules\jsdom\lib\jsdom\living\generated\EventTarget.js:241:34)
    at Object.invokeGuardedCallbackDev (C:\Users\husey\kiro2\frontend\node_modules\react-dom\cjs\react-dom.development.js:4213:16)
    at invokeGuardedCallback (C:\Users\husey\kiro2\frontend\node_modules\react-dom\cjs\react-dom.development.js:4277:31)
    at beginWork$1 (C:\Users\husey\kiro2\frontend\node_modules\react-dom\cjs\react-dom.development.js:27490:7)
    at performUnitOfWork (C:\Users\husey\kiro2\frontend\node_modules\react-dom\cjs\react-dom.development.js:26599:12) ReferenceError: jest is not defined
    at useScreenReader [90m(C:\Users\husey\kiro2\frontend\[39msrc\test\accessibility.test.tsx:36:21[90m)[39m
    at AccessibleModal [90m(C:\Users\husey\kiro2\frontend\[39msrc\components\Common\AccessibleModal.tsx:61:37[90m)[39m
    at renderWithHooks [90m(C:\Users\husey\kiro2\frontend\[39mnode_modules\[4mreact-dom[24m\cjs\react-dom.development.js:15486:18[90m)[39m
    at mountIndeterminateComponent [90m(C:\Users\husey\kiro2\frontend\[39mnode_modules\[4mreact-dom[24m\cjs\react-dom.development.js:20103:13[90m)[39m
    at beginWork [90m(C:\Users\husey\kiro2\frontend\[39mnode_modules\[4mreact-dom[24m\cjs\react-dom.development.js:21626:16[90m)[39m
    at HTMLUnknownElement.callCallback [90m(C:\Users\husey\kiro2\frontend\[39mnode_modules\[4mreact-dom[24m\cjs\react-dom.development.js:4164:14[90m)[39m
    at HTMLUnknownElement.callTheUserObjectsOperation [90m(C:\Users\husey\kiro2\frontend\[39mnode_modules\[4mjsdom[24m\lib\jsdom\living\generated\EventListener.js:26:30[90m)[39m
    at innerInvokeEventListeners [90m(C:\Users\husey\kiro2\frontend\[39mnode_modules\[4mjsdom[24m\lib\jsdom\living\events\EventTarget-impl.js:350:25[90m)[39m
    at invokeEventListeners [90m(C:\Users\husey\kiro2\frontend\[39mnode_modules\[4mjsdom[24m\lib\jsdom\living\events\EventTarget-impl.js:286:3[90m)[39m
    at HTMLUnknownElementImpl._dispatch [90m(C:\Users\husey\kiro2\frontend\[39mnode_modules\[4mjsdom[24m\lib\jsdom\living\events\EventTarget-impl.js:233:9[90m)[39m
Error: Uncaught [ReferenceError: jest is not defined]
    at reportException (C:\Users\husey\kiro2\frontend\node_modules\jsdom\lib\jsdom\living\helpers\runtime-script-errors.js:66:24)
    at innerInvokeEventListeners (C:\Users\husey\kiro2\frontend\node_modules\jsdom\lib\jsdom\living\events\EventTarget-impl.js:353:9)
    at invokeEventListeners (C:\Users\husey\kiro2\frontend\node_modules\jsdom\lib\jsdom\living\events\EventTarget-impl.js:286:3)
    at HTMLUnknownElementImpl._dispatch (C:\Users\husey\kiro2\frontend\node_modules\jsdom\lib\jsdom\living\events\EventTarget-impl.js:233:9)
    at HTMLUnknownElementImpl.dispatchEvent (C:\Users\husey\kiro2\frontend\node_modules\jsdom\lib\jsdom\living\events\EventTarget-impl.js:104:17)
    at HTMLUnknownElement.dispatchEvent (C:\Users\husey\kiro2\frontend\node_modules\jsdom\lib\jsdom\living\generated\EventTarget.js:241:34)
    at Object.invokeGuardedCallbackDev (C:\Users\husey\kiro2\frontend\node_modules\react-dom\cjs\react-dom.development.js:4213:16)
    at invokeGuardedCallback (C:\Users\husey\kiro2\frontend\node_modules\react-dom\cjs\react-dom.development.js:4277:31)
    at beginWork$1 (C:\Users\husey\kiro2\frontend\node_modules\react-dom\cjs\react-dom.development.js:27490:7)
    at performUnitOfWork (C:\Users\husey\kiro2\frontend\node_modules\react-dom\cjs\react-dom.development.js:26599:12) ReferenceError: jest is not defined
    at useScreenReader [90m(C:\Users\husey\kiro2\frontend\[39msrc\test\accessibility.test.tsx:36:21[90m)[39m
    at AccessibleModal [90m(C:\Users\husey\kiro2\frontend\[39msrc\components\Common\AccessibleModal.tsx:61:37[90m)[39m
    at renderWithHooks [90m(C:\Users\husey\kiro2\frontend\[39mnode_modules\[4mreact-dom[24m\cjs\react-dom.development.js:15486:18[90m)[39m
    at mountIndeterminateComponent [90m(C:\Users\husey\kiro2\frontend\[39mnode_modules\[4mreact-dom[24m\cjs\react-dom.development.js:20103:13[90m)[39m
    at beginWork [90m(C:\Users\husey\kiro2\frontend\[39mnode_modules\[4mreact-dom[24m\cjs\react-dom.development.js:21626:16[90m)[39m
    at HTMLUnknownElement.callCallback [90m(C:\Users\husey\kiro2\frontend\[39mnode_modules\[4mreact-dom[24m\cjs\react-dom.development.js:4164:14[90m)[39m
    at HTMLUnknownElement.callTheUserObjectsOperation [90m(C:\Users\husey\kiro2\frontend\[39mnode_modules\[4mjsdom[24m\lib\jsdom\living\generated\EventListener.js:26:30[90m)[39m
    at innerInvokeEventListeners [90m(C:\Users\husey\kiro2\frontend\[39mnode_modules\[4mjsdom[24m\lib\jsdom\living\events\EventTarget-impl.js:350:25[90m)[39m
    at invokeEventListeners [90m(C:\Users\husey\kiro2\frontend\[39mnode_modules\[4mjsdom[24m\lib\jsdom\living\events\EventTarget-impl.js:286:3[90m)[39m
    at HTMLUnknownElementImpl._dispatch [90m(C:\Users\husey\kiro2\frontend\[39mnode_modules\[4mjsdom[24m\lib\jsdom\living\events\EventTarget-impl.js:233:9[90m)[39m
Error: Uncaught [ReferenceError: jest is not defined]
    at reportException (C:\Users\husey\kiro2\frontend\node_modules\jsdom\lib\jsdom\living\helpers\runtime-script-errors.js:66:24)
    at innerInvokeEventListeners (C:\Users\husey\kiro2\frontend\node_modules\jsdom\lib\jsdom\living\events\EventTarget-impl.js:353:9)
    at invokeEventListeners (C:\Users\husey\kiro2\frontend\node_modules\jsdom\lib\jsdom\living\events\EventTarget-impl.js:286:3)
    at HTMLUnknownElementImpl._dispatch (C:\Users\husey\kiro2\frontend\node_modules\jsdom\lib\jsdom\living\events\EventTarget-impl.js:233:9)
    at HTMLUnknownElementImpl.dispatchEvent (C:\Users\husey\kiro2\frontend\node_modules\jsdom\lib\jsdom\living\events\EventTarget-impl.js:104:17)
    at HTMLUnknownElement.dispatchEvent (C:\Users\husey\kiro2\frontend\node_modules\jsdom\lib\jsdom\living\generated\EventTarget.js:241:34)
    at Object.invokeGuardedCallbackDev (C:\Users\husey\kiro2\frontend\node_modules\react-dom\cjs\react-dom.development.js:4213:16)
    at invokeGuardedCallback (C:\Users\husey\kiro2\frontend\node_modules\react-dom\cjs\react-dom.development.js:4277:31)
    at beginWork$1 (C:\Users\husey\kiro2\frontend\node_modules\react-dom\cjs\react-dom.development.js:27490:7)
    at performUnitOfWork (C:\Users\husey\kiro2\frontend\node_modules\react-dom\cjs\react-dom.development.js:26599:12) ReferenceError: jest is not defined
    at useScreenReader [90m(C:\Users\husey\kiro2\frontend\[39msrc\test\accessibility.test.tsx:36:21[90m)[39m
    at AccessibleModal [90m(C:\Users\husey\kiro2\frontend\[39msrc\components\Common\AccessibleModal.tsx:61:37[90m)[39m
    at renderWithHooks [90m(C:\Users\husey\kiro2\frontend\[39mnode_modules\[4mreact-dom[24m\cjs\react-dom.development.js:15486:18[90m)[39m
    at mountIndeterminateComponent [90m(C:\Users\husey\kiro2\frontend\[39mnode_modules\[4mreact-dom[24m\cjs\react-dom.development.js:20103:13[90m)[39m
    at beginWork [90m(C:\Users\husey\kiro2\frontend\[39mnode_modules\[4mreact-dom[24m\cjs\react-dom.development.js:21626:16[90m)[39m
    at HTMLUnknownElement.callCallback [90m(C:\Users\husey\kiro2\frontend\[39mnode_modules\[4mreact-dom[24m\cjs\react-dom.development.js:4164:14[90m)[39m
    at HTMLUnknownElement.callTheUserObjectsOperation [90m(C:\Users\husey\kiro2\frontend\[39mnode_modules\[4mjsdom[24m\lib\jsdom\living\generated\EventListener.js:26:30[90m)[39m
    at innerInvokeEventListeners [90m(C:\Users\husey\kiro2\frontend\[39mnode_modules\[4mjsdom[24m\lib\jsdom\living\events\EventTarget-impl.js:350:25[90m)[39m
    at invokeEventListeners [90m(C:\Users\husey\kiro2\frontend\[39mnode_modules\[4mjsdom[24m\lib\jsdom\living\events\EventTarget-impl.js:286:3[90m)[39m
    at HTMLUnknownElementImpl._dispatch [90m(C:\Users\husey\kiro2\frontend\[39mnode_modules\[4mjsdom[24m\lib\jsdom\living\events\EventTarget-impl.js:233:9[90m)[39m
Error: Uncaught [ReferenceError: jest is not defined]
    at reportException (C:\Users\husey\kiro2\frontend\node_modules\jsdom\lib\jsdom\living\helpers\runtime-script-errors.js:66:24)
    at innerInvokeEventListeners (C:\Users\husey\kiro2\frontend\node_modules\jsdom\lib\jsdom\living\events\EventTarget-impl.js:353:9)
    at invokeEventListeners (C:\Users\husey\kiro2\frontend\node_modules\jsdom\lib\jsdom\living\events\EventTarget-impl.js:286:3)
    at HTMLUnknownElementImpl._dispatch (C:\Users\husey\kiro2\frontend\node_modules\jsdom\lib\jsdom\living\events\EventTarget-impl.js:233:9)
    at HTMLUnknownElementImpl.dispatchEvent (C:\Users\husey\kiro2\frontend\node_modules\jsdom\lib\jsdom\living\events\EventTarget-impl.js:104:17)
    at HTMLUnknownElement.dispatchEvent (C:\Users\husey\kiro2\frontend\node_modules\jsdom\lib\jsdom\living\generated\EventTarget.js:241:34)
    at Object.invokeGuardedCallbackDev (C:\Users\husey\kiro2\frontend\node_modules\react-dom\cjs\react-dom.development.js:4213:16)
    at invokeGuardedCallback (C:\Users\husey\kiro2\frontend\node_modules\react-dom\cjs\react-dom.development.js:4277:31)
    at beginWork$1 (C:\Users\husey\kiro2\frontend\node_modules\react-dom\cjs\react-dom.development.js:27490:7)
    at performUnitOfWork (C:\Users\husey\kiro2\frontend\node_modules\react-dom\cjs\react-dom.development.js:26599:12) ReferenceError: jest is not defined
    at useScreenReader [90m(C:\Users\husey\kiro2\frontend\[39msrc\test\accessibility.test.tsx:36:21[90m)[39m
    at AccessibleModal [90m(C:\Users\husey\kiro2\frontend\[39msrc\components\Common\AccessibleModal.tsx:61:37[90m)[39m
    at renderWithHooks [90m(C:\Users\husey\kiro2\frontend\[39mnode_modules\[4mreact-dom[24m\cjs\react-dom.development.js:15486:18[90m)[39m
    at mountIndeterminateComponent [90m(C:\Users\husey\kiro2\frontend\[39mnode_modules\[4mreact-dom[24m\cjs\react-dom.development.js:20103:13[90m)[39m
    at beginWork [90m(C:\Users\husey\kiro2\frontend\[39mnode_modules\[4mreact-dom[24m\cjs\react-dom.development.js:21626:16[90m)[39m
    at HTMLUnknownElement.callCallback [90m(C:\Users\husey\kiro2\frontend\[39mnode_modules\[4mreact-dom[24m\cjs\react-dom.development.js:4164:14[90m)[39m
    at HTMLUnknownElement.callTheUserObjectsOperation [90m(C:\Users\husey\kiro2\frontend\[39mnode_modules\[4mjsdom[24m\lib\jsdom\living\generated\EventListener.js:26:30[90m)[39m
    at innerInvokeEventListeners [90m(C:\Users\husey\kiro2\frontend\[39mnode_modules\[4mjsdom[24m\lib\jsdom\living\events\EventTarget-impl.js:350:25[90m)[39m
    at invokeEventListeners [90m(C:\Users\husey\kiro2\frontend\[39mnode_modules\[4mjsdom[24m\lib\jsdom\living\events\EventTarget-impl.js:286:3[90m)[39m
    at HTMLUnknownElementImpl._dispatch [90m(C:\Users\husey\kiro2\frontend\[39mnode_modules\[4mjsdom[24m\lib\jsdom\living\events\EventTarget-impl.js:233:9[90m)[39m
Error: Uncaught [ReferenceError: jest is not defined]
    at reportException (C:\Users\husey\kiro2\frontend\node_modules\jsdom\lib\jsdom\living\helpers\runtime-script-errors.js:66:24)
    at innerInvokeEventListeners (C:\Users\husey\kiro2\frontend\node_modules\jsdom\lib\jsdom\living\events\EventTarget-impl.js:353:9)
    at invokeEventListeners (C:\Users\husey\kiro2\frontend\node_modules\jsdom\lib\jsdom\living\events\EventTarget-impl.js:286:3)
    at HTMLUnknownElementImpl._dispatch (C:\Users\husey\kiro2\frontend\node_modules\jsdom\lib\jsdom\living\events\EventTarget-impl.js:233:9)
    at HTMLUnknownElementImpl.dispatchEvent (C:\Users\husey\kiro2\frontend\node_modules\jsdom\lib\jsdom\living\events\EventTarget-impl.js:104:17)
    at HTMLUnknownElement.dispatchEvent (C:\Users\husey\kiro2\frontend\node_modules\jsdom\lib\jsdom\living\generated\EventTarget.js:241:34)
    at Object.invokeGuardedCallbackDev (C:\Users\husey\kiro2\frontend\node_modules\react-dom\cjs\react-dom.development.js:4213:16)
    at invokeGuardedCallback (C:\Users\husey\kiro2\frontend\node_modules\react-dom\cjs\react-dom.development.js:4277:31)
    at beginWork$1 (C:\Users\husey\kiro2\frontend\node_modules\react-dom\cjs\react-dom.development.js:27490:7)
    at performUnitOfWork (C:\Users\husey\kiro2\frontend\node_modules\react-dom\cjs\react-dom.development.js:26599:12) ReferenceError: jest is not defined
    at useScreenReader [90m(C:\Users\husey\kiro2\frontend\[39msrc\test\accessibility.test.tsx:36:21[90m)[39m
    at AccessibleModal [90m(C:\Users\husey\kiro2\frontend\[39msrc\components\Common\AccessibleModal.tsx:61:37[90m)[39m
    at renderWithHooks [90m(C:\Users\husey\kiro2\frontend\[39mnode_modules\[4mreact-dom[24m\cjs\react-dom.development.js:15486:18[90m)[39m
    at mountIndeterminateComponent [90m(C:\Users\husey\kiro2\frontend\[39mnode_modules\[4mreact-dom[24m\cjs\react-dom.development.js:20103:13[90m)[39m
    at beginWork [90m(C:\Users\husey\kiro2\frontend\[39mnode_modules\[4mreact-dom[24m\cjs\react-dom.development.js:21626:16[90m)[39m
    at HTMLUnknownElement.callCallback [90m(C:\Users\husey\kiro2\frontend\[39mnode_modules\[4mreact-dom[24m\cjs\react-dom.development.js:4164:14[90m)[39m
    at HTMLUnknownElement.callTheUserObjectsOperation [90m(C:\Users\husey\kiro2\frontend\[39mnode_modules\[4mjsdom[24m\lib\jsdom\living\generated\EventListener.js:26:30[90m)[39m
    at innerInvokeEventListeners [90m(C:\Users\husey\kiro2\frontend\[39mnode_modules\[4mjsdom[24m\lib\jsdom\living\events\EventTarget-impl.js:350:25[90m)[39m
    at invokeEventListeners [90m(C:\Users\husey\kiro2\frontend\[39mnode_modules\[4mjsdom[24m\lib\jsdom\living\events\EventTarget-impl.js:286:3[90m)[39m
    at HTMLUnknownElementImpl._dispatch [90m(C:\Users\husey\kiro2\frontend\[39mnode_modules\[4mjsdom[24m\lib\jsdom\living\events\EventTarget-impl.js:233:9[90m)[39m
Error: Uncaught [ReferenceError: jest is not defined]
    at reportException (C:\Users\husey\kiro2\frontend\node_modules\jsdom\lib\jsdom\living\helpers\runtime-script-errors.js:66:24)
    at innerInvokeEventListeners (C:\Users\husey\kiro2\frontend\node_modules\jsdom\lib\jsdom\living\events\EventTarget-impl.js:353:9)
    at invokeEventListeners (C:\Users\husey\kiro2\frontend\node_modules\jsdom\lib\jsdom\living\events\EventTarget-impl.js:286:3)
    at HTMLUnknownElementImpl._dispatch (C:\Users\husey\kiro2\frontend\node_modules\jsdom\lib\jsdom\living\events\EventTarget-impl.js:233:9)
    at HTMLUnknownElementImpl.dispatchEvent (C:\Users\husey\kiro2\frontend\node_modules\jsdom\lib\jsdom\living\events\EventTarget-impl.js:104:17)
    at HTMLUnknownElement.dispatchEvent (C:\Users\husey\kiro2\frontend\node_modules\jsdom\lib\jsdom\living\generated\EventTarget.js:241:34)
    at Object.invokeGuardedCallbackDev (C:\Users\husey\kiro2\frontend\node_modules\react-dom\cjs\react-dom.development.js:4213:16)
    at invokeGuardedCallback (C:\Users\husey\kiro2\frontend\node_modules\react-dom\cjs\react-dom.development.js:4277:31)
    at beginWork$1 (C:\Users\husey\kiro2\frontend\node_modules\react-dom\cjs\react-dom.development.js:27490:7)
    at performUnitOfWork (C:\Users\husey\kiro2\frontend\node_modules\react-dom\cjs\react-dom.development.js:26599:12) ReferenceError: jest is not defined
    at useScreenReader [90m(C:\Users\husey\kiro2\frontend\[39msrc\test\accessibility.test.tsx:36:21[90m)[39m
    at AccessibleModal [90m(C:\Users\husey\kiro2\frontend\[39msrc\components\Common\AccessibleModal.tsx:61:37[90m)[39m
    at renderWithHooks [90m(C:\Users\husey\kiro2\frontend\[39mnode_modules\[4mreact-dom[24m\cjs\react-dom.development.js:15486:18[90m)[39m
    at mountIndeterminateComponent [90m(C:\Users\husey\kiro2\frontend\[39mnode_modules\[4mreact-dom[24m\cjs\react-dom.development.js:20103:13[90m)[39m
    at beginWork [90m(C:\Users\husey\kiro2\frontend\[39mnode_modules\[4mreact-dom[24m\cjs\react-dom.development.js:21626:16[90m)[39m
    at HTMLUnknownElement.callCallback [90m(C:\Users\husey\kiro2\frontend\[39mnode_modules\[4mreact-dom[24m\cjs\react-dom.development.js:4164:14[90m)[39m
    at HTMLUnknownElement.callTheUserObjectsOperation [90m(C:\Users\husey\kiro2\frontend\[39mnode_modules\[4mjsdom[24m\lib\jsdom\living\generated\EventListener.js:26:30[90m)[39m
    at innerInvokeEventListeners [90m(C:\Users\husey\kiro2\frontend\[39mnode_modules\[4mjsdom[24m\lib\jsdom\living\events\EventTarget-impl.js:350:25[90m)[39m
    at invokeEventListeners [90m(C:\Users\husey\kiro2\frontend\[39mnode_modules\[4mjsdom[24m\lib\jsdom\living\events\EventTarget-impl.js:286:3[90m)[39m
    at HTMLUnknownElementImpl._dispatch [90m(C:\Users\husey\kiro2\frontend\[39mnode_modules\[4mjsdom[24m\lib\jsdom\living\events\EventTarget-impl.js:233:9[90m)[39m
Error: Uncaught [ReferenceError: jest is not defined]
    at reportException (C:\Users\husey\kiro2\frontend\node_modules\jsdom\lib\jsdom\living\helpers\runtime-script-errors.js:66:24)
    at innerInvokeEventListeners (C:\Users\husey\kiro2\frontend\node_modules\jsdom\lib\jsdom\living\events\EventTarget-impl.js:353:9)
    at invokeEventListeners (C:\Users\husey\kiro2\frontend\node_modules\jsdom\lib\jsdom\living\events\EventTarget-impl.js:286:3)
    at HTMLUnknownElementImpl._dispatch (C:\Users\husey\kiro2\frontend\node_modules\jsdom\lib\jsdom\living\events\EventTarget-impl.js:233:9)
    at HTMLUnknownElementImpl.dispatchEvent (C:\Users\husey\kiro2\frontend\node_modules\jsdom\lib\jsdom\living\events\EventTarget-impl.js:104:17)
    at HTMLUnknownElement.dispatchEvent (C:\Users\husey\kiro2\frontend\node_modules\jsdom\lib\jsdom\living\generated\EventTarget.js:241:34)
    at Object.invokeGuardedCallbackDev (C:\Users\husey\kiro2\frontend\node_modules\react-dom\cjs\react-dom.development.js:4213:16)
    at invokeGuardedCallback (C:\Users\husey\kiro2\frontend\node_modules\react-dom\cjs\react-dom.development.js:4277:31)
    at beginWork$1 (C:\Users\husey\kiro2\frontend\node_modules\react-dom\cjs\react-dom.development.js:27490:7)
    at performUnitOfWork (C:\Users\husey\kiro2\frontend\node_modules\react-dom\cjs\react-dom.development.js:26599:12) ReferenceError: jest is not defined
    at useScreenReader [90m(C:\Users\husey\kiro2\frontend\[39msrc\test\accessibility.test.tsx:36:21[90m)[39m
    at AccessibleModal [90m(C:\Users\husey\kiro2\frontend\[39msrc\components\Common\AccessibleModal.tsx:61:37[90m)[39m
    at renderWithHooks [90m(C:\Users\husey\kiro2\frontend\[39mnode_modules\[4mreact-dom[24m\cjs\react-dom.development.js:15486:18[90m)[39m
    at mountIndeterminateComponent [90m(C:\Users\husey\kiro2\frontend\[39mnode_modules\[4mreact-dom[24m\cjs\react-dom.development.js:20103:13[90m)[39m
    at beginWork [90m(C:\Users\husey\kiro2\frontend\[39mnode_modules\[4mreact-dom[24m\cjs\react-dom.development.js:21626:16[90m)[39m
    at HTMLUnknownElement.callCallback [90m(C:\Users\husey\kiro2\frontend\[39mnode_modules\[4mreact-dom[24m\cjs\react-dom.development.js:4164:14[90m)[39m
    at HTMLUnknownElement.callTheUserObjectsOperation [90m(C:\Users\husey\kiro2\frontend\[39mnode_modules\[4mjsdom[24m\lib\jsdom\living\generated\EventListener.js:26:30[90m)[39m
    at innerInvokeEventListeners [90m(C:\Users\husey\kiro2\frontend\[39mnode_modules\[4mjsdom[24m\lib\jsdom\living\events\EventTarget-impl.js:350:25[90m)[39m
    at invokeEventListeners [90m(C:\Users\husey\kiro2\frontend\[39mnode_modules\[4mjsdom[24m\lib\jsdom\living\events\EventTarget-impl.js:286:3[90m)[39m
    at HTMLUnknownElementImpl._dispatch [90m(C:\Users\husey\kiro2\frontend\[39mnode_modules\[4mjsdom[24m\lib\jsdom\living\events\EventTarget-impl.js:233:9[90m)[39m
Error: Uncaught [ReferenceError: jest is not defined]
    at reportException (C:\Users\husey\kiro2\frontend\node_modules\jsdom\lib\jsdom\living\helpers\runtime-script-errors.js:66:24)
    at innerInvokeEventListeners (C:\Users\husey\kiro2\frontend\node_modules\jsdom\lib\jsdom\living\events\EventTarget-impl.js:353:9)
    at invokeEventListeners (C:\Users\husey\kiro2\frontend\node_modules\jsdom\lib\jsdom\living\events\EventTarget-impl.js:286:3)
    at HTMLUnknownElementImpl._dispatch (C:\Users\husey\kiro2\frontend\node_modules\jsdom\lib\jsdom\living\events\EventTarget-impl.js:233:9)
    at HTMLUnknownElementImpl.dispatchEvent (C:\Users\husey\kiro2\frontend\node_modules\jsdom\lib\jsdom\living\events\EventTarget-impl.js:104:17)
    at HTMLUnknownElement.dispatchEvent (C:\Users\husey\kiro2\frontend\node_modules\jsdom\lib\jsdom\living\generated\EventTarget.js:241:34)
    at Object.invokeGuardedCallbackDev (C:\Users\husey\kiro2\frontend\node_modules\react-dom\cjs\react-dom.development.js:4213:16)
    at invokeGuardedCallback (C:\Users\husey\kiro2\frontend\node_modules\react-dom\cjs\react-dom.development.js:4277:31)
    at beginWork$1 (C:\Users\husey\kiro2\frontend\node_modules\react-dom\cjs\react-dom.development.js:27490:7)
    at performUnitOfWork (C:\Users\husey\kiro2\frontend\node_modules\react-dom\cjs\react-dom.development.js:26599:12) ReferenceError: jest is not defined
    at useScreenReader [90m(C:\Users\husey\kiro2\frontend\[39msrc\test\accessibility.test.tsx:36:21[90m)[39m
    at AccessibleModal [90m(C:\Users\husey\kiro2\frontend\[39msrc\components\Common\AccessibleModal.tsx:61:37[90m)[39m
    at renderWithHooks [90m(C:\Users\husey\kiro2\frontend\[39mnode_modules\[4mreact-dom[24m\cjs\react-dom.development.js:15486:18[90m)[39m
    at mountIndeterminateComponent [90m(C:\Users\husey\kiro2\frontend\[39mnode_modules\[4mreact-dom[24m\cjs\react-dom.development.js:20103:13[90m)[39m
    at beginWork [90m(C:\Users\husey\kiro2\frontend\[39mnode_modules\[4mreact-dom[24m\cjs\react-dom.development.js:21626:16[90m)[39m
    at HTMLUnknownElement.callCallback [90m(C:\Users\husey\kiro2\frontend\[39mnode_modules\[4mreact-dom[24m\cjs\react-dom.development.js:4164:14[90m)[39m
    at HTMLUnknownElement.callTheUserObjectsOperation [90m(C:\Users\husey\kiro2\frontend\[39mnode_modules\[4mjsdom[24m\lib\jsdom\living\generated\EventListener.js:26:30[90m)[39m
    at innerInvokeEventListeners [90m(C:\Users\husey\kiro2\frontend\[39mnode_modules\[4mjsdom[24m\lib\jsdom\living\events\EventTarget-impl.js:350:25[90m)[39m
    at invokeEventListeners [90m(C:\Users\husey\kiro2\frontend\[39mnode_modules\[4mjsdom[24m\lib\jsdom\living\events\EventTarget-impl.js:286:3[90m)[39m
    at HTMLUnknownElementImpl._dispatch [90m(C:\Users\husey\kiro2\frontend\[39mnode_modules\[4mjsdom[24m\lib\jsdom\living\events\EventTarget-impl.js:233:9[90m)[39m
Error: Uncaught [ReferenceError: jest is not defined]
    at reportException (C:\Users\husey\kiro2\frontend\node_modules\jsdom\lib\jsdom\living\helpers\runtime-script-errors.js:66:24)
    at innerInvokeEventListeners (C:\Users\husey\kiro2\frontend\node_modules\jsdom\lib\jsdom\living\events\EventTarget-impl.js:353:9)
    at invokeEventListeners (C:\Users\husey\kiro2\frontend\node_modules\jsdom\lib\jsdom\living\events\EventTarget-impl.js:286:3)
    at HTMLUnknownElementImpl._dispatch (C:\Users\husey\kiro2\frontend\node_modules\jsdom\lib\jsdom\living\events\EventTarget-impl.js:233:9)
    at HTMLUnknownElementImpl.dispatchEvent (C:\Users\husey\kiro2\frontend\node_modules\jsdom\lib\jsdom\living\events\EventTarget-impl.js:104:17)
    at HTMLUnknownElement.dispatchEvent (C:\Users\husey\kiro2\frontend\node_modules\jsdom\lib\jsdom\living\generated\EventTarget.js:241:34)
    at Object.invokeGuardedCallbackDev (C:\Users\husey\kiro2\frontend\node_modules\react-dom\cjs\react-dom.development.js:4213:16)
    at invokeGuardedCallback (C:\Users\husey\kiro2\frontend\node_modules\react-dom\cjs\react-dom.development.js:4277:31)
    at beginWork$1 (C:\Users\husey\kiro2\frontend\node_modules\react-dom\cjs\react-dom.development.js:27490:7)
    at performUnitOfWork (C:\Users\husey\kiro2\frontend\node_modules\react-dom\cjs\react-dom.development.js:26599:12) ReferenceError: jest is not defined
    at useScreenReader [90m(C:\Users\husey\kiro2\frontend\[39msrc\test\accessibility.test.tsx:36:21[90m)[39m
    at AccessibleModal [90m(C:\Users\husey\kiro2\frontend\[39msrc\components\Common\AccessibleModal.tsx:61:37[90m)[39m
    at renderWithHooks [90m(C:\Users\husey\kiro2\frontend\[39mnode_modules\[4mreact-dom[24m\cjs\react-dom.development.js:15486:18[90m)[39m
    at mountIndeterminateComponent [90m(C:\Users\husey\kiro2\frontend\[39mnode_modules\[4mreact-dom[24m\cjs\react-dom.development.js:20103:13[90m)[39m
    at beginWork [90m(C:\Users\husey\kiro2\frontend\[39mnode_modules\[4mreact-dom[24m\cjs\react-dom.development.js:21626:16[90m)[39m
    at HTMLUnknownElement.callCallback [90m(C:\Users\husey\kiro2\frontend\[39mnode_modules\[4mreact-dom[24m\cjs\react-dom.development.js:4164:14[90m)[39m
    at HTMLUnknownElement.callTheUserObjectsOperation [90m(C:\Users\husey\kiro2\frontend\[39mnode_modules\[4mjsdom[24m\lib\jsdom\living\generated\EventListener.js:26:30[90m)[39m
    at innerInvokeEventListeners [90m(C:\Users\husey\kiro2\frontend\[39mnode_modules\[4mjsdom[24m\lib\jsdom\living\events\EventTarget-impl.js:350:25[90m)[39m
    at invokeEventListeners [90m(C:\Users\husey\kiro2\frontend\[39mnode_modules\[4mjsdom[24m\lib\jsdom\living\events\EventTarget-impl.js:286:3[90m)[39m
    at HTMLUnknownElementImpl._dispatch [90m(C:\Users\husey\kiro2\frontend\[39mnode_modules\[4mjsdom[24m\lib\jsdom\living\events\EventTarget-impl.js:233:9[90m)[39m

            </system-err>
            <failure message="jest is not defined" type="ReferenceError">
ReferenceError: jest is not defined
 ❯ useScreenReader src/test/accessibility.test.tsx:36:21
 ❯ AccessibleModal src/components/Common/AccessibleModal.tsx:61:37
 ❯ renderWithHooks node_modules/react-dom/cjs/react-dom.development.js:15486:18
 ❯ mountIndeterminateComponent node_modules/react-dom/cjs/react-dom.development.js:20103:13
 ❯ beginWork node_modules/react-dom/cjs/react-dom.development.js:21626:16
 ❯ beginWork$1 node_modules/react-dom/cjs/react-dom.development.js:27465:14
 ❯ performUnitOfWork node_modules/react-dom/cjs/react-dom.development.js:26599:12
 ❯ workLoopSync node_modules/react-dom/cjs/react-dom.development.js:26505:5
 ❯ renderRootSync node_modules/react-dom/cjs/react-dom.development.js:26473:7
 ❯ recoverFromConcurrentError node_modules/react-dom/cjs/react-dom.development.js:25889:20
            </failure>
        </testcase>
    </testsuite>
    <testsuite name="src/test/analytics.test.tsx" timestamp="2025-11-14T16:56:52.404Z" hostname="ates" tests="5" failures="3" errors="0" skipped="0" time="1.1771154">
        <testcase classname="src/test/analytics.test.tsx" name="Analytics Components &gt; StudentAnalyticsDashboard &gt; renders student analytics dashboard" time="0.4132964">
            <failure message="Unable to find an element with the text: 1,247. This could be because the text is broken up by multiple elements. In this case, you can provide a function for your text matcher to make your matcher more flexible.

Ignored nodes: comments, script, style
[36m&lt;body&gt;[39m
  [36m&lt;div&gt;[39m
    [36m&lt;div[39m
      [33mclass[39m=[32m&quot;space-y-6 &quot;[39m
    [36m&gt;[39m
      [36m&lt;div[39m
        [33mclass[39m=[32m&quot;flex justify-between items-center&quot;[39m
      [36m&gt;[39m
        [36m&lt;div&gt;[39m
          [36m&lt;h2[39m
            [33mclass[39m=[32m&quot;text-2xl font-bold text-gray-900&quot;[39m
          [36m&gt;[39m
            [0mÖğrenci Analytics[0m
          [36m&lt;/h2&gt;[39m
          [36m&lt;p[39m
            [33mclass[39m=[32m&quot;text-gray-600&quot;[39m
          [36m&gt;[39m
            [0mÖğrenci ID: [0m
            [0mtest_student[0m
            [0m | Dönem: [0m
            [0m01.01.2024[0m
            [0m -[0m
            [0m31.01.2024[0m
          [36m&lt;/p&gt;[39m
        [36m&lt;/div&gt;[39m
        [36m&lt;div[39m
          [33mclass[39m=[32m&quot;flex items-center space-x-2&quot;[39m
        [36m&gt;[39m
          [36m&lt;select[39m
            [33mclass[39m=[32m&quot;px-3 py-2 border border-gray-300 rounded-md&quot;[39m
          [36m&gt;[39m
            [36m&lt;option[39m
              [33mvalue[39m=[32m&quot;7&quot;[39m
            [36m&gt;[39m
              [0mSon 7 gün[0m
            [36m&lt;/option&gt;[39m
            [36m&lt;option[39m
              [33mvalue[39m=[32m&quot;30&quot;[39m
            [36m&gt;[39m
              [0mSon 30 gün[0m
            [36m&lt;/option&gt;[39m
            [36m&lt;option[39m
              [33mvalue[39m=[32m&quot;90&quot;[39m
            [36m&gt;[39m
              [0mSon 3 ay[0m
            [36m&lt;/option&gt;[39m
            [36m&lt;option[39m
              [33mvalue[39m=[32m&quot;365&quot;[39m
            [36m&gt;[39m
              [0mSon 1 yıl[0m
            [36m&lt;/option&gt;[39m
          [36m&lt;/select&gt;[39m
          [36m&lt;label[39m
            [33mclass[39m=[32m&quot;flex items-center space-x-2&quot;[39m
          [36m&gt;[39m
            [36m&lt;input[39m
              [33mclass[39m=[32m&quot;rounded&quot;[39m
              [33mtype[39m=[32m&quot;checkbox&quot;[39m
            [36m/&gt;[39m
            [36m&lt;span[39m
              [33mclass[39m=[32m&quot;text-sm&quot;[39m
            [36m&gt;[39m
              [0mDetaylı Analiz[0m
            [36m&lt;/span&gt;[39m
          [36m&lt;/label&gt;[39m
          [36m&lt;div[39m
            [33mclass[39m=[32m&quot;flex space-x-1&quot;[39m
          [36m&gt;[39m
            [36m&lt;button[39m
              [33mclass[39m=[32m&quot;inline-flex items-center justify-center rounded-md text-sm font-medium transition-colors focus-visible:outline-none focus-visible:ring-2 focus-visible:ring-ring focus-visible:ring-offset-2 disabled:opacity-50 disabled:pointer-events-none ring-offset-background border border-input hover:bg-accent hover:text-accent-foreground h-9 px-3 rounded-md &quot;[39m
            [36m&gt;[39m
              [36m&lt;svg[39m
                [33mclass[39m=[32m&quot;w-4 h-4 mr-1&quot;[39m
                [33mfill[39m=[32m&quot;none&quot;[39m
                [33mheight[39m=[32m&quot;24&quot;[39m
                [33mstroke[39m=[32m&quot;currentColor&quot;[39m
                [33mstroke-linecap[39m=[32m&quot;round&quot;[39m
                [33mstroke-linejoin[39m=[32m&quot;round&quot;[39m
                [33mstroke-width[39m=[32m&quot;2&quot;[39m
                [33mviewBox[39m=[32m&quot;0 0 24 24&quot;[39m
                [33mwidth[39m=[32m&quot;24&quot;[39m
                [33mxmlns[39m=[32m&quot;http://www.w3.org/2000/svg&quot;[39m
              [36m&gt;[39m
                [36m&lt;path[39m
                  [33md[39m=[32m&quot;M21 15v4a2 2 0 0 1-2 2H5a2 2 0 0 1-2-2v-4&quot;[39m
                [36m/&gt;[39m
                [36m&lt;polyline[39m
                  [33mpoints[39m=[32m&quot;7 10 12 15 17 10&quot;[39m
                [36m/&gt;[39m
                [36m&lt;line[39m
                  [33mx1[39m=[32m&quot;12&quot;[39m
                  [33mx2[39m=[32m&quot;12&quot;[39m
                  [33my1[39m=[32m&quot;15&quot;[39m
                  [33my2[39m=[32m&quot;3&quot;[39m
                [36m/&gt;[39m
              [36m&lt;/svg&gt;[39m
              [0mPDF[0m
            [36m&lt;/button&gt;[39m
            [36m&lt;button[39m
              [33mclass[39m=[32m&quot;inline-flex items-center justify-center rounded-md text-sm font-medium transition-colors focus-visible:outline-none focus-visible:ring-2 focus-visible:ring-ring focus-visible:ring-offset-2 disabled:opacity-50 disabled:pointer-events-none ring-offset-background border border-input hover:bg-accent hover:text-accent-foreground h-9 px-3 rounded-md &quot;[39m
            [36m&gt;[39m
              [36m&lt;svg[39m
                [33mclass[39m=[32m&quot;w-4 h-4 mr-1&quot;[39m
                [33mfill[39m=[32m&quot;none&quot;[39m
                [33mheight[39m=[32m&quot;24&quot;[39m
                [33mstroke[39m=[32m&quot;currentColor&quot;[39m
                [33mstroke-linecap[39m=[32m&quot;round&quot;[39m
                [33mstroke-linejoin[39m=[32m&quot;round&quot;[39m
                [33mstroke-width[39m=[32m&quot;2&quot;[39m
                [33mviewBox[39m=[32m&quot;0 0 24 24&quot;[39m
                [33mwidth[39m=[32m&quot;24&quot;[39m
                [33mxmlns[39m=[32m&quot;http://www.w3.org/2000/svg&quot;[39m
              [36m&gt;[39m
                [36m&lt;path[39m
                  [33md[39m=[32m&quot;M21 15v4a2 2 0 0 1-2 2H5a2 2 0 0 1-2-2v-4&quot;[39m
                [36m/&gt;[39m
                [36m&lt;polyline[39m
                  [33mpoints[39m=[32m&quot;7 10 12 15 17 10&quot;[39m
                [36m/&gt;[39m
                [36m&lt;line[39m
                  [33mx1[39m=[32m&quot;12&quot;[39m
                  [33mx2[39m=[32m&quot;12&quot;[39m
                  [33my1[39m=[32m&quot;15&quot;[39m
                  [33my2[39m=[32m&quot;3&quot;[39m
                [36m/&gt;[39m
              [36m&lt;/svg&gt;[39m
              [0mExcel[0m
            [36m&lt;/button&gt;[39m
            [36m&lt;button[39m
              [33mclass[39m=[32m&quot;inline-flex items-center justify-center rounded-md text-sm font-medium transition-colors focus-visible:outline-none focus-visible:ring-2 focus-visible:ring-ring focus-visible:ring-offset-2 disabled:opacity-50 disabled:pointer-events-none ring-offset-background border border-input hover:bg-accent hover:text-accent-foreground h-9 px-3 rounded-md &quot;[39m
            [36m&gt;[39m
              [36m&lt;svg[39m
                [33mclass[39m=[32m&quot;w-4 h-4 mr-1&quot;[39m
                [33mfill[39m=[32m&quot;none&quot;[39m
                [33mheight[39m=[32m&quot;24&quot;[39m
                [33mstroke[39m=[32m&quot;currentColor&quot;[39m
                [33mstroke-linecap[39m=[32m&quot;round&quot;[39m
                [33mstroke-linejoin[39m=[32m&quot;round&quot;[39m
                [33mstroke-width[39m=[32m&quot;2&quot;[39m
                [33mviewBox[39m=[32m&quot;0 0 24 24&quot;[39m
                [33mwidth[39m=[32m&quot;24&quot;[39m
                [33mxmlns[39m=[32m&quot;http://www.w3.org/2000/svg&quot;[39m
              [36m&gt;[39m
                [36m&lt;path[39m
                  [33md[39m=[32m&quot;M21 15v4a2 2 0 0 1-2 2H5a2 2 0 0 1-2-2v-4&quot;[39m
                [36m/&gt;[39m
                [36m&lt;polyline[39m
                  [33mpoints[39m=[32m&quot;7 10 12 15 17 10&quot;[39m
                [36m/&gt;[39m
                [36m&lt;line[39m
                  [33mx1[39m=[32m&quot;12&quot;[39m
         ..." type="TestingLibraryElementError">
TestingLibraryElementError: Unable to find an element with the text: 1,247. This could be because the text is broken up by multiple elements. In this case, you can provide a function for your text matcher to make your matcher more flexible.

Ignored nodes: comments, script, style
&lt;body&gt;
  &lt;div&gt;
    &lt;div
      class=&quot;space-y-6 &quot;
    &gt;
      &lt;div
        class=&quot;flex justify-between items-center&quot;
      &gt;
        &lt;div&gt;
          &lt;h2
            class=&quot;text-2xl font-bold text-gray-900&quot;
          &gt;
            Öğrenci Analytics
          &lt;/h2&gt;
          &lt;p
            class=&quot;text-gray-600&quot;
          &gt;
            Öğrenci ID: 
            test_student
             | Dönem: 
            01.01.2024
             -
            31.01.2024
          &lt;/p&gt;
        &lt;/div&gt;
        &lt;div
          class=&quot;flex items-center space-x-2&quot;
        &gt;
          &lt;select
            class=&quot;px-3 py-2 border border-gray-300 rounded-md&quot;
          &gt;
            &lt;option
              value=&quot;7&quot;
            &gt;
              Son 7 gün
            &lt;/option&gt;
            &lt;option
              value=&quot;30&quot;
            &gt;
              Son 30 gün
            &lt;/option&gt;
            &lt;option
              value=&quot;90&quot;
            &gt;
              Son 3 ay
            &lt;/option&gt;
            &lt;option
              value=&quot;365&quot;
            &gt;
              Son 1 yıl
            &lt;/option&gt;
          &lt;/select&gt;
          &lt;label
            class=&quot;flex items-center space-x-2&quot;
          &gt;
            &lt;input
              class=&quot;rounded&quot;
              type=&quot;checkbox&quot;
            /&gt;
            &lt;span
              class=&quot;text-sm&quot;
            &gt;
              Detaylı Analiz
            &lt;/span&gt;
          &lt;/label&gt;
          &lt;div
            class=&quot;flex space-x-1&quot;
          &gt;
            &lt;button
              class=&quot;inline-flex items-center justify-center rounded-md text-sm font-medium transition-colors focus-visible:outline-none focus-visible:ring-2 focus-visible:ring-ring focus-visible:ring-offset-2 disabled:opacity-50 disabled:pointer-events-none ring-offset-background border border-input hover:bg-accent hover:text-accent-foreground h-9 px-3 rounded-md &quot;
            &gt;
              &lt;svg
                class=&quot;w-4 h-4 mr-1&quot;
                fill=&quot;none&quot;
                height=&quot;24&quot;
                stroke=&quot;currentColor&quot;
                stroke-linecap=&quot;round&quot;
                stroke-linejoin=&quot;round&quot;
                stroke-width=&quot;2&quot;
                viewBox=&quot;0 0 24 24&quot;
                width=&quot;24&quot;
                xmlns=&quot;http://www.w3.org/2000/svg&quot;
              &gt;
                &lt;path
                  d=&quot;M21 15v4a2 2 0 0 1-2 2H5a2 2 0 0 1-2-2v-4&quot;
                /&gt;
                &lt;polyline
                  points=&quot;7 10 12 15 17 10&quot;
                /&gt;
                &lt;line
                  x1=&quot;12&quot;
                  x2=&quot;12&quot;
                  y1=&quot;15&quot;
                  y2=&quot;3&quot;
                /&gt;
              &lt;/svg&gt;
              PDF
            &lt;/button&gt;
            &lt;button
              class=&quot;inline-flex items-center justify-center rounded-md text-sm font-medium transition-colors focus-visible:outline-none focus-visible:ring-2 focus-visible:ring-ring focus-visible:ring-offset-2 disabled:opacity-50 disabled:pointer-events-none ring-offset-background border border-input hover:bg-accent hover:text-accent-foreground h-9 px-3 rounded-md &quot;
            &gt;
              &lt;svg
                class=&quot;w-4 h-4 mr-1&quot;
                fill=&quot;none&quot;
                height=&quot;24&quot;
                stroke=&quot;currentColor&quot;
                stroke-linecap=&quot;round&quot;
                stroke-linejoin=&quot;round&quot;
                stroke-width=&quot;2&quot;
                viewBox=&quot;0 0 24 24&quot;
                width=&quot;24&quot;
                xmlns=&quot;http://www.w3.org/2000/svg&quot;
              &gt;
                &lt;path
                  d=&quot;M21 15v4a2 2 0 0 1-2 2H5a2 2 0 0 1-2-2v-4&quot;
                /&gt;
                &lt;polyline
                  points=&quot;7 10 12 15 17 10&quot;
                /&gt;
                &lt;line
                  x1=&quot;12&quot;
                  x2=&quot;12&quot;
                  y1=&quot;15&quot;
                  y2=&quot;3&quot;
                /&gt;
              &lt;/svg&gt;
              Excel
            &lt;/button&gt;
            &lt;button
              class=&quot;inline-flex items-center justify-center rounded-md text-sm font-medium transition-colors focus-visible:outline-none focus-visible:ring-2 focus-visible:ring-ring focus-visible:ring-offset-2 disabled:opacity-50 disabled:pointer-events-none ring-offset-background border border-input hover:bg-accent hover:text-accent-foreground h-9 px-3 rounded-md &quot;
            &gt;
              &lt;svg
                class=&quot;w-4 h-4 mr-1&quot;
                fill=&quot;none&quot;
                height=&quot;24&quot;
                stroke=&quot;currentColor&quot;
                stroke-linecap=&quot;round&quot;
                stroke-linejoin=&quot;round&quot;
                stroke-width=&quot;2&quot;
                viewBox=&quot;0 0 24 24&quot;
                width=&quot;24&quot;
                xmlns=&quot;http://www.w3.org/2000/svg&quot;
              &gt;
                &lt;path
                  d=&quot;M21 15v4a2 2 0 0 1-2 2H5a2 2 0 0 1-2-2v-4&quot;
                /&gt;
                &lt;polyline
                  points=&quot;7 10 12 15 17 10&quot;
                /&gt;
                &lt;line
                  x1=&quot;12&quot;
         ...
 ❯ Object.getElementError node_modules/@testing-library/react/node_modules/@testing-library/dom/dist/config.js:37:19
 ❯ node_modules/@testing-library/react/node_modules/@testing-library/dom/dist/query-helpers.js:76:38
 ❯ node_modules/@testing-library/react/node_modules/@testing-library/dom/dist/query-helpers.js:52:17
 ❯ node_modules/@testing-library/react/node_modules/@testing-library/dom/dist/query-helpers.js:95:19
 ❯ src/test/analytics.test.tsx:266:21
            </failure>
        </testcase>
        <testcase classname="src/test/analytics.test.tsx" name="Analytics Components &gt; StudentAnalyticsDashboard &gt; handles error state" time="0.0266587">
        </testcase>
        <testcase classname="src/test/analytics.test.tsx" name="Analytics Components &gt; TeacherClassAnalytics &gt; renders teacher class analytics" time="0.2203884">
            <failure message="Unable to find an element with the text: 5,847. This could be because the text is broken up by multiple elements. In this case, you can provide a function for your text matcher to make your matcher more flexible.

Ignored nodes: comments, script, style
[36m&lt;body&gt;[39m
  [36m&lt;div&gt;[39m
    [36m&lt;div[39m
      [33mclass[39m=[32m&quot;space-y-6 &quot;[39m
    [36m&gt;[39m
      [36m&lt;div[39m
        [33mclass[39m=[32m&quot;flex justify-between items-center&quot;[39m
      [36m&gt;[39m
        [36m&lt;div&gt;[39m
          [36m&lt;h2[39m
            [33mclass[39m=[32m&quot;text-2xl font-bold text-gray-900&quot;[39m
          [36m&gt;[39m
            [0mSınıf Analytics[0m
          [36m&lt;/h2&gt;[39m
          [36m&lt;p[39m
            [33mclass[39m=[32m&quot;text-gray-600&quot;[39m
          [36m&gt;[39m
            [0mSınıf ID: [0m
            [0mtest_class[0m
            [0m | Öğrenci Sayısı: [0m
            [0m30[0m
            [0m | Dönem: [0m
            [0m01.01.2024[0m
            [0m -[0m
            [0m31.01.2024[0m
          [36m&lt;/p&gt;[39m
        [36m&lt;/div&gt;[39m
        [36m&lt;div[39m
          [33mclass[39m=[32m&quot;flex items-center space-x-2&quot;[39m
        [36m&gt;[39m
          [36m&lt;select[39m
            [33mclass[39m=[32m&quot;px-3 py-2 border border-gray-300 rounded-md&quot;[39m
          [36m&gt;[39m
            [36m&lt;option[39m
              [33mvalue[39m=[32m&quot;7&quot;[39m
            [36m&gt;[39m
              [0mSon 7 gün[0m
            [36m&lt;/option&gt;[39m
            [36m&lt;option[39m
              [33mvalue[39m=[32m&quot;30&quot;[39m
            [36m&gt;[39m
              [0mSon 30 gün[0m
            [36m&lt;/option&gt;[39m
            [36m&lt;option[39m
              [33mvalue[39m=[32m&quot;90&quot;[39m
            [36m&gt;[39m
              [0mSon 3 ay[0m
            [36m&lt;/option&gt;[39m
            [36m&lt;option[39m
              [33mvalue[39m=[32m&quot;365&quot;[39m
            [36m&gt;[39m
              [0mSon 1 yıl[0m
            [36m&lt;/option&gt;[39m
          [36m&lt;/select&gt;[39m
          [36m&lt;label[39m
            [33mclass[39m=[32m&quot;flex items-center space-x-2&quot;[39m
          [36m&gt;[39m
            [36m&lt;input[39m
              [33mchecked[39m=[32m&quot;&quot;[39m
              [33mclass[39m=[32m&quot;rounded&quot;[39m
              [33mtype[39m=[32m&quot;checkbox&quot;[39m
            [36m/&gt;[39m
            [36m&lt;span[39m
              [33mclass[39m=[32m&quot;text-sm&quot;[39m
            [36m&gt;[39m
              [0mÖğrenci Detayları[0m
            [36m&lt;/span&gt;[39m
          [36m&lt;/label&gt;[39m
          [36m&lt;div[39m
            [33mclass[39m=[32m&quot;flex space-x-1&quot;[39m
          [36m&gt;[39m
            [36m&lt;button[39m
              [33mclass[39m=[32m&quot;inline-flex items-center justify-center rounded-md text-sm font-medium transition-colors focus-visible:outline-none focus-visible:ring-2 focus-visible:ring-ring focus-visible:ring-offset-2 disabled:opacity-50 disabled:pointer-events-none ring-offset-background border border-input hover:bg-accent hover:text-accent-foreground h-9 px-3 rounded-md &quot;[39m
            [36m&gt;[39m
              [36m&lt;svg[39m
                [33mclass[39m=[32m&quot;w-4 h-4 mr-1&quot;[39m
                [33mfill[39m=[32m&quot;none&quot;[39m
                [33mheight[39m=[32m&quot;24&quot;[39m
                [33mstroke[39m=[32m&quot;currentColor&quot;[39m
                [33mstroke-linecap[39m=[32m&quot;round&quot;[39m
                [33mstroke-linejoin[39m=[32m&quot;round&quot;[39m
                [33mstroke-width[39m=[32m&quot;2&quot;[39m
                [33mviewBox[39m=[32m&quot;0 0 24 24&quot;[39m
                [33mwidth[39m=[32m&quot;24&quot;[39m
                [33mxmlns[39m=[32m&quot;http://www.w3.org/2000/svg&quot;[39m
              [36m&gt;[39m
                [36m&lt;path[39m
                  [33md[39m=[32m&quot;M21 15v4a2 2 0 0 1-2 2H5a2 2 0 0 1-2-2v-4&quot;[39m
                [36m/&gt;[39m
                [36m&lt;polyline[39m
                  [33mpoints[39m=[32m&quot;7 10 12 15 17 10&quot;[39m
                [36m/&gt;[39m
                [36m&lt;line[39m
                  [33mx1[39m=[32m&quot;12&quot;[39m
                  [33mx2[39m=[32m&quot;12&quot;[39m
                  [33my1[39m=[32m&quot;15&quot;[39m
                  [33my2[39m=[32m&quot;3&quot;[39m
                [36m/&gt;[39m
              [36m&lt;/svg&gt;[39m
              [0mPDF[0m
            [36m&lt;/button&gt;[39m
            [36m&lt;button[39m
              [33mclass[39m=[32m&quot;inline-flex items-center justify-center rounded-md text-sm font-medium transition-colors focus-visible:outline-none focus-visible:ring-2 focus-visible:ring-ring focus-visible:ring-offset-2 disabled:opacity-50 disabled:pointer-events-none ring-offset-background border border-input hover:bg-accent hover:text-accent-foreground h-9 px-3 rounded-md &quot;[39m
            [36m&gt;[39m
              [36m&lt;svg[39m
                [33mclass[39m=[32m&quot;w-4 h-4 mr-1&quot;[39m
                [33mfill[39m=[32m&quot;none&quot;[39m
                [33mheight[39m=[32m&quot;24&quot;[39m
                [33mstroke[39m=[32m&quot;currentColor&quot;[39m
                [33mstroke-linecap[39m=[32m&quot;round&quot;[39m
                [33mstroke-linejoin[39m=[32m&quot;round&quot;[39m
                [33mstroke-width[39m=[32m&quot;2&quot;[39m
                [33mviewBox[39m=[32m&quot;0 0 24 24&quot;[39m
                [33mwidth[39m=[32m&quot;24&quot;[39m
                [33mxmlns[39m=[32m&quot;http://www.w3.org/2000/svg&quot;[39m
              [36m&gt;[39m
                [36m&lt;path[39m
                  [33md[39m=[32m&quot;M21 15v4a2 2 0 0 1-2 2H5a2 2 0 0 1-2-2v-4&quot;[39m
                [36m/&gt;[39m
                [36m&lt;polyline[39m
                  [33mpoints[39m=[32m&quot;7 10 12 15 17 10&quot;[39m
                [36m/&gt;[39m
                [36m&lt;line[39m
                  [33mx1[39m=[32m&quot;12&quot;[39m
                  [33mx2[39m=[32m&quot;12&quot;[39m
                  [33my1[39m=[32m&quot;15&quot;[39m
                  [33my2[39m=[32m&quot;3&quot;[39m
                [36m/&gt;[39m
              [36m&lt;/svg&gt;[39m
              [0mExcel[0m
            [36m&lt;/button&gt;[39m
          [36m&lt;/div&gt;[39m
        [36m&lt;/div&gt;[39m
      [36m&lt;/div&gt;[39m
      [36m&lt;div[39m
        [33mclass[39m=[32m&quot;grid grid-cols-1 md:grid-cols-2 lg:grid-cols-4 gap-4&quot;[39m
      [36m&gt;[39m
        [36m&lt;div[39m
          [33mclass[39m=[32m&quot;bg-white rounded-lg shadow-sm border border-gray-200 &quot;[39m
        [36m&gt;[39m
          [36m&lt;div[39m
            [33mclass[39m=[32m&quot;px-6 py-4 p-4&quot;[39m
          [36m&gt;[39m
            [36m&lt;div[39m
              [33mclass[39m=[32m&quot;flex items-center justify-between&quot;[39m
            [36m&gt;[39m
              [36m&lt;div&gt;[39m
                [36m&lt;p[39m
                  [33mclass[39m=[32m&quot;text-sm text-gray-600&quot;[39m
                [36m&gt;[39m
                  [0mOrtalama Çalışma[0m
                [36m&lt;/p&gt;[39m
                [36m&lt;p[39m
                  [33mclass[39m=[32m&quot;text-2xl font-bold&quot;[39m
                [36m&gt;[39m
                  [0m38.2[0m
                  [0mh[0m
                [36m&lt;/p&gt;[39m
              [36m&lt;/div&gt;[39m
              [36m&lt;svg[39m
                [33mclass[39m=[32m&quot;w-8 h-8 text-blue-600&quot;[39m
                [33mfill[39m=[32m&quot;none&quot;[39m
                [33mheight[39m=[32m&quot;24&quot;[39m
                [33mstroke[39m=[32m&quot;currentColor&quot;[39m
                [33mstr..." type="TestingLibraryElementError">
TestingLibraryElementError: Unable to find an element with the text: 5,847. This could be because the text is broken up by multiple elements. In this case, you can provide a function for your text matcher to make your matcher more flexible.

Ignored nodes: comments, script, style
&lt;body&gt;
  &lt;div&gt;
    &lt;div
      class=&quot;space-y-6 &quot;
    &gt;
      &lt;div
        class=&quot;flex justify-between items-center&quot;
      &gt;
        &lt;div&gt;
          &lt;h2
            class=&quot;text-2xl font-bold text-gray-900&quot;
          &gt;
            Sınıf Analytics
          &lt;/h2&gt;
          &lt;p
            class=&quot;text-gray-600&quot;
          &gt;
            Sınıf ID: 
            test_class
             | Öğrenci Sayısı: 
            30
             | Dönem: 
            01.01.2024
             -
            31.01.2024
          &lt;/p&gt;
        &lt;/div&gt;
        &lt;div
          class=&quot;flex items-center space-x-2&quot;
        &gt;
          &lt;select
            class=&quot;px-3 py-2 border border-gray-300 rounded-md&quot;
          &gt;
            &lt;option
              value=&quot;7&quot;
            &gt;
              Son 7 gün
            &lt;/option&gt;
            &lt;option
              value=&quot;30&quot;
            &gt;
              Son 30 gün
            &lt;/option&gt;
            &lt;option
              value=&quot;90&quot;
            &gt;
              Son 3 ay
            &lt;/option&gt;
            &lt;option
              value=&quot;365&quot;
            &gt;
              Son 1 yıl
            &lt;/option&gt;
          &lt;/select&gt;
          &lt;label
            class=&quot;flex items-center space-x-2&quot;
          &gt;
            &lt;input
              checked=&quot;&quot;
              class=&quot;rounded&quot;
              type=&quot;checkbox&quot;
            /&gt;
            &lt;span
              class=&quot;text-sm&quot;
            &gt;
              Öğrenci Detayları
            &lt;/span&gt;
          &lt;/label&gt;
          &lt;div
            class=&quot;flex space-x-1&quot;
          &gt;
            &lt;button
              class=&quot;inline-flex items-center justify-center rounded-md text-sm font-medium transition-colors focus-visible:outline-none focus-visible:ring-2 focus-visible:ring-ring focus-visible:ring-offset-2 disabled:opacity-50 disabled:pointer-events-none ring-offset-background border border-input hover:bg-accent hover:text-accent-foreground h-9 px-3 rounded-md &quot;
            &gt;
              &lt;svg
                class=&quot;w-4 h-4 mr-1&quot;
                fill=&quot;none&quot;
                height=&quot;24&quot;
                stroke=&quot;currentColor&quot;
                stroke-linecap=&quot;round&quot;
                stroke-linejoin=&quot;round&quot;
                stroke-width=&quot;2&quot;
                viewBox=&quot;0 0 24 24&quot;
                width=&quot;24&quot;
                xmlns=&quot;http://www.w3.org/2000/svg&quot;
              &gt;
                &lt;path
                  d=&quot;M21 15v4a2 2 0 0 1-2 2H5a2 2 0 0 1-2-2v-4&quot;
                /&gt;
                &lt;polyline
                  points=&quot;7 10 12 15 17 10&quot;
                /&gt;
                &lt;line
                  x1=&quot;12&quot;
                  x2=&quot;12&quot;
                  y1=&quot;15&quot;
                  y2=&quot;3&quot;
                /&gt;
              &lt;/svg&gt;
              PDF
            &lt;/button&gt;
            &lt;button
              class=&quot;inline-flex items-center justify-center rounded-md text-sm font-medium transition-colors focus-visible:outline-none focus-visible:ring-2 focus-visible:ring-ring focus-visible:ring-offset-2 disabled:opacity-50 disabled:pointer-events-none ring-offset-background border border-input hover:bg-accent hover:text-accent-foreground h-9 px-3 rounded-md &quot;
            &gt;
              &lt;svg
                class=&quot;w-4 h-4 mr-1&quot;
                fill=&quot;none&quot;
                height=&quot;24&quot;
                stroke=&quot;currentColor&quot;
                stroke-linecap=&quot;round&quot;
                stroke-linejoin=&quot;round&quot;
                stroke-width=&quot;2&quot;
                viewBox=&quot;0 0 24 24&quot;
                width=&quot;24&quot;
                xmlns=&quot;http://www.w3.org/2000/svg&quot;
              &gt;
                &lt;path
                  d=&quot;M21 15v4a2 2 0 0 1-2 2H5a2 2 0 0 1-2-2v-4&quot;
                /&gt;
                &lt;polyline
                  points=&quot;7 10 12 15 17 10&quot;
                /&gt;
                &lt;line
                  x1=&quot;12&quot;
                  x2=&quot;12&quot;
                  y1=&quot;15&quot;
                  y2=&quot;3&quot;
                /&gt;
              &lt;/svg&gt;
              Excel
            &lt;/button&gt;
          &lt;/div&gt;
        &lt;/div&gt;
      &lt;/div&gt;
      &lt;div
        class=&quot;grid grid-cols-1 md:grid-cols-2 lg:grid-cols-4 gap-4&quot;
      &gt;
        &lt;div
          class=&quot;bg-white rounded-lg shadow-sm border border-gray-200 &quot;
        &gt;
          &lt;div
            class=&quot;px-6 py-4 p-4&quot;
          &gt;
            &lt;div
              class=&quot;flex items-center justify-between&quot;
            &gt;
              &lt;div&gt;
                &lt;p
                  class=&quot;text-sm text-gray-600&quot;
                &gt;
                  Ortalama Çalışma
                &lt;/p&gt;
                &lt;p
                  class=&quot;text-2xl font-bold&quot;
                &gt;
                  38.2
                  h
                &lt;/p&gt;
              &lt;/div&gt;
              &lt;svg
                class=&quot;w-8 h-8 text-blue-600&quot;
                fill=&quot;none&quot;
                height=&quot;24&quot;
                stroke=&quot;currentColor&quot;
                str...
 ❯ Object.getElementError node_modules/@testing-library/react/node_modules/@testing-library/dom/dist/config.js:37:19
 ❯ node_modules/@testing-library/react/node_modules/@testing-library/dom/dist/query-helpers.js:76:38
 ❯ node_modules/@testing-library/react/node_modules/@testing-library/dom/dist/query-helpers.js:52:17
 ❯ node_modules/@testing-library/react/node_modules/@testing-library/dom/dist/query-helpers.js:95:19
 ❯ src/test/analytics.test.tsx:306:21
            </failure>
        </testcase>
        <testcase classname="src/test/analytics.test.tsx" name="Analytics Components &gt; AdminSystemAnalytics &gt; renders admin system analytics" time="0.2991187">
            <failure message="Unable to find an element with the text: 25,847. This could be because the text is broken up by multiple elements. In this case, you can provide a function for your text matcher to make your matcher more flexible.

Ignored nodes: comments, script, style
[36m&lt;body&gt;[39m
  [36m&lt;div&gt;[39m
    [36m&lt;div[39m
      [33mclass[39m=[32m&quot;space-y-6 &quot;[39m
    [36m&gt;[39m
      [36m&lt;div[39m
        [33mclass[39m=[32m&quot;flex justify-between items-center&quot;[39m
      [36m&gt;[39m
        [36m&lt;div&gt;[39m
          [36m&lt;h2[39m
            [33mclass[39m=[32m&quot;text-2xl font-bold text-gray-900&quot;[39m
          [36m&gt;[39m
            [0mSistem Analytics[0m
          [36m&lt;/h2&gt;[39m
          [36m&lt;p[39m
            [33mclass[39m=[32m&quot;text-gray-600&quot;[39m
          [36m&gt;[39m
            [0mDönem: [0m
            [0m01.01.2024[0m
            [0m -[0m
            [0m31.01.2024[0m
          [36m&lt;/p&gt;[39m
        [36m&lt;/div&gt;[39m
        [36m&lt;div[39m
          [33mclass[39m=[32m&quot;flex items-center space-x-2&quot;[39m
        [36m&gt;[39m
          [36m&lt;select[39m
            [33mclass[39m=[32m&quot;px-3 py-2 border border-gray-300 rounded-md&quot;[39m
          [36m&gt;[39m
            [36m&lt;option[39m
              [33mvalue[39m=[32m&quot;7&quot;[39m
            [36m&gt;[39m
              [0mSon 7 gün[0m
            [36m&lt;/option&gt;[39m
            [36m&lt;option[39m
              [33mvalue[39m=[32m&quot;30&quot;[39m
            [36m&gt;[39m
              [0mSon 30 gün[0m
            [36m&lt;/option&gt;[39m
            [36m&lt;option[39m
              [33mvalue[39m=[32m&quot;90&quot;[39m
            [36m&gt;[39m
              [0mSon 3 ay[0m
            [36m&lt;/option&gt;[39m
            [36m&lt;option[39m
              [33mvalue[39m=[32m&quot;365&quot;[39m
            [36m&gt;[39m
              [0mSon 1 yıl[0m
            [36m&lt;/option&gt;[39m
          [36m&lt;/select&gt;[39m
          [36m&lt;button[39m
            [33mclass[39m=[32m&quot;inline-flex items-center justify-center rounded-md text-sm font-medium transition-colors focus-visible:outline-none focus-visible:ring-2 focus-visible:ring-ring focus-visible:ring-offset-2 disabled:opacity-50 disabled:pointer-events-none ring-offset-background border border-input hover:bg-accent hover:text-accent-foreground h-9 px-3 rounded-md &quot;[39m
          [36m&gt;[39m
            [36m&lt;svg[39m
              [33mclass[39m=[32m&quot;w-4 h-4 mr-1 &quot;[39m
              [33mfill[39m=[32m&quot;none&quot;[39m
              [33mheight[39m=[32m&quot;24&quot;[39m
              [33mstroke[39m=[32m&quot;currentColor&quot;[39m
              [33mstroke-linecap[39m=[32m&quot;round&quot;[39m
              [33mstroke-linejoin[39m=[32m&quot;round&quot;[39m
              [33mstroke-width[39m=[32m&quot;2&quot;[39m
              [33mviewBox[39m=[32m&quot;0 0 24 24&quot;[39m
              [33mwidth[39m=[32m&quot;24&quot;[39m
              [33mxmlns[39m=[32m&quot;http://www.w3.org/2000/svg&quot;[39m
            [36m&gt;[39m
              [36m&lt;path[39m
                [33md[39m=[32m&quot;M3 12a9 9 0 0 1 9-9 9.75 9.75 0 0 1 6.74 2.74L21 8&quot;[39m
              [36m/&gt;[39m
              [36m&lt;path[39m
                [33md[39m=[32m&quot;M21 3v5h-5&quot;[39m
              [36m/&gt;[39m
              [36m&lt;path[39m
                [33md[39m=[32m&quot;M21 12a9 9 0 0 1-9 9 9.75 9.75 0 0 1-6.74-2.74L3 16&quot;[39m
              [36m/&gt;[39m
              [36m&lt;path[39m
                [33md[39m=[32m&quot;M8 16H3v5&quot;[39m
              [36m/&gt;[39m
            [36m&lt;/svg&gt;[39m
            [0mYenile[0m
          [36m&lt;/button&gt;[39m
          [36m&lt;div[39m
            [33mclass[39m=[32m&quot;flex space-x-1&quot;[39m
          [36m&gt;[39m
            [36m&lt;button[39m
              [33mclass[39m=[32m&quot;inline-flex items-center justify-center rounded-md text-sm font-medium transition-colors focus-visible:outline-none focus-visible:ring-2 focus-visible:ring-ring focus-visible:ring-offset-2 disabled:opacity-50 disabled:pointer-events-none ring-offset-background border border-input hover:bg-accent hover:text-accent-foreground h-9 px-3 rounded-md &quot;[39m
            [36m&gt;[39m
              [36m&lt;svg[39m
                [33mclass[39m=[32m&quot;w-4 h-4 mr-1&quot;[39m
                [33mfill[39m=[32m&quot;none&quot;[39m
                [33mheight[39m=[32m&quot;24&quot;[39m
                [33mstroke[39m=[32m&quot;currentColor&quot;[39m
                [33mstroke-linecap[39m=[32m&quot;round&quot;[39m
                [33mstroke-linejoin[39m=[32m&quot;round&quot;[39m
                [33mstroke-width[39m=[32m&quot;2&quot;[39m
                [33mviewBox[39m=[32m&quot;0 0 24 24&quot;[39m
                [33mwidth[39m=[32m&quot;24&quot;[39m
                [33mxmlns[39m=[32m&quot;http://www.w3.org/2000/svg&quot;[39m
              [36m&gt;[39m
                [36m&lt;path[39m
                  [33md[39m=[32m&quot;M21 15v4a2 2 0 0 1-2 2H5a2 2 0 0 1-2-2v-4&quot;[39m
                [36m/&gt;[39m
                [36m&lt;polyline[39m
                  [33mpoints[39m=[32m&quot;7 10 12 15 17 10&quot;[39m
                [36m/&gt;[39m
                [36m&lt;line[39m
                  [33mx1[39m=[32m&quot;12&quot;[39m
                  [33mx2[39m=[32m&quot;12&quot;[39m
                  [33my1[39m=[32m&quot;15&quot;[39m
                  [33my2[39m=[32m&quot;3&quot;[39m
                [36m/&gt;[39m
              [36m&lt;/svg&gt;[39m
              [0mPDF[0m
            [36m&lt;/button&gt;[39m
            [36m&lt;button[39m
              [33mclass[39m=[32m&quot;inline-flex items-center justify-center rounded-md text-sm font-medium transition-colors focus-visible:outline-none focus-visible:ring-2 focus-visible:ring-ring focus-visible:ring-offset-2 disabled:opacity-50 disabled:pointer-events-none ring-offset-background border border-input hover:bg-accent hover:text-accent-foreground h-9 px-3 rounded-md &quot;[39m
            [36m&gt;[39m
              [36m&lt;svg[39m
                [33mclass[39m=[32m&quot;w-4 h-4 mr-1&quot;[39m
                [33mfill[39m=[32m&quot;none&quot;[39m
                [33mheight[39m=[32m&quot;24&quot;[39m
                [33mstroke[39m=[32m&quot;currentColor&quot;[39m
                [33mstroke-linecap[39m=[32m&quot;round&quot;[39m
                [33mstroke-linejoin[39m=[32m&quot;round&quot;[39m
                [33mstroke-width[39m=[32m&quot;2&quot;[39m
                [33mviewBox[39m=[32m&quot;0 0 24 24&quot;[39m
                [33mwidth[39m=[32m&quot;24&quot;[39m
                [33mxmlns[39m=[32m&quot;http://www.w3.org/2000/svg&quot;[39m
              [36m&gt;[39m
                [36m&lt;path[39m
                  [33md[39m=[32m&quot;M21 15v4a2 2 0 0 1-2 2H5a2 2 0 0 1-2-2v-4&quot;[39m
                [36m/&gt;[39m
                [36m&lt;polyline[39m
                  [33mpoints[39m=[32m&quot;7 10 12 15 17 10&quot;[39m
                [36m/&gt;[39m
                [36m&lt;line[39m
                  [33mx1[39m=[32m&quot;12&quot;[39m
                  [33mx2[39m=[32m&quot;12&quot;[39m
                  [33my1[39m=[32m&quot;15&quot;[39m
                  [33my2[39m=[32m&quot;3&quot;[39m
                [36m/&gt;[39m
              [36m&lt;/svg&gt;[39m
              [0mExcel[0m
            [36m&lt;/button&gt;[39m
          [36m&lt;/div&gt;[39m
        [36m&lt;/div&gt;[39m
      [36m&lt;/div&gt;[39m
      [36m&lt;div[39m
        [33mclass[39m=[32m&quot;bg-white rounded-lg shadow-sm border border-gray-200 border-2 border-green-200 bg-green-50&quot;[39m
      [36m&gt;[39m
        [36m&lt;div[39m
          [33mclass[39m=[32m&quot;px-6 py-4 p-4&quot;[39m
        [36m&gt;..." type="TestingLibraryElementError">
TestingLibraryElementError: Unable to find an element with the text: 25,847. This could be because the text is broken up by multiple elements. In this case, you can provide a function for your text matcher to make your matcher more flexible.

Ignored nodes: comments, script, style
&lt;body&gt;
  &lt;div&gt;
    &lt;div
      class=&quot;space-y-6 &quot;
    &gt;
      &lt;div
        class=&quot;flex justify-between items-center&quot;
      &gt;
        &lt;div&gt;
          &lt;h2
            class=&quot;text-2xl font-bold text-gray-900&quot;
          &gt;
            Sistem Analytics
          &lt;/h2&gt;
          &lt;p
            class=&quot;text-gray-600&quot;
          &gt;
            Dönem: 
            01.01.2024
             -
            31.01.2024
          &lt;/p&gt;
        &lt;/div&gt;
        &lt;div
          class=&quot;flex items-center space-x-2&quot;
        &gt;
          &lt;select
            class=&quot;px-3 py-2 border border-gray-300 rounded-md&quot;
          &gt;
            &lt;option
              value=&quot;7&quot;
            &gt;
              Son 7 gün
            &lt;/option&gt;
            &lt;option
              value=&quot;30&quot;
            &gt;
              Son 30 gün
            &lt;/option&gt;
            &lt;option
              value=&quot;90&quot;
            &gt;
              Son 3 ay
            &lt;/option&gt;
            &lt;option
              value=&quot;365&quot;
            &gt;
              Son 1 yıl
            &lt;/option&gt;
          &lt;/select&gt;
          &lt;button
            class=&quot;inline-flex items-center justify-center rounded-md text-sm font-medium transition-colors focus-visible:outline-none focus-visible:ring-2 focus-visible:ring-ring focus-visible:ring-offset-2 disabled:opacity-50 disabled:pointer-events-none ring-offset-background border border-input hover:bg-accent hover:text-accent-foreground h-9 px-3 rounded-md &quot;
          &gt;
            &lt;svg
              class=&quot;w-4 h-4 mr-1 &quot;
              fill=&quot;none&quot;
              height=&quot;24&quot;
              stroke=&quot;currentColor&quot;
              stroke-linecap=&quot;round&quot;
              stroke-linejoin=&quot;round&quot;
              stroke-width=&quot;2&quot;
              viewBox=&quot;0 0 24 24&quot;
              width=&quot;24&quot;
              xmlns=&quot;http://www.w3.org/2000/svg&quot;
            &gt;
              &lt;path
                d=&quot;M3 12a9 9 0 0 1 9-9 9.75 9.75 0 0 1 6.74 2.74L21 8&quot;
              /&gt;
              &lt;path
                d=&quot;M21 3v5h-5&quot;
              /&gt;
              &lt;path
                d=&quot;M21 12a9 9 0 0 1-9 9 9.75 9.75 0 0 1-6.74-2.74L3 16&quot;
              /&gt;
              &lt;path
                d=&quot;M8 16H3v5&quot;
              /&gt;
            &lt;/svg&gt;
            Yenile
          &lt;/button&gt;
          &lt;div
            class=&quot;flex space-x-1&quot;
          &gt;
            &lt;button
              class=&quot;inline-flex items-center justify-center rounded-md text-sm font-medium transition-colors focus-visible:outline-none focus-visible:ring-2 focus-visible:ring-ring focus-visible:ring-offset-2 disabled:opacity-50 disabled:pointer-events-none ring-offset-background border border-input hover:bg-accent hover:text-accent-foreground h-9 px-3 rounded-md &quot;
            &gt;
              &lt;svg
                class=&quot;w-4 h-4 mr-1&quot;
                fill=&quot;none&quot;
                height=&quot;24&quot;
                stroke=&quot;currentColor&quot;
                stroke-linecap=&quot;round&quot;
                stroke-linejoin=&quot;round&quot;
                stroke-width=&quot;2&quot;
                viewBox=&quot;0 0 24 24&quot;
                width=&quot;24&quot;
                xmlns=&quot;http://www.w3.org/2000/svg&quot;
              &gt;
                &lt;path
                  d=&quot;M21 15v4a2 2 0 0 1-2 2H5a2 2 0 0 1-2-2v-4&quot;
                /&gt;
                &lt;polyline
                  points=&quot;7 10 12 15 17 10&quot;
                /&gt;
                &lt;line
                  x1=&quot;12&quot;
                  x2=&quot;12&quot;
                  y1=&quot;15&quot;
                  y2=&quot;3&quot;
                /&gt;
              &lt;/svg&gt;
              PDF
            &lt;/button&gt;
            &lt;button
              class=&quot;inline-flex items-center justify-center rounded-md text-sm font-medium transition-colors focus-visible:outline-none focus-visible:ring-2 focus-visible:ring-ring focus-visible:ring-offset-2 disabled:opacity-50 disabled:pointer-events-none ring-offset-background border border-input hover:bg-accent hover:text-accent-foreground h-9 px-3 rounded-md &quot;
            &gt;
              &lt;svg
                class=&quot;w-4 h-4 mr-1&quot;
                fill=&quot;none&quot;
                height=&quot;24&quot;
                stroke=&quot;currentColor&quot;
                stroke-linecap=&quot;round&quot;
                stroke-linejoin=&quot;round&quot;
                stroke-width=&quot;2&quot;
                viewBox=&quot;0 0 24 24&quot;
                width=&quot;24&quot;
                xmlns=&quot;http://www.w3.org/2000/svg&quot;
              &gt;
                &lt;path
                  d=&quot;M21 15v4a2 2 0 0 1-2 2H5a2 2 0 0 1-2-2v-4&quot;
                /&gt;
                &lt;polyline
                  points=&quot;7 10 12 15 17 10&quot;
                /&gt;
                &lt;line
                  x1=&quot;12&quot;
                  x2=&quot;12&quot;
                  y1=&quot;15&quot;
                  y2=&quot;3&quot;
                /&gt;
              &lt;/svg&gt;
              Excel
            &lt;/button&gt;
          &lt;/div&gt;
        &lt;/div&gt;
      &lt;/div&gt;
      &lt;div
        class=&quot;bg-white rounded-lg shadow-sm border border-gray-200 border-2 border-green-200 bg-green-50&quot;
      &gt;
        &lt;div
          class=&quot;px-6 py-4 p-4&quot;
        &gt;...
 ❯ Object.getElementError node_modules/@testing-library/react/node_modules/@testing-library/dom/dist/config.js:37:19
 ❯ node_modules/@testing-library/react/node_modules/@testing-library/dom/dist/query-helpers.js:76:38
 ❯ node_modules/@testing-library/react/node_modules/@testing-library/dom/dist/query-helpers.js:52:17
 ❯ node_modules/@testing-library/react/node_modules/@testing-library/dom/dist/query-helpers.js:95:19
 ❯ src/test/analytics.test.tsx:331:21
            </failure>
        </testcase>
        <testcase classname="src/test/analytics.test.tsx" name="Analytics Components &gt; Export Functionality &gt; handles PDF export" time="0.2120846">
        </testcase>
    </testsuite>
    <testsuite name="src/test/EbaTVIntegration.test.tsx" timestamp="2025-11-14T16:56:52.411Z" hostname="ates" tests="22" failures="0" errors="0" skipped="0" time="0.5038005">
        <testcase classname="src/test/EbaTVIntegration.test.tsx" name="EBA TV Frontend Entegrasyonu &gt; EBA TV Dashboard &gt; dashboard bileşeni doğru render edilir" time="0.1276509">
        </testcase>
        <testcase classname="src/test/EbaTVIntegration.test.tsx" name="EBA TV Frontend Entegrasyonu &gt; EBA TV Dashboard &gt; istatistik kartları doğru bilgileri gösterir" time="0.0330876">
        </testcase>
        <testcase classname="src/test/EbaTVIntegration.test.tsx" name="EBA TV Frontend Entegrasyonu &gt; EBA TV Dashboard &gt; navigasyon sekmeleri çalışır" time="0.0325375">
        </testcase>
        <testcase classname="src/test/EbaTVIntegration.test.tsx" name="EBA TV Frontend Entegrasyonu &gt; EBA TV İçerik Arama &gt; arama bileşeni doğru render edilir" time="0.0571904">
        </testcase>
        <testcase classname="src/test/EbaTVIntegration.test.tsx" name="EBA TV Frontend Entegrasyonu &gt; EBA TV İçerik Arama &gt; arama filtreleri çalışır" time="0.02671">
        </testcase>
        <testcase classname="src/test/EbaTVIntegration.test.tsx" name="EBA TV Frontend Entegrasyonu &gt; EBA TV İçerik Arama &gt; video seçimi çalışır" time="0.0237358">
        </testcase>
        <testcase classname="src/test/EbaTVIntegration.test.tsx" name="EBA TV Frontend Entegrasyonu &gt; EBA TV İçerik Arama &gt; arama sonuçları gösterilir" time="0.0186422">
        </testcase>
        <testcase classname="src/test/EbaTVIntegration.test.tsx" name="EBA TV Frontend Entegrasyonu &gt; EBA TV Öneriler &gt; öneriler bileşeni doğru render edilir" time="0.0210298">
        </testcase>
        <testcase classname="src/test/EbaTVIntegration.test.tsx" name="EBA TV Frontend Entegrasyonu &gt; EBA TV Öneriler &gt; öğrenci profili bilgileri gösterilir" time="0.023627">
        </testcase>
        <testcase classname="src/test/EbaTVIntegration.test.tsx" name="EBA TV Frontend Entegrasyonu &gt; EBA TV Öneriler &gt; kişiselleştirme skoru gösterilir" time="0.0156301">
        </testcase>
        <testcase classname="src/test/EbaTVIntegration.test.tsx" name="EBA TV Frontend Entegrasyonu &gt; EBA TV Öneriler &gt; önerilen videolar listelenir" time="0.0097976">
        </testcase>
        <testcase classname="src/test/EbaTVIntegration.test.tsx" name="EBA TV Frontend Entegrasyonu &gt; EBA TV Öneriler &gt; öneri seçimi çalışır" time="0.0103556">
        </testcase>
        <testcase classname="src/test/EbaTVIntegration.test.tsx" name="EBA TV Frontend Entegrasyonu &gt; EBA TV Video Player &gt; video player doğru render edilir" time="0.020849">
        </testcase>
        <testcase classname="src/test/EbaTVIntegration.test.tsx" name="EBA TV Frontend Entegrasyonu &gt; EBA TV Video Player &gt; video kontrolleri çalışır" time="0.0151839">
        </testcase>
        <testcase classname="src/test/EbaTVIntegration.test.tsx" name="EBA TV Frontend Entegrasyonu &gt; EBA TV Video Player &gt; video elementi doğru src ile render edilir" time="0.0075184">
        </testcase>
        <testcase classname="src/test/EbaTVIntegration.test.tsx" name="EBA TV Frontend Entegrasyonu &gt; EBA TV Video Player &gt; progress bar gösterilir" time="0.011967">
        </testcase>
        <testcase classname="src/test/EbaTVIntegration.test.tsx" name="EBA TV Frontend Entegrasyonu &gt; EBA TV Service Entegrasyonu &gt; getAllContent servisi çalışır" time="0.0028519">
        </testcase>
        <testcase classname="src/test/EbaTVIntegration.test.tsx" name="EBA TV Frontend Entegrasyonu &gt; EBA TV Service Entegrasyonu &gt; searchContent servisi çalışır" time="0.0008927">
        </testcase>
        <testcase classname="src/test/EbaTVIntegration.test.tsx" name="EBA TV Frontend Entegrasyonu &gt; EBA TV Service Entegrasyonu &gt; getRecommendations servisi çalışır" time="0.0016961">
        </testcase>
        <testcase classname="src/test/EbaTVIntegration.test.tsx" name="EBA TV Frontend Entegrasyonu &gt; EBA TV Service Entegrasyonu &gt; getStatistics servisi çalışır" time="0.0021305">
        </testcase>
        <testcase classname="src/test/EbaTVIntegration.test.tsx" name="EBA TV Frontend Entegrasyonu &gt; Entegrasyon Senaryoları &gt; tam entegrasyon senaryosu: arama → seçim → oynatma" time="0.0238211">
        </testcase>
        <testcase classname="src/test/EbaTVIntegration.test.tsx" name="EBA TV Frontend Entegrasyonu &gt; Entegrasyon Senaryoları &gt; öneriler → seçim → oynatma senaryosu" time="0.0095101">
        </testcase>
    </testsuite>
    <testsuite name="src/test/Gamification.test.tsx" timestamp="2025-11-14T16:56:52.419Z" hostname="ates" tests="19" failures="5" errors="0" skipped="0" time="5.3853827">
        <testcase classname="src/test/Gamification.test.tsx" name="PointsDisplay Component &gt; renders points correctly" time="0.146429">
        </testcase>
        <testcase classname="src/test/Gamification.test.tsx" name="PointsDisplay Component &gt; renders in compact mode" time="0.0203072">
        </testcase>
        <testcase classname="src/test/Gamification.test.tsx" name="PointsDisplay Component &gt; shows loading state" time="0.0852338">
            <failure message="Unable to find an element with the role &quot;status&quot;

There are no available roles.

Ignored nodes: comments, script, style
[36m&lt;body&gt;[39m
  [36m&lt;div&gt;[39m
    [36m&lt;div[39m
      [33mclass[39m=[32m&quot;points-display loading&quot;[39m
    [36m&gt;[39m
      [36m&lt;div[39m
        [33mclass[39m=[32m&quot;spinner&quot;[39m
      [36m/&gt;[39m
    [36m&lt;/div&gt;[39m
  [36m&lt;/div&gt;[39m
[36m&lt;/body&gt;[39m" type="TestingLibraryElementError">
TestingLibraryElementError: Unable to find an element with the role &quot;status&quot;

There are no available roles.

Ignored nodes: comments, script, style
&lt;body&gt;
  &lt;div&gt;
    &lt;div
      class=&quot;points-display loading&quot;
    &gt;
      &lt;div
        class=&quot;spinner&quot;
      /&gt;
    &lt;/div&gt;
  &lt;/div&gt;
&lt;/body&gt;
 ❯ Object.getElementError node_modules/@testing-library/react/node_modules/@testing-library/dom/dist/config.js:37:19
 ❯ node_modules/@testing-library/react/node_modules/@testing-library/dom/dist/query-helpers.js:76:38
 ❯ node_modules/@testing-library/react/node_modules/@testing-library/dom/dist/query-helpers.js:52:17
 ❯ node_modules/@testing-library/react/node_modules/@testing-library/dom/dist/query-helpers.js:95:19
 ❯ src/test/Gamification.test.tsx:145:19
            </failure>
        </testcase>
        <testcase classname="src/test/Gamification.test.tsx" name="PointsDisplay Component &gt; handles error state" time="0.0236736">
        </testcase>
        <testcase classname="src/test/Gamification.test.tsx" name="LevelDisplay Component &gt; renders level correctly" time="1.0717128">
            <failure message="Found multiple elements with the text: /5/

Here are the matching elements:

Ignored nodes: comments, script, style
[36m&lt;div[39m
  [33mclass[39m=[32m&quot;level-badge-number&quot;[39m
[36m&gt;[39m
  [0m5[0m
[36m&lt;/div&gt;[39m

Ignored nodes: comments, script, style
[36m&lt;div[39m
  [33mclass[39m=[32m&quot;xp-value&quot;[39m
[36m&gt;[39m
  [0m1.500[0m
[36m&lt;/div&gt;[39m

Ignored nodes: comments, script, style
[36m&lt;span[39m
  [33mclass[39m=[32m&quot;xp-needed&quot;[39m
[36m&gt;[39m
  [0m500[0m
  [0m XP gerekli[0m
[36m&lt;/span&gt;[39m

Ignored nodes: comments, script, style
[36m&lt;span[39m
  [33mclass[39m=[32m&quot;milestone-level&quot;[39m
[36m&gt;[39m
  [0m25[0m
[36m&lt;/span&gt;[39m

Ignored nodes: comments, script, style
[36m&lt;span[39m
  [33mclass[39m=[32m&quot;milestone-level&quot;[39m
[36m&gt;[39m
  [0m50[0m
[36m&lt;/span&gt;[39m

Ignored nodes: comments, script, style
[36m&lt;span[39m
  [33mclass[39m=[32m&quot;milestone-level&quot;[39m
[36m&gt;[39m
  [0m75[0m
[36m&lt;/span&gt;[39m

(If this is intentional, then use the `*AllBy*` variant of the query (like `queryAllByText`, `getAllByText`, or `findAllByText`)).

Ignored nodes: comments, script, style
[36m&lt;body&gt;[39m
  [36m&lt;div&gt;[39m
    [36m&lt;div[39m
      [33mclass[39m=[32m&quot;level-display &quot;[39m
    [36m&gt;[39m
      [36m&lt;div[39m
        [33mclass[39m=[32m&quot;level-header&quot;[39m
      [36m&gt;[39m
        [36m&lt;h3&gt;[39m
          [0mSeviye &amp; XP[0m
        [36m&lt;/h3&gt;[39m
      [36m&lt;/div&gt;[39m
      [36m&lt;div[39m
        [33mclass[39m=[32m&quot;level-main&quot;[39m
      [36m&gt;[39m
        [36m&lt;div[39m
          [33mclass[39m=[32m&quot;level-badge-large &quot;[39m
        [36m&gt;[39m
          [36m&lt;div[39m
            [33mclass[39m=[32m&quot;level-badge-icon&quot;[39m
          [36m&gt;[39m
            [0m⚡[0m
          [36m&lt;/div&gt;[39m
          [36m&lt;div[39m
            [33mclass[39m=[32m&quot;level-badge-number&quot;[39m
          [36m&gt;[39m
            [0m5[0m
          [36m&lt;/div&gt;[39m
          [36m&lt;div[39m
            [33mclass[39m=[32m&quot;level-badge-label&quot;[39m
          [36m&gt;[39m
            [0mSeviye[0m
          [36m&lt;/div&gt;[39m
        [36m&lt;/div&gt;[39m
        [36m&lt;div[39m
          [33mclass[39m=[32m&quot;level-info&quot;[39m
        [36m&gt;[39m
          [36m&lt;div[39m
            [33mclass[39m=[32m&quot;xp-display&quot;[39m
          [36m&gt;[39m
            [36m&lt;div[39m
              [33mclass[39m=[32m&quot;xp-label&quot;[39m
            [36m&gt;[39m
              [0mToplam XP[0m
            [36m&lt;/div&gt;[39m
            [36m&lt;div[39m
              [33mclass[39m=[32m&quot;xp-value&quot;[39m
            [36m&gt;[39m
              [0m1.500[0m
            [36m&lt;/div&gt;[39m
          [36m&lt;/div&gt;[39m
          [36m&lt;div[39m
            [33mclass[39m=[32m&quot;progress-section&quot;[39m
          [36m&gt;[39m
            [36m&lt;div[39m
              [33mclass[39m=[32m&quot;progress-header&quot;[39m
            [36m&gt;[39m
              [36m&lt;span[39m
                [33mclass[39m=[32m&quot;progress-label&quot;[39m
              [36m&gt;[39m
                [0mSeviye [0m
                [0m6[0m
                [0m&apos;e İlerleme[0m
              [36m&lt;/span&gt;[39m
              [36m&lt;span[39m
                [33mclass[39m=[32m&quot;progress-percentage&quot;[39m
              [36m&gt;[39m
                [0m60[0m
                [0m%[0m
              [36m&lt;/span&gt;[39m
            [36m&lt;/div&gt;[39m
            [36m&lt;div[39m
              [33mclass[39m=[32m&quot;progress-bar-container&quot;[39m
            [36m&gt;[39m
              [36m&lt;div[39m
                [33mclass[39m=[32m&quot;progress-bar-fill&quot;[39m
                [33mstyle[39m=[32m&quot;width: 60%;&quot;[39m
              [36m&gt;[39m
                [36m&lt;div[39m
                  [33mclass[39m=[32m&quot;progress-bar-glow&quot;[39m
                [36m/&gt;[39m
              [36m&lt;/div&gt;[39m
            [36m&lt;/div&gt;[39m
            [36m&lt;div[39m
              [33mclass[39m=[32m&quot;progress-footer&quot;[39m
            [36m&gt;[39m
              [36m&lt;span[39m
                [33mclass[39m=[32m&quot;xp-current&quot;[39m
              [36m&gt;[39m
                [0m300[0m
                [0m XP[0m
              [36m&lt;/span&gt;[39m
              [36m&lt;span[39m
                [33mclass[39m=[32m&quot;xp-needed&quot;[39m
              [36m&gt;[39m
                [0m500[0m
                [0m XP gerekli[0m
              [36m&lt;/span&gt;[39m
            [36m&lt;/div&gt;[39m
          [36m&lt;/div&gt;[39m
          [36m&lt;div[39m
            [33mclass[39m=[32m&quot;next-milestone&quot;[39m
          [36m&gt;[39m
            [36m&lt;span[39m
              [33mclass[39m=[32m&quot;next-milestone-icon&quot;[39m
            [36m&gt;[39m
              [0m🎯[0m
            [36m&lt;/span&gt;[39m
            [36m&lt;span[39m
              [33mclass[39m=[32m&quot;next-milestone-text&quot;[39m
            [36m&gt;[39m
              [0mSonraki Milestone: [0m
              [36m&lt;strong&gt;[39m
                [0mSeviye [0m
                [0m10[0m
              [36m&lt;/strong&gt;[39m
            [36m&lt;/span&gt;[39m
          [36m&lt;/div&gt;[39m
        [36m&lt;/div&gt;[39m
      [36m&lt;/div&gt;[39m
      [36m&lt;div[39m
        [33mclass[39m=[32m&quot;milestones-section&quot;[39m
      [36m&gt;[39m
        [36m&lt;h4&gt;[39m
          [0mMilestone Seviyeleri[0m
        [36m&lt;/h4&gt;[39m
        [36m&lt;div[39m
          [33mclass[39m=[32m&quot;milestones-list&quot;[39m
        [36m&gt;[39m
          [36m&lt;div[39m
            [33mclass[39m=[32m&quot;milestone-item  &quot;[39m
          [36m&gt;[39m
            [36m&lt;span[39m
              [33mclass[39m=[32m&quot;milestone-level&quot;[39m
            [36m&gt;[39m
              [0m10[0m
            [36m&lt;/span&gt;[39m
          [36m&lt;/div&gt;[39m
          [36m&lt;div[39m
            [33mclass[39m=[32m&quot;milestone-item  &quot;[39m
          [36m&gt;[39m
            [36m&lt;span[39m
              [33mclass[39m=[32m&quot;milestone-level&quot;[39m
            [36m&gt;[39m
              [0m25[0m
            [36m&lt;/span&gt;[39m
          [36m&lt;/div&gt;[39m
          [36m&lt;div[39m
            [33mclass[39m=[32m&quot;milestone-item  &quot;[39m
          [36m&gt;[39m
            [36m&lt;span[39m
              [33mclass[39m=[32m&quot;milestone-level&quot;[39m
            [36m&gt;[39m
              [0m50[0m
            [36m&lt;/span&gt;[39m
          [36m&lt;/div&gt;[39m
          [36m&lt;div[39m
            [33mclass[39m=[32m&quot;milestone-item  &quot;[39m
          [36m&gt;[39m
            [36m&lt;span[39m
              [33mclass[39m=[32m&quot;milestone-level&quot;[39m
            [36m&gt;[39m
              [0m75[0m
            [36m&lt;/span&gt;[39m
          [36m&lt;/div&gt;[39m
          [36m&lt;div[39m
            [33mclass[39m=[32m&quot;milestone-item  &quot;[39m
          [36m&gt;[39m
            [36m&lt;span[39m
              [33mclass[39m=[32m&quot;milestone-level&quot;[39m
            [36m&gt;[39m
              [0m100[0m
            [36m&lt;/span&gt;[39m
          [36m&lt;/div&gt;[39m
        [36m&lt;/div&gt;[39m
      [36m&lt;/div&gt;[39m
    [36m&lt;/div&gt;[39m
  [36m&lt;/div&gt;[39m
[36m&lt;/body&gt;[39m

Ignored nodes: comments, script, style
[36m&lt;html&gt;[39m
  [36m&lt;head /&gt;[39m
  [36m&lt;body&gt;[39m
    [36m&lt;div&gt;[39m
      [36m&lt;div[39m
        [33mclass[39m=[32m&quot;level-display &quot;[39m
      [36m&gt;[39m
        [36m&lt;div[39m
          [33mclass[39m=[32m&quot;level-header&quot;[39m
        [36m&gt;[39m
          [36m&lt;h3&gt;[39m
            [0mSeviye &amp; XP[0m
          [36m&lt;/h3&gt;[39m
        [36m&lt;/div&gt;[39m
        [36m&lt;div[39m
          [33mclass[39m=[32m&quot;level-main&quot;[39m
        [36m&gt;[39m
          [36m&lt;div[39m
            [33mclass[39m=[32m&quot;level-badge-large &quot;[39m
          [36m&gt;[39m
            [36m&lt;div[39m
              [33mclass[39m=[32m&quot;level-badge-icon&quot;[39m
            [36m&gt;[39m
              [0m⚡[0m
            [36m&lt;/div&gt;[39m
            [36m&lt;div[39m
              [33mclass[39m=[32m&quot;level-badge-number&quot;[39m
            [36m&gt;[39m
              [0m5[0m
            [36m&lt;/div&gt;[39m
            [36m&lt;div[39m
              [33mclass[39m=[32m&quot;level-badge-label&quot;[39m
            [36m&gt;[39m
              [0mSeviye[0m
            [36m&lt;/div&gt;[39m
          [36m&lt;/div&gt;[39m
          [36m&lt;div[39m
            [33mclass[39m=[32m&quot;level-info&quot;[39m
          [36m&gt;[39m
            [36m&lt;div[39m
              [33mclass[39m=[32m&quot;xp-display&quot;[39m
            [36m&gt;[39m
              [36m&lt;div[39m
                [33mclass[39m=[32m&quot;xp-label&quot;[39m
              [36m&gt;[39m
                [0mToplam XP[0m
              [36m&lt;/div&gt;[39m
              [36m&lt;div[39m
                [33mclass[39m=[32m&quot;xp-value&quot;[39m
              [36m&gt;[39m
                [0m1.500[0m
              [36m&lt;/div&gt;[39m
            [36m&lt;/div&gt;[39m
            [36m&lt;div[39m
              [33mclass[39m=[32m&quot;progress-section&quot;[39m
            [36m&gt;[39m
              [36m&lt;div[39m
                [33mclass[39m=[32m&quot;progress-header&quot;[39m
              [36m&gt;[39m
                [36m&lt;span[39m
                  [33mclass[39m=[32m&quot;progress-label&quot;[39m
                [36m&gt;[39m
                  [0mSeviye [0m
                  [0m6[0m
                  [0m&apos;e İlerleme[0m
                [36m&lt;/span&gt;[39m
                [36m&lt;span[39m
                  [33mclass[39m=[32m&quot;progress-percentage&quot;[39m
                [36m&gt;[39m
                  [0m60[0m
                  [0m%[0m
                [36m&lt;/span&gt;[39m
              [36m&lt;/div&gt;[39m
              [36m&lt;div[39m
                [33mclass[39m=[32m&quot;progress-bar-container&quot;[39m
              [36m&gt;[39m
                [36m&lt;div[39m
                  [33mclass[39m=[32m&quot;progress-bar-fill&quot;[39m
                  [33mstyle[39m=[32m&quot;width: 60%;&quot;[39m
                [36m&gt;[39m
                  [36m&lt;div[39m
                    [33mclass[39m=[32m&quot;progress-bar-glow&quot;[39m
                  [36m/&gt;[39m
                [36m&lt;/div&gt;[39m
              [36m&lt;/div&gt;[39m
              [36m&lt;div[39m
                [33mclass[39m=[32m&quot;progress-footer&quot;[39m
              [36m&gt;[39m
                [36m&lt;span[39m
                  [33mclass[39m=[32m&quot;xp-current&quot;[39m
                [36m&gt;[39m
                  [0m300[0m
                  [0m XP[0m
                [36m&lt;/span&gt;[39m
                [36m&lt;span[39m
                  [33mclass[39m=[32m&quot;xp-needed&quot;[39m
                [36m&gt;[39m
                  [0m500[0m
                  [0m XP gerekli[0m
                [36m&lt;/span&gt;[39m
              [36m&lt;/div&gt;[39m
            [36m&lt;/div&gt;[39m
            [36m&lt;div[39m
              [33mclass[39m=[32m&quot;next-milestone&quot;[39m
            [36m&gt;[39m
              [36m&lt;span[39m
                [33mclass[39m=[32m&quot;next-milestone-icon&quot;[39m
              [36m&gt;[39m
                [0m🎯[0m
              [36m&lt;/span&gt;[39m
              [36m&lt;span[39m
                [33mclass[39m=[32m&quot;next-milestone-text&quot;[39m
              [36m&gt;[39m
                [0mSonraki Milestone: [0m
                [36m&lt;strong&gt;[39m
                  [0mSeviye [0m
                  [0m10[0m
                [36m&lt;/strong&gt;[39m
              [36m&lt;/span&gt;[39m
            [36m&lt;/div&gt;[39m
          [36m&lt;/div&gt;[39m
        [36m&lt;/div&gt;[39m
        [36m&lt;div[39m
          [33mclass[39m=[32m&quot;milestones-section&quot;[39m
        [36m&gt;[39m
          [36m&lt;h4&gt;[39m
            [0mMilestone Seviyeleri[0m
          [36m&lt;/h4&gt;[39m
          [36m&lt;div[39m
            [33mclass[39m=[32m&quot;milestones-list&quot;[39m
          [36m&gt;[39m
            [36m&lt;div[39m
              [33mclass[39m=[32m&quot;milestone-item  &quot;[39m
            [36m&gt;[39m
              [36m&lt;span[39m
                [33mclass[39m=[32m&quot;milestone-level&quot;[39m
              [36m&gt;[39m
                [0m10[0m
              [36m&lt;/span&gt;[39m
            [36m&lt;/div&gt;[39m
            [36m&lt;div[39m
              [33mclass[39m=[32m&quot;milestone-item  &quot;[39m
            [36m&gt;[39m
              [36m&lt;span[39m
                [33mclass[39m=[32m&quot;milestone-level&quot;[39m
              [36m&gt;[39m
                [0m25[0m
              [36m&lt;/span&gt;[39m
            [36m&lt;/div&gt;[39m
            [36m&lt;div[39m
              [33mclass[39m=[32m&quot;milestone-item  &quot;[39m
            [36m&gt;[39m
              [36m&lt;span[39m
                [33mclass[39m=[32m&quot;milestone-level&quot;[39m
              [36m&gt;[39m
                [0m50[0m
              [36m&lt;/span&gt;[39m
            [36m&lt;/div&gt;[39m
            [36m&lt;div[39m
              [33mclass[39m=[32m&quot;milestone-item  &quot;[39m
            [36m&gt;[39m
              [36m&lt;span[39m
                [33mclass[39m=[32m&quot;milestone-level&quot;[39m
              [36m&gt;[39m
                [0m75[0m
              [36m&lt;/span&gt;[39m
            [36m&lt;/div&gt;[39m
            [36m&lt;div[39m
              [33mclass[39m=[32m&quot;milestone-item  &quot;[39m
            [36m&gt;[39m
              [36m&lt;span[39m
                [33mclass[39m=[32m&quot;milestone-level&quot;[39m
              [36m&gt;[39m
                [0m100[0m
              [36m&lt;/span&gt;[39m
            [36m&lt;/div&gt;[39m
          [36m&lt;/div&gt;[39m
        [36m&lt;/div&gt;[39m
      [36m&lt;/div&gt;[39m
    [36m&lt;/div&gt;[39m
  [36m&lt;/body&gt;[39m
[36m&lt;/html&gt;[39m" type="TestingLibraryElementError">
TestingLibraryElementError: Found multiple elements with the text: /5/

Here are the matching elements:

Ignored nodes: comments, script, style
&lt;div
  class=&quot;level-badge-number&quot;
&gt;
  5
&lt;/div&gt;

Ignored nodes: comments, script, style
&lt;div
  class=&quot;xp-value&quot;
&gt;
  1.500
&lt;/div&gt;

Ignored nodes: comments, script, style
&lt;span
  class=&quot;xp-needed&quot;
&gt;
  500
   XP gerekli
&lt;/span&gt;

Ignored nodes: comments, script, style
&lt;span
  class=&quot;milestone-level&quot;
&gt;
  25
&lt;/span&gt;

Ignored nodes: comments, script, style
&lt;span
  class=&quot;milestone-level&quot;
&gt;
  50
&lt;/span&gt;

Ignored nodes: comments, script, style
&lt;span
  class=&quot;milestone-level&quot;
&gt;
  75
&lt;/span&gt;

(If this is intentional, then use the `*AllBy*` variant of the query (like `queryAllByText`, `getAllByText`, or `findAllByText`)).

Ignored nodes: comments, script, style
&lt;body&gt;
  &lt;div&gt;
    &lt;div
      class=&quot;level-display &quot;
    &gt;
      &lt;div
        class=&quot;level-header&quot;
      &gt;
        &lt;h3&gt;
          Seviye &amp; XP
        &lt;/h3&gt;
      &lt;/div&gt;
      &lt;div
        class=&quot;level-main&quot;
      &gt;
        &lt;div
          class=&quot;level-badge-large &quot;
        &gt;
          &lt;div
            class=&quot;level-badge-icon&quot;
          &gt;
            ⚡
          &lt;/div&gt;
          &lt;div
            class=&quot;level-badge-number&quot;
          &gt;
            5
          &lt;/div&gt;
          &lt;div
            class=&quot;level-badge-label&quot;
          &gt;
            Seviye
          &lt;/div&gt;
        &lt;/div&gt;
        &lt;div
          class=&quot;level-info&quot;
        &gt;
          &lt;div
            class=&quot;xp-display&quot;
          &gt;
            &lt;div
              class=&quot;xp-label&quot;
            &gt;
              Toplam XP
            &lt;/div&gt;
            &lt;div
              class=&quot;xp-value&quot;
            &gt;
              1.500
            &lt;/div&gt;
          &lt;/div&gt;
          &lt;div
            class=&quot;progress-section&quot;
          &gt;
            &lt;div
              class=&quot;progress-header&quot;
            &gt;
              &lt;span
                class=&quot;progress-label&quot;
              &gt;
                Seviye 
                6
                &apos;e İlerleme
              &lt;/span&gt;
              &lt;span
                class=&quot;progress-percentage&quot;
              &gt;
                60
                %
              &lt;/span&gt;
            &lt;/div&gt;
            &lt;div
              class=&quot;progress-bar-container&quot;
            &gt;
              &lt;div
                class=&quot;progress-bar-fill&quot;
                style=&quot;width: 60%;&quot;
              &gt;
                &lt;div
                  class=&quot;progress-bar-glow&quot;
                /&gt;
              &lt;/div&gt;
            &lt;/div&gt;
            &lt;div
              class=&quot;progress-footer&quot;
            &gt;
              &lt;span
                class=&quot;xp-current&quot;
              &gt;
                300
                 XP
              &lt;/span&gt;
              &lt;span
                class=&quot;xp-needed&quot;
              &gt;
                500
                 XP gerekli
              &lt;/span&gt;
            &lt;/div&gt;
          &lt;/div&gt;
          &lt;div
            class=&quot;next-milestone&quot;
          &gt;
            &lt;span
              class=&quot;next-milestone-icon&quot;
            &gt;
              🎯
            &lt;/span&gt;
            &lt;span
              class=&quot;next-milestone-text&quot;
            &gt;
              Sonraki Milestone: 
              &lt;strong&gt;
                Seviye 
                10
              &lt;/strong&gt;
            &lt;/span&gt;
          &lt;/div&gt;
        &lt;/div&gt;
      &lt;/div&gt;
      &lt;div
        class=&quot;milestones-section&quot;
      &gt;
        &lt;h4&gt;
          Milestone Seviyeleri
        &lt;/h4&gt;
        &lt;div
          class=&quot;milestones-list&quot;
        &gt;
          &lt;div
            class=&quot;milestone-item  &quot;
          &gt;
            &lt;span
              class=&quot;milestone-level&quot;
            &gt;
              10
            &lt;/span&gt;
          &lt;/div&gt;
          &lt;div
            class=&quot;milestone-item  &quot;
          &gt;
            &lt;span
              class=&quot;milestone-level&quot;
            &gt;
              25
            &lt;/span&gt;
          &lt;/div&gt;
          &lt;div
            class=&quot;milestone-item  &quot;
          &gt;
            &lt;span
              class=&quot;milestone-level&quot;
            &gt;
              50
            &lt;/span&gt;
          &lt;/div&gt;
          &lt;div
            class=&quot;milestone-item  &quot;
          &gt;
            &lt;span
              class=&quot;milestone-level&quot;
            &gt;
              75
            &lt;/span&gt;
          &lt;/div&gt;
          &lt;div
            class=&quot;milestone-item  &quot;
          &gt;
            &lt;span
              class=&quot;milestone-level&quot;
            &gt;
              100
            &lt;/span&gt;
          &lt;/div&gt;
        &lt;/div&gt;
      &lt;/div&gt;
    &lt;/div&gt;
  &lt;/div&gt;
&lt;/body&gt;

Ignored nodes: comments, script, style
&lt;html&gt;
  &lt;head /&gt;
  &lt;body&gt;
    &lt;div&gt;
      &lt;div
        class=&quot;level-display &quot;
      &gt;
        &lt;div
          class=&quot;level-header&quot;
        &gt;
          &lt;h3&gt;
            Seviye &amp; XP
          &lt;/h3&gt;
        &lt;/div&gt;
        &lt;div
          class=&quot;level-main&quot;
        &gt;
          &lt;div
            class=&quot;level-badge-large &quot;
          &gt;
            &lt;div
              class=&quot;level-badge-icon&quot;
            &gt;
              ⚡
            &lt;/div&gt;
            &lt;div
              class=&quot;level-badge-number&quot;
            &gt;
              5
            &lt;/div&gt;
            &lt;div
              class=&quot;level-badge-label&quot;
            &gt;
              Seviye
            &lt;/div&gt;
          &lt;/div&gt;
          &lt;div
            class=&quot;level-info&quot;
          &gt;
            &lt;div
              class=&quot;xp-display&quot;
            &gt;
              &lt;div
                class=&quot;xp-label&quot;
              &gt;
                Toplam XP
              &lt;/div&gt;
              &lt;div
                class=&quot;xp-value&quot;
              &gt;
                1.500
              &lt;/div&gt;
            &lt;/div&gt;
            &lt;div
              class=&quot;progress-section&quot;
            &gt;
              &lt;div
                class=&quot;progress-header&quot;
              &gt;
                &lt;span
                  class=&quot;progress-label&quot;
                &gt;
                  Seviye 
                  6
                  &apos;e İlerleme
                &lt;/span&gt;
                &lt;span
                  class=&quot;progress-percentage&quot;
                &gt;
                  60
                  %
                &lt;/span&gt;
              &lt;/div&gt;
              &lt;div
                class=&quot;progress-bar-container&quot;
              &gt;
                &lt;div
                  class=&quot;progress-bar-fill&quot;
                  style=&quot;width: 60%;&quot;
                &gt;
                  &lt;div
                    class=&quot;progress-bar-glow&quot;
                  /&gt;
                &lt;/div&gt;
              &lt;/div&gt;
              &lt;div
                class=&quot;progress-footer&quot;
              &gt;
                &lt;span
                  class=&quot;xp-current&quot;
                &gt;
                  300
                   XP
                &lt;/span&gt;
                &lt;span
                  class=&quot;xp-needed&quot;
                &gt;
                  500
                   XP gerekli
                &lt;/span&gt;
              &lt;/div&gt;
            &lt;/div&gt;
            &lt;div
              class=&quot;next-milestone&quot;
            &gt;
              &lt;span
                class=&quot;next-milestone-icon&quot;
              &gt;
                🎯
              &lt;/span&gt;
              &lt;span
                class=&quot;next-milestone-text&quot;
              &gt;
                Sonraki Milestone: 
                &lt;strong&gt;
                  Seviye 
                  10
                &lt;/strong&gt;
              &lt;/span&gt;
            &lt;/div&gt;
          &lt;/div&gt;
        &lt;/div&gt;
        &lt;div
          class=&quot;milestones-section&quot;
        &gt;
          &lt;h4&gt;
            Milestone Seviyeleri
          &lt;/h4&gt;
          &lt;div
            class=&quot;milestones-list&quot;
          &gt;
            &lt;div
              class=&quot;milestone-item  &quot;
            &gt;
              &lt;span
                class=&quot;milestone-level&quot;
              &gt;
                10
              &lt;/span&gt;
            &lt;/div&gt;
            &lt;div
              class=&quot;milestone-item  &quot;
            &gt;
              &lt;span
                class=&quot;milestone-level&quot;
              &gt;
                25
              &lt;/span&gt;
            &lt;/div&gt;
            &lt;div
              class=&quot;milestone-item  &quot;
            &gt;
              &lt;span
                class=&quot;milestone-level&quot;
              &gt;
                50
              &lt;/span&gt;
            &lt;/div&gt;
            &lt;div
              class=&quot;milestone-item  &quot;
            &gt;
              &lt;span
                class=&quot;milestone-level&quot;
              &gt;
                75
              &lt;/span&gt;
            &lt;/div&gt;
            &lt;div
              class=&quot;milestone-item  &quot;
            &gt;
              &lt;span
                class=&quot;milestone-level&quot;
              &gt;
                100
              &lt;/span&gt;
            &lt;/div&gt;
          &lt;/div&gt;
        &lt;/div&gt;
      &lt;/div&gt;
    &lt;/div&gt;
  &lt;/body&gt;
&lt;/html&gt;
 ❯ Proxy.waitForWrapper node_modules/@testing-library/react/node_modules/@testing-library/dom/dist/wait-for.js:163:27
 ❯ src/test/Gamification.test.tsx:187:11
            </failure>
        </testcase>
        <testcase classname="src/test/Gamification.test.tsx" name="LevelDisplay Component &gt; renders milestones when enabled" time="1.038843">
            <failure message="Found multiple elements with the text: /10/

Here are the matching elements:

Ignored nodes: comments, script, style
[36m&lt;strong&gt;[39m
  [0mSeviye [0m
  [0m10[0m
[36m&lt;/strong&gt;[39m

Ignored nodes: comments, script, style
[36m&lt;span[39m
  [33mclass[39m=[32m&quot;milestone-level&quot;[39m
[36m&gt;[39m
  [0m10[0m
[36m&lt;/span&gt;[39m

Ignored nodes: comments, script, style
[36m&lt;span[39m
  [33mclass[39m=[32m&quot;milestone-level&quot;[39m
[36m&gt;[39m
  [0m100[0m
[36m&lt;/span&gt;[39m

(If this is intentional, then use the `*AllBy*` variant of the query (like `queryAllByText`, `getAllByText`, or `findAllByText`)).

Ignored nodes: comments, script, style
[36m&lt;body&gt;[39m
  [36m&lt;div&gt;[39m
    [36m&lt;div[39m
      [33mclass[39m=[32m&quot;level-display &quot;[39m
    [36m&gt;[39m
      [36m&lt;div[39m
        [33mclass[39m=[32m&quot;level-header&quot;[39m
      [36m&gt;[39m
        [36m&lt;h3&gt;[39m
          [0mSeviye &amp; XP[0m
        [36m&lt;/h3&gt;[39m
      [36m&lt;/div&gt;[39m
      [36m&lt;div[39m
        [33mclass[39m=[32m&quot;level-main&quot;[39m
      [36m&gt;[39m
        [36m&lt;div[39m
          [33mclass[39m=[32m&quot;level-badge-large &quot;[39m
        [36m&gt;[39m
          [36m&lt;div[39m
            [33mclass[39m=[32m&quot;level-badge-icon&quot;[39m
          [36m&gt;[39m
            [0m⚡[0m
          [36m&lt;/div&gt;[39m
          [36m&lt;div[39m
            [33mclass[39m=[32m&quot;level-badge-number&quot;[39m
          [36m&gt;[39m
            [0m5[0m
          [36m&lt;/div&gt;[39m
          [36m&lt;div[39m
            [33mclass[39m=[32m&quot;level-badge-label&quot;[39m
          [36m&gt;[39m
            [0mSeviye[0m
          [36m&lt;/div&gt;[39m
        [36m&lt;/div&gt;[39m
        [36m&lt;div[39m
          [33mclass[39m=[32m&quot;level-info&quot;[39m
        [36m&gt;[39m
          [36m&lt;div[39m
            [33mclass[39m=[32m&quot;xp-display&quot;[39m
          [36m&gt;[39m
            [36m&lt;div[39m
              [33mclass[39m=[32m&quot;xp-label&quot;[39m
            [36m&gt;[39m
              [0mToplam XP[0m
            [36m&lt;/div&gt;[39m
            [36m&lt;div[39m
              [33mclass[39m=[32m&quot;xp-value&quot;[39m
            [36m&gt;[39m
              [0m1.500[0m
            [36m&lt;/div&gt;[39m
          [36m&lt;/div&gt;[39m
          [36m&lt;div[39m
            [33mclass[39m=[32m&quot;progress-section&quot;[39m
          [36m&gt;[39m
            [36m&lt;div[39m
              [33mclass[39m=[32m&quot;progress-header&quot;[39m
            [36m&gt;[39m
              [36m&lt;span[39m
                [33mclass[39m=[32m&quot;progress-label&quot;[39m
              [36m&gt;[39m
                [0mSeviye [0m
                [0m6[0m
                [0m&apos;e İlerleme[0m
              [36m&lt;/span&gt;[39m
              [36m&lt;span[39m
                [33mclass[39m=[32m&quot;progress-percentage&quot;[39m
              [36m&gt;[39m
                [0m60[0m
                [0m%[0m
              [36m&lt;/span&gt;[39m
            [36m&lt;/div&gt;[39m
            [36m&lt;div[39m
              [33mclass[39m=[32m&quot;progress-bar-container&quot;[39m
            [36m&gt;[39m
              [36m&lt;div[39m
                [33mclass[39m=[32m&quot;progress-bar-fill&quot;[39m
                [33mstyle[39m=[32m&quot;width: 60%;&quot;[39m
              [36m&gt;[39m
                [36m&lt;div[39m
                  [33mclass[39m=[32m&quot;progress-bar-glow&quot;[39m
                [36m/&gt;[39m
              [36m&lt;/div&gt;[39m
            [36m&lt;/div&gt;[39m
            [36m&lt;div[39m
              [33mclass[39m=[32m&quot;progress-footer&quot;[39m
            [36m&gt;[39m
              [36m&lt;span[39m
                [33mclass[39m=[32m&quot;xp-current&quot;[39m
              [36m&gt;[39m
                [0m300[0m
                [0m XP[0m
              [36m&lt;/span&gt;[39m
              [36m&lt;span[39m
                [33mclass[39m=[32m&quot;xp-needed&quot;[39m
              [36m&gt;[39m
                [0m500[0m
                [0m XP gerekli[0m
              [36m&lt;/span&gt;[39m
            [36m&lt;/div&gt;[39m
          [36m&lt;/div&gt;[39m
          [36m&lt;div[39m
            [33mclass[39m=[32m&quot;next-milestone&quot;[39m
          [36m&gt;[39m
            [36m&lt;span[39m
              [33mclass[39m=[32m&quot;next-milestone-icon&quot;[39m
            [36m&gt;[39m
              [0m🎯[0m
            [36m&lt;/span&gt;[39m
            [36m&lt;span[39m
              [33mclass[39m=[32m&quot;next-milestone-text&quot;[39m
            [36m&gt;[39m
              [0mSonraki Milestone: [0m
              [36m&lt;strong&gt;[39m
                [0mSeviye [0m
                [0m10[0m
              [36m&lt;/strong&gt;[39m
            [36m&lt;/span&gt;[39m
          [36m&lt;/div&gt;[39m
        [36m&lt;/div&gt;[39m
      [36m&lt;/div&gt;[39m
      [36m&lt;div[39m
        [33mclass[39m=[32m&quot;milestones-section&quot;[39m
      [36m&gt;[39m
        [36m&lt;h4&gt;[39m
          [0mMilestone Seviyeleri[0m
        [36m&lt;/h4&gt;[39m
        [36m&lt;div[39m
          [33mclass[39m=[32m&quot;milestones-list&quot;[39m
        [36m&gt;[39m
          [36m&lt;div[39m
            [33mclass[39m=[32m&quot;milestone-item  &quot;[39m
          [36m&gt;[39m
            [36m&lt;span[39m
              [33mclass[39m=[32m&quot;milestone-level&quot;[39m
            [36m&gt;[39m
              [0m10[0m
            [36m&lt;/span&gt;[39m
          [36m&lt;/div&gt;[39m
          [36m&lt;div[39m
            [33mclass[39m=[32m&quot;milestone-item  &quot;[39m
          [36m&gt;[39m
            [36m&lt;span[39m
              [33mclass[39m=[32m&quot;milestone-level&quot;[39m
            [36m&gt;[39m
              [0m25[0m
            [36m&lt;/span&gt;[39m
          [36m&lt;/div&gt;[39m
          [36m&lt;div[39m
            [33mclass[39m=[32m&quot;milestone-item  &quot;[39m
          [36m&gt;[39m
            [36m&lt;span[39m
              [33mclass[39m=[32m&quot;milestone-level&quot;[39m
            [36m&gt;[39m
              [0m50[0m
            [36m&lt;/span&gt;[39m
          [36m&lt;/div&gt;[39m
          [36m&lt;div[39m
            [33mclass[39m=[32m&quot;milestone-item  &quot;[39m
          [36m&gt;[39m
            [36m&lt;span[39m
              [33mclass[39m=[32m&quot;milestone-level&quot;[39m
            [36m&gt;[39m
              [0m75[0m
            [36m&lt;/span&gt;[39m
          [36m&lt;/div&gt;[39m
          [36m&lt;div[39m
            [33mclass[39m=[32m&quot;milestone-item  &quot;[39m
          [36m&gt;[39m
            [36m&lt;span[39m
              [33mclass[39m=[32m&quot;milestone-level&quot;[39m
            [36m&gt;[39m
              [0m100[0m
            [36m&lt;/span&gt;[39m
          [36m&lt;/div&gt;[39m
        [36m&lt;/div&gt;[39m
      [36m&lt;/div&gt;[39m
    [36m&lt;/div&gt;[39m
  [36m&lt;/div&gt;[39m
[36m&lt;/body&gt;[39m

Ignored nodes: comments, script, style
[36m&lt;html&gt;[39m
  [36m&lt;head /&gt;[39m
  [36m&lt;body&gt;[39m
    [36m&lt;div&gt;[39m
      [36m&lt;div[39m
        [33mclass[39m=[32m&quot;level-display &quot;[39m
      [36m&gt;[39m
        [36m&lt;div[39m
          [33mclass[39m=[32m&quot;level-header&quot;[39m
        [36m&gt;[39m
          [36m&lt;h3&gt;[39m
            [0mSeviye &amp; XP[0m
          [36m&lt;/h3&gt;[39m
        [36m&lt;/div&gt;[39m
        [36m&lt;div[39m
          [33mclass[39m=[32m&quot;level-main&quot;[39m
        [36m&gt;[39m
          [36m&lt;div[39m
            [33mclass[39m=[32m&quot;level-badge-large &quot;[39m
          [36m&gt;[39m
            [36m&lt;div[39m
              [33mclass[39m=[32m&quot;level-badge-icon&quot;[39m
            [36m&gt;[39m
              [0m⚡[0m
            [36m&lt;/div&gt;[39m
            [36m&lt;div[39m
              [33mclass[39m=[32m&quot;level-badge-number&quot;[39m
            [36m&gt;[39m
              [0m5[0m
            [36m&lt;/div&gt;[39m
            [36m&lt;div[39m
              [33mclass[39m=[32m&quot;level-badge-label&quot;[39m
            [36m&gt;[39m
              [0mSeviye[0m
            [36m&lt;/div&gt;[39m
          [36m&lt;/div&gt;[39m
          [36m&lt;div[39m
            [33mclass[39m=[32m&quot;level-info&quot;[39m
          [36m&gt;[39m
            [36m&lt;div[39m
              [33mclass[39m=[32m&quot;xp-display&quot;[39m
            [36m&gt;[39m
              [36m&lt;div[39m
                [33mclass[39m=[32m&quot;xp-label&quot;[39m
              [36m&gt;[39m
                [0mToplam XP[0m
              [36m&lt;/div&gt;[39m
              [36m&lt;div[39m
                [33mclass[39m=[32m&quot;xp-value&quot;[39m
              [36m&gt;[39m
                [0m1.500[0m
              [36m&lt;/div&gt;[39m
            [36m&lt;/div&gt;[39m
            [36m&lt;div[39m
              [33mclass[39m=[32m&quot;progress-section&quot;[39m
            [36m&gt;[39m
              [36m&lt;div[39m
                [33mclass[39m=[32m&quot;progress-header&quot;[39m
              [36m&gt;[39m
                [36m&lt;span[39m
                  [33mclass[39m=[32m&quot;progress-label&quot;[39m
                [36m&gt;[39m
                  [0mSeviye [0m
                  [0m6[0m
                  [0m&apos;e İlerleme[0m
                [36m&lt;/span&gt;[39m
                [36m&lt;span[39m
                  [33mclass[39m=[32m&quot;progress-percentage&quot;[39m
                [36m&gt;[39m
                  [0m60[0m
                  [0m%[0m
                [36m&lt;/span&gt;[39m
              [36m&lt;/div&gt;[39m
              [36m&lt;div[39m
                [33mclass[39m=[32m&quot;progress-bar-container&quot;[39m
              [36m&gt;[39m
                [36m&lt;div[39m
                  [33mclass[39m=[32m&quot;progress-bar-fill&quot;[39m
                  [33mstyle[39m=[32m&quot;width: 60%;&quot;[39m
                [36m&gt;[39m
                  [36m&lt;div[39m
                    [33mclass[39m=[32m&quot;progress-bar-glow&quot;[39m
                  [36m/&gt;[39m
                [36m&lt;/div&gt;[39m
              [36m&lt;/div&gt;[39m
              [36m&lt;div[39m
                [33mclass[39m=[32m&quot;progress-footer&quot;[39m
              [36m&gt;[39m
                [36m&lt;span[39m
                  [33mclass[39m=[32m&quot;xp-current&quot;[39m
                [36m&gt;[39m
                  [0m300[0m
                  [0m XP[0m
                [36m&lt;/span&gt;[39m
                [36m&lt;span[39m
                  [33mclass[39m=[32m&quot;xp-needed&quot;[39m
                [36m&gt;[39m
                  [0m500[0m
                  [0m XP gerekli[0m
                [36m&lt;/span&gt;[39m
              [36m&lt;/div&gt;[39m
            [36m&lt;/div&gt;[39m
            [36m&lt;div[39m
              [33mclass[39m=[32m&quot;next-milestone&quot;[39m
            [36m&gt;[39m
              [36m&lt;span[39m
                [33mclass[39m=[32m&quot;next-milestone-icon&quot;[39m
              [36m&gt;[39m
                [0m🎯[0m
              [36m&lt;/span&gt;[39m
              [36m&lt;span[39m
                [33mclass[39m=[32m&quot;next-milestone-text&quot;[39m
              [36m&gt;[39m
                [0mSonraki Milestone: [0m
                [36m&lt;strong&gt;[39m
                  [0mSeviye [0m
                  [0m10[0m
                [36m&lt;/strong&gt;[39m
              [36m&lt;/span&gt;[39m
            [36m&lt;/div&gt;[39m
          [36m&lt;/div&gt;[39m
        [36m&lt;/div&gt;[39m
        [36m&lt;div[39m
          [33mclass[39m=[32m&quot;milestones-section&quot;[39m
        [36m&gt;[39m
          [36m&lt;h4&gt;[39m
            [0mMilestone Seviyeleri[0m
          [36m&lt;/h4&gt;[39m
          [36m&lt;div[39m
            [33mclass[39m=[32m&quot;milestones-list&quot;[39m
          [36m&gt;[39m
            [36m&lt;div[39m
              [33mclass[39m=[32m&quot;milestone-item  &quot;[39m
            [36m&gt;[39m
              [36m&lt;span[39m
                [33mclass[39m=[32m&quot;milestone-level&quot;[39m
              [36m&gt;[39m
                [0m10[0m
              [36m&lt;/span&gt;[39m
            [36m&lt;/div&gt;[39m
            [36m&lt;div[39m
              [33mclass[39m=[32m&quot;milestone-item  &quot;[39m
            [36m&gt;[39m
              [36m&lt;span[39m
                [33mclass[39m=[32m&quot;milestone-level&quot;[39m
              [36m&gt;[39m
                [0m25[0m
              [36m&lt;/span&gt;[39m
            [36m&lt;/div&gt;[39m
            [36m&lt;div[39m
              [33mclass[39m=[32m&quot;milestone-item  &quot;[39m
            [36m&gt;[39m
              [36m&lt;span[39m
                [33mclass[39m=[32m&quot;milestone-level&quot;[39m
              [36m&gt;[39m
                [0m50[0m
              [36m&lt;/span&gt;[39m
            [36m&lt;/div&gt;[39m
            [36m&lt;div[39m
              [33mclass[39m=[32m&quot;milestone-item  &quot;[39m
            [36m&gt;[39m
              [36m&lt;span[39m
                [33mclass[39m=[32m&quot;milestone-level&quot;[39m
              [36m&gt;[39m
                [0m75[0m
              [36m&lt;/span&gt;[39m
            [36m&lt;/div&gt;[39m
            [36m&lt;div[39m
              [33mclass[39m=[32m&quot;milestone-item  &quot;[39m
            [36m&gt;[39m
              [36m&lt;span[39m
                [33mclass[39m=[32m&quot;milestone-level&quot;[39m
              [36m&gt;[39m
                [0m100[0m
              [36m&lt;/span&gt;[39m
            [36m&lt;/div&gt;[39m
          [36m&lt;/div&gt;[39m
        [36m&lt;/div&gt;[39m
      [36m&lt;/div&gt;[39m
    [36m&lt;/div&gt;[39m
  [36m&lt;/body&gt;[39m
[36m&lt;/html&gt;[39m" type="TestingLibraryElementError">
TestingLibraryElementError: Found multiple elements with the text: /10/

Here are the matching elements:

Ignored nodes: comments, script, style
&lt;strong&gt;
  Seviye 
  10
&lt;/strong&gt;

Ignored nodes: comments, script, style
&lt;span
  class=&quot;milestone-level&quot;
&gt;
  10
&lt;/span&gt;

Ignored nodes: comments, script, style
&lt;span
  class=&quot;milestone-level&quot;
&gt;
  100
&lt;/span&gt;

(If this is intentional, then use the `*AllBy*` variant of the query (like `queryAllByText`, `getAllByText`, or `findAllByText`)).

Ignored nodes: comments, script, style
&lt;body&gt;
  &lt;div&gt;
    &lt;div
      class=&quot;level-display &quot;
    &gt;
      &lt;div
        class=&quot;level-header&quot;
      &gt;
        &lt;h3&gt;
          Seviye &amp; XP
        &lt;/h3&gt;
      &lt;/div&gt;
      &lt;div
        class=&quot;level-main&quot;
      &gt;
        &lt;div
          class=&quot;level-badge-large &quot;
        &gt;
          &lt;div
            class=&quot;level-badge-icon&quot;
          &gt;
            ⚡
          &lt;/div&gt;
          &lt;div
            class=&quot;level-badge-number&quot;
          &gt;
            5
          &lt;/div&gt;
          &lt;div
            class=&quot;level-badge-label&quot;
          &gt;
            Seviye
          &lt;/div&gt;
        &lt;/div&gt;
        &lt;div
          class=&quot;level-info&quot;
        &gt;
          &lt;div
            class=&quot;xp-display&quot;
          &gt;
            &lt;div
              class=&quot;xp-label&quot;
            &gt;
              Toplam XP
            &lt;/div&gt;
            &lt;div
              class=&quot;xp-value&quot;
            &gt;
              1.500
            &lt;/div&gt;
          &lt;/div&gt;
          &lt;div
            class=&quot;progress-section&quot;
          &gt;
            &lt;div
              class=&quot;progress-header&quot;
            &gt;
              &lt;span
                class=&quot;progress-label&quot;
              &gt;
                Seviye 
                6
                &apos;e İlerleme
              &lt;/span&gt;
              &lt;span
                class=&quot;progress-percentage&quot;
              &gt;
                60
                %
              &lt;/span&gt;
            &lt;/div&gt;
            &lt;div
              class=&quot;progress-bar-container&quot;
            &gt;
              &lt;div
                class=&quot;progress-bar-fill&quot;
                style=&quot;width: 60%;&quot;
              &gt;
                &lt;div
                  class=&quot;progress-bar-glow&quot;
                /&gt;
              &lt;/div&gt;
            &lt;/div&gt;
            &lt;div
              class=&quot;progress-footer&quot;
            &gt;
              &lt;span
                class=&quot;xp-current&quot;
              &gt;
                300
                 XP
              &lt;/span&gt;
              &lt;span
                class=&quot;xp-needed&quot;
              &gt;
                500
                 XP gerekli
              &lt;/span&gt;
            &lt;/div&gt;
          &lt;/div&gt;
          &lt;div
            class=&quot;next-milestone&quot;
          &gt;
            &lt;span
              class=&quot;next-milestone-icon&quot;
            &gt;
              🎯
            &lt;/span&gt;
            &lt;span
              class=&quot;next-milestone-text&quot;
            &gt;
              Sonraki Milestone: 
              &lt;strong&gt;
                Seviye 
                10
              &lt;/strong&gt;
            &lt;/span&gt;
          &lt;/div&gt;
        &lt;/div&gt;
      &lt;/div&gt;
      &lt;div
        class=&quot;milestones-section&quot;
      &gt;
        &lt;h4&gt;
          Milestone Seviyeleri
        &lt;/h4&gt;
        &lt;div
          class=&quot;milestones-list&quot;
        &gt;
          &lt;div
            class=&quot;milestone-item  &quot;
          &gt;
            &lt;span
              class=&quot;milestone-level&quot;
            &gt;
              10
            &lt;/span&gt;
          &lt;/div&gt;
          &lt;div
            class=&quot;milestone-item  &quot;
          &gt;
            &lt;span
              class=&quot;milestone-level&quot;
            &gt;
              25
            &lt;/span&gt;
          &lt;/div&gt;
          &lt;div
            class=&quot;milestone-item  &quot;
          &gt;
            &lt;span
              class=&quot;milestone-level&quot;
            &gt;
              50
            &lt;/span&gt;
          &lt;/div&gt;
          &lt;div
            class=&quot;milestone-item  &quot;
          &gt;
            &lt;span
              class=&quot;milestone-level&quot;
            &gt;
              75
            &lt;/span&gt;
          &lt;/div&gt;
          &lt;div
            class=&quot;milestone-item  &quot;
          &gt;
            &lt;span
              class=&quot;milestone-level&quot;
            &gt;
              100
            &lt;/span&gt;
          &lt;/div&gt;
        &lt;/div&gt;
      &lt;/div&gt;
    &lt;/div&gt;
  &lt;/div&gt;
&lt;/body&gt;

Ignored nodes: comments, script, style
&lt;html&gt;
  &lt;head /&gt;
  &lt;body&gt;
    &lt;div&gt;
      &lt;div
        class=&quot;level-display &quot;
      &gt;
        &lt;div
          class=&quot;level-header&quot;
        &gt;
          &lt;h3&gt;
            Seviye &amp; XP
          &lt;/h3&gt;
        &lt;/div&gt;
        &lt;div
          class=&quot;level-main&quot;
        &gt;
          &lt;div
            class=&quot;level-badge-large &quot;
          &gt;
            &lt;div
              class=&quot;level-badge-icon&quot;
            &gt;
              ⚡
            &lt;/div&gt;
            &lt;div
              class=&quot;level-badge-number&quot;
            &gt;
              5
            &lt;/div&gt;
            &lt;div
              class=&quot;level-badge-label&quot;
            &gt;
              Seviye
            &lt;/div&gt;
          &lt;/div&gt;
          &lt;div
            class=&quot;level-info&quot;
          &gt;
            &lt;div
              class=&quot;xp-display&quot;
            &gt;
              &lt;div
                class=&quot;xp-label&quot;
              &gt;
                Toplam XP
              &lt;/div&gt;
              &lt;div
                class=&quot;xp-value&quot;
              &gt;
                1.500
              &lt;/div&gt;
            &lt;/div&gt;
            &lt;div
              class=&quot;progress-section&quot;
            &gt;
              &lt;div
                class=&quot;progress-header&quot;
              &gt;
                &lt;span
                  class=&quot;progress-label&quot;
                &gt;
                  Seviye 
                  6
                  &apos;e İlerleme
                &lt;/span&gt;
                &lt;span
                  class=&quot;progress-percentage&quot;
                &gt;
                  60
                  %
                &lt;/span&gt;
              &lt;/div&gt;
              &lt;div
                class=&quot;progress-bar-container&quot;
              &gt;
                &lt;div
                  class=&quot;progress-bar-fill&quot;
                  style=&quot;width: 60%;&quot;
                &gt;
                  &lt;div
                    class=&quot;progress-bar-glow&quot;
                  /&gt;
                &lt;/div&gt;
              &lt;/div&gt;
              &lt;div
                class=&quot;progress-footer&quot;
              &gt;
                &lt;span
                  class=&quot;xp-current&quot;
                &gt;
                  300
                   XP
                &lt;/span&gt;
                &lt;span
                  class=&quot;xp-needed&quot;
                &gt;
                  500
                   XP gerekli
                &lt;/span&gt;
              &lt;/div&gt;
            &lt;/div&gt;
            &lt;div
              class=&quot;next-milestone&quot;
            &gt;
              &lt;span
                class=&quot;next-milestone-icon&quot;
              &gt;
                🎯
              &lt;/span&gt;
              &lt;span
                class=&quot;next-milestone-text&quot;
              &gt;
                Sonraki Milestone: 
                &lt;strong&gt;
                  Seviye 
                  10
                &lt;/strong&gt;
              &lt;/span&gt;
            &lt;/div&gt;
          &lt;/div&gt;
        &lt;/div&gt;
        &lt;div
          class=&quot;milestones-section&quot;
        &gt;
          &lt;h4&gt;
            Milestone Seviyeleri
          &lt;/h4&gt;
          &lt;div
            class=&quot;milestones-list&quot;
          &gt;
            &lt;div
              class=&quot;milestone-item  &quot;
            &gt;
              &lt;span
                class=&quot;milestone-level&quot;
              &gt;
                10
              &lt;/span&gt;
            &lt;/div&gt;
            &lt;div
              class=&quot;milestone-item  &quot;
            &gt;
              &lt;span
                class=&quot;milestone-level&quot;
              &gt;
                25
              &lt;/span&gt;
            &lt;/div&gt;
            &lt;div
              class=&quot;milestone-item  &quot;
            &gt;
              &lt;span
                class=&quot;milestone-level&quot;
              &gt;
                50
              &lt;/span&gt;
            &lt;/div&gt;
            &lt;div
              class=&quot;milestone-item  &quot;
            &gt;
              &lt;span
                class=&quot;milestone-level&quot;
              &gt;
                75
              &lt;/span&gt;
            &lt;/div&gt;
            &lt;div
              class=&quot;milestone-item  &quot;
            &gt;
              &lt;span
                class=&quot;milestone-level&quot;
              &gt;
                100
              &lt;/span&gt;
            &lt;/div&gt;
          &lt;/div&gt;
        &lt;/div&gt;
      &lt;/div&gt;
    &lt;/div&gt;
  &lt;/body&gt;
&lt;/html&gt;
 ❯ Proxy.waitForWrapper node_modules/@testing-library/react/node_modules/@testing-library/dom/dist/wait-for.js:163:27
 ❯ src/test/Gamification.test.tsx:198:11
            </failure>
        </testcase>
        <testcase classname="src/test/Gamification.test.tsx" name="LevelDisplay Component &gt; renders in compact mode" time="0.0238328">
        </testcase>
        <testcase classname="src/test/Gamification.test.tsx" name="LevelDisplay Component &gt; calls onLevelUp callback" time="1.0391163">
            <failure message="Found multiple elements with the text: /5/

Here are the matching elements:

Ignored nodes: comments, script, style
[36m&lt;div[39m
  [33mclass[39m=[32m&quot;level-badge-number&quot;[39m
[36m&gt;[39m
  [0m5[0m
[36m&lt;/div&gt;[39m

Ignored nodes: comments, script, style
[36m&lt;div[39m
  [33mclass[39m=[32m&quot;xp-value&quot;[39m
[36m&gt;[39m
  [0m1.500[0m
[36m&lt;/div&gt;[39m

Ignored nodes: comments, script, style
[36m&lt;span[39m
  [33mclass[39m=[32m&quot;xp-needed&quot;[39m
[36m&gt;[39m
  [0m500[0m
  [0m XP gerekli[0m
[36m&lt;/span&gt;[39m

Ignored nodes: comments, script, style
[36m&lt;span[39m
  [33mclass[39m=[32m&quot;milestone-level&quot;[39m
[36m&gt;[39m
  [0m25[0m
[36m&lt;/span&gt;[39m

Ignored nodes: comments, script, style
[36m&lt;span[39m
  [33mclass[39m=[32m&quot;milestone-level&quot;[39m
[36m&gt;[39m
  [0m50[0m
[36m&lt;/span&gt;[39m

Ignored nodes: comments, script, style
[36m&lt;span[39m
  [33mclass[39m=[32m&quot;milestone-level&quot;[39m
[36m&gt;[39m
  [0m75[0m
[36m&lt;/span&gt;[39m

(If this is intentional, then use the `*AllBy*` variant of the query (like `queryAllByText`, `getAllByText`, or `findAllByText`)).

Ignored nodes: comments, script, style
[36m&lt;body&gt;[39m
  [36m&lt;div&gt;[39m
    [36m&lt;div[39m
      [33mclass[39m=[32m&quot;level-display &quot;[39m
    [36m&gt;[39m
      [36m&lt;div[39m
        [33mclass[39m=[32m&quot;level-header&quot;[39m
      [36m&gt;[39m
        [36m&lt;h3&gt;[39m
          [0mSeviye &amp; XP[0m
        [36m&lt;/h3&gt;[39m
      [36m&lt;/div&gt;[39m
      [36m&lt;div[39m
        [33mclass[39m=[32m&quot;level-main&quot;[39m
      [36m&gt;[39m
        [36m&lt;div[39m
          [33mclass[39m=[32m&quot;level-badge-large &quot;[39m
        [36m&gt;[39m
          [36m&lt;div[39m
            [33mclass[39m=[32m&quot;level-badge-icon&quot;[39m
          [36m&gt;[39m
            [0m⚡[0m
          [36m&lt;/div&gt;[39m
          [36m&lt;div[39m
            [33mclass[39m=[32m&quot;level-badge-number&quot;[39m
          [36m&gt;[39m
            [0m5[0m
          [36m&lt;/div&gt;[39m
          [36m&lt;div[39m
            [33mclass[39m=[32m&quot;level-badge-label&quot;[39m
          [36m&gt;[39m
            [0mSeviye[0m
          [36m&lt;/div&gt;[39m
        [36m&lt;/div&gt;[39m
        [36m&lt;div[39m
          [33mclass[39m=[32m&quot;level-info&quot;[39m
        [36m&gt;[39m
          [36m&lt;div[39m
            [33mclass[39m=[32m&quot;xp-display&quot;[39m
          [36m&gt;[39m
            [36m&lt;div[39m
              [33mclass[39m=[32m&quot;xp-label&quot;[39m
            [36m&gt;[39m
              [0mToplam XP[0m
            [36m&lt;/div&gt;[39m
            [36m&lt;div[39m
              [33mclass[39m=[32m&quot;xp-value&quot;[39m
            [36m&gt;[39m
              [0m1.500[0m
            [36m&lt;/div&gt;[39m
          [36m&lt;/div&gt;[39m
          [36m&lt;div[39m
            [33mclass[39m=[32m&quot;progress-section&quot;[39m
          [36m&gt;[39m
            [36m&lt;div[39m
              [33mclass[39m=[32m&quot;progress-header&quot;[39m
            [36m&gt;[39m
              [36m&lt;span[39m
                [33mclass[39m=[32m&quot;progress-label&quot;[39m
              [36m&gt;[39m
                [0mSeviye [0m
                [0m6[0m
                [0m&apos;e İlerleme[0m
              [36m&lt;/span&gt;[39m
              [36m&lt;span[39m
                [33mclass[39m=[32m&quot;progress-percentage&quot;[39m
              [36m&gt;[39m
                [0m60[0m
                [0m%[0m
              [36m&lt;/span&gt;[39m
            [36m&lt;/div&gt;[39m
            [36m&lt;div[39m
              [33mclass[39m=[32m&quot;progress-bar-container&quot;[39m
            [36m&gt;[39m
              [36m&lt;div[39m
                [33mclass[39m=[32m&quot;progress-bar-fill&quot;[39m
                [33mstyle[39m=[32m&quot;width: 60%;&quot;[39m
              [36m&gt;[39m
                [36m&lt;div[39m
                  [33mclass[39m=[32m&quot;progress-bar-glow&quot;[39m
                [36m/&gt;[39m
              [36m&lt;/div&gt;[39m
            [36m&lt;/div&gt;[39m
            [36m&lt;div[39m
              [33mclass[39m=[32m&quot;progress-footer&quot;[39m
            [36m&gt;[39m
              [36m&lt;span[39m
                [33mclass[39m=[32m&quot;xp-current&quot;[39m
              [36m&gt;[39m
                [0m300[0m
                [0m XP[0m
              [36m&lt;/span&gt;[39m
              [36m&lt;span[39m
                [33mclass[39m=[32m&quot;xp-needed&quot;[39m
              [36m&gt;[39m
                [0m500[0m
                [0m XP gerekli[0m
              [36m&lt;/span&gt;[39m
            [36m&lt;/div&gt;[39m
          [36m&lt;/div&gt;[39m
          [36m&lt;div[39m
            [33mclass[39m=[32m&quot;next-milestone&quot;[39m
          [36m&gt;[39m
            [36m&lt;span[39m
              [33mclass[39m=[32m&quot;next-milestone-icon&quot;[39m
            [36m&gt;[39m
              [0m🎯[0m
            [36m&lt;/span&gt;[39m
            [36m&lt;span[39m
              [33mclass[39m=[32m&quot;next-milestone-text&quot;[39m
            [36m&gt;[39m
              [0mSonraki Milestone: [0m
              [36m&lt;strong&gt;[39m
                [0mSeviye [0m
                [0m10[0m
              [36m&lt;/strong&gt;[39m
            [36m&lt;/span&gt;[39m
          [36m&lt;/div&gt;[39m
        [36m&lt;/div&gt;[39m
      [36m&lt;/div&gt;[39m
      [36m&lt;div[39m
        [33mclass[39m=[32m&quot;milestones-section&quot;[39m
      [36m&gt;[39m
        [36m&lt;h4&gt;[39m
          [0mMilestone Seviyeleri[0m
        [36m&lt;/h4&gt;[39m
        [36m&lt;div[39m
          [33mclass[39m=[32m&quot;milestones-list&quot;[39m
        [36m&gt;[39m
          [36m&lt;div[39m
            [33mclass[39m=[32m&quot;milestone-item  &quot;[39m
          [36m&gt;[39m
            [36m&lt;span[39m
              [33mclass[39m=[32m&quot;milestone-level&quot;[39m
            [36m&gt;[39m
              [0m10[0m
            [36m&lt;/span&gt;[39m
          [36m&lt;/div&gt;[39m
          [36m&lt;div[39m
            [33mclass[39m=[32m&quot;milestone-item  &quot;[39m
          [36m&gt;[39m
            [36m&lt;span[39m
              [33mclass[39m=[32m&quot;milestone-level&quot;[39m
            [36m&gt;[39m
              [0m25[0m
            [36m&lt;/span&gt;[39m
          [36m&lt;/div&gt;[39m
          [36m&lt;div[39m
            [33mclass[39m=[32m&quot;milestone-item  &quot;[39m
          [36m&gt;[39m
            [36m&lt;span[39m
              [33mclass[39m=[32m&quot;milestone-level&quot;[39m
            [36m&gt;[39m
              [0m50[0m
            [36m&lt;/span&gt;[39m
          [36m&lt;/div&gt;[39m
          [36m&lt;div[39m
            [33mclass[39m=[32m&quot;milestone-item  &quot;[39m
          [36m&gt;[39m
            [36m&lt;span[39m
              [33mclass[39m=[32m&quot;milestone-level&quot;[39m
            [36m&gt;[39m
              [0m75[0m
            [36m&lt;/span&gt;[39m
          [36m&lt;/div&gt;[39m
          [36m&lt;div[39m
            [33mclass[39m=[32m&quot;milestone-item  &quot;[39m
          [36m&gt;[39m
            [36m&lt;span[39m
              [33mclass[39m=[32m&quot;milestone-level&quot;[39m
            [36m&gt;[39m
              [0m100[0m
            [36m&lt;/span&gt;[39m
          [36m&lt;/div&gt;[39m
        [36m&lt;/div&gt;[39m
      [36m&lt;/div&gt;[39m
    [36m&lt;/div&gt;[39m
  [36m&lt;/div&gt;[39m
[36m&lt;/body&gt;[39m

Ignored nodes: comments, script, style
[36m&lt;html&gt;[39m
  [36m&lt;head /&gt;[39m
  [36m&lt;body&gt;[39m
    [36m&lt;div&gt;[39m
      [36m&lt;div[39m
        [33mclass[39m=[32m&quot;level-display &quot;[39m
      [36m&gt;[39m
        [36m&lt;div[39m
          [33mclass[39m=[32m&quot;level-header&quot;[39m
        [36m&gt;[39m
          [36m&lt;h3&gt;[39m
            [0mSeviye &amp; XP[0m
          [36m&lt;/h3&gt;[39m
        [36m&lt;/div&gt;[39m
        [36m&lt;div[39m
          [33mclass[39m=[32m&quot;level-main&quot;[39m
        [36m&gt;[39m
          [36m&lt;div[39m
            [33mclass[39m=[32m&quot;level-badge-large &quot;[39m
          [36m&gt;[39m
            [36m&lt;div[39m
              [33mclass[39m=[32m&quot;level-badge-icon&quot;[39m
            [36m&gt;[39m
              [0m⚡[0m
            [36m&lt;/div&gt;[39m
            [36m&lt;div[39m
              [33mclass[39m=[32m&quot;level-badge-number&quot;[39m
            [36m&gt;[39m
              [0m5[0m
            [36m&lt;/div&gt;[39m
            [36m&lt;div[39m
              [33mclass[39m=[32m&quot;level-badge-label&quot;[39m
            [36m&gt;[39m
              [0mSeviye[0m
            [36m&lt;/div&gt;[39m
          [36m&lt;/div&gt;[39m
          [36m&lt;div[39m
            [33mclass[39m=[32m&quot;level-info&quot;[39m
          [36m&gt;[39m
            [36m&lt;div[39m
              [33mclass[39m=[32m&quot;xp-display&quot;[39m
            [36m&gt;[39m
              [36m&lt;div[39m
                [33mclass[39m=[32m&quot;xp-label&quot;[39m
              [36m&gt;[39m
                [0mToplam XP[0m
              [36m&lt;/div&gt;[39m
              [36m&lt;div[39m
                [33mclass[39m=[32m&quot;xp-value&quot;[39m
              [36m&gt;[39m
                [0m1.500[0m
              [36m&lt;/div&gt;[39m
            [36m&lt;/div&gt;[39m
            [36m&lt;div[39m
              [33mclass[39m=[32m&quot;progress-section&quot;[39m
            [36m&gt;[39m
              [36m&lt;div[39m
                [33mclass[39m=[32m&quot;progress-header&quot;[39m
              [36m&gt;[39m
                [36m&lt;span[39m
                  [33mclass[39m=[32m&quot;progress-label&quot;[39m
                [36m&gt;[39m
                  [0mSeviye [0m
                  [0m6[0m
                  [0m&apos;e İlerleme[0m
                [36m&lt;/span&gt;[39m
                [36m&lt;span[39m
                  [33mclass[39m=[32m&quot;progress-percentage&quot;[39m
                [36m&gt;[39m
                  [0m60[0m
                  [0m%[0m
                [36m&lt;/span&gt;[39m
              [36m&lt;/div&gt;[39m
              [36m&lt;div[39m
                [33mclass[39m=[32m&quot;progress-bar-container&quot;[39m
              [36m&gt;[39m
                [36m&lt;div[39m
                  [33mclass[39m=[32m&quot;progress-bar-fill&quot;[39m
                  [33mstyle[39m=[32m&quot;width: 60%;&quot;[39m
                [36m&gt;[39m
                  [36m&lt;div[39m
                    [33mclass[39m=[32m&quot;progress-bar-glow&quot;[39m
                  [36m/&gt;[39m
                [36m&lt;/div&gt;[39m
              [36m&lt;/div&gt;[39m
              [36m&lt;div[39m
                [33mclass[39m=[32m&quot;progress-footer&quot;[39m
              [36m&gt;[39m
                [36m&lt;span[39m
                  [33mclass[39m=[32m&quot;xp-current&quot;[39m
                [36m&gt;[39m
                  [0m300[0m
                  [0m XP[0m
                [36m&lt;/span&gt;[39m
                [36m&lt;span[39m
                  [33mclass[39m=[32m&quot;xp-needed&quot;[39m
                [36m&gt;[39m
                  [0m500[0m
                  [0m XP gerekli[0m
                [36m&lt;/span&gt;[39m
              [36m&lt;/div&gt;[39m
            [36m&lt;/div&gt;[39m
            [36m&lt;div[39m
              [33mclass[39m=[32m&quot;next-milestone&quot;[39m
            [36m&gt;[39m
              [36m&lt;span[39m
                [33mclass[39m=[32m&quot;next-milestone-icon&quot;[39m
              [36m&gt;[39m
                [0m🎯[0m
              [36m&lt;/span&gt;[39m
              [36m&lt;span[39m
                [33mclass[39m=[32m&quot;next-milestone-text&quot;[39m
              [36m&gt;[39m
                [0mSonraki Milestone: [0m
                [36m&lt;strong&gt;[39m
                  [0mSeviye [0m
                  [0m10[0m
                [36m&lt;/strong&gt;[39m
              [36m&lt;/span&gt;[39m
            [36m&lt;/div&gt;[39m
          [36m&lt;/div&gt;[39m
        [36m&lt;/div&gt;[39m
        [36m&lt;div[39m
          [33mclass[39m=[32m&quot;milestones-section&quot;[39m
        [36m&gt;[39m
          [36m&lt;h4&gt;[39m
            [0mMilestone Seviyeleri[0m
          [36m&lt;/h4&gt;[39m
          [36m&lt;div[39m
            [33mclass[39m=[32m&quot;milestones-list&quot;[39m
          [36m&gt;[39m
            [36m&lt;div[39m
              [33mclass[39m=[32m&quot;milestone-item  &quot;[39m
            [36m&gt;[39m
              [36m&lt;span[39m
                [33mclass[39m=[32m&quot;milestone-level&quot;[39m
              [36m&gt;[39m
                [0m10[0m
              [36m&lt;/span&gt;[39m
            [36m&lt;/div&gt;[39m
            [36m&lt;div[39m
              [33mclass[39m=[32m&quot;milestone-item  &quot;[39m
            [36m&gt;[39m
              [36m&lt;span[39m
                [33mclass[39m=[32m&quot;milestone-level&quot;[39m
              [36m&gt;[39m
                [0m25[0m
              [36m&lt;/span&gt;[39m
            [36m&lt;/div&gt;[39m
            [36m&lt;div[39m
              [33mclass[39m=[32m&quot;milestone-item  &quot;[39m
            [36m&gt;[39m
              [36m&lt;span[39m
                [33mclass[39m=[32m&quot;milestone-level&quot;[39m
              [36m&gt;[39m
                [0m50[0m
              [36m&lt;/span&gt;[39m
            [36m&lt;/div&gt;[39m
            [36m&lt;div[39m
              [33mclass[39m=[32m&quot;milestone-item  &quot;[39m
            [36m&gt;[39m
              [36m&lt;span[39m
                [33mclass[39m=[32m&quot;milestone-level&quot;[39m
              [36m&gt;[39m
                [0m75[0m
              [36m&lt;/span&gt;[39m
            [36m&lt;/div&gt;[39m
            [36m&lt;div[39m
              [33mclass[39m=[32m&quot;milestone-item  &quot;[39m
            [36m&gt;[39m
              [36m&lt;span[39m
                [33mclass[39m=[32m&quot;milestone-level&quot;[39m
              [36m&gt;[39m
                [0m100[0m
              [36m&lt;/span&gt;[39m
            [36m&lt;/div&gt;[39m
          [36m&lt;/div&gt;[39m
        [36m&lt;/div&gt;[39m
      [36m&lt;/div&gt;[39m
    [36m&lt;/div&gt;[39m
  [36m&lt;/body&gt;[39m
[36m&lt;/html&gt;[39m" type="TestingLibraryElementError">
TestingLibraryElementError: Found multiple elements with the text: /5/

Here are the matching elements:

Ignored nodes: comments, script, style
&lt;div
  class=&quot;level-badge-number&quot;
&gt;
  5
&lt;/div&gt;

Ignored nodes: comments, script, style
&lt;div
  class=&quot;xp-value&quot;
&gt;
  1.500
&lt;/div&gt;

Ignored nodes: comments, script, style
&lt;span
  class=&quot;xp-needed&quot;
&gt;
  500
   XP gerekli
&lt;/span&gt;

Ignored nodes: comments, script, style
&lt;span
  class=&quot;milestone-level&quot;
&gt;
  25
&lt;/span&gt;

Ignored nodes: comments, script, style
&lt;span
  class=&quot;milestone-level&quot;
&gt;
  50
&lt;/span&gt;

Ignored nodes: comments, script, style
&lt;span
  class=&quot;milestone-level&quot;
&gt;
  75
&lt;/span&gt;

(If this is intentional, then use the `*AllBy*` variant of the query (like `queryAllByText`, `getAllByText`, or `findAllByText`)).

Ignored nodes: comments, script, style
&lt;body&gt;
  &lt;div&gt;
    &lt;div
      class=&quot;level-display &quot;
    &gt;
      &lt;div
        class=&quot;level-header&quot;
      &gt;
        &lt;h3&gt;
          Seviye &amp; XP
        &lt;/h3&gt;
      &lt;/div&gt;
      &lt;div
        class=&quot;level-main&quot;
      &gt;
        &lt;div
          class=&quot;level-badge-large &quot;
        &gt;
          &lt;div
            class=&quot;level-badge-icon&quot;
          &gt;
            ⚡
          &lt;/div&gt;
          &lt;div
            class=&quot;level-badge-number&quot;
          &gt;
            5
          &lt;/div&gt;
          &lt;div
            class=&quot;level-badge-label&quot;
          &gt;
            Seviye
          &lt;/div&gt;
        &lt;/div&gt;
        &lt;div
          class=&quot;level-info&quot;
        &gt;
          &lt;div
            class=&quot;xp-display&quot;
          &gt;
            &lt;div
              class=&quot;xp-label&quot;
            &gt;
              Toplam XP
            &lt;/div&gt;
            &lt;div
              class=&quot;xp-value&quot;
            &gt;
              1.500
            &lt;/div&gt;
          &lt;/div&gt;
          &lt;div
            class=&quot;progress-section&quot;
          &gt;
            &lt;div
              class=&quot;progress-header&quot;
            &gt;
              &lt;span
                class=&quot;progress-label&quot;
              &gt;
                Seviye 
                6
                &apos;e İlerleme
              &lt;/span&gt;
              &lt;span
                class=&quot;progress-percentage&quot;
              &gt;
                60
                %
              &lt;/span&gt;
            &lt;/div&gt;
            &lt;div
              class=&quot;progress-bar-container&quot;
            &gt;
              &lt;div
                class=&quot;progress-bar-fill&quot;
                style=&quot;width: 60%;&quot;
              &gt;
                &lt;div
                  class=&quot;progress-bar-glow&quot;
                /&gt;
              &lt;/div&gt;
            &lt;/div&gt;
            &lt;div
              class=&quot;progress-footer&quot;
            &gt;
              &lt;span
                class=&quot;xp-current&quot;
              &gt;
                300
                 XP
              &lt;/span&gt;
              &lt;span
                class=&quot;xp-needed&quot;
              &gt;
                500
                 XP gerekli
              &lt;/span&gt;
            &lt;/div&gt;
          &lt;/div&gt;
          &lt;div
            class=&quot;next-milestone&quot;
          &gt;
            &lt;span
              class=&quot;next-milestone-icon&quot;
            &gt;
              🎯
            &lt;/span&gt;
            &lt;span
              class=&quot;next-milestone-text&quot;
            &gt;
              Sonraki Milestone: 
              &lt;strong&gt;
                Seviye 
                10
              &lt;/strong&gt;
            &lt;/span&gt;
          &lt;/div&gt;
        &lt;/div&gt;
      &lt;/div&gt;
      &lt;div
        class=&quot;milestones-section&quot;
      &gt;
        &lt;h4&gt;
          Milestone Seviyeleri
        &lt;/h4&gt;
        &lt;div
          class=&quot;milestones-list&quot;
        &gt;
          &lt;div
            class=&quot;milestone-item  &quot;
          &gt;
            &lt;span
              class=&quot;milestone-level&quot;
            &gt;
              10
            &lt;/span&gt;
          &lt;/div&gt;
          &lt;div
            class=&quot;milestone-item  &quot;
          &gt;
            &lt;span
              class=&quot;milestone-level&quot;
            &gt;
              25
            &lt;/span&gt;
          &lt;/div&gt;
          &lt;div
            class=&quot;milestone-item  &quot;
          &gt;
            &lt;span
              class=&quot;milestone-level&quot;
            &gt;
              50
            &lt;/span&gt;
          &lt;/div&gt;
          &lt;div
            class=&quot;milestone-item  &quot;
          &gt;
            &lt;span
              class=&quot;milestone-level&quot;
            &gt;
              75
            &lt;/span&gt;
          &lt;/div&gt;
          &lt;div
            class=&quot;milestone-item  &quot;
          &gt;
            &lt;span
              class=&quot;milestone-level&quot;
            &gt;
              100
            &lt;/span&gt;
          &lt;/div&gt;
        &lt;/div&gt;
      &lt;/div&gt;
    &lt;/div&gt;
  &lt;/div&gt;
&lt;/body&gt;

Ignored nodes: comments, script, style
&lt;html&gt;
  &lt;head /&gt;
  &lt;body&gt;
    &lt;div&gt;
      &lt;div
        class=&quot;level-display &quot;
      &gt;
        &lt;div
          class=&quot;level-header&quot;
        &gt;
          &lt;h3&gt;
            Seviye &amp; XP
          &lt;/h3&gt;
        &lt;/div&gt;
        &lt;div
          class=&quot;level-main&quot;
        &gt;
          &lt;div
            class=&quot;level-badge-large &quot;
          &gt;
            &lt;div
              class=&quot;level-badge-icon&quot;
            &gt;
              ⚡
            &lt;/div&gt;
            &lt;div
              class=&quot;level-badge-number&quot;
            &gt;
              5
            &lt;/div&gt;
            &lt;div
              class=&quot;level-badge-label&quot;
            &gt;
              Seviye
            &lt;/div&gt;
          &lt;/div&gt;
          &lt;div
            class=&quot;level-info&quot;
          &gt;
            &lt;div
              class=&quot;xp-display&quot;
            &gt;
              &lt;div
                class=&quot;xp-label&quot;
              &gt;
                Toplam XP
              &lt;/div&gt;
              &lt;div
                class=&quot;xp-value&quot;
              &gt;
                1.500
              &lt;/div&gt;
            &lt;/div&gt;
            &lt;div
              class=&quot;progress-section&quot;
            &gt;
              &lt;div
                class=&quot;progress-header&quot;
              &gt;
                &lt;span
                  class=&quot;progress-label&quot;
                &gt;
                  Seviye 
                  6
                  &apos;e İlerleme
                &lt;/span&gt;
                &lt;span
                  class=&quot;progress-percentage&quot;
                &gt;
                  60
                  %
                &lt;/span&gt;
              &lt;/div&gt;
              &lt;div
                class=&quot;progress-bar-container&quot;
              &gt;
                &lt;div
                  class=&quot;progress-bar-fill&quot;
                  style=&quot;width: 60%;&quot;
                &gt;
                  &lt;div
                    class=&quot;progress-bar-glow&quot;
                  /&gt;
                &lt;/div&gt;
              &lt;/div&gt;
              &lt;div
                class=&quot;progress-footer&quot;
              &gt;
                &lt;span
                  class=&quot;xp-current&quot;
                &gt;
                  300
                   XP
                &lt;/span&gt;
                &lt;span
                  class=&quot;xp-needed&quot;
                &gt;
                  500
                   XP gerekli
                &lt;/span&gt;
              &lt;/div&gt;
            &lt;/div&gt;
            &lt;div
              class=&quot;next-milestone&quot;
            &gt;
              &lt;span
                class=&quot;next-milestone-icon&quot;
              &gt;
                🎯
              &lt;/span&gt;
              &lt;span
                class=&quot;next-milestone-text&quot;
              &gt;
                Sonraki Milestone: 
                &lt;strong&gt;
                  Seviye 
                  10
                &lt;/strong&gt;
              &lt;/span&gt;
            &lt;/div&gt;
          &lt;/div&gt;
        &lt;/div&gt;
        &lt;div
          class=&quot;milestones-section&quot;
        &gt;
          &lt;h4&gt;
            Milestone Seviyeleri
          &lt;/h4&gt;
          &lt;div
            class=&quot;milestones-list&quot;
          &gt;
            &lt;div
              class=&quot;milestone-item  &quot;
            &gt;
              &lt;span
                class=&quot;milestone-level&quot;
              &gt;
                10
              &lt;/span&gt;
            &lt;/div&gt;
            &lt;div
              class=&quot;milestone-item  &quot;
            &gt;
              &lt;span
                class=&quot;milestone-level&quot;
              &gt;
                25
              &lt;/span&gt;
            &lt;/div&gt;
            &lt;div
              class=&quot;milestone-item  &quot;
            &gt;
              &lt;span
                class=&quot;milestone-level&quot;
              &gt;
                50
              &lt;/span&gt;
            &lt;/div&gt;
            &lt;div
              class=&quot;milestone-item  &quot;
            &gt;
              &lt;span
                class=&quot;milestone-level&quot;
              &gt;
                75
              &lt;/span&gt;
            &lt;/div&gt;
            &lt;div
              class=&quot;milestone-item  &quot;
            &gt;
              &lt;span
                class=&quot;milestone-level&quot;
              &gt;
                100
              &lt;/span&gt;
            &lt;/div&gt;
          &lt;/div&gt;
        &lt;/div&gt;
      &lt;/div&gt;
    &lt;/div&gt;
  &lt;/body&gt;
&lt;/html&gt;
 ❯ Proxy.waitForWrapper node_modules/@testing-library/react/node_modules/@testing-library/dom/dist/wait-for.js:163:27
 ❯ src/test/Gamification.test.tsx:223:11
            </failure>
        </testcase>
        <testcase classname="src/test/Gamification.test.tsx" name="BadgeCollection Component &gt; renders earned badges" time="0.0875333">
        </testcase>
        <testcase classname="src/test/Gamification.test.tsx" name="BadgeCollection Component &gt; switches between view modes" time="0.0756013">
        </testcase>
        <testcase classname="src/test/Gamification.test.tsx" name="BadgeCollection Component &gt; filters by rarity" time="0.1817217">
        </testcase>
        <testcase classname="src/test/Gamification.test.tsx" name="BadgeCollection Component &gt; opens badge modal on click" time="0.046558">
        </testcase>
        <testcase classname="src/test/Gamification.test.tsx" name="Leaderboard Component &gt; renders leaderboard entries" time="0.0694016">
        </testcase>
        <testcase classname="src/test/Gamification.test.tsx" name="Leaderboard Component &gt; shows top 3 with medals" time="0.0588294">
        </testcase>
        <testcase classname="src/test/Gamification.test.tsx" name="Leaderboard Component &gt; switches between leaderboard types" time="0.0577442">
        </testcase>
        <testcase classname="src/test/Gamification.test.tsx" name="GamificationDashboard Component &gt; renders dashboard in grid layout" time="0.1177001">
        </testcase>
        <testcase classname="src/test/Gamification.test.tsx" name="GamificationDashboard Component &gt; renders dashboard in tabs layout" time="0.0647781">
        </testcase>
        <testcase classname="src/test/Gamification.test.tsx" name="GamificationDashboard Component &gt; switches between tabs" time="0.0607391">
        </testcase>
        <testcase classname="src/test/Gamification.test.tsx" name="GamificationDashboard Component &gt; displays quick stats" time="1.1103605">
            <failure message="Found multiple elements with the text: /1[.,]500/

Here are the matching elements:

Ignored nodes: comments, script, style
[36m&lt;span[39m
  [33mclass[39m=[32m&quot;stat-value&quot;[39m
[36m&gt;[39m
  [0m1.500[0m
[36m&lt;/span&gt;[39m

Ignored nodes: comments, script, style
[36m&lt;div[39m
  [33mclass[39m=[32m&quot;points-value-large&quot;[39m
[36m&gt;[39m
  [0m1.500[0m
[36m&lt;/div&gt;[39m

(If this is intentional, then use the `*AllBy*` variant of the query (like `queryAllByText`, `getAllByText`, or `findAllByText`)).

Ignored nodes: comments, script, style
[36m&lt;body&gt;[39m
  [36m&lt;div&gt;[39m
    [36m&lt;div[39m
      [33mclass[39m=[32m&quot;gamification-dashboard tabs-layout&quot;[39m
    [36m&gt;[39m
      [36m&lt;div[39m
        [33mclass[39m=[32m&quot;dashboard-header&quot;[39m
      [36m&gt;[39m
        [36m&lt;h2&gt;[39m
          [0mOyunlaştırma[0m
        [36m&lt;/h2&gt;[39m
        [36m&lt;div[39m
          [33mclass[39m=[32m&quot;quick-stats&quot;[39m
        [36m&gt;[39m
          [36m&lt;div[39m
            [33mclass[39m=[32m&quot;quick-stat&quot;[39m
          [36m&gt;[39m
            [36m&lt;span[39m
              [33mclass[39m=[32m&quot;stat-icon&quot;[39m
            [36m&gt;[39m
              [0m⭐[0m
            [36m&lt;/span&gt;[39m
            [36m&lt;span[39m
              [33mclass[39m=[32m&quot;stat-value&quot;[39m
            [36m&gt;[39m
              [0m1.500[0m
            [36m&lt;/span&gt;[39m
            [36m&lt;span[39m
              [33mclass[39m=[32m&quot;stat-label&quot;[39m
            [36m&gt;[39m
              [0mPuan[0m
            [36m&lt;/span&gt;[39m
          [36m&lt;/div&gt;[39m
          [36m&lt;div[39m
            [33mclass[39m=[32m&quot;quick-stat&quot;[39m
          [36m&gt;[39m
            [36m&lt;span[39m
              [33mclass[39m=[32m&quot;stat-icon&quot;[39m
            [36m&gt;[39m
              [0m⚡[0m
            [36m&lt;/span&gt;[39m
            [36m&lt;span[39m
              [33mclass[39m=[32m&quot;stat-value&quot;[39m
            [36m&gt;[39m
              [0m5[0m
            [36m&lt;/span&gt;[39m
            [36m&lt;span[39m
              [33mclass[39m=[32m&quot;stat-label&quot;[39m
            [36m&gt;[39m
              [0mSeviye[0m
            [36m&lt;/span&gt;[39m
          [36m&lt;/div&gt;[39m
          [36m&lt;div[39m
            [33mclass[39m=[32m&quot;quick-stat&quot;[39m
          [36m&gt;[39m
            [36m&lt;span[39m
              [33mclass[39m=[32m&quot;stat-icon&quot;[39m
            [36m&gt;[39m
              [0m🏅[0m
            [36m&lt;/span&gt;[39m
            [36m&lt;span[39m
              [33mclass[39m=[32m&quot;stat-value&quot;[39m
            [36m&gt;[39m
              [0m5[0m
            [36m&lt;/span&gt;[39m
            [36m&lt;span[39m
              [33mclass[39m=[32m&quot;stat-label&quot;[39m
            [36m&gt;[39m
              [0mRozet[0m
            [36m&lt;/span&gt;[39m
          [36m&lt;/div&gt;[39m
        [36m&lt;/div&gt;[39m
      [36m&lt;/div&gt;[39m
      [36m&lt;div[39m
        [33mclass[39m=[32m&quot;dashboard-tabs&quot;[39m
      [36m&gt;[39m
        [36m&lt;button[39m
          [33mclass[39m=[32m&quot;dashboard-tab active&quot;[39m
        [36m&gt;[39m
          [36m&lt;span[39m
            [33mclass[39m=[32m&quot;tab-icon&quot;[39m
          [36m&gt;[39m
            [0m📊[0m
          [36m&lt;/span&gt;[39m
          [36m&lt;span[39m
            [33mclass[39m=[32m&quot;tab-label&quot;[39m
          [36m&gt;[39m
            [0mGenel Bakış[0m
          [36m&lt;/span&gt;[39m
        [36m&lt;/button&gt;[39m
        [36m&lt;button[39m
          [33mclass[39m=[32m&quot;dashboard-tab &quot;[39m
        [36m&gt;[39m
          [36m&lt;span[39m
            [33mclass[39m=[32m&quot;tab-icon&quot;[39m
          [36m&gt;[39m
            [0m🏅[0m
          [36m&lt;/span&gt;[39m
          [36m&lt;span[39m
            [33mclass[39m=[32m&quot;tab-label&quot;[39m
          [36m&gt;[39m
            [0mRozetler[0m
          [36m&lt;/span&gt;[39m
        [36m&lt;/button&gt;[39m
        [36m&lt;button[39m
          [33mclass[39m=[32m&quot;dashboard-tab &quot;[39m
        [36m&gt;[39m
          [36m&lt;span[39m
            [33mclass[39m=[32m&quot;tab-icon&quot;[39m
          [36m&gt;[39m
            [0m🏆[0m
          [36m&lt;/span&gt;[39m
          [36m&lt;span[39m
            [33mclass[39m=[32m&quot;tab-label&quot;[39m
          [36m&gt;[39m
            [0mLiderlik Tablosu[0m
          [36m&lt;/span&gt;[39m
        [36m&lt;/button&gt;[39m
      [36m&lt;/div&gt;[39m
      [36m&lt;div[39m
        [33mclass[39m=[32m&quot;dashboard-content&quot;[39m
      [36m&gt;[39m
        [36m&lt;div[39m
          [33mclass[39m=[32m&quot;overview-grid&quot;[39m
        [36m&gt;[39m
          [36m&lt;div[39m
            [33mclass[39m=[32m&quot;overview-section&quot;[39m
          [36m&gt;[39m
            [36m&lt;div[39m
              [33mclass[39m=[32m&quot;points-display&quot;[39m
            [36m&gt;[39m
              [36m&lt;div[39m
                [33mclass[39m=[32m&quot;points-header&quot;[39m
              [36m&gt;[39m
                [36m&lt;h3&gt;[39m
                  [0mPuanlarım[0m
                [36m&lt;/h3&gt;[39m
                [36m&lt;button[39m
                  [33maria-label[39m=[32m&quot;Puan geçmişini göster&quot;[39m
                  [33mclass[39m=[32m&quot;history-toggle&quot;[39m
                [36m&gt;[39m
                  [36m&lt;span&gt;[39m
                    [0m📜[0m
                  [36m&lt;/span&gt;[39m
                  [36m&lt;span&gt;[39m
                    [0mGeçmişi Göster[0m
                  [36m&lt;/span&gt;[39m
                [36m&lt;/button&gt;[39m
              [36m&lt;/div&gt;[39m
              [36m&lt;div[39m
                [33mclass[39m=[32m&quot;points-main&quot;[39m
              [36m&gt;[39m
                [36m&lt;div[39m
                  [33mclass[39m=[32m&quot;points-icon-large&quot;[39m
                [36m&gt;[39m
                  [0m⭐[0m
                [36m&lt;/div&gt;[39m
                [36m&lt;div[39m
                  [33mclass[39m=[32m&quot;points-info&quot;[39m
                [36m&gt;[39m
                  [36m&lt;div[39m
                    [33mclass[39m=[32m&quot;points-value-large&quot;[39m
                  [36m&gt;[39m
                    [0m1.500[0m
                  [36m&lt;/div&gt;[39m
                  [36m&lt;div[39m
                    [33mclass[39m=[32m&quot;points-label&quot;[39m
                  [36m&gt;[39m
                    [0mToplam Puan[0m
                  [36m&lt;/div&gt;[39m
                [36m&lt;/div&gt;[39m
              [36m&lt;/div&gt;[39m
            [36m&lt;/div&gt;[39m
          [36m&lt;/div&gt;[39m
          [36m&lt;div[39m
            [33mclass[39m=[32m&quot;overview-section&quot;[39m
          [36m&gt;[39m
            [36m&lt;div[39m
              [33mclass[39m=[32m&quot;level-display error&quot;[39m
            [36m&gt;[39m
              [36m&lt;span[39m
                [33mclass[39m=[32m&quot;error-icon&quot;[39m
              [36m&gt;[39m
                [0m⚠️[0m
              [36m&lt;/span&gt;[39m
              [36m&lt;span[39m
                [33mclass[39m=[32m&quot;error-message&quot;[39m
              [36m&gt;[39m
                [0mSeviye bilgisi yüklenemedi[0m
              [36m&lt;/span&gt;[39m
            [36m&lt;/div&gt;[39m
          [36m&lt;/div&gt;[39m
          [36m&lt;div[39m
            [33mclass[39m=[32m&quot;overview-section recent-achievements&quot;[39m
          [36m&gt;[39m
            [36m&lt;h3&gt;[39m
              [0mSon Başarılar[0m
            [36m&lt;/h3&gt;[39m
            [36m&lt;div[39m
              [33mclass[39m=[32m&quot;achievements-list&quot;[39m
            [36m&gt;[39m
              [36m&lt;div[39m
                [33mclass[39m=[32m&quot;achievement-item&quot;[39m
              [36m&gt;[39m
                [36m&lt;span[39m
                  [33mclass[39m=[32m&quot;achievement-icon&quot;[39m
                [36m&gt;[39m
                  [0m🎯[0m
                [36m&lt;/span&gt;[39m
                [36m&lt;div[39m
                  [33mclass[39m=[32m&quot;achievement-info&quot;[39m
                [36m&gt;[39m
                  [36m&lt;div[39m
                    [33mclass[39m=[32m&quot;achievement-name&quot;[39m
                  [36m&gt;[39m
                    [0mİlk Adım[0m
                  [36m&lt;/div&gt;[39m
                  [36m&lt;div[39m
                    [33mclass[39m=[32m&quot;achievement-date&quot;[39m
                  [36m&gt;[39m
                    [0m01.01.2025[0m
                  [36m&lt;/div&gt;[39m
                [36m&lt;/div&gt;[39m
                [36m&lt;div[39m
                  [33mclass[39m=[32m&quot;achievement-points&quot;[39m
                [36m&gt;[39m
                  [0m+[0m
                  [0m10[0m
                [36m&lt;/div&gt;[39m
              [36m&lt;/div&gt;[39m
            [36m&lt;/div&gt;[39m
          [36m&lt;/div&gt;[39m
        [36m&lt;/div&gt;[39m
      [36m&lt;/div&gt;[39m
    [36m&lt;/div&gt;[39m
  [36m&lt;/div&gt;[39m
[36m&lt;/body&gt;[39m

Ignored nodes: comments, script, style
[36m&lt;html&gt;[39m
  [36m&lt;head /&gt;[39m
  [36m&lt;body&gt;[39m
    [36m&lt;div&gt;[39m
      [36m&lt;div[39m
        [33mclass[39m=[32m&quot;gamification-dashboard tabs-layout&quot;[39m
      [36m&gt;[39m
        [36m&lt;div[39m
          [33mclass[39m=[32m&quot;dashboard-header&quot;[39m
        [36m&gt;[39m
          [36m&lt;h2&gt;[39m
            [0mOyunlaştırma[0m
          [36m&lt;/h2&gt;[39m
          [36m&lt;div[39m
            [33mclass[39m=[32m&quot;quick-stats&quot;[39m
          [36m&gt;[39m
            [36m&lt;div[39m
              [33mclass[39m=[32m&quot;quick-stat&quot;[39m
            [36m&gt;[39m
              [36m&lt;span[39m
                [33mclass[39m=[32m&quot;stat-icon&quot;[39m
              [36m&gt;[39m
                [0m⭐[0m
              [36m&lt;/span&gt;[39m
              [36m&lt;span[39m
                [33mclass[39m=[32m&quot;stat-value&quot;[39m
              [36m&gt;[39m
                [0m1.500[0m
              [36m&lt;/span&gt;[39m
              [36m&lt;span[39m
                [33mclass[39m=[32m&quot;stat-label&quot;[39m
              [36m&gt;[39m
                [0mPuan[0m
              [36m&lt;/span&gt;[39m
            [36m&lt;/div&gt;[39m
            [36m&lt;div[39m
              [33mclass[39m=[32m&quot;quick-stat&quot;[39m
            [36m&gt;[39m
              [36m&lt;span[39m
                [33mclass[39m=[32m&quot;stat-icon&quot;[39m
              [36m&gt;[39m
                [0m⚡[0m
              [36m&lt;/span&gt;[39m
              [36m&lt;span[39m
                [33mclass[39m=[32m&quot;stat-value&quot;[39m
              [36m&gt;[39m
                [0m5[0m
              [36m&lt;/span&gt;[39m
              [36m&lt;span[39m
                [33mclass[39m=[32m&quot;stat-label&quot;[39m
              [36m&gt;[39m
                [0mSeviye[0m
              [36m&lt;/span&gt;[39m
            [36m&lt;/div&gt;[39m
            [36m&lt;div[39m
              [33mclass[39m=[32m&quot;quick-stat&quot;[39m
            [36m&gt;[39m
              [36m&lt;span[39m
                [33mclass[39m=[32m&quot;stat-icon&quot;[39m
              [36m&gt;[39m
                [0m🏅[0m
              [36m&lt;/span&gt;[39m
              [36m&lt;span[39m
                [33mclass[39m=[32m&quot;stat-value&quot;[39m
              [36m&gt;[39m
                [0m5[0m
              [36m&lt;/span&gt;[39m
              [36m&lt;span[39m
                [33mclass[39m=[32m&quot;stat-label&quot;[39m
              [36m&gt;[39m
                [0mRozet[0m
              [36m&lt;/span&gt;[39m
            [36m&lt;/div&gt;[39m
          [36m&lt;/div&gt;[39m
        [36m&lt;/div&gt;[39m
        [36m&lt;div[39m
          [33mclass[39m=[32m&quot;dashboard-tabs&quot;[39m
        [36m&gt;[39m
          [36m&lt;button[39m
            [33mclass[39m=[32m&quot;dashboard-tab active&quot;[39m
          [36m&gt;[39m
            [36m&lt;span[39m
              [33mclass[39m=[32m&quot;tab-icon&quot;[39m
            [36m&gt;[39m
              [0m📊[0m
            [36m&lt;/span&gt;[39m
            [36m&lt;span[39m
              [33mclass[39m=[32m&quot;tab-label&quot;[39m
            [36m&gt;[39m
              [0mGenel Bakış[0m
            [36m&lt;/span&gt;[39m
          [36m&lt;/button&gt;[39m
          [36m&lt;button[39m
            [33mclass[39m=[32m&quot;dashboard-tab &quot;[39m
          [36m&gt;[39m
            [36m&lt;span[39m
              [33mclass[39m=[32m&quot;tab-icon&quot;[39m
            [36m&gt;[39m
              [0m🏅[0m
            [36m&lt;/span&gt;[39m
            [36m&lt;span[39m
              [33mclass[39m=[32m&quot;tab-label&quot;[39m
            [36m&gt;[39m
              [0mRozetler[0m
            [36m&lt;/span&gt;[39m
          [36m&lt;/button&gt;[39m
          [36m&lt;button[39m
            [33mclass[39m=[32m&quot;dashboard-tab &quot;[39m
          [36m&gt;[39m
            [36m&lt;span[39m
              [33mclass[39m=[32m&quot;tab-icon&quot;[39m
            [36m&gt;[39m
              [0m🏆[0m
            [36m&lt;/span&gt;[39m
            [36m&lt;span[39m
              [33mclass[39m=[32m&quot;tab-label&quot;[39m
            [36m&gt;[39m
              [0mLiderlik Tablosu[0m
            [36m&lt;/span&gt;[39m
          [36m&lt;/button&gt;[39m
        [36m&lt;/div&gt;[39m
        [36m&lt;div[39m
          [33mclass[39m=[32m&quot;dashboard-content&quot;[39m
        [36m&gt;[39m
          [36m&lt;div[39m
            [33mclass[39m=[32m&quot;overview-grid&quot;[39m
          [36m&gt;[39m
            [36m&lt;div[39m
              [33mclass[39m=[32m&quot;overview-section&quot;[39m
            [36m&gt;[39m
              [36m&lt;div[39m
                [33mclass[39m=[32m&quot;points-display&quot;[39m
              [36m&gt;[39m
                [36m&lt;div[39m
                  [33mclass[39m=[32m&quot;points-header&quot;[39m
                [36m&gt;[39m
                  [36m&lt;h3&gt;[39m
                    [0mPuanlarım[0m
                  [36m&lt;/h3&gt;[39m
                  [36m&lt;button[39m
                    [33maria-label[39m=[32m&quot;Puan geçmişini göster&quot;[39m
                    [33mclass[39m=[32m&quot;history-toggle&quot;[39m
                  [36m&gt;[39m
                    [36m&lt;span&gt;[39m
                      [0m📜[0m
                    [36m&lt;/span&gt;[39m
                    [36m&lt;span&gt;[39m
                      [0mGeçmişi Göster[0m
                    [36m&lt;/span&gt;[39m
                  [36m&lt;/button&gt;[39m
                [36m&lt;/div&gt;[39m
                [36m&lt;div[39m
                  [33mclass[39m=[32m&quot;points-main&quot;[39m
                [36m&gt;[39m
                  [36m&lt;div[39m
                    [33mclass[39m=[32m&quot;points-icon-large&quot;[39m
                  [36m&gt;[39m
                    [0m⭐[0m
                  [36m&lt;/div&gt;[39m
                  [36m&lt;div[39m
                    [33mclass[39m=[32m&quot;points-info&quot;[39m
                  [36m&gt;[39m
                    [36m&lt;div[39m
                      [33mclass[39m=[32m&quot;points-value-large&quot;[39m
                    [36m&gt;[39m
                      [0m1.500[0m
                    [36m&lt;/div&gt;[39m
                    [36m&lt;div[39m
                      [33mclass[39m=[32m&quot;points-label&quot;[39m
                    [36m&gt;[39m
                      [0mToplam Puan[0m
                    [36m&lt;/div&gt;[39m
                  [36m&lt;/div&gt;[39m
                [36m&lt;/div&gt;[39m
              [36m&lt;/div&gt;[39m
            [36m&lt;/div&gt;[39m
            [36m&lt;div[39m
              [33mclass[39m=[32m&quot;overview-section&quot;[39m
            [36m&gt;[39m
              [36m&lt;div[39m
                [33mclass[39m=[32m&quot;level-display error&quot;[39m
              [36m&gt;[39m
                [36m&lt;span[39m
                  [33mclass[39m=[32m&quot;error-icon&quot;[39m
                [36m&gt;[39m
                  [0m⚠️[0m
                [36m&lt;/span&gt;[39m
                [36m&lt;span[39m
                  [33mclass[39m=[32m&quot;error-message&quot;[39m
                [36m&gt;[39m
                  [0mSeviye bilgisi yüklenemedi[0m
                [36m&lt;/span&gt;[39m
              [36m&lt;/div&gt;[39m
            [36m&lt;/div&gt;[39m
            [36m&lt;div[39m
              [33mclass[39m=[32m&quot;overview-section recent-achievements&quot;[39m
            [36m&gt;[39m
              [36m&lt;h3&gt;[39m
                [0mSon Başarılar[0m
              [36m&lt;/h3&gt;[39m
              [36m&lt;div[39m
                [33mclass[39m=[32m&quot;achievements-list&quot;[39m
              [36m&gt;[39m
                [36m&lt;div[39m
                  [33mclass[39m=[32m&quot;achievement-item&quot;[39m
                [36m&gt;[39m
                  [36m&lt;span[39m
                    [33mclass[39m=[32m&quot;achievement-icon&quot;[39m
                  [36m&gt;[39m
                    [0m🎯[0m
                  [36m&lt;/span&gt;[39m
                  [36m&lt;div[39m
                    [33mclass[39m=[32m&quot;achievement-info&quot;[39m
                  [36m&gt;[39m
                    [36m&lt;div[39m
                      [33mclass[39m=[32m&quot;achievement-name&quot;[39m
                    [36m&gt;[39m
                      [0mİlk Adım[0m
                    [36m&lt;/div&gt;[39m
                    [36m&lt;div[39m
                      [33mclass[39m=[32m&quot;achievement-date&quot;[39m
                    [36m&gt;[39m
                      [0m01.01.2025[0m
                    [36m&lt;/div&gt;[39m
                  [36m&lt;/div&gt;[39m
                  [36m&lt;div[39m
                    [33mclass[39m=[32m&quot;achievement-points&quot;[39m
                  [36m&gt;[39m
                    [0m+[0m
                    [0m10[0m
                  [36m&lt;/div&gt;[39m
                [36m&lt;/div&gt;[39m
              [36m&lt;/div&gt;[39m
            [36m&lt;/div&gt;[39m
          [36m&lt;/div&gt;[39m
        [36m&lt;/div&gt;[39m
      [36m&lt;/div&gt;[39m
    [36m&lt;/div&gt;[39m
  [36m&lt;/body&gt;[39m
[36m&lt;/html&gt;[39m" type="TestingLibraryElementError">
TestingLibraryElementError: Found multiple elements with the text: /1[.,]500/

Here are the matching elements:

Ignored nodes: comments, script, style
&lt;span
  class=&quot;stat-value&quot;
&gt;
  1.500
&lt;/span&gt;

Ignored nodes: comments, script, style
&lt;div
  class=&quot;points-value-large&quot;
&gt;
  1.500
&lt;/div&gt;

(If this is intentional, then use the `*AllBy*` variant of the query (like `queryAllByText`, `getAllByText`, or `findAllByText`)).

Ignored nodes: comments, script, style
&lt;body&gt;
  &lt;div&gt;
    &lt;div
      class=&quot;gamification-dashboard tabs-layout&quot;
    &gt;
      &lt;div
        class=&quot;dashboard-header&quot;
      &gt;
        &lt;h2&gt;
          Oyunlaştırma
        &lt;/h2&gt;
        &lt;div
          class=&quot;quick-stats&quot;
        &gt;
          &lt;div
            class=&quot;quick-stat&quot;
          &gt;
            &lt;span
              class=&quot;stat-icon&quot;
            &gt;
              ⭐
            &lt;/span&gt;
            &lt;span
              class=&quot;stat-value&quot;
            &gt;
              1.500
            &lt;/span&gt;
            &lt;span
              class=&quot;stat-label&quot;
            &gt;
              Puan
            &lt;/span&gt;
          &lt;/div&gt;
          &lt;div
            class=&quot;quick-stat&quot;
          &gt;
            &lt;span
              class=&quot;stat-icon&quot;
            &gt;
              ⚡
            &lt;/span&gt;
            &lt;span
              class=&quot;stat-value&quot;
            &gt;
              5
            &lt;/span&gt;
            &lt;span
              class=&quot;stat-label&quot;
            &gt;
              Seviye
            &lt;/span&gt;
          &lt;/div&gt;
          &lt;div
            class=&quot;quick-stat&quot;
          &gt;
            &lt;span
              class=&quot;stat-icon&quot;
            &gt;
              🏅
            &lt;/span&gt;
            &lt;span
              class=&quot;stat-value&quot;
            &gt;
              5
            &lt;/span&gt;
            &lt;span
              class=&quot;stat-label&quot;
            &gt;
              Rozet
            &lt;/span&gt;
          &lt;/div&gt;
        &lt;/div&gt;
      &lt;/div&gt;
      &lt;div
        class=&quot;dashboard-tabs&quot;
      &gt;
        &lt;button
          class=&quot;dashboard-tab active&quot;
        &gt;
          &lt;span
            class=&quot;tab-icon&quot;
          &gt;
            📊
          &lt;/span&gt;
          &lt;span
            class=&quot;tab-label&quot;
          &gt;
            Genel Bakış
          &lt;/span&gt;
        &lt;/button&gt;
        &lt;button
          class=&quot;dashboard-tab &quot;
        &gt;
          &lt;span
            class=&quot;tab-icon&quot;
          &gt;
            🏅
          &lt;/span&gt;
          &lt;span
            class=&quot;tab-label&quot;
          &gt;
            Rozetler
          &lt;/span&gt;
        &lt;/button&gt;
        &lt;button
          class=&quot;dashboard-tab &quot;
        &gt;
          &lt;span
            class=&quot;tab-icon&quot;
          &gt;
            🏆
          &lt;/span&gt;
          &lt;span
            class=&quot;tab-label&quot;
          &gt;
            Liderlik Tablosu
          &lt;/span&gt;
        &lt;/button&gt;
      &lt;/div&gt;
      &lt;div
        class=&quot;dashboard-content&quot;
      &gt;
        &lt;div
          class=&quot;overview-grid&quot;
        &gt;
          &lt;div
            class=&quot;overview-section&quot;
          &gt;
            &lt;div
              class=&quot;points-display&quot;
            &gt;
              &lt;div
                class=&quot;points-header&quot;
              &gt;
                &lt;h3&gt;
                  Puanlarım
                &lt;/h3&gt;
                &lt;button
                  aria-label=&quot;Puan geçmişini göster&quot;
                  class=&quot;history-toggle&quot;
                &gt;
                  &lt;span&gt;
                    📜
                  &lt;/span&gt;
                  &lt;span&gt;
                    Geçmişi Göster
                  &lt;/span&gt;
                &lt;/button&gt;
              &lt;/div&gt;
              &lt;div
                class=&quot;points-main&quot;
              &gt;
                &lt;div
                  class=&quot;points-icon-large&quot;
                &gt;
                  ⭐
                &lt;/div&gt;
                &lt;div
                  class=&quot;points-info&quot;
                &gt;
                  &lt;div
                    class=&quot;points-value-large&quot;
                  &gt;
                    1.500
                  &lt;/div&gt;
                  &lt;div
                    class=&quot;points-label&quot;
                  &gt;
                    Toplam Puan
                  &lt;/div&gt;
                &lt;/div&gt;
              &lt;/div&gt;
            &lt;/div&gt;
          &lt;/div&gt;
          &lt;div
            class=&quot;overview-section&quot;
          &gt;
            &lt;div
              class=&quot;level-display error&quot;
            &gt;
              &lt;span
                class=&quot;error-icon&quot;
              &gt;
                ⚠️
              &lt;/span&gt;
              &lt;span
                class=&quot;error-message&quot;
              &gt;
                Seviye bilgisi yüklenemedi
              &lt;/span&gt;
            &lt;/div&gt;
          &lt;/div&gt;
          &lt;div
            class=&quot;overview-section recent-achievements&quot;
          &gt;
            &lt;h3&gt;
              Son Başarılar
            &lt;/h3&gt;
            &lt;div
              class=&quot;achievements-list&quot;
            &gt;
              &lt;div
                class=&quot;achievement-item&quot;
              &gt;
                &lt;span
                  class=&quot;achievement-icon&quot;
                &gt;
                  🎯
                &lt;/span&gt;
                &lt;div
                  class=&quot;achievement-info&quot;
                &gt;
                  &lt;div
                    class=&quot;achievement-name&quot;
                  &gt;
                    İlk Adım
                  &lt;/div&gt;
                  &lt;div
                    class=&quot;achievement-date&quot;
                  &gt;
                    01.01.2025
                  &lt;/div&gt;
                &lt;/div&gt;
                &lt;div
                  class=&quot;achievement-points&quot;
                &gt;
                  +
                  10
                &lt;/div&gt;
              &lt;/div&gt;
            &lt;/div&gt;
          &lt;/div&gt;
        &lt;/div&gt;
      &lt;/div&gt;
    &lt;/div&gt;
  &lt;/div&gt;
&lt;/body&gt;

Ignored nodes: comments, script, style
&lt;html&gt;
  &lt;head /&gt;
  &lt;body&gt;
    &lt;div&gt;
      &lt;div
        class=&quot;gamification-dashboard tabs-layout&quot;
      &gt;
        &lt;div
          class=&quot;dashboard-header&quot;
        &gt;
          &lt;h2&gt;
            Oyunlaştırma
          &lt;/h2&gt;
          &lt;div
            class=&quot;quick-stats&quot;
          &gt;
            &lt;div
              class=&quot;quick-stat&quot;
            &gt;
              &lt;span
                class=&quot;stat-icon&quot;
              &gt;
                ⭐
              &lt;/span&gt;
              &lt;span
                class=&quot;stat-value&quot;
              &gt;
                1.500
              &lt;/span&gt;
              &lt;span
                class=&quot;stat-label&quot;
              &gt;
                Puan
              &lt;/span&gt;
            &lt;/div&gt;
            &lt;div
              class=&quot;quick-stat&quot;
            &gt;
              &lt;span
                class=&quot;stat-icon&quot;
              &gt;
                ⚡
              &lt;/span&gt;
              &lt;span
                class=&quot;stat-value&quot;
              &gt;
                5
              &lt;/span&gt;
              &lt;span
                class=&quot;stat-label&quot;
              &gt;
                Seviye
              &lt;/span&gt;
            &lt;/div&gt;
            &lt;div
              class=&quot;quick-stat&quot;
            &gt;
              &lt;span
                class=&quot;stat-icon&quot;
              &gt;
                🏅
              &lt;/span&gt;
              &lt;span
                class=&quot;stat-value&quot;
              &gt;
                5
              &lt;/span&gt;
              &lt;span
                class=&quot;stat-label&quot;
              &gt;
                Rozet
              &lt;/span&gt;
            &lt;/div&gt;
          &lt;/div&gt;
        &lt;/div&gt;
        &lt;div
          class=&quot;dashboard-tabs&quot;
        &gt;
          &lt;button
            class=&quot;dashboard-tab active&quot;
          &gt;
            &lt;span
              class=&quot;tab-icon&quot;
            &gt;
              📊
            &lt;/span&gt;
            &lt;span
              class=&quot;tab-label&quot;
            &gt;
              Genel Bakış
            &lt;/span&gt;
          &lt;/button&gt;
          &lt;button
            class=&quot;dashboard-tab &quot;
          &gt;
            &lt;span
              class=&quot;tab-icon&quot;
            &gt;
              🏅
            &lt;/span&gt;
            &lt;span
              class=&quot;tab-label&quot;
            &gt;
              Rozetler
            &lt;/span&gt;
          &lt;/button&gt;
          &lt;button
            class=&quot;dashboard-tab &quot;
          &gt;
            &lt;span
              class=&quot;tab-icon&quot;
            &gt;
              🏆
            &lt;/span&gt;
            &lt;span
              class=&quot;tab-label&quot;
            &gt;
              Liderlik Tablosu
            &lt;/span&gt;
          &lt;/button&gt;
        &lt;/div&gt;
        &lt;div
          class=&quot;dashboard-content&quot;
        &gt;
          &lt;div
            class=&quot;overview-grid&quot;
          &gt;
            &lt;div
              class=&quot;overview-section&quot;
            &gt;
              &lt;div
                class=&quot;points-display&quot;
              &gt;
                &lt;div
                  class=&quot;points-header&quot;
                &gt;
                  &lt;h3&gt;
                    Puanlarım
                  &lt;/h3&gt;
                  &lt;button
                    aria-label=&quot;Puan geçmişini göster&quot;
                    class=&quot;history-toggle&quot;
                  &gt;
                    &lt;span&gt;
                      📜
                    &lt;/span&gt;
                    &lt;span&gt;
                      Geçmişi Göster
                    &lt;/span&gt;
                  &lt;/button&gt;
                &lt;/div&gt;
                &lt;div
                  class=&quot;points-main&quot;
                &gt;
                  &lt;div
                    class=&quot;points-icon-large&quot;
                  &gt;
                    ⭐
                  &lt;/div&gt;
                  &lt;div
                    class=&quot;points-info&quot;
                  &gt;
                    &lt;div
                      class=&quot;points-value-large&quot;
                    &gt;
                      1.500
                    &lt;/div&gt;
                    &lt;div
                      class=&quot;points-label&quot;
                    &gt;
                      Toplam Puan
                    &lt;/div&gt;
                  &lt;/div&gt;
                &lt;/div&gt;
              &lt;/div&gt;
            &lt;/div&gt;
            &lt;div
              class=&quot;overview-section&quot;
            &gt;
              &lt;div
                class=&quot;level-display error&quot;
              &gt;
                &lt;span
                  class=&quot;error-icon&quot;
                &gt;
                  ⚠️
                &lt;/span&gt;
                &lt;span
                  class=&quot;error-message&quot;
                &gt;
                  Seviye bilgisi yüklenemedi
                &lt;/span&gt;
              &lt;/div&gt;
            &lt;/div&gt;
            &lt;div
              class=&quot;overview-section recent-achievements&quot;
            &gt;
              &lt;h3&gt;
                Son Başarılar
              &lt;/h3&gt;
              &lt;div
                class=&quot;achievements-list&quot;
              &gt;
                &lt;div
                  class=&quot;achievement-item&quot;
                &gt;
                  &lt;span
                    class=&quot;achievement-icon&quot;
                  &gt;
                    🎯
                  &lt;/span&gt;
                  &lt;div
                    class=&quot;achievement-info&quot;
                  &gt;
                    &lt;div
                      class=&quot;achievement-name&quot;
                    &gt;
                      İlk Adım
                    &lt;/div&gt;
                    &lt;div
                      class=&quot;achievement-date&quot;
                    &gt;
                      01.01.2025
                    &lt;/div&gt;
                  &lt;/div&gt;
                  &lt;div
                    class=&quot;achievement-points&quot;
                  &gt;
                    +
                    10
                  &lt;/div&gt;
                &lt;/div&gt;
              &lt;/div&gt;
            &lt;/div&gt;
          &lt;/div&gt;
        &lt;/div&gt;
      &lt;/div&gt;
    &lt;/div&gt;
  &lt;/body&gt;
&lt;/html&gt;
 ❯ Proxy.waitForWrapper node_modules/@testing-library/react/node_modules/@testing-library/dom/dist/wait-for.js:163:27
 ❯ src/test/Gamification.test.tsx:435:11
            </failure>
        </testcase>
    </testsuite>
    <testsuite name="src/test/pwa.test.ts" timestamp="2025-11-14T16:56:52.434Z" hostname="ates" tests="20" failures="4" errors="0" skipped="0" time="0.0709287">
        <testcase classname="src/test/pwa.test.ts" name="PWA Offline Storage Service &gt; should load offline data from localStorage" time="0.0085571">
        </testcase>
        <testcase classname="src/test/pwa.test.ts" name="PWA Offline Storage Service &gt; should return default data when localStorage is empty" time="0.0010413">
        </testcase>
        <testcase classname="src/test/pwa.test.ts" name="PWA Offline Storage Service &gt; should save offline data to localStorage" time="0.0010798">
        </testcase>
        <testcase classname="src/test/pwa.test.ts" name="PWA Offline Storage Service &gt; should create offline exam session" time="0.00297">
        </testcase>
        <testcase classname="src/test/pwa.test.ts" name="PWA Offline Storage Service &gt; should throw error when insufficient questions for exam" time="0.0032125">
        </testcase>
        <testcase classname="src/test/pwa.test.ts" name="PWA Background Sync Service &gt; should return sync status" time="0.0015474">
        </testcase>
        <testcase classname="src/test/pwa.test.ts" name="PWA Background Sync Service &gt; should not sync when offline" time="0.0019976">
        </testcase>
        <testcase classname="src/test/pwa.test.ts" name="PWA Background Sync Service &gt; should register background sync" time="0.0159468">
            <failure message="Cannot read properties of undefined (reading &apos;prototype&apos;)" type="TypeError">
TypeError: Cannot read properties of undefined (reading &apos;prototype&apos;)
 ❯ BackgroundSyncService.registerBackgroundSync src/services/backgroundSyncService.ts:410:84
 ❯ src/test/pwa.test.ts:185:33
            </failure>
        </testcase>
        <testcase classname="src/test/pwa.test.ts" name="PWA Touch Gesture Detector &gt; should setup touch event listeners" time="0.0058137">
        </testcase>
        <testcase classname="src/test/pwa.test.ts" name="PWA Touch Gesture Detector &gt; should detect swipe gestures" time="0.0025949">
        </testcase>
        <testcase classname="src/test/pwa.test.ts" name="PWA Install Helper &gt; should detect installable state" time="0.0011499">
        </testcase>
        <testcase classname="src/test/pwa.test.ts" name="PWA Install Helper &gt; should handle PWA installation" time="0.0007772">
        </testcase>
        <testcase classname="src/test/pwa.test.ts" name="PWA Install Helper &gt; should detect installed state" time="0.0087826">
            <failure message="expected false to be true // Object.is equality" type="AssertionError">
AssertionError: expected false to be true // Object.is equality

- Expected
+ Received

- true
+ false

 ❯ src/test/pwa.test.ts:310:25
            </failure>
        </testcase>
        <testcase classname="src/test/pwa.test.ts" name="PWA Network Manager &gt; should setup network event listeners" time="0.0016543">
        </testcase>
        <testcase classname="src/test/pwa.test.ts" name="PWA Network Manager &gt; should return connection info" time="0.0006652">
        </testcase>
        <testcase classname="src/test/pwa.test.ts" name="PWA Network Manager &gt; should handle online event" time="0.0043967">
            <failure message="expected &quot;spy&quot; to be called at least once" type="AssertionError">
AssertionError: expected &quot;spy&quot; to be called at least once
 ❯ src/test/pwa.test.ts:351:32
            </failure>
        </testcase>
        <testcase classname="src/test/pwa.test.ts" name="PWA Network Manager &gt; should handle offline event" time="0.0013102">
            <failure message="expected &quot;spy&quot; to be called at least once" type="AssertionError">
AssertionError: expected &quot;spy&quot; to be called at least once
 ❯ src/test/pwa.test.ts:360:33
            </failure>
        </testcase>
        <testcase classname="src/test/pwa.test.ts" name="PWA Utility Functions &gt; should detect mobile device" time="0.0009213">
        </testcase>
        <testcase classname="src/test/pwa.test.ts" name="PWA Utility Functions &gt; should detect tablet device" time="0.0010011">
        </testcase>
        <testcase classname="src/test/pwa.test.ts" name="PWA Utility Functions &gt; should detect desktop device" time="0.0006804">
        </testcase>
    </testsuite>
    <testsuite name="src/components/Common/AccessibleMathFormula.test.tsx" timestamp="2025-11-14T16:56:52.442Z" hostname="ates" tests="35" failures="15" errors="0" skipped="0" time="9.9976526">
        <testcase classname="src/components/Common/AccessibleMathFormula.test.tsx" name="AccessibleMathFormula &gt; Rendering &gt; should render with LaTeX formula" time="0.5120249">
            <failure message="Array.prototype.forEach called on null or undefined" type="TypeError">
TypeError: Array.prototype.forEach called on null or undefined
 ❯ exports.getDeclarationForElement node_modules/jsdom/lib/jsdom/living/helpers/style-rules.js:163:11
 ❯ Window.getComputedStyle node_modules/jsdom/lib/jsdom/browser/Window.js:839:32
 ❯ isInaccessible node_modules/@testing-library/react/node_modules/@testing-library/dom/dist/role-helpers.js:67:14
 ❯ node_modules/@testing-library/react/node_modules/@testing-library/dom/dist/queries/role.js:195:63
 ❯ queryAllByRole node_modules/@testing-library/react/node_modules/@testing-library/dom/dist/queries/role.js:194:6
 ❯ node_modules/@testing-library/react/node_modules/@testing-library/dom/dist/query-helpers.js:74:17
 ❯ node_modules/@testing-library/react/node_modules/@testing-library/dom/dist/query-helpers.js:52:17
 ❯ node_modules/@testing-library/react/node_modules/@testing-library/dom/dist/query-helpers.js:95:19
            </failure>
        </testcase>
        <testcase classname="src/components/Common/AccessibleMathFormula.test.tsx" name="AccessibleMathFormula &gt; Rendering &gt; should render with MathML formula" time="0.146228">
            <failure message="Array.prototype.forEach called on null or undefined" type="TypeError">
TypeError: Array.prototype.forEach called on null or undefined
 ❯ exports.getDeclarationForElement node_modules/jsdom/lib/jsdom/living/helpers/style-rules.js:163:11
 ❯ Window.getComputedStyle node_modules/jsdom/lib/jsdom/browser/Window.js:839:32
 ❯ isInaccessible node_modules/@testing-library/react/node_modules/@testing-library/dom/dist/role-helpers.js:67:14
 ❯ node_modules/@testing-library/react/node_modules/@testing-library/dom/dist/queries/role.js:195:63
 ❯ queryAllByRole node_modules/@testing-library/react/node_modules/@testing-library/dom/dist/queries/role.js:194:6
 ❯ node_modules/@testing-library/react/node_modules/@testing-library/dom/dist/query-helpers.js:74:17
 ❯ node_modules/@testing-library/react/node_modules/@testing-library/dom/dist/query-helpers.js:52:17
 ❯ node_modules/@testing-library/react/node_modules/@testing-library/dom/dist/query-helpers.js:95:19
            </failure>
        </testcase>
        <testcase classname="src/components/Common/AccessibleMathFormula.test.tsx" name="AccessibleMathFormula &gt; Rendering &gt; should render with label" time="0.0433664">
        </testcase>
        <testcase classname="src/components/Common/AccessibleMathFormula.test.tsx" name="AccessibleMathFormula &gt; Rendering &gt; should render in block display mode" time="0.3838469">
            <failure message="Array.prototype.forEach called on null or undefined" type="TypeError">
TypeError: Array.prototype.forEach called on null or undefined
 ❯ exports.getDeclarationForElement node_modules/jsdom/lib/jsdom/living/helpers/style-rules.js:163:11
 ❯ Window.getComputedStyle node_modules/jsdom/lib/jsdom/browser/Window.js:839:32
 ❯ isInaccessible node_modules/@testing-library/react/node_modules/@testing-library/dom/dist/role-helpers.js:67:14
 ❯ node_modules/@testing-library/react/node_modules/@testing-library/dom/dist/queries/role.js:195:63
 ❯ queryAllByRole node_modules/@testing-library/react/node_modules/@testing-library/dom/dist/queries/role.js:194:6
 ❯ node_modules/@testing-library/react/node_modules/@testing-library/dom/dist/query-helpers.js:74:17
 ❯ node_modules/@testing-library/react/node_modules/@testing-library/dom/dist/query-helpers.js:52:17
 ❯ node_modules/@testing-library/react/node_modules/@testing-library/dom/dist/query-helpers.js:95:19
            </failure>
        </testcase>
        <testcase classname="src/components/Common/AccessibleMathFormula.test.tsx" name="AccessibleMathFormula &gt; Rendering &gt; should render in inline display mode" time="0.1479988">
            <failure message="Array.prototype.forEach called on null or undefined" type="TypeError">
TypeError: Array.prototype.forEach called on null or undefined
 ❯ exports.getDeclarationForElement node_modules/jsdom/lib/jsdom/living/helpers/style-rules.js:163:11
 ❯ Window.getComputedStyle node_modules/jsdom/lib/jsdom/browser/Window.js:839:32
 ❯ isInaccessible node_modules/@testing-library/react/node_modules/@testing-library/dom/dist/role-helpers.js:67:14
 ❯ node_modules/@testing-library/react/node_modules/@testing-library/dom/dist/queries/role.js:195:63
 ❯ queryAllByRole node_modules/@testing-library/react/node_modules/@testing-library/dom/dist/queries/role.js:194:6
 ❯ node_modules/@testing-library/react/node_modules/@testing-library/dom/dist/query-helpers.js:74:17
 ❯ node_modules/@testing-library/react/node_modules/@testing-library/dom/dist/query-helpers.js:52:17
 ❯ node_modules/@testing-library/react/node_modules/@testing-library/dom/dist/query-helpers.js:95:19
            </failure>
        </testcase>
        <testcase classname="src/components/Common/AccessibleMathFormula.test.tsx" name="AccessibleMathFormula &gt; LaTeX to MathML Conversion &gt; should convert fraction LaTeX to MathML" time="0.0325437">
            <failure message="[2mexpect([22m[31mreceived[39m[2m).toBeInTheDocument()[22m

[31mreceived[39m value must be an HTMLElement or an SVGElement.
Received has type:  Element
Received has value: [31m&lt;math
  display=&quot;block&quot;
  xmlns=&quot;http://www.w3.org/1998/Math/MathML&quot;
&gt;
  &lt;mfrac&gt;
    &lt;mi&gt;
      a
    &lt;/mi&gt;
    &lt;mi&gt;
      b
    &lt;/mi&gt;
  &lt;/mfrac&gt;
&lt;/math&gt;[39m" type="Error">
Error: expect(received).toBeInTheDocument()

received value must be an HTMLElement or an SVGElement.
Received has type:  Element
Received has value: &lt;math
  display=&quot;block&quot;
  xmlns=&quot;http://www.w3.org/1998/Math/MathML&quot;
&gt;
  &lt;mfrac&gt;
    &lt;mi&gt;
      a
    &lt;/mi&gt;
    &lt;mi&gt;
      b
    &lt;/mi&gt;
  &lt;/mfrac&gt;
&lt;/math&gt;
 ❯ src/components/Common/AccessibleMathFormula.test.tsx:185:22
            </failure>
        </testcase>
        <testcase classname="src/components/Common/AccessibleMathFormula.test.tsx" name="AccessibleMathFormula &gt; LaTeX to MathML Conversion &gt; should convert superscript LaTeX to MathML" time="0.0180114">
            <failure message="[2mexpect([22m[31mreceived[39m[2m).toBeInTheDocument()[22m

[31mreceived[39m value must be an HTMLElement or an SVGElement.
Received has type:  Element
Received has value: [31m&lt;math
  display=&quot;block&quot;
  xmlns=&quot;http://www.w3.org/1998/Math/MathML&quot;
&gt;
  &lt;msup&gt;
    &lt;mi&gt;
      x
    &lt;/mi&gt;
    &lt;mn&gt;
      2
    &lt;/mn&gt;
  &lt;/msup&gt;
&lt;/math&gt;[39m" type="Error">
Error: expect(received).toBeInTheDocument()

received value must be an HTMLElement or an SVGElement.
Received has type:  Element
Received has value: &lt;math
  display=&quot;block&quot;
  xmlns=&quot;http://www.w3.org/1998/Math/MathML&quot;
&gt;
  &lt;msup&gt;
    &lt;mi&gt;
      x
    &lt;/mi&gt;
    &lt;mn&gt;
      2
    &lt;/mn&gt;
  &lt;/msup&gt;
&lt;/math&gt;
 ❯ src/components/Common/AccessibleMathFormula.test.tsx:198:22
            </failure>
        </testcase>
        <testcase classname="src/components/Common/AccessibleMathFormula.test.tsx" name="AccessibleMathFormula &gt; LaTeX to MathML Conversion &gt; should convert subscript LaTeX to MathML" time="0.0169646">
            <failure message="[2mexpect([22m[31mreceived[39m[2m).toBeInTheDocument()[22m

[31mreceived[39m value must be an HTMLElement or an SVGElement.
Received has type:  Element
Received has value: [31m&lt;math
  display=&quot;block&quot;
  xmlns=&quot;http://www.w3.org/1998/Math/MathML&quot;
&gt;
  &lt;msub&gt;
    &lt;mi&gt;
      x
    &lt;/mi&gt;
    &lt;mn&gt;
      1
    &lt;/mn&gt;
  &lt;/msub&gt;
&lt;/math&gt;[39m" type="Error">
Error: expect(received).toBeInTheDocument()

received value must be an HTMLElement or an SVGElement.
Received has type:  Element
Received has value: &lt;math
  display=&quot;block&quot;
  xmlns=&quot;http://www.w3.org/1998/Math/MathML&quot;
&gt;
  &lt;msub&gt;
    &lt;mi&gt;
      x
    &lt;/mi&gt;
    &lt;mn&gt;
      1
    &lt;/mn&gt;
  &lt;/msub&gt;
&lt;/math&gt;
 ❯ src/components/Common/AccessibleMathFormula.test.tsx:211:22
            </failure>
        </testcase>
        <testcase classname="src/components/Common/AccessibleMathFormula.test.tsx" name="AccessibleMathFormula &gt; LaTeX to MathML Conversion &gt; should convert square root LaTeX to MathML" time="0.0180985">
            <failure message="[2mexpect([22m[31mreceived[39m[2m).toBeInTheDocument()[22m

[31mreceived[39m value must be an HTMLElement or an SVGElement.
Received has type:  Element
Received has value: [31m&lt;math
  display=&quot;block&quot;
  xmlns=&quot;http://www.w3.org/1998/Math/MathML&quot;
&gt;
  &lt;msqrt&gt;
    &lt;mi&gt;
      x
    &lt;/mi&gt;
  &lt;/msqrt&gt;
&lt;/math&gt;[39m" type="Error">
Error: expect(received).toBeInTheDocument()

received value must be an HTMLElement or an SVGElement.
Received has type:  Element
Received has value: &lt;math
  display=&quot;block&quot;
  xmlns=&quot;http://www.w3.org/1998/Math/MathML&quot;
&gt;
  &lt;msqrt&gt;
    &lt;mi&gt;
      x
    &lt;/mi&gt;
  &lt;/msqrt&gt;
&lt;/math&gt;
 ❯ src/components/Common/AccessibleMathFormula.test.tsx:224:22
            </failure>
        </testcase>
        <testcase classname="src/components/Common/AccessibleMathFormula.test.tsx" name="AccessibleMathFormula &gt; Accessibility Attributes &gt; should have proper ARIA attributes" time="0.0883687">
            <failure message="Array.prototype.forEach called on null or undefined" type="TypeError">
TypeError: Array.prototype.forEach called on null or undefined
 ❯ exports.getDeclarationForElement node_modules/jsdom/lib/jsdom/living/helpers/style-rules.js:163:11
 ❯ Window.getComputedStyle node_modules/jsdom/lib/jsdom/browser/Window.js:839:32
 ❯ isInaccessible node_modules/@testing-library/react/node_modules/@testing-library/dom/dist/role-helpers.js:67:14
 ❯ node_modules/@testing-library/react/node_modules/@testing-library/dom/dist/queries/role.js:195:63
 ❯ queryAllByRole node_modules/@testing-library/react/node_modules/@testing-library/dom/dist/queries/role.js:194:6
 ❯ node_modules/@testing-library/react/node_modules/@testing-library/dom/dist/query-helpers.js:74:17
 ❯ node_modules/@testing-library/react/node_modules/@testing-library/dom/dist/query-helpers.js:52:17
 ❯ node_modules/@testing-library/react/node_modules/@testing-library/dom/dist/query-helpers.js:95:19
            </failure>
        </testcase>
        <testcase classname="src/components/Common/AccessibleMathFormula.test.tsx" name="AccessibleMathFormula &gt; Accessibility Attributes &gt; should have hidden description for screen readers" time="0.1261848">
        </testcase>
        <testcase classname="src/components/Common/AccessibleMathFormula.test.tsx" name="AccessibleMathFormula &gt; Accessibility Attributes &gt; should generate unique ID when not provided" time="0.0193663">
        </testcase>
        <testcase classname="src/components/Common/AccessibleMathFormula.test.tsx" name="AccessibleMathFormula &gt; Zoom Functionality &gt; should zoom in when zoom in button is clicked" time="0.4085796">
        </testcase>
        <testcase classname="src/components/Common/AccessibleMathFormula.test.tsx" name="AccessibleMathFormula &gt; Zoom Functionality &gt; should zoom out when zoom out button is clicked" time="0.7930003">
        </testcase>
        <testcase classname="src/components/Common/AccessibleMathFormula.test.tsx" name="AccessibleMathFormula &gt; Zoom Functionality &gt; should disable zoom in at maximum zoom" time="0.0972259">
        </testcase>
        <testcase classname="src/components/Common/AccessibleMathFormula.test.tsx" name="AccessibleMathFormula &gt; Zoom Functionality &gt; should disable zoom out at minimum zoom" time="0.1147146">
        </testcase>
        <testcase classname="src/components/Common/AccessibleMathFormula.test.tsx" name="AccessibleMathFormula &gt; Audio Functionality &gt; should play audio when audio button is clicked" time="1.11697">
        </testcase>
        <testcase classname="src/components/Common/AccessibleMathFormula.test.tsx" name="AccessibleMathFormula &gt; Audio Functionality &gt; should not render audio button when disabled" time="0.111137">
        </testcase>
        <testcase classname="src/components/Common/AccessibleMathFormula.test.tsx" name="AccessibleMathFormula &gt; Audio Functionality &gt; should disable audio button while speaking" time="0.8243529">
        </testcase>
        <testcase classname="src/components/Common/AccessibleMathFormula.test.tsx" name="AccessibleMathFormula &gt; Copy Functionality &gt; should copy formula when copy button is clicked" time="0.6969828">
        </testcase>
        <testcase classname="src/components/Common/AccessibleMathFormula.test.tsx" name="AccessibleMathFormula &gt; Copy Functionality &gt; should not render copy button when disabled" time="0.0696693">
        </testcase>
        <testcase classname="src/components/Common/AccessibleMathFormula.test.tsx" name="AccessibleMathFormula &gt; Keyboard Navigation &gt; should zoom in with + key" time="0.1025647">
            <failure message="Array.prototype.forEach called on null or undefined" type="TypeError">
TypeError: Array.prototype.forEach called on null or undefined
 ❯ exports.getDeclarationForElement node_modules/jsdom/lib/jsdom/living/helpers/style-rules.js:163:11
 ❯ Window.getComputedStyle node_modules/jsdom/lib/jsdom/browser/Window.js:839:32
 ❯ isInaccessible node_modules/@testing-library/react/node_modules/@testing-library/dom/dist/role-helpers.js:67:14
 ❯ node_modules/@testing-library/react/node_modules/@testing-library/dom/dist/queries/role.js:195:63
 ❯ queryAllByRole node_modules/@testing-library/react/node_modules/@testing-library/dom/dist/queries/role.js:194:6
 ❯ node_modules/@testing-library/react/node_modules/@testing-library/dom/dist/query-helpers.js:74:17
 ❯ node_modules/@testing-library/react/node_modules/@testing-library/dom/dist/query-helpers.js:52:17
 ❯ node_modules/@testing-library/react/node_modules/@testing-library/dom/dist/query-helpers.js:95:19
            </failure>
        </testcase>
        <testcase classname="src/components/Common/AccessibleMathFormula.test.tsx" name="AccessibleMathFormula &gt; Keyboard Navigation &gt; should zoom out with - key" time="0.0863516">
            <failure message="Array.prototype.forEach called on null or undefined" type="TypeError">
TypeError: Array.prototype.forEach called on null or undefined
 ❯ exports.getDeclarationForElement node_modules/jsdom/lib/jsdom/living/helpers/style-rules.js:163:11
 ❯ Window.getComputedStyle node_modules/jsdom/lib/jsdom/browser/Window.js:839:32
 ❯ isInaccessible node_modules/@testing-library/react/node_modules/@testing-library/dom/dist/role-helpers.js:67:14
 ❯ node_modules/@testing-library/react/node_modules/@testing-library/dom/dist/queries/role.js:195:63
 ❯ queryAllByRole node_modules/@testing-library/react/node_modules/@testing-library/dom/dist/queries/role.js:194:6
 ❯ node_modules/@testing-library/react/node_modules/@testing-library/dom/dist/query-helpers.js:74:17
 ❯ node_modules/@testing-library/react/node_modules/@testing-library/dom/dist/query-helpers.js:52:17
 ❯ node_modules/@testing-library/react/node_modules/@testing-library/dom/dist/query-helpers.js:95:19
            </failure>
        </testcase>
        <testcase classname="src/components/Common/AccessibleMathFormula.test.tsx" name="AccessibleMathFormula &gt; Keyboard Navigation &gt; should trigger audio with s key" time="0.1075422">
            <failure message="Array.prototype.forEach called on null or undefined" type="TypeError">
TypeError: Array.prototype.forEach called on null or undefined
 ❯ exports.getDeclarationForElement node_modules/jsdom/lib/jsdom/living/helpers/style-rules.js:163:11
 ❯ Window.getComputedStyle node_modules/jsdom/lib/jsdom/browser/Window.js:839:32
 ❯ isInaccessible node_modules/@testing-library/react/node_modules/@testing-library/dom/dist/role-helpers.js:67:14
 ❯ node_modules/@testing-library/react/node_modules/@testing-library/dom/dist/queries/role.js:195:63
 ❯ queryAllByRole node_modules/@testing-library/react/node_modules/@testing-library/dom/dist/queries/role.js:194:6
 ❯ node_modules/@testing-library/react/node_modules/@testing-library/dom/dist/query-helpers.js:74:17
 ❯ node_modules/@testing-library/react/node_modules/@testing-library/dom/dist/query-helpers.js:52:17
 ❯ node_modules/@testing-library/react/node_modules/@testing-library/dom/dist/query-helpers.js:95:19
            </failure>
        </testcase>
        <testcase classname="src/components/Common/AccessibleMathFormula.test.tsx" name="AccessibleMathFormula &gt; Keyboard Navigation &gt; should copy with Ctrl+C" time="0.119565">
            <failure message="Array.prototype.forEach called on null or undefined" type="TypeError">
TypeError: Array.prototype.forEach called on null or undefined
 ❯ exports.getDeclarationForElement node_modules/jsdom/lib/jsdom/living/helpers/style-rules.js:163:11
 ❯ Window.getComputedStyle node_modules/jsdom/lib/jsdom/browser/Window.js:839:32
 ❯ isInaccessible node_modules/@testing-library/react/node_modules/@testing-library/dom/dist/role-helpers.js:67:14
 ❯ node_modules/@testing-library/react/node_modules/@testing-library/dom/dist/queries/role.js:195:63
 ❯ queryAllByRole node_modules/@testing-library/react/node_modules/@testing-library/dom/dist/queries/role.js:194:6
 ❯ node_modules/@testing-library/react/node_modules/@testing-library/dom/dist/query-helpers.js:74:17
 ❯ node_modules/@testing-library/react/node_modules/@testing-library/dom/dist/query-helpers.js:52:17
 ❯ node_modules/@testing-library/react/node_modules/@testing-library/dom/dist/query-helpers.js:95:19
            </failure>
        </testcase>
        <testcase classname="src/components/Common/AccessibleMathFormula.test.tsx" name="AccessibleMathFormula &gt; Keyboard Navigation &gt; should toggle description with i key" time="0.1046289">
            <failure message="Array.prototype.forEach called on null or undefined" type="TypeError">
TypeError: Array.prototype.forEach called on null or undefined
 ❯ exports.getDeclarationForElement node_modules/jsdom/lib/jsdom/living/helpers/style-rules.js:163:11
 ❯ Window.getComputedStyle node_modules/jsdom/lib/jsdom/browser/Window.js:839:32
 ❯ isInaccessible node_modules/@testing-library/react/node_modules/@testing-library/dom/dist/role-helpers.js:67:14
 ❯ node_modules/@testing-library/react/node_modules/@testing-library/dom/dist/queries/role.js:195:63
 ❯ queryAllByRole node_modules/@testing-library/react/node_modules/@testing-library/dom/dist/queries/role.js:194:6
 ❯ node_modules/@testing-library/react/node_modules/@testing-library/dom/dist/query-helpers.js:74:17
 ❯ node_modules/@testing-library/react/node_modules/@testing-library/dom/dist/query-helpers.js:52:17
 ❯ node_modules/@testing-library/react/node_modules/@testing-library/dom/dist/query-helpers.js:95:19
            </failure>
        </testcase>
        <testcase classname="src/components/Common/AccessibleMathFormula.test.tsx" name="AccessibleMathFormula &gt; Description Toggle &gt; should show description when info button is clicked" time="0.9469103">
        </testcase>
        <testcase classname="src/components/Common/AccessibleMathFormula.test.tsx" name="AccessibleMathFormula &gt; Description Toggle &gt; should hide description when info button is clicked again" time="1.163673">
        </testcase>
        <testcase classname="src/components/Common/AccessibleMathFormula.test.tsx" name="AccessibleMathFormula &gt; Control Buttons Visibility &gt; should show control buttons in block display mode" time="0.1078218">
        </testcase>
        <testcase classname="src/components/Common/AccessibleMathFormula.test.tsx" name="AccessibleMathFormula &gt; Control Buttons Visibility &gt; should not show control buttons in inline display mode" time="0.0157716">
        </testcase>
        <testcase classname="src/components/Common/AccessibleMathFormula.test.tsx" name="AccessibleMathFormula &gt; Keyboard Shortcuts Info &gt; should show keyboard shortcuts info in block mode with keyboard navigation enabled" time="0.0614821">
        </testcase>
        <testcase classname="src/components/Common/AccessibleMathFormula.test.tsx" name="AccessibleMathFormula &gt; Button Minimum Touch Target Size &gt; should have minimum 44x44 touch target for all buttons" time="0.0826335">
        </testcase>
        <testcase classname="src/components/Common/AccessibleMathFormula.test.tsx" name="AccessibleMathFormula &gt; Error Handling &gt; should handle clipboard write failure gracefully" time="0.6680125">
        </testcase>
        <testcase classname="src/components/Common/AccessibleMathFormula.test.tsx" name="AccessibleMathFormula &gt; Error Handling &gt; should handle missing speechSynthesis API" time="0.6132768">
        </testcase>
        <testcase classname="src/components/Common/AccessibleMathFormula.test.tsx" name="AccessibleMathFormula &gt; Cleanup &gt; should cancel speech synthesis on unmount" time="0.0149591">
            <failure message="expected &quot;spy&quot; to be called at least once" type="AssertionError">
AssertionError: expected &quot;spy&quot; to be called at least once
 ❯ src/components/Common/AccessibleMathFormula.test.tsx:686:45
            </failure>
        </testcase>
    </testsuite>
    <testsuite name="src/components/__tests__/VideoLoadingUI.accessibility.test.tsx" timestamp="2025-11-14T16:56:52.461Z" hostname="ates" tests="18" failures="0" errors="0" skipped="0" time="4.231462">
        <testcase classname="src/components/__tests__/VideoLoadingUI.accessibility.test.tsx" name="VideoLoadingUI - WCAG 2.1 Level AA Accessibility &gt; WCAG 4.1.2 - Name, Role, Value (Level A) &gt; should have no accessibility violations in loading state" time="0.9356524">
        </testcase>
        <testcase classname="src/components/__tests__/VideoLoadingUI.accessibility.test.tsx" name="VideoLoadingUI - WCAG 2.1 Level AA Accessibility &gt; WCAG 4.1.2 - Name, Role, Value (Level A) &gt; should have no accessibility violations in success state" time="0.3875574">
        </testcase>
        <testcase classname="src/components/__tests__/VideoLoadingUI.accessibility.test.tsx" name="VideoLoadingUI - WCAG 2.1 Level AA Accessibility &gt; WCAG 4.1.2 - Name, Role, Value (Level A) &gt; should have no accessibility violations in error state" time="0.5044341">
        </testcase>
        <testcase classname="src/components/__tests__/VideoLoadingUI.accessibility.test.tsx" name="VideoLoadingUI - WCAG 2.1 Level AA Accessibility &gt; WCAG 4.1.2 - Name, Role, Value (Level A) &gt; should have no accessibility violations in fallback state" time="0.3071123">
        </testcase>
        <testcase classname="src/components/__tests__/VideoLoadingUI.accessibility.test.tsx" name="VideoLoadingUI - WCAG 2.1 Level AA Accessibility &gt; WCAG 1.3.1 - Info and Relationships (Level A) &gt; should use semantic HTML elements" time="0.0203899">
        </testcase>
        <testcase classname="src/components/__tests__/VideoLoadingUI.accessibility.test.tsx" name="VideoLoadingUI - WCAG 2.1 Level AA Accessibility &gt; WCAG 1.3.1 - Info and Relationships (Level A) &gt; should have proper heading hierarchy" time="0.0281961">
        </testcase>
        <testcase classname="src/components/__tests__/VideoLoadingUI.accessibility.test.tsx" name="VideoLoadingUI - WCAG 2.1 Level AA Accessibility &gt; WCAG 1.3.1 - Info and Relationships (Level A) &gt; should use progressbar role for progress indicator" time="0.0116961">
        </testcase>
        <testcase classname="src/components/__tests__/VideoLoadingUI.accessibility.test.tsx" name="VideoLoadingUI - WCAG 2.1 Level AA Accessibility &gt; WCAG 2.1.1 - Keyboard (Level A) &gt; should have accessible buttons with proper type" time="0.0115382">
        </testcase>
        <testcase classname="src/components/__tests__/VideoLoadingUI.accessibility.test.tsx" name="VideoLoadingUI - WCAG 2.1 Level AA Accessibility &gt; WCAG 2.1.1 - Keyboard (Level A) &gt; should have aria-label on buttons" time="0.0150483">
        </testcase>
        <testcase classname="src/components/__tests__/VideoLoadingUI.accessibility.test.tsx" name="VideoLoadingUI - WCAG 2.1 Level AA Accessibility &gt; WCAG 1.4.3 - Contrast (Minimum) (Level AA) &gt; should use sufficient color contrast for text" time="0.1351901">
        </testcase>
        <testcase classname="src/components/__tests__/VideoLoadingUI.accessibility.test.tsx" name="VideoLoadingUI - WCAG 2.1 Level AA Accessibility &gt; WCAG 4.1.3 - Status Messages (Level AA) &gt; should have aria-live on dynamic content" time="0.0175601">
        </testcase>
        <testcase classname="src/components/__tests__/VideoLoadingUI.accessibility.test.tsx" name="VideoLoadingUI - WCAG 2.1 Level AA Accessibility &gt; WCAG 4.1.3 - Status Messages (Level AA) &gt; should use role=&quot;alert&quot; for error messages" time="0.0112726">
        </testcase>
        <testcase classname="src/components/__tests__/VideoLoadingUI.accessibility.test.tsx" name="VideoLoadingUI - WCAG 2.1 Level AA Accessibility &gt; WCAG 1.1.1 - Non-text Content (Level A) &gt; should have aria-label on decorative icons" time="0.010355">
        </testcase>
        <testcase classname="src/components/__tests__/VideoLoadingUI.accessibility.test.tsx" name="VideoLoadingUI - WCAG 2.1 Level AA Accessibility &gt; WCAG 1.1.1 - Non-text Content (Level A) &gt; should hide decorative emojis from screen readers" time="0.0165913">
        </testcase>
        <testcase classname="src/components/__tests__/VideoLoadingUI.accessibility.test.tsx" name="VideoLoadingUI - WCAG 2.1 Level AA Accessibility &gt; WCAG 2.2.2 - Pause, Stop, Hide (Level A) &gt; should support reduced motion preference" time="0.010493">
        </testcase>
        <testcase classname="src/components/__tests__/VideoLoadingUI.accessibility.test.tsx" name="VideoLoadingUI - WCAG 2.1 Level AA Accessibility &gt; WCAG 3.1.1 - Language of Page (Level A) &gt; should have lang attribute on Turkish content" time="0.0085094">
        </testcase>
        <testcase classname="src/components/__tests__/VideoLoadingUI.accessibility.test.tsx" name="VideoLoadingUI - WCAG 2.1 Level AA Accessibility &gt; WCAG 2.4.7 - Focus Visible (Level AA) &gt; should have visible focus indicator on buttons" time="0.0198307">
        </testcase>
        <testcase classname="src/components/__tests__/VideoLoadingUI.accessibility.test.tsx" name="VideoLoadingUI - WCAG 2.1 Level AA Accessibility &gt; Integration: Full Accessibility Audit &gt; should pass complete accessibility audit for all states" time="1.7720563">
        </testcase>
    </testsuite>
    <testsuite name="src/components/__tests__/VideoLoadingUI.test.tsx" timestamp="2025-11-14T16:56:52.466Z" hostname="ates" tests="21" failures="13" errors="0" skipped="0" time="0.8819445">
        <testcase classname="src/components/__tests__/VideoLoadingUI.test.tsx" name="VideoLoadingUI Component &gt; Idle State &gt; should render nothing when status is idle" time="0.0330809">
        </testcase>
        <testcase classname="src/components/__tests__/VideoLoadingUI.test.tsx" name="VideoLoadingUI Component &gt; Loading State &gt; should render loading spinner and progress bar" time="0.1959553">
            <failure message="Unable to find an element with the text: /Videolar aranıyor/i. This could be because the text is broken up by multiple elements. In this case, you can provide a function for your text matcher to make your matcher more flexible.

Ignored nodes: comments, script, style
[36m&lt;body&gt;[39m
  [36m&lt;div&gt;[39m
    [36m&lt;section[39m
      [33maria-atomic[39m=[32m&quot;true&quot;[39m
      [33maria-label[39m=[32m&quot;Video yükleme durumu&quot;[39m
      [33maria-live[39m=[32m&quot;polite&quot;[39m
      [33mlang[39m=[32m&quot;tr&quot;[39m
      [33mrole[39m=[32m&quot;status&quot;[39m
      [33mstyle[39m=[32m&quot;background-color: white; padding: 60px 40px; border-radius: 12px; box-shadow: 0 4px 16px rgba(0,0,0,0.1); margin-bottom: 30px; text-align: center; animation: fadeIn 0.3s ease-in;&quot;[39m
    [36m&gt;[39m
      [36m&lt;div[39m
        [33maria-label[39m=[32m&quot;Yükleniyor&quot;[39m
        [33mrole[39m=[32m&quot;img&quot;[39m
        [33mstyle[39m=[32m&quot;width: 80px; height: 80px; margin: 0px auto 30px; border: 6px solid rgb(243, 243, 243); border-top: 6px solid rgb(111, 66, 193); border-radius: 50%; animation: spin 1s linear infinite;&quot;[39m
      [36m/&gt;[39m
      [36m&lt;h2[39m
        [33mid[39m=[32m&quot;loading-message&quot;[39m
        [33mstyle[39m=[32m&quot;color: rgb(51, 51, 51); margin-bottom: 20px; font-size: 24px; animation: pulse 2s ease-in-out infinite;&quot;[39m
      [36m&gt;[39m
        [0m🤖 AI size özel videoları buluyor...[0m
      [36m&lt;/h2&gt;[39m
      [36m&lt;div[39m
        [33maria-label[39m=[32m&quot;Video yükleme ilerlemesi: yüzde 50&quot;[39m
        [33maria-labelledby[39m=[32m&quot;loading-message&quot;[39m
        [33maria-valuemax[39m=[32m&quot;100&quot;[39m
        [33maria-valuemin[39m=[32m&quot;0&quot;[39m
        [33maria-valuenow[39m=[32m&quot;50&quot;[39m
        [33mrole[39m=[32m&quot;progressbar&quot;[39m
        [33mstyle[39m=[32m&quot;width: 100%; max-width: 400px; height: 12px; background-color: rgb(233, 236, 239); border-radius: 20px; margin: 0px auto 20px; overflow: hidden; box-shadow: inset 0 2px 4px rgba(0,0,0,0.1);&quot;[39m
      [36m&gt;[39m
        [36m&lt;div[39m
          [33mstyle[39m=[32m&quot;width: 50%; height: 100%; background: linear-gradient(90deg, #6f42c1, #8e44ad); border-radius: 20px; transition: width 0.3s ease; box-shadow: 0 0 10px rgba(111, 66, 193, 0.5);&quot;[39m
        [36m/&gt;[39m
      [36m&lt;/div&gt;[39m
      [36m&lt;p[39m
        [33maria-live[39m=[32m&quot;polite&quot;[39m
        [33mstyle[39m=[32m&quot;color: rgb(111, 66, 193); font-size: 18px; font-weight: bold; margin-bottom: 10px;&quot;[39m
      [36m&gt;[39m
        [36m&lt;span[39m
          [33maria-hidden[39m=[32m&quot;true&quot;[39m
        [36m&gt;[39m
          [0m%[0m
        [36m&lt;/span&gt;[39m
        [36m&lt;span&gt;[39m
          [0m50[0m
        [36m&lt;/span&gt;[39m
      [36m&lt;/p&gt;[39m
    [36m&lt;/section&gt;[39m
  [36m&lt;/div&gt;[39m
[36m&lt;/body&gt;[39m" type="TestingLibraryElementError">
TestingLibraryElementError: Unable to find an element with the text: /Videolar aranıyor/i. This could be because the text is broken up by multiple elements. In this case, you can provide a function for your text matcher to make your matcher more flexible.

Ignored nodes: comments, script, style
&lt;body&gt;
  &lt;div&gt;
    &lt;section
      aria-atomic=&quot;true&quot;
      aria-label=&quot;Video yükleme durumu&quot;
      aria-live=&quot;polite&quot;
      lang=&quot;tr&quot;
      role=&quot;status&quot;
      style=&quot;background-color: white; padding: 60px 40px; border-radius: 12px; box-shadow: 0 4px 16px rgba(0,0,0,0.1); margin-bottom: 30px; text-align: center; animation: fadeIn 0.3s ease-in;&quot;
    &gt;
      &lt;div
        aria-label=&quot;Yükleniyor&quot;
        role=&quot;img&quot;
        style=&quot;width: 80px; height: 80px; margin: 0px auto 30px; border: 6px solid rgb(243, 243, 243); border-top: 6px solid rgb(111, 66, 193); border-radius: 50%; animation: spin 1s linear infinite;&quot;
      /&gt;
      &lt;h2
        id=&quot;loading-message&quot;
        style=&quot;color: rgb(51, 51, 51); margin-bottom: 20px; font-size: 24px; animation: pulse 2s ease-in-out infinite;&quot;
      &gt;
        🤖 AI size özel videoları buluyor...
      &lt;/h2&gt;
      &lt;div
        aria-label=&quot;Video yükleme ilerlemesi: yüzde 50&quot;
        aria-labelledby=&quot;loading-message&quot;
        aria-valuemax=&quot;100&quot;
        aria-valuemin=&quot;0&quot;
        aria-valuenow=&quot;50&quot;
        role=&quot;progressbar&quot;
        style=&quot;width: 100%; max-width: 400px; height: 12px; background-color: rgb(233, 236, 239); border-radius: 20px; margin: 0px auto 20px; overflow: hidden; box-shadow: inset 0 2px 4px rgba(0,0,0,0.1);&quot;
      &gt;
        &lt;div
          style=&quot;width: 50%; height: 100%; background: linear-gradient(90deg, #6f42c1, #8e44ad); border-radius: 20px; transition: width 0.3s ease; box-shadow: 0 0 10px rgba(111, 66, 193, 0.5);&quot;
        /&gt;
      &lt;/div&gt;
      &lt;p
        aria-live=&quot;polite&quot;
        style=&quot;color: rgb(111, 66, 193); font-size: 18px; font-weight: bold; margin-bottom: 10px;&quot;
      &gt;
        &lt;span
          aria-hidden=&quot;true&quot;
        &gt;
          %
        &lt;/span&gt;
        &lt;span&gt;
          50
        &lt;/span&gt;
      &lt;/p&gt;
    &lt;/section&gt;
  &lt;/div&gt;
&lt;/body&gt;
 ❯ Object.getElementError node_modules/@testing-library/react/node_modules/@testing-library/dom/dist/config.js:37:19
 ❯ node_modules/@testing-library/react/node_modules/@testing-library/dom/dist/query-helpers.js:76:38
 ❯ node_modules/@testing-library/react/node_modules/@testing-library/dom/dist/query-helpers.js:52:17
 ❯ node_modules/@testing-library/react/node_modules/@testing-library/dom/dist/query-helpers.js:95:19
 ❯ src/components/__tests__/VideoLoadingUI.test.tsx:49:21
            </failure>
        </testcase>
        <testcase classname="src/components/__tests__/VideoLoadingUI.test.tsx" name="VideoLoadingUI Component &gt; Loading State &gt; should display correct progress message based on progress value" time="0.0225023">
            <failure message="Unable to find an element with the text: /Bağlantı kuruluyor/i. This could be because the text is broken up by multiple elements. In this case, you can provide a function for your text matcher to make your matcher more flexible.

Ignored nodes: comments, script, style
[36m&lt;body&gt;[39m
  [36m&lt;div&gt;[39m
    [36m&lt;section[39m
      [33maria-atomic[39m=[32m&quot;true&quot;[39m
      [33maria-label[39m=[32m&quot;Video yükleme durumu&quot;[39m
      [33maria-live[39m=[32m&quot;polite&quot;[39m
      [33mlang[39m=[32m&quot;tr&quot;[39m
      [33mrole[39m=[32m&quot;status&quot;[39m
      [33mstyle[39m=[32m&quot;background-color: white; padding: 60px 40px; border-radius: 12px; box-shadow: 0 4px 16px rgba(0,0,0,0.1); margin-bottom: 30px; text-align: center; animation: fadeIn 0.3s ease-in;&quot;[39m
    [36m&gt;[39m
      [36m&lt;div[39m
        [33maria-label[39m=[32m&quot;Yükleniyor&quot;[39m
        [33mrole[39m=[32m&quot;img&quot;[39m
        [33mstyle[39m=[32m&quot;width: 80px; height: 80px; margin: 0px auto 30px; border: 6px solid rgb(243, 243, 243); border-top: 6px solid rgb(111, 66, 193); border-radius: 50%; animation: spin 1s linear infinite;&quot;[39m
      [36m/&gt;[39m
      [36m&lt;h2[39m
        [33mid[39m=[32m&quot;loading-message&quot;[39m
        [33mstyle[39m=[32m&quot;color: rgb(51, 51, 51); margin-bottom: 20px; font-size: 24px; animation: pulse 2s ease-in-out infinite;&quot;[39m
      [36m&gt;[39m
        [0m🤖 AI size özel videoları buluyor...[0m
      [36m&lt;/h2&gt;[39m
      [36m&lt;div[39m
        [33maria-label[39m=[32m&quot;Video yükleme ilerlemesi: yüzde 20&quot;[39m
        [33maria-labelledby[39m=[32m&quot;loading-message&quot;[39m
        [33maria-valuemax[39m=[32m&quot;100&quot;[39m
        [33maria-valuemin[39m=[32m&quot;0&quot;[39m
        [33maria-valuenow[39m=[32m&quot;20&quot;[39m
        [33mrole[39m=[32m&quot;progressbar&quot;[39m
        [33mstyle[39m=[32m&quot;width: 100%; max-width: 400px; height: 12px; background-color: rgb(233, 236, 239); border-radius: 20px; margin: 0px auto 20px; overflow: hidden; box-shadow: inset 0 2px 4px rgba(0,0,0,0.1);&quot;[39m
      [36m&gt;[39m
        [36m&lt;div[39m
          [33mstyle[39m=[32m&quot;width: 20%; height: 100%; background: linear-gradient(90deg, #6f42c1, #8e44ad); border-radius: 20px; transition: width 0.3s ease; box-shadow: 0 0 10px rgba(111, 66, 193, 0.5);&quot;[39m
        [36m/&gt;[39m
      [36m&lt;/div&gt;[39m
      [36m&lt;p[39m
        [33maria-live[39m=[32m&quot;polite&quot;[39m
        [33mstyle[39m=[32m&quot;color: rgb(111, 66, 193); font-size: 18px; font-weight: bold; margin-bottom: 10px;&quot;[39m
      [36m&gt;[39m
        [36m&lt;span[39m
          [33maria-hidden[39m=[32m&quot;true&quot;[39m
        [36m&gt;[39m
          [0m%[0m
        [36m&lt;/span&gt;[39m
        [36m&lt;span&gt;[39m
          [0m20[0m
        [36m&lt;/span&gt;[39m
      [36m&lt;/p&gt;[39m
    [36m&lt;/section&gt;[39m
  [36m&lt;/div&gt;[39m
[36m&lt;/body&gt;[39m" type="TestingLibraryElementError">
TestingLibraryElementError: Unable to find an element with the text: /Bağlantı kuruluyor/i. This could be because the text is broken up by multiple elements. In this case, you can provide a function for your text matcher to make your matcher more flexible.

Ignored nodes: comments, script, style
&lt;body&gt;
  &lt;div&gt;
    &lt;section
      aria-atomic=&quot;true&quot;
      aria-label=&quot;Video yükleme durumu&quot;
      aria-live=&quot;polite&quot;
      lang=&quot;tr&quot;
      role=&quot;status&quot;
      style=&quot;background-color: white; padding: 60px 40px; border-radius: 12px; box-shadow: 0 4px 16px rgba(0,0,0,0.1); margin-bottom: 30px; text-align: center; animation: fadeIn 0.3s ease-in;&quot;
    &gt;
      &lt;div
        aria-label=&quot;Yükleniyor&quot;
        role=&quot;img&quot;
        style=&quot;width: 80px; height: 80px; margin: 0px auto 30px; border: 6px solid rgb(243, 243, 243); border-top: 6px solid rgb(111, 66, 193); border-radius: 50%; animation: spin 1s linear infinite;&quot;
      /&gt;
      &lt;h2
        id=&quot;loading-message&quot;
        style=&quot;color: rgb(51, 51, 51); margin-bottom: 20px; font-size: 24px; animation: pulse 2s ease-in-out infinite;&quot;
      &gt;
        🤖 AI size özel videoları buluyor...
      &lt;/h2&gt;
      &lt;div
        aria-label=&quot;Video yükleme ilerlemesi: yüzde 20&quot;
        aria-labelledby=&quot;loading-message&quot;
        aria-valuemax=&quot;100&quot;
        aria-valuemin=&quot;0&quot;
        aria-valuenow=&quot;20&quot;
        role=&quot;progressbar&quot;
        style=&quot;width: 100%; max-width: 400px; height: 12px; background-color: rgb(233, 236, 239); border-radius: 20px; margin: 0px auto 20px; overflow: hidden; box-shadow: inset 0 2px 4px rgba(0,0,0,0.1);&quot;
      &gt;
        &lt;div
          style=&quot;width: 20%; height: 100%; background: linear-gradient(90deg, #6f42c1, #8e44ad); border-radius: 20px; transition: width 0.3s ease; box-shadow: 0 0 10px rgba(111, 66, 193, 0.5);&quot;
        /&gt;
      &lt;/div&gt;
      &lt;p
        aria-live=&quot;polite&quot;
        style=&quot;color: rgb(111, 66, 193); font-size: 18px; font-weight: bold; margin-bottom: 10px;&quot;
      &gt;
        &lt;span
          aria-hidden=&quot;true&quot;
        &gt;
          %
        &lt;/span&gt;
        &lt;span&gt;
          20
        &lt;/span&gt;
      &lt;/p&gt;
    &lt;/section&gt;
  &lt;/div&gt;
&lt;/body&gt;
 ❯ Object.getElementError node_modules/@testing-library/react/node_modules/@testing-library/dom/dist/config.js:37:19
 ❯ node_modules/@testing-library/react/node_modules/@testing-library/dom/dist/query-helpers.js:76:38
 ❯ node_modules/@testing-library/react/node_modules/@testing-library/dom/dist/query-helpers.js:52:17
 ❯ node_modules/@testing-library/react/node_modules/@testing-library/dom/dist/query-helpers.js:95:19
 ❯ src/components/__tests__/VideoLoadingUI.test.tsx:56:21
            </failure>
        </testcase>
        <testcase classname="src/components/__tests__/VideoLoadingUI.test.tsx" name="VideoLoadingUI Component &gt; Loading State &gt; should display retry count when retrying" time="0.0244904">
            <failure message="Unable to find an element with the text: /Yeniden deneme: 1\. deneme/i. This could be because the text is broken up by multiple elements. In this case, you can provide a function for your text matcher to make your matcher more flexible.

Ignored nodes: comments, script, style
[36m&lt;body&gt;[39m
  [36m&lt;div&gt;[39m
    [36m&lt;section[39m
      [33maria-atomic[39m=[32m&quot;true&quot;[39m
      [33maria-label[39m=[32m&quot;Video yükleme durumu&quot;[39m
      [33maria-live[39m=[32m&quot;polite&quot;[39m
      [33mlang[39m=[32m&quot;tr&quot;[39m
      [33mrole[39m=[32m&quot;status&quot;[39m
      [33mstyle[39m=[32m&quot;background-color: white; padding: 60px 40px; border-radius: 12px; box-shadow: 0 4px 16px rgba(0,0,0,0.1); margin-bottom: 30px; text-align: center; animation: fadeIn 0.3s ease-in;&quot;[39m
    [36m&gt;[39m
      [36m&lt;div[39m
        [33maria-label[39m=[32m&quot;Yükleniyor&quot;[39m
        [33mrole[39m=[32m&quot;img&quot;[39m
        [33mstyle[39m=[32m&quot;width: 80px; height: 80px; margin: 0px auto 30px; border: 6px solid rgb(243, 243, 243); border-top: 6px solid rgb(111, 66, 193); border-radius: 50%; animation: spin 1s linear infinite;&quot;[39m
      [36m/&gt;[39m
      [36m&lt;h2[39m
        [33mid[39m=[32m&quot;loading-message&quot;[39m
        [33mstyle[39m=[32m&quot;color: rgb(51, 51, 51); margin-bottom: 20px; font-size: 24px; animation: pulse 2s ease-in-out infinite;&quot;[39m
      [36m&gt;[39m
        [0m🤖 AI size özel videoları buluyor...[0m
      [36m&lt;/h2&gt;[39m
      [36m&lt;div[39m
        [33maria-label[39m=[32m&quot;Video yükleme ilerlemesi: yüzde 30&quot;[39m
        [33maria-labelledby[39m=[32m&quot;loading-message&quot;[39m
        [33maria-valuemax[39m=[32m&quot;100&quot;[39m
        [33maria-valuemin[39m=[32m&quot;0&quot;[39m
        [33maria-valuenow[39m=[32m&quot;30&quot;[39m
        [33mrole[39m=[32m&quot;progressbar&quot;[39m
        [33mstyle[39m=[32m&quot;width: 100%; max-width: 400px; height: 12px; background-color: rgb(233, 236, 239); border-radius: 20px; margin: 0px auto 20px; overflow: hidden; box-shadow: inset 0 2px 4px rgba(0,0,0,0.1);&quot;[39m
      [36m&gt;[39m
        [36m&lt;div[39m
          [33mstyle[39m=[32m&quot;width: 30%; height: 100%; background: linear-gradient(90deg, #6f42c1, #8e44ad); border-radius: 20px; transition: width 0.3s ease; box-shadow: 0 0 10px rgba(111, 66, 193, 0.5);&quot;[39m
        [36m/&gt;[39m
      [36m&lt;/div&gt;[39m
      [36m&lt;p[39m
        [33maria-live[39m=[32m&quot;polite&quot;[39m
        [33mstyle[39m=[32m&quot;color: rgb(111, 66, 193); font-size: 18px; font-weight: bold; margin-bottom: 10px;&quot;[39m
      [36m&gt;[39m
        [36m&lt;span[39m
          [33maria-hidden[39m=[32m&quot;true&quot;[39m
        [36m&gt;[39m
          [0m%[0m
        [36m&lt;/span&gt;[39m
        [36m&lt;span&gt;[39m
          [0m30[0m
        [36m&lt;/span&gt;[39m
      [36m&lt;/p&gt;[39m
      [36m&lt;p[39m
        [33maria-live[39m=[32m&quot;polite&quot;[39m
        [33mstyle[39m=[32m&quot;color: rgb(89, 89, 89); font-size: 12px; margin-top: 15px;&quot;[39m
      [36m&gt;[39m
        [36m&lt;span[39m
          [33maria-label[39m=[32m&quot;Yeniden deneme&quot;[39m
          [33mrole[39m=[32m&quot;img&quot;[39m
        [36m&gt;[39m
          [0m🔄[0m
        [36m&lt;/span&gt;[39m
        [0m Deneme [0m
        [0m2[0m
      [36m&lt;/p&gt;[39m
    [36m&lt;/section&gt;[39m
  [36m&lt;/div&gt;[39m
[36m&lt;/body&gt;[39m" type="TestingLibraryElementError">
TestingLibraryElementError: Unable to find an element with the text: /Yeniden deneme: 1\. deneme/i. This could be because the text is broken up by multiple elements. In this case, you can provide a function for your text matcher to make your matcher more flexible.

Ignored nodes: comments, script, style
&lt;body&gt;
  &lt;div&gt;
    &lt;section
      aria-atomic=&quot;true&quot;
      aria-label=&quot;Video yükleme durumu&quot;
      aria-live=&quot;polite&quot;
      lang=&quot;tr&quot;
      role=&quot;status&quot;
      style=&quot;background-color: white; padding: 60px 40px; border-radius: 12px; box-shadow: 0 4px 16px rgba(0,0,0,0.1); margin-bottom: 30px; text-align: center; animation: fadeIn 0.3s ease-in;&quot;
    &gt;
      &lt;div
        aria-label=&quot;Yükleniyor&quot;
        role=&quot;img&quot;
        style=&quot;width: 80px; height: 80px; margin: 0px auto 30px; border: 6px solid rgb(243, 243, 243); border-top: 6px solid rgb(111, 66, 193); border-radius: 50%; animation: spin 1s linear infinite;&quot;
      /&gt;
      &lt;h2
        id=&quot;loading-message&quot;
        style=&quot;color: rgb(51, 51, 51); margin-bottom: 20px; font-size: 24px; animation: pulse 2s ease-in-out infinite;&quot;
      &gt;
        🤖 AI size özel videoları buluyor...
      &lt;/h2&gt;
      &lt;div
        aria-label=&quot;Video yükleme ilerlemesi: yüzde 30&quot;
        aria-labelledby=&quot;loading-message&quot;
        aria-valuemax=&quot;100&quot;
        aria-valuemin=&quot;0&quot;
        aria-valuenow=&quot;30&quot;
        role=&quot;progressbar&quot;
        style=&quot;width: 100%; max-width: 400px; height: 12px; background-color: rgb(233, 236, 239); border-radius: 20px; margin: 0px auto 20px; overflow: hidden; box-shadow: inset 0 2px 4px rgba(0,0,0,0.1);&quot;
      &gt;
        &lt;div
          style=&quot;width: 30%; height: 100%; background: linear-gradient(90deg, #6f42c1, #8e44ad); border-radius: 20px; transition: width 0.3s ease; box-shadow: 0 0 10px rgba(111, 66, 193, 0.5);&quot;
        /&gt;
      &lt;/div&gt;
      &lt;p
        aria-live=&quot;polite&quot;
        style=&quot;color: rgb(111, 66, 193); font-size: 18px; font-weight: bold; margin-bottom: 10px;&quot;
      &gt;
        &lt;span
          aria-hidden=&quot;true&quot;
        &gt;
          %
        &lt;/span&gt;
        &lt;span&gt;
          30
        &lt;/span&gt;
      &lt;/p&gt;
      &lt;p
        aria-live=&quot;polite&quot;
        style=&quot;color: rgb(89, 89, 89); font-size: 12px; margin-top: 15px;&quot;
      &gt;
        &lt;span
          aria-label=&quot;Yeniden deneme&quot;
          role=&quot;img&quot;
        &gt;
          🔄
        &lt;/span&gt;
         Deneme 
        2
      &lt;/p&gt;
    &lt;/section&gt;
  &lt;/div&gt;
&lt;/body&gt;
 ❯ Object.getElementError node_modules/@testing-library/react/node_modules/@testing-library/dom/dist/config.js:37:19
 ❯ node_modules/@testing-library/react/node_modules/@testing-library/dom/dist/query-helpers.js:76:38
 ❯ node_modules/@testing-library/react/node_modules/@testing-library/dom/dist/query-helpers.js:52:17
 ❯ node_modules/@testing-library/react/node_modules/@testing-library/dom/dist/query-helpers.js:95:19
 ❯ src/components/__tests__/VideoLoadingUI.test.tsx:77:21
            </failure>
        </testcase>
        <testcase classname="src/components/__tests__/VideoLoadingUI.test.tsx" name="VideoLoadingUI Component &gt; Success State &gt; should render success message with video count" time="0.0248059">
            <failure message="Unable to find an element with the text: /2 video bulundu/i. This could be because the text is broken up by multiple elements. In this case, you can provide a function for your text matcher to make your matcher more flexible.

Ignored nodes: comments, script, style
[36m&lt;body&gt;[39m
  [36m&lt;div&gt;[39m
    [36m&lt;section[39m
      [33maria-atomic[39m=[32m&quot;true&quot;[39m
      [33maria-label[39m=[32m&quot;Video yükleme başarılı&quot;[39m
      [33maria-live[39m=[32m&quot;polite&quot;[39m
      [33mlang[39m=[32m&quot;tr&quot;[39m
      [33mrole[39m=[32m&quot;status&quot;[39m
      [33mstyle[39m=[32m&quot;background-color: white; padding: 40px; border-radius: 12px; box-shadow: 0 4px 16px rgba(0,0,0,0.1); margin-bottom: 30px; text-align: center; animation: fadeIn 0.5s ease-in; border: 2px solid rgb(40, 167, 69);&quot;[39m
    [36m&gt;[39m
      [36m&lt;div[39m
        [33maria-label[39m=[32m&quot;Başarılı&quot;[39m
        [33mrole[39m=[32m&quot;img&quot;[39m
        [33mstyle[39m=[32m&quot;font-size: 64px; margin-bottom: 20px; animation: bounceIn 0.6s ease-out;&quot;[39m
      [36m&gt;[39m
        [0m✅[0m
      [36m&lt;/div&gt;[39m
      [36m&lt;h2[39m
        [33mstyle[39m=[32m&quot;color: rgb(40, 167, 69); margin-bottom: 15px; font-size: 28px;&quot;[39m
      [36m&gt;[39m
        [36m&lt;span[39m
          [33maria-label[39m=[32m&quot;Kutlama&quot;[39m
          [33mrole[39m=[32m&quot;img&quot;[39m
        [36m&gt;[39m
          [0m🎉[0m
        [36m&lt;/span&gt;[39m
        [0m Videolar Başarıyla Yüklendi![0m
      [36m&lt;/h2&gt;[39m
      [36m&lt;p[39m
        [33mstyle[39m=[32m&quot;color: rgb(51, 51, 51); font-size: 18px; margin-bottom: 10px;&quot;[39m
      [36m&gt;[39m
        [36m&lt;strong&gt;[39m
          [0m2[0m
          [0m adet[0m
        [36m&lt;/strong&gt;[39m
        [0m kişiselleştirilmiş video bulundu[0m
      [36m&lt;/p&gt;[39m
      [36m&lt;p[39m
        [33mstyle[39m=[32m&quot;color: rgb(89, 89, 89); font-size: 14px; margin-bottom: 20px;&quot;[39m
      [36m&gt;[39m
        [36m&lt;span[39m
          [33maria-label[39m=[32m&quot;Hızlı&quot;[39m
          [33mrole[39m=[32m&quot;img&quot;[39m
        [36m&gt;[39m
          [0m⚡[0m
        [36m&lt;/span&gt;[39m
        [0m Yükleme süresi: [0m
        [0m2.5[0m
        [0m saniye[0m
      [36m&lt;/p&gt;[39m
    [36m&lt;/section&gt;[39m
  [36m&lt;/div&gt;[39m
[36m&lt;/body&gt;[39m" type="TestingLibraryElementError">
TestingLibraryElementError: Unable to find an element with the text: /2 video bulundu/i. This could be because the text is broken up by multiple elements. In this case, you can provide a function for your text matcher to make your matcher more flexible.

Ignored nodes: comments, script, style
&lt;body&gt;
  &lt;div&gt;
    &lt;section
      aria-atomic=&quot;true&quot;
      aria-label=&quot;Video yükleme başarılı&quot;
      aria-live=&quot;polite&quot;
      lang=&quot;tr&quot;
      role=&quot;status&quot;
      style=&quot;background-color: white; padding: 40px; border-radius: 12px; box-shadow: 0 4px 16px rgba(0,0,0,0.1); margin-bottom: 30px; text-align: center; animation: fadeIn 0.5s ease-in; border: 2px solid rgb(40, 167, 69);&quot;
    &gt;
      &lt;div
        aria-label=&quot;Başarılı&quot;
        role=&quot;img&quot;
        style=&quot;font-size: 64px; margin-bottom: 20px; animation: bounceIn 0.6s ease-out;&quot;
      &gt;
        ✅
      &lt;/div&gt;
      &lt;h2
        style=&quot;color: rgb(40, 167, 69); margin-bottom: 15px; font-size: 28px;&quot;
      &gt;
        &lt;span
          aria-label=&quot;Kutlama&quot;
          role=&quot;img&quot;
        &gt;
          🎉
        &lt;/span&gt;
         Videolar Başarıyla Yüklendi!
      &lt;/h2&gt;
      &lt;p
        style=&quot;color: rgb(51, 51, 51); font-size: 18px; margin-bottom: 10px;&quot;
      &gt;
        &lt;strong&gt;
          2
           adet
        &lt;/strong&gt;
         kişiselleştirilmiş video bulundu
      &lt;/p&gt;
      &lt;p
        style=&quot;color: rgb(89, 89, 89); font-size: 14px; margin-bottom: 20px;&quot;
      &gt;
        &lt;span
          aria-label=&quot;Hızlı&quot;
          role=&quot;img&quot;
        &gt;
          ⚡
        &lt;/span&gt;
         Yükleme süresi: 
        2.5
         saniye
      &lt;/p&gt;
    &lt;/section&gt;
  &lt;/div&gt;
&lt;/body&gt;
 ❯ Object.getElementError node_modules/@testing-library/react/node_modules/@testing-library/dom/dist/config.js:37:19
 ❯ node_modules/@testing-library/react/node_modules/@testing-library/dom/dist/query-helpers.js:76:38
 ❯ node_modules/@testing-library/react/node_modules/@testing-library/dom/dist/query-helpers.js:52:17
 ❯ node_modules/@testing-library/react/node_modules/@testing-library/dom/dist/query-helpers.js:95:19
 ❯ src/components/__tests__/VideoLoadingUI.test.tsx:117:21
            </failure>
        </testcase>
        <testcase classname="src/components/__tests__/VideoLoadingUI.test.tsx" name="VideoLoadingUI Component &gt; Success State &gt; should display cache hit indicator when cache is hit" time="0.0170787">
        </testcase>
        <testcase classname="src/components/__tests__/VideoLoadingUI.test.tsx" name="VideoLoadingUI Component &gt; Success State &gt; should display subject count when multiple subjects" time="0.0216121">
            <failure message="Unable to find an element with the text: /2 video bulundu \(2 farklı konu\)/i. This could be because the text is broken up by multiple elements. In this case, you can provide a function for your text matcher to make your matcher more flexible.

Ignored nodes: comments, script, style
[36m&lt;body&gt;[39m
  [36m&lt;div&gt;[39m
    [36m&lt;section[39m
      [33maria-atomic[39m=[32m&quot;true&quot;[39m
      [33maria-label[39m=[32m&quot;Video yükleme başarılı&quot;[39m
      [33maria-live[39m=[32m&quot;polite&quot;[39m
      [33mlang[39m=[32m&quot;tr&quot;[39m
      [33mrole[39m=[32m&quot;status&quot;[39m
      [33mstyle[39m=[32m&quot;background-color: white; padding: 40px; border-radius: 12px; box-shadow: 0 4px 16px rgba(0,0,0,0.1); margin-bottom: 30px; text-align: center; animation: fadeIn 0.5s ease-in; border: 2px solid rgb(40, 167, 69);&quot;[39m
    [36m&gt;[39m
      [36m&lt;div[39m
        [33maria-label[39m=[32m&quot;Başarılı&quot;[39m
        [33mrole[39m=[32m&quot;img&quot;[39m
        [33mstyle[39m=[32m&quot;font-size: 64px; margin-bottom: 20px; animation: bounceIn 0.6s ease-out;&quot;[39m
      [36m&gt;[39m
        [0m✅[0m
      [36m&lt;/div&gt;[39m
      [36m&lt;h2[39m
        [33mstyle[39m=[32m&quot;color: rgb(40, 167, 69); margin-bottom: 15px; font-size: 28px;&quot;[39m
      [36m&gt;[39m
        [36m&lt;span[39m
          [33maria-label[39m=[32m&quot;Kutlama&quot;[39m
          [33mrole[39m=[32m&quot;img&quot;[39m
        [36m&gt;[39m
          [0m🎉[0m
        [36m&lt;/span&gt;[39m
        [0m Videolar Başarıyla Yüklendi![0m
      [36m&lt;/h2&gt;[39m
      [36m&lt;p[39m
        [33mstyle[39m=[32m&quot;color: rgb(51, 51, 51); font-size: 18px; margin-bottom: 10px;&quot;[39m
      [36m&gt;[39m
        [36m&lt;strong&gt;[39m
          [0m2[0m
          [0m adet[0m
        [36m&lt;/strong&gt;[39m
        [0m kişiselleştirilmiş video bulundu[0m
      [36m&lt;/p&gt;[39m
      [36m&lt;p[39m
        [33mstyle[39m=[32m&quot;color: rgb(89, 89, 89); font-size: 14px; margin-bottom: 20px;&quot;[39m
      [36m&gt;[39m
        [36m&lt;span[39m
          [33maria-label[39m=[32m&quot;Hızlı&quot;[39m
          [33mrole[39m=[32m&quot;img&quot;[39m
        [36m&gt;[39m
          [0m⚡[0m
        [36m&lt;/span&gt;[39m
        [0m Yükleme süresi: [0m
        [0m3.0[0m
        [0m saniye[0m
      [36m&lt;/p&gt;[39m
    [36m&lt;/section&gt;[39m
  [36m&lt;/div&gt;[39m
[36m&lt;/body&gt;[39m" type="TestingLibraryElementError">
TestingLibraryElementError: Unable to find an element with the text: /2 video bulundu \(2 farklı konu\)/i. This could be because the text is broken up by multiple elements. In this case, you can provide a function for your text matcher to make your matcher more flexible.

Ignored nodes: comments, script, style
&lt;body&gt;
  &lt;div&gt;
    &lt;section
      aria-atomic=&quot;true&quot;
      aria-label=&quot;Video yükleme başarılı&quot;
      aria-live=&quot;polite&quot;
      lang=&quot;tr&quot;
      role=&quot;status&quot;
      style=&quot;background-color: white; padding: 40px; border-radius: 12px; box-shadow: 0 4px 16px rgba(0,0,0,0.1); margin-bottom: 30px; text-align: center; animation: fadeIn 0.5s ease-in; border: 2px solid rgb(40, 167, 69);&quot;
    &gt;
      &lt;div
        aria-label=&quot;Başarılı&quot;
        role=&quot;img&quot;
        style=&quot;font-size: 64px; margin-bottom: 20px; animation: bounceIn 0.6s ease-out;&quot;
      &gt;
        ✅
      &lt;/div&gt;
      &lt;h2
        style=&quot;color: rgb(40, 167, 69); margin-bottom: 15px; font-size: 28px;&quot;
      &gt;
        &lt;span
          aria-label=&quot;Kutlama&quot;
          role=&quot;img&quot;
        &gt;
          🎉
        &lt;/span&gt;
         Videolar Başarıyla Yüklendi!
      &lt;/h2&gt;
      &lt;p
        style=&quot;color: rgb(51, 51, 51); font-size: 18px; margin-bottom: 10px;&quot;
      &gt;
        &lt;strong&gt;
          2
           adet
        &lt;/strong&gt;
         kişiselleştirilmiş video bulundu
      &lt;/p&gt;
      &lt;p
        style=&quot;color: rgb(89, 89, 89); font-size: 14px; margin-bottom: 20px;&quot;
      &gt;
        &lt;span
          aria-label=&quot;Hızlı&quot;
          role=&quot;img&quot;
        &gt;
          ⚡
        &lt;/span&gt;
         Yükleme süresi: 
        3.0
         saniye
      &lt;/p&gt;
    &lt;/section&gt;
  &lt;/div&gt;
&lt;/body&gt;
 ❯ Object.getElementError node_modules/@testing-library/react/node_modules/@testing-library/dom/dist/config.js:37:19
 ❯ node_modules/@testing-library/react/node_modules/@testing-library/dom/dist/query-helpers.js:76:38
 ❯ node_modules/@testing-library/react/node_modules/@testing-library/dom/dist/query-helpers.js:52:17
 ❯ node_modules/@testing-library/react/node_modules/@testing-library/dom/dist/query-helpers.js:95:19
 ❯ src/components/__tests__/VideoLoadingUI.test.tsx:178:21
            </failure>
        </testcase>
        <testcase classname="src/components/__tests__/VideoLoadingUI.test.tsx" name="VideoLoadingUI Component &gt; Error State &gt; should render error message and retry button" time="0.0441748">
            <failure message="Unable to find an element with the text: /Video Yükleme Hatası/i. This could be because the text is broken up by multiple elements. In this case, you can provide a function for your text matcher to make your matcher more flexible.

Ignored nodes: comments, script, style
[36m&lt;body&gt;[39m
  [36m&lt;div&gt;[39m
    [36m&lt;section[39m
      [33maria-atomic[39m=[32m&quot;true&quot;[39m
      [33maria-label[39m=[32m&quot;Hata mesajı&quot;[39m
      [33maria-live[39m=[32m&quot;assertive&quot;[39m
      [33mlang[39m=[32m&quot;tr&quot;[39m
      [33mrole[39m=[32m&quot;alert&quot;[39m
      [33mstyle[39m=[32m&quot;background-color: white; padding: 40px; border-radius: 12px; box-shadow: 0 4px 16px rgba(0,0,0,0.1); margin-bottom: 30px; text-align: center; animation: fadeIn 0.3s ease-in; border: 2px solid rgb(220, 53, 69);&quot;[39m
    [36m&gt;[39m
      [36m&lt;div[39m
        [33maria-label[39m=[32m&quot;Hata&quot;[39m
        [33mrole[39m=[32m&quot;img&quot;[39m
        [33mstyle[39m=[32m&quot;font-size: 64px; margin-bottom: 20px;&quot;[39m
      [36m&gt;[39m
        [0m❌[0m
      [36m&lt;/div&gt;[39m
      [36m&lt;h2[39m
        [33mstyle[39m=[32m&quot;color: rgb(220, 53, 69); margin-bottom: 15px; font-size: 24px;&quot;[39m
      [36m&gt;[39m
        [36m&lt;span[39m
          [33maria-label[39m=[32m&quot;Hata&quot;[39m
          [33mrole[39m=[32m&quot;img&quot;[39m
        [36m&gt;[39m
          [0m❌[0m
        [36m&lt;/span&gt;[39m
        [0m Hata Oluştu[0m
      [36m&lt;/h2&gt;[39m
      [36m&lt;p[39m
        [33mstyle[39m=[32m&quot;color: rgb(73, 80, 87); font-size: 16px; margin-bottom: 20px; line-height: 1.6;&quot;[39m
      [36m&gt;[39m
        [0mİnternet bağlantınızı kontrol edin.[0m
      [36m&lt;/p&gt;[39m
      [36m&lt;p[39m
        [33maria-live[39m=[32m&quot;polite&quot;[39m
        [33mstyle[39m=[32m&quot;color: rgb(89, 89, 89); font-size: 14px; margin-bottom: 20px;&quot;[39m
      [36m&gt;[39m
        [36m&lt;span[39m
          [33maria-label[39m=[32m&quot;Yeniden deneme&quot;[39m
          [33mrole[39m=[32m&quot;img&quot;[39m
        [36m&gt;[39m
          [0m🔄[0m
        [36m&lt;/span&gt;[39m
        [0m [0m
        [0m1[0m
        [0m kez denendi[0m
      [36m&lt;/p&gt;[39m
      [36m&lt;div[39m
        [33mstyle[39m=[32m&quot;display: flex; gap: 15px; justify-content: center; flex-wrap: wrap;&quot;[39m
      [36m&gt;[39m
        [36m&lt;button[39m
          [33maria-label[39m=[32m&quot;Videoları tekrar yüklemeyi dene&quot;[39m
          [33mstyle[39m=[32m&quot;padding: 12px 24px; background-color: rgb(0, 123, 255); color: white; border-radius: 8px; font-size: 16px; font-weight: 600; cursor: pointer; transition: all 0.2s ease; box-shadow: 0 2px 8px rgba(0,123,255,0.3);&quot;[39m
          [33mtype[39m=[32m&quot;button&quot;[39m
        [36m&gt;[39m
          [36m&lt;span[39m
            [33maria-hidden[39m=[32m&quot;true&quot;[39m
          [36m&gt;[39m
            [0m🔄[0m
          [36m&lt;/span&gt;[39m
          [0m Tekrar Dene[0m
        [36m&lt;/button&gt;[39m
      [36m&lt;/div&gt;[39m
      [36m&lt;aside[39m
        [33maria-label[39m=[32m&quot;Sorun giderme önerileri&quot;[39m
        [33mstyle[39m=[32m&quot;margin-top: 30px; padding: 15px; background-color: rgb(248, 249, 250); border-radius: 8px; border: 1px solid rgb(222, 226, 230);&quot;[39m
      [36m&gt;[39m
        [36m&lt;p[39m
          [33mstyle[39m=[32m&quot;color: rgb(73, 80, 87); font-size: 14px; margin: 0px; line-height: 1.6;&quot;[39m
        [36m&gt;[39m
          [36m&lt;span[39m
            [33maria-label[39m=[32m&quot;Öneri&quot;[39m
            [33mrole[39m=[32m&quot;img&quot;[39m
          [36m&gt;[39m
            [0m💡[0m
          [36m&lt;/span&gt;[39m
          [0m [0m
          [36m&lt;strong&gt;[39m
            [0mSorun devam ederse:[0m
          [36m&lt;/strong&gt;[39m
          [36m&lt;br /&gt;[39m
          [0m• İnternet bağlantınızı kontrol edin[0m
          [36m&lt;br /&gt;[39m
          [0m• Sayfayı yenileyin[0m
          [36m&lt;br /&gt;[39m
          [0m• Birkaç dakika sonra tekrar deneyin[0m
        [36m&lt;/p&gt;[39m
      [36m&lt;/aside&gt;[39m
    [36m&lt;/section&gt;[39m
  [36m&lt;/div&gt;[39m
[36m&lt;/body&gt;[39m" type="TestingLibraryElementError">
TestingLibraryElementError: Unable to find an element with the text: /Video Yükleme Hatası/i. This could be because the text is broken up by multiple elements. In this case, you can provide a function for your text matcher to make your matcher more flexible.

Ignored nodes: comments, script, style
&lt;body&gt;
  &lt;div&gt;
    &lt;section
      aria-atomic=&quot;true&quot;
      aria-label=&quot;Hata mesajı&quot;
      aria-live=&quot;assertive&quot;
      lang=&quot;tr&quot;
      role=&quot;alert&quot;
      style=&quot;background-color: white; padding: 40px; border-radius: 12px; box-shadow: 0 4px 16px rgba(0,0,0,0.1); margin-bottom: 30px; text-align: center; animation: fadeIn 0.3s ease-in; border: 2px solid rgb(220, 53, 69);&quot;
    &gt;
      &lt;div
        aria-label=&quot;Hata&quot;
        role=&quot;img&quot;
        style=&quot;font-size: 64px; margin-bottom: 20px;&quot;
      &gt;
        ❌
      &lt;/div&gt;
      &lt;h2
        style=&quot;color: rgb(220, 53, 69); margin-bottom: 15px; font-size: 24px;&quot;
      &gt;
        &lt;span
          aria-label=&quot;Hata&quot;
          role=&quot;img&quot;
        &gt;
          ❌
        &lt;/span&gt;
         Hata Oluştu
      &lt;/h2&gt;
      &lt;p
        style=&quot;color: rgb(73, 80, 87); font-size: 16px; margin-bottom: 20px; line-height: 1.6;&quot;
      &gt;
        İnternet bağlantınızı kontrol edin.
      &lt;/p&gt;
      &lt;p
        aria-live=&quot;polite&quot;
        style=&quot;color: rgb(89, 89, 89); font-size: 14px; margin-bottom: 20px;&quot;
      &gt;
        &lt;span
          aria-label=&quot;Yeniden deneme&quot;
          role=&quot;img&quot;
        &gt;
          🔄
        &lt;/span&gt;
         
        1
         kez denendi
      &lt;/p&gt;
      &lt;div
        style=&quot;display: flex; gap: 15px; justify-content: center; flex-wrap: wrap;&quot;
      &gt;
        &lt;button
          aria-label=&quot;Videoları tekrar yüklemeyi dene&quot;
          style=&quot;padding: 12px 24px; background-color: rgb(0, 123, 255); color: white; border-radius: 8px; font-size: 16px; font-weight: 600; cursor: pointer; transition: all 0.2s ease; box-shadow: 0 2px 8px rgba(0,123,255,0.3);&quot;
          type=&quot;button&quot;
        &gt;
          &lt;span
            aria-hidden=&quot;true&quot;
          &gt;
            🔄
          &lt;/span&gt;
           Tekrar Dene
        &lt;/button&gt;
      &lt;/div&gt;
      &lt;aside
        aria-label=&quot;Sorun giderme önerileri&quot;
        style=&quot;margin-top: 30px; padding: 15px; background-color: rgb(248, 249, 250); border-radius: 8px; border: 1px solid rgb(222, 226, 230);&quot;
      &gt;
        &lt;p
          style=&quot;color: rgb(73, 80, 87); font-size: 14px; margin: 0px; line-height: 1.6;&quot;
        &gt;
          &lt;span
            aria-label=&quot;Öneri&quot;
            role=&quot;img&quot;
          &gt;
            💡
          &lt;/span&gt;
           
          &lt;strong&gt;
            Sorun devam ederse:
          &lt;/strong&gt;
          &lt;br /&gt;
          • İnternet bağlantınızı kontrol edin
          &lt;br /&gt;
          • Sayfayı yenileyin
          &lt;br /&gt;
          • Birkaç dakika sonra tekrar deneyin
        &lt;/p&gt;
      &lt;/aside&gt;
    &lt;/section&gt;
  &lt;/div&gt;
&lt;/body&gt;
 ❯ Object.getElementError node_modules/@testing-library/react/node_modules/@testing-library/dom/dist/config.js:37:19
 ❯ node_modules/@testing-library/react/node_modules/@testing-library/dom/dist/query-helpers.js:76:38
 ❯ node_modules/@testing-library/react/node_modules/@testing-library/dom/dist/query-helpers.js:52:17
 ❯ node_modules/@testing-library/react/node_modules/@testing-library/dom/dist/query-helpers.js:95:19
 ❯ src/components/__tests__/VideoLoadingUI.test.tsx:194:21
            </failure>
        </testcase>
        <testcase classname="src/components/__tests__/VideoLoadingUI.test.tsx" name="VideoLoadingUI Component &gt; Error State &gt; should render fallback button" time="0.0316899">
        </testcase>
        <testcase classname="src/components/__tests__/VideoLoadingUI.test.tsx" name="VideoLoadingUI Component &gt; Error State &gt; should not render retry button when max retries reached" time="0.0287547">
            <failure message="[2mexpect([22m[31melement[39m[2m).not.toBeInTheDocument()[22m

[31mexpected document not to contain element, found &lt;p
  style=&quot;color: rgb(73, 80, 87); font-size: 14px; margin: 0px; line-height: 1.6;&quot;
&gt;
  &lt;span
    aria-label=&quot;Öneri&quot;
    role=&quot;img&quot;
  &gt;
    💡
  &lt;/span&gt;
   
  &lt;strong&gt;
    Sorun devam ederse:
  &lt;/strong&gt;
  &lt;br /&gt;
  • İnternet bağlantınızı kontrol edin
  &lt;br /&gt;
  • Sayfayı yenileyin
  &lt;br /&gt;
  • Birkaç dakika sonra tekrar deneyin
&lt;/p&gt; instead[39m" type="Error">
Error: expect(element).not.toBeInTheDocument()

expected document not to contain element, found &lt;p
  style=&quot;color: rgb(73, 80, 87); font-size: 14px; margin: 0px; line-height: 1.6;&quot;
&gt;
  &lt;span
    aria-label=&quot;Öneri&quot;
    role=&quot;img&quot;
  &gt;
    💡
  &lt;/span&gt;
   
  &lt;strong&gt;
    Sorun devam ederse:
  &lt;/strong&gt;
  &lt;br /&gt;
  • İnternet bağlantınızı kontrol edin
  &lt;br /&gt;
  • Sayfayı yenileyin
  &lt;br /&gt;
  • Birkaç dakika sonra tekrar deneyin
&lt;/p&gt; instead
 ❯ src/components/__tests__/VideoLoadingUI.test.tsx:232:54
            </failure>
        </testcase>
        <testcase classname="src/components/__tests__/VideoLoadingUI.test.tsx" name="VideoLoadingUI Component &gt; Error State &gt; should display retry count" time="0.0161862">
        </testcase>
        <testcase classname="src/components/__tests__/VideoLoadingUI.test.tsx" name="VideoLoadingUI Component &gt; Error State &gt; should display troubleshooting tips" time="0.0184703">
            <failure message="Unable to find an element with the text: /Sorun giderme önerileri/i. This could be because the text is broken up by multiple elements. In this case, you can provide a function for your text matcher to make your matcher more flexible.

Ignored nodes: comments, script, style
[36m&lt;body&gt;[39m
  [36m&lt;div&gt;[39m
    [36m&lt;section[39m
      [33maria-atomic[39m=[32m&quot;true&quot;[39m
      [33maria-label[39m=[32m&quot;Hata mesajı&quot;[39m
      [33maria-live[39m=[32m&quot;assertive&quot;[39m
      [33mlang[39m=[32m&quot;tr&quot;[39m
      [33mrole[39m=[32m&quot;alert&quot;[39m
      [33mstyle[39m=[32m&quot;background-color: white; padding: 40px; border-radius: 12px; box-shadow: 0 4px 16px rgba(0,0,0,0.1); margin-bottom: 30px; text-align: center; animation: fadeIn 0.3s ease-in; border: 2px solid rgb(220, 53, 69);&quot;[39m
    [36m&gt;[39m
      [36m&lt;div[39m
        [33maria-label[39m=[32m&quot;Hata&quot;[39m
        [33mrole[39m=[32m&quot;img&quot;[39m
        [33mstyle[39m=[32m&quot;font-size: 64px; margin-bottom: 20px;&quot;[39m
      [36m&gt;[39m
        [0m❌[0m
      [36m&lt;/div&gt;[39m
      [36m&lt;h2[39m
        [33mstyle[39m=[32m&quot;color: rgb(220, 53, 69); margin-bottom: 15px; font-size: 24px;&quot;[39m
      [36m&gt;[39m
        [36m&lt;span[39m
          [33maria-label[39m=[32m&quot;Hata&quot;[39m
          [33mrole[39m=[32m&quot;img&quot;[39m
        [36m&gt;[39m
          [0m❌[0m
        [36m&lt;/span&gt;[39m
        [0m Hata Oluştu[0m
      [36m&lt;/h2&gt;[39m
      [36m&lt;p[39m
        [33mstyle[39m=[32m&quot;color: rgb(73, 80, 87); font-size: 16px; margin-bottom: 20px; line-height: 1.6;&quot;[39m
      [36m&gt;[39m
        [0mError[0m
      [36m&lt;/p&gt;[39m
      [36m&lt;div[39m
        [33mstyle[39m=[32m&quot;display: flex; gap: 15px; justify-content: center; flex-wrap: wrap;&quot;[39m
      [36m/&gt;[39m
      [36m&lt;aside[39m
        [33maria-label[39m=[32m&quot;Sorun giderme önerileri&quot;[39m
        [33mstyle[39m=[32m&quot;margin-top: 30px; padding: 15px; background-color: rgb(248, 249, 250); border-radius: 8px; border: 1px solid rgb(222, 226, 230);&quot;[39m
      [36m&gt;[39m
        [36m&lt;p[39m
          [33mstyle[39m=[32m&quot;color: rgb(73, 80, 87); font-size: 14px; margin: 0px; line-height: 1.6;&quot;[39m
        [36m&gt;[39m
          [36m&lt;span[39m
            [33maria-label[39m=[32m&quot;Öneri&quot;[39m
            [33mrole[39m=[32m&quot;img&quot;[39m
          [36m&gt;[39m
            [0m💡[0m
          [36m&lt;/span&gt;[39m
          [0m [0m
          [36m&lt;strong&gt;[39m
            [0mSorun devam ederse:[0m
          [36m&lt;/strong&gt;[39m
          [36m&lt;br /&gt;[39m
          [0m• İnternet bağlantınızı kontrol edin[0m
          [36m&lt;br /&gt;[39m
          [0m• Sayfayı yenileyin[0m
          [36m&lt;br /&gt;[39m
          [0m• Birkaç dakika sonra tekrar deneyin[0m
        [36m&lt;/p&gt;[39m
      [36m&lt;/aside&gt;[39m
    [36m&lt;/section&gt;[39m
  [36m&lt;/div&gt;[39m
[36m&lt;/body&gt;[39m" type="TestingLibraryElementError">
TestingLibraryElementError: Unable to find an element with the text: /Sorun giderme önerileri/i. This could be because the text is broken up by multiple elements. In this case, you can provide a function for your text matcher to make your matcher more flexible.

Ignored nodes: comments, script, style
&lt;body&gt;
  &lt;div&gt;
    &lt;section
      aria-atomic=&quot;true&quot;
      aria-label=&quot;Hata mesajı&quot;
      aria-live=&quot;assertive&quot;
      lang=&quot;tr&quot;
      role=&quot;alert&quot;
      style=&quot;background-color: white; padding: 40px; border-radius: 12px; box-shadow: 0 4px 16px rgba(0,0,0,0.1); margin-bottom: 30px; text-align: center; animation: fadeIn 0.3s ease-in; border: 2px solid rgb(220, 53, 69);&quot;
    &gt;
      &lt;div
        aria-label=&quot;Hata&quot;
        role=&quot;img&quot;
        style=&quot;font-size: 64px; margin-bottom: 20px;&quot;
      &gt;
        ❌
      &lt;/div&gt;
      &lt;h2
        style=&quot;color: rgb(220, 53, 69); margin-bottom: 15px; font-size: 24px;&quot;
      &gt;
        &lt;span
          aria-label=&quot;Hata&quot;
          role=&quot;img&quot;
        &gt;
          ❌
        &lt;/span&gt;
         Hata Oluştu
      &lt;/h2&gt;
      &lt;p
        style=&quot;color: rgb(73, 80, 87); font-size: 16px; margin-bottom: 20px; line-height: 1.6;&quot;
      &gt;
        Error
      &lt;/p&gt;
      &lt;div
        style=&quot;display: flex; gap: 15px; justify-content: center; flex-wrap: wrap;&quot;
      /&gt;
      &lt;aside
        aria-label=&quot;Sorun giderme önerileri&quot;
        style=&quot;margin-top: 30px; padding: 15px; background-color: rgb(248, 249, 250); border-radius: 8px; border: 1px solid rgb(222, 226, 230);&quot;
      &gt;
        &lt;p
          style=&quot;color: rgb(73, 80, 87); font-size: 14px; margin: 0px; line-height: 1.6;&quot;
        &gt;
          &lt;span
            aria-label=&quot;Öneri&quot;
            role=&quot;img&quot;
          &gt;
            💡
          &lt;/span&gt;
           
          &lt;strong&gt;
            Sorun devam ederse:
          &lt;/strong&gt;
          &lt;br /&gt;
          • İnternet bağlantınızı kontrol edin
          &lt;br /&gt;
          • Sayfayı yenileyin
          &lt;br /&gt;
          • Birkaç dakika sonra tekrar deneyin
        &lt;/p&gt;
      &lt;/aside&gt;
    &lt;/section&gt;
  &lt;/div&gt;
&lt;/body&gt;
 ❯ Object.getElementError node_modules/@testing-library/react/node_modules/@testing-library/dom/dist/config.js:37:19
 ❯ node_modules/@testing-library/react/node_modules/@testing-library/dom/dist/query-helpers.js:76:38
 ❯ node_modules/@testing-library/react/node_modules/@testing-library/dom/dist/query-helpers.js:52:17
 ❯ node_modules/@testing-library/react/node_modules/@testing-library/dom/dist/query-helpers.js:95:19
 ❯ src/components/__tests__/VideoLoadingUI.test.tsx:254:21
            </failure>
        </testcase>
        <testcase classname="src/components/__tests__/VideoLoadingUI.test.tsx" name="VideoLoadingUI Component &gt; Fallback State &gt; should render fallback message and button" time="0.0197412">
            <failure message="Unable to find an element with the text: /Kişiselleştirilmiş Videolar Yüklenemedi/i. This could be because the text is broken up by multiple elements. In this case, you can provide a function for your text matcher to make your matcher more flexible.

Ignored nodes: comments, script, style
[36m&lt;body&gt;[39m
  [36m&lt;div&gt;[39m
    [36m&lt;section[39m
      [33maria-atomic[39m=[32m&quot;true&quot;[39m
      [33maria-label[39m=[32m&quot;Zaman aşımı uyarısı&quot;[39m
      [33maria-live[39m=[32m&quot;assertive&quot;[39m
      [33mlang[39m=[32m&quot;tr&quot;[39m
      [33mrole[39m=[32m&quot;alert&quot;[39m
      [33mstyle[39m=[32m&quot;background-color: white; padding: 40px; border-radius: 12px; box-shadow: 0 4px 16px rgba(0,0,0,0.1); margin-bottom: 30px; text-align: center; animation: fadeIn 0.3s ease-in; border: 2px solid rgb(255, 193, 7);&quot;[39m
    [36m&gt;[39m
      [36m&lt;div[39m
        [33maria-label[39m=[32m&quot;Uyarı&quot;[39m
        [33mrole[39m=[32m&quot;img&quot;[39m
        [33mstyle[39m=[32m&quot;font-size: 64px; margin-bottom: 20px;&quot;[39m
      [36m&gt;[39m
        [0m⚠️[0m
      [36m&lt;/div&gt;[39m
      [36m&lt;h2[39m
        [33mstyle[39m=[32m&quot;color: rgb(133, 100, 4); margin-bottom: 15px; font-size: 24px;&quot;[39m
      [36m&gt;[39m
        [36m&lt;span[39m
          [33maria-label[39m=[32m&quot;Zaman&quot;[39m
          [33mrole[39m=[32m&quot;img&quot;[39m
        [36m&gt;[39m
          [0m⏱️[0m
        [36m&lt;/span&gt;[39m
        [0m Zaman Aşımı[0m
      [36m&lt;/h2&gt;[39m
      [36m&lt;p[39m
        [33mstyle[39m=[32m&quot;color: rgb(73, 80, 87); font-size: 16px; margin-bottom: 20px; line-height: 1.6;&quot;[39m
      [36m&gt;[39m
        [0mVideoları 20 saniye içinde yükleyemedik.[0m
      [36m&lt;/p&gt;[39m
      [36m&lt;div[39m
        [33mstyle[39m=[32m&quot;display: flex; gap: 15px; justify-content: center; flex-wrap: wrap;&quot;[39m
      [36m&gt;[39m
        [36m&lt;button[39m
          [33maria-label[39m=[32m&quot;Örnek videoları göster&quot;[39m
          [33mstyle[39m=[32m&quot;padding: 12px 24px; background-color: rgb(40, 167, 69); color: white; border-radius: 8px; font-size: 16px; font-weight: 600; cursor: pointer; transition: all 0.2s ease; box-shadow: 0 2px 8px rgba(40,167,69,0.3);&quot;[39m
          [33mtype[39m=[32m&quot;button&quot;[39m
        [36m&gt;[39m
          [36m&lt;span[39m
            [33maria-hidden[39m=[32m&quot;true&quot;[39m
          [36m&gt;[39m
            [0m📺[0m
          [36m&lt;/span&gt;[39m
          [0m Örnek Videoları Göster[0m
        [36m&lt;/button&gt;[39m
      [36m&lt;/div&gt;[39m
      [36m&lt;aside[39m
        [33maria-label[39m=[32m&quot;Sorun giderme önerileri&quot;[39m
        [33mstyle[39m=[32m&quot;margin-top: 30px; padding: 15px; background-color: rgb(248, 249, 250); border-radius: 8px; border: 1px solid rgb(222, 226, 230);&quot;[39m
      [36m&gt;[39m
        [36m&lt;p[39m
          [33mstyle[39m=[32m&quot;color: rgb(73, 80, 87); font-size: 14px; margin: 0px; line-height: 1.6;&quot;[39m
        [36m&gt;[39m
          [36m&lt;span[39m
            [33maria-label[39m=[32m&quot;Öneri&quot;[39m
            [33mrole[39m=[32m&quot;img&quot;[39m
          [36m&gt;[39m
            [0m💡[0m
          [36m&lt;/span&gt;[39m
          [0m [0m
          [36m&lt;strong&gt;[39m
            [0mSorun devam ederse:[0m
          [36m&lt;/strong&gt;[39m
          [36m&lt;br /&gt;[39m
          [0m• İnternet bağlantınızı kontrol edin[0m
          [36m&lt;br /&gt;[39m
          [0m• Sayfayı yenileyin[0m
          [36m&lt;br /&gt;[39m
          [0m• Birkaç dakika sonra tekrar deneyin[0m
        [36m&lt;/p&gt;[39m
      [36m&lt;/aside&gt;[39m
    [36m&lt;/section&gt;[39m
  [36m&lt;/div&gt;[39m
[36m&lt;/body&gt;[39m" type="TestingLibraryElementError">
TestingLibraryElementError: Unable to find an element with the text: /Kişiselleştirilmiş Videolar Yüklenemedi/i. This could be because the text is broken up by multiple elements. In this case, you can provide a function for your text matcher to make your matcher more flexible.

Ignored nodes: comments, script, style
&lt;body&gt;
  &lt;div&gt;
    &lt;section
      aria-atomic=&quot;true&quot;
      aria-label=&quot;Zaman aşımı uyarısı&quot;
      aria-live=&quot;assertive&quot;
      lang=&quot;tr&quot;
      role=&quot;alert&quot;
      style=&quot;background-color: white; padding: 40px; border-radius: 12px; box-shadow: 0 4px 16px rgba(0,0,0,0.1); margin-bottom: 30px; text-align: center; animation: fadeIn 0.3s ease-in; border: 2px solid rgb(255, 193, 7);&quot;
    &gt;
      &lt;div
        aria-label=&quot;Uyarı&quot;
        role=&quot;img&quot;
        style=&quot;font-size: 64px; margin-bottom: 20px;&quot;
      &gt;
        ⚠️
      &lt;/div&gt;
      &lt;h2
        style=&quot;color: rgb(133, 100, 4); margin-bottom: 15px; font-size: 24px;&quot;
      &gt;
        &lt;span
          aria-label=&quot;Zaman&quot;
          role=&quot;img&quot;
        &gt;
          ⏱️
        &lt;/span&gt;
         Zaman Aşımı
      &lt;/h2&gt;
      &lt;p
        style=&quot;color: rgb(73, 80, 87); font-size: 16px; margin-bottom: 20px; line-height: 1.6;&quot;
      &gt;
        Videoları 20 saniye içinde yükleyemedik.
      &lt;/p&gt;
      &lt;div
        style=&quot;display: flex; gap: 15px; justify-content: center; flex-wrap: wrap;&quot;
      &gt;
        &lt;button
          aria-label=&quot;Örnek videoları göster&quot;
          style=&quot;padding: 12px 24px; background-color: rgb(40, 167, 69); color: white; border-radius: 8px; font-size: 16px; font-weight: 600; cursor: pointer; transition: all 0.2s ease; box-shadow: 0 2px 8px rgba(40,167,69,0.3);&quot;
          type=&quot;button&quot;
        &gt;
          &lt;span
            aria-hidden=&quot;true&quot;
          &gt;
            📺
          &lt;/span&gt;
           Örnek Videoları Göster
        &lt;/button&gt;
      &lt;/div&gt;
      &lt;aside
        aria-label=&quot;Sorun giderme önerileri&quot;
        style=&quot;margin-top: 30px; padding: 15px; background-color: rgb(248, 249, 250); border-radius: 8px; border: 1px solid rgb(222, 226, 230);&quot;
      &gt;
        &lt;p
          style=&quot;color: rgb(73, 80, 87); font-size: 14px; margin: 0px; line-height: 1.6;&quot;
        &gt;
          &lt;span
            aria-label=&quot;Öneri&quot;
            role=&quot;img&quot;
          &gt;
            💡
          &lt;/span&gt;
           
          &lt;strong&gt;
            Sorun devam ederse:
          &lt;/strong&gt;
          &lt;br /&gt;
          • İnternet bağlantınızı kontrol edin
          &lt;br /&gt;
          • Sayfayı yenileyin
          &lt;br /&gt;
          • Birkaç dakika sonra tekrar deneyin
        &lt;/p&gt;
      &lt;/aside&gt;
    &lt;/section&gt;
  &lt;/div&gt;
&lt;/body&gt;
 ❯ Object.getElementError node_modules/@testing-library/react/node_modules/@testing-library/dom/dist/config.js:37:19
 ❯ node_modules/@testing-library/react/node_modules/@testing-library/dom/dist/query-helpers.js:76:38
 ❯ node_modules/@testing-library/react/node_modules/@testing-library/dom/dist/query-helpers.js:52:17
 ❯ node_modules/@testing-library/react/node_modules/@testing-library/dom/dist/query-helpers.js:95:19
 ❯ src/components/__tests__/VideoLoadingUI.test.tsx:270:21
            </failure>
        </testcase>
        <testcase classname="src/components/__tests__/VideoLoadingUI.test.tsx" name="VideoLoadingUI Component &gt; Fallback State &gt; should display informational note" time="0.0155729">
            <failure message="Unable to find an element with the text: /Örnek videolar genel eğitim içerikleridir/i. This could be because the text is broken up by multiple elements. In this case, you can provide a function for your text matcher to make your matcher more flexible.

Ignored nodes: comments, script, style
[36m&lt;body&gt;[39m
  [36m&lt;div&gt;[39m
    [36m&lt;section[39m
      [33maria-atomic[39m=[32m&quot;true&quot;[39m
      [33maria-label[39m=[32m&quot;Zaman aşımı uyarısı&quot;[39m
      [33maria-live[39m=[32m&quot;assertive&quot;[39m
      [33mlang[39m=[32m&quot;tr&quot;[39m
      [33mrole[39m=[32m&quot;alert&quot;[39m
      [33mstyle[39m=[32m&quot;background-color: white; padding: 40px; border-radius: 12px; box-shadow: 0 4px 16px rgba(0,0,0,0.1); margin-bottom: 30px; text-align: center; animation: fadeIn 0.3s ease-in; border: 2px solid rgb(255, 193, 7);&quot;[39m
    [36m&gt;[39m
      [36m&lt;div[39m
        [33maria-label[39m=[32m&quot;Uyarı&quot;[39m
        [33mrole[39m=[32m&quot;img&quot;[39m
        [33mstyle[39m=[32m&quot;font-size: 64px; margin-bottom: 20px;&quot;[39m
      [36m&gt;[39m
        [0m⚠️[0m
      [36m&lt;/div&gt;[39m
      [36m&lt;h2[39m
        [33mstyle[39m=[32m&quot;color: rgb(133, 100, 4); margin-bottom: 15px; font-size: 24px;&quot;[39m
      [36m&gt;[39m
        [36m&lt;span[39m
          [33maria-label[39m=[32m&quot;Zaman&quot;[39m
          [33mrole[39m=[32m&quot;img&quot;[39m
        [36m&gt;[39m
          [0m⏱️[0m
        [36m&lt;/span&gt;[39m
        [0m Zaman Aşımı[0m
      [36m&lt;/h2&gt;[39m
      [36m&lt;p[39m
        [33mstyle[39m=[32m&quot;color: rgb(73, 80, 87); font-size: 16px; margin-bottom: 20px; line-height: 1.6;&quot;[39m
      [36m&gt;[39m
        [0mTimeout[0m
      [36m&lt;/p&gt;[39m
      [36m&lt;div[39m
        [33mstyle[39m=[32m&quot;display: flex; gap: 15px; justify-content: center; flex-wrap: wrap;&quot;[39m
      [36m/&gt;[39m
      [36m&lt;aside[39m
        [33maria-label[39m=[32m&quot;Sorun giderme önerileri&quot;[39m
        [33mstyle[39m=[32m&quot;margin-top: 30px; padding: 15px; background-color: rgb(248, 249, 250); border-radius: 8px; border: 1px solid rgb(222, 226, 230);&quot;[39m
      [36m&gt;[39m
        [36m&lt;p[39m
          [33mstyle[39m=[32m&quot;color: rgb(73, 80, 87); font-size: 14px; margin: 0px; line-height: 1.6;&quot;[39m
        [36m&gt;[39m
          [36m&lt;span[39m
            [33maria-label[39m=[32m&quot;Öneri&quot;[39m
            [33mrole[39m=[32m&quot;img&quot;[39m
          [36m&gt;[39m
            [0m💡[0m
          [36m&lt;/span&gt;[39m
          [0m [0m
          [36m&lt;strong&gt;[39m
            [0mSorun devam ederse:[0m
          [36m&lt;/strong&gt;[39m
          [36m&lt;br /&gt;[39m
          [0m• İnternet bağlantınızı kontrol edin[0m
          [36m&lt;br /&gt;[39m
          [0m• Sayfayı yenileyin[0m
          [36m&lt;br /&gt;[39m
          [0m• Birkaç dakika sonra tekrar deneyin[0m
        [36m&lt;/p&gt;[39m
      [36m&lt;/aside&gt;[39m
    [36m&lt;/section&gt;[39m
  [36m&lt;/div&gt;[39m
[36m&lt;/body&gt;[39m" type="TestingLibraryElementError">
TestingLibraryElementError: Unable to find an element with the text: /Örnek videolar genel eğitim içerikleridir/i. This could be because the text is broken up by multiple elements. In this case, you can provide a function for your text matcher to make your matcher more flexible.

Ignored nodes: comments, script, style
&lt;body&gt;
  &lt;div&gt;
    &lt;section
      aria-atomic=&quot;true&quot;
      aria-label=&quot;Zaman aşımı uyarısı&quot;
      aria-live=&quot;assertive&quot;
      lang=&quot;tr&quot;
      role=&quot;alert&quot;
      style=&quot;background-color: white; padding: 40px; border-radius: 12px; box-shadow: 0 4px 16px rgba(0,0,0,0.1); margin-bottom: 30px; text-align: center; animation: fadeIn 0.3s ease-in; border: 2px solid rgb(255, 193, 7);&quot;
    &gt;
      &lt;div
        aria-label=&quot;Uyarı&quot;
        role=&quot;img&quot;
        style=&quot;font-size: 64px; margin-bottom: 20px;&quot;
      &gt;
        ⚠️
      &lt;/div&gt;
      &lt;h2
        style=&quot;color: rgb(133, 100, 4); margin-bottom: 15px; font-size: 24px;&quot;
      &gt;
        &lt;span
          aria-label=&quot;Zaman&quot;
          role=&quot;img&quot;
        &gt;
          ⏱️
        &lt;/span&gt;
         Zaman Aşımı
      &lt;/h2&gt;
      &lt;p
        style=&quot;color: rgb(73, 80, 87); font-size: 16px; margin-bottom: 20px; line-height: 1.6;&quot;
      &gt;
        Timeout
      &lt;/p&gt;
      &lt;div
        style=&quot;display: flex; gap: 15px; justify-content: center; flex-wrap: wrap;&quot;
      /&gt;
      &lt;aside
        aria-label=&quot;Sorun giderme önerileri&quot;
        style=&quot;margin-top: 30px; padding: 15px; background-color: rgb(248, 249, 250); border-radius: 8px; border: 1px solid rgb(222, 226, 230);&quot;
      &gt;
        &lt;p
          style=&quot;color: rgb(73, 80, 87); font-size: 14px; margin: 0px; line-height: 1.6;&quot;
        &gt;
          &lt;span
            aria-label=&quot;Öneri&quot;
            role=&quot;img&quot;
          &gt;
            💡
          &lt;/span&gt;
           
          &lt;strong&gt;
            Sorun devam ederse:
          &lt;/strong&gt;
          &lt;br /&gt;
          • İnternet bağlantınızı kontrol edin
          &lt;br /&gt;
          • Sayfayı yenileyin
          &lt;br /&gt;
          • Birkaç dakika sonra tekrar deneyin
        &lt;/p&gt;
      &lt;/aside&gt;
    &lt;/section&gt;
  &lt;/div&gt;
&lt;/body&gt;
 ❯ Object.getElementError node_modules/@testing-library/react/node_modules/@testing-library/dom/dist/config.js:37:19
 ❯ node_modules/@testing-library/react/node_modules/@testing-library/dom/dist/query-helpers.js:76:38
 ❯ node_modules/@testing-library/react/node_modules/@testing-library/dom/dist/query-helpers.js:52:17
 ❯ node_modules/@testing-library/react/node_modules/@testing-library/dom/dist/query-helpers.js:95:19
 ❯ src/components/__tests__/VideoLoadingUI.test.tsx:288:16
            </failure>
        </testcase>
        <testcase classname="src/components/__tests__/VideoLoadingUI.test.tsx" name="VideoLoadingUI Component &gt; Button Interactions &gt; should handle retry button hover effects" time="0.0182542">
            <failure message="Found multiple elements with the text: /Tekrar Dene/i

Here are the matching elements:

Ignored nodes: comments, script, style
[36m&lt;button[39m
  [33maria-label[39m=[32m&quot;Videoları tekrar yüklemeyi dene&quot;[39m
  [33mstyle[39m=[32m&quot;padding: 12px 24px; background-color: rgb(0, 123, 255); color: white; border-radius: 8px; font-size: 16px; font-weight: 600; cursor: pointer; transition: all 0.2s ease; box-shadow: 0 2px 8px rgba(0,123,255,0.3);&quot;[39m
  [33mtype[39m=[32m&quot;button&quot;[39m
[36m&gt;[39m
  [36m&lt;span[39m
    [33maria-hidden[39m=[32m&quot;true&quot;[39m
  [36m&gt;[39m
    [0m🔄[0m
  [36m&lt;/span&gt;[39m
  [0m Tekrar Dene[0m
[36m&lt;/button&gt;[39m

Ignored nodes: comments, script, style
[36m&lt;p[39m
  [33mstyle[39m=[32m&quot;color: rgb(73, 80, 87); font-size: 14px; margin: 0px; line-height: 1.6;&quot;[39m
[36m&gt;[39m
  [36m&lt;span[39m
    [33maria-label[39m=[32m&quot;Öneri&quot;[39m
    [33mrole[39m=[32m&quot;img&quot;[39m
  [36m&gt;[39m
    [0m💡[0m
  [36m&lt;/span&gt;[39m
  [0m [0m
  [36m&lt;strong&gt;[39m
    [0mSorun devam ederse:[0m
  [36m&lt;/strong&gt;[39m
  [36m&lt;br /&gt;[39m
  [0m• İnternet bağlantınızı kontrol edin[0m
  [36m&lt;br /&gt;[39m
  [0m• Sayfayı yenileyin[0m
  [36m&lt;br /&gt;[39m
  [0m• Birkaç dakika sonra tekrar deneyin[0m
[36m&lt;/p&gt;[39m

(If this is intentional, then use the `*AllBy*` variant of the query (like `queryAllByText`, `getAllByText`, or `findAllByText`)).

Ignored nodes: comments, script, style
[36m&lt;body&gt;[39m
  [36m&lt;div&gt;[39m
    [36m&lt;section[39m
      [33maria-atomic[39m=[32m&quot;true&quot;[39m
      [33maria-label[39m=[32m&quot;Hata mesajı&quot;[39m
      [33maria-live[39m=[32m&quot;assertive&quot;[39m
      [33mlang[39m=[32m&quot;tr&quot;[39m
      [33mrole[39m=[32m&quot;alert&quot;[39m
      [33mstyle[39m=[32m&quot;background-color: white; padding: 40px; border-radius: 12px; box-shadow: 0 4px 16px rgba(0,0,0,0.1); margin-bottom: 30px; text-align: center; animation: fadeIn 0.3s ease-in; border: 2px solid rgb(220, 53, 69);&quot;[39m
    [36m&gt;[39m
      [36m&lt;div[39m
        [33maria-label[39m=[32m&quot;Hata&quot;[39m
        [33mrole[39m=[32m&quot;img&quot;[39m
        [33mstyle[39m=[32m&quot;font-size: 64px; margin-bottom: 20px;&quot;[39m
      [36m&gt;[39m
        [0m❌[0m
      [36m&lt;/div&gt;[39m
      [36m&lt;h2[39m
        [33mstyle[39m=[32m&quot;color: rgb(220, 53, 69); margin-bottom: 15px; font-size: 24px;&quot;[39m
      [36m&gt;[39m
        [36m&lt;span[39m
          [33maria-label[39m=[32m&quot;Hata&quot;[39m
          [33mrole[39m=[32m&quot;img&quot;[39m
        [36m&gt;[39m
          [0m❌[0m
        [36m&lt;/span&gt;[39m
        [0m Hata Oluştu[0m
      [36m&lt;/h2&gt;[39m
      [36m&lt;p[39m
        [33mstyle[39m=[32m&quot;color: rgb(73, 80, 87); font-size: 16px; margin-bottom: 20px; line-height: 1.6;&quot;[39m
      [36m&gt;[39m
        [0mError[0m
      [36m&lt;/p&gt;[39m
      [36m&lt;div[39m
        [33mstyle[39m=[32m&quot;display: flex; gap: 15px; justify-content: center; flex-wrap: wrap;&quot;[39m
      [36m&gt;[39m
        [36m&lt;button[39m
          [33maria-label[39m=[32m&quot;Videoları tekrar yüklemeyi dene&quot;[39m
          [33mstyle[39m=[32m&quot;padding: 12px 24px; background-color: rgb(0, 123, 255); color: white; border-radius: 8px; font-size: 16px; font-weight: 600; cursor: pointer; transition: all 0.2s ease; box-shadow: 0 2px 8px rgba(0,123,255,0.3);&quot;[39m
          [33mtype[39m=[32m&quot;button&quot;[39m
        [36m&gt;[39m
          [36m&lt;span[39m
            [33maria-hidden[39m=[32m&quot;true&quot;[39m
          [36m&gt;[39m
            [0m🔄[0m
          [36m&lt;/span&gt;[39m
          [0m Tekrar Dene[0m
        [36m&lt;/button&gt;[39m
      [36m&lt;/div&gt;[39m
      [36m&lt;aside[39m
        [33maria-label[39m=[32m&quot;Sorun giderme önerileri&quot;[39m
        [33mstyle[39m=[32m&quot;margin-top: 30px; padding: 15px; background-color: rgb(248, 249, 250); border-radius: 8px; border: 1px solid rgb(222, 226, 230);&quot;[39m
      [36m&gt;[39m
        [36m&lt;p[39m
          [33mstyle[39m=[32m&quot;color: rgb(73, 80, 87); font-size: 14px; margin: 0px; line-height: 1.6;&quot;[39m
        [36m&gt;[39m
          [36m&lt;span[39m
            [33maria-label[39m=[32m&quot;Öneri&quot;[39m
            [33mrole[39m=[32m&quot;img&quot;[39m
          [36m&gt;[39m
            [0m💡[0m
          [36m&lt;/span&gt;[39m
          [0m [0m
          [36m&lt;strong&gt;[39m
            [0mSorun devam ederse:[0m
          [36m&lt;/strong&gt;[39m
          [36m&lt;br /&gt;[39m
          [0m• İnternet bağlantınızı kontrol edin[0m
          [36m&lt;br /&gt;[39m
          [0m• Sayfayı yenileyin[0m
          [36m&lt;br /&gt;[39m
          [0m• Birkaç dakika sonra tekrar deneyin[0m
        [36m&lt;/p&gt;[39m
      [36m&lt;/aside&gt;[39m
    [36m&lt;/section&gt;[39m
  [36m&lt;/div&gt;[39m
[36m&lt;/body&gt;[39m" type="TestingLibraryElementError">
TestingLibraryElementError: Found multiple elements with the text: /Tekrar Dene/i

Here are the matching elements:

Ignored nodes: comments, script, style
&lt;button
  aria-label=&quot;Videoları tekrar yüklemeyi dene&quot;
  style=&quot;padding: 12px 24px; background-color: rgb(0, 123, 255); color: white; border-radius: 8px; font-size: 16px; font-weight: 600; cursor: pointer; transition: all 0.2s ease; box-shadow: 0 2px 8px rgba(0,123,255,0.3);&quot;
  type=&quot;button&quot;
&gt;
  &lt;span
    aria-hidden=&quot;true&quot;
  &gt;
    🔄
  &lt;/span&gt;
   Tekrar Dene
&lt;/button&gt;

Ignored nodes: comments, script, style
&lt;p
  style=&quot;color: rgb(73, 80, 87); font-size: 14px; margin: 0px; line-height: 1.6;&quot;
&gt;
  &lt;span
    aria-label=&quot;Öneri&quot;
    role=&quot;img&quot;
  &gt;
    💡
  &lt;/span&gt;
   
  &lt;strong&gt;
    Sorun devam ederse:
  &lt;/strong&gt;
  &lt;br /&gt;
  • İnternet bağlantınızı kontrol edin
  &lt;br /&gt;
  • Sayfayı yenileyin
  &lt;br /&gt;
  • Birkaç dakika sonra tekrar deneyin
&lt;/p&gt;

(If this is intentional, then use the `*AllBy*` variant of the query (like `queryAllByText`, `getAllByText`, or `findAllByText`)).

Ignored nodes: comments, script, style
&lt;body&gt;
  &lt;div&gt;
    &lt;section
      aria-atomic=&quot;true&quot;
      aria-label=&quot;Hata mesajı&quot;
      aria-live=&quot;assertive&quot;
      lang=&quot;tr&quot;
      role=&quot;alert&quot;
      style=&quot;background-color: white; padding: 40px; border-radius: 12px; box-shadow: 0 4px 16px rgba(0,0,0,0.1); margin-bottom: 30px; text-align: center; animation: fadeIn 0.3s ease-in; border: 2px solid rgb(220, 53, 69);&quot;
    &gt;
      &lt;div
        aria-label=&quot;Hata&quot;
        role=&quot;img&quot;
        style=&quot;font-size: 64px; margin-bottom: 20px;&quot;
      &gt;
        ❌
      &lt;/div&gt;
      &lt;h2
        style=&quot;color: rgb(220, 53, 69); margin-bottom: 15px; font-size: 24px;&quot;
      &gt;
        &lt;span
          aria-label=&quot;Hata&quot;
          role=&quot;img&quot;
        &gt;
          ❌
        &lt;/span&gt;
         Hata Oluştu
      &lt;/h2&gt;
      &lt;p
        style=&quot;color: rgb(73, 80, 87); font-size: 16px; margin-bottom: 20px; line-height: 1.6;&quot;
      &gt;
        Error
      &lt;/p&gt;
      &lt;div
        style=&quot;display: flex; gap: 15px; justify-content: center; flex-wrap: wrap;&quot;
      &gt;
        &lt;button
          aria-label=&quot;Videoları tekrar yüklemeyi dene&quot;
          style=&quot;padding: 12px 24px; background-color: rgb(0, 123, 255); color: white; border-radius: 8px; font-size: 16px; font-weight: 600; cursor: pointer; transition: all 0.2s ease; box-shadow: 0 2px 8px rgba(0,123,255,0.3);&quot;
          type=&quot;button&quot;
        &gt;
          &lt;span
            aria-hidden=&quot;true&quot;
          &gt;
            🔄
          &lt;/span&gt;
           Tekrar Dene
        &lt;/button&gt;
      &lt;/div&gt;
      &lt;aside
        aria-label=&quot;Sorun giderme önerileri&quot;
        style=&quot;margin-top: 30px; padding: 15px; background-color: rgb(248, 249, 250); border-radius: 8px; border: 1px solid rgb(222, 226, 230);&quot;
      &gt;
        &lt;p
          style=&quot;color: rgb(73, 80, 87); font-size: 14px; margin: 0px; line-height: 1.6;&quot;
        &gt;
          &lt;span
            aria-label=&quot;Öneri&quot;
            role=&quot;img&quot;
          &gt;
            💡
          &lt;/span&gt;
           
          &lt;strong&gt;
            Sorun devam ederse:
          &lt;/strong&gt;
          &lt;br /&gt;
          • İnternet bağlantınızı kontrol edin
          &lt;br /&gt;
          • Sayfayı yenileyin
          &lt;br /&gt;
          • Birkaç dakika sonra tekrar deneyin
        &lt;/p&gt;
      &lt;/aside&gt;
    &lt;/section&gt;
  &lt;/div&gt;
&lt;/body&gt;
 ❯ Object.getElementError node_modules/@testing-library/react/node_modules/@testing-library/dom/dist/config.js:37:19
 ❯ getElementError node_modules/@testing-library/react/node_modules/@testing-library/dom/dist/query-helpers.js:20:35
 ❯ getMultipleElementsFoundError node_modules/@testing-library/react/node_modules/@testing-library/dom/dist/query-helpers.js:23:10
 ❯ node_modules/@testing-library/react/node_modules/@testing-library/dom/dist/query-helpers.js:55:13
 ❯ node_modules/@testing-library/react/node_modules/@testing-library/dom/dist/query-helpers.js:95:19
 ❯ src/components/__tests__/VideoLoadingUI.test.tsx:303:34
            </failure>
        </testcase>
        <testcase classname="src/components/__tests__/VideoLoadingUI.test.tsx" name="VideoLoadingUI Component &gt; Button Interactions &gt; should handle fallback button hover effects" time="0.1684815">
            <failure message="[2mexpect([22m[31melement[39m[2m).toHaveStyle()[22m

[32m- Expected[39m

[32m- backgroundColor: rgb(90, 98, 104);[39m" type="Error">
Error: expect(element).toHaveStyle()

- Expected

- backgroundColor: rgb(90, 98, 104);
 ❯ src/components/__tests__/VideoLoadingUI.test.tsx:326:30
            </failure>
        </testcase>
        <testcase classname="src/components/__tests__/VideoLoadingUI.test.tsx" name="VideoLoadingUI Component &gt; Animations &gt; should apply fadeIn animation to loading state" time="0.0737226">
        </testcase>
        <testcase classname="src/components/__tests__/VideoLoadingUI.test.tsx" name="VideoLoadingUI Component &gt; Animations &gt; should apply fadeIn animation to success state" time="0.054814">
        </testcase>
        <testcase classname="src/components/__tests__/VideoLoadingUI.test.tsx" name="VideoLoadingUI Component &gt; Edge Cases &gt; should handle empty videos array in success state" time="0.0187505">
            <failure message="Unable to find an element with the text: /0 video bulundu/i. This could be because the text is broken up by multiple elements. In this case, you can provide a function for your text matcher to make your matcher more flexible.

Ignored nodes: comments, script, style
[36m&lt;body&gt;[39m
  [36m&lt;div&gt;[39m
    [36m&lt;section[39m
      [33maria-atomic[39m=[32m&quot;true&quot;[39m
      [33maria-label[39m=[32m&quot;Video yükleme başarılı&quot;[39m
      [33maria-live[39m=[32m&quot;polite&quot;[39m
      [33mlang[39m=[32m&quot;tr&quot;[39m
      [33mrole[39m=[32m&quot;status&quot;[39m
      [33mstyle[39m=[32m&quot;background-color: white; padding: 40px; border-radius: 12px; box-shadow: 0 4px 16px rgba(0,0,0,0.1); margin-bottom: 30px; text-align: center; animation: fadeIn 0.5s ease-in; border: 2px solid rgb(40, 167, 69);&quot;[39m
    [36m&gt;[39m
      [36m&lt;div[39m
        [33maria-label[39m=[32m&quot;Başarılı&quot;[39m
        [33mrole[39m=[32m&quot;img&quot;[39m
        [33mstyle[39m=[32m&quot;font-size: 64px; margin-bottom: 20px; animation: bounceIn 0.6s ease-out;&quot;[39m
      [36m&gt;[39m
        [0m✅[0m
      [36m&lt;/div&gt;[39m
      [36m&lt;h2[39m
        [33mstyle[39m=[32m&quot;color: rgb(40, 167, 69); margin-bottom: 15px; font-size: 28px;&quot;[39m
      [36m&gt;[39m
        [36m&lt;span[39m
          [33maria-label[39m=[32m&quot;Kutlama&quot;[39m
          [33mrole[39m=[32m&quot;img&quot;[39m
        [36m&gt;[39m
          [0m🎉[0m
        [36m&lt;/span&gt;[39m
        [0m Videolar Başarıyla Yüklendi![0m
      [36m&lt;/h2&gt;[39m
      [36m&lt;p[39m
        [33mstyle[39m=[32m&quot;color: rgb(51, 51, 51); font-size: 18px; margin-bottom: 10px;&quot;[39m
      [36m&gt;[39m
        [36m&lt;strong&gt;[39m
          [0m0[0m
          [0m adet[0m
        [36m&lt;/strong&gt;[39m
        [0m kişiselleştirilmiş video bulundu[0m
      [36m&lt;/p&gt;[39m
      [36m&lt;p[39m
        [33mstyle[39m=[32m&quot;color: rgb(89, 89, 89); font-size: 14px; margin-bottom: 20px;&quot;[39m
      [36m&gt;[39m
        [36m&lt;span[39m
          [33maria-label[39m=[32m&quot;Hızlı&quot;[39m
          [33mrole[39m=[32m&quot;img&quot;[39m
        [36m&gt;[39m
          [0m⚡[0m
        [36m&lt;/span&gt;[39m
        [0m Yükleme süresi: [0m
        [0m1.0[0m
        [0m saniye[0m
      [36m&lt;/p&gt;[39m
    [36m&lt;/section&gt;[39m
  [36m&lt;/div&gt;[39m
[36m&lt;/body&gt;[39m" type="TestingLibraryElementError">
TestingLibraryElementError: Unable to find an element with the text: /0 video bulundu/i. This could be because the text is broken up by multiple elements. In this case, you can provide a function for your text matcher to make your matcher more flexible.

Ignored nodes: comments, script, style
&lt;body&gt;
  &lt;div&gt;
    &lt;section
      aria-atomic=&quot;true&quot;
      aria-label=&quot;Video yükleme başarılı&quot;
      aria-live=&quot;polite&quot;
      lang=&quot;tr&quot;
      role=&quot;status&quot;
      style=&quot;background-color: white; padding: 40px; border-radius: 12px; box-shadow: 0 4px 16px rgba(0,0,0,0.1); margin-bottom: 30px; text-align: center; animation: fadeIn 0.5s ease-in; border: 2px solid rgb(40, 167, 69);&quot;
    &gt;
      &lt;div
        aria-label=&quot;Başarılı&quot;
        role=&quot;img&quot;
        style=&quot;font-size: 64px; margin-bottom: 20px; animation: bounceIn 0.6s ease-out;&quot;
      &gt;
        ✅
      &lt;/div&gt;
      &lt;h2
        style=&quot;color: rgb(40, 167, 69); margin-bottom: 15px; font-size: 28px;&quot;
      &gt;
        &lt;span
          aria-label=&quot;Kutlama&quot;
          role=&quot;img&quot;
        &gt;
          🎉
        &lt;/span&gt;
         Videolar Başarıyla Yüklendi!
      &lt;/h2&gt;
      &lt;p
        style=&quot;color: rgb(51, 51, 51); font-size: 18px; margin-bottom: 10px;&quot;
      &gt;
        &lt;strong&gt;
          0
           adet
        &lt;/strong&gt;
         kişiselleştirilmiş video bulundu
      &lt;/p&gt;
      &lt;p
        style=&quot;color: rgb(89, 89, 89); font-size: 14px; margin-bottom: 20px;&quot;
      &gt;
        &lt;span
          aria-label=&quot;Hızlı&quot;
          role=&quot;img&quot;
        &gt;
          ⚡
        &lt;/span&gt;
         Yükleme süresi: 
        1.0
         saniye
      &lt;/p&gt;
    &lt;/section&gt;
  &lt;/div&gt;
&lt;/body&gt;
 ❯ Object.getElementError node_modules/@testing-library/react/node_modules/@testing-library/dom/dist/config.js:37:19
 ❯ node_modules/@testing-library/react/node_modules/@testing-library/dom/dist/query-helpers.js:76:38
 ❯ node_modules/@testing-library/react/node_modules/@testing-library/dom/dist/query-helpers.js:52:17
 ❯ node_modules/@testing-library/react/node_modules/@testing-library/dom/dist/query-helpers.js:95:19
 ❯ src/components/__tests__/VideoLoadingUI.test.tsx:370:21
            </failure>
        </testcase>
        <testcase classname="src/components/__tests__/VideoLoadingUI.test.tsx" name="VideoLoadingUI Component &gt; Edge Cases &gt; should handle missing error message" time="0.0159075">
        </testcase>
        <testcase classname="src/components/__tests__/VideoLoadingUI.test.tsx" name="VideoLoadingUI Component &gt; Edge Cases &gt; should handle missing callbacks gracefully" time="0.0109993">
        </testcase>
    </testsuite>
    <testsuite name="src/hooks/__tests__/useOfflineMode.test.ts" timestamp="2025-11-14T16:56:52.482Z" hostname="ates" tests="29" failures="15" errors="0" skipped="0" time="132.0253866">
        <testcase classname="src/hooks/__tests__/useOfflineMode.test.ts" name="useOfflineMode &gt; Hook Initialization &gt; should initialize with online state" time="0.0534254">
        </testcase>
        <testcase classname="src/hooks/__tests__/useOfflineMode.test.ts" name="useOfflineMode &gt; Hook Initialization &gt; should initialize with offline state when navigator is offline" time="0.0321177">
            <failure message="expected true to be false // Object.is equality" type="AssertionError">
AssertionError: expected true to be false // Object.is equality

- Expected
+ Received

- false
+ true

 ❯ src/hooks/__tests__/useOfflineMode.test.ts:50:39
            </failure>
        </testcase>
        <testcase classname="src/hooks/__tests__/useOfflineMode.test.ts" name="useOfflineMode &gt; Hook Initialization &gt; should accept options" time="0.0100071">
        </testcase>
        <testcase classname="src/hooks/__tests__/useOfflineMode.test.ts" name="useOfflineMode &gt; Network State &gt; should provide network state" time="0.0061308">
        </testcase>
        <testcase classname="src/hooks/__tests__/useOfflineMode.test.ts" name="useOfflineMode &gt; Network State &gt; should update network state on offline event" time="10.013487">
            <failure message="Test timed out in 10000ms.
If this is a long-running test, pass a timeout value as the last argument or configure it globally with &quot;testTimeout&quot;." type="Error">
Error: Test timed out in 10000ms.
If this is a long-running test, pass a timeout value as the last argument or configure it globally with &quot;testTimeout&quot;.
 ❯ src/hooks/__tests__/useOfflineMode.test.ts:79:5
            </failure>
        </testcase>
        <testcase classname="src/hooks/__tests__/useOfflineMode.test.ts" name="useOfflineMode &gt; Network State &gt; should update network state on online event" time="10.0054592">
            <failure message="Test timed out in 10000ms.
If this is a long-running test, pass a timeout value as the last argument or configure it globally with &quot;testTimeout&quot;." type="Error">
Error: Test timed out in 10000ms.
If this is a long-running test, pass a timeout value as the last argument or configure it globally with &quot;testTimeout&quot;.
 ❯ src/hooks/__tests__/useOfflineMode.test.ts:92:5
            </failure>
        </testcase>
        <testcase classname="src/hooks/__tests__/useOfflineMode.test.ts" name="useOfflineMode &gt; Offline Mode State &gt; should provide offline mode state" time="0.009496">
            <failure message="expected true to be false // Object.is equality" type="AssertionError">
AssertionError: expected true to be false // Object.is equality

- Expected
+ Received

- false
+ true

 ❯ src/hooks/__tests__/useOfflineMode.test.ts:120:57
            </failure>
        </testcase>
        <testcase classname="src/hooks/__tests__/useOfflineMode.test.ts" name="useOfflineMode &gt; Offline Mode State &gt; should show offline UI when offline" time="10.0228234">
            <failure message="Test timed out in 10000ms.
If this is a long-running test, pass a timeout value as the last argument or configure it globally with &quot;testTimeout&quot;." type="Error">
Error: Test timed out in 10000ms.
If this is a long-running test, pass a timeout value as the last argument or configure it globally with &quot;testTimeout&quot;.
 ❯ src/hooks/__tests__/useOfflineMode.test.ts:124:5
            </failure>
        </testcase>
        <testcase classname="src/hooks/__tests__/useOfflineMode.test.ts" name="useOfflineMode &gt; Offline Mode State &gt; should track offline duration" time="10.0149441">
            <failure message="Test timed out in 10000ms.
If this is a long-running test, pass a timeout value as the last argument or configure it globally with &quot;testTimeout&quot;." type="Error">
Error: Test timed out in 10000ms.
If this is a long-running test, pass a timeout value as the last argument or configure it globally with &quot;testTimeout&quot;.
 ❯ src/hooks/__tests__/useOfflineMode.test.ts:136:5
            </failure>
        </testcase>
        <testcase classname="src/hooks/__tests__/useOfflineMode.test.ts" name="useOfflineMode &gt; Pending Requests &gt; should register pending request" time="10.0177246">
            <failure message="Test timed out in 10000ms.
If this is a long-running test, pass a timeout value as the last argument or configure it globally with &quot;testTimeout&quot;." type="Error">
Error: Test timed out in 10000ms.
If this is a long-running test, pass a timeout value as the last argument or configure it globally with &quot;testTimeout&quot;.
 ❯ src/hooks/__tests__/useOfflineMode.test.ts:158:5
            </failure>
        </testcase>
        <testcase classname="src/hooks/__tests__/useOfflineMode.test.ts" name="useOfflineMode &gt; Pending Requests &gt; should unregister pending request" time="10.0136973">
            <failure message="Test timed out in 10000ms.
If this is a long-running test, pass a timeout value as the last argument or configure it globally with &quot;testTimeout&quot;." type="Error">
Error: Test timed out in 10000ms.
If this is a long-running test, pass a timeout value as the last argument or configure it globally with &quot;testTimeout&quot;.
 ❯ src/hooks/__tests__/useOfflineMode.test.ts:170:5
            </failure>
        </testcase>
        <testcase classname="src/hooks/__tests__/useOfflineMode.test.ts" name="useOfflineMode &gt; Pending Requests &gt; should track multiple pending requests" time="10.0075629">
            <failure message="Test timed out in 10000ms.
If this is a long-running test, pass a timeout value as the last argument or configure it globally with &quot;testTimeout&quot;." type="Error">
Error: Test timed out in 10000ms.
If this is a long-running test, pass a timeout value as the last argument or configure it globally with &quot;testTimeout&quot;.
 ❯ src/hooks/__tests__/useOfflineMode.test.ts:190:5
            </failure>
        </testcase>
        <testcase classname="src/hooks/__tests__/useOfflineMode.test.ts" name="useOfflineMode &gt; Actions &gt; should check connection" time="0.016222">
            <failure message="expected false to be true // Object.is equality" type="AssertionError">
AssertionError: expected false to be true // Object.is equality

- Expected
+ Received

- true
+ false

 ❯ src/hooks/__tests__/useOfflineMode.test.ts:220:32
            </failure>
        </testcase>
        <testcase classname="src/hooks/__tests__/useOfflineMode.test.ts" name="useOfflineMode &gt; Actions &gt; should retry cancelled requests" time="10.0104947">
            <failure message="Test timed out in 10000ms.
If this is a long-running test, pass a timeout value as the last argument or configure it globally with &quot;testTimeout&quot;." type="Error">
Error: Test timed out in 10000ms.
If this is a long-running test, pass a timeout value as the last argument or configure it globally with &quot;testTimeout&quot;.
 ❯ src/hooks/__tests__/useOfflineMode.test.ts:223:5
            </failure>
        </testcase>
        <testcase classname="src/hooks/__tests__/useOfflineMode.test.ts" name="useOfflineMode &gt; Managers Access &gt; should provide access to NetworkDetector" time="0.0051032">
        </testcase>
        <testcase classname="src/hooks/__tests__/useOfflineMode.test.ts" name="useOfflineMode &gt; Managers Access &gt; should provide access to OfflineModeManager" time="0.0032796">
        </testcase>
        <testcase classname="src/hooks/__tests__/useOfflineMode.test.ts" name="useOfflineMode &gt; Derived State &gt; should provide isSlow flag" time="0.0044768">
        </testcase>
        <testcase classname="src/hooks/__tests__/useOfflineMode.test.ts" name="useOfflineMode &gt; Derived State &gt; should provide reconnectionInProgress flag" time="0.0031218">
        </testcase>
        <testcase classname="src/hooks/__tests__/useOfflineMode.test.ts" name="useOfflineMode &gt; VideoLoadingManager Integration &gt; should integrate with VideoLoadingManager" time="0.0033595">
        </testcase>
        <testcase classname="src/hooks/__tests__/useOfflineMode.test.ts" name="useOfflineMode &gt; VideoLoadingManager Integration &gt; should update VideoLoadingManager when provided" time="0.0055783">
        </testcase>
        <testcase classname="src/hooks/__tests__/useOfflineMode.test.ts" name="useOfflineMode &gt; Hook Cleanup &gt; should cleanup on unmount" time="0.0054163">
        </testcase>
        <testcase classname="src/hooks/__tests__/useOfflineMode.test.ts" name="useNetworkStatus &gt; Hook Initialization &gt; should initialize with online status" time="0.0125104">
            <failure message="expected &apos;offline&apos; to be &apos;online&apos; // Object.is equality" type="AssertionError">
AssertionError: expected &apos;offline&apos; to be &apos;online&apos; // Object.is equality

Expected: &quot;online&quot;
Received: &quot;offline&quot;

 ❯ src/hooks/__tests__/useOfflineMode.test.ts:343:37
            </failure>
        </testcase>
        <testcase classname="src/hooks/__tests__/useOfflineMode.test.ts" name="useNetworkStatus &gt; Hook Initialization &gt; should initialize with offline status when navigator is offline" time="0.0036231">
        </testcase>
        <testcase classname="src/hooks/__tests__/useOfflineMode.test.ts" name="useNetworkStatus &gt; Network Status Updates &gt; should update status on offline event" time="10.0170032">
            <failure message="Test timed out in 10000ms.
If this is a long-running test, pass a timeout value as the last argument or configure it globally with &quot;testTimeout&quot;." type="Error">
Error: Test timed out in 10000ms.
If this is a long-running test, pass a timeout value as the last argument or configure it globally with &quot;testTimeout&quot;.
 ❯ src/hooks/__tests__/useOfflineMode.test.ts:364:5
            </failure>
        </testcase>
        <testcase classname="src/hooks/__tests__/useOfflineMode.test.ts" name="useNetworkStatus &gt; Network Status Updates &gt; should update status on online event" time="41.6938429">
            <failure message="Test timed out in 10000ms.
If this is a long-running test, pass a timeout value as the last argument or configure it globally with &quot;testTimeout&quot;." type="Error">
Error: Test timed out in 10000ms.
If this is a long-running test, pass a timeout value as the last argument or configure it globally with &quot;testTimeout&quot;.
 ❯ src/hooks/__tests__/useOfflineMode.test.ts:377:5
            </failure>
        </testcase>
        <testcase classname="src/hooks/__tests__/useOfflineMode.test.ts" name="useNetworkStatus &gt; Network Information &gt; should provide network information" time="0.0041276">
        </testcase>
        <testcase classname="src/hooks/__tests__/useOfflineMode.test.ts" name="useNetworkStatus &gt; Network Information &gt; should provide isSlow flag" time="0.0089845">
        </testcase>
        <testcase classname="src/hooks/__tests__/useOfflineMode.test.ts" name="useNetworkStatus &gt; Network Information &gt; should provide reconnectionAttempts" time="0.0057032">
            <failure message="expected 5 to be +0 // Object.is equality" type="AssertionError">
AssertionError: expected 5 to be +0 // Object.is equality

- Expected
+ Received

- 0
+ 5

 ❯ src/hooks/__tests__/useOfflineMode.test.ts:424:51
            </failure>
        </testcase>
        <testcase classname="src/hooks/__tests__/useOfflineMode.test.ts" name="useNetworkStatus &gt; Hook Cleanup &gt; should cleanup on unmount" time="0.0085711">
        </testcase>
    </testsuite>
    <testsuite name="src/services/__tests__/examService.test.ts" timestamp="2025-11-14T16:56:52.495Z" hostname="ates" tests="30" failures="0" errors="0" skipped="0" time="0.0627542">
        <testcase classname="src/services/__tests__/examService.test.ts" name="ExamService &gt; Enum Değerleri &gt; ExamType enum değerlerini doğru döndürmeli" time="0.0063534">
        </testcase>
        <testcase classname="src/services/__tests__/examService.test.ts" name="ExamService &gt; Enum Değerleri &gt; ExamStatus enum değerlerini doğru döndürmeli" time="0.0015244">
        </testcase>
        <testcase classname="src/services/__tests__/examService.test.ts" name="ExamService &gt; Enum Değerleri &gt; QuestionDifficulty enum değerlerini doğru döndürmeli" time="0.001388">
        </testcase>
        <testcase classname="src/services/__tests__/examService.test.ts" name="ExamService &gt; createExam &gt; başarılı sınav oluşturma" time="0.0067743">
        </testcase>
        <testcase classname="src/services/__tests__/examService.test.ts" name="ExamService &gt; createExam &gt; sınav oluşturma hatası durumunda hata fırlatmalı" time="0.0056804">
        </testcase>
        <testcase classname="src/services/__tests__/examService.test.ts" name="ExamService &gt; startExam &gt; başarılı sınav başlatma" time="0.0028289">
        </testcase>
        <testcase classname="src/services/__tests__/examService.test.ts" name="ExamService &gt; getExamSession &gt; sınav oturum bilgilerini başarıyla getirmeli" time="0.0017455">
        </testcase>
        <testcase classname="src/services/__tests__/examService.test.ts" name="ExamService &gt; getCurrentQuestion &gt; mevcut soruyu başarıyla getirmeli" time="0.0011659">
        </testcase>
        <testcase classname="src/services/__tests__/examService.test.ts" name="ExamService &gt; saveAnswer &gt; cevabı başarıyla kaydetmeli" time="0.0018096">
        </testcase>
        <testcase classname="src/services/__tests__/examService.test.ts" name="ExamService &gt; navigateToQuestion &gt; belirli soruya başarıyla gitmeli" time="0.0015031">
        </testcase>
        <testcase classname="src/services/__tests__/examService.test.ts" name="ExamService &gt; flagQuestion &gt; soruyu başarıyla işaretlemeli" time="0.0012545">
        </testcase>
        <testcase classname="src/services/__tests__/examService.test.ts" name="ExamService &gt; getRemainingTime &gt; kalan süreyi başarıyla getirmeli" time="0.001303">
        </testcase>
        <testcase classname="src/services/__tests__/examService.test.ts" name="ExamService &gt; completeExam &gt; sınavı başarıyla tamamlamalı" time="0.0010868">
        </testcase>
        <testcase classname="src/services/__tests__/examService.test.ts" name="ExamService &gt; getPerformanceAnalysis &gt; performans analizini başarıyla getirmeli" time="0.0009681">
        </testcase>
        <testcase classname="src/services/__tests__/examService.test.ts" name="ExamService &gt; getSubjectPerformance &gt; konu bazlı performansı başarıyla getirmeli" time="0.0021645">
        </testcase>
        <testcase classname="src/services/__tests__/examService.test.ts" name="ExamService &gt; Navigation Helper Methods &gt; nextQuestion - sonraki soruya geçmeli" time="0.0016082">
        </testcase>
        <testcase classname="src/services/__tests__/examService.test.ts" name="ExamService &gt; Navigation Helper Methods &gt; previousQuestion - önceki soruya dönmeli" time="0.0012917">
        </testcase>
        <testcase classname="src/services/__tests__/examService.test.ts" name="ExamService &gt; WebSocket İşlemleri &gt; WebSocket bağlantısını kurmalı" time="0.0010951">
        </testcase>
        <testcase classname="src/services/__tests__/examService.test.ts" name="ExamService &gt; WebSocket İşlemleri &gt; WebSocket mesaj handler eklemeli ve kaldırmalı" time="0.0010117">
        </testcase>
        <testcase classname="src/services/__tests__/examService.test.ts" name="ExamService &gt; WebSocket İşlemleri &gt; WebSocket bağlantısını kapatmalı" time="0.001048">
        </testcase>
        <testcase classname="src/services/__tests__/examService.test.ts" name="ExamService &gt; WebSocket İşlemleri &gt; WebSocket mesajlarını işlemeli" time="0.0013515">
        </testcase>
        <testcase classname="src/services/__tests__/examService.test.ts" name="ExamService &gt; Utility Methods &gt; getExamTypeDescription - sınav türü açıklamasını döndürmeli" time="0.0006356">
        </testcase>
        <testcase classname="src/services/__tests__/examService.test.ts" name="ExamService &gt; Utility Methods &gt; getExamDuration - sınav süre bilgilerini döndürmeli" time="0.0007671">
        </testcase>
        <testcase classname="src/services/__tests__/examService.test.ts" name="ExamService &gt; Utility Methods &gt; isExamActive - sınav aktif durumunu kontrol etmeli" time="0.000749">
        </testcase>
        <testcase classname="src/services/__tests__/examService.test.ts" name="ExamService &gt; Utility Methods &gt; isExamCompleted - sınav tamamlanma durumunu kontrol etmeli" time="0.0004899">
        </testcase>
        <testcase classname="src/services/__tests__/examService.test.ts" name="ExamService &gt; Utility Methods &gt; getExamProgress - sınav ilerlemesi yüzdesini hesaplamalı" time="0.0003826">
        </testcase>
        <testcase classname="src/services/__tests__/examService.test.ts" name="ExamService &gt; Utility Methods &gt; getExamProgress - sıfır soru durumunda 0 döndürmeli" time="0.0003427">
        </testcase>
        <testcase classname="src/services/__tests__/examService.test.ts" name="ExamService &gt; Error Handling &gt; API hatalarını yakalayıp yeniden fırlatmalı" time="0.0009322">
        </testcase>
        <testcase classname="src/services/__tests__/examService.test.ts" name="ExamService &gt; Error Handling &gt; WebSocket JSON parse hatalarını yakalamalı" time="0.0050565">
        </testcase>
        <testcase classname="src/services/__tests__/examService.test.ts" name="ExamService &gt; Legacy Compatibility &gt; legacy enum alias&apos;larının çalışması" time="0.0005359">
        </testcase>
    </testsuite>
    <testsuite name="src/services/__tests__/modernApiClient.test.ts" timestamp="2025-11-14T16:56:52.504Z" hostname="ates" tests="1" failures="1" errors="0" skipped="0" time="0">
        <testcase classname="src/services/__tests__/modernApiClient.test.ts" name="src/services/__tests__/modernApiClient.test.ts" time="0">
            <failure message="Cannot read properties of undefined (reading &apos;interceptors&apos;)" type="TypeError">
TypeError: Cannot read properties of undefined (reading &apos;interceptors&apos;)
 ❯ ModernApiClient.setupInterceptors src/services/modernApiClient.ts:63:17
 ❯ new ModernApiClient src/services/modernApiClient.ts:58:10
 ❯ src/services/modernApiClient.ts:304:26
 ❯ src/services/__tests__/modernApiClient.test.ts:8:1
            </failure>
        </testcase>
    </testsuite>
    <testsuite name="src/services/__tests__/NetworkDetector.test.ts" timestamp="2025-11-14T16:56:52.506Z" hostname="ates" tests="27" failures="2" errors="0" skipped="0" time="0.1054909">
        <testcase classname="src/services/__tests__/NetworkDetector.test.ts" name="NetworkDetector &gt; Constructor &gt; should initialize with online state" time="0.0136341">
        </testcase>
        <testcase classname="src/services/__tests__/NetworkDetector.test.ts" name="NetworkDetector &gt; Constructor &gt; should initialize with offline state when navigator is offline" time="0.0034407">
        </testcase>
        <testcase classname="src/services/__tests__/NetworkDetector.test.ts" name="NetworkDetector &gt; Constructor &gt; should accept custom configuration" time="0.0026304">
        </testcase>
        <testcase classname="src/services/__tests__/NetworkDetector.test.ts" name="NetworkDetector &gt; State Management &gt; should return current state" time="0.0025503">
        </testcase>
        <testcase classname="src/services/__tests__/NetworkDetector.test.ts" name="NetworkDetector &gt; State Management &gt; should notify subscribers on state change" time="0.0034118">
        </testcase>
        <testcase classname="src/services/__tests__/NetworkDetector.test.ts" name="NetworkDetector &gt; State Management &gt; should allow unsubscribing" time="0.0019462">
        </testcase>
        <testcase classname="src/services/__tests__/NetworkDetector.test.ts" name="NetworkDetector &gt; Online/Offline Detection &gt; should detect online event" time="0.001692">
        </testcase>
        <testcase classname="src/services/__tests__/NetworkDetector.test.ts" name="NetworkDetector &gt; Online/Offline Detection &gt; should detect offline event" time="0.0022157">
        </testcase>
        <testcase classname="src/services/__tests__/NetworkDetector.test.ts" name="NetworkDetector &gt; Online/Offline Detection &gt; should update lastOnlineTime on online event" time="0.0023869">
        </testcase>
        <testcase classname="src/services/__tests__/NetworkDetector.test.ts" name="NetworkDetector &gt; Online/Offline Detection &gt; should update lastOfflineTime on offline event" time="0.0013768">
        </testcase>
        <testcase classname="src/services/__tests__/NetworkDetector.test.ts" name="NetworkDetector &gt; Helper Methods &gt; should check if online" time="0.0012391">
        </testcase>
        <testcase classname="src/services/__tests__/NetworkDetector.test.ts" name="NetworkDetector &gt; Helper Methods &gt; should check if offline" time="0.0016216">
        </testcase>
        <testcase classname="src/services/__tests__/NetworkDetector.test.ts" name="NetworkDetector &gt; Helper Methods &gt; should check if connection is slow" time="0.0009872">
        </testcase>
        <testcase classname="src/services/__tests__/NetworkDetector.test.ts" name="NetworkDetector &gt; Helper Methods &gt; should get offline duration" time="0.0035132">
        </testcase>
        <testcase classname="src/services/__tests__/NetworkDetector.test.ts" name="NetworkDetector &gt; Helper Methods &gt; should return null offline duration when online" time="0.0013133">
        </testcase>
        <testcase classname="src/services/__tests__/NetworkDetector.test.ts" name="NetworkDetector &gt; Reconnection Callbacks &gt; should register reconnection callback" time="0.001707">
        </testcase>
        <testcase classname="src/services/__tests__/NetworkDetector.test.ts" name="NetworkDetector &gt; Reconnection Callbacks &gt; should trigger reconnection callbacks on reconnection" time="0.001645">
        </testcase>
        <testcase classname="src/services/__tests__/NetworkDetector.test.ts" name="NetworkDetector &gt; Reconnection Callbacks &gt; should allow unregistering reconnection callback" time="0.0016133">
        </testcase>
        <testcase classname="src/services/__tests__/NetworkDetector.test.ts" name="NetworkDetector &gt; Manual Connection Check &gt; should perform manual connection check" time="0.0016308">
        </testcase>
        <testcase classname="src/services/__tests__/NetworkDetector.test.ts" name="NetworkDetector &gt; Manual Connection Check &gt; should handle failed connection check" time="0.0295764">
            <failure message="expected true to be false // Object.is equality" type="AssertionError">
AssertionError: expected true to be false // Object.is equality

- Expected
+ Received

- false
+ true

 ❯ src/services/__tests__/NetworkDetector.test.ts:237:22
            </failure>
        </testcase>
        <testcase classname="src/services/__tests__/NetworkDetector.test.ts" name="NetworkDetector &gt; Reconnection Attempts &gt; should reset reconnection attempts" time="0.0023578">
        </testcase>
        <testcase classname="src/services/__tests__/NetworkDetector.test.ts" name="NetworkDetector &gt; Cleanup &gt; should cleanup on destroy" time="0.0017673">
        </testcase>
        <testcase classname="src/services/__tests__/NetworkDetector.test.ts" name="NetworkDetector &gt; Singleton Pattern &gt; should return same instance from getNetworkDetector" time="0.0017638">
        </testcase>
        <testcase classname="src/services/__tests__/NetworkDetector.test.ts" name="NetworkDetector &gt; Singleton Pattern &gt; should create new instance from createNetworkDetector" time="0.0023659">
        </testcase>
        <testcase classname="src/services/__tests__/NetworkDetector.test.ts" name="NetworkDetector &gt; Edge Cases &gt; should handle rapid online/offline changes" time="0.0021016">
        </testcase>
        <testcase classname="src/services/__tests__/NetworkDetector.test.ts" name="NetworkDetector &gt; Edge Cases &gt; should handle multiple subscribers" time="0.0022855">
        </testcase>
        <testcase classname="src/services/__tests__/NetworkDetector.test.ts" name="NetworkDetector &gt; Edge Cases &gt; should handle subscriber errors gracefully" time="0.0073361">
            <failure message="Subscriber error" type="Error">
Error: Subscriber error
 ❯ src/services/__tests__/NetworkDetector.test.ts:324:15
 ❯ NetworkDetector.subscribe src/services/NetworkDetector.ts:365:5
 ❯ src/services/__tests__/NetworkDetector.test.ts:328:16
            </failure>
        </testcase>
    </testsuite>
    <testsuite name="src/services/__tests__/OfflineModeManager.test.ts" timestamp="2025-11-14T16:56:52.514Z" hostname="ates" tests="27" failures="4" errors="0" skipped="0" time="0.1108443">
        <testcase classname="src/services/__tests__/OfflineModeManager.test.ts" name="OfflineModeManager &gt; Constructor &gt; should initialize with online state" time="0.0128794">
        </testcase>
        <testcase classname="src/services/__tests__/OfflineModeManager.test.ts" name="OfflineModeManager &gt; Constructor &gt; should initialize with offline state when network is offline" time="0.004278">
        </testcase>
        <testcase classname="src/services/__tests__/OfflineModeManager.test.ts" name="OfflineModeManager &gt; Constructor &gt; should work without VideoLoadingManager" time="0.0021105">
        </testcase>
        <testcase classname="src/services/__tests__/OfflineModeManager.test.ts" name="OfflineModeManager &gt; State Management &gt; should return current state" time="0.0027373">
        </testcase>
        <testcase classname="src/services/__tests__/OfflineModeManager.test.ts" name="OfflineModeManager &gt; State Management &gt; should notify subscribers on state change" time="0.0042808">
        </testcase>
        <testcase classname="src/services/__tests__/OfflineModeManager.test.ts" name="OfflineModeManager &gt; State Management &gt; should allow unsubscribing" time="0.0024778">
        </testcase>
        <testcase classname="src/services/__tests__/OfflineModeManager.test.ts" name="OfflineModeManager &gt; Network State Changes &gt; should update state when going offline" time="0.0020958">
        </testcase>
        <testcase classname="src/services/__tests__/OfflineModeManager.test.ts" name="OfflineModeManager &gt; Network State Changes &gt; should update state when going online" time="0.0025138">
        </testcase>
        <testcase classname="src/services/__tests__/OfflineModeManager.test.ts" name="OfflineModeManager &gt; Network State Changes &gt; should update offline duration" time="0.017266">
            <failure message="expected 0 to be greater than 0" type="AssertionError">
AssertionError: expected 0 to be greater than 0
 ❯ src/services/__tests__/OfflineModeManager.test.ts:138:24
            </failure>
        </testcase>
        <testcase classname="src/services/__tests__/OfflineModeManager.test.ts" name="OfflineModeManager &gt; Pending Requests &gt; should register pending request" time="0.002986">
        </testcase>
        <testcase classname="src/services/__tests__/OfflineModeManager.test.ts" name="OfflineModeManager &gt; Pending Requests &gt; should unregister pending request" time="0.0019707">
        </testcase>
        <testcase classname="src/services/__tests__/OfflineModeManager.test.ts" name="OfflineModeManager &gt; Pending Requests &gt; should cancel pending requests when going offline" time="0.0018721">
        </testcase>
        <testcase classname="src/services/__tests__/OfflineModeManager.test.ts" name="OfflineModeManager &gt; Helper Methods &gt; should check if offline" time="0.0041604">
        </testcase>
        <testcase classname="src/services/__tests__/OfflineModeManager.test.ts" name="OfflineModeManager &gt; Helper Methods &gt; should check if should show offline UI" time="0.0020492">
        </testcase>
        <testcase classname="src/services/__tests__/OfflineModeManager.test.ts" name="OfflineModeManager &gt; Helper Methods &gt; should get offline duration" time="0.0040179">
            <failure message="expected 0 to be greater than 0" type="AssertionError">
AssertionError: expected 0 to be greater than 0
 ❯ src/services/__tests__/OfflineModeManager.test.ts:196:24
            </failure>
        </testcase>
        <testcase classname="src/services/__tests__/OfflineModeManager.test.ts" name="OfflineModeManager &gt; Helper Methods &gt; should get pending requests count" time="0.001414">
        </testcase>
        <testcase classname="src/services/__tests__/OfflineModeManager.test.ts" name="OfflineModeManager &gt; Manual Connection Check &gt; should perform manual connection check" time="0.0019662">
        </testcase>
        <testcase classname="src/services/__tests__/OfflineModeManager.test.ts" name="OfflineModeManager &gt; Retry Cancelled Requests &gt; should retry cancelled requests" time="0.0020818">
        </testcase>
        <testcase classname="src/services/__tests__/OfflineModeManager.test.ts" name="OfflineModeManager &gt; Retry Cancelled Requests &gt; should not retry if no cancelled requests" time="0.0012267">
        </testcase>
        <testcase classname="src/services/__tests__/OfflineModeManager.test.ts" name="OfflineModeManager &gt; VideoLoadingManager Integration &gt; should set VideoLoadingManager" time="0.0080091">
        </testcase>
        <testcase classname="src/services/__tests__/OfflineModeManager.test.ts" name="OfflineModeManager &gt; VideoLoadingManager Integration &gt; should cancel video loading when going offline" time="0.001963">
        </testcase>
        <testcase classname="src/services/__tests__/OfflineModeManager.test.ts" name="OfflineModeManager &gt; Before Unload Handler &gt; should handle beforeunload event with pending requests" time="0.0025612">
            <failure message="expected 0 to be greater than 0" type="AssertionError">
AssertionError: expected 0 to be greater than 0
 ❯ src/services/__tests__/OfflineModeManager.test.ts:281:49
            </failure>
        </testcase>
        <testcase classname="src/services/__tests__/OfflineModeManager.test.ts" name="OfflineModeManager &gt; Cleanup &gt; should cleanup on destroy" time="0.0016146">
        </testcase>
        <testcase classname="src/services/__tests__/OfflineModeManager.test.ts" name="OfflineModeManager &gt; Factory Function &gt; should create instance from factory" time="0.0015923">
        </testcase>
        <testcase classname="src/services/__tests__/OfflineModeManager.test.ts" name="OfflineModeManager &gt; Edge Cases &gt; should handle rapid online/offline changes" time="0.0021064">
        </testcase>
        <testcase classname="src/services/__tests__/OfflineModeManager.test.ts" name="OfflineModeManager &gt; Edge Cases &gt; should handle multiple pending requests" time="0.0017112">
        </testcase>
        <testcase classname="src/services/__tests__/OfflineModeManager.test.ts" name="OfflineModeManager &gt; Edge Cases &gt; should handle subscriber errors gracefully" time="0.0109887">
            <failure message="Subscriber error" type="Error">
Error: Subscriber error
 ❯ src/services/__tests__/OfflineModeManager.test.ts:341:15
 ❯ OfflineModeManager.subscribe src/services/OfflineModeManager.ts:381:5
 ❯ src/services/__tests__/OfflineModeManager.test.ts:345:15
            </failure>
        </testcase>
    </testsuite>
    <testsuite name="src/services/__tests__/VideoErrorHandler.test.ts" timestamp="2025-11-14T16:56:52.521Z" hostname="ates" tests="43" failures="0" errors="0" skipped="0" time="0.0483048">
        <testcase classname="src/services/__tests__/VideoErrorHandler.test.ts" name="VideoErrorHandler &gt; Constructor &gt; should initialize with default values" time="0.0047146">
        </testcase>
        <testcase classname="src/services/__tests__/VideoErrorHandler.test.ts" name="VideoErrorHandler &gt; Constructor &gt; should accept custom configuration" time="0.0007248">
        </testcase>
        <testcase classname="src/services/__tests__/VideoErrorHandler.test.ts" name="VideoErrorHandler &gt; Error Classification &gt; should classify timeout errors" time="0.0022988">
        </testcase>
        <testcase classname="src/services/__tests__/VideoErrorHandler.test.ts" name="VideoErrorHandler &gt; Error Classification &gt; should classify network errors" time="0.0007476">
        </testcase>
        <testcase classname="src/services/__tests__/VideoErrorHandler.test.ts" name="VideoErrorHandler &gt; Error Classification &gt; should classify server errors (500)" time="0.0007703">
        </testcase>
        <testcase classname="src/services/__tests__/VideoErrorHandler.test.ts" name="VideoErrorHandler &gt; Error Classification &gt; should classify server errors (502)" time="0.0008466">
        </testcase>
        <testcase classname="src/services/__tests__/VideoErrorHandler.test.ts" name="VideoErrorHandler &gt; Error Classification &gt; should classify server errors (503)" time="0.0006522">
        </testcase>
        <testcase classname="src/services/__tests__/VideoErrorHandler.test.ts" name="VideoErrorHandler &gt; Error Classification &gt; should classify CORS errors" time="0.0004637">
        </testcase>
        <testcase classname="src/services/__tests__/VideoErrorHandler.test.ts" name="VideoErrorHandler &gt; Error Classification &gt; should classify rate limit errors" time="0.0008274">
        </testcase>
        <testcase classname="src/services/__tests__/VideoErrorHandler.test.ts" name="VideoErrorHandler &gt; Error Classification &gt; should classify validation errors (400)" time="0.0006547">
        </testcase>
        <testcase classname="src/services/__tests__/VideoErrorHandler.test.ts" name="VideoErrorHandler &gt; Error Classification &gt; should classify validation errors (401)" time="0.0007528">
        </testcase>
        <testcase classname="src/services/__tests__/VideoErrorHandler.test.ts" name="VideoErrorHandler &gt; Error Classification &gt; should classify unknown errors" time="0.0006933">
        </testcase>
        <testcase classname="src/services/__tests__/VideoErrorHandler.test.ts" name="VideoErrorHandler &gt; Error Classification &gt; should handle non-Error objects" time="0.0004999">
        </testcase>
        <testcase classname="src/services/__tests__/VideoErrorHandler.test.ts" name="VideoErrorHandler &gt; User-Friendly Messages &gt; should generate Turkish message for timeout" time="0.0006382">
        </testcase>
        <testcase classname="src/services/__tests__/VideoErrorHandler.test.ts" name="VideoErrorHandler &gt; User-Friendly Messages &gt; should generate Turkish message for network error" time="0.0007674">
        </testcase>
        <testcase classname="src/services/__tests__/VideoErrorHandler.test.ts" name="VideoErrorHandler &gt; User-Friendly Messages &gt; should generate Turkish message for server error" time="0.0005369">
        </testcase>
        <testcase classname="src/services/__tests__/VideoErrorHandler.test.ts" name="VideoErrorHandler &gt; User-Friendly Messages &gt; should generate Turkish message for CORS error" time="0.0006503">
        </testcase>
        <testcase classname="src/services/__tests__/VideoErrorHandler.test.ts" name="VideoErrorHandler &gt; User-Friendly Messages &gt; should generate Turkish message for rate limit" time="0.0005925">
        </testcase>
        <testcase classname="src/services/__tests__/VideoErrorHandler.test.ts" name="VideoErrorHandler &gt; Retry Decision Logic &gt; should allow retry for timeout errors" time="0.0005227">
        </testcase>
        <testcase classname="src/services/__tests__/VideoErrorHandler.test.ts" name="VideoErrorHandler &gt; Retry Decision Logic &gt; should allow retry for network errors" time="0.0004096">
        </testcase>
        <testcase classname="src/services/__tests__/VideoErrorHandler.test.ts" name="VideoErrorHandler &gt; Retry Decision Logic &gt; should allow retry for server errors (except 503)" time="0.0007392">
        </testcase>
        <testcase classname="src/services/__tests__/VideoErrorHandler.test.ts" name="VideoErrorHandler &gt; Retry Decision Logic &gt; should not allow retry for CORS errors" time="0.0006955">
        </testcase>
        <testcase classname="src/services/__tests__/VideoErrorHandler.test.ts" name="VideoErrorHandler &gt; Retry Decision Logic &gt; should not allow retry for rate limit errors" time="0.0006217">
        </testcase>
        <testcase classname="src/services/__tests__/VideoErrorHandler.test.ts" name="VideoErrorHandler &gt; Retry Decision Logic &gt; should not allow retry for validation errors" time="0.0006352">
        </testcase>
        <testcase classname="src/services/__tests__/VideoErrorHandler.test.ts" name="VideoErrorHandler &gt; Error Context &gt; should include context in error" time="0.0021486">
        </testcase>
        <testcase classname="src/services/__tests__/VideoErrorHandler.test.ts" name="VideoErrorHandler &gt; Error Context &gt; should include timestamp" time="0.0008768">
        </testcase>
        <testcase classname="src/services/__tests__/VideoErrorHandler.test.ts" name="VideoErrorHandler &gt; Error Context &gt; should include suggested action" time="0.0007408">
        </testcase>
        <testcase classname="src/services/__tests__/VideoErrorHandler.test.ts" name="VideoErrorHandler &gt; Multiple Errors &gt; should handle multiple errors" time="0.0031615">
        </testcase>
        <testcase classname="src/services/__tests__/VideoErrorHandler.test.ts" name="VideoErrorHandler &gt; Multiple Errors &gt; should get error statistics" time="0.0010482">
        </testcase>
        <testcase classname="src/services/__tests__/VideoErrorHandler.test.ts" name="VideoErrorHandler &gt; Helper Functions &gt; should get quick error message" time="0.0020205">
        </testcase>
        <testcase classname="src/services/__tests__/VideoErrorHandler.test.ts" name="VideoErrorHandler &gt; Helper Functions &gt; should check if error is retryable" time="0.0009646">
        </testcase>
        <testcase classname="src/services/__tests__/VideoErrorHandler.test.ts" name="VideoErrorHandler &gt; Logging &gt; should log to console when enabled" time="0.0016302">
        </testcase>
        <testcase classname="src/services/__tests__/VideoErrorHandler.test.ts" name="VideoErrorHandler &gt; Logging &gt; should not log to console when disabled" time="0.0005935">
        </testcase>
        <testcase classname="src/services/__tests__/VideoErrorHandler.test.ts" name="VideoErrorHandler &gt; Status Code Extraction &gt; should extract status code from error message" time="0.0005916">
        </testcase>
        <testcase classname="src/services/__tests__/VideoErrorHandler.test.ts" name="VideoErrorHandler &gt; Status Code Extraction &gt; should handle missing status code" time="0.0005708">
        </testcase>
        <testcase classname="src/services/__tests__/VideoErrorHandler.test.ts" name="VideoErrorHandler &gt; Suggested Actions &gt; should suggest retry for retryable errors" time="0.0010433">
        </testcase>
        <testcase classname="src/services/__tests__/VideoErrorHandler.test.ts" name="VideoErrorHandler &gt; Suggested Actions &gt; should suggest check_connection for network errors" time="0.0006901">
        </testcase>
        <testcase classname="src/services/__tests__/VideoErrorHandler.test.ts" name="VideoErrorHandler &gt; Suggested Actions &gt; should suggest contact_admin for CORS errors" time="0.0005062">
        </testcase>
        <testcase classname="src/services/__tests__/VideoErrorHandler.test.ts" name="VideoErrorHandler &gt; Suggested Actions &gt; should suggest wait_and_retry for rate limit" time="0.0004668">
        </testcase>
        <testcase classname="src/services/__tests__/VideoErrorHandler.test.ts" name="VideoErrorHandler &gt; Edge Cases &gt; should handle null error" time="0.0005067">
        </testcase>
        <testcase classname="src/services/__tests__/VideoErrorHandler.test.ts" name="VideoErrorHandler &gt; Edge Cases &gt; should handle undefined error" time="0.0004827">
        </testcase>
        <testcase classname="src/services/__tests__/VideoErrorHandler.test.ts" name="VideoErrorHandler &gt; Edge Cases &gt; should handle object error" time="0.0004566">
        </testcase>
        <testcase classname="src/services/__tests__/VideoErrorHandler.test.ts" name="VideoErrorHandler &gt; Edge Cases &gt; should handle error without name property" time="0.0018445">
        </testcase>
    </testsuite>
    <testsuite name="src/services/__tests__/VideoLoadingComponent.test.tsx" timestamp="2025-11-14T16:56:52.530Z" hostname="ates" tests="14" failures="13" errors="0" skipped="0" time="162.2330543">
        <testcase classname="src/services/__tests__/VideoLoadingComponent.test.tsx" name="VideoLoadingComponent &gt; Idle State &gt; should render idle state initially" time="0.054559">
        </testcase>
        <testcase classname="src/services/__tests__/VideoLoadingComponent.test.tsx" name="VideoLoadingComponent &gt; Idle State &gt; should start loading when load button is clicked" time="10.0373656">
            <failure message="Test timed out in 10000ms.
If this is a long-running test, pass a timeout value as the last argument or configure it globally with &quot;testTimeout&quot;." type="Error">
Error: Test timed out in 10000ms.
If this is a long-running test, pass a timeout value as the last argument or configure it globally with &quot;testTimeout&quot;.
 ❯ src/services/__tests__/VideoLoadingComponent.test.tsx:204:5
            </failure>
        </testcase>
        <testcase classname="src/services/__tests__/VideoLoadingComponent.test.tsx" name="VideoLoadingComponent &gt; Loading State &gt; should display loading state with progress" time="10.0125443">
            <failure message="Test timed out in 10000ms.
If this is a long-running test, pass a timeout value as the last argument or configure it globally with &quot;testTimeout&quot;." type="Error">
Error: Test timed out in 10000ms.
If this is a long-running test, pass a timeout value as the last argument or configure it globally with &quot;testTimeout&quot;.
 ❯ src/services/__tests__/VideoLoadingComponent.test.tsx:246:5
            </failure>
        </testcase>
        <testcase classname="src/services/__tests__/VideoLoadingComponent.test.tsx" name="VideoLoadingComponent &gt; Loading State &gt; should show progress updates" time="10.0208561">
            <failure message="Test timed out in 10000ms.
If this is a long-running test, pass a timeout value as the last argument or configure it globally with &quot;testTimeout&quot;." type="Error">
Error: Test timed out in 10000ms.
If this is a long-running test, pass a timeout value as the last argument or configure it globally with &quot;testTimeout&quot;.
 ❯ src/services/__tests__/VideoLoadingComponent.test.tsx:286:5
            </failure>
        </testcase>
        <testcase classname="src/services/__tests__/VideoLoadingComponent.test.tsx" name="VideoLoadingComponent &gt; Loading State &gt; should allow cancellation during loading" time="10.0202507">
            <failure message="Test timed out in 10000ms.
If this is a long-running test, pass a timeout value as the last argument or configure it globally with &quot;testTimeout&quot;." type="Error">
Error: Test timed out in 10000ms.
If this is a long-running test, pass a timeout value as the last argument or configure it globally with &quot;testTimeout&quot;.
 ❯ src/services/__tests__/VideoLoadingComponent.test.tsx:313:5
            </failure>
        </testcase>
        <testcase classname="src/services/__tests__/VideoLoadingComponent.test.tsx" name="VideoLoadingComponent &gt; Success State &gt; should display success state with videos" time="10.0447428">
            <failure message="Test timed out in 10000ms.
If this is a long-running test, pass a timeout value as the last argument or configure it globally with &quot;testTimeout&quot;." type="Error">
Error: Test timed out in 10000ms.
If this is a long-running test, pass a timeout value as the last argument or configure it globally with &quot;testTimeout&quot;.
 ❯ src/services/__tests__/VideoLoadingComponent.test.tsx:355:5
            </failure>
        </testcase>
        <testcase classname="src/services/__tests__/VideoLoadingComponent.test.tsx" name="VideoLoadingComponent &gt; Success State &gt; should show cache hit indicator" time="10.0185571">
            <failure message="Test timed out in 10000ms.
If this is a long-running test, pass a timeout value as the last argument or configure it globally with &quot;testTimeout&quot;." type="Error">
Error: Test timed out in 10000ms.
If this is a long-running test, pass a timeout value as the last argument or configure it globally with &quot;testTimeout&quot;.
 ❯ src/services/__tests__/VideoLoadingComponent.test.tsx:417:5
            </failure>
        </testcase>
        <testcase classname="src/services/__tests__/VideoLoadingComponent.test.tsx" name="VideoLoadingComponent &gt; Error State &gt; should display error state with user-friendly message" time="10.0268695">
            <failure message="Test timed out in 10000ms.
If this is a long-running test, pass a timeout value as the last argument or configure it globally with &quot;testTimeout&quot;." type="Error">
Error: Test timed out in 10000ms.
If this is a long-running test, pass a timeout value as the last argument or configure it globally with &quot;testTimeout&quot;.
 ❯ src/services/__tests__/VideoLoadingComponent.test.tsx:453:5
            </failure>
        </testcase>
        <testcase classname="src/services/__tests__/VideoLoadingComponent.test.tsx" name="VideoLoadingComponent &gt; Error State &gt; should show Turkish error message for network error" time="10.0135192">
            <failure message="Test timed out in 10000ms.
If this is a long-running test, pass a timeout value as the last argument or configure it globally with &quot;testTimeout&quot;." type="Error">
Error: Test timed out in 10000ms.
If this is a long-running test, pass a timeout value as the last argument or configure it globally with &quot;testTimeout&quot;.
 ❯ src/services/__tests__/VideoLoadingComponent.test.tsx:490:5
            </failure>
        </testcase>
        <testcase classname="src/services/__tests__/VideoLoadingComponent.test.tsx" name="VideoLoadingComponent &gt; Error State &gt; should allow retry after error" time="10.0178504">
            <failure message="Test timed out in 10000ms.
If this is a long-running test, pass a timeout value as the last argument or configure it globally with &quot;testTimeout&quot;." type="Error">
Error: Test timed out in 10000ms.
If this is a long-running test, pass a timeout value as the last argument or configure it globally with &quot;testTimeout&quot;.
 ❯ src/services/__tests__/VideoLoadingComponent.test.tsx:520:5
            </failure>
        </testcase>
        <testcase classname="src/services/__tests__/VideoLoadingComponent.test.tsx" name="VideoLoadingComponent &gt; Error State &gt; should show retry count" time="41.9136517">
            <failure message="Test timed out in 10000ms.
If this is a long-running test, pass a timeout value as the last argument or configure it globally with &quot;testTimeout&quot;." type="Error">
Error: Test timed out in 10000ms.
If this is a long-running test, pass a timeout value as the last argument or configure it globally with &quot;testTimeout&quot;.
 ❯ src/services/__tests__/VideoLoadingComponent.test.tsx:565:5
            </failure>
        </testcase>
        <testcase classname="src/services/__tests__/VideoLoadingComponent.test.tsx" name="VideoLoadingComponent &gt; Fallback State &gt; should display fallback state after timeout" time="10.0088779">
            <failure message="Test timed out in 10000ms.
If this is a long-running test, pass a timeout value as the last argument or configure it globally with &quot;testTimeout&quot;." type="Error">
Error: Test timed out in 10000ms.
If this is a long-running test, pass a timeout value as the last argument or configure it globally with &quot;testTimeout&quot;.
 ❯ src/services/__tests__/VideoLoadingComponent.test.tsx:600:5
            </failure>
        </testcase>
        <testcase classname="src/services/__tests__/VideoLoadingComponent.test.tsx" name="VideoLoadingComponent &gt; State Transitions &gt; should transition from idle -&gt; loading -&gt; success" time="10.0252488">
            <failure message="Test timed out in 10000ms.
If this is a long-running test, pass a timeout value as the last argument or configure it globally with &quot;testTimeout&quot;." type="Error">
Error: Test timed out in 10000ms.
If this is a long-running test, pass a timeout value as the last argument or configure it globally with &quot;testTimeout&quot;.
 ❯ src/services/__tests__/VideoLoadingComponent.test.tsx:638:5
            </failure>
        </testcase>
        <testcase classname="src/services/__tests__/VideoLoadingComponent.test.tsx" name="VideoLoadingComponent &gt; State Transitions &gt; should transition from idle -&gt; loading -&gt; error" time="10.0126121">
            <failure message="Test timed out in 10000ms.
If this is a long-running test, pass a timeout value as the last argument or configure it globally with &quot;testTimeout&quot;." type="Error">
Error: Test timed out in 10000ms.
If this is a long-running test, pass a timeout value as the last argument or configure it globally with &quot;testTimeout&quot;.
 ❯ src/services/__tests__/VideoLoadingComponent.test.tsx:676:5
            </failure>
        </testcase>
    </testsuite>
    <testsuite name="src/services/__tests__/VideoLoadingManager.test.ts" timestamp="2025-11-14T16:56:52.538Z" hostname="ates" tests="11" failures="0" errors="0" skipped="0" time="0.0586948">
        <testcase classname="src/services/__tests__/VideoLoadingManager.test.ts" name="VideoLoadingManager &gt; Constructor &gt; should initialize with default values" time="0.0146722">
        </testcase>
        <testcase classname="src/services/__tests__/VideoLoadingManager.test.ts" name="VideoLoadingManager &gt; Constructor &gt; should accept custom configuration" time="0.0027334">
        </testcase>
        <testcase classname="src/services/__tests__/VideoLoadingManager.test.ts" name="VideoLoadingManager &gt; loadVideos &gt; should successfully load videos" time="0.0052077">
        </testcase>
        <testcase classname="src/services/__tests__/VideoLoadingManager.test.ts" name="VideoLoadingManager &gt; loadVideos &gt; should update loading progress during load" time="0.0026563">
        </testcase>
        <testcase classname="src/services/__tests__/VideoLoadingManager.test.ts" name="VideoLoadingManager &gt; loadVideos &gt; should handle backend errors" time="0.0059613">
        </testcase>
        <testcase classname="src/services/__tests__/VideoLoadingManager.test.ts" name="VideoLoadingManager &gt; loadVideos &gt; should generate unique request IDs" time="0.0029914">
        </testcase>
        <testcase classname="src/services/__tests__/VideoLoadingManager.test.ts" name="VideoLoadingManager &gt; State Management &gt; should notify subscribers on state change" time="0.0022483">
        </testcase>
        <testcase classname="src/services/__tests__/VideoLoadingManager.test.ts" name="VideoLoadingManager &gt; State Management &gt; should allow unsubscribing" time="0.0016648">
        </testcase>
        <testcase classname="src/services/__tests__/VideoLoadingManager.test.ts" name="VideoLoadingManager &gt; State Management &gt; should return current state" time="0.003052">
        </testcase>
        <testcase classname="src/services/__tests__/VideoLoadingManager.test.ts" name="VideoLoadingManager &gt; cancelLoad &gt; should cancel ongoing request" time="0.0092896">
        </testcase>
        <testcase classname="src/services/__tests__/VideoLoadingManager.test.ts" name="VideoLoadingManager &gt; reset &gt; should reset state to idle" time="0.0026119">
        </testcase>
    </testsuite>
    <testsuite name="src/test/components/BubbleSheetInterface.test.tsx" timestamp="2025-11-14T16:56:52.541Z" hostname="ates" tests="31" failures="3" errors="0" skipped="0" time="24.7653781">
        <testcase classname="src/test/components/BubbleSheetInterface.test.tsx" name="BubbleSheetInterface &gt; Temel Render &gt; soru numarasını gösterir" time="0.4519959">
        </testcase>
        <testcase classname="src/test/components/BubbleSheetInterface.test.tsx" name="BubbleSheetInterface &gt; Temel Render &gt; tüm seçenekleri gösterir" time="0.1784798">
        </testcase>
        <testcase classname="src/test/components/BubbleSheetInterface.test.tsx" name="BubbleSheetInterface &gt; Temel Render &gt; seçili cevabı vurgular" time="1.0221208">
        </testcase>
        <testcase classname="src/test/components/BubbleSheetInterface.test.tsx" name="BubbleSheetInterface &gt; Cevap İşaretleme (Mark/Unmark) &gt; bubble tıklandığında cevap seçer" time="0.6677989">
        </testcase>
        <testcase classname="src/test/components/BubbleSheetInterface.test.tsx" name="BubbleSheetInterface &gt; Cevap İşaretleme (Mark/Unmark) &gt; seçili bubble tekrar tıklandığında işareti kaldırır" time="0.6191192">
        </testcase>
        <testcase classname="src/test/components/BubbleSheetInterface.test.tsx" name="BubbleSheetInterface &gt; Cevap İşaretleme (Mark/Unmark) &gt; farklı bir bubble seçildiğinde cevabı değiştirir" time="0.5031098">
        </testcase>
        <testcase classname="src/test/components/BubbleSheetInterface.test.tsx" name="BubbleSheetInterface &gt; Görsel Geri Bildirim &gt; seçili bubble için görsel geri bildirim gösterir" time="0.3473301">
            <failure message="[2mexpect([22m[31melement[39m[2m).toHaveStyle()[22m

[32m- Expected[39m

[32m- fontWeight: bold;[39m" type="Error">
Error: expect(element).toHaveStyle()

- Expected

- fontWeight: bold;
 ❯ src/test/components/BubbleSheetInterface.test.tsx:147:23
            </failure>
        </testcase>
        <testcase classname="src/test/components/BubbleSheetInterface.test.tsx" name="BubbleSheetInterface &gt; Görsel Geri Bildirim &gt; doğru cevap için başarı rengi gösterir" time="0.1423831">
        </testcase>
        <testcase classname="src/test/components/BubbleSheetInterface.test.tsx" name="BubbleSheetInterface &gt; Görsel Geri Bildirim &gt; yanlış cevap için hata rengi gösterir" time="0.116638">
            <failure message="Found multiple elements by: [data-testid=&quot;CircleIcon&quot;]

Here are the matching elements:

Ignored nodes: comments, script, style
[36m&lt;svg[39m
  [33maria-hidden[39m=[32m&quot;true&quot;[39m
  [33mclass[39m=[32m&quot;MuiSvgIcon-root MuiSvgIcon-fontSizeMedium css-14t9hyw-MuiSvgIcon-root&quot;[39m
  [33mdata-testid[39m=[32m&quot;CircleIcon&quot;[39m
  [33mfocusable[39m=[32m&quot;false&quot;[39m
  [33mviewBox[39m=[32m&quot;0 0 24 24&quot;[39m
[36m&gt;[39m
  [36m&lt;path[39m
    [33md[39m=[32m&quot;M12 2C6.47 2 2 6.47 2 12s4.47 10 10 10 10-4.47 10-10S17.53 2 12 2&quot;[39m
  [36m/&gt;[39m
[36m&lt;/svg&gt;[39m

Ignored nodes: comments, script, style
[36m&lt;svg[39m
  [33maria-hidden[39m=[32m&quot;true&quot;[39m
  [33mclass[39m=[32m&quot;MuiSvgIcon-root MuiSvgIcon-colorError MuiSvgIcon-fontSizeMedium css-10avqqa-MuiSvgIcon-root&quot;[39m
  [33mdata-testid[39m=[32m&quot;CircleIcon&quot;[39m
  [33mfocusable[39m=[32m&quot;false&quot;[39m
  [33mviewBox[39m=[32m&quot;0 0 24 24&quot;[39m
[36m&gt;[39m
  [36m&lt;path[39m
    [33md[39m=[32m&quot;M12 2C6.47 2 2 6.47 2 12s4.47 10 10 10 10-4.47 10-10S17.53 2 12 2&quot;[39m
  [36m/&gt;[39m
[36m&lt;/svg&gt;[39m

(If this is intentional, then use the `*AllBy*` variant of the query (like `queryAllByText`, `getAllByText`, or `findAllByText`)).

Ignored nodes: comments, script, style
[36m&lt;body&gt;[39m
  [36m&lt;div&gt;[39m
    [36m&lt;div[39m
      [33maria-label[39m=[32m&quot;Soru 1 cevap seçenekleri&quot;[39m
      [33mclass[39m=[32m&quot;MuiBox-root css-1uc7csx&quot;[39m
      [33mrole[39m=[32m&quot;radiogroup&quot;[39m
    [36m&gt;[39m
      [36m&lt;div[39m
        [33mclass[39m=[32m&quot;MuiBox-root css-ge9pkj&quot;[39m
      [36m&gt;[39m
        [0m1[0m
      [36m&lt;/div&gt;[39m
      [36m&lt;div[39m
        [33mclass[39m=[32m&quot;MuiBox-root css-olrbaj&quot;[39m
      [36m&gt;[39m
        [36m&lt;div[39m
          [33maria-label[39m=[32m&quot;A şıkkını işaretle&quot;[39m
          [33mclass[39m=[32m&quot;&quot;[39m
          [33mdata-mui-internal-clone-element[39m=[32m&quot;true&quot;[39m
          [33mstyle[39m=[32m&quot;transform: none;&quot;[39m
          [33mtabindex[39m=[32m&quot;0&quot;[39m
        [36m&gt;[39m
          [36m&lt;div[39m
            [33maria-checked[39m=[32m&quot;false&quot;[39m
            [33maria-label[39m=[32m&quot;Şık A&quot;[39m
            [33mclass[39m=[32m&quot;MuiBox-root css-1bsl9tw&quot;[39m
            [33mrole[39m=[32m&quot;radio&quot;[39m
            [33mtabindex[39m=[32m&quot;0&quot;[39m
          [36m&gt;[39m
            [36m&lt;span[39m
              [33mclass[39m=[32m&quot;MuiTypography-root MuiTypography-body1 css-1ltgr18-MuiTypography-root&quot;[39m
            [36m&gt;[39m
              [0mA[0m
            [36m&lt;/span&gt;[39m
          [36m&lt;/div&gt;[39m
        [36m&lt;/div&gt;[39m
        [36m&lt;div[39m
          [33maria-label[39m=[32m&quot;İşareti kaldırmak için tekrar tıklayın&quot;[39m
          [33mclass[39m=[32m&quot;&quot;[39m
          [33mdata-mui-internal-clone-element[39m=[32m&quot;true&quot;[39m
          [33mstyle[39m=[32m&quot;transform: none;&quot;[39m
          [33mtabindex[39m=[32m&quot;0&quot;[39m
        [36m&gt;[39m
          [36m&lt;div[39m
            [33maria-checked[39m=[32m&quot;true&quot;[39m
            [33maria-label[39m=[32m&quot;Şık B&quot;[39m
            [33mclass[39m=[32m&quot;MuiBox-root css-evrcl9&quot;[39m
            [33mrole[39m=[32m&quot;radio&quot;[39m
            [33mtabindex[39m=[32m&quot;0&quot;[39m
          [36m&gt;[39m
            [36m&lt;div[39m
              [33mstyle[39m=[32m&quot;position: absolute; display: flex; align-items: center; justify-content: center; opacity: 0; transform: scale(0) translateZ(0);&quot;[39m
            [36m&gt;[39m
              [36m&lt;svg[39m
                [33maria-hidden[39m=[32m&quot;true&quot;[39m
                [33mclass[39m=[32m&quot;MuiSvgIcon-root MuiSvgIcon-fontSizeMedium css-14t9hyw-MuiSvgIcon-root&quot;[39m
                [33mdata-testid[39m=[32m&quot;CircleIcon&quot;[39m
                [33mfocusable[39m=[32m&quot;false&quot;[39m
                [33mviewBox[39m=[32m&quot;0 0 24 24&quot;[39m
              [36m&gt;[39m
                [36m&lt;path[39m
                  [33md[39m=[32m&quot;M12 2C6.47 2 2 6.47 2 12s4.47 10 10 10 10-4.47 10-10S17.53 2 12 2&quot;[39m
                [36m/&gt;[39m
              [36m&lt;/svg&gt;[39m
            [36m&lt;/div&gt;[39m
            [36m&lt;span[39m
              [33mclass[39m=[32m&quot;MuiTypography-root MuiTypography-body1 css-1ltgr18-MuiTypography-root&quot;[39m
            [36m&gt;[39m
              [0mB[0m
            [36m&lt;/span&gt;[39m
          [36m&lt;/div&gt;[39m
        [36m&lt;/div&gt;[39m
        [36m&lt;div[39m
          [33maria-label[39m=[32m&quot;C şıkkını işaretle&quot;[39m
          [33mclass[39m=[32m&quot;&quot;[39m
          [33mdata-mui-internal-clone-element[39m=[32m&quot;true&quot;[39m
          [33mstyle[39m=[32m&quot;transform: none;&quot;[39m
          [33mtabindex[39m=[32m&quot;0&quot;[39m
        [36m&gt;[39m
          [36m&lt;div[39m
            [33maria-checked[39m=[32m&quot;false&quot;[39m
            [33maria-label[39m=[32m&quot;Şık C&quot;[39m
            [33mclass[39m=[32m&quot;MuiBox-root css-s23bc2&quot;[39m
            [33mrole[39m=[32m&quot;radio&quot;[39m
            [33mtabindex[39m=[32m&quot;0&quot;[39m
          [36m&gt;[39m
            [36m&lt;span[39m
              [33mclass[39m=[32m&quot;MuiTypography-root MuiTypography-body1 css-1ltgr18-MuiTypography-root&quot;[39m
            [36m&gt;[39m
              [0mC[0m
            [36m&lt;/span&gt;[39m
          [36m&lt;/div&gt;[39m
        [36m&lt;/div&gt;[39m
        [36m&lt;div[39m
          [33maria-label[39m=[32m&quot;D şıkkını işaretle&quot;[39m
          [33mclass[39m=[32m&quot;&quot;[39m
          [33mdata-mui-internal-clone-element[39m=[32m&quot;true&quot;[39m
          [33mstyle[39m=[32m&quot;transform: none;&quot;[39m
          [33mtabindex[39m=[32m&quot;0&quot;[39m
        [36m&gt;[39m
          [36m&lt;div[39m
            [33maria-checked[39m=[32m&quot;false&quot;[39m
            [33maria-label[39m=[32m&quot;Şık D&quot;[39m
            [33mclass[39m=[32m&quot;MuiBox-root css-s23bc2&quot;[39m
            [33mrole[39m=[32m&quot;radio&quot;[39m
            [33mtabindex[39m=[32m&quot;0&quot;[39m
          [36m&gt;[39m
            [36m&lt;span[39m
              [33mclass[39m=[32m&quot;MuiTypography-root MuiTypography-body1 css-1ltgr18-MuiTypography-root&quot;[39m
            [36m&gt;[39m
              [0mD[0m
            [36m&lt;/span&gt;[39m
          [36m&lt;/div&gt;[39m
        [36m&lt;/div&gt;[39m
        [36m&lt;div[39m
          [33maria-label[39m=[32m&quot;E şıkkını işaretle&quot;[39m
          [33mclass[39m=[32m&quot;&quot;[39m
          [33mdata-mui-internal-clone-element[39m=[32m&quot;true&quot;[39m
          [33mstyle[39m=[32m&quot;transform: none;&quot;[39m
          [33mtabindex[39m=[32m&quot;0&quot;[39m
        [36m&gt;[39m
          [36m&lt;div[39m
            [33maria-checked[39m=[32m&quot;false&quot;[39m
            [33maria-label[39m=[32m&quot;Şık E&quot;[39m
            [33mclass[39m=[32m&quot;MuiBox-root css-s23bc2&quot;[39m
            [33mrole[39m=[32m&quot;radio&quot;[39m
            [33mtabindex[39m=[32m&quot;0&quot;[39m
          [36m&gt;[39m
            [36m&lt;span[39m
              [33mclass[39m=[32m&quot;MuiTypography-root MuiTypography-body1 css-1ltgr18-MuiTypography-root&quot;[39m
            [36m&gt;[39m
              [0mE[0m
            [36m&lt;/span&gt;[39m
          [36m&lt;/div&gt;[39m
        [36m&lt;/div&gt;[39m
      [36m&lt;/div&gt;[39m
      [36m&lt;div[39m
        [33mclass[39m=[32m&quot;MuiBox-root css-zdpt2t&quot;[39m
      [36m&gt;[39m
        [36m&lt;svg[39m
          [33maria-hidden[39m=[32m&quot;true&quot;[39m
          [33mclass[39m=[32m&quot;MuiSvgIcon-root MuiSvgIcon-colorError MuiSvgIcon-fontSizeMedium css-10avqqa-MuiSvgIcon-root&quot;[39m
          [33mdata-testid[39m=[32m&quot;CircleIcon&quot;[39m
          [33mfocusable[39m=[32m&quot;false&quot;[39m
          [33mviewBox[39m=[32m&quot;0 0 24 24&quot;[39m
        [36m&gt;[39m
          [36m&lt;path[39m
            [33md[39m=[32m&quot;M12 2C6.47 2 2 6.47 2 12s4.47 10 10 10 10-4.47 10-10S17.53 2 12 2&quot;[39m
          [36m/&gt;[39m
        [36m&lt;/svg&gt;[39m
      [36m&lt;/div&gt;[39m
    [36m&lt;/div&gt;[39m
  [36m&lt;/div&gt;[39m
[36m&lt;/body&gt;[39m" type="TestingLibraryElementError">
TestingLibraryElementError: Found multiple elements by: [data-testid=&quot;CircleIcon&quot;]

Here are the matching elements:

Ignored nodes: comments, script, style
&lt;svg
  aria-hidden=&quot;true&quot;
  class=&quot;MuiSvgIcon-root MuiSvgIcon-fontSizeMedium css-14t9hyw-MuiSvgIcon-root&quot;
  data-testid=&quot;CircleIcon&quot;
  focusable=&quot;false&quot;
  viewBox=&quot;0 0 24 24&quot;
&gt;
  &lt;path
    d=&quot;M12 2C6.47 2 2 6.47 2 12s4.47 10 10 10 10-4.47 10-10S17.53 2 12 2&quot;
  /&gt;
&lt;/svg&gt;

Ignored nodes: comments, script, style
&lt;svg
  aria-hidden=&quot;true&quot;
  class=&quot;MuiSvgIcon-root MuiSvgIcon-colorError MuiSvgIcon-fontSizeMedium css-10avqqa-MuiSvgIcon-root&quot;
  data-testid=&quot;CircleIcon&quot;
  focusable=&quot;false&quot;
  viewBox=&quot;0 0 24 24&quot;
&gt;
  &lt;path
    d=&quot;M12 2C6.47 2 2 6.47 2 12s4.47 10 10 10 10-4.47 10-10S17.53 2 12 2&quot;
  /&gt;
&lt;/svg&gt;

(If this is intentional, then use the `*AllBy*` variant of the query (like `queryAllByText`, `getAllByText`, or `findAllByText`)).

Ignored nodes: comments, script, style
&lt;body&gt;
  &lt;div&gt;
    &lt;div
      aria-label=&quot;Soru 1 cevap seçenekleri&quot;
      class=&quot;MuiBox-root css-1uc7csx&quot;
      role=&quot;radiogroup&quot;
    &gt;
      &lt;div
        class=&quot;MuiBox-root css-ge9pkj&quot;
      &gt;
        1
      &lt;/div&gt;
      &lt;div
        class=&quot;MuiBox-root css-olrbaj&quot;
      &gt;
        &lt;div
          aria-label=&quot;A şıkkını işaretle&quot;
          class=&quot;&quot;
          data-mui-internal-clone-element=&quot;true&quot;
          style=&quot;transform: none;&quot;
          tabindex=&quot;0&quot;
        &gt;
          &lt;div
            aria-checked=&quot;false&quot;
            aria-label=&quot;Şık A&quot;
            class=&quot;MuiBox-root css-1bsl9tw&quot;
            role=&quot;radio&quot;
            tabindex=&quot;0&quot;
          &gt;
            &lt;span
              class=&quot;MuiTypography-root MuiTypography-body1 css-1ltgr18-MuiTypography-root&quot;
            &gt;
              A
            &lt;/span&gt;
          &lt;/div&gt;
        &lt;/div&gt;
        &lt;div
          aria-label=&quot;İşareti kaldırmak için tekrar tıklayın&quot;
          class=&quot;&quot;
          data-mui-internal-clone-element=&quot;true&quot;
          style=&quot;transform: none;&quot;
          tabindex=&quot;0&quot;
        &gt;
          &lt;div
            aria-checked=&quot;true&quot;
            aria-label=&quot;Şık B&quot;
            class=&quot;MuiBox-root css-evrcl9&quot;
            role=&quot;radio&quot;
            tabindex=&quot;0&quot;
          &gt;
            &lt;div
              style=&quot;position: absolute; display: flex; align-items: center; justify-content: center; opacity: 0; transform: scale(0) translateZ(0);&quot;
            &gt;
              &lt;svg
                aria-hidden=&quot;true&quot;
                class=&quot;MuiSvgIcon-root MuiSvgIcon-fontSizeMedium css-14t9hyw-MuiSvgIcon-root&quot;
                data-testid=&quot;CircleIcon&quot;
                focusable=&quot;false&quot;
                viewBox=&quot;0 0 24 24&quot;
              &gt;
                &lt;path
                  d=&quot;M12 2C6.47 2 2 6.47 2 12s4.47 10 10 10 10-4.47 10-10S17.53 2 12 2&quot;
                /&gt;
              &lt;/svg&gt;
            &lt;/div&gt;
            &lt;span
              class=&quot;MuiTypography-root MuiTypography-body1 css-1ltgr18-MuiTypography-root&quot;
            &gt;
              B
            &lt;/span&gt;
          &lt;/div&gt;
        &lt;/div&gt;
        &lt;div
          aria-label=&quot;C şıkkını işaretle&quot;
          class=&quot;&quot;
          data-mui-internal-clone-element=&quot;true&quot;
          style=&quot;transform: none;&quot;
          tabindex=&quot;0&quot;
        &gt;
          &lt;div
            aria-checked=&quot;false&quot;
            aria-label=&quot;Şık C&quot;
            class=&quot;MuiBox-root css-s23bc2&quot;
            role=&quot;radio&quot;
            tabindex=&quot;0&quot;
          &gt;
            &lt;span
              class=&quot;MuiTypography-root MuiTypography-body1 css-1ltgr18-MuiTypography-root&quot;
            &gt;
              C
            &lt;/span&gt;
          &lt;/div&gt;
        &lt;/div&gt;
        &lt;div
          aria-label=&quot;D şıkkını işaretle&quot;
          class=&quot;&quot;
          data-mui-internal-clone-element=&quot;true&quot;
          style=&quot;transform: none;&quot;
          tabindex=&quot;0&quot;
        &gt;
          &lt;div
            aria-checked=&quot;false&quot;
            aria-label=&quot;Şık D&quot;
            class=&quot;MuiBox-root css-s23bc2&quot;
            role=&quot;radio&quot;
            tabindex=&quot;0&quot;
          &gt;
            &lt;span
              class=&quot;MuiTypography-root MuiTypography-body1 css-1ltgr18-MuiTypography-root&quot;
            &gt;
              D
            &lt;/span&gt;
          &lt;/div&gt;
        &lt;/div&gt;
        &lt;div
          aria-label=&quot;E şıkkını işaretle&quot;
          class=&quot;&quot;
          data-mui-internal-clone-element=&quot;true&quot;
          style=&quot;transform: none;&quot;
          tabindex=&quot;0&quot;
        &gt;
          &lt;div
            aria-checked=&quot;false&quot;
            aria-label=&quot;Şık E&quot;
            class=&quot;MuiBox-root css-s23bc2&quot;
            role=&quot;radio&quot;
            tabindex=&quot;0&quot;
          &gt;
            &lt;span
              class=&quot;MuiTypography-root MuiTypography-body1 css-1ltgr18-MuiTypography-root&quot;
            &gt;
              E
            &lt;/span&gt;
          &lt;/div&gt;
        &lt;/div&gt;
      &lt;/div&gt;
      &lt;div
        class=&quot;MuiBox-root css-zdpt2t&quot;
      &gt;
        &lt;svg
          aria-hidden=&quot;true&quot;
          class=&quot;MuiSvgIcon-root MuiSvgIcon-colorError MuiSvgIcon-fontSizeMedium css-10avqqa-MuiSvgIcon-root&quot;
          data-testid=&quot;CircleIcon&quot;
          focusable=&quot;false&quot;
          viewBox=&quot;0 0 24 24&quot;
        &gt;
          &lt;path
            d=&quot;M12 2C6.47 2 2 6.47 2 12s4.47 10 10 10 10-4.47 10-10S17.53 2 12 2&quot;
          /&gt;
        &lt;/svg&gt;
      &lt;/div&gt;
    &lt;/div&gt;
  &lt;/div&gt;
&lt;/body&gt;
 ❯ Object.getElementError node_modules/@testing-library/react/node_modules/@testing-library/dom/dist/config.js:37:19
 ❯ getElementError node_modules/@testing-library/react/node_modules/@testing-library/dom/dist/query-helpers.js:20:35
 ❯ getMultipleElementsFoundError node_modules/@testing-library/react/node_modules/@testing-library/dom/dist/query-helpers.js:23:10
 ❯ node_modules/@testing-library/react/node_modules/@testing-library/dom/dist/query-helpers.js:55:13
 ❯ node_modules/@testing-library/react/node_modules/@testing-library/dom/dist/query-helpers.js:95:19
 ❯ src/test/components/BubbleSheetInterface.test.tsx:177:21
            </failure>
        </testcase>
        <testcase classname="src/test/components/BubbleSheetInterface.test.tsx" name="BubbleSheetInterface &gt; Klavye Erişilebilirliği &gt; Enter tuşu ile cevap seçer" time="0.4376366">
        </testcase>
        <testcase classname="src/test/components/BubbleSheetInterface.test.tsx" name="BubbleSheetInterface &gt; Klavye Erişilebilirliği &gt; Space tuşu ile cevap seçer" time="0.4339536">
        </testcase>
        <testcase classname="src/test/components/BubbleSheetInterface.test.tsx" name="BubbleSheetInterface &gt; Klavye Erişilebilirliği &gt; Tab tuşu ile bubble&apos;lar arasında gezinir" time="0.4555989">
            <failure message="expected &lt;div …(5)&gt;&lt;div …(5)&gt;…(1)&lt;/div&gt;&lt;/div&gt; to be &lt;div …(5)&gt;&lt;span …(1)&gt;&lt;/span&gt;&lt;/div&gt; // Object.is equality" type="AssertionError">
AssertionError: expected &lt;div …(5)&gt;&lt;div …(5)&gt;…(1)&lt;/div&gt;&lt;/div&gt; to be &lt;div …(5)&gt;&lt;span …(1)&gt;&lt;/span&gt;&lt;/div&gt; // Object.is equality

- Expected
+ Received

@@ -1,6 +1,13 @@
  &lt;div
+   aria-label=&quot;B şıkkını işaretle&quot;
+   class=&quot;&quot;
+   data-mui-internal-clone-element=&quot;true&quot;
+   style=&quot;transform: none;&quot;
+   tabindex=&quot;0&quot;
+ &gt;
+   &lt;div
      aria-checked=&quot;false&quot;
      aria-label=&quot;Şık B&quot;
      class=&quot;MuiBox-root css-s23bc2&quot;
      role=&quot;radio&quot;
      tabindex=&quot;0&quot;
@@ -8,6 +15,7 @@
      &lt;span
        class=&quot;MuiTypography-root MuiTypography-body1 css-1ltgr18-MuiTypography-root&quot;
      &gt;
        B
      &lt;/span&gt;
+   &lt;/div&gt;
  &lt;/div&gt;

 ❯ src/test/components/BubbleSheetInterface.test.tsx:239:38
            </failure>
        </testcase>
        <testcase classname="src/test/components/BubbleSheetInterface.test.tsx" name="BubbleSheetInterface &gt; Disabled Durumu &gt; disabled olduğunda tıklama çalışmaz" time="0.4165333">
        </testcase>
        <testcase classname="src/test/components/BubbleSheetInterface.test.tsx" name="BubbleSheetInterface &gt; Disabled Durumu &gt; disabled olduğunda klavye girişi çalışmaz" time="0.3267696">
        </testcase>
        <testcase classname="src/test/components/BubbleSheetInterface.test.tsx" name="BubbleSheetInterface &gt; Boyut Seçenekleri &gt; small boyutunda render olur" time="0.0782542">
        </testcase>
        <testcase classname="src/test/components/BubbleSheetInterface.test.tsx" name="BubbleSheetInterface &gt; Boyut Seçenekleri &gt; medium boyutunda render olur" time="0.0685079">
        </testcase>
        <testcase classname="src/test/components/BubbleSheetInterface.test.tsx" name="BubbleSheetInterface &gt; Boyut Seçenekleri &gt; large boyutunda render olur" time="0.0767771">
        </testcase>
        <testcase classname="src/test/components/BubbleSheetInterface.test.tsx" name="BubbleSheetPanel &gt; Temel Render &gt; tüm soruları gösterir" time="1.1286328">
        </testcase>
        <testcase classname="src/test/components/BubbleSheetInterface.test.tsx" name="BubbleSheetPanel &gt; Temel Render &gt; istatistikleri doğru hesaplar" time="0.5512612">
        </testcase>
        <testcase classname="src/test/components/BubbleSheetInterface.test.tsx" name="BubbleSheetPanel &gt; Temel Render &gt; konulara göre gruplar" time="0.523949">
        </testcase>
        <testcase classname="src/test/components/BubbleSheetInterface.test.tsx" name="BubbleSheetPanel &gt; Cevap Değiştirme &gt; cevap değiştiğinde callback çağrılır" time="3.5416875">
        </testcase>
        <testcase classname="src/test/components/BubbleSheetInterface.test.tsx" name="BubbleSheetPanel &gt; Soru Navigasyonu &gt; soruya tıklandığında navigasyon callback çağrılır" time="0.8544503">
        </testcase>
        <testcase classname="src/test/components/BubbleSheetInterface.test.tsx" name="BubbleSheetPanel &gt; Soru Navigasyonu &gt; mevcut soruyu vurgular" time="0.312843">
        </testcase>
        <testcase classname="src/test/components/BubbleSheetInterface.test.tsx" name="BubbleSheetPanel &gt; Görünüm Modları &gt; grid görünümünde başlar" time="0.3780935">
        </testcase>
        <testcase classname="src/test/components/BubbleSheetInterface.test.tsx" name="BubbleSheetPanel &gt; Görünüm Modları &gt; liste görünümüne geçiş yapar" time="2.6974778">
        </testcase>
        <testcase classname="src/test/components/BubbleSheetInterface.test.tsx" name="BubbleSheetPanel &gt; Boş Soru Vurgulama &gt; boş soruları vurgulama özelliği çalışır" time="1.817032">
        </testcase>
        <testcase classname="src/test/components/BubbleSheetInterface.test.tsx" name="BubbleSheetPanel &gt; Bilgi Dialog &gt; bilgi dialogunu açar" time="3.7690387">
        </testcase>
        <testcase classname="src/test/components/BubbleSheetInterface.test.tsx" name="BubbleSheetPanel &gt; Bilgi Dialog &gt; bilgi dialogunu kapatır" time="1.8632959">
        </testcase>
        <testcase classname="src/test/components/BubbleSheetInterface.test.tsx" name="BubbleSheetPanel &gt; Kolon Sayısı &gt; 1 kolonda render olur" time="0.2755775">
        </testcase>
        <testcase classname="src/test/components/BubbleSheetInterface.test.tsx" name="BubbleSheetPanel &gt; Kolon Sayısı &gt; 2 kolonda render olur" time="0.3184888">
        </testcase>
        <testcase classname="src/test/components/BubbleSheetInterface.test.tsx" name="BubbleSheetPanel &gt; Kolon Sayısı &gt; 4 kolonda render olur" time="0.3643085">
        </testcase>
    </testsuite>
    <testsuite name="src/test/components/ExamInterface.test.tsx" timestamp="2025-11-14T16:56:52.549Z" hostname="ates" tests="32" failures="3" errors="0" skipped="0" time="18.7352483">
        <testcase classname="src/test/components/ExamInterface.test.tsx" name="ExamInterface Component &gt; Task 69.1: İşaretleme Sistemi &gt; should display current question number and content" time="1.6701304">
        </testcase>
        <testcase classname="src/test/components/ExamInterface.test.tsx" name="ExamInterface Component &gt; Task 69.1: İşaretleme Sistemi &gt; should show selected answer" time="1.5322656">
        </testcase>
        <testcase classname="src/test/components/ExamInterface.test.tsx" name="ExamInterface Component &gt; Task 69.1: İşaretleme Sistemi &gt; should call onAnswerChange when answer is selected" time="0.8621322">
        </testcase>
        <testcase classname="src/test/components/ExamInterface.test.tsx" name="ExamInterface Component &gt; Task 69.1: İşaretleme Sistemi &gt; should show visual confirmation after answer selection" time="1.0435126">
        </testcase>
        <testcase classname="src/test/components/ExamInterface.test.tsx" name="ExamInterface Component &gt; Task 69.1: İşaretleme Sistemi &gt; should allow changing answer" time="0.9770695">
        </testcase>
        <testcase classname="src/test/components/ExamInterface.test.tsx" name="ExamInterface Component &gt; Task 69.1: İşaretleme Sistemi &gt; should support keyboard shortcuts for answer selection" time="0.2074027">
        </testcase>
        <testcase classname="src/test/components/ExamInterface.test.tsx" name="ExamInterface Component &gt; Task 69.2: Boş Bırakma &gt; should track unanswered questions" time="0.2245025">
        </testcase>
        <testcase classname="src/test/components/ExamInterface.test.tsx" name="ExamInterface Component &gt; Task 69.2: Boş Bırakma &gt; should show empty status icon for unanswered question" time="0.2023064">
        </testcase>
        <testcase classname="src/test/components/ExamInterface.test.tsx" name="ExamInterface Component &gt; Task 69.2: Boş Bırakma &gt; should calculate completion percentage" time="0.3362676">
        </testcase>
        <testcase classname="src/test/components/ExamInterface.test.tsx" name="ExamInterface Component &gt; Task 69.2: Boş Bırakma &gt; should show answered status icon for answered question" time="0.2642529">
        </testcase>
        <testcase classname="src/test/components/ExamInterface.test.tsx" name="ExamInterface Component &gt; Task 69.3: Şüpheli İşaretleme &gt; should display flag button" time="0.8658084">
        </testcase>
        <testcase classname="src/test/components/ExamInterface.test.tsx" name="ExamInterface Component &gt; Task 69.3: Şüpheli İşaretleme &gt; should call onFlagToggle when flag button is clicked" time="0.8393927">
        </testcase>
        <testcase classname="src/test/components/ExamInterface.test.tsx" name="ExamInterface Component &gt; Task 69.3: Şüpheli İşaretleme &gt; should show flagged status" time="0.928068">
        </testcase>
        <testcase classname="src/test/components/ExamInterface.test.tsx" name="ExamInterface Component &gt; Task 69.3: Şüpheli İşaretleme &gt; should track flagged questions count" time="0.2677085">
        </testcase>
        <testcase classname="src/test/components/ExamInterface.test.tsx" name="ExamInterface Component &gt; Task 69.3: Şüpheli İşaretleme &gt; should support keyboard shortcut F for flagging" time="0.2252962">
        </testcase>
        <testcase classname="src/test/components/ExamInterface.test.tsx" name="ExamInterface Component &gt; Task 69.3: Şüpheli İşaretleme &gt; should show flag icon in navigation panel for flagged questions" time="0.2302025">
        </testcase>
        <testcase classname="src/test/components/ExamInterface.test.tsx" name="ExamInterface Component &gt; Task 69.4: Soru Navigasyonu &gt; should display question navigation buttons" time="0.823588">
        </testcase>
        <testcase classname="src/test/components/ExamInterface.test.tsx" name="ExamInterface Component &gt; Task 69.4: Soru Navigasyonu &gt; should disable previous button on first question" time="0.7950124">
        </testcase>
        <testcase classname="src/test/components/ExamInterface.test.tsx" name="ExamInterface Component &gt; Task 69.4: Soru Navigasyonu &gt; should disable next button on last question" time="0.7239594">
        </testcase>
        <testcase classname="src/test/components/ExamInterface.test.tsx" name="ExamInterface Component &gt; Task 69.4: Soru Navigasyonu &gt; should call onQuestionNavigate when next button is clicked" time="0.7740102">
        </testcase>
        <testcase classname="src/test/components/ExamInterface.test.tsx" name="ExamInterface Component &gt; Task 69.4: Soru Navigasyonu &gt; should call onQuestionNavigate when previous button is clicked" time="0.7192908">
        </testcase>
        <testcase classname="src/test/components/ExamInterface.test.tsx" name="ExamInterface Component &gt; Task 69.4: Soru Navigasyonu &gt; should support keyboard shortcuts for navigation" time="0.1225437">
        </testcase>
        <testcase classname="src/test/components/ExamInterface.test.tsx" name="ExamInterface Component &gt; Task 69.4: Soru Navigasyonu &gt; should display question number grid in navigation panel" time="0.3153369">
            <failure message="Found multiple elements with the text: 1

Here are the matching elements:

Ignored nodes: comments, script, style
[36m&lt;div[39m
  [33mclass[39m=[32m&quot;MuiBox-root css-ge9pkj&quot;[39m
[36m&gt;[39m
  [0m1[0m
[36m&lt;/div&gt;[39m

Ignored nodes: comments, script, style
[36m&lt;p[39m
  [33mclass[39m=[32m&quot;MuiTypography-root MuiTypography-body2 css-14c1qyo-MuiTypography-root&quot;[39m
[36m&gt;[39m
  [0m1[0m
[36m&lt;/p&gt;[39m

(If this is intentional, then use the `*AllBy*` variant of the query (like `queryAllByText`, `getAllByText`, or `findAllByText`)).

Ignored nodes: comments, script, style
[36m&lt;body&gt;[39m
  [36m&lt;div&gt;[39m
    [36m&lt;div[39m
      [33mclass[39m=[32m&quot;MuiBox-root css-1r1eofk&quot;[39m
    [36m&gt;[39m
      [36m&lt;div[39m
        [33mclass[39m=[32m&quot;MuiBox-root css-1tvux47&quot;[39m
      [36m&gt;[39m
        [36m&lt;div[39m
          [33mclass[39m=[32m&quot;MuiPaper-root MuiPaper-elevation MuiPaper-rounded MuiPaper-elevation2 css-ad7o3g-MuiPaper-root&quot;[39m
        [36m&gt;[39m
          [36m&lt;div[39m
            [33mclass[39m=[32m&quot;MuiBox-root css-16e3880&quot;[39m
          [36m&gt;[39m
            [36m&lt;div[39m
              [33mclass[39m=[32m&quot;MuiBox-root css-j0ozid&quot;[39m
            [36m&gt;[39m
              [36m&lt;h6[39m
                [33mclass[39m=[32m&quot;MuiTypography-root MuiTypography-h6 css-2ulfj5-MuiTypography-root&quot;[39m
              [36m&gt;[39m
                [0mSoru [0m
                [0m1[0m
              [36m&lt;/h6&gt;[39m
              [36m&lt;div[39m
                [33mclass[39m=[32m&quot;MuiChip-root MuiChip-outlined MuiChip-sizeSmall MuiChip-colorPrimary MuiChip-outlinedPrimary css-1y6wsfa-MuiChip-root&quot;[39m
              [36m&gt;[39m
                [36m&lt;span[39m
                  [33mclass[39m=[32m&quot;MuiChip-label MuiChip-labelSmall css-rrn746-MuiChip-label&quot;[39m
                [36m&gt;[39m
                  [0mMatematik[0m
                [36m&lt;/span&gt;[39m
              [36m&lt;/div&gt;[39m
              [36m&lt;div[39m
                [33mclass[39m=[32m&quot;MuiChip-root MuiChip-outlined MuiChip-sizeSmall MuiChip-colorDefault MuiChip-outlinedDefault css-1gyxgoa-MuiChip-root&quot;[39m
              [36m&gt;[39m
                [36m&lt;span[39m
                  [33mclass[39m=[32m&quot;MuiChip-label MuiChip-labelSmall css-rrn746-MuiChip-label&quot;[39m
                [36m&gt;[39m
                  [0mCebir[0m
                [36m&lt;/span&gt;[39m
              [36m&lt;/div&gt;[39m
            [36m&lt;/div&gt;[39m
            [36m&lt;div[39m
              [33mclass[39m=[32m&quot;MuiBox-root css-1i27l4i&quot;[39m
            [36m&gt;[39m
              [36m&lt;button[39m
                [33maria-label[39m=[32m&quot;İnceleme için işaretle (F)&quot;[39m
                [33mclass[39m=[32m&quot;MuiButtonBase-root MuiIconButton-root MuiIconButton-sizeMedium css-1qt9o05-MuiButtonBase-root-MuiIconButton-root&quot;[39m
                [33mdata-mui-internal-clone-element[39m=[32m&quot;true&quot;[39m
                [33mtabindex[39m=[32m&quot;0&quot;[39m
                [33mtype[39m=[32m&quot;button&quot;[39m
              [36m&gt;[39m
                [36m&lt;svg[39m
                  [33maria-hidden[39m=[32m&quot;true&quot;[39m
                  [33mclass[39m=[32m&quot;MuiSvgIcon-root MuiSvgIcon-fontSizeMedium css-i4bv87-MuiSvgIcon-root&quot;[39m
                  [33mdata-testid[39m=[32m&quot;FlagOutlinedIcon&quot;[39m
                  [33mfocusable[39m=[32m&quot;false&quot;[39m
                  [33mviewBox[39m=[32m&quot;0 0 24 24&quot;[39m
                [36m&gt;[39m
                  [36m&lt;path[39m
                    [33md[39m=[32m&quot;m12.36 6 .4 2H18v6h-3.36l-.4-2H7V6zM14 4H5v17h2v-7h5.6l.4 2h7V6h-5.6z&quot;[39m
                  [36m/&gt;[39m
                [36m&lt;/svg&gt;[39m
                [36m&lt;span[39m
                  [33mclass[39m=[32m&quot;MuiTouchRipple-root css-8je8zh-MuiTouchRipple-root&quot;[39m
                [36m/&gt;[39m
              [36m&lt;/button&gt;[39m
              [36m&lt;div[39m
                [33maria-label[39m=[32m&quot;Cevaplandı&quot;[39m
                [33mclass[39m=[32m&quot;MuiBox-root css-0&quot;[39m
                [33mdata-mui-internal-clone-element[39m=[32m&quot;true&quot;[39m
              [36m&gt;[39m
                [36m&lt;svg[39m
                  [33maria-hidden[39m=[32m&quot;true&quot;[39m
                  [33mclass[39m=[32m&quot;MuiSvgIcon-root MuiSvgIcon-colorSuccess MuiSvgIcon-fontSizeMedium css-14ao9r6-MuiSvgIcon-root&quot;[39m
                  [33mdata-testid[39m=[32m&quot;CheckCircleIcon&quot;[39m
                  [33mfocusable[39m=[32m&quot;false&quot;[39m
                  [33mviewBox[39m=[32m&quot;0 0 24 24&quot;[39m
                [36m&gt;[39m
                  [36m&lt;path[39m
                    [33md[39m=[32m&quot;M12 2C6.48 2 2 6.48 2 12s4.48 10 10 10 10-4.48 10-10S17.52 2 12 2m-2 15-5-5 1.41-1.41L10 14.17l7.59-7.59L19 8z&quot;[39m
                  [36m/&gt;[39m
                [36m&lt;/svg&gt;[39m
              [36m&lt;/div&gt;[39m
            [36m&lt;/div&gt;[39m
          [36m&lt;/div&gt;[39m
        [36m&lt;/div&gt;[39m
        [36m&lt;div[39m
          [33mclass[39m=[32m&quot;MuiPaper-root MuiPaper-elevation MuiPaper-rounded MuiPaper-elevation2 css-zpnd57-MuiPaper-root&quot;[39m
        [36m&gt;[39m
          [36m&lt;p[39m
            [33mclass[39m=[32m&quot;MuiTypography-root MuiTypography-body1 css-56p5vp-MuiTypography-root&quot;[39m
          [36m&gt;[39m
            [0mTest sorusu 1[0m
          [36m&lt;/p&gt;[39m
          [36m&lt;div[39m
            [33mclass[39m=[32m&quot;MuiBox-root css-h5fkc8&quot;[39m
          [36m&gt;[39m
            [36m&lt;div[39m
              [33maria-label[39m=[32m&quot;Soru 1 cevap seçenekleri&quot;[39m
              [33mclass[39m=[32m&quot;MuiBox-root css-1uc7csx&quot;[39m
              [33mrole[39m=[32m&quot;radiogroup&quot;[39m
            [36m&gt;[39m
              [36m&lt;div[39m
                [33mclass[39m=[32m&quot;MuiBox-root css-ge9pkj&quot;[39m
              [36m&gt;[39m
                [0m1[0m
              [36m&lt;/div&gt;[39m
              [36m&lt;div[39m
                [33mclass[39m=[32m&quot;MuiBox-root css-olrbaj&quot;[39m
              [36m&gt;[39m
                [36m&lt;div[39m
                  [33maria-label[39m=[32m&quot;İşareti kaldırmak için tekrar tıklayın&quot;[39m
                  [33mclass[39m=[32m&quot;&quot;[39m
                  [33mdata-mui-internal-clone-element[39m=[32m&quot;true&quot;[39m
                  [33mstyle[39m=[32m&quot;transform: none;&quot;[39m
                  [33mtabindex[39m=[32m&quot;0&quot;[39m
                [36m&gt;[39m
                  [36m&lt;div[39m
                    [33maria-checked[39m=[32m&quot;true&quot;[39m
                    [33maria-label[39m=[32m&quot;Şık A&quot;[39m
                    [33mclass[39m=[32m&quot;MuiBox-root css-1ovpe65&quot;[39m
                    [33mrole[39m=[32m&quot;radio&quot;[39m
                    [33mtabindex[39m=[32m&quot;0&quot;[39m
                  [36m&gt;[39m
                    [36m&lt;div[39m
                      [33mstyle[39m=[32m&quot;position: absolute; display: flex; align-items: center; justify-content: center; opacity: 0; transform: scale(0) translateZ(0);&quot;[39m
                    [36m&gt;[39m
                      [36m&lt;svg[39m
                        [33maria-hidden[39m=[32m&quot;true&quot;[39m
                        [33mclass[39m=[32m&quot;MuiSvgIcon-root MuiSvgIcon-fontSizeMedium css-1f9j8vj-MuiSvgIcon-root&quot;[39m
                        [33mdata-testid[39m=[32m&quot;CircleIcon&quot;[39m
                        [33mfocusable[39m=[32m&quot;false&quot;[39m
                        [33mviewBox[39m=[32m&quot;0 0 24 24&quot;[39m
                      [36m&gt;[39m
                        [36m&lt;path[39m
                          [33md[39m=[32m&quot;M12 2C6.47 2 2 6.47 2 12s4.47 10 10 10 10-4.47 10-10S17.53 2 12 2&quot;[39m
                        [36m/&gt;[39m..." type="TestingLibraryElementError">
TestingLibraryElementError: Found multiple elements with the text: 1

Here are the matching elements:

Ignored nodes: comments, script, style
&lt;div
  class=&quot;MuiBox-root css-ge9pkj&quot;
&gt;
  1
&lt;/div&gt;

Ignored nodes: comments, script, style
&lt;p
  class=&quot;MuiTypography-root MuiTypography-body2 css-14c1qyo-MuiTypography-root&quot;
&gt;
  1
&lt;/p&gt;

(If this is intentional, then use the `*AllBy*` variant of the query (like `queryAllByText`, `getAllByText`, or `findAllByText`)).

Ignored nodes: comments, script, style
&lt;body&gt;
  &lt;div&gt;
    &lt;div
      class=&quot;MuiBox-root css-1r1eofk&quot;
    &gt;
      &lt;div
        class=&quot;MuiBox-root css-1tvux47&quot;
      &gt;
        &lt;div
          class=&quot;MuiPaper-root MuiPaper-elevation MuiPaper-rounded MuiPaper-elevation2 css-ad7o3g-MuiPaper-root&quot;
        &gt;
          &lt;div
            class=&quot;MuiBox-root css-16e3880&quot;
          &gt;
            &lt;div
              class=&quot;MuiBox-root css-j0ozid&quot;
            &gt;
              &lt;h6
                class=&quot;MuiTypography-root MuiTypography-h6 css-2ulfj5-MuiTypography-root&quot;
              &gt;
                Soru 
                1
              &lt;/h6&gt;
              &lt;div
                class=&quot;MuiChip-root MuiChip-outlined MuiChip-sizeSmall MuiChip-colorPrimary MuiChip-outlinedPrimary css-1y6wsfa-MuiChip-root&quot;
              &gt;
                &lt;span
                  class=&quot;MuiChip-label MuiChip-labelSmall css-rrn746-MuiChip-label&quot;
                &gt;
                  Matematik
                &lt;/span&gt;
              &lt;/div&gt;
              &lt;div
                class=&quot;MuiChip-root MuiChip-outlined MuiChip-sizeSmall MuiChip-colorDefault MuiChip-outlinedDefault css-1gyxgoa-MuiChip-root&quot;
              &gt;
                &lt;span
                  class=&quot;MuiChip-label MuiChip-labelSmall css-rrn746-MuiChip-label&quot;
                &gt;
                  Cebir
                &lt;/span&gt;
              &lt;/div&gt;
            &lt;/div&gt;
            &lt;div
              class=&quot;MuiBox-root css-1i27l4i&quot;
            &gt;
              &lt;button
                aria-label=&quot;İnceleme için işaretle (F)&quot;
                class=&quot;MuiButtonBase-root MuiIconButton-root MuiIconButton-sizeMedium css-1qt9o05-MuiButtonBase-root-MuiIconButton-root&quot;
                data-mui-internal-clone-element=&quot;true&quot;
                tabindex=&quot;0&quot;
                type=&quot;button&quot;
              &gt;
                &lt;svg
                  aria-hidden=&quot;true&quot;
                  class=&quot;MuiSvgIcon-root MuiSvgIcon-fontSizeMedium css-i4bv87-MuiSvgIcon-root&quot;
                  data-testid=&quot;FlagOutlinedIcon&quot;
                  focusable=&quot;false&quot;
                  viewBox=&quot;0 0 24 24&quot;
                &gt;
                  &lt;path
                    d=&quot;m12.36 6 .4 2H18v6h-3.36l-.4-2H7V6zM14 4H5v17h2v-7h5.6l.4 2h7V6h-5.6z&quot;
                  /&gt;
                &lt;/svg&gt;
                &lt;span
                  class=&quot;MuiTouchRipple-root css-8je8zh-MuiTouchRipple-root&quot;
                /&gt;
              &lt;/button&gt;
              &lt;div
                aria-label=&quot;Cevaplandı&quot;
                class=&quot;MuiBox-root css-0&quot;
                data-mui-internal-clone-element=&quot;true&quot;
              &gt;
                &lt;svg
                  aria-hidden=&quot;true&quot;
                  class=&quot;MuiSvgIcon-root MuiSvgIcon-colorSuccess MuiSvgIcon-fontSizeMedium css-14ao9r6-MuiSvgIcon-root&quot;
                  data-testid=&quot;CheckCircleIcon&quot;
                  focusable=&quot;false&quot;
                  viewBox=&quot;0 0 24 24&quot;
                &gt;
                  &lt;path
                    d=&quot;M12 2C6.48 2 2 6.48 2 12s4.48 10 10 10 10-4.48 10-10S17.52 2 12 2m-2 15-5-5 1.41-1.41L10 14.17l7.59-7.59L19 8z&quot;
                  /&gt;
                &lt;/svg&gt;
              &lt;/div&gt;
            &lt;/div&gt;
          &lt;/div&gt;
        &lt;/div&gt;
        &lt;div
          class=&quot;MuiPaper-root MuiPaper-elevation MuiPaper-rounded MuiPaper-elevation2 css-zpnd57-MuiPaper-root&quot;
        &gt;
          &lt;p
            class=&quot;MuiTypography-root MuiTypography-body1 css-56p5vp-MuiTypography-root&quot;
          &gt;
            Test sorusu 1
          &lt;/p&gt;
          &lt;div
            class=&quot;MuiBox-root css-h5fkc8&quot;
          &gt;
            &lt;div
              aria-label=&quot;Soru 1 cevap seçenekleri&quot;
              class=&quot;MuiBox-root css-1uc7csx&quot;
              role=&quot;radiogroup&quot;
            &gt;
              &lt;div
                class=&quot;MuiBox-root css-ge9pkj&quot;
              &gt;
                1
              &lt;/div&gt;
              &lt;div
                class=&quot;MuiBox-root css-olrbaj&quot;
              &gt;
                &lt;div
                  aria-label=&quot;İşareti kaldırmak için tekrar tıklayın&quot;
                  class=&quot;&quot;
                  data-mui-internal-clone-element=&quot;true&quot;
                  style=&quot;transform: none;&quot;
                  tabindex=&quot;0&quot;
                &gt;
                  &lt;div
                    aria-checked=&quot;true&quot;
                    aria-label=&quot;Şık A&quot;
                    class=&quot;MuiBox-root css-1ovpe65&quot;
                    role=&quot;radio&quot;
                    tabindex=&quot;0&quot;
                  &gt;
                    &lt;div
                      style=&quot;position: absolute; display: flex; align-items: center; justify-content: center; opacity: 0; transform: scale(0) translateZ(0);&quot;
                    &gt;
                      &lt;svg
                        aria-hidden=&quot;true&quot;
                        class=&quot;MuiSvgIcon-root MuiSvgIcon-fontSizeMedium css-1f9j8vj-MuiSvgIcon-root&quot;
                        data-testid=&quot;CircleIcon&quot;
                        focusable=&quot;false&quot;
                        viewBox=&quot;0 0 24 24&quot;
                      &gt;
                        &lt;path
                          d=&quot;M12 2C6.47 2 2 6.47 2 12s4.47 10 10 10 10-4.47 10-10S17.53 2 12 2&quot;
                        /&gt;...
 ❯ Object.getElementError node_modules/@testing-library/react/node_modules/@testing-library/dom/dist/config.js:37:19
 ❯ getElementError node_modules/@testing-library/react/node_modules/@testing-library/dom/dist/query-helpers.js:20:35
 ❯ getMultipleElementsFoundError node_modules/@testing-library/react/node_modules/@testing-library/dom/dist/query-helpers.js:23:10
 ❯ node_modules/@testing-library/react/node_modules/@testing-library/dom/dist/query-helpers.js:55:13
 ❯ node_modules/@testing-library/react/node_modules/@testing-library/dom/dist/query-helpers.js:95:19
 ❯ src/test/components/ExamInterface.test.tsx:323:21
            </failure>
        </testcase>
        <testcase classname="src/test/components/ExamInterface.test.tsx" name="ExamInterface Component &gt; Task 69.4: Soru Navigasyonu &gt; should allow jumping to specific question from grid" time="0.2366504">
        </testcase>
        <testcase classname="src/test/components/ExamInterface.test.tsx" name="ExamInterface Component &gt; Task 69.4: Soru Navigasyonu &gt; should highlight current question in navigation grid" time="0.2193905">
            <failure message="Found multiple elements with the text: 2

Here are the matching elements:

Ignored nodes: comments, script, style
[36m&lt;div[39m
  [33mclass[39m=[32m&quot;MuiBox-root css-ge9pkj&quot;[39m
[36m&gt;[39m
  [0m2[0m
[36m&lt;/div&gt;[39m

Ignored nodes: comments, script, style
[36m&lt;p[39m
  [33mclass[39m=[32m&quot;MuiTypography-root MuiTypography-body2 css-14c1qyo-MuiTypography-root&quot;[39m
[36m&gt;[39m
  [0m2[0m
[36m&lt;/p&gt;[39m

(If this is intentional, then use the `*AllBy*` variant of the query (like `queryAllByText`, `getAllByText`, or `findAllByText`)).

Ignored nodes: comments, script, style
[36m&lt;body&gt;[39m
  [36m&lt;div&gt;[39m
    [36m&lt;div[39m
      [33mclass[39m=[32m&quot;MuiBox-root css-1r1eofk&quot;[39m
    [36m&gt;[39m
      [36m&lt;div[39m
        [33mclass[39m=[32m&quot;MuiBox-root css-1tvux47&quot;[39m
      [36m&gt;[39m
        [36m&lt;div[39m
          [33mclass[39m=[32m&quot;MuiPaper-root MuiPaper-elevation MuiPaper-rounded MuiPaper-elevation2 css-ad7o3g-MuiPaper-root&quot;[39m
        [36m&gt;[39m
          [36m&lt;div[39m
            [33mclass[39m=[32m&quot;MuiBox-root css-16e3880&quot;[39m
          [36m&gt;[39m
            [36m&lt;div[39m
              [33mclass[39m=[32m&quot;MuiBox-root css-j0ozid&quot;[39m
            [36m&gt;[39m
              [36m&lt;h6[39m
                [33mclass[39m=[32m&quot;MuiTypography-root MuiTypography-h6 css-2ulfj5-MuiTypography-root&quot;[39m
              [36m&gt;[39m
                [0mSoru [0m
                [0m2[0m
              [36m&lt;/h6&gt;[39m
              [36m&lt;div[39m
                [33mclass[39m=[32m&quot;MuiChip-root MuiChip-outlined MuiChip-sizeSmall MuiChip-colorPrimary MuiChip-outlinedPrimary css-1y6wsfa-MuiChip-root&quot;[39m
              [36m&gt;[39m
                [36m&lt;span[39m
                  [33mclass[39m=[32m&quot;MuiChip-label MuiChip-labelSmall css-rrn746-MuiChip-label&quot;[39m
                [36m&gt;[39m
                  [0mTürkçe[0m
                [36m&lt;/span&gt;[39m
              [36m&lt;/div&gt;[39m
              [36m&lt;div[39m
                [33mclass[39m=[32m&quot;MuiChip-root MuiChip-outlined MuiChip-sizeSmall MuiChip-colorDefault MuiChip-outlinedDefault css-1gyxgoa-MuiChip-root&quot;[39m
              [36m&gt;[39m
                [36m&lt;span[39m
                  [33mclass[39m=[32m&quot;MuiChip-label MuiChip-labelSmall css-rrn746-MuiChip-label&quot;[39m
                [36m&gt;[39m
                  [0mDil Bilgisi[0m
                [36m&lt;/span&gt;[39m
              [36m&lt;/div&gt;[39m
            [36m&lt;/div&gt;[39m
            [36m&lt;div[39m
              [33mclass[39m=[32m&quot;MuiBox-root css-1i27l4i&quot;[39m
            [36m&gt;[39m
              [36m&lt;button[39m
                [33maria-label[39m=[32m&quot;İnceleme için işaretle (F)&quot;[39m
                [33mclass[39m=[32m&quot;MuiButtonBase-root MuiIconButton-root MuiIconButton-sizeMedium css-1qt9o05-MuiButtonBase-root-MuiIconButton-root&quot;[39m
                [33mdata-mui-internal-clone-element[39m=[32m&quot;true&quot;[39m
                [33mtabindex[39m=[32m&quot;0&quot;[39m
                [33mtype[39m=[32m&quot;button&quot;[39m
              [36m&gt;[39m
                [36m&lt;svg[39m
                  [33maria-hidden[39m=[32m&quot;true&quot;[39m
                  [33mclass[39m=[32m&quot;MuiSvgIcon-root MuiSvgIcon-fontSizeMedium css-i4bv87-MuiSvgIcon-root&quot;[39m
                  [33mdata-testid[39m=[32m&quot;FlagOutlinedIcon&quot;[39m
                  [33mfocusable[39m=[32m&quot;false&quot;[39m
                  [33mviewBox[39m=[32m&quot;0 0 24 24&quot;[39m
                [36m&gt;[39m
                  [36m&lt;path[39m
                    [33md[39m=[32m&quot;m12.36 6 .4 2H18v6h-3.36l-.4-2H7V6zM14 4H5v17h2v-7h5.6l.4 2h7V6h-5.6z&quot;[39m
                  [36m/&gt;[39m
                [36m&lt;/svg&gt;[39m
                [36m&lt;span[39m
                  [33mclass[39m=[32m&quot;MuiTouchRipple-root css-8je8zh-MuiTouchRipple-root&quot;[39m
                [36m/&gt;[39m
              [36m&lt;/button&gt;[39m
              [36m&lt;div[39m
                [33maria-label[39m=[32m&quot;Boş&quot;[39m
                [33mclass[39m=[32m&quot;MuiBox-root css-0&quot;[39m
                [33mdata-mui-internal-clone-element[39m=[32m&quot;true&quot;[39m
              [36m&gt;[39m
                [36m&lt;svg[39m
                  [33maria-hidden[39m=[32m&quot;true&quot;[39m
                  [33mclass[39m=[32m&quot;MuiSvgIcon-root MuiSvgIcon-colorDisabled MuiSvgIcon-fontSizeMedium css-1m5wp7c-MuiSvgIcon-root&quot;[39m
                  [33mdata-testid[39m=[32m&quot;RadioButtonUncheckedIcon&quot;[39m
                  [33mfocusable[39m=[32m&quot;false&quot;[39m
                  [33mviewBox[39m=[32m&quot;0 0 24 24&quot;[39m
                [36m&gt;[39m
                  [36m&lt;path[39m
                    [33md[39m=[32m&quot;M12 2C6.48 2 2 6.48 2 12s4.48 10 10 10 10-4.48 10-10S17.52 2 12 2m0 18c-4.42 0-8-3.58-8-8s3.58-8 8-8 8 3.58 8 8-3.58 8-8 8&quot;[39m
                  [36m/&gt;[39m
                [36m&lt;/svg&gt;[39m
              [36m&lt;/div&gt;[39m
            [36m&lt;/div&gt;[39m
          [36m&lt;/div&gt;[39m
        [36m&lt;/div&gt;[39m
        [36m&lt;div[39m
          [33mclass[39m=[32m&quot;MuiPaper-root MuiPaper-elevation MuiPaper-rounded MuiPaper-elevation2 css-zpnd57-MuiPaper-root&quot;[39m
        [36m&gt;[39m
          [36m&lt;p[39m
            [33mclass[39m=[32m&quot;MuiTypography-root MuiTypography-body1 css-56p5vp-MuiTypography-root&quot;[39m
          [36m&gt;[39m
            [0mTest sorusu 2[0m
          [36m&lt;/p&gt;[39m
          [36m&lt;div[39m
            [33mclass[39m=[32m&quot;MuiBox-root css-h5fkc8&quot;[39m
          [36m&gt;[39m
            [36m&lt;div[39m
              [33maria-label[39m=[32m&quot;Soru 2 cevap seçenekleri&quot;[39m
              [33mclass[39m=[32m&quot;MuiBox-root css-1uc7csx&quot;[39m
              [33mrole[39m=[32m&quot;radiogroup&quot;[39m
            [36m&gt;[39m
              [36m&lt;div[39m
                [33mclass[39m=[32m&quot;MuiBox-root css-ge9pkj&quot;[39m
              [36m&gt;[39m
                [0m2[0m
              [36m&lt;/div&gt;[39m
              [36m&lt;div[39m
                [33mclass[39m=[32m&quot;MuiBox-root css-olrbaj&quot;[39m
              [36m&gt;[39m
                [36m&lt;div[39m
                  [33maria-label[39m=[32m&quot;A şıkkını işaretle&quot;[39m
                  [33mclass[39m=[32m&quot;&quot;[39m
                  [33mdata-mui-internal-clone-element[39m=[32m&quot;true&quot;[39m
                  [33mstyle[39m=[32m&quot;transform: none;&quot;[39m
                  [33mtabindex[39m=[32m&quot;0&quot;[39m
                [36m&gt;[39m
                  [36m&lt;div[39m
                    [33maria-checked[39m=[32m&quot;false&quot;[39m
                    [33maria-label[39m=[32m&quot;Şık A&quot;[39m
                    [33mclass[39m=[32m&quot;MuiBox-root css-n1tdme&quot;[39m
                    [33mrole[39m=[32m&quot;radio&quot;[39m
                    [33mtabindex[39m=[32m&quot;0&quot;[39m
                  [36m&gt;[39m
                    [36m&lt;span[39m
                      [33mclass[39m=[32m&quot;MuiTypography-root MuiTypography-body1 css-10pwa47-MuiTypography-root&quot;[39m
                    [36m&gt;[39m
                      [0mA[0m
                    [36m&lt;/span&gt;[39m
                  [36m&lt;/div&gt;[39m
                [36m&lt;/div&gt;[39m
                [36m&lt;div[39m
                  [33maria-label[39m=[32m&quot;B şıkkını işaretle&quot;[39m
                  [33mclass[39m=[32m&quot;&quot;[39m
                  [33mdata-mui-internal-clone-element[39m=[32m&quot;true&quot;[39m
                  [33mstyle[39m=[32m&quot;transform: none;&quot;[39m
                  [33mtabindex[39m=[32m&quot;0&quot;[39m
                [36m&gt;[39m
                  [36m&lt;div[39m
                    [33maria-checked[39m=[32m&quot;false&quot;[39m
                    [33maria-label[39m=[32m&quot;Şık B&quot;[39m
                    [33mclass[39m=[32m&quot;Mu..." type="TestingLibraryElementError">
TestingLibraryElementError: Found multiple elements with the text: 2

Here are the matching elements:

Ignored nodes: comments, script, style
&lt;div
  class=&quot;MuiBox-root css-ge9pkj&quot;
&gt;
  2
&lt;/div&gt;

Ignored nodes: comments, script, style
&lt;p
  class=&quot;MuiTypography-root MuiTypography-body2 css-14c1qyo-MuiTypography-root&quot;
&gt;
  2
&lt;/p&gt;

(If this is intentional, then use the `*AllBy*` variant of the query (like `queryAllByText`, `getAllByText`, or `findAllByText`)).

Ignored nodes: comments, script, style
&lt;body&gt;
  &lt;div&gt;
    &lt;div
      class=&quot;MuiBox-root css-1r1eofk&quot;
    &gt;
      &lt;div
        class=&quot;MuiBox-root css-1tvux47&quot;
      &gt;
        &lt;div
          class=&quot;MuiPaper-root MuiPaper-elevation MuiPaper-rounded MuiPaper-elevation2 css-ad7o3g-MuiPaper-root&quot;
        &gt;
          &lt;div
            class=&quot;MuiBox-root css-16e3880&quot;
          &gt;
            &lt;div
              class=&quot;MuiBox-root css-j0ozid&quot;
            &gt;
              &lt;h6
                class=&quot;MuiTypography-root MuiTypography-h6 css-2ulfj5-MuiTypography-root&quot;
              &gt;
                Soru 
                2
              &lt;/h6&gt;
              &lt;div
                class=&quot;MuiChip-root MuiChip-outlined MuiChip-sizeSmall MuiChip-colorPrimary MuiChip-outlinedPrimary css-1y6wsfa-MuiChip-root&quot;
              &gt;
                &lt;span
                  class=&quot;MuiChip-label MuiChip-labelSmall css-rrn746-MuiChip-label&quot;
                &gt;
                  Türkçe
                &lt;/span&gt;
              &lt;/div&gt;
              &lt;div
                class=&quot;MuiChip-root MuiChip-outlined MuiChip-sizeSmall MuiChip-colorDefault MuiChip-outlinedDefault css-1gyxgoa-MuiChip-root&quot;
              &gt;
                &lt;span
                  class=&quot;MuiChip-label MuiChip-labelSmall css-rrn746-MuiChip-label&quot;
                &gt;
                  Dil Bilgisi
                &lt;/span&gt;
              &lt;/div&gt;
            &lt;/div&gt;
            &lt;div
              class=&quot;MuiBox-root css-1i27l4i&quot;
            &gt;
              &lt;button
                aria-label=&quot;İnceleme için işaretle (F)&quot;
                class=&quot;MuiButtonBase-root MuiIconButton-root MuiIconButton-sizeMedium css-1qt9o05-MuiButtonBase-root-MuiIconButton-root&quot;
                data-mui-internal-clone-element=&quot;true&quot;
                tabindex=&quot;0&quot;
                type=&quot;button&quot;
              &gt;
                &lt;svg
                  aria-hidden=&quot;true&quot;
                  class=&quot;MuiSvgIcon-root MuiSvgIcon-fontSizeMedium css-i4bv87-MuiSvgIcon-root&quot;
                  data-testid=&quot;FlagOutlinedIcon&quot;
                  focusable=&quot;false&quot;
                  viewBox=&quot;0 0 24 24&quot;
                &gt;
                  &lt;path
                    d=&quot;m12.36 6 .4 2H18v6h-3.36l-.4-2H7V6zM14 4H5v17h2v-7h5.6l.4 2h7V6h-5.6z&quot;
                  /&gt;
                &lt;/svg&gt;
                &lt;span
                  class=&quot;MuiTouchRipple-root css-8je8zh-MuiTouchRipple-root&quot;
                /&gt;
              &lt;/button&gt;
              &lt;div
                aria-label=&quot;Boş&quot;
                class=&quot;MuiBox-root css-0&quot;
                data-mui-internal-clone-element=&quot;true&quot;
              &gt;
                &lt;svg
                  aria-hidden=&quot;true&quot;
                  class=&quot;MuiSvgIcon-root MuiSvgIcon-colorDisabled MuiSvgIcon-fontSizeMedium css-1m5wp7c-MuiSvgIcon-root&quot;
                  data-testid=&quot;RadioButtonUncheckedIcon&quot;
                  focusable=&quot;false&quot;
                  viewBox=&quot;0 0 24 24&quot;
                &gt;
                  &lt;path
                    d=&quot;M12 2C6.48 2 2 6.48 2 12s4.48 10 10 10 10-4.48 10-10S17.52 2 12 2m0 18c-4.42 0-8-3.58-8-8s3.58-8 8-8 8 3.58 8 8-3.58 8-8 8&quot;
                  /&gt;
                &lt;/svg&gt;
              &lt;/div&gt;
            &lt;/div&gt;
          &lt;/div&gt;
        &lt;/div&gt;
        &lt;div
          class=&quot;MuiPaper-root MuiPaper-elevation MuiPaper-rounded MuiPaper-elevation2 css-zpnd57-MuiPaper-root&quot;
        &gt;
          &lt;p
            class=&quot;MuiTypography-root MuiTypography-body1 css-56p5vp-MuiTypography-root&quot;
          &gt;
            Test sorusu 2
          &lt;/p&gt;
          &lt;div
            class=&quot;MuiBox-root css-h5fkc8&quot;
          &gt;
            &lt;div
              aria-label=&quot;Soru 2 cevap seçenekleri&quot;
              class=&quot;MuiBox-root css-1uc7csx&quot;
              role=&quot;radiogroup&quot;
            &gt;
              &lt;div
                class=&quot;MuiBox-root css-ge9pkj&quot;
              &gt;
                2
              &lt;/div&gt;
              &lt;div
                class=&quot;MuiBox-root css-olrbaj&quot;
              &gt;
                &lt;div
                  aria-label=&quot;A şıkkını işaretle&quot;
                  class=&quot;&quot;
                  data-mui-internal-clone-element=&quot;true&quot;
                  style=&quot;transform: none;&quot;
                  tabindex=&quot;0&quot;
                &gt;
                  &lt;div
                    aria-checked=&quot;false&quot;
                    aria-label=&quot;Şık A&quot;
                    class=&quot;MuiBox-root css-n1tdme&quot;
                    role=&quot;radio&quot;
                    tabindex=&quot;0&quot;
                  &gt;
                    &lt;span
                      class=&quot;MuiTypography-root MuiTypography-body1 css-10pwa47-MuiTypography-root&quot;
                    &gt;
                      A
                    &lt;/span&gt;
                  &lt;/div&gt;
                &lt;/div&gt;
                &lt;div
                  aria-label=&quot;B şıkkını işaretle&quot;
                  class=&quot;&quot;
                  data-mui-internal-clone-element=&quot;true&quot;
                  style=&quot;transform: none;&quot;
                  tabindex=&quot;0&quot;
                &gt;
                  &lt;div
                    aria-checked=&quot;false&quot;
                    aria-label=&quot;Şık B&quot;
                    class=&quot;Mu...
 ❯ Object.getElementError node_modules/@testing-library/react/node_modules/@testing-library/dom/dist/config.js:37:19
 ❯ getElementError node_modules/@testing-library/react/node_modules/@testing-library/dom/dist/query-helpers.js:20:35
 ❯ getMultipleElementsFoundError node_modules/@testing-library/react/node_modules/@testing-library/dom/dist/query-helpers.js:23:10
 ❯ node_modules/@testing-library/react/node_modules/@testing-library/dom/dist/query-helpers.js:55:13
 ❯ node_modules/@testing-library/react/node_modules/@testing-library/dom/dist/query-helpers.js:95:19
 ❯ src/test/components/ExamInterface.test.tsx:343:35
            </failure>
        </testcase>
        <testcase classname="src/test/components/ExamInterface.test.tsx" name="ExamInterface Component &gt; Task 69.4: Soru Navigasyonu &gt; should show question progress indicator" time="0.1773084">
        </testcase>
        <testcase classname="src/test/components/ExamInterface.test.tsx" name="ExamInterface Component &gt; Task 69.4: Soru Navigasyonu &gt; should display keyboard shortcuts info" time="0.3926605">
            <failure message="Found multiple elements with the text: /Cevap/i

Here are the matching elements:

Ignored nodes: comments, script, style
[36m&lt;span[39m
  [33mclass[39m=[32m&quot;MuiTypography-root MuiTypography-caption css-1hidnap-MuiTypography-root&quot;[39m
[36m&gt;[39m
  [36m&lt;svg[39m
    [33maria-hidden[39m=[32m&quot;true&quot;[39m
    [33mclass[39m=[32m&quot;MuiSvgIcon-root MuiSvgIcon-fontSizeSmall css-ptiqhd-MuiSvgIcon-root&quot;[39m
    [33mdata-testid[39m=[32m&quot;InfoIcon&quot;[39m
    [33mfocusable[39m=[32m&quot;false&quot;[39m
    [33mviewBox[39m=[32m&quot;0 0 24 24&quot;[39m
  [36m&gt;[39m
    [36m&lt;path[39m
      [33md[39m=[32m&quot;M12 2C6.48 2 2 6.48 2 12s4.48 10 10 10 10-4.48 10-10S17.52 2 12 2m1 15h-2v-6h2zm0-8h-2V7h2z&quot;[39m
    [36m/&gt;[39m
  [36m&lt;/svg&gt;[39m
  [0mKısayollar: ← → (Gezinme) | A-E (Cevap) | F (İşaretle)[0m
[36m&lt;/span&gt;[39m

Ignored nodes: comments, script, style
[36m&lt;span[39m
  [33mclass[39m=[32m&quot;MuiChip-label MuiChip-labelSmall css-rrn746-MuiChip-label&quot;[39m
[36m&gt;[39m
  [0m1 Cevaplandı[0m
[36m&lt;/span&gt;[39m

Ignored nodes: comments, script, style
[36m&lt;span[39m
  [33mclass[39m=[32m&quot;MuiTypography-root MuiTypography-caption css-ol7wxs-MuiTypography-root&quot;[39m
[36m&gt;[39m
  [36m&lt;strong&gt;[39m
    [0mMavi:[0m
  [36m&lt;/strong&gt;[39m
  [0m Aktif soru[0m
  [36m&lt;br /&gt;[39m
  [36m&lt;strong&gt;[39m
    [0mYeşil:[0m
  [36m&lt;/strong&gt;[39m
  [0m Cevaplandı[0m
  [36m&lt;br /&gt;[39m
  [36m&lt;strong&gt;[39m
    [0mTuruncu:[0m
  [36m&lt;/strong&gt;[39m
  [0m İnceleme için işaretli[0m
  [36m&lt;br /&gt;[39m
  [36m&lt;strong&gt;[39m
    [0mGri:[0m
  [36m&lt;/strong&gt;[39m
  [0m Boş[0m
[36m&lt;/span&gt;[39m

(If this is intentional, then use the `*AllBy*` variant of the query (like `queryAllByText`, `getAllByText`, or `findAllByText`)).

Ignored nodes: comments, script, style
[36m&lt;body&gt;[39m
  [36m&lt;div&gt;[39m
    [36m&lt;div[39m
      [33mclass[39m=[32m&quot;MuiBox-root css-1r1eofk&quot;[39m
    [36m&gt;[39m
      [36m&lt;div[39m
        [33mclass[39m=[32m&quot;MuiBox-root css-1tvux47&quot;[39m
      [36m&gt;[39m
        [36m&lt;div[39m
          [33mclass[39m=[32m&quot;MuiPaper-root MuiPaper-elevation MuiPaper-rounded MuiPaper-elevation2 css-ad7o3g-MuiPaper-root&quot;[39m
        [36m&gt;[39m
          [36m&lt;div[39m
            [33mclass[39m=[32m&quot;MuiBox-root css-16e3880&quot;[39m
          [36m&gt;[39m
            [36m&lt;div[39m
              [33mclass[39m=[32m&quot;MuiBox-root css-j0ozid&quot;[39m
            [36m&gt;[39m
              [36m&lt;h6[39m
                [33mclass[39m=[32m&quot;MuiTypography-root MuiTypography-h6 css-2ulfj5-MuiTypography-root&quot;[39m
              [36m&gt;[39m
                [0mSoru [0m
                [0m1[0m
              [36m&lt;/h6&gt;[39m
              [36m&lt;div[39m
                [33mclass[39m=[32m&quot;MuiChip-root MuiChip-outlined MuiChip-sizeSmall MuiChip-colorPrimary MuiChip-outlinedPrimary css-1y6wsfa-MuiChip-root&quot;[39m
              [36m&gt;[39m
                [36m&lt;span[39m
                  [33mclass[39m=[32m&quot;MuiChip-label MuiChip-labelSmall css-rrn746-MuiChip-label&quot;[39m
                [36m&gt;[39m
                  [0mMatematik[0m
                [36m&lt;/span&gt;[39m
              [36m&lt;/div&gt;[39m
              [36m&lt;div[39m
                [33mclass[39m=[32m&quot;MuiChip-root MuiChip-outlined MuiChip-sizeSmall MuiChip-colorDefault MuiChip-outlinedDefault css-1gyxgoa-MuiChip-root&quot;[39m
              [36m&gt;[39m
                [36m&lt;span[39m
                  [33mclass[39m=[32m&quot;MuiChip-label MuiChip-labelSmall css-rrn746-MuiChip-label&quot;[39m
                [36m&gt;[39m
                  [0mCebir[0m
                [36m&lt;/span&gt;[39m
              [36m&lt;/div&gt;[39m
            [36m&lt;/div&gt;[39m
            [36m&lt;div[39m
              [33mclass[39m=[32m&quot;MuiBox-root css-1i27l4i&quot;[39m
            [36m&gt;[39m
              [36m&lt;button[39m
                [33maria-label[39m=[32m&quot;İnceleme için işaretle (F)&quot;[39m
                [33mclass[39m=[32m&quot;MuiButtonBase-root MuiIconButton-root MuiIconButton-sizeMedium css-1qt9o05-MuiButtonBase-root-MuiIconButton-root&quot;[39m
                [33mdata-mui-internal-clone-element[39m=[32m&quot;true&quot;[39m
                [33mtabindex[39m=[32m&quot;0&quot;[39m
                [33mtype[39m=[32m&quot;button&quot;[39m
              [36m&gt;[39m
                [36m&lt;svg[39m
                  [33maria-hidden[39m=[32m&quot;true&quot;[39m
                  [33mclass[39m=[32m&quot;MuiSvgIcon-root MuiSvgIcon-fontSizeMedium css-i4bv87-MuiSvgIcon-root&quot;[39m
                  [33mdata-testid[39m=[32m&quot;FlagOutlinedIcon&quot;[39m
                  [33mfocusable[39m=[32m&quot;false&quot;[39m
                  [33mviewBox[39m=[32m&quot;0 0 24 24&quot;[39m
                [36m&gt;[39m
                  [36m&lt;path[39m
                    [33md[39m=[32m&quot;m12.36 6 .4 2H18v6h-3.36l-.4-2H7V6zM14 4H5v17h2v-7h5.6l.4 2h7V6h-5.6z&quot;[39m
                  [36m/&gt;[39m
                [36m&lt;/svg&gt;[39m
                [36m&lt;span[39m
                  [33mclass[39m=[32m&quot;MuiTouchRipple-root css-8je8zh-MuiTouchRipple-root&quot;[39m
                [36m/&gt;[39m
              [36m&lt;/button&gt;[39m
              [36m&lt;div[39m
                [33maria-label[39m=[32m&quot;Cevaplandı&quot;[39m
                [33mclass[39m=[32m&quot;MuiBox-root css-0&quot;[39m
                [33mdata-mui-internal-clone-element[39m=[32m&quot;true&quot;[39m
              [36m&gt;[39m
                [36m&lt;svg[39m
                  [33maria-hidden[39m=[32m&quot;true&quot;[39m
                  [33mclass[39m=[32m&quot;MuiSvgIcon-root MuiSvgIcon-colorSuccess MuiSvgIcon-fontSizeMedium css-14ao9r6-MuiSvgIcon-root&quot;[39m
                  [33mdata-testid[39m=[32m&quot;CheckCircleIcon&quot;[39m
                  [33mfocusable[39m=[32m&quot;false&quot;[39m
                  [33mviewBox[39m=[32m&quot;0 0 24 24&quot;[39m
                [36m&gt;[39m
                  [36m&lt;path[39m
                    [33md[39m=[32m&quot;M12 2C6.48 2 2 6.48 2 12s4.48 10 10 10 10-4.48 10-10S17.52 2 12 2m-2 15-5-5 1.41-1.41L10 14.17l7.59-7.59L19 8z&quot;[39m
                  [36m/&gt;[39m
                [36m&lt;/svg&gt;[39m
              [36m&lt;/div&gt;[39m
            [36m&lt;/div&gt;[39m
          [36m&lt;/div&gt;[39m
        [36m&lt;/div&gt;[39m
        [36m&lt;div[39m
          [33mclass[39m=[32m&quot;MuiPaper-root MuiPaper-elevation MuiPaper-rounded MuiPaper-elevation2 css-zpnd57-MuiPaper-root&quot;[39m
        [36m&gt;[39m
          [36m&lt;p[39m
            [33mclass[39m=[32m&quot;MuiTypography-root MuiTypography-body1 css-56p5vp-MuiTypography-root&quot;[39m
          [36m&gt;[39m
            [0mTest sorusu 1[0m
          [36m&lt;/p&gt;[39m
          [36m&lt;div[39m
            [33mclass[39m=[32m&quot;MuiBox-root css-h5fkc8&quot;[39m
          [36m&gt;[39m
            [36m&lt;div[39m
              [33maria-label[39m=[32m&quot;Soru 1 cevap seçenekleri&quot;[39m
              [33mclass[39m=[32m&quot;MuiBox-root css-1uc7csx&quot;[39m
              [33mrole[39m=[32m&quot;radiogroup&quot;[39m
            [36m&gt;[39m
              [36m&lt;div[39m
                [33mclass[39m=[32m&quot;MuiBox-root css-ge9pkj&quot;[39m
              [36m&gt;[39m
                [0m1[0m
              [36m&lt;/div&gt;[39m
              [36m&lt;div[39m
                [33mclass[39m=[32m&quot;MuiBox-root css-olrbaj&quot;[39m
              [36m&gt;[39m
                [36m&lt;div[39m
                  [33maria-label[39m=[32m&quot;İşareti kaldırmak için tekrar tıklayın&quot;[39m
                  [33mclass[39m=[32m&quot;&quot;[39m
                  [33mdata-mui-internal-clone-element[39m=[32m&quot;true&quot;[39m
                  [33mstyle[39m=[32m&quot;transform: none;&quot;[39m
                  [33mtabindex[39m=[32m&quot;0&quot;[39m
                [36m&gt;[39m
                  [36m&lt;div[39m
                    [33maria-checked[39m=[32m&quot;true&quot;[39m
                    [33maria-label[39m=[32m&quot;Şık A&quot;[39m
                    [33mclass[39m=[32m&quot;MuiBox-root css-1ovpe65&quot;[39m
                    [33mrole[39m=[32m&quot;radio&quot;[39m
                    [33mtabindex[39m=[32m&quot;0&quot;[39m
                  [36m&gt;[39m
                    [36m&lt;div[39m
                      [33mstyle[39m=[32m&quot;position: absolute; display: flex; align-items: center; justify-content: center; opacity: 0; transform: scale(0) translateZ(0);&quot;[39m
                    [36m&gt;[39m
                      [36m&lt;svg[39m
                        [33maria-hidden[39m=[32m&quot;true&quot;[39m
                        [33mclass[39m=[32m&quot;MuiSvgIcon-root MuiSvgIcon-fontSizeMedium css-1f9j8vj-MuiSvgIcon-root&quot;[39m
                        [33mdata-testid[39m=[32m&quot;CircleIcon&quot;[39m
                        [33mfocusable[39m=[32m&quot;false&quot;[39m
                        [33mviewBox[39m=[32m&quot;0 0 24 24&quot;[39m
                      [36m&gt;[39m
                        [36m&lt;path[39m
                          [33md[39m=[32m&quot;M12 2C6.47 2 2 6.47 2 12s4.47 10 10 10 10-4.47 10-10S17.53 2 12 2&quot;[39m
                        [36m/&gt;[39m..." type="TestingLibraryElementError">
TestingLibraryElementError: Found multiple elements with the text: /Cevap/i

Here are the matching elements:

Ignored nodes: comments, script, style
&lt;span
  class=&quot;MuiTypography-root MuiTypography-caption css-1hidnap-MuiTypography-root&quot;
&gt;
  &lt;svg
    aria-hidden=&quot;true&quot;
    class=&quot;MuiSvgIcon-root MuiSvgIcon-fontSizeSmall css-ptiqhd-MuiSvgIcon-root&quot;
    data-testid=&quot;InfoIcon&quot;
    focusable=&quot;false&quot;
    viewBox=&quot;0 0 24 24&quot;
  &gt;
    &lt;path
      d=&quot;M12 2C6.48 2 2 6.48 2 12s4.48 10 10 10 10-4.48 10-10S17.52 2 12 2m1 15h-2v-6h2zm0-8h-2V7h2z&quot;
    /&gt;
  &lt;/svg&gt;
  Kısayollar: ← → (Gezinme) | A-E (Cevap) | F (İşaretle)
&lt;/span&gt;

Ignored nodes: comments, script, style
&lt;span
  class=&quot;MuiChip-label MuiChip-labelSmall css-rrn746-MuiChip-label&quot;
&gt;
  1 Cevaplandı
&lt;/span&gt;

Ignored nodes: comments, script, style
&lt;span
  class=&quot;MuiTypography-root MuiTypography-caption css-ol7wxs-MuiTypography-root&quot;
&gt;
  &lt;strong&gt;
    Mavi:
  &lt;/strong&gt;
   Aktif soru
  &lt;br /&gt;
  &lt;strong&gt;
    Yeşil:
  &lt;/strong&gt;
   Cevaplandı
  &lt;br /&gt;
  &lt;strong&gt;
    Turuncu:
  &lt;/strong&gt;
   İnceleme için işaretli
  &lt;br /&gt;
  &lt;strong&gt;
    Gri:
  &lt;/strong&gt;
   Boş
&lt;/span&gt;

(If this is intentional, then use the `*AllBy*` variant of the query (like `queryAllByText`, `getAllByText`, or `findAllByText`)).

Ignored nodes: comments, script, style
&lt;body&gt;
  &lt;div&gt;
    &lt;div
      class=&quot;MuiBox-root css-1r1eofk&quot;
    &gt;
      &lt;div
        class=&quot;MuiBox-root css-1tvux47&quot;
      &gt;
        &lt;div
          class=&quot;MuiPaper-root MuiPaper-elevation MuiPaper-rounded MuiPaper-elevation2 css-ad7o3g-MuiPaper-root&quot;
        &gt;
          &lt;div
            class=&quot;MuiBox-root css-16e3880&quot;
          &gt;
            &lt;div
              class=&quot;MuiBox-root css-j0ozid&quot;
            &gt;
              &lt;h6
                class=&quot;MuiTypography-root MuiTypography-h6 css-2ulfj5-MuiTypography-root&quot;
              &gt;
                Soru 
                1
              &lt;/h6&gt;
              &lt;div
                class=&quot;MuiChip-root MuiChip-outlined MuiChip-sizeSmall MuiChip-colorPrimary MuiChip-outlinedPrimary css-1y6wsfa-MuiChip-root&quot;
              &gt;
                &lt;span
                  class=&quot;MuiChip-label MuiChip-labelSmall css-rrn746-MuiChip-label&quot;
                &gt;
                  Matematik
                &lt;/span&gt;
              &lt;/div&gt;
              &lt;div
                class=&quot;MuiChip-root MuiChip-outlined MuiChip-sizeSmall MuiChip-colorDefault MuiChip-outlinedDefault css-1gyxgoa-MuiChip-root&quot;
              &gt;
                &lt;span
                  class=&quot;MuiChip-label MuiChip-labelSmall css-rrn746-MuiChip-label&quot;
                &gt;
                  Cebir
                &lt;/span&gt;
              &lt;/div&gt;
            &lt;/div&gt;
            &lt;div
              class=&quot;MuiBox-root css-1i27l4i&quot;
            &gt;
              &lt;button
                aria-label=&quot;İnceleme için işaretle (F)&quot;
                class=&quot;MuiButtonBase-root MuiIconButton-root MuiIconButton-sizeMedium css-1qt9o05-MuiButtonBase-root-MuiIconButton-root&quot;
                data-mui-internal-clone-element=&quot;true&quot;
                tabindex=&quot;0&quot;
                type=&quot;button&quot;
              &gt;
                &lt;svg
                  aria-hidden=&quot;true&quot;
                  class=&quot;MuiSvgIcon-root MuiSvgIcon-fontSizeMedium css-i4bv87-MuiSvgIcon-root&quot;
                  data-testid=&quot;FlagOutlinedIcon&quot;
                  focusable=&quot;false&quot;
                  viewBox=&quot;0 0 24 24&quot;
                &gt;
                  &lt;path
                    d=&quot;m12.36 6 .4 2H18v6h-3.36l-.4-2H7V6zM14 4H5v17h2v-7h5.6l.4 2h7V6h-5.6z&quot;
                  /&gt;
                &lt;/svg&gt;
                &lt;span
                  class=&quot;MuiTouchRipple-root css-8je8zh-MuiTouchRipple-root&quot;
                /&gt;
              &lt;/button&gt;
              &lt;div
                aria-label=&quot;Cevaplandı&quot;
                class=&quot;MuiBox-root css-0&quot;
                data-mui-internal-clone-element=&quot;true&quot;
              &gt;
                &lt;svg
                  aria-hidden=&quot;true&quot;
                  class=&quot;MuiSvgIcon-root MuiSvgIcon-colorSuccess MuiSvgIcon-fontSizeMedium css-14ao9r6-MuiSvgIcon-root&quot;
                  data-testid=&quot;CheckCircleIcon&quot;
                  focusable=&quot;false&quot;
                  viewBox=&quot;0 0 24 24&quot;
                &gt;
                  &lt;path
                    d=&quot;M12 2C6.48 2 2 6.48 2 12s4.48 10 10 10 10-4.48 10-10S17.52 2 12 2m-2 15-5-5 1.41-1.41L10 14.17l7.59-7.59L19 8z&quot;
                  /&gt;
                &lt;/svg&gt;
              &lt;/div&gt;
            &lt;/div&gt;
          &lt;/div&gt;
        &lt;/div&gt;
        &lt;div
          class=&quot;MuiPaper-root MuiPaper-elevation MuiPaper-rounded MuiPaper-elevation2 css-zpnd57-MuiPaper-root&quot;
        &gt;
          &lt;p
            class=&quot;MuiTypography-root MuiTypography-body1 css-56p5vp-MuiTypography-root&quot;
          &gt;
            Test sorusu 1
          &lt;/p&gt;
          &lt;div
            class=&quot;MuiBox-root css-h5fkc8&quot;
          &gt;
            &lt;div
              aria-label=&quot;Soru 1 cevap seçenekleri&quot;
              class=&quot;MuiBox-root css-1uc7csx&quot;
              role=&quot;radiogroup&quot;
            &gt;
              &lt;div
                class=&quot;MuiBox-root css-ge9pkj&quot;
              &gt;
                1
              &lt;/div&gt;
              &lt;div
                class=&quot;MuiBox-root css-olrbaj&quot;
              &gt;
                &lt;div
                  aria-label=&quot;İşareti kaldırmak için tekrar tıklayın&quot;
                  class=&quot;&quot;
                  data-mui-internal-clone-element=&quot;true&quot;
                  style=&quot;transform: none;&quot;
                  tabindex=&quot;0&quot;
                &gt;
                  &lt;div
                    aria-checked=&quot;true&quot;
                    aria-label=&quot;Şık A&quot;
                    class=&quot;MuiBox-root css-1ovpe65&quot;
                    role=&quot;radio&quot;
                    tabindex=&quot;0&quot;
                  &gt;
                    &lt;div
                      style=&quot;position: absolute; display: flex; align-items: center; justify-content: center; opacity: 0; transform: scale(0) translateZ(0);&quot;
                    &gt;
                      &lt;svg
                        aria-hidden=&quot;true&quot;
                        class=&quot;MuiSvgIcon-root MuiSvgIcon-fontSizeMedium css-1f9j8vj-MuiSvgIcon-root&quot;
                        data-testid=&quot;CircleIcon&quot;
                        focusable=&quot;false&quot;
                        viewBox=&quot;0 0 24 24&quot;
                      &gt;
                        &lt;path
                          d=&quot;M12 2C6.47 2 2 6.47 2 12s4.47 10 10 10 10-4.47 10-10S17.53 2 12 2&quot;
                        /&gt;...
 ❯ Object.getElementError node_modules/@testing-library/react/node_modules/@testing-library/dom/dist/config.js:37:19
 ❯ getElementError node_modules/@testing-library/react/node_modules/@testing-library/dom/dist/query-helpers.js:20:35
 ❯ getMultipleElementsFoundError node_modules/@testing-library/react/node_modules/@testing-library/dom/dist/query-helpers.js:23:10
 ❯ node_modules/@testing-library/react/node_modules/@testing-library/dom/dist/query-helpers.js:55:13
 ❯ node_modules/@testing-library/react/node_modules/@testing-library/dom/dist/query-helpers.js:95:19
 ❯ src/test/components/ExamInterface.test.tsx:358:21
            </failure>
        </testcase>
        <testcase classname="src/test/components/ExamInterface.test.tsx" name="ExamInterface Component &gt; Disabled State &gt; should disable all interactions when disabled" time="1.5746159">
        </testcase>
        <testcase classname="src/test/components/ExamInterface.test.tsx" name="ExamInterface Component &gt; Subject and Topic Display &gt; should display question subject and topic" time="0.3268286">
        </testcase>
        <testcase classname="src/test/components/ExamInterface.test.tsx" name="ExamInterface Component &gt; Navigation Panel Toggle &gt; should hide navigation panel when showNavigationPanel is false" time="0.2665566">
        </testcase>
        <testcase classname="src/test/components/ExamInterface.test.tsx" name="ExamInterface Component &gt; Navigation Panel Toggle &gt; should show navigation panel when showNavigationPanel is true" time="0.2409394">
        </testcase>
        <testcase classname="src/test/components/ExamInterface.test.tsx" name="ExamInterface Component &gt; Statistics Display &gt; should display correct statistics" time="0.3330538">
        </testcase>
    </testsuite>
    <testsuite name="src/test/accessibility/task24-complete-wcag-validation.test.tsx" timestamp="2025-11-14T16:56:52.558Z" hostname="ates" tests="31" failures="1" errors="0" skipped="0" time="0.7419011">
        <testcase classname="src/test/accessibility/task24-complete-wcag-validation.test.tsx" name="Task 24.4: WCAG 2.1 Level AA Validation &gt; Contrast Ratio Validation &gt; should calculate correct contrast ratio" time="0.0036909">
        </testcase>
        <testcase classname="src/test/accessibility/task24-complete-wcag-validation.test.tsx" name="Task 24.4: WCAG 2.1 Level AA Validation &gt; Contrast Ratio Validation &gt; should validate AA compliance for normal text" time="0.0011222">
        </testcase>
        <testcase classname="src/test/accessibility/task24-complete-wcag-validation.test.tsx" name="Task 24.4: WCAG 2.1 Level AA Validation &gt; Contrast Ratio Validation &gt; should validate AA compliance for large text" time="0.0005371">
        </testcase>
        <testcase classname="src/test/accessibility/task24-complete-wcag-validation.test.tsx" name="Task 24.4: WCAG 2.1 Level AA Validation &gt; Contrast Ratio Validation &gt; should fail validation for insufficient contrast" time="0.0006526">
        </testcase>
        <testcase classname="src/test/accessibility/task24-complete-wcag-validation.test.tsx" name="Task 24.4: WCAG 2.1 Level AA Validation &gt; Contrast Ratio Validation &gt; should validate text contrast on page" time="0.2164965">
        </testcase>
        <testcase classname="src/test/accessibility/task24-complete-wcag-validation.test.tsx" name="Task 24.4: WCAG 2.1 Level AA Validation &gt; Contrast Ratio Validation &gt; should detect insufficient text contrast" time="0.0986156">
            <failure message="expected 0 to be greater than 0" type="AssertionError">
AssertionError: expected 0 to be greater than 0
 ❯ src/test/accessibility/task24-complete-wcag-validation.test.tsx:76:29
            </failure>
        </testcase>
        <testcase classname="src/test/accessibility/task24-complete-wcag-validation.test.tsx" name="Task 24.4: WCAG 2.1 Level AA Validation &gt; Form Validation &gt; should validate form labels" time="0.0125777">
        </testcase>
        <testcase classname="src/test/accessibility/task24-complete-wcag-validation.test.tsx" name="Task 24.4: WCAG 2.1 Level AA Validation &gt; Form Validation &gt; should detect missing form labels" time="0.0079907">
        </testcase>
        <testcase classname="src/test/accessibility/task24-complete-wcag-validation.test.tsx" name="Task 24.4: WCAG 2.1 Level AA Validation &gt; Form Validation &gt; should accept aria-label as alternative" time="0.0037003">
        </testcase>
        <testcase classname="src/test/accessibility/task24-complete-wcag-validation.test.tsx" name="Task 24.4: WCAG 2.1 Level AA Validation &gt; Form Validation &gt; should validate required field indicators" time="0.0068203">
        </testcase>
        <testcase classname="src/test/accessibility/task24-complete-wcag-validation.test.tsx" name="Task 24.4: WCAG 2.1 Level AA Validation &gt; Form Validation &gt; should validate error messages" time="0.0054713">
        </testcase>
        <testcase classname="src/test/accessibility/task24-complete-wcag-validation.test.tsx" name="Task 24.4: WCAG 2.1 Level AA Validation &gt; Image Validation &gt; should validate alt text presence" time="0.0041845">
        </testcase>
        <testcase classname="src/test/accessibility/task24-complete-wcag-validation.test.tsx" name="Task 24.4: WCAG 2.1 Level AA Validation &gt; Image Validation &gt; should detect missing alt text" time="0.0031691">
        </testcase>
        <testcase classname="src/test/accessibility/task24-complete-wcag-validation.test.tsx" name="Task 24.4: WCAG 2.1 Level AA Validation &gt; Image Validation &gt; should accept empty alt for decorative images" time="0.0026009">
        </testcase>
        <testcase classname="src/test/accessibility/task24-complete-wcag-validation.test.tsx" name="Task 24.4: WCAG 2.1 Level AA Validation &gt; Image Validation &gt; should detect overly long alt text" time="0.0024381">
        </testcase>
        <testcase classname="src/test/accessibility/task24-complete-wcag-validation.test.tsx" name="Task 24.4: WCAG 2.1 Level AA Validation &gt; Keyboard Accessibility Validation &gt; should validate keyboard accessible buttons" time="0.0043675">
        </testcase>
        <testcase classname="src/test/accessibility/task24-complete-wcag-validation.test.tsx" name="Task 24.4: WCAG 2.1 Level AA Validation &gt; Keyboard Accessibility Validation &gt; should detect non-keyboard accessible elements" time="0.0025043">
        </testcase>
        <testcase classname="src/test/accessibility/task24-complete-wcag-validation.test.tsx" name="Task 24.4: WCAG 2.1 Level AA Validation &gt; Keyboard Accessibility Validation &gt; should validate custom interactive elements with tabindex" time="0.0022209">
        </testcase>
        <testcase classname="src/test/accessibility/task24-complete-wcag-validation.test.tsx" name="Task 24.4: WCAG 2.1 Level AA Validation &gt; ARIA Validation &gt; should validate correct ARIA roles" time="0.004611">
        </testcase>
        <testcase classname="src/test/accessibility/task24-complete-wcag-validation.test.tsx" name="Task 24.4: WCAG 2.1 Level AA Validation &gt; ARIA Validation &gt; should detect invalid ARIA roles" time="0.0023768">
        </testcase>
        <testcase classname="src/test/accessibility/task24-complete-wcag-validation.test.tsx" name="Task 24.4: WCAG 2.1 Level AA Validation &gt; ARIA Validation &gt; should validate aria-labelledby references" time="0.0031421">
        </testcase>
        <testcase classname="src/test/accessibility/task24-complete-wcag-validation.test.tsx" name="Task 24.4: WCAG 2.1 Level AA Validation &gt; ARIA Validation &gt; should detect missing aria-labelledby references" time="0.0020934">
        </testcase>
        <testcase classname="src/test/accessibility/task24-complete-wcag-validation.test.tsx" name="Task 24.4: WCAG 2.1 Level AA Validation &gt; Heading Hierarchy Validation &gt; should validate correct heading hierarchy" time="0.0049185">
        </testcase>
        <testcase classname="src/test/accessibility/task24-complete-wcag-validation.test.tsx" name="Task 24.4: WCAG 2.1 Level AA Validation &gt; Heading Hierarchy Validation &gt; should detect skipped heading levels" time="0.0030684">
        </testcase>
        <testcase classname="src/test/accessibility/task24-complete-wcag-validation.test.tsx" name="Task 24.4: WCAG 2.1 Level AA Validation &gt; Heading Hierarchy Validation &gt; should detect empty headings" time="0.0031217">
        </testcase>
        <testcase classname="src/test/accessibility/task24-complete-wcag-validation.test.tsx" name="Task 24.4: WCAG 2.1 Level AA Validation &gt; Heading Hierarchy Validation &gt; should detect multiple h1 elements" time="0.0033554">
        </testcase>
        <testcase classname="src/test/accessibility/task24-complete-wcag-validation.test.tsx" name="Task 24.4: WCAG 2.1 Level AA Validation &gt; Comprehensive WCAG Validation &gt; should pass validation for accessible page" time="0.1883565">
        </testcase>
        <testcase classname="src/test/accessibility/task24-complete-wcag-validation.test.tsx" name="Task 24.4: WCAG 2.1 Level AA Validation &gt; Comprehensive WCAG Validation &gt; should calculate score based on errors" time="0.0066891">
        </testcase>
        <testcase classname="src/test/accessibility/task24-complete-wcag-validation.test.tsx" name="Task 24.4: WCAG 2.1 Level AA Validation &gt; Accessible Video Player &gt; should render with keyboard shortcuts" time="0.0853226">
        </testcase>
        <testcase classname="src/test/accessibility/task24-complete-wcag-validation.test.tsx" name="Task 24.4: WCAG 2.1 Level AA Validation &gt; Accessible Video Player &gt; should have ARIA labels for controls" time="0.0365372">
        </testcase>
        <testcase classname="src/test/accessibility/task24-complete-wcag-validation.test.tsx" name="Task 24.4: WCAG 2.1 Level AA Validation &gt; Accessible Math Formulas &gt; should render with Turkish ARIA label" time="0.0128627">
        </testcase>
    </testsuite>
    <testsuite name="src/test/accessibility/task24-wcag-compliance.test.tsx" timestamp="2025-11-14T16:56:52.565Z" hostname="ates" tests="25" failures="9" errors="0" skipped="0" time="19.7861525">
        <testcase classname="src/test/accessibility/task24-wcag-compliance.test.tsx" name="Task 24: WCAG 2.1 Level AA Compliance &gt; 1. AccessibleVideoPlayer - Türkçe Altyazılı Video Player &gt; should render video player with Turkish subtitles" time="4.1348791">
            <failure message="Unable to find an accessible element with the role &quot;math&quot;

Here are the accessible roles:

  region:

  Name &quot;Video player: Test Video&quot;:
  [36m&lt;div[39m
    [33maria-label[39m=[32m&quot;Video player: Test Video&quot;[39m
    [33mclass[39m=[32m&quot;MuiBox-root css-gvph9l&quot;[39m
    [33mrole[39m=[32m&quot;region&quot;[39m
    [33mtabindex[39m=[32m&quot;0&quot;[39m
  [36m/&gt;[39m

  --------------------------------------------------
  link:

  Name &quot;Videoyu İndir&quot;:
  [36m&lt;a[39m
    [33mclass[39m=[32m&quot;MuiButtonBase-root MuiButton-root MuiButton-text MuiButton-textPrimary MuiButton-sizeMedium MuiButton-textSizeMedium MuiButton-colorPrimary MuiButton-root MuiButton-text MuiButton-textPrimary MuiButton-sizeMedium MuiButton-textSizeMedium MuiButton-colorPrimary css-w99pb7-MuiButtonBase-root-MuiButton-root&quot;[39m
    [33mdownload[39m=[32m&quot;&quot;[39m
    [33mhref[39m=[32m&quot;test-video.mp4&quot;[39m
    [33mtabindex[39m=[32m&quot;0&quot;[39m
  [36m/&gt;[39m

  --------------------------------------------------
  slider:

  Name &quot;Video ilerleme çubuğu&quot;:
  [36m&lt;input[39m
    [33maria-label[39m=[32m&quot;Video ilerleme çubuğu&quot;[39m
    [33maria-orientation[39m=[32m&quot;horizontal&quot;[39m
    [33maria-valuemax[39m=[32m&quot;0&quot;[39m
    [33maria-valuemin[39m=[32m&quot;0&quot;[39m
    [33maria-valuenow[39m=[32m&quot;0&quot;[39m
    [33maria-valuetext[39m=[32m&quot;0:00 / 0:00&quot;[39m
    [33mdata-index[39m=[32m&quot;0&quot;[39m
    [33mmax[39m=[32m&quot;0&quot;[39m
    [33mmin[39m=[32m&quot;0&quot;[39m
    [33mstep[39m=[32m&quot;1&quot;[39m
    [33mstyle[39m=[32m&quot;border: 0px; height: 100%; margin: -1px; overflow: hidden; padding: 0px; position: absolute; white-space: nowrap; width: 100%; direction: ltr;&quot;[39m
    [33mtype[39m=[32m&quot;range&quot;[39m
    [33mvalue[39m=[32m&quot;0&quot;[39m
  [36m/&gt;[39m

  Name &quot;Ses seviyesi&quot;:
  [36m&lt;input[39m
    [33maria-label[39m=[32m&quot;Ses seviyesi&quot;[39m
    [33maria-orientation[39m=[32m&quot;horizontal&quot;[39m
    [33maria-valuemax[39m=[32m&quot;1&quot;[39m
    [33maria-valuemin[39m=[32m&quot;0&quot;[39m
    [33maria-valuenow[39m=[32m&quot;1&quot;[39m
    [33maria-valuetext[39m=[32m&quot;Ses seviyesi %100&quot;[39m
    [33mdata-index[39m=[32m&quot;0&quot;[39m
    [33mmax[39m=[32m&quot;1&quot;[39m
    [33mmin[39m=[32m&quot;0&quot;[39m
    [33mstep[39m=[32m&quot;0.1&quot;[39m
    [33mstyle[39m=[32m&quot;border: 0px; height: 100%; margin: -1px; overflow: hidden; padding: 0px; position: absolute; white-space: nowrap; width: 100%; direction: ltr;&quot;[39m
    [33mtype[39m=[32m&quot;range&quot;[39m
    [33mvalue[39m=[32m&quot;1&quot;[39m
  [36m/&gt;[39m

  --------------------------------------------------
  button:

  Name &quot;10 saniye geri sar&quot;:
  [36m&lt;button[39m
    [33maria-label[39m=[32m&quot;10 saniye geri sar&quot;[39m
    [33mclass[39m=[32m&quot;MuiButtonBase-root MuiIconButton-root MuiIconButton-sizeMedium wcag-aa-target-size css-1jfmqnk-MuiButtonBase-root-MuiIconButton-root&quot;[39m
    [33mdata-mui-internal-clone-element[39m=[32m&quot;true&quot;[39m
    [33mtabindex[39m=[32m&quot;0&quot;[39m
    [33mtype[39m=[32m&quot;button&quot;[39m
  [36m/&gt;[39m

  Name &quot;Videoyu oynat&quot;:
  [36m&lt;button[39m
    [33maria-label[39m=[32m&quot;Videoyu oynat&quot;[39m
    [33mclass[39m=[32m&quot;MuiButtonBase-root MuiIconButton-root MuiIconButton-sizeMedium wcag-aa-target-size css-1jfmqnk-MuiButtonBase-root-MuiIconButton-root&quot;[39m
    [33mdata-mui-internal-clone-element[39m=[32m&quot;true&quot;[39m
    [33mtabindex[39m=[32m&quot;0&quot;[39m
    [33mtype[39m=[32m&quot;button&quot;[39m
  [36m/&gt;[39m

  Name &quot;10 saniye ileri sar&quot;:
  [36m&lt;button[39m
    [33maria-label[39m=[32m&quot;10 saniye ileri sar&quot;[39m
    [33mclass[39m=[32m&quot;MuiButtonBase-root MuiIconButton-root MuiIconButton-sizeMedium wcag-aa-target-size css-1jfmqnk-MuiButtonBase-root-MuiIconButton-root&quot;[39m
    [33mdata-mui-internal-clone-element[39m=[32m&quot;true&quot;[39m
    [33mtabindex[39m=[32m&quot;0&quot;[39m
    [33mtype[39m=[32m&quot;button&quot;[39m
  [36m/&gt;[39m

  Name &quot;Sesi kapat&quot;:
  [36m&lt;button[39m
    [33maria-label[39m=[32m&quot;Sesi kapat&quot;[39m
    [33mclass[39m=[32m&quot;MuiButtonBase-root MuiIconButton-root MuiIconButton-sizeMedium wcag-aa-target-size css-1jfmqnk-MuiButtonBase-root-MuiIconButton-root&quot;[39m
    [33mdata-mui-internal-clone-element[39m=[32m&quot;true&quot;[39m
    [33mtabindex[39m=[32m&quot;0&quot;[39m
    [33mtype[39m=[32m&quot;button&quot;[39m
  [36m/&gt;[39m

  Name &quot;Altyazıları aç&quot;:
  [36m&lt;button[39m
    [33maria-label[39m=[32m&quot;Altyazıları aç&quot;[39m
    [33mclass[39m=[32m&quot;MuiButtonBase-root MuiIconButton-root MuiIconButton-sizeMedium wcag-aa-target-size css-1jfmqnk-MuiButtonBase-root-MuiIconButton-root&quot;[39m
    [33mdata-mui-internal-clone-element[39m=[32m&quot;true&quot;[39m
    [33mtabindex[39m=[32m&quot;0&quot;[39m
    [33mtype[39m=[32m&quot;button&quot;[39m
  [36m/&gt;[39m

  Name &quot;Video ayarlarını aç&quot;:
  [36m&lt;button[39m
    [33maria-label[39m=[32m&quot;Video ayarlarını aç&quot;[39m
    [33mclass[39m=[32m&quot;MuiButtonBase-root MuiIconButton-root MuiIconButton-sizeMedium wcag-aa-target-size css-1jfmqnk-MuiButtonBase-root-MuiIconButton-root&quot;[39m
    [33mdata-mui-internal-clone-element[39m=[32m&quot;true&quot;[39m
    [33mtabindex[39m=[32m&quot;0&quot;[39m
    [33mtype[39m=[32m&quot;button&quot;[39m
  [36m/&gt;[39m

  Name &quot;Tam ekrana geç&quot;:
  [36m&lt;button[39m
    [33maria-label[39m=[32m&quot;Tam ekrana geç&quot;[39m
    [33mclass[39m=[32m&quot;MuiButtonBase-root MuiIconButton-root MuiIconButton-sizeMedium wcag-aa-target-size css-1jfmqnk-MuiButtonBase-root-MuiIconButton-root&quot;[39m
    [33mdata-mui-internal-clone-element[39m=[32m&quot;true&quot;[39m
    [33mtabindex[39m=[32m&quot;0&quot;[39m
    [33mtype[39m=[32m&quot;button&quot;[39m
  [36m/&gt;[39m

  Name &quot;? Kısayollar&quot;:
  [36m&lt;div[39m
    [33mclass[39m=[32m&quot;MuiButtonBase-root MuiChip-root MuiChip-filled MuiChip-sizeSmall MuiChip-colorDefault MuiChip-clickable MuiChip-clickableColorDefault MuiChip-filledDefault css-rhbyo4-MuiButtonBase-root-MuiChip-root&quot;[39m
    [33mrole[39m=[32m&quot;button&quot;[39m
    [33mtabindex[39m=[32m&quot;0&quot;[39m
  [36m/&gt;[39m

  --------------------------------------------------

Ignored nodes: comments, script, style
[36m&lt;body&gt;[39m
  [36m&lt;div&gt;[39m
    [36m&lt;div[39m
      [33maria-label[39m=[32m&quot;Video player: Test Video&quot;[39m
      [33mclass[39m=[32m&quot;MuiBox-root css-gvph9l&quot;[39m
      [33mrole[39m=[32m&quot;region&quot;[39m
      [33mtabindex[39m=[32m&quot;0&quot;[39m
    [36m&gt;[39m
      [36m&lt;video[39m
        [33maria-describedby[39m=[32m&quot;video-45xqrtwb5-description&quot;[39m
        [33maria-label[39m=[32m&quot;Test Video&quot;[39m
        [33mcrossorigin[39m=[32m&quot;anonymous&quot;[39m
        [33mid[39m=[32m&quot;video-45xqrtwb5&quot;[39m
        [33msrc[39m=[32m&quot;test-video.mp4&quot;[39m
        [33mstyle[39m=[32m&quot;width: 100%; height: 100%; object-fit: contain;&quot;[39m
      [36m&gt;[39m
        [36m&lt;track[39m
          [33mdefault[39m=[32m&quot;&quot;[39m
          [33mid[39m=[32m&quot;tr-subtitle&quot;[39m
          [33mkind[39m=[32m&quot;subtitles&quot;[39m
          [33mlabel[39m=[32m&quot;Türkçe&quot;[39m
          [33msrc[39m=[32m&quot;/subtitles/turkish.vtt&quot;[39m
          [33msrclang[39m=[32m&quot;tr&quot;[39m
        [36m/&gt;[39m
        [36m&lt;track[39m
          [33mid[39m=[32m&quot;tr-caption&quot;[39m
          [33mkind[39m=[32m&quot;captions&quot;[39m
          [33mlabel[39m=[32m&quot;Türkçe (İşitme Engelli)&quot;[39m
          [33msrc[39m=[32m&quot;/subtitles/turkish-cc.vtt&quot;[39m
          [33msrclang[39m=[32m&quot;tr&quot;[39m
        [36m/&gt;[39m
        [36m&lt;p[39m
          [33mclass[39m=[32m&quot;MuiTypography-root MuiTypography-body1 css-kopas1-MuiTypography-root&quot;[39m
        [36m&gt;[39m
          [0mTarayıcınız video oynatmayı desteklemiyor.[0m
          [36m&lt;a[39m
            [33mclass[39m=[32m&quot;MuiButtonBase-root MuiButton-root MuiButton-text MuiButton-textPrimary MuiButton-sizeMedium MuiButton-textSizeMedium MuiButton-colorPrimary MuiButton-root MuiButton-text MuiButton-textPrimary MuiButton-sizeMedium MuiButton-textSizeMedium MuiButton-colorPrimary css-w99pb7-MuiButtonBase-root-MuiButton-root&quot;[39m
            [33mdownload[39m=[32m&quot;&quot;[39m
            [33mhref[39m=[32m&quot;test-video.mp4&quot;[39m
            [33mtabindex[39m=[32m&quot;0&quot;[39m
          [36m&gt;[39m
            [0mVideoyu İndir[0m
            [36m&lt;span[39m
              [33mclass[39m=[32m&quot;MuiTouchRipple-root css-8je8zh-MuiTouchRipple-root&quot;[39m
            [36m/&gt;[39m
          [36m&lt;/a&gt;[39m
        [36m&lt;/p&gt;[39m
      [36m&lt;/video&gt;[39m
      [36m&lt;p[39m
        [33mclass[39m=[32m&quot;MuiTypography-root MuiTypography-body1 css-z32aqt-MuiTypography-root&quot;[39m
        [33mid[39m=[32m&quot;video-45xqrtwb5-description&quot;[39m
      [36m&gt;[39m
        [0mTest açıklaması[0m
      [36m&lt;/p&gt;[39m
      [36m&lt;div[39m
        [33mclass[39m=[32m&quot;MuiBox-root css-1dwx6gw&quot;[39m
      [36m&gt;[39m
        [36m&lt;div[39m
          [33mclass[39m=[32m&quot;MuiBox-root css-1qm1lh&quot;[39m
        [36m&gt;[39m
          [36m&lt;span[39m
            [33mclass[39m=[32m&quot;MuiSlider-root MuiSlider-colorPrimary MuiSlider-sizeMedium css-1vyovdw-MuiSlider-root&quot;[39m
          [36m&gt;[39m
            [36m&lt;span[39m
              [33mclass[39m=[32m&quot;MuiSlider-rail css-7o8aqz-MuiSlider-rail&quot;[39m
            [36m/&gt;[39m
            [36m&lt;span[39m
              [33mclass[39m=[32m&quot;MuiSlider-track css-ttgsjq-MuiSlider-track&quot;[39m
            [36m/&gt;[39m
            [36m&lt;span[39m
              [33mclass[39m=[32m&quot;MuiSlider-thumb MuiSlider-thumbSizeMedium MuiSlider-thumbColorPrimary MuiSlider-thumb MuiSlider-thumbSizeMedium MuiSlider-thumbColorPrimary css-cp2j25-MuiSlider-thumb&quot;[39m
              [33mdata-index[39m=[32m&quot;0&quot;[39m
            [36m&gt;[39m
              [36m&lt;input[39m
                [33maria-label[39m=[32m&quot;Video ilerleme çubuğu&quot;[39m
                [33maria-orientation[39m=[32m&quot;horizontal&quot;[39m
                [33maria-valuemax[39m=[32m&quot;0&quot;[39m
                [33maria-valuemin[39m=[32m&quot;0&quot;[39m
                [33maria-valuenow[39m=[32m&quot;0&quot;[39m
                [33maria-valuetext[39m=[32m&quot;0:00 / 0:00&quot;[39m
                [33mdata-index[39m=[32m&quot;0&quot;[39m
                [33mmax[39m=[32m&quot;0&quot;[39m
                [33mmin[39m=[32m&quot;0&quot;[39m
                [33mstep[39m=[32m&quot;1&quot;[39m
                [33mstyle[39m=[32m&quot;border: 0px; height: 100%; margin: -1px; overflow: hidden; padding: 0px; position: absolute; white-space: nowrap; width: 100%; direction: ltr;&quot;[39m
                [33mtype[39m=[32m&quot;range&quot;[39m
                [33mvalue[39m=[32m&quot;0&quot;[39m
              [36m/&gt;[39m
            [36m&lt;/span&gt;[39m
          [36m&lt;/span&gt;[39m
        [36m&lt;/div&gt;[39m
        [36m&lt;div[39m
          [33mclass[39m=[32m&quot;MuiBox-root css-oi2hu2&quot;[39m
        [36m&gt;[39m
          [36m&lt;div[39m
            [33mclass[39m=[32m&quot;MuiBox-root css-axw7ok&quot;[39m
          [36m&gt;[39m
            [36m&lt;button[39m
              [33maria-label[39m=[32m&quot;10 saniye geri sar&quot;[39m
              [33mclass[39m=[32m&quot;MuiButtonBase-root MuiIconButton-root MuiIconButton-sizeMedium wcag-aa-target-size css-1jfmqnk-MuiButtonBase-root-MuiIconButton-root&quot;[39m
              [33mdata-mui-internal-clone-element[39m=[32m&quot;true&quot;[39m
              [33mtabindex[39m=[32m&quot;0&quot;[39m
              [33mtype[39m=[32m&quot;button&quot;[39m
            [36m&gt;[39m
              [36m&lt;svg[39m
                [33maria-hidden[39m=[32m&quot;true&quot;[39m
                [33mclass[39m=[32m&quot;MuiSvgIcon-root MuiSvgIcon-fontSizeMedium css-i4bv87-MuiSvgIcon-root&quot;[39m
                [33mdata-testid[39m=[32m&quot;Replay10Icon&quot;[39m
                [33mfocusable[39m=[32m&quot;false&quot;[39m
                [33mviewBox[39m=[32m&quot;0 0 24 24&quot;[39m
              [36m&gt;[39m
                [36m&lt;path[39m
                  [33md[39m=[32m&quot;M11.99 5V1l-5 5 5 5V7c3.31 0 6 2.69 6 6s-2.69 6-6 6-6-2.69-6-6h-2c0 4.42 3.58 8 8 8s8-3.58 8-8-3.58-8-8-8&quot;[39m
                [36m/&gt;[39m
                [36m&lt;path[39m
                  [33md[39m=[32m&quot;M10.89 16h-.85v-3.26l-1.01.31v-.69l1.77-.63h.09zm4.28-1.76c0 .32-.03.6-.1.82s-.17.42-.29.57-.28.26-.45.33-.37.1-.59.1-.41-.03-.59-.1-.33-.18-.46-.33-.23-.34-.3-.57-.11-.5-.11-.82v-.74c0-.32.03-.6.1-.82s.17-.42.29-.57.28-.26.45-.33.37-.1.59-.1.41.03.59.1.33.18.46.33.23.34.3.57.11.5.11.82zm-.85-.86c0-.19-.01-.35-.04-.48s-.07-.23-.12-.31-.11-.14-.19-.17-.16-.05-.25-.05-.18.02-.25.05-.14.09-.19.17-.09.18-.12.31-.04.29-.04.48v.97c0 .19.01.35.04.48s.07.24.12.32.11.14.19.17.16.05.25.05.18-.02.25-.05.14-.09.19-.17.09-.19.11-.32.04-.29.04-.48v-.97z&quot;[39m
                [36m/&gt;[39m
              [36m&lt;/svg&gt;[39m
              [36m&lt;span[39m
                [33mclass[39m=[32m&quot;MuiTouchRipple-root css-8je8zh-MuiTouchRipple-root&quot;[39m
              [36m/&gt;[39m
            [36m&lt;/button&gt;[39m
            [36m&lt;button[39m
              [33maria-label[39m=[32m&quot;Videoyu oynat&quot;[39m
              [33mclass[39m=[32m&quot;MuiButtonBase-root MuiIconButton-root MuiIconButton-sizeMedium wcag-aa-target-size css-1jfmqnk-MuiButtonBase-root-MuiIconButton-root&quot;[39m
              [33mdata-mui-internal-clone-element[39m=[32m&quot;true&quot;[39m
              [33mtabinde..." type="TestingLibraryElementError">
TestingLibraryElementError: Unable to find an accessible element with the role &quot;math&quot;

Here are the accessible roles:

  region:

  Name &quot;Video player: Test Video&quot;:
  &lt;div
    aria-label=&quot;Video player: Test Video&quot;
    class=&quot;MuiBox-root css-gvph9l&quot;
    role=&quot;region&quot;
    tabindex=&quot;0&quot;
  /&gt;

  --------------------------------------------------
  link:

  Name &quot;Videoyu İndir&quot;:
  &lt;a
    class=&quot;MuiButtonBase-root MuiButton-root MuiButton-text MuiButton-textPrimary MuiButton-sizeMedium MuiButton-textSizeMedium MuiButton-colorPrimary MuiButton-root MuiButton-text MuiButton-textPrimary MuiButton-sizeMedium MuiButton-textSizeMedium MuiButton-colorPrimary css-w99pb7-MuiButtonBase-root-MuiButton-root&quot;
    download=&quot;&quot;
    href=&quot;test-video.mp4&quot;
    tabindex=&quot;0&quot;
  /&gt;

  --------------------------------------------------
  slider:

  Name &quot;Video ilerleme çubuğu&quot;:
  &lt;input
    aria-label=&quot;Video ilerleme çubuğu&quot;
    aria-orientation=&quot;horizontal&quot;
    aria-valuemax=&quot;0&quot;
    aria-valuemin=&quot;0&quot;
    aria-valuenow=&quot;0&quot;
    aria-valuetext=&quot;0:00 / 0:00&quot;
    data-index=&quot;0&quot;
    max=&quot;0&quot;
    min=&quot;0&quot;
    step=&quot;1&quot;
    style=&quot;border: 0px; height: 100%; margin: -1px; overflow: hidden; padding: 0px; position: absolute; white-space: nowrap; width: 100%; direction: ltr;&quot;
    type=&quot;range&quot;
    value=&quot;0&quot;
  /&gt;

  Name &quot;Ses seviyesi&quot;:
  &lt;input
    aria-label=&quot;Ses seviyesi&quot;
    aria-orientation=&quot;horizontal&quot;
    aria-valuemax=&quot;1&quot;
    aria-valuemin=&quot;0&quot;
    aria-valuenow=&quot;1&quot;
    aria-valuetext=&quot;Ses seviyesi %100&quot;
    data-index=&quot;0&quot;
    max=&quot;1&quot;
    min=&quot;0&quot;
    step=&quot;0.1&quot;
    style=&quot;border: 0px; height: 100%; margin: -1px; overflow: hidden; padding: 0px; position: absolute; white-space: nowrap; width: 100%; direction: ltr;&quot;
    type=&quot;range&quot;
    value=&quot;1&quot;
  /&gt;

  --------------------------------------------------
  button:

  Name &quot;10 saniye geri sar&quot;:
  &lt;button
    aria-label=&quot;10 saniye geri sar&quot;
    class=&quot;MuiButtonBase-root MuiIconButton-root MuiIconButton-sizeMedium wcag-aa-target-size css-1jfmqnk-MuiButtonBase-root-MuiIconButton-root&quot;
    data-mui-internal-clone-element=&quot;true&quot;
    tabindex=&quot;0&quot;
    type=&quot;button&quot;
  /&gt;

  Name &quot;Videoyu oynat&quot;:
  &lt;button
    aria-label=&quot;Videoyu oynat&quot;
    class=&quot;MuiButtonBase-root MuiIconButton-root MuiIconButton-sizeMedium wcag-aa-target-size css-1jfmqnk-MuiButtonBase-root-MuiIconButton-root&quot;
    data-mui-internal-clone-element=&quot;true&quot;
    tabindex=&quot;0&quot;
    type=&quot;button&quot;
  /&gt;

  Name &quot;10 saniye ileri sar&quot;:
  &lt;button
    aria-label=&quot;10 saniye ileri sar&quot;
    class=&quot;MuiButtonBase-root MuiIconButton-root MuiIconButton-sizeMedium wcag-aa-target-size css-1jfmqnk-MuiButtonBase-root-MuiIconButton-root&quot;
    data-mui-internal-clone-element=&quot;true&quot;
    tabindex=&quot;0&quot;
    type=&quot;button&quot;
  /&gt;

  Name &quot;Sesi kapat&quot;:
  &lt;button
    aria-label=&quot;Sesi kapat&quot;
    class=&quot;MuiButtonBase-root MuiIconButton-root MuiIconButton-sizeMedium wcag-aa-target-size css-1jfmqnk-MuiButtonBase-root-MuiIconButton-root&quot;
    data-mui-internal-clone-element=&quot;true&quot;
    tabindex=&quot;0&quot;
    type=&quot;button&quot;
  /&gt;

  Name &quot;Altyazıları aç&quot;:
  &lt;button
    aria-label=&quot;Altyazıları aç&quot;
    class=&quot;MuiButtonBase-root MuiIconButton-root MuiIconButton-sizeMedium wcag-aa-target-size css-1jfmqnk-MuiButtonBase-root-MuiIconButton-root&quot;
    data-mui-internal-clone-element=&quot;true&quot;
    tabindex=&quot;0&quot;
    type=&quot;button&quot;
  /&gt;

  Name &quot;Video ayarlarını aç&quot;:
  &lt;button
    aria-label=&quot;Video ayarlarını aç&quot;
    class=&quot;MuiButtonBase-root MuiIconButton-root MuiIconButton-sizeMedium wcag-aa-target-size css-1jfmqnk-MuiButtonBase-root-MuiIconButton-root&quot;
    data-mui-internal-clone-element=&quot;true&quot;
    tabindex=&quot;0&quot;
    type=&quot;button&quot;
  /&gt;

  Name &quot;Tam ekrana geç&quot;:
  &lt;button
    aria-label=&quot;Tam ekrana geç&quot;
    class=&quot;MuiButtonBase-root MuiIconButton-root MuiIconButton-sizeMedium wcag-aa-target-size css-1jfmqnk-MuiButtonBase-root-MuiIconButton-root&quot;
    data-mui-internal-clone-element=&quot;true&quot;
    tabindex=&quot;0&quot;
    type=&quot;button&quot;
  /&gt;

  Name &quot;? Kısayollar&quot;:
  &lt;div
    class=&quot;MuiButtonBase-root MuiChip-root MuiChip-filled MuiChip-sizeSmall MuiChip-colorDefault MuiChip-clickable MuiChip-clickableColorDefault MuiChip-filledDefault css-rhbyo4-MuiButtonBase-root-MuiChip-root&quot;
    role=&quot;button&quot;
    tabindex=&quot;0&quot;
  /&gt;

  --------------------------------------------------

Ignored nodes: comments, script, style
&lt;body&gt;
  &lt;div&gt;
    &lt;div
      aria-label=&quot;Video player: Test Video&quot;
      class=&quot;MuiBox-root css-gvph9l&quot;
      role=&quot;region&quot;
      tabindex=&quot;0&quot;
    &gt;
      &lt;video
        aria-describedby=&quot;video-45xqrtwb5-description&quot;
        aria-label=&quot;Test Video&quot;
        crossorigin=&quot;anonymous&quot;
        id=&quot;video-45xqrtwb5&quot;
        src=&quot;test-video.mp4&quot;
        style=&quot;width: 100%; height: 100%; object-fit: contain;&quot;
      &gt;
        &lt;track
          default=&quot;&quot;
          id=&quot;tr-subtitle&quot;
          kind=&quot;subtitles&quot;
          label=&quot;Türkçe&quot;
          src=&quot;/subtitles/turkish.vtt&quot;
          srclang=&quot;tr&quot;
        /&gt;
        &lt;track
          id=&quot;tr-caption&quot;
          kind=&quot;captions&quot;
          label=&quot;Türkçe (İşitme Engelli)&quot;
          src=&quot;/subtitles/turkish-cc.vtt&quot;
          srclang=&quot;tr&quot;
        /&gt;
        &lt;p
          class=&quot;MuiTypography-root MuiTypography-body1 css-kopas1-MuiTypography-root&quot;
        &gt;
          Tarayıcınız video oynatmayı desteklemiyor.
          &lt;a
            class=&quot;MuiButtonBase-root MuiButton-root MuiButton-text MuiButton-textPrimary MuiButton-sizeMedium MuiButton-textSizeMedium MuiButton-colorPrimary MuiButton-root MuiButton-text MuiButton-textPrimary MuiButton-sizeMedium MuiButton-textSizeMedium MuiButton-colorPrimary css-w99pb7-MuiButtonBase-root-MuiButton-root&quot;
            download=&quot;&quot;
            href=&quot;test-video.mp4&quot;
            tabindex=&quot;0&quot;
          &gt;
            Videoyu İndir
            &lt;span
              class=&quot;MuiTouchRipple-root css-8je8zh-MuiTouchRipple-root&quot;
            /&gt;
          &lt;/a&gt;
        &lt;/p&gt;
      &lt;/video&gt;
      &lt;p
        class=&quot;MuiTypography-root MuiTypography-body1 css-z32aqt-MuiTypography-root&quot;
        id=&quot;video-45xqrtwb5-description&quot;
      &gt;
        Test açıklaması
      &lt;/p&gt;
      &lt;div
        class=&quot;MuiBox-root css-1dwx6gw&quot;
      &gt;
        &lt;div
          class=&quot;MuiBox-root css-1qm1lh&quot;
        &gt;
          &lt;span
            class=&quot;MuiSlider-root MuiSlider-colorPrimary MuiSlider-sizeMedium css-1vyovdw-MuiSlider-root&quot;
          &gt;
            &lt;span
              class=&quot;MuiSlider-rail css-7o8aqz-MuiSlider-rail&quot;
            /&gt;
            &lt;span
              class=&quot;MuiSlider-track css-ttgsjq-MuiSlider-track&quot;
            /&gt;
            &lt;span
              class=&quot;MuiSlider-thumb MuiSlider-thumbSizeMedium MuiSlider-thumbColorPrimary MuiSlider-thumb MuiSlider-thumbSizeMedium MuiSlider-thumbColorPrimary css-cp2j25-MuiSlider-thumb&quot;
              data-index=&quot;0&quot;
            &gt;
              &lt;input
                aria-label=&quot;Video ilerleme çubuğu&quot;
                aria-orientation=&quot;horizontal&quot;
                aria-valuemax=&quot;0&quot;
                aria-valuemin=&quot;0&quot;
                aria-valuenow=&quot;0&quot;
                aria-valuetext=&quot;0:00 / 0:00&quot;
                data-index=&quot;0&quot;
                max=&quot;0&quot;
                min=&quot;0&quot;
                step=&quot;1&quot;
                style=&quot;border: 0px; height: 100%; margin: -1px; overflow: hidden; padding: 0px; position: absolute; white-space: nowrap; width: 100%; direction: ltr;&quot;
                type=&quot;range&quot;
                value=&quot;0&quot;
              /&gt;
            &lt;/span&gt;
          &lt;/span&gt;
        &lt;/div&gt;
        &lt;div
          class=&quot;MuiBox-root css-oi2hu2&quot;
        &gt;
          &lt;div
            class=&quot;MuiBox-root css-axw7ok&quot;
          &gt;
            &lt;button
              aria-label=&quot;10 saniye geri sar&quot;
              class=&quot;MuiButtonBase-root MuiIconButton-root MuiIconButton-sizeMedium wcag-aa-target-size css-1jfmqnk-MuiButtonBase-root-MuiIconButton-root&quot;
              data-mui-internal-clone-element=&quot;true&quot;
              tabindex=&quot;0&quot;
              type=&quot;button&quot;
            &gt;
              &lt;svg
                aria-hidden=&quot;true&quot;
                class=&quot;MuiSvgIcon-root MuiSvgIcon-fontSizeMedium css-i4bv87-MuiSvgIcon-root&quot;
                data-testid=&quot;Replay10Icon&quot;
                focusable=&quot;false&quot;
                viewBox=&quot;0 0 24 24&quot;
              &gt;
                &lt;path
                  d=&quot;M11.99 5V1l-5 5 5 5V7c3.31 0 6 2.69 6 6s-2.69 6-6 6-6-2.69-6-6h-2c0 4.42 3.58 8 8 8s8-3.58 8-8-3.58-8-8-8&quot;
                /&gt;
                &lt;path
                  d=&quot;M10.89 16h-.85v-3.26l-1.01.31v-.69l1.77-.63h.09zm4.28-1.76c0 .32-.03.6-.1.82s-.17.42-.29.57-.28.26-.45.33-.37.1-.59.1-.41-.03-.59-.1-.33-.18-.46-.33-.23-.34-.3-.57-.11-.5-.11-.82v-.74c0-.32.03-.6.1-.82s.17-.42.29-.57.28-.26.45-.33.37-.1.59-.1.41.03.59.1.33.18.46.33.23.34.3.57.11.5.11.82zm-.85-.86c0-.19-.01-.35-.04-.48s-.07-.23-.12-.31-.11-.14-.19-.17-.16-.05-.25-.05-.18.02-.25.05-.14.09-.19.17-.09.18-.12.31-.04.29-.04.48v.97c0 .19.01.35.04.48s.07.24.12.32.11.14.19.17.16.05.25.05.18-.02.25-.05.14-.09.19-.17.09-.19.11-.32.04-.29.04-.48v-.97z&quot;
                /&gt;
              &lt;/svg&gt;
              &lt;span
                class=&quot;MuiTouchRipple-root css-8je8zh-MuiTouchRipple-root&quot;
              /&gt;
            &lt;/button&gt;
            &lt;button
              aria-label=&quot;Videoyu oynat&quot;
              class=&quot;MuiButtonBase-root MuiIconButton-root MuiIconButton-sizeMedium wcag-aa-target-size css-1jfmqnk-MuiButtonBase-root-MuiIconButton-root&quot;
              data-mui-internal-clone-element=&quot;true&quot;
              tabinde...
 ❯ Object.getElementError node_modules/@testing-library/react/node_modules/@testing-library/dom/dist/config.js:37:19
 ❯ node_modules/@testing-library/react/node_modules/@testing-library/dom/dist/query-helpers.js:76:38
 ❯ node_modules/@testing-library/react/node_modules/@testing-library/dom/dist/query-helpers.js:52:17
 ❯ node_modules/@testing-library/react/node_modules/@testing-library/dom/dist/query-helpers.js:95:19
 ❯ src/test/accessibility/task24-wcag-compliance.test.tsx:73:28
            </failure>
        </testcase>
        <testcase classname="src/test/accessibility/task24-wcag-compliance.test.tsx" name="Task 24: WCAG 2.1 Level AA Compliance &gt; 1. AccessibleVideoPlayer - Türkçe Altyazılı Video Player &gt; should have proper ARIA labels" time="0.3217293">
        </testcase>
        <testcase classname="src/test/accessibility/task24-wcag-compliance.test.tsx" name="Task 24: WCAG 2.1 Level AA Compliance &gt; 1. AccessibleVideoPlayer - Türkçe Altyazılı Video Player &gt; should support keyboard shortcuts" time="0.7990816">
            <system-err>
Error: Not implemented: HTMLMediaElement.prototype.play
    at module.exports (C:\Users\husey\kiro2\frontend\node_modules\jsdom\lib\jsdom\browser\not-implemented.js:9:17)
    at HTMLVideoElementImpl.play (C:\Users\husey\kiro2\frontend\node_modules\jsdom\lib\jsdom\living\nodes\HTMLMediaElement-impl.js:118:5)
    at HTMLVideoElement.play (C:\Users\husey\kiro2\frontend\node_modules\jsdom\lib\jsdom\living\generated\HTMLMediaElement.js:148:60)
    at C:\Users\husey\kiro2\frontend\src\components\Common\AccessibleVideoPlayer.tsx:176:26
    at C:\Users\husey\kiro2\frontend\src\components\Common\AccessibleVideoPlayer.tsx:282:9
    at HTMLUnknownElement.callCallback (C:\Users\husey\kiro2\frontend\node_modules\react-dom\cjs\react-dom.development.js:4164:14)
    at HTMLUnknownElement.callTheUserObjectsOperation (C:\Users\husey\kiro2\frontend\node_modules\jsdom\lib\jsdom\living\generated\EventListener.js:26:30)
    at innerInvokeEventListeners (C:\Users\husey\kiro2\frontend\node_modules\jsdom\lib\jsdom\living\events\EventTarget-impl.js:350:25)
    at invokeEventListeners (C:\Users\husey\kiro2\frontend\node_modules\jsdom\lib\jsdom\living\events\EventTarget-impl.js:286:3)
    at HTMLUnknownElementImpl._dispatch (C:\Users\husey\kiro2\frontend\node_modules\jsdom\lib\jsdom\living\events\EventTarget-impl.js:233:9) [90mundefined[39m

            </system-err>
        </testcase>
        <testcase classname="src/test/accessibility/task24-wcag-compliance.test.tsx" name="Task 24: WCAG 2.1 Level AA Compliance &gt; 1. AccessibleVideoPlayer - Türkçe Altyazılı Video Player &gt; should have accessible controls with minimum 44x44px touch targets" time="0.762749">
            <failure message="expected false to be true // Object.is equality" type="AssertionError">
AssertionError: expected false to be true // Object.is equality

- Expected
+ Received

- true
+ false

 ❯ src/test/accessibility/task24-wcag-compliance.test.tsx:141:73
 ❯ src/test/accessibility/task24-wcag-compliance.test.tsx:134:15
            </failure>
        </testcase>
        <testcase classname="src/test/accessibility/task24-wcag-compliance.test.tsx" name="Task 24: WCAG 2.1 Level AA Compliance &gt; 1. AccessibleVideoPlayer - Türkçe Altyazılı Video Player &gt; should provide text alternatives for video content" time="0.1898688">
        </testcase>
        <testcase classname="src/test/accessibility/task24-wcag-compliance.test.tsx" name="Task 24: WCAG 2.1 Level AA Compliance &gt; 1. AccessibleVideoPlayer - Türkçe Altyazılı Video Player &gt; should support Turkish subtitle tracks" time="0.1461036">
        </testcase>
        <testcase classname="src/test/accessibility/task24-wcag-compliance.test.tsx" name="Task 24: WCAG 2.1 Level AA Compliance &gt; 2. AccessibleMathFormula - Screen Reader Uyumlu Matematik Formülleri &gt; should render math formula with MathML" time="0.1966416">
            <failure message="Array.prototype.forEach called on null or undefined" type="TypeError">
TypeError: Array.prototype.forEach called on null or undefined
 ❯ exports.getDeclarationForElement node_modules/jsdom/lib/jsdom/living/helpers/style-rules.js:163:11
 ❯ Window.getComputedStyle node_modules/jsdom/lib/jsdom/browser/Window.js:839:32
 ❯ isInaccessible node_modules/@testing-library/react/node_modules/@testing-library/dom/dist/role-helpers.js:67:14
 ❯ node_modules/@testing-library/react/node_modules/@testing-library/dom/dist/queries/role.js:195:63
 ❯ queryAllByRole node_modules/@testing-library/react/node_modules/@testing-library/dom/dist/queries/role.js:194:6
 ❯ node_modules/@testing-library/react/node_modules/@testing-library/dom/dist/query-helpers.js:74:17
 ❯ node_modules/@testing-library/react/node_modules/@testing-library/dom/dist/query-helpers.js:52:17
 ❯ node_modules/@testing-library/react/node_modules/@testing-library/dom/dist/query-helpers.js:95:19
            </failure>
        </testcase>
        <testcase classname="src/test/accessibility/task24-wcag-compliance.test.tsx" name="Task 24: WCAG 2.1 Level AA Compliance &gt; 2. AccessibleMathFormula - Screen Reader Uyumlu Matematik Formülleri &gt; should have descriptive text for screen readers" time="0.0253174">
        </testcase>
        <testcase classname="src/test/accessibility/task24-wcag-compliance.test.tsx" name="Task 24: WCAG 2.1 Level AA Compliance &gt; 2. AccessibleMathFormula - Screen Reader Uyumlu Matematik Formülleri &gt; should support audio playback for formulas" time="1.2709685">
        </testcase>
        <testcase classname="src/test/accessibility/task24-wcag-compliance.test.tsx" name="Task 24: WCAG 2.1 Level AA Compliance &gt; 2. AccessibleMathFormula - Screen Reader Uyumlu Matematik Formülleri &gt; should support zoom functionality" time="4.394112">
        </testcase>
        <testcase classname="src/test/accessibility/task24-wcag-compliance.test.tsx" name="Task 24: WCAG 2.1 Level AA Compliance &gt; 2. AccessibleMathFormula - Screen Reader Uyumlu Matematik Formülleri &gt; should support copy functionality" time="0.8550854">
        </testcase>
        <testcase classname="src/test/accessibility/task24-wcag-compliance.test.tsx" name="Task 24: WCAG 2.1 Level AA Compliance &gt; 2. AccessibleMathFormula - Screen Reader Uyumlu Matematik Formülleri &gt; should have keyboard shortcuts" time="0.2165793">
            <failure message="Array.prototype.forEach called on null or undefined" type="TypeError">
TypeError: Array.prototype.forEach called on null or undefined
 ❯ exports.getDeclarationForElement node_modules/jsdom/lib/jsdom/living/helpers/style-rules.js:163:11
 ❯ Window.getComputedStyle node_modules/jsdom/lib/jsdom/browser/Window.js:839:32
 ❯ isInaccessible node_modules/@testing-library/react/node_modules/@testing-library/dom/dist/role-helpers.js:67:14
 ❯ node_modules/@testing-library/react/node_modules/@testing-library/dom/dist/queries/role.js:195:63
 ❯ queryAllByRole node_modules/@testing-library/react/node_modules/@testing-library/dom/dist/queries/role.js:194:6
 ❯ node_modules/@testing-library/react/node_modules/@testing-library/dom/dist/query-helpers.js:74:17
 ❯ node_modules/@testing-library/react/node_modules/@testing-library/dom/dist/query-helpers.js:52:17
 ❯ node_modules/@testing-library/react/node_modules/@testing-library/dom/dist/query-helpers.js:95:19
            </failure>
        </testcase>
        <testcase classname="src/test/accessibility/task24-wcag-compliance.test.tsx" name="Task 24: WCAG 2.1 Level AA Compliance &gt; 2. AccessibleMathFormula - Screen Reader Uyumlu Matematik Formülleri &gt; should convert LaTeX to MathML" time="0.1606821">
            <failure message="Array.prototype.forEach called on null or undefined" type="TypeError">
TypeError: Array.prototype.forEach called on null or undefined
 ❯ exports.getDeclarationForElement node_modules/jsdom/lib/jsdom/living/helpers/style-rules.js:163:11
 ❯ Window.getComputedStyle node_modules/jsdom/lib/jsdom/browser/Window.js:839:32
 ❯ isInaccessible node_modules/@testing-library/react/node_modules/@testing-library/dom/dist/role-helpers.js:67:14
 ❯ node_modules/@testing-library/react/node_modules/@testing-library/dom/dist/queries/role.js:195:63
 ❯ queryAllByRole node_modules/@testing-library/react/node_modules/@testing-library/dom/dist/queries/role.js:194:6
 ❯ node_modules/@testing-library/react/node_modules/@testing-library/dom/dist/query-helpers.js:74:17
 ❯ node_modules/@testing-library/react/node_modules/@testing-library/dom/dist/query-helpers.js:52:17
 ❯ node_modules/@testing-library/react/node_modules/@testing-library/dom/dist/query-helpers.js:95:19
            </failure>
        </testcase>
        <testcase classname="src/test/accessibility/task24-wcag-compliance.test.tsx" name="Task 24: WCAG 2.1 Level AA Compliance &gt; 3. WCAGValidator - Otomatik Erişilebilirlik Kontrolü &gt; should render WCAG validator panel" time="0.218749">
        </testcase>
        <testcase classname="src/test/accessibility/task24-wcag-compliance.test.tsx" name="Task 24: WCAG 2.1 Level AA Compliance &gt; 3. WCAGValidator - Otomatik Erişilebilirlik Kontrolü &gt; should detect missing alt text on images" time="1.4462125">
        </testcase>
        <testcase classname="src/test/accessibility/task24-wcag-compliance.test.tsx" name="Task 24: WCAG 2.1 Level AA Compliance &gt; 3. WCAGValidator - Otomatik Erişilebilirlik Kontrolü &gt; should detect heading hierarchy issues" time="1.3009808">
        </testcase>
        <testcase classname="src/test/accessibility/task24-wcag-compliance.test.tsx" name="Task 24: WCAG 2.1 Level AA Compliance &gt; 3. WCAGValidator - Otomatik Erişilebilirlik Kontrolü &gt; should detect form accessibility issues" time="1.1004632">
        </testcase>
        <testcase classname="src/test/accessibility/task24-wcag-compliance.test.tsx" name="Task 24: WCAG 2.1 Level AA Compliance &gt; 3. WCAGValidator - Otomatik Erişilebilirlik Kontrolü &gt; should categorize issues by severity" time="1.0037926">
        </testcase>
        <testcase classname="src/test/accessibility/task24-wcag-compliance.test.tsx" name="Task 24: WCAG 2.1 Level AA Compliance &gt; 3. WCAGValidator - Otomatik Erişilebilirlik Kontrolü &gt; should provide WCAG criterion references" time="1.0141274">
        </testcase>
        <testcase classname="src/test/accessibility/task24-wcag-compliance.test.tsx" name="Task 24: WCAG 2.1 Level AA Compliance &gt; 4. Integration Test - Accessibility Demo Page &gt; should render complete accessibility demo page" time="0.0641099">
            <system-err>
Error: Uncaught [Error: useAccessibility must be used within AccessibilityProvider]
    at reportException (C:\Users\husey\kiro2\frontend\node_modules\jsdom\lib\jsdom\living\helpers\runtime-script-errors.js:66:24)
    at innerInvokeEventListeners (C:\Users\husey\kiro2\frontend\node_modules\jsdom\lib\jsdom\living\events\EventTarget-impl.js:353:9)
    at invokeEventListeners (C:\Users\husey\kiro2\frontend\node_modules\jsdom\lib\jsdom\living\events\EventTarget-impl.js:286:3)
    at HTMLUnknownElementImpl._dispatch (C:\Users\husey\kiro2\frontend\node_modules\jsdom\lib\jsdom\living\events\EventTarget-impl.js:233:9)
    at HTMLUnknownElementImpl.dispatchEvent (C:\Users\husey\kiro2\frontend\node_modules\jsdom\lib\jsdom\living\events\EventTarget-impl.js:104:17)
    at HTMLUnknownElement.dispatchEvent (C:\Users\husey\kiro2\frontend\node_modules\jsdom\lib\jsdom\living\generated\EventTarget.js:241:34)
    at Object.invokeGuardedCallbackDev (C:\Users\husey\kiro2\frontend\node_modules\react-dom\cjs\react-dom.development.js:4213:16)
    at invokeGuardedCallback (C:\Users\husey\kiro2\frontend\node_modules\react-dom\cjs\react-dom.development.js:4277:31)
    at beginWork$1 (C:\Users\husey\kiro2\frontend\node_modules\react-dom\cjs\react-dom.development.js:27490:7)
    at performUnitOfWork (C:\Users\husey\kiro2\frontend\node_modules\react-dom\cjs\react-dom.development.js:26599:12) Error: useAccessibility must be used within AccessibilityProvider
    at useAccessibility [90m(C:\Users\husey\kiro2\frontend\[39msrc\components\Common\AccessibilityProvider.tsx:28:11[90m)[39m
    at WCAGCompliantLayout [90m(C:\Users\husey\kiro2\frontend\[39msrc\components\Common\WCAGCompliantLayout.tsx:48:24[90m)[39m
    at renderWithHooks [90m(C:\Users\husey\kiro2\frontend\[39mnode_modules\[4mreact-dom[24m\cjs\react-dom.development.js:15486:18[90m)[39m
    at mountIndeterminateComponent [90m(C:\Users\husey\kiro2\frontend\[39mnode_modules\[4mreact-dom[24m\cjs\react-dom.development.js:20103:13[90m)[39m
    at beginWork [90m(C:\Users\husey\kiro2\frontend\[39mnode_modules\[4mreact-dom[24m\cjs\react-dom.development.js:21626:16[90m)[39m
    at HTMLUnknownElement.callCallback [90m(C:\Users\husey\kiro2\frontend\[39mnode_modules\[4mreact-dom[24m\cjs\react-dom.development.js:4164:14[90m)[39m
    at HTMLUnknownElement.callTheUserObjectsOperation [90m(C:\Users\husey\kiro2\frontend\[39mnode_modules\[4mjsdom[24m\lib\jsdom\living\generated\EventListener.js:26:30[90m)[39m
    at innerInvokeEventListeners [90m(C:\Users\husey\kiro2\frontend\[39mnode_modules\[4mjsdom[24m\lib\jsdom\living\events\EventTarget-impl.js:350:25[90m)[39m
    at invokeEventListeners [90m(C:\Users\husey\kiro2\frontend\[39mnode_modules\[4mjsdom[24m\lib\jsdom\living\events\EventTarget-impl.js:286:3[90m)[39m
    at HTMLUnknownElementImpl._dispatch [90m(C:\Users\husey\kiro2\frontend\[39mnode_modules\[4mjsdom[24m\lib\jsdom\living\events\EventTarget-impl.js:233:9[90m)[39m
Error: Uncaught [Error: useAccessibility must be used within AccessibilityProvider]
    at reportException (C:\Users\husey\kiro2\frontend\node_modules\jsdom\lib\jsdom\living\helpers\runtime-script-errors.js:66:24)
    at innerInvokeEventListeners (C:\Users\husey\kiro2\frontend\node_modules\jsdom\lib\jsdom\living\events\EventTarget-impl.js:353:9)
    at invokeEventListeners (C:\Users\husey\kiro2\frontend\node_modules\jsdom\lib\jsdom\living\events\EventTarget-impl.js:286:3)
    at HTMLUnknownElementImpl._dispatch (C:\Users\husey\kiro2\frontend\node_modules\jsdom\lib\jsdom\living\events\EventTarget-impl.js:233:9)
    at HTMLUnknownElementImpl.dispatchEvent (C:\Users\husey\kiro2\frontend\node_modules\jsdom\lib\jsdom\living\events\EventTarget-impl.js:104:17)
    at HTMLUnknownElement.dispatchEvent (C:\Users\husey\kiro2\frontend\node_modules\jsdom\lib\jsdom\living\generated\EventTarget.js:241:34)
    at Object.invokeGuardedCallbackDev (C:\Users\husey\kiro2\frontend\node_modules\react-dom\cjs\react-dom.development.js:4213:16)
    at invokeGuardedCallback (C:\Users\husey\kiro2\frontend\node_modules\react-dom\cjs\react-dom.development.js:4277:31)
    at beginWork$1 (C:\Users\husey\kiro2\frontend\node_modules\react-dom\cjs\react-dom.development.js:27490:7)
    at performUnitOfWork (C:\Users\husey\kiro2\frontend\node_modules\react-dom\cjs\react-dom.development.js:26599:12) Error: useAccessibility must be used within AccessibilityProvider
    at useAccessibility [90m(C:\Users\husey\kiro2\frontend\[39msrc\components\Common\AccessibilityProvider.tsx:28:11[90m)[39m
    at WCAGCompliantLayout [90m(C:\Users\husey\kiro2\frontend\[39msrc\components\Common\WCAGCompliantLayout.tsx:48:24[90m)[39m
    at renderWithHooks [90m(C:\Users\husey\kiro2\frontend\[39mnode_modules\[4mreact-dom[24m\cjs\react-dom.development.js:15486:18[90m)[39m
    at mountIndeterminateComponent [90m(C:\Users\husey\kiro2\frontend\[39mnode_modules\[4mreact-dom[24m\cjs\react-dom.development.js:20103:13[90m)[39m
    at beginWork [90m(C:\Users\husey\kiro2\frontend\[39mnode_modules\[4mreact-dom[24m\cjs\react-dom.development.js:21626:16[90m)[39m
    at HTMLUnknownElement.callCallback [90m(C:\Users\husey\kiro2\frontend\[39mnode_modules\[4mreact-dom[24m\cjs\react-dom.development.js:4164:14[90m)[39m
    at HTMLUnknownElement.callTheUserObjectsOperation [90m(C:\Users\husey\kiro2\frontend\[39mnode_modules\[4mjsdom[24m\lib\jsdom\living\generated\EventListener.js:26:30[90m)[39m
    at innerInvokeEventListeners [90m(C:\Users\husey\kiro2\frontend\[39mnode_modules\[4mjsdom[24m\lib\jsdom\living\events\EventTarget-impl.js:350:25[90m)[39m
    at invokeEventListeners [90m(C:\Users\husey\kiro2\frontend\[39mnode_modules\[4mjsdom[24m\lib\jsdom\living\events\EventTarget-impl.js:286:3[90m)[39m
    at HTMLUnknownElementImpl._dispatch [90m(C:\Users\husey\kiro2\frontend\[39mnode_modules\[4mjsdom[24m\lib\jsdom\living\events\EventTarget-impl.js:233:9[90m)[39m

            </system-err>
            <failure message="useAccessibility must be used within AccessibilityProvider" type="Error">
Error: useAccessibility must be used within AccessibilityProvider
 ❯ useAccessibility src/components/Common/AccessibilityProvider.tsx:28:11
 ❯ WCAGCompliantLayout src/components/Common/WCAGCompliantLayout.tsx:48:24
 ❯ renderWithHooks node_modules/react-dom/cjs/react-dom.development.js:15486:18
 ❯ mountIndeterminateComponent node_modules/react-dom/cjs/react-dom.development.js:20103:13
 ❯ beginWork node_modules/react-dom/cjs/react-dom.development.js:21626:16
 ❯ beginWork$1 node_modules/react-dom/cjs/react-dom.development.js:27465:14
 ❯ performUnitOfWork node_modules/react-dom/cjs/react-dom.development.js:26599:12
 ❯ workLoopSync node_modules/react-dom/cjs/react-dom.development.js:26505:5
 ❯ renderRootSync node_modules/react-dom/cjs/react-dom.development.js:26473:7
 ❯ recoverFromConcurrentError node_modules/react-dom/cjs/react-dom.development.js:25889:20
            </failure>
        </testcase>
        <testcase classname="src/test/accessibility/task24-wcag-compliance.test.tsx" name="Task 24: WCAG 2.1 Level AA Compliance &gt; 4. Integration Test - Accessibility Demo Page &gt; should show Task 24 completion message" time="0.0501791">
            <system-err>
Error: Uncaught [Error: useAccessibility must be used within AccessibilityProvider]
    at reportException (C:\Users\husey\kiro2\frontend\node_modules\jsdom\lib\jsdom\living\helpers\runtime-script-errors.js:66:24)
    at innerInvokeEventListeners (C:\Users\husey\kiro2\frontend\node_modules\jsdom\lib\jsdom\living\events\EventTarget-impl.js:353:9)
    at invokeEventListeners (C:\Users\husey\kiro2\frontend\node_modules\jsdom\lib\jsdom\living\events\EventTarget-impl.js:286:3)
    at HTMLUnknownElementImpl._dispatch (C:\Users\husey\kiro2\frontend\node_modules\jsdom\lib\jsdom\living\events\EventTarget-impl.js:233:9)
    at HTMLUnknownElementImpl.dispatchEvent (C:\Users\husey\kiro2\frontend\node_modules\jsdom\lib\jsdom\living\events\EventTarget-impl.js:104:17)
    at HTMLUnknownElement.dispatchEvent (C:\Users\husey\kiro2\frontend\node_modules\jsdom\lib\jsdom\living\generated\EventTarget.js:241:34)
    at Object.invokeGuardedCallbackDev (C:\Users\husey\kiro2\frontend\node_modules\react-dom\cjs\react-dom.development.js:4213:16)
    at invokeGuardedCallback (C:\Users\husey\kiro2\frontend\node_modules\react-dom\cjs\react-dom.development.js:4277:31)
    at beginWork$1 (C:\Users\husey\kiro2\frontend\node_modules\react-dom\cjs\react-dom.development.js:27490:7)
    at performUnitOfWork (C:\Users\husey\kiro2\frontend\node_modules\react-dom\cjs\react-dom.development.js:26599:12) Error: useAccessibility must be used within AccessibilityProvider
    at useAccessibility [90m(C:\Users\husey\kiro2\frontend\[39msrc\components\Common\AccessibilityProvider.tsx:28:11[90m)[39m
    at WCAGCompliantLayout [90m(C:\Users\husey\kiro2\frontend\[39msrc\components\Common\WCAGCompliantLayout.tsx:48:24[90m)[39m
    at renderWithHooks [90m(C:\Users\husey\kiro2\frontend\[39mnode_modules\[4mreact-dom[24m\cjs\react-dom.development.js:15486:18[90m)[39m
    at mountIndeterminateComponent [90m(C:\Users\husey\kiro2\frontend\[39mnode_modules\[4mreact-dom[24m\cjs\react-dom.development.js:20103:13[90m)[39m
    at beginWork [90m(C:\Users\husey\kiro2\frontend\[39mnode_modules\[4mreact-dom[24m\cjs\react-dom.development.js:21626:16[90m)[39m
    at HTMLUnknownElement.callCallback [90m(C:\Users\husey\kiro2\frontend\[39mnode_modules\[4mreact-dom[24m\cjs\react-dom.development.js:4164:14[90m)[39m
    at HTMLUnknownElement.callTheUserObjectsOperation [90m(C:\Users\husey\kiro2\frontend\[39mnode_modules\[4mjsdom[24m\lib\jsdom\living\generated\EventListener.js:26:30[90m)[39m
    at innerInvokeEventListeners [90m(C:\Users\husey\kiro2\frontend\[39mnode_modules\[4mjsdom[24m\lib\jsdom\living\events\EventTarget-impl.js:350:25[90m)[39m
    at invokeEventListeners [90m(C:\Users\husey\kiro2\frontend\[39mnode_modules\[4mjsdom[24m\lib\jsdom\living\events\EventTarget-impl.js:286:3[90m)[39m
    at HTMLUnknownElementImpl._dispatch [90m(C:\Users\husey\kiro2\frontend\[39mnode_modules\[4mjsdom[24m\lib\jsdom\living\events\EventTarget-impl.js:233:9[90m)[39m
Error: Uncaught [Error: useAccessibility must be used within AccessibilityProvider]
    at reportException (C:\Users\husey\kiro2\frontend\node_modules\jsdom\lib\jsdom\living\helpers\runtime-script-errors.js:66:24)
    at innerInvokeEventListeners (C:\Users\husey\kiro2\frontend\node_modules\jsdom\lib\jsdom\living\events\EventTarget-impl.js:353:9)
    at invokeEventListeners (C:\Users\husey\kiro2\frontend\node_modules\jsdom\lib\jsdom\living\events\EventTarget-impl.js:286:3)
    at HTMLUnknownElementImpl._dispatch (C:\Users\husey\kiro2\frontend\node_modules\jsdom\lib\jsdom\living\events\EventTarget-impl.js:233:9)
    at HTMLUnknownElementImpl.dispatchEvent (C:\Users\husey\kiro2\frontend\node_modules\jsdom\lib\jsdom\living\events\EventTarget-impl.js:104:17)
    at HTMLUnknownElement.dispatchEvent (C:\Users\husey\kiro2\frontend\node_modules\jsdom\lib\jsdom\living\generated\EventTarget.js:241:34)
    at Object.invokeGuardedCallbackDev (C:\Users\husey\kiro2\frontend\node_modules\react-dom\cjs\react-dom.development.js:4213:16)
    at invokeGuardedCallback (C:\Users\husey\kiro2\frontend\node_modules\react-dom\cjs\react-dom.development.js:4277:31)
    at beginWork$1 (C:\Users\husey\kiro2\frontend\node_modules\react-dom\cjs\react-dom.development.js:27490:7)
    at performUnitOfWork (C:\Users\husey\kiro2\frontend\node_modules\react-dom\cjs\react-dom.development.js:26599:12) Error: useAccessibility must be used within AccessibilityProvider
    at useAccessibility [90m(C:\Users\husey\kiro2\frontend\[39msrc\components\Common\AccessibilityProvider.tsx:28:11[90m)[39m
    at WCAGCompliantLayout [90m(C:\Users\husey\kiro2\frontend\[39msrc\components\Common\WCAGCompliantLayout.tsx:48:24[90m)[39m
    at renderWithHooks [90m(C:\Users\husey\kiro2\frontend\[39mnode_modules\[4mreact-dom[24m\cjs\react-dom.development.js:15486:18[90m)[39m
    at mountIndeterminateComponent [90m(C:\Users\husey\kiro2\frontend\[39mnode_modules\[4mreact-dom[24m\cjs\react-dom.development.js:20103:13[90m)[39m
    at beginWork [90m(C:\Users\husey\kiro2\frontend\[39mnode_modules\[4mreact-dom[24m\cjs\react-dom.development.js:21626:16[90m)[39m
    at HTMLUnknownElement.callCallback [90m(C:\Users\husey\kiro2\frontend\[39mnode_modules\[4mreact-dom[24m\cjs\react-dom.development.js:4164:14[90m)[39m
    at HTMLUnknownElement.callTheUserObjectsOperation [90m(C:\Users\husey\kiro2\frontend\[39mnode_modules\[4mjsdom[24m\lib\jsdom\living\generated\EventListener.js:26:30[90m)[39m
    at innerInvokeEventListeners [90m(C:\Users\husey\kiro2\frontend\[39mnode_modules\[4mjsdom[24m\lib\jsdom\living\events\EventTarget-impl.js:350:25[90m)[39m
    at invokeEventListeners [90m(C:\Users\husey\kiro2\frontend\[39mnode_modules\[4mjsdom[24m\lib\jsdom\living\events\EventTarget-impl.js:286:3[90m)[39m
    at HTMLUnknownElementImpl._dispatch [90m(C:\Users\husey\kiro2\frontend\[39mnode_modules\[4mjsdom[24m\lib\jsdom\living\events\EventTarget-impl.js:233:9[90m)[39m

            </system-err>
            <failure message="useAccessibility must be used within AccessibilityProvider" type="Error">
Error: useAccessibility must be used within AccessibilityProvider
 ❯ useAccessibility src/components/Common/AccessibilityProvider.tsx:28:11
 ❯ WCAGCompliantLayout src/components/Common/WCAGCompliantLayout.tsx:48:24
 ❯ renderWithHooks node_modules/react-dom/cjs/react-dom.development.js:15486:18
 ❯ mountIndeterminateComponent node_modules/react-dom/cjs/react-dom.development.js:20103:13
 ❯ beginWork node_modules/react-dom/cjs/react-dom.development.js:21626:16
 ❯ beginWork$1 node_modules/react-dom/cjs/react-dom.development.js:27465:14
 ❯ performUnitOfWork node_modules/react-dom/cjs/react-dom.development.js:26599:12
 ❯ workLoopSync node_modules/react-dom/cjs/react-dom.development.js:26505:5
 ❯ renderRootSync node_modules/react-dom/cjs/react-dom.development.js:26473:7
 ❯ recoverFromConcurrentError node_modules/react-dom/cjs/react-dom.development.js:25889:20
            </failure>
        </testcase>
        <testcase classname="src/test/accessibility/task24-wcag-compliance.test.tsx" name="Task 24: WCAG 2.1 Level AA Compliance &gt; 4. Integration Test - Accessibility Demo Page &gt; should have all three main components" time="0.0483417">
            <system-err>
Error: Uncaught [Error: useAccessibility must be used within AccessibilityProvider]
    at reportException (C:\Users\husey\kiro2\frontend\node_modules\jsdom\lib\jsdom\living\helpers\runtime-script-errors.js:66:24)
    at innerInvokeEventListeners (C:\Users\husey\kiro2\frontend\node_modules\jsdom\lib\jsdom\living\events\EventTarget-impl.js:353:9)
    at invokeEventListeners (C:\Users\husey\kiro2\frontend\node_modules\jsdom\lib\jsdom\living\events\EventTarget-impl.js:286:3)
    at HTMLUnknownElementImpl._dispatch (C:\Users\husey\kiro2\frontend\node_modules\jsdom\lib\jsdom\living\events\EventTarget-impl.js:233:9)
    at HTMLUnknownElementImpl.dispatchEvent (C:\Users\husey\kiro2\frontend\node_modules\jsdom\lib\jsdom\living\events\EventTarget-impl.js:104:17)
    at HTMLUnknownElement.dispatchEvent (C:\Users\husey\kiro2\frontend\node_modules\jsdom\lib\jsdom\living\generated\EventTarget.js:241:34)
    at Object.invokeGuardedCallbackDev (C:\Users\husey\kiro2\frontend\node_modules\react-dom\cjs\react-dom.development.js:4213:16)
    at invokeGuardedCallback (C:\Users\husey\kiro2\frontend\node_modules\react-dom\cjs\react-dom.development.js:4277:31)
    at beginWork$1 (C:\Users\husey\kiro2\frontend\node_modules\react-dom\cjs\react-dom.development.js:27490:7)
    at performUnitOfWork (C:\Users\husey\kiro2\frontend\node_modules\react-dom\cjs\react-dom.development.js:26599:12) Error: useAccessibility must be used within AccessibilityProvider
    at useAccessibility [90m(C:\Users\husey\kiro2\frontend\[39msrc\components\Common\AccessibilityProvider.tsx:28:11[90m)[39m
    at WCAGCompliantLayout [90m(C:\Users\husey\kiro2\frontend\[39msrc\components\Common\WCAGCompliantLayout.tsx:48:24[90m)[39m
    at renderWithHooks [90m(C:\Users\husey\kiro2\frontend\[39mnode_modules\[4mreact-dom[24m\cjs\react-dom.development.js:15486:18[90m)[39m
    at mountIndeterminateComponent [90m(C:\Users\husey\kiro2\frontend\[39mnode_modules\[4mreact-dom[24m\cjs\react-dom.development.js:20103:13[90m)[39m
    at beginWork [90m(C:\Users\husey\kiro2\frontend\[39mnode_modules\[4mreact-dom[24m\cjs\react-dom.development.js:21626:16[90m)[39m
    at HTMLUnknownElement.callCallback [90m(C:\Users\husey\kiro2\frontend\[39mnode_modules\[4mreact-dom[24m\cjs\react-dom.development.js:4164:14[90m)[39m
    at HTMLUnknownElement.callTheUserObjectsOperation [90m(C:\Users\husey\kiro2\frontend\[39mnode_modules\[4mjsdom[24m\lib\jsdom\living\generated\EventListener.js:26:30[90m)[39m
    at innerInvokeEventListeners [90m(C:\Users\husey\kiro2\frontend\[39mnode_modules\[4mjsdom[24m\lib\jsdom\living\events\EventTarget-impl.js:350:25[90m)[39m
    at invokeEventListeners [90m(C:\Users\husey\kiro2\frontend\[39mnode_modules\[4mjsdom[24m\lib\jsdom\living\events\EventTarget-impl.js:286:3[90m)[39m
    at HTMLUnknownElementImpl._dispatch [90m(C:\Users\husey\kiro2\frontend\[39mnode_modules\[4mjsdom[24m\lib\jsdom\living\events\EventTarget-impl.js:233:9[90m)[39m
Error: Uncaught [Error: useAccessibility must be used within AccessibilityProvider]
    at reportException (C:\Users\husey\kiro2\frontend\node_modules\jsdom\lib\jsdom\living\helpers\runtime-script-errors.js:66:24)
    at innerInvokeEventListeners (C:\Users\husey\kiro2\frontend\node_modules\jsdom\lib\jsdom\living\events\EventTarget-impl.js:353:9)
    at invokeEventListeners (C:\Users\husey\kiro2\frontend\node_modules\jsdom\lib\jsdom\living\events\EventTarget-impl.js:286:3)
    at HTMLUnknownElementImpl._dispatch (C:\Users\husey\kiro2\frontend\node_modules\jsdom\lib\jsdom\living\events\EventTarget-impl.js:233:9)
    at HTMLUnknownElementImpl.dispatchEvent (C:\Users\husey\kiro2\frontend\node_modules\jsdom\lib\jsdom\living\events\EventTarget-impl.js:104:17)
    at HTMLUnknownElement.dispatchEvent (C:\Users\husey\kiro2\frontend\node_modules\jsdom\lib\jsdom\living\generated\EventTarget.js:241:34)
    at Object.invokeGuardedCallbackDev (C:\Users\husey\kiro2\frontend\node_modules\react-dom\cjs\react-dom.development.js:4213:16)
    at invokeGuardedCallback (C:\Users\husey\kiro2\frontend\node_modules\react-dom\cjs\react-dom.development.js:4277:31)
    at beginWork$1 (C:\Users\husey\kiro2\frontend\node_modules\react-dom\cjs\react-dom.development.js:27490:7)
    at performUnitOfWork (C:\Users\husey\kiro2\frontend\node_modules\react-dom\cjs\react-dom.development.js:26599:12) Error: useAccessibility must be used within AccessibilityProvider
    at useAccessibility [90m(C:\Users\husey\kiro2\frontend\[39msrc\components\Common\AccessibilityProvider.tsx:28:11[90m)[39m
    at WCAGCompliantLayout [90m(C:\Users\husey\kiro2\frontend\[39msrc\components\Common\WCAGCompliantLayout.tsx:48:24[90m)[39m
    at renderWithHooks [90m(C:\Users\husey\kiro2\frontend\[39mnode_modules\[4mreact-dom[24m\cjs\react-dom.development.js:15486:18[90m)[39m
    at mountIndeterminateComponent [90m(C:\Users\husey\kiro2\frontend\[39mnode_modules\[4mreact-dom[24m\cjs\react-dom.development.js:20103:13[90m)[39m
    at beginWork [90m(C:\Users\husey\kiro2\frontend\[39mnode_modules\[4mreact-dom[24m\cjs\react-dom.development.js:21626:16[90m)[39m
    at HTMLUnknownElement.callCallback [90m(C:\Users\husey\kiro2\frontend\[39mnode_modules\[4mreact-dom[24m\cjs\react-dom.development.js:4164:14[90m)[39m
    at HTMLUnknownElement.callTheUserObjectsOperation [90m(C:\Users\husey\kiro2\frontend\[39mnode_modules\[4mjsdom[24m\lib\jsdom\living\generated\EventListener.js:26:30[90m)[39m
    at innerInvokeEventListeners [90m(C:\Users\husey\kiro2\frontend\[39mnode_modules\[4mjsdom[24m\lib\jsdom\living\events\EventTarget-impl.js:350:25[90m)[39m
    at invokeEventListeners [90m(C:\Users\husey\kiro2\frontend\[39mnode_modules\[4mjsdom[24m\lib\jsdom\living\events\EventTarget-impl.js:286:3[90m)[39m
    at HTMLUnknownElementImpl._dispatch [90m(C:\Users\husey\kiro2\frontend\[39mnode_modules\[4mjsdom[24m\lib\jsdom\living\events\EventTarget-impl.js:233:9[90m)[39m

            </system-err>
            <failure message="useAccessibility must be used within AccessibilityProvider" type="Error">
Error: useAccessibility must be used within AccessibilityProvider
 ❯ useAccessibility src/components/Common/AccessibilityProvider.tsx:28:11
 ❯ WCAGCompliantLayout src/components/Common/WCAGCompliantLayout.tsx:48:24
 ❯ renderWithHooks node_modules/react-dom/cjs/react-dom.development.js:15486:18
 ❯ mountIndeterminateComponent node_modules/react-dom/cjs/react-dom.development.js:20103:13
 ❯ beginWork node_modules/react-dom/cjs/react-dom.development.js:21626:16
 ❯ beginWork$1 node_modules/react-dom/cjs/react-dom.development.js:27465:14
 ❯ performUnitOfWork node_modules/react-dom/cjs/react-dom.development.js:26599:12
 ❯ workLoopSync node_modules/react-dom/cjs/react-dom.development.js:26505:5
 ❯ renderRootSync node_modules/react-dom/cjs/react-dom.development.js:26473:7
 ❯ recoverFromConcurrentError node_modules/react-dom/cjs/react-dom.development.js:25889:20
            </failure>
        </testcase>
        <testcase classname="src/test/accessibility/task24-wcag-compliance.test.tsx" name="Task 24: WCAG 2.1 Level AA Compliance &gt; 4. Integration Test - Accessibility Demo Page &gt; should meet WCAG 2.1 Level AA requirements" time="0.0460023">
            <system-err>
Error: Uncaught [Error: useAccessibility must be used within AccessibilityProvider]
    at reportException (C:\Users\husey\kiro2\frontend\node_modules\jsdom\lib\jsdom\living\helpers\runtime-script-errors.js:66:24)
    at innerInvokeEventListeners (C:\Users\husey\kiro2\frontend\node_modules\jsdom\lib\jsdom\living\events\EventTarget-impl.js:353:9)
    at invokeEventListeners (C:\Users\husey\kiro2\frontend\node_modules\jsdom\lib\jsdom\living\events\EventTarget-impl.js:286:3)
    at HTMLUnknownElementImpl._dispatch (C:\Users\husey\kiro2\frontend\node_modules\jsdom\lib\jsdom\living\events\EventTarget-impl.js:233:9)
    at HTMLUnknownElementImpl.dispatchEvent (C:\Users\husey\kiro2\frontend\node_modules\jsdom\lib\jsdom\living\events\EventTarget-impl.js:104:17)
    at HTMLUnknownElement.dispatchEvent (C:\Users\husey\kiro2\frontend\node_modules\jsdom\lib\jsdom\living\generated\EventTarget.js:241:34)
    at Object.invokeGuardedCallbackDev (C:\Users\husey\kiro2\frontend\node_modules\react-dom\cjs\react-dom.development.js:4213:16)
    at invokeGuardedCallback (C:\Users\husey\kiro2\frontend\node_modules\react-dom\cjs\react-dom.development.js:4277:31)
    at beginWork$1 (C:\Users\husey\kiro2\frontend\node_modules\react-dom\cjs\react-dom.development.js:27490:7)
    at performUnitOfWork (C:\Users\husey\kiro2\frontend\node_modules\react-dom\cjs\react-dom.development.js:26599:12) Error: useAccessibility must be used within AccessibilityProvider
    at useAccessibility [90m(C:\Users\husey\kiro2\frontend\[39msrc\components\Common\AccessibilityProvider.tsx:28:11[90m)[39m
    at WCAGCompliantLayout [90m(C:\Users\husey\kiro2\frontend\[39msrc\components\Common\WCAGCompliantLayout.tsx:48:24[90m)[39m
    at renderWithHooks [90m(C:\Users\husey\kiro2\frontend\[39mnode_modules\[4mreact-dom[24m\cjs\react-dom.development.js:15486:18[90m)[39m
    at mountIndeterminateComponent [90m(C:\Users\husey\kiro2\frontend\[39mnode_modules\[4mreact-dom[24m\cjs\react-dom.development.js:20103:13[90m)[39m
    at beginWork [90m(C:\Users\husey\kiro2\frontend\[39mnode_modules\[4mreact-dom[24m\cjs\react-dom.development.js:21626:16[90m)[39m
    at HTMLUnknownElement.callCallback [90m(C:\Users\husey\kiro2\frontend\[39mnode_modules\[4mreact-dom[24m\cjs\react-dom.development.js:4164:14[90m)[39m
    at HTMLUnknownElement.callTheUserObjectsOperation [90m(C:\Users\husey\kiro2\frontend\[39mnode_modules\[4mjsdom[24m\lib\jsdom\living\generated\EventListener.js:26:30[90m)[39m
    at innerInvokeEventListeners [90m(C:\Users\husey\kiro2\frontend\[39mnode_modules\[4mjsdom[24m\lib\jsdom\living\events\EventTarget-impl.js:350:25[90m)[39m
    at invokeEventListeners [90m(C:\Users\husey\kiro2\frontend\[39mnode_modules\[4mjsdom[24m\lib\jsdom\living\events\EventTarget-impl.js:286:3[90m)[39m
    at HTMLUnknownElementImpl._dispatch [90m(C:\Users\husey\kiro2\frontend\[39mnode_modules\[4mjsdom[24m\lib\jsdom\living\events\EventTarget-impl.js:233:9[90m)[39m
Error: Uncaught [Error: useAccessibility must be used within AccessibilityProvider]
    at reportException (C:\Users\husey\kiro2\frontend\node_modules\jsdom\lib\jsdom\living\helpers\runtime-script-errors.js:66:24)
    at innerInvokeEventListeners (C:\Users\husey\kiro2\frontend\node_modules\jsdom\lib\jsdom\living\events\EventTarget-impl.js:353:9)
    at invokeEventListeners (C:\Users\husey\kiro2\frontend\node_modules\jsdom\lib\jsdom\living\events\EventTarget-impl.js:286:3)
    at HTMLUnknownElementImpl._dispatch (C:\Users\husey\kiro2\frontend\node_modules\jsdom\lib\jsdom\living\events\EventTarget-impl.js:233:9)
    at HTMLUnknownElementImpl.dispatchEvent (C:\Users\husey\kiro2\frontend\node_modules\jsdom\lib\jsdom\living\events\EventTarget-impl.js:104:17)
    at HTMLUnknownElement.dispatchEvent (C:\Users\husey\kiro2\frontend\node_modules\jsdom\lib\jsdom\living\generated\EventTarget.js:241:34)
    at Object.invokeGuardedCallbackDev (C:\Users\husey\kiro2\frontend\node_modules\react-dom\cjs\react-dom.development.js:4213:16)
    at invokeGuardedCallback (C:\Users\husey\kiro2\frontend\node_modules\react-dom\cjs\react-dom.development.js:4277:31)
    at beginWork$1 (C:\Users\husey\kiro2\frontend\node_modules\react-dom\cjs\react-dom.development.js:27490:7)
    at performUnitOfWork (C:\Users\husey\kiro2\frontend\node_modules\react-dom\cjs\react-dom.development.js:26599:12) Error: useAccessibility must be used within AccessibilityProvider
    at useAccessibility [90m(C:\Users\husey\kiro2\frontend\[39msrc\components\Common\AccessibilityProvider.tsx:28:11[90m)[39m
    at WCAGCompliantLayout [90m(C:\Users\husey\kiro2\frontend\[39msrc\components\Common\WCAGCompliantLayout.tsx:48:24[90m)[39m
    at renderWithHooks [90m(C:\Users\husey\kiro2\frontend\[39mnode_modules\[4mreact-dom[24m\cjs\react-dom.development.js:15486:18[90m)[39m
    at mountIndeterminateComponent [90m(C:\Users\husey\kiro2\frontend\[39mnode_modules\[4mreact-dom[24m\cjs\react-dom.development.js:20103:13[90m)[39m
    at beginWork [90m(C:\Users\husey\kiro2\frontend\[39mnode_modules\[4mreact-dom[24m\cjs\react-dom.development.js:21626:16[90m)[39m
    at HTMLUnknownElement.callCallback [90m(C:\Users\husey\kiro2\frontend\[39mnode_modules\[4mreact-dom[24m\cjs\react-dom.development.js:4164:14[90m)[39m
    at HTMLUnknownElement.callTheUserObjectsOperation [90m(C:\Users\husey\kiro2\frontend\[39mnode_modules\[4mjsdom[24m\lib\jsdom\living\generated\EventListener.js:26:30[90m)[39m
    at innerInvokeEventListeners [90m(C:\Users\husey\kiro2\frontend\[39mnode_modules\[4mjsdom[24m\lib\jsdom\living\events\EventTarget-impl.js:350:25[90m)[39m
    at invokeEventListeners [90m(C:\Users\husey\kiro2\frontend\[39mnode_modules\[4mjsdom[24m\lib\jsdom\living\events\EventTarget-impl.js:286:3[90m)[39m
    at HTMLUnknownElementImpl._dispatch [90m(C:\Users\husey\kiro2\frontend\[39mnode_modules\[4mjsdom[24m\lib\jsdom\living\events\EventTarget-impl.js:233:9[90m)[39m

            </system-err>
            <failure message="useAccessibility must be used within AccessibilityProvider" type="Error">
Error: useAccessibility must be used within AccessibilityProvider
 ❯ useAccessibility src/components/Common/AccessibilityProvider.tsx:28:11
 ❯ WCAGCompliantLayout src/components/Common/WCAGCompliantLayout.tsx:48:24
 ❯ renderWithHooks node_modules/react-dom/cjs/react-dom.development.js:15486:18
 ❯ mountIndeterminateComponent node_modules/react-dom/cjs/react-dom.development.js:20103:13
 ❯ beginWork node_modules/react-dom/cjs/react-dom.development.js:21626:16
 ❯ beginWork$1 node_modules/react-dom/cjs/react-dom.development.js:27465:14
 ❯ performUnitOfWork node_modules/react-dom/cjs/react-dom.development.js:26599:12
 ❯ workLoopSync node_modules/react-dom/cjs/react-dom.development.js:26505:5
 ❯ renderRootSync node_modules/react-dom/cjs/react-dom.development.js:26473:7
 ❯ recoverFromConcurrentError node_modules/react-dom/cjs/react-dom.development.js:25889:20
            </failure>
        </testcase>
        <testcase classname="src/test/accessibility/task24-wcag-compliance.test.tsx" name="Task 24: WCAG 2.1 Level AA Compliance &gt; 5. WCAG 2.1 Level AA Compliance Checklist &gt; should pass all WCAG AA criteria" time="0.001082">
        </testcase>
        <testcase classname="src/test/accessibility/task24-wcag-compliance.test.tsx" name="Task 24 Summary &gt; should confirm Task 24 is complete" time="0.006602">
        </testcase>
    </testsuite>
    <testsuite name="src/test/accessibility/task76-3-line-height.test.tsx" timestamp="2025-11-14T16:56:52.577Z" hostname="ates" tests="19" failures="0" errors="0" skipped="0" time="0.2386777">
        <testcase classname="src/test/accessibility/task76-3-line-height.test.tsx" name="Task 76.3: Satır Aralığı Ayarlama &gt; REQ-50.8: Satır aralığı 1.0x-3.0x arası değerleri desteklemeli &gt; varsayılan satır aralığı 1.5x olmalı" time="0.0620592">
        </testcase>
        <testcase classname="src/test/accessibility/task76-3-line-height.test.tsx" name="Task 76.3: Satır Aralığı Ayarlama &gt; REQ-50.8: Satır aralığı 1.0x-3.0x arası değerleri desteklemeli &gt; satır aralığı 1.0x ile 3.0x arasında ayarlanabilmeli" time="0.0300487">
        </testcase>
        <testcase classname="src/test/accessibility/task76-3-line-height.test.tsx" name="Task 76.3: Satır Aralığı Ayarlama &gt; REQ-50.8: Satır aralığı 1.0x-3.0x arası değerleri desteklemeli &gt; satır aralığı 0.1 artışlarla ayarlanabilmeli" time="0.0216362">
        </testcase>
        <testcase classname="src/test/accessibility/task76-3-line-height.test.tsx" name="Task 76.3: Satır Aralığı Ayarlama &gt; REQ-50.8: Satır aralığı 1.0x-3.0x arası değerleri desteklemeli &gt; increaseLineHeight fonksiyonu 0.1 artırmalı" time="0.0114458">
        </testcase>
        <testcase classname="src/test/accessibility/task76-3-line-height.test.tsx" name="Task 76.3: Satır Aralığı Ayarlama &gt; REQ-50.8: Satır aralığı 1.0x-3.0x arası değerleri desteklemeli &gt; decreaseLineHeight fonksiyonu 0.1 azaltmalı" time="0.0089797">
        </testcase>
        <testcase classname="src/test/accessibility/task76-3-line-height.test.tsx" name="Task 76.3: Satır Aralığı Ayarlama &gt; REQ-50.8: Satır aralığı 1.0x-3.0x arası değerleri desteklemeli &gt; satır aralığı 1.0x altına düşmemeli" time="0.007829">
        </testcase>
        <testcase classname="src/test/accessibility/task76-3-line-height.test.tsx" name="Task 76.3: Satır Aralığı Ayarlama &gt; REQ-50.8: Satır aralığı 1.0x-3.0x arası değerleri desteklemeli &gt; satır aralığı 3.0x üzerine çıkmamalı" time="0.007268">
        </testcase>
        <testcase classname="src/test/accessibility/task76-3-line-height.test.tsx" name="Task 76.3: Satır Aralığı Ayarlama &gt; REQ-50.9: Paragraf aralığı satır aralığının 1.5 katı olmalı &gt; satır aralığı değiştiğinde paragraf aralığı otomatik hesaplanmalı" time="0.0066639">
        </testcase>
        <testcase classname="src/test/accessibility/task76-3-line-height.test.tsx" name="Task 76.3: Satır Aralığı Ayarlama &gt; REQ-50.9: Paragraf aralığı satır aralığının 1.5 katı olmalı &gt; farklı satır aralıkları için doğru paragraf aralığı hesaplanmalı" time="0.0120462">
        </testcase>
        <testcase classname="src/test/accessibility/task76-3-line-height.test.tsx" name="Task 76.3: Satır Aralığı Ayarlama &gt; REQ-50.9: Paragraf aralığı satır aralığının 1.5 katı olmalı &gt; paragraf aralığı 100ms içinde uygulanmalı (CSS transition)" time="0.0018644">
        </testcase>
        <testcase classname="src/test/accessibility/task76-3-line-height.test.tsx" name="Task 76.3: Satır Aralığı Ayarlama &gt; REQ-50.10: Satır aralığı 1.5x+ olduğunda optimal okuma genişliği &gt; satır aralığı 1.5x veya üzerinde ise optimal-reading-width class eklenmeli" time="0.0090515">
        </testcase>
        <testcase classname="src/test/accessibility/task76-3-line-height.test.tsx" name="Task 76.3: Satır Aralığı Ayarlama &gt; REQ-50.10: Satır aralığı 1.5x+ olduğunda optimal okuma genişliği &gt; optimal okuma genişliği 75 karakter olmalı" time="0.0053527">
        </testcase>
        <testcase classname="src/test/accessibility/task76-3-line-height.test.tsx" name="Task 76.3: Satır Aralığı Ayarlama &gt; REQ-50.10: Satır aralığı 1.5x+ olduğunda optimal okuma genişliği &gt; metin hizalaması sola yaslanmalı" time="0.0047978">
        </testcase>
        <testcase classname="src/test/accessibility/task76-3-line-height.test.tsx" name="Task 76.3: Satır Aralığı Ayarlama &gt; REQ-50.10: Satır aralığı 1.5x+ olduğunda optimal okuma genişliği &gt; satır aralığı 1.5x altında ise optimal genişlik kaldırılmalı" time="0.0074262">
        </testcase>
        <testcase classname="src/test/accessibility/task76-3-line-height.test.tsx" name="Task 76.3: Satır Aralığı Ayarlama &gt; Entegrasyon Testleri &gt; preset ayarları satır aralığını doğru şekilde ayarlamalı" time="0.0081622">
        </testcase>
        <testcase classname="src/test/accessibility/task76-3-line-height.test.tsx" name="Task 76.3: Satır Aralığı Ayarlama &gt; Entegrasyon Testleri &gt; ayarlar localStorage&apos;a kaydedilmeli" time="0.0048995">
        </testcase>
        <testcase classname="src/test/accessibility/task76-3-line-height.test.tsx" name="Task 76.3: Satır Aralığı Ayarlama &gt; Entegrasyon Testleri &gt; resetSettings satır aralığını varsayılana döndürmeli" time="0.0086017">
        </testcase>
        <testcase classname="src/test/accessibility/task76-3-line-height.test.tsx" name="Task 76.3: Satır Aralığı Ayarlama &gt; Erişilebilirlik &gt; CSS değişkenleri doğru şekilde uygulanmalı" time="0.0075199">
        </testcase>
        <testcase classname="src/test/accessibility/task76-3-line-height.test.tsx" name="Task 76.3: Satır Aralığı Ayarlama &gt; Erişilebilirlik &gt; tüm gerekli CSS değişkenleri tanımlanmalı" time="0.0056939">
        </testcase>
    </testsuite>
    <testsuite name="src/test/auth/auth-context-improved.test.tsx" timestamp="2025-11-14T16:56:52.581Z" hostname="ates" tests="22" failures="0" errors="0" skipped="0" time="1.2998352">
        <testcase classname="src/test/auth/auth-context-improved.test.tsx" name="Auth Context Tests &gt; Authentication State &gt; shows not authenticated state by default" time="0.0981611">
        </testcase>
        <testcase classname="src/test/auth/auth-context-improved.test.tsx" name="Auth Context Tests &gt; Authentication State &gt; shows authenticated state when user is logged in" time="0.0241283">
        </testcase>
        <testcase classname="src/test/auth/auth-context-improved.test.tsx" name="Auth Context Tests &gt; Authentication State &gt; shows loading state during authentication" time="0.0117513">
        </testcase>
        <testcase classname="src/test/auth/auth-context-improved.test.tsx" name="Auth Context Tests &gt; Authentication State &gt; shows error state when authentication fails" time="0.0085472">
        </testcase>
        <testcase classname="src/test/auth/auth-context-improved.test.tsx" name="Auth Context Tests &gt; Login Functionality &gt; calls login function when login button is clicked" time="0.3784669">
        </testcase>
        <testcase classname="src/test/auth/auth-context-improved.test.tsx" name="Auth Context Tests &gt; Login Functionality &gt; handles login success" time="0.1666191">
        </testcase>
        <testcase classname="src/test/auth/auth-context-improved.test.tsx" name="Auth Context Tests &gt; Login Functionality &gt; handles login failure" time="0.1393636">
        </testcase>
        <testcase classname="src/test/auth/auth-context-improved.test.tsx" name="Auth Context Tests &gt; Logout Functionality &gt; calls logout function when logout button is clicked" time="0.122064">
        </testcase>
        <testcase classname="src/test/auth/auth-context-improved.test.tsx" name="Auth Context Tests &gt; Protected Routes &gt; shows login required message when not authenticated" time="0.0094224">
        </testcase>
        <testcase classname="src/test/auth/auth-context-improved.test.tsx" name="Auth Context Tests &gt; Protected Routes &gt; shows protected content when authenticated" time="0.0160333">
        </testcase>
        <testcase classname="src/test/auth/auth-context-improved.test.tsx" name="Auth Context Tests &gt; User Profile Management &gt; displays user profile information" time="0.0080755">
        </testcase>
        <testcase classname="src/test/auth/auth-context-improved.test.tsx" name="Auth Context Tests &gt; User Profile Management &gt; calls updateProfile when update button is clicked" time="0.1378327">
        </testcase>
        <testcase classname="src/test/auth/auth-context-improved.test.tsx" name="Auth Context Tests &gt; User Profile Management &gt; does not show profile info when user is null" time="0.0052641">
        </testcase>
        <testcase classname="src/test/auth/auth-context-improved.test.tsx" name="Auth Context Tests &gt; Turkish Language Support &gt; displays Turkish text correctly" time="0.0069625">
        </testcase>
        <testcase classname="src/test/auth/auth-context-improved.test.tsx" name="Auth Context Tests &gt; Turkish Language Support &gt; handles Turkish characters in user names" time="0.006393">
        </testcase>
        <testcase classname="src/test/auth/auth-context-improved.test.tsx" name="Auth Context Tests &gt; Error Handling &gt; handles network errors gracefully" time="0.1250031">
        </testcase>
        <testcase classname="src/test/auth/auth-context-improved.test.tsx" name="Auth Context Tests &gt; Error Handling &gt; handles invalid credentials error" time="0.0063885">
        </testcase>
        <testcase classname="src/test/auth/auth-context-improved.test.tsx" name="Auth Context Tests &gt; Token Management &gt; calls refreshToken function" time="0.0010225">
        </testcase>
        <testcase classname="src/test/auth/auth-context-improved.test.tsx" name="Auth Context Tests &gt; Token Management &gt; handles token refresh failure" time="0.0013478">
        </testcase>
        <testcase classname="src/test/auth/auth-context-improved.test.tsx" name="Auth Context Tests &gt; User Roles &gt; handles student role correctly" time="0.0068345">
        </testcase>
        <testcase classname="src/test/auth/auth-context-improved.test.tsx" name="Auth Context Tests &gt; User Roles &gt; handles teacher role correctly" time="0.0060466">
        </testcase>
        <testcase classname="src/test/auth/auth-context-improved.test.tsx" name="Auth Context Tests &gt; User Roles &gt; handles parent role correctly" time="0.0061408">
        </testcase>
    </testsuite>
    <testsuite name="src/test/e2e/auth-flow.test.tsx" timestamp="2025-11-14T16:56:52.584Z" hostname="ates" tests="12" failures="12" errors="0" skipped="0" time="0.108525">
        <testcase classname="src/test/e2e/auth-flow.test.tsx" name="Authentication Flow E2E &gt; Login Flow &gt; allows user to login with valid credentials" time="0.0096454">
            <failure message="Cannot find module &apos;../../services/modernApiClient&apos;
Require stack:
- C:\Users\husey\kiro2\frontend\src\test\e2e\auth-flow.test.tsx" type="Error">
Error: Cannot find module &apos;../../services/modernApiClient&apos;
Require stack:
- C:\Users\husey\kiro2\frontend\src\test\e2e\auth-flow.test.tsx
 ❯ src/test/e2e/auth-flow.test.tsx:68:17

⎯⎯⎯⎯⎯⎯⎯⎯⎯⎯⎯⎯⎯⎯⎯⎯⎯⎯⎯⎯⎯⎯⎯⎯⎯⎯⎯⎯⎯⎯
Serialized Error: { code: &apos;MODULE_NOT_FOUND&apos;, requireStack: [ &apos;C:\Users\husey\kiro2\frontend\src\test\e2e\auth-flow.test.tsx&apos; ] }
            </failure>
        </testcase>
        <testcase classname="src/test/e2e/auth-flow.test.tsx" name="Authentication Flow E2E &gt; Login Flow &gt; shows error message for invalid credentials" time="0.0018474">
            <failure message="Cannot find module &apos;../../services/modernApiClient&apos;
Require stack:
- C:\Users\husey\kiro2\frontend\src\test\e2e\auth-flow.test.tsx" type="Error">
Error: Cannot find module &apos;../../services/modernApiClient&apos;
Require stack:
- C:\Users\husey\kiro2\frontend\src\test\e2e\auth-flow.test.tsx
 ❯ src/test/e2e/auth-flow.test.tsx:106:17

⎯⎯⎯⎯⎯⎯⎯⎯⎯⎯⎯⎯⎯⎯⎯⎯⎯⎯⎯⎯⎯⎯⎯⎯⎯⎯⎯⎯⎯⎯
Serialized Error: { code: &apos;MODULE_NOT_FOUND&apos;, requireStack: [ &apos;C:\Users\husey\kiro2\frontend\src\test\e2e\auth-flow.test.tsx&apos; ] }
            </failure>
        </testcase>
        <testcase classname="src/test/e2e/auth-flow.test.tsx" name="Authentication Flow E2E &gt; Login Flow &gt; validates form fields before submission" time="0.0454467">
            <system-err>
Error: Uncaught [Error: Element type is invalid: expected a string (for built-in components) or a class/function (for composite components) but got: undefined. You likely forgot to export your component from the file it&apos;s defined in, or you might have mixed up default and named imports.]
    at reportException (C:\Users\husey\kiro2\frontend\node_modules\jsdom\lib\jsdom\living\helpers\runtime-script-errors.js:66:24)
    at innerInvokeEventListeners (C:\Users\husey\kiro2\frontend\node_modules\jsdom\lib\jsdom\living\events\EventTarget-impl.js:353:9)
    at invokeEventListeners (C:\Users\husey\kiro2\frontend\node_modules\jsdom\lib\jsdom\living\events\EventTarget-impl.js:286:3)
    at HTMLUnknownElementImpl._dispatch (C:\Users\husey\kiro2\frontend\node_modules\jsdom\lib\jsdom\living\events\EventTarget-impl.js:233:9)
    at HTMLUnknownElementImpl.dispatchEvent (C:\Users\husey\kiro2\frontend\node_modules\jsdom\lib\jsdom\living\events\EventTarget-impl.js:104:17)
    at HTMLUnknownElement.dispatchEvent (C:\Users\husey\kiro2\frontend\node_modules\jsdom\lib\jsdom\living\generated\EventTarget.js:241:34)
    at Object.invokeGuardedCallbackDev (C:\Users\husey\kiro2\frontend\node_modules\react-dom\cjs\react-dom.development.js:4213:16)
    at invokeGuardedCallback (C:\Users\husey\kiro2\frontend\node_modules\react-dom\cjs\react-dom.development.js:4277:31)
    at beginWork$1 (C:\Users\husey\kiro2\frontend\node_modules\react-dom\cjs\react-dom.development.js:27490:7)
    at performUnitOfWork (C:\Users\husey\kiro2\frontend\node_modules\react-dom\cjs\react-dom.development.js:26599:12) Error: Element type is invalid: expected a string (for built-in components) or a class/function (for composite components) but got: undefined. You likely forgot to export your component from the file it&apos;s defined in, or you might have mixed up default and named imports.
    at createFiberFromTypeAndProps [90m(C:\Users\husey\kiro2\frontend\[39mnode_modules\[4mreact-dom[24m\cjs\react-dom.development.js:28478:17[90m)[39m
    at createFiberFromElement [90m(C:\Users\husey\kiro2\frontend\[39mnode_modules\[4mreact-dom[24m\cjs\react-dom.development.js:28504:15[90m)[39m
    at reconcileSingleElement [90m(C:\Users\husey\kiro2\frontend\[39mnode_modules\[4mreact-dom[24m\cjs\react-dom.development.js:13986:23[90m)[39m
    at reconcileChildFibers [90m(C:\Users\husey\kiro2\frontend\[39mnode_modules\[4mreact-dom[24m\cjs\react-dom.development.js:14044:35[90m)[39m
    at reconcileChildren [90m(C:\Users\husey\kiro2\frontend\[39mnode_modules\[4mreact-dom[24m\cjs\react-dom.development.js:19186:28[90m)[39m
    at updateContextProvider [90m(C:\Users\husey\kiro2\frontend\[39mnode_modules\[4mreact-dom[24m\cjs\react-dom.development.js:21193:3[90m)[39m
    at beginWork [90m(C:\Users\husey\kiro2\frontend\[39mnode_modules\[4mreact-dom[24m\cjs\react-dom.development.js:21688:14[90m)[39m
    at HTMLUnknownElement.callCallback [90m(C:\Users\husey\kiro2\frontend\[39mnode_modules\[4mreact-dom[24m\cjs\react-dom.development.js:4164:14[90m)[39m
    at HTMLUnknownElement.callTheUserObjectsOperation [90m(C:\Users\husey\kiro2\frontend\[39mnode_modules\[4mjsdom[24m\lib\jsdom\living\generated\EventListener.js:26:30[90m)[39m
    at innerInvokeEventListeners [90m(C:\Users\husey\kiro2\frontend\[39mnode_modules\[4mjsdom[24m\lib\jsdom\living\events\EventTarget-impl.js:350:25[90m)[39m
Error: Uncaught [Error: Element type is invalid: expected a string (for built-in components) or a class/function (for composite components) but got: undefined. You likely forgot to export your component from the file it&apos;s defined in, or you might have mixed up default and named imports.]
    at reportException (C:\Users\husey\kiro2\frontend\node_modules\jsdom\lib\jsdom\living\helpers\runtime-script-errors.js:66:24)
    at innerInvokeEventListeners (C:\Users\husey\kiro2\frontend\node_modules\jsdom\lib\jsdom\living\events\EventTarget-impl.js:353:9)
    at invokeEventListeners (C:\Users\husey\kiro2\frontend\node_modules\jsdom\lib\jsdom\living\events\EventTarget-impl.js:286:3)
    at HTMLUnknownElementImpl._dispatch (C:\Users\husey\kiro2\frontend\node_modules\jsdom\lib\jsdom\living\events\EventTarget-impl.js:233:9)
    at HTMLUnknownElementImpl.dispatchEvent (C:\Users\husey\kiro2\frontend\node_modules\jsdom\lib\jsdom\living\events\EventTarget-impl.js:104:17)
    at HTMLUnknownElement.dispatchEvent (C:\Users\husey\kiro2\frontend\node_modules\jsdom\lib\jsdom\living\generated\EventTarget.js:241:34)
    at Object.invokeGuardedCallbackDev (C:\Users\husey\kiro2\frontend\node_modules\react-dom\cjs\react-dom.development.js:4213:16)
    at invokeGuardedCallback (C:\Users\husey\kiro2\frontend\node_modules\react-dom\cjs\react-dom.development.js:4277:31)
    at beginWork$1 (C:\Users\husey\kiro2\frontend\node_modules\react-dom\cjs\react-dom.development.js:27490:7)
    at performUnitOfWork (C:\Users\husey\kiro2\frontend\node_modules\react-dom\cjs\react-dom.development.js:26599:12) Error: Element type is invalid: expected a string (for built-in components) or a class/function (for composite components) but got: undefined. You likely forgot to export your component from the file it&apos;s defined in, or you might have mixed up default and named imports.
    at createFiberFromTypeAndProps [90m(C:\Users\husey\kiro2\frontend\[39mnode_modules\[4mreact-dom[24m\cjs\react-dom.development.js:28478:17[90m)[39m
    at createFiberFromElement [90m(C:\Users\husey\kiro2\frontend\[39mnode_modules\[4mreact-dom[24m\cjs\react-dom.development.js:28504:15[90m)[39m
    at reconcileSingleElement [90m(C:\Users\husey\kiro2\frontend\[39mnode_modules\[4mreact-dom[24m\cjs\react-dom.development.js:13986:23[90m)[39m
    at reconcileChildFibers [90m(C:\Users\husey\kiro2\frontend\[39mnode_modules\[4mreact-dom[24m\cjs\react-dom.development.js:14044:35[90m)[39m
    at reconcileChildren [90m(C:\Users\husey\kiro2\frontend\[39mnode_modules\[4mreact-dom[24m\cjs\react-dom.development.js:19186:28[90m)[39m
    at updateContextProvider [90m(C:\Users\husey\kiro2\frontend\[39mnode_modules\[4mreact-dom[24m\cjs\react-dom.development.js:21193:3[90m)[39m
    at beginWork [90m(C:\Users\husey\kiro2\frontend\[39mnode_modules\[4mreact-dom[24m\cjs\react-dom.development.js:21688:14[90m)[39m
    at HTMLUnknownElement.callCallback [90m(C:\Users\husey\kiro2\frontend\[39mnode_modules\[4mreact-dom[24m\cjs\react-dom.development.js:4164:14[90m)[39m
    at HTMLUnknownElement.callTheUserObjectsOperation [90m(C:\Users\husey\kiro2\frontend\[39mnode_modules\[4mjsdom[24m\lib\jsdom\living\generated\EventListener.js:26:30[90m)[39m
    at innerInvokeEventListeners [90m(C:\Users\husey\kiro2\frontend\[39mnode_modules\[4mjsdom[24m\lib\jsdom\living\events\EventTarget-impl.js:350:25[90m)[39m

            </system-err>
            <failure message="Element type is invalid: expected a string (for built-in components) or a class/function (for composite components) but got: undefined. You likely forgot to export your component from the file it&apos;s defined in, or you might have mixed up default and named imports." type="Error">
Error: Element type is invalid: expected a string (for built-in components) or a class/function (for composite components) but got: undefined. You likely forgot to export your component from the file it&apos;s defined in, or you might have mixed up default and named imports.
 ❯ createFiberFromTypeAndProps node_modules/react-dom/cjs/react-dom.development.js:28478:17
 ❯ createFiberFromElement node_modules/react-dom/cjs/react-dom.development.js:28504:15
 ❯ reconcileSingleElement node_modules/react-dom/cjs/react-dom.development.js:13986:23
 ❯ reconcileChildFibers node_modules/react-dom/cjs/react-dom.development.js:14044:35
 ❯ reconcileChildren node_modules/react-dom/cjs/react-dom.development.js:19186:28
 ❯ updateContextProvider node_modules/react-dom/cjs/react-dom.development.js:21193:3
 ❯ beginWork node_modules/react-dom/cjs/react-dom.development.js:21688:14
 ❯ beginWork$1 node_modules/react-dom/cjs/react-dom.development.js:27465:14
 ❯ performUnitOfWork node_modules/react-dom/cjs/react-dom.development.js:26599:12
 ❯ workLoopSync node_modules/react-dom/cjs/react-dom.development.js:26505:5
            </failure>
        </testcase>
        <testcase classname="src/test/e2e/auth-flow.test.tsx" name="Authentication Flow E2E &gt; Login Flow &gt; validates email format" time="0.0089313">
            <system-err>
Error: Uncaught [Error: Element type is invalid: expected a string (for built-in components) or a class/function (for composite components) but got: undefined. You likely forgot to export your component from the file it&apos;s defined in, or you might have mixed up default and named imports.]
    at reportException (C:\Users\husey\kiro2\frontend\node_modules\jsdom\lib\jsdom\living\helpers\runtime-script-errors.js:66:24)
    at innerInvokeEventListeners (C:\Users\husey\kiro2\frontend\node_modules\jsdom\lib\jsdom\living\events\EventTarget-impl.js:353:9)
    at invokeEventListeners (C:\Users\husey\kiro2\frontend\node_modules\jsdom\lib\jsdom\living\events\EventTarget-impl.js:286:3)
    at HTMLUnknownElementImpl._dispatch (C:\Users\husey\kiro2\frontend\node_modules\jsdom\lib\jsdom\living\events\EventTarget-impl.js:233:9)
    at HTMLUnknownElementImpl.dispatchEvent (C:\Users\husey\kiro2\frontend\node_modules\jsdom\lib\jsdom\living\events\EventTarget-impl.js:104:17)
    at HTMLUnknownElement.dispatchEvent (C:\Users\husey\kiro2\frontend\node_modules\jsdom\lib\jsdom\living\generated\EventTarget.js:241:34)
    at Object.invokeGuardedCallbackDev (C:\Users\husey\kiro2\frontend\node_modules\react-dom\cjs\react-dom.development.js:4213:16)
    at invokeGuardedCallback (C:\Users\husey\kiro2\frontend\node_modules\react-dom\cjs\react-dom.development.js:4277:31)
    at beginWork$1 (C:\Users\husey\kiro2\frontend\node_modules\react-dom\cjs\react-dom.development.js:27490:7)
    at performUnitOfWork (C:\Users\husey\kiro2\frontend\node_modules\react-dom\cjs\react-dom.development.js:26599:12) Error: Element type is invalid: expected a string (for built-in components) or a class/function (for composite components) but got: undefined. You likely forgot to export your component from the file it&apos;s defined in, or you might have mixed up default and named imports.
    at createFiberFromTypeAndProps [90m(C:\Users\husey\kiro2\frontend\[39mnode_modules\[4mreact-dom[24m\cjs\react-dom.development.js:28478:17[90m)[39m
    at createFiberFromElement [90m(C:\Users\husey\kiro2\frontend\[39mnode_modules\[4mreact-dom[24m\cjs\react-dom.development.js:28504:15[90m)[39m
    at reconcileSingleElement [90m(C:\Users\husey\kiro2\frontend\[39mnode_modules\[4mreact-dom[24m\cjs\react-dom.development.js:13986:23[90m)[39m
    at reconcileChildFibers [90m(C:\Users\husey\kiro2\frontend\[39mnode_modules\[4mreact-dom[24m\cjs\react-dom.development.js:14044:35[90m)[39m
    at reconcileChildren [90m(C:\Users\husey\kiro2\frontend\[39mnode_modules\[4mreact-dom[24m\cjs\react-dom.development.js:19186:28[90m)[39m
    at updateContextProvider [90m(C:\Users\husey\kiro2\frontend\[39mnode_modules\[4mreact-dom[24m\cjs\react-dom.development.js:21193:3[90m)[39m
    at beginWork [90m(C:\Users\husey\kiro2\frontend\[39mnode_modules\[4mreact-dom[24m\cjs\react-dom.development.js:21688:14[90m)[39m
    at HTMLUnknownElement.callCallback [90m(C:\Users\husey\kiro2\frontend\[39mnode_modules\[4mreact-dom[24m\cjs\react-dom.development.js:4164:14[90m)[39m
    at HTMLUnknownElement.callTheUserObjectsOperation [90m(C:\Users\husey\kiro2\frontend\[39mnode_modules\[4mjsdom[24m\lib\jsdom\living\generated\EventListener.js:26:30[90m)[39m
    at innerInvokeEventListeners [90m(C:\Users\husey\kiro2\frontend\[39mnode_modules\[4mjsdom[24m\lib\jsdom\living\events\EventTarget-impl.js:350:25[90m)[39m
Error: Uncaught [Error: Element type is invalid: expected a string (for built-in components) or a class/function (for composite components) but got: undefined. You likely forgot to export your component from the file it&apos;s defined in, or you might have mixed up default and named imports.]
    at reportException (C:\Users\husey\kiro2\frontend\node_modules\jsdom\lib\jsdom\living\helpers\runtime-script-errors.js:66:24)
    at innerInvokeEventListeners (C:\Users\husey\kiro2\frontend\node_modules\jsdom\lib\jsdom\living\events\EventTarget-impl.js:353:9)
    at invokeEventListeners (C:\Users\husey\kiro2\frontend\node_modules\jsdom\lib\jsdom\living\events\EventTarget-impl.js:286:3)
    at HTMLUnknownElementImpl._dispatch (C:\Users\husey\kiro2\frontend\node_modules\jsdom\lib\jsdom\living\events\EventTarget-impl.js:233:9)
    at HTMLUnknownElementImpl.dispatchEvent (C:\Users\husey\kiro2\frontend\node_modules\jsdom\lib\jsdom\living\events\EventTarget-impl.js:104:17)
    at HTMLUnknownElement.dispatchEvent (C:\Users\husey\kiro2\frontend\node_modules\jsdom\lib\jsdom\living\generated\EventTarget.js:241:34)
    at Object.invokeGuardedCallbackDev (C:\Users\husey\kiro2\frontend\node_modules\react-dom\cjs\react-dom.development.js:4213:16)
    at invokeGuardedCallback (C:\Users\husey\kiro2\frontend\node_modules\react-dom\cjs\react-dom.development.js:4277:31)
    at beginWork$1 (C:\Users\husey\kiro2\frontend\node_modules\react-dom\cjs\react-dom.development.js:27490:7)
    at performUnitOfWork (C:\Users\husey\kiro2\frontend\node_modules\react-dom\cjs\react-dom.development.js:26599:12) Error: Element type is invalid: expected a string (for built-in components) or a class/function (for composite components) but got: undefined. You likely forgot to export your component from the file it&apos;s defined in, or you might have mixed up default and named imports.
    at createFiberFromTypeAndProps [90m(C:\Users\husey\kiro2\frontend\[39mnode_modules\[4mreact-dom[24m\cjs\react-dom.development.js:28478:17[90m)[39m
    at createFiberFromElement [90m(C:\Users\husey\kiro2\frontend\[39mnode_modules\[4mreact-dom[24m\cjs\react-dom.development.js:28504:15[90m)[39m
    at reconcileSingleElement [90m(C:\Users\husey\kiro2\frontend\[39mnode_modules\[4mreact-dom[24m\cjs\react-dom.development.js:13986:23[90m)[39m
    at reconcileChildFibers [90m(C:\Users\husey\kiro2\frontend\[39mnode_modules\[4mreact-dom[24m\cjs\react-dom.development.js:14044:35[90m)[39m
    at reconcileChildren [90m(C:\Users\husey\kiro2\frontend\[39mnode_modules\[4mreact-dom[24m\cjs\react-dom.development.js:19186:28[90m)[39m
    at updateContextProvider [90m(C:\Users\husey\kiro2\frontend\[39mnode_modules\[4mreact-dom[24m\cjs\react-dom.development.js:21193:3[90m)[39m
    at beginWork [90m(C:\Users\husey\kiro2\frontend\[39mnode_modules\[4mreact-dom[24m\cjs\react-dom.development.js:21688:14[90m)[39m
    at HTMLUnknownElement.callCallback [90m(C:\Users\husey\kiro2\frontend\[39mnode_modules\[4mreact-dom[24m\cjs\react-dom.development.js:4164:14[90m)[39m
    at HTMLUnknownElement.callTheUserObjectsOperation [90m(C:\Users\husey\kiro2\frontend\[39mnode_modules\[4mjsdom[24m\lib\jsdom\living\generated\EventListener.js:26:30[90m)[39m
    at innerInvokeEventListeners [90m(C:\Users\husey\kiro2\frontend\[39mnode_modules\[4mjsdom[24m\lib\jsdom\living\events\EventTarget-impl.js:350:25[90m)[39m

            </system-err>
            <failure message="Element type is invalid: expected a string (for built-in components) or a class/function (for composite components) but got: undefined. You likely forgot to export your component from the file it&apos;s defined in, or you might have mixed up default and named imports." type="Error">
Error: Element type is invalid: expected a string (for built-in components) or a class/function (for composite components) but got: undefined. You likely forgot to export your component from the file it&apos;s defined in, or you might have mixed up default and named imports.
 ❯ createFiberFromTypeAndProps node_modules/react-dom/cjs/react-dom.development.js:28478:17
 ❯ createFiberFromElement node_modules/react-dom/cjs/react-dom.development.js:28504:15
 ❯ reconcileSingleElement node_modules/react-dom/cjs/react-dom.development.js:13986:23
 ❯ reconcileChildFibers node_modules/react-dom/cjs/react-dom.development.js:14044:35
 ❯ reconcileChildren node_modules/react-dom/cjs/react-dom.development.js:19186:28
 ❯ updateContextProvider node_modules/react-dom/cjs/react-dom.development.js:21193:3
 ❯ beginWork node_modules/react-dom/cjs/react-dom.development.js:21688:14
 ❯ beginWork$1 node_modules/react-dom/cjs/react-dom.development.js:27465:14
 ❯ performUnitOfWork node_modules/react-dom/cjs/react-dom.development.js:26599:12
 ❯ workLoopSync node_modules/react-dom/cjs/react-dom.development.js:26505:5
            </failure>
        </testcase>
        <testcase classname="src/test/e2e/auth-flow.test.tsx" name="Authentication Flow E2E &gt; Login Flow &gt; shows loading state during login" time="0.0022428">
            <failure message="Cannot find module &apos;../../services/modernApiClient&apos;
Require stack:
- C:\Users\husey\kiro2\frontend\src\test\e2e\auth-flow.test.tsx" type="Error">
Error: Cannot find module &apos;../../services/modernApiClient&apos;
Require stack:
- C:\Users\husey\kiro2\frontend\src\test\e2e\auth-flow.test.tsx
 ❯ src/test/e2e/auth-flow.test.tsx:161:17

⎯⎯⎯⎯⎯⎯⎯⎯⎯⎯⎯⎯⎯⎯⎯⎯⎯⎯⎯⎯⎯⎯⎯⎯⎯⎯⎯⎯⎯⎯
Serialized Error: { code: &apos;MODULE_NOT_FOUND&apos;, requireStack: [ &apos;C:\Users\husey\kiro2\frontend\src\test\e2e\auth-flow.test.tsx&apos; ] }
            </failure>
        </testcase>
        <testcase classname="src/test/e2e/auth-flow.test.tsx" name="Authentication Flow E2E &gt; Password Visibility Toggle &gt; toggles password visibility" time="0.0079093">
            <system-err>
Error: Uncaught [Error: Element type is invalid: expected a string (for built-in components) or a class/function (for composite components) but got: undefined. You likely forgot to export your component from the file it&apos;s defined in, or you might have mixed up default and named imports.]
    at reportException (C:\Users\husey\kiro2\frontend\node_modules\jsdom\lib\jsdom\living\helpers\runtime-script-errors.js:66:24)
    at innerInvokeEventListeners (C:\Users\husey\kiro2\frontend\node_modules\jsdom\lib\jsdom\living\events\EventTarget-impl.js:353:9)
    at invokeEventListeners (C:\Users\husey\kiro2\frontend\node_modules\jsdom\lib\jsdom\living\events\EventTarget-impl.js:286:3)
    at HTMLUnknownElementImpl._dispatch (C:\Users\husey\kiro2\frontend\node_modules\jsdom\lib\jsdom\living\events\EventTarget-impl.js:233:9)
    at HTMLUnknownElementImpl.dispatchEvent (C:\Users\husey\kiro2\frontend\node_modules\jsdom\lib\jsdom\living\events\EventTarget-impl.js:104:17)
    at HTMLUnknownElement.dispatchEvent (C:\Users\husey\kiro2\frontend\node_modules\jsdom\lib\jsdom\living\generated\EventTarget.js:241:34)
    at Object.invokeGuardedCallbackDev (C:\Users\husey\kiro2\frontend\node_modules\react-dom\cjs\react-dom.development.js:4213:16)
    at invokeGuardedCallback (C:\Users\husey\kiro2\frontend\node_modules\react-dom\cjs\react-dom.development.js:4277:31)
    at beginWork$1 (C:\Users\husey\kiro2\frontend\node_modules\react-dom\cjs\react-dom.development.js:27490:7)
    at performUnitOfWork (C:\Users\husey\kiro2\frontend\node_modules\react-dom\cjs\react-dom.development.js:26599:12) Error: Element type is invalid: expected a string (for built-in components) or a class/function (for composite components) but got: undefined. You likely forgot to export your component from the file it&apos;s defined in, or you might have mixed up default and named imports.
    at createFiberFromTypeAndProps [90m(C:\Users\husey\kiro2\frontend\[39mnode_modules\[4mreact-dom[24m\cjs\react-dom.development.js:28478:17[90m)[39m
    at createFiberFromElement [90m(C:\Users\husey\kiro2\frontend\[39mnode_modules\[4mreact-dom[24m\cjs\react-dom.development.js:28504:15[90m)[39m
    at reconcileSingleElement [90m(C:\Users\husey\kiro2\frontend\[39mnode_modules\[4mreact-dom[24m\cjs\react-dom.development.js:13986:23[90m)[39m
    at reconcileChildFibers [90m(C:\Users\husey\kiro2\frontend\[39mnode_modules\[4mreact-dom[24m\cjs\react-dom.development.js:14044:35[90m)[39m
    at reconcileChildren [90m(C:\Users\husey\kiro2\frontend\[39mnode_modules\[4mreact-dom[24m\cjs\react-dom.development.js:19186:28[90m)[39m
    at updateContextProvider [90m(C:\Users\husey\kiro2\frontend\[39mnode_modules\[4mreact-dom[24m\cjs\react-dom.development.js:21193:3[90m)[39m
    at beginWork [90m(C:\Users\husey\kiro2\frontend\[39mnode_modules\[4mreact-dom[24m\cjs\react-dom.development.js:21688:14[90m)[39m
    at HTMLUnknownElement.callCallback [90m(C:\Users\husey\kiro2\frontend\[39mnode_modules\[4mreact-dom[24m\cjs\react-dom.development.js:4164:14[90m)[39m
    at HTMLUnknownElement.callTheUserObjectsOperation [90m(C:\Users\husey\kiro2\frontend\[39mnode_modules\[4mjsdom[24m\lib\jsdom\living\generated\EventListener.js:26:30[90m)[39m
    at innerInvokeEventListeners [90m(C:\Users\husey\kiro2\frontend\[39mnode_modules\[4mjsdom[24m\lib\jsdom\living\events\EventTarget-impl.js:350:25[90m)[39m
Error: Uncaught [Error: Element type is invalid: expected a string (for built-in components) or a class/function (for composite components) but got: undefined. You likely forgot to export your component from the file it&apos;s defined in, or you might have mixed up default and named imports.]
    at reportException (C:\Users\husey\kiro2\frontend\node_modules\jsdom\lib\jsdom\living\helpers\runtime-script-errors.js:66:24)
    at innerInvokeEventListeners (C:\Users\husey\kiro2\frontend\node_modules\jsdom\lib\jsdom\living\events\EventTarget-impl.js:353:9)
    at invokeEventListeners (C:\Users\husey\kiro2\frontend\node_modules\jsdom\lib\jsdom\living\events\EventTarget-impl.js:286:3)
    at HTMLUnknownElementImpl._dispatch (C:\Users\husey\kiro2\frontend\node_modules\jsdom\lib\jsdom\living\events\EventTarget-impl.js:233:9)
    at HTMLUnknownElementImpl.dispatchEvent (C:\Users\husey\kiro2\frontend\node_modules\jsdom\lib\jsdom\living\events\EventTarget-impl.js:104:17)
    at HTMLUnknownElement.dispatchEvent (C:\Users\husey\kiro2\frontend\node_modules\jsdom\lib\jsdom\living\generated\EventTarget.js:241:34)
    at Object.invokeGuardedCallbackDev (C:\Users\husey\kiro2\frontend\node_modules\react-dom\cjs\react-dom.development.js:4213:16)
    at invokeGuardedCallback (C:\Users\husey\kiro2\frontend\node_modules\react-dom\cjs\react-dom.development.js:4277:31)
    at beginWork$1 (C:\Users\husey\kiro2\frontend\node_modules\react-dom\cjs\react-dom.development.js:27490:7)
    at performUnitOfWork (C:\Users\husey\kiro2\frontend\node_modules\react-dom\cjs\react-dom.development.js:26599:12) Error: Element type is invalid: expected a string (for built-in components) or a class/function (for composite components) but got: undefined. You likely forgot to export your component from the file it&apos;s defined in, or you might have mixed up default and named imports.
    at createFiberFromTypeAndProps [90m(C:\Users\husey\kiro2\frontend\[39mnode_modules\[4mreact-dom[24m\cjs\react-dom.development.js:28478:17[90m)[39m
    at createFiberFromElement [90m(C:\Users\husey\kiro2\frontend\[39mnode_modules\[4mreact-dom[24m\cjs\react-dom.development.js:28504:15[90m)[39m
    at reconcileSingleElement [90m(C:\Users\husey\kiro2\frontend\[39mnode_modules\[4mreact-dom[24m\cjs\react-dom.development.js:13986:23[90m)[39m
    at reconcileChildFibers [90m(C:\Users\husey\kiro2\frontend\[39mnode_modules\[4mreact-dom[24m\cjs\react-dom.development.js:14044:35[90m)[39m
    at reconcileChildren [90m(C:\Users\husey\kiro2\frontend\[39mnode_modules\[4mreact-dom[24m\cjs\react-dom.development.js:19186:28[90m)[39m
    at updateContextProvider [90m(C:\Users\husey\kiro2\frontend\[39mnode_modules\[4mreact-dom[24m\cjs\react-dom.development.js:21193:3[90m)[39m
    at beginWork [90m(C:\Users\husey\kiro2\frontend\[39mnode_modules\[4mreact-dom[24m\cjs\react-dom.development.js:21688:14[90m)[39m
    at HTMLUnknownElement.callCallback [90m(C:\Users\husey\kiro2\frontend\[39mnode_modules\[4mreact-dom[24m\cjs\react-dom.development.js:4164:14[90m)[39m
    at HTMLUnknownElement.callTheUserObjectsOperation [90m(C:\Users\husey\kiro2\frontend\[39mnode_modules\[4mjsdom[24m\lib\jsdom\living\generated\EventListener.js:26:30[90m)[39m
    at innerInvokeEventListeners [90m(C:\Users\husey\kiro2\frontend\[39mnode_modules\[4mjsdom[24m\lib\jsdom\living\events\EventTarget-impl.js:350:25[90m)[39m

            </system-err>
            <failure message="Element type is invalid: expected a string (for built-in components) or a class/function (for composite components) but got: undefined. You likely forgot to export your component from the file it&apos;s defined in, or you might have mixed up default and named imports." type="Error">
Error: Element type is invalid: expected a string (for built-in components) or a class/function (for composite components) but got: undefined. You likely forgot to export your component from the file it&apos;s defined in, or you might have mixed up default and named imports.
 ❯ createFiberFromTypeAndProps node_modules/react-dom/cjs/react-dom.development.js:28478:17
 ❯ createFiberFromElement node_modules/react-dom/cjs/react-dom.development.js:28504:15
 ❯ reconcileSingleElement node_modules/react-dom/cjs/react-dom.development.js:13986:23
 ❯ reconcileChildFibers node_modules/react-dom/cjs/react-dom.development.js:14044:35
 ❯ reconcileChildren node_modules/react-dom/cjs/react-dom.development.js:19186:28
 ❯ updateContextProvider node_modules/react-dom/cjs/react-dom.development.js:21193:3
 ❯ beginWork node_modules/react-dom/cjs/react-dom.development.js:21688:14
 ❯ beginWork$1 node_modules/react-dom/cjs/react-dom.development.js:27465:14
 ❯ performUnitOfWork node_modules/react-dom/cjs/react-dom.development.js:26599:12
 ❯ workLoopSync node_modules/react-dom/cjs/react-dom.development.js:26505:5
            </failure>
        </testcase>
        <testcase classname="src/test/e2e/auth-flow.test.tsx" name="Authentication Flow E2E &gt; Form Accessibility &gt; supports keyboard navigation" time="0.0101193">
            <system-err>
Error: Uncaught [Error: Element type is invalid: expected a string (for built-in components) or a class/function (for composite components) but got: undefined. You likely forgot to export your component from the file it&apos;s defined in, or you might have mixed up default and named imports.]
    at reportException (C:\Users\husey\kiro2\frontend\node_modules\jsdom\lib\jsdom\living\helpers\runtime-script-errors.js:66:24)
    at innerInvokeEventListeners (C:\Users\husey\kiro2\frontend\node_modules\jsdom\lib\jsdom\living\events\EventTarget-impl.js:353:9)
    at invokeEventListeners (C:\Users\husey\kiro2\frontend\node_modules\jsdom\lib\jsdom\living\events\EventTarget-impl.js:286:3)
    at HTMLUnknownElementImpl._dispatch (C:\Users\husey\kiro2\frontend\node_modules\jsdom\lib\jsdom\living\events\EventTarget-impl.js:233:9)
    at HTMLUnknownElementImpl.dispatchEvent (C:\Users\husey\kiro2\frontend\node_modules\jsdom\lib\jsdom\living\events\EventTarget-impl.js:104:17)
    at HTMLUnknownElement.dispatchEvent (C:\Users\husey\kiro2\frontend\node_modules\jsdom\lib\jsdom\living\generated\EventTarget.js:241:34)
    at Object.invokeGuardedCallbackDev (C:\Users\husey\kiro2\frontend\node_modules\react-dom\cjs\react-dom.development.js:4213:16)
    at invokeGuardedCallback (C:\Users\husey\kiro2\frontend\node_modules\react-dom\cjs\react-dom.development.js:4277:31)
    at beginWork$1 (C:\Users\husey\kiro2\frontend\node_modules\react-dom\cjs\react-dom.development.js:27490:7)
    at performUnitOfWork (C:\Users\husey\kiro2\frontend\node_modules\react-dom\cjs\react-dom.development.js:26599:12) Error: Element type is invalid: expected a string (for built-in components) or a class/function (for composite components) but got: undefined. You likely forgot to export your component from the file it&apos;s defined in, or you might have mixed up default and named imports.
    at createFiberFromTypeAndProps [90m(C:\Users\husey\kiro2\frontend\[39mnode_modules\[4mreact-dom[24m\cjs\react-dom.development.js:28478:17[90m)[39m
    at createFiberFromElement [90m(C:\Users\husey\kiro2\frontend\[39mnode_modules\[4mreact-dom[24m\cjs\react-dom.development.js:28504:15[90m)[39m
    at reconcileSingleElement [90m(C:\Users\husey\kiro2\frontend\[39mnode_modules\[4mreact-dom[24m\cjs\react-dom.development.js:13986:23[90m)[39m
    at reconcileChildFibers [90m(C:\Users\husey\kiro2\frontend\[39mnode_modules\[4mreact-dom[24m\cjs\react-dom.development.js:14044:35[90m)[39m
    at reconcileChildren [90m(C:\Users\husey\kiro2\frontend\[39mnode_modules\[4mreact-dom[24m\cjs\react-dom.development.js:19186:28[90m)[39m
    at updateContextProvider [90m(C:\Users\husey\kiro2\frontend\[39mnode_modules\[4mreact-dom[24m\cjs\react-dom.development.js:21193:3[90m)[39m
    at beginWork [90m(C:\Users\husey\kiro2\frontend\[39mnode_modules\[4mreact-dom[24m\cjs\react-dom.development.js:21688:14[90m)[39m
    at HTMLUnknownElement.callCallback [90m(C:\Users\husey\kiro2\frontend\[39mnode_modules\[4mreact-dom[24m\cjs\react-dom.development.js:4164:14[90m)[39m
    at HTMLUnknownElement.callTheUserObjectsOperation [90m(C:\Users\husey\kiro2\frontend\[39mnode_modules\[4mjsdom[24m\lib\jsdom\living\generated\EventListener.js:26:30[90m)[39m
    at innerInvokeEventListeners [90m(C:\Users\husey\kiro2\frontend\[39mnode_modules\[4mjsdom[24m\lib\jsdom\living\events\EventTarget-impl.js:350:25[90m)[39m
Error: Uncaught [Error: Element type is invalid: expected a string (for built-in components) or a class/function (for composite components) but got: undefined. You likely forgot to export your component from the file it&apos;s defined in, or you might have mixed up default and named imports.]
    at reportException (C:\Users\husey\kiro2\frontend\node_modules\jsdom\lib\jsdom\living\helpers\runtime-script-errors.js:66:24)
    at innerInvokeEventListeners (C:\Users\husey\kiro2\frontend\node_modules\jsdom\lib\jsdom\living\events\EventTarget-impl.js:353:9)
    at invokeEventListeners (C:\Users\husey\kiro2\frontend\node_modules\jsdom\lib\jsdom\living\events\EventTarget-impl.js:286:3)
    at HTMLUnknownElementImpl._dispatch (C:\Users\husey\kiro2\frontend\node_modules\jsdom\lib\jsdom\living\events\EventTarget-impl.js:233:9)
    at HTMLUnknownElementImpl.dispatchEvent (C:\Users\husey\kiro2\frontend\node_modules\jsdom\lib\jsdom\living\events\EventTarget-impl.js:104:17)
    at HTMLUnknownElement.dispatchEvent (C:\Users\husey\kiro2\frontend\node_modules\jsdom\lib\jsdom\living\generated\EventTarget.js:241:34)
    at Object.invokeGuardedCallbackDev (C:\Users\husey\kiro2\frontend\node_modules\react-dom\cjs\react-dom.development.js:4213:16)
    at invokeGuardedCallback (C:\Users\husey\kiro2\frontend\node_modules\react-dom\cjs\react-dom.development.js:4277:31)
    at beginWork$1 (C:\Users\husey\kiro2\frontend\node_modules\react-dom\cjs\react-dom.development.js:27490:7)
    at performUnitOfWork (C:\Users\husey\kiro2\frontend\node_modules\react-dom\cjs\react-dom.development.js:26599:12) Error: Element type is invalid: expected a string (for built-in components) or a class/function (for composite components) but got: undefined. You likely forgot to export your component from the file it&apos;s defined in, or you might have mixed up default and named imports.
    at createFiberFromTypeAndProps [90m(C:\Users\husey\kiro2\frontend\[39mnode_modules\[4mreact-dom[24m\cjs\react-dom.development.js:28478:17[90m)[39m
    at createFiberFromElement [90m(C:\Users\husey\kiro2\frontend\[39mnode_modules\[4mreact-dom[24m\cjs\react-dom.development.js:28504:15[90m)[39m
    at reconcileSingleElement [90m(C:\Users\husey\kiro2\frontend\[39mnode_modules\[4mreact-dom[24m\cjs\react-dom.development.js:13986:23[90m)[39m
    at reconcileChildFibers [90m(C:\Users\husey\kiro2\frontend\[39mnode_modules\[4mreact-dom[24m\cjs\react-dom.development.js:14044:35[90m)[39m
    at reconcileChildren [90m(C:\Users\husey\kiro2\frontend\[39mnode_modules\[4mreact-dom[24m\cjs\react-dom.development.js:19186:28[90m)[39m
    at updateContextProvider [90m(C:\Users\husey\kiro2\frontend\[39mnode_modules\[4mreact-dom[24m\cjs\react-dom.development.js:21193:3[90m)[39m
    at beginWork [90m(C:\Users\husey\kiro2\frontend\[39mnode_modules\[4mreact-dom[24m\cjs\react-dom.development.js:21688:14[90m)[39m
    at HTMLUnknownElement.callCallback [90m(C:\Users\husey\kiro2\frontend\[39mnode_modules\[4mreact-dom[24m\cjs\react-dom.development.js:4164:14[90m)[39m
    at HTMLUnknownElement.callTheUserObjectsOperation [90m(C:\Users\husey\kiro2\frontend\[39mnode_modules\[4mjsdom[24m\lib\jsdom\living\generated\EventListener.js:26:30[90m)[39m
    at innerInvokeEventListeners [90m(C:\Users\husey\kiro2\frontend\[39mnode_modules\[4mjsdom[24m\lib\jsdom\living\events\EventTarget-impl.js:350:25[90m)[39m

            </system-err>
            <failure message="Element type is invalid: expected a string (for built-in components) or a class/function (for composite components) but got: undefined. You likely forgot to export your component from the file it&apos;s defined in, or you might have mixed up default and named imports." type="Error">
Error: Element type is invalid: expected a string (for built-in components) or a class/function (for composite components) but got: undefined. You likely forgot to export your component from the file it&apos;s defined in, or you might have mixed up default and named imports.
 ❯ createFiberFromTypeAndProps node_modules/react-dom/cjs/react-dom.development.js:28478:17
 ❯ createFiberFromElement node_modules/react-dom/cjs/react-dom.development.js:28504:15
 ❯ reconcileSingleElement node_modules/react-dom/cjs/react-dom.development.js:13986:23
 ❯ reconcileChildFibers node_modules/react-dom/cjs/react-dom.development.js:14044:35
 ❯ reconcileChildren node_modules/react-dom/cjs/react-dom.development.js:19186:28
 ❯ updateContextProvider node_modules/react-dom/cjs/react-dom.development.js:21193:3
 ❯ beginWork node_modules/react-dom/cjs/react-dom.development.js:21688:14
 ❯ beginWork$1 node_modules/react-dom/cjs/react-dom.development.js:27465:14
 ❯ performUnitOfWork node_modules/react-dom/cjs/react-dom.development.js:26599:12
 ❯ workLoopSync node_modules/react-dom/cjs/react-dom.development.js:26505:5
            </failure>
        </testcase>
        <testcase classname="src/test/e2e/auth-flow.test.tsx" name="Authentication Flow E2E &gt; Form Accessibility &gt; has proper ARIA labels" time="0.0096525">
            <system-err>
Error: Uncaught [Error: Element type is invalid: expected a string (for built-in components) or a class/function (for composite components) but got: undefined. You likely forgot to export your component from the file it&apos;s defined in, or you might have mixed up default and named imports.]
    at reportException (C:\Users\husey\kiro2\frontend\node_modules\jsdom\lib\jsdom\living\helpers\runtime-script-errors.js:66:24)
    at innerInvokeEventListeners (C:\Users\husey\kiro2\frontend\node_modules\jsdom\lib\jsdom\living\events\EventTarget-impl.js:353:9)
    at invokeEventListeners (C:\Users\husey\kiro2\frontend\node_modules\jsdom\lib\jsdom\living\events\EventTarget-impl.js:286:3)
    at HTMLUnknownElementImpl._dispatch (C:\Users\husey\kiro2\frontend\node_modules\jsdom\lib\jsdom\living\events\EventTarget-impl.js:233:9)
    at HTMLUnknownElementImpl.dispatchEvent (C:\Users\husey\kiro2\frontend\node_modules\jsdom\lib\jsdom\living\events\EventTarget-impl.js:104:17)
    at HTMLUnknownElement.dispatchEvent (C:\Users\husey\kiro2\frontend\node_modules\jsdom\lib\jsdom\living\generated\EventTarget.js:241:34)
    at Object.invokeGuardedCallbackDev (C:\Users\husey\kiro2\frontend\node_modules\react-dom\cjs\react-dom.development.js:4213:16)
    at invokeGuardedCallback (C:\Users\husey\kiro2\frontend\node_modules\react-dom\cjs\react-dom.development.js:4277:31)
    at beginWork$1 (C:\Users\husey\kiro2\frontend\node_modules\react-dom\cjs\react-dom.development.js:27490:7)
    at performUnitOfWork (C:\Users\husey\kiro2\frontend\node_modules\react-dom\cjs\react-dom.development.js:26599:12) Error: Element type is invalid: expected a string (for built-in components) or a class/function (for composite components) but got: undefined. You likely forgot to export your component from the file it&apos;s defined in, or you might have mixed up default and named imports.
    at createFiberFromTypeAndProps [90m(C:\Users\husey\kiro2\frontend\[39mnode_modules\[4mreact-dom[24m\cjs\react-dom.development.js:28478:17[90m)[39m
    at createFiberFromElement [90m(C:\Users\husey\kiro2\frontend\[39mnode_modules\[4mreact-dom[24m\cjs\react-dom.development.js:28504:15[90m)[39m
    at reconcileSingleElement [90m(C:\Users\husey\kiro2\frontend\[39mnode_modules\[4mreact-dom[24m\cjs\react-dom.development.js:13986:23[90m)[39m
    at reconcileChildFibers [90m(C:\Users\husey\kiro2\frontend\[39mnode_modules\[4mreact-dom[24m\cjs\react-dom.development.js:14044:35[90m)[39m
    at reconcileChildren [90m(C:\Users\husey\kiro2\frontend\[39mnode_modules\[4mreact-dom[24m\cjs\react-dom.development.js:19186:28[90m)[39m
    at updateContextProvider [90m(C:\Users\husey\kiro2\frontend\[39mnode_modules\[4mreact-dom[24m\cjs\react-dom.development.js:21193:3[90m)[39m
    at beginWork [90m(C:\Users\husey\kiro2\frontend\[39mnode_modules\[4mreact-dom[24m\cjs\react-dom.development.js:21688:14[90m)[39m
    at HTMLUnknownElement.callCallback [90m(C:\Users\husey\kiro2\frontend\[39mnode_modules\[4mreact-dom[24m\cjs\react-dom.development.js:4164:14[90m)[39m
    at HTMLUnknownElement.callTheUserObjectsOperation [90m(C:\Users\husey\kiro2\frontend\[39mnode_modules\[4mjsdom[24m\lib\jsdom\living\generated\EventListener.js:26:30[90m)[39m
    at innerInvokeEventListeners [90m(C:\Users\husey\kiro2\frontend\[39mnode_modules\[4mjsdom[24m\lib\jsdom\living\events\EventTarget-impl.js:350:25[90m)[39m
Error: Uncaught [Error: Element type is invalid: expected a string (for built-in components) or a class/function (for composite components) but got: undefined. You likely forgot to export your component from the file it&apos;s defined in, or you might have mixed up default and named imports.]
    at reportException (C:\Users\husey\kiro2\frontend\node_modules\jsdom\lib\jsdom\living\helpers\runtime-script-errors.js:66:24)
    at innerInvokeEventListeners (C:\Users\husey\kiro2\frontend\node_modules\jsdom\lib\jsdom\living\events\EventTarget-impl.js:353:9)
    at invokeEventListeners (C:\Users\husey\kiro2\frontend\node_modules\jsdom\lib\jsdom\living\events\EventTarget-impl.js:286:3)
    at HTMLUnknownElementImpl._dispatch (C:\Users\husey\kiro2\frontend\node_modules\jsdom\lib\jsdom\living\events\EventTarget-impl.js:233:9)
    at HTMLUnknownElementImpl.dispatchEvent (C:\Users\husey\kiro2\frontend\node_modules\jsdom\lib\jsdom\living\events\EventTarget-impl.js:104:17)
    at HTMLUnknownElement.dispatchEvent (C:\Users\husey\kiro2\frontend\node_modules\jsdom\lib\jsdom\living\generated\EventTarget.js:241:34)
    at Object.invokeGuardedCallbackDev (C:\Users\husey\kiro2\frontend\node_modules\react-dom\cjs\react-dom.development.js:4213:16)
    at invokeGuardedCallback (C:\Users\husey\kiro2\frontend\node_modules\react-dom\cjs\react-dom.development.js:4277:31)
    at beginWork$1 (C:\Users\husey\kiro2\frontend\node_modules\react-dom\cjs\react-dom.development.js:27490:7)
    at performUnitOfWork (C:\Users\husey\kiro2\frontend\node_modules\react-dom\cjs\react-dom.development.js:26599:12) Error: Element type is invalid: expected a string (for built-in components) or a class/function (for composite components) but got: undefined. You likely forgot to export your component from the file it&apos;s defined in, or you might have mixed up default and named imports.
    at createFiberFromTypeAndProps [90m(C:\Users\husey\kiro2\frontend\[39mnode_modules\[4mreact-dom[24m\cjs\react-dom.development.js:28478:17[90m)[39m
    at createFiberFromElement [90m(C:\Users\husey\kiro2\frontend\[39mnode_modules\[4mreact-dom[24m\cjs\react-dom.development.js:28504:15[90m)[39m
    at reconcileSingleElement [90m(C:\Users\husey\kiro2\frontend\[39mnode_modules\[4mreact-dom[24m\cjs\react-dom.development.js:13986:23[90m)[39m
    at reconcileChildFibers [90m(C:\Users\husey\kiro2\frontend\[39mnode_modules\[4mreact-dom[24m\cjs\react-dom.development.js:14044:35[90m)[39m
    at reconcileChildren [90m(C:\Users\husey\kiro2\frontend\[39mnode_modules\[4mreact-dom[24m\cjs\react-dom.development.js:19186:28[90m)[39m
    at updateContextProvider [90m(C:\Users\husey\kiro2\frontend\[39mnode_modules\[4mreact-dom[24m\cjs\react-dom.development.js:21193:3[90m)[39m
    at beginWork [90m(C:\Users\husey\kiro2\frontend\[39mnode_modules\[4mreact-dom[24m\cjs\react-dom.development.js:21688:14[90m)[39m
    at HTMLUnknownElement.callCallback [90m(C:\Users\husey\kiro2\frontend\[39mnode_modules\[4mreact-dom[24m\cjs\react-dom.development.js:4164:14[90m)[39m
    at HTMLUnknownElement.callTheUserObjectsOperation [90m(C:\Users\husey\kiro2\frontend\[39mnode_modules\[4mjsdom[24m\lib\jsdom\living\generated\EventListener.js:26:30[90m)[39m
    at innerInvokeEventListeners [90m(C:\Users\husey\kiro2\frontend\[39mnode_modules\[4mjsdom[24m\lib\jsdom\living\events\EventTarget-impl.js:350:25[90m)[39m

            </system-err>
            <failure message="Element type is invalid: expected a string (for built-in components) or a class/function (for composite components) but got: undefined. You likely forgot to export your component from the file it&apos;s defined in, or you might have mixed up default and named imports." type="Error">
Error: Element type is invalid: expected a string (for built-in components) or a class/function (for composite components) but got: undefined. You likely forgot to export your component from the file it&apos;s defined in, or you might have mixed up default and named imports.
 ❯ createFiberFromTypeAndProps node_modules/react-dom/cjs/react-dom.development.js:28478:17
 ❯ createFiberFromElement node_modules/react-dom/cjs/react-dom.development.js:28504:15
 ❯ reconcileSingleElement node_modules/react-dom/cjs/react-dom.development.js:13986:23
 ❯ reconcileChildFibers node_modules/react-dom/cjs/react-dom.development.js:14044:35
 ❯ reconcileChildren node_modules/react-dom/cjs/react-dom.development.js:19186:28
 ❯ updateContextProvider node_modules/react-dom/cjs/react-dom.development.js:21193:3
 ❯ beginWork node_modules/react-dom/cjs/react-dom.development.js:21688:14
 ❯ beginWork$1 node_modules/react-dom/cjs/react-dom.development.js:27465:14
 ❯ performUnitOfWork node_modules/react-dom/cjs/react-dom.development.js:26599:12
 ❯ workLoopSync node_modules/react-dom/cjs/react-dom.development.js:26505:5
            </failure>
        </testcase>
        <testcase classname="src/test/e2e/auth-flow.test.tsx" name="Authentication Flow E2E &gt; Logout Flow &gt; logs out user and redirects to login" time="0.0022635">
            <failure message="Cannot find module &apos;../../services/modernApiClient&apos;
Require stack:
- C:\Users\husey\kiro2\frontend\src\test\e2e\auth-flow.test.tsx" type="Error">
Error: Cannot find module &apos;../../services/modernApiClient&apos;
Require stack:
- C:\Users\husey\kiro2\frontend\src\test\e2e\auth-flow.test.tsx
 ❯ src/test/e2e/auth-flow.test.tsx:250:17

⎯⎯⎯⎯⎯⎯⎯⎯⎯⎯⎯⎯⎯⎯⎯⎯⎯⎯⎯⎯⎯⎯⎯⎯⎯⎯⎯⎯⎯⎯
Serialized Error: { code: &apos;MODULE_NOT_FOUND&apos;, requireStack: [ &apos;C:\Users\husey\kiro2\frontend\src\test\e2e\auth-flow.test.tsx&apos; ] }
            </failure>
        </testcase>
        <testcase classname="src/test/e2e/auth-flow.test.tsx" name="Authentication Flow E2E &gt; Auto-login on Page Refresh &gt; automatically logs in user with valid token" time="0.0033098">
            <failure message="Cannot find module &apos;../../services/modernApiClient&apos;
Require stack:
- C:\Users\husey\kiro2\frontend\src\test\e2e\auth-flow.test.tsx" type="Error">
Error: Cannot find module &apos;../../services/modernApiClient&apos;
Require stack:
- C:\Users\husey\kiro2\frontend\src\test\e2e\auth-flow.test.tsx
 ❯ src/test/e2e/auth-flow.test.tsx:287:17

⎯⎯⎯⎯⎯⎯⎯⎯⎯⎯⎯⎯⎯⎯⎯⎯⎯⎯⎯⎯⎯⎯⎯⎯⎯⎯⎯⎯⎯⎯
Serialized Error: { code: &apos;MODULE_NOT_FOUND&apos;, requireStack: [ &apos;C:\Users\husey\kiro2\frontend\src\test\e2e\auth-flow.test.tsx&apos; ] }
            </failure>
        </testcase>
        <testcase classname="src/test/e2e/auth-flow.test.tsx" name="Authentication Flow E2E &gt; Auto-login on Page Refresh &gt; redirects to login with invalid token" time="0.0022175">
            <failure message="Cannot find module &apos;../../services/modernApiClient&apos;
Require stack:
- C:\Users\husey\kiro2\frontend\src\test\e2e\auth-flow.test.tsx" type="Error">
Error: Cannot find module &apos;../../services/modernApiClient&apos;
Require stack:
- C:\Users\husey\kiro2\frontend\src\test\e2e\auth-flow.test.tsx
 ❯ src/test/e2e/auth-flow.test.tsx:316:17

⎯⎯⎯⎯⎯⎯⎯⎯⎯⎯⎯⎯⎯⎯⎯⎯⎯⎯⎯⎯⎯⎯⎯⎯⎯⎯⎯⎯⎯⎯
Serialized Error: { code: &apos;MODULE_NOT_FOUND&apos;, requireStack: [ &apos;C:\Users\husey\kiro2\frontend\src\test\e2e\auth-flow.test.tsx&apos; ] }
            </failure>
        </testcase>
        <testcase classname="src/test/e2e/auth-flow.test.tsx" name="Authentication Flow E2E &gt; Network Error Handling &gt; handles network connectivity issues gracefully" time="0.0017285">
            <failure message="Cannot find module &apos;../../services/modernApiClient&apos;
Require stack:
- C:\Users\husey\kiro2\frontend\src\test\e2e\auth-flow.test.tsx" type="Error">
Error: Cannot find module &apos;../../services/modernApiClient&apos;
Require stack:
- C:\Users\husey\kiro2\frontend\src\test\e2e\auth-flow.test.tsx
 ❯ src/test/e2e/auth-flow.test.tsx:334:17

⎯⎯⎯⎯⎯⎯⎯⎯⎯⎯⎯⎯⎯⎯⎯⎯⎯⎯⎯⎯⎯⎯⎯⎯⎯⎯⎯⎯⎯⎯
Serialized Error: { code: &apos;MODULE_NOT_FOUND&apos;, requireStack: [ &apos;C:\Users\husey\kiro2\frontend\src\test\e2e\auth-flow.test.tsx&apos; ] }
            </failure>
        </testcase>
    </testsuite>
    <testsuite name="src/test/e2e/exam-flow.test.tsx" timestamp="2025-11-14T16:56:52.594Z" hostname="ates" tests="5" failures="5" errors="0" skipped="0" time="0.1309653">
        <testcase classname="src/test/e2e/exam-flow.test.tsx" name="Complete Exam Flow E2E Tests &gt; completes full exam flow successfully" time="0.071937">
            <system-err>
Error: Uncaught [Error: Element type is invalid: expected a string (for built-in components) or a class/function (for composite components) but got: undefined. You likely forgot to export your component from the file it&apos;s defined in, or you might have mixed up default and named imports.]
    at reportException (C:\Users\husey\kiro2\frontend\node_modules\jsdom\lib\jsdom\living\helpers\runtime-script-errors.js:66:24)
    at innerInvokeEventListeners (C:\Users\husey\kiro2\frontend\node_modules\jsdom\lib\jsdom\living\events\EventTarget-impl.js:353:9)
    at invokeEventListeners (C:\Users\husey\kiro2\frontend\node_modules\jsdom\lib\jsdom\living\events\EventTarget-impl.js:286:3)
    at HTMLUnknownElementImpl._dispatch (C:\Users\husey\kiro2\frontend\node_modules\jsdom\lib\jsdom\living\events\EventTarget-impl.js:233:9)
    at HTMLUnknownElementImpl.dispatchEvent (C:\Users\husey\kiro2\frontend\node_modules\jsdom\lib\jsdom\living\events\EventTarget-impl.js:104:17)
    at HTMLUnknownElement.dispatchEvent (C:\Users\husey\kiro2\frontend\node_modules\jsdom\lib\jsdom\living\generated\EventTarget.js:241:34)
    at Object.invokeGuardedCallbackDev (C:\Users\husey\kiro2\frontend\node_modules\react-dom\cjs\react-dom.development.js:4213:16)
    at invokeGuardedCallback (C:\Users\husey\kiro2\frontend\node_modules\react-dom\cjs\react-dom.development.js:4277:31)
    at beginWork$1 (C:\Users\husey\kiro2\frontend\node_modules\react-dom\cjs\react-dom.development.js:27490:7)
    at performUnitOfWork (C:\Users\husey\kiro2\frontend\node_modules\react-dom\cjs\react-dom.development.js:26599:12) Error: Element type is invalid: expected a string (for built-in components) or a class/function (for composite components) but got: undefined. You likely forgot to export your component from the file it&apos;s defined in, or you might have mixed up default and named imports.
    at createFiberFromTypeAndProps [90m(C:\Users\husey\kiro2\frontend\[39mnode_modules\[4mreact-dom[24m\cjs\react-dom.development.js:28478:17[90m)[39m
    at createFiberFromElement [90m(C:\Users\husey\kiro2\frontend\[39mnode_modules\[4mreact-dom[24m\cjs\react-dom.development.js:28504:15[90m)[39m
    at reconcileSingleElement [90m(C:\Users\husey\kiro2\frontend\[39mnode_modules\[4mreact-dom[24m\cjs\react-dom.development.js:13986:23[90m)[39m
    at reconcileChildFibers [90m(C:\Users\husey\kiro2\frontend\[39mnode_modules\[4mreact-dom[24m\cjs\react-dom.development.js:14044:35[90m)[39m
    at reconcileChildren [90m(C:\Users\husey\kiro2\frontend\[39mnode_modules\[4mreact-dom[24m\cjs\react-dom.development.js:19186:28[90m)[39m
    at updateContextProvider [90m(C:\Users\husey\kiro2\frontend\[39mnode_modules\[4mreact-dom[24m\cjs\react-dom.development.js:21193:3[90m)[39m
    at beginWork [90m(C:\Users\husey\kiro2\frontend\[39mnode_modules\[4mreact-dom[24m\cjs\react-dom.development.js:21688:14[90m)[39m
    at HTMLUnknownElement.callCallback [90m(C:\Users\husey\kiro2\frontend\[39mnode_modules\[4mreact-dom[24m\cjs\react-dom.development.js:4164:14[90m)[39m
    at HTMLUnknownElement.callTheUserObjectsOperation [90m(C:\Users\husey\kiro2\frontend\[39mnode_modules\[4mjsdom[24m\lib\jsdom\living\generated\EventListener.js:26:30[90m)[39m
    at innerInvokeEventListeners [90m(C:\Users\husey\kiro2\frontend\[39mnode_modules\[4mjsdom[24m\lib\jsdom\living\events\EventTarget-impl.js:350:25[90m)[39m
Error: Uncaught [Error: Element type is invalid: expected a string (for built-in components) or a class/function (for composite components) but got: undefined. You likely forgot to export your component from the file it&apos;s defined in, or you might have mixed up default and named imports.]
    at reportException (C:\Users\husey\kiro2\frontend\node_modules\jsdom\lib\jsdom\living\helpers\runtime-script-errors.js:66:24)
    at innerInvokeEventListeners (C:\Users\husey\kiro2\frontend\node_modules\jsdom\lib\jsdom\living\events\EventTarget-impl.js:353:9)
    at invokeEventListeners (C:\Users\husey\kiro2\frontend\node_modules\jsdom\lib\jsdom\living\events\EventTarget-impl.js:286:3)
    at HTMLUnknownElementImpl._dispatch (C:\Users\husey\kiro2\frontend\node_modules\jsdom\lib\jsdom\living\events\EventTarget-impl.js:233:9)
    at HTMLUnknownElementImpl.dispatchEvent (C:\Users\husey\kiro2\frontend\node_modules\jsdom\lib\jsdom\living\events\EventTarget-impl.js:104:17)
    at HTMLUnknownElement.dispatchEvent (C:\Users\husey\kiro2\frontend\node_modules\jsdom\lib\jsdom\living\generated\EventTarget.js:241:34)
    at Object.invokeGuardedCallbackDev (C:\Users\husey\kiro2\frontend\node_modules\react-dom\cjs\react-dom.development.js:4213:16)
    at invokeGuardedCallback (C:\Users\husey\kiro2\frontend\node_modules\react-dom\cjs\react-dom.development.js:4277:31)
    at beginWork$1 (C:\Users\husey\kiro2\frontend\node_modules\react-dom\cjs\react-dom.development.js:27490:7)
    at performUnitOfWork (C:\Users\husey\kiro2\frontend\node_modules\react-dom\cjs\react-dom.development.js:26599:12) Error: Element type is invalid: expected a string (for built-in components) or a class/function (for composite components) but got: undefined. You likely forgot to export your component from the file it&apos;s defined in, or you might have mixed up default and named imports.
    at createFiberFromTypeAndProps [90m(C:\Users\husey\kiro2\frontend\[39mnode_modules\[4mreact-dom[24m\cjs\react-dom.development.js:28478:17[90m)[39m
    at createFiberFromElement [90m(C:\Users\husey\kiro2\frontend\[39mnode_modules\[4mreact-dom[24m\cjs\react-dom.development.js:28504:15[90m)[39m
    at reconcileSingleElement [90m(C:\Users\husey\kiro2\frontend\[39mnode_modules\[4mreact-dom[24m\cjs\react-dom.development.js:13986:23[90m)[39m
    at reconcileChildFibers [90m(C:\Users\husey\kiro2\frontend\[39mnode_modules\[4mreact-dom[24m\cjs\react-dom.development.js:14044:35[90m)[39m
    at reconcileChildren [90m(C:\Users\husey\kiro2\frontend\[39mnode_modules\[4mreact-dom[24m\cjs\react-dom.development.js:19186:28[90m)[39m
    at updateContextProvider [90m(C:\Users\husey\kiro2\frontend\[39mnode_modules\[4mreact-dom[24m\cjs\react-dom.development.js:21193:3[90m)[39m
    at beginWork [90m(C:\Users\husey\kiro2\frontend\[39mnode_modules\[4mreact-dom[24m\cjs\react-dom.development.js:21688:14[90m)[39m
    at HTMLUnknownElement.callCallback [90m(C:\Users\husey\kiro2\frontend\[39mnode_modules\[4mreact-dom[24m\cjs\react-dom.development.js:4164:14[90m)[39m
    at HTMLUnknownElement.callTheUserObjectsOperation [90m(C:\Users\husey\kiro2\frontend\[39mnode_modules\[4mjsdom[24m\lib\jsdom\living\generated\EventListener.js:26:30[90m)[39m
    at innerInvokeEventListeners [90m(C:\Users\husey\kiro2\frontend\[39mnode_modules\[4mjsdom[24m\lib\jsdom\living\events\EventTarget-impl.js:350:25[90m)[39m

            </system-err>
            <failure message="Element type is invalid: expected a string (for built-in components) or a class/function (for composite components) but got: undefined. You likely forgot to export your component from the file it&apos;s defined in, or you might have mixed up default and named imports." type="Error">
Error: Element type is invalid: expected a string (for built-in components) or a class/function (for composite components) but got: undefined. You likely forgot to export your component from the file it&apos;s defined in, or you might have mixed up default and named imports.
 ❯ createFiberFromTypeAndProps node_modules/react-dom/cjs/react-dom.development.js:28478:17
 ❯ createFiberFromElement node_modules/react-dom/cjs/react-dom.development.js:28504:15
 ❯ reconcileSingleElement node_modules/react-dom/cjs/react-dom.development.js:13986:23
 ❯ reconcileChildFibers node_modules/react-dom/cjs/react-dom.development.js:14044:35
 ❯ reconcileChildren node_modules/react-dom/cjs/react-dom.development.js:19186:28
 ❯ updateContextProvider node_modules/react-dom/cjs/react-dom.development.js:21193:3
 ❯ beginWork node_modules/react-dom/cjs/react-dom.development.js:21688:14
 ❯ beginWork$1 node_modules/react-dom/cjs/react-dom.development.js:27465:14
 ❯ performUnitOfWork node_modules/react-dom/cjs/react-dom.development.js:26599:12
 ❯ workLoopSync node_modules/react-dom/cjs/react-dom.development.js:26505:5
            </failure>
        </testcase>
        <testcase classname="src/test/e2e/exam-flow.test.tsx" name="Complete Exam Flow E2E Tests &gt; handles exam timeout scenario" time="0.0180094">
            <system-err>
Error: Uncaught [Error: Element type is invalid: expected a string (for built-in components) or a class/function (for composite components) but got: undefined. You likely forgot to export your component from the file it&apos;s defined in, or you might have mixed up default and named imports.]
    at reportException (C:\Users\husey\kiro2\frontend\node_modules\jsdom\lib\jsdom\living\helpers\runtime-script-errors.js:66:24)
    at innerInvokeEventListeners (C:\Users\husey\kiro2\frontend\node_modules\jsdom\lib\jsdom\living\events\EventTarget-impl.js:353:9)
    at invokeEventListeners (C:\Users\husey\kiro2\frontend\node_modules\jsdom\lib\jsdom\living\events\EventTarget-impl.js:286:3)
    at HTMLUnknownElementImpl._dispatch (C:\Users\husey\kiro2\frontend\node_modules\jsdom\lib\jsdom\living\events\EventTarget-impl.js:233:9)
    at HTMLUnknownElementImpl.dispatchEvent (C:\Users\husey\kiro2\frontend\node_modules\jsdom\lib\jsdom\living\events\EventTarget-impl.js:104:17)
    at HTMLUnknownElement.dispatchEvent (C:\Users\husey\kiro2\frontend\node_modules\jsdom\lib\jsdom\living\generated\EventTarget.js:241:34)
    at Object.invokeGuardedCallbackDev (C:\Users\husey\kiro2\frontend\node_modules\react-dom\cjs\react-dom.development.js:4213:16)
    at invokeGuardedCallback (C:\Users\husey\kiro2\frontend\node_modules\react-dom\cjs\react-dom.development.js:4277:31)
    at beginWork$1 (C:\Users\husey\kiro2\frontend\node_modules\react-dom\cjs\react-dom.development.js:27490:7)
    at performUnitOfWork (C:\Users\husey\kiro2\frontend\node_modules\react-dom\cjs\react-dom.development.js:26599:12) Error: Element type is invalid: expected a string (for built-in components) or a class/function (for composite components) but got: undefined. You likely forgot to export your component from the file it&apos;s defined in, or you might have mixed up default and named imports.
    at createFiberFromTypeAndProps [90m(C:\Users\husey\kiro2\frontend\[39mnode_modules\[4mreact-dom[24m\cjs\react-dom.development.js:28478:17[90m)[39m
    at createFiberFromElement [90m(C:\Users\husey\kiro2\frontend\[39mnode_modules\[4mreact-dom[24m\cjs\react-dom.development.js:28504:15[90m)[39m
    at reconcileSingleElement [90m(C:\Users\husey\kiro2\frontend\[39mnode_modules\[4mreact-dom[24m\cjs\react-dom.development.js:13986:23[90m)[39m
    at reconcileChildFibers [90m(C:\Users\husey\kiro2\frontend\[39mnode_modules\[4mreact-dom[24m\cjs\react-dom.development.js:14044:35[90m)[39m
    at reconcileChildren [90m(C:\Users\husey\kiro2\frontend\[39mnode_modules\[4mreact-dom[24m\cjs\react-dom.development.js:19186:28[90m)[39m
    at updateContextProvider [90m(C:\Users\husey\kiro2\frontend\[39mnode_modules\[4mreact-dom[24m\cjs\react-dom.development.js:21193:3[90m)[39m
    at beginWork [90m(C:\Users\husey\kiro2\frontend\[39mnode_modules\[4mreact-dom[24m\cjs\react-dom.development.js:21688:14[90m)[39m
    at HTMLUnknownElement.callCallback [90m(C:\Users\husey\kiro2\frontend\[39mnode_modules\[4mreact-dom[24m\cjs\react-dom.development.js:4164:14[90m)[39m
    at HTMLUnknownElement.callTheUserObjectsOperation [90m(C:\Users\husey\kiro2\frontend\[39mnode_modules\[4mjsdom[24m\lib\jsdom\living\generated\EventListener.js:26:30[90m)[39m
    at innerInvokeEventListeners [90m(C:\Users\husey\kiro2\frontend\[39mnode_modules\[4mjsdom[24m\lib\jsdom\living\events\EventTarget-impl.js:350:25[90m)[39m
Error: Uncaught [Error: Element type is invalid: expected a string (for built-in components) or a class/function (for composite components) but got: undefined. You likely forgot to export your component from the file it&apos;s defined in, or you might have mixed up default and named imports.]
    at reportException (C:\Users\husey\kiro2\frontend\node_modules\jsdom\lib\jsdom\living\helpers\runtime-script-errors.js:66:24)
    at innerInvokeEventListeners (C:\Users\husey\kiro2\frontend\node_modules\jsdom\lib\jsdom\living\events\EventTarget-impl.js:353:9)
    at invokeEventListeners (C:\Users\husey\kiro2\frontend\node_modules\jsdom\lib\jsdom\living\events\EventTarget-impl.js:286:3)
    at HTMLUnknownElementImpl._dispatch (C:\Users\husey\kiro2\frontend\node_modules\jsdom\lib\jsdom\living\events\EventTarget-impl.js:233:9)
    at HTMLUnknownElementImpl.dispatchEvent (C:\Users\husey\kiro2\frontend\node_modules\jsdom\lib\jsdom\living\events\EventTarget-impl.js:104:17)
    at HTMLUnknownElement.dispatchEvent (C:\Users\husey\kiro2\frontend\node_modules\jsdom\lib\jsdom\living\generated\EventTarget.js:241:34)
    at Object.invokeGuardedCallbackDev (C:\Users\husey\kiro2\frontend\node_modules\react-dom\cjs\react-dom.development.js:4213:16)
    at invokeGuardedCallback (C:\Users\husey\kiro2\frontend\node_modules\react-dom\cjs\react-dom.development.js:4277:31)
    at beginWork$1 (C:\Users\husey\kiro2\frontend\node_modules\react-dom\cjs\react-dom.development.js:27490:7)
    at performUnitOfWork (C:\Users\husey\kiro2\frontend\node_modules\react-dom\cjs\react-dom.development.js:26599:12) Error: Element type is invalid: expected a string (for built-in components) or a class/function (for composite components) but got: undefined. You likely forgot to export your component from the file it&apos;s defined in, or you might have mixed up default and named imports.
    at createFiberFromTypeAndProps [90m(C:\Users\husey\kiro2\frontend\[39mnode_modules\[4mreact-dom[24m\cjs\react-dom.development.js:28478:17[90m)[39m
    at createFiberFromElement [90m(C:\Users\husey\kiro2\frontend\[39mnode_modules\[4mreact-dom[24m\cjs\react-dom.development.js:28504:15[90m)[39m
    at reconcileSingleElement [90m(C:\Users\husey\kiro2\frontend\[39mnode_modules\[4mreact-dom[24m\cjs\react-dom.development.js:13986:23[90m)[39m
    at reconcileChildFibers [90m(C:\Users\husey\kiro2\frontend\[39mnode_modules\[4mreact-dom[24m\cjs\react-dom.development.js:14044:35[90m)[39m
    at reconcileChildren [90m(C:\Users\husey\kiro2\frontend\[39mnode_modules\[4mreact-dom[24m\cjs\react-dom.development.js:19186:28[90m)[39m
    at updateContextProvider [90m(C:\Users\husey\kiro2\frontend\[39mnode_modules\[4mreact-dom[24m\cjs\react-dom.development.js:21193:3[90m)[39m
    at beginWork [90m(C:\Users\husey\kiro2\frontend\[39mnode_modules\[4mreact-dom[24m\cjs\react-dom.development.js:21688:14[90m)[39m
    at HTMLUnknownElement.callCallback [90m(C:\Users\husey\kiro2\frontend\[39mnode_modules\[4mreact-dom[24m\cjs\react-dom.development.js:4164:14[90m)[39m
    at HTMLUnknownElement.callTheUserObjectsOperation [90m(C:\Users\husey\kiro2\frontend\[39mnode_modules\[4mjsdom[24m\lib\jsdom\living\generated\EventListener.js:26:30[90m)[39m
    at innerInvokeEventListeners [90m(C:\Users\husey\kiro2\frontend\[39mnode_modules\[4mjsdom[24m\lib\jsdom\living\events\EventTarget-impl.js:350:25[90m)[39m

            </system-err>
            <failure message="Element type is invalid: expected a string (for built-in components) or a class/function (for composite components) but got: undefined. You likely forgot to export your component from the file it&apos;s defined in, or you might have mixed up default and named imports." type="Error">
Error: Element type is invalid: expected a string (for built-in components) or a class/function (for composite components) but got: undefined. You likely forgot to export your component from the file it&apos;s defined in, or you might have mixed up default and named imports.
 ❯ createFiberFromTypeAndProps node_modules/react-dom/cjs/react-dom.development.js:28478:17
 ❯ createFiberFromElement node_modules/react-dom/cjs/react-dom.development.js:28504:15
 ❯ reconcileSingleElement node_modules/react-dom/cjs/react-dom.development.js:13986:23
 ❯ reconcileChildFibers node_modules/react-dom/cjs/react-dom.development.js:14044:35
 ❯ reconcileChildren node_modules/react-dom/cjs/react-dom.development.js:19186:28
 ❯ updateContextProvider node_modules/react-dom/cjs/react-dom.development.js:21193:3
 ❯ beginWork node_modules/react-dom/cjs/react-dom.development.js:21688:14
 ❯ beginWork$1 node_modules/react-dom/cjs/react-dom.development.js:27465:14
 ❯ performUnitOfWork node_modules/react-dom/cjs/react-dom.development.js:26599:12
 ❯ workLoopSync node_modules/react-dom/cjs/react-dom.development.js:26505:5
            </failure>
        </testcase>
        <testcase classname="src/test/e2e/exam-flow.test.tsx" name="Complete Exam Flow E2E Tests &gt; handles network interruption during exam" time="0.016749">
            <system-err>
Error: Uncaught [Error: Element type is invalid: expected a string (for built-in components) or a class/function (for composite components) but got: undefined. You likely forgot to export your component from the file it&apos;s defined in, or you might have mixed up default and named imports.]
    at reportException (C:\Users\husey\kiro2\frontend\node_modules\jsdom\lib\jsdom\living\helpers\runtime-script-errors.js:66:24)
    at innerInvokeEventListeners (C:\Users\husey\kiro2\frontend\node_modules\jsdom\lib\jsdom\living\events\EventTarget-impl.js:353:9)
    at invokeEventListeners (C:\Users\husey\kiro2\frontend\node_modules\jsdom\lib\jsdom\living\events\EventTarget-impl.js:286:3)
    at HTMLUnknownElementImpl._dispatch (C:\Users\husey\kiro2\frontend\node_modules\jsdom\lib\jsdom\living\events\EventTarget-impl.js:233:9)
    at HTMLUnknownElementImpl.dispatchEvent (C:\Users\husey\kiro2\frontend\node_modules\jsdom\lib\jsdom\living\events\EventTarget-impl.js:104:17)
    at HTMLUnknownElement.dispatchEvent (C:\Users\husey\kiro2\frontend\node_modules\jsdom\lib\jsdom\living\generated\EventTarget.js:241:34)
    at Object.invokeGuardedCallbackDev (C:\Users\husey\kiro2\frontend\node_modules\react-dom\cjs\react-dom.development.js:4213:16)
    at invokeGuardedCallback (C:\Users\husey\kiro2\frontend\node_modules\react-dom\cjs\react-dom.development.js:4277:31)
    at beginWork$1 (C:\Users\husey\kiro2\frontend\node_modules\react-dom\cjs\react-dom.development.js:27490:7)
    at performUnitOfWork (C:\Users\husey\kiro2\frontend\node_modules\react-dom\cjs\react-dom.development.js:26599:12) Error: Element type is invalid: expected a string (for built-in components) or a class/function (for composite components) but got: undefined. You likely forgot to export your component from the file it&apos;s defined in, or you might have mixed up default and named imports.
    at createFiberFromTypeAndProps [90m(C:\Users\husey\kiro2\frontend\[39mnode_modules\[4mreact-dom[24m\cjs\react-dom.development.js:28478:17[90m)[39m
    at createFiberFromElement [90m(C:\Users\husey\kiro2\frontend\[39mnode_modules\[4mreact-dom[24m\cjs\react-dom.development.js:28504:15[90m)[39m
    at reconcileSingleElement [90m(C:\Users\husey\kiro2\frontend\[39mnode_modules\[4mreact-dom[24m\cjs\react-dom.development.js:13986:23[90m)[39m
    at reconcileChildFibers [90m(C:\Users\husey\kiro2\frontend\[39mnode_modules\[4mreact-dom[24m\cjs\react-dom.development.js:14044:35[90m)[39m
    at reconcileChildren [90m(C:\Users\husey\kiro2\frontend\[39mnode_modules\[4mreact-dom[24m\cjs\react-dom.development.js:19186:28[90m)[39m
    at updateContextProvider [90m(C:\Users\husey\kiro2\frontend\[39mnode_modules\[4mreact-dom[24m\cjs\react-dom.development.js:21193:3[90m)[39m
    at beginWork [90m(C:\Users\husey\kiro2\frontend\[39mnode_modules\[4mreact-dom[24m\cjs\react-dom.development.js:21688:14[90m)[39m
    at HTMLUnknownElement.callCallback [90m(C:\Users\husey\kiro2\frontend\[39mnode_modules\[4mreact-dom[24m\cjs\react-dom.development.js:4164:14[90m)[39m
    at HTMLUnknownElement.callTheUserObjectsOperation [90m(C:\Users\husey\kiro2\frontend\[39mnode_modules\[4mjsdom[24m\lib\jsdom\living\generated\EventListener.js:26:30[90m)[39m
    at innerInvokeEventListeners [90m(C:\Users\husey\kiro2\frontend\[39mnode_modules\[4mjsdom[24m\lib\jsdom\living\events\EventTarget-impl.js:350:25[90m)[39m
Error: Uncaught [Error: Element type is invalid: expected a string (for built-in components) or a class/function (for composite components) but got: undefined. You likely forgot to export your component from the file it&apos;s defined in, or you might have mixed up default and named imports.]
    at reportException (C:\Users\husey\kiro2\frontend\node_modules\jsdom\lib\jsdom\living\helpers\runtime-script-errors.js:66:24)
    at innerInvokeEventListeners (C:\Users\husey\kiro2\frontend\node_modules\jsdom\lib\jsdom\living\events\EventTarget-impl.js:353:9)
    at invokeEventListeners (C:\Users\husey\kiro2\frontend\node_modules\jsdom\lib\jsdom\living\events\EventTarget-impl.js:286:3)
    at HTMLUnknownElementImpl._dispatch (C:\Users\husey\kiro2\frontend\node_modules\jsdom\lib\jsdom\living\events\EventTarget-impl.js:233:9)
    at HTMLUnknownElementImpl.dispatchEvent (C:\Users\husey\kiro2\frontend\node_modules\jsdom\lib\jsdom\living\events\EventTarget-impl.js:104:17)
    at HTMLUnknownElement.dispatchEvent (C:\Users\husey\kiro2\frontend\node_modules\jsdom\lib\jsdom\living\generated\EventTarget.js:241:34)
    at Object.invokeGuardedCallbackDev (C:\Users\husey\kiro2\frontend\node_modules\react-dom\cjs\react-dom.development.js:4213:16)
    at invokeGuardedCallback (C:\Users\husey\kiro2\frontend\node_modules\react-dom\cjs\react-dom.development.js:4277:31)
    at beginWork$1 (C:\Users\husey\kiro2\frontend\node_modules\react-dom\cjs\react-dom.development.js:27490:7)
    at performUnitOfWork (C:\Users\husey\kiro2\frontend\node_modules\react-dom\cjs\react-dom.development.js:26599:12) Error: Element type is invalid: expected a string (for built-in components) or a class/function (for composite components) but got: undefined. You likely forgot to export your component from the file it&apos;s defined in, or you might have mixed up default and named imports.
    at createFiberFromTypeAndProps [90m(C:\Users\husey\kiro2\frontend\[39mnode_modules\[4mreact-dom[24m\cjs\react-dom.development.js:28478:17[90m)[39m
    at createFiberFromElement [90m(C:\Users\husey\kiro2\frontend\[39mnode_modules\[4mreact-dom[24m\cjs\react-dom.development.js:28504:15[90m)[39m
    at reconcileSingleElement [90m(C:\Users\husey\kiro2\frontend\[39mnode_modules\[4mreact-dom[24m\cjs\react-dom.development.js:13986:23[90m)[39m
    at reconcileChildFibers [90m(C:\Users\husey\kiro2\frontend\[39mnode_modules\[4mreact-dom[24m\cjs\react-dom.development.js:14044:35[90m)[39m
    at reconcileChildren [90m(C:\Users\husey\kiro2\frontend\[39mnode_modules\[4mreact-dom[24m\cjs\react-dom.development.js:19186:28[90m)[39m
    at updateContextProvider [90m(C:\Users\husey\kiro2\frontend\[39mnode_modules\[4mreact-dom[24m\cjs\react-dom.development.js:21193:3[90m)[39m
    at beginWork [90m(C:\Users\husey\kiro2\frontend\[39mnode_modules\[4mreact-dom[24m\cjs\react-dom.development.js:21688:14[90m)[39m
    at HTMLUnknownElement.callCallback [90m(C:\Users\husey\kiro2\frontend\[39mnode_modules\[4mreact-dom[24m\cjs\react-dom.development.js:4164:14[90m)[39m
    at HTMLUnknownElement.callTheUserObjectsOperation [90m(C:\Users\husey\kiro2\frontend\[39mnode_modules\[4mjsdom[24m\lib\jsdom\living\generated\EventListener.js:26:30[90m)[39m
    at innerInvokeEventListeners [90m(C:\Users\husey\kiro2\frontend\[39mnode_modules\[4mjsdom[24m\lib\jsdom\living\events\EventTarget-impl.js:350:25[90m)[39m

            </system-err>
            <failure message="Element type is invalid: expected a string (for built-in components) or a class/function (for composite components) but got: undefined. You likely forgot to export your component from the file it&apos;s defined in, or you might have mixed up default and named imports." type="Error">
Error: Element type is invalid: expected a string (for built-in components) or a class/function (for composite components) but got: undefined. You likely forgot to export your component from the file it&apos;s defined in, or you might have mixed up default and named imports.
 ❯ createFiberFromTypeAndProps node_modules/react-dom/cjs/react-dom.development.js:28478:17
 ❯ createFiberFromElement node_modules/react-dom/cjs/react-dom.development.js:28504:15
 ❯ reconcileSingleElement node_modules/react-dom/cjs/react-dom.development.js:13986:23
 ❯ reconcileChildFibers node_modules/react-dom/cjs/react-dom.development.js:14044:35
 ❯ reconcileChildren node_modules/react-dom/cjs/react-dom.development.js:19186:28
 ❯ updateContextProvider node_modules/react-dom/cjs/react-dom.development.js:21193:3
 ❯ beginWork node_modules/react-dom/cjs/react-dom.development.js:21688:14
 ❯ beginWork$1 node_modules/react-dom/cjs/react-dom.development.js:27465:14
 ❯ performUnitOfWork node_modules/react-dom/cjs/react-dom.development.js:26599:12
 ❯ workLoopSync node_modules/react-dom/cjs/react-dom.development.js:26505:5
            </failure>
        </testcase>
        <testcase classname="src/test/e2e/exam-flow.test.tsx" name="Complete Exam Flow E2E Tests &gt; handles exam resume after browser refresh" time="0.0092236">
            <system-err>
Error: Uncaught [Error: Element type is invalid: expected a string (for built-in components) or a class/function (for composite components) but got: undefined. You likely forgot to export your component from the file it&apos;s defined in, or you might have mixed up default and named imports.]
    at reportException (C:\Users\husey\kiro2\frontend\node_modules\jsdom\lib\jsdom\living\helpers\runtime-script-errors.js:66:24)
    at innerInvokeEventListeners (C:\Users\husey\kiro2\frontend\node_modules\jsdom\lib\jsdom\living\events\EventTarget-impl.js:353:9)
    at invokeEventListeners (C:\Users\husey\kiro2\frontend\node_modules\jsdom\lib\jsdom\living\events\EventTarget-impl.js:286:3)
    at HTMLUnknownElementImpl._dispatch (C:\Users\husey\kiro2\frontend\node_modules\jsdom\lib\jsdom\living\events\EventTarget-impl.js:233:9)
    at HTMLUnknownElementImpl.dispatchEvent (C:\Users\husey\kiro2\frontend\node_modules\jsdom\lib\jsdom\living\events\EventTarget-impl.js:104:17)
    at HTMLUnknownElement.dispatchEvent (C:\Users\husey\kiro2\frontend\node_modules\jsdom\lib\jsdom\living\generated\EventTarget.js:241:34)
    at Object.invokeGuardedCallbackDev (C:\Users\husey\kiro2\frontend\node_modules\react-dom\cjs\react-dom.development.js:4213:16)
    at invokeGuardedCallback (C:\Users\husey\kiro2\frontend\node_modules\react-dom\cjs\react-dom.development.js:4277:31)
    at beginWork$1 (C:\Users\husey\kiro2\frontend\node_modules\react-dom\cjs\react-dom.development.js:27490:7)
    at performUnitOfWork (C:\Users\husey\kiro2\frontend\node_modules\react-dom\cjs\react-dom.development.js:26599:12) Error: Element type is invalid: expected a string (for built-in components) or a class/function (for composite components) but got: undefined. You likely forgot to export your component from the file it&apos;s defined in, or you might have mixed up default and named imports.
    at createFiberFromTypeAndProps [90m(C:\Users\husey\kiro2\frontend\[39mnode_modules\[4mreact-dom[24m\cjs\react-dom.development.js:28478:17[90m)[39m
    at createFiberFromElement [90m(C:\Users\husey\kiro2\frontend\[39mnode_modules\[4mreact-dom[24m\cjs\react-dom.development.js:28504:15[90m)[39m
    at reconcileSingleElement [90m(C:\Users\husey\kiro2\frontend\[39mnode_modules\[4mreact-dom[24m\cjs\react-dom.development.js:13986:23[90m)[39m
    at reconcileChildFibers [90m(C:\Users\husey\kiro2\frontend\[39mnode_modules\[4mreact-dom[24m\cjs\react-dom.development.js:14044:35[90m)[39m
    at reconcileChildren [90m(C:\Users\husey\kiro2\frontend\[39mnode_modules\[4mreact-dom[24m\cjs\react-dom.development.js:19186:28[90m)[39m
    at updateContextProvider [90m(C:\Users\husey\kiro2\frontend\[39mnode_modules\[4mreact-dom[24m\cjs\react-dom.development.js:21193:3[90m)[39m
    at beginWork [90m(C:\Users\husey\kiro2\frontend\[39mnode_modules\[4mreact-dom[24m\cjs\react-dom.development.js:21688:14[90m)[39m
    at HTMLUnknownElement.callCallback [90m(C:\Users\husey\kiro2\frontend\[39mnode_modules\[4mreact-dom[24m\cjs\react-dom.development.js:4164:14[90m)[39m
    at HTMLUnknownElement.callTheUserObjectsOperation [90m(C:\Users\husey\kiro2\frontend\[39mnode_modules\[4mjsdom[24m\lib\jsdom\living\generated\EventListener.js:26:30[90m)[39m
    at innerInvokeEventListeners [90m(C:\Users\husey\kiro2\frontend\[39mnode_modules\[4mjsdom[24m\lib\jsdom\living\events\EventTarget-impl.js:350:25[90m)[39m
Error: Uncaught [Error: Element type is invalid: expected a string (for built-in components) or a class/function (for composite components) but got: undefined. You likely forgot to export your component from the file it&apos;s defined in, or you might have mixed up default and named imports.]
    at reportException (C:\Users\husey\kiro2\frontend\node_modules\jsdom\lib\jsdom\living\helpers\runtime-script-errors.js:66:24)
    at innerInvokeEventListeners (C:\Users\husey\kiro2\frontend\node_modules\jsdom\lib\jsdom\living\events\EventTarget-impl.js:353:9)
    at invokeEventListeners (C:\Users\husey\kiro2\frontend\node_modules\jsdom\lib\jsdom\living\events\EventTarget-impl.js:286:3)
    at HTMLUnknownElementImpl._dispatch (C:\Users\husey\kiro2\frontend\node_modules\jsdom\lib\jsdom\living\events\EventTarget-impl.js:233:9)
    at HTMLUnknownElementImpl.dispatchEvent (C:\Users\husey\kiro2\frontend\node_modules\jsdom\lib\jsdom\living\events\EventTarget-impl.js:104:17)
    at HTMLUnknownElement.dispatchEvent (C:\Users\husey\kiro2\frontend\node_modules\jsdom\lib\jsdom\living\generated\EventTarget.js:241:34)
    at Object.invokeGuardedCallbackDev (C:\Users\husey\kiro2\frontend\node_modules\react-dom\cjs\react-dom.development.js:4213:16)
    at invokeGuardedCallback (C:\Users\husey\kiro2\frontend\node_modules\react-dom\cjs\react-dom.development.js:4277:31)
    at beginWork$1 (C:\Users\husey\kiro2\frontend\node_modules\react-dom\cjs\react-dom.development.js:27490:7)
    at performUnitOfWork (C:\Users\husey\kiro2\frontend\node_modules\react-dom\cjs\react-dom.development.js:26599:12) Error: Element type is invalid: expected a string (for built-in components) or a class/function (for composite components) but got: undefined. You likely forgot to export your component from the file it&apos;s defined in, or you might have mixed up default and named imports.
    at createFiberFromTypeAndProps [90m(C:\Users\husey\kiro2\frontend\[39mnode_modules\[4mreact-dom[24m\cjs\react-dom.development.js:28478:17[90m)[39m
    at createFiberFromElement [90m(C:\Users\husey\kiro2\frontend\[39mnode_modules\[4mreact-dom[24m\cjs\react-dom.development.js:28504:15[90m)[39m
    at reconcileSingleElement [90m(C:\Users\husey\kiro2\frontend\[39mnode_modules\[4mreact-dom[24m\cjs\react-dom.development.js:13986:23[90m)[39m
    at reconcileChildFibers [90m(C:\Users\husey\kiro2\frontend\[39mnode_modules\[4mreact-dom[24m\cjs\react-dom.development.js:14044:35[90m)[39m
    at reconcileChildren [90m(C:\Users\husey\kiro2\frontend\[39mnode_modules\[4mreact-dom[24m\cjs\react-dom.development.js:19186:28[90m)[39m
    at updateContextProvider [90m(C:\Users\husey\kiro2\frontend\[39mnode_modules\[4mreact-dom[24m\cjs\react-dom.development.js:21193:3[90m)[39m
    at beginWork [90m(C:\Users\husey\kiro2\frontend\[39mnode_modules\[4mreact-dom[24m\cjs\react-dom.development.js:21688:14[90m)[39m
    at HTMLUnknownElement.callCallback [90m(C:\Users\husey\kiro2\frontend\[39mnode_modules\[4mreact-dom[24m\cjs\react-dom.development.js:4164:14[90m)[39m
    at HTMLUnknownElement.callTheUserObjectsOperation [90m(C:\Users\husey\kiro2\frontend\[39mnode_modules\[4mjsdom[24m\lib\jsdom\living\generated\EventListener.js:26:30[90m)[39m
    at innerInvokeEventListeners [90m(C:\Users\husey\kiro2\frontend\[39mnode_modules\[4mjsdom[24m\lib\jsdom\living\events\EventTarget-impl.js:350:25[90m)[39m

            </system-err>
            <failure message="Element type is invalid: expected a string (for built-in components) or a class/function (for composite components) but got: undefined. You likely forgot to export your component from the file it&apos;s defined in, or you might have mixed up default and named imports." type="Error">
Error: Element type is invalid: expected a string (for built-in components) or a class/function (for composite components) but got: undefined. You likely forgot to export your component from the file it&apos;s defined in, or you might have mixed up default and named imports.
 ❯ createFiberFromTypeAndProps node_modules/react-dom/cjs/react-dom.development.js:28478:17
 ❯ createFiberFromElement node_modules/react-dom/cjs/react-dom.development.js:28504:15
 ❯ reconcileSingleElement node_modules/react-dom/cjs/react-dom.development.js:13986:23
 ❯ reconcileChildFibers node_modules/react-dom/cjs/react-dom.development.js:14044:35
 ❯ reconcileChildren node_modules/react-dom/cjs/react-dom.development.js:19186:28
 ❯ updateContextProvider node_modules/react-dom/cjs/react-dom.development.js:21193:3
 ❯ beginWork node_modules/react-dom/cjs/react-dom.development.js:21688:14
 ❯ beginWork$1 node_modules/react-dom/cjs/react-dom.development.js:27465:14
 ❯ performUnitOfWork node_modules/react-dom/cjs/react-dom.development.js:26599:12
 ❯ workLoopSync node_modules/react-dom/cjs/react-dom.development.js:26505:5
            </failure>
        </testcase>
        <testcase classname="src/test/e2e/exam-flow.test.tsx" name="Complete Exam Flow E2E Tests &gt; handles accessibility features during exam" time="0.011913">
            <system-err>
Error: Uncaught [Error: Element type is invalid: expected a string (for built-in components) or a class/function (for composite components) but got: undefined. You likely forgot to export your component from the file it&apos;s defined in, or you might have mixed up default and named imports.]
    at reportException (C:\Users\husey\kiro2\frontend\node_modules\jsdom\lib\jsdom\living\helpers\runtime-script-errors.js:66:24)
    at innerInvokeEventListeners (C:\Users\husey\kiro2\frontend\node_modules\jsdom\lib\jsdom\living\events\EventTarget-impl.js:353:9)
    at invokeEventListeners (C:\Users\husey\kiro2\frontend\node_modules\jsdom\lib\jsdom\living\events\EventTarget-impl.js:286:3)
    at HTMLUnknownElementImpl._dispatch (C:\Users\husey\kiro2\frontend\node_modules\jsdom\lib\jsdom\living\events\EventTarget-impl.js:233:9)
    at HTMLUnknownElementImpl.dispatchEvent (C:\Users\husey\kiro2\frontend\node_modules\jsdom\lib\jsdom\living\events\EventTarget-impl.js:104:17)
    at HTMLUnknownElement.dispatchEvent (C:\Users\husey\kiro2\frontend\node_modules\jsdom\lib\jsdom\living\generated\EventTarget.js:241:34)
    at Object.invokeGuardedCallbackDev (C:\Users\husey\kiro2\frontend\node_modules\react-dom\cjs\react-dom.development.js:4213:16)
    at invokeGuardedCallback (C:\Users\husey\kiro2\frontend\node_modules\react-dom\cjs\react-dom.development.js:4277:31)
    at beginWork$1 (C:\Users\husey\kiro2\frontend\node_modules\react-dom\cjs\react-dom.development.js:27490:7)
    at performUnitOfWork (C:\Users\husey\kiro2\frontend\node_modules\react-dom\cjs\react-dom.development.js:26599:12) Error: Element type is invalid: expected a string (for built-in components) or a class/function (for composite components) but got: undefined. You likely forgot to export your component from the file it&apos;s defined in, or you might have mixed up default and named imports.
    at createFiberFromTypeAndProps [90m(C:\Users\husey\kiro2\frontend\[39mnode_modules\[4mreact-dom[24m\cjs\react-dom.development.js:28478:17[90m)[39m
    at createFiberFromElement [90m(C:\Users\husey\kiro2\frontend\[39mnode_modules\[4mreact-dom[24m\cjs\react-dom.development.js:28504:15[90m)[39m
    at reconcileSingleElement [90m(C:\Users\husey\kiro2\frontend\[39mnode_modules\[4mreact-dom[24m\cjs\react-dom.development.js:13986:23[90m)[39m
    at reconcileChildFibers [90m(C:\Users\husey\kiro2\frontend\[39mnode_modules\[4mreact-dom[24m\cjs\react-dom.development.js:14044:35[90m)[39m
    at reconcileChildren [90m(C:\Users\husey\kiro2\frontend\[39mnode_modules\[4mreact-dom[24m\cjs\react-dom.development.js:19186:28[90m)[39m
    at updateContextProvider [90m(C:\Users\husey\kiro2\frontend\[39mnode_modules\[4mreact-dom[24m\cjs\react-dom.development.js:21193:3[90m)[39m
    at beginWork [90m(C:\Users\husey\kiro2\frontend\[39mnode_modules\[4mreact-dom[24m\cjs\react-dom.development.js:21688:14[90m)[39m
    at HTMLUnknownElement.callCallback [90m(C:\Users\husey\kiro2\frontend\[39mnode_modules\[4mreact-dom[24m\cjs\react-dom.development.js:4164:14[90m)[39m
    at HTMLUnknownElement.callTheUserObjectsOperation [90m(C:\Users\husey\kiro2\frontend\[39mnode_modules\[4mjsdom[24m\lib\jsdom\living\generated\EventListener.js:26:30[90m)[39m
    at innerInvokeEventListeners [90m(C:\Users\husey\kiro2\frontend\[39mnode_modules\[4mjsdom[24m\lib\jsdom\living\events\EventTarget-impl.js:350:25[90m)[39m
Error: Uncaught [Error: Element type is invalid: expected a string (for built-in components) or a class/function (for composite components) but got: undefined. You likely forgot to export your component from the file it&apos;s defined in, or you might have mixed up default and named imports.]
    at reportException (C:\Users\husey\kiro2\frontend\node_modules\jsdom\lib\jsdom\living\helpers\runtime-script-errors.js:66:24)
    at innerInvokeEventListeners (C:\Users\husey\kiro2\frontend\node_modules\jsdom\lib\jsdom\living\events\EventTarget-impl.js:353:9)
    at invokeEventListeners (C:\Users\husey\kiro2\frontend\node_modules\jsdom\lib\jsdom\living\events\EventTarget-impl.js:286:3)
    at HTMLUnknownElementImpl._dispatch (C:\Users\husey\kiro2\frontend\node_modules\jsdom\lib\jsdom\living\events\EventTarget-impl.js:233:9)
    at HTMLUnknownElementImpl.dispatchEvent (C:\Users\husey\kiro2\frontend\node_modules\jsdom\lib\jsdom\living\events\EventTarget-impl.js:104:17)
    at HTMLUnknownElement.dispatchEvent (C:\Users\husey\kiro2\frontend\node_modules\jsdom\lib\jsdom\living\generated\EventTarget.js:241:34)
    at Object.invokeGuardedCallbackDev (C:\Users\husey\kiro2\frontend\node_modules\react-dom\cjs\react-dom.development.js:4213:16)
    at invokeGuardedCallback (C:\Users\husey\kiro2\frontend\node_modules\react-dom\cjs\react-dom.development.js:4277:31)
    at beginWork$1 (C:\Users\husey\kiro2\frontend\node_modules\react-dom\cjs\react-dom.development.js:27490:7)
    at performUnitOfWork (C:\Users\husey\kiro2\frontend\node_modules\react-dom\cjs\react-dom.development.js:26599:12) Error: Element type is invalid: expected a string (for built-in components) or a class/function (for composite components) but got: undefined. You likely forgot to export your component from the file it&apos;s defined in, or you might have mixed up default and named imports.
    at createFiberFromTypeAndProps [90m(C:\Users\husey\kiro2\frontend\[39mnode_modules\[4mreact-dom[24m\cjs\react-dom.development.js:28478:17[90m)[39m
    at createFiberFromElement [90m(C:\Users\husey\kiro2\frontend\[39mnode_modules\[4mreact-dom[24m\cjs\react-dom.development.js:28504:15[90m)[39m
    at reconcileSingleElement [90m(C:\Users\husey\kiro2\frontend\[39mnode_modules\[4mreact-dom[24m\cjs\react-dom.development.js:13986:23[90m)[39m
    at reconcileChildFibers [90m(C:\Users\husey\kiro2\frontend\[39mnode_modules\[4mreact-dom[24m\cjs\react-dom.development.js:14044:35[90m)[39m
    at reconcileChildren [90m(C:\Users\husey\kiro2\frontend\[39mnode_modules\[4mreact-dom[24m\cjs\react-dom.development.js:19186:28[90m)[39m
    at updateContextProvider [90m(C:\Users\husey\kiro2\frontend\[39mnode_modules\[4mreact-dom[24m\cjs\react-dom.development.js:21193:3[90m)[39m
    at beginWork [90m(C:\Users\husey\kiro2\frontend\[39mnode_modules\[4mreact-dom[24m\cjs\react-dom.development.js:21688:14[90m)[39m
    at HTMLUnknownElement.callCallback [90m(C:\Users\husey\kiro2\frontend\[39mnode_modules\[4mreact-dom[24m\cjs\react-dom.development.js:4164:14[90m)[39m
    at HTMLUnknownElement.callTheUserObjectsOperation [90m(C:\Users\husey\kiro2\frontend\[39mnode_modules\[4mjsdom[24m\lib\jsdom\living\generated\EventListener.js:26:30[90m)[39m
    at innerInvokeEventListeners [90m(C:\Users\husey\kiro2\frontend\[39mnode_modules\[4mjsdom[24m\lib\jsdom\living\events\EventTarget-impl.js:350:25[90m)[39m

            </system-err>
            <failure message="Element type is invalid: expected a string (for built-in components) or a class/function (for composite components) but got: undefined. You likely forgot to export your component from the file it&apos;s defined in, or you might have mixed up default and named imports." type="Error">
Error: Element type is invalid: expected a string (for built-in components) or a class/function (for composite components) but got: undefined. You likely forgot to export your component from the file it&apos;s defined in, or you might have mixed up default and named imports.
 ❯ createFiberFromTypeAndProps node_modules/react-dom/cjs/react-dom.development.js:28478:17
 ❯ createFiberFromElement node_modules/react-dom/cjs/react-dom.development.js:28504:15
 ❯ reconcileSingleElement node_modules/react-dom/cjs/react-dom.development.js:13986:23
 ❯ reconcileChildFibers node_modules/react-dom/cjs/react-dom.development.js:14044:35
 ❯ reconcileChildren node_modules/react-dom/cjs/react-dom.development.js:19186:28
 ❯ updateContextProvider node_modules/react-dom/cjs/react-dom.development.js:21193:3
 ❯ beginWork node_modules/react-dom/cjs/react-dom.development.js:21688:14
 ❯ beginWork$1 node_modules/react-dom/cjs/react-dom.development.js:27465:14
 ❯ performUnitOfWork node_modules/react-dom/cjs/react-dom.development.js:26599:12
 ❯ workLoopSync node_modules/react-dom/cjs/react-dom.development.js:26505:5
            </failure>
        </testcase>
    </testsuite>
    <testsuite name="src/test/e2e/learning-path-video-loading.spec.ts" timestamp="2025-11-14T16:56:52.602Z" hostname="ates" tests="1" failures="1" errors="0" skipped="0" time="0">
        <testcase classname="src/test/e2e/learning-path-video-loading.spec.ts" name="src/test/e2e/learning-path-video-loading.spec.ts" time="0">
            <failure message="Playwright Test did not expect test.describe() to be called here.
Most common reasons include:
- You are calling test.describe() in a configuration file.
- You are calling test.describe() in a file that is imported by the configuration file.
- You have two different versions of @playwright/test. This usually happens
  when one of the dependencies in your package.json depends on @playwright/test." type="Error">
Error: Playwright Test did not expect test.describe() to be called here.
Most common reasons include:
- You are calling test.describe() in a configuration file.
- You are calling test.describe() in a file that is imported by the configuration file.
- You have two different versions of @playwright/test. This usually happens
  when one of the dependencies in your package.json depends on @playwright/test.
 ❯ TestTypeImpl._currentSuite node_modules/playwright/lib/common/testType.js:74:13
 ❯ TestTypeImpl._describe node_modules/playwright/lib/common/testType.js:114:24
 ❯ Function.describe node_modules/playwright/lib/transform/transform.js:275:12
 ❯ src/test/e2e/learning-path-video-loading.spec.ts:38:6
            </failure>
        </testcase>
    </testsuite>
    <testsuite name="src/test/e2e/video-loading-flow.test.tsx" timestamp="2025-11-14T16:56:52.603Z" hostname="ates" tests="18" failures="18" errors="0" skipped="0" time="0.2675338">
        <testcase classname="src/test/e2e/video-loading-flow.test.tsx" name="Video Loading Flow E2E Tests &gt; Başarılı Video Yükleme Senaryosu &gt; videoları başarıyla yükler ve gösterir" time="0.0720308">
            <system-err>
Error: Uncaught [Error: Element type is invalid: expected a string (for built-in components) or a class/function (for composite components) but got: undefined. You likely forgot to export your component from the file it&apos;s defined in, or you might have mixed up default and named imports.]
    at reportException (C:\Users\husey\kiro2\frontend\node_modules\jsdom\lib\jsdom\living\helpers\runtime-script-errors.js:66:24)
    at innerInvokeEventListeners (C:\Users\husey\kiro2\frontend\node_modules\jsdom\lib\jsdom\living\events\EventTarget-impl.js:353:9)
    at invokeEventListeners (C:\Users\husey\kiro2\frontend\node_modules\jsdom\lib\jsdom\living\events\EventTarget-impl.js:286:3)
    at HTMLUnknownElementImpl._dispatch (C:\Users\husey\kiro2\frontend\node_modules\jsdom\lib\jsdom\living\events\EventTarget-impl.js:233:9)
    at HTMLUnknownElementImpl.dispatchEvent (C:\Users\husey\kiro2\frontend\node_modules\jsdom\lib\jsdom\living\events\EventTarget-impl.js:104:17)
    at HTMLUnknownElement.dispatchEvent (C:\Users\husey\kiro2\frontend\node_modules\jsdom\lib\jsdom\living\generated\EventTarget.js:241:34)
    at Object.invokeGuardedCallbackDev (C:\Users\husey\kiro2\frontend\node_modules\react-dom\cjs\react-dom.development.js:4213:16)
    at invokeGuardedCallback (C:\Users\husey\kiro2\frontend\node_modules\react-dom\cjs\react-dom.development.js:4277:31)
    at beginWork$1 (C:\Users\husey\kiro2\frontend\node_modules\react-dom\cjs\react-dom.development.js:27490:7)
    at performUnitOfWork (C:\Users\husey\kiro2\frontend\node_modules\react-dom\cjs\react-dom.development.js:26599:12) Error: Element type is invalid: expected a string (for built-in components) or a class/function (for composite components) but got: undefined. You likely forgot to export your component from the file it&apos;s defined in, or you might have mixed up default and named imports.
    at createFiberFromTypeAndProps [90m(C:\Users\husey\kiro2\frontend\[39mnode_modules\[4mreact-dom[24m\cjs\react-dom.development.js:28478:17[90m)[39m
    at createFiberFromElement [90m(C:\Users\husey\kiro2\frontend\[39mnode_modules\[4mreact-dom[24m\cjs\react-dom.development.js:28504:15[90m)[39m
    at reconcileSingleElement [90m(C:\Users\husey\kiro2\frontend\[39mnode_modules\[4mreact-dom[24m\cjs\react-dom.development.js:13986:23[90m)[39m
    at reconcileChildFibers [90m(C:\Users\husey\kiro2\frontend\[39mnode_modules\[4mreact-dom[24m\cjs\react-dom.development.js:14044:35[90m)[39m
    at reconcileChildren [90m(C:\Users\husey\kiro2\frontend\[39mnode_modules\[4mreact-dom[24m\cjs\react-dom.development.js:19186:28[90m)[39m
    at updateContextProvider [90m(C:\Users\husey\kiro2\frontend\[39mnode_modules\[4mreact-dom[24m\cjs\react-dom.development.js:21193:3[90m)[39m
    at beginWork [90m(C:\Users\husey\kiro2\frontend\[39mnode_modules\[4mreact-dom[24m\cjs\react-dom.development.js:21688:14[90m)[39m
    at HTMLUnknownElement.callCallback [90m(C:\Users\husey\kiro2\frontend\[39mnode_modules\[4mreact-dom[24m\cjs\react-dom.development.js:4164:14[90m)[39m
    at HTMLUnknownElement.callTheUserObjectsOperation [90m(C:\Users\husey\kiro2\frontend\[39mnode_modules\[4mjsdom[24m\lib\jsdom\living\generated\EventListener.js:26:30[90m)[39m
    at innerInvokeEventListeners [90m(C:\Users\husey\kiro2\frontend\[39mnode_modules\[4mjsdom[24m\lib\jsdom\living\events\EventTarget-impl.js:350:25[90m)[39m
Error: Uncaught [Error: Element type is invalid: expected a string (for built-in components) or a class/function (for composite components) but got: undefined. You likely forgot to export your component from the file it&apos;s defined in, or you might have mixed up default and named imports.]
    at reportException (C:\Users\husey\kiro2\frontend\node_modules\jsdom\lib\jsdom\living\helpers\runtime-script-errors.js:66:24)
    at innerInvokeEventListeners (C:\Users\husey\kiro2\frontend\node_modules\jsdom\lib\jsdom\living\events\EventTarget-impl.js:353:9)
    at invokeEventListeners (C:\Users\husey\kiro2\frontend\node_modules\jsdom\lib\jsdom\living\events\EventTarget-impl.js:286:3)
    at HTMLUnknownElementImpl._dispatch (C:\Users\husey\kiro2\frontend\node_modules\jsdom\lib\jsdom\living\events\EventTarget-impl.js:233:9)
    at HTMLUnknownElementImpl.dispatchEvent (C:\Users\husey\kiro2\frontend\node_modules\jsdom\lib\jsdom\living\events\EventTarget-impl.js:104:17)
    at HTMLUnknownElement.dispatchEvent (C:\Users\husey\kiro2\frontend\node_modules\jsdom\lib\jsdom\living\generated\EventTarget.js:241:34)
    at Object.invokeGuardedCallbackDev (C:\Users\husey\kiro2\frontend\node_modules\react-dom\cjs\react-dom.development.js:4213:16)
    at invokeGuardedCallback (C:\Users\husey\kiro2\frontend\node_modules\react-dom\cjs\react-dom.development.js:4277:31)
    at beginWork$1 (C:\Users\husey\kiro2\frontend\node_modules\react-dom\cjs\react-dom.development.js:27490:7)
    at performUnitOfWork (C:\Users\husey\kiro2\frontend\node_modules\react-dom\cjs\react-dom.development.js:26599:12) Error: Element type is invalid: expected a string (for built-in components) or a class/function (for composite components) but got: undefined. You likely forgot to export your component from the file it&apos;s defined in, or you might have mixed up default and named imports.
    at createFiberFromTypeAndProps [90m(C:\Users\husey\kiro2\frontend\[39mnode_modules\[4mreact-dom[24m\cjs\react-dom.development.js:28478:17[90m)[39m
    at createFiberFromElement [90m(C:\Users\husey\kiro2\frontend\[39mnode_modules\[4mreact-dom[24m\cjs\react-dom.development.js:28504:15[90m)[39m
    at reconcileSingleElement [90m(C:\Users\husey\kiro2\frontend\[39mnode_modules\[4mreact-dom[24m\cjs\react-dom.development.js:13986:23[90m)[39m
    at reconcileChildFibers [90m(C:\Users\husey\kiro2\frontend\[39mnode_modules\[4mreact-dom[24m\cjs\react-dom.development.js:14044:35[90m)[39m
    at reconcileChildren [90m(C:\Users\husey\kiro2\frontend\[39mnode_modules\[4mreact-dom[24m\cjs\react-dom.development.js:19186:28[90m)[39m
    at updateContextProvider [90m(C:\Users\husey\kiro2\frontend\[39mnode_modules\[4mreact-dom[24m\cjs\react-dom.development.js:21193:3[90m)[39m
    at beginWork [90m(C:\Users\husey\kiro2\frontend\[39mnode_modules\[4mreact-dom[24m\cjs\react-dom.development.js:21688:14[90m)[39m
    at HTMLUnknownElement.callCallback [90m(C:\Users\husey\kiro2\frontend\[39mnode_modules\[4mreact-dom[24m\cjs\react-dom.development.js:4164:14[90m)[39m
    at HTMLUnknownElement.callTheUserObjectsOperation [90m(C:\Users\husey\kiro2\frontend\[39mnode_modules\[4mjsdom[24m\lib\jsdom\living\generated\EventListener.js:26:30[90m)[39m
    at innerInvokeEventListeners [90m(C:\Users\husey\kiro2\frontend\[39mnode_modules\[4mjsdom[24m\lib\jsdom\living\events\EventTarget-impl.js:350:25[90m)[39m

            </system-err>
            <failure message="Element type is invalid: expected a string (for built-in components) or a class/function (for composite components) but got: undefined. You likely forgot to export your component from the file it&apos;s defined in, or you might have mixed up default and named imports." type="Error">
Error: Element type is invalid: expected a string (for built-in components) or a class/function (for composite components) but got: undefined. You likely forgot to export your component from the file it&apos;s defined in, or you might have mixed up default and named imports.
 ❯ createFiberFromTypeAndProps node_modules/react-dom/cjs/react-dom.development.js:28478:17
 ❯ createFiberFromElement node_modules/react-dom/cjs/react-dom.development.js:28504:15
 ❯ reconcileSingleElement node_modules/react-dom/cjs/react-dom.development.js:13986:23
 ❯ reconcileChildFibers node_modules/react-dom/cjs/react-dom.development.js:14044:35
 ❯ reconcileChildren node_modules/react-dom/cjs/react-dom.development.js:19186:28
 ❯ updateContextProvider node_modules/react-dom/cjs/react-dom.development.js:21193:3
 ❯ beginWork node_modules/react-dom/cjs/react-dom.development.js:21688:14
 ❯ beginWork$1 node_modules/react-dom/cjs/react-dom.development.js:27465:14
 ❯ performUnitOfWork node_modules/react-dom/cjs/react-dom.development.js:26599:12
 ❯ workLoopSync node_modules/react-dom/cjs/react-dom.development.js:26505:5
            </failure>
        </testcase>
        <testcase classname="src/test/e2e/video-loading-flow.test.tsx" name="Video Loading Flow E2E Tests &gt; Başarılı Video Yükleme Senaryosu &gt; cache hit durumunda hızlı yükleme yapar" time="0.0110481">
            <system-err>
Error: Uncaught [Error: Element type is invalid: expected a string (for built-in components) or a class/function (for composite components) but got: undefined. You likely forgot to export your component from the file it&apos;s defined in, or you might have mixed up default and named imports.]
    at reportException (C:\Users\husey\kiro2\frontend\node_modules\jsdom\lib\jsdom\living\helpers\runtime-script-errors.js:66:24)
    at innerInvokeEventListeners (C:\Users\husey\kiro2\frontend\node_modules\jsdom\lib\jsdom\living\events\EventTarget-impl.js:353:9)
    at invokeEventListeners (C:\Users\husey\kiro2\frontend\node_modules\jsdom\lib\jsdom\living\events\EventTarget-impl.js:286:3)
    at HTMLUnknownElementImpl._dispatch (C:\Users\husey\kiro2\frontend\node_modules\jsdom\lib\jsdom\living\events\EventTarget-impl.js:233:9)
    at HTMLUnknownElementImpl.dispatchEvent (C:\Users\husey\kiro2\frontend\node_modules\jsdom\lib\jsdom\living\events\EventTarget-impl.js:104:17)
    at HTMLUnknownElement.dispatchEvent (C:\Users\husey\kiro2\frontend\node_modules\jsdom\lib\jsdom\living\generated\EventTarget.js:241:34)
    at Object.invokeGuardedCallbackDev (C:\Users\husey\kiro2\frontend\node_modules\react-dom\cjs\react-dom.development.js:4213:16)
    at invokeGuardedCallback (C:\Users\husey\kiro2\frontend\node_modules\react-dom\cjs\react-dom.development.js:4277:31)
    at beginWork$1 (C:\Users\husey\kiro2\frontend\node_modules\react-dom\cjs\react-dom.development.js:27490:7)
    at performUnitOfWork (C:\Users\husey\kiro2\frontend\node_modules\react-dom\cjs\react-dom.development.js:26599:12) Error: Element type is invalid: expected a string (for built-in components) or a class/function (for composite components) but got: undefined. You likely forgot to export your component from the file it&apos;s defined in, or you might have mixed up default and named imports.
    at createFiberFromTypeAndProps [90m(C:\Users\husey\kiro2\frontend\[39mnode_modules\[4mreact-dom[24m\cjs\react-dom.development.js:28478:17[90m)[39m
    at createFiberFromElement [90m(C:\Users\husey\kiro2\frontend\[39mnode_modules\[4mreact-dom[24m\cjs\react-dom.development.js:28504:15[90m)[39m
    at reconcileSingleElement [90m(C:\Users\husey\kiro2\frontend\[39mnode_modules\[4mreact-dom[24m\cjs\react-dom.development.js:13986:23[90m)[39m
    at reconcileChildFibers [90m(C:\Users\husey\kiro2\frontend\[39mnode_modules\[4mreact-dom[24m\cjs\react-dom.development.js:14044:35[90m)[39m
    at reconcileChildren [90m(C:\Users\husey\kiro2\frontend\[39mnode_modules\[4mreact-dom[24m\cjs\react-dom.development.js:19186:28[90m)[39m
    at updateContextProvider [90m(C:\Users\husey\kiro2\frontend\[39mnode_modules\[4mreact-dom[24m\cjs\react-dom.development.js:21193:3[90m)[39m
    at beginWork [90m(C:\Users\husey\kiro2\frontend\[39mnode_modules\[4mreact-dom[24m\cjs\react-dom.development.js:21688:14[90m)[39m
    at HTMLUnknownElement.callCallback [90m(C:\Users\husey\kiro2\frontend\[39mnode_modules\[4mreact-dom[24m\cjs\react-dom.development.js:4164:14[90m)[39m
    at HTMLUnknownElement.callTheUserObjectsOperation [90m(C:\Users\husey\kiro2\frontend\[39mnode_modules\[4mjsdom[24m\lib\jsdom\living\generated\EventListener.js:26:30[90m)[39m
    at innerInvokeEventListeners [90m(C:\Users\husey\kiro2\frontend\[39mnode_modules\[4mjsdom[24m\lib\jsdom\living\events\EventTarget-impl.js:350:25[90m)[39m
Error: Uncaught [Error: Element type is invalid: expected a string (for built-in components) or a class/function (for composite components) but got: undefined. You likely forgot to export your component from the file it&apos;s defined in, or you might have mixed up default and named imports.]
    at reportException (C:\Users\husey\kiro2\frontend\node_modules\jsdom\lib\jsdom\living\helpers\runtime-script-errors.js:66:24)
    at innerInvokeEventListeners (C:\Users\husey\kiro2\frontend\node_modules\jsdom\lib\jsdom\living\events\EventTarget-impl.js:353:9)
    at invokeEventListeners (C:\Users\husey\kiro2\frontend\node_modules\jsdom\lib\jsdom\living\events\EventTarget-impl.js:286:3)
    at HTMLUnknownElementImpl._dispatch (C:\Users\husey\kiro2\frontend\node_modules\jsdom\lib\jsdom\living\events\EventTarget-impl.js:233:9)
    at HTMLUnknownElementImpl.dispatchEvent (C:\Users\husey\kiro2\frontend\node_modules\jsdom\lib\jsdom\living\events\EventTarget-impl.js:104:17)
    at HTMLUnknownElement.dispatchEvent (C:\Users\husey\kiro2\frontend\node_modules\jsdom\lib\jsdom\living\generated\EventTarget.js:241:34)
    at Object.invokeGuardedCallbackDev (C:\Users\husey\kiro2\frontend\node_modules\react-dom\cjs\react-dom.development.js:4213:16)
    at invokeGuardedCallback (C:\Users\husey\kiro2\frontend\node_modules\react-dom\cjs\react-dom.development.js:4277:31)
    at beginWork$1 (C:\Users\husey\kiro2\frontend\node_modules\react-dom\cjs\react-dom.development.js:27490:7)
    at performUnitOfWork (C:\Users\husey\kiro2\frontend\node_modules\react-dom\cjs\react-dom.development.js:26599:12) Error: Element type is invalid: expected a string (for built-in components) or a class/function (for composite components) but got: undefined. You likely forgot to export your component from the file it&apos;s defined in, or you might have mixed up default and named imports.
    at createFiberFromTypeAndProps [90m(C:\Users\husey\kiro2\frontend\[39mnode_modules\[4mreact-dom[24m\cjs\react-dom.development.js:28478:17[90m)[39m
    at createFiberFromElement [90m(C:\Users\husey\kiro2\frontend\[39mnode_modules\[4mreact-dom[24m\cjs\react-dom.development.js:28504:15[90m)[39m
    at reconcileSingleElement [90m(C:\Users\husey\kiro2\frontend\[39mnode_modules\[4mreact-dom[24m\cjs\react-dom.development.js:13986:23[90m)[39m
    at reconcileChildFibers [90m(C:\Users\husey\kiro2\frontend\[39mnode_modules\[4mreact-dom[24m\cjs\react-dom.development.js:14044:35[90m)[39m
    at reconcileChildren [90m(C:\Users\husey\kiro2\frontend\[39mnode_modules\[4mreact-dom[24m\cjs\react-dom.development.js:19186:28[90m)[39m
    at updateContextProvider [90m(C:\Users\husey\kiro2\frontend\[39mnode_modules\[4mreact-dom[24m\cjs\react-dom.development.js:21193:3[90m)[39m
    at beginWork [90m(C:\Users\husey\kiro2\frontend\[39mnode_modules\[4mreact-dom[24m\cjs\react-dom.development.js:21688:14[90m)[39m
    at HTMLUnknownElement.callCallback [90m(C:\Users\husey\kiro2\frontend\[39mnode_modules\[4mreact-dom[24m\cjs\react-dom.development.js:4164:14[90m)[39m
    at HTMLUnknownElement.callTheUserObjectsOperation [90m(C:\Users\husey\kiro2\frontend\[39mnode_modules\[4mjsdom[24m\lib\jsdom\living\generated\EventListener.js:26:30[90m)[39m
    at innerInvokeEventListeners [90m(C:\Users\husey\kiro2\frontend\[39mnode_modules\[4mjsdom[24m\lib\jsdom\living\events\EventTarget-impl.js:350:25[90m)[39m

            </system-err>
            <failure message="Element type is invalid: expected a string (for built-in components) or a class/function (for composite components) but got: undefined. You likely forgot to export your component from the file it&apos;s defined in, or you might have mixed up default and named imports." type="Error">
Error: Element type is invalid: expected a string (for built-in components) or a class/function (for composite components) but got: undefined. You likely forgot to export your component from the file it&apos;s defined in, or you might have mixed up default and named imports.
 ❯ createFiberFromTypeAndProps node_modules/react-dom/cjs/react-dom.development.js:28478:17
 ❯ createFiberFromElement node_modules/react-dom/cjs/react-dom.development.js:28504:15
 ❯ reconcileSingleElement node_modules/react-dom/cjs/react-dom.development.js:13986:23
 ❯ reconcileChildFibers node_modules/react-dom/cjs/react-dom.development.js:14044:35
 ❯ reconcileChildren node_modules/react-dom/cjs/react-dom.development.js:19186:28
 ❯ updateContextProvider node_modules/react-dom/cjs/react-dom.development.js:21193:3
 ❯ beginWork node_modules/react-dom/cjs/react-dom.development.js:21688:14
 ❯ beginWork$1 node_modules/react-dom/cjs/react-dom.development.js:27465:14
 ❯ performUnitOfWork node_modules/react-dom/cjs/react-dom.development.js:26599:12
 ❯ workLoopSync node_modules/react-dom/cjs/react-dom.development.js:26505:5
            </failure>
        </testcase>
        <testcase classname="src/test/e2e/video-loading-flow.test.tsx" name="Video Loading Flow E2E Tests &gt; Başarılı Video Yükleme Senaryosu &gt; video kalite skorlarını doğru gösterir" time="0.0097014">
            <system-err>
Error: Uncaught [Error: Element type is invalid: expected a string (for built-in components) or a class/function (for composite components) but got: undefined. You likely forgot to export your component from the file it&apos;s defined in, or you might have mixed up default and named imports.]
    at reportException (C:\Users\husey\kiro2\frontend\node_modules\jsdom\lib\jsdom\living\helpers\runtime-script-errors.js:66:24)
    at innerInvokeEventListeners (C:\Users\husey\kiro2\frontend\node_modules\jsdom\lib\jsdom\living\events\EventTarget-impl.js:353:9)
    at invokeEventListeners (C:\Users\husey\kiro2\frontend\node_modules\jsdom\lib\jsdom\living\events\EventTarget-impl.js:286:3)
    at HTMLUnknownElementImpl._dispatch (C:\Users\husey\kiro2\frontend\node_modules\jsdom\lib\jsdom\living\events\EventTarget-impl.js:233:9)
    at HTMLUnknownElementImpl.dispatchEvent (C:\Users\husey\kiro2\frontend\node_modules\jsdom\lib\jsdom\living\events\EventTarget-impl.js:104:17)
    at HTMLUnknownElement.dispatchEvent (C:\Users\husey\kiro2\frontend\node_modules\jsdom\lib\jsdom\living\generated\EventTarget.js:241:34)
    at Object.invokeGuardedCallbackDev (C:\Users\husey\kiro2\frontend\node_modules\react-dom\cjs\react-dom.development.js:4213:16)
    at invokeGuardedCallback (C:\Users\husey\kiro2\frontend\node_modules\react-dom\cjs\react-dom.development.js:4277:31)
    at beginWork$1 (C:\Users\husey\kiro2\frontend\node_modules\react-dom\cjs\react-dom.development.js:27490:7)
    at performUnitOfWork (C:\Users\husey\kiro2\frontend\node_modules\react-dom\cjs\react-dom.development.js:26599:12) Error: Element type is invalid: expected a string (for built-in components) or a class/function (for composite components) but got: undefined. You likely forgot to export your component from the file it&apos;s defined in, or you might have mixed up default and named imports.
    at createFiberFromTypeAndProps [90m(C:\Users\husey\kiro2\frontend\[39mnode_modules\[4mreact-dom[24m\cjs\react-dom.development.js:28478:17[90m)[39m
    at createFiberFromElement [90m(C:\Users\husey\kiro2\frontend\[39mnode_modules\[4mreact-dom[24m\cjs\react-dom.development.js:28504:15[90m)[39m
    at reconcileSingleElement [90m(C:\Users\husey\kiro2\frontend\[39mnode_modules\[4mreact-dom[24m\cjs\react-dom.development.js:13986:23[90m)[39m
    at reconcileChildFibers [90m(C:\Users\husey\kiro2\frontend\[39mnode_modules\[4mreact-dom[24m\cjs\react-dom.development.js:14044:35[90m)[39m
    at reconcileChildren [90m(C:\Users\husey\kiro2\frontend\[39mnode_modules\[4mreact-dom[24m\cjs\react-dom.development.js:19186:28[90m)[39m
    at updateContextProvider [90m(C:\Users\husey\kiro2\frontend\[39mnode_modules\[4mreact-dom[24m\cjs\react-dom.development.js:21193:3[90m)[39m
    at beginWork [90m(C:\Users\husey\kiro2\frontend\[39mnode_modules\[4mreact-dom[24m\cjs\react-dom.development.js:21688:14[90m)[39m
    at HTMLUnknownElement.callCallback [90m(C:\Users\husey\kiro2\frontend\[39mnode_modules\[4mreact-dom[24m\cjs\react-dom.development.js:4164:14[90m)[39m
    at HTMLUnknownElement.callTheUserObjectsOperation [90m(C:\Users\husey\kiro2\frontend\[39mnode_modules\[4mjsdom[24m\lib\jsdom\living\generated\EventListener.js:26:30[90m)[39m
    at innerInvokeEventListeners [90m(C:\Users\husey\kiro2\frontend\[39mnode_modules\[4mjsdom[24m\lib\jsdom\living\events\EventTarget-impl.js:350:25[90m)[39m
Error: Uncaught [Error: Element type is invalid: expected a string (for built-in components) or a class/function (for composite components) but got: undefined. You likely forgot to export your component from the file it&apos;s defined in, or you might have mixed up default and named imports.]
    at reportException (C:\Users\husey\kiro2\frontend\node_modules\jsdom\lib\jsdom\living\helpers\runtime-script-errors.js:66:24)
    at innerInvokeEventListeners (C:\Users\husey\kiro2\frontend\node_modules\jsdom\lib\jsdom\living\events\EventTarget-impl.js:353:9)
    at invokeEventListeners (C:\Users\husey\kiro2\frontend\node_modules\jsdom\lib\jsdom\living\events\EventTarget-impl.js:286:3)
    at HTMLUnknownElementImpl._dispatch (C:\Users\husey\kiro2\frontend\node_modules\jsdom\lib\jsdom\living\events\EventTarget-impl.js:233:9)
    at HTMLUnknownElementImpl.dispatchEvent (C:\Users\husey\kiro2\frontend\node_modules\jsdom\lib\jsdom\living\events\EventTarget-impl.js:104:17)
    at HTMLUnknownElement.dispatchEvent (C:\Users\husey\kiro2\frontend\node_modules\jsdom\lib\jsdom\living\generated\EventTarget.js:241:34)
    at Object.invokeGuardedCallbackDev (C:\Users\husey\kiro2\frontend\node_modules\react-dom\cjs\react-dom.development.js:4213:16)
    at invokeGuardedCallback (C:\Users\husey\kiro2\frontend\node_modules\react-dom\cjs\react-dom.development.js:4277:31)
    at beginWork$1 (C:\Users\husey\kiro2\frontend\node_modules\react-dom\cjs\react-dom.development.js:27490:7)
    at performUnitOfWork (C:\Users\husey\kiro2\frontend\node_modules\react-dom\cjs\react-dom.development.js:26599:12) Error: Element type is invalid: expected a string (for built-in components) or a class/function (for composite components) but got: undefined. You likely forgot to export your component from the file it&apos;s defined in, or you might have mixed up default and named imports.
    at createFiberFromTypeAndProps [90m(C:\Users\husey\kiro2\frontend\[39mnode_modules\[4mreact-dom[24m\cjs\react-dom.development.js:28478:17[90m)[39m
    at createFiberFromElement [90m(C:\Users\husey\kiro2\frontend\[39mnode_modules\[4mreact-dom[24m\cjs\react-dom.development.js:28504:15[90m)[39m
    at reconcileSingleElement [90m(C:\Users\husey\kiro2\frontend\[39mnode_modules\[4mreact-dom[24m\cjs\react-dom.development.js:13986:23[90m)[39m
    at reconcileChildFibers [90m(C:\Users\husey\kiro2\frontend\[39mnode_modules\[4mreact-dom[24m\cjs\react-dom.development.js:14044:35[90m)[39m
    at reconcileChildren [90m(C:\Users\husey\kiro2\frontend\[39mnode_modules\[4mreact-dom[24m\cjs\react-dom.development.js:19186:28[90m)[39m
    at updateContextProvider [90m(C:\Users\husey\kiro2\frontend\[39mnode_modules\[4mreact-dom[24m\cjs\react-dom.development.js:21193:3[90m)[39m
    at beginWork [90m(C:\Users\husey\kiro2\frontend\[39mnode_modules\[4mreact-dom[24m\cjs\react-dom.development.js:21688:14[90m)[39m
    at HTMLUnknownElement.callCallback [90m(C:\Users\husey\kiro2\frontend\[39mnode_modules\[4mreact-dom[24m\cjs\react-dom.development.js:4164:14[90m)[39m
    at HTMLUnknownElement.callTheUserObjectsOperation [90m(C:\Users\husey\kiro2\frontend\[39mnode_modules\[4mjsdom[24m\lib\jsdom\living\generated\EventListener.js:26:30[90m)[39m
    at innerInvokeEventListeners [90m(C:\Users\husey\kiro2\frontend\[39mnode_modules\[4mjsdom[24m\lib\jsdom\living\events\EventTarget-impl.js:350:25[90m)[39m

            </system-err>
            <failure message="Element type is invalid: expected a string (for built-in components) or a class/function (for composite components) but got: undefined. You likely forgot to export your component from the file it&apos;s defined in, or you might have mixed up default and named imports." type="Error">
Error: Element type is invalid: expected a string (for built-in components) or a class/function (for composite components) but got: undefined. You likely forgot to export your component from the file it&apos;s defined in, or you might have mixed up default and named imports.
 ❯ createFiberFromTypeAndProps node_modules/react-dom/cjs/react-dom.development.js:28478:17
 ❯ createFiberFromElement node_modules/react-dom/cjs/react-dom.development.js:28504:15
 ❯ reconcileSingleElement node_modules/react-dom/cjs/react-dom.development.js:13986:23
 ❯ reconcileChildFibers node_modules/react-dom/cjs/react-dom.development.js:14044:35
 ❯ reconcileChildren node_modules/react-dom/cjs/react-dom.development.js:19186:28
 ❯ updateContextProvider node_modules/react-dom/cjs/react-dom.development.js:21193:3
 ❯ beginWork node_modules/react-dom/cjs/react-dom.development.js:21688:14
 ❯ beginWork$1 node_modules/react-dom/cjs/react-dom.development.js:27465:14
 ❯ performUnitOfWork node_modules/react-dom/cjs/react-dom.development.js:26599:12
 ❯ workLoopSync node_modules/react-dom/cjs/react-dom.development.js:26505:5
            </failure>
        </testcase>
        <testcase classname="src/test/e2e/video-loading-flow.test.tsx" name="Video Loading Flow E2E Tests &gt; Hata Senaryoları &gt; timeout durumunda fallback videolar gösterir" time="0.018046">
            <system-err>
Error: Uncaught [Error: Element type is invalid: expected a string (for built-in components) or a class/function (for composite components) but got: undefined. You likely forgot to export your component from the file it&apos;s defined in, or you might have mixed up default and named imports.]
    at reportException (C:\Users\husey\kiro2\frontend\node_modules\jsdom\lib\jsdom\living\helpers\runtime-script-errors.js:66:24)
    at innerInvokeEventListeners (C:\Users\husey\kiro2\frontend\node_modules\jsdom\lib\jsdom\living\events\EventTarget-impl.js:353:9)
    at invokeEventListeners (C:\Users\husey\kiro2\frontend\node_modules\jsdom\lib\jsdom\living\events\EventTarget-impl.js:286:3)
    at HTMLUnknownElementImpl._dispatch (C:\Users\husey\kiro2\frontend\node_modules\jsdom\lib\jsdom\living\events\EventTarget-impl.js:233:9)
    at HTMLUnknownElementImpl.dispatchEvent (C:\Users\husey\kiro2\frontend\node_modules\jsdom\lib\jsdom\living\events\EventTarget-impl.js:104:17)
    at HTMLUnknownElement.dispatchEvent (C:\Users\husey\kiro2\frontend\node_modules\jsdom\lib\jsdom\living\generated\EventTarget.js:241:34)
    at Object.invokeGuardedCallbackDev (C:\Users\husey\kiro2\frontend\node_modules\react-dom\cjs\react-dom.development.js:4213:16)
    at invokeGuardedCallback (C:\Users\husey\kiro2\frontend\node_modules\react-dom\cjs\react-dom.development.js:4277:31)
    at beginWork$1 (C:\Users\husey\kiro2\frontend\node_modules\react-dom\cjs\react-dom.development.js:27490:7)
    at performUnitOfWork (C:\Users\husey\kiro2\frontend\node_modules\react-dom\cjs\react-dom.development.js:26599:12) Error: Element type is invalid: expected a string (for built-in components) or a class/function (for composite components) but got: undefined. You likely forgot to export your component from the file it&apos;s defined in, or you might have mixed up default and named imports.
    at createFiberFromTypeAndProps [90m(C:\Users\husey\kiro2\frontend\[39mnode_modules\[4mreact-dom[24m\cjs\react-dom.development.js:28478:17[90m)[39m
    at createFiberFromElement [90m(C:\Users\husey\kiro2\frontend\[39mnode_modules\[4mreact-dom[24m\cjs\react-dom.development.js:28504:15[90m)[39m
    at reconcileSingleElement [90m(C:\Users\husey\kiro2\frontend\[39mnode_modules\[4mreact-dom[24m\cjs\react-dom.development.js:13986:23[90m)[39m
    at reconcileChildFibers [90m(C:\Users\husey\kiro2\frontend\[39mnode_modules\[4mreact-dom[24m\cjs\react-dom.development.js:14044:35[90m)[39m
    at reconcileChildren [90m(C:\Users\husey\kiro2\frontend\[39mnode_modules\[4mreact-dom[24m\cjs\react-dom.development.js:19186:28[90m)[39m
    at updateContextProvider [90m(C:\Users\husey\kiro2\frontend\[39mnode_modules\[4mreact-dom[24m\cjs\react-dom.development.js:21193:3[90m)[39m
    at beginWork [90m(C:\Users\husey\kiro2\frontend\[39mnode_modules\[4mreact-dom[24m\cjs\react-dom.development.js:21688:14[90m)[39m
    at HTMLUnknownElement.callCallback [90m(C:\Users\husey\kiro2\frontend\[39mnode_modules\[4mreact-dom[24m\cjs\react-dom.development.js:4164:14[90m)[39m
    at HTMLUnknownElement.callTheUserObjectsOperation [90m(C:\Users\husey\kiro2\frontend\[39mnode_modules\[4mjsdom[24m\lib\jsdom\living\generated\EventListener.js:26:30[90m)[39m
    at innerInvokeEventListeners [90m(C:\Users\husey\kiro2\frontend\[39mnode_modules\[4mjsdom[24m\lib\jsdom\living\events\EventTarget-impl.js:350:25[90m)[39m
Error: Uncaught [Error: Element type is invalid: expected a string (for built-in components) or a class/function (for composite components) but got: undefined. You likely forgot to export your component from the file it&apos;s defined in, or you might have mixed up default and named imports.]
    at reportException (C:\Users\husey\kiro2\frontend\node_modules\jsdom\lib\jsdom\living\helpers\runtime-script-errors.js:66:24)
    at innerInvokeEventListeners (C:\Users\husey\kiro2\frontend\node_modules\jsdom\lib\jsdom\living\events\EventTarget-impl.js:353:9)
    at invokeEventListeners (C:\Users\husey\kiro2\frontend\node_modules\jsdom\lib\jsdom\living\events\EventTarget-impl.js:286:3)
    at HTMLUnknownElementImpl._dispatch (C:\Users\husey\kiro2\frontend\node_modules\jsdom\lib\jsdom\living\events\EventTarget-impl.js:233:9)
    at HTMLUnknownElementImpl.dispatchEvent (C:\Users\husey\kiro2\frontend\node_modules\jsdom\lib\jsdom\living\events\EventTarget-impl.js:104:17)
    at HTMLUnknownElement.dispatchEvent (C:\Users\husey\kiro2\frontend\node_modules\jsdom\lib\jsdom\living\generated\EventTarget.js:241:34)
    at Object.invokeGuardedCallbackDev (C:\Users\husey\kiro2\frontend\node_modules\react-dom\cjs\react-dom.development.js:4213:16)
    at invokeGuardedCallback (C:\Users\husey\kiro2\frontend\node_modules\react-dom\cjs\react-dom.development.js:4277:31)
    at beginWork$1 (C:\Users\husey\kiro2\frontend\node_modules\react-dom\cjs\react-dom.development.js:27490:7)
    at performUnitOfWork (C:\Users\husey\kiro2\frontend\node_modules\react-dom\cjs\react-dom.development.js:26599:12) Error: Element type is invalid: expected a string (for built-in components) or a class/function (for composite components) but got: undefined. You likely forgot to export your component from the file it&apos;s defined in, or you might have mixed up default and named imports.
    at createFiberFromTypeAndProps [90m(C:\Users\husey\kiro2\frontend\[39mnode_modules\[4mreact-dom[24m\cjs\react-dom.development.js:28478:17[90m)[39m
    at createFiberFromElement [90m(C:\Users\husey\kiro2\frontend\[39mnode_modules\[4mreact-dom[24m\cjs\react-dom.development.js:28504:15[90m)[39m
    at reconcileSingleElement [90m(C:\Users\husey\kiro2\frontend\[39mnode_modules\[4mreact-dom[24m\cjs\react-dom.development.js:13986:23[90m)[39m
    at reconcileChildFibers [90m(C:\Users\husey\kiro2\frontend\[39mnode_modules\[4mreact-dom[24m\cjs\react-dom.development.js:14044:35[90m)[39m
    at reconcileChildren [90m(C:\Users\husey\kiro2\frontend\[39mnode_modules\[4mreact-dom[24m\cjs\react-dom.development.js:19186:28[90m)[39m
    at updateContextProvider [90m(C:\Users\husey\kiro2\frontend\[39mnode_modules\[4mreact-dom[24m\cjs\react-dom.development.js:21193:3[90m)[39m
    at beginWork [90m(C:\Users\husey\kiro2\frontend\[39mnode_modules\[4mreact-dom[24m\cjs\react-dom.development.js:21688:14[90m)[39m
    at HTMLUnknownElement.callCallback [90m(C:\Users\husey\kiro2\frontend\[39mnode_modules\[4mreact-dom[24m\cjs\react-dom.development.js:4164:14[90m)[39m
    at HTMLUnknownElement.callTheUserObjectsOperation [90m(C:\Users\husey\kiro2\frontend\[39mnode_modules\[4mjsdom[24m\lib\jsdom\living\generated\EventListener.js:26:30[90m)[39m
    at innerInvokeEventListeners [90m(C:\Users\husey\kiro2\frontend\[39mnode_modules\[4mjsdom[24m\lib\jsdom\living\events\EventTarget-impl.js:350:25[90m)[39m

            </system-err>
            <failure message="Element type is invalid: expected a string (for built-in components) or a class/function (for composite components) but got: undefined. You likely forgot to export your component from the file it&apos;s defined in, or you might have mixed up default and named imports." type="Error">
Error: Element type is invalid: expected a string (for built-in components) or a class/function (for composite components) but got: undefined. You likely forgot to export your component from the file it&apos;s defined in, or you might have mixed up default and named imports.
 ❯ createFiberFromTypeAndProps node_modules/react-dom/cjs/react-dom.development.js:28478:17
 ❯ createFiberFromElement node_modules/react-dom/cjs/react-dom.development.js:28504:15
 ❯ reconcileSingleElement node_modules/react-dom/cjs/react-dom.development.js:13986:23
 ❯ reconcileChildFibers node_modules/react-dom/cjs/react-dom.development.js:14044:35
 ❯ reconcileChildren node_modules/react-dom/cjs/react-dom.development.js:19186:28
 ❯ updateContextProvider node_modules/react-dom/cjs/react-dom.development.js:21193:3
 ❯ beginWork node_modules/react-dom/cjs/react-dom.development.js:21688:14
 ❯ beginWork$1 node_modules/react-dom/cjs/react-dom.development.js:27465:14
 ❯ performUnitOfWork node_modules/react-dom/cjs/react-dom.development.js:26599:12
 ❯ workLoopSync node_modules/react-dom/cjs/react-dom.development.js:26505:5
            </failure>
        </testcase>
        <testcase classname="src/test/e2e/video-loading-flow.test.tsx" name="Video Loading Flow E2E Tests &gt; Hata Senaryoları &gt; network hatası durumunda kullanıcı dostu mesaj gösterir" time="0.0147247">
            <system-err>
Error: Uncaught [Error: Element type is invalid: expected a string (for built-in components) or a class/function (for composite components) but got: undefined. You likely forgot to export your component from the file it&apos;s defined in, or you might have mixed up default and named imports.]
    at reportException (C:\Users\husey\kiro2\frontend\node_modules\jsdom\lib\jsdom\living\helpers\runtime-script-errors.js:66:24)
    at innerInvokeEventListeners (C:\Users\husey\kiro2\frontend\node_modules\jsdom\lib\jsdom\living\events\EventTarget-impl.js:353:9)
    at invokeEventListeners (C:\Users\husey\kiro2\frontend\node_modules\jsdom\lib\jsdom\living\events\EventTarget-impl.js:286:3)
    at HTMLUnknownElementImpl._dispatch (C:\Users\husey\kiro2\frontend\node_modules\jsdom\lib\jsdom\living\events\EventTarget-impl.js:233:9)
    at HTMLUnknownElementImpl.dispatchEvent (C:\Users\husey\kiro2\frontend\node_modules\jsdom\lib\jsdom\living\events\EventTarget-impl.js:104:17)
    at HTMLUnknownElement.dispatchEvent (C:\Users\husey\kiro2\frontend\node_modules\jsdom\lib\jsdom\living\generated\EventTarget.js:241:34)
    at Object.invokeGuardedCallbackDev (C:\Users\husey\kiro2\frontend\node_modules\react-dom\cjs\react-dom.development.js:4213:16)
    at invokeGuardedCallback (C:\Users\husey\kiro2\frontend\node_modules\react-dom\cjs\react-dom.development.js:4277:31)
    at beginWork$1 (C:\Users\husey\kiro2\frontend\node_modules\react-dom\cjs\react-dom.development.js:27490:7)
    at performUnitOfWork (C:\Users\husey\kiro2\frontend\node_modules\react-dom\cjs\react-dom.development.js:26599:12) Error: Element type is invalid: expected a string (for built-in components) or a class/function (for composite components) but got: undefined. You likely forgot to export your component from the file it&apos;s defined in, or you might have mixed up default and named imports.
    at createFiberFromTypeAndProps [90m(C:\Users\husey\kiro2\frontend\[39mnode_modules\[4mreact-dom[24m\cjs\react-dom.development.js:28478:17[90m)[39m
    at createFiberFromElement [90m(C:\Users\husey\kiro2\frontend\[39mnode_modules\[4mreact-dom[24m\cjs\react-dom.development.js:28504:15[90m)[39m
    at reconcileSingleElement [90m(C:\Users\husey\kiro2\frontend\[39mnode_modules\[4mreact-dom[24m\cjs\react-dom.development.js:13986:23[90m)[39m
    at reconcileChildFibers [90m(C:\Users\husey\kiro2\frontend\[39mnode_modules\[4mreact-dom[24m\cjs\react-dom.development.js:14044:35[90m)[39m
    at reconcileChildren [90m(C:\Users\husey\kiro2\frontend\[39mnode_modules\[4mreact-dom[24m\cjs\react-dom.development.js:19186:28[90m)[39m
    at updateContextProvider [90m(C:\Users\husey\kiro2\frontend\[39mnode_modules\[4mreact-dom[24m\cjs\react-dom.development.js:21193:3[90m)[39m
    at beginWork [90m(C:\Users\husey\kiro2\frontend\[39mnode_modules\[4mreact-dom[24m\cjs\react-dom.development.js:21688:14[90m)[39m
    at HTMLUnknownElement.callCallback [90m(C:\Users\husey\kiro2\frontend\[39mnode_modules\[4mreact-dom[24m\cjs\react-dom.development.js:4164:14[90m)[39m
    at HTMLUnknownElement.callTheUserObjectsOperation [90m(C:\Users\husey\kiro2\frontend\[39mnode_modules\[4mjsdom[24m\lib\jsdom\living\generated\EventListener.js:26:30[90m)[39m
    at innerInvokeEventListeners [90m(C:\Users\husey\kiro2\frontend\[39mnode_modules\[4mjsdom[24m\lib\jsdom\living\events\EventTarget-impl.js:350:25[90m)[39m
Error: Uncaught [Error: Element type is invalid: expected a string (for built-in components) or a class/function (for composite components) but got: undefined. You likely forgot to export your component from the file it&apos;s defined in, or you might have mixed up default and named imports.]
    at reportException (C:\Users\husey\kiro2\frontend\node_modules\jsdom\lib\jsdom\living\helpers\runtime-script-errors.js:66:24)
    at innerInvokeEventListeners (C:\Users\husey\kiro2\frontend\node_modules\jsdom\lib\jsdom\living\events\EventTarget-impl.js:353:9)
    at invokeEventListeners (C:\Users\husey\kiro2\frontend\node_modules\jsdom\lib\jsdom\living\events\EventTarget-impl.js:286:3)
    at HTMLUnknownElementImpl._dispatch (C:\Users\husey\kiro2\frontend\node_modules\jsdom\lib\jsdom\living\events\EventTarget-impl.js:233:9)
    at HTMLUnknownElementImpl.dispatchEvent (C:\Users\husey\kiro2\frontend\node_modules\jsdom\lib\jsdom\living\events\EventTarget-impl.js:104:17)
    at HTMLUnknownElement.dispatchEvent (C:\Users\husey\kiro2\frontend\node_modules\jsdom\lib\jsdom\living\generated\EventTarget.js:241:34)
    at Object.invokeGuardedCallbackDev (C:\Users\husey\kiro2\frontend\node_modules\react-dom\cjs\react-dom.development.js:4213:16)
    at invokeGuardedCallback (C:\Users\husey\kiro2\frontend\node_modules\react-dom\cjs\react-dom.development.js:4277:31)
    at beginWork$1 (C:\Users\husey\kiro2\frontend\node_modules\react-dom\cjs\react-dom.development.js:27490:7)
    at performUnitOfWork (C:\Users\husey\kiro2\frontend\node_modules\react-dom\cjs\react-dom.development.js:26599:12) Error: Element type is invalid: expected a string (for built-in components) or a class/function (for composite components) but got: undefined. You likely forgot to export your component from the file it&apos;s defined in, or you might have mixed up default and named imports.
    at createFiberFromTypeAndProps [90m(C:\Users\husey\kiro2\frontend\[39mnode_modules\[4mreact-dom[24m\cjs\react-dom.development.js:28478:17[90m)[39m
    at createFiberFromElement [90m(C:\Users\husey\kiro2\frontend\[39mnode_modules\[4mreact-dom[24m\cjs\react-dom.development.js:28504:15[90m)[39m
    at reconcileSingleElement [90m(C:\Users\husey\kiro2\frontend\[39mnode_modules\[4mreact-dom[24m\cjs\react-dom.development.js:13986:23[90m)[39m
    at reconcileChildFibers [90m(C:\Users\husey\kiro2\frontend\[39mnode_modules\[4mreact-dom[24m\cjs\react-dom.development.js:14044:35[90m)[39m
    at reconcileChildren [90m(C:\Users\husey\kiro2\frontend\[39mnode_modules\[4mreact-dom[24m\cjs\react-dom.development.js:19186:28[90m)[39m
    at updateContextProvider [90m(C:\Users\husey\kiro2\frontend\[39mnode_modules\[4mreact-dom[24m\cjs\react-dom.development.js:21193:3[90m)[39m
    at beginWork [90m(C:\Users\husey\kiro2\frontend\[39mnode_modules\[4mreact-dom[24m\cjs\react-dom.development.js:21688:14[90m)[39m
    at HTMLUnknownElement.callCallback [90m(C:\Users\husey\kiro2\frontend\[39mnode_modules\[4mreact-dom[24m\cjs\react-dom.development.js:4164:14[90m)[39m
    at HTMLUnknownElement.callTheUserObjectsOperation [90m(C:\Users\husey\kiro2\frontend\[39mnode_modules\[4mjsdom[24m\lib\jsdom\living\generated\EventListener.js:26:30[90m)[39m
    at innerInvokeEventListeners [90m(C:\Users\husey\kiro2\frontend\[39mnode_modules\[4mjsdom[24m\lib\jsdom\living\events\EventTarget-impl.js:350:25[90m)[39m

            </system-err>
            <failure message="Element type is invalid: expected a string (for built-in components) or a class/function (for composite components) but got: undefined. You likely forgot to export your component from the file it&apos;s defined in, or you might have mixed up default and named imports." type="Error">
Error: Element type is invalid: expected a string (for built-in components) or a class/function (for composite components) but got: undefined. You likely forgot to export your component from the file it&apos;s defined in, or you might have mixed up default and named imports.
 ❯ createFiberFromTypeAndProps node_modules/react-dom/cjs/react-dom.development.js:28478:17
 ❯ createFiberFromElement node_modules/react-dom/cjs/react-dom.development.js:28504:15
 ❯ reconcileSingleElement node_modules/react-dom/cjs/react-dom.development.js:13986:23
 ❯ reconcileChildFibers node_modules/react-dom/cjs/react-dom.development.js:14044:35
 ❯ reconcileChildren node_modules/react-dom/cjs/react-dom.development.js:19186:28
 ❯ updateContextProvider node_modules/react-dom/cjs/react-dom.development.js:21193:3
 ❯ beginWork node_modules/react-dom/cjs/react-dom.development.js:21688:14
 ❯ beginWork$1 node_modules/react-dom/cjs/react-dom.development.js:27465:14
 ❯ performUnitOfWork node_modules/react-dom/cjs/react-dom.development.js:26599:12
 ❯ workLoopSync node_modules/react-dom/cjs/react-dom.development.js:26505:5
            </failure>
        </testcase>
        <testcase classname="src/test/e2e/video-loading-flow.test.tsx" name="Video Loading Flow E2E Tests &gt; Hata Senaryoları &gt; 500 server error durumunda fallback gösterir" time="0.0079097">
            <system-err>
Error: Uncaught [Error: Element type is invalid: expected a string (for built-in components) or a class/function (for composite components) but got: undefined. You likely forgot to export your component from the file it&apos;s defined in, or you might have mixed up default and named imports.]
    at reportException (C:\Users\husey\kiro2\frontend\node_modules\jsdom\lib\jsdom\living\helpers\runtime-script-errors.js:66:24)
    at innerInvokeEventListeners (C:\Users\husey\kiro2\frontend\node_modules\jsdom\lib\jsdom\living\events\EventTarget-impl.js:353:9)
    at invokeEventListeners (C:\Users\husey\kiro2\frontend\node_modules\jsdom\lib\jsdom\living\events\EventTarget-impl.js:286:3)
    at HTMLUnknownElementImpl._dispatch (C:\Users\husey\kiro2\frontend\node_modules\jsdom\lib\jsdom\living\events\EventTarget-impl.js:233:9)
    at HTMLUnknownElementImpl.dispatchEvent (C:\Users\husey\kiro2\frontend\node_modules\jsdom\lib\jsdom\living\events\EventTarget-impl.js:104:17)
    at HTMLUnknownElement.dispatchEvent (C:\Users\husey\kiro2\frontend\node_modules\jsdom\lib\jsdom\living\generated\EventTarget.js:241:34)
    at Object.invokeGuardedCallbackDev (C:\Users\husey\kiro2\frontend\node_modules\react-dom\cjs\react-dom.development.js:4213:16)
    at invokeGuardedCallback (C:\Users\husey\kiro2\frontend\node_modules\react-dom\cjs\react-dom.development.js:4277:31)
    at beginWork$1 (C:\Users\husey\kiro2\frontend\node_modules\react-dom\cjs\react-dom.development.js:27490:7)
    at performUnitOfWork (C:\Users\husey\kiro2\frontend\node_modules\react-dom\cjs\react-dom.development.js:26599:12) Error: Element type is invalid: expected a string (for built-in components) or a class/function (for composite components) but got: undefined. You likely forgot to export your component from the file it&apos;s defined in, or you might have mixed up default and named imports.
    at createFiberFromTypeAndProps [90m(C:\Users\husey\kiro2\frontend\[39mnode_modules\[4mreact-dom[24m\cjs\react-dom.development.js:28478:17[90m)[39m
    at createFiberFromElement [90m(C:\Users\husey\kiro2\frontend\[39mnode_modules\[4mreact-dom[24m\cjs\react-dom.development.js:28504:15[90m)[39m
    at reconcileSingleElement [90m(C:\Users\husey\kiro2\frontend\[39mnode_modules\[4mreact-dom[24m\cjs\react-dom.development.js:13986:23[90m)[39m
    at reconcileChildFibers [90m(C:\Users\husey\kiro2\frontend\[39mnode_modules\[4mreact-dom[24m\cjs\react-dom.development.js:14044:35[90m)[39m
    at reconcileChildren [90m(C:\Users\husey\kiro2\frontend\[39mnode_modules\[4mreact-dom[24m\cjs\react-dom.development.js:19186:28[90m)[39m
    at updateContextProvider [90m(C:\Users\husey\kiro2\frontend\[39mnode_modules\[4mreact-dom[24m\cjs\react-dom.development.js:21193:3[90m)[39m
    at beginWork [90m(C:\Users\husey\kiro2\frontend\[39mnode_modules\[4mreact-dom[24m\cjs\react-dom.development.js:21688:14[90m)[39m
    at HTMLUnknownElement.callCallback [90m(C:\Users\husey\kiro2\frontend\[39mnode_modules\[4mreact-dom[24m\cjs\react-dom.development.js:4164:14[90m)[39m
    at HTMLUnknownElement.callTheUserObjectsOperation [90m(C:\Users\husey\kiro2\frontend\[39mnode_modules\[4mjsdom[24m\lib\jsdom\living\generated\EventListener.js:26:30[90m)[39m
    at innerInvokeEventListeners [90m(C:\Users\husey\kiro2\frontend\[39mnode_modules\[4mjsdom[24m\lib\jsdom\living\events\EventTarget-impl.js:350:25[90m)[39m
Error: Uncaught [Error: Element type is invalid: expected a string (for built-in components) or a class/function (for composite components) but got: undefined. You likely forgot to export your component from the file it&apos;s defined in, or you might have mixed up default and named imports.]
    at reportException (C:\Users\husey\kiro2\frontend\node_modules\jsdom\lib\jsdom\living\helpers\runtime-script-errors.js:66:24)
    at innerInvokeEventListeners (C:\Users\husey\kiro2\frontend\node_modules\jsdom\lib\jsdom\living\events\EventTarget-impl.js:353:9)
    at invokeEventListeners (C:\Users\husey\kiro2\frontend\node_modules\jsdom\lib\jsdom\living\events\EventTarget-impl.js:286:3)
    at HTMLUnknownElementImpl._dispatch (C:\Users\husey\kiro2\frontend\node_modules\jsdom\lib\jsdom\living\events\EventTarget-impl.js:233:9)
    at HTMLUnknownElementImpl.dispatchEvent (C:\Users\husey\kiro2\frontend\node_modules\jsdom\lib\jsdom\living\events\EventTarget-impl.js:104:17)
    at HTMLUnknownElement.dispatchEvent (C:\Users\husey\kiro2\frontend\node_modules\jsdom\lib\jsdom\living\generated\EventTarget.js:241:34)
    at Object.invokeGuardedCallbackDev (C:\Users\husey\kiro2\frontend\node_modules\react-dom\cjs\react-dom.development.js:4213:16)
    at invokeGuardedCallback (C:\Users\husey\kiro2\frontend\node_modules\react-dom\cjs\react-dom.development.js:4277:31)
    at beginWork$1 (C:\Users\husey\kiro2\frontend\node_modules\react-dom\cjs\react-dom.development.js:27490:7)
    at performUnitOfWork (C:\Users\husey\kiro2\frontend\node_modules\react-dom\cjs\react-dom.development.js:26599:12) Error: Element type is invalid: expected a string (for built-in components) or a class/function (for composite components) but got: undefined. You likely forgot to export your component from the file it&apos;s defined in, or you might have mixed up default and named imports.
    at createFiberFromTypeAndProps [90m(C:\Users\husey\kiro2\frontend\[39mnode_modules\[4mreact-dom[24m\cjs\react-dom.development.js:28478:17[90m)[39m
    at createFiberFromElement [90m(C:\Users\husey\kiro2\frontend\[39mnode_modules\[4mreact-dom[24m\cjs\react-dom.development.js:28504:15[90m)[39m
    at reconcileSingleElement [90m(C:\Users\husey\kiro2\frontend\[39mnode_modules\[4mreact-dom[24m\cjs\react-dom.development.js:13986:23[90m)[39m
    at reconcileChildFibers [90m(C:\Users\husey\kiro2\frontend\[39mnode_modules\[4mreact-dom[24m\cjs\react-dom.development.js:14044:35[90m)[39m
    at reconcileChildren [90m(C:\Users\husey\kiro2\frontend\[39mnode_modules\[4mreact-dom[24m\cjs\react-dom.development.js:19186:28[90m)[39m
    at updateContextProvider [90m(C:\Users\husey\kiro2\frontend\[39mnode_modules\[4mreact-dom[24m\cjs\react-dom.development.js:21193:3[90m)[39m
    at beginWork [90m(C:\Users\husey\kiro2\frontend\[39mnode_modules\[4mreact-dom[24m\cjs\react-dom.development.js:21688:14[90m)[39m
    at HTMLUnknownElement.callCallback [90m(C:\Users\husey\kiro2\frontend\[39mnode_modules\[4mreact-dom[24m\cjs\react-dom.development.js:4164:14[90m)[39m
    at HTMLUnknownElement.callTheUserObjectsOperation [90m(C:\Users\husey\kiro2\frontend\[39mnode_modules\[4mjsdom[24m\lib\jsdom\living\generated\EventListener.js:26:30[90m)[39m
    at innerInvokeEventListeners [90m(C:\Users\husey\kiro2\frontend\[39mnode_modules\[4mjsdom[24m\lib\jsdom\living\events\EventTarget-impl.js:350:25[90m)[39m

            </system-err>
            <failure message="Element type is invalid: expected a string (for built-in components) or a class/function (for composite components) but got: undefined. You likely forgot to export your component from the file it&apos;s defined in, or you might have mixed up default and named imports." type="Error">
Error: Element type is invalid: expected a string (for built-in components) or a class/function (for composite components) but got: undefined. You likely forgot to export your component from the file it&apos;s defined in, or you might have mixed up default and named imports.
 ❯ createFiberFromTypeAndProps node_modules/react-dom/cjs/react-dom.development.js:28478:17
 ❯ createFiberFromElement node_modules/react-dom/cjs/react-dom.development.js:28504:15
 ❯ reconcileSingleElement node_modules/react-dom/cjs/react-dom.development.js:13986:23
 ❯ reconcileChildFibers node_modules/react-dom/cjs/react-dom.development.js:14044:35
 ❯ reconcileChildren node_modules/react-dom/cjs/react-dom.development.js:19186:28
 ❯ updateContextProvider node_modules/react-dom/cjs/react-dom.development.js:21193:3
 ❯ beginWork node_modules/react-dom/cjs/react-dom.development.js:21688:14
 ❯ beginWork$1 node_modules/react-dom/cjs/react-dom.development.js:27465:14
 ❯ performUnitOfWork node_modules/react-dom/cjs/react-dom.development.js:26599:12
 ❯ workLoopSync node_modules/react-dom/cjs/react-dom.development.js:26505:5
            </failure>
        </testcase>
        <testcase classname="src/test/e2e/video-loading-flow.test.tsx" name="Video Loading Flow E2E Tests &gt; Retry Mekanizması &gt; ilk denemede başarısız olursa otomatik retry yapar" time="0.0077818">
            <system-err>
Error: Uncaught [Error: Element type is invalid: expected a string (for built-in components) or a class/function (for composite components) but got: undefined. You likely forgot to export your component from the file it&apos;s defined in, or you might have mixed up default and named imports.]
    at reportException (C:\Users\husey\kiro2\frontend\node_modules\jsdom\lib\jsdom\living\helpers\runtime-script-errors.js:66:24)
    at innerInvokeEventListeners (C:\Users\husey\kiro2\frontend\node_modules\jsdom\lib\jsdom\living\events\EventTarget-impl.js:353:9)
    at invokeEventListeners (C:\Users\husey\kiro2\frontend\node_modules\jsdom\lib\jsdom\living\events\EventTarget-impl.js:286:3)
    at HTMLUnknownElementImpl._dispatch (C:\Users\husey\kiro2\frontend\node_modules\jsdom\lib\jsdom\living\events\EventTarget-impl.js:233:9)
    at HTMLUnknownElementImpl.dispatchEvent (C:\Users\husey\kiro2\frontend\node_modules\jsdom\lib\jsdom\living\events\EventTarget-impl.js:104:17)
    at HTMLUnknownElement.dispatchEvent (C:\Users\husey\kiro2\frontend\node_modules\jsdom\lib\jsdom\living\generated\EventTarget.js:241:34)
    at Object.invokeGuardedCallbackDev (C:\Users\husey\kiro2\frontend\node_modules\react-dom\cjs\react-dom.development.js:4213:16)
    at invokeGuardedCallback (C:\Users\husey\kiro2\frontend\node_modules\react-dom\cjs\react-dom.development.js:4277:31)
    at beginWork$1 (C:\Users\husey\kiro2\frontend\node_modules\react-dom\cjs\react-dom.development.js:27490:7)
    at performUnitOfWork (C:\Users\husey\kiro2\frontend\node_modules\react-dom\cjs\react-dom.development.js:26599:12) Error: Element type is invalid: expected a string (for built-in components) or a class/function (for composite components) but got: undefined. You likely forgot to export your component from the file it&apos;s defined in, or you might have mixed up default and named imports.
    at createFiberFromTypeAndProps [90m(C:\Users\husey\kiro2\frontend\[39mnode_modules\[4mreact-dom[24m\cjs\react-dom.development.js:28478:17[90m)[39m
    at createFiberFromElement [90m(C:\Users\husey\kiro2\frontend\[39mnode_modules\[4mreact-dom[24m\cjs\react-dom.development.js:28504:15[90m)[39m
    at reconcileSingleElement [90m(C:\Users\husey\kiro2\frontend\[39mnode_modules\[4mreact-dom[24m\cjs\react-dom.development.js:13986:23[90m)[39m
    at reconcileChildFibers [90m(C:\Users\husey\kiro2\frontend\[39mnode_modules\[4mreact-dom[24m\cjs\react-dom.development.js:14044:35[90m)[39m
    at reconcileChildren [90m(C:\Users\husey\kiro2\frontend\[39mnode_modules\[4mreact-dom[24m\cjs\react-dom.development.js:19186:28[90m)[39m
    at updateContextProvider [90m(C:\Users\husey\kiro2\frontend\[39mnode_modules\[4mreact-dom[24m\cjs\react-dom.development.js:21193:3[90m)[39m
    at beginWork [90m(C:\Users\husey\kiro2\frontend\[39mnode_modules\[4mreact-dom[24m\cjs\react-dom.development.js:21688:14[90m)[39m
    at HTMLUnknownElement.callCallback [90m(C:\Users\husey\kiro2\frontend\[39mnode_modules\[4mreact-dom[24m\cjs\react-dom.development.js:4164:14[90m)[39m
    at HTMLUnknownElement.callTheUserObjectsOperation [90m(C:\Users\husey\kiro2\frontend\[39mnode_modules\[4mjsdom[24m\lib\jsdom\living\generated\EventListener.js:26:30[90m)[39m
    at innerInvokeEventListeners [90m(C:\Users\husey\kiro2\frontend\[39mnode_modules\[4mjsdom[24m\lib\jsdom\living\events\EventTarget-impl.js:350:25[90m)[39m
Error: Uncaught [Error: Element type is invalid: expected a string (for built-in components) or a class/function (for composite components) but got: undefined. You likely forgot to export your component from the file it&apos;s defined in, or you might have mixed up default and named imports.]
    at reportException (C:\Users\husey\kiro2\frontend\node_modules\jsdom\lib\jsdom\living\helpers\runtime-script-errors.js:66:24)
    at innerInvokeEventListeners (C:\Users\husey\kiro2\frontend\node_modules\jsdom\lib\jsdom\living\events\EventTarget-impl.js:353:9)
    at invokeEventListeners (C:\Users\husey\kiro2\frontend\node_modules\jsdom\lib\jsdom\living\events\EventTarget-impl.js:286:3)
    at HTMLUnknownElementImpl._dispatch (C:\Users\husey\kiro2\frontend\node_modules\jsdom\lib\jsdom\living\events\EventTarget-impl.js:233:9)
    at HTMLUnknownElementImpl.dispatchEvent (C:\Users\husey\kiro2\frontend\node_modules\jsdom\lib\jsdom\living\events\EventTarget-impl.js:104:17)
    at HTMLUnknownElement.dispatchEvent (C:\Users\husey\kiro2\frontend\node_modules\jsdom\lib\jsdom\living\generated\EventTarget.js:241:34)
    at Object.invokeGuardedCallbackDev (C:\Users\husey\kiro2\frontend\node_modules\react-dom\cjs\react-dom.development.js:4213:16)
    at invokeGuardedCallback (C:\Users\husey\kiro2\frontend\node_modules\react-dom\cjs\react-dom.development.js:4277:31)
    at beginWork$1 (C:\Users\husey\kiro2\frontend\node_modules\react-dom\cjs\react-dom.development.js:27490:7)
    at performUnitOfWork (C:\Users\husey\kiro2\frontend\node_modules\react-dom\cjs\react-dom.development.js:26599:12) Error: Element type is invalid: expected a string (for built-in components) or a class/function (for composite components) but got: undefined. You likely forgot to export your component from the file it&apos;s defined in, or you might have mixed up default and named imports.
    at createFiberFromTypeAndProps [90m(C:\Users\husey\kiro2\frontend\[39mnode_modules\[4mreact-dom[24m\cjs\react-dom.development.js:28478:17[90m)[39m
    at createFiberFromElement [90m(C:\Users\husey\kiro2\frontend\[39mnode_modules\[4mreact-dom[24m\cjs\react-dom.development.js:28504:15[90m)[39m
    at reconcileSingleElement [90m(C:\Users\husey\kiro2\frontend\[39mnode_modules\[4mreact-dom[24m\cjs\react-dom.development.js:13986:23[90m)[39m
    at reconcileChildFibers [90m(C:\Users\husey\kiro2\frontend\[39mnode_modules\[4mreact-dom[24m\cjs\react-dom.development.js:14044:35[90m)[39m
    at reconcileChildren [90m(C:\Users\husey\kiro2\frontend\[39mnode_modules\[4mreact-dom[24m\cjs\react-dom.development.js:19186:28[90m)[39m
    at updateContextProvider [90m(C:\Users\husey\kiro2\frontend\[39mnode_modules\[4mreact-dom[24m\cjs\react-dom.development.js:21193:3[90m)[39m
    at beginWork [90m(C:\Users\husey\kiro2\frontend\[39mnode_modules\[4mreact-dom[24m\cjs\react-dom.development.js:21688:14[90m)[39m
    at HTMLUnknownElement.callCallback [90m(C:\Users\husey\kiro2\frontend\[39mnode_modules\[4mreact-dom[24m\cjs\react-dom.development.js:4164:14[90m)[39m
    at HTMLUnknownElement.callTheUserObjectsOperation [90m(C:\Users\husey\kiro2\frontend\[39mnode_modules\[4mjsdom[24m\lib\jsdom\living\generated\EventListener.js:26:30[90m)[39m
    at innerInvokeEventListeners [90m(C:\Users\husey\kiro2\frontend\[39mnode_modules\[4mjsdom[24m\lib\jsdom\living\events\EventTarget-impl.js:350:25[90m)[39m

            </system-err>
            <failure message="Element type is invalid: expected a string (for built-in components) or a class/function (for composite components) but got: undefined. You likely forgot to export your component from the file it&apos;s defined in, or you might have mixed up default and named imports." type="Error">
Error: Element type is invalid: expected a string (for built-in components) or a class/function (for composite components) but got: undefined. You likely forgot to export your component from the file it&apos;s defined in, or you might have mixed up default and named imports.
 ❯ createFiberFromTypeAndProps node_modules/react-dom/cjs/react-dom.development.js:28478:17
 ❯ createFiberFromElement node_modules/react-dom/cjs/react-dom.development.js:28504:15
 ❯ reconcileSingleElement node_modules/react-dom/cjs/react-dom.development.js:13986:23
 ❯ reconcileChildFibers node_modules/react-dom/cjs/react-dom.development.js:14044:35
 ❯ reconcileChildren node_modules/react-dom/cjs/react-dom.development.js:19186:28
 ❯ updateContextProvider node_modules/react-dom/cjs/react-dom.development.js:21193:3
 ❯ beginWork node_modules/react-dom/cjs/react-dom.development.js:21688:14
 ❯ beginWork$1 node_modules/react-dom/cjs/react-dom.development.js:27465:14
 ❯ performUnitOfWork node_modules/react-dom/cjs/react-dom.development.js:26599:12
 ❯ workLoopSync node_modules/react-dom/cjs/react-dom.development.js:26505:5
            </failure>
        </testcase>
        <testcase classname="src/test/e2e/video-loading-flow.test.tsx" name="Video Loading Flow E2E Tests &gt; Retry Mekanizması &gt; maksimum 3 deneme yapar" time="0.0069566">
            <system-err>
Error: Uncaught [Error: Element type is invalid: expected a string (for built-in components) or a class/function (for composite components) but got: undefined. You likely forgot to export your component from the file it&apos;s defined in, or you might have mixed up default and named imports.]
    at reportException (C:\Users\husey\kiro2\frontend\node_modules\jsdom\lib\jsdom\living\helpers\runtime-script-errors.js:66:24)
    at innerInvokeEventListeners (C:\Users\husey\kiro2\frontend\node_modules\jsdom\lib\jsdom\living\events\EventTarget-impl.js:353:9)
    at invokeEventListeners (C:\Users\husey\kiro2\frontend\node_modules\jsdom\lib\jsdom\living\events\EventTarget-impl.js:286:3)
    at HTMLUnknownElementImpl._dispatch (C:\Users\husey\kiro2\frontend\node_modules\jsdom\lib\jsdom\living\events\EventTarget-impl.js:233:9)
    at HTMLUnknownElementImpl.dispatchEvent (C:\Users\husey\kiro2\frontend\node_modules\jsdom\lib\jsdom\living\events\EventTarget-impl.js:104:17)
    at HTMLUnknownElement.dispatchEvent (C:\Users\husey\kiro2\frontend\node_modules\jsdom\lib\jsdom\living\generated\EventTarget.js:241:34)
    at Object.invokeGuardedCallbackDev (C:\Users\husey\kiro2\frontend\node_modules\react-dom\cjs\react-dom.development.js:4213:16)
    at invokeGuardedCallback (C:\Users\husey\kiro2\frontend\node_modules\react-dom\cjs\react-dom.development.js:4277:31)
    at beginWork$1 (C:\Users\husey\kiro2\frontend\node_modules\react-dom\cjs\react-dom.development.js:27490:7)
    at performUnitOfWork (C:\Users\husey\kiro2\frontend\node_modules\react-dom\cjs\react-dom.development.js:26599:12) Error: Element type is invalid: expected a string (for built-in components) or a class/function (for composite components) but got: undefined. You likely forgot to export your component from the file it&apos;s defined in, or you might have mixed up default and named imports.
    at createFiberFromTypeAndProps [90m(C:\Users\husey\kiro2\frontend\[39mnode_modules\[4mreact-dom[24m\cjs\react-dom.development.js:28478:17[90m)[39m
    at createFiberFromElement [90m(C:\Users\husey\kiro2\frontend\[39mnode_modules\[4mreact-dom[24m\cjs\react-dom.development.js:28504:15[90m)[39m
    at reconcileSingleElement [90m(C:\Users\husey\kiro2\frontend\[39mnode_modules\[4mreact-dom[24m\cjs\react-dom.development.js:13986:23[90m)[39m
    at reconcileChildFibers [90m(C:\Users\husey\kiro2\frontend\[39mnode_modules\[4mreact-dom[24m\cjs\react-dom.development.js:14044:35[90m)[39m
    at reconcileChildren [90m(C:\Users\husey\kiro2\frontend\[39mnode_modules\[4mreact-dom[24m\cjs\react-dom.development.js:19186:28[90m)[39m
    at updateContextProvider [90m(C:\Users\husey\kiro2\frontend\[39mnode_modules\[4mreact-dom[24m\cjs\react-dom.development.js:21193:3[90m)[39m
    at beginWork [90m(C:\Users\husey\kiro2\frontend\[39mnode_modules\[4mreact-dom[24m\cjs\react-dom.development.js:21688:14[90m)[39m
    at HTMLUnknownElement.callCallback [90m(C:\Users\husey\kiro2\frontend\[39mnode_modules\[4mreact-dom[24m\cjs\react-dom.development.js:4164:14[90m)[39m
    at HTMLUnknownElement.callTheUserObjectsOperation [90m(C:\Users\husey\kiro2\frontend\[39mnode_modules\[4mjsdom[24m\lib\jsdom\living\generated\EventListener.js:26:30[90m)[39m
    at innerInvokeEventListeners [90m(C:\Users\husey\kiro2\frontend\[39mnode_modules\[4mjsdom[24m\lib\jsdom\living\events\EventTarget-impl.js:350:25[90m)[39m
Error: Uncaught [Error: Element type is invalid: expected a string (for built-in components) or a class/function (for composite components) but got: undefined. You likely forgot to export your component from the file it&apos;s defined in, or you might have mixed up default and named imports.]
    at reportException (C:\Users\husey\kiro2\frontend\node_modules\jsdom\lib\jsdom\living\helpers\runtime-script-errors.js:66:24)
    at innerInvokeEventListeners (C:\Users\husey\kiro2\frontend\node_modules\jsdom\lib\jsdom\living\events\EventTarget-impl.js:353:9)
    at invokeEventListeners (C:\Users\husey\kiro2\frontend\node_modules\jsdom\lib\jsdom\living\events\EventTarget-impl.js:286:3)
    at HTMLUnknownElementImpl._dispatch (C:\Users\husey\kiro2\frontend\node_modules\jsdom\lib\jsdom\living\events\EventTarget-impl.js:233:9)
    at HTMLUnknownElementImpl.dispatchEvent (C:\Users\husey\kiro2\frontend\node_modules\jsdom\lib\jsdom\living\events\EventTarget-impl.js:104:17)
    at HTMLUnknownElement.dispatchEvent (C:\Users\husey\kiro2\frontend\node_modules\jsdom\lib\jsdom\living\generated\EventTarget.js:241:34)
    at Object.invokeGuardedCallbackDev (C:\Users\husey\kiro2\frontend\node_modules\react-dom\cjs\react-dom.development.js:4213:16)
    at invokeGuardedCallback (C:\Users\husey\kiro2\frontend\node_modules\react-dom\cjs\react-dom.development.js:4277:31)
    at beginWork$1 (C:\Users\husey\kiro2\frontend\node_modules\react-dom\cjs\react-dom.development.js:27490:7)
    at performUnitOfWork (C:\Users\husey\kiro2\frontend\node_modules\react-dom\cjs\react-dom.development.js:26599:12) Error: Element type is invalid: expected a string (for built-in components) or a class/function (for composite components) but got: undefined. You likely forgot to export your component from the file it&apos;s defined in, or you might have mixed up default and named imports.
    at createFiberFromTypeAndProps [90m(C:\Users\husey\kiro2\frontend\[39mnode_modules\[4mreact-dom[24m\cjs\react-dom.development.js:28478:17[90m)[39m
    at createFiberFromElement [90m(C:\Users\husey\kiro2\frontend\[39mnode_modules\[4mreact-dom[24m\cjs\react-dom.development.js:28504:15[90m)[39m
    at reconcileSingleElement [90m(C:\Users\husey\kiro2\frontend\[39mnode_modules\[4mreact-dom[24m\cjs\react-dom.development.js:13986:23[90m)[39m
    at reconcileChildFibers [90m(C:\Users\husey\kiro2\frontend\[39mnode_modules\[4mreact-dom[24m\cjs\react-dom.development.js:14044:35[90m)[39m
    at reconcileChildren [90m(C:\Users\husey\kiro2\frontend\[39mnode_modules\[4mreact-dom[24m\cjs\react-dom.development.js:19186:28[90m)[39m
    at updateContextProvider [90m(C:\Users\husey\kiro2\frontend\[39mnode_modules\[4mreact-dom[24m\cjs\react-dom.development.js:21193:3[90m)[39m
    at beginWork [90m(C:\Users\husey\kiro2\frontend\[39mnode_modules\[4mreact-dom[24m\cjs\react-dom.development.js:21688:14[90m)[39m
    at HTMLUnknownElement.callCallback [90m(C:\Users\husey\kiro2\frontend\[39mnode_modules\[4mreact-dom[24m\cjs\react-dom.development.js:4164:14[90m)[39m
    at HTMLUnknownElement.callTheUserObjectsOperation [90m(C:\Users\husey\kiro2\frontend\[39mnode_modules\[4mjsdom[24m\lib\jsdom\living\generated\EventListener.js:26:30[90m)[39m
    at innerInvokeEventListeners [90m(C:\Users\husey\kiro2\frontend\[39mnode_modules\[4mjsdom[24m\lib\jsdom\living\events\EventTarget-impl.js:350:25[90m)[39m

            </system-err>
            <failure message="Element type is invalid: expected a string (for built-in components) or a class/function (for composite components) but got: undefined. You likely forgot to export your component from the file it&apos;s defined in, or you might have mixed up default and named imports." type="Error">
Error: Element type is invalid: expected a string (for built-in components) or a class/function (for composite components) but got: undefined. You likely forgot to export your component from the file it&apos;s defined in, or you might have mixed up default and named imports.
 ❯ createFiberFromTypeAndProps node_modules/react-dom/cjs/react-dom.development.js:28478:17
 ❯ createFiberFromElement node_modules/react-dom/cjs/react-dom.development.js:28504:15
 ❯ reconcileSingleElement node_modules/react-dom/cjs/react-dom.development.js:13986:23
 ❯ reconcileChildFibers node_modules/react-dom/cjs/react-dom.development.js:14044:35
 ❯ reconcileChildren node_modules/react-dom/cjs/react-dom.development.js:19186:28
 ❯ updateContextProvider node_modules/react-dom/cjs/react-dom.development.js:21193:3
 ❯ beginWork node_modules/react-dom/cjs/react-dom.development.js:21688:14
 ❯ beginWork$1 node_modules/react-dom/cjs/react-dom.development.js:27465:14
 ❯ performUnitOfWork node_modules/react-dom/cjs/react-dom.development.js:26599:12
 ❯ workLoopSync node_modules/react-dom/cjs/react-dom.development.js:26505:5
            </failure>
        </testcase>
        <testcase classname="src/test/e2e/video-loading-flow.test.tsx" name="Video Loading Flow E2E Tests &gt; Loading Progress UI &gt; loading progress bar gösterir" time="0.0103171">
            <system-err>
Error: Uncaught [Error: Element type is invalid: expected a string (for built-in components) or a class/function (for composite components) but got: undefined. You likely forgot to export your component from the file it&apos;s defined in, or you might have mixed up default and named imports.]
    at reportException (C:\Users\husey\kiro2\frontend\node_modules\jsdom\lib\jsdom\living\helpers\runtime-script-errors.js:66:24)
    at innerInvokeEventListeners (C:\Users\husey\kiro2\frontend\node_modules\jsdom\lib\jsdom\living\events\EventTarget-impl.js:353:9)
    at invokeEventListeners (C:\Users\husey\kiro2\frontend\node_modules\jsdom\lib\jsdom\living\events\EventTarget-impl.js:286:3)
    at HTMLUnknownElementImpl._dispatch (C:\Users\husey\kiro2\frontend\node_modules\jsdom\lib\jsdom\living\events\EventTarget-impl.js:233:9)
    at HTMLUnknownElementImpl.dispatchEvent (C:\Users\husey\kiro2\frontend\node_modules\jsdom\lib\jsdom\living\events\EventTarget-impl.js:104:17)
    at HTMLUnknownElement.dispatchEvent (C:\Users\husey\kiro2\frontend\node_modules\jsdom\lib\jsdom\living\generated\EventTarget.js:241:34)
    at Object.invokeGuardedCallbackDev (C:\Users\husey\kiro2\frontend\node_modules\react-dom\cjs\react-dom.development.js:4213:16)
    at invokeGuardedCallback (C:\Users\husey\kiro2\frontend\node_modules\react-dom\cjs\react-dom.development.js:4277:31)
    at beginWork$1 (C:\Users\husey\kiro2\frontend\node_modules\react-dom\cjs\react-dom.development.js:27490:7)
    at performUnitOfWork (C:\Users\husey\kiro2\frontend\node_modules\react-dom\cjs\react-dom.development.js:26599:12) Error: Element type is invalid: expected a string (for built-in components) or a class/function (for composite components) but got: undefined. You likely forgot to export your component from the file it&apos;s defined in, or you might have mixed up default and named imports.
    at createFiberFromTypeAndProps [90m(C:\Users\husey\kiro2\frontend\[39mnode_modules\[4mreact-dom[24m\cjs\react-dom.development.js:28478:17[90m)[39m
    at createFiberFromElement [90m(C:\Users\husey\kiro2\frontend\[39mnode_modules\[4mreact-dom[24m\cjs\react-dom.development.js:28504:15[90m)[39m
    at reconcileSingleElement [90m(C:\Users\husey\kiro2\frontend\[39mnode_modules\[4mreact-dom[24m\cjs\react-dom.development.js:13986:23[90m)[39m
    at reconcileChildFibers [90m(C:\Users\husey\kiro2\frontend\[39mnode_modules\[4mreact-dom[24m\cjs\react-dom.development.js:14044:35[90m)[39m
    at reconcileChildren [90m(C:\Users\husey\kiro2\frontend\[39mnode_modules\[4mreact-dom[24m\cjs\react-dom.development.js:19186:28[90m)[39m
    at updateContextProvider [90m(C:\Users\husey\kiro2\frontend\[39mnode_modules\[4mreact-dom[24m\cjs\react-dom.development.js:21193:3[90m)[39m
    at beginWork [90m(C:\Users\husey\kiro2\frontend\[39mnode_modules\[4mreact-dom[24m\cjs\react-dom.development.js:21688:14[90m)[39m
    at HTMLUnknownElement.callCallback [90m(C:\Users\husey\kiro2\frontend\[39mnode_modules\[4mreact-dom[24m\cjs\react-dom.development.js:4164:14[90m)[39m
    at HTMLUnknownElement.callTheUserObjectsOperation [90m(C:\Users\husey\kiro2\frontend\[39mnode_modules\[4mjsdom[24m\lib\jsdom\living\generated\EventListener.js:26:30[90m)[39m
    at innerInvokeEventListeners [90m(C:\Users\husey\kiro2\frontend\[39mnode_modules\[4mjsdom[24m\lib\jsdom\living\events\EventTarget-impl.js:350:25[90m)[39m
Error: Uncaught [Error: Element type is invalid: expected a string (for built-in components) or a class/function (for composite components) but got: undefined. You likely forgot to export your component from the file it&apos;s defined in, or you might have mixed up default and named imports.]
    at reportException (C:\Users\husey\kiro2\frontend\node_modules\jsdom\lib\jsdom\living\helpers\runtime-script-errors.js:66:24)
    at innerInvokeEventListeners (C:\Users\husey\kiro2\frontend\node_modules\jsdom\lib\jsdom\living\events\EventTarget-impl.js:353:9)
    at invokeEventListeners (C:\Users\husey\kiro2\frontend\node_modules\jsdom\lib\jsdom\living\events\EventTarget-impl.js:286:3)
    at HTMLUnknownElementImpl._dispatch (C:\Users\husey\kiro2\frontend\node_modules\jsdom\lib\jsdom\living\events\EventTarget-impl.js:233:9)
    at HTMLUnknownElementImpl.dispatchEvent (C:\Users\husey\kiro2\frontend\node_modules\jsdom\lib\jsdom\living\events\EventTarget-impl.js:104:17)
    at HTMLUnknownElement.dispatchEvent (C:\Users\husey\kiro2\frontend\node_modules\jsdom\lib\jsdom\living\generated\EventTarget.js:241:34)
    at Object.invokeGuardedCallbackDev (C:\Users\husey\kiro2\frontend\node_modules\react-dom\cjs\react-dom.development.js:4213:16)
    at invokeGuardedCallback (C:\Users\husey\kiro2\frontend\node_modules\react-dom\cjs\react-dom.development.js:4277:31)
    at beginWork$1 (C:\Users\husey\kiro2\frontend\node_modules\react-dom\cjs\react-dom.development.js:27490:7)
    at performUnitOfWork (C:\Users\husey\kiro2\frontend\node_modules\react-dom\cjs\react-dom.development.js:26599:12) Error: Element type is invalid: expected a string (for built-in components) or a class/function (for composite components) but got: undefined. You likely forgot to export your component from the file it&apos;s defined in, or you might have mixed up default and named imports.
    at createFiberFromTypeAndProps [90m(C:\Users\husey\kiro2\frontend\[39mnode_modules\[4mreact-dom[24m\cjs\react-dom.development.js:28478:17[90m)[39m
    at createFiberFromElement [90m(C:\Users\husey\kiro2\frontend\[39mnode_modules\[4mreact-dom[24m\cjs\react-dom.development.js:28504:15[90m)[39m
    at reconcileSingleElement [90m(C:\Users\husey\kiro2\frontend\[39mnode_modules\[4mreact-dom[24m\cjs\react-dom.development.js:13986:23[90m)[39m
    at reconcileChildFibers [90m(C:\Users\husey\kiro2\frontend\[39mnode_modules\[4mreact-dom[24m\cjs\react-dom.development.js:14044:35[90m)[39m
    at reconcileChildren [90m(C:\Users\husey\kiro2\frontend\[39mnode_modules\[4mreact-dom[24m\cjs\react-dom.development.js:19186:28[90m)[39m
    at updateContextProvider [90m(C:\Users\husey\kiro2\frontend\[39mnode_modules\[4mreact-dom[24m\cjs\react-dom.development.js:21193:3[90m)[39m
    at beginWork [90m(C:\Users\husey\kiro2\frontend\[39mnode_modules\[4mreact-dom[24m\cjs\react-dom.development.js:21688:14[90m)[39m
    at HTMLUnknownElement.callCallback [90m(C:\Users\husey\kiro2\frontend\[39mnode_modules\[4mreact-dom[24m\cjs\react-dom.development.js:4164:14[90m)[39m
    at HTMLUnknownElement.callTheUserObjectsOperation [90m(C:\Users\husey\kiro2\frontend\[39mnode_modules\[4mjsdom[24m\lib\jsdom\living\generated\EventListener.js:26:30[90m)[39m
    at innerInvokeEventListeners [90m(C:\Users\husey\kiro2\frontend\[39mnode_modules\[4mjsdom[24m\lib\jsdom\living\events\EventTarget-impl.js:350:25[90m)[39m

            </system-err>
            <failure message="Element type is invalid: expected a string (for built-in components) or a class/function (for composite components) but got: undefined. You likely forgot to export your component from the file it&apos;s defined in, or you might have mixed up default and named imports." type="Error">
Error: Element type is invalid: expected a string (for built-in components) or a class/function (for composite components) but got: undefined. You likely forgot to export your component from the file it&apos;s defined in, or you might have mixed up default and named imports.
 ❯ createFiberFromTypeAndProps node_modules/react-dom/cjs/react-dom.development.js:28478:17
 ❯ createFiberFromElement node_modules/react-dom/cjs/react-dom.development.js:28504:15
 ❯ reconcileSingleElement node_modules/react-dom/cjs/react-dom.development.js:13986:23
 ❯ reconcileChildFibers node_modules/react-dom/cjs/react-dom.development.js:14044:35
 ❯ reconcileChildren node_modules/react-dom/cjs/react-dom.development.js:19186:28
 ❯ updateContextProvider node_modules/react-dom/cjs/react-dom.development.js:21193:3
 ❯ beginWork node_modules/react-dom/cjs/react-dom.development.js:21688:14
 ❯ beginWork$1 node_modules/react-dom/cjs/react-dom.development.js:27465:14
 ❯ performUnitOfWork node_modules/react-dom/cjs/react-dom.development.js:26599:12
 ❯ workLoopSync node_modules/react-dom/cjs/react-dom.development.js:26505:5
            </failure>
        </testcase>
        <testcase classname="src/test/e2e/video-loading-flow.test.tsx" name="Video Loading Flow E2E Tests &gt; Loading Progress UI &gt; dinamik loading mesajları gösterir" time="0.0134353">
            <system-err>
Error: Uncaught [Error: Element type is invalid: expected a string (for built-in components) or a class/function (for composite components) but got: undefined. You likely forgot to export your component from the file it&apos;s defined in, or you might have mixed up default and named imports.]
    at reportException (C:\Users\husey\kiro2\frontend\node_modules\jsdom\lib\jsdom\living\helpers\runtime-script-errors.js:66:24)
    at innerInvokeEventListeners (C:\Users\husey\kiro2\frontend\node_modules\jsdom\lib\jsdom\living\events\EventTarget-impl.js:353:9)
    at invokeEventListeners (C:\Users\husey\kiro2\frontend\node_modules\jsdom\lib\jsdom\living\events\EventTarget-impl.js:286:3)
    at HTMLUnknownElementImpl._dispatch (C:\Users\husey\kiro2\frontend\node_modules\jsdom\lib\jsdom\living\events\EventTarget-impl.js:233:9)
    at HTMLUnknownElementImpl.dispatchEvent (C:\Users\husey\kiro2\frontend\node_modules\jsdom\lib\jsdom\living\events\EventTarget-impl.js:104:17)
    at HTMLUnknownElement.dispatchEvent (C:\Users\husey\kiro2\frontend\node_modules\jsdom\lib\jsdom\living\generated\EventTarget.js:241:34)
    at Object.invokeGuardedCallbackDev (C:\Users\husey\kiro2\frontend\node_modules\react-dom\cjs\react-dom.development.js:4213:16)
    at invokeGuardedCallback (C:\Users\husey\kiro2\frontend\node_modules\react-dom\cjs\react-dom.development.js:4277:31)
    at beginWork$1 (C:\Users\husey\kiro2\frontend\node_modules\react-dom\cjs\react-dom.development.js:27490:7)
    at performUnitOfWork (C:\Users\husey\kiro2\frontend\node_modules\react-dom\cjs\react-dom.development.js:26599:12) Error: Element type is invalid: expected a string (for built-in components) or a class/function (for composite components) but got: undefined. You likely forgot to export your component from the file it&apos;s defined in, or you might have mixed up default and named imports.
    at createFiberFromTypeAndProps [90m(C:\Users\husey\kiro2\frontend\[39mnode_modules\[4mreact-dom[24m\cjs\react-dom.development.js:28478:17[90m)[39m
    at createFiberFromElement [90m(C:\Users\husey\kiro2\frontend\[39mnode_modules\[4mreact-dom[24m\cjs\react-dom.development.js:28504:15[90m)[39m
    at reconcileSingleElement [90m(C:\Users\husey\kiro2\frontend\[39mnode_modules\[4mreact-dom[24m\cjs\react-dom.development.js:13986:23[90m)[39m
    at reconcileChildFibers [90m(C:\Users\husey\kiro2\frontend\[39mnode_modules\[4mreact-dom[24m\cjs\react-dom.development.js:14044:35[90m)[39m
    at reconcileChildren [90m(C:\Users\husey\kiro2\frontend\[39mnode_modules\[4mreact-dom[24m\cjs\react-dom.development.js:19186:28[90m)[39m
    at updateContextProvider [90m(C:\Users\husey\kiro2\frontend\[39mnode_modules\[4mreact-dom[24m\cjs\react-dom.development.js:21193:3[90m)[39m
    at beginWork [90m(C:\Users\husey\kiro2\frontend\[39mnode_modules\[4mreact-dom[24m\cjs\react-dom.development.js:21688:14[90m)[39m
    at HTMLUnknownElement.callCallback [90m(C:\Users\husey\kiro2\frontend\[39mnode_modules\[4mreact-dom[24m\cjs\react-dom.development.js:4164:14[90m)[39m
    at HTMLUnknownElement.callTheUserObjectsOperation [90m(C:\Users\husey\kiro2\frontend\[39mnode_modules\[4mjsdom[24m\lib\jsdom\living\generated\EventListener.js:26:30[90m)[39m
    at innerInvokeEventListeners [90m(C:\Users\husey\kiro2\frontend\[39mnode_modules\[4mjsdom[24m\lib\jsdom\living\events\EventTarget-impl.js:350:25[90m)[39m
Error: Uncaught [Error: Element type is invalid: expected a string (for built-in components) or a class/function (for composite components) but got: undefined. You likely forgot to export your component from the file it&apos;s defined in, or you might have mixed up default and named imports.]
    at reportException (C:\Users\husey\kiro2\frontend\node_modules\jsdom\lib\jsdom\living\helpers\runtime-script-errors.js:66:24)
    at innerInvokeEventListeners (C:\Users\husey\kiro2\frontend\node_modules\jsdom\lib\jsdom\living\events\EventTarget-impl.js:353:9)
    at invokeEventListeners (C:\Users\husey\kiro2\frontend\node_modules\jsdom\lib\jsdom\living\events\EventTarget-impl.js:286:3)
    at HTMLUnknownElementImpl._dispatch (C:\Users\husey\kiro2\frontend\node_modules\jsdom\lib\jsdom\living\events\EventTarget-impl.js:233:9)
    at HTMLUnknownElementImpl.dispatchEvent (C:\Users\husey\kiro2\frontend\node_modules\jsdom\lib\jsdom\living\events\EventTarget-impl.js:104:17)
    at HTMLUnknownElement.dispatchEvent (C:\Users\husey\kiro2\frontend\node_modules\jsdom\lib\jsdom\living\generated\EventTarget.js:241:34)
    at Object.invokeGuardedCallbackDev (C:\Users\husey\kiro2\frontend\node_modules\react-dom\cjs\react-dom.development.js:4213:16)
    at invokeGuardedCallback (C:\Users\husey\kiro2\frontend\node_modules\react-dom\cjs\react-dom.development.js:4277:31)
    at beginWork$1 (C:\Users\husey\kiro2\frontend\node_modules\react-dom\cjs\react-dom.development.js:27490:7)
    at performUnitOfWork (C:\Users\husey\kiro2\frontend\node_modules\react-dom\cjs\react-dom.development.js:26599:12) Error: Element type is invalid: expected a string (for built-in components) or a class/function (for composite components) but got: undefined. You likely forgot to export your component from the file it&apos;s defined in, or you might have mixed up default and named imports.
    at createFiberFromTypeAndProps [90m(C:\Users\husey\kiro2\frontend\[39mnode_modules\[4mreact-dom[24m\cjs\react-dom.development.js:28478:17[90m)[39m
    at createFiberFromElement [90m(C:\Users\husey\kiro2\frontend\[39mnode_modules\[4mreact-dom[24m\cjs\react-dom.development.js:28504:15[90m)[39m
    at reconcileSingleElement [90m(C:\Users\husey\kiro2\frontend\[39mnode_modules\[4mreact-dom[24m\cjs\react-dom.development.js:13986:23[90m)[39m
    at reconcileChildFibers [90m(C:\Users\husey\kiro2\frontend\[39mnode_modules\[4mreact-dom[24m\cjs\react-dom.development.js:14044:35[90m)[39m
    at reconcileChildren [90m(C:\Users\husey\kiro2\frontend\[39mnode_modules\[4mreact-dom[24m\cjs\react-dom.development.js:19186:28[90m)[39m
    at updateContextProvider [90m(C:\Users\husey\kiro2\frontend\[39mnode_modules\[4mreact-dom[24m\cjs\react-dom.development.js:21193:3[90m)[39m
    at beginWork [90m(C:\Users\husey\kiro2\frontend\[39mnode_modules\[4mreact-dom[24m\cjs\react-dom.development.js:21688:14[90m)[39m
    at HTMLUnknownElement.callCallback [90m(C:\Users\husey\kiro2\frontend\[39mnode_modules\[4mreact-dom[24m\cjs\react-dom.development.js:4164:14[90m)[39m
    at HTMLUnknownElement.callTheUserObjectsOperation [90m(C:\Users\husey\kiro2\frontend\[39mnode_modules\[4mjsdom[24m\lib\jsdom\living\generated\EventListener.js:26:30[90m)[39m
    at innerInvokeEventListeners [90m(C:\Users\husey\kiro2\frontend\[39mnode_modules\[4mjsdom[24m\lib\jsdom\living\events\EventTarget-impl.js:350:25[90m)[39m

            </system-err>
            <failure message="Element type is invalid: expected a string (for built-in components) or a class/function (for composite components) but got: undefined. You likely forgot to export your component from the file it&apos;s defined in, or you might have mixed up default and named imports." type="Error">
Error: Element type is invalid: expected a string (for built-in components) or a class/function (for composite components) but got: undefined. You likely forgot to export your component from the file it&apos;s defined in, or you might have mixed up default and named imports.
 ❯ createFiberFromTypeAndProps node_modules/react-dom/cjs/react-dom.development.js:28478:17
 ❯ createFiberFromElement node_modules/react-dom/cjs/react-dom.development.js:28504:15
 ❯ reconcileSingleElement node_modules/react-dom/cjs/react-dom.development.js:13986:23
 ❯ reconcileChildFibers node_modules/react-dom/cjs/react-dom.development.js:14044:35
 ❯ reconcileChildren node_modules/react-dom/cjs/react-dom.development.js:19186:28
 ❯ updateContextProvider node_modules/react-dom/cjs/react-dom.development.js:21193:3
 ❯ beginWork node_modules/react-dom/cjs/react-dom.development.js:21688:14
 ❯ beginWork$1 node_modules/react-dom/cjs/react-dom.development.js:27465:14
 ❯ performUnitOfWork node_modules/react-dom/cjs/react-dom.development.js:26599:12
 ❯ workLoopSync node_modules/react-dom/cjs/react-dom.development.js:26505:5
            </failure>
        </testcase>
        <testcase classname="src/test/e2e/video-loading-flow.test.tsx" name="Video Loading Flow E2E Tests &gt; User Interaction Tests &gt; yeni öneriler butonu ile yeniden yükleme yapar" time="0.0170122">
            <system-err>
Error: Uncaught [Error: Element type is invalid: expected a string (for built-in components) or a class/function (for composite components) but got: undefined. You likely forgot to export your component from the file it&apos;s defined in, or you might have mixed up default and named imports.]
    at reportException (C:\Users\husey\kiro2\frontend\node_modules\jsdom\lib\jsdom\living\helpers\runtime-script-errors.js:66:24)
    at innerInvokeEventListeners (C:\Users\husey\kiro2\frontend\node_modules\jsdom\lib\jsdom\living\events\EventTarget-impl.js:353:9)
    at invokeEventListeners (C:\Users\husey\kiro2\frontend\node_modules\jsdom\lib\jsdom\living\events\EventTarget-impl.js:286:3)
    at HTMLUnknownElementImpl._dispatch (C:\Users\husey\kiro2\frontend\node_modules\jsdom\lib\jsdom\living\events\EventTarget-impl.js:233:9)
    at HTMLUnknownElementImpl.dispatchEvent (C:\Users\husey\kiro2\frontend\node_modules\jsdom\lib\jsdom\living\events\EventTarget-impl.js:104:17)
    at HTMLUnknownElement.dispatchEvent (C:\Users\husey\kiro2\frontend\node_modules\jsdom\lib\jsdom\living\generated\EventTarget.js:241:34)
    at Object.invokeGuardedCallbackDev (C:\Users\husey\kiro2\frontend\node_modules\react-dom\cjs\react-dom.development.js:4213:16)
    at invokeGuardedCallback (C:\Users\husey\kiro2\frontend\node_modules\react-dom\cjs\react-dom.development.js:4277:31)
    at beginWork$1 (C:\Users\husey\kiro2\frontend\node_modules\react-dom\cjs\react-dom.development.js:27490:7)
    at performUnitOfWork (C:\Users\husey\kiro2\frontend\node_modules\react-dom\cjs\react-dom.development.js:26599:12) Error: Element type is invalid: expected a string (for built-in components) or a class/function (for composite components) but got: undefined. You likely forgot to export your component from the file it&apos;s defined in, or you might have mixed up default and named imports.
    at createFiberFromTypeAndProps [90m(C:\Users\husey\kiro2\frontend\[39mnode_modules\[4mreact-dom[24m\cjs\react-dom.development.js:28478:17[90m)[39m
    at createFiberFromElement [90m(C:\Users\husey\kiro2\frontend\[39mnode_modules\[4mreact-dom[24m\cjs\react-dom.development.js:28504:15[90m)[39m
    at reconcileSingleElement [90m(C:\Users\husey\kiro2\frontend\[39mnode_modules\[4mreact-dom[24m\cjs\react-dom.development.js:13986:23[90m)[39m
    at reconcileChildFibers [90m(C:\Users\husey\kiro2\frontend\[39mnode_modules\[4mreact-dom[24m\cjs\react-dom.development.js:14044:35[90m)[39m
    at reconcileChildren [90m(C:\Users\husey\kiro2\frontend\[39mnode_modules\[4mreact-dom[24m\cjs\react-dom.development.js:19186:28[90m)[39m
    at updateContextProvider [90m(C:\Users\husey\kiro2\frontend\[39mnode_modules\[4mreact-dom[24m\cjs\react-dom.development.js:21193:3[90m)[39m
    at beginWork [90m(C:\Users\husey\kiro2\frontend\[39mnode_modules\[4mreact-dom[24m\cjs\react-dom.development.js:21688:14[90m)[39m
    at HTMLUnknownElement.callCallback [90m(C:\Users\husey\kiro2\frontend\[39mnode_modules\[4mreact-dom[24m\cjs\react-dom.development.js:4164:14[90m)[39m
    at HTMLUnknownElement.callTheUserObjectsOperation [90m(C:\Users\husey\kiro2\frontend\[39mnode_modules\[4mjsdom[24m\lib\jsdom\living\generated\EventListener.js:26:30[90m)[39m
    at innerInvokeEventListeners [90m(C:\Users\husey\kiro2\frontend\[39mnode_modules\[4mjsdom[24m\lib\jsdom\living\events\EventTarget-impl.js:350:25[90m)[39m
Error: Uncaught [Error: Element type is invalid: expected a string (for built-in components) or a class/function (for composite components) but got: undefined. You likely forgot to export your component from the file it&apos;s defined in, or you might have mixed up default and named imports.]
    at reportException (C:\Users\husey\kiro2\frontend\node_modules\jsdom\lib\jsdom\living\helpers\runtime-script-errors.js:66:24)
    at innerInvokeEventListeners (C:\Users\husey\kiro2\frontend\node_modules\jsdom\lib\jsdom\living\events\EventTarget-impl.js:353:9)
    at invokeEventListeners (C:\Users\husey\kiro2\frontend\node_modules\jsdom\lib\jsdom\living\events\EventTarget-impl.js:286:3)
    at HTMLUnknownElementImpl._dispatch (C:\Users\husey\kiro2\frontend\node_modules\jsdom\lib\jsdom\living\events\EventTarget-impl.js:233:9)
    at HTMLUnknownElementImpl.dispatchEvent (C:\Users\husey\kiro2\frontend\node_modules\jsdom\lib\jsdom\living\events\EventTarget-impl.js:104:17)
    at HTMLUnknownElement.dispatchEvent (C:\Users\husey\kiro2\frontend\node_modules\jsdom\lib\jsdom\living\generated\EventTarget.js:241:34)
    at Object.invokeGuardedCallbackDev (C:\Users\husey\kiro2\frontend\node_modules\react-dom\cjs\react-dom.development.js:4213:16)
    at invokeGuardedCallback (C:\Users\husey\kiro2\frontend\node_modules\react-dom\cjs\react-dom.development.js:4277:31)
    at beginWork$1 (C:\Users\husey\kiro2\frontend\node_modules\react-dom\cjs\react-dom.development.js:27490:7)
    at performUnitOfWork (C:\Users\husey\kiro2\frontend\node_modules\react-dom\cjs\react-dom.development.js:26599:12) Error: Element type is invalid: expected a string (for built-in components) or a class/function (for composite components) but got: undefined. You likely forgot to export your component from the file it&apos;s defined in, or you might have mixed up default and named imports.
    at createFiberFromTypeAndProps [90m(C:\Users\husey\kiro2\frontend\[39mnode_modules\[4mreact-dom[24m\cjs\react-dom.development.js:28478:17[90m)[39m
    at createFiberFromElement [90m(C:\Users\husey\kiro2\frontend\[39mnode_modules\[4mreact-dom[24m\cjs\react-dom.development.js:28504:15[90m)[39m
    at reconcileSingleElement [90m(C:\Users\husey\kiro2\frontend\[39mnode_modules\[4mreact-dom[24m\cjs\react-dom.development.js:13986:23[90m)[39m
    at reconcileChildFibers [90m(C:\Users\husey\kiro2\frontend\[39mnode_modules\[4mreact-dom[24m\cjs\react-dom.development.js:14044:35[90m)[39m
    at reconcileChildren [90m(C:\Users\husey\kiro2\frontend\[39mnode_modules\[4mreact-dom[24m\cjs\react-dom.development.js:19186:28[90m)[39m
    at updateContextProvider [90m(C:\Users\husey\kiro2\frontend\[39mnode_modules\[4mreact-dom[24m\cjs\react-dom.development.js:21193:3[90m)[39m
    at beginWork [90m(C:\Users\husey\kiro2\frontend\[39mnode_modules\[4mreact-dom[24m\cjs\react-dom.development.js:21688:14[90m)[39m
    at HTMLUnknownElement.callCallback [90m(C:\Users\husey\kiro2\frontend\[39mnode_modules\[4mreact-dom[24m\cjs\react-dom.development.js:4164:14[90m)[39m
    at HTMLUnknownElement.callTheUserObjectsOperation [90m(C:\Users\husey\kiro2\frontend\[39mnode_modules\[4mjsdom[24m\lib\jsdom\living\generated\EventListener.js:26:30[90m)[39m
    at innerInvokeEventListeners [90m(C:\Users\husey\kiro2\frontend\[39mnode_modules\[4mjsdom[24m\lib\jsdom\living\events\EventTarget-impl.js:350:25[90m)[39m

            </system-err>
            <failure message="Element type is invalid: expected a string (for built-in components) or a class/function (for composite components) but got: undefined. You likely forgot to export your component from the file it&apos;s defined in, or you might have mixed up default and named imports." type="Error">
Error: Element type is invalid: expected a string (for built-in components) or a class/function (for composite components) but got: undefined. You likely forgot to export your component from the file it&apos;s defined in, or you might have mixed up default and named imports.
 ❯ createFiberFromTypeAndProps node_modules/react-dom/cjs/react-dom.development.js:28478:17
 ❯ createFiberFromElement node_modules/react-dom/cjs/react-dom.development.js:28504:15
 ❯ reconcileSingleElement node_modules/react-dom/cjs/react-dom.development.js:13986:23
 ❯ reconcileChildFibers node_modules/react-dom/cjs/react-dom.development.js:14044:35
 ❯ reconcileChildren node_modules/react-dom/cjs/react-dom.development.js:19186:28
 ❯ updateContextProvider node_modules/react-dom/cjs/react-dom.development.js:21193:3
 ❯ beginWork node_modules/react-dom/cjs/react-dom.development.js:21688:14
 ❯ beginWork$1 node_modules/react-dom/cjs/react-dom.development.js:27465:14
 ❯ performUnitOfWork node_modules/react-dom/cjs/react-dom.development.js:26599:12
 ❯ workLoopSync node_modules/react-dom/cjs/react-dom.development.js:26505:5
            </failure>
        </testcase>
        <testcase classname="src/test/e2e/video-loading-flow.test.tsx" name="Video Loading Flow E2E Tests &gt; User Interaction Tests &gt; video popup kapatma butonu çalışır" time="0.0096293">
            <system-err>
Error: Uncaught [Error: Element type is invalid: expected a string (for built-in components) or a class/function (for composite components) but got: undefined. You likely forgot to export your component from the file it&apos;s defined in, or you might have mixed up default and named imports.]
    at reportException (C:\Users\husey\kiro2\frontend\node_modules\jsdom\lib\jsdom\living\helpers\runtime-script-errors.js:66:24)
    at innerInvokeEventListeners (C:\Users\husey\kiro2\frontend\node_modules\jsdom\lib\jsdom\living\events\EventTarget-impl.js:353:9)
    at invokeEventListeners (C:\Users\husey\kiro2\frontend\node_modules\jsdom\lib\jsdom\living\events\EventTarget-impl.js:286:3)
    at HTMLUnknownElementImpl._dispatch (C:\Users\husey\kiro2\frontend\node_modules\jsdom\lib\jsdom\living\events\EventTarget-impl.js:233:9)
    at HTMLUnknownElementImpl.dispatchEvent (C:\Users\husey\kiro2\frontend\node_modules\jsdom\lib\jsdom\living\events\EventTarget-impl.js:104:17)
    at HTMLUnknownElement.dispatchEvent (C:\Users\husey\kiro2\frontend\node_modules\jsdom\lib\jsdom\living\generated\EventTarget.js:241:34)
    at Object.invokeGuardedCallbackDev (C:\Users\husey\kiro2\frontend\node_modules\react-dom\cjs\react-dom.development.js:4213:16)
    at invokeGuardedCallback (C:\Users\husey\kiro2\frontend\node_modules\react-dom\cjs\react-dom.development.js:4277:31)
    at beginWork$1 (C:\Users\husey\kiro2\frontend\node_modules\react-dom\cjs\react-dom.development.js:27490:7)
    at performUnitOfWork (C:\Users\husey\kiro2\frontend\node_modules\react-dom\cjs\react-dom.development.js:26599:12) Error: Element type is invalid: expected a string (for built-in components) or a class/function (for composite components) but got: undefined. You likely forgot to export your component from the file it&apos;s defined in, or you might have mixed up default and named imports.
    at createFiberFromTypeAndProps [90m(C:\Users\husey\kiro2\frontend\[39mnode_modules\[4mreact-dom[24m\cjs\react-dom.development.js:28478:17[90m)[39m
    at createFiberFromElement [90m(C:\Users\husey\kiro2\frontend\[39mnode_modules\[4mreact-dom[24m\cjs\react-dom.development.js:28504:15[90m)[39m
    at reconcileSingleElement [90m(C:\Users\husey\kiro2\frontend\[39mnode_modules\[4mreact-dom[24m\cjs\react-dom.development.js:13986:23[90m)[39m
    at reconcileChildFibers [90m(C:\Users\husey\kiro2\frontend\[39mnode_modules\[4mreact-dom[24m\cjs\react-dom.development.js:14044:35[90m)[39m
    at reconcileChildren [90m(C:\Users\husey\kiro2\frontend\[39mnode_modules\[4mreact-dom[24m\cjs\react-dom.development.js:19186:28[90m)[39m
    at updateContextProvider [90m(C:\Users\husey\kiro2\frontend\[39mnode_modules\[4mreact-dom[24m\cjs\react-dom.development.js:21193:3[90m)[39m
    at beginWork [90m(C:\Users\husey\kiro2\frontend\[39mnode_modules\[4mreact-dom[24m\cjs\react-dom.development.js:21688:14[90m)[39m
    at HTMLUnknownElement.callCallback [90m(C:\Users\husey\kiro2\frontend\[39mnode_modules\[4mreact-dom[24m\cjs\react-dom.development.js:4164:14[90m)[39m
    at HTMLUnknownElement.callTheUserObjectsOperation [90m(C:\Users\husey\kiro2\frontend\[39mnode_modules\[4mjsdom[24m\lib\jsdom\living\generated\EventListener.js:26:30[90m)[39m
    at innerInvokeEventListeners [90m(C:\Users\husey\kiro2\frontend\[39mnode_modules\[4mjsdom[24m\lib\jsdom\living\events\EventTarget-impl.js:350:25[90m)[39m
Error: Uncaught [Error: Element type is invalid: expected a string (for built-in components) or a class/function (for composite components) but got: undefined. You likely forgot to export your component from the file it&apos;s defined in, or you might have mixed up default and named imports.]
    at reportException (C:\Users\husey\kiro2\frontend\node_modules\jsdom\lib\jsdom\living\helpers\runtime-script-errors.js:66:24)
    at innerInvokeEventListeners (C:\Users\husey\kiro2\frontend\node_modules\jsdom\lib\jsdom\living\events\EventTarget-impl.js:353:9)
    at invokeEventListeners (C:\Users\husey\kiro2\frontend\node_modules\jsdom\lib\jsdom\living\events\EventTarget-impl.js:286:3)
    at HTMLUnknownElementImpl._dispatch (C:\Users\husey\kiro2\frontend\node_modules\jsdom\lib\jsdom\living\events\EventTarget-impl.js:233:9)
    at HTMLUnknownElementImpl.dispatchEvent (C:\Users\husey\kiro2\frontend\node_modules\jsdom\lib\jsdom\living\events\EventTarget-impl.js:104:17)
    at HTMLUnknownElement.dispatchEvent (C:\Users\husey\kiro2\frontend\node_modules\jsdom\lib\jsdom\living\generated\EventTarget.js:241:34)
    at Object.invokeGuardedCallbackDev (C:\Users\husey\kiro2\frontend\node_modules\react-dom\cjs\react-dom.development.js:4213:16)
    at invokeGuardedCallback (C:\Users\husey\kiro2\frontend\node_modules\react-dom\cjs\react-dom.development.js:4277:31)
    at beginWork$1 (C:\Users\husey\kiro2\frontend\node_modules\react-dom\cjs\react-dom.development.js:27490:7)
    at performUnitOfWork (C:\Users\husey\kiro2\frontend\node_modules\react-dom\cjs\react-dom.development.js:26599:12) Error: Element type is invalid: expected a string (for built-in components) or a class/function (for composite components) but got: undefined. You likely forgot to export your component from the file it&apos;s defined in, or you might have mixed up default and named imports.
    at createFiberFromTypeAndProps [90m(C:\Users\husey\kiro2\frontend\[39mnode_modules\[4mreact-dom[24m\cjs\react-dom.development.js:28478:17[90m)[39m
    at createFiberFromElement [90m(C:\Users\husey\kiro2\frontend\[39mnode_modules\[4mreact-dom[24m\cjs\react-dom.development.js:28504:15[90m)[39m
    at reconcileSingleElement [90m(C:\Users\husey\kiro2\frontend\[39mnode_modules\[4mreact-dom[24m\cjs\react-dom.development.js:13986:23[90m)[39m
    at reconcileChildFibers [90m(C:\Users\husey\kiro2\frontend\[39mnode_modules\[4mreact-dom[24m\cjs\react-dom.development.js:14044:35[90m)[39m
    at reconcileChildren [90m(C:\Users\husey\kiro2\frontend\[39mnode_modules\[4mreact-dom[24m\cjs\react-dom.development.js:19186:28[90m)[39m
    at updateContextProvider [90m(C:\Users\husey\kiro2\frontend\[39mnode_modules\[4mreact-dom[24m\cjs\react-dom.development.js:21193:3[90m)[39m
    at beginWork [90m(C:\Users\husey\kiro2\frontend\[39mnode_modules\[4mreact-dom[24m\cjs\react-dom.development.js:21688:14[90m)[39m
    at HTMLUnknownElement.callCallback [90m(C:\Users\husey\kiro2\frontend\[39mnode_modules\[4mreact-dom[24m\cjs\react-dom.development.js:4164:14[90m)[39m
    at HTMLUnknownElement.callTheUserObjectsOperation [90m(C:\Users\husey\kiro2\frontend\[39mnode_modules\[4mjsdom[24m\lib\jsdom\living\generated\EventListener.js:26:30[90m)[39m
    at innerInvokeEventListeners [90m(C:\Users\husey\kiro2\frontend\[39mnode_modules\[4mjsdom[24m\lib\jsdom\living\events\EventTarget-impl.js:350:25[90m)[39m

            </system-err>
            <failure message="Element type is invalid: expected a string (for built-in components) or a class/function (for composite components) but got: undefined. You likely forgot to export your component from the file it&apos;s defined in, or you might have mixed up default and named imports." type="Error">
Error: Element type is invalid: expected a string (for built-in components) or a class/function (for composite components) but got: undefined. You likely forgot to export your component from the file it&apos;s defined in, or you might have mixed up default and named imports.
 ❯ createFiberFromTypeAndProps node_modules/react-dom/cjs/react-dom.development.js:28478:17
 ❯ createFiberFromElement node_modules/react-dom/cjs/react-dom.development.js:28504:15
 ❯ reconcileSingleElement node_modules/react-dom/cjs/react-dom.development.js:13986:23
 ❯ reconcileChildFibers node_modules/react-dom/cjs/react-dom.development.js:14044:35
 ❯ reconcileChildren node_modules/react-dom/cjs/react-dom.development.js:19186:28
 ❯ updateContextProvider node_modules/react-dom/cjs/react-dom.development.js:21193:3
 ❯ beginWork node_modules/react-dom/cjs/react-dom.development.js:21688:14
 ❯ beginWork$1 node_modules/react-dom/cjs/react-dom.development.js:27465:14
 ❯ performUnitOfWork node_modules/react-dom/cjs/react-dom.development.js:26599:12
 ❯ workLoopSync node_modules/react-dom/cjs/react-dom.development.js:26505:5
            </failure>
        </testcase>
        <testcase classname="src/test/e2e/video-loading-flow.test.tsx" name="Video Loading Flow E2E Tests &gt; User Interaction Tests &gt; YouTube linklerine tıklama çalışır" time="0.0088557">
            <system-err>
Error: Uncaught [Error: Element type is invalid: expected a string (for built-in components) or a class/function (for composite components) but got: undefined. You likely forgot to export your component from the file it&apos;s defined in, or you might have mixed up default and named imports.]
    at reportException (C:\Users\husey\kiro2\frontend\node_modules\jsdom\lib\jsdom\living\helpers\runtime-script-errors.js:66:24)
    at innerInvokeEventListeners (C:\Users\husey\kiro2\frontend\node_modules\jsdom\lib\jsdom\living\events\EventTarget-impl.js:353:9)
    at invokeEventListeners (C:\Users\husey\kiro2\frontend\node_modules\jsdom\lib\jsdom\living\events\EventTarget-impl.js:286:3)
    at HTMLUnknownElementImpl._dispatch (C:\Users\husey\kiro2\frontend\node_modules\jsdom\lib\jsdom\living\events\EventTarget-impl.js:233:9)
    at HTMLUnknownElementImpl.dispatchEvent (C:\Users\husey\kiro2\frontend\node_modules\jsdom\lib\jsdom\living\events\EventTarget-impl.js:104:17)
    at HTMLUnknownElement.dispatchEvent (C:\Users\husey\kiro2\frontend\node_modules\jsdom\lib\jsdom\living\generated\EventTarget.js:241:34)
    at Object.invokeGuardedCallbackDev (C:\Users\husey\kiro2\frontend\node_modules\react-dom\cjs\react-dom.development.js:4213:16)
    at invokeGuardedCallback (C:\Users\husey\kiro2\frontend\node_modules\react-dom\cjs\react-dom.development.js:4277:31)
    at beginWork$1 (C:\Users\husey\kiro2\frontend\node_modules\react-dom\cjs\react-dom.development.js:27490:7)
    at performUnitOfWork (C:\Users\husey\kiro2\frontend\node_modules\react-dom\cjs\react-dom.development.js:26599:12) Error: Element type is invalid: expected a string (for built-in components) or a class/function (for composite components) but got: undefined. You likely forgot to export your component from the file it&apos;s defined in, or you might have mixed up default and named imports.
    at createFiberFromTypeAndProps [90m(C:\Users\husey\kiro2\frontend\[39mnode_modules\[4mreact-dom[24m\cjs\react-dom.development.js:28478:17[90m)[39m
    at createFiberFromElement [90m(C:\Users\husey\kiro2\frontend\[39mnode_modules\[4mreact-dom[24m\cjs\react-dom.development.js:28504:15[90m)[39m
    at reconcileSingleElement [90m(C:\Users\husey\kiro2\frontend\[39mnode_modules\[4mreact-dom[24m\cjs\react-dom.development.js:13986:23[90m)[39m
    at reconcileChildFibers [90m(C:\Users\husey\kiro2\frontend\[39mnode_modules\[4mreact-dom[24m\cjs\react-dom.development.js:14044:35[90m)[39m
    at reconcileChildren [90m(C:\Users\husey\kiro2\frontend\[39mnode_modules\[4mreact-dom[24m\cjs\react-dom.development.js:19186:28[90m)[39m
    at updateContextProvider [90m(C:\Users\husey\kiro2\frontend\[39mnode_modules\[4mreact-dom[24m\cjs\react-dom.development.js:21193:3[90m)[39m
    at beginWork [90m(C:\Users\husey\kiro2\frontend\[39mnode_modules\[4mreact-dom[24m\cjs\react-dom.development.js:21688:14[90m)[39m
    at HTMLUnknownElement.callCallback [90m(C:\Users\husey\kiro2\frontend\[39mnode_modules\[4mreact-dom[24m\cjs\react-dom.development.js:4164:14[90m)[39m
    at HTMLUnknownElement.callTheUserObjectsOperation [90m(C:\Users\husey\kiro2\frontend\[39mnode_modules\[4mjsdom[24m\lib\jsdom\living\generated\EventListener.js:26:30[90m)[39m
    at innerInvokeEventListeners [90m(C:\Users\husey\kiro2\frontend\[39mnode_modules\[4mjsdom[24m\lib\jsdom\living\events\EventTarget-impl.js:350:25[90m)[39m
Error: Uncaught [Error: Element type is invalid: expected a string (for built-in components) or a class/function (for composite components) but got: undefined. You likely forgot to export your component from the file it&apos;s defined in, or you might have mixed up default and named imports.]
    at reportException (C:\Users\husey\kiro2\frontend\node_modules\jsdom\lib\jsdom\living\helpers\runtime-script-errors.js:66:24)
    at innerInvokeEventListeners (C:\Users\husey\kiro2\frontend\node_modules\jsdom\lib\jsdom\living\events\EventTarget-impl.js:353:9)
    at invokeEventListeners (C:\Users\husey\kiro2\frontend\node_modules\jsdom\lib\jsdom\living\events\EventTarget-impl.js:286:3)
    at HTMLUnknownElementImpl._dispatch (C:\Users\husey\kiro2\frontend\node_modules\jsdom\lib\jsdom\living\events\EventTarget-impl.js:233:9)
    at HTMLUnknownElementImpl.dispatchEvent (C:\Users\husey\kiro2\frontend\node_modules\jsdom\lib\jsdom\living\events\EventTarget-impl.js:104:17)
    at HTMLUnknownElement.dispatchEvent (C:\Users\husey\kiro2\frontend\node_modules\jsdom\lib\jsdom\living\generated\EventTarget.js:241:34)
    at Object.invokeGuardedCallbackDev (C:\Users\husey\kiro2\frontend\node_modules\react-dom\cjs\react-dom.development.js:4213:16)
    at invokeGuardedCallback (C:\Users\husey\kiro2\frontend\node_modules\react-dom\cjs\react-dom.development.js:4277:31)
    at beginWork$1 (C:\Users\husey\kiro2\frontend\node_modules\react-dom\cjs\react-dom.development.js:27490:7)
    at performUnitOfWork (C:\Users\husey\kiro2\frontend\node_modules\react-dom\cjs\react-dom.development.js:26599:12) Error: Element type is invalid: expected a string (for built-in components) or a class/function (for composite components) but got: undefined. You likely forgot to export your component from the file it&apos;s defined in, or you might have mixed up default and named imports.
    at createFiberFromTypeAndProps [90m(C:\Users\husey\kiro2\frontend\[39mnode_modules\[4mreact-dom[24m\cjs\react-dom.development.js:28478:17[90m)[39m
    at createFiberFromElement [90m(C:\Users\husey\kiro2\frontend\[39mnode_modules\[4mreact-dom[24m\cjs\react-dom.development.js:28504:15[90m)[39m
    at reconcileSingleElement [90m(C:\Users\husey\kiro2\frontend\[39mnode_modules\[4mreact-dom[24m\cjs\react-dom.development.js:13986:23[90m)[39m
    at reconcileChildFibers [90m(C:\Users\husey\kiro2\frontend\[39mnode_modules\[4mreact-dom[24m\cjs\react-dom.development.js:14044:35[90m)[39m
    at reconcileChildren [90m(C:\Users\husey\kiro2\frontend\[39mnode_modules\[4mreact-dom[24m\cjs\react-dom.development.js:19186:28[90m)[39m
    at updateContextProvider [90m(C:\Users\husey\kiro2\frontend\[39mnode_modules\[4mreact-dom[24m\cjs\react-dom.development.js:21193:3[90m)[39m
    at beginWork [90m(C:\Users\husey\kiro2\frontend\[39mnode_modules\[4mreact-dom[24m\cjs\react-dom.development.js:21688:14[90m)[39m
    at HTMLUnknownElement.callCallback [90m(C:\Users\husey\kiro2\frontend\[39mnode_modules\[4mreact-dom[24m\cjs\react-dom.development.js:4164:14[90m)[39m
    at HTMLUnknownElement.callTheUserObjectsOperation [90m(C:\Users\husey\kiro2\frontend\[39mnode_modules\[4mjsdom[24m\lib\jsdom\living\generated\EventListener.js:26:30[90m)[39m
    at innerInvokeEventListeners [90m(C:\Users\husey\kiro2\frontend\[39mnode_modules\[4mjsdom[24m\lib\jsdom\living\events\EventTarget-impl.js:350:25[90m)[39m

            </system-err>
            <failure message="Element type is invalid: expected a string (for built-in components) or a class/function (for composite components) but got: undefined. You likely forgot to export your component from the file it&apos;s defined in, or you might have mixed up default and named imports." type="Error">
Error: Element type is invalid: expected a string (for built-in components) or a class/function (for composite components) but got: undefined. You likely forgot to export your component from the file it&apos;s defined in, or you might have mixed up default and named imports.
 ❯ createFiberFromTypeAndProps node_modules/react-dom/cjs/react-dom.development.js:28478:17
 ❯ createFiberFromElement node_modules/react-dom/cjs/react-dom.development.js:28504:15
 ❯ reconcileSingleElement node_modules/react-dom/cjs/react-dom.development.js:13986:23
 ❯ reconcileChildFibers node_modules/react-dom/cjs/react-dom.development.js:14044:35
 ❯ reconcileChildren node_modules/react-dom/cjs/react-dom.development.js:19186:28
 ❯ updateContextProvider node_modules/react-dom/cjs/react-dom.development.js:21193:3
 ❯ beginWork node_modules/react-dom/cjs/react-dom.development.js:21688:14
 ❯ beginWork$1 node_modules/react-dom/cjs/react-dom.development.js:27465:14
 ❯ performUnitOfWork node_modules/react-dom/cjs/react-dom.development.js:26599:12
 ❯ workLoopSync node_modules/react-dom/cjs/react-dom.development.js:26505:5
            </failure>
        </testcase>
        <testcase classname="src/test/e2e/video-loading-flow.test.tsx" name="Video Loading Flow E2E Tests &gt; Offline Mode Tests &gt; offline durumunda uygun mesaj gösterir" time="0.0142093">
            <system-err>
Error: Uncaught [Error: Element type is invalid: expected a string (for built-in components) or a class/function (for composite components) but got: undefined. You likely forgot to export your component from the file it&apos;s defined in, or you might have mixed up default and named imports.]
    at reportException (C:\Users\husey\kiro2\frontend\node_modules\jsdom\lib\jsdom\living\helpers\runtime-script-errors.js:66:24)
    at innerInvokeEventListeners (C:\Users\husey\kiro2\frontend\node_modules\jsdom\lib\jsdom\living\events\EventTarget-impl.js:353:9)
    at invokeEventListeners (C:\Users\husey\kiro2\frontend\node_modules\jsdom\lib\jsdom\living\events\EventTarget-impl.js:286:3)
    at HTMLUnknownElementImpl._dispatch (C:\Users\husey\kiro2\frontend\node_modules\jsdom\lib\jsdom\living\events\EventTarget-impl.js:233:9)
    at HTMLUnknownElementImpl.dispatchEvent (C:\Users\husey\kiro2\frontend\node_modules\jsdom\lib\jsdom\living\events\EventTarget-impl.js:104:17)
    at HTMLUnknownElement.dispatchEvent (C:\Users\husey\kiro2\frontend\node_modules\jsdom\lib\jsdom\living\generated\EventTarget.js:241:34)
    at Object.invokeGuardedCallbackDev (C:\Users\husey\kiro2\frontend\node_modules\react-dom\cjs\react-dom.development.js:4213:16)
    at invokeGuardedCallback (C:\Users\husey\kiro2\frontend\node_modules\react-dom\cjs\react-dom.development.js:4277:31)
    at beginWork$1 (C:\Users\husey\kiro2\frontend\node_modules\react-dom\cjs\react-dom.development.js:27490:7)
    at performUnitOfWork (C:\Users\husey\kiro2\frontend\node_modules\react-dom\cjs\react-dom.development.js:26599:12) Error: Element type is invalid: expected a string (for built-in components) or a class/function (for composite components) but got: undefined. You likely forgot to export your component from the file it&apos;s defined in, or you might have mixed up default and named imports.
    at createFiberFromTypeAndProps [90m(C:\Users\husey\kiro2\frontend\[39mnode_modules\[4mreact-dom[24m\cjs\react-dom.development.js:28478:17[90m)[39m
    at createFiberFromElement [90m(C:\Users\husey\kiro2\frontend\[39mnode_modules\[4mreact-dom[24m\cjs\react-dom.development.js:28504:15[90m)[39m
    at reconcileSingleElement [90m(C:\Users\husey\kiro2\frontend\[39mnode_modules\[4mreact-dom[24m\cjs\react-dom.development.js:13986:23[90m)[39m
    at reconcileChildFibers [90m(C:\Users\husey\kiro2\frontend\[39mnode_modules\[4mreact-dom[24m\cjs\react-dom.development.js:14044:35[90m)[39m
    at reconcileChildren [90m(C:\Users\husey\kiro2\frontend\[39mnode_modules\[4mreact-dom[24m\cjs\react-dom.development.js:19186:28[90m)[39m
    at updateContextProvider [90m(C:\Users\husey\kiro2\frontend\[39mnode_modules\[4mreact-dom[24m\cjs\react-dom.development.js:21193:3[90m)[39m
    at beginWork [90m(C:\Users\husey\kiro2\frontend\[39mnode_modules\[4mreact-dom[24m\cjs\react-dom.development.js:21688:14[90m)[39m
    at HTMLUnknownElement.callCallback [90m(C:\Users\husey\kiro2\frontend\[39mnode_modules\[4mreact-dom[24m\cjs\react-dom.development.js:4164:14[90m)[39m
    at HTMLUnknownElement.callTheUserObjectsOperation [90m(C:\Users\husey\kiro2\frontend\[39mnode_modules\[4mjsdom[24m\lib\jsdom\living\generated\EventListener.js:26:30[90m)[39m
    at innerInvokeEventListeners [90m(C:\Users\husey\kiro2\frontend\[39mnode_modules\[4mjsdom[24m\lib\jsdom\living\events\EventTarget-impl.js:350:25[90m)[39m
Error: Uncaught [Error: Element type is invalid: expected a string (for built-in components) or a class/function (for composite components) but got: undefined. You likely forgot to export your component from the file it&apos;s defined in, or you might have mixed up default and named imports.]
    at reportException (C:\Users\husey\kiro2\frontend\node_modules\jsdom\lib\jsdom\living\helpers\runtime-script-errors.js:66:24)
    at innerInvokeEventListeners (C:\Users\husey\kiro2\frontend\node_modules\jsdom\lib\jsdom\living\events\EventTarget-impl.js:353:9)
    at invokeEventListeners (C:\Users\husey\kiro2\frontend\node_modules\jsdom\lib\jsdom\living\events\EventTarget-impl.js:286:3)
    at HTMLUnknownElementImpl._dispatch (C:\Users\husey\kiro2\frontend\node_modules\jsdom\lib\jsdom\living\events\EventTarget-impl.js:233:9)
    at HTMLUnknownElementImpl.dispatchEvent (C:\Users\husey\kiro2\frontend\node_modules\jsdom\lib\jsdom\living\events\EventTarget-impl.js:104:17)
    at HTMLUnknownElement.dispatchEvent (C:\Users\husey\kiro2\frontend\node_modules\jsdom\lib\jsdom\living\generated\EventTarget.js:241:34)
    at Object.invokeGuardedCallbackDev (C:\Users\husey\kiro2\frontend\node_modules\react-dom\cjs\react-dom.development.js:4213:16)
    at invokeGuardedCallback (C:\Users\husey\kiro2\frontend\node_modules\react-dom\cjs\react-dom.development.js:4277:31)
    at beginWork$1 (C:\Users\husey\kiro2\frontend\node_modules\react-dom\cjs\react-dom.development.js:27490:7)
    at performUnitOfWork (C:\Users\husey\kiro2\frontend\node_modules\react-dom\cjs\react-dom.development.js:26599:12) Error: Element type is invalid: expected a string (for built-in components) or a class/function (for composite components) but got: undefined. You likely forgot to export your component from the file it&apos;s defined in, or you might have mixed up default and named imports.
    at createFiberFromTypeAndProps [90m(C:\Users\husey\kiro2\frontend\[39mnode_modules\[4mreact-dom[24m\cjs\react-dom.development.js:28478:17[90m)[39m
    at createFiberFromElement [90m(C:\Users\husey\kiro2\frontend\[39mnode_modules\[4mreact-dom[24m\cjs\react-dom.development.js:28504:15[90m)[39m
    at reconcileSingleElement [90m(C:\Users\husey\kiro2\frontend\[39mnode_modules\[4mreact-dom[24m\cjs\react-dom.development.js:13986:23[90m)[39m
    at reconcileChildFibers [90m(C:\Users\husey\kiro2\frontend\[39mnode_modules\[4mreact-dom[24m\cjs\react-dom.development.js:14044:35[90m)[39m
    at reconcileChildren [90m(C:\Users\husey\kiro2\frontend\[39mnode_modules\[4mreact-dom[24m\cjs\react-dom.development.js:19186:28[90m)[39m
    at updateContextProvider [90m(C:\Users\husey\kiro2\frontend\[39mnode_modules\[4mreact-dom[24m\cjs\react-dom.development.js:21193:3[90m)[39m
    at beginWork [90m(C:\Users\husey\kiro2\frontend\[39mnode_modules\[4mreact-dom[24m\cjs\react-dom.development.js:21688:14[90m)[39m
    at HTMLUnknownElement.callCallback [90m(C:\Users\husey\kiro2\frontend\[39mnode_modules\[4mreact-dom[24m\cjs\react-dom.development.js:4164:14[90m)[39m
    at HTMLUnknownElement.callTheUserObjectsOperation [90m(C:\Users\husey\kiro2\frontend\[39mnode_modules\[4mjsdom[24m\lib\jsdom\living\generated\EventListener.js:26:30[90m)[39m
    at innerInvokeEventListeners [90m(C:\Users\husey\kiro2\frontend\[39mnode_modules\[4mjsdom[24m\lib\jsdom\living\events\EventTarget-impl.js:350:25[90m)[39m

            </system-err>
            <failure message="Element type is invalid: expected a string (for built-in components) or a class/function (for composite components) but got: undefined. You likely forgot to export your component from the file it&apos;s defined in, or you might have mixed up default and named imports." type="Error">
Error: Element type is invalid: expected a string (for built-in components) or a class/function (for composite components) but got: undefined. You likely forgot to export your component from the file it&apos;s defined in, or you might have mixed up default and named imports.
 ❯ createFiberFromTypeAndProps node_modules/react-dom/cjs/react-dom.development.js:28478:17
 ❯ createFiberFromElement node_modules/react-dom/cjs/react-dom.development.js:28504:15
 ❯ reconcileSingleElement node_modules/react-dom/cjs/react-dom.development.js:13986:23
 ❯ reconcileChildFibers node_modules/react-dom/cjs/react-dom.development.js:14044:35
 ❯ reconcileChildren node_modules/react-dom/cjs/react-dom.development.js:19186:28
 ❯ updateContextProvider node_modules/react-dom/cjs/react-dom.development.js:21193:3
 ❯ beginWork node_modules/react-dom/cjs/react-dom.development.js:21688:14
 ❯ beginWork$1 node_modules/react-dom/cjs/react-dom.development.js:27465:14
 ❯ performUnitOfWork node_modules/react-dom/cjs/react-dom.development.js:26599:12
 ❯ workLoopSync node_modules/react-dom/cjs/react-dom.development.js:26505:5
            </failure>
        </testcase>
        <testcase classname="src/test/e2e/video-loading-flow.test.tsx" name="Video Loading Flow E2E Tests &gt; Video Metadata Tests &gt; video metadata doğru gösterilir" time="0.0131917">
            <system-err>
Error: Uncaught [Error: Element type is invalid: expected a string (for built-in components) or a class/function (for composite components) but got: undefined. You likely forgot to export your component from the file it&apos;s defined in, or you might have mixed up default and named imports.]
    at reportException (C:\Users\husey\kiro2\frontend\node_modules\jsdom\lib\jsdom\living\helpers\runtime-script-errors.js:66:24)
    at innerInvokeEventListeners (C:\Users\husey\kiro2\frontend\node_modules\jsdom\lib\jsdom\living\events\EventTarget-impl.js:353:9)
    at invokeEventListeners (C:\Users\husey\kiro2\frontend\node_modules\jsdom\lib\jsdom\living\events\EventTarget-impl.js:286:3)
    at HTMLUnknownElementImpl._dispatch (C:\Users\husey\kiro2\frontend\node_modules\jsdom\lib\jsdom\living\events\EventTarget-impl.js:233:9)
    at HTMLUnknownElementImpl.dispatchEvent (C:\Users\husey\kiro2\frontend\node_modules\jsdom\lib\jsdom\living\events\EventTarget-impl.js:104:17)
    at HTMLUnknownElement.dispatchEvent (C:\Users\husey\kiro2\frontend\node_modules\jsdom\lib\jsdom\living\generated\EventTarget.js:241:34)
    at Object.invokeGuardedCallbackDev (C:\Users\husey\kiro2\frontend\node_modules\react-dom\cjs\react-dom.development.js:4213:16)
    at invokeGuardedCallback (C:\Users\husey\kiro2\frontend\node_modules\react-dom\cjs\react-dom.development.js:4277:31)
    at beginWork$1 (C:\Users\husey\kiro2\frontend\node_modules\react-dom\cjs\react-dom.development.js:27490:7)
    at performUnitOfWork (C:\Users\husey\kiro2\frontend\node_modules\react-dom\cjs\react-dom.development.js:26599:12) Error: Element type is invalid: expected a string (for built-in components) or a class/function (for composite components) but got: undefined. You likely forgot to export your component from the file it&apos;s defined in, or you might have mixed up default and named imports.
    at createFiberFromTypeAndProps [90m(C:\Users\husey\kiro2\frontend\[39mnode_modules\[4mreact-dom[24m\cjs\react-dom.development.js:28478:17[90m)[39m
    at createFiberFromElement [90m(C:\Users\husey\kiro2\frontend\[39mnode_modules\[4mreact-dom[24m\cjs\react-dom.development.js:28504:15[90m)[39m
    at reconcileSingleElement [90m(C:\Users\husey\kiro2\frontend\[39mnode_modules\[4mreact-dom[24m\cjs\react-dom.development.js:13986:23[90m)[39m
    at reconcileChildFibers [90m(C:\Users\husey\kiro2\frontend\[39mnode_modules\[4mreact-dom[24m\cjs\react-dom.development.js:14044:35[90m)[39m
    at reconcileChildren [90m(C:\Users\husey\kiro2\frontend\[39mnode_modules\[4mreact-dom[24m\cjs\react-dom.development.js:19186:28[90m)[39m
    at updateContextProvider [90m(C:\Users\husey\kiro2\frontend\[39mnode_modules\[4mreact-dom[24m\cjs\react-dom.development.js:21193:3[90m)[39m
    at beginWork [90m(C:\Users\husey\kiro2\frontend\[39mnode_modules\[4mreact-dom[24m\cjs\react-dom.development.js:21688:14[90m)[39m
    at HTMLUnknownElement.callCallback [90m(C:\Users\husey\kiro2\frontend\[39mnode_modules\[4mreact-dom[24m\cjs\react-dom.development.js:4164:14[90m)[39m
    at HTMLUnknownElement.callTheUserObjectsOperation [90m(C:\Users\husey\kiro2\frontend\[39mnode_modules\[4mjsdom[24m\lib\jsdom\living\generated\EventListener.js:26:30[90m)[39m
    at innerInvokeEventListeners [90m(C:\Users\husey\kiro2\frontend\[39mnode_modules\[4mjsdom[24m\lib\jsdom\living\events\EventTarget-impl.js:350:25[90m)[39m
Error: Uncaught [Error: Element type is invalid: expected a string (for built-in components) or a class/function (for composite components) but got: undefined. You likely forgot to export your component from the file it&apos;s defined in, or you might have mixed up default and named imports.]
    at reportException (C:\Users\husey\kiro2\frontend\node_modules\jsdom\lib\jsdom\living\helpers\runtime-script-errors.js:66:24)
    at innerInvokeEventListeners (C:\Users\husey\kiro2\frontend\node_modules\jsdom\lib\jsdom\living\events\EventTarget-impl.js:353:9)
    at invokeEventListeners (C:\Users\husey\kiro2\frontend\node_modules\jsdom\lib\jsdom\living\events\EventTarget-impl.js:286:3)
    at HTMLUnknownElementImpl._dispatch (C:\Users\husey\kiro2\frontend\node_modules\jsdom\lib\jsdom\living\events\EventTarget-impl.js:233:9)
    at HTMLUnknownElementImpl.dispatchEvent (C:\Users\husey\kiro2\frontend\node_modules\jsdom\lib\jsdom\living\events\EventTarget-impl.js:104:17)
    at HTMLUnknownElement.dispatchEvent (C:\Users\husey\kiro2\frontend\node_modules\jsdom\lib\jsdom\living\generated\EventTarget.js:241:34)
    at Object.invokeGuardedCallbackDev (C:\Users\husey\kiro2\frontend\node_modules\react-dom\cjs\react-dom.development.js:4213:16)
    at invokeGuardedCallback (C:\Users\husey\kiro2\frontend\node_modules\react-dom\cjs\react-dom.development.js:4277:31)
    at beginWork$1 (C:\Users\husey\kiro2\frontend\node_modules\react-dom\cjs\react-dom.development.js:27490:7)
    at performUnitOfWork (C:\Users\husey\kiro2\frontend\node_modules\react-dom\cjs\react-dom.development.js:26599:12) Error: Element type is invalid: expected a string (for built-in components) or a class/function (for composite components) but got: undefined. You likely forgot to export your component from the file it&apos;s defined in, or you might have mixed up default and named imports.
    at createFiberFromTypeAndProps [90m(C:\Users\husey\kiro2\frontend\[39mnode_modules\[4mreact-dom[24m\cjs\react-dom.development.js:28478:17[90m)[39m
    at createFiberFromElement [90m(C:\Users\husey\kiro2\frontend\[39mnode_modules\[4mreact-dom[24m\cjs\react-dom.development.js:28504:15[90m)[39m
    at reconcileSingleElement [90m(C:\Users\husey\kiro2\frontend\[39mnode_modules\[4mreact-dom[24m\cjs\react-dom.development.js:13986:23[90m)[39m
    at reconcileChildFibers [90m(C:\Users\husey\kiro2\frontend\[39mnode_modules\[4mreact-dom[24m\cjs\react-dom.development.js:14044:35[90m)[39m
    at reconcileChildren [90m(C:\Users\husey\kiro2\frontend\[39mnode_modules\[4mreact-dom[24m\cjs\react-dom.development.js:19186:28[90m)[39m
    at updateContextProvider [90m(C:\Users\husey\kiro2\frontend\[39mnode_modules\[4mreact-dom[24m\cjs\react-dom.development.js:21193:3[90m)[39m
    at beginWork [90m(C:\Users\husey\kiro2\frontend\[39mnode_modules\[4mreact-dom[24m\cjs\react-dom.development.js:21688:14[90m)[39m
    at HTMLUnknownElement.callCallback [90m(C:\Users\husey\kiro2\frontend\[39mnode_modules\[4mreact-dom[24m\cjs\react-dom.development.js:4164:14[90m)[39m
    at HTMLUnknownElement.callTheUserObjectsOperation [90m(C:\Users\husey\kiro2\frontend\[39mnode_modules\[4mjsdom[24m\lib\jsdom\living\generated\EventListener.js:26:30[90m)[39m
    at innerInvokeEventListeners [90m(C:\Users\husey\kiro2\frontend\[39mnode_modules\[4mjsdom[24m\lib\jsdom\living\events\EventTarget-impl.js:350:25[90m)[39m

            </system-err>
            <failure message="Element type is invalid: expected a string (for built-in components) or a class/function (for composite components) but got: undefined. You likely forgot to export your component from the file it&apos;s defined in, or you might have mixed up default and named imports." type="Error">
Error: Element type is invalid: expected a string (for built-in components) or a class/function (for composite components) but got: undefined. You likely forgot to export your component from the file it&apos;s defined in, or you might have mixed up default and named imports.
 ❯ createFiberFromTypeAndProps node_modules/react-dom/cjs/react-dom.development.js:28478:17
 ❯ createFiberFromElement node_modules/react-dom/cjs/react-dom.development.js:28504:15
 ❯ reconcileSingleElement node_modules/react-dom/cjs/react-dom.development.js:13986:23
 ❯ reconcileChildFibers node_modules/react-dom/cjs/react-dom.development.js:14044:35
 ❯ reconcileChildren node_modules/react-dom/cjs/react-dom.development.js:19186:28
 ❯ updateContextProvider node_modules/react-dom/cjs/react-dom.development.js:21193:3
 ❯ beginWork node_modules/react-dom/cjs/react-dom.development.js:21688:14
 ❯ beginWork$1 node_modules/react-dom/cjs/react-dom.development.js:27465:14
 ❯ performUnitOfWork node_modules/react-dom/cjs/react-dom.development.js:26599:12
 ❯ workLoopSync node_modules/react-dom/cjs/react-dom.development.js:26505:5
            </failure>
        </testcase>
        <testcase classname="src/test/e2e/video-loading-flow.test.tsx" name="Video Loading Flow E2E Tests &gt; Video Metadata Tests &gt; subject icons doğru gösterilir" time="0.0109399">
            <system-err>
Error: Uncaught [Error: Element type is invalid: expected a string (for built-in components) or a class/function (for composite components) but got: undefined. You likely forgot to export your component from the file it&apos;s defined in, or you might have mixed up default and named imports.]
    at reportException (C:\Users\husey\kiro2\frontend\node_modules\jsdom\lib\jsdom\living\helpers\runtime-script-errors.js:66:24)
    at innerInvokeEventListeners (C:\Users\husey\kiro2\frontend\node_modules\jsdom\lib\jsdom\living\events\EventTarget-impl.js:353:9)
    at invokeEventListeners (C:\Users\husey\kiro2\frontend\node_modules\jsdom\lib\jsdom\living\events\EventTarget-impl.js:286:3)
    at HTMLUnknownElementImpl._dispatch (C:\Users\husey\kiro2\frontend\node_modules\jsdom\lib\jsdom\living\events\EventTarget-impl.js:233:9)
    at HTMLUnknownElementImpl.dispatchEvent (C:\Users\husey\kiro2\frontend\node_modules\jsdom\lib\jsdom\living\events\EventTarget-impl.js:104:17)
    at HTMLUnknownElement.dispatchEvent (C:\Users\husey\kiro2\frontend\node_modules\jsdom\lib\jsdom\living\generated\EventTarget.js:241:34)
    at Object.invokeGuardedCallbackDev (C:\Users\husey\kiro2\frontend\node_modules\react-dom\cjs\react-dom.development.js:4213:16)
    at invokeGuardedCallback (C:\Users\husey\kiro2\frontend\node_modules\react-dom\cjs\react-dom.development.js:4277:31)
    at beginWork$1 (C:\Users\husey\kiro2\frontend\node_modules\react-dom\cjs\react-dom.development.js:27490:7)
    at performUnitOfWork (C:\Users\husey\kiro2\frontend\node_modules\react-dom\cjs\react-dom.development.js:26599:12) Error: Element type is invalid: expected a string (for built-in components) or a class/function (for composite components) but got: undefined. You likely forgot to export your component from the file it&apos;s defined in, or you might have mixed up default and named imports.
    at createFiberFromTypeAndProps [90m(C:\Users\husey\kiro2\frontend\[39mnode_modules\[4mreact-dom[24m\cjs\react-dom.development.js:28478:17[90m)[39m
    at createFiberFromElement [90m(C:\Users\husey\kiro2\frontend\[39mnode_modules\[4mreact-dom[24m\cjs\react-dom.development.js:28504:15[90m)[39m
    at reconcileSingleElement [90m(C:\Users\husey\kiro2\frontend\[39mnode_modules\[4mreact-dom[24m\cjs\react-dom.development.js:13986:23[90m)[39m
    at reconcileChildFibers [90m(C:\Users\husey\kiro2\frontend\[39mnode_modules\[4mreact-dom[24m\cjs\react-dom.development.js:14044:35[90m)[39m
    at reconcileChildren [90m(C:\Users\husey\kiro2\frontend\[39mnode_modules\[4mreact-dom[24m\cjs\react-dom.development.js:19186:28[90m)[39m
    at updateContextProvider [90m(C:\Users\husey\kiro2\frontend\[39mnode_modules\[4mreact-dom[24m\cjs\react-dom.development.js:21193:3[90m)[39m
    at beginWork [90m(C:\Users\husey\kiro2\frontend\[39mnode_modules\[4mreact-dom[24m\cjs\react-dom.development.js:21688:14[90m)[39m
    at HTMLUnknownElement.callCallback [90m(C:\Users\husey\kiro2\frontend\[39mnode_modules\[4mreact-dom[24m\cjs\react-dom.development.js:4164:14[90m)[39m
    at HTMLUnknownElement.callTheUserObjectsOperation [90m(C:\Users\husey\kiro2\frontend\[39mnode_modules\[4mjsdom[24m\lib\jsdom\living\generated\EventListener.js:26:30[90m)[39m
    at innerInvokeEventListeners [90m(C:\Users\husey\kiro2\frontend\[39mnode_modules\[4mjsdom[24m\lib\jsdom\living\events\EventTarget-impl.js:350:25[90m)[39m
Error: Uncaught [Error: Element type is invalid: expected a string (for built-in components) or a class/function (for composite components) but got: undefined. You likely forgot to export your component from the file it&apos;s defined in, or you might have mixed up default and named imports.]
    at reportException (C:\Users\husey\kiro2\frontend\node_modules\jsdom\lib\jsdom\living\helpers\runtime-script-errors.js:66:24)
    at innerInvokeEventListeners (C:\Users\husey\kiro2\frontend\node_modules\jsdom\lib\jsdom\living\events\EventTarget-impl.js:353:9)
    at invokeEventListeners (C:\Users\husey\kiro2\frontend\node_modules\jsdom\lib\jsdom\living\events\EventTarget-impl.js:286:3)
    at HTMLUnknownElementImpl._dispatch (C:\Users\husey\kiro2\frontend\node_modules\jsdom\lib\jsdom\living\events\EventTarget-impl.js:233:9)
    at HTMLUnknownElementImpl.dispatchEvent (C:\Users\husey\kiro2\frontend\node_modules\jsdom\lib\jsdom\living\events\EventTarget-impl.js:104:17)
    at HTMLUnknownElement.dispatchEvent (C:\Users\husey\kiro2\frontend\node_modules\jsdom\lib\jsdom\living\generated\EventTarget.js:241:34)
    at Object.invokeGuardedCallbackDev (C:\Users\husey\kiro2\frontend\node_modules\react-dom\cjs\react-dom.development.js:4213:16)
    at invokeGuardedCallback (C:\Users\husey\kiro2\frontend\node_modules\react-dom\cjs\react-dom.development.js:4277:31)
    at beginWork$1 (C:\Users\husey\kiro2\frontend\node_modules\react-dom\cjs\react-dom.development.js:27490:7)
    at performUnitOfWork (C:\Users\husey\kiro2\frontend\node_modules\react-dom\cjs\react-dom.development.js:26599:12) Error: Element type is invalid: expected a string (for built-in components) or a class/function (for composite components) but got: undefined. You likely forgot to export your component from the file it&apos;s defined in, or you might have mixed up default and named imports.
    at createFiberFromTypeAndProps [90m(C:\Users\husey\kiro2\frontend\[39mnode_modules\[4mreact-dom[24m\cjs\react-dom.development.js:28478:17[90m)[39m
    at createFiberFromElement [90m(C:\Users\husey\kiro2\frontend\[39mnode_modules\[4mreact-dom[24m\cjs\react-dom.development.js:28504:15[90m)[39m
    at reconcileSingleElement [90m(C:\Users\husey\kiro2\frontend\[39mnode_modules\[4mreact-dom[24m\cjs\react-dom.development.js:13986:23[90m)[39m
    at reconcileChildFibers [90m(C:\Users\husey\kiro2\frontend\[39mnode_modules\[4mreact-dom[24m\cjs\react-dom.development.js:14044:35[90m)[39m
    at reconcileChildren [90m(C:\Users\husey\kiro2\frontend\[39mnode_modules\[4mreact-dom[24m\cjs\react-dom.development.js:19186:28[90m)[39m
    at updateContextProvider [90m(C:\Users\husey\kiro2\frontend\[39mnode_modules\[4mreact-dom[24m\cjs\react-dom.development.js:21193:3[90m)[39m
    at beginWork [90m(C:\Users\husey\kiro2\frontend\[39mnode_modules\[4mreact-dom[24m\cjs\react-dom.development.js:21688:14[90m)[39m
    at HTMLUnknownElement.callCallback [90m(C:\Users\husey\kiro2\frontend\[39mnode_modules\[4mreact-dom[24m\cjs\react-dom.development.js:4164:14[90m)[39m
    at HTMLUnknownElement.callTheUserObjectsOperation [90m(C:\Users\husey\kiro2\frontend\[39mnode_modules\[4mjsdom[24m\lib\jsdom\living\generated\EventListener.js:26:30[90m)[39m
    at innerInvokeEventListeners [90m(C:\Users\husey\kiro2\frontend\[39mnode_modules\[4mjsdom[24m\lib\jsdom\living\events\EventTarget-impl.js:350:25[90m)[39m

            </system-err>
            <failure message="Element type is invalid: expected a string (for built-in components) or a class/function (for composite components) but got: undefined. You likely forgot to export your component from the file it&apos;s defined in, or you might have mixed up default and named imports." type="Error">
Error: Element type is invalid: expected a string (for built-in components) or a class/function (for composite components) but got: undefined. You likely forgot to export your component from the file it&apos;s defined in, or you might have mixed up default and named imports.
 ❯ createFiberFromTypeAndProps node_modules/react-dom/cjs/react-dom.development.js:28478:17
 ❯ createFiberFromElement node_modules/react-dom/cjs/react-dom.development.js:28504:15
 ❯ reconcileSingleElement node_modules/react-dom/cjs/react-dom.development.js:13986:23
 ❯ reconcileChildFibers node_modules/react-dom/cjs/react-dom.development.js:14044:35
 ❯ reconcileChildren node_modules/react-dom/cjs/react-dom.development.js:19186:28
 ❯ updateContextProvider node_modules/react-dom/cjs/react-dom.development.js:21193:3
 ❯ beginWork node_modules/react-dom/cjs/react-dom.development.js:21688:14
 ❯ beginWork$1 node_modules/react-dom/cjs/react-dom.development.js:27465:14
 ❯ performUnitOfWork node_modules/react-dom/cjs/react-dom.development.js:26599:12
 ❯ workLoopSync node_modules/react-dom/cjs/react-dom.development.js:26505:5
            </failure>
        </testcase>
        <testcase classname="src/test/e2e/video-loading-flow.test.tsx" name="Video Loading Flow E2E Tests &gt; Performance Tests &gt; 3 saniyeden kısa sürede yükleme yapar" time="0.0075661">
            <system-err>
Error: Uncaught [Error: Element type is invalid: expected a string (for built-in components) or a class/function (for composite components) but got: undefined. You likely forgot to export your component from the file it&apos;s defined in, or you might have mixed up default and named imports.]
    at reportException (C:\Users\husey\kiro2\frontend\node_modules\jsdom\lib\jsdom\living\helpers\runtime-script-errors.js:66:24)
    at innerInvokeEventListeners (C:\Users\husey\kiro2\frontend\node_modules\jsdom\lib\jsdom\living\events\EventTarget-impl.js:353:9)
    at invokeEventListeners (C:\Users\husey\kiro2\frontend\node_modules\jsdom\lib\jsdom\living\events\EventTarget-impl.js:286:3)
    at HTMLUnknownElementImpl._dispatch (C:\Users\husey\kiro2\frontend\node_modules\jsdom\lib\jsdom\living\events\EventTarget-impl.js:233:9)
    at HTMLUnknownElementImpl.dispatchEvent (C:\Users\husey\kiro2\frontend\node_modules\jsdom\lib\jsdom\living\events\EventTarget-impl.js:104:17)
    at HTMLUnknownElement.dispatchEvent (C:\Users\husey\kiro2\frontend\node_modules\jsdom\lib\jsdom\living\generated\EventTarget.js:241:34)
    at Object.invokeGuardedCallbackDev (C:\Users\husey\kiro2\frontend\node_modules\react-dom\cjs\react-dom.development.js:4213:16)
    at invokeGuardedCallback (C:\Users\husey\kiro2\frontend\node_modules\react-dom\cjs\react-dom.development.js:4277:31)
    at beginWork$1 (C:\Users\husey\kiro2\frontend\node_modules\react-dom\cjs\react-dom.development.js:27490:7)
    at performUnitOfWork (C:\Users\husey\kiro2\frontend\node_modules\react-dom\cjs\react-dom.development.js:26599:12) Error: Element type is invalid: expected a string (for built-in components) or a class/function (for composite components) but got: undefined. You likely forgot to export your component from the file it&apos;s defined in, or you might have mixed up default and named imports.
    at createFiberFromTypeAndProps [90m(C:\Users\husey\kiro2\frontend\[39mnode_modules\[4mreact-dom[24m\cjs\react-dom.development.js:28478:17[90m)[39m
    at createFiberFromElement [90m(C:\Users\husey\kiro2\frontend\[39mnode_modules\[4mreact-dom[24m\cjs\react-dom.development.js:28504:15[90m)[39m
    at reconcileSingleElement [90m(C:\Users\husey\kiro2\frontend\[39mnode_modules\[4mreact-dom[24m\cjs\react-dom.development.js:13986:23[90m)[39m
    at reconcileChildFibers [90m(C:\Users\husey\kiro2\frontend\[39mnode_modules\[4mreact-dom[24m\cjs\react-dom.development.js:14044:35[90m)[39m
    at reconcileChildren [90m(C:\Users\husey\kiro2\frontend\[39mnode_modules\[4mreact-dom[24m\cjs\react-dom.development.js:19186:28[90m)[39m
    at updateContextProvider [90m(C:\Users\husey\kiro2\frontend\[39mnode_modules\[4mreact-dom[24m\cjs\react-dom.development.js:21193:3[90m)[39m
    at beginWork [90m(C:\Users\husey\kiro2\frontend\[39mnode_modules\[4mreact-dom[24m\cjs\react-dom.development.js:21688:14[90m)[39m
    at HTMLUnknownElement.callCallback [90m(C:\Users\husey\kiro2\frontend\[39mnode_modules\[4mreact-dom[24m\cjs\react-dom.development.js:4164:14[90m)[39m
    at HTMLUnknownElement.callTheUserObjectsOperation [90m(C:\Users\husey\kiro2\frontend\[39mnode_modules\[4mjsdom[24m\lib\jsdom\living\generated\EventListener.js:26:30[90m)[39m
    at innerInvokeEventListeners [90m(C:\Users\husey\kiro2\frontend\[39mnode_modules\[4mjsdom[24m\lib\jsdom\living\events\EventTarget-impl.js:350:25[90m)[39m
Error: Uncaught [Error: Element type is invalid: expected a string (for built-in components) or a class/function (for composite components) but got: undefined. You likely forgot to export your component from the file it&apos;s defined in, or you might have mixed up default and named imports.]
    at reportException (C:\Users\husey\kiro2\frontend\node_modules\jsdom\lib\jsdom\living\helpers\runtime-script-errors.js:66:24)
    at innerInvokeEventListeners (C:\Users\husey\kiro2\frontend\node_modules\jsdom\lib\jsdom\living\events\EventTarget-impl.js:353:9)
    at invokeEventListeners (C:\Users\husey\kiro2\frontend\node_modules\jsdom\lib\jsdom\living\events\EventTarget-impl.js:286:3)
    at HTMLUnknownElementImpl._dispatch (C:\Users\husey\kiro2\frontend\node_modules\jsdom\lib\jsdom\living\events\EventTarget-impl.js:233:9)
    at HTMLUnknownElementImpl.dispatchEvent (C:\Users\husey\kiro2\frontend\node_modules\jsdom\lib\jsdom\living\events\EventTarget-impl.js:104:17)
    at HTMLUnknownElement.dispatchEvent (C:\Users\husey\kiro2\frontend\node_modules\jsdom\lib\jsdom\living\generated\EventTarget.js:241:34)
    at Object.invokeGuardedCallbackDev (C:\Users\husey\kiro2\frontend\node_modules\react-dom\cjs\react-dom.development.js:4213:16)
    at invokeGuardedCallback (C:\Users\husey\kiro2\frontend\node_modules\react-dom\cjs\react-dom.development.js:4277:31)
    at beginWork$1 (C:\Users\husey\kiro2\frontend\node_modules\react-dom\cjs\react-dom.development.js:27490:7)
    at performUnitOfWork (C:\Users\husey\kiro2\frontend\node_modules\react-dom\cjs\react-dom.development.js:26599:12) Error: Element type is invalid: expected a string (for built-in components) or a class/function (for composite components) but got: undefined. You likely forgot to export your component from the file it&apos;s defined in, or you might have mixed up default and named imports.
    at createFiberFromTypeAndProps [90m(C:\Users\husey\kiro2\frontend\[39mnode_modules\[4mreact-dom[24m\cjs\react-dom.development.js:28478:17[90m)[39m
    at createFiberFromElement [90m(C:\Users\husey\kiro2\frontend\[39mnode_modules\[4mreact-dom[24m\cjs\react-dom.development.js:28504:15[90m)[39m
    at reconcileSingleElement [90m(C:\Users\husey\kiro2\frontend\[39mnode_modules\[4mreact-dom[24m\cjs\react-dom.development.js:13986:23[90m)[39m
    at reconcileChildFibers [90m(C:\Users\husey\kiro2\frontend\[39mnode_modules\[4mreact-dom[24m\cjs\react-dom.development.js:14044:35[90m)[39m
    at reconcileChildren [90m(C:\Users\husey\kiro2\frontend\[39mnode_modules\[4mreact-dom[24m\cjs\react-dom.development.js:19186:28[90m)[39m
    at updateContextProvider [90m(C:\Users\husey\kiro2\frontend\[39mnode_modules\[4mreact-dom[24m\cjs\react-dom.development.js:21193:3[90m)[39m
    at beginWork [90m(C:\Users\husey\kiro2\frontend\[39mnode_modules\[4mreact-dom[24m\cjs\react-dom.development.js:21688:14[90m)[39m
    at HTMLUnknownElement.callCallback [90m(C:\Users\husey\kiro2\frontend\[39mnode_modules\[4mreact-dom[24m\cjs\react-dom.development.js:4164:14[90m)[39m
    at HTMLUnknownElement.callTheUserObjectsOperation [90m(C:\Users\husey\kiro2\frontend\[39mnode_modules\[4mjsdom[24m\lib\jsdom\living\generated\EventListener.js:26:30[90m)[39m
    at innerInvokeEventListeners [90m(C:\Users\husey\kiro2\frontend\[39mnode_modules\[4mjsdom[24m\lib\jsdom\living\events\EventTarget-impl.js:350:25[90m)[39m

            </system-err>
            <failure message="Element type is invalid: expected a string (for built-in components) or a class/function (for composite components) but got: undefined. You likely forgot to export your component from the file it&apos;s defined in, or you might have mixed up default and named imports." type="Error">
Error: Element type is invalid: expected a string (for built-in components) or a class/function (for composite components) but got: undefined. You likely forgot to export your component from the file it&apos;s defined in, or you might have mixed up default and named imports.
 ❯ createFiberFromTypeAndProps node_modules/react-dom/cjs/react-dom.development.js:28478:17
 ❯ createFiberFromElement node_modules/react-dom/cjs/react-dom.development.js:28504:15
 ❯ reconcileSingleElement node_modules/react-dom/cjs/react-dom.development.js:13986:23
 ❯ reconcileChildFibers node_modules/react-dom/cjs/react-dom.development.js:14044:35
 ❯ reconcileChildren node_modules/react-dom/cjs/react-dom.development.js:19186:28
 ❯ updateContextProvider node_modules/react-dom/cjs/react-dom.development.js:21193:3
 ❯ beginWork node_modules/react-dom/cjs/react-dom.development.js:21688:14
 ❯ beginWork$1 node_modules/react-dom/cjs/react-dom.development.js:27465:14
 ❯ performUnitOfWork node_modules/react-dom/cjs/react-dom.development.js:26599:12
 ❯ workLoopSync node_modules/react-dom/cjs/react-dom.development.js:26505:5
            </failure>
        </testcase>
        <testcase classname="src/test/e2e/video-loading-flow.test.tsx" name="Video Loading Flow E2E Tests &gt; Performance Tests &gt; response time metriğini gösterir" time="0.0068537">
            <system-err>
Error: Uncaught [Error: Element type is invalid: expected a string (for built-in components) or a class/function (for composite components) but got: undefined. You likely forgot to export your component from the file it&apos;s defined in, or you might have mixed up default and named imports.]
    at reportException (C:\Users\husey\kiro2\frontend\node_modules\jsdom\lib\jsdom\living\helpers\runtime-script-errors.js:66:24)
    at innerInvokeEventListeners (C:\Users\husey\kiro2\frontend\node_modules\jsdom\lib\jsdom\living\events\EventTarget-impl.js:353:9)
    at invokeEventListeners (C:\Users\husey\kiro2\frontend\node_modules\jsdom\lib\jsdom\living\events\EventTarget-impl.js:286:3)
    at HTMLUnknownElementImpl._dispatch (C:\Users\husey\kiro2\frontend\node_modules\jsdom\lib\jsdom\living\events\EventTarget-impl.js:233:9)
    at HTMLUnknownElementImpl.dispatchEvent (C:\Users\husey\kiro2\frontend\node_modules\jsdom\lib\jsdom\living\events\EventTarget-impl.js:104:17)
    at HTMLUnknownElement.dispatchEvent (C:\Users\husey\kiro2\frontend\node_modules\jsdom\lib\jsdom\living\generated\EventTarget.js:241:34)
    at Object.invokeGuardedCallbackDev (C:\Users\husey\kiro2\frontend\node_modules\react-dom\cjs\react-dom.development.js:4213:16)
    at invokeGuardedCallback (C:\Users\husey\kiro2\frontend\node_modules\react-dom\cjs\react-dom.development.js:4277:31)
    at beginWork$1 (C:\Users\husey\kiro2\frontend\node_modules\react-dom\cjs\react-dom.development.js:27490:7)
    at performUnitOfWork (C:\Users\husey\kiro2\frontend\node_modules\react-dom\cjs\react-dom.development.js:26599:12) Error: Element type is invalid: expected a string (for built-in components) or a class/function (for composite components) but got: undefined. You likely forgot to export your component from the file it&apos;s defined in, or you might have mixed up default and named imports.
    at createFiberFromTypeAndProps [90m(C:\Users\husey\kiro2\frontend\[39mnode_modules\[4mreact-dom[24m\cjs\react-dom.development.js:28478:17[90m)[39m
    at createFiberFromElement [90m(C:\Users\husey\kiro2\frontend\[39mnode_modules\[4mreact-dom[24m\cjs\react-dom.development.js:28504:15[90m)[39m
    at reconcileSingleElement [90m(C:\Users\husey\kiro2\frontend\[39mnode_modules\[4mreact-dom[24m\cjs\react-dom.development.js:13986:23[90m)[39m
    at reconcileChildFibers [90m(C:\Users\husey\kiro2\frontend\[39mnode_modules\[4mreact-dom[24m\cjs\react-dom.development.js:14044:35[90m)[39m
    at reconcileChildren [90m(C:\Users\husey\kiro2\frontend\[39mnode_modules\[4mreact-dom[24m\cjs\react-dom.development.js:19186:28[90m)[39m
    at updateContextProvider [90m(C:\Users\husey\kiro2\frontend\[39mnode_modules\[4mreact-dom[24m\cjs\react-dom.development.js:21193:3[90m)[39m
    at beginWork [90m(C:\Users\husey\kiro2\frontend\[39mnode_modules\[4mreact-dom[24m\cjs\react-dom.development.js:21688:14[90m)[39m
    at HTMLUnknownElement.callCallback [90m(C:\Users\husey\kiro2\frontend\[39mnode_modules\[4mreact-dom[24m\cjs\react-dom.development.js:4164:14[90m)[39m
    at HTMLUnknownElement.callTheUserObjectsOperation [90m(C:\Users\husey\kiro2\frontend\[39mnode_modules\[4mjsdom[24m\lib\jsdom\living\generated\EventListener.js:26:30[90m)[39m
    at innerInvokeEventListeners [90m(C:\Users\husey\kiro2\frontend\[39mnode_modules\[4mjsdom[24m\lib\jsdom\living\events\EventTarget-impl.js:350:25[90m)[39m
Error: Uncaught [Error: Element type is invalid: expected a string (for built-in components) or a class/function (for composite components) but got: undefined. You likely forgot to export your component from the file it&apos;s defined in, or you might have mixed up default and named imports.]
    at reportException (C:\Users\husey\kiro2\frontend\node_modules\jsdom\lib\jsdom\living\helpers\runtime-script-errors.js:66:24)
    at innerInvokeEventListeners (C:\Users\husey\kiro2\frontend\node_modules\jsdom\lib\jsdom\living\events\EventTarget-impl.js:353:9)
    at invokeEventListeners (C:\Users\husey\kiro2\frontend\node_modules\jsdom\lib\jsdom\living\events\EventTarget-impl.js:286:3)
    at HTMLUnknownElementImpl._dispatch (C:\Users\husey\kiro2\frontend\node_modules\jsdom\lib\jsdom\living\events\EventTarget-impl.js:233:9)
    at HTMLUnknownElementImpl.dispatchEvent (C:\Users\husey\kiro2\frontend\node_modules\jsdom\lib\jsdom\living\events\EventTarget-impl.js:104:17)
    at HTMLUnknownElement.dispatchEvent (C:\Users\husey\kiro2\frontend\node_modules\jsdom\lib\jsdom\living\generated\EventTarget.js:241:34)
    at Object.invokeGuardedCallbackDev (C:\Users\husey\kiro2\frontend\node_modules\react-dom\cjs\react-dom.development.js:4213:16)
    at invokeGuardedCallback (C:\Users\husey\kiro2\frontend\node_modules\react-dom\cjs\react-dom.development.js:4277:31)
    at beginWork$1 (C:\Users\husey\kiro2\frontend\node_modules\react-dom\cjs\react-dom.development.js:27490:7)
    at performUnitOfWork (C:\Users\husey\kiro2\frontend\node_modules\react-dom\cjs\react-dom.development.js:26599:12) Error: Element type is invalid: expected a string (for built-in components) or a class/function (for composite components) but got: undefined. You likely forgot to export your component from the file it&apos;s defined in, or you might have mixed up default and named imports.
    at createFiberFromTypeAndProps [90m(C:\Users\husey\kiro2\frontend\[39mnode_modules\[4mreact-dom[24m\cjs\react-dom.development.js:28478:17[90m)[39m
    at createFiberFromElement [90m(C:\Users\husey\kiro2\frontend\[39mnode_modules\[4mreact-dom[24m\cjs\react-dom.development.js:28504:15[90m)[39m
    at reconcileSingleElement [90m(C:\Users\husey\kiro2\frontend\[39mnode_modules\[4mreact-dom[24m\cjs\react-dom.development.js:13986:23[90m)[39m
    at reconcileChildFibers [90m(C:\Users\husey\kiro2\frontend\[39mnode_modules\[4mreact-dom[24m\cjs\react-dom.development.js:14044:35[90m)[39m
    at reconcileChildren [90m(C:\Users\husey\kiro2\frontend\[39mnode_modules\[4mreact-dom[24m\cjs\react-dom.development.js:19186:28[90m)[39m
    at updateContextProvider [90m(C:\Users\husey\kiro2\frontend\[39mnode_modules\[4mreact-dom[24m\cjs\react-dom.development.js:21193:3[90m)[39m
    at beginWork [90m(C:\Users\husey\kiro2\frontend\[39mnode_modules\[4mreact-dom[24m\cjs\react-dom.development.js:21688:14[90m)[39m
    at HTMLUnknownElement.callCallback [90m(C:\Users\husey\kiro2\frontend\[39mnode_modules\[4mreact-dom[24m\cjs\react-dom.development.js:4164:14[90m)[39m
    at HTMLUnknownElement.callTheUserObjectsOperation [90m(C:\Users\husey\kiro2\frontend\[39mnode_modules\[4mjsdom[24m\lib\jsdom\living\generated\EventListener.js:26:30[90m)[39m
    at innerInvokeEventListeners [90m(C:\Users\husey\kiro2\frontend\[39mnode_modules\[4mjsdom[24m\lib\jsdom\living\events\EventTarget-impl.js:350:25[90m)[39m

            </system-err>
            <failure message="Element type is invalid: expected a string (for built-in components) or a class/function (for composite components) but got: undefined. You likely forgot to export your component from the file it&apos;s defined in, or you might have mixed up default and named imports." type="Error">
Error: Element type is invalid: expected a string (for built-in components) or a class/function (for composite components) but got: undefined. You likely forgot to export your component from the file it&apos;s defined in, or you might have mixed up default and named imports.
 ❯ createFiberFromTypeAndProps node_modules/react-dom/cjs/react-dom.development.js:28478:17
 ❯ createFiberFromElement node_modules/react-dom/cjs/react-dom.development.js:28504:15
 ❯ reconcileSingleElement node_modules/react-dom/cjs/react-dom.development.js:13986:23
 ❯ reconcileChildFibers node_modules/react-dom/cjs/react-dom.development.js:14044:35
 ❯ reconcileChildren node_modules/react-dom/cjs/react-dom.development.js:19186:28
 ❯ updateContextProvider node_modules/react-dom/cjs/react-dom.development.js:21193:3
 ❯ beginWork node_modules/react-dom/cjs/react-dom.development.js:21688:14
 ❯ beginWork$1 node_modules/react-dom/cjs/react-dom.development.js:27465:14
 ❯ performUnitOfWork node_modules/react-dom/cjs/react-dom.development.js:26599:12
 ❯ workLoopSync node_modules/react-dom/cjs/react-dom.development.js:26505:5
            </failure>
        </testcase>
    </testsuite>
    <testsuite name="src/components/Accessibility/Dyscalculia/ColorCoding.test.tsx" timestamp="2025-11-14T16:56:52.622Z" hostname="ates" tests="24" failures="0" errors="0" skipped="0" time="1.7320035">
        <testcase classname="src/components/Accessibility/Dyscalculia/ColorCoding.test.tsx" name="ColorCoding Component - Task 86.4: Değişken/Sabit Renkleri &gt; REQ-51.76: Variable Highlighting &gt; değişkenleri doğru renk ile vurgular" time="0.4482286">
        </testcase>
        <testcase classname="src/components/Accessibility/Dyscalculia/ColorCoding.test.tsx" name="ColorCoding Component - Task 86.4: Değişken/Sabit Renkleri &gt; REQ-51.76: Variable Highlighting &gt; birden fazla değişkeni ayırt eder" time="0.0247014">
        </testcase>
        <testcase classname="src/components/Accessibility/Dyscalculia/ColorCoding.test.tsx" name="ColorCoding Component - Task 86.4: Değişken/Sabit Renkleri &gt; REQ-51.76: Variable Highlighting &gt; büyük harf değişkenleri de tanır" time="0.0227114">
        </testcase>
        <testcase classname="src/components/Accessibility/Dyscalculia/ColorCoding.test.tsx" name="ColorCoding Component - Task 86.4: Değişken/Sabit Renkleri &gt; REQ-51.77: Constant Identification &gt; π sabitini tanır ve doğru renk ile gösterir" time="0.122393">
        </testcase>
        <testcase classname="src/components/Accessibility/Dyscalculia/ColorCoding.test.tsx" name="ColorCoding Component - Task 86.4: Değişken/Sabit Renkleri &gt; REQ-51.77: Constant Identification &gt; e sabitini tanır" time="0.1117084">
        </testcase>
        <testcase classname="src/components/Accessibility/Dyscalculia/ColorCoding.test.tsx" name="ColorCoding Component - Task 86.4: Değişken/Sabit Renkleri &gt; REQ-51.77: Constant Identification &gt; sabitleri değişkenlerden ayırt eder" time="0.0208833">
        </testcase>
        <testcase classname="src/components/Accessibility/Dyscalculia/ColorCoding.test.tsx" name="ColorCoding Component - Task 86.4: Değişken/Sabit Renkleri &gt; REQ-51.78: Coefficient Distinction &gt; katsayıları doğru renk ile gösterir" time="0.1256716">
        </testcase>
        <testcase classname="src/components/Accessibility/Dyscalculia/ColorCoding.test.tsx" name="ColorCoding Component - Task 86.4: Değişken/Sabit Renkleri &gt; REQ-51.78: Coefficient Distinction &gt; katsayı ve değişkeni ayrı token olarak işler" time="0.0279365">
        </testcase>
        <testcase classname="src/components/Accessibility/Dyscalculia/ColorCoding.test.tsx" name="ColorCoding Component - Task 86.4: Değişken/Sabit Renkleri &gt; REQ-51.78: Coefficient Distinction &gt; ondalık katsayıları işler" time="0.0233975">
        </testcase>
        <testcase classname="src/components/Accessibility/Dyscalculia/ColorCoding.test.tsx" name="ColorCoding Component - Task 86.4: Değişken/Sabit Renkleri &gt; REQ-51.78: Coefficient Distinction &gt; katsayısız değişkenleri doğru işler" time="0.0202746">
        </testcase>
        <testcase classname="src/components/Accessibility/Dyscalculia/ColorCoding.test.tsx" name="ColorCoding Component - Task 86.4: Değişken/Sabit Renkleri &gt; REQ-51.79: Karmaşık İfadeler &gt; değişken, sabit ve katsayıları birlikte işler" time="0.0258947">
        </testcase>
        <testcase classname="src/components/Accessibility/Dyscalculia/ColorCoding.test.tsx" name="ColorCoding Component - Task 86.4: Değişken/Sabit Renkleri &gt; REQ-51.79: Karmaşık İfadeler &gt; parantezli ifadelerde doğru çalışır" time="0.0424258">
        </testcase>
        <testcase classname="src/components/Accessibility/Dyscalculia/ColorCoding.test.tsx" name="ColorCoding Component - Task 86.4: Değişken/Sabit Renkleri &gt; REQ-51.79: Karmaşık İfadeler &gt; çoklu katsayılı ifadeleri işler" time="0.0189991">
        </testcase>
        <testcase classname="src/components/Accessibility/Dyscalculia/ColorCoding.test.tsx" name="ColorCoding Component - Task 86.4: Değişken/Sabit Renkleri &gt; REQ-51.80: Renk Şemaları &gt; özel renk ayarlarını uygular" time="0.1098734">
        </testcase>
        <testcase classname="src/components/Accessibility/Dyscalculia/ColorCoding.test.tsx" name="ColorCoding Component - Task 86.4: Değişken/Sabit Renkleri &gt; REQ-51.80: Renk Şemaları &gt; yüksek kontrast modunda doğru renkleri kullanır" time="0.1183021">
        </testcase>
        <testcase classname="src/components/Accessibility/Dyscalculia/ColorCoding.test.tsx" name="ColorCoding Component - Task 86.4: Değişken/Sabit Renkleri &gt; REQ-51.80: Renk Şemaları &gt; renk körlüğü dostu modda uygun renkleri kullanır" time="0.123825">
        </testcase>
        <testcase classname="src/components/Accessibility/Dyscalculia/ColorCoding.test.tsx" name="ColorCoding Component - Task 86.4: Değişken/Sabit Renkleri &gt; Erişilebilirlik &gt; ARIA etiketleri içerir" time="0.0780242">
        </testcase>
        <testcase classname="src/components/Accessibility/Dyscalculia/ColorCoding.test.tsx" name="ColorCoding Component - Task 86.4: Değişken/Sabit Renkleri &gt; Erişilebilirlik &gt; özel ARIA etiketi kullanır" time="0.0656856">
        </testcase>
        <testcase classname="src/components/Accessibility/Dyscalculia/ColorCoding.test.tsx" name="ColorCoding Component - Task 86.4: Değişken/Sabit Renkleri &gt; Erişilebilirlik &gt; renk açıklaması gösterir" time="0.1098249">
        </testcase>
        <testcase classname="src/components/Accessibility/Dyscalculia/ColorCoding.test.tsx" name="ColorCoding Component - Task 86.4: Değişken/Sabit Renkleri &gt; Erişilebilirlik &gt; renk açıklamasını gizleyebilir" time="0.0050523">
        </testcase>
        <testcase classname="src/components/Accessibility/Dyscalculia/ColorCoding.test.tsx" name="ColorCoding Component - Task 86.4: Değişken/Sabit Renkleri &gt; Edge Cases &gt; boş ifadeyi işler" time="0.0165533">
        </testcase>
        <testcase classname="src/components/Accessibility/Dyscalculia/ColorCoding.test.tsx" name="ColorCoding Component - Task 86.4: Değişken/Sabit Renkleri &gt; Edge Cases &gt; sadece boşluk içeren ifadeyi işler" time="0.0177142">
        </testcase>
        <testcase classname="src/components/Accessibility/Dyscalculia/ColorCoding.test.tsx" name="ColorCoding Component - Task 86.4: Değişken/Sabit Renkleri &gt; Edge Cases &gt; özel karakterleri işler" time="0.0218644">
        </testcase>
        <testcase classname="src/components/Accessibility/Dyscalculia/ColorCoding.test.tsx" name="ColorCoding Component - Task 86.4: Değişken/Sabit Renkleri &gt; Edge Cases &gt; özel karakterleri text olarak işler" time="0.0196155">
        </testcase>
    </testsuite>
    <testsuite name="src/components/AIChatAssistant/__tests__/AIChatAssistant.test.tsx" timestamp="2025-11-14T16:56:52.626Z" hostname="ates" tests="30" failures="25" errors="0" skipped="0" time="23.6203225">
        <testcase classname="src/components/AIChatAssistant/__tests__/AIChatAssistant.test.tsx" name="AIChatAssistant - Rendering &gt; renders chat interface" time="1.0738657">
            <system-err>
Error: Uncaught [TypeError: messagesEndRef.current?.scrollIntoView is not a function]
    at reportException (C:\Users\husey\kiro2\frontend\node_modules\jsdom\lib\jsdom\living\helpers\runtime-script-errors.js:66:24)
    at innerInvokeEventListeners (C:\Users\husey\kiro2\frontend\node_modules\jsdom\lib\jsdom\living\events\EventTarget-impl.js:353:9)
    at invokeEventListeners (C:\Users\husey\kiro2\frontend\node_modules\jsdom\lib\jsdom\living\events\EventTarget-impl.js:286:3)
    at HTMLUnknownElementImpl._dispatch (C:\Users\husey\kiro2\frontend\node_modules\jsdom\lib\jsdom\living\events\EventTarget-impl.js:233:9)
    at HTMLUnknownElementImpl.dispatchEvent (C:\Users\husey\kiro2\frontend\node_modules\jsdom\lib\jsdom\living\events\EventTarget-impl.js:104:17)
    at HTMLUnknownElement.dispatchEvent (C:\Users\husey\kiro2\frontend\node_modules\jsdom\lib\jsdom\living\generated\EventTarget.js:241:34)
    at Object.invokeGuardedCallbackDev (C:\Users\husey\kiro2\frontend\node_modules\react-dom\cjs\react-dom.development.js:4213:16)
    at invokeGuardedCallback (C:\Users\husey\kiro2\frontend\node_modules\react-dom\cjs\react-dom.development.js:4277:31)
    at reportUncaughtErrorInDEV (C:\Users\husey\kiro2\frontend\node_modules\react-dom\cjs\react-dom.development.js:22877:5)
    at captureCommitPhaseError (C:\Users\husey\kiro2\frontend\node_modules\react-dom\cjs\react-dom.development.js:27165:5) TypeError: messagesEndRef.current?.scrollIntoView is not a function
    at scrollToBottom [90m(C:\Users\husey\kiro2\frontend\[39msrc\components\AIChatAssistant\AIChatAssistant.tsx:128:29[90m)[39m
    at [90mC:\Users\husey\kiro2\frontend\[39msrc\components\AIChatAssistant\AIChatAssistant.tsx:124:5
    at commitHookEffectListMount [90m(C:\Users\husey\kiro2\frontend\[39mnode_modules\[4mreact-dom[24m\cjs\react-dom.development.js:23189:26[90m)[39m
    at commitPassiveMountOnFiber [90m(C:\Users\husey\kiro2\frontend\[39mnode_modules\[4mreact-dom[24m\cjs\react-dom.development.js:24970:11[90m)[39m
    at commitPassiveMountEffects_complete [90m(C:\Users\husey\kiro2\frontend\[39mnode_modules\[4mreact-dom[24m\cjs\react-dom.development.js:24930:9[90m)[39m
    at commitPassiveMountEffects_begin [90m(C:\Users\husey\kiro2\frontend\[39mnode_modules\[4mreact-dom[24m\cjs\react-dom.development.js:24917:7[90m)[39m
    at commitPassiveMountEffects [90m(C:\Users\husey\kiro2\frontend\[39mnode_modules\[4mreact-dom[24m\cjs\react-dom.development.js:24905:3[90m)[39m
    at flushPassiveEffectsImpl [90m(C:\Users\husey\kiro2\frontend\[39mnode_modules\[4mreact-dom[24m\cjs\react-dom.development.js:27078:3[90m)[39m
    at flushPassiveEffects [90m(C:\Users\husey\kiro2\frontend\[39mnode_modules\[4mreact-dom[24m\cjs\react-dom.development.js:27023:14[90m)[39m
    at [90mC:\Users\husey\kiro2\frontend\[39mnode_modules\[4mreact-dom[24m\cjs\react-dom.development.js:26808:9

            </system-err>
            <failure message="Unable to find an element with the text: Matematik Çalışması. This could be because the text is broken up by multiple elements. In this case, you can provide a function for your text matcher to make your matcher more flexible.

Ignored nodes: comments, script, style
[36m&lt;body&gt;[39m
  [36m&lt;div /&gt;[39m
[36m&lt;/body&gt;[39m

Ignored nodes: comments, script, style
[36m&lt;html&gt;[39m
  [36m&lt;head /&gt;[39m
  [36m&lt;body&gt;[39m
    [36m&lt;div /&gt;[39m
  [36m&lt;/body&gt;[39m
[36m&lt;/html&gt;[39m" type="TestingLibraryElementError">
TestingLibraryElementError: Unable to find an element with the text: Matematik Çalışması. This could be because the text is broken up by multiple elements. In this case, you can provide a function for your text matcher to make your matcher more flexible.

Ignored nodes: comments, script, style
&lt;body&gt;
  &lt;div /&gt;
&lt;/body&gt;

Ignored nodes: comments, script, style
&lt;html&gt;
  &lt;head /&gt;
  &lt;body&gt;
    &lt;div /&gt;
  &lt;/body&gt;
&lt;/html&gt;
 ❯ waitForWrapper node_modules/@testing-library/react/node_modules/@testing-library/dom/dist/wait-for.js:163:27
 ❯ src/components/AIChatAssistant/__tests__/AIChatAssistant.test.tsx:58:11
            </failure>
        </testcase>
        <testcase classname="src/components/AIChatAssistant/__tests__/AIChatAssistant.test.tsx" name="AIChatAssistant - Rendering &gt; displays message input" time="1.0248103">
            <system-err>
Error: Uncaught [TypeError: messagesEndRef.current?.scrollIntoView is not a function]
    at reportException (C:\Users\husey\kiro2\frontend\node_modules\jsdom\lib\jsdom\living\helpers\runtime-script-errors.js:66:24)
    at innerInvokeEventListeners (C:\Users\husey\kiro2\frontend\node_modules\jsdom\lib\jsdom\living\events\EventTarget-impl.js:353:9)
    at invokeEventListeners (C:\Users\husey\kiro2\frontend\node_modules\jsdom\lib\jsdom\living\events\EventTarget-impl.js:286:3)
    at HTMLUnknownElementImpl._dispatch (C:\Users\husey\kiro2\frontend\node_modules\jsdom\lib\jsdom\living\events\EventTarget-impl.js:233:9)
    at HTMLUnknownElementImpl.dispatchEvent (C:\Users\husey\kiro2\frontend\node_modules\jsdom\lib\jsdom\living\events\EventTarget-impl.js:104:17)
    at HTMLUnknownElement.dispatchEvent (C:\Users\husey\kiro2\frontend\node_modules\jsdom\lib\jsdom\living\generated\EventTarget.js:241:34)
    at Object.invokeGuardedCallbackDev (C:\Users\husey\kiro2\frontend\node_modules\react-dom\cjs\react-dom.development.js:4213:16)
    at invokeGuardedCallback (C:\Users\husey\kiro2\frontend\node_modules\react-dom\cjs\react-dom.development.js:4277:31)
    at reportUncaughtErrorInDEV (C:\Users\husey\kiro2\frontend\node_modules\react-dom\cjs\react-dom.development.js:22877:5)
    at captureCommitPhaseError (C:\Users\husey\kiro2\frontend\node_modules\react-dom\cjs\react-dom.development.js:27165:5) TypeError: messagesEndRef.current?.scrollIntoView is not a function
    at scrollToBottom [90m(C:\Users\husey\kiro2\frontend\[39msrc\components\AIChatAssistant\AIChatAssistant.tsx:128:29[90m)[39m
    at [90mC:\Users\husey\kiro2\frontend\[39msrc\components\AIChatAssistant\AIChatAssistant.tsx:124:5
    at commitHookEffectListMount [90m(C:\Users\husey\kiro2\frontend\[39mnode_modules\[4mreact-dom[24m\cjs\react-dom.development.js:23189:26[90m)[39m
    at commitPassiveMountOnFiber [90m(C:\Users\husey\kiro2\frontend\[39mnode_modules\[4mreact-dom[24m\cjs\react-dom.development.js:24970:11[90m)[39m
    at commitPassiveMountEffects_complete [90m(C:\Users\husey\kiro2\frontend\[39mnode_modules\[4mreact-dom[24m\cjs\react-dom.development.js:24930:9[90m)[39m
    at commitPassiveMountEffects_begin [90m(C:\Users\husey\kiro2\frontend\[39mnode_modules\[4mreact-dom[24m\cjs\react-dom.development.js:24917:7[90m)[39m
    at commitPassiveMountEffects [90m(C:\Users\husey\kiro2\frontend\[39mnode_modules\[4mreact-dom[24m\cjs\react-dom.development.js:24905:3[90m)[39m
    at flushPassiveEffectsImpl [90m(C:\Users\husey\kiro2\frontend\[39mnode_modules\[4mreact-dom[24m\cjs\react-dom.development.js:27078:3[90m)[39m
    at flushPassiveEffects [90m(C:\Users\husey\kiro2\frontend\[39mnode_modules\[4mreact-dom[24m\cjs\react-dom.development.js:27023:14[90m)[39m
    at [90mC:\Users\husey\kiro2\frontend\[39mnode_modules\[4mreact-dom[24m\cjs\react-dom.development.js:26808:9

            </system-err>
            <failure message="Unable to find an element with the placeholder text of: /Mesajınızı yazın/i

Ignored nodes: comments, script, style
[36m&lt;body&gt;[39m
  [36m&lt;div /&gt;[39m
[36m&lt;/body&gt;[39m

Ignored nodes: comments, script, style
[36m&lt;html&gt;[39m
  [36m&lt;head /&gt;[39m
  [36m&lt;body&gt;[39m
    [36m&lt;div /&gt;[39m
  [36m&lt;/body&gt;[39m
[36m&lt;/html&gt;[39m" type="TestingLibraryElementError">
TestingLibraryElementError: Unable to find an element with the placeholder text of: /Mesajınızı yazın/i

Ignored nodes: comments, script, style
&lt;body&gt;
  &lt;div /&gt;
&lt;/body&gt;

Ignored nodes: comments, script, style
&lt;html&gt;
  &lt;head /&gt;
  &lt;body&gt;
    &lt;div /&gt;
  &lt;/body&gt;
&lt;/html&gt;
 ❯ waitForWrapper node_modules/@testing-library/react/node_modules/@testing-library/dom/dist/wait-for.js:163:27
 ❯ src/components/AIChatAssistant/__tests__/AIChatAssistant.test.tsx:65:11
            </failure>
        </testcase>
        <testcase classname="src/components/AIChatAssistant/__tests__/AIChatAssistant.test.tsx" name="AIChatAssistant - Rendering &gt; shows send button" time="1.0150868">
            <system-err>
Error: Uncaught [TypeError: messagesEndRef.current?.scrollIntoView is not a function]
    at reportException (C:\Users\husey\kiro2\frontend\node_modules\jsdom\lib\jsdom\living\helpers\runtime-script-errors.js:66:24)
    at innerInvokeEventListeners (C:\Users\husey\kiro2\frontend\node_modules\jsdom\lib\jsdom\living\events\EventTarget-impl.js:353:9)
    at invokeEventListeners (C:\Users\husey\kiro2\frontend\node_modules\jsdom\lib\jsdom\living\events\EventTarget-impl.js:286:3)
    at HTMLUnknownElementImpl._dispatch (C:\Users\husey\kiro2\frontend\node_modules\jsdom\lib\jsdom\living\events\EventTarget-impl.js:233:9)
    at HTMLUnknownElementImpl.dispatchEvent (C:\Users\husey\kiro2\frontend\node_modules\jsdom\lib\jsdom\living\events\EventTarget-impl.js:104:17)
    at HTMLUnknownElement.dispatchEvent (C:\Users\husey\kiro2\frontend\node_modules\jsdom\lib\jsdom\living\generated\EventTarget.js:241:34)
    at Object.invokeGuardedCallbackDev (C:\Users\husey\kiro2\frontend\node_modules\react-dom\cjs\react-dom.development.js:4213:16)
    at invokeGuardedCallback (C:\Users\husey\kiro2\frontend\node_modules\react-dom\cjs\react-dom.development.js:4277:31)
    at reportUncaughtErrorInDEV (C:\Users\husey\kiro2\frontend\node_modules\react-dom\cjs\react-dom.development.js:22877:5)
    at captureCommitPhaseError (C:\Users\husey\kiro2\frontend\node_modules\react-dom\cjs\react-dom.development.js:27165:5) TypeError: messagesEndRef.current?.scrollIntoView is not a function
    at scrollToBottom [90m(C:\Users\husey\kiro2\frontend\[39msrc\components\AIChatAssistant\AIChatAssistant.tsx:128:29[90m)[39m
    at [90mC:\Users\husey\kiro2\frontend\[39msrc\components\AIChatAssistant\AIChatAssistant.tsx:124:5
    at commitHookEffectListMount [90m(C:\Users\husey\kiro2\frontend\[39mnode_modules\[4mreact-dom[24m\cjs\react-dom.development.js:23189:26[90m)[39m
    at commitPassiveMountOnFiber [90m(C:\Users\husey\kiro2\frontend\[39mnode_modules\[4mreact-dom[24m\cjs\react-dom.development.js:24970:11[90m)[39m
    at commitPassiveMountEffects_complete [90m(C:\Users\husey\kiro2\frontend\[39mnode_modules\[4mreact-dom[24m\cjs\react-dom.development.js:24930:9[90m)[39m
    at commitPassiveMountEffects_begin [90m(C:\Users\husey\kiro2\frontend\[39mnode_modules\[4mreact-dom[24m\cjs\react-dom.development.js:24917:7[90m)[39m
    at commitPassiveMountEffects [90m(C:\Users\husey\kiro2\frontend\[39mnode_modules\[4mreact-dom[24m\cjs\react-dom.development.js:24905:3[90m)[39m
    at flushPassiveEffectsImpl [90m(C:\Users\husey\kiro2\frontend\[39mnode_modules\[4mreact-dom[24m\cjs\react-dom.development.js:27078:3[90m)[39m
    at flushPassiveEffects [90m(C:\Users\husey\kiro2\frontend\[39mnode_modules\[4mreact-dom[24m\cjs\react-dom.development.js:27023:14[90m)[39m
    at [90mC:\Users\husey\kiro2\frontend\[39mnode_modules\[4mreact-dom[24m\cjs\react-dom.development.js:26808:9

            </system-err>
            <failure message="Unable to find a label with the text of: /Gönder/i

Ignored nodes: comments, script, style
[36m&lt;body&gt;[39m
  [36m&lt;div /&gt;[39m
[36m&lt;/body&gt;[39m

Ignored nodes: comments, script, style
[36m&lt;html&gt;[39m
  [36m&lt;head /&gt;[39m
  [36m&lt;body&gt;[39m
    [36m&lt;div /&gt;[39m
  [36m&lt;/body&gt;[39m
[36m&lt;/html&gt;[39m" type="TestingLibraryElementError">
TestingLibraryElementError: Unable to find a label with the text of: /Gönder/i

Ignored nodes: comments, script, style
&lt;body&gt;
  &lt;div /&gt;
&lt;/body&gt;

Ignored nodes: comments, script, style
&lt;html&gt;
  &lt;head /&gt;
  &lt;body&gt;
    &lt;div /&gt;
  &lt;/body&gt;
&lt;/html&gt;
 ❯ waitForWrapper node_modules/@testing-library/react/node_modules/@testing-library/dom/dist/wait-for.js:163:27
 ❯ src/components/AIChatAssistant/__tests__/AIChatAssistant.test.tsx:72:11
            </failure>
        </testcase>
        <testcase classname="src/components/AIChatAssistant/__tests__/AIChatAssistant.test.tsx" name="AIChatAssistant - Rendering &gt; displays image upload button" time="1.0084663">
            <system-err>
Error: Uncaught [TypeError: messagesEndRef.current?.scrollIntoView is not a function]
    at reportException (C:\Users\husey\kiro2\frontend\node_modules\jsdom\lib\jsdom\living\helpers\runtime-script-errors.js:66:24)
    at innerInvokeEventListeners (C:\Users\husey\kiro2\frontend\node_modules\jsdom\lib\jsdom\living\events\EventTarget-impl.js:353:9)
    at invokeEventListeners (C:\Users\husey\kiro2\frontend\node_modules\jsdom\lib\jsdom\living\events\EventTarget-impl.js:286:3)
    at HTMLUnknownElementImpl._dispatch (C:\Users\husey\kiro2\frontend\node_modules\jsdom\lib\jsdom\living\events\EventTarget-impl.js:233:9)
    at HTMLUnknownElementImpl.dispatchEvent (C:\Users\husey\kiro2\frontend\node_modules\jsdom\lib\jsdom\living\events\EventTarget-impl.js:104:17)
    at HTMLUnknownElement.dispatchEvent (C:\Users\husey\kiro2\frontend\node_modules\jsdom\lib\jsdom\living\generated\EventTarget.js:241:34)
    at Object.invokeGuardedCallbackDev (C:\Users\husey\kiro2\frontend\node_modules\react-dom\cjs\react-dom.development.js:4213:16)
    at invokeGuardedCallback (C:\Users\husey\kiro2\frontend\node_modules\react-dom\cjs\react-dom.development.js:4277:31)
    at reportUncaughtErrorInDEV (C:\Users\husey\kiro2\frontend\node_modules\react-dom\cjs\react-dom.development.js:22877:5)
    at captureCommitPhaseError (C:\Users\husey\kiro2\frontend\node_modules\react-dom\cjs\react-dom.development.js:27165:5) TypeError: messagesEndRef.current?.scrollIntoView is not a function
    at scrollToBottom [90m(C:\Users\husey\kiro2\frontend\[39msrc\components\AIChatAssistant\AIChatAssistant.tsx:128:29[90m)[39m
    at [90mC:\Users\husey\kiro2\frontend\[39msrc\components\AIChatAssistant\AIChatAssistant.tsx:124:5
    at commitHookEffectListMount [90m(C:\Users\husey\kiro2\frontend\[39mnode_modules\[4mreact-dom[24m\cjs\react-dom.development.js:23189:26[90m)[39m
    at commitPassiveMountOnFiber [90m(C:\Users\husey\kiro2\frontend\[39mnode_modules\[4mreact-dom[24m\cjs\react-dom.development.js:24970:11[90m)[39m
    at commitPassiveMountEffects_complete [90m(C:\Users\husey\kiro2\frontend\[39mnode_modules\[4mreact-dom[24m\cjs\react-dom.development.js:24930:9[90m)[39m
    at commitPassiveMountEffects_begin [90m(C:\Users\husey\kiro2\frontend\[39mnode_modules\[4mreact-dom[24m\cjs\react-dom.development.js:24917:7[90m)[39m
    at commitPassiveMountEffects [90m(C:\Users\husey\kiro2\frontend\[39mnode_modules\[4mreact-dom[24m\cjs\react-dom.development.js:24905:3[90m)[39m
    at flushPassiveEffectsImpl [90m(C:\Users\husey\kiro2\frontend\[39mnode_modules\[4mreact-dom[24m\cjs\react-dom.development.js:27078:3[90m)[39m
    at flushPassiveEffects [90m(C:\Users\husey\kiro2\frontend\[39mnode_modules\[4mreact-dom[24m\cjs\react-dom.development.js:27023:14[90m)[39m
    at [90mC:\Users\husey\kiro2\frontend\[39mnode_modules\[4mreact-dom[24m\cjs\react-dom.development.js:26808:9

            </system-err>
            <failure message="Unable to find a label with the text of: /Resim yükle/i

Ignored nodes: comments, script, style
[36m&lt;body&gt;[39m
  [36m&lt;div /&gt;[39m
[36m&lt;/body&gt;[39m

Ignored nodes: comments, script, style
[36m&lt;html&gt;[39m
  [36m&lt;head /&gt;[39m
  [36m&lt;body&gt;[39m
    [36m&lt;div /&gt;[39m
  [36m&lt;/body&gt;[39m
[36m&lt;/html&gt;[39m" type="TestingLibraryElementError">
TestingLibraryElementError: Unable to find a label with the text of: /Resim yükle/i

Ignored nodes: comments, script, style
&lt;body&gt;
  &lt;div /&gt;
&lt;/body&gt;

Ignored nodes: comments, script, style
&lt;html&gt;
  &lt;head /&gt;
  &lt;body&gt;
    &lt;div /&gt;
  &lt;/body&gt;
&lt;/html&gt;
 ❯ waitForWrapper node_modules/@testing-library/react/node_modules/@testing-library/dom/dist/wait-for.js:163:27
 ❯ src/components/AIChatAssistant/__tests__/AIChatAssistant.test.tsx:79:11
            </failure>
        </testcase>
        <testcase classname="src/components/AIChatAssistant/__tests__/AIChatAssistant.test.tsx" name="AIChatAssistant - Session Loading &gt; fetches sessions on mount" time="0.0183132">
        </testcase>
        <testcase classname="src/components/AIChatAssistant/__tests__/AIChatAssistant.test.tsx" name="AIChatAssistant - Session Loading &gt; displays session list" time="1.014923">
            <system-err>
Error: Uncaught [TypeError: messagesEndRef.current?.scrollIntoView is not a function]
    at reportException (C:\Users\husey\kiro2\frontend\node_modules\jsdom\lib\jsdom\living\helpers\runtime-script-errors.js:66:24)
    at innerInvokeEventListeners (C:\Users\husey\kiro2\frontend\node_modules\jsdom\lib\jsdom\living\events\EventTarget-impl.js:353:9)
    at invokeEventListeners (C:\Users\husey\kiro2\frontend\node_modules\jsdom\lib\jsdom\living\events\EventTarget-impl.js:286:3)
    at HTMLUnknownElementImpl._dispatch (C:\Users\husey\kiro2\frontend\node_modules\jsdom\lib\jsdom\living\events\EventTarget-impl.js:233:9)
    at HTMLUnknownElementImpl.dispatchEvent (C:\Users\husey\kiro2\frontend\node_modules\jsdom\lib\jsdom\living\events\EventTarget-impl.js:104:17)
    at HTMLUnknownElement.dispatchEvent (C:\Users\husey\kiro2\frontend\node_modules\jsdom\lib\jsdom\living\generated\EventTarget.js:241:34)
    at Object.invokeGuardedCallbackDev (C:\Users\husey\kiro2\frontend\node_modules\react-dom\cjs\react-dom.development.js:4213:16)
    at invokeGuardedCallback (C:\Users\husey\kiro2\frontend\node_modules\react-dom\cjs\react-dom.development.js:4277:31)
    at reportUncaughtErrorInDEV (C:\Users\husey\kiro2\frontend\node_modules\react-dom\cjs\react-dom.development.js:22877:5)
    at captureCommitPhaseError (C:\Users\husey\kiro2\frontend\node_modules\react-dom\cjs\react-dom.development.js:27165:5) TypeError: messagesEndRef.current?.scrollIntoView is not a function
    at scrollToBottom [90m(C:\Users\husey\kiro2\frontend\[39msrc\components\AIChatAssistant\AIChatAssistant.tsx:128:29[90m)[39m
    at [90mC:\Users\husey\kiro2\frontend\[39msrc\components\AIChatAssistant\AIChatAssistant.tsx:124:5
    at commitHookEffectListMount [90m(C:\Users\husey\kiro2\frontend\[39mnode_modules\[4mreact-dom[24m\cjs\react-dom.development.js:23189:26[90m)[39m
    at commitPassiveMountOnFiber [90m(C:\Users\husey\kiro2\frontend\[39mnode_modules\[4mreact-dom[24m\cjs\react-dom.development.js:24970:11[90m)[39m
    at commitPassiveMountEffects_complete [90m(C:\Users\husey\kiro2\frontend\[39mnode_modules\[4mreact-dom[24m\cjs\react-dom.development.js:24930:9[90m)[39m
    at commitPassiveMountEffects_begin [90m(C:\Users\husey\kiro2\frontend\[39mnode_modules\[4mreact-dom[24m\cjs\react-dom.development.js:24917:7[90m)[39m
    at commitPassiveMountEffects [90m(C:\Users\husey\kiro2\frontend\[39mnode_modules\[4mreact-dom[24m\cjs\react-dom.development.js:24905:3[90m)[39m
    at flushPassiveEffectsImpl [90m(C:\Users\husey\kiro2\frontend\[39mnode_modules\[4mreact-dom[24m\cjs\react-dom.development.js:27078:3[90m)[39m
    at flushPassiveEffects [90m(C:\Users\husey\kiro2\frontend\[39mnode_modules\[4mreact-dom[24m\cjs\react-dom.development.js:27023:14[90m)[39m
    at [90mC:\Users\husey\kiro2\frontend\[39mnode_modules\[4mreact-dom[24m\cjs\react-dom.development.js:26808:9

            </system-err>
            <failure message="Unable to find an element with the text: Matematik Çalışması. This could be because the text is broken up by multiple elements. In this case, you can provide a function for your text matcher to make your matcher more flexible.

Ignored nodes: comments, script, style
[36m&lt;body&gt;[39m
  [36m&lt;div /&gt;[39m
[36m&lt;/body&gt;[39m

Ignored nodes: comments, script, style
[36m&lt;html&gt;[39m
  [36m&lt;head /&gt;[39m
  [36m&lt;body&gt;[39m
    [36m&lt;div /&gt;[39m
  [36m&lt;/body&gt;[39m
[36m&lt;/html&gt;[39m" type="TestingLibraryElementError">
TestingLibraryElementError: Unable to find an element with the text: Matematik Çalışması. This could be because the text is broken up by multiple elements. In this case, you can provide a function for your text matcher to make your matcher more flexible.

Ignored nodes: comments, script, style
&lt;body&gt;
  &lt;div /&gt;
&lt;/body&gt;

Ignored nodes: comments, script, style
&lt;html&gt;
  &lt;head /&gt;
  &lt;body&gt;
    &lt;div /&gt;
  &lt;/body&gt;
&lt;/html&gt;
 ❯ waitForWrapper node_modules/@testing-library/react/node_modules/@testing-library/dom/dist/wait-for.js:163:27
 ❯ src/components/AIChatAssistant/__tests__/AIChatAssistant.test.tsx:104:11
            </failure>
        </testcase>
        <testcase classname="src/components/AIChatAssistant/__tests__/AIChatAssistant.test.tsx" name="AIChatAssistant - Session Loading &gt; auto-selects first active session" time="0.0209034">
        </testcase>
        <testcase classname="src/components/AIChatAssistant/__tests__/AIChatAssistant.test.tsx" name="AIChatAssistant - Session Loading &gt; hides session list when showSessionList is false" time="0.0103013">
        </testcase>
        <testcase classname="src/components/AIChatAssistant/__tests__/AIChatAssistant.test.tsx" name="AIChatAssistant - Message Display &gt; displays user messages" time="1.0157834">
            <failure message="Unable to find an element with the text: Türev nedir?. This could be because the text is broken up by multiple elements. In this case, you can provide a function for your text matcher to make your matcher more flexible.

Ignored nodes: comments, script, style
[36m&lt;body&gt;[39m
  [36m&lt;div&gt;[39m
    [36m&lt;div[39m
      [33mclass[39m=[32m&quot;ai-chat-assistant&quot;[39m
    [36m&gt;[39m
      [36m&lt;div[39m
        [33mclass[39m=[32m&quot;sessions-sidebar&quot;[39m
      [36m&gt;[39m
        [36m&lt;div[39m
          [33mclass[39m=[32m&quot;sidebar-header&quot;[39m
        [36m&gt;[39m
          [36m&lt;h3&gt;[39m
            [0mSohbetler[0m
          [36m&lt;/h3&gt;[39m
          [36m&lt;button[39m
            [33mclass[39m=[32m&quot;btn-new-session&quot;[39m
          [36m&gt;[39m
            [0m+ Yeni[0m
          [36m&lt;/button&gt;[39m
        [36m&lt;/div&gt;[39m
        [36m&lt;div[39m
          [33mclass[39m=[32m&quot;sessions-list&quot;[39m
        [36m/&gt;[39m
      [36m&lt;/div&gt;[39m
      [36m&lt;div[39m
        [33mclass[39m=[32m&quot;chat-area&quot;[39m
      [36m&gt;[39m
        [36m&lt;div[39m
          [33mclass[39m=[32m&quot;no-session&quot;[39m
        [36m&gt;[39m
          [36m&lt;h2&gt;[39m
            [0mSohbet Başlatın[0m
          [36m&lt;/h2&gt;[39m
          [36m&lt;p&gt;[39m
            [0mSol taraftan bir oturum seçin veya yeni bir oturum oluşturun[0m
          [36m&lt;/p&gt;[39m
        [36m&lt;/div&gt;[39m
      [36m&lt;/div&gt;[39m
    [36m&lt;/div&gt;[39m
  [36m&lt;/div&gt;[39m
[36m&lt;/body&gt;[39m

Ignored nodes: comments, script, style
[36m&lt;html&gt;[39m
  [36m&lt;head /&gt;[39m
  [36m&lt;body&gt;[39m
    [36m&lt;div&gt;[39m
      [36m&lt;div[39m
        [33mclass[39m=[32m&quot;ai-chat-assistant&quot;[39m
      [36m&gt;[39m
        [36m&lt;div[39m
          [33mclass[39m=[32m&quot;sessions-sidebar&quot;[39m
        [36m&gt;[39m
          [36m&lt;div[39m
            [33mclass[39m=[32m&quot;sidebar-header&quot;[39m
          [36m&gt;[39m
            [36m&lt;h3&gt;[39m
              [0mSohbetler[0m
            [36m&lt;/h3&gt;[39m
            [36m&lt;button[39m
              [33mclass[39m=[32m&quot;btn-new-session&quot;[39m
            [36m&gt;[39m
              [0m+ Yeni[0m
            [36m&lt;/button&gt;[39m
          [36m&lt;/div&gt;[39m
          [36m&lt;div[39m
            [33mclass[39m=[32m&quot;sessions-list&quot;[39m
          [36m/&gt;[39m
        [36m&lt;/div&gt;[39m
        [36m&lt;div[39m
          [33mclass[39m=[32m&quot;chat-area&quot;[39m
        [36m&gt;[39m
          [36m&lt;div[39m
            [33mclass[39m=[32m&quot;no-session&quot;[39m
          [36m&gt;[39m
            [36m&lt;h2&gt;[39m
              [0mSohbet Başlatın[0m
            [36m&lt;/h2&gt;[39m
            [36m&lt;p&gt;[39m
              [0mSol taraftan bir oturum seçin veya yeni bir oturum oluşturun[0m
            [36m&lt;/p&gt;[39m
          [36m&lt;/div&gt;[39m
        [36m&lt;/div&gt;[39m
      [36m&lt;/div&gt;[39m
    [36m&lt;/div&gt;[39m
  [36m&lt;/body&gt;[39m
[36m&lt;/html&gt;[39m" type="TestingLibraryElementError">
TestingLibraryElementError: Unable to find an element with the text: Türev nedir?. This could be because the text is broken up by multiple elements. In this case, you can provide a function for your text matcher to make your matcher more flexible.

Ignored nodes: comments, script, style
&lt;body&gt;
  &lt;div&gt;
    &lt;div
      class=&quot;ai-chat-assistant&quot;
    &gt;
      &lt;div
        class=&quot;sessions-sidebar&quot;
      &gt;
        &lt;div
          class=&quot;sidebar-header&quot;
        &gt;
          &lt;h3&gt;
            Sohbetler
          &lt;/h3&gt;
          &lt;button
            class=&quot;btn-new-session&quot;
          &gt;
            + Yeni
          &lt;/button&gt;
        &lt;/div&gt;
        &lt;div
          class=&quot;sessions-list&quot;
        /&gt;
      &lt;/div&gt;
      &lt;div
        class=&quot;chat-area&quot;
      &gt;
        &lt;div
          class=&quot;no-session&quot;
        &gt;
          &lt;h2&gt;
            Sohbet Başlatın
          &lt;/h2&gt;
          &lt;p&gt;
            Sol taraftan bir oturum seçin veya yeni bir oturum oluşturun
          &lt;/p&gt;
        &lt;/div&gt;
      &lt;/div&gt;
    &lt;/div&gt;
  &lt;/div&gt;
&lt;/body&gt;

Ignored nodes: comments, script, style
&lt;html&gt;
  &lt;head /&gt;
  &lt;body&gt;
    &lt;div&gt;
      &lt;div
        class=&quot;ai-chat-assistant&quot;
      &gt;
        &lt;div
          class=&quot;sessions-sidebar&quot;
        &gt;
          &lt;div
            class=&quot;sidebar-header&quot;
          &gt;
            &lt;h3&gt;
              Sohbetler
            &lt;/h3&gt;
            &lt;button
              class=&quot;btn-new-session&quot;
            &gt;
              + Yeni
            &lt;/button&gt;
          &lt;/div&gt;
          &lt;div
            class=&quot;sessions-list&quot;
          /&gt;
        &lt;/div&gt;
        &lt;div
          class=&quot;chat-area&quot;
        &gt;
          &lt;div
            class=&quot;no-session&quot;
          &gt;
            &lt;h2&gt;
              Sohbet Başlatın
            &lt;/h2&gt;
            &lt;p&gt;
              Sol taraftan bir oturum seçin veya yeni bir oturum oluşturun
            &lt;/p&gt;
          &lt;/div&gt;
        &lt;/div&gt;
      &lt;/div&gt;
    &lt;/div&gt;
  &lt;/body&gt;
&lt;/html&gt;
 ❯ waitForWrapper node_modules/@testing-library/react/node_modules/@testing-library/dom/dist/wait-for.js:163:27
 ❯ src/components/AIChatAssistant/__tests__/AIChatAssistant.test.tsx:137:11
            </failure>
        </testcase>
        <testcase classname="src/components/AIChatAssistant/__tests__/AIChatAssistant.test.tsx" name="AIChatAssistant - Message Display &gt; displays assistant messages" time="1.0094222">
            <system-err>
Error: Uncaught [TypeError: messagesEndRef.current?.scrollIntoView is not a function]
    at reportException (C:\Users\husey\kiro2\frontend\node_modules\jsdom\lib\jsdom\living\helpers\runtime-script-errors.js:66:24)
    at innerInvokeEventListeners (C:\Users\husey\kiro2\frontend\node_modules\jsdom\lib\jsdom\living\events\EventTarget-impl.js:353:9)
    at invokeEventListeners (C:\Users\husey\kiro2\frontend\node_modules\jsdom\lib\jsdom\living\events\EventTarget-impl.js:286:3)
    at HTMLUnknownElementImpl._dispatch (C:\Users\husey\kiro2\frontend\node_modules\jsdom\lib\jsdom\living\events\EventTarget-impl.js:233:9)
    at HTMLUnknownElementImpl.dispatchEvent (C:\Users\husey\kiro2\frontend\node_modules\jsdom\lib\jsdom\living\events\EventTarget-impl.js:104:17)
    at HTMLUnknownElement.dispatchEvent (C:\Users\husey\kiro2\frontend\node_modules\jsdom\lib\jsdom\living\generated\EventTarget.js:241:34)
    at Object.invokeGuardedCallbackDev (C:\Users\husey\kiro2\frontend\node_modules\react-dom\cjs\react-dom.development.js:4213:16)
    at invokeGuardedCallback (C:\Users\husey\kiro2\frontend\node_modules\react-dom\cjs\react-dom.development.js:4277:31)
    at reportUncaughtErrorInDEV (C:\Users\husey\kiro2\frontend\node_modules\react-dom\cjs\react-dom.development.js:22877:5)
    at captureCommitPhaseError (C:\Users\husey\kiro2\frontend\node_modules\react-dom\cjs\react-dom.development.js:27165:5) TypeError: messagesEndRef.current?.scrollIntoView is not a function
    at scrollToBottom [90m(C:\Users\husey\kiro2\frontend\[39msrc\components\AIChatAssistant\AIChatAssistant.tsx:128:29[90m)[39m
    at [90mC:\Users\husey\kiro2\frontend\[39msrc\components\AIChatAssistant\AIChatAssistant.tsx:124:5
    at commitHookEffectListMount [90m(C:\Users\husey\kiro2\frontend\[39mnode_modules\[4mreact-dom[24m\cjs\react-dom.development.js:23189:26[90m)[39m
    at commitPassiveMountOnFiber [90m(C:\Users\husey\kiro2\frontend\[39mnode_modules\[4mreact-dom[24m\cjs\react-dom.development.js:24970:11[90m)[39m
    at commitPassiveMountEffects_complete [90m(C:\Users\husey\kiro2\frontend\[39mnode_modules\[4mreact-dom[24m\cjs\react-dom.development.js:24930:9[90m)[39m
    at commitPassiveMountEffects_begin [90m(C:\Users\husey\kiro2\frontend\[39mnode_modules\[4mreact-dom[24m\cjs\react-dom.development.js:24917:7[90m)[39m
    at commitPassiveMountEffects [90m(C:\Users\husey\kiro2\frontend\[39mnode_modules\[4mreact-dom[24m\cjs\react-dom.development.js:24905:3[90m)[39m
    at flushPassiveEffectsImpl [90m(C:\Users\husey\kiro2\frontend\[39mnode_modules\[4mreact-dom[24m\cjs\react-dom.development.js:27078:3[90m)[39m
    at flushPassiveEffects [90m(C:\Users\husey\kiro2\frontend\[39mnode_modules\[4mreact-dom[24m\cjs\react-dom.development.js:27023:14[90m)[39m
    at [90mC:\Users\husey\kiro2\frontend\[39mnode_modules\[4mreact-dom[24m\cjs\react-dom.development.js:26808:9

            </system-err>
            <failure message="Unable to find an element with the text: /Türev, bir fonksiyonun değişim hızını ölçer/. This could be because the text is broken up by multiple elements. In this case, you can provide a function for your text matcher to make your matcher more flexible.

Ignored nodes: comments, script, style
[36m&lt;body&gt;[39m
  [36m&lt;div /&gt;[39m
[36m&lt;/body&gt;[39m

Ignored nodes: comments, script, style
[36m&lt;html&gt;[39m
  [36m&lt;head /&gt;[39m
  [36m&lt;body&gt;[39m
    [36m&lt;div /&gt;[39m
  [36m&lt;/body&gt;[39m
[36m&lt;/html&gt;[39m" type="TestingLibraryElementError">
TestingLibraryElementError: Unable to find an element with the text: /Türev, bir fonksiyonun değişim hızını ölçer/. This could be because the text is broken up by multiple elements. In this case, you can provide a function for your text matcher to make your matcher more flexible.

Ignored nodes: comments, script, style
&lt;body&gt;
  &lt;div /&gt;
&lt;/body&gt;

Ignored nodes: comments, script, style
&lt;html&gt;
  &lt;head /&gt;
  &lt;body&gt;
    &lt;div /&gt;
  &lt;/body&gt;
&lt;/html&gt;
 ❯ waitForWrapper node_modules/@testing-library/react/node_modules/@testing-library/dom/dist/wait-for.js:163:27
 ❯ src/components/AIChatAssistant/__tests__/AIChatAssistant.test.tsx:144:11
            </failure>
        </testcase>
        <testcase classname="src/components/AIChatAssistant/__tests__/AIChatAssistant.test.tsx" name="AIChatAssistant - Message Display &gt; shows loading state" time="0.0296759">
            <system-err>
Error: Uncaught [TypeError: messagesEndRef.current?.scrollIntoView is not a function]
    at reportException (C:\Users\husey\kiro2\frontend\node_modules\jsdom\lib\jsdom\living\helpers\runtime-script-errors.js:66:24)
    at innerInvokeEventListeners (C:\Users\husey\kiro2\frontend\node_modules\jsdom\lib\jsdom\living\events\EventTarget-impl.js:353:9)
    at invokeEventListeners (C:\Users\husey\kiro2\frontend\node_modules\jsdom\lib\jsdom\living\events\EventTarget-impl.js:286:3)
    at HTMLUnknownElementImpl._dispatch (C:\Users\husey\kiro2\frontend\node_modules\jsdom\lib\jsdom\living\events\EventTarget-impl.js:233:9)
    at HTMLUnknownElementImpl.dispatchEvent (C:\Users\husey\kiro2\frontend\node_modules\jsdom\lib\jsdom\living\events\EventTarget-impl.js:104:17)
    at HTMLUnknownElement.dispatchEvent (C:\Users\husey\kiro2\frontend\node_modules\jsdom\lib\jsdom\living\generated\EventTarget.js:241:34)
    at Object.invokeGuardedCallbackDev (C:\Users\husey\kiro2\frontend\node_modules\react-dom\cjs\react-dom.development.js:4213:16)
    at invokeGuardedCallback (C:\Users\husey\kiro2\frontend\node_modules\react-dom\cjs\react-dom.development.js:4277:31)
    at reportUncaughtErrorInDEV (C:\Users\husey\kiro2\frontend\node_modules\react-dom\cjs\react-dom.development.js:22877:5)
    at captureCommitPhaseError (C:\Users\husey\kiro2\frontend\node_modules\react-dom\cjs\react-dom.development.js:27165:5) TypeError: messagesEndRef.current?.scrollIntoView is not a function
    at scrollToBottom [90m(C:\Users\husey\kiro2\frontend\[39msrc\components\AIChatAssistant\AIChatAssistant.tsx:128:29[90m)[39m
    at [90mC:\Users\husey\kiro2\frontend\[39msrc\components\AIChatAssistant\AIChatAssistant.tsx:124:5
    at commitHookEffectListMount [90m(C:\Users\husey\kiro2\frontend\[39mnode_modules\[4mreact-dom[24m\cjs\react-dom.development.js:23189:26[90m)[39m
    at commitPassiveMountOnFiber [90m(C:\Users\husey\kiro2\frontend\[39mnode_modules\[4mreact-dom[24m\cjs\react-dom.development.js:24970:11[90m)[39m
    at commitPassiveMountEffects_complete [90m(C:\Users\husey\kiro2\frontend\[39mnode_modules\[4mreact-dom[24m\cjs\react-dom.development.js:24930:9[90m)[39m
    at commitPassiveMountEffects_begin [90m(C:\Users\husey\kiro2\frontend\[39mnode_modules\[4mreact-dom[24m\cjs\react-dom.development.js:24917:7[90m)[39m
    at commitPassiveMountEffects [90m(C:\Users\husey\kiro2\frontend\[39mnode_modules\[4mreact-dom[24m\cjs\react-dom.development.js:24905:3[90m)[39m
    at flushPassiveEffectsImpl [90m(C:\Users\husey\kiro2\frontend\[39mnode_modules\[4mreact-dom[24m\cjs\react-dom.development.js:27078:3[90m)[39m
    at flushPassiveEffects [90m(C:\Users\husey\kiro2\frontend\[39mnode_modules\[4mreact-dom[24m\cjs\react-dom.development.js:27023:14[90m)[39m
    at performSyncWorkOnRoot [90m(C:\Users\husey\kiro2\frontend\[39mnode_modules\[4mreact-dom[24m\cjs\react-dom.development.js:26115:3[90m)[39m

            </system-err>
            <failure message="messagesEndRef.current?.scrollIntoView is not a function" type="TypeError">
TypeError: messagesEndRef.current?.scrollIntoView is not a function
 ❯ scrollToBottom src/components/AIChatAssistant/AIChatAssistant.tsx:128:29
 ❯ src/components/AIChatAssistant/AIChatAssistant.tsx:124:5
 ❯ commitHookEffectListMount node_modules/react-dom/cjs/react-dom.development.js:23189:26
 ❯ commitPassiveMountOnFiber node_modules/react-dom/cjs/react-dom.development.js:24970:11
 ❯ commitPassiveMountEffects_complete node_modules/react-dom/cjs/react-dom.development.js:24930:9
 ❯ commitPassiveMountEffects_begin node_modules/react-dom/cjs/react-dom.development.js:24917:7
 ❯ commitPassiveMountEffects node_modules/react-dom/cjs/react-dom.development.js:24905:3
 ❯ flushPassiveEffectsImpl node_modules/react-dom/cjs/react-dom.development.js:27078:3
 ❯ flushPassiveEffects node_modules/react-dom/cjs/react-dom.development.js:27023:14
 ❯ performSyncWorkOnRoot node_modules/react-dom/cjs/react-dom.development.js:26115:3
            </failure>
        </testcase>
        <testcase classname="src/components/AIChatAssistant/__tests__/AIChatAssistant.test.tsx" name="AIChatAssistant - New Session &gt; shows new session button" time="1.0144145">
            <system-err>
Error: Uncaught [TypeError: messagesEndRef.current?.scrollIntoView is not a function]
    at reportException (C:\Users\husey\kiro2\frontend\node_modules\jsdom\lib\jsdom\living\helpers\runtime-script-errors.js:66:24)
    at innerInvokeEventListeners (C:\Users\husey\kiro2\frontend\node_modules\jsdom\lib\jsdom\living\events\EventTarget-impl.js:353:9)
    at invokeEventListeners (C:\Users\husey\kiro2\frontend\node_modules\jsdom\lib\jsdom\living\events\EventTarget-impl.js:286:3)
    at HTMLUnknownElementImpl._dispatch (C:\Users\husey\kiro2\frontend\node_modules\jsdom\lib\jsdom\living\events\EventTarget-impl.js:233:9)
    at HTMLUnknownElementImpl.dispatchEvent (C:\Users\husey\kiro2\frontend\node_modules\jsdom\lib\jsdom\living\events\EventTarget-impl.js:104:17)
    at HTMLUnknownElement.dispatchEvent (C:\Users\husey\kiro2\frontend\node_modules\jsdom\lib\jsdom\living\generated\EventTarget.js:241:34)
    at Object.invokeGuardedCallbackDev (C:\Users\husey\kiro2\frontend\node_modules\react-dom\cjs\react-dom.development.js:4213:16)
    at invokeGuardedCallback (C:\Users\husey\kiro2\frontend\node_modules\react-dom\cjs\react-dom.development.js:4277:31)
    at reportUncaughtErrorInDEV (C:\Users\husey\kiro2\frontend\node_modules\react-dom\cjs\react-dom.development.js:22877:5)
    at captureCommitPhaseError (C:\Users\husey\kiro2\frontend\node_modules\react-dom\cjs\react-dom.development.js:27165:5) TypeError: messagesEndRef.current?.scrollIntoView is not a function
    at scrollToBottom [90m(C:\Users\husey\kiro2\frontend\[39msrc\components\AIChatAssistant\AIChatAssistant.tsx:128:29[90m)[39m
    at [90mC:\Users\husey\kiro2\frontend\[39msrc\components\AIChatAssistant\AIChatAssistant.tsx:124:5
    at commitHookEffectListMount [90m(C:\Users\husey\kiro2\frontend\[39mnode_modules\[4mreact-dom[24m\cjs\react-dom.development.js:23189:26[90m)[39m
    at commitPassiveMountOnFiber [90m(C:\Users\husey\kiro2\frontend\[39mnode_modules\[4mreact-dom[24m\cjs\react-dom.development.js:24970:11[90m)[39m
    at commitPassiveMountEffects_complete [90m(C:\Users\husey\kiro2\frontend\[39mnode_modules\[4mreact-dom[24m\cjs\react-dom.development.js:24930:9[90m)[39m
    at commitPassiveMountEffects_begin [90m(C:\Users\husey\kiro2\frontend\[39mnode_modules\[4mreact-dom[24m\cjs\react-dom.development.js:24917:7[90m)[39m
    at commitPassiveMountEffects [90m(C:\Users\husey\kiro2\frontend\[39mnode_modules\[4mreact-dom[24m\cjs\react-dom.development.js:24905:3[90m)[39m
    at flushPassiveEffectsImpl [90m(C:\Users\husey\kiro2\frontend\[39mnode_modules\[4mreact-dom[24m\cjs\react-dom.development.js:27078:3[90m)[39m
    at flushPassiveEffects [90m(C:\Users\husey\kiro2\frontend\[39mnode_modules\[4mreact-dom[24m\cjs\react-dom.development.js:27023:14[90m)[39m
    at [90mC:\Users\husey\kiro2\frontend\[39mnode_modules\[4mreact-dom[24m\cjs\react-dom.development.js:26808:9

            </system-err>
            <failure message="Unable to find an element with the text: /Yeni Sohbet/i. This could be because the text is broken up by multiple elements. In this case, you can provide a function for your text matcher to make your matcher more flexible.

Ignored nodes: comments, script, style
[36m&lt;body&gt;[39m
  [36m&lt;div /&gt;[39m
  [36m&lt;div /&gt;[39m
[36m&lt;/body&gt;[39m

Ignored nodes: comments, script, style
[36m&lt;html&gt;[39m
  [36m&lt;head /&gt;[39m
  [36m&lt;body&gt;[39m
    [36m&lt;div /&gt;[39m
    [36m&lt;div /&gt;[39m
  [36m&lt;/body&gt;[39m
[36m&lt;/html&gt;[39m" type="TestingLibraryElementError">
TestingLibraryElementError: Unable to find an element with the text: /Yeni Sohbet/i. This could be because the text is broken up by multiple elements. In this case, you can provide a function for your text matcher to make your matcher more flexible.

Ignored nodes: comments, script, style
&lt;body&gt;
  &lt;div /&gt;
  &lt;div /&gt;
&lt;/body&gt;

Ignored nodes: comments, script, style
&lt;html&gt;
  &lt;head /&gt;
  &lt;body&gt;
    &lt;div /&gt;
    &lt;div /&gt;
  &lt;/body&gt;
&lt;/html&gt;
 ❯ waitForWrapper node_modules/@testing-library/react/node_modules/@testing-library/dom/dist/wait-for.js:163:27
 ❯ src/components/AIChatAssistant/__tests__/AIChatAssistant.test.tsx:169:11
            </failure>
        </testcase>
        <testcase classname="src/components/AIChatAssistant/__tests__/AIChatAssistant.test.tsx" name="AIChatAssistant - New Session &gt; opens new session form" time="1.0189527">
            <system-err>
Error: Uncaught [TypeError: messagesEndRef.current?.scrollIntoView is not a function]
    at reportException (C:\Users\husey\kiro2\frontend\node_modules\jsdom\lib\jsdom\living\helpers\runtime-script-errors.js:66:24)
    at innerInvokeEventListeners (C:\Users\husey\kiro2\frontend\node_modules\jsdom\lib\jsdom\living\events\EventTarget-impl.js:353:9)
    at invokeEventListeners (C:\Users\husey\kiro2\frontend\node_modules\jsdom\lib\jsdom\living\events\EventTarget-impl.js:286:3)
    at HTMLUnknownElementImpl._dispatch (C:\Users\husey\kiro2\frontend\node_modules\jsdom\lib\jsdom\living\events\EventTarget-impl.js:233:9)
    at HTMLUnknownElementImpl.dispatchEvent (C:\Users\husey\kiro2\frontend\node_modules\jsdom\lib\jsdom\living\events\EventTarget-impl.js:104:17)
    at HTMLUnknownElement.dispatchEvent (C:\Users\husey\kiro2\frontend\node_modules\jsdom\lib\jsdom\living\generated\EventTarget.js:241:34)
    at Object.invokeGuardedCallbackDev (C:\Users\husey\kiro2\frontend\node_modules\react-dom\cjs\react-dom.development.js:4213:16)
    at invokeGuardedCallback (C:\Users\husey\kiro2\frontend\node_modules\react-dom\cjs\react-dom.development.js:4277:31)
    at reportUncaughtErrorInDEV (C:\Users\husey\kiro2\frontend\node_modules\react-dom\cjs\react-dom.development.js:22877:5)
    at captureCommitPhaseError (C:\Users\husey\kiro2\frontend\node_modules\react-dom\cjs\react-dom.development.js:27165:5) TypeError: messagesEndRef.current?.scrollIntoView is not a function
    at scrollToBottom [90m(C:\Users\husey\kiro2\frontend\[39msrc\components\AIChatAssistant\AIChatAssistant.tsx:128:29[90m)[39m
    at [90mC:\Users\husey\kiro2\frontend\[39msrc\components\AIChatAssistant\AIChatAssistant.tsx:124:5
    at commitHookEffectListMount [90m(C:\Users\husey\kiro2\frontend\[39mnode_modules\[4mreact-dom[24m\cjs\react-dom.development.js:23189:26[90m)[39m
    at commitPassiveMountOnFiber [90m(C:\Users\husey\kiro2\frontend\[39mnode_modules\[4mreact-dom[24m\cjs\react-dom.development.js:24970:11[90m)[39m
    at commitPassiveMountEffects_complete [90m(C:\Users\husey\kiro2\frontend\[39mnode_modules\[4mreact-dom[24m\cjs\react-dom.development.js:24930:9[90m)[39m
    at commitPassiveMountEffects_begin [90m(C:\Users\husey\kiro2\frontend\[39mnode_modules\[4mreact-dom[24m\cjs\react-dom.development.js:24917:7[90m)[39m
    at commitPassiveMountEffects [90m(C:\Users\husey\kiro2\frontend\[39mnode_modules\[4mreact-dom[24m\cjs\react-dom.development.js:24905:3[90m)[39m
    at flushPassiveEffectsImpl [90m(C:\Users\husey\kiro2\frontend\[39mnode_modules\[4mreact-dom[24m\cjs\react-dom.development.js:27078:3[90m)[39m
    at flushPassiveEffects [90m(C:\Users\husey\kiro2\frontend\[39mnode_modules\[4mreact-dom[24m\cjs\react-dom.development.js:27023:14[90m)[39m
    at [90mC:\Users\husey\kiro2\frontend\[39mnode_modules\[4mreact-dom[24m\cjs\react-dom.development.js:26808:9

            </system-err>
            <failure message="Unable to find an element with the text: /Yeni Sohbet/i. This could be because the text is broken up by multiple elements. In this case, you can provide a function for your text matcher to make your matcher more flexible.

Ignored nodes: comments, script, style
[36m&lt;body&gt;[39m
  [36m&lt;div /&gt;[39m
[36m&lt;/body&gt;[39m

Ignored nodes: comments, script, style
[36m&lt;html&gt;[39m
  [36m&lt;head /&gt;[39m
  [36m&lt;body&gt;[39m
    [36m&lt;div /&gt;[39m
  [36m&lt;/body&gt;[39m
[36m&lt;/html&gt;[39m" type="TestingLibraryElementError">
TestingLibraryElementError: Unable to find an element with the text: /Yeni Sohbet/i. This could be because the text is broken up by multiple elements. In this case, you can provide a function for your text matcher to make your matcher more flexible.

Ignored nodes: comments, script, style
&lt;body&gt;
  &lt;div /&gt;
&lt;/body&gt;

Ignored nodes: comments, script, style
&lt;html&gt;
  &lt;head /&gt;
  &lt;body&gt;
    &lt;div /&gt;
  &lt;/body&gt;
&lt;/html&gt;
 ❯ waitForWrapper node_modules/@testing-library/react/node_modules/@testing-library/dom/dist/wait-for.js:163:27
 ❯ src/components/AIChatAssistant/__tests__/AIChatAssistant.test.tsx:176:11
            </failure>
        </testcase>
        <testcase classname="src/components/AIChatAssistant/__tests__/AIChatAssistant.test.tsx" name="AIChatAssistant - New Session &gt; creates new session" time="1.0128864">
            <failure message="Unable to find an element with the text: /Yeni Sohbet/i. This could be because the text is broken up by multiple elements. In this case, you can provide a function for your text matcher to make your matcher more flexible.

Ignored nodes: comments, script, style
[36m&lt;body&gt;[39m
  [36m&lt;div&gt;[39m
    [36m&lt;div[39m
      [33mclass[39m=[32m&quot;ai-chat-assistant&quot;[39m
    [36m&gt;[39m
      [36m&lt;div[39m
        [33mclass[39m=[32m&quot;sessions-sidebar&quot;[39m
      [36m&gt;[39m
        [36m&lt;div[39m
          [33mclass[39m=[32m&quot;sidebar-header&quot;[39m
        [36m&gt;[39m
          [36m&lt;h3&gt;[39m
            [0mSohbetler[0m
          [36m&lt;/h3&gt;[39m
          [36m&lt;button[39m
            [33mclass[39m=[32m&quot;btn-new-session&quot;[39m
          [36m&gt;[39m
            [0m+ Yeni[0m
          [36m&lt;/button&gt;[39m
        [36m&lt;/div&gt;[39m
        [36m&lt;div[39m
          [33mclass[39m=[32m&quot;sessions-list&quot;[39m
        [36m/&gt;[39m
      [36m&lt;/div&gt;[39m
      [36m&lt;div[39m
        [33mclass[39m=[32m&quot;chat-area&quot;[39m
      [36m&gt;[39m
        [36m&lt;div[39m
          [33mclass[39m=[32m&quot;no-session&quot;[39m
        [36m&gt;[39m
          [36m&lt;h2&gt;[39m
            [0mSohbet Başlatın[0m
          [36m&lt;/h2&gt;[39m
          [36m&lt;p&gt;[39m
            [0mSol taraftan bir oturum seçin veya yeni bir oturum oluşturun[0m
          [36m&lt;/p&gt;[39m
        [36m&lt;/div&gt;[39m
      [36m&lt;/div&gt;[39m
    [36m&lt;/div&gt;[39m
  [36m&lt;/div&gt;[39m
[36m&lt;/body&gt;[39m

Ignored nodes: comments, script, style
[36m&lt;html&gt;[39m
  [36m&lt;head /&gt;[39m
  [36m&lt;body&gt;[39m
    [36m&lt;div&gt;[39m
      [36m&lt;div[39m
        [33mclass[39m=[32m&quot;ai-chat-assistant&quot;[39m
      [36m&gt;[39m
        [36m&lt;div[39m
          [33mclass[39m=[32m&quot;sessions-sidebar&quot;[39m
        [36m&gt;[39m
          [36m&lt;div[39m
            [33mclass[39m=[32m&quot;sidebar-header&quot;[39m
          [36m&gt;[39m
            [36m&lt;h3&gt;[39m
              [0mSohbetler[0m
            [36m&lt;/h3&gt;[39m
            [36m&lt;button[39m
              [33mclass[39m=[32m&quot;btn-new-session&quot;[39m
            [36m&gt;[39m
              [0m+ Yeni[0m
            [36m&lt;/button&gt;[39m
          [36m&lt;/div&gt;[39m
          [36m&lt;div[39m
            [33mclass[39m=[32m&quot;sessions-list&quot;[39m
          [36m/&gt;[39m
        [36m&lt;/div&gt;[39m
        [36m&lt;div[39m
          [33mclass[39m=[32m&quot;chat-area&quot;[39m
        [36m&gt;[39m
          [36m&lt;div[39m
            [33mclass[39m=[32m&quot;no-session&quot;[39m
          [36m&gt;[39m
            [36m&lt;h2&gt;[39m
              [0mSohbet Başlatın[0m
            [36m&lt;/h2&gt;[39m
            [36m&lt;p&gt;[39m
              [0mSol taraftan bir oturum seçin veya yeni bir oturum oluşturun[0m
            [36m&lt;/p&gt;[39m
          [36m&lt;/div&gt;[39m
        [36m&lt;/div&gt;[39m
      [36m&lt;/div&gt;[39m
    [36m&lt;/div&gt;[39m
  [36m&lt;/body&gt;[39m
[36m&lt;/html&gt;[39m" type="TestingLibraryElementError">
TestingLibraryElementError: Unable to find an element with the text: /Yeni Sohbet/i. This could be because the text is broken up by multiple elements. In this case, you can provide a function for your text matcher to make your matcher more flexible.

Ignored nodes: comments, script, style
&lt;body&gt;
  &lt;div&gt;
    &lt;div
      class=&quot;ai-chat-assistant&quot;
    &gt;
      &lt;div
        class=&quot;sessions-sidebar&quot;
      &gt;
        &lt;div
          class=&quot;sidebar-header&quot;
        &gt;
          &lt;h3&gt;
            Sohbetler
          &lt;/h3&gt;
          &lt;button
            class=&quot;btn-new-session&quot;
          &gt;
            + Yeni
          &lt;/button&gt;
        &lt;/div&gt;
        &lt;div
          class=&quot;sessions-list&quot;
        /&gt;
      &lt;/div&gt;
      &lt;div
        class=&quot;chat-area&quot;
      &gt;
        &lt;div
          class=&quot;no-session&quot;
        &gt;
          &lt;h2&gt;
            Sohbet Başlatın
          &lt;/h2&gt;
          &lt;p&gt;
            Sol taraftan bir oturum seçin veya yeni bir oturum oluşturun
          &lt;/p&gt;
        &lt;/div&gt;
      &lt;/div&gt;
    &lt;/div&gt;
  &lt;/div&gt;
&lt;/body&gt;

Ignored nodes: comments, script, style
&lt;html&gt;
  &lt;head /&gt;
  &lt;body&gt;
    &lt;div&gt;
      &lt;div
        class=&quot;ai-chat-assistant&quot;
      &gt;
        &lt;div
          class=&quot;sessions-sidebar&quot;
        &gt;
          &lt;div
            class=&quot;sidebar-header&quot;
          &gt;
            &lt;h3&gt;
              Sohbetler
            &lt;/h3&gt;
            &lt;button
              class=&quot;btn-new-session&quot;
            &gt;
              + Yeni
            &lt;/button&gt;
          &lt;/div&gt;
          &lt;div
            class=&quot;sessions-list&quot;
          /&gt;
        &lt;/div&gt;
        &lt;div
          class=&quot;chat-area&quot;
        &gt;
          &lt;div
            class=&quot;no-session&quot;
          &gt;
            &lt;h2&gt;
              Sohbet Başlatın
            &lt;/h2&gt;
            &lt;p&gt;
              Sol taraftan bir oturum seçin veya yeni bir oturum oluşturun
            &lt;/p&gt;
          &lt;/div&gt;
        &lt;/div&gt;
      &lt;/div&gt;
    &lt;/div&gt;
  &lt;/body&gt;
&lt;/html&gt;
 ❯ waitForWrapper node_modules/@testing-library/react/node_modules/@testing-library/dom/dist/wait-for.js:163:27
 ❯ src/components/AIChatAssistant/__tests__/AIChatAssistant.test.tsx:190:11
            </failure>
        </testcase>
        <testcase classname="src/components/AIChatAssistant/__tests__/AIChatAssistant.test.tsx" name="AIChatAssistant - New Session &gt; validates session title" time="1.0117599">
            <system-err>
Error: Uncaught [TypeError: sessions.map is not a function]
    at reportException (C:\Users\husey\kiro2\frontend\node_modules\jsdom\lib\jsdom\living\helpers\runtime-script-errors.js:66:24)
    at innerInvokeEventListeners (C:\Users\husey\kiro2\frontend\node_modules\jsdom\lib\jsdom\living\events\EventTarget-impl.js:353:9)
    at invokeEventListeners (C:\Users\husey\kiro2\frontend\node_modules\jsdom\lib\jsdom\living\events\EventTarget-impl.js:286:3)
    at HTMLUnknownElementImpl._dispatch (C:\Users\husey\kiro2\frontend\node_modules\jsdom\lib\jsdom\living\events\EventTarget-impl.js:233:9)
    at HTMLUnknownElementImpl.dispatchEvent (C:\Users\husey\kiro2\frontend\node_modules\jsdom\lib\jsdom\living\events\EventTarget-impl.js:104:17)
    at HTMLUnknownElement.dispatchEvent (C:\Users\husey\kiro2\frontend\node_modules\jsdom\lib\jsdom\living\generated\EventTarget.js:241:34)
    at Object.invokeGuardedCallbackDev (C:\Users\husey\kiro2\frontend\node_modules\react-dom\cjs\react-dom.development.js:4213:16)
    at invokeGuardedCallback (C:\Users\husey\kiro2\frontend\node_modules\react-dom\cjs\react-dom.development.js:4277:31)
    at beginWork$1 (C:\Users\husey\kiro2\frontend\node_modules\react-dom\cjs\react-dom.development.js:27490:7)
    at performUnitOfWork (C:\Users\husey\kiro2\frontend\node_modules\react-dom\cjs\react-dom.development.js:26599:12) TypeError: sessions.map is not a function
    at AIChatAssistant [90m(C:\Users\husey\kiro2\frontend\[39msrc\components\AIChatAssistant\AIChatAssistant.tsx:379:23[90m)[39m
    at renderWithHooks [90m(C:\Users\husey\kiro2\frontend\[39mnode_modules\[4mreact-dom[24m\cjs\react-dom.development.js:15486:18[90m)[39m
    at updateFunctionComponent [90m(C:\Users\husey\kiro2\frontend\[39mnode_modules\[4mreact-dom[24m\cjs\react-dom.development.js:19617:20[90m)[39m
    at beginWork [90m(C:\Users\husey\kiro2\frontend\[39mnode_modules\[4mreact-dom[24m\cjs\react-dom.development.js:21640:16[90m)[39m
    at HTMLUnknownElement.callCallback [90m(C:\Users\husey\kiro2\frontend\[39mnode_modules\[4mreact-dom[24m\cjs\react-dom.development.js:4164:14[90m)[39m
    at HTMLUnknownElement.callTheUserObjectsOperation [90m(C:\Users\husey\kiro2\frontend\[39mnode_modules\[4mjsdom[24m\lib\jsdom\living\generated\EventListener.js:26:30[90m)[39m
    at innerInvokeEventListeners [90m(C:\Users\husey\kiro2\frontend\[39mnode_modules\[4mjsdom[24m\lib\jsdom\living\events\EventTarget-impl.js:350:25[90m)[39m
    at invokeEventListeners [90m(C:\Users\husey\kiro2\frontend\[39mnode_modules\[4mjsdom[24m\lib\jsdom\living\events\EventTarget-impl.js:286:3[90m)[39m
    at HTMLUnknownElementImpl._dispatch [90m(C:\Users\husey\kiro2\frontend\[39mnode_modules\[4mjsdom[24m\lib\jsdom\living\events\EventTarget-impl.js:233:9[90m)[39m
    at HTMLUnknownElementImpl.dispatchEvent [90m(C:\Users\husey\kiro2\frontend\[39mnode_modules\[4mjsdom[24m\lib\jsdom\living\events\EventTarget-impl.js:104:17[90m)[39m
Error: Uncaught [TypeError: sessions.map is not a function]
    at reportException (C:\Users\husey\kiro2\frontend\node_modules\jsdom\lib\jsdom\living\helpers\runtime-script-errors.js:66:24)
    at innerInvokeEventListeners (C:\Users\husey\kiro2\frontend\node_modules\jsdom\lib\jsdom\living\events\EventTarget-impl.js:353:9)
    at invokeEventListeners (C:\Users\husey\kiro2\frontend\node_modules\jsdom\lib\jsdom\living\events\EventTarget-impl.js:286:3)
    at HTMLUnknownElementImpl._dispatch (C:\Users\husey\kiro2\frontend\node_modules\jsdom\lib\jsdom\living\events\EventTarget-impl.js:233:9)
    at HTMLUnknownElementImpl.dispatchEvent (C:\Users\husey\kiro2\frontend\node_modules\jsdom\lib\jsdom\living\events\EventTarget-impl.js:104:17)
    at HTMLUnknownElement.dispatchEvent (C:\Users\husey\kiro2\frontend\node_modules\jsdom\lib\jsdom\living\generated\EventTarget.js:241:34)
    at Object.invokeGuardedCallbackDev (C:\Users\husey\kiro2\frontend\node_modules\react-dom\cjs\react-dom.development.js:4213:16)
    at invokeGuardedCallback (C:\Users\husey\kiro2\frontend\node_modules\react-dom\cjs\react-dom.development.js:4277:31)
    at beginWork$1 (C:\Users\husey\kiro2\frontend\node_modules\react-dom\cjs\react-dom.development.js:27490:7)
    at performUnitOfWork (C:\Users\husey\kiro2\frontend\node_modules\react-dom\cjs\react-dom.development.js:26599:12) TypeError: sessions.map is not a function
    at AIChatAssistant [90m(C:\Users\husey\kiro2\frontend\[39msrc\components\AIChatAssistant\AIChatAssistant.tsx:379:23[90m)[39m
    at renderWithHooks [90m(C:\Users\husey\kiro2\frontend\[39mnode_modules\[4mreact-dom[24m\cjs\react-dom.development.js:15486:18[90m)[39m
    at updateFunctionComponent [90m(C:\Users\husey\kiro2\frontend\[39mnode_modules\[4mreact-dom[24m\cjs\react-dom.development.js:19617:20[90m)[39m
    at beginWork [90m(C:\Users\husey\kiro2\frontend\[39mnode_modules\[4mreact-dom[24m\cjs\react-dom.development.js:21640:16[90m)[39m
    at HTMLUnknownElement.callCallback [90m(C:\Users\husey\kiro2\frontend\[39mnode_modules\[4mreact-dom[24m\cjs\react-dom.development.js:4164:14[90m)[39m
    at HTMLUnknownElement.callTheUserObjectsOperation [90m(C:\Users\husey\kiro2\frontend\[39mnode_modules\[4mjsdom[24m\lib\jsdom\living\generated\EventListener.js:26:30[90m)[39m
    at innerInvokeEventListeners [90m(C:\Users\husey\kiro2\frontend\[39mnode_modules\[4mjsdom[24m\lib\jsdom\living\events\EventTarget-impl.js:350:25[90m)[39m
    at invokeEventListeners [90m(C:\Users\husey\kiro2\frontend\[39mnode_modules\[4mjsdom[24m\lib\jsdom\living\events\EventTarget-impl.js:286:3[90m)[39m
    at HTMLUnknownElementImpl._dispatch [90m(C:\Users\husey\kiro2\frontend\[39mnode_modules\[4mjsdom[24m\lib\jsdom\living\events\EventTarget-impl.js:233:9[90m)[39m
    at HTMLUnknownElementImpl.dispatchEvent [90m(C:\Users\husey\kiro2\frontend\[39mnode_modules\[4mjsdom[24m\lib\jsdom\living\events\EventTarget-impl.js:104:17[90m)[39m

            </system-err>
            <failure message="Unable to find an element with the text: /Yeni Sohbet/i. This could be because the text is broken up by multiple elements. In this case, you can provide a function for your text matcher to make your matcher more flexible.

Ignored nodes: comments, script, style
[36m&lt;body&gt;[39m
  [36m&lt;div /&gt;[39m
[36m&lt;/body&gt;[39m

Ignored nodes: comments, script, style
[36m&lt;html&gt;[39m
  [36m&lt;head /&gt;[39m
  [36m&lt;body&gt;[39m
    [36m&lt;div /&gt;[39m
  [36m&lt;/body&gt;[39m
[36m&lt;/html&gt;[39m" type="TestingLibraryElementError">
TestingLibraryElementError: Unable to find an element with the text: /Yeni Sohbet/i. This could be because the text is broken up by multiple elements. In this case, you can provide a function for your text matcher to make your matcher more flexible.

Ignored nodes: comments, script, style
&lt;body&gt;
  &lt;div /&gt;
&lt;/body&gt;

Ignored nodes: comments, script, style
&lt;html&gt;
  &lt;head /&gt;
  &lt;body&gt;
    &lt;div /&gt;
  &lt;/body&gt;
&lt;/html&gt;
 ❯ waitForWrapper node_modules/@testing-library/react/node_modules/@testing-library/dom/dist/wait-for.js:163:27
 ❯ src/components/AIChatAssistant/__tests__/AIChatAssistant.test.tsx:209:11
            </failure>
        </testcase>
        <testcase classname="src/components/AIChatAssistant/__tests__/AIChatAssistant.test.tsx" name="AIChatAssistant - New Session &gt; selects subject for new session" time="1.0082351">
            <failure message="Unable to find an element with the text: /Yeni Sohbet/i. This could be because the text is broken up by multiple elements. In this case, you can provide a function for your text matcher to make your matcher more flexible.

Ignored nodes: comments, script, style
[36m&lt;body&gt;[39m
  [36m&lt;div&gt;[39m
    [36m&lt;div[39m
      [33mclass[39m=[32m&quot;ai-chat-assistant&quot;[39m
    [36m&gt;[39m
      [36m&lt;div[39m
        [33mclass[39m=[32m&quot;sessions-sidebar&quot;[39m
      [36m&gt;[39m
        [36m&lt;div[39m
          [33mclass[39m=[32m&quot;sidebar-header&quot;[39m
        [36m&gt;[39m
          [36m&lt;h3&gt;[39m
            [0mSohbetler[0m
          [36m&lt;/h3&gt;[39m
          [36m&lt;button[39m
            [33mclass[39m=[32m&quot;btn-new-session&quot;[39m
          [36m&gt;[39m
            [0m+ Yeni[0m
          [36m&lt;/button&gt;[39m
        [36m&lt;/div&gt;[39m
        [36m&lt;div[39m
          [33mclass[39m=[32m&quot;sessions-list&quot;[39m
        [36m/&gt;[39m
      [36m&lt;/div&gt;[39m
      [36m&lt;div[39m
        [33mclass[39m=[32m&quot;chat-area&quot;[39m
      [36m&gt;[39m
        [36m&lt;div[39m
          [33mclass[39m=[32m&quot;no-session&quot;[39m
        [36m&gt;[39m
          [36m&lt;h2&gt;[39m
            [0mSohbet Başlatın[0m
          [36m&lt;/h2&gt;[39m
          [36m&lt;p&gt;[39m
            [0mSol taraftan bir oturum seçin veya yeni bir oturum oluşturun[0m
          [36m&lt;/p&gt;[39m
        [36m&lt;/div&gt;[39m
      [36m&lt;/div&gt;[39m
    [36m&lt;/div&gt;[39m
  [36m&lt;/div&gt;[39m
[36m&lt;/body&gt;[39m

Ignored nodes: comments, script, style
[36m&lt;html&gt;[39m
  [36m&lt;head /&gt;[39m
  [36m&lt;body&gt;[39m
    [36m&lt;div&gt;[39m
      [36m&lt;div[39m
        [33mclass[39m=[32m&quot;ai-chat-assistant&quot;[39m
      [36m&gt;[39m
        [36m&lt;div[39m
          [33mclass[39m=[32m&quot;sessions-sidebar&quot;[39m
        [36m&gt;[39m
          [36m&lt;div[39m
            [33mclass[39m=[32m&quot;sidebar-header&quot;[39m
          [36m&gt;[39m
            [36m&lt;h3&gt;[39m
              [0mSohbetler[0m
            [36m&lt;/h3&gt;[39m
            [36m&lt;button[39m
              [33mclass[39m=[32m&quot;btn-new-session&quot;[39m
            [36m&gt;[39m
              [0m+ Yeni[0m
            [36m&lt;/button&gt;[39m
          [36m&lt;/div&gt;[39m
          [36m&lt;div[39m
            [33mclass[39m=[32m&quot;sessions-list&quot;[39m
          [36m/&gt;[39m
        [36m&lt;/div&gt;[39m
        [36m&lt;div[39m
          [33mclass[39m=[32m&quot;chat-area&quot;[39m
        [36m&gt;[39m
          [36m&lt;div[39m
            [33mclass[39m=[32m&quot;no-session&quot;[39m
          [36m&gt;[39m
            [36m&lt;h2&gt;[39m
              [0mSohbet Başlatın[0m
            [36m&lt;/h2&gt;[39m
            [36m&lt;p&gt;[39m
              [0mSol taraftan bir oturum seçin veya yeni bir oturum oluşturun[0m
            [36m&lt;/p&gt;[39m
          [36m&lt;/div&gt;[39m
        [36m&lt;/div&gt;[39m
      [36m&lt;/div&gt;[39m
    [36m&lt;/div&gt;[39m
  [36m&lt;/body&gt;[39m
[36m&lt;/html&gt;[39m" type="TestingLibraryElementError">
TestingLibraryElementError: Unable to find an element with the text: /Yeni Sohbet/i. This could be because the text is broken up by multiple elements. In this case, you can provide a function for your text matcher to make your matcher more flexible.

Ignored nodes: comments, script, style
&lt;body&gt;
  &lt;div&gt;
    &lt;div
      class=&quot;ai-chat-assistant&quot;
    &gt;
      &lt;div
        class=&quot;sessions-sidebar&quot;
      &gt;
        &lt;div
          class=&quot;sidebar-header&quot;
        &gt;
          &lt;h3&gt;
            Sohbetler
          &lt;/h3&gt;
          &lt;button
            class=&quot;btn-new-session&quot;
          &gt;
            + Yeni
          &lt;/button&gt;
        &lt;/div&gt;
        &lt;div
          class=&quot;sessions-list&quot;
        /&gt;
      &lt;/div&gt;
      &lt;div
        class=&quot;chat-area&quot;
      &gt;
        &lt;div
          class=&quot;no-session&quot;
        &gt;
          &lt;h2&gt;
            Sohbet Başlatın
          &lt;/h2&gt;
          &lt;p&gt;
            Sol taraftan bir oturum seçin veya yeni bir oturum oluşturun
          &lt;/p&gt;
        &lt;/div&gt;
      &lt;/div&gt;
    &lt;/div&gt;
  &lt;/div&gt;
&lt;/body&gt;

Ignored nodes: comments, script, style
&lt;html&gt;
  &lt;head /&gt;
  &lt;body&gt;
    &lt;div&gt;
      &lt;div
        class=&quot;ai-chat-assistant&quot;
      &gt;
        &lt;div
          class=&quot;sessions-sidebar&quot;
        &gt;
          &lt;div
            class=&quot;sidebar-header&quot;
          &gt;
            &lt;h3&gt;
              Sohbetler
            &lt;/h3&gt;
            &lt;button
              class=&quot;btn-new-session&quot;
            &gt;
              + Yeni
            &lt;/button&gt;
          &lt;/div&gt;
          &lt;div
            class=&quot;sessions-list&quot;
          /&gt;
        &lt;/div&gt;
        &lt;div
          class=&quot;chat-area&quot;
        &gt;
          &lt;div
            class=&quot;no-session&quot;
          &gt;
            &lt;h2&gt;
              Sohbet Başlatın
            &lt;/h2&gt;
            &lt;p&gt;
              Sol taraftan bir oturum seçin veya yeni bir oturum oluşturun
            &lt;/p&gt;
          &lt;/div&gt;
        &lt;/div&gt;
      &lt;/div&gt;
    &lt;/div&gt;
  &lt;/body&gt;
&lt;/html&gt;
 ❯ waitForWrapper node_modules/@testing-library/react/node_modules/@testing-library/dom/dist/wait-for.js:163:27
 ❯ src/components/AIChatAssistant/__tests__/AIChatAssistant.test.tsx:222:11
            </failure>
        </testcase>
        <testcase classname="src/components/AIChatAssistant/__tests__/AIChatAssistant.test.tsx" name="AIChatAssistant - Send Message &gt; sends message" time="1.0102687">
            <system-err>
Error: Uncaught [TypeError: messagesEndRef.current?.scrollIntoView is not a function]
    at reportException (C:\Users\husey\kiro2\frontend\node_modules\jsdom\lib\jsdom\living\helpers\runtime-script-errors.js:66:24)
    at innerInvokeEventListeners (C:\Users\husey\kiro2\frontend\node_modules\jsdom\lib\jsdom\living\events\EventTarget-impl.js:353:9)
    at invokeEventListeners (C:\Users\husey\kiro2\frontend\node_modules\jsdom\lib\jsdom\living\events\EventTarget-impl.js:286:3)
    at HTMLUnknownElementImpl._dispatch (C:\Users\husey\kiro2\frontend\node_modules\jsdom\lib\jsdom\living\events\EventTarget-impl.js:233:9)
    at HTMLUnknownElementImpl.dispatchEvent (C:\Users\husey\kiro2\frontend\node_modules\jsdom\lib\jsdom\living\events\EventTarget-impl.js:104:17)
    at HTMLUnknownElement.dispatchEvent (C:\Users\husey\kiro2\frontend\node_modules\jsdom\lib\jsdom\living\generated\EventTarget.js:241:34)
    at Object.invokeGuardedCallbackDev (C:\Users\husey\kiro2\frontend\node_modules\react-dom\cjs\react-dom.development.js:4213:16)
    at invokeGuardedCallback (C:\Users\husey\kiro2\frontend\node_modules\react-dom\cjs\react-dom.development.js:4277:31)
    at reportUncaughtErrorInDEV (C:\Users\husey\kiro2\frontend\node_modules\react-dom\cjs\react-dom.development.js:22877:5)
    at captureCommitPhaseError (C:\Users\husey\kiro2\frontend\node_modules\react-dom\cjs\react-dom.development.js:27165:5) TypeError: messagesEndRef.current?.scrollIntoView is not a function
    at scrollToBottom [90m(C:\Users\husey\kiro2\frontend\[39msrc\components\AIChatAssistant\AIChatAssistant.tsx:128:29[90m)[39m
    at [90mC:\Users\husey\kiro2\frontend\[39msrc\components\AIChatAssistant\AIChatAssistant.tsx:124:5
    at commitHookEffectListMount [90m(C:\Users\husey\kiro2\frontend\[39mnode_modules\[4mreact-dom[24m\cjs\react-dom.development.js:23189:26[90m)[39m
    at commitPassiveMountOnFiber [90m(C:\Users\husey\kiro2\frontend\[39mnode_modules\[4mreact-dom[24m\cjs\react-dom.development.js:24970:11[90m)[39m
    at commitPassiveMountEffects_complete [90m(C:\Users\husey\kiro2\frontend\[39mnode_modules\[4mreact-dom[24m\cjs\react-dom.development.js:24930:9[90m)[39m
    at commitPassiveMountEffects_begin [90m(C:\Users\husey\kiro2\frontend\[39mnode_modules\[4mreact-dom[24m\cjs\react-dom.development.js:24917:7[90m)[39m
    at commitPassiveMountEffects [90m(C:\Users\husey\kiro2\frontend\[39mnode_modules\[4mreact-dom[24m\cjs\react-dom.development.js:24905:3[90m)[39m
    at flushPassiveEffectsImpl [90m(C:\Users\husey\kiro2\frontend\[39mnode_modules\[4mreact-dom[24m\cjs\react-dom.development.js:27078:3[90m)[39m
    at flushPassiveEffects [90m(C:\Users\husey\kiro2\frontend\[39mnode_modules\[4mreact-dom[24m\cjs\react-dom.development.js:27023:14[90m)[39m
    at [90mC:\Users\husey\kiro2\frontend\[39mnode_modules\[4mreact-dom[24m\cjs\react-dom.development.js:26808:9

            </system-err>
            <failure message="Unable to find an element with the text: Türev nedir?. This could be because the text is broken up by multiple elements. In this case, you can provide a function for your text matcher to make your matcher more flexible.

Ignored nodes: comments, script, style
[36m&lt;body&gt;[39m
  [36m&lt;div /&gt;[39m
[36m&lt;/body&gt;[39m

Ignored nodes: comments, script, style
[36m&lt;html&gt;[39m
  [36m&lt;head /&gt;[39m
  [36m&lt;body&gt;[39m
    [36m&lt;div /&gt;[39m
  [36m&lt;/body&gt;[39m
[36m&lt;/html&gt;[39m" type="TestingLibraryElementError">
TestingLibraryElementError: Unable to find an element with the text: Türev nedir?. This could be because the text is broken up by multiple elements. In this case, you can provide a function for your text matcher to make your matcher more flexible.

Ignored nodes: comments, script, style
&lt;body&gt;
  &lt;div /&gt;
&lt;/body&gt;

Ignored nodes: comments, script, style
&lt;html&gt;
  &lt;head /&gt;
  &lt;body&gt;
    &lt;div /&gt;
  &lt;/body&gt;
&lt;/html&gt;
 ❯ waitForWrapper node_modules/@testing-library/react/node_modules/@testing-library/dom/dist/wait-for.js:163:27
 ❯ src/components/AIChatAssistant/__tests__/AIChatAssistant.test.tsx:245:11
            </failure>
        </testcase>
        <testcase classname="src/components/AIChatAssistant/__tests__/AIChatAssistant.test.tsx" name="AIChatAssistant - Send Message &gt; clears input after send" time="1.0158024">
            <system-err>
Error: Uncaught [TypeError: sessions.map is not a function]
    at reportException (C:\Users\husey\kiro2\frontend\node_modules\jsdom\lib\jsdom\living\helpers\runtime-script-errors.js:66:24)
    at innerInvokeEventListeners (C:\Users\husey\kiro2\frontend\node_modules\jsdom\lib\jsdom\living\events\EventTarget-impl.js:353:9)
    at invokeEventListeners (C:\Users\husey\kiro2\frontend\node_modules\jsdom\lib\jsdom\living\events\EventTarget-impl.js:286:3)
    at HTMLUnknownElementImpl._dispatch (C:\Users\husey\kiro2\frontend\node_modules\jsdom\lib\jsdom\living\events\EventTarget-impl.js:233:9)
    at HTMLUnknownElementImpl.dispatchEvent (C:\Users\husey\kiro2\frontend\node_modules\jsdom\lib\jsdom\living\events\EventTarget-impl.js:104:17)
    at HTMLUnknownElement.dispatchEvent (C:\Users\husey\kiro2\frontend\node_modules\jsdom\lib\jsdom\living\generated\EventTarget.js:241:34)
    at Object.invokeGuardedCallbackDev (C:\Users\husey\kiro2\frontend\node_modules\react-dom\cjs\react-dom.development.js:4213:16)
    at invokeGuardedCallback (C:\Users\husey\kiro2\frontend\node_modules\react-dom\cjs\react-dom.development.js:4277:31)
    at beginWork$1 (C:\Users\husey\kiro2\frontend\node_modules\react-dom\cjs\react-dom.development.js:27490:7)
    at performUnitOfWork (C:\Users\husey\kiro2\frontend\node_modules\react-dom\cjs\react-dom.development.js:26599:12) TypeError: sessions.map is not a function
    at AIChatAssistant [90m(C:\Users\husey\kiro2\frontend\[39msrc\components\AIChatAssistant\AIChatAssistant.tsx:379:23[90m)[39m
    at renderWithHooks [90m(C:\Users\husey\kiro2\frontend\[39mnode_modules\[4mreact-dom[24m\cjs\react-dom.development.js:15486:18[90m)[39m
    at updateFunctionComponent [90m(C:\Users\husey\kiro2\frontend\[39mnode_modules\[4mreact-dom[24m\cjs\react-dom.development.js:19617:20[90m)[39m
    at beginWork [90m(C:\Users\husey\kiro2\frontend\[39mnode_modules\[4mreact-dom[24m\cjs\react-dom.development.js:21640:16[90m)[39m
    at HTMLUnknownElement.callCallback [90m(C:\Users\husey\kiro2\frontend\[39mnode_modules\[4mreact-dom[24m\cjs\react-dom.development.js:4164:14[90m)[39m
    at HTMLUnknownElement.callTheUserObjectsOperation [90m(C:\Users\husey\kiro2\frontend\[39mnode_modules\[4mjsdom[24m\lib\jsdom\living\generated\EventListener.js:26:30[90m)[39m
    at innerInvokeEventListeners [90m(C:\Users\husey\kiro2\frontend\[39mnode_modules\[4mjsdom[24m\lib\jsdom\living\events\EventTarget-impl.js:350:25[90m)[39m
    at invokeEventListeners [90m(C:\Users\husey\kiro2\frontend\[39mnode_modules\[4mjsdom[24m\lib\jsdom\living\events\EventTarget-impl.js:286:3[90m)[39m
    at HTMLUnknownElementImpl._dispatch [90m(C:\Users\husey\kiro2\frontend\[39mnode_modules\[4mjsdom[24m\lib\jsdom\living\events\EventTarget-impl.js:233:9[90m)[39m
    at HTMLUnknownElementImpl.dispatchEvent [90m(C:\Users\husey\kiro2\frontend\[39mnode_modules\[4mjsdom[24m\lib\jsdom\living\events\EventTarget-impl.js:104:17[90m)[39m
Error: Uncaught [TypeError: sessions.map is not a function]
    at reportException (C:\Users\husey\kiro2\frontend\node_modules\jsdom\lib\jsdom\living\helpers\runtime-script-errors.js:66:24)
    at innerInvokeEventListeners (C:\Users\husey\kiro2\frontend\node_modules\jsdom\lib\jsdom\living\events\EventTarget-impl.js:353:9)
    at invokeEventListeners (C:\Users\husey\kiro2\frontend\node_modules\jsdom\lib\jsdom\living\events\EventTarget-impl.js:286:3)
    at HTMLUnknownElementImpl._dispatch (C:\Users\husey\kiro2\frontend\node_modules\jsdom\lib\jsdom\living\events\EventTarget-impl.js:233:9)
    at HTMLUnknownElementImpl.dispatchEvent (C:\Users\husey\kiro2\frontend\node_modules\jsdom\lib\jsdom\living\events\EventTarget-impl.js:104:17)
    at HTMLUnknownElement.dispatchEvent (C:\Users\husey\kiro2\frontend\node_modules\jsdom\lib\jsdom\living\generated\EventTarget.js:241:34)
    at Object.invokeGuardedCallbackDev (C:\Users\husey\kiro2\frontend\node_modules\react-dom\cjs\react-dom.development.js:4213:16)
    at invokeGuardedCallback (C:\Users\husey\kiro2\frontend\node_modules\react-dom\cjs\react-dom.development.js:4277:31)
    at beginWork$1 (C:\Users\husey\kiro2\frontend\node_modules\react-dom\cjs\react-dom.development.js:27490:7)
    at performUnitOfWork (C:\Users\husey\kiro2\frontend\node_modules\react-dom\cjs\react-dom.development.js:26599:12) TypeError: sessions.map is not a function
    at AIChatAssistant [90m(C:\Users\husey\kiro2\frontend\[39msrc\components\AIChatAssistant\AIChatAssistant.tsx:379:23[90m)[39m
    at renderWithHooks [90m(C:\Users\husey\kiro2\frontend\[39mnode_modules\[4mreact-dom[24m\cjs\react-dom.development.js:15486:18[90m)[39m
    at updateFunctionComponent [90m(C:\Users\husey\kiro2\frontend\[39mnode_modules\[4mreact-dom[24m\cjs\react-dom.development.js:19617:20[90m)[39m
    at beginWork [90m(C:\Users\husey\kiro2\frontend\[39mnode_modules\[4mreact-dom[24m\cjs\react-dom.development.js:21640:16[90m)[39m
    at HTMLUnknownElement.callCallback [90m(C:\Users\husey\kiro2\frontend\[39mnode_modules\[4mreact-dom[24m\cjs\react-dom.development.js:4164:14[90m)[39m
    at HTMLUnknownElement.callTheUserObjectsOperation [90m(C:\Users\husey\kiro2\frontend\[39mnode_modules\[4mjsdom[24m\lib\jsdom\living\generated\EventListener.js:26:30[90m)[39m
    at innerInvokeEventListeners [90m(C:\Users\husey\kiro2\frontend\[39mnode_modules\[4mjsdom[24m\lib\jsdom\living\events\EventTarget-impl.js:350:25[90m)[39m
    at invokeEventListeners [90m(C:\Users\husey\kiro2\frontend\[39mnode_modules\[4mjsdom[24m\lib\jsdom\living\events\EventTarget-impl.js:286:3[90m)[39m
    at HTMLUnknownElementImpl._dispatch [90m(C:\Users\husey\kiro2\frontend\[39mnode_modules\[4mjsdom[24m\lib\jsdom\living\events\EventTarget-impl.js:233:9[90m)[39m
    at HTMLUnknownElementImpl.dispatchEvent [90m(C:\Users\husey\kiro2\frontend\[39mnode_modules\[4mjsdom[24m\lib\jsdom\living\events\EventTarget-impl.js:104:17[90m)[39m

            </system-err>
            <failure message="Unable to find an element with the text: Türev nedir?. This could be because the text is broken up by multiple elements. In this case, you can provide a function for your text matcher to make your matcher more flexible.

Ignored nodes: comments, script, style
[36m&lt;body&gt;[39m
  [36m&lt;div /&gt;[39m
[36m&lt;/body&gt;[39m

Ignored nodes: comments, script, style
[36m&lt;html&gt;[39m
  [36m&lt;head /&gt;[39m
  [36m&lt;body&gt;[39m
    [36m&lt;div /&gt;[39m
  [36m&lt;/body&gt;[39m
[36m&lt;/html&gt;[39m" type="TestingLibraryElementError">
TestingLibraryElementError: Unable to find an element with the text: Türev nedir?. This could be because the text is broken up by multiple elements. In this case, you can provide a function for your text matcher to make your matcher more flexible.

Ignored nodes: comments, script, style
&lt;body&gt;
  &lt;div /&gt;
&lt;/body&gt;

Ignored nodes: comments, script, style
&lt;html&gt;
  &lt;head /&gt;
  &lt;body&gt;
    &lt;div /&gt;
  &lt;/body&gt;
&lt;/html&gt;
 ❯ waitForWrapper node_modules/@testing-library/react/node_modules/@testing-library/dom/dist/wait-for.js:163:27
 ❯ src/components/AIChatAssistant/__tests__/AIChatAssistant.test.tsx:267:11
            </failure>
        </testcase>
        <testcase classname="src/components/AIChatAssistant/__tests__/AIChatAssistant.test.tsx" name="AIChatAssistant - Send Message &gt; disables send during processing" time="0.0587546">
            <system-err>
Error: Uncaught [TypeError: messagesEndRef.current?.scrollIntoView is not a function]
    at reportException (C:\Users\husey\kiro2\frontend\node_modules\jsdom\lib\jsdom\living\helpers\runtime-script-errors.js:66:24)
    at innerInvokeEventListeners (C:\Users\husey\kiro2\frontend\node_modules\jsdom\lib\jsdom\living\events\EventTarget-impl.js:353:9)
    at invokeEventListeners (C:\Users\husey\kiro2\frontend\node_modules\jsdom\lib\jsdom\living\events\EventTarget-impl.js:286:3)
    at HTMLUnknownElementImpl._dispatch (C:\Users\husey\kiro2\frontend\node_modules\jsdom\lib\jsdom\living\events\EventTarget-impl.js:233:9)
    at HTMLUnknownElementImpl.dispatchEvent (C:\Users\husey\kiro2\frontend\node_modules\jsdom\lib\jsdom\living\events\EventTarget-impl.js:104:17)
    at HTMLUnknownElement.dispatchEvent (C:\Users\husey\kiro2\frontend\node_modules\jsdom\lib\jsdom\living\generated\EventTarget.js:241:34)
    at Object.invokeGuardedCallbackDev (C:\Users\husey\kiro2\frontend\node_modules\react-dom\cjs\react-dom.development.js:4213:16)
    at invokeGuardedCallback (C:\Users\husey\kiro2\frontend\node_modules\react-dom\cjs\react-dom.development.js:4277:31)
    at reportUncaughtErrorInDEV (C:\Users\husey\kiro2\frontend\node_modules\react-dom\cjs\react-dom.development.js:22877:5)
    at captureCommitPhaseError (C:\Users\husey\kiro2\frontend\node_modules\react-dom\cjs\react-dom.development.js:27165:5) TypeError: messagesEndRef.current?.scrollIntoView is not a function
    at scrollToBottom [90m(C:\Users\husey\kiro2\frontend\[39msrc\components\AIChatAssistant\AIChatAssistant.tsx:128:29[90m)[39m
    at [90mC:\Users\husey\kiro2\frontend\[39msrc\components\AIChatAssistant\AIChatAssistant.tsx:124:5
    at commitHookEffectListMount [90m(C:\Users\husey\kiro2\frontend\[39mnode_modules\[4mreact-dom[24m\cjs\react-dom.development.js:23189:26[90m)[39m
    at commitPassiveMountOnFiber [90m(C:\Users\husey\kiro2\frontend\[39mnode_modules\[4mreact-dom[24m\cjs\react-dom.development.js:24970:11[90m)[39m
    at commitPassiveMountEffects_complete [90m(C:\Users\husey\kiro2\frontend\[39mnode_modules\[4mreact-dom[24m\cjs\react-dom.development.js:24930:9[90m)[39m
    at commitPassiveMountEffects_begin [90m(C:\Users\husey\kiro2\frontend\[39mnode_modules\[4mreact-dom[24m\cjs\react-dom.development.js:24917:7[90m)[39m
    at commitPassiveMountEffects [90m(C:\Users\husey\kiro2\frontend\[39mnode_modules\[4mreact-dom[24m\cjs\react-dom.development.js:24905:3[90m)[39m
    at flushPassiveEffectsImpl [90m(C:\Users\husey\kiro2\frontend\[39mnode_modules\[4mreact-dom[24m\cjs\react-dom.development.js:27078:3[90m)[39m
    at flushPassiveEffects [90m(C:\Users\husey\kiro2\frontend\[39mnode_modules\[4mreact-dom[24m\cjs\react-dom.development.js:27023:14[90m)[39m
    at [90mC:\Users\husey\kiro2\frontend\[39mnode_modules\[4mreact-dom[24m\cjs\react-dom.development.js:26808:9

            </system-err>
            <failure message="Unable to find an element with the placeholder text of: /Mesajınızı yazın/i

Ignored nodes: comments, script, style
[36m&lt;body&gt;[39m
  [36m&lt;div /&gt;[39m
[36m&lt;/body&gt;[39m" type="TestingLibraryElementError">
TestingLibraryElementError: Unable to find an element with the placeholder text of: /Mesajınızı yazın/i

Ignored nodes: comments, script, style
&lt;body&gt;
  &lt;div /&gt;
&lt;/body&gt;
 ❯ Object.getElementError node_modules/@testing-library/react/node_modules/@testing-library/dom/dist/config.js:37:19
 ❯ node_modules/@testing-library/react/node_modules/@testing-library/dom/dist/query-helpers.js:76:38
 ❯ node_modules/@testing-library/react/node_modules/@testing-library/dom/dist/query-helpers.js:52:17
 ❯ node_modules/@testing-library/react/node_modules/@testing-library/dom/dist/query-helpers.js:95:19
 ❯ src/components/AIChatAssistant/__tests__/AIChatAssistant.test.tsx:288:26
            </failure>
        </testcase>
        <testcase classname="src/components/AIChatAssistant/__tests__/AIChatAssistant.test.tsx" name="AIChatAssistant - Image Upload &gt; handles image selection" time="1.0191796">
            <system-err>
Error: Uncaught [TypeError: messagesEndRef.current?.scrollIntoView is not a function]
    at reportException (C:\Users\husey\kiro2\frontend\node_modules\jsdom\lib\jsdom\living\helpers\runtime-script-errors.js:66:24)
    at innerInvokeEventListeners (C:\Users\husey\kiro2\frontend\node_modules\jsdom\lib\jsdom\living\events\EventTarget-impl.js:353:9)
    at invokeEventListeners (C:\Users\husey\kiro2\frontend\node_modules\jsdom\lib\jsdom\living\events\EventTarget-impl.js:286:3)
    at HTMLUnknownElementImpl._dispatch (C:\Users\husey\kiro2\frontend\node_modules\jsdom\lib\jsdom\living\events\EventTarget-impl.js:233:9)
    at HTMLUnknownElementImpl.dispatchEvent (C:\Users\husey\kiro2\frontend\node_modules\jsdom\lib\jsdom\living\events\EventTarget-impl.js:104:17)
    at HTMLUnknownElement.dispatchEvent (C:\Users\husey\kiro2\frontend\node_modules\jsdom\lib\jsdom\living\generated\EventTarget.js:241:34)
    at Object.invokeGuardedCallbackDev (C:\Users\husey\kiro2\frontend\node_modules\react-dom\cjs\react-dom.development.js:4213:16)
    at invokeGuardedCallback (C:\Users\husey\kiro2\frontend\node_modules\react-dom\cjs\react-dom.development.js:4277:31)
    at reportUncaughtErrorInDEV (C:\Users\husey\kiro2\frontend\node_modules\react-dom\cjs\react-dom.development.js:22877:5)
    at captureCommitPhaseError (C:\Users\husey\kiro2\frontend\node_modules\react-dom\cjs\react-dom.development.js:27165:5) TypeError: messagesEndRef.current?.scrollIntoView is not a function
    at scrollToBottom [90m(C:\Users\husey\kiro2\frontend\[39msrc\components\AIChatAssistant\AIChatAssistant.tsx:128:29[90m)[39m
    at [90mC:\Users\husey\kiro2\frontend\[39msrc\components\AIChatAssistant\AIChatAssistant.tsx:124:5
    at commitHookEffectListMount [90m(C:\Users\husey\kiro2\frontend\[39mnode_modules\[4mreact-dom[24m\cjs\react-dom.development.js:23189:26[90m)[39m
    at commitPassiveMountOnFiber [90m(C:\Users\husey\kiro2\frontend\[39mnode_modules\[4mreact-dom[24m\cjs\react-dom.development.js:24970:11[90m)[39m
    at commitPassiveMountEffects_complete [90m(C:\Users\husey\kiro2\frontend\[39mnode_modules\[4mreact-dom[24m\cjs\react-dom.development.js:24930:9[90m)[39m
    at commitPassiveMountEffects_begin [90m(C:\Users\husey\kiro2\frontend\[39mnode_modules\[4mreact-dom[24m\cjs\react-dom.development.js:24917:7[90m)[39m
    at commitPassiveMountEffects [90m(C:\Users\husey\kiro2\frontend\[39mnode_modules\[4mreact-dom[24m\cjs\react-dom.development.js:24905:3[90m)[39m
    at flushPassiveEffectsImpl [90m(C:\Users\husey\kiro2\frontend\[39mnode_modules\[4mreact-dom[24m\cjs\react-dom.development.js:27078:3[90m)[39m
    at flushPassiveEffects [90m(C:\Users\husey\kiro2\frontend\[39mnode_modules\[4mreact-dom[24m\cjs\react-dom.development.js:27023:14[90m)[39m
    at [90mC:\Users\husey\kiro2\frontend\[39mnode_modules\[4mreact-dom[24m\cjs\react-dom.development.js:26808:9

            </system-err>
            <failure message="Unable to find a label with the text of: /Resim yükle/i

Ignored nodes: comments, script, style
[36m&lt;body&gt;[39m
  [36m&lt;div /&gt;[39m
[36m&lt;/body&gt;[39m

Ignored nodes: comments, script, style
[36m&lt;html&gt;[39m
  [36m&lt;head /&gt;[39m
  [36m&lt;body&gt;[39m
    [36m&lt;div /&gt;[39m
  [36m&lt;/body&gt;[39m
[36m&lt;/html&gt;[39m" type="TestingLibraryElementError">
TestingLibraryElementError: Unable to find a label with the text of: /Resim yükle/i

Ignored nodes: comments, script, style
&lt;body&gt;
  &lt;div /&gt;
&lt;/body&gt;

Ignored nodes: comments, script, style
&lt;html&gt;
  &lt;head /&gt;
  &lt;body&gt;
    &lt;div /&gt;
  &lt;/body&gt;
&lt;/html&gt;
 ❯ waitForWrapper node_modules/@testing-library/react/node_modules/@testing-library/dom/dist/wait-for.js:163:27
 ❯ src/components/AIChatAssistant/__tests__/AIChatAssistant.test.tsx:306:11
            </failure>
        </testcase>
        <testcase classname="src/components/AIChatAssistant/__tests__/AIChatAssistant.test.tsx" name="AIChatAssistant - Image Upload &gt; validates image file type" time="1.0056211">
            <system-err>
Error: Uncaught [TypeError: messagesEndRef.current?.scrollIntoView is not a function]
    at reportException (C:\Users\husey\kiro2\frontend\node_modules\jsdom\lib\jsdom\living\helpers\runtime-script-errors.js:66:24)
    at innerInvokeEventListeners (C:\Users\husey\kiro2\frontend\node_modules\jsdom\lib\jsdom\living\events\EventTarget-impl.js:353:9)
    at invokeEventListeners (C:\Users\husey\kiro2\frontend\node_modules\jsdom\lib\jsdom\living\events\EventTarget-impl.js:286:3)
    at HTMLUnknownElementImpl._dispatch (C:\Users\husey\kiro2\frontend\node_modules\jsdom\lib\jsdom\living\events\EventTarget-impl.js:233:9)
    at HTMLUnknownElementImpl.dispatchEvent (C:\Users\husey\kiro2\frontend\node_modules\jsdom\lib\jsdom\living\events\EventTarget-impl.js:104:17)
    at HTMLUnknownElement.dispatchEvent (C:\Users\husey\kiro2\frontend\node_modules\jsdom\lib\jsdom\living\generated\EventTarget.js:241:34)
    at Object.invokeGuardedCallbackDev (C:\Users\husey\kiro2\frontend\node_modules\react-dom\cjs\react-dom.development.js:4213:16)
    at invokeGuardedCallback (C:\Users\husey\kiro2\frontend\node_modules\react-dom\cjs\react-dom.development.js:4277:31)
    at reportUncaughtErrorInDEV (C:\Users\husey\kiro2\frontend\node_modules\react-dom\cjs\react-dom.development.js:22877:5)
    at captureCommitPhaseError (C:\Users\husey\kiro2\frontend\node_modules\react-dom\cjs\react-dom.development.js:27165:5) TypeError: messagesEndRef.current?.scrollIntoView is not a function
    at scrollToBottom [90m(C:\Users\husey\kiro2\frontend\[39msrc\components\AIChatAssistant\AIChatAssistant.tsx:128:29[90m)[39m
    at [90mC:\Users\husey\kiro2\frontend\[39msrc\components\AIChatAssistant\AIChatAssistant.tsx:124:5
    at commitHookEffectListMount [90m(C:\Users\husey\kiro2\frontend\[39mnode_modules\[4mreact-dom[24m\cjs\react-dom.development.js:23189:26[90m)[39m
    at commitPassiveMountOnFiber [90m(C:\Users\husey\kiro2\frontend\[39mnode_modules\[4mreact-dom[24m\cjs\react-dom.development.js:24970:11[90m)[39m
    at commitPassiveMountEffects_complete [90m(C:\Users\husey\kiro2\frontend\[39mnode_modules\[4mreact-dom[24m\cjs\react-dom.development.js:24930:9[90m)[39m
    at commitPassiveMountEffects_begin [90m(C:\Users\husey\kiro2\frontend\[39mnode_modules\[4mreact-dom[24m\cjs\react-dom.development.js:24917:7[90m)[39m
    at commitPassiveMountEffects [90m(C:\Users\husey\kiro2\frontend\[39mnode_modules\[4mreact-dom[24m\cjs\react-dom.development.js:24905:3[90m)[39m
    at flushPassiveEffectsImpl [90m(C:\Users\husey\kiro2\frontend\[39mnode_modules\[4mreact-dom[24m\cjs\react-dom.development.js:27078:3[90m)[39m
    at flushPassiveEffects [90m(C:\Users\husey\kiro2\frontend\[39mnode_modules\[4mreact-dom[24m\cjs\react-dom.development.js:27023:14[90m)[39m
    at [90mC:\Users\husey\kiro2\frontend\[39mnode_modules\[4mreact-dom[24m\cjs\react-dom.development.js:26808:9

            </system-err>
            <failure message="Unable to find a label with the text of: /Resim yükle/i

Ignored nodes: comments, script, style
[36m&lt;body&gt;[39m
  [36m&lt;div /&gt;[39m
[36m&lt;/body&gt;[39m

Ignored nodes: comments, script, style
[36m&lt;html&gt;[39m
  [36m&lt;head /&gt;[39m
  [36m&lt;body&gt;[39m
    [36m&lt;div /&gt;[39m
  [36m&lt;/body&gt;[39m
[36m&lt;/html&gt;[39m" type="TestingLibraryElementError">
TestingLibraryElementError: Unable to find a label with the text of: /Resim yükle/i

Ignored nodes: comments, script, style
&lt;body&gt;
  &lt;div /&gt;
&lt;/body&gt;

Ignored nodes: comments, script, style
&lt;html&gt;
  &lt;head /&gt;
  &lt;body&gt;
    &lt;div /&gt;
  &lt;/body&gt;
&lt;/html&gt;
 ❯ waitForWrapper node_modules/@testing-library/react/node_modules/@testing-library/dom/dist/wait-for.js:163:27
 ❯ src/components/AIChatAssistant/__tests__/AIChatAssistant.test.tsx:327:11
            </failure>
        </testcase>
        <testcase classname="src/components/AIChatAssistant/__tests__/AIChatAssistant.test.tsx" name="AIChatAssistant - Image Upload &gt; uploads image" time="1.017487">
            <system-err>
Error: Uncaught [TypeError: messagesEndRef.current?.scrollIntoView is not a function]
    at reportException (C:\Users\husey\kiro2\frontend\node_modules\jsdom\lib\jsdom\living\helpers\runtime-script-errors.js:66:24)
    at innerInvokeEventListeners (C:\Users\husey\kiro2\frontend\node_modules\jsdom\lib\jsdom\living\events\EventTarget-impl.js:353:9)
    at invokeEventListeners (C:\Users\husey\kiro2\frontend\node_modules\jsdom\lib\jsdom\living\events\EventTarget-impl.js:286:3)
    at HTMLUnknownElementImpl._dispatch (C:\Users\husey\kiro2\frontend\node_modules\jsdom\lib\jsdom\living\events\EventTarget-impl.js:233:9)
    at HTMLUnknownElementImpl.dispatchEvent (C:\Users\husey\kiro2\frontend\node_modules\jsdom\lib\jsdom\living\events\EventTarget-impl.js:104:17)
    at HTMLUnknownElement.dispatchEvent (C:\Users\husey\kiro2\frontend\node_modules\jsdom\lib\jsdom\living\generated\EventTarget.js:241:34)
    at Object.invokeGuardedCallbackDev (C:\Users\husey\kiro2\frontend\node_modules\react-dom\cjs\react-dom.development.js:4213:16)
    at invokeGuardedCallback (C:\Users\husey\kiro2\frontend\node_modules\react-dom\cjs\react-dom.development.js:4277:31)
    at reportUncaughtErrorInDEV (C:\Users\husey\kiro2\frontend\node_modules\react-dom\cjs\react-dom.development.js:22877:5)
    at captureCommitPhaseError (C:\Users\husey\kiro2\frontend\node_modules\react-dom\cjs\react-dom.development.js:27165:5) TypeError: messagesEndRef.current?.scrollIntoView is not a function
    at scrollToBottom [90m(C:\Users\husey\kiro2\frontend\[39msrc\components\AIChatAssistant\AIChatAssistant.tsx:128:29[90m)[39m
    at [90mC:\Users\husey\kiro2\frontend\[39msrc\components\AIChatAssistant\AIChatAssistant.tsx:124:5
    at commitHookEffectListMount [90m(C:\Users\husey\kiro2\frontend\[39mnode_modules\[4mreact-dom[24m\cjs\react-dom.development.js:23189:26[90m)[39m
    at commitPassiveMountOnFiber [90m(C:\Users\husey\kiro2\frontend\[39mnode_modules\[4mreact-dom[24m\cjs\react-dom.development.js:24970:11[90m)[39m
    at commitPassiveMountEffects_complete [90m(C:\Users\husey\kiro2\frontend\[39mnode_modules\[4mreact-dom[24m\cjs\react-dom.development.js:24930:9[90m)[39m
    at commitPassiveMountEffects_begin [90m(C:\Users\husey\kiro2\frontend\[39mnode_modules\[4mreact-dom[24m\cjs\react-dom.development.js:24917:7[90m)[39m
    at commitPassiveMountEffects [90m(C:\Users\husey\kiro2\frontend\[39mnode_modules\[4mreact-dom[24m\cjs\react-dom.development.js:24905:3[90m)[39m
    at flushPassiveEffectsImpl [90m(C:\Users\husey\kiro2\frontend\[39mnode_modules\[4mreact-dom[24m\cjs\react-dom.development.js:27078:3[90m)[39m
    at flushPassiveEffects [90m(C:\Users\husey\kiro2\frontend\[39mnode_modules\[4mreact-dom[24m\cjs\react-dom.development.js:27023:14[90m)[39m
    at [90mC:\Users\husey\kiro2\frontend\[39mnode_modules\[4mreact-dom[24m\cjs\react-dom.development.js:26808:9

            </system-err>
            <failure message="Unable to find a label with the text of: /Resim yükle/i

Ignored nodes: comments, script, style
[36m&lt;body&gt;[39m
  [36m&lt;div /&gt;[39m
[36m&lt;/body&gt;[39m

Ignored nodes: comments, script, style
[36m&lt;html&gt;[39m
  [36m&lt;head /&gt;[39m
  [36m&lt;body&gt;[39m
    [36m&lt;div /&gt;[39m
  [36m&lt;/body&gt;[39m
[36m&lt;/html&gt;[39m" type="TestingLibraryElementError">
TestingLibraryElementError: Unable to find a label with the text of: /Resim yükle/i

Ignored nodes: comments, script, style
&lt;body&gt;
  &lt;div /&gt;
&lt;/body&gt;

Ignored nodes: comments, script, style
&lt;html&gt;
  &lt;head /&gt;
  &lt;body&gt;
    &lt;div /&gt;
  &lt;/body&gt;
&lt;/html&gt;
 ❯ waitForWrapper node_modules/@testing-library/react/node_modules/@testing-library/dom/dist/wait-for.js:163:27
 ❯ src/components/AIChatAssistant/__tests__/AIChatAssistant.test.tsx:359:11
            </failure>
        </testcase>
        <testcase classname="src/components/AIChatAssistant/__tests__/AIChatAssistant.test.tsx" name="AIChatAssistant - Image Upload &gt; shows OCR results" time="1.0207242">
            <system-err>
Error: Uncaught [TypeError: messagesEndRef.current?.scrollIntoView is not a function]
    at reportException (C:\Users\husey\kiro2\frontend\node_modules\jsdom\lib\jsdom\living\helpers\runtime-script-errors.js:66:24)
    at innerInvokeEventListeners (C:\Users\husey\kiro2\frontend\node_modules\jsdom\lib\jsdom\living\events\EventTarget-impl.js:353:9)
    at invokeEventListeners (C:\Users\husey\kiro2\frontend\node_modules\jsdom\lib\jsdom\living\events\EventTarget-impl.js:286:3)
    at HTMLUnknownElementImpl._dispatch (C:\Users\husey\kiro2\frontend\node_modules\jsdom\lib\jsdom\living\events\EventTarget-impl.js:233:9)
    at HTMLUnknownElementImpl.dispatchEvent (C:\Users\husey\kiro2\frontend\node_modules\jsdom\lib\jsdom\living\events\EventTarget-impl.js:104:17)
    at HTMLUnknownElement.dispatchEvent (C:\Users\husey\kiro2\frontend\node_modules\jsdom\lib\jsdom\living\generated\EventTarget.js:241:34)
    at Object.invokeGuardedCallbackDev (C:\Users\husey\kiro2\frontend\node_modules\react-dom\cjs\react-dom.development.js:4213:16)
    at invokeGuardedCallback (C:\Users\husey\kiro2\frontend\node_modules\react-dom\cjs\react-dom.development.js:4277:31)
    at reportUncaughtErrorInDEV (C:\Users\husey\kiro2\frontend\node_modules\react-dom\cjs\react-dom.development.js:22877:5)
    at captureCommitPhaseError (C:\Users\husey\kiro2\frontend\node_modules\react-dom\cjs\react-dom.development.js:27165:5) TypeError: messagesEndRef.current?.scrollIntoView is not a function
    at scrollToBottom [90m(C:\Users\husey\kiro2\frontend\[39msrc\components\AIChatAssistant\AIChatAssistant.tsx:128:29[90m)[39m
    at [90mC:\Users\husey\kiro2\frontend\[39msrc\components\AIChatAssistant\AIChatAssistant.tsx:124:5
    at commitHookEffectListMount [90m(C:\Users\husey\kiro2\frontend\[39mnode_modules\[4mreact-dom[24m\cjs\react-dom.development.js:23189:26[90m)[39m
    at commitPassiveMountOnFiber [90m(C:\Users\husey\kiro2\frontend\[39mnode_modules\[4mreact-dom[24m\cjs\react-dom.development.js:24970:11[90m)[39m
    at commitPassiveMountEffects_complete [90m(C:\Users\husey\kiro2\frontend\[39mnode_modules\[4mreact-dom[24m\cjs\react-dom.development.js:24930:9[90m)[39m
    at commitPassiveMountEffects_begin [90m(C:\Users\husey\kiro2\frontend\[39mnode_modules\[4mreact-dom[24m\cjs\react-dom.development.js:24917:7[90m)[39m
    at commitPassiveMountEffects [90m(C:\Users\husey\kiro2\frontend\[39mnode_modules\[4mreact-dom[24m\cjs\react-dom.development.js:24905:3[90m)[39m
    at flushPassiveEffectsImpl [90m(C:\Users\husey\kiro2\frontend\[39mnode_modules\[4mreact-dom[24m\cjs\react-dom.development.js:27078:3[90m)[39m
    at flushPassiveEffects [90m(C:\Users\husey\kiro2\frontend\[39mnode_modules\[4mreact-dom[24m\cjs\react-dom.development.js:27023:14[90m)[39m
    at [90mC:\Users\husey\kiro2\frontend\[39mnode_modules\[4mreact-dom[24m\cjs\react-dom.development.js:26808:9

            </system-err>
            <failure message="Unable to find a label with the text of: /Resim yükle/i

Ignored nodes: comments, script, style
[36m&lt;body&gt;[39m
  [36m&lt;div /&gt;[39m
[36m&lt;/body&gt;[39m

Ignored nodes: comments, script, style
[36m&lt;html&gt;[39m
  [36m&lt;head /&gt;[39m
  [36m&lt;body&gt;[39m
    [36m&lt;div /&gt;[39m
  [36m&lt;/body&gt;[39m
[36m&lt;/html&gt;[39m" type="TestingLibraryElementError">
TestingLibraryElementError: Unable to find a label with the text of: /Resim yükle/i

Ignored nodes: comments, script, style
&lt;body&gt;
  &lt;div /&gt;
&lt;/body&gt;

Ignored nodes: comments, script, style
&lt;html&gt;
  &lt;head /&gt;
  &lt;body&gt;
    &lt;div /&gt;
  &lt;/body&gt;
&lt;/html&gt;
 ❯ waitForWrapper node_modules/@testing-library/react/node_modules/@testing-library/dom/dist/wait-for.js:163:27
 ❯ src/components/AIChatAssistant/__tests__/AIChatAssistant.test.tsx:391:11
            </failure>
        </testcase>
        <testcase classname="src/components/AIChatAssistant/__tests__/AIChatAssistant.test.tsx" name="AIChatAssistant - Error Handling &gt; handles session loading error" time="1.0277532">
            <system-err>
Error: Uncaught [TypeError: sessions.map is not a function]
    at reportException (C:\Users\husey\kiro2\frontend\node_modules\jsdom\lib\jsdom\living\helpers\runtime-script-errors.js:66:24)
    at innerInvokeEventListeners (C:\Users\husey\kiro2\frontend\node_modules\jsdom\lib\jsdom\living\events\EventTarget-impl.js:353:9)
    at invokeEventListeners (C:\Users\husey\kiro2\frontend\node_modules\jsdom\lib\jsdom\living\events\EventTarget-impl.js:286:3)
    at HTMLUnknownElementImpl._dispatch (C:\Users\husey\kiro2\frontend\node_modules\jsdom\lib\jsdom\living\events\EventTarget-impl.js:233:9)
    at HTMLUnknownElementImpl.dispatchEvent (C:\Users\husey\kiro2\frontend\node_modules\jsdom\lib\jsdom\living\events\EventTarget-impl.js:104:17)
    at HTMLUnknownElement.dispatchEvent (C:\Users\husey\kiro2\frontend\node_modules\jsdom\lib\jsdom\living\generated\EventTarget.js:241:34)
    at Object.invokeGuardedCallbackDev (C:\Users\husey\kiro2\frontend\node_modules\react-dom\cjs\react-dom.development.js:4213:16)
    at invokeGuardedCallback (C:\Users\husey\kiro2\frontend\node_modules\react-dom\cjs\react-dom.development.js:4277:31)
    at beginWork$1 (C:\Users\husey\kiro2\frontend\node_modules\react-dom\cjs\react-dom.development.js:27490:7)
    at performUnitOfWork (C:\Users\husey\kiro2\frontend\node_modules\react-dom\cjs\react-dom.development.js:26599:12) TypeError: sessions.map is not a function
    at AIChatAssistant [90m(C:\Users\husey\kiro2\frontend\[39msrc\components\AIChatAssistant\AIChatAssistant.tsx:379:23[90m)[39m
    at renderWithHooks [90m(C:\Users\husey\kiro2\frontend\[39mnode_modules\[4mreact-dom[24m\cjs\react-dom.development.js:15486:18[90m)[39m
    at updateFunctionComponent [90m(C:\Users\husey\kiro2\frontend\[39mnode_modules\[4mreact-dom[24m\cjs\react-dom.development.js:19617:20[90m)[39m
    at beginWork [90m(C:\Users\husey\kiro2\frontend\[39mnode_modules\[4mreact-dom[24m\cjs\react-dom.development.js:21640:16[90m)[39m
    at HTMLUnknownElement.callCallback [90m(C:\Users\husey\kiro2\frontend\[39mnode_modules\[4mreact-dom[24m\cjs\react-dom.development.js:4164:14[90m)[39m
    at HTMLUnknownElement.callTheUserObjectsOperation [90m(C:\Users\husey\kiro2\frontend\[39mnode_modules\[4mjsdom[24m\lib\jsdom\living\generated\EventListener.js:26:30[90m)[39m
    at innerInvokeEventListeners [90m(C:\Users\husey\kiro2\frontend\[39mnode_modules\[4mjsdom[24m\lib\jsdom\living\events\EventTarget-impl.js:350:25[90m)[39m
    at invokeEventListeners [90m(C:\Users\husey\kiro2\frontend\[39mnode_modules\[4mjsdom[24m\lib\jsdom\living\events\EventTarget-impl.js:286:3[90m)[39m
    at HTMLUnknownElementImpl._dispatch [90m(C:\Users\husey\kiro2\frontend\[39mnode_modules\[4mjsdom[24m\lib\jsdom\living\events\EventTarget-impl.js:233:9[90m)[39m
    at HTMLUnknownElementImpl.dispatchEvent [90m(C:\Users\husey\kiro2\frontend\[39mnode_modules\[4mjsdom[24m\lib\jsdom\living\events\EventTarget-impl.js:104:17[90m)[39m
Error: Uncaught [TypeError: sessions.map is not a function]
    at reportException (C:\Users\husey\kiro2\frontend\node_modules\jsdom\lib\jsdom\living\helpers\runtime-script-errors.js:66:24)
    at innerInvokeEventListeners (C:\Users\husey\kiro2\frontend\node_modules\jsdom\lib\jsdom\living\events\EventTarget-impl.js:353:9)
    at invokeEventListeners (C:\Users\husey\kiro2\frontend\node_modules\jsdom\lib\jsdom\living\events\EventTarget-impl.js:286:3)
    at HTMLUnknownElementImpl._dispatch (C:\Users\husey\kiro2\frontend\node_modules\jsdom\lib\jsdom\living\events\EventTarget-impl.js:233:9)
    at HTMLUnknownElementImpl.dispatchEvent (C:\Users\husey\kiro2\frontend\node_modules\jsdom\lib\jsdom\living\events\EventTarget-impl.js:104:17)
    at HTMLUnknownElement.dispatchEvent (C:\Users\husey\kiro2\frontend\node_modules\jsdom\lib\jsdom\living\generated\EventTarget.js:241:34)
    at Object.invokeGuardedCallbackDev (C:\Users\husey\kiro2\frontend\node_modules\react-dom\cjs\react-dom.development.js:4213:16)
    at invokeGuardedCallback (C:\Users\husey\kiro2\frontend\node_modules\react-dom\cjs\react-dom.development.js:4277:31)
    at beginWork$1 (C:\Users\husey\kiro2\frontend\node_modules\react-dom\cjs\react-dom.development.js:27490:7)
    at performUnitOfWork (C:\Users\husey\kiro2\frontend\node_modules\react-dom\cjs\react-dom.development.js:26599:12) TypeError: sessions.map is not a function
    at AIChatAssistant [90m(C:\Users\husey\kiro2\frontend\[39msrc\components\AIChatAssistant\AIChatAssistant.tsx:379:23[90m)[39m
    at renderWithHooks [90m(C:\Users\husey\kiro2\frontend\[39mnode_modules\[4mreact-dom[24m\cjs\react-dom.development.js:15486:18[90m)[39m
    at updateFunctionComponent [90m(C:\Users\husey\kiro2\frontend\[39mnode_modules\[4mreact-dom[24m\cjs\react-dom.development.js:19617:20[90m)[39m
    at beginWork [90m(C:\Users\husey\kiro2\frontend\[39mnode_modules\[4mreact-dom[24m\cjs\react-dom.development.js:21640:16[90m)[39m
    at HTMLUnknownElement.callCallback [90m(C:\Users\husey\kiro2\frontend\[39mnode_modules\[4mreact-dom[24m\cjs\react-dom.development.js:4164:14[90m)[39m
    at HTMLUnknownElement.callTheUserObjectsOperation [90m(C:\Users\husey\kiro2\frontend\[39mnode_modules\[4mjsdom[24m\lib\jsdom\living\generated\EventListener.js:26:30[90m)[39m
    at innerInvokeEventListeners [90m(C:\Users\husey\kiro2\frontend\[39mnode_modules\[4mjsdom[24m\lib\jsdom\living\events\EventTarget-impl.js:350:25[90m)[39m
    at invokeEventListeners [90m(C:\Users\husey\kiro2\frontend\[39mnode_modules\[4mjsdom[24m\lib\jsdom\living\events\EventTarget-impl.js:286:3[90m)[39m
    at HTMLUnknownElementImpl._dispatch [90m(C:\Users\husey\kiro2\frontend\[39mnode_modules\[4mjsdom[24m\lib\jsdom\living\events\EventTarget-impl.js:233:9[90m)[39m
    at HTMLUnknownElementImpl.dispatchEvent [90m(C:\Users\husey\kiro2\frontend\[39mnode_modules\[4mjsdom[24m\lib\jsdom\living\events\EventTarget-impl.js:104:17[90m)[39m

            </system-err>
            <failure message="Unable to find an element with the text: /Failed to load sessions/i. This could be because the text is broken up by multiple elements. In this case, you can provide a function for your text matcher to make your matcher more flexible.

Ignored nodes: comments, script, style
[36m&lt;body&gt;[39m
  [36m&lt;div /&gt;[39m
[36m&lt;/body&gt;[39m

Ignored nodes: comments, script, style
[36m&lt;html&gt;[39m
  [36m&lt;head /&gt;[39m
  [36m&lt;body&gt;[39m
    [36m&lt;div /&gt;[39m
  [36m&lt;/body&gt;[39m
[36m&lt;/html&gt;[39m" type="TestingLibraryElementError">
TestingLibraryElementError: Unable to find an element with the text: /Failed to load sessions/i. This could be because the text is broken up by multiple elements. In this case, you can provide a function for your text matcher to make your matcher more flexible.

Ignored nodes: comments, script, style
&lt;body&gt;
  &lt;div /&gt;
&lt;/body&gt;

Ignored nodes: comments, script, style
&lt;html&gt;
  &lt;head /&gt;
  &lt;body&gt;
    &lt;div /&gt;
  &lt;/body&gt;
&lt;/html&gt;
 ❯ waitForWrapper node_modules/@testing-library/react/node_modules/@testing-library/dom/dist/wait-for.js:163:27
 ❯ src/components/AIChatAssistant/__tests__/AIChatAssistant.test.tsx:410:11
            </failure>
        </testcase>
        <testcase classname="src/components/AIChatAssistant/__tests__/AIChatAssistant.test.tsx" name="AIChatAssistant - Error Handling &gt; handles message loading error" time="1.0129402">
            <system-err>
Error: Uncaught [TypeError: messagesEndRef.current?.scrollIntoView is not a function]
    at reportException (C:\Users\husey\kiro2\frontend\node_modules\jsdom\lib\jsdom\living\helpers\runtime-script-errors.js:66:24)
    at innerInvokeEventListeners (C:\Users\husey\kiro2\frontend\node_modules\jsdom\lib\jsdom\living\events\EventTarget-impl.js:353:9)
    at invokeEventListeners (C:\Users\husey\kiro2\frontend\node_modules\jsdom\lib\jsdom\living\events\EventTarget-impl.js:286:3)
    at HTMLUnknownElementImpl._dispatch (C:\Users\husey\kiro2\frontend\node_modules\jsdom\lib\jsdom\living\events\EventTarget-impl.js:233:9)
    at HTMLUnknownElementImpl.dispatchEvent (C:\Users\husey\kiro2\frontend\node_modules\jsdom\lib\jsdom\living\events\EventTarget-impl.js:104:17)
    at HTMLUnknownElement.dispatchEvent (C:\Users\husey\kiro2\frontend\node_modules\jsdom\lib\jsdom\living\generated\EventTarget.js:241:34)
    at Object.invokeGuardedCallbackDev (C:\Users\husey\kiro2\frontend\node_modules\react-dom\cjs\react-dom.development.js:4213:16)
    at invokeGuardedCallback (C:\Users\husey\kiro2\frontend\node_modules\react-dom\cjs\react-dom.development.js:4277:31)
    at reportUncaughtErrorInDEV (C:\Users\husey\kiro2\frontend\node_modules\react-dom\cjs\react-dom.development.js:22877:5)
    at captureCommitPhaseError (C:\Users\husey\kiro2\frontend\node_modules\react-dom\cjs\react-dom.development.js:27165:5) TypeError: messagesEndRef.current?.scrollIntoView is not a function
    at scrollToBottom [90m(C:\Users\husey\kiro2\frontend\[39msrc\components\AIChatAssistant\AIChatAssistant.tsx:128:29[90m)[39m
    at [90mC:\Users\husey\kiro2\frontend\[39msrc\components\AIChatAssistant\AIChatAssistant.tsx:124:5
    at commitHookEffectListMount [90m(C:\Users\husey\kiro2\frontend\[39mnode_modules\[4mreact-dom[24m\cjs\react-dom.development.js:23189:26[90m)[39m
    at commitPassiveMountOnFiber [90m(C:\Users\husey\kiro2\frontend\[39mnode_modules\[4mreact-dom[24m\cjs\react-dom.development.js:24970:11[90m)[39m
    at commitPassiveMountEffects_complete [90m(C:\Users\husey\kiro2\frontend\[39mnode_modules\[4mreact-dom[24m\cjs\react-dom.development.js:24930:9[90m)[39m
    at commitPassiveMountEffects_begin [90m(C:\Users\husey\kiro2\frontend\[39mnode_modules\[4mreact-dom[24m\cjs\react-dom.development.js:24917:7[90m)[39m
    at commitPassiveMountEffects [90m(C:\Users\husey\kiro2\frontend\[39mnode_modules\[4mreact-dom[24m\cjs\react-dom.development.js:24905:3[90m)[39m
    at flushPassiveEffectsImpl [90m(C:\Users\husey\kiro2\frontend\[39mnode_modules\[4mreact-dom[24m\cjs\react-dom.development.js:27078:3[90m)[39m
    at flushPassiveEffects [90m(C:\Users\husey\kiro2\frontend\[39mnode_modules\[4mreact-dom[24m\cjs\react-dom.development.js:27023:14[90m)[39m
    at [90mC:\Users\husey\kiro2\frontend\[39mnode_modules\[4mreact-dom[24m\cjs\react-dom.development.js:26808:9

            </system-err>
            <failure message="Unable to find an element with the text: /Failed to load messages/i. This could be because the text is broken up by multiple elements. In this case, you can provide a function for your text matcher to make your matcher more flexible.

Ignored nodes: comments, script, style
[36m&lt;body&gt;[39m
  [36m&lt;div /&gt;[39m
[36m&lt;/body&gt;[39m

Ignored nodes: comments, script, style
[36m&lt;html&gt;[39m
  [36m&lt;head /&gt;[39m
  [36m&lt;body&gt;[39m
    [36m&lt;div /&gt;[39m
  [36m&lt;/body&gt;[39m
[36m&lt;/html&gt;[39m" type="TestingLibraryElementError">
TestingLibraryElementError: Unable to find an element with the text: /Failed to load messages/i. This could be because the text is broken up by multiple elements. In this case, you can provide a function for your text matcher to make your matcher more flexible.

Ignored nodes: comments, script, style
&lt;body&gt;
  &lt;div /&gt;
&lt;/body&gt;

Ignored nodes: comments, script, style
&lt;html&gt;
  &lt;head /&gt;
  &lt;body&gt;
    &lt;div /&gt;
  &lt;/body&gt;
&lt;/html&gt;
 ❯ waitForWrapper node_modules/@testing-library/react/node_modules/@testing-library/dom/dist/wait-for.js:163:27
 ❯ src/components/AIChatAssistant/__tests__/AIChatAssistant.test.tsx:422:11
            </failure>
        </testcase>
        <testcase classname="src/components/AIChatAssistant/__tests__/AIChatAssistant.test.tsx" name="AIChatAssistant - Subject Selection &gt; uses initial subject" time="0.0076762">
        </testcase>
        <testcase classname="src/components/AIChatAssistant/__tests__/AIChatAssistant.test.tsx" name="AIChatAssistant - Subject Selection &gt; displays all subject options" time="1.0292149">
            <failure message="Unable to find an element with the text: /Yeni Sohbet/i. This could be because the text is broken up by multiple elements. In this case, you can provide a function for your text matcher to make your matcher more flexible.

Ignored nodes: comments, script, style
[36m&lt;body&gt;[39m
  [36m&lt;div&gt;[39m
    [36m&lt;div[39m
      [33mclass[39m=[32m&quot;ai-chat-assistant&quot;[39m
    [36m&gt;[39m
      [36m&lt;div[39m
        [33mclass[39m=[32m&quot;sessions-sidebar&quot;[39m
      [36m&gt;[39m
        [36m&lt;div[39m
          [33mclass[39m=[32m&quot;sidebar-header&quot;[39m
        [36m&gt;[39m
          [36m&lt;h3&gt;[39m
            [0mSohbetler[0m
          [36m&lt;/h3&gt;[39m
          [36m&lt;button[39m
            [33mclass[39m=[32m&quot;btn-new-session&quot;[39m
          [36m&gt;[39m
            [0m+ Yeni[0m
          [36m&lt;/button&gt;[39m
        [36m&lt;/div&gt;[39m
        [36m&lt;div[39m
          [33mclass[39m=[32m&quot;sessions-list&quot;[39m
        [36m&gt;[39m
          [36m&lt;div[39m
            [33mclass[39m=[32m&quot;session-item active&quot;[39m
          [36m&gt;[39m
            [36m&lt;div[39m
              [33mclass[39m=[32m&quot;session-title&quot;[39m
            [36m&gt;[39m
              [0mMatematik Çalışması[0m
            [36m&lt;/div&gt;[39m
            [36m&lt;div[39m
              [33mclass[39m=[32m&quot;session-meta&quot;[39m
            [36m&gt;[39m
              [36m&lt;span[39m
                [33mclass[39m=[32m&quot;subject-badge&quot;[39m
              [36m&gt;[39m
                [0mMatematik[0m
              [36m&lt;/span&gt;[39m
              [36m&lt;span[39m
                [33mclass[39m=[32m&quot;message-count&quot;[39m
              [36m&gt;[39m
                [0m5[0m
                [0m mesaj[0m
              [36m&lt;/span&gt;[39m
            [36m&lt;/div&gt;[39m
          [36m&lt;/div&gt;[39m
        [36m&lt;/div&gt;[39m
      [36m&lt;/div&gt;[39m
      [36m&lt;div[39m
        [33mclass[39m=[32m&quot;chat-area&quot;[39m
      [36m&gt;[39m
        [36m&lt;div[39m
          [33mclass[39m=[32m&quot;chat-header&quot;[39m
        [36m&gt;[39m
          [36m&lt;div[39m
            [33mclass[39m=[32m&quot;session-info&quot;[39m
          [36m&gt;[39m
            [36m&lt;h2&gt;[39m
              [0mMatematik Çalışması[0m
            [36m&lt;/h2&gt;[39m
            [36m&lt;div[39m
              [33mclass[39m=[32m&quot;session-stats&quot;[39m
            [36m&gt;[39m
              [36m&lt;span[39m
                [33mclass[39m=[32m&quot;subject-badge&quot;[39m
              [36m&gt;[39m
                [0mMatematik[0m
              [36m&lt;/span&gt;[39m
              [36m&lt;span[39m
                [33mclass[39m=[32m&quot;token-count&quot;[39m
              [36m&gt;[39m
                [0m1000[0m
                [0m token[0m
              [36m&lt;/span&gt;[39m
              [36m&lt;span[39m
                [33mclass[39m=[32m&quot;cost&quot;[39m
              [36m&gt;[39m
                [0m₺[0m
                [0m0.0500[0m
              [36m&lt;/span&gt;[39m
            [36m&lt;/div&gt;[39m
          [36m&lt;/div&gt;[39m
        [36m&lt;/div&gt;[39m
        [36m&lt;div[39m
          [33mclass[39m=[32m&quot;messages-container&quot;[39m
        [36m&gt;[39m
          [36m&lt;div[39m
            [33mclass[39m=[32m&quot;error-message&quot;[39m
          [36m&gt;[39m
            [0mFailed to load messages[0m
          [36m&lt;/div&gt;[39m
          [36m&lt;div /&gt;[39m
        [36m&lt;/div&gt;[39m
        [36m&lt;div[39m
          [33mclass[39m=[32m&quot;input-area&quot;[39m
        [36m&gt;[39m
          [36m&lt;form[39m
            [33mclass[39m=[32m&quot;message-form&quot;[39m
          [36m&gt;[39m
            [36m&lt;label[39m
              [33mclass[39m=[32m&quot;btn-attach&quot;[39m
              [33mfor[39m=[32m&quot;image-input&quot;[39m
            [36m&gt;[39m
              [0m📎[0m
              [36m&lt;input[39m
                [33maccept[39m=[32m&quot;image/*&quot;[39m
                [33mid[39m=[32m&quot;image-input&quot;[39m
                [33mstyle[39m=[32m&quot;display: none;&quot;[39m
                [33mtype[39m=[32m&quot;file&quot;[39m
              [36m/&gt;[39m
            [36m&lt;/label&gt;[39m
            [36m&lt;input[39m
              [33mclass[39m=[32m&quot;message-input&quot;[39m
              [33mplaceholder[39m=[32m&quot;Sorunuzu yazın veya resim yükleyin...&quot;[39m
              [33mtype[39m=[32m&quot;text&quot;[39m
              [33mvalue[39m=[32m&quot;&quot;[39m
            [36m/&gt;[39m
            [36m&lt;button[39m
              [33mclass[39m=[32m&quot;btn-send&quot;[39m
              [33mdisabled[39m=[32m&quot;&quot;[39m
              [33mtype[39m=[32m&quot;submit&quot;[39m
            [36m&gt;[39m
              [0m📤 Gönder[0m
            [36m&lt;/button&gt;[39m
          [36m&lt;/form&gt;[39m
        [36m&lt;/div&gt;[39m
      [36m&lt;/div&gt;[39m
    [36m&lt;/div&gt;[39m
  [36m&lt;/div&gt;[39m
[36m&lt;/body&gt;[39m

Ignored nodes: comments, script, style
[36m&lt;html&gt;[39m
  [36m&lt;head /&gt;[39m
  [36m&lt;body&gt;[39m
    [36m&lt;div&gt;[39m
      [36m&lt;div[39m
        [33mclass[39m=[32m&quot;ai-chat-assistant&quot;[39m
      [36m&gt;[39m
        [36m&lt;div[39m
          [33mclass[39m=[32m&quot;sessions-sidebar&quot;[39m
        [36m&gt;[39m
          [36m&lt;div[39m
            [33mclass[39m=[32m&quot;sidebar-header&quot;[39m
          [36m&gt;[39m
            [36m&lt;h3&gt;[39m
              [0mSohbetler[0m
            [36m&lt;/h3&gt;[39m
            [36m&lt;button[39m
              [33mclass[39m=[32m&quot;btn-new-session&quot;[39m
            [36m&gt;[39m
              [0m+ Yeni[0m
            [36m&lt;/button&gt;[39m
          [36m&lt;/div&gt;[39m
          [36m&lt;div[39m
            [33mclass[39m=[32m&quot;sessions-list&quot;[39m
          [36m&gt;[39m
            [36m&lt;div[39m
              [33mclass[39m=[32m&quot;session-item active&quot;[39m
            [36m&gt;[39m
              [36m&lt;div[39m
                [33mclass[39m=[32m&quot;session-title&quot;[39m
              [36m&gt;[39m
                [0mMatematik Çalışması[0m
              [36m&lt;/div&gt;[39m
              [36m&lt;div[39m
                [33mclass[39m=[32m&quot;session-meta&quot;[39m
              [36m&gt;[39m
                [36m&lt;span[39m
                  [33mclass[39m=[32m&quot;subject-badge&quot;[39m
                [36m&gt;[39m
                  [0mMatematik[0m
                [36m&lt;/span&gt;[39m
                [36m&lt;span[39m
                  [33mclass[39m=[32m&quot;message-count&quot;[39m
                [36m&gt;[39m
                  [0m5[0m
                  [0m mesaj[0m
                [36m&lt;/span&gt;[39m
              [36m&lt;/div&gt;[39m
            [36m&lt;/div&gt;[39m
          [36m&lt;/div&gt;[39m
        [36m&lt;/div&gt;[39m
        [36m&lt;div[39m
          [33mclass[39m=[32m&quot;chat-area&quot;[39m
        [36m&gt;[39m
          [36m&lt;div[39m
            [33mclass[39m=[32m&quot;chat-header&quot;[39m
          [36m&gt;[39m
            [36m&lt;div[39m
              [33mclass[39m=[32m&quot;session-info&quot;[39m
            [36m&gt;[39m
              [36m&lt;h2&gt;[39m
                [0mMatematik Çalışması[0m
              [36m&lt;/h2&gt;[39m
              [36m&lt;div[39m
                [33mclass[39m=[32m&quot;session-stats&quot;[39m
              [36m&gt;[39m
                [36m&lt;span[39m
                  [33mclass[39m=[32m&quot;subject-badge&quot;[39m
                [36m&gt;[39m
                  [0mMatematik[0m
                [36m&lt;/span&gt;[39m
                [36m&lt;span[39m
                  [33mclass[39m=[32m&quot;token-count&quot;[39m
                [36m&gt;[39m
                  [0m1000[0m
                  [0m token[0m
                [36m&lt;/span&gt;[39m
                [36m&lt;span[39m
                  [33mclass[39m=[32m&quot;cost&quot;[39m
                [36m&gt;[39m
                  [0m₺[0m
                  [0m0.0500[0m
                [36m&lt;/span&gt;[39m
              [36m&lt;/div&gt;[39m
            [36m&lt;/div&gt;[39m
          [36m&lt;/div&gt;[39m
          [36m&lt;div[39m
            [33mclass[39m=[32m&quot;messages-container&quot;[39m
          [36m&gt;[39m
            [36m&lt;div[39m
              [33mclass[39m=[32m&quot;error-message&quot;[39m
            [36m&gt;[39m
              [0mFailed to load messages[0m
            [36m&lt;/div&gt;[39m
            [36m&lt;div /&gt;[39m
          [36m&lt;/div&gt;[39m
          [36m&lt;div[39m
            [33mclass[39m=[32m&quot;input-area&quot;[39m
          [36m&gt;[39m
            [36m&lt;form[39m
              [33mclass[39m=[32m&quot;message-form&quot;[39m
            [36m&gt;[39m
              [36m&lt;label[39m
                [33mclass[39m=[32m&quot;btn-attach&quot;[39m
                [33mfor[39m=[32m&quot;image-input&quot;[39m
              [36m&gt;[39m
                [0m📎[0m
                [36m&lt;input[39m
                  [33maccept[39m=[32m&quot;image/*&quot;[39m
                  [33mid[39m=[32m&quot;image-input&quot;[39m
                  [33mstyle[39m=[32m&quot;display: none;&quot;[39m
                  [33mtype[39m=[32m&quot;file&quot;[39m
                [36m/&gt;[39m
              [36m&lt;/label&gt;[39m
              [36m&lt;input[39m
                [33mclass[39m=[32m&quot;message-input&quot;[39m
                [33mplaceholder[39m=[32m&quot;Sorunuzu yazın veya resim yükleyin...&quot;[39m
                [33mtype[39m=[32m&quot;text&quot;[39m
                [33mvalue[39m=[32m&quot;&quot;[39m
              [36m/&gt;[39m
              [36m&lt;button[39m
                [33mclass[39m=[32m&quot;btn-send&quot;[39m
                [33mdisabled[39m=[32m&quot;&quot;[39m
                [33mtype[39m=[32m&quot;submit&quot;[39m
              [36m&gt;[39m
                [0m📤 Gönder[0m
              [36m&lt;/button&gt;[39m
            [36m&lt;/form&gt;[39m
          [36m&lt;/div&gt;[39m
        [36m&lt;/div&gt;[39m
      [36m&lt;/div&gt;[39m
    [36m&lt;/div&gt;[39m
  [36m&lt;/body&gt;[39m
[36m&lt;/html&gt;[39m" type="TestingLibraryElementError">
TestingLibraryElementError: Unable to find an element with the text: /Yeni Sohbet/i. This could be because the text is broken up by multiple elements. In this case, you can provide a function for your text matcher to make your matcher more flexible.

Ignored nodes: comments, script, style
&lt;body&gt;
  &lt;div&gt;
    &lt;div
      class=&quot;ai-chat-assistant&quot;
    &gt;
      &lt;div
        class=&quot;sessions-sidebar&quot;
      &gt;
        &lt;div
          class=&quot;sidebar-header&quot;
        &gt;
          &lt;h3&gt;
            Sohbetler
          &lt;/h3&gt;
          &lt;button
            class=&quot;btn-new-session&quot;
          &gt;
            + Yeni
          &lt;/button&gt;
        &lt;/div&gt;
        &lt;div
          class=&quot;sessions-list&quot;
        &gt;
          &lt;div
            class=&quot;session-item active&quot;
          &gt;
            &lt;div
              class=&quot;session-title&quot;
            &gt;
              Matematik Çalışması
            &lt;/div&gt;
            &lt;div
              class=&quot;session-meta&quot;
            &gt;
              &lt;span
                class=&quot;subject-badge&quot;
              &gt;
                Matematik
              &lt;/span&gt;
              &lt;span
                class=&quot;message-count&quot;
              &gt;
                5
                 mesaj
              &lt;/span&gt;
            &lt;/div&gt;
          &lt;/div&gt;
        &lt;/div&gt;
      &lt;/div&gt;
      &lt;div
        class=&quot;chat-area&quot;
      &gt;
        &lt;div
          class=&quot;chat-header&quot;
        &gt;
          &lt;div
            class=&quot;session-info&quot;
          &gt;
            &lt;h2&gt;
              Matematik Çalışması
            &lt;/h2&gt;
            &lt;div
              class=&quot;session-stats&quot;
            &gt;
              &lt;span
                class=&quot;subject-badge&quot;
              &gt;
                Matematik
              &lt;/span&gt;
              &lt;span
                class=&quot;token-count&quot;
              &gt;
                1000
                 token
              &lt;/span&gt;
              &lt;span
                class=&quot;cost&quot;
              &gt;
                ₺
                0.0500
              &lt;/span&gt;
            &lt;/div&gt;
          &lt;/div&gt;
        &lt;/div&gt;
        &lt;div
          class=&quot;messages-container&quot;
        &gt;
          &lt;div
            class=&quot;error-message&quot;
          &gt;
            Failed to load messages
          &lt;/div&gt;
          &lt;div /&gt;
        &lt;/div&gt;
        &lt;div
          class=&quot;input-area&quot;
        &gt;
          &lt;form
            class=&quot;message-form&quot;
          &gt;
            &lt;label
              class=&quot;btn-attach&quot;
              for=&quot;image-input&quot;
            &gt;
              📎
              &lt;input
                accept=&quot;image/*&quot;
                id=&quot;image-input&quot;
                style=&quot;display: none;&quot;
                type=&quot;file&quot;
              /&gt;
            &lt;/label&gt;
            &lt;input
              class=&quot;message-input&quot;
              placeholder=&quot;Sorunuzu yazın veya resim yükleyin...&quot;
              type=&quot;text&quot;
              value=&quot;&quot;
            /&gt;
            &lt;button
              class=&quot;btn-send&quot;
              disabled=&quot;&quot;
              type=&quot;submit&quot;
            &gt;
              📤 Gönder
            &lt;/button&gt;
          &lt;/form&gt;
        &lt;/div&gt;
      &lt;/div&gt;
    &lt;/div&gt;
  &lt;/div&gt;
&lt;/body&gt;

Ignored nodes: comments, script, style
&lt;html&gt;
  &lt;head /&gt;
  &lt;body&gt;
    &lt;div&gt;
      &lt;div
        class=&quot;ai-chat-assistant&quot;
      &gt;
        &lt;div
          class=&quot;sessions-sidebar&quot;
        &gt;
          &lt;div
            class=&quot;sidebar-header&quot;
          &gt;
            &lt;h3&gt;
              Sohbetler
            &lt;/h3&gt;
            &lt;button
              class=&quot;btn-new-session&quot;
            &gt;
              + Yeni
            &lt;/button&gt;
          &lt;/div&gt;
          &lt;div
            class=&quot;sessions-list&quot;
          &gt;
            &lt;div
              class=&quot;session-item active&quot;
            &gt;
              &lt;div
                class=&quot;session-title&quot;
              &gt;
                Matematik Çalışması
              &lt;/div&gt;
              &lt;div
                class=&quot;session-meta&quot;
              &gt;
                &lt;span
                  class=&quot;subject-badge&quot;
                &gt;
                  Matematik
                &lt;/span&gt;
                &lt;span
                  class=&quot;message-count&quot;
                &gt;
                  5
                   mesaj
                &lt;/span&gt;
              &lt;/div&gt;
            &lt;/div&gt;
          &lt;/div&gt;
        &lt;/div&gt;
        &lt;div
          class=&quot;chat-area&quot;
        &gt;
          &lt;div
            class=&quot;chat-header&quot;
          &gt;
            &lt;div
              class=&quot;session-info&quot;
            &gt;
              &lt;h2&gt;
                Matematik Çalışması
              &lt;/h2&gt;
              &lt;div
                class=&quot;session-stats&quot;
              &gt;
                &lt;span
                  class=&quot;subject-badge&quot;
                &gt;
                  Matematik
                &lt;/span&gt;
                &lt;span
                  class=&quot;token-count&quot;
                &gt;
                  1000
                   token
                &lt;/span&gt;
                &lt;span
                  class=&quot;cost&quot;
                &gt;
                  ₺
                  0.0500
                &lt;/span&gt;
              &lt;/div&gt;
            &lt;/div&gt;
          &lt;/div&gt;
          &lt;div
            class=&quot;messages-container&quot;
          &gt;
            &lt;div
              class=&quot;error-message&quot;
            &gt;
              Failed to load messages
            &lt;/div&gt;
            &lt;div /&gt;
          &lt;/div&gt;
          &lt;div
            class=&quot;input-area&quot;
          &gt;
            &lt;form
              class=&quot;message-form&quot;
            &gt;
              &lt;label
                class=&quot;btn-attach&quot;
                for=&quot;image-input&quot;
              &gt;
                📎
                &lt;input
                  accept=&quot;image/*&quot;
                  id=&quot;image-input&quot;
                  style=&quot;display: none;&quot;
                  type=&quot;file&quot;
                /&gt;
              &lt;/label&gt;
              &lt;input
                class=&quot;message-input&quot;
                placeholder=&quot;Sorunuzu yazın veya resim yükleyin...&quot;
                type=&quot;text&quot;
                value=&quot;&quot;
              /&gt;
              &lt;button
                class=&quot;btn-send&quot;
                disabled=&quot;&quot;
                type=&quot;submit&quot;
              &gt;
                📤 Gönder
              &lt;/button&gt;
            &lt;/form&gt;
          &lt;/div&gt;
        &lt;/div&gt;
      &lt;/div&gt;
    &lt;/div&gt;
  &lt;/body&gt;
&lt;/html&gt;
 ❯ waitForWrapper node_modules/@testing-library/react/node_modules/@testing-library/dom/dist/wait-for.js:163:27
 ❯ src/components/AIChatAssistant/__tests__/AIChatAssistant.test.tsx:441:11
            </failure>
        </testcase>
        <testcase classname="src/components/AIChatAssistant/__tests__/AIChatAssistant.test.tsx" name="AIChatAssistant - Message Rating &gt; shows helpful buttons for assistant messages" time="1.0088974">
            <system-err>
Error: Uncaught [TypeError: messagesEndRef.current?.scrollIntoView is not a function]
    at reportException (C:\Users\husey\kiro2\frontend\node_modules\jsdom\lib\jsdom\living\helpers\runtime-script-errors.js:66:24)
    at innerInvokeEventListeners (C:\Users\husey\kiro2\frontend\node_modules\jsdom\lib\jsdom\living\events\EventTarget-impl.js:353:9)
    at invokeEventListeners (C:\Users\husey\kiro2\frontend\node_modules\jsdom\lib\jsdom\living\events\EventTarget-impl.js:286:3)
    at HTMLUnknownElementImpl._dispatch (C:\Users\husey\kiro2\frontend\node_modules\jsdom\lib\jsdom\living\events\EventTarget-impl.js:233:9)
    at HTMLUnknownElementImpl.dispatchEvent (C:\Users\husey\kiro2\frontend\node_modules\jsdom\lib\jsdom\living\events\EventTarget-impl.js:104:17)
    at HTMLUnknownElement.dispatchEvent (C:\Users\husey\kiro2\frontend\node_modules\jsdom\lib\jsdom\living\generated\EventTarget.js:241:34)
    at Object.invokeGuardedCallbackDev (C:\Users\husey\kiro2\frontend\node_modules\react-dom\cjs\react-dom.development.js:4213:16)
    at invokeGuardedCallback (C:\Users\husey\kiro2\frontend\node_modules\react-dom\cjs\react-dom.development.js:4277:31)
    at reportUncaughtErrorInDEV (C:\Users\husey\kiro2\frontend\node_modules\react-dom\cjs\react-dom.development.js:22877:5)
    at captureCommitPhaseError (C:\Users\husey\kiro2\frontend\node_modules\react-dom\cjs\react-dom.development.js:27165:5) TypeError: messagesEndRef.current?.scrollIntoView is not a function
    at scrollToBottom [90m(C:\Users\husey\kiro2\frontend\[39msrc\components\AIChatAssistant\AIChatAssistant.tsx:128:29[90m)[39m
    at [90mC:\Users\husey\kiro2\frontend\[39msrc\components\AIChatAssistant\AIChatAssistant.tsx:124:5
    at commitHookEffectListMount [90m(C:\Users\husey\kiro2\frontend\[39mnode_modules\[4mreact-dom[24m\cjs\react-dom.development.js:23189:26[90m)[39m
    at commitPassiveMountOnFiber [90m(C:\Users\husey\kiro2\frontend\[39mnode_modules\[4mreact-dom[24m\cjs\react-dom.development.js:24970:11[90m)[39m
    at commitPassiveMountEffects_complete [90m(C:\Users\husey\kiro2\frontend\[39mnode_modules\[4mreact-dom[24m\cjs\react-dom.development.js:24930:9[90m)[39m
    at commitPassiveMountEffects_begin [90m(C:\Users\husey\kiro2\frontend\[39mnode_modules\[4mreact-dom[24m\cjs\react-dom.development.js:24917:7[90m)[39m
    at commitPassiveMountEffects [90m(C:\Users\husey\kiro2\frontend\[39mnode_modules\[4mreact-dom[24m\cjs\react-dom.development.js:24905:3[90m)[39m
    at flushPassiveEffectsImpl [90m(C:\Users\husey\kiro2\frontend\[39mnode_modules\[4mreact-dom[24m\cjs\react-dom.development.js:27078:3[90m)[39m
    at flushPassiveEffects [90m(C:\Users\husey\kiro2\frontend\[39mnode_modules\[4mreact-dom[24m\cjs\react-dom.development.js:27023:14[90m)[39m
    at [90mC:\Users\husey\kiro2\frontend\[39mnode_modules\[4mreact-dom[24m\cjs\react-dom.development.js:26808:9

            </system-err>
            <failure message="Unable to find a label with the text of: /Yararlı/i

Ignored nodes: comments, script, style
[36m&lt;body&gt;[39m
  [36m&lt;div /&gt;[39m
[36m&lt;/body&gt;[39m

Ignored nodes: comments, script, style
[36m&lt;html&gt;[39m
  [36m&lt;head /&gt;[39m
  [36m&lt;body&gt;[39m
    [36m&lt;div /&gt;[39m
  [36m&lt;/body&gt;[39m
[36m&lt;/html&gt;[39m" type="TestingLibraryElementError">
TestingLibraryElementError: Unable to find a label with the text of: /Yararlı/i

Ignored nodes: comments, script, style
&lt;body&gt;
  &lt;div /&gt;
&lt;/body&gt;

Ignored nodes: comments, script, style
&lt;html&gt;
  &lt;head /&gt;
  &lt;body&gt;
    &lt;div /&gt;
  &lt;/body&gt;
&lt;/html&gt;
 ❯ waitForWrapper node_modules/@testing-library/react/node_modules/@testing-library/dom/dist/wait-for.js:163:27
 ❯ src/components/AIChatAssistant/__tests__/AIChatAssistant.test.tsx:462:11
            </failure>
        </testcase>
        <testcase classname="src/components/AIChatAssistant/__tests__/AIChatAssistant.test.tsx" name="AIChatAssistant - Message Rating &gt; rates message as helpful" time="1.0090383">
            <system-err>
Error: Uncaught [TypeError: messagesEndRef.current?.scrollIntoView is not a function]
    at reportException (C:\Users\husey\kiro2\frontend\node_modules\jsdom\lib\jsdom\living\helpers\runtime-script-errors.js:66:24)
    at innerInvokeEventListeners (C:\Users\husey\kiro2\frontend\node_modules\jsdom\lib\jsdom\living\events\EventTarget-impl.js:353:9)
    at invokeEventListeners (C:\Users\husey\kiro2\frontend\node_modules\jsdom\lib\jsdom\living\events\EventTarget-impl.js:286:3)
    at HTMLUnknownElementImpl._dispatch (C:\Users\husey\kiro2\frontend\node_modules\jsdom\lib\jsdom\living\events\EventTarget-impl.js:233:9)
    at HTMLUnknownElementImpl.dispatchEvent (C:\Users\husey\kiro2\frontend\node_modules\jsdom\lib\jsdom\living\events\EventTarget-impl.js:104:17)
    at HTMLUnknownElement.dispatchEvent (C:\Users\husey\kiro2\frontend\node_modules\jsdom\lib\jsdom\living\generated\EventTarget.js:241:34)
    at Object.invokeGuardedCallbackDev (C:\Users\husey\kiro2\frontend\node_modules\react-dom\cjs\react-dom.development.js:4213:16)
    at invokeGuardedCallback (C:\Users\husey\kiro2\frontend\node_modules\react-dom\cjs\react-dom.development.js:4277:31)
    at reportUncaughtErrorInDEV (C:\Users\husey\kiro2\frontend\node_modules\react-dom\cjs\react-dom.development.js:22877:5)
    at captureCommitPhaseError (C:\Users\husey\kiro2\frontend\node_modules\react-dom\cjs\react-dom.development.js:27165:5) TypeError: messagesEndRef.current?.scrollIntoView is not a function
    at scrollToBottom [90m(C:\Users\husey\kiro2\frontend\[39msrc\components\AIChatAssistant\AIChatAssistant.tsx:128:29[90m)[39m
    at [90mC:\Users\husey\kiro2\frontend\[39msrc\components\AIChatAssistant\AIChatAssistant.tsx:124:5
    at commitHookEffectListMount [90m(C:\Users\husey\kiro2\frontend\[39mnode_modules\[4mreact-dom[24m\cjs\react-dom.development.js:23189:26[90m)[39m
    at commitPassiveMountOnFiber [90m(C:\Users\husey\kiro2\frontend\[39mnode_modules\[4mreact-dom[24m\cjs\react-dom.development.js:24970:11[90m)[39m
    at commitPassiveMountEffects_complete [90m(C:\Users\husey\kiro2\frontend\[39mnode_modules\[4mreact-dom[24m\cjs\react-dom.development.js:24930:9[90m)[39m
    at commitPassiveMountEffects_begin [90m(C:\Users\husey\kiro2\frontend\[39mnode_modules\[4mreact-dom[24m\cjs\react-dom.development.js:24917:7[90m)[39m
    at commitPassiveMountEffects [90m(C:\Users\husey\kiro2\frontend\[39mnode_modules\[4mreact-dom[24m\cjs\react-dom.development.js:24905:3[90m)[39m
    at flushPassiveEffectsImpl [90m(C:\Users\husey\kiro2\frontend\[39mnode_modules\[4mreact-dom[24m\cjs\react-dom.development.js:27078:3[90m)[39m
    at flushPassiveEffects [90m(C:\Users\husey\kiro2\frontend\[39mnode_modules\[4mreact-dom[24m\cjs\react-dom.development.js:27023:14[90m)[39m
    at [90mC:\Users\husey\kiro2\frontend\[39mnode_modules\[4mreact-dom[24m\cjs\react-dom.development.js:26808:9

            </system-err>
            <failure message="Unable to find a label with the text of: /Yararlı/i

Ignored nodes: comments, script, style
[36m&lt;body&gt;[39m
  [36m&lt;div /&gt;[39m
[36m&lt;/body&gt;[39m

Ignored nodes: comments, script, style
[36m&lt;html&gt;[39m
  [36m&lt;head /&gt;[39m
  [36m&lt;body&gt;[39m
    [36m&lt;div /&gt;[39m
  [36m&lt;/body&gt;[39m
[36m&lt;/html&gt;[39m" type="TestingLibraryElementError">
TestingLibraryElementError: Unable to find a label with the text of: /Yararlı/i

Ignored nodes: comments, script, style
&lt;body&gt;
  &lt;div /&gt;
&lt;/body&gt;

Ignored nodes: comments, script, style
&lt;html&gt;
  &lt;head /&gt;
  &lt;body&gt;
    &lt;div /&gt;
  &lt;/body&gt;
&lt;/html&gt;
 ❯ waitForWrapper node_modules/@testing-library/react/node_modules/@testing-library/dom/dist/wait-for.js:163:27
 ❯ src/components/AIChatAssistant/__tests__/AIChatAssistant.test.tsx:472:11
            </failure>
        </testcase>
        <testcase classname="src/components/AIChatAssistant/__tests__/AIChatAssistant.test.tsx" name="AIChatAssistant - Auto Scroll &gt; scrolls to bottom on new message" time="0.0621607">
        </testcase>
    </testsuite>
    <testsuite name="src/components/Auth/__tests__/ProtectedRoute.test.tsx" timestamp="2025-11-14T16:56:52.649Z" hostname="ates" tests="5" failures="5" errors="0" skipped="0" time="0.2428161">
        <testcase classname="src/components/Auth/__tests__/ProtectedRoute.test.tsx" name="ProtectedRoute &gt; shows loading when auth is loading" time="0.1450803">
            <system-err>
Error: Uncaught [Error: useAuth must be used within an AuthProvider]
    at reportException (C:\Users\husey\kiro2\frontend\node_modules\jsdom\lib\jsdom\living\helpers\runtime-script-errors.js:66:24)
    at innerInvokeEventListeners (C:\Users\husey\kiro2\frontend\node_modules\jsdom\lib\jsdom\living\events\EventTarget-impl.js:353:9)
    at invokeEventListeners (C:\Users\husey\kiro2\frontend\node_modules\jsdom\lib\jsdom\living\events\EventTarget-impl.js:286:3)
    at HTMLUnknownElementImpl._dispatch (C:\Users\husey\kiro2\frontend\node_modules\jsdom\lib\jsdom\living\events\EventTarget-impl.js:233:9)
    at HTMLUnknownElementImpl.dispatchEvent (C:\Users\husey\kiro2\frontend\node_modules\jsdom\lib\jsdom\living\events\EventTarget-impl.js:104:17)
    at HTMLUnknownElement.dispatchEvent (C:\Users\husey\kiro2\frontend\node_modules\jsdom\lib\jsdom\living\generated\EventTarget.js:241:34)
    at Object.invokeGuardedCallbackDev (C:\Users\husey\kiro2\frontend\node_modules\react-dom\cjs\react-dom.development.js:4213:16)
    at invokeGuardedCallback (C:\Users\husey\kiro2\frontend\node_modules\react-dom\cjs\react-dom.development.js:4277:31)
    at beginWork$1 (C:\Users\husey\kiro2\frontend\node_modules\react-dom\cjs\react-dom.development.js:27490:7)
    at performUnitOfWork (C:\Users\husey\kiro2\frontend\node_modules\react-dom\cjs\react-dom.development.js:26599:12) Error: useAuth must be used within an AuthProvider
    at useAuth [90m(C:\Users\husey\kiro2\frontend\[39msrc\hooks\useAuth.tsx:289:11[90m)[39m
    at ProtectedRoute [90m(C:\Users\husey\kiro2\frontend\[39msrc\components\Auth\ProtectedRoute.tsx:22:75[90m)[39m
    at renderWithHooks [90m(C:\Users\husey\kiro2\frontend\[39mnode_modules\[4mreact-dom[24m\cjs\react-dom.development.js:15486:18[90m)[39m
    at mountIndeterminateComponent [90m(C:\Users\husey\kiro2\frontend\[39mnode_modules\[4mreact-dom[24m\cjs\react-dom.development.js:20103:13[90m)[39m
    at beginWork [90m(C:\Users\husey\kiro2\frontend\[39mnode_modules\[4mreact-dom[24m\cjs\react-dom.development.js:21626:16[90m)[39m
    at HTMLUnknownElement.callCallback [90m(C:\Users\husey\kiro2\frontend\[39mnode_modules\[4mreact-dom[24m\cjs\react-dom.development.js:4164:14[90m)[39m
    at HTMLUnknownElement.callTheUserObjectsOperation [90m(C:\Users\husey\kiro2\frontend\[39mnode_modules\[4mjsdom[24m\lib\jsdom\living\generated\EventListener.js:26:30[90m)[39m
    at innerInvokeEventListeners [90m(C:\Users\husey\kiro2\frontend\[39mnode_modules\[4mjsdom[24m\lib\jsdom\living\events\EventTarget-impl.js:350:25[90m)[39m
    at invokeEventListeners [90m(C:\Users\husey\kiro2\frontend\[39mnode_modules\[4mjsdom[24m\lib\jsdom\living\events\EventTarget-impl.js:286:3[90m)[39m
    at HTMLUnknownElementImpl._dispatch [90m(C:\Users\husey\kiro2\frontend\[39mnode_modules\[4mjsdom[24m\lib\jsdom\living\events\EventTarget-impl.js:233:9[90m)[39m
Error: Uncaught [Error: useAuth must be used within an AuthProvider]
    at reportException (C:\Users\husey\kiro2\frontend\node_modules\jsdom\lib\jsdom\living\helpers\runtime-script-errors.js:66:24)
    at innerInvokeEventListeners (C:\Users\husey\kiro2\frontend\node_modules\jsdom\lib\jsdom\living\events\EventTarget-impl.js:353:9)
    at invokeEventListeners (C:\Users\husey\kiro2\frontend\node_modules\jsdom\lib\jsdom\living\events\EventTarget-impl.js:286:3)
    at HTMLUnknownElementImpl._dispatch (C:\Users\husey\kiro2\frontend\node_modules\jsdom\lib\jsdom\living\events\EventTarget-impl.js:233:9)
    at HTMLUnknownElementImpl.dispatchEvent (C:\Users\husey\kiro2\frontend\node_modules\jsdom\lib\jsdom\living\events\EventTarget-impl.js:104:17)
    at HTMLUnknownElement.dispatchEvent (C:\Users\husey\kiro2\frontend\node_modules\jsdom\lib\jsdom\living\generated\EventTarget.js:241:34)
    at Object.invokeGuardedCallbackDev (C:\Users\husey\kiro2\frontend\node_modules\react-dom\cjs\react-dom.development.js:4213:16)
    at invokeGuardedCallback (C:\Users\husey\kiro2\frontend\node_modules\react-dom\cjs\react-dom.development.js:4277:31)
    at beginWork$1 (C:\Users\husey\kiro2\frontend\node_modules\react-dom\cjs\react-dom.development.js:27490:7)
    at performUnitOfWork (C:\Users\husey\kiro2\frontend\node_modules\react-dom\cjs\react-dom.development.js:26599:12) Error: useAuth must be used within an AuthProvider
    at useAuth [90m(C:\Users\husey\kiro2\frontend\[39msrc\hooks\useAuth.tsx:289:11[90m)[39m
    at ProtectedRoute [90m(C:\Users\husey\kiro2\frontend\[39msrc\components\Auth\ProtectedRoute.tsx:22:75[90m)[39m
    at renderWithHooks [90m(C:\Users\husey\kiro2\frontend\[39mnode_modules\[4mreact-dom[24m\cjs\react-dom.development.js:15486:18[90m)[39m
    at mountIndeterminateComponent [90m(C:\Users\husey\kiro2\frontend\[39mnode_modules\[4mreact-dom[24m\cjs\react-dom.development.js:20103:13[90m)[39m
    at beginWork [90m(C:\Users\husey\kiro2\frontend\[39mnode_modules\[4mreact-dom[24m\cjs\react-dom.development.js:21626:16[90m)[39m
    at HTMLUnknownElement.callCallback [90m(C:\Users\husey\kiro2\frontend\[39mnode_modules\[4mreact-dom[24m\cjs\react-dom.development.js:4164:14[90m)[39m
    at HTMLUnknownElement.callTheUserObjectsOperation [90m(C:\Users\husey\kiro2\frontend\[39mnode_modules\[4mjsdom[24m\lib\jsdom\living\generated\EventListener.js:26:30[90m)[39m
    at innerInvokeEventListeners [90m(C:\Users\husey\kiro2\frontend\[39mnode_modules\[4mjsdom[24m\lib\jsdom\living\events\EventTarget-impl.js:350:25[90m)[39m
    at invokeEventListeners [90m(C:\Users\husey\kiro2\frontend\[39mnode_modules\[4mjsdom[24m\lib\jsdom\living\events\EventTarget-impl.js:286:3[90m)[39m
    at HTMLUnknownElementImpl._dispatch [90m(C:\Users\husey\kiro2\frontend\[39mnode_modules\[4mjsdom[24m\lib\jsdom\living\events\EventTarget-impl.js:233:9[90m)[39m

            </system-err>
            <failure message="useAuth must be used within an AuthProvider" type="Error">
Error: useAuth must be used within an AuthProvider
 ❯ useAuth src/hooks/useAuth.tsx:289:11
 ❯ ProtectedRoute src/components/Auth/ProtectedRoute.tsx:22:75
 ❯ renderWithHooks node_modules/react-dom/cjs/react-dom.development.js:15486:18
 ❯ mountIndeterminateComponent node_modules/react-dom/cjs/react-dom.development.js:20103:13
 ❯ beginWork node_modules/react-dom/cjs/react-dom.development.js:21626:16
 ❯ beginWork$1 node_modules/react-dom/cjs/react-dom.development.js:27465:14
 ❯ performUnitOfWork node_modules/react-dom/cjs/react-dom.development.js:26599:12
 ❯ workLoopSync node_modules/react-dom/cjs/react-dom.development.js:26505:5
 ❯ renderRootSync node_modules/react-dom/cjs/react-dom.development.js:26473:7
 ❯ recoverFromConcurrentError node_modules/react-dom/cjs/react-dom.development.js:25889:20
            </failure>
        </testcase>
        <testcase classname="src/components/Auth/__tests__/ProtectedRoute.test.tsx" name="ProtectedRoute &gt; redirects to login when not authenticated" time="0.031776">
            <system-err>
Error: Uncaught [Error: useAuth must be used within an AuthProvider]
    at reportException (C:\Users\husey\kiro2\frontend\node_modules\jsdom\lib\jsdom\living\helpers\runtime-script-errors.js:66:24)
    at innerInvokeEventListeners (C:\Users\husey\kiro2\frontend\node_modules\jsdom\lib\jsdom\living\events\EventTarget-impl.js:353:9)
    at invokeEventListeners (C:\Users\husey\kiro2\frontend\node_modules\jsdom\lib\jsdom\living\events\EventTarget-impl.js:286:3)
    at HTMLUnknownElementImpl._dispatch (C:\Users\husey\kiro2\frontend\node_modules\jsdom\lib\jsdom\living\events\EventTarget-impl.js:233:9)
    at HTMLUnknownElementImpl.dispatchEvent (C:\Users\husey\kiro2\frontend\node_modules\jsdom\lib\jsdom\living\events\EventTarget-impl.js:104:17)
    at HTMLUnknownElement.dispatchEvent (C:\Users\husey\kiro2\frontend\node_modules\jsdom\lib\jsdom\living\generated\EventTarget.js:241:34)
    at Object.invokeGuardedCallbackDev (C:\Users\husey\kiro2\frontend\node_modules\react-dom\cjs\react-dom.development.js:4213:16)
    at invokeGuardedCallback (C:\Users\husey\kiro2\frontend\node_modules\react-dom\cjs\react-dom.development.js:4277:31)
    at beginWork$1 (C:\Users\husey\kiro2\frontend\node_modules\react-dom\cjs\react-dom.development.js:27490:7)
    at performUnitOfWork (C:\Users\husey\kiro2\frontend\node_modules\react-dom\cjs\react-dom.development.js:26599:12) Error: useAuth must be used within an AuthProvider
    at useAuth [90m(C:\Users\husey\kiro2\frontend\[39msrc\hooks\useAuth.tsx:289:11[90m)[39m
    at ProtectedRoute [90m(C:\Users\husey\kiro2\frontend\[39msrc\components\Auth\ProtectedRoute.tsx:22:75[90m)[39m
    at renderWithHooks [90m(C:\Users\husey\kiro2\frontend\[39mnode_modules\[4mreact-dom[24m\cjs\react-dom.development.js:15486:18[90m)[39m
    at mountIndeterminateComponent [90m(C:\Users\husey\kiro2\frontend\[39mnode_modules\[4mreact-dom[24m\cjs\react-dom.development.js:20103:13[90m)[39m
    at beginWork [90m(C:\Users\husey\kiro2\frontend\[39mnode_modules\[4mreact-dom[24m\cjs\react-dom.development.js:21626:16[90m)[39m
    at HTMLUnknownElement.callCallback [90m(C:\Users\husey\kiro2\frontend\[39mnode_modules\[4mreact-dom[24m\cjs\react-dom.development.js:4164:14[90m)[39m
    at HTMLUnknownElement.callTheUserObjectsOperation [90m(C:\Users\husey\kiro2\frontend\[39mnode_modules\[4mjsdom[24m\lib\jsdom\living\generated\EventListener.js:26:30[90m)[39m
    at innerInvokeEventListeners [90m(C:\Users\husey\kiro2\frontend\[39mnode_modules\[4mjsdom[24m\lib\jsdom\living\events\EventTarget-impl.js:350:25[90m)[39m
    at invokeEventListeners [90m(C:\Users\husey\kiro2\frontend\[39mnode_modules\[4mjsdom[24m\lib\jsdom\living\events\EventTarget-impl.js:286:3[90m)[39m
    at HTMLUnknownElementImpl._dispatch [90m(C:\Users\husey\kiro2\frontend\[39mnode_modules\[4mjsdom[24m\lib\jsdom\living\events\EventTarget-impl.js:233:9[90m)[39m
Error: Uncaught [Error: useAuth must be used within an AuthProvider]
    at reportException (C:\Users\husey\kiro2\frontend\node_modules\jsdom\lib\jsdom\living\helpers\runtime-script-errors.js:66:24)
    at innerInvokeEventListeners (C:\Users\husey\kiro2\frontend\node_modules\jsdom\lib\jsdom\living\events\EventTarget-impl.js:353:9)
    at invokeEventListeners (C:\Users\husey\kiro2\frontend\node_modules\jsdom\lib\jsdom\living\events\EventTarget-impl.js:286:3)
    at HTMLUnknownElementImpl._dispatch (C:\Users\husey\kiro2\frontend\node_modules\jsdom\lib\jsdom\living\events\EventTarget-impl.js:233:9)
    at HTMLUnknownElementImpl.dispatchEvent (C:\Users\husey\kiro2\frontend\node_modules\jsdom\lib\jsdom\living\events\EventTarget-impl.js:104:17)
    at HTMLUnknownElement.dispatchEvent (C:\Users\husey\kiro2\frontend\node_modules\jsdom\lib\jsdom\living\generated\EventTarget.js:241:34)
    at Object.invokeGuardedCallbackDev (C:\Users\husey\kiro2\frontend\node_modules\react-dom\cjs\react-dom.development.js:4213:16)
    at invokeGuardedCallback (C:\Users\husey\kiro2\frontend\node_modules\react-dom\cjs\react-dom.development.js:4277:31)
    at beginWork$1 (C:\Users\husey\kiro2\frontend\node_modules\react-dom\cjs\react-dom.development.js:27490:7)
    at performUnitOfWork (C:\Users\husey\kiro2\frontend\node_modules\react-dom\cjs\react-dom.development.js:26599:12) Error: useAuth must be used within an AuthProvider
    at useAuth [90m(C:\Users\husey\kiro2\frontend\[39msrc\hooks\useAuth.tsx:289:11[90m)[39m
    at ProtectedRoute [90m(C:\Users\husey\kiro2\frontend\[39msrc\components\Auth\ProtectedRoute.tsx:22:75[90m)[39m
    at renderWithHooks [90m(C:\Users\husey\kiro2\frontend\[39mnode_modules\[4mreact-dom[24m\cjs\react-dom.development.js:15486:18[90m)[39m
    at mountIndeterminateComponent [90m(C:\Users\husey\kiro2\frontend\[39mnode_modules\[4mreact-dom[24m\cjs\react-dom.development.js:20103:13[90m)[39m
    at beginWork [90m(C:\Users\husey\kiro2\frontend\[39mnode_modules\[4mreact-dom[24m\cjs\react-dom.development.js:21626:16[90m)[39m
    at HTMLUnknownElement.callCallback [90m(C:\Users\husey\kiro2\frontend\[39mnode_modules\[4mreact-dom[24m\cjs\react-dom.development.js:4164:14[90m)[39m
    at HTMLUnknownElement.callTheUserObjectsOperation [90m(C:\Users\husey\kiro2\frontend\[39mnode_modules\[4mjsdom[24m\lib\jsdom\living\generated\EventListener.js:26:30[90m)[39m
    at innerInvokeEventListeners [90m(C:\Users\husey\kiro2\frontend\[39mnode_modules\[4mjsdom[24m\lib\jsdom\living\events\EventTarget-impl.js:350:25[90m)[39m
    at invokeEventListeners [90m(C:\Users\husey\kiro2\frontend\[39mnode_modules\[4mjsdom[24m\lib\jsdom\living\events\EventTarget-impl.js:286:3[90m)[39m
    at HTMLUnknownElementImpl._dispatch [90m(C:\Users\husey\kiro2\frontend\[39mnode_modules\[4mjsdom[24m\lib\jsdom\living\events\EventTarget-impl.js:233:9[90m)[39m

            </system-err>
            <failure message="useAuth must be used within an AuthProvider" type="Error">
Error: useAuth must be used within an AuthProvider
 ❯ useAuth src/hooks/useAuth.tsx:289:11
 ❯ ProtectedRoute src/components/Auth/ProtectedRoute.tsx:22:75
 ❯ renderWithHooks node_modules/react-dom/cjs/react-dom.development.js:15486:18
 ❯ mountIndeterminateComponent node_modules/react-dom/cjs/react-dom.development.js:20103:13
 ❯ beginWork node_modules/react-dom/cjs/react-dom.development.js:21626:16
 ❯ beginWork$1 node_modules/react-dom/cjs/react-dom.development.js:27465:14
 ❯ performUnitOfWork node_modules/react-dom/cjs/react-dom.development.js:26599:12
 ❯ workLoopSync node_modules/react-dom/cjs/react-dom.development.js:26505:5
 ❯ renderRootSync node_modules/react-dom/cjs/react-dom.development.js:26473:7
 ❯ recoverFromConcurrentError node_modules/react-dom/cjs/react-dom.development.js:25889:20
            </failure>
        </testcase>
        <testcase classname="src/components/Auth/__tests__/ProtectedRoute.test.tsx" name="ProtectedRoute &gt; shows content when authenticated and authorized" time="0.0209487">
            <system-err>
Error: Uncaught [Error: useAuth must be used within an AuthProvider]
    at reportException (C:\Users\husey\kiro2\frontend\node_modules\jsdom\lib\jsdom\living\helpers\runtime-script-errors.js:66:24)
    at innerInvokeEventListeners (C:\Users\husey\kiro2\frontend\node_modules\jsdom\lib\jsdom\living\events\EventTarget-impl.js:353:9)
    at invokeEventListeners (C:\Users\husey\kiro2\frontend\node_modules\jsdom\lib\jsdom\living\events\EventTarget-impl.js:286:3)
    at HTMLUnknownElementImpl._dispatch (C:\Users\husey\kiro2\frontend\node_modules\jsdom\lib\jsdom\living\events\EventTarget-impl.js:233:9)
    at HTMLUnknownElementImpl.dispatchEvent (C:\Users\husey\kiro2\frontend\node_modules\jsdom\lib\jsdom\living\events\EventTarget-impl.js:104:17)
    at HTMLUnknownElement.dispatchEvent (C:\Users\husey\kiro2\frontend\node_modules\jsdom\lib\jsdom\living\generated\EventTarget.js:241:34)
    at Object.invokeGuardedCallbackDev (C:\Users\husey\kiro2\frontend\node_modules\react-dom\cjs\react-dom.development.js:4213:16)
    at invokeGuardedCallback (C:\Users\husey\kiro2\frontend\node_modules\react-dom\cjs\react-dom.development.js:4277:31)
    at beginWork$1 (C:\Users\husey\kiro2\frontend\node_modules\react-dom\cjs\react-dom.development.js:27490:7)
    at performUnitOfWork (C:\Users\husey\kiro2\frontend\node_modules\react-dom\cjs\react-dom.development.js:26599:12) Error: useAuth must be used within an AuthProvider
    at useAuth [90m(C:\Users\husey\kiro2\frontend\[39msrc\hooks\useAuth.tsx:289:11[90m)[39m
    at ProtectedRoute [90m(C:\Users\husey\kiro2\frontend\[39msrc\components\Auth\ProtectedRoute.tsx:22:75[90m)[39m
    at renderWithHooks [90m(C:\Users\husey\kiro2\frontend\[39mnode_modules\[4mreact-dom[24m\cjs\react-dom.development.js:15486:18[90m)[39m
    at mountIndeterminateComponent [90m(C:\Users\husey\kiro2\frontend\[39mnode_modules\[4mreact-dom[24m\cjs\react-dom.development.js:20103:13[90m)[39m
    at beginWork [90m(C:\Users\husey\kiro2\frontend\[39mnode_modules\[4mreact-dom[24m\cjs\react-dom.development.js:21626:16[90m)[39m
    at HTMLUnknownElement.callCallback [90m(C:\Users\husey\kiro2\frontend\[39mnode_modules\[4mreact-dom[24m\cjs\react-dom.development.js:4164:14[90m)[39m
    at HTMLUnknownElement.callTheUserObjectsOperation [90m(C:\Users\husey\kiro2\frontend\[39mnode_modules\[4mjsdom[24m\lib\jsdom\living\generated\EventListener.js:26:30[90m)[39m
    at innerInvokeEventListeners [90m(C:\Users\husey\kiro2\frontend\[39mnode_modules\[4mjsdom[24m\lib\jsdom\living\events\EventTarget-impl.js:350:25[90m)[39m
    at invokeEventListeners [90m(C:\Users\husey\kiro2\frontend\[39mnode_modules\[4mjsdom[24m\lib\jsdom\living\events\EventTarget-impl.js:286:3[90m)[39m
    at HTMLUnknownElementImpl._dispatch [90m(C:\Users\husey\kiro2\frontend\[39mnode_modules\[4mjsdom[24m\lib\jsdom\living\events\EventTarget-impl.js:233:9[90m)[39m
Error: Uncaught [Error: useAuth must be used within an AuthProvider]
    at reportException (C:\Users\husey\kiro2\frontend\node_modules\jsdom\lib\jsdom\living\helpers\runtime-script-errors.js:66:24)
    at innerInvokeEventListeners (C:\Users\husey\kiro2\frontend\node_modules\jsdom\lib\jsdom\living\events\EventTarget-impl.js:353:9)
    at invokeEventListeners (C:\Users\husey\kiro2\frontend\node_modules\jsdom\lib\jsdom\living\events\EventTarget-impl.js:286:3)
    at HTMLUnknownElementImpl._dispatch (C:\Users\husey\kiro2\frontend\node_modules\jsdom\lib\jsdom\living\events\EventTarget-impl.js:233:9)
    at HTMLUnknownElementImpl.dispatchEvent (C:\Users\husey\kiro2\frontend\node_modules\jsdom\lib\jsdom\living\events\EventTarget-impl.js:104:17)
    at HTMLUnknownElement.dispatchEvent (C:\Users\husey\kiro2\frontend\node_modules\jsdom\lib\jsdom\living\generated\EventTarget.js:241:34)
    at Object.invokeGuardedCallbackDev (C:\Users\husey\kiro2\frontend\node_modules\react-dom\cjs\react-dom.development.js:4213:16)
    at invokeGuardedCallback (C:\Users\husey\kiro2\frontend\node_modules\react-dom\cjs\react-dom.development.js:4277:31)
    at beginWork$1 (C:\Users\husey\kiro2\frontend\node_modules\react-dom\cjs\react-dom.development.js:27490:7)
    at performUnitOfWork (C:\Users\husey\kiro2\frontend\node_modules\react-dom\cjs\react-dom.development.js:26599:12) Error: useAuth must be used within an AuthProvider
    at useAuth [90m(C:\Users\husey\kiro2\frontend\[39msrc\hooks\useAuth.tsx:289:11[90m)[39m
    at ProtectedRoute [90m(C:\Users\husey\kiro2\frontend\[39msrc\components\Auth\ProtectedRoute.tsx:22:75[90m)[39m
    at renderWithHooks [90m(C:\Users\husey\kiro2\frontend\[39mnode_modules\[4mreact-dom[24m\cjs\react-dom.development.js:15486:18[90m)[39m
    at mountIndeterminateComponent [90m(C:\Users\husey\kiro2\frontend\[39mnode_modules\[4mreact-dom[24m\cjs\react-dom.development.js:20103:13[90m)[39m
    at beginWork [90m(C:\Users\husey\kiro2\frontend\[39mnode_modules\[4mreact-dom[24m\cjs\react-dom.development.js:21626:16[90m)[39m
    at HTMLUnknownElement.callCallback [90m(C:\Users\husey\kiro2\frontend\[39mnode_modules\[4mreact-dom[24m\cjs\react-dom.development.js:4164:14[90m)[39m
    at HTMLUnknownElement.callTheUserObjectsOperation [90m(C:\Users\husey\kiro2\frontend\[39mnode_modules\[4mjsdom[24m\lib\jsdom\living\generated\EventListener.js:26:30[90m)[39m
    at innerInvokeEventListeners [90m(C:\Users\husey\kiro2\frontend\[39mnode_modules\[4mjsdom[24m\lib\jsdom\living\events\EventTarget-impl.js:350:25[90m)[39m
    at invokeEventListeners [90m(C:\Users\husey\kiro2\frontend\[39mnode_modules\[4mjsdom[24m\lib\jsdom\living\events\EventTarget-impl.js:286:3[90m)[39m
    at HTMLUnknownElementImpl._dispatch [90m(C:\Users\husey\kiro2\frontend\[39mnode_modules\[4mjsdom[24m\lib\jsdom\living\events\EventTarget-impl.js:233:9[90m)[39m

            </system-err>
            <failure message="useAuth must be used within an AuthProvider" type="Error">
Error: useAuth must be used within an AuthProvider
 ❯ useAuth src/hooks/useAuth.tsx:289:11
 ❯ ProtectedRoute src/components/Auth/ProtectedRoute.tsx:22:75
 ❯ renderWithHooks node_modules/react-dom/cjs/react-dom.development.js:15486:18
 ❯ mountIndeterminateComponent node_modules/react-dom/cjs/react-dom.development.js:20103:13
 ❯ beginWork node_modules/react-dom/cjs/react-dom.development.js:21626:16
 ❯ beginWork$1 node_modules/react-dom/cjs/react-dom.development.js:27465:14
 ❯ performUnitOfWork node_modules/react-dom/cjs/react-dom.development.js:26599:12
 ❯ workLoopSync node_modules/react-dom/cjs/react-dom.development.js:26505:5
 ❯ renderRootSync node_modules/react-dom/cjs/react-dom.development.js:26473:7
 ❯ recoverFromConcurrentError node_modules/react-dom/cjs/react-dom.development.js:25889:20
            </failure>
        </testcase>
        <testcase classname="src/components/Auth/__tests__/ProtectedRoute.test.tsx" name="ProtectedRoute &gt; shows unauthorized message when showUnauthorized is true" time="0.0158211">
            <system-err>
Error: Uncaught [Error: useAuth must be used within an AuthProvider]
    at reportException (C:\Users\husey\kiro2\frontend\node_modules\jsdom\lib\jsdom\living\helpers\runtime-script-errors.js:66:24)
    at innerInvokeEventListeners (C:\Users\husey\kiro2\frontend\node_modules\jsdom\lib\jsdom\living\events\EventTarget-impl.js:353:9)
    at invokeEventListeners (C:\Users\husey\kiro2\frontend\node_modules\jsdom\lib\jsdom\living\events\EventTarget-impl.js:286:3)
    at HTMLUnknownElementImpl._dispatch (C:\Users\husey\kiro2\frontend\node_modules\jsdom\lib\jsdom\living\events\EventTarget-impl.js:233:9)
    at HTMLUnknownElementImpl.dispatchEvent (C:\Users\husey\kiro2\frontend\node_modules\jsdom\lib\jsdom\living\events\EventTarget-impl.js:104:17)
    at HTMLUnknownElement.dispatchEvent (C:\Users\husey\kiro2\frontend\node_modules\jsdom\lib\jsdom\living\generated\EventTarget.js:241:34)
    at Object.invokeGuardedCallbackDev (C:\Users\husey\kiro2\frontend\node_modules\react-dom\cjs\react-dom.development.js:4213:16)
    at invokeGuardedCallback (C:\Users\husey\kiro2\frontend\node_modules\react-dom\cjs\react-dom.development.js:4277:31)
    at beginWork$1 (C:\Users\husey\kiro2\frontend\node_modules\react-dom\cjs\react-dom.development.js:27490:7)
    at performUnitOfWork (C:\Users\husey\kiro2\frontend\node_modules\react-dom\cjs\react-dom.development.js:26599:12) Error: useAuth must be used within an AuthProvider
    at useAuth [90m(C:\Users\husey\kiro2\frontend\[39msrc\hooks\useAuth.tsx:289:11[90m)[39m
    at ProtectedRoute [90m(C:\Users\husey\kiro2\frontend\[39msrc\components\Auth\ProtectedRoute.tsx:22:75[90m)[39m
    at renderWithHooks [90m(C:\Users\husey\kiro2\frontend\[39mnode_modules\[4mreact-dom[24m\cjs\react-dom.development.js:15486:18[90m)[39m
    at mountIndeterminateComponent [90m(C:\Users\husey\kiro2\frontend\[39mnode_modules\[4mreact-dom[24m\cjs\react-dom.development.js:20103:13[90m)[39m
    at beginWork [90m(C:\Users\husey\kiro2\frontend\[39mnode_modules\[4mreact-dom[24m\cjs\react-dom.development.js:21626:16[90m)[39m
    at HTMLUnknownElement.callCallback [90m(C:\Users\husey\kiro2\frontend\[39mnode_modules\[4mreact-dom[24m\cjs\react-dom.development.js:4164:14[90m)[39m
    at HTMLUnknownElement.callTheUserObjectsOperation [90m(C:\Users\husey\kiro2\frontend\[39mnode_modules\[4mjsdom[24m\lib\jsdom\living\generated\EventListener.js:26:30[90m)[39m
    at innerInvokeEventListeners [90m(C:\Users\husey\kiro2\frontend\[39mnode_modules\[4mjsdom[24m\lib\jsdom\living\events\EventTarget-impl.js:350:25[90m)[39m
    at invokeEventListeners [90m(C:\Users\husey\kiro2\frontend\[39mnode_modules\[4mjsdom[24m\lib\jsdom\living\events\EventTarget-impl.js:286:3[90m)[39m
    at HTMLUnknownElementImpl._dispatch [90m(C:\Users\husey\kiro2\frontend\[39mnode_modules\[4mjsdom[24m\lib\jsdom\living\events\EventTarget-impl.js:233:9[90m)[39m
Error: Uncaught [Error: useAuth must be used within an AuthProvider]
    at reportException (C:\Users\husey\kiro2\frontend\node_modules\jsdom\lib\jsdom\living\helpers\runtime-script-errors.js:66:24)
    at innerInvokeEventListeners (C:\Users\husey\kiro2\frontend\node_modules\jsdom\lib\jsdom\living\events\EventTarget-impl.js:353:9)
    at invokeEventListeners (C:\Users\husey\kiro2\frontend\node_modules\jsdom\lib\jsdom\living\events\EventTarget-impl.js:286:3)
    at HTMLUnknownElementImpl._dispatch (C:\Users\husey\kiro2\frontend\node_modules\jsdom\lib\jsdom\living\events\EventTarget-impl.js:233:9)
    at HTMLUnknownElementImpl.dispatchEvent (C:\Users\husey\kiro2\frontend\node_modules\jsdom\lib\jsdom\living\events\EventTarget-impl.js:104:17)
    at HTMLUnknownElement.dispatchEvent (C:\Users\husey\kiro2\frontend\node_modules\jsdom\lib\jsdom\living\generated\EventTarget.js:241:34)
    at Object.invokeGuardedCallbackDev (C:\Users\husey\kiro2\frontend\node_modules\react-dom\cjs\react-dom.development.js:4213:16)
    at invokeGuardedCallback (C:\Users\husey\kiro2\frontend\node_modules\react-dom\cjs\react-dom.development.js:4277:31)
    at beginWork$1 (C:\Users\husey\kiro2\frontend\node_modules\react-dom\cjs\react-dom.development.js:27490:7)
    at performUnitOfWork (C:\Users\husey\kiro2\frontend\node_modules\react-dom\cjs\react-dom.development.js:26599:12) Error: useAuth must be used within an AuthProvider
    at useAuth [90m(C:\Users\husey\kiro2\frontend\[39msrc\hooks\useAuth.tsx:289:11[90m)[39m
    at ProtectedRoute [90m(C:\Users\husey\kiro2\frontend\[39msrc\components\Auth\ProtectedRoute.tsx:22:75[90m)[39m
    at renderWithHooks [90m(C:\Users\husey\kiro2\frontend\[39mnode_modules\[4mreact-dom[24m\cjs\react-dom.development.js:15486:18[90m)[39m
    at mountIndeterminateComponent [90m(C:\Users\husey\kiro2\frontend\[39mnode_modules\[4mreact-dom[24m\cjs\react-dom.development.js:20103:13[90m)[39m
    at beginWork [90m(C:\Users\husey\kiro2\frontend\[39mnode_modules\[4mreact-dom[24m\cjs\react-dom.development.js:21626:16[90m)[39m
    at HTMLUnknownElement.callCallback [90m(C:\Users\husey\kiro2\frontend\[39mnode_modules\[4mreact-dom[24m\cjs\react-dom.development.js:4164:14[90m)[39m
    at HTMLUnknownElement.callTheUserObjectsOperation [90m(C:\Users\husey\kiro2\frontend\[39mnode_modules\[4mjsdom[24m\lib\jsdom\living\generated\EventListener.js:26:30[90m)[39m
    at innerInvokeEventListeners [90m(C:\Users\husey\kiro2\frontend\[39mnode_modules\[4mjsdom[24m\lib\jsdom\living\events\EventTarget-impl.js:350:25[90m)[39m
    at invokeEventListeners [90m(C:\Users\husey\kiro2\frontend\[39mnode_modules\[4mjsdom[24m\lib\jsdom\living\events\EventTarget-impl.js:286:3[90m)[39m
    at HTMLUnknownElementImpl._dispatch [90m(C:\Users\husey\kiro2\frontend\[39mnode_modules\[4mjsdom[24m\lib\jsdom\living\events\EventTarget-impl.js:233:9[90m)[39m

            </system-err>
            <failure message="useAuth must be used within an AuthProvider" type="Error">
Error: useAuth must be used within an AuthProvider
 ❯ useAuth src/hooks/useAuth.tsx:289:11
 ❯ ProtectedRoute src/components/Auth/ProtectedRoute.tsx:22:75
 ❯ renderWithHooks node_modules/react-dom/cjs/react-dom.development.js:15486:18
 ❯ mountIndeterminateComponent node_modules/react-dom/cjs/react-dom.development.js:20103:13
 ❯ beginWork node_modules/react-dom/cjs/react-dom.development.js:21626:16
 ❯ beginWork$1 node_modules/react-dom/cjs/react-dom.development.js:27465:14
 ❯ performUnitOfWork node_modules/react-dom/cjs/react-dom.development.js:26599:12
 ❯ workLoopSync node_modules/react-dom/cjs/react-dom.development.js:26505:5
 ❯ renderRootSync node_modules/react-dom/cjs/react-dom.development.js:26473:7
 ❯ recoverFromConcurrentError node_modules/react-dom/cjs/react-dom.development.js:25889:20
            </failure>
        </testcase>
        <testcase classname="src/components/Auth/__tests__/ProtectedRoute.test.tsx" name="ProtectedRoute &gt; checks permissions when requiredPermissions is provided" time="0.0211955">
            <system-err>
Error: Uncaught [Error: useAuth must be used within an AuthProvider]
    at reportException (C:\Users\husey\kiro2\frontend\node_modules\jsdom\lib\jsdom\living\helpers\runtime-script-errors.js:66:24)
    at innerInvokeEventListeners (C:\Users\husey\kiro2\frontend\node_modules\jsdom\lib\jsdom\living\events\EventTarget-impl.js:353:9)
    at invokeEventListeners (C:\Users\husey\kiro2\frontend\node_modules\jsdom\lib\jsdom\living\events\EventTarget-impl.js:286:3)
    at HTMLUnknownElementImpl._dispatch (C:\Users\husey\kiro2\frontend\node_modules\jsdom\lib\jsdom\living\events\EventTarget-impl.js:233:9)
    at HTMLUnknownElementImpl.dispatchEvent (C:\Users\husey\kiro2\frontend\node_modules\jsdom\lib\jsdom\living\events\EventTarget-impl.js:104:17)
    at HTMLUnknownElement.dispatchEvent (C:\Users\husey\kiro2\frontend\node_modules\jsdom\lib\jsdom\living\generated\EventTarget.js:241:34)
    at Object.invokeGuardedCallbackDev (C:\Users\husey\kiro2\frontend\node_modules\react-dom\cjs\react-dom.development.js:4213:16)
    at invokeGuardedCallback (C:\Users\husey\kiro2\frontend\node_modules\react-dom\cjs\react-dom.development.js:4277:31)
    at beginWork$1 (C:\Users\husey\kiro2\frontend\node_modules\react-dom\cjs\react-dom.development.js:27490:7)
    at performUnitOfWork (C:\Users\husey\kiro2\frontend\node_modules\react-dom\cjs\react-dom.development.js:26599:12) Error: useAuth must be used within an AuthProvider
    at useAuth [90m(C:\Users\husey\kiro2\frontend\[39msrc\hooks\useAuth.tsx:289:11[90m)[39m
    at ProtectedRoute [90m(C:\Users\husey\kiro2\frontend\[39msrc\components\Auth\ProtectedRoute.tsx:22:75[90m)[39m
    at renderWithHooks [90m(C:\Users\husey\kiro2\frontend\[39mnode_modules\[4mreact-dom[24m\cjs\react-dom.development.js:15486:18[90m)[39m
    at mountIndeterminateComponent [90m(C:\Users\husey\kiro2\frontend\[39mnode_modules\[4mreact-dom[24m\cjs\react-dom.development.js:20103:13[90m)[39m
    at beginWork [90m(C:\Users\husey\kiro2\frontend\[39mnode_modules\[4mreact-dom[24m\cjs\react-dom.development.js:21626:16[90m)[39m
    at HTMLUnknownElement.callCallback [90m(C:\Users\husey\kiro2\frontend\[39mnode_modules\[4mreact-dom[24m\cjs\react-dom.development.js:4164:14[90m)[39m
    at HTMLUnknownElement.callTheUserObjectsOperation [90m(C:\Users\husey\kiro2\frontend\[39mnode_modules\[4mjsdom[24m\lib\jsdom\living\generated\EventListener.js:26:30[90m)[39m
    at innerInvokeEventListeners [90m(C:\Users\husey\kiro2\frontend\[39mnode_modules\[4mjsdom[24m\lib\jsdom\living\events\EventTarget-impl.js:350:25[90m)[39m
    at invokeEventListeners [90m(C:\Users\husey\kiro2\frontend\[39mnode_modules\[4mjsdom[24m\lib\jsdom\living\events\EventTarget-impl.js:286:3[90m)[39m
    at HTMLUnknownElementImpl._dispatch [90m(C:\Users\husey\kiro2\frontend\[39mnode_modules\[4mjsdom[24m\lib\jsdom\living\events\EventTarget-impl.js:233:9[90m)[39m
Error: Uncaught [Error: useAuth must be used within an AuthProvider]
    at reportException (C:\Users\husey\kiro2\frontend\node_modules\jsdom\lib\jsdom\living\helpers\runtime-script-errors.js:66:24)
    at innerInvokeEventListeners (C:\Users\husey\kiro2\frontend\node_modules\jsdom\lib\jsdom\living\events\EventTarget-impl.js:353:9)
    at invokeEventListeners (C:\Users\husey\kiro2\frontend\node_modules\jsdom\lib\jsdom\living\events\EventTarget-impl.js:286:3)
    at HTMLUnknownElementImpl._dispatch (C:\Users\husey\kiro2\frontend\node_modules\jsdom\lib\jsdom\living\events\EventTarget-impl.js:233:9)
    at HTMLUnknownElementImpl.dispatchEvent (C:\Users\husey\kiro2\frontend\node_modules\jsdom\lib\jsdom\living\events\EventTarget-impl.js:104:17)
    at HTMLUnknownElement.dispatchEvent (C:\Users\husey\kiro2\frontend\node_modules\jsdom\lib\jsdom\living\generated\EventTarget.js:241:34)
    at Object.invokeGuardedCallbackDev (C:\Users\husey\kiro2\frontend\node_modules\react-dom\cjs\react-dom.development.js:4213:16)
    at invokeGuardedCallback (C:\Users\husey\kiro2\frontend\node_modules\react-dom\cjs\react-dom.development.js:4277:31)
    at beginWork$1 (C:\Users\husey\kiro2\frontend\node_modules\react-dom\cjs\react-dom.development.js:27490:7)
    at performUnitOfWork (C:\Users\husey\kiro2\frontend\node_modules\react-dom\cjs\react-dom.development.js:26599:12) Error: useAuth must be used within an AuthProvider
    at useAuth [90m(C:\Users\husey\kiro2\frontend\[39msrc\hooks\useAuth.tsx:289:11[90m)[39m
    at ProtectedRoute [90m(C:\Users\husey\kiro2\frontend\[39msrc\components\Auth\ProtectedRoute.tsx:22:75[90m)[39m
    at renderWithHooks [90m(C:\Users\husey\kiro2\frontend\[39mnode_modules\[4mreact-dom[24m\cjs\react-dom.development.js:15486:18[90m)[39m
    at mountIndeterminateComponent [90m(C:\Users\husey\kiro2\frontend\[39mnode_modules\[4mreact-dom[24m\cjs\react-dom.development.js:20103:13[90m)[39m
    at beginWork [90m(C:\Users\husey\kiro2\frontend\[39mnode_modules\[4mreact-dom[24m\cjs\react-dom.development.js:21626:16[90m)[39m
    at HTMLUnknownElement.callCallback [90m(C:\Users\husey\kiro2\frontend\[39mnode_modules\[4mreact-dom[24m\cjs\react-dom.development.js:4164:14[90m)[39m
    at HTMLUnknownElement.callTheUserObjectsOperation [90m(C:\Users\husey\kiro2\frontend\[39mnode_modules\[4mjsdom[24m\lib\jsdom\living\generated\EventListener.js:26:30[90m)[39m
    at innerInvokeEventListeners [90m(C:\Users\husey\kiro2\frontend\[39mnode_modules\[4mjsdom[24m\lib\jsdom\living\events\EventTarget-impl.js:350:25[90m)[39m
    at invokeEventListeners [90m(C:\Users\husey\kiro2\frontend\[39mnode_modules\[4mjsdom[24m\lib\jsdom\living\events\EventTarget-impl.js:286:3[90m)[39m
    at HTMLUnknownElementImpl._dispatch [90m(C:\Users\husey\kiro2\frontend\[39mnode_modules\[4mjsdom[24m\lib\jsdom\living\events\EventTarget-impl.js:233:9[90m)[39m

            </system-err>
            <failure message="useAuth must be used within an AuthProvider" type="Error">
Error: useAuth must be used within an AuthProvider
 ❯ useAuth src/hooks/useAuth.tsx:289:11
 ❯ ProtectedRoute src/components/Auth/ProtectedRoute.tsx:22:75
 ❯ renderWithHooks node_modules/react-dom/cjs/react-dom.development.js:15486:18
 ❯ mountIndeterminateComponent node_modules/react-dom/cjs/react-dom.development.js:20103:13
 ❯ beginWork node_modules/react-dom/cjs/react-dom.development.js:21626:16
 ❯ beginWork$1 node_modules/react-dom/cjs/react-dom.development.js:27465:14
 ❯ performUnitOfWork node_modules/react-dom/cjs/react-dom.development.js:26599:12
 ❯ workLoopSync node_modules/react-dom/cjs/react-dom.development.js:26505:5
 ❯ renderRootSync node_modules/react-dom/cjs/react-dom.development.js:26473:7
 ❯ recoverFromConcurrentError node_modules/react-dom/cjs/react-dom.development.js:25889:20
            </failure>
        </testcase>
    </testsuite>
    <testsuite name="src/components/Dashboard/__tests__/ModernDashboard.test.tsx" timestamp="2025-11-14T16:56:52.654Z" hostname="ates" tests="19" failures="19" errors="0" skipped="0" time="0.4212594">
        <testcase classname="src/components/Dashboard/__tests__/ModernDashboard.test.tsx" name="ModernDashboard &gt; Basic Rendering &gt; renders welcome message with user name" time="0.1506401">
            <system-err>
Error: Uncaught [TypeError: Cannot read properties of undefined (reading &apos;student&apos;)]
    at reportException (C:\Users\husey\kiro2\frontend\node_modules\jsdom\lib\jsdom\living\helpers\runtime-script-errors.js:66:24)
    at innerInvokeEventListeners (C:\Users\husey\kiro2\frontend\node_modules\jsdom\lib\jsdom\living\events\EventTarget-impl.js:353:9)
    at invokeEventListeners (C:\Users\husey\kiro2\frontend\node_modules\jsdom\lib\jsdom\living\events\EventTarget-impl.js:286:3)
    at HTMLUnknownElementImpl._dispatch (C:\Users\husey\kiro2\frontend\node_modules\jsdom\lib\jsdom\living\events\EventTarget-impl.js:233:9)
    at HTMLUnknownElementImpl.dispatchEvent (C:\Users\husey\kiro2\frontend\node_modules\jsdom\lib\jsdom\living\events\EventTarget-impl.js:104:17)
    at HTMLUnknownElement.dispatchEvent (C:\Users\husey\kiro2\frontend\node_modules\jsdom\lib\jsdom\living\generated\EventTarget.js:241:34)
    at Object.invokeGuardedCallbackDev (C:\Users\husey\kiro2\frontend\node_modules\react-dom\cjs\react-dom.development.js:4213:16)
    at invokeGuardedCallback (C:\Users\husey\kiro2\frontend\node_modules\react-dom\cjs\react-dom.development.js:4277:31)
    at beginWork$1 (C:\Users\husey\kiro2\frontend\node_modules\react-dom\cjs\react-dom.development.js:27490:7)
    at performUnitOfWork (C:\Users\husey\kiro2\frontend\node_modules\react-dom\cjs\react-dom.development.js:26599:12) TypeError: Cannot read properties of undefined (reading &apos;student&apos;)
    at useAuth [90m(C:\Users\husey\kiro2\frontend\[39msrc\components\Dashboard\__tests__\ModernDashboard.test.tsx:15:21[90m)[39m
    at [90mC:\Users\husey\kiro2\frontend\[39msrc\components\Dashboard\ModernDashboard.tsx:185:20
    at renderWithHooks [90m(C:\Users\husey\kiro2\frontend\[39mnode_modules\[4mreact-dom[24m\cjs\react-dom.development.js:15486:18[90m)[39m
    at updateFunctionComponent [90m(C:\Users\husey\kiro2\frontend\[39mnode_modules\[4mreact-dom[24m\cjs\react-dom.development.js:19617:20[90m)[39m
    at updateSimpleMemoComponent [90m(C:\Users\husey\kiro2\frontend\[39mnode_modules\[4mreact-dom[24m\cjs\react-dom.development.js:19454:10[90m)[39m
    at updateMemoComponent [90m(C:\Users\husey\kiro2\frontend\[39mnode_modules\[4mreact-dom[24m\cjs\react-dom.development.js:19303:14[90m)[39m
    at beginWork [90m(C:\Users\husey\kiro2\frontend\[39mnode_modules\[4mreact-dom[24m\cjs\react-dom.development.js:21712:16[90m)[39m
    at HTMLUnknownElement.callCallback [90m(C:\Users\husey\kiro2\frontend\[39mnode_modules\[4mreact-dom[24m\cjs\react-dom.development.js:4164:14[90m)[39m
    at HTMLUnknownElement.callTheUserObjectsOperation [90m(C:\Users\husey\kiro2\frontend\[39mnode_modules\[4mjsdom[24m\lib\jsdom\living\generated\EventListener.js:26:30[90m)[39m
    at innerInvokeEventListeners [90m(C:\Users\husey\kiro2\frontend\[39mnode_modules\[4mjsdom[24m\lib\jsdom\living\events\EventTarget-impl.js:350:25[90m)[39m
Error: Uncaught [TypeError: Cannot read properties of undefined (reading &apos;student&apos;)]
    at reportException (C:\Users\husey\kiro2\frontend\node_modules\jsdom\lib\jsdom\living\helpers\runtime-script-errors.js:66:24)
    at innerInvokeEventListeners (C:\Users\husey\kiro2\frontend\node_modules\jsdom\lib\jsdom\living\events\EventTarget-impl.js:353:9)
    at invokeEventListeners (C:\Users\husey\kiro2\frontend\node_modules\jsdom\lib\jsdom\living\events\EventTarget-impl.js:286:3)
    at HTMLUnknownElementImpl._dispatch (C:\Users\husey\kiro2\frontend\node_modules\jsdom\lib\jsdom\living\events\EventTarget-impl.js:233:9)
    at HTMLUnknownElementImpl.dispatchEvent (C:\Users\husey\kiro2\frontend\node_modules\jsdom\lib\jsdom\living\events\EventTarget-impl.js:104:17)
    at HTMLUnknownElement.dispatchEvent (C:\Users\husey\kiro2\frontend\node_modules\jsdom\lib\jsdom\living\generated\EventTarget.js:241:34)
    at Object.invokeGuardedCallbackDev (C:\Users\husey\kiro2\frontend\node_modules\react-dom\cjs\react-dom.development.js:4213:16)
    at invokeGuardedCallback (C:\Users\husey\kiro2\frontend\node_modules\react-dom\cjs\react-dom.development.js:4277:31)
    at beginWork$1 (C:\Users\husey\kiro2\frontend\node_modules\react-dom\cjs\react-dom.development.js:27490:7)
    at performUnitOfWork (C:\Users\husey\kiro2\frontend\node_modules\react-dom\cjs\react-dom.development.js:26599:12) TypeError: Cannot read properties of undefined (reading &apos;student&apos;)
    at useAuth [90m(C:\Users\husey\kiro2\frontend\[39msrc\components\Dashboard\__tests__\ModernDashboard.test.tsx:15:21[90m)[39m
    at [90mC:\Users\husey\kiro2\frontend\[39msrc\components\Dashboard\ModernDashboard.tsx:185:20
    at renderWithHooks [90m(C:\Users\husey\kiro2\frontend\[39mnode_modules\[4mreact-dom[24m\cjs\react-dom.development.js:15486:18[90m)[39m
    at updateFunctionComponent [90m(C:\Users\husey\kiro2\frontend\[39mnode_modules\[4mreact-dom[24m\cjs\react-dom.development.js:19617:20[90m)[39m
    at updateSimpleMemoComponent [90m(C:\Users\husey\kiro2\frontend\[39mnode_modules\[4mreact-dom[24m\cjs\react-dom.development.js:19454:10[90m)[39m
    at updateMemoComponent [90m(C:\Users\husey\kiro2\frontend\[39mnode_modules\[4mreact-dom[24m\cjs\react-dom.development.js:19303:14[90m)[39m
    at beginWork [90m(C:\Users\husey\kiro2\frontend\[39mnode_modules\[4mreact-dom[24m\cjs\react-dom.development.js:21712:16[90m)[39m
    at HTMLUnknownElement.callCallback [90m(C:\Users\husey\kiro2\frontend\[39mnode_modules\[4mreact-dom[24m\cjs\react-dom.development.js:4164:14[90m)[39m
    at HTMLUnknownElement.callTheUserObjectsOperation [90m(C:\Users\husey\kiro2\frontend\[39mnode_modules\[4mjsdom[24m\lib\jsdom\living\generated\EventListener.js:26:30[90m)[39m
    at innerInvokeEventListeners [90m(C:\Users\husey\kiro2\frontend\[39mnode_modules\[4mjsdom[24m\lib\jsdom\living\events\EventTarget-impl.js:350:25[90m)[39m

            </system-err>
            <failure message="Cannot read properties of undefined (reading &apos;student&apos;)" type="TypeError">
TypeError: Cannot read properties of undefined (reading &apos;student&apos;)
 ❯ useAuth src/components/Dashboard/__tests__/ModernDashboard.test.tsx:15:21
 ❯ src/components/Dashboard/ModernDashboard.tsx:185:20
 ❯ renderWithHooks node_modules/react-dom/cjs/react-dom.development.js:15486:18
 ❯ updateFunctionComponent node_modules/react-dom/cjs/react-dom.development.js:19617:20
 ❯ updateSimpleMemoComponent node_modules/react-dom/cjs/react-dom.development.js:19454:10
 ❯ updateMemoComponent node_modules/react-dom/cjs/react-dom.development.js:19303:14
 ❯ beginWork node_modules/react-dom/cjs/react-dom.development.js:21712:16
 ❯ beginWork$1 node_modules/react-dom/cjs/react-dom.development.js:27465:14
 ❯ performUnitOfWork node_modules/react-dom/cjs/react-dom.development.js:26599:12
 ❯ workLoopSync node_modules/react-dom/cjs/react-dom.development.js:26505:5
            </failure>
        </testcase>
        <testcase classname="src/components/Dashboard/__tests__/ModernDashboard.test.tsx" name="ModernDashboard &gt; Basic Rendering &gt; renders all stat cards" time="0.0246851">
            <system-err>
Error: Uncaught [TypeError: Cannot read properties of undefined (reading &apos;student&apos;)]
    at reportException (C:\Users\husey\kiro2\frontend\node_modules\jsdom\lib\jsdom\living\helpers\runtime-script-errors.js:66:24)
    at innerInvokeEventListeners (C:\Users\husey\kiro2\frontend\node_modules\jsdom\lib\jsdom\living\events\EventTarget-impl.js:353:9)
    at invokeEventListeners (C:\Users\husey\kiro2\frontend\node_modules\jsdom\lib\jsdom\living\events\EventTarget-impl.js:286:3)
    at HTMLUnknownElementImpl._dispatch (C:\Users\husey\kiro2\frontend\node_modules\jsdom\lib\jsdom\living\events\EventTarget-impl.js:233:9)
    at HTMLUnknownElementImpl.dispatchEvent (C:\Users\husey\kiro2\frontend\node_modules\jsdom\lib\jsdom\living\events\EventTarget-impl.js:104:17)
    at HTMLUnknownElement.dispatchEvent (C:\Users\husey\kiro2\frontend\node_modules\jsdom\lib\jsdom\living\generated\EventTarget.js:241:34)
    at Object.invokeGuardedCallbackDev (C:\Users\husey\kiro2\frontend\node_modules\react-dom\cjs\react-dom.development.js:4213:16)
    at invokeGuardedCallback (C:\Users\husey\kiro2\frontend\node_modules\react-dom\cjs\react-dom.development.js:4277:31)
    at beginWork$1 (C:\Users\husey\kiro2\frontend\node_modules\react-dom\cjs\react-dom.development.js:27490:7)
    at performUnitOfWork (C:\Users\husey\kiro2\frontend\node_modules\react-dom\cjs\react-dom.development.js:26599:12) TypeError: Cannot read properties of undefined (reading &apos;student&apos;)
    at useAuth [90m(C:\Users\husey\kiro2\frontend\[39msrc\components\Dashboard\__tests__\ModernDashboard.test.tsx:15:21[90m)[39m
    at [90mC:\Users\husey\kiro2\frontend\[39msrc\components\Dashboard\ModernDashboard.tsx:185:20
    at renderWithHooks [90m(C:\Users\husey\kiro2\frontend\[39mnode_modules\[4mreact-dom[24m\cjs\react-dom.development.js:15486:18[90m)[39m
    at updateFunctionComponent [90m(C:\Users\husey\kiro2\frontend\[39mnode_modules\[4mreact-dom[24m\cjs\react-dom.development.js:19617:20[90m)[39m
    at updateSimpleMemoComponent [90m(C:\Users\husey\kiro2\frontend\[39mnode_modules\[4mreact-dom[24m\cjs\react-dom.development.js:19454:10[90m)[39m
    at updateMemoComponent [90m(C:\Users\husey\kiro2\frontend\[39mnode_modules\[4mreact-dom[24m\cjs\react-dom.development.js:19303:14[90m)[39m
    at beginWork [90m(C:\Users\husey\kiro2\frontend\[39mnode_modules\[4mreact-dom[24m\cjs\react-dom.development.js:21712:16[90m)[39m
    at HTMLUnknownElement.callCallback [90m(C:\Users\husey\kiro2\frontend\[39mnode_modules\[4mreact-dom[24m\cjs\react-dom.development.js:4164:14[90m)[39m
    at HTMLUnknownElement.callTheUserObjectsOperation [90m(C:\Users\husey\kiro2\frontend\[39mnode_modules\[4mjsdom[24m\lib\jsdom\living\generated\EventListener.js:26:30[90m)[39m
    at innerInvokeEventListeners [90m(C:\Users\husey\kiro2\frontend\[39mnode_modules\[4mjsdom[24m\lib\jsdom\living\events\EventTarget-impl.js:350:25[90m)[39m
Error: Uncaught [TypeError: Cannot read properties of undefined (reading &apos;student&apos;)]
    at reportException (C:\Users\husey\kiro2\frontend\node_modules\jsdom\lib\jsdom\living\helpers\runtime-script-errors.js:66:24)
    at innerInvokeEventListeners (C:\Users\husey\kiro2\frontend\node_modules\jsdom\lib\jsdom\living\events\EventTarget-impl.js:353:9)
    at invokeEventListeners (C:\Users\husey\kiro2\frontend\node_modules\jsdom\lib\jsdom\living\events\EventTarget-impl.js:286:3)
    at HTMLUnknownElementImpl._dispatch (C:\Users\husey\kiro2\frontend\node_modules\jsdom\lib\jsdom\living\events\EventTarget-impl.js:233:9)
    at HTMLUnknownElementImpl.dispatchEvent (C:\Users\husey\kiro2\frontend\node_modules\jsdom\lib\jsdom\living\events\EventTarget-impl.js:104:17)
    at HTMLUnknownElement.dispatchEvent (C:\Users\husey\kiro2\frontend\node_modules\jsdom\lib\jsdom\living\generated\EventTarget.js:241:34)
    at Object.invokeGuardedCallbackDev (C:\Users\husey\kiro2\frontend\node_modules\react-dom\cjs\react-dom.development.js:4213:16)
    at invokeGuardedCallback (C:\Users\husey\kiro2\frontend\node_modules\react-dom\cjs\react-dom.development.js:4277:31)
    at beginWork$1 (C:\Users\husey\kiro2\frontend\node_modules\react-dom\cjs\react-dom.development.js:27490:7)
    at performUnitOfWork (C:\Users\husey\kiro2\frontend\node_modules\react-dom\cjs\react-dom.development.js:26599:12) TypeError: Cannot read properties of undefined (reading &apos;student&apos;)
    at useAuth [90m(C:\Users\husey\kiro2\frontend\[39msrc\components\Dashboard\__tests__\ModernDashboard.test.tsx:15:21[90m)[39m
    at [90mC:\Users\husey\kiro2\frontend\[39msrc\components\Dashboard\ModernDashboard.tsx:185:20
    at renderWithHooks [90m(C:\Users\husey\kiro2\frontend\[39mnode_modules\[4mreact-dom[24m\cjs\react-dom.development.js:15486:18[90m)[39m
    at updateFunctionComponent [90m(C:\Users\husey\kiro2\frontend\[39mnode_modules\[4mreact-dom[24m\cjs\react-dom.development.js:19617:20[90m)[39m
    at updateSimpleMemoComponent [90m(C:\Users\husey\kiro2\frontend\[39mnode_modules\[4mreact-dom[24m\cjs\react-dom.development.js:19454:10[90m)[39m
    at updateMemoComponent [90m(C:\Users\husey\kiro2\frontend\[39mnode_modules\[4mreact-dom[24m\cjs\react-dom.development.js:19303:14[90m)[39m
    at beginWork [90m(C:\Users\husey\kiro2\frontend\[39mnode_modules\[4mreact-dom[24m\cjs\react-dom.development.js:21712:16[90m)[39m
    at HTMLUnknownElement.callCallback [90m(C:\Users\husey\kiro2\frontend\[39mnode_modules\[4mreact-dom[24m\cjs\react-dom.development.js:4164:14[90m)[39m
    at HTMLUnknownElement.callTheUserObjectsOperation [90m(C:\Users\husey\kiro2\frontend\[39mnode_modules\[4mjsdom[24m\lib\jsdom\living\generated\EventListener.js:26:30[90m)[39m
    at innerInvokeEventListeners [90m(C:\Users\husey\kiro2\frontend\[39mnode_modules\[4mjsdom[24m\lib\jsdom\living\events\EventTarget-impl.js:350:25[90m)[39m

            </system-err>
            <failure message="Cannot read properties of undefined (reading &apos;student&apos;)" type="TypeError">
TypeError: Cannot read properties of undefined (reading &apos;student&apos;)
 ❯ useAuth src/components/Dashboard/__tests__/ModernDashboard.test.tsx:15:21
 ❯ src/components/Dashboard/ModernDashboard.tsx:185:20
 ❯ renderWithHooks node_modules/react-dom/cjs/react-dom.development.js:15486:18
 ❯ updateFunctionComponent node_modules/react-dom/cjs/react-dom.development.js:19617:20
 ❯ updateSimpleMemoComponent node_modules/react-dom/cjs/react-dom.development.js:19454:10
 ❯ updateMemoComponent node_modules/react-dom/cjs/react-dom.development.js:19303:14
 ❯ beginWork node_modules/react-dom/cjs/react-dom.development.js:21712:16
 ❯ beginWork$1 node_modules/react-dom/cjs/react-dom.development.js:27465:14
 ❯ performUnitOfWork node_modules/react-dom/cjs/react-dom.development.js:26599:12
 ❯ workLoopSync node_modules/react-dom/cjs/react-dom.development.js:26505:5
            </failure>
        </testcase>
        <testcase classname="src/components/Dashboard/__tests__/ModernDashboard.test.tsx" name="ModernDashboard &gt; Basic Rendering &gt; renders recent activity section" time="0.0172204">
            <system-err>
Error: Uncaught [TypeError: Cannot read properties of undefined (reading &apos;student&apos;)]
    at reportException (C:\Users\husey\kiro2\frontend\node_modules\jsdom\lib\jsdom\living\helpers\runtime-script-errors.js:66:24)
    at innerInvokeEventListeners (C:\Users\husey\kiro2\frontend\node_modules\jsdom\lib\jsdom\living\events\EventTarget-impl.js:353:9)
    at invokeEventListeners (C:\Users\husey\kiro2\frontend\node_modules\jsdom\lib\jsdom\living\events\EventTarget-impl.js:286:3)
    at HTMLUnknownElementImpl._dispatch (C:\Users\husey\kiro2\frontend\node_modules\jsdom\lib\jsdom\living\events\EventTarget-impl.js:233:9)
    at HTMLUnknownElementImpl.dispatchEvent (C:\Users\husey\kiro2\frontend\node_modules\jsdom\lib\jsdom\living\events\EventTarget-impl.js:104:17)
    at HTMLUnknownElement.dispatchEvent (C:\Users\husey\kiro2\frontend\node_modules\jsdom\lib\jsdom\living\generated\EventTarget.js:241:34)
    at Object.invokeGuardedCallbackDev (C:\Users\husey\kiro2\frontend\node_modules\react-dom\cjs\react-dom.development.js:4213:16)
    at invokeGuardedCallback (C:\Users\husey\kiro2\frontend\node_modules\react-dom\cjs\react-dom.development.js:4277:31)
    at beginWork$1 (C:\Users\husey\kiro2\frontend\node_modules\react-dom\cjs\react-dom.development.js:27490:7)
    at performUnitOfWork (C:\Users\husey\kiro2\frontend\node_modules\react-dom\cjs\react-dom.development.js:26599:12) TypeError: Cannot read properties of undefined (reading &apos;student&apos;)
    at useAuth [90m(C:\Users\husey\kiro2\frontend\[39msrc\components\Dashboard\__tests__\ModernDashboard.test.tsx:15:21[90m)[39m
    at [90mC:\Users\husey\kiro2\frontend\[39msrc\components\Dashboard\ModernDashboard.tsx:185:20
    at renderWithHooks [90m(C:\Users\husey\kiro2\frontend\[39mnode_modules\[4mreact-dom[24m\cjs\react-dom.development.js:15486:18[90m)[39m
    at updateFunctionComponent [90m(C:\Users\husey\kiro2\frontend\[39mnode_modules\[4mreact-dom[24m\cjs\react-dom.development.js:19617:20[90m)[39m
    at updateSimpleMemoComponent [90m(C:\Users\husey\kiro2\frontend\[39mnode_modules\[4mreact-dom[24m\cjs\react-dom.development.js:19454:10[90m)[39m
    at updateMemoComponent [90m(C:\Users\husey\kiro2\frontend\[39mnode_modules\[4mreact-dom[24m\cjs\react-dom.development.js:19303:14[90m)[39m
    at beginWork [90m(C:\Users\husey\kiro2\frontend\[39mnode_modules\[4mreact-dom[24m\cjs\react-dom.development.js:21712:16[90m)[39m
    at HTMLUnknownElement.callCallback [90m(C:\Users\husey\kiro2\frontend\[39mnode_modules\[4mreact-dom[24m\cjs\react-dom.development.js:4164:14[90m)[39m
    at HTMLUnknownElement.callTheUserObjectsOperation [90m(C:\Users\husey\kiro2\frontend\[39mnode_modules\[4mjsdom[24m\lib\jsdom\living\generated\EventListener.js:26:30[90m)[39m
    at innerInvokeEventListeners [90m(C:\Users\husey\kiro2\frontend\[39mnode_modules\[4mjsdom[24m\lib\jsdom\living\events\EventTarget-impl.js:350:25[90m)[39m
Error: Uncaught [TypeError: Cannot read properties of undefined (reading &apos;student&apos;)]
    at reportException (C:\Users\husey\kiro2\frontend\node_modules\jsdom\lib\jsdom\living\helpers\runtime-script-errors.js:66:24)
    at innerInvokeEventListeners (C:\Users\husey\kiro2\frontend\node_modules\jsdom\lib\jsdom\living\events\EventTarget-impl.js:353:9)
    at invokeEventListeners (C:\Users\husey\kiro2\frontend\node_modules\jsdom\lib\jsdom\living\events\EventTarget-impl.js:286:3)
    at HTMLUnknownElementImpl._dispatch (C:\Users\husey\kiro2\frontend\node_modules\jsdom\lib\jsdom\living\events\EventTarget-impl.js:233:9)
    at HTMLUnknownElementImpl.dispatchEvent (C:\Users\husey\kiro2\frontend\node_modules\jsdom\lib\jsdom\living\events\EventTarget-impl.js:104:17)
    at HTMLUnknownElement.dispatchEvent (C:\Users\husey\kiro2\frontend\node_modules\jsdom\lib\jsdom\living\generated\EventTarget.js:241:34)
    at Object.invokeGuardedCallbackDev (C:\Users\husey\kiro2\frontend\node_modules\react-dom\cjs\react-dom.development.js:4213:16)
    at invokeGuardedCallback (C:\Users\husey\kiro2\frontend\node_modules\react-dom\cjs\react-dom.development.js:4277:31)
    at beginWork$1 (C:\Users\husey\kiro2\frontend\node_modules\react-dom\cjs\react-dom.development.js:27490:7)
    at performUnitOfWork (C:\Users\husey\kiro2\frontend\node_modules\react-dom\cjs\react-dom.development.js:26599:12) TypeError: Cannot read properties of undefined (reading &apos;student&apos;)
    at useAuth [90m(C:\Users\husey\kiro2\frontend\[39msrc\components\Dashboard\__tests__\ModernDashboard.test.tsx:15:21[90m)[39m
    at [90mC:\Users\husey\kiro2\frontend\[39msrc\components\Dashboard\ModernDashboard.tsx:185:20
    at renderWithHooks [90m(C:\Users\husey\kiro2\frontend\[39mnode_modules\[4mreact-dom[24m\cjs\react-dom.development.js:15486:18[90m)[39m
    at updateFunctionComponent [90m(C:\Users\husey\kiro2\frontend\[39mnode_modules\[4mreact-dom[24m\cjs\react-dom.development.js:19617:20[90m)[39m
    at updateSimpleMemoComponent [90m(C:\Users\husey\kiro2\frontend\[39mnode_modules\[4mreact-dom[24m\cjs\react-dom.development.js:19454:10[90m)[39m
    at updateMemoComponent [90m(C:\Users\husey\kiro2\frontend\[39mnode_modules\[4mreact-dom[24m\cjs\react-dom.development.js:19303:14[90m)[39m
    at beginWork [90m(C:\Users\husey\kiro2\frontend\[39mnode_modules\[4mreact-dom[24m\cjs\react-dom.development.js:21712:16[90m)[39m
    at HTMLUnknownElement.callCallback [90m(C:\Users\husey\kiro2\frontend\[39mnode_modules\[4mreact-dom[24m\cjs\react-dom.development.js:4164:14[90m)[39m
    at HTMLUnknownElement.callTheUserObjectsOperation [90m(C:\Users\husey\kiro2\frontend\[39mnode_modules\[4mjsdom[24m\lib\jsdom\living\generated\EventListener.js:26:30[90m)[39m
    at innerInvokeEventListeners [90m(C:\Users\husey\kiro2\frontend\[39mnode_modules\[4mjsdom[24m\lib\jsdom\living\events\EventTarget-impl.js:350:25[90m)[39m

            </system-err>
            <failure message="Cannot read properties of undefined (reading &apos;student&apos;)" type="TypeError">
TypeError: Cannot read properties of undefined (reading &apos;student&apos;)
 ❯ useAuth src/components/Dashboard/__tests__/ModernDashboard.test.tsx:15:21
 ❯ src/components/Dashboard/ModernDashboard.tsx:185:20
 ❯ renderWithHooks node_modules/react-dom/cjs/react-dom.development.js:15486:18
 ❯ updateFunctionComponent node_modules/react-dom/cjs/react-dom.development.js:19617:20
 ❯ updateSimpleMemoComponent node_modules/react-dom/cjs/react-dom.development.js:19454:10
 ❯ updateMemoComponent node_modules/react-dom/cjs/react-dom.development.js:19303:14
 ❯ beginWork node_modules/react-dom/cjs/react-dom.development.js:21712:16
 ❯ beginWork$1 node_modules/react-dom/cjs/react-dom.development.js:27465:14
 ❯ performUnitOfWork node_modules/react-dom/cjs/react-dom.development.js:26599:12
 ❯ workLoopSync node_modules/react-dom/cjs/react-dom.development.js:26505:5
            </failure>
        </testcase>
        <testcase classname="src/components/Dashboard/__tests__/ModernDashboard.test.tsx" name="ModernDashboard &gt; Basic Rendering &gt; renders quick actions section" time="0.0203832">
            <system-err>
Error: Uncaught [TypeError: Cannot read properties of undefined (reading &apos;student&apos;)]
    at reportException (C:\Users\husey\kiro2\frontend\node_modules\jsdom\lib\jsdom\living\helpers\runtime-script-errors.js:66:24)
    at innerInvokeEventListeners (C:\Users\husey\kiro2\frontend\node_modules\jsdom\lib\jsdom\living\events\EventTarget-impl.js:353:9)
    at invokeEventListeners (C:\Users\husey\kiro2\frontend\node_modules\jsdom\lib\jsdom\living\events\EventTarget-impl.js:286:3)
    at HTMLUnknownElementImpl._dispatch (C:\Users\husey\kiro2\frontend\node_modules\jsdom\lib\jsdom\living\events\EventTarget-impl.js:233:9)
    at HTMLUnknownElementImpl.dispatchEvent (C:\Users\husey\kiro2\frontend\node_modules\jsdom\lib\jsdom\living\events\EventTarget-impl.js:104:17)
    at HTMLUnknownElement.dispatchEvent (C:\Users\husey\kiro2\frontend\node_modules\jsdom\lib\jsdom\living\generated\EventTarget.js:241:34)
    at Object.invokeGuardedCallbackDev (C:\Users\husey\kiro2\frontend\node_modules\react-dom\cjs\react-dom.development.js:4213:16)
    at invokeGuardedCallback (C:\Users\husey\kiro2\frontend\node_modules\react-dom\cjs\react-dom.development.js:4277:31)
    at beginWork$1 (C:\Users\husey\kiro2\frontend\node_modules\react-dom\cjs\react-dom.development.js:27490:7)
    at performUnitOfWork (C:\Users\husey\kiro2\frontend\node_modules\react-dom\cjs\react-dom.development.js:26599:12) TypeError: Cannot read properties of undefined (reading &apos;student&apos;)
    at useAuth [90m(C:\Users\husey\kiro2\frontend\[39msrc\components\Dashboard\__tests__\ModernDashboard.test.tsx:15:21[90m)[39m
    at [90mC:\Users\husey\kiro2\frontend\[39msrc\components\Dashboard\ModernDashboard.tsx:185:20
    at renderWithHooks [90m(C:\Users\husey\kiro2\frontend\[39mnode_modules\[4mreact-dom[24m\cjs\react-dom.development.js:15486:18[90m)[39m
    at updateFunctionComponent [90m(C:\Users\husey\kiro2\frontend\[39mnode_modules\[4mreact-dom[24m\cjs\react-dom.development.js:19617:20[90m)[39m
    at updateSimpleMemoComponent [90m(C:\Users\husey\kiro2\frontend\[39mnode_modules\[4mreact-dom[24m\cjs\react-dom.development.js:19454:10[90m)[39m
    at updateMemoComponent [90m(C:\Users\husey\kiro2\frontend\[39mnode_modules\[4mreact-dom[24m\cjs\react-dom.development.js:19303:14[90m)[39m
    at beginWork [90m(C:\Users\husey\kiro2\frontend\[39mnode_modules\[4mreact-dom[24m\cjs\react-dom.development.js:21712:16[90m)[39m
    at HTMLUnknownElement.callCallback [90m(C:\Users\husey\kiro2\frontend\[39mnode_modules\[4mreact-dom[24m\cjs\react-dom.development.js:4164:14[90m)[39m
    at HTMLUnknownElement.callTheUserObjectsOperation [90m(C:\Users\husey\kiro2\frontend\[39mnode_modules\[4mjsdom[24m\lib\jsdom\living\generated\EventListener.js:26:30[90m)[39m
    at innerInvokeEventListeners [90m(C:\Users\husey\kiro2\frontend\[39mnode_modules\[4mjsdom[24m\lib\jsdom\living\events\EventTarget-impl.js:350:25[90m)[39m
Error: Uncaught [TypeError: Cannot read properties of undefined (reading &apos;student&apos;)]
    at reportException (C:\Users\husey\kiro2\frontend\node_modules\jsdom\lib\jsdom\living\helpers\runtime-script-errors.js:66:24)
    at innerInvokeEventListeners (C:\Users\husey\kiro2\frontend\node_modules\jsdom\lib\jsdom\living\events\EventTarget-impl.js:353:9)
    at invokeEventListeners (C:\Users\husey\kiro2\frontend\node_modules\jsdom\lib\jsdom\living\events\EventTarget-impl.js:286:3)
    at HTMLUnknownElementImpl._dispatch (C:\Users\husey\kiro2\frontend\node_modules\jsdom\lib\jsdom\living\events\EventTarget-impl.js:233:9)
    at HTMLUnknownElementImpl.dispatchEvent (C:\Users\husey\kiro2\frontend\node_modules\jsdom\lib\jsdom\living\events\EventTarget-impl.js:104:17)
    at HTMLUnknownElement.dispatchEvent (C:\Users\husey\kiro2\frontend\node_modules\jsdom\lib\jsdom\living\generated\EventTarget.js:241:34)
    at Object.invokeGuardedCallbackDev (C:\Users\husey\kiro2\frontend\node_modules\react-dom\cjs\react-dom.development.js:4213:16)
    at invokeGuardedCallback (C:\Users\husey\kiro2\frontend\node_modules\react-dom\cjs\react-dom.development.js:4277:31)
    at beginWork$1 (C:\Users\husey\kiro2\frontend\node_modules\react-dom\cjs\react-dom.development.js:27490:7)
    at performUnitOfWork (C:\Users\husey\kiro2\frontend\node_modules\react-dom\cjs\react-dom.development.js:26599:12) TypeError: Cannot read properties of undefined (reading &apos;student&apos;)
    at useAuth [90m(C:\Users\husey\kiro2\frontend\[39msrc\components\Dashboard\__tests__\ModernDashboard.test.tsx:15:21[90m)[39m
    at [90mC:\Users\husey\kiro2\frontend\[39msrc\components\Dashboard\ModernDashboard.tsx:185:20
    at renderWithHooks [90m(C:\Users\husey\kiro2\frontend\[39mnode_modules\[4mreact-dom[24m\cjs\react-dom.development.js:15486:18[90m)[39m
    at updateFunctionComponent [90m(C:\Users\husey\kiro2\frontend\[39mnode_modules\[4mreact-dom[24m\cjs\react-dom.development.js:19617:20[90m)[39m
    at updateSimpleMemoComponent [90m(C:\Users\husey\kiro2\frontend\[39mnode_modules\[4mreact-dom[24m\cjs\react-dom.development.js:19454:10[90m)[39m
    at updateMemoComponent [90m(C:\Users\husey\kiro2\frontend\[39mnode_modules\[4mreact-dom[24m\cjs\react-dom.development.js:19303:14[90m)[39m
    at beginWork [90m(C:\Users\husey\kiro2\frontend\[39mnode_modules\[4mreact-dom[24m\cjs\react-dom.development.js:21712:16[90m)[39m
    at HTMLUnknownElement.callCallback [90m(C:\Users\husey\kiro2\frontend\[39mnode_modules\[4mreact-dom[24m\cjs\react-dom.development.js:4164:14[90m)[39m
    at HTMLUnknownElement.callTheUserObjectsOperation [90m(C:\Users\husey\kiro2\frontend\[39mnode_modules\[4mjsdom[24m\lib\jsdom\living\generated\EventListener.js:26:30[90m)[39m
    at innerInvokeEventListeners [90m(C:\Users\husey\kiro2\frontend\[39mnode_modules\[4mjsdom[24m\lib\jsdom\living\events\EventTarget-impl.js:350:25[90m)[39m

            </system-err>
            <failure message="Cannot read properties of undefined (reading &apos;student&apos;)" type="TypeError">
TypeError: Cannot read properties of undefined (reading &apos;student&apos;)
 ❯ useAuth src/components/Dashboard/__tests__/ModernDashboard.test.tsx:15:21
 ❯ src/components/Dashboard/ModernDashboard.tsx:185:20
 ❯ renderWithHooks node_modules/react-dom/cjs/react-dom.development.js:15486:18
 ❯ updateFunctionComponent node_modules/react-dom/cjs/react-dom.development.js:19617:20
 ❯ updateSimpleMemoComponent node_modules/react-dom/cjs/react-dom.development.js:19454:10
 ❯ updateMemoComponent node_modules/react-dom/cjs/react-dom.development.js:19303:14
 ❯ beginWork node_modules/react-dom/cjs/react-dom.development.js:21712:16
 ❯ beginWork$1 node_modules/react-dom/cjs/react-dom.development.js:27465:14
 ❯ performUnitOfWork node_modules/react-dom/cjs/react-dom.development.js:26599:12
 ❯ workLoopSync node_modules/react-dom/cjs/react-dom.development.js:26505:5
            </failure>
        </testcase>
        <testcase classname="src/components/Dashboard/__tests__/ModernDashboard.test.tsx" name="ModernDashboard &gt; Basic Rendering &gt; renders performance chart placeholder" time="0.0196295">
            <system-err>
Error: Uncaught [TypeError: Cannot read properties of undefined (reading &apos;student&apos;)]
    at reportException (C:\Users\husey\kiro2\frontend\node_modules\jsdom\lib\jsdom\living\helpers\runtime-script-errors.js:66:24)
    at innerInvokeEventListeners (C:\Users\husey\kiro2\frontend\node_modules\jsdom\lib\jsdom\living\events\EventTarget-impl.js:353:9)
    at invokeEventListeners (C:\Users\husey\kiro2\frontend\node_modules\jsdom\lib\jsdom\living\events\EventTarget-impl.js:286:3)
    at HTMLUnknownElementImpl._dispatch (C:\Users\husey\kiro2\frontend\node_modules\jsdom\lib\jsdom\living\events\EventTarget-impl.js:233:9)
    at HTMLUnknownElementImpl.dispatchEvent (C:\Users\husey\kiro2\frontend\node_modules\jsdom\lib\jsdom\living\events\EventTarget-impl.js:104:17)
    at HTMLUnknownElement.dispatchEvent (C:\Users\husey\kiro2\frontend\node_modules\jsdom\lib\jsdom\living\generated\EventTarget.js:241:34)
    at Object.invokeGuardedCallbackDev (C:\Users\husey\kiro2\frontend\node_modules\react-dom\cjs\react-dom.development.js:4213:16)
    at invokeGuardedCallback (C:\Users\husey\kiro2\frontend\node_modules\react-dom\cjs\react-dom.development.js:4277:31)
    at beginWork$1 (C:\Users\husey\kiro2\frontend\node_modules\react-dom\cjs\react-dom.development.js:27490:7)
    at performUnitOfWork (C:\Users\husey\kiro2\frontend\node_modules\react-dom\cjs\react-dom.development.js:26599:12) TypeError: Cannot read properties of undefined (reading &apos;student&apos;)
    at useAuth [90m(C:\Users\husey\kiro2\frontend\[39msrc\components\Dashboard\__tests__\ModernDashboard.test.tsx:15:21[90m)[39m
    at [90mC:\Users\husey\kiro2\frontend\[39msrc\components\Dashboard\ModernDashboard.tsx:185:20
    at renderWithHooks [90m(C:\Users\husey\kiro2\frontend\[39mnode_modules\[4mreact-dom[24m\cjs\react-dom.development.js:15486:18[90m)[39m
    at updateFunctionComponent [90m(C:\Users\husey\kiro2\frontend\[39mnode_modules\[4mreact-dom[24m\cjs\react-dom.development.js:19617:20[90m)[39m
    at updateSimpleMemoComponent [90m(C:\Users\husey\kiro2\frontend\[39mnode_modules\[4mreact-dom[24m\cjs\react-dom.development.js:19454:10[90m)[39m
    at updateMemoComponent [90m(C:\Users\husey\kiro2\frontend\[39mnode_modules\[4mreact-dom[24m\cjs\react-dom.development.js:19303:14[90m)[39m
    at beginWork [90m(C:\Users\husey\kiro2\frontend\[39mnode_modules\[4mreact-dom[24m\cjs\react-dom.development.js:21712:16[90m)[39m
    at HTMLUnknownElement.callCallback [90m(C:\Users\husey\kiro2\frontend\[39mnode_modules\[4mreact-dom[24m\cjs\react-dom.development.js:4164:14[90m)[39m
    at HTMLUnknownElement.callTheUserObjectsOperation [90m(C:\Users\husey\kiro2\frontend\[39mnode_modules\[4mjsdom[24m\lib\jsdom\living\generated\EventListener.js:26:30[90m)[39m
    at innerInvokeEventListeners [90m(C:\Users\husey\kiro2\frontend\[39mnode_modules\[4mjsdom[24m\lib\jsdom\living\events\EventTarget-impl.js:350:25[90m)[39m
Error: Uncaught [TypeError: Cannot read properties of undefined (reading &apos;student&apos;)]
    at reportException (C:\Users\husey\kiro2\frontend\node_modules\jsdom\lib\jsdom\living\helpers\runtime-script-errors.js:66:24)
    at innerInvokeEventListeners (C:\Users\husey\kiro2\frontend\node_modules\jsdom\lib\jsdom\living\events\EventTarget-impl.js:353:9)
    at invokeEventListeners (C:\Users\husey\kiro2\frontend\node_modules\jsdom\lib\jsdom\living\events\EventTarget-impl.js:286:3)
    at HTMLUnknownElementImpl._dispatch (C:\Users\husey\kiro2\frontend\node_modules\jsdom\lib\jsdom\living\events\EventTarget-impl.js:233:9)
    at HTMLUnknownElementImpl.dispatchEvent (C:\Users\husey\kiro2\frontend\node_modules\jsdom\lib\jsdom\living\events\EventTarget-impl.js:104:17)
    at HTMLUnknownElement.dispatchEvent (C:\Users\husey\kiro2\frontend\node_modules\jsdom\lib\jsdom\living\generated\EventTarget.js:241:34)
    at Object.invokeGuardedCallbackDev (C:\Users\husey\kiro2\frontend\node_modules\react-dom\cjs\react-dom.development.js:4213:16)
    at invokeGuardedCallback (C:\Users\husey\kiro2\frontend\node_modules\react-dom\cjs\react-dom.development.js:4277:31)
    at beginWork$1 (C:\Users\husey\kiro2\frontend\node_modules\react-dom\cjs\react-dom.development.js:27490:7)
    at performUnitOfWork (C:\Users\husey\kiro2\frontend\node_modules\react-dom\cjs\react-dom.development.js:26599:12) TypeError: Cannot read properties of undefined (reading &apos;student&apos;)
    at useAuth [90m(C:\Users\husey\kiro2\frontend\[39msrc\components\Dashboard\__tests__\ModernDashboard.test.tsx:15:21[90m)[39m
    at [90mC:\Users\husey\kiro2\frontend\[39msrc\components\Dashboard\ModernDashboard.tsx:185:20
    at renderWithHooks [90m(C:\Users\husey\kiro2\frontend\[39mnode_modules\[4mreact-dom[24m\cjs\react-dom.development.js:15486:18[90m)[39m
    at updateFunctionComponent [90m(C:\Users\husey\kiro2\frontend\[39mnode_modules\[4mreact-dom[24m\cjs\react-dom.development.js:19617:20[90m)[39m
    at updateSimpleMemoComponent [90m(C:\Users\husey\kiro2\frontend\[39mnode_modules\[4mreact-dom[24m\cjs\react-dom.development.js:19454:10[90m)[39m
    at updateMemoComponent [90m(C:\Users\husey\kiro2\frontend\[39mnode_modules\[4mreact-dom[24m\cjs\react-dom.development.js:19303:14[90m)[39m
    at beginWork [90m(C:\Users\husey\kiro2\frontend\[39mnode_modules\[4mreact-dom[24m\cjs\react-dom.development.js:21712:16[90m)[39m
    at HTMLUnknownElement.callCallback [90m(C:\Users\husey\kiro2\frontend\[39mnode_modules\[4mreact-dom[24m\cjs\react-dom.development.js:4164:14[90m)[39m
    at HTMLUnknownElement.callTheUserObjectsOperation [90m(C:\Users\husey\kiro2\frontend\[39mnode_modules\[4mjsdom[24m\lib\jsdom\living\generated\EventListener.js:26:30[90m)[39m
    at innerInvokeEventListeners [90m(C:\Users\husey\kiro2\frontend\[39mnode_modules\[4mjsdom[24m\lib\jsdom\living\events\EventTarget-impl.js:350:25[90m)[39m

            </system-err>
            <failure message="Cannot read properties of undefined (reading &apos;student&apos;)" type="TypeError">
TypeError: Cannot read properties of undefined (reading &apos;student&apos;)
 ❯ useAuth src/components/Dashboard/__tests__/ModernDashboard.test.tsx:15:21
 ❯ src/components/Dashboard/ModernDashboard.tsx:185:20
 ❯ renderWithHooks node_modules/react-dom/cjs/react-dom.development.js:15486:18
 ❯ updateFunctionComponent node_modules/react-dom/cjs/react-dom.development.js:19617:20
 ❯ updateSimpleMemoComponent node_modules/react-dom/cjs/react-dom.development.js:19454:10
 ❯ updateMemoComponent node_modules/react-dom/cjs/react-dom.development.js:19303:14
 ❯ beginWork node_modules/react-dom/cjs/react-dom.development.js:21712:16
 ❯ beginWork$1 node_modules/react-dom/cjs/react-dom.development.js:27465:14
 ❯ performUnitOfWork node_modules/react-dom/cjs/react-dom.development.js:26599:12
 ❯ workLoopSync node_modules/react-dom/cjs/react-dom.development.js:26505:5
            </failure>
        </testcase>
        <testcase classname="src/components/Dashboard/__tests__/ModernDashboard.test.tsx" name="ModernDashboard &gt; Loading State &gt; shows loading skeletons when loading" time="0.0187342">
            <system-err>
Error: Uncaught [TypeError: Cannot read properties of undefined (reading &apos;student&apos;)]
    at reportException (C:\Users\husey\kiro2\frontend\node_modules\jsdom\lib\jsdom\living\helpers\runtime-script-errors.js:66:24)
    at innerInvokeEventListeners (C:\Users\husey\kiro2\frontend\node_modules\jsdom\lib\jsdom\living\events\EventTarget-impl.js:353:9)
    at invokeEventListeners (C:\Users\husey\kiro2\frontend\node_modules\jsdom\lib\jsdom\living\events\EventTarget-impl.js:286:3)
    at HTMLUnknownElementImpl._dispatch (C:\Users\husey\kiro2\frontend\node_modules\jsdom\lib\jsdom\living\events\EventTarget-impl.js:233:9)
    at HTMLUnknownElementImpl.dispatchEvent (C:\Users\husey\kiro2\frontend\node_modules\jsdom\lib\jsdom\living\events\EventTarget-impl.js:104:17)
    at HTMLUnknownElement.dispatchEvent (C:\Users\husey\kiro2\frontend\node_modules\jsdom\lib\jsdom\living\generated\EventTarget.js:241:34)
    at Object.invokeGuardedCallbackDev (C:\Users\husey\kiro2\frontend\node_modules\react-dom\cjs\react-dom.development.js:4213:16)
    at invokeGuardedCallback (C:\Users\husey\kiro2\frontend\node_modules\react-dom\cjs\react-dom.development.js:4277:31)
    at beginWork$1 (C:\Users\husey\kiro2\frontend\node_modules\react-dom\cjs\react-dom.development.js:27490:7)
    at performUnitOfWork (C:\Users\husey\kiro2\frontend\node_modules\react-dom\cjs\react-dom.development.js:26599:12) TypeError: Cannot read properties of undefined (reading &apos;student&apos;)
    at useAuth [90m(C:\Users\husey\kiro2\frontend\[39msrc\components\Dashboard\__tests__\ModernDashboard.test.tsx:15:21[90m)[39m
    at [90mC:\Users\husey\kiro2\frontend\[39msrc\components\Dashboard\ModernDashboard.tsx:185:20
    at renderWithHooks [90m(C:\Users\husey\kiro2\frontend\[39mnode_modules\[4mreact-dom[24m\cjs\react-dom.development.js:15486:18[90m)[39m
    at updateFunctionComponent [90m(C:\Users\husey\kiro2\frontend\[39mnode_modules\[4mreact-dom[24m\cjs\react-dom.development.js:19617:20[90m)[39m
    at updateSimpleMemoComponent [90m(C:\Users\husey\kiro2\frontend\[39mnode_modules\[4mreact-dom[24m\cjs\react-dom.development.js:19454:10[90m)[39m
    at updateMemoComponent [90m(C:\Users\husey\kiro2\frontend\[39mnode_modules\[4mreact-dom[24m\cjs\react-dom.development.js:19303:14[90m)[39m
    at beginWork [90m(C:\Users\husey\kiro2\frontend\[39mnode_modules\[4mreact-dom[24m\cjs\react-dom.development.js:21712:16[90m)[39m
    at HTMLUnknownElement.callCallback [90m(C:\Users\husey\kiro2\frontend\[39mnode_modules\[4mreact-dom[24m\cjs\react-dom.development.js:4164:14[90m)[39m
    at HTMLUnknownElement.callTheUserObjectsOperation [90m(C:\Users\husey\kiro2\frontend\[39mnode_modules\[4mjsdom[24m\lib\jsdom\living\generated\EventListener.js:26:30[90m)[39m
    at innerInvokeEventListeners [90m(C:\Users\husey\kiro2\frontend\[39mnode_modules\[4mjsdom[24m\lib\jsdom\living\events\EventTarget-impl.js:350:25[90m)[39m
Error: Uncaught [TypeError: Cannot read properties of undefined (reading &apos;student&apos;)]
    at reportException (C:\Users\husey\kiro2\frontend\node_modules\jsdom\lib\jsdom\living\helpers\runtime-script-errors.js:66:24)
    at innerInvokeEventListeners (C:\Users\husey\kiro2\frontend\node_modules\jsdom\lib\jsdom\living\events\EventTarget-impl.js:353:9)
    at invokeEventListeners (C:\Users\husey\kiro2\frontend\node_modules\jsdom\lib\jsdom\living\events\EventTarget-impl.js:286:3)
    at HTMLUnknownElementImpl._dispatch (C:\Users\husey\kiro2\frontend\node_modules\jsdom\lib\jsdom\living\events\EventTarget-impl.js:233:9)
    at HTMLUnknownElementImpl.dispatchEvent (C:\Users\husey\kiro2\frontend\node_modules\jsdom\lib\jsdom\living\events\EventTarget-impl.js:104:17)
    at HTMLUnknownElement.dispatchEvent (C:\Users\husey\kiro2\frontend\node_modules\jsdom\lib\jsdom\living\generated\EventTarget.js:241:34)
    at Object.invokeGuardedCallbackDev (C:\Users\husey\kiro2\frontend\node_modules\react-dom\cjs\react-dom.development.js:4213:16)
    at invokeGuardedCallback (C:\Users\husey\kiro2\frontend\node_modules\react-dom\cjs\react-dom.development.js:4277:31)
    at beginWork$1 (C:\Users\husey\kiro2\frontend\node_modules\react-dom\cjs\react-dom.development.js:27490:7)
    at performUnitOfWork (C:\Users\husey\kiro2\frontend\node_modules\react-dom\cjs\react-dom.development.js:26599:12) TypeError: Cannot read properties of undefined (reading &apos;student&apos;)
    at useAuth [90m(C:\Users\husey\kiro2\frontend\[39msrc\components\Dashboard\__tests__\ModernDashboard.test.tsx:15:21[90m)[39m
    at [90mC:\Users\husey\kiro2\frontend\[39msrc\components\Dashboard\ModernDashboard.tsx:185:20
    at renderWithHooks [90m(C:\Users\husey\kiro2\frontend\[39mnode_modules\[4mreact-dom[24m\cjs\react-dom.development.js:15486:18[90m)[39m
    at updateFunctionComponent [90m(C:\Users\husey\kiro2\frontend\[39mnode_modules\[4mreact-dom[24m\cjs\react-dom.development.js:19617:20[90m)[39m
    at updateSimpleMemoComponent [90m(C:\Users\husey\kiro2\frontend\[39mnode_modules\[4mreact-dom[24m\cjs\react-dom.development.js:19454:10[90m)[39m
    at updateMemoComponent [90m(C:\Users\husey\kiro2\frontend\[39mnode_modules\[4mreact-dom[24m\cjs\react-dom.development.js:19303:14[90m)[39m
    at beginWork [90m(C:\Users\husey\kiro2\frontend\[39mnode_modules\[4mreact-dom[24m\cjs\react-dom.development.js:21712:16[90m)[39m
    at HTMLUnknownElement.callCallback [90m(C:\Users\husey\kiro2\frontend\[39mnode_modules\[4mreact-dom[24m\cjs\react-dom.development.js:4164:14[90m)[39m
    at HTMLUnknownElement.callTheUserObjectsOperation [90m(C:\Users\husey\kiro2\frontend\[39mnode_modules\[4mjsdom[24m\lib\jsdom\living\generated\EventListener.js:26:30[90m)[39m
    at innerInvokeEventListeners [90m(C:\Users\husey\kiro2\frontend\[39mnode_modules\[4mjsdom[24m\lib\jsdom\living\events\EventTarget-impl.js:350:25[90m)[39m

            </system-err>
            <failure message="Cannot read properties of undefined (reading &apos;student&apos;)" type="TypeError">
TypeError: Cannot read properties of undefined (reading &apos;student&apos;)
 ❯ useAuth src/components/Dashboard/__tests__/ModernDashboard.test.tsx:15:21
 ❯ src/components/Dashboard/ModernDashboard.tsx:185:20
 ❯ renderWithHooks node_modules/react-dom/cjs/react-dom.development.js:15486:18
 ❯ updateFunctionComponent node_modules/react-dom/cjs/react-dom.development.js:19617:20
 ❯ updateSimpleMemoComponent node_modules/react-dom/cjs/react-dom.development.js:19454:10
 ❯ updateMemoComponent node_modules/react-dom/cjs/react-dom.development.js:19303:14
 ❯ beginWork node_modules/react-dom/cjs/react-dom.development.js:21712:16
 ❯ beginWork$1 node_modules/react-dom/cjs/react-dom.development.js:27465:14
 ❯ performUnitOfWork node_modules/react-dom/cjs/react-dom.development.js:26599:12
 ❯ workLoopSync node_modules/react-dom/cjs/react-dom.development.js:26505:5
            </failure>
        </testcase>
        <testcase classname="src/components/Dashboard/__tests__/ModernDashboard.test.tsx" name="ModernDashboard &gt; Loading State &gt; shows content when not loading" time="0.0169088">
            <system-err>
Error: Uncaught [TypeError: Cannot read properties of undefined (reading &apos;student&apos;)]
    at reportException (C:\Users\husey\kiro2\frontend\node_modules\jsdom\lib\jsdom\living\helpers\runtime-script-errors.js:66:24)
    at innerInvokeEventListeners (C:\Users\husey\kiro2\frontend\node_modules\jsdom\lib\jsdom\living\events\EventTarget-impl.js:353:9)
    at invokeEventListeners (C:\Users\husey\kiro2\frontend\node_modules\jsdom\lib\jsdom\living\events\EventTarget-impl.js:286:3)
    at HTMLUnknownElementImpl._dispatch (C:\Users\husey\kiro2\frontend\node_modules\jsdom\lib\jsdom\living\events\EventTarget-impl.js:233:9)
    at HTMLUnknownElementImpl.dispatchEvent (C:\Users\husey\kiro2\frontend\node_modules\jsdom\lib\jsdom\living\events\EventTarget-impl.js:104:17)
    at HTMLUnknownElement.dispatchEvent (C:\Users\husey\kiro2\frontend\node_modules\jsdom\lib\jsdom\living\generated\EventTarget.js:241:34)
    at Object.invokeGuardedCallbackDev (C:\Users\husey\kiro2\frontend\node_modules\react-dom\cjs\react-dom.development.js:4213:16)
    at invokeGuardedCallback (C:\Users\husey\kiro2\frontend\node_modules\react-dom\cjs\react-dom.development.js:4277:31)
    at beginWork$1 (C:\Users\husey\kiro2\frontend\node_modules\react-dom\cjs\react-dom.development.js:27490:7)
    at performUnitOfWork (C:\Users\husey\kiro2\frontend\node_modules\react-dom\cjs\react-dom.development.js:26599:12) TypeError: Cannot read properties of undefined (reading &apos;student&apos;)
    at useAuth [90m(C:\Users\husey\kiro2\frontend\[39msrc\components\Dashboard\__tests__\ModernDashboard.test.tsx:15:21[90m)[39m
    at [90mC:\Users\husey\kiro2\frontend\[39msrc\components\Dashboard\ModernDashboard.tsx:185:20
    at renderWithHooks [90m(C:\Users\husey\kiro2\frontend\[39mnode_modules\[4mreact-dom[24m\cjs\react-dom.development.js:15486:18[90m)[39m
    at updateFunctionComponent [90m(C:\Users\husey\kiro2\frontend\[39mnode_modules\[4mreact-dom[24m\cjs\react-dom.development.js:19617:20[90m)[39m
    at updateSimpleMemoComponent [90m(C:\Users\husey\kiro2\frontend\[39mnode_modules\[4mreact-dom[24m\cjs\react-dom.development.js:19454:10[90m)[39m
    at updateMemoComponent [90m(C:\Users\husey\kiro2\frontend\[39mnode_modules\[4mreact-dom[24m\cjs\react-dom.development.js:19303:14[90m)[39m
    at beginWork [90m(C:\Users\husey\kiro2\frontend\[39mnode_modules\[4mreact-dom[24m\cjs\react-dom.development.js:21712:16[90m)[39m
    at HTMLUnknownElement.callCallback [90m(C:\Users\husey\kiro2\frontend\[39mnode_modules\[4mreact-dom[24m\cjs\react-dom.development.js:4164:14[90m)[39m
    at HTMLUnknownElement.callTheUserObjectsOperation [90m(C:\Users\husey\kiro2\frontend\[39mnode_modules\[4mjsdom[24m\lib\jsdom\living\generated\EventListener.js:26:30[90m)[39m
    at innerInvokeEventListeners [90m(C:\Users\husey\kiro2\frontend\[39mnode_modules\[4mjsdom[24m\lib\jsdom\living\events\EventTarget-impl.js:350:25[90m)[39m
Error: Uncaught [TypeError: Cannot read properties of undefined (reading &apos;student&apos;)]
    at reportException (C:\Users\husey\kiro2\frontend\node_modules\jsdom\lib\jsdom\living\helpers\runtime-script-errors.js:66:24)
    at innerInvokeEventListeners (C:\Users\husey\kiro2\frontend\node_modules\jsdom\lib\jsdom\living\events\EventTarget-impl.js:353:9)
    at invokeEventListeners (C:\Users\husey\kiro2\frontend\node_modules\jsdom\lib\jsdom\living\events\EventTarget-impl.js:286:3)
    at HTMLUnknownElementImpl._dispatch (C:\Users\husey\kiro2\frontend\node_modules\jsdom\lib\jsdom\living\events\EventTarget-impl.js:233:9)
    at HTMLUnknownElementImpl.dispatchEvent (C:\Users\husey\kiro2\frontend\node_modules\jsdom\lib\jsdom\living\events\EventTarget-impl.js:104:17)
    at HTMLUnknownElement.dispatchEvent (C:\Users\husey\kiro2\frontend\node_modules\jsdom\lib\jsdom\living\generated\EventTarget.js:241:34)
    at Object.invokeGuardedCallbackDev (C:\Users\husey\kiro2\frontend\node_modules\react-dom\cjs\react-dom.development.js:4213:16)
    at invokeGuardedCallback (C:\Users\husey\kiro2\frontend\node_modules\react-dom\cjs\react-dom.development.js:4277:31)
    at beginWork$1 (C:\Users\husey\kiro2\frontend\node_modules\react-dom\cjs\react-dom.development.js:27490:7)
    at performUnitOfWork (C:\Users\husey\kiro2\frontend\node_modules\react-dom\cjs\react-dom.development.js:26599:12) TypeError: Cannot read properties of undefined (reading &apos;student&apos;)
    at useAuth [90m(C:\Users\husey\kiro2\frontend\[39msrc\components\Dashboard\__tests__\ModernDashboard.test.tsx:15:21[90m)[39m
    at [90mC:\Users\husey\kiro2\frontend\[39msrc\components\Dashboard\ModernDashboard.tsx:185:20
    at renderWithHooks [90m(C:\Users\husey\kiro2\frontend\[39mnode_modules\[4mreact-dom[24m\cjs\react-dom.development.js:15486:18[90m)[39m
    at updateFunctionComponent [90m(C:\Users\husey\kiro2\frontend\[39mnode_modules\[4mreact-dom[24m\cjs\react-dom.development.js:19617:20[90m)[39m
    at updateSimpleMemoComponent [90m(C:\Users\husey\kiro2\frontend\[39mnode_modules\[4mreact-dom[24m\cjs\react-dom.development.js:19454:10[90m)[39m
    at updateMemoComponent [90m(C:\Users\husey\kiro2\frontend\[39mnode_modules\[4mreact-dom[24m\cjs\react-dom.development.js:19303:14[90m)[39m
    at beginWork [90m(C:\Users\husey\kiro2\frontend\[39mnode_modules\[4mreact-dom[24m\cjs\react-dom.development.js:21712:16[90m)[39m
    at HTMLUnknownElement.callCallback [90m(C:\Users\husey\kiro2\frontend\[39mnode_modules\[4mreact-dom[24m\cjs\react-dom.development.js:4164:14[90m)[39m
    at HTMLUnknownElement.callTheUserObjectsOperation [90m(C:\Users\husey\kiro2\frontend\[39mnode_modules\[4mjsdom[24m\lib\jsdom\living\generated\EventListener.js:26:30[90m)[39m
    at innerInvokeEventListeners [90m(C:\Users\husey\kiro2\frontend\[39mnode_modules\[4mjsdom[24m\lib\jsdom\living\events\EventTarget-impl.js:350:25[90m)[39m

            </system-err>
            <failure message="Cannot read properties of undefined (reading &apos;student&apos;)" type="TypeError">
TypeError: Cannot read properties of undefined (reading &apos;student&apos;)
 ❯ useAuth src/components/Dashboard/__tests__/ModernDashboard.test.tsx:15:21
 ❯ src/components/Dashboard/ModernDashboard.tsx:185:20
 ❯ renderWithHooks node_modules/react-dom/cjs/react-dom.development.js:15486:18
 ❯ updateFunctionComponent node_modules/react-dom/cjs/react-dom.development.js:19617:20
 ❯ updateSimpleMemoComponent node_modules/react-dom/cjs/react-dom.development.js:19454:10
 ❯ updateMemoComponent node_modules/react-dom/cjs/react-dom.development.js:19303:14
 ❯ beginWork node_modules/react-dom/cjs/react-dom.development.js:21712:16
 ❯ beginWork$1 node_modules/react-dom/cjs/react-dom.development.js:27465:14
 ❯ performUnitOfWork node_modules/react-dom/cjs/react-dom.development.js:26599:12
 ❯ workLoopSync node_modules/react-dom/cjs/react-dom.development.js:26505:5
            </failure>
        </testcase>
        <testcase classname="src/components/Dashboard/__tests__/ModernDashboard.test.tsx" name="ModernDashboard &gt; Default Stats &gt; uses default stats when none provided" time="0.020327">
            <system-err>
Error: Uncaught [TypeError: Cannot read properties of undefined (reading &apos;student&apos;)]
    at reportException (C:\Users\husey\kiro2\frontend\node_modules\jsdom\lib\jsdom\living\helpers\runtime-script-errors.js:66:24)
    at innerInvokeEventListeners (C:\Users\husey\kiro2\frontend\node_modules\jsdom\lib\jsdom\living\events\EventTarget-impl.js:353:9)
    at invokeEventListeners (C:\Users\husey\kiro2\frontend\node_modules\jsdom\lib\jsdom\living\events\EventTarget-impl.js:286:3)
    at HTMLUnknownElementImpl._dispatch (C:\Users\husey\kiro2\frontend\node_modules\jsdom\lib\jsdom\living\events\EventTarget-impl.js:233:9)
    at HTMLUnknownElementImpl.dispatchEvent (C:\Users\husey\kiro2\frontend\node_modules\jsdom\lib\jsdom\living\events\EventTarget-impl.js:104:17)
    at HTMLUnknownElement.dispatchEvent (C:\Users\husey\kiro2\frontend\node_modules\jsdom\lib\jsdom\living\generated\EventTarget.js:241:34)
    at Object.invokeGuardedCallbackDev (C:\Users\husey\kiro2\frontend\node_modules\react-dom\cjs\react-dom.development.js:4213:16)
    at invokeGuardedCallback (C:\Users\husey\kiro2\frontend\node_modules\react-dom\cjs\react-dom.development.js:4277:31)
    at beginWork$1 (C:\Users\husey\kiro2\frontend\node_modules\react-dom\cjs\react-dom.development.js:27490:7)
    at performUnitOfWork (C:\Users\husey\kiro2\frontend\node_modules\react-dom\cjs\react-dom.development.js:26599:12) TypeError: Cannot read properties of undefined (reading &apos;student&apos;)
    at useAuth [90m(C:\Users\husey\kiro2\frontend\[39msrc\components\Dashboard\__tests__\ModernDashboard.test.tsx:15:21[90m)[39m
    at [90mC:\Users\husey\kiro2\frontend\[39msrc\components\Dashboard\ModernDashboard.tsx:185:20
    at renderWithHooks [90m(C:\Users\husey\kiro2\frontend\[39mnode_modules\[4mreact-dom[24m\cjs\react-dom.development.js:15486:18[90m)[39m
    at updateFunctionComponent [90m(C:\Users\husey\kiro2\frontend\[39mnode_modules\[4mreact-dom[24m\cjs\react-dom.development.js:19617:20[90m)[39m
    at updateSimpleMemoComponent [90m(C:\Users\husey\kiro2\frontend\[39mnode_modules\[4mreact-dom[24m\cjs\react-dom.development.js:19454:10[90m)[39m
    at updateMemoComponent [90m(C:\Users\husey\kiro2\frontend\[39mnode_modules\[4mreact-dom[24m\cjs\react-dom.development.js:19303:14[90m)[39m
    at beginWork [90m(C:\Users\husey\kiro2\frontend\[39mnode_modules\[4mreact-dom[24m\cjs\react-dom.development.js:21712:16[90m)[39m
    at HTMLUnknownElement.callCallback [90m(C:\Users\husey\kiro2\frontend\[39mnode_modules\[4mreact-dom[24m\cjs\react-dom.development.js:4164:14[90m)[39m
    at HTMLUnknownElement.callTheUserObjectsOperation [90m(C:\Users\husey\kiro2\frontend\[39mnode_modules\[4mjsdom[24m\lib\jsdom\living\generated\EventListener.js:26:30[90m)[39m
    at innerInvokeEventListeners [90m(C:\Users\husey\kiro2\frontend\[39mnode_modules\[4mjsdom[24m\lib\jsdom\living\events\EventTarget-impl.js:350:25[90m)[39m
Error: Uncaught [TypeError: Cannot read properties of undefined (reading &apos;student&apos;)]
    at reportException (C:\Users\husey\kiro2\frontend\node_modules\jsdom\lib\jsdom\living\helpers\runtime-script-errors.js:66:24)
    at innerInvokeEventListeners (C:\Users\husey\kiro2\frontend\node_modules\jsdom\lib\jsdom\living\events\EventTarget-impl.js:353:9)
    at invokeEventListeners (C:\Users\husey\kiro2\frontend\node_modules\jsdom\lib\jsdom\living\events\EventTarget-impl.js:286:3)
    at HTMLUnknownElementImpl._dispatch (C:\Users\husey\kiro2\frontend\node_modules\jsdom\lib\jsdom\living\events\EventTarget-impl.js:233:9)
    at HTMLUnknownElementImpl.dispatchEvent (C:\Users\husey\kiro2\frontend\node_modules\jsdom\lib\jsdom\living\events\EventTarget-impl.js:104:17)
    at HTMLUnknownElement.dispatchEvent (C:\Users\husey\kiro2\frontend\node_modules\jsdom\lib\jsdom\living\generated\EventTarget.js:241:34)
    at Object.invokeGuardedCallbackDev (C:\Users\husey\kiro2\frontend\node_modules\react-dom\cjs\react-dom.development.js:4213:16)
    at invokeGuardedCallback (C:\Users\husey\kiro2\frontend\node_modules\react-dom\cjs\react-dom.development.js:4277:31)
    at beginWork$1 (C:\Users\husey\kiro2\frontend\node_modules\react-dom\cjs\react-dom.development.js:27490:7)
    at performUnitOfWork (C:\Users\husey\kiro2\frontend\node_modules\react-dom\cjs\react-dom.development.js:26599:12) TypeError: Cannot read properties of undefined (reading &apos;student&apos;)
    at useAuth [90m(C:\Users\husey\kiro2\frontend\[39msrc\components\Dashboard\__tests__\ModernDashboard.test.tsx:15:21[90m)[39m
    at [90mC:\Users\husey\kiro2\frontend\[39msrc\components\Dashboard\ModernDashboard.tsx:185:20
    at renderWithHooks [90m(C:\Users\husey\kiro2\frontend\[39mnode_modules\[4mreact-dom[24m\cjs\react-dom.development.js:15486:18[90m)[39m
    at updateFunctionComponent [90m(C:\Users\husey\kiro2\frontend\[39mnode_modules\[4mreact-dom[24m\cjs\react-dom.development.js:19617:20[90m)[39m
    at updateSimpleMemoComponent [90m(C:\Users\husey\kiro2\frontend\[39mnode_modules\[4mreact-dom[24m\cjs\react-dom.development.js:19454:10[90m)[39m
    at updateMemoComponent [90m(C:\Users\husey\kiro2\frontend\[39mnode_modules\[4mreact-dom[24m\cjs\react-dom.development.js:19303:14[90m)[39m
    at beginWork [90m(C:\Users\husey\kiro2\frontend\[39mnode_modules\[4mreact-dom[24m\cjs\react-dom.development.js:21712:16[90m)[39m
    at HTMLUnknownElement.callCallback [90m(C:\Users\husey\kiro2\frontend\[39mnode_modules\[4mreact-dom[24m\cjs\react-dom.development.js:4164:14[90m)[39m
    at HTMLUnknownElement.callTheUserObjectsOperation [90m(C:\Users\husey\kiro2\frontend\[39mnode_modules\[4mjsdom[24m\lib\jsdom\living\generated\EventListener.js:26:30[90m)[39m
    at innerInvokeEventListeners [90m(C:\Users\husey\kiro2\frontend\[39mnode_modules\[4mjsdom[24m\lib\jsdom\living\events\EventTarget-impl.js:350:25[90m)[39m

            </system-err>
            <failure message="Cannot read properties of undefined (reading &apos;student&apos;)" type="TypeError">
TypeError: Cannot read properties of undefined (reading &apos;student&apos;)
 ❯ useAuth src/components/Dashboard/__tests__/ModernDashboard.test.tsx:15:21
 ❯ src/components/Dashboard/ModernDashboard.tsx:185:20
 ❯ renderWithHooks node_modules/react-dom/cjs/react-dom.development.js:15486:18
 ❯ updateFunctionComponent node_modules/react-dom/cjs/react-dom.development.js:19617:20
 ❯ updateSimpleMemoComponent node_modules/react-dom/cjs/react-dom.development.js:19454:10
 ❯ updateMemoComponent node_modules/react-dom/cjs/react-dom.development.js:19303:14
 ❯ beginWork node_modules/react-dom/cjs/react-dom.development.js:21712:16
 ❯ beginWork$1 node_modules/react-dom/cjs/react-dom.development.js:27465:14
 ❯ performUnitOfWork node_modules/react-dom/cjs/react-dom.development.js:26599:12
 ❯ workLoopSync node_modules/react-dom/cjs/react-dom.development.js:26505:5
            </failure>
        </testcase>
        <testcase classname="src/components/Dashboard/__tests__/ModernDashboard.test.tsx" name="ModernDashboard &gt; Responsive Behavior &gt; handles mobile layout" time="0.0119688">
            <failure message="Cannot find module &apos;../../../utils/responsive&apos;
Require stack:
- C:\Users\husey\kiro2\frontend\src\components\Dashboard\__tests__\ModernDashboard.test.tsx" type="Error">
Error: Cannot find module &apos;../../../utils/responsive&apos;
Require stack:
- C:\Users\husey\kiro2\frontend\src\components\Dashboard\__tests__\ModernDashboard.test.tsx
 ❯ src/components/Dashboard/__tests__/ModernDashboard.test.tsx:128:17

⎯⎯⎯⎯⎯⎯⎯⎯⎯⎯⎯⎯⎯⎯⎯⎯⎯⎯⎯⎯⎯⎯⎯⎯⎯⎯⎯⎯⎯⎯
Serialized Error: { code: &apos;MODULE_NOT_FOUND&apos;, requireStack: [ &apos;C:\Users\husey\kiro2\frontend\src\components\Dashboard\__tests__\ModernDashboard.test.tsx&apos; ] }
            </failure>
        </testcase>
        <testcase classname="src/components/Dashboard/__tests__/ModernDashboard.test.tsx" name="ModernDashboard &gt; Menu Interactions &gt; opens menu when menu button is clicked" time="0.0036425">
            <failure message="Cannot find module &apos;../../../utils/responsive&apos;
Require stack:
- C:\Users\husey\kiro2\frontend\src\components\Dashboard\__tests__\ModernDashboard.test.tsx" type="Error">
Error: Cannot find module &apos;../../../utils/responsive&apos;
Require stack:
- C:\Users\husey\kiro2\frontend\src\components\Dashboard\__tests__\ModernDashboard.test.tsx
 ❯ src/components/Dashboard/__tests__/ModernDashboard.test.tsx:148:17

⎯⎯⎯⎯⎯⎯⎯⎯⎯⎯⎯⎯⎯⎯⎯⎯⎯⎯⎯⎯⎯⎯⎯⎯⎯⎯⎯⎯⎯⎯
Serialized Error: { code: &apos;MODULE_NOT_FOUND&apos;, requireStack: [ &apos;C:\Users\husey\kiro2\frontend\src\components\Dashboard\__tests__\ModernDashboard.test.tsx&apos; ] }
            </failure>
        </testcase>
        <testcase classname="src/components/Dashboard/__tests__/ModernDashboard.test.tsx" name="ModernDashboard &gt; Menu Interactions &gt; closes menu when menu item is clicked" time="0.0034578">
            <failure message="Cannot find module &apos;../../../utils/responsive&apos;
Require stack:
- C:\Users\husey\kiro2\frontend\src\components\Dashboard\__tests__\ModernDashboard.test.tsx" type="Error">
Error: Cannot find module &apos;../../../utils/responsive&apos;
Require stack:
- C:\Users\husey\kiro2\frontend\src\components\Dashboard\__tests__\ModernDashboard.test.tsx
 ❯ src/components/Dashboard/__tests__/ModernDashboard.test.tsx:166:17

⎯⎯⎯⎯⎯⎯⎯⎯⎯⎯⎯⎯⎯⎯⎯⎯⎯⎯⎯⎯⎯⎯⎯⎯⎯⎯⎯⎯⎯⎯
Serialized Error: { code: &apos;MODULE_NOT_FOUND&apos;, requireStack: [ &apos;C:\Users\husey\kiro2\frontend\src\components\Dashboard\__tests__\ModernDashboard.test.tsx&apos; ] }
            </failure>
        </testcase>
        <testcase classname="src/components/Dashboard/__tests__/ModernDashboard.test.tsx" name="ModernDashboard &gt; Stat Card Colors &gt; applies correct colors to stat cards" time="0.0131257">
            <system-err>
Error: Uncaught [TypeError: Cannot read properties of undefined (reading &apos;student&apos;)]
    at reportException (C:\Users\husey\kiro2\frontend\node_modules\jsdom\lib\jsdom\living\helpers\runtime-script-errors.js:66:24)
    at innerInvokeEventListeners (C:\Users\husey\kiro2\frontend\node_modules\jsdom\lib\jsdom\living\events\EventTarget-impl.js:353:9)
    at invokeEventListeners (C:\Users\husey\kiro2\frontend\node_modules\jsdom\lib\jsdom\living\events\EventTarget-impl.js:286:3)
    at HTMLUnknownElementImpl._dispatch (C:\Users\husey\kiro2\frontend\node_modules\jsdom\lib\jsdom\living\events\EventTarget-impl.js:233:9)
    at HTMLUnknownElementImpl.dispatchEvent (C:\Users\husey\kiro2\frontend\node_modules\jsdom\lib\jsdom\living\events\EventTarget-impl.js:104:17)
    at HTMLUnknownElement.dispatchEvent (C:\Users\husey\kiro2\frontend\node_modules\jsdom\lib\jsdom\living\generated\EventTarget.js:241:34)
    at Object.invokeGuardedCallbackDev (C:\Users\husey\kiro2\frontend\node_modules\react-dom\cjs\react-dom.development.js:4213:16)
    at invokeGuardedCallback (C:\Users\husey\kiro2\frontend\node_modules\react-dom\cjs\react-dom.development.js:4277:31)
    at beginWork$1 (C:\Users\husey\kiro2\frontend\node_modules\react-dom\cjs\react-dom.development.js:27490:7)
    at performUnitOfWork (C:\Users\husey\kiro2\frontend\node_modules\react-dom\cjs\react-dom.development.js:26599:12) TypeError: Cannot read properties of undefined (reading &apos;student&apos;)
    at useAuth [90m(C:\Users\husey\kiro2\frontend\[39msrc\components\Dashboard\__tests__\ModernDashboard.test.tsx:15:21[90m)[39m
    at [90mC:\Users\husey\kiro2\frontend\[39msrc\components\Dashboard\ModernDashboard.tsx:185:20
    at renderWithHooks [90m(C:\Users\husey\kiro2\frontend\[39mnode_modules\[4mreact-dom[24m\cjs\react-dom.development.js:15486:18[90m)[39m
    at updateFunctionComponent [90m(C:\Users\husey\kiro2\frontend\[39mnode_modules\[4mreact-dom[24m\cjs\react-dom.development.js:19617:20[90m)[39m
    at updateSimpleMemoComponent [90m(C:\Users\husey\kiro2\frontend\[39mnode_modules\[4mreact-dom[24m\cjs\react-dom.development.js:19454:10[90m)[39m
    at updateMemoComponent [90m(C:\Users\husey\kiro2\frontend\[39mnode_modules\[4mreact-dom[24m\cjs\react-dom.development.js:19303:14[90m)[39m
    at beginWork [90m(C:\Users\husey\kiro2\frontend\[39mnode_modules\[4mreact-dom[24m\cjs\react-dom.development.js:21712:16[90m)[39m
    at HTMLUnknownElement.callCallback [90m(C:\Users\husey\kiro2\frontend\[39mnode_modules\[4mreact-dom[24m\cjs\react-dom.development.js:4164:14[90m)[39m
    at HTMLUnknownElement.callTheUserObjectsOperation [90m(C:\Users\husey\kiro2\frontend\[39mnode_modules\[4mjsdom[24m\lib\jsdom\living\generated\EventListener.js:26:30[90m)[39m
    at innerInvokeEventListeners [90m(C:\Users\husey\kiro2\frontend\[39mnode_modules\[4mjsdom[24m\lib\jsdom\living\events\EventTarget-impl.js:350:25[90m)[39m
Error: Uncaught [TypeError: Cannot read properties of undefined (reading &apos;student&apos;)]
    at reportException (C:\Users\husey\kiro2\frontend\node_modules\jsdom\lib\jsdom\living\helpers\runtime-script-errors.js:66:24)
    at innerInvokeEventListeners (C:\Users\husey\kiro2\frontend\node_modules\jsdom\lib\jsdom\living\events\EventTarget-impl.js:353:9)
    at invokeEventListeners (C:\Users\husey\kiro2\frontend\node_modules\jsdom\lib\jsdom\living\events\EventTarget-impl.js:286:3)
    at HTMLUnknownElementImpl._dispatch (C:\Users\husey\kiro2\frontend\node_modules\jsdom\lib\jsdom\living\events\EventTarget-impl.js:233:9)
    at HTMLUnknownElementImpl.dispatchEvent (C:\Users\husey\kiro2\frontend\node_modules\jsdom\lib\jsdom\living\events\EventTarget-impl.js:104:17)
    at HTMLUnknownElement.dispatchEvent (C:\Users\husey\kiro2\frontend\node_modules\jsdom\lib\jsdom\living\generated\EventTarget.js:241:34)
    at Object.invokeGuardedCallbackDev (C:\Users\husey\kiro2\frontend\node_modules\react-dom\cjs\react-dom.development.js:4213:16)
    at invokeGuardedCallback (C:\Users\husey\kiro2\frontend\node_modules\react-dom\cjs\react-dom.development.js:4277:31)
    at beginWork$1 (C:\Users\husey\kiro2\frontend\node_modules\react-dom\cjs\react-dom.development.js:27490:7)
    at performUnitOfWork (C:\Users\husey\kiro2\frontend\node_modules\react-dom\cjs\react-dom.development.js:26599:12) TypeError: Cannot read properties of undefined (reading &apos;student&apos;)
    at useAuth [90m(C:\Users\husey\kiro2\frontend\[39msrc\components\Dashboard\__tests__\ModernDashboard.test.tsx:15:21[90m)[39m
    at [90mC:\Users\husey\kiro2\frontend\[39msrc\components\Dashboard\ModernDashboard.tsx:185:20
    at renderWithHooks [90m(C:\Users\husey\kiro2\frontend\[39mnode_modules\[4mreact-dom[24m\cjs\react-dom.development.js:15486:18[90m)[39m
    at updateFunctionComponent [90m(C:\Users\husey\kiro2\frontend\[39mnode_modules\[4mreact-dom[24m\cjs\react-dom.development.js:19617:20[90m)[39m
    at updateSimpleMemoComponent [90m(C:\Users\husey\kiro2\frontend\[39mnode_modules\[4mreact-dom[24m\cjs\react-dom.development.js:19454:10[90m)[39m
    at updateMemoComponent [90m(C:\Users\husey\kiro2\frontend\[39mnode_modules\[4mreact-dom[24m\cjs\react-dom.development.js:19303:14[90m)[39m
    at beginWork [90m(C:\Users\husey\kiro2\frontend\[39mnode_modules\[4mreact-dom[24m\cjs\react-dom.development.js:21712:16[90m)[39m
    at HTMLUnknownElement.callCallback [90m(C:\Users\husey\kiro2\frontend\[39mnode_modules\[4mreact-dom[24m\cjs\react-dom.development.js:4164:14[90m)[39m
    at HTMLUnknownElement.callTheUserObjectsOperation [90m(C:\Users\husey\kiro2\frontend\[39mnode_modules\[4mjsdom[24m\lib\jsdom\living\generated\EventListener.js:26:30[90m)[39m
    at innerInvokeEventListeners [90m(C:\Users\husey\kiro2\frontend\[39mnode_modules\[4mjsdom[24m\lib\jsdom\living\events\EventTarget-impl.js:350:25[90m)[39m

            </system-err>
            <failure message="Cannot read properties of undefined (reading &apos;student&apos;)" type="TypeError">
TypeError: Cannot read properties of undefined (reading &apos;student&apos;)
 ❯ useAuth src/components/Dashboard/__tests__/ModernDashboard.test.tsx:15:21
 ❯ src/components/Dashboard/ModernDashboard.tsx:185:20
 ❯ renderWithHooks node_modules/react-dom/cjs/react-dom.development.js:15486:18
 ❯ updateFunctionComponent node_modules/react-dom/cjs/react-dom.development.js:19617:20
 ❯ updateSimpleMemoComponent node_modules/react-dom/cjs/react-dom.development.js:19454:10
 ❯ updateMemoComponent node_modules/react-dom/cjs/react-dom.development.js:19303:14
 ❯ beginWork node_modules/react-dom/cjs/react-dom.development.js:21712:16
 ❯ beginWork$1 node_modules/react-dom/cjs/react-dom.development.js:27465:14
 ❯ performUnitOfWork node_modules/react-dom/cjs/react-dom.development.js:26599:12
 ❯ workLoopSync node_modules/react-dom/cjs/react-dom.development.js:26505:5
            </failure>
        </testcase>
        <testcase classname="src/components/Dashboard/__tests__/ModernDashboard.test.tsx" name="ModernDashboard &gt; Activity Timeline &gt; displays activity items with correct styling" time="0.015849">
            <system-err>
Error: Uncaught [TypeError: Cannot read properties of undefined (reading &apos;student&apos;)]
    at reportException (C:\Users\husey\kiro2\frontend\node_modules\jsdom\lib\jsdom\living\helpers\runtime-script-errors.js:66:24)
    at innerInvokeEventListeners (C:\Users\husey\kiro2\frontend\node_modules\jsdom\lib\jsdom\living\events\EventTarget-impl.js:353:9)
    at invokeEventListeners (C:\Users\husey\kiro2\frontend\node_modules\jsdom\lib\jsdom\living\events\EventTarget-impl.js:286:3)
    at HTMLUnknownElementImpl._dispatch (C:\Users\husey\kiro2\frontend\node_modules\jsdom\lib\jsdom\living\events\EventTarget-impl.js:233:9)
    at HTMLUnknownElementImpl.dispatchEvent (C:\Users\husey\kiro2\frontend\node_modules\jsdom\lib\jsdom\living\events\EventTarget-impl.js:104:17)
    at HTMLUnknownElement.dispatchEvent (C:\Users\husey\kiro2\frontend\node_modules\jsdom\lib\jsdom\living\generated\EventTarget.js:241:34)
    at Object.invokeGuardedCallbackDev (C:\Users\husey\kiro2\frontend\node_modules\react-dom\cjs\react-dom.development.js:4213:16)
    at invokeGuardedCallback (C:\Users\husey\kiro2\frontend\node_modules\react-dom\cjs\react-dom.development.js:4277:31)
    at beginWork$1 (C:\Users\husey\kiro2\frontend\node_modules\react-dom\cjs\react-dom.development.js:27490:7)
    at performUnitOfWork (C:\Users\husey\kiro2\frontend\node_modules\react-dom\cjs\react-dom.development.js:26599:12) TypeError: Cannot read properties of undefined (reading &apos;student&apos;)
    at useAuth [90m(C:\Users\husey\kiro2\frontend\[39msrc\components\Dashboard\__tests__\ModernDashboard.test.tsx:15:21[90m)[39m
    at [90mC:\Users\husey\kiro2\frontend\[39msrc\components\Dashboard\ModernDashboard.tsx:185:20
    at renderWithHooks [90m(C:\Users\husey\kiro2\frontend\[39mnode_modules\[4mreact-dom[24m\cjs\react-dom.development.js:15486:18[90m)[39m
    at updateFunctionComponent [90m(C:\Users\husey\kiro2\frontend\[39mnode_modules\[4mreact-dom[24m\cjs\react-dom.development.js:19617:20[90m)[39m
    at updateSimpleMemoComponent [90m(C:\Users\husey\kiro2\frontend\[39mnode_modules\[4mreact-dom[24m\cjs\react-dom.development.js:19454:10[90m)[39m
    at updateMemoComponent [90m(C:\Users\husey\kiro2\frontend\[39mnode_modules\[4mreact-dom[24m\cjs\react-dom.development.js:19303:14[90m)[39m
    at beginWork [90m(C:\Users\husey\kiro2\frontend\[39mnode_modules\[4mreact-dom[24m\cjs\react-dom.development.js:21712:16[90m)[39m
    at HTMLUnknownElement.callCallback [90m(C:\Users\husey\kiro2\frontend\[39mnode_modules\[4mreact-dom[24m\cjs\react-dom.development.js:4164:14[90m)[39m
    at HTMLUnknownElement.callTheUserObjectsOperation [90m(C:\Users\husey\kiro2\frontend\[39mnode_modules\[4mjsdom[24m\lib\jsdom\living\generated\EventListener.js:26:30[90m)[39m
    at innerInvokeEventListeners [90m(C:\Users\husey\kiro2\frontend\[39mnode_modules\[4mjsdom[24m\lib\jsdom\living\events\EventTarget-impl.js:350:25[90m)[39m
Error: Uncaught [TypeError: Cannot read properties of undefined (reading &apos;student&apos;)]
    at reportException (C:\Users\husey\kiro2\frontend\node_modules\jsdom\lib\jsdom\living\helpers\runtime-script-errors.js:66:24)
    at innerInvokeEventListeners (C:\Users\husey\kiro2\frontend\node_modules\jsdom\lib\jsdom\living\events\EventTarget-impl.js:353:9)
    at invokeEventListeners (C:\Users\husey\kiro2\frontend\node_modules\jsdom\lib\jsdom\living\events\EventTarget-impl.js:286:3)
    at HTMLUnknownElementImpl._dispatch (C:\Users\husey\kiro2\frontend\node_modules\jsdom\lib\jsdom\living\events\EventTarget-impl.js:233:9)
    at HTMLUnknownElementImpl.dispatchEvent (C:\Users\husey\kiro2\frontend\node_modules\jsdom\lib\jsdom\living\events\EventTarget-impl.js:104:17)
    at HTMLUnknownElement.dispatchEvent (C:\Users\husey\kiro2\frontend\node_modules\jsdom\lib\jsdom\living\generated\EventTarget.js:241:34)
    at Object.invokeGuardedCallbackDev (C:\Users\husey\kiro2\frontend\node_modules\react-dom\cjs\react-dom.development.js:4213:16)
    at invokeGuardedCallback (C:\Users\husey\kiro2\frontend\node_modules\react-dom\cjs\react-dom.development.js:4277:31)
    at beginWork$1 (C:\Users\husey\kiro2\frontend\node_modules\react-dom\cjs\react-dom.development.js:27490:7)
    at performUnitOfWork (C:\Users\husey\kiro2\frontend\node_modules\react-dom\cjs\react-dom.development.js:26599:12) TypeError: Cannot read properties of undefined (reading &apos;student&apos;)
    at useAuth [90m(C:\Users\husey\kiro2\frontend\[39msrc\components\Dashboard\__tests__\ModernDashboard.test.tsx:15:21[90m)[39m
    at [90mC:\Users\husey\kiro2\frontend\[39msrc\components\Dashboard\ModernDashboard.tsx:185:20
    at renderWithHooks [90m(C:\Users\husey\kiro2\frontend\[39mnode_modules\[4mreact-dom[24m\cjs\react-dom.development.js:15486:18[90m)[39m
    at updateFunctionComponent [90m(C:\Users\husey\kiro2\frontend\[39mnode_modules\[4mreact-dom[24m\cjs\react-dom.development.js:19617:20[90m)[39m
    at updateSimpleMemoComponent [90m(C:\Users\husey\kiro2\frontend\[39mnode_modules\[4mreact-dom[24m\cjs\react-dom.development.js:19454:10[90m)[39m
    at updateMemoComponent [90m(C:\Users\husey\kiro2\frontend\[39mnode_modules\[4mreact-dom[24m\cjs\react-dom.development.js:19303:14[90m)[39m
    at beginWork [90m(C:\Users\husey\kiro2\frontend\[39mnode_modules\[4mreact-dom[24m\cjs\react-dom.development.js:21712:16[90m)[39m
    at HTMLUnknownElement.callCallback [90m(C:\Users\husey\kiro2\frontend\[39mnode_modules\[4mreact-dom[24m\cjs\react-dom.development.js:4164:14[90m)[39m
    at HTMLUnknownElement.callTheUserObjectsOperation [90m(C:\Users\husey\kiro2\frontend\[39mnode_modules\[4mjsdom[24m\lib\jsdom\living\generated\EventListener.js:26:30[90m)[39m
    at innerInvokeEventListeners [90m(C:\Users\husey\kiro2\frontend\[39mnode_modules\[4mjsdom[24m\lib\jsdom\living\events\EventTarget-impl.js:350:25[90m)[39m

            </system-err>
            <failure message="Cannot read properties of undefined (reading &apos;student&apos;)" type="TypeError">
TypeError: Cannot read properties of undefined (reading &apos;student&apos;)
 ❯ useAuth src/components/Dashboard/__tests__/ModernDashboard.test.tsx:15:21
 ❯ src/components/Dashboard/ModernDashboard.tsx:185:20
 ❯ renderWithHooks node_modules/react-dom/cjs/react-dom.development.js:15486:18
 ❯ updateFunctionComponent node_modules/react-dom/cjs/react-dom.development.js:19617:20
 ❯ updateSimpleMemoComponent node_modules/react-dom/cjs/react-dom.development.js:19454:10
 ❯ updateMemoComponent node_modules/react-dom/cjs/react-dom.development.js:19303:14
 ❯ beginWork node_modules/react-dom/cjs/react-dom.development.js:21712:16
 ❯ beginWork$1 node_modules/react-dom/cjs/react-dom.development.js:27465:14
 ❯ performUnitOfWork node_modules/react-dom/cjs/react-dom.development.js:26599:12
 ❯ workLoopSync node_modules/react-dom/cjs/react-dom.development.js:26505:5
            </failure>
        </testcase>
        <testcase classname="src/components/Dashboard/__tests__/ModernDashboard.test.tsx" name="ModernDashboard &gt; Activity Timeline &gt; shows relative timestamps" time="0.0158429">
            <system-err>
Error: Uncaught [TypeError: Cannot read properties of undefined (reading &apos;student&apos;)]
    at reportException (C:\Users\husey\kiro2\frontend\node_modules\jsdom\lib\jsdom\living\helpers\runtime-script-errors.js:66:24)
    at innerInvokeEventListeners (C:\Users\husey\kiro2\frontend\node_modules\jsdom\lib\jsdom\living\events\EventTarget-impl.js:353:9)
    at invokeEventListeners (C:\Users\husey\kiro2\frontend\node_modules\jsdom\lib\jsdom\living\events\EventTarget-impl.js:286:3)
    at HTMLUnknownElementImpl._dispatch (C:\Users\husey\kiro2\frontend\node_modules\jsdom\lib\jsdom\living\events\EventTarget-impl.js:233:9)
    at HTMLUnknownElementImpl.dispatchEvent (C:\Users\husey\kiro2\frontend\node_modules\jsdom\lib\jsdom\living\events\EventTarget-impl.js:104:17)
    at HTMLUnknownElement.dispatchEvent (C:\Users\husey\kiro2\frontend\node_modules\jsdom\lib\jsdom\living\generated\EventTarget.js:241:34)
    at Object.invokeGuardedCallbackDev (C:\Users\husey\kiro2\frontend\node_modules\react-dom\cjs\react-dom.development.js:4213:16)
    at invokeGuardedCallback (C:\Users\husey\kiro2\frontend\node_modules\react-dom\cjs\react-dom.development.js:4277:31)
    at beginWork$1 (C:\Users\husey\kiro2\frontend\node_modules\react-dom\cjs\react-dom.development.js:27490:7)
    at performUnitOfWork (C:\Users\husey\kiro2\frontend\node_modules\react-dom\cjs\react-dom.development.js:26599:12) TypeError: Cannot read properties of undefined (reading &apos;student&apos;)
    at useAuth [90m(C:\Users\husey\kiro2\frontend\[39msrc\components\Dashboard\__tests__\ModernDashboard.test.tsx:15:21[90m)[39m
    at [90mC:\Users\husey\kiro2\frontend\[39msrc\components\Dashboard\ModernDashboard.tsx:185:20
    at renderWithHooks [90m(C:\Users\husey\kiro2\frontend\[39mnode_modules\[4mreact-dom[24m\cjs\react-dom.development.js:15486:18[90m)[39m
    at updateFunctionComponent [90m(C:\Users\husey\kiro2\frontend\[39mnode_modules\[4mreact-dom[24m\cjs\react-dom.development.js:19617:20[90m)[39m
    at updateSimpleMemoComponent [90m(C:\Users\husey\kiro2\frontend\[39mnode_modules\[4mreact-dom[24m\cjs\react-dom.development.js:19454:10[90m)[39m
    at updateMemoComponent [90m(C:\Users\husey\kiro2\frontend\[39mnode_modules\[4mreact-dom[24m\cjs\react-dom.development.js:19303:14[90m)[39m
    at beginWork [90m(C:\Users\husey\kiro2\frontend\[39mnode_modules\[4mreact-dom[24m\cjs\react-dom.development.js:21712:16[90m)[39m
    at HTMLUnknownElement.callCallback [90m(C:\Users\husey\kiro2\frontend\[39mnode_modules\[4mreact-dom[24m\cjs\react-dom.development.js:4164:14[90m)[39m
    at HTMLUnknownElement.callTheUserObjectsOperation [90m(C:\Users\husey\kiro2\frontend\[39mnode_modules\[4mjsdom[24m\lib\jsdom\living\generated\EventListener.js:26:30[90m)[39m
    at innerInvokeEventListeners [90m(C:\Users\husey\kiro2\frontend\[39mnode_modules\[4mjsdom[24m\lib\jsdom\living\events\EventTarget-impl.js:350:25[90m)[39m
Error: Uncaught [TypeError: Cannot read properties of undefined (reading &apos;student&apos;)]
    at reportException (C:\Users\husey\kiro2\frontend\node_modules\jsdom\lib\jsdom\living\helpers\runtime-script-errors.js:66:24)
    at innerInvokeEventListeners (C:\Users\husey\kiro2\frontend\node_modules\jsdom\lib\jsdom\living\events\EventTarget-impl.js:353:9)
    at invokeEventListeners (C:\Users\husey\kiro2\frontend\node_modules\jsdom\lib\jsdom\living\events\EventTarget-impl.js:286:3)
    at HTMLUnknownElementImpl._dispatch (C:\Users\husey\kiro2\frontend\node_modules\jsdom\lib\jsdom\living\events\EventTarget-impl.js:233:9)
    at HTMLUnknownElementImpl.dispatchEvent (C:\Users\husey\kiro2\frontend\node_modules\jsdom\lib\jsdom\living\events\EventTarget-impl.js:104:17)
    at HTMLUnknownElement.dispatchEvent (C:\Users\husey\kiro2\frontend\node_modules\jsdom\lib\jsdom\living\generated\EventTarget.js:241:34)
    at Object.invokeGuardedCallbackDev (C:\Users\husey\kiro2\frontend\node_modules\react-dom\cjs\react-dom.development.js:4213:16)
    at invokeGuardedCallback (C:\Users\husey\kiro2\frontend\node_modules\react-dom\cjs\react-dom.development.js:4277:31)
    at beginWork$1 (C:\Users\husey\kiro2\frontend\node_modules\react-dom\cjs\react-dom.development.js:27490:7)
    at performUnitOfWork (C:\Users\husey\kiro2\frontend\node_modules\react-dom\cjs\react-dom.development.js:26599:12) TypeError: Cannot read properties of undefined (reading &apos;student&apos;)
    at useAuth [90m(C:\Users\husey\kiro2\frontend\[39msrc\components\Dashboard\__tests__\ModernDashboard.test.tsx:15:21[90m)[39m
    at [90mC:\Users\husey\kiro2\frontend\[39msrc\components\Dashboard\ModernDashboard.tsx:185:20
    at renderWithHooks [90m(C:\Users\husey\kiro2\frontend\[39mnode_modules\[4mreact-dom[24m\cjs\react-dom.development.js:15486:18[90m)[39m
    at updateFunctionComponent [90m(C:\Users\husey\kiro2\frontend\[39mnode_modules\[4mreact-dom[24m\cjs\react-dom.development.js:19617:20[90m)[39m
    at updateSimpleMemoComponent [90m(C:\Users\husey\kiro2\frontend\[39mnode_modules\[4mreact-dom[24m\cjs\react-dom.development.js:19454:10[90m)[39m
    at updateMemoComponent [90m(C:\Users\husey\kiro2\frontend\[39mnode_modules\[4mreact-dom[24m\cjs\react-dom.development.js:19303:14[90m)[39m
    at beginWork [90m(C:\Users\husey\kiro2\frontend\[39mnode_modules\[4mreact-dom[24m\cjs\react-dom.development.js:21712:16[90m)[39m
    at HTMLUnknownElement.callCallback [90m(C:\Users\husey\kiro2\frontend\[39mnode_modules\[4mreact-dom[24m\cjs\react-dom.development.js:4164:14[90m)[39m
    at HTMLUnknownElement.callTheUserObjectsOperation [90m(C:\Users\husey\kiro2\frontend\[39mnode_modules\[4mjsdom[24m\lib\jsdom\living\generated\EventListener.js:26:30[90m)[39m
    at innerInvokeEventListeners [90m(C:\Users\husey\kiro2\frontend\[39mnode_modules\[4mjsdom[24m\lib\jsdom\living\events\EventTarget-impl.js:350:25[90m)[39m

            </system-err>
            <failure message="Cannot read properties of undefined (reading &apos;student&apos;)" type="TypeError">
TypeError: Cannot read properties of undefined (reading &apos;student&apos;)
 ❯ useAuth src/components/Dashboard/__tests__/ModernDashboard.test.tsx:15:21
 ❯ src/components/Dashboard/ModernDashboard.tsx:185:20
 ❯ renderWithHooks node_modules/react-dom/cjs/react-dom.development.js:15486:18
 ❯ updateFunctionComponent node_modules/react-dom/cjs/react-dom.development.js:19617:20
 ❯ updateSimpleMemoComponent node_modules/react-dom/cjs/react-dom.development.js:19454:10
 ❯ updateMemoComponent node_modules/react-dom/cjs/react-dom.development.js:19303:14
 ❯ beginWork node_modules/react-dom/cjs/react-dom.development.js:21712:16
 ❯ beginWork$1 node_modules/react-dom/cjs/react-dom.development.js:27465:14
 ❯ performUnitOfWork node_modules/react-dom/cjs/react-dom.development.js:26599:12
 ❯ workLoopSync node_modules/react-dom/cjs/react-dom.development.js:26505:5
            </failure>
        </testcase>
        <testcase classname="src/components/Dashboard/__tests__/ModernDashboard.test.tsx" name="ModernDashboard &gt; Accessibility &gt; has proper heading structure" time="0.0111807">
            <system-err>
Error: Uncaught [TypeError: Cannot read properties of undefined (reading &apos;student&apos;)]
    at reportException (C:\Users\husey\kiro2\frontend\node_modules\jsdom\lib\jsdom\living\helpers\runtime-script-errors.js:66:24)
    at innerInvokeEventListeners (C:\Users\husey\kiro2\frontend\node_modules\jsdom\lib\jsdom\living\events\EventTarget-impl.js:353:9)
    at invokeEventListeners (C:\Users\husey\kiro2\frontend\node_modules\jsdom\lib\jsdom\living\events\EventTarget-impl.js:286:3)
    at HTMLUnknownElementImpl._dispatch (C:\Users\husey\kiro2\frontend\node_modules\jsdom\lib\jsdom\living\events\EventTarget-impl.js:233:9)
    at HTMLUnknownElementImpl.dispatchEvent (C:\Users\husey\kiro2\frontend\node_modules\jsdom\lib\jsdom\living\events\EventTarget-impl.js:104:17)
    at HTMLUnknownElement.dispatchEvent (C:\Users\husey\kiro2\frontend\node_modules\jsdom\lib\jsdom\living\generated\EventTarget.js:241:34)
    at Object.invokeGuardedCallbackDev (C:\Users\husey\kiro2\frontend\node_modules\react-dom\cjs\react-dom.development.js:4213:16)
    at invokeGuardedCallback (C:\Users\husey\kiro2\frontend\node_modules\react-dom\cjs\react-dom.development.js:4277:31)
    at beginWork$1 (C:\Users\husey\kiro2\frontend\node_modules\react-dom\cjs\react-dom.development.js:27490:7)
    at performUnitOfWork (C:\Users\husey\kiro2\frontend\node_modules\react-dom\cjs\react-dom.development.js:26599:12) TypeError: Cannot read properties of undefined (reading &apos;student&apos;)
    at useAuth [90m(C:\Users\husey\kiro2\frontend\[39msrc\components\Dashboard\__tests__\ModernDashboard.test.tsx:15:21[90m)[39m
    at [90mC:\Users\husey\kiro2\frontend\[39msrc\components\Dashboard\ModernDashboard.tsx:185:20
    at renderWithHooks [90m(C:\Users\husey\kiro2\frontend\[39mnode_modules\[4mreact-dom[24m\cjs\react-dom.development.js:15486:18[90m)[39m
    at updateFunctionComponent [90m(C:\Users\husey\kiro2\frontend\[39mnode_modules\[4mreact-dom[24m\cjs\react-dom.development.js:19617:20[90m)[39m
    at updateSimpleMemoComponent [90m(C:\Users\husey\kiro2\frontend\[39mnode_modules\[4mreact-dom[24m\cjs\react-dom.development.js:19454:10[90m)[39m
    at updateMemoComponent [90m(C:\Users\husey\kiro2\frontend\[39mnode_modules\[4mreact-dom[24m\cjs\react-dom.development.js:19303:14[90m)[39m
    at beginWork [90m(C:\Users\husey\kiro2\frontend\[39mnode_modules\[4mreact-dom[24m\cjs\react-dom.development.js:21712:16[90m)[39m
    at HTMLUnknownElement.callCallback [90m(C:\Users\husey\kiro2\frontend\[39mnode_modules\[4mreact-dom[24m\cjs\react-dom.development.js:4164:14[90m)[39m
    at HTMLUnknownElement.callTheUserObjectsOperation [90m(C:\Users\husey\kiro2\frontend\[39mnode_modules\[4mjsdom[24m\lib\jsdom\living\generated\EventListener.js:26:30[90m)[39m
    at innerInvokeEventListeners [90m(C:\Users\husey\kiro2\frontend\[39mnode_modules\[4mjsdom[24m\lib\jsdom\living\events\EventTarget-impl.js:350:25[90m)[39m
Error: Uncaught [TypeError: Cannot read properties of undefined (reading &apos;student&apos;)]
    at reportException (C:\Users\husey\kiro2\frontend\node_modules\jsdom\lib\jsdom\living\helpers\runtime-script-errors.js:66:24)
    at innerInvokeEventListeners (C:\Users\husey\kiro2\frontend\node_modules\jsdom\lib\jsdom\living\events\EventTarget-impl.js:353:9)
    at invokeEventListeners (C:\Users\husey\kiro2\frontend\node_modules\jsdom\lib\jsdom\living\events\EventTarget-impl.js:286:3)
    at HTMLUnknownElementImpl._dispatch (C:\Users\husey\kiro2\frontend\node_modules\jsdom\lib\jsdom\living\events\EventTarget-impl.js:233:9)
    at HTMLUnknownElementImpl.dispatchEvent (C:\Users\husey\kiro2\frontend\node_modules\jsdom\lib\jsdom\living\events\EventTarget-impl.js:104:17)
    at HTMLUnknownElement.dispatchEvent (C:\Users\husey\kiro2\frontend\node_modules\jsdom\lib\jsdom\living\generated\EventTarget.js:241:34)
    at Object.invokeGuardedCallbackDev (C:\Users\husey\kiro2\frontend\node_modules\react-dom\cjs\react-dom.development.js:4213:16)
    at invokeGuardedCallback (C:\Users\husey\kiro2\frontend\node_modules\react-dom\cjs\react-dom.development.js:4277:31)
    at beginWork$1 (C:\Users\husey\kiro2\frontend\node_modules\react-dom\cjs\react-dom.development.js:27490:7)
    at performUnitOfWork (C:\Users\husey\kiro2\frontend\node_modules\react-dom\cjs\react-dom.development.js:26599:12) TypeError: Cannot read properties of undefined (reading &apos;student&apos;)
    at useAuth [90m(C:\Users\husey\kiro2\frontend\[39msrc\components\Dashboard\__tests__\ModernDashboard.test.tsx:15:21[90m)[39m
    at [90mC:\Users\husey\kiro2\frontend\[39msrc\components\Dashboard\ModernDashboard.tsx:185:20
    at renderWithHooks [90m(C:\Users\husey\kiro2\frontend\[39mnode_modules\[4mreact-dom[24m\cjs\react-dom.development.js:15486:18[90m)[39m
    at updateFunctionComponent [90m(C:\Users\husey\kiro2\frontend\[39mnode_modules\[4mreact-dom[24m\cjs\react-dom.development.js:19617:20[90m)[39m
    at updateSimpleMemoComponent [90m(C:\Users\husey\kiro2\frontend\[39mnode_modules\[4mreact-dom[24m\cjs\react-dom.development.js:19454:10[90m)[39m
    at updateMemoComponent [90m(C:\Users\husey\kiro2\frontend\[39mnode_modules\[4mreact-dom[24m\cjs\react-dom.development.js:19303:14[90m)[39m
    at beginWork [90m(C:\Users\husey\kiro2\frontend\[39mnode_modules\[4mreact-dom[24m\cjs\react-dom.development.js:21712:16[90m)[39m
    at HTMLUnknownElement.callCallback [90m(C:\Users\husey\kiro2\frontend\[39mnode_modules\[4mreact-dom[24m\cjs\react-dom.development.js:4164:14[90m)[39m
    at HTMLUnknownElement.callTheUserObjectsOperation [90m(C:\Users\husey\kiro2\frontend\[39mnode_modules\[4mjsdom[24m\lib\jsdom\living\generated\EventListener.js:26:30[90m)[39m
    at innerInvokeEventListeners [90m(C:\Users\husey\kiro2\frontend\[39mnode_modules\[4mjsdom[24m\lib\jsdom\living\events\EventTarget-impl.js:350:25[90m)[39m

            </system-err>
            <failure message="Cannot read properties of undefined (reading &apos;student&apos;)" type="TypeError">
TypeError: Cannot read properties of undefined (reading &apos;student&apos;)
 ❯ useAuth src/components/Dashboard/__tests__/ModernDashboard.test.tsx:15:21
 ❯ src/components/Dashboard/ModernDashboard.tsx:185:20
 ❯ renderWithHooks node_modules/react-dom/cjs/react-dom.development.js:15486:18
 ❯ updateFunctionComponent node_modules/react-dom/cjs/react-dom.development.js:19617:20
 ❯ updateSimpleMemoComponent node_modules/react-dom/cjs/react-dom.development.js:19454:10
 ❯ updateMemoComponent node_modules/react-dom/cjs/react-dom.development.js:19303:14
 ❯ beginWork node_modules/react-dom/cjs/react-dom.development.js:21712:16
 ❯ beginWork$1 node_modules/react-dom/cjs/react-dom.development.js:27465:14
 ❯ performUnitOfWork node_modules/react-dom/cjs/react-dom.development.js:26599:12
 ❯ workLoopSync node_modules/react-dom/cjs/react-dom.development.js:26505:5
            </failure>
        </testcase>
        <testcase classname="src/components/Dashboard/__tests__/ModernDashboard.test.tsx" name="ModernDashboard &gt; Accessibility &gt; provides proper ARIA labels for interactive elements" time="0.0187978">
            <system-err>
Error: Uncaught [TypeError: Cannot read properties of undefined (reading &apos;student&apos;)]
    at reportException (C:\Users\husey\kiro2\frontend\node_modules\jsdom\lib\jsdom\living\helpers\runtime-script-errors.js:66:24)
    at innerInvokeEventListeners (C:\Users\husey\kiro2\frontend\node_modules\jsdom\lib\jsdom\living\events\EventTarget-impl.js:353:9)
    at invokeEventListeners (C:\Users\husey\kiro2\frontend\node_modules\jsdom\lib\jsdom\living\events\EventTarget-impl.js:286:3)
    at HTMLUnknownElementImpl._dispatch (C:\Users\husey\kiro2\frontend\node_modules\jsdom\lib\jsdom\living\events\EventTarget-impl.js:233:9)
    at HTMLUnknownElementImpl.dispatchEvent (C:\Users\husey\kiro2\frontend\node_modules\jsdom\lib\jsdom\living\events\EventTarget-impl.js:104:17)
    at HTMLUnknownElement.dispatchEvent (C:\Users\husey\kiro2\frontend\node_modules\jsdom\lib\jsdom\living\generated\EventTarget.js:241:34)
    at Object.invokeGuardedCallbackDev (C:\Users\husey\kiro2\frontend\node_modules\react-dom\cjs\react-dom.development.js:4213:16)
    at invokeGuardedCallback (C:\Users\husey\kiro2\frontend\node_modules\react-dom\cjs\react-dom.development.js:4277:31)
    at beginWork$1 (C:\Users\husey\kiro2\frontend\node_modules\react-dom\cjs\react-dom.development.js:27490:7)
    at performUnitOfWork (C:\Users\husey\kiro2\frontend\node_modules\react-dom\cjs\react-dom.development.js:26599:12) TypeError: Cannot read properties of undefined (reading &apos;student&apos;)
    at useAuth [90m(C:\Users\husey\kiro2\frontend\[39msrc\components\Dashboard\__tests__\ModernDashboard.test.tsx:15:21[90m)[39m
    at [90mC:\Users\husey\kiro2\frontend\[39msrc\components\Dashboard\ModernDashboard.tsx:185:20
    at renderWithHooks [90m(C:\Users\husey\kiro2\frontend\[39mnode_modules\[4mreact-dom[24m\cjs\react-dom.development.js:15486:18[90m)[39m
    at updateFunctionComponent [90m(C:\Users\husey\kiro2\frontend\[39mnode_modules\[4mreact-dom[24m\cjs\react-dom.development.js:19617:20[90m)[39m
    at updateSimpleMemoComponent [90m(C:\Users\husey\kiro2\frontend\[39mnode_modules\[4mreact-dom[24m\cjs\react-dom.development.js:19454:10[90m)[39m
    at updateMemoComponent [90m(C:\Users\husey\kiro2\frontend\[39mnode_modules\[4mreact-dom[24m\cjs\react-dom.development.js:19303:14[90m)[39m
    at beginWork [90m(C:\Users\husey\kiro2\frontend\[39mnode_modules\[4mreact-dom[24m\cjs\react-dom.development.js:21712:16[90m)[39m
    at HTMLUnknownElement.callCallback [90m(C:\Users\husey\kiro2\frontend\[39mnode_modules\[4mreact-dom[24m\cjs\react-dom.development.js:4164:14[90m)[39m
    at HTMLUnknownElement.callTheUserObjectsOperation [90m(C:\Users\husey\kiro2\frontend\[39mnode_modules\[4mjsdom[24m\lib\jsdom\living\generated\EventListener.js:26:30[90m)[39m
    at innerInvokeEventListeners [90m(C:\Users\husey\kiro2\frontend\[39mnode_modules\[4mjsdom[24m\lib\jsdom\living\events\EventTarget-impl.js:350:25[90m)[39m
Error: Uncaught [TypeError: Cannot read properties of undefined (reading &apos;student&apos;)]
    at reportException (C:\Users\husey\kiro2\frontend\node_modules\jsdom\lib\jsdom\living\helpers\runtime-script-errors.js:66:24)
    at innerInvokeEventListeners (C:\Users\husey\kiro2\frontend\node_modules\jsdom\lib\jsdom\living\events\EventTarget-impl.js:353:9)
    at invokeEventListeners (C:\Users\husey\kiro2\frontend\node_modules\jsdom\lib\jsdom\living\events\EventTarget-impl.js:286:3)
    at HTMLUnknownElementImpl._dispatch (C:\Users\husey\kiro2\frontend\node_modules\jsdom\lib\jsdom\living\events\EventTarget-impl.js:233:9)
    at HTMLUnknownElementImpl.dispatchEvent (C:\Users\husey\kiro2\frontend\node_modules\jsdom\lib\jsdom\living\events\EventTarget-impl.js:104:17)
    at HTMLUnknownElement.dispatchEvent (C:\Users\husey\kiro2\frontend\node_modules\jsdom\lib\jsdom\living\generated\EventTarget.js:241:34)
    at Object.invokeGuardedCallbackDev (C:\Users\husey\kiro2\frontend\node_modules\react-dom\cjs\react-dom.development.js:4213:16)
    at invokeGuardedCallback (C:\Users\husey\kiro2\frontend\node_modules\react-dom\cjs\react-dom.development.js:4277:31)
    at beginWork$1 (C:\Users\husey\kiro2\frontend\node_modules\react-dom\cjs\react-dom.development.js:27490:7)
    at performUnitOfWork (C:\Users\husey\kiro2\frontend\node_modules\react-dom\cjs\react-dom.development.js:26599:12) TypeError: Cannot read properties of undefined (reading &apos;student&apos;)
    at useAuth [90m(C:\Users\husey\kiro2\frontend\[39msrc\components\Dashboard\__tests__\ModernDashboard.test.tsx:15:21[90m)[39m
    at [90mC:\Users\husey\kiro2\frontend\[39msrc\components\Dashboard\ModernDashboard.tsx:185:20
    at renderWithHooks [90m(C:\Users\husey\kiro2\frontend\[39mnode_modules\[4mreact-dom[24m\cjs\react-dom.development.js:15486:18[90m)[39m
    at updateFunctionComponent [90m(C:\Users\husey\kiro2\frontend\[39mnode_modules\[4mreact-dom[24m\cjs\react-dom.development.js:19617:20[90m)[39m
    at updateSimpleMemoComponent [90m(C:\Users\husey\kiro2\frontend\[39mnode_modules\[4mreact-dom[24m\cjs\react-dom.development.js:19454:10[90m)[39m
    at updateMemoComponent [90m(C:\Users\husey\kiro2\frontend\[39mnode_modules\[4mreact-dom[24m\cjs\react-dom.development.js:19303:14[90m)[39m
    at beginWork [90m(C:\Users\husey\kiro2\frontend\[39mnode_modules\[4mreact-dom[24m\cjs\react-dom.development.js:21712:16[90m)[39m
    at HTMLUnknownElement.callCallback [90m(C:\Users\husey\kiro2\frontend\[39mnode_modules\[4mreact-dom[24m\cjs\react-dom.development.js:4164:14[90m)[39m
    at HTMLUnknownElement.callTheUserObjectsOperation [90m(C:\Users\husey\kiro2\frontend\[39mnode_modules\[4mjsdom[24m\lib\jsdom\living\generated\EventListener.js:26:30[90m)[39m
    at innerInvokeEventListeners [90m(C:\Users\husey\kiro2\frontend\[39mnode_modules\[4mjsdom[24m\lib\jsdom\living\events\EventTarget-impl.js:350:25[90m)[39m

            </system-err>
            <failure message="Cannot read properties of undefined (reading &apos;student&apos;)" type="TypeError">
TypeError: Cannot read properties of undefined (reading &apos;student&apos;)
 ❯ useAuth src/components/Dashboard/__tests__/ModernDashboard.test.tsx:15:21
 ❯ src/components/Dashboard/ModernDashboard.tsx:185:20
 ❯ renderWithHooks node_modules/react-dom/cjs/react-dom.development.js:15486:18
 ❯ updateFunctionComponent node_modules/react-dom/cjs/react-dom.development.js:19617:20
 ❯ updateSimpleMemoComponent node_modules/react-dom/cjs/react-dom.development.js:19454:10
 ❯ updateMemoComponent node_modules/react-dom/cjs/react-dom.development.js:19303:14
 ❯ beginWork node_modules/react-dom/cjs/react-dom.development.js:21712:16
 ❯ beginWork$1 node_modules/react-dom/cjs/react-dom.development.js:27465:14
 ❯ performUnitOfWork node_modules/react-dom/cjs/react-dom.development.js:26599:12
 ❯ workLoopSync node_modules/react-dom/cjs/react-dom.development.js:26505:5
            </failure>
        </testcase>
        <testcase classname="src/components/Dashboard/__tests__/ModernDashboard.test.tsx" name="ModernDashboard &gt; Performance &gt; memoizes expensive calculations" time="0.0095074">
            <system-err>
Error: Uncaught [TypeError: Cannot read properties of undefined (reading &apos;student&apos;)]
    at reportException (C:\Users\husey\kiro2\frontend\node_modules\jsdom\lib\jsdom\living\helpers\runtime-script-errors.js:66:24)
    at innerInvokeEventListeners (C:\Users\husey\kiro2\frontend\node_modules\jsdom\lib\jsdom\living\events\EventTarget-impl.js:353:9)
    at invokeEventListeners (C:\Users\husey\kiro2\frontend\node_modules\jsdom\lib\jsdom\living\events\EventTarget-impl.js:286:3)
    at HTMLUnknownElementImpl._dispatch (C:\Users\husey\kiro2\frontend\node_modules\jsdom\lib\jsdom\living\events\EventTarget-impl.js:233:9)
    at HTMLUnknownElementImpl.dispatchEvent (C:\Users\husey\kiro2\frontend\node_modules\jsdom\lib\jsdom\living\events\EventTarget-impl.js:104:17)
    at HTMLUnknownElement.dispatchEvent (C:\Users\husey\kiro2\frontend\node_modules\jsdom\lib\jsdom\living\generated\EventTarget.js:241:34)
    at Object.invokeGuardedCallbackDev (C:\Users\husey\kiro2\frontend\node_modules\react-dom\cjs\react-dom.development.js:4213:16)
    at invokeGuardedCallback (C:\Users\husey\kiro2\frontend\node_modules\react-dom\cjs\react-dom.development.js:4277:31)
    at beginWork$1 (C:\Users\husey\kiro2\frontend\node_modules\react-dom\cjs\react-dom.development.js:27490:7)
    at performUnitOfWork (C:\Users\husey\kiro2\frontend\node_modules\react-dom\cjs\react-dom.development.js:26599:12) TypeError: Cannot read properties of undefined (reading &apos;student&apos;)
    at useAuth [90m(C:\Users\husey\kiro2\frontend\[39msrc\components\Dashboard\__tests__\ModernDashboard.test.tsx:15:21[90m)[39m
    at [90mC:\Users\husey\kiro2\frontend\[39msrc\components\Dashboard\ModernDashboard.tsx:185:20
    at renderWithHooks [90m(C:\Users\husey\kiro2\frontend\[39mnode_modules\[4mreact-dom[24m\cjs\react-dom.development.js:15486:18[90m)[39m
    at updateFunctionComponent [90m(C:\Users\husey\kiro2\frontend\[39mnode_modules\[4mreact-dom[24m\cjs\react-dom.development.js:19617:20[90m)[39m
    at updateSimpleMemoComponent [90m(C:\Users\husey\kiro2\frontend\[39mnode_modules\[4mreact-dom[24m\cjs\react-dom.development.js:19454:10[90m)[39m
    at updateMemoComponent [90m(C:\Users\husey\kiro2\frontend\[39mnode_modules\[4mreact-dom[24m\cjs\react-dom.development.js:19303:14[90m)[39m
    at beginWork [90m(C:\Users\husey\kiro2\frontend\[39mnode_modules\[4mreact-dom[24m\cjs\react-dom.development.js:21712:16[90m)[39m
    at HTMLUnknownElement.callCallback [90m(C:\Users\husey\kiro2\frontend\[39mnode_modules\[4mreact-dom[24m\cjs\react-dom.development.js:4164:14[90m)[39m
    at HTMLUnknownElement.callTheUserObjectsOperation [90m(C:\Users\husey\kiro2\frontend\[39mnode_modules\[4mjsdom[24m\lib\jsdom\living\generated\EventListener.js:26:30[90m)[39m
    at innerInvokeEventListeners [90m(C:\Users\husey\kiro2\frontend\[39mnode_modules\[4mjsdom[24m\lib\jsdom\living\events\EventTarget-impl.js:350:25[90m)[39m
Error: Uncaught [TypeError: Cannot read properties of undefined (reading &apos;student&apos;)]
    at reportException (C:\Users\husey\kiro2\frontend\node_modules\jsdom\lib\jsdom\living\helpers\runtime-script-errors.js:66:24)
    at innerInvokeEventListeners (C:\Users\husey\kiro2\frontend\node_modules\jsdom\lib\jsdom\living\events\EventTarget-impl.js:353:9)
    at invokeEventListeners (C:\Users\husey\kiro2\frontend\node_modules\jsdom\lib\jsdom\living\events\EventTarget-impl.js:286:3)
    at HTMLUnknownElementImpl._dispatch (C:\Users\husey\kiro2\frontend\node_modules\jsdom\lib\jsdom\living\events\EventTarget-impl.js:233:9)
    at HTMLUnknownElementImpl.dispatchEvent (C:\Users\husey\kiro2\frontend\node_modules\jsdom\lib\jsdom\living\events\EventTarget-impl.js:104:17)
    at HTMLUnknownElement.dispatchEvent (C:\Users\husey\kiro2\frontend\node_modules\jsdom\lib\jsdom\living\generated\EventTarget.js:241:34)
    at Object.invokeGuardedCallbackDev (C:\Users\husey\kiro2\frontend\node_modules\react-dom\cjs\react-dom.development.js:4213:16)
    at invokeGuardedCallback (C:\Users\husey\kiro2\frontend\node_modules\react-dom\cjs\react-dom.development.js:4277:31)
    at beginWork$1 (C:\Users\husey\kiro2\frontend\node_modules\react-dom\cjs\react-dom.development.js:27490:7)
    at performUnitOfWork (C:\Users\husey\kiro2\frontend\node_modules\react-dom\cjs\react-dom.development.js:26599:12) TypeError: Cannot read properties of undefined (reading &apos;student&apos;)
    at useAuth [90m(C:\Users\husey\kiro2\frontend\[39msrc\components\Dashboard\__tests__\ModernDashboard.test.tsx:15:21[90m)[39m
    at [90mC:\Users\husey\kiro2\frontend\[39msrc\components\Dashboard\ModernDashboard.tsx:185:20
    at renderWithHooks [90m(C:\Users\husey\kiro2\frontend\[39mnode_modules\[4mreact-dom[24m\cjs\react-dom.development.js:15486:18[90m)[39m
    at updateFunctionComponent [90m(C:\Users\husey\kiro2\frontend\[39mnode_modules\[4mreact-dom[24m\cjs\react-dom.development.js:19617:20[90m)[39m
    at updateSimpleMemoComponent [90m(C:\Users\husey\kiro2\frontend\[39mnode_modules\[4mreact-dom[24m\cjs\react-dom.development.js:19454:10[90m)[39m
    at updateMemoComponent [90m(C:\Users\husey\kiro2\frontend\[39mnode_modules\[4mreact-dom[24m\cjs\react-dom.development.js:19303:14[90m)[39m
    at beginWork [90m(C:\Users\husey\kiro2\frontend\[39mnode_modules\[4mreact-dom[24m\cjs\react-dom.development.js:21712:16[90m)[39m
    at HTMLUnknownElement.callCallback [90m(C:\Users\husey\kiro2\frontend\[39mnode_modules\[4mreact-dom[24m\cjs\react-dom.development.js:4164:14[90m)[39m
    at HTMLUnknownElement.callTheUserObjectsOperation [90m(C:\Users\husey\kiro2\frontend\[39mnode_modules\[4mjsdom[24m\lib\jsdom\living\generated\EventListener.js:26:30[90m)[39m
    at innerInvokeEventListeners [90m(C:\Users\husey\kiro2\frontend\[39mnode_modules\[4mjsdom[24m\lib\jsdom\living\events\EventTarget-impl.js:350:25[90m)[39m

            </system-err>
            <failure message="Cannot read properties of undefined (reading &apos;student&apos;)" type="TypeError">
TypeError: Cannot read properties of undefined (reading &apos;student&apos;)
 ❯ useAuth src/components/Dashboard/__tests__/ModernDashboard.test.tsx:15:21
 ❯ src/components/Dashboard/ModernDashboard.tsx:185:20
 ❯ renderWithHooks node_modules/react-dom/cjs/react-dom.development.js:15486:18
 ❯ updateFunctionComponent node_modules/react-dom/cjs/react-dom.development.js:19617:20
 ❯ updateSimpleMemoComponent node_modules/react-dom/cjs/react-dom.development.js:19454:10
 ❯ updateMemoComponent node_modules/react-dom/cjs/react-dom.development.js:19303:14
 ❯ beginWork node_modules/react-dom/cjs/react-dom.development.js:21712:16
 ❯ beginWork$1 node_modules/react-dom/cjs/react-dom.development.js:27465:14
 ❯ performUnitOfWork node_modules/react-dom/cjs/react-dom.development.js:26599:12
 ❯ workLoopSync node_modules/react-dom/cjs/react-dom.development.js:26505:5
            </failure>
        </testcase>
        <testcase classname="src/components/Dashboard/__tests__/ModernDashboard.test.tsx" name="ModernDashboard &gt; Error Handling &gt; handles missing user gracefully" time="0.0032935">
            <failure message="Cannot find module &apos;../../../hooks/useAuth&apos;
Require stack:
- C:\Users\husey\kiro2\frontend\src\components\Dashboard\__tests__\ModernDashboard.test.tsx" type="Error">
Error: Cannot find module &apos;../../../hooks/useAuth&apos;
Require stack:
- C:\Users\husey\kiro2\frontend\src\components\Dashboard\__tests__\ModernDashboard.test.tsx
 ❯ src/components/Dashboard/__tests__/ModernDashboard.test.tsx:258:17

⎯⎯⎯⎯⎯⎯⎯⎯⎯⎯⎯⎯⎯⎯⎯⎯⎯⎯⎯⎯⎯⎯⎯⎯⎯⎯⎯⎯⎯⎯
Serialized Error: { code: &apos;MODULE_NOT_FOUND&apos;, requireStack: [ &apos;C:\Users\husey\kiro2\frontend\src\components\Dashboard\__tests__\ModernDashboard.test.tsx&apos; ] }
            </failure>
        </testcase>
        <testcase classname="src/components/Dashboard/__tests__/ModernDashboard.test.tsx" name="ModernDashboard &gt; Error Handling &gt; handles invalid stats gracefully" time="0.0176775">
            <system-err>
Error: Uncaught [TypeError: Cannot read properties of undefined (reading &apos;student&apos;)]
    at reportException (C:\Users\husey\kiro2\frontend\node_modules\jsdom\lib\jsdom\living\helpers\runtime-script-errors.js:66:24)
    at innerInvokeEventListeners (C:\Users\husey\kiro2\frontend\node_modules\jsdom\lib\jsdom\living\events\EventTarget-impl.js:353:9)
    at invokeEventListeners (C:\Users\husey\kiro2\frontend\node_modules\jsdom\lib\jsdom\living\events\EventTarget-impl.js:286:3)
    at HTMLUnknownElementImpl._dispatch (C:\Users\husey\kiro2\frontend\node_modules\jsdom\lib\jsdom\living\events\EventTarget-impl.js:233:9)
    at HTMLUnknownElementImpl.dispatchEvent (C:\Users\husey\kiro2\frontend\node_modules\jsdom\lib\jsdom\living\events\EventTarget-impl.js:104:17)
    at HTMLUnknownElement.dispatchEvent (C:\Users\husey\kiro2\frontend\node_modules\jsdom\lib\jsdom\living\generated\EventTarget.js:241:34)
    at Object.invokeGuardedCallbackDev (C:\Users\husey\kiro2\frontend\node_modules\react-dom\cjs\react-dom.development.js:4213:16)
    at invokeGuardedCallback (C:\Users\husey\kiro2\frontend\node_modules\react-dom\cjs\react-dom.development.js:4277:31)
    at beginWork$1 (C:\Users\husey\kiro2\frontend\node_modules\react-dom\cjs\react-dom.development.js:27490:7)
    at performUnitOfWork (C:\Users\husey\kiro2\frontend\node_modules\react-dom\cjs\react-dom.development.js:26599:12) TypeError: Cannot read properties of undefined (reading &apos;student&apos;)
    at useAuth [90m(C:\Users\husey\kiro2\frontend\[39msrc\components\Dashboard\__tests__\ModernDashboard.test.tsx:15:21[90m)[39m
    at [90mC:\Users\husey\kiro2\frontend\[39msrc\components\Dashboard\ModernDashboard.tsx:185:20
    at renderWithHooks [90m(C:\Users\husey\kiro2\frontend\[39mnode_modules\[4mreact-dom[24m\cjs\react-dom.development.js:15486:18[90m)[39m
    at updateFunctionComponent [90m(C:\Users\husey\kiro2\frontend\[39mnode_modules\[4mreact-dom[24m\cjs\react-dom.development.js:19617:20[90m)[39m
    at updateSimpleMemoComponent [90m(C:\Users\husey\kiro2\frontend\[39mnode_modules\[4mreact-dom[24m\cjs\react-dom.development.js:19454:10[90m)[39m
    at updateMemoComponent [90m(C:\Users\husey\kiro2\frontend\[39mnode_modules\[4mreact-dom[24m\cjs\react-dom.development.js:19303:14[90m)[39m
    at beginWork [90m(C:\Users\husey\kiro2\frontend\[39mnode_modules\[4mreact-dom[24m\cjs\react-dom.development.js:21712:16[90m)[39m
    at HTMLUnknownElement.callCallback [90m(C:\Users\husey\kiro2\frontend\[39mnode_modules\[4mreact-dom[24m\cjs\react-dom.development.js:4164:14[90m)[39m
    at HTMLUnknownElement.callTheUserObjectsOperation [90m(C:\Users\husey\kiro2\frontend\[39mnode_modules\[4mjsdom[24m\lib\jsdom\living\generated\EventListener.js:26:30[90m)[39m
    at innerInvokeEventListeners [90m(C:\Users\husey\kiro2\frontend\[39mnode_modules\[4mjsdom[24m\lib\jsdom\living\events\EventTarget-impl.js:350:25[90m)[39m
Error: Uncaught [TypeError: Cannot read properties of undefined (reading &apos;student&apos;)]
    at reportException (C:\Users\husey\kiro2\frontend\node_modules\jsdom\lib\jsdom\living\helpers\runtime-script-errors.js:66:24)
    at innerInvokeEventListeners (C:\Users\husey\kiro2\frontend\node_modules\jsdom\lib\jsdom\living\events\EventTarget-impl.js:353:9)
    at invokeEventListeners (C:\Users\husey\kiro2\frontend\node_modules\jsdom\lib\jsdom\living\events\EventTarget-impl.js:286:3)
    at HTMLUnknownElementImpl._dispatch (C:\Users\husey\kiro2\frontend\node_modules\jsdom\lib\jsdom\living\events\EventTarget-impl.js:233:9)
    at HTMLUnknownElementImpl.dispatchEvent (C:\Users\husey\kiro2\frontend\node_modules\jsdom\lib\jsdom\living\events\EventTarget-impl.js:104:17)
    at HTMLUnknownElement.dispatchEvent (C:\Users\husey\kiro2\frontend\node_modules\jsdom\lib\jsdom\living\generated\EventTarget.js:241:34)
    at Object.invokeGuardedCallbackDev (C:\Users\husey\kiro2\frontend\node_modules\react-dom\cjs\react-dom.development.js:4213:16)
    at invokeGuardedCallback (C:\Users\husey\kiro2\frontend\node_modules\react-dom\cjs\react-dom.development.js:4277:31)
    at beginWork$1 (C:\Users\husey\kiro2\frontend\node_modules\react-dom\cjs\react-dom.development.js:27490:7)
    at performUnitOfWork (C:\Users\husey\kiro2\frontend\node_modules\react-dom\cjs\react-dom.development.js:26599:12) TypeError: Cannot read properties of undefined (reading &apos;student&apos;)
    at useAuth [90m(C:\Users\husey\kiro2\frontend\[39msrc\components\Dashboard\__tests__\ModernDashboard.test.tsx:15:21[90m)[39m
    at [90mC:\Users\husey\kiro2\frontend\[39msrc\components\Dashboard\ModernDashboard.tsx:185:20
    at renderWithHooks [90m(C:\Users\husey\kiro2\frontend\[39mnode_modules\[4mreact-dom[24m\cjs\react-dom.development.js:15486:18[90m)[39m
    at updateFunctionComponent [90m(C:\Users\husey\kiro2\frontend\[39mnode_modules\[4mreact-dom[24m\cjs\react-dom.development.js:19617:20[90m)[39m
    at updateSimpleMemoComponent [90m(C:\Users\husey\kiro2\frontend\[39mnode_modules\[4mreact-dom[24m\cjs\react-dom.development.js:19454:10[90m)[39m
    at updateMemoComponent [90m(C:\Users\husey\kiro2\frontend\[39mnode_modules\[4mreact-dom[24m\cjs\react-dom.development.js:19303:14[90m)[39m
    at beginWork [90m(C:\Users\husey\kiro2\frontend\[39mnode_modules\[4mreact-dom[24m\cjs\react-dom.development.js:21712:16[90m)[39m
    at HTMLUnknownElement.callCallback [90m(C:\Users\husey\kiro2\frontend\[39mnode_modules\[4mreact-dom[24m\cjs\react-dom.development.js:4164:14[90m)[39m
    at HTMLUnknownElement.callTheUserObjectsOperation [90m(C:\Users\husey\kiro2\frontend\[39mnode_modules\[4mjsdom[24m\lib\jsdom\living\generated\EventListener.js:26:30[90m)[39m
    at innerInvokeEventListeners [90m(C:\Users\husey\kiro2\frontend\[39mnode_modules\[4mjsdom[24m\lib\jsdom\living\events\EventTarget-impl.js:350:25[90m)[39m

            </system-err>
            <failure message="Cannot read properties of undefined (reading &apos;student&apos;)" type="TypeError">
TypeError: Cannot read properties of undefined (reading &apos;student&apos;)
 ❯ useAuth src/components/Dashboard/__tests__/ModernDashboard.test.tsx:15:21
 ❯ src/components/Dashboard/ModernDashboard.tsx:185:20
 ❯ renderWithHooks node_modules/react-dom/cjs/react-dom.development.js:15486:18
 ❯ updateFunctionComponent node_modules/react-dom/cjs/react-dom.development.js:19617:20
 ❯ updateSimpleMemoComponent node_modules/react-dom/cjs/react-dom.development.js:19454:10
 ❯ updateMemoComponent node_modules/react-dom/cjs/react-dom.development.js:19303:14
 ❯ beginWork node_modules/react-dom/cjs/react-dom.development.js:21712:16
 ❯ beginWork$1 node_modules/react-dom/cjs/react-dom.development.js:27465:14
 ❯ performUnitOfWork node_modules/react-dom/cjs/react-dom.development.js:26599:12
 ❯ workLoopSync node_modules/react-dom/cjs/react-dom.development.js:26505:5
            </failure>
        </testcase>
    </testsuite>
    <testsuite name="src/components/Chat/__tests__/TurkishChatInterface.test.tsx" timestamp="2025-11-14T16:56:52.675Z" hostname="ates" tests="18" failures="6" errors="0" skipped="0" time="9.3846004">
        <testcase classname="src/components/Chat/__tests__/TurkishChatInterface.test.tsx" name="TurkishChatInterface &gt; renders chat interface correctly" time="0.175784">
        </testcase>
        <testcase classname="src/components/Chat/__tests__/TurkishChatInterface.test.tsx" name="TurkishChatInterface &gt; shows empty state when no messages" time="0.0755053">
        </testcase>
        <testcase classname="src/components/Chat/__tests__/TurkishChatInterface.test.tsx" name="TurkishChatInterface &gt; displays quick action buttons in empty state" time="0.1017417">
            <failure message="Found multiple elements with the text: Konu açıkla

Here are the matching elements:

Ignored nodes: comments, script, style
[36m&lt;span[39m
  [33mclass[39m=[32m&quot;text-sm font-medium&quot;[39m
[36m&gt;[39m
  [0mKonu açıkla[0m
[36m&lt;/span&gt;[39m

Ignored nodes: comments, script, style
[36m&lt;span&gt;[39m
  [0mKonu açıkla[0m
[36m&lt;/span&gt;[39m

(If this is intentional, then use the `*AllBy*` variant of the query (like `queryAllByText`, `getAllByText`, or `findAllByText`)).

Ignored nodes: comments, script, style
[36m&lt;body&gt;[39m
  [36m&lt;div&gt;[39m
    [36m&lt;div[39m
      [33mclass[39m=[32m&quot;flex flex-col h-full bg-white rounded-lg shadow-lg &quot;[39m
    [36m&gt;[39m
      [36m&lt;div[39m
        [33mclass[39m=[32m&quot;flex items-center justify-between p-4 border-b border-gray-200 bg-gradient-to-r from-blue-50 to-indigo-50&quot;[39m
      [36m&gt;[39m
        [36m&lt;div[39m
          [33mclass[39m=[32m&quot;flex items-center space-x-3&quot;[39m
        [36m&gt;[39m
          [36m&lt;div[39m
            [33mclass[39m=[32m&quot;p-2 bg-blue-100 rounded-full&quot;[39m
          [36m&gt;[39m
            [36m&lt;svg[39m
              [33mclass[39m=[32m&quot;w-6 h-6 text-blue-600&quot;[39m
              [33mfill[39m=[32m&quot;none&quot;[39m
              [33mheight[39m=[32m&quot;24&quot;[39m
              [33mstroke[39m=[32m&quot;currentColor&quot;[39m
              [33mstroke-linecap[39m=[32m&quot;round&quot;[39m
              [33mstroke-linejoin[39m=[32m&quot;round&quot;[39m
              [33mstroke-width[39m=[32m&quot;2&quot;[39m
              [33mviewBox[39m=[32m&quot;0 0 24 24&quot;[39m
              [33mwidth[39m=[32m&quot;24&quot;[39m
              [33mxmlns[39m=[32m&quot;http://www.w3.org/2000/svg&quot;[39m
            [36m&gt;[39m
              [36m&lt;rect[39m
                [33mheight[39m=[32m&quot;10&quot;[39m
                [33mrx[39m=[32m&quot;2&quot;[39m
                [33mwidth[39m=[32m&quot;18&quot;[39m
                [33mx[39m=[32m&quot;3&quot;[39m
                [33my[39m=[32m&quot;11&quot;[39m
              [36m/&gt;[39m
              [36m&lt;circle[39m
                [33mcx[39m=[32m&quot;12&quot;[39m
                [33mcy[39m=[32m&quot;5&quot;[39m
                [33mr[39m=[32m&quot;2&quot;[39m
              [36m/&gt;[39m
              [36m&lt;path[39m
                [33md[39m=[32m&quot;M12 7v4&quot;[39m
              [36m/&gt;[39m
              [36m&lt;line[39m
                [33mx1[39m=[32m&quot;8&quot;[39m
                [33mx2[39m=[32m&quot;8&quot;[39m
                [33my1[39m=[32m&quot;16&quot;[39m
                [33my2[39m=[32m&quot;16&quot;[39m
              [36m/&gt;[39m
              [36m&lt;line[39m
                [33mx1[39m=[32m&quot;16&quot;[39m
                [33mx2[39m=[32m&quot;16&quot;[39m
                [33my1[39m=[32m&quot;16&quot;[39m
                [33my2[39m=[32m&quot;16&quot;[39m
              [36m/&gt;[39m
            [36m&lt;/svg&gt;[39m
          [36m&lt;/div&gt;[39m
          [36m&lt;div&gt;[39m
            [36m&lt;h2[39m
              [33mclass[39m=[32m&quot;font-semibold text-gray-800&quot;[39m
            [36m&gt;[39m
              [0mTürkçe AI Asistan[0m
            [36m&lt;/h2&gt;[39m
            [36m&lt;p[39m
              [33mclass[39m=[32m&quot;text-sm text-gray-600&quot;[39m
            [36m&gt;[39m
              [0mmatematik[0m
              [0m • [0m
              [0mBağlı[0m
            [36m&lt;/p&gt;[39m
          [36m&lt;/div&gt;[39m
        [36m&lt;/div&gt;[39m
        [36m&lt;div[39m
          [33mclass[39m=[32m&quot;flex items-center space-x-2&quot;[39m
        [36m&gt;[39m
          [36m&lt;div[39m
            [33mclass[39m=[32m&quot;flex items-center space-x-1&quot;[39m
          [36m&gt;[39m
            [36m&lt;svg[39m
              [33mclass[39m=[32m&quot;w-4 h-4 text-green-500&quot;[39m
              [33mfill[39m=[32m&quot;none&quot;[39m
              [33mheight[39m=[32m&quot;24&quot;[39m
              [33mstroke[39m=[32m&quot;currentColor&quot;[39m
              [33mstroke-linecap[39m=[32m&quot;round&quot;[39m
              [33mstroke-linejoin[39m=[32m&quot;round&quot;[39m
              [33mstroke-width[39m=[32m&quot;2&quot;[39m
              [33mviewBox[39m=[32m&quot;0 0 24 24&quot;[39m
              [33mwidth[39m=[32m&quot;24&quot;[39m
              [33mxmlns[39m=[32m&quot;http://www.w3.org/2000/svg&quot;[39m
            [36m&gt;[39m
              [36m&lt;path[39m
                [33md[39m=[32m&quot;M5 13a10 10 0 0 1 14 0&quot;[39m
              [36m/&gt;[39m
              [36m&lt;path[39m
                [33md[39m=[32m&quot;M8.5 16.5a5 5 0 0 1 7 0&quot;[39m
              [36m/&gt;[39m
              [36m&lt;path[39m
                [33md[39m=[32m&quot;M2 8.82a15 15 0 0 1 20 0&quot;[39m
              [36m/&gt;[39m
              [36m&lt;line[39m
                [33mx1[39m=[32m&quot;12&quot;[39m
                [33mx2[39m=[32m&quot;12.01&quot;[39m
                [33my1[39m=[32m&quot;20&quot;[39m
                [33my2[39m=[32m&quot;20&quot;[39m
              [36m/&gt;[39m
            [36m&lt;/svg&gt;[39m
          [36m&lt;/div&gt;[39m
          [36m&lt;button[39m
            [33mclass[39m=[32m&quot;p-2 text-gray-500 hover:text-gray-700 hover:bg-gray-100 rounded-full transition-colors&quot;[39m
          [36m&gt;[39m
            [36m&lt;svg[39m
              [33mclass[39m=[32m&quot;w-5 h-5&quot;[39m
              [33mfill[39m=[32m&quot;none&quot;[39m
              [33mheight[39m=[32m&quot;24&quot;[39m
              [33mstroke[39m=[32m&quot;currentColor&quot;[39m
              [33mstroke-linecap[39m=[32m&quot;round&quot;[39m
              [33mstroke-linejoin[39m=[32m&quot;round&quot;[39m
              [33mstroke-width[39m=[32m&quot;2&quot;[39m
              [33mviewBox[39m=[32m&quot;0 0 24 24&quot;[39m
              [33mwidth[39m=[32m&quot;24&quot;[39m
              [33mxmlns[39m=[32m&quot;http://www.w3.org/2000/svg&quot;[39m
            [36m&gt;[39m
              [36m&lt;path[39m
                [33md[39m=[32m&quot;M12.22 2h-.44a2 2 0 0 0-2 2v.18a2 2 0 0 1-1 1.73l-.43.25a2 2 0 0 1-2 0l-.15-.08a2 2 0 0 0-2.73.73l-.22.38a2 2 0 0 0 .73 2.73l.15.1a2 2 0 0 1 1 1.72v.51a2 2 0 0 1-1 1.74l-.15.09a2 2 0 0 0-.73 2.73l.22.38a2 2 0 0 0 2.73.73l.15-.08a2 2 0 0 1 2 0l.43.25a2 2 0 0 1 1 1.73V20a2 2 0 0 0 2 2h.44a2 2 0 0 0 2-2v-.18a2 2 0 0 1 1-1.73l.43-.25a2 2 0 0 1 2 0l.15.08a2 2 0 0 0 2.73-.73l.22-.39a2 2 0 0 0-.73-2.73l-.15-.08a2 2 0 0 1-1-1.74v-.5a2 2 0 0 1 1-1.74l.15-.09a2 2 0 0 0 .73-2.73l-.22-.38a2 2 0 0 0-2.73-.73l-.15.08a2 2 0 0 1-2 0l-.43-.25a2 2 0 0 1-1-1.73V4a2 2 0 0 0-2-2z&quot;[39m
              [36m/&gt;[39m
              [36m&lt;circle[39m
                [33mcx[39m=[32m&quot;12&quot;[39m
                [33mcy[39m=[32m&quot;12&quot;[39m
                [33mr[39m=[32m&quot;3&quot;[39m
              [36m/&gt;[39m
            [36m&lt;/svg&gt;[39m
          [36m&lt;/button&gt;[39m
          [36m&lt;button[39m
            [33mclass[39m=[32m&quot;p-2 text-gray-500 hover:text-gray-700 hover:bg-gray-100 rounded-full transition-colors&quot;[39m
          [36m&gt;[39m
            [36m&lt;svg[39m
              [33mclass[39m=[32m&quot;w-5 h-5&quot;[39m
              [33mfill[39m=[32m&quot;none&quot;[39m
              [33mheight[39m=[32m&quot;24&quot;[39m
              [33mstroke[39m=[32m&quot;currentColor&quot;[39m
              [33mstroke-linecap[39m=[32m&quot;round&quot;[39m
              [33mstroke-linejoin[39m=[32m&quot;round&quot;[39m
              [33mstroke-width[39m=[32m&quot;2&quot;[39m
              [33mviewBox[39m=[32m&quot;0 0 24 24&quot;[39m
              [33mwidth[39m=[32m&quot;24&quot;[39m
              [33mxmlns[39m=[32m&quot;http://www.w3.org/2000/svg&quot;[39m
            [36m&gt;[39m
              [36m&lt;path[39m
                [33md[39m=[32m&quot;M3 12a9 9 0 1 0 9-9 9.75 9.75 0 0 0-6.74 2.74L3 8&quot;[39m
              [36m/&gt;[39m
              [36m&lt;path[39m
                [33md[39m=[32m&quot;M3 3v5h5&quot;[39m
              [36m/&gt;[39m
              [36m&lt;path[39m
                [33md[39m=[32m&quot;M12 7v5l4 2&quot;[39m
             ..." type="TestingLibraryElementError">
TestingLibraryElementError: Found multiple elements with the text: Konu açıkla

Here are the matching elements:

Ignored nodes: comments, script, style
&lt;span
  class=&quot;text-sm font-medium&quot;
&gt;
  Konu açıkla
&lt;/span&gt;

Ignored nodes: comments, script, style
&lt;span&gt;
  Konu açıkla
&lt;/span&gt;

(If this is intentional, then use the `*AllBy*` variant of the query (like `queryAllByText`, `getAllByText`, or `findAllByText`)).

Ignored nodes: comments, script, style
&lt;body&gt;
  &lt;div&gt;
    &lt;div
      class=&quot;flex flex-col h-full bg-white rounded-lg shadow-lg &quot;
    &gt;
      &lt;div
        class=&quot;flex items-center justify-between p-4 border-b border-gray-200 bg-gradient-to-r from-blue-50 to-indigo-50&quot;
      &gt;
        &lt;div
          class=&quot;flex items-center space-x-3&quot;
        &gt;
          &lt;div
            class=&quot;p-2 bg-blue-100 rounded-full&quot;
          &gt;
            &lt;svg
              class=&quot;w-6 h-6 text-blue-600&quot;
              fill=&quot;none&quot;
              height=&quot;24&quot;
              stroke=&quot;currentColor&quot;
              stroke-linecap=&quot;round&quot;
              stroke-linejoin=&quot;round&quot;
              stroke-width=&quot;2&quot;
              viewBox=&quot;0 0 24 24&quot;
              width=&quot;24&quot;
              xmlns=&quot;http://www.w3.org/2000/svg&quot;
            &gt;
              &lt;rect
                height=&quot;10&quot;
                rx=&quot;2&quot;
                width=&quot;18&quot;
                x=&quot;3&quot;
                y=&quot;11&quot;
              /&gt;
              &lt;circle
                cx=&quot;12&quot;
                cy=&quot;5&quot;
                r=&quot;2&quot;
              /&gt;
              &lt;path
                d=&quot;M12 7v4&quot;
              /&gt;
              &lt;line
                x1=&quot;8&quot;
                x2=&quot;8&quot;
                y1=&quot;16&quot;
                y2=&quot;16&quot;
              /&gt;
              &lt;line
                x1=&quot;16&quot;
                x2=&quot;16&quot;
                y1=&quot;16&quot;
                y2=&quot;16&quot;
              /&gt;
            &lt;/svg&gt;
          &lt;/div&gt;
          &lt;div&gt;
            &lt;h2
              class=&quot;font-semibold text-gray-800&quot;
            &gt;
              Türkçe AI Asistan
            &lt;/h2&gt;
            &lt;p
              class=&quot;text-sm text-gray-600&quot;
            &gt;
              matematik
               • 
              Bağlı
            &lt;/p&gt;
          &lt;/div&gt;
        &lt;/div&gt;
        &lt;div
          class=&quot;flex items-center space-x-2&quot;
        &gt;
          &lt;div
            class=&quot;flex items-center space-x-1&quot;
          &gt;
            &lt;svg
              class=&quot;w-4 h-4 text-green-500&quot;
              fill=&quot;none&quot;
              height=&quot;24&quot;
              stroke=&quot;currentColor&quot;
              stroke-linecap=&quot;round&quot;
              stroke-linejoin=&quot;round&quot;
              stroke-width=&quot;2&quot;
              viewBox=&quot;0 0 24 24&quot;
              width=&quot;24&quot;
              xmlns=&quot;http://www.w3.org/2000/svg&quot;
            &gt;
              &lt;path
                d=&quot;M5 13a10 10 0 0 1 14 0&quot;
              /&gt;
              &lt;path
                d=&quot;M8.5 16.5a5 5 0 0 1 7 0&quot;
              /&gt;
              &lt;path
                d=&quot;M2 8.82a15 15 0 0 1 20 0&quot;
              /&gt;
              &lt;line
                x1=&quot;12&quot;
                x2=&quot;12.01&quot;
                y1=&quot;20&quot;
                y2=&quot;20&quot;
              /&gt;
            &lt;/svg&gt;
          &lt;/div&gt;
          &lt;button
            class=&quot;p-2 text-gray-500 hover:text-gray-700 hover:bg-gray-100 rounded-full transition-colors&quot;
          &gt;
            &lt;svg
              class=&quot;w-5 h-5&quot;
              fill=&quot;none&quot;
              height=&quot;24&quot;
              stroke=&quot;currentColor&quot;
              stroke-linecap=&quot;round&quot;
              stroke-linejoin=&quot;round&quot;
              stroke-width=&quot;2&quot;
              viewBox=&quot;0 0 24 24&quot;
              width=&quot;24&quot;
              xmlns=&quot;http://www.w3.org/2000/svg&quot;
            &gt;
              &lt;path
                d=&quot;M12.22 2h-.44a2 2 0 0 0-2 2v.18a2 2 0 0 1-1 1.73l-.43.25a2 2 0 0 1-2 0l-.15-.08a2 2 0 0 0-2.73.73l-.22.38a2 2 0 0 0 .73 2.73l.15.1a2 2 0 0 1 1 1.72v.51a2 2 0 0 1-1 1.74l-.15.09a2 2 0 0 0-.73 2.73l.22.38a2 2 0 0 0 2.73.73l.15-.08a2 2 0 0 1 2 0l.43.25a2 2 0 0 1 1 1.73V20a2 2 0 0 0 2 2h.44a2 2 0 0 0 2-2v-.18a2 2 0 0 1 1-1.73l.43-.25a2 2 0 0 1 2 0l.15.08a2 2 0 0 0 2.73-.73l.22-.39a2 2 0 0 0-.73-2.73l-.15-.08a2 2 0 0 1-1-1.74v-.5a2 2 0 0 1 1-1.74l.15-.09a2 2 0 0 0 .73-2.73l-.22-.38a2 2 0 0 0-2.73-.73l-.15.08a2 2 0 0 1-2 0l-.43-.25a2 2 0 0 1-1-1.73V4a2 2 0 0 0-2-2z&quot;
              /&gt;
              &lt;circle
                cx=&quot;12&quot;
                cy=&quot;12&quot;
                r=&quot;3&quot;
              /&gt;
            &lt;/svg&gt;
          &lt;/button&gt;
          &lt;button
            class=&quot;p-2 text-gray-500 hover:text-gray-700 hover:bg-gray-100 rounded-full transition-colors&quot;
          &gt;
            &lt;svg
              class=&quot;w-5 h-5&quot;
              fill=&quot;none&quot;
              height=&quot;24&quot;
              stroke=&quot;currentColor&quot;
              stroke-linecap=&quot;round&quot;
              stroke-linejoin=&quot;round&quot;
              stroke-width=&quot;2&quot;
              viewBox=&quot;0 0 24 24&quot;
              width=&quot;24&quot;
              xmlns=&quot;http://www.w3.org/2000/svg&quot;
            &gt;
              &lt;path
                d=&quot;M3 12a9 9 0 1 0 9-9 9.75 9.75 0 0 0-6.74 2.74L3 8&quot;
              /&gt;
              &lt;path
                d=&quot;M3 3v5h5&quot;
              /&gt;
              &lt;path
                d=&quot;M12 7v5l4 2&quot;
             ...
 ❯ Object.getElementError node_modules/@testing-library/react/node_modules/@testing-library/dom/dist/config.js:37:19
 ❯ getElementError node_modules/@testing-library/react/node_modules/@testing-library/dom/dist/query-helpers.js:20:35
 ❯ getMultipleElementsFoundError node_modules/@testing-library/react/node_modules/@testing-library/dom/dist/query-helpers.js:23:10
 ❯ node_modules/@testing-library/react/node_modules/@testing-library/dom/dist/query-helpers.js:55:13
 ❯ node_modules/@testing-library/react/node_modules/@testing-library/dom/dist/query-helpers.js:95:19
 ❯ src/components/Chat/__tests__/TurkishChatInterface.test.tsx:72:19
            </failure>
        </testcase>
        <testcase classname="src/components/Chat/__tests__/TurkishChatInterface.test.tsx" name="TurkishChatInterface &gt; handles text input correctly" time="0.9225647">
        </testcase>
        <testcase classname="src/components/Chat/__tests__/TurkishChatInterface.test.tsx" name="TurkishChatInterface &gt; sends message when form is submitted" time="1.030202">
            <failure message="Unable to find an accessible element with the role &quot;button&quot; and name `/gönder/i`

Here are the accessible roles:

  heading:

  Name &quot;Türkçe AI Asistan&quot;:
  [36m&lt;h2[39m
    [33mclass[39m=[32m&quot;font-semibold text-gray-800&quot;[39m
  [36m/&gt;[39m

  --------------------------------------------------
  button:

  Name &quot;&quot;:
  [36m&lt;button[39m
    [33mclass[39m=[32m&quot;p-2 text-gray-500 hover:text-gray-700 hover:bg-gray-100 rounded-full transition-colors&quot;[39m
  [36m/&gt;[39m

  Name &quot;&quot;:
  [36m&lt;button[39m
    [33mclass[39m=[32m&quot;p-2 text-gray-500 hover:text-gray-700 hover:bg-gray-100 rounded-full transition-colors&quot;[39m
  [36m/&gt;[39m

  Name &quot;&quot;:
  [36m&lt;button[39m
    [33mclass[39m=[32m&quot;p-2 text-gray-500 hover:text-red-600 hover:bg-red-50 rounded-full transition-colors&quot;[39m
  [36m/&gt;[39m

  Name &quot;Konu açıkla&quot;:
  [36m&lt;button[39m
    [33mclass[39m=[32m&quot;flex items-center space-x-2 p-3 bg-gray-50 hover:bg-gray-100 rounded-lg transition-colors text-left&quot;[39m
  [36m/&gt;[39m

  Name &quot;Soru sor&quot;:
  [36m&lt;button[39m
    [33mclass[39m=[32m&quot;flex items-center space-x-2 p-3 bg-gray-50 hover:bg-gray-100 rounded-lg transition-colors text-left&quot;[39m
  [36m/&gt;[39m

  Name &quot;Örnek ver&quot;:
  [36m&lt;button[39m
    [33mclass[39m=[32m&quot;flex items-center space-x-2 p-3 bg-gray-50 hover:bg-gray-100 rounded-lg transition-colors text-left&quot;[39m
  [36m/&gt;[39m

  Name &quot;Özet çıkar&quot;:
  [36m&lt;button[39m
    [33mclass[39m=[32m&quot;flex items-center space-x-2 p-3 bg-gray-50 hover:bg-gray-100 rounded-lg transition-colors text-left&quot;[39m
  [36m/&gt;[39m

  Name &quot;Konu açıkla&quot;:
  [36m&lt;button[39m
    [33mclass[39m=[32m&quot;flex items-center space-x-1 text-xs px-3 py-1.5 bg-white hover:bg-gray-100 border border-gray-200 rounded-full transition-colors&quot;[39m
    [33mtype[39m=[32m&quot;button&quot;[39m
  [36m/&gt;[39m

  Name &quot;Soru sor&quot;:
  [36m&lt;button[39m
    [33mclass[39m=[32m&quot;flex items-center space-x-1 text-xs px-3 py-1.5 bg-white hover:bg-gray-100 border border-gray-200 rounded-full transition-colors&quot;[39m
    [33mtype[39m=[32m&quot;button&quot;[39m
  [36m/&gt;[39m

  Name &quot;Örnek ver&quot;:
  [36m&lt;button[39m
    [33mclass[39m=[32m&quot;flex items-center space-x-1 text-xs px-3 py-1.5 bg-white hover:bg-gray-100 border border-gray-200 rounded-full transition-colors&quot;[39m
    [33mtype[39m=[32m&quot;button&quot;[39m
  [36m/&gt;[39m

  Name &quot;Özet çıkar&quot;:
  [36m&lt;button[39m
    [33mclass[39m=[32m&quot;flex items-center space-x-1 text-xs px-3 py-1.5 bg-white hover:bg-gray-100 border border-gray-200 rounded-full transition-colors&quot;[39m
    [33mtype[39m=[32m&quot;button&quot;[39m
  [36m/&gt;[39m

  Name &quot;&quot;:
  [36m&lt;button[39m
    [33mclass[39m=[32m&quot;p-3 bg-blue-500 text-white rounded-lg hover:bg-blue-600 focus:outline-none focus:ring-2 focus:ring-blue-500 disabled:opacity-50 disabled:cursor-not-allowed transition-colors&quot;[39m
    [33mdisabled[39m=[32m&quot;&quot;[39m
    [33mtype[39m=[32m&quot;submit&quot;[39m
  [36m/&gt;[39m

  --------------------------------------------------
  textbox:

  Name &quot;&quot;:
  [36m&lt;textarea[39m
    [33mclass[39m=[32m&quot;w-full px-4 py-3 pr-12 border border-gray-300 rounded-lg focus:outline-none focus:ring-2 focus:ring-blue-500 focus:border-transparent disabled:opacity-50 resize-none&quot;[39m
    [33mplaceholder[39m=[32m&quot;Mesajınızı Türkçe yazın...&quot;[39m
    [33mrows[39m=[32m&quot;1&quot;[39m
    [33mstyle[39m=[32m&quot;min-height: 48px; max-height: 120px;&quot;[39m
  [36m/&gt;[39m

  --------------------------------------------------

Ignored nodes: comments, script, style
[36m&lt;body&gt;[39m
  [36m&lt;div&gt;[39m
    [36m&lt;div[39m
      [33mclass[39m=[32m&quot;flex flex-col h-full bg-white rounded-lg shadow-lg &quot;[39m
    [36m&gt;[39m
      [36m&lt;div[39m
        [33mclass[39m=[32m&quot;flex items-center justify-between p-4 border-b border-gray-200 bg-gradient-to-r from-blue-50 to-indigo-50&quot;[39m
      [36m&gt;[39m
        [36m&lt;div[39m
          [33mclass[39m=[32m&quot;flex items-center space-x-3&quot;[39m
        [36m&gt;[39m
          [36m&lt;div[39m
            [33mclass[39m=[32m&quot;p-2 bg-blue-100 rounded-full&quot;[39m
          [36m&gt;[39m
            [36m&lt;svg[39m
              [33mclass[39m=[32m&quot;w-6 h-6 text-blue-600&quot;[39m
              [33mfill[39m=[32m&quot;none&quot;[39m
              [33mheight[39m=[32m&quot;24&quot;[39m
              [33mstroke[39m=[32m&quot;currentColor&quot;[39m
              [33mstroke-linecap[39m=[32m&quot;round&quot;[39m
              [33mstroke-linejoin[39m=[32m&quot;round&quot;[39m
              [33mstroke-width[39m=[32m&quot;2&quot;[39m
              [33mviewBox[39m=[32m&quot;0 0 24 24&quot;[39m
              [33mwidth[39m=[32m&quot;24&quot;[39m
              [33mxmlns[39m=[32m&quot;http://www.w3.org/2000/svg&quot;[39m
            [36m&gt;[39m
              [36m&lt;rect[39m
                [33mheight[39m=[32m&quot;10&quot;[39m
                [33mrx[39m=[32m&quot;2&quot;[39m
                [33mwidth[39m=[32m&quot;18&quot;[39m
                [33mx[39m=[32m&quot;3&quot;[39m
                [33my[39m=[32m&quot;11&quot;[39m
              [36m/&gt;[39m
              [36m&lt;circle[39m
                [33mcx[39m=[32m&quot;12&quot;[39m
                [33mcy[39m=[32m&quot;5&quot;[39m
                [33mr[39m=[32m&quot;2&quot;[39m
              [36m/&gt;[39m
              [36m&lt;path[39m
                [33md[39m=[32m&quot;M12 7v4&quot;[39m
              [36m/&gt;[39m
              [36m&lt;line[39m
                [33mx1[39m=[32m&quot;8&quot;[39m
                [33mx2[39m=[32m&quot;8&quot;[39m
                [33my1[39m=[32m&quot;16&quot;[39m
                [33my2[39m=[32m&quot;16&quot;[39m
              [36m/&gt;[39m
              [36m&lt;line[39m
                [33mx1[39m=[32m&quot;16&quot;[39m
                [33mx2[39m=[32m&quot;16&quot;[39m
                [33my1[39m=[32m&quot;16&quot;[39m
                [33my2[39m=[32m&quot;16&quot;[39m
              [36m/&gt;[39m
            [36m&lt;/svg&gt;[39m
          [36m&lt;/div&gt;[39m
          [36m&lt;div&gt;[39m
            [36m&lt;h2[39m
              [33mclass[39m=[32m&quot;font-semibold text-gray-800&quot;[39m
            [36m&gt;[39m
              [0mTürkçe AI Asistan[0m
            [36m&lt;/h2&gt;[39m
            [36m&lt;p[39m
              [33mclass[39m=[32m&quot;text-sm text-gray-600&quot;[39m
            [36m&gt;[39m
              [0mmatematik[0m
              [0m • [0m
              [0mBağlı[0m
            [36m&lt;/p&gt;[39m
          [36m&lt;/div&gt;[39m
        [36m&lt;/div&gt;[39m
        [36m&lt;div[39m
          [33mclass[39m=[32m&quot;flex items-center space-x-2&quot;[39m
        [36m&gt;[39m
          [36m&lt;div[39m
            [33mclass[39m=[32m&quot;flex items-center space-x-1&quot;[39m
          [36m&gt;[39m
            [36m&lt;svg[39m
              [33mclass[39m=[32m&quot;w-4 h-4 text-green-500&quot;[39m
              [33mfill[39m=[32m&quot;none&quot;[39m
              [33mheight[39m=[32m&quot;24&quot;[39m
              [33mstroke[39m=[32m&quot;currentColor&quot;[39m
              [33mstroke-linecap[39m=[32m&quot;round&quot;[39m
              [33mstroke-linejoin[39m=[32m&quot;round&quot;[39m
              [33mstroke-width[39m=[32m&quot;2&quot;[39m
              [33mviewBox[39m=[32m&quot;0 0 24 24&quot;[39m
              [33mwidth[39m=[32m&quot;24&quot;[39m
              [33mxmlns[39m=[32m&quot;http://www.w3.org/2000/svg&quot;[39m
            [36m&gt;[39m
              [36m&lt;path[39m
                [33md[39m=[32m&quot;M5 13a10 10 0 0 1 14 0&quot;[39m
              [36m/&gt;[39m
              [36m&lt;path[39m
                [33md[39m=[32m&quot;M8.5 16.5a5 5 0 0 1 7 0&quot;[39m
              [36m/&gt;[39m
              [36m&lt;path[39m
                [33md[39m=[32m&quot;M2 8.82a15 15 0 0 1 20 0&quot;[39m
              [36m/&gt;[39m
              [36m&lt;line[39m
                [33mx1[39m=[32m&quot;12&quot;[39m
                [33mx2[39m=[32m&quot;12.01&quot;[39m
                [33my1[39m=[32m&quot;20&quot;[39m
                [33my2[39m=[32m&quot;20&quot;[39m
              [36m/&gt;[39m
            [36m&lt;/svg&gt;[39m
          [36m&lt;/div&gt;[39m
          [36m&lt;button[39m
            [33mclass[39m=[32m&quot;p-2 text-gray-500 hover:text-gray-700 hover:bg-gray-100 rounded-full transition-colors&quot;[39m
          [36m&gt;[39m
            [36m&lt;svg[39m
              [33mclass[39m=[32m&quot;w-5 h-5&quot;[39m
              [33mfill[39m=[32m&quot;none&quot;[39m
              [33mheight[39m=[32m&quot;24&quot;[39m
              [33mstroke[39m=[32m&quot;currentColor&quot;[39m
              [33mstroke-linecap[39m=[32m&quot;round&quot;[39m
              [33mstroke-linejoin[39m=[32m&quot;round&quot;[39m
              [33mstroke-width[39m=[32m&quot;2&quot;[39m
              [33mviewBox[39m=[32m&quot;0 0 24 24&quot;[39m
              [33mwidth[39m=[32m&quot;24&quot;[39m
              [33mxmlns[39m=[32m&quot;http://www.w3.org/2000/svg&quot;[39m
            [36m&gt;[39m
              [36m&lt;path[39m
                [33md[39m=[32m&quot;M12.22 2h-.44a2 2 0 0 0-2 2v.18a2 2 0 0 1-1 1.73l-.43.25a2 2 0 0 1-2 0l-.15-.08a2 2 0 0 0-2.73.73l-.22.38a2 2 0 0 0 .73 2.73l.15.1a2 2 0 0 1 1 1.72v.51a2 2 0 0 1-1 1.74l-.15.09a2 2 0 0 0-.73 2.73l.22.38a2 2 0 0 0 2.73.73l.15-.08a2 2 0 0 1 2 0l.43.25a2 2 0 0 1 1 1.73V20a2 2 0 0 0 2 2h.44a2 2 0 0 0 2-2v-.18a2 2 0 0 1 1-1.73l.43-.25a2 2 0 0 1 2 0l.15.08a2 2 0 0 0 2.73-.73l.22-.39a2 2 0 0 0-.73-2.73l-.15-.08a2 2 0 0 1-1-1.74v-.5a2 2 0 0 1 1-1.74l.15-.09a2 2 0 0 0 .73-2.73l-.22-.38a2 2 0 0 0-2.73-.73l-.15.08a2 2 0 0 1-2 0l-.43-.25a2 2 0 0 1-1-1.73V4a2 2 0 0 0-2-2z&quot;[39m
              [36m/&gt;[39m
              [36m&lt;circle[39m
                [33mcx[39m=[32m&quot;12&quot;[39m
                [33mcy[39m=[32m&quot;12&quot;[39m
                [33mr[39m=[32m&quot;3&quot;[39m
              [36m/&gt;[39m
            [36m&lt;/svg&gt;[39m
          [36m&lt;/button&gt;[39m
          [36m&lt;button[39m
            [33mclass[39m=[32m&quot;p-2 text-gray-500 hover:text-gray-700 hover:bg-gray-100 rounded-full transition-colors&quot;[39m
          [36m&gt;[39m
            [36m&lt;svg[39m
              [33mclass[39m=[32m&quot;w-5 h-5&quot;[39m
              [33mfill[39m=[32m&quot;none&quot;[39m
              [33mheight[39m=[32m&quot;24&quot;[39m
              [33mstroke[39m=[32m&quot;currentColor&quot;[39m
              [33mstroke-linecap[39m=[32m&quot;round&quot;[39m
              [33mstroke-linejoin[39m=[32m&quot;round&quot;[39m
              [33mstroke-width[39m=[32m&quot;2&quot;[39m
              [33mviewBox[39m=[32m&quot;0 0 24 24&quot;[39m
              [33mwidth[39m=[32m&quot;24&quot;[39m
              [33mxmlns[39m=[32m&quot;http://www.w3.org/2000/svg&quot;[39m
            [36m&gt;[39m
              [36m&lt;path[39m
                [33md[39m=[32m&quot;M3 12a9 9 0 1 0 9-9 9.75 9.75 0 0 0-6.74 2.74L3 8&quot;[39m
              [36m/&gt;[39m
              [36m&lt;path[39m
                [33md[39m=[32m&quot;M3 3v5h5&quot;[39m
              [36m/&gt;[39m
              [36m&lt;path[39m
                [33md[39m=[32m&quot;M12 7v5l4 2&quot;[39m
             ..." type="TestingLibraryElementError">
TestingLibraryElementError: Unable to find an accessible element with the role &quot;button&quot; and name `/gönder/i`

Here are the accessible roles:

  heading:

  Name &quot;Türkçe AI Asistan&quot;:
  &lt;h2
    class=&quot;font-semibold text-gray-800&quot;
  /&gt;

  --------------------------------------------------
  button:

  Name &quot;&quot;:
  &lt;button
    class=&quot;p-2 text-gray-500 hover:text-gray-700 hover:bg-gray-100 rounded-full transition-colors&quot;
  /&gt;

  Name &quot;&quot;:
  &lt;button
    class=&quot;p-2 text-gray-500 hover:text-gray-700 hover:bg-gray-100 rounded-full transition-colors&quot;
  /&gt;

  Name &quot;&quot;:
  &lt;button
    class=&quot;p-2 text-gray-500 hover:text-red-600 hover:bg-red-50 rounded-full transition-colors&quot;
  /&gt;

  Name &quot;Konu açıkla&quot;:
  &lt;button
    class=&quot;flex items-center space-x-2 p-3 bg-gray-50 hover:bg-gray-100 rounded-lg transition-colors text-left&quot;
  /&gt;

  Name &quot;Soru sor&quot;:
  &lt;button
    class=&quot;flex items-center space-x-2 p-3 bg-gray-50 hover:bg-gray-100 rounded-lg transition-colors text-left&quot;
  /&gt;

  Name &quot;Örnek ver&quot;:
  &lt;button
    class=&quot;flex items-center space-x-2 p-3 bg-gray-50 hover:bg-gray-100 rounded-lg transition-colors text-left&quot;
  /&gt;

  Name &quot;Özet çıkar&quot;:
  &lt;button
    class=&quot;flex items-center space-x-2 p-3 bg-gray-50 hover:bg-gray-100 rounded-lg transition-colors text-left&quot;
  /&gt;

  Name &quot;Konu açıkla&quot;:
  &lt;button
    class=&quot;flex items-center space-x-1 text-xs px-3 py-1.5 bg-white hover:bg-gray-100 border border-gray-200 rounded-full transition-colors&quot;
    type=&quot;button&quot;
  /&gt;

  Name &quot;Soru sor&quot;:
  &lt;button
    class=&quot;flex items-center space-x-1 text-xs px-3 py-1.5 bg-white hover:bg-gray-100 border border-gray-200 rounded-full transition-colors&quot;
    type=&quot;button&quot;
  /&gt;

  Name &quot;Örnek ver&quot;:
  &lt;button
    class=&quot;flex items-center space-x-1 text-xs px-3 py-1.5 bg-white hover:bg-gray-100 border border-gray-200 rounded-full transition-colors&quot;
    type=&quot;button&quot;
  /&gt;

  Name &quot;Özet çıkar&quot;:
  &lt;button
    class=&quot;flex items-center space-x-1 text-xs px-3 py-1.5 bg-white hover:bg-gray-100 border border-gray-200 rounded-full transition-colors&quot;
    type=&quot;button&quot;
  /&gt;

  Name &quot;&quot;:
  &lt;button
    class=&quot;p-3 bg-blue-500 text-white rounded-lg hover:bg-blue-600 focus:outline-none focus:ring-2 focus:ring-blue-500 disabled:opacity-50 disabled:cursor-not-allowed transition-colors&quot;
    disabled=&quot;&quot;
    type=&quot;submit&quot;
  /&gt;

  --------------------------------------------------
  textbox:

  Name &quot;&quot;:
  &lt;textarea
    class=&quot;w-full px-4 py-3 pr-12 border border-gray-300 rounded-lg focus:outline-none focus:ring-2 focus:ring-blue-500 focus:border-transparent disabled:opacity-50 resize-none&quot;
    placeholder=&quot;Mesajınızı Türkçe yazın...&quot;
    rows=&quot;1&quot;
    style=&quot;min-height: 48px; max-height: 120px;&quot;
  /&gt;

  --------------------------------------------------

Ignored nodes: comments, script, style
&lt;body&gt;
  &lt;div&gt;
    &lt;div
      class=&quot;flex flex-col h-full bg-white rounded-lg shadow-lg &quot;
    &gt;
      &lt;div
        class=&quot;flex items-center justify-between p-4 border-b border-gray-200 bg-gradient-to-r from-blue-50 to-indigo-50&quot;
      &gt;
        &lt;div
          class=&quot;flex items-center space-x-3&quot;
        &gt;
          &lt;div
            class=&quot;p-2 bg-blue-100 rounded-full&quot;
          &gt;
            &lt;svg
              class=&quot;w-6 h-6 text-blue-600&quot;
              fill=&quot;none&quot;
              height=&quot;24&quot;
              stroke=&quot;currentColor&quot;
              stroke-linecap=&quot;round&quot;
              stroke-linejoin=&quot;round&quot;
              stroke-width=&quot;2&quot;
              viewBox=&quot;0 0 24 24&quot;
              width=&quot;24&quot;
              xmlns=&quot;http://www.w3.org/2000/svg&quot;
            &gt;
              &lt;rect
                height=&quot;10&quot;
                rx=&quot;2&quot;
                width=&quot;18&quot;
                x=&quot;3&quot;
                y=&quot;11&quot;
              /&gt;
              &lt;circle
                cx=&quot;12&quot;
                cy=&quot;5&quot;
                r=&quot;2&quot;
              /&gt;
              &lt;path
                d=&quot;M12 7v4&quot;
              /&gt;
              &lt;line
                x1=&quot;8&quot;
                x2=&quot;8&quot;
                y1=&quot;16&quot;
                y2=&quot;16&quot;
              /&gt;
              &lt;line
                x1=&quot;16&quot;
                x2=&quot;16&quot;
                y1=&quot;16&quot;
                y2=&quot;16&quot;
              /&gt;
            &lt;/svg&gt;
          &lt;/div&gt;
          &lt;div&gt;
            &lt;h2
              class=&quot;font-semibold text-gray-800&quot;
            &gt;
              Türkçe AI Asistan
            &lt;/h2&gt;
            &lt;p
              class=&quot;text-sm text-gray-600&quot;
            &gt;
              matematik
               • 
              Bağlı
            &lt;/p&gt;
          &lt;/div&gt;
        &lt;/div&gt;
        &lt;div
          class=&quot;flex items-center space-x-2&quot;
        &gt;
          &lt;div
            class=&quot;flex items-center space-x-1&quot;
          &gt;
            &lt;svg
              class=&quot;w-4 h-4 text-green-500&quot;
              fill=&quot;none&quot;
              height=&quot;24&quot;
              stroke=&quot;currentColor&quot;
              stroke-linecap=&quot;round&quot;
              stroke-linejoin=&quot;round&quot;
              stroke-width=&quot;2&quot;
              viewBox=&quot;0 0 24 24&quot;
              width=&quot;24&quot;
              xmlns=&quot;http://www.w3.org/2000/svg&quot;
            &gt;
              &lt;path
                d=&quot;M5 13a10 10 0 0 1 14 0&quot;
              /&gt;
              &lt;path
                d=&quot;M8.5 16.5a5 5 0 0 1 7 0&quot;
              /&gt;
              &lt;path
                d=&quot;M2 8.82a15 15 0 0 1 20 0&quot;
              /&gt;
              &lt;line
                x1=&quot;12&quot;
                x2=&quot;12.01&quot;
                y1=&quot;20&quot;
                y2=&quot;20&quot;
              /&gt;
            &lt;/svg&gt;
          &lt;/div&gt;
          &lt;button
            class=&quot;p-2 text-gray-500 hover:text-gray-700 hover:bg-gray-100 rounded-full transition-colors&quot;
          &gt;
            &lt;svg
              class=&quot;w-5 h-5&quot;
              fill=&quot;none&quot;
              height=&quot;24&quot;
              stroke=&quot;currentColor&quot;
              stroke-linecap=&quot;round&quot;
              stroke-linejoin=&quot;round&quot;
              stroke-width=&quot;2&quot;
              viewBox=&quot;0 0 24 24&quot;
              width=&quot;24&quot;
              xmlns=&quot;http://www.w3.org/2000/svg&quot;
            &gt;
              &lt;path
                d=&quot;M12.22 2h-.44a2 2 0 0 0-2 2v.18a2 2 0 0 1-1 1.73l-.43.25a2 2 0 0 1-2 0l-.15-.08a2 2 0 0 0-2.73.73l-.22.38a2 2 0 0 0 .73 2.73l.15.1a2 2 0 0 1 1 1.72v.51a2 2 0 0 1-1 1.74l-.15.09a2 2 0 0 0-.73 2.73l.22.38a2 2 0 0 0 2.73.73l.15-.08a2 2 0 0 1 2 0l.43.25a2 2 0 0 1 1 1.73V20a2 2 0 0 0 2 2h.44a2 2 0 0 0 2-2v-.18a2 2 0 0 1 1-1.73l.43-.25a2 2 0 0 1 2 0l.15.08a2 2 0 0 0 2.73-.73l.22-.39a2 2 0 0 0-.73-2.73l-.15-.08a2 2 0 0 1-1-1.74v-.5a2 2 0 0 1 1-1.74l.15-.09a2 2 0 0 0 .73-2.73l-.22-.38a2 2 0 0 0-2.73-.73l-.15.08a2 2 0 0 1-2 0l-.43-.25a2 2 0 0 1-1-1.73V4a2 2 0 0 0-2-2z&quot;
              /&gt;
              &lt;circle
                cx=&quot;12&quot;
                cy=&quot;12&quot;
                r=&quot;3&quot;
              /&gt;
            &lt;/svg&gt;
          &lt;/button&gt;
          &lt;button
            class=&quot;p-2 text-gray-500 hover:text-gray-700 hover:bg-gray-100 rounded-full transition-colors&quot;
          &gt;
            &lt;svg
              class=&quot;w-5 h-5&quot;
              fill=&quot;none&quot;
              height=&quot;24&quot;
              stroke=&quot;currentColor&quot;
              stroke-linecap=&quot;round&quot;
              stroke-linejoin=&quot;round&quot;
              stroke-width=&quot;2&quot;
              viewBox=&quot;0 0 24 24&quot;
              width=&quot;24&quot;
              xmlns=&quot;http://www.w3.org/2000/svg&quot;
            &gt;
              &lt;path
                d=&quot;M3 12a9 9 0 1 0 9-9 9.75 9.75 0 0 0-6.74 2.74L3 8&quot;
              /&gt;
              &lt;path
                d=&quot;M3 3v5h5&quot;
              /&gt;
              &lt;path
                d=&quot;M12 7v5l4 2&quot;
             ...
 ❯ Object.getElementError node_modules/@testing-library/react/node_modules/@testing-library/dom/dist/config.js:37:19
 ❯ node_modules/@testing-library/react/node_modules/@testing-library/dom/dist/query-helpers.js:76:38
 ❯ node_modules/@testing-library/react/node_modules/@testing-library/dom/dist/query-helpers.js:52:17
 ❯ node_modules/@testing-library/react/node_modules/@testing-library/dom/dist/query-helpers.js:95:19
 ❯ src/components/Chat/__tests__/TurkishChatInterface.test.tsx:100:31
            </failure>
        </testcase>
        <testcase classname="src/components/Chat/__tests__/TurkishChatInterface.test.tsx" name="TurkishChatInterface &gt; sends message with Enter key" time="0.2761699">
        </testcase>
        <testcase classname="src/components/Chat/__tests__/TurkishChatInterface.test.tsx" name="TurkishChatInterface &gt; creates new line with Shift+Enter" time="0.4304446">
            <failure message="[2mexpect([22m[31melement[39m[2m).toHaveValue([22m[32mİlk satır
İkinci satır[39m[2m)[22m

Expected the element to have value:
[32m  İlk satır
  İkinci satır[39m
Received:
[31m[39m" type="Error">
Error: expect(element).toHaveValue(İlk satır
İkinci satır)

Expected the element to have value:
  İlk satır
  İkinci satır
Received:

 ❯ src/components/Chat/__tests__/TurkishChatInterface.test.tsx:136:19
            </failure>
        </testcase>
        <testcase classname="src/components/Chat/__tests__/TurkishChatInterface.test.tsx" name="TurkishChatInterface &gt; shows connection status correctly" time="0.0876317">
        </testcase>
        <testcase classname="src/components/Chat/__tests__/TurkishChatInterface.test.tsx" name="TurkishChatInterface &gt; shows disconnected status when WebSocket is not connected" time="0.0882879">
        </testcase>
        <testcase classname="src/components/Chat/__tests__/TurkishChatInterface.test.tsx" name="TurkishChatInterface &gt; handles quick action button clicks" time="0.1449307">
            <failure message="Found multiple elements with the text: Konu açıkla

Here are the matching elements:

Ignored nodes: comments, script, style
[36m&lt;span[39m
  [33mclass[39m=[32m&quot;text-sm font-medium&quot;[39m
[36m&gt;[39m
  [0mKonu açıkla[0m
[36m&lt;/span&gt;[39m

Ignored nodes: comments, script, style
[36m&lt;span&gt;[39m
  [0mKonu açıkla[0m
[36m&lt;/span&gt;[39m

(If this is intentional, then use the `*AllBy*` variant of the query (like `queryAllByText`, `getAllByText`, or `findAllByText`)).

Ignored nodes: comments, script, style
[36m&lt;body&gt;[39m
  [36m&lt;div&gt;[39m
    [36m&lt;div[39m
      [33mclass[39m=[32m&quot;flex flex-col h-full bg-white rounded-lg shadow-lg &quot;[39m
    [36m&gt;[39m
      [36m&lt;div[39m
        [33mclass[39m=[32m&quot;flex items-center justify-between p-4 border-b border-gray-200 bg-gradient-to-r from-blue-50 to-indigo-50&quot;[39m
      [36m&gt;[39m
        [36m&lt;div[39m
          [33mclass[39m=[32m&quot;flex items-center space-x-3&quot;[39m
        [36m&gt;[39m
          [36m&lt;div[39m
            [33mclass[39m=[32m&quot;p-2 bg-blue-100 rounded-full&quot;[39m
          [36m&gt;[39m
            [36m&lt;svg[39m
              [33mclass[39m=[32m&quot;w-6 h-6 text-blue-600&quot;[39m
              [33mfill[39m=[32m&quot;none&quot;[39m
              [33mheight[39m=[32m&quot;24&quot;[39m
              [33mstroke[39m=[32m&quot;currentColor&quot;[39m
              [33mstroke-linecap[39m=[32m&quot;round&quot;[39m
              [33mstroke-linejoin[39m=[32m&quot;round&quot;[39m
              [33mstroke-width[39m=[32m&quot;2&quot;[39m
              [33mviewBox[39m=[32m&quot;0 0 24 24&quot;[39m
              [33mwidth[39m=[32m&quot;24&quot;[39m
              [33mxmlns[39m=[32m&quot;http://www.w3.org/2000/svg&quot;[39m
            [36m&gt;[39m
              [36m&lt;rect[39m
                [33mheight[39m=[32m&quot;10&quot;[39m
                [33mrx[39m=[32m&quot;2&quot;[39m
                [33mwidth[39m=[32m&quot;18&quot;[39m
                [33mx[39m=[32m&quot;3&quot;[39m
                [33my[39m=[32m&quot;11&quot;[39m
              [36m/&gt;[39m
              [36m&lt;circle[39m
                [33mcx[39m=[32m&quot;12&quot;[39m
                [33mcy[39m=[32m&quot;5&quot;[39m
                [33mr[39m=[32m&quot;2&quot;[39m
              [36m/&gt;[39m
              [36m&lt;path[39m
                [33md[39m=[32m&quot;M12 7v4&quot;[39m
              [36m/&gt;[39m
              [36m&lt;line[39m
                [33mx1[39m=[32m&quot;8&quot;[39m
                [33mx2[39m=[32m&quot;8&quot;[39m
                [33my1[39m=[32m&quot;16&quot;[39m
                [33my2[39m=[32m&quot;16&quot;[39m
              [36m/&gt;[39m
              [36m&lt;line[39m
                [33mx1[39m=[32m&quot;16&quot;[39m
                [33mx2[39m=[32m&quot;16&quot;[39m
                [33my1[39m=[32m&quot;16&quot;[39m
                [33my2[39m=[32m&quot;16&quot;[39m
              [36m/&gt;[39m
            [36m&lt;/svg&gt;[39m
          [36m&lt;/div&gt;[39m
          [36m&lt;div&gt;[39m
            [36m&lt;h2[39m
              [33mclass[39m=[32m&quot;font-semibold text-gray-800&quot;[39m
            [36m&gt;[39m
              [0mTürkçe AI Asistan[0m
            [36m&lt;/h2&gt;[39m
            [36m&lt;p[39m
              [33mclass[39m=[32m&quot;text-sm text-gray-600&quot;[39m
            [36m&gt;[39m
              [0mmatematik[0m
              [0m • [0m
              [0mBağlantı kesildi[0m
            [36m&lt;/p&gt;[39m
          [36m&lt;/div&gt;[39m
        [36m&lt;/div&gt;[39m
        [36m&lt;div[39m
          [33mclass[39m=[32m&quot;flex items-center space-x-2&quot;[39m
        [36m&gt;[39m
          [36m&lt;div[39m
            [33mclass[39m=[32m&quot;flex items-center space-x-1&quot;[39m
          [36m&gt;[39m
            [36m&lt;svg[39m
              [33mclass[39m=[32m&quot;w-4 h-4 text-red-500&quot;[39m
              [33mfill[39m=[32m&quot;none&quot;[39m
              [33mheight[39m=[32m&quot;24&quot;[39m
              [33mstroke[39m=[32m&quot;currentColor&quot;[39m
              [33mstroke-linecap[39m=[32m&quot;round&quot;[39m
              [33mstroke-linejoin[39m=[32m&quot;round&quot;[39m
              [33mstroke-width[39m=[32m&quot;2&quot;[39m
              [33mviewBox[39m=[32m&quot;0 0 24 24&quot;[39m
              [33mwidth[39m=[32m&quot;24&quot;[39m
              [33mxmlns[39m=[32m&quot;http://www.w3.org/2000/svg&quot;[39m
            [36m&gt;[39m
              [36m&lt;line[39m
                [33mx1[39m=[32m&quot;2&quot;[39m
                [33mx2[39m=[32m&quot;22&quot;[39m
                [33my1[39m=[32m&quot;2&quot;[39m
                [33my2[39m=[32m&quot;22&quot;[39m
              [36m/&gt;[39m
              [36m&lt;path[39m
                [33md[39m=[32m&quot;M8.5 16.5a5 5 0 0 1 7 0&quot;[39m
              [36m/&gt;[39m
              [36m&lt;path[39m
                [33md[39m=[32m&quot;M2 8.82a15 15 0 0 1 4.17-2.65&quot;[39m
              [36m/&gt;[39m
              [36m&lt;path[39m
                [33md[39m=[32m&quot;M10.66 5c4.01-.36 8.14.9 11.34 3.76&quot;[39m
              [36m/&gt;[39m
              [36m&lt;path[39m
                [33md[39m=[32m&quot;M16.85 11.25a10 10 0 0 1 2.22 1.68&quot;[39m
              [36m/&gt;[39m
              [36m&lt;path[39m
                [33md[39m=[32m&quot;M5 13a10 10 0 0 1 5.24-2.76&quot;[39m
              [36m/&gt;[39m
              [36m&lt;line[39m
                [33mx1[39m=[32m&quot;12&quot;[39m
                [33mx2[39m=[32m&quot;12.01&quot;[39m
                [33my1[39m=[32m&quot;20&quot;[39m
                [33my2[39m=[32m&quot;20&quot;[39m
              [36m/&gt;[39m
            [36m&lt;/svg&gt;[39m
          [36m&lt;/div&gt;[39m
          [36m&lt;button[39m
            [33mclass[39m=[32m&quot;p-2 text-gray-500 hover:text-gray-700 hover:bg-gray-100 rounded-full transition-colors&quot;[39m
          [36m&gt;[39m
            [36m&lt;svg[39m
              [33mclass[39m=[32m&quot;w-5 h-5&quot;[39m
              [33mfill[39m=[32m&quot;none&quot;[39m
              [33mheight[39m=[32m&quot;24&quot;[39m
              [33mstroke[39m=[32m&quot;currentColor&quot;[39m
              [33mstroke-linecap[39m=[32m&quot;round&quot;[39m
              [33mstroke-linejoin[39m=[32m&quot;round&quot;[39m
              [33mstroke-width[39m=[32m&quot;2&quot;[39m
              [33mviewBox[39m=[32m&quot;0 0 24 24&quot;[39m
              [33mwidth[39m=[32m&quot;24&quot;[39m
              [33mxmlns[39m=[32m&quot;http://www.w3.org/2000/svg&quot;[39m
            [36m&gt;[39m
              [36m&lt;path[39m
                [33md[39m=[32m&quot;M12.22 2h-.44a2 2 0 0 0-2 2v.18a2 2 0 0 1-1 1.73l-.43.25a2 2 0 0 1-2 0l-.15-.08a2 2 0 0 0-2.73.73l-.22.38a2 2 0 0 0 .73 2.73l.15.1a2 2 0 0 1 1 1.72v.51a2 2 0 0 1-1 1.74l-.15.09a2 2 0 0 0-.73 2.73l.22.38a2 2 0 0 0 2.73.73l.15-.08a2 2 0 0 1 2 0l.43.25a2 2 0 0 1 1 1.73V20a2 2 0 0 0 2 2h.44a2 2 0 0 0 2-2v-.18a2 2 0 0 1 1-1.73l.43-.25a2 2 0 0 1 2 0l.15.08a2 2 0 0 0 2.73-.73l.22-.39a2 2 0 0 0-.73-2.73l-.15-.08a2 2 0 0 1-1-1.74v-.5a2 2 0 0 1 1-1.74l.15-.09a2 2 0 0 0 .73-2.73l-.22-.38a2 2 0 0 0-2.73-.73l-.15.08a2 2 0 0 1-2 0l-.43-.25a2 2 0 0 1-1-1.73V4a2 2 0 0 0-2-2z&quot;[39m
              [36m/&gt;[39m
              [36m&lt;circle[39m
                [33mcx[39m=[32m&quot;12&quot;[39m
                [33mcy[39m=[32m&quot;12&quot;[39m
                [33mr[39m=[32m&quot;3&quot;[39m
              [36m/&gt;[39m
            [36m&lt;/svg&gt;[39m
          [36m&lt;/button&gt;[39m
          [36m&lt;button[39m
            [33mclass[39m=[32m&quot;p-2 text-gray-500 hover:text-gray-700 hover:bg-gray-100 rounded-full transition-colors&quot;[39m
          [36m&gt;[39m
            [36m&lt;svg[39m
              [33mclass[39m=[32m&quot;w-5 h-5&quot;[39m
              [33mfill[39m=[32m&quot;none&quot;[39m
              [33mheight[39m=[32m&quot;24&quot;[39m
              [33mstroke[39m=[32m&quot;currentColor&quot;[39m
              [33mstroke-linecap[39m=[32m&quot;round&quot;[39m
              [33mstroke-linejoin[39m=[32m&quot;round&quot;[39m
              [33mstroke-width[39m=[32m&quot;2&quot;[39m
              [33mviewBo..." type="TestingLibraryElementError">
TestingLibraryElementError: Found multiple elements with the text: Konu açıkla

Here are the matching elements:

Ignored nodes: comments, script, style
&lt;span
  class=&quot;text-sm font-medium&quot;
&gt;
  Konu açıkla
&lt;/span&gt;

Ignored nodes: comments, script, style
&lt;span&gt;
  Konu açıkla
&lt;/span&gt;

(If this is intentional, then use the `*AllBy*` variant of the query (like `queryAllByText`, `getAllByText`, or `findAllByText`)).

Ignored nodes: comments, script, style
&lt;body&gt;
  &lt;div&gt;
    &lt;div
      class=&quot;flex flex-col h-full bg-white rounded-lg shadow-lg &quot;
    &gt;
      &lt;div
        class=&quot;flex items-center justify-between p-4 border-b border-gray-200 bg-gradient-to-r from-blue-50 to-indigo-50&quot;
      &gt;
        &lt;div
          class=&quot;flex items-center space-x-3&quot;
        &gt;
          &lt;div
            class=&quot;p-2 bg-blue-100 rounded-full&quot;
          &gt;
            &lt;svg
              class=&quot;w-6 h-6 text-blue-600&quot;
              fill=&quot;none&quot;
              height=&quot;24&quot;
              stroke=&quot;currentColor&quot;
              stroke-linecap=&quot;round&quot;
              stroke-linejoin=&quot;round&quot;
              stroke-width=&quot;2&quot;
              viewBox=&quot;0 0 24 24&quot;
              width=&quot;24&quot;
              xmlns=&quot;http://www.w3.org/2000/svg&quot;
            &gt;
              &lt;rect
                height=&quot;10&quot;
                rx=&quot;2&quot;
                width=&quot;18&quot;
                x=&quot;3&quot;
                y=&quot;11&quot;
              /&gt;
              &lt;circle
                cx=&quot;12&quot;
                cy=&quot;5&quot;
                r=&quot;2&quot;
              /&gt;
              &lt;path
                d=&quot;M12 7v4&quot;
              /&gt;
              &lt;line
                x1=&quot;8&quot;
                x2=&quot;8&quot;
                y1=&quot;16&quot;
                y2=&quot;16&quot;
              /&gt;
              &lt;line
                x1=&quot;16&quot;
                x2=&quot;16&quot;
                y1=&quot;16&quot;
                y2=&quot;16&quot;
              /&gt;
            &lt;/svg&gt;
          &lt;/div&gt;
          &lt;div&gt;
            &lt;h2
              class=&quot;font-semibold text-gray-800&quot;
            &gt;
              Türkçe AI Asistan
            &lt;/h2&gt;
            &lt;p
              class=&quot;text-sm text-gray-600&quot;
            &gt;
              matematik
               • 
              Bağlantı kesildi
            &lt;/p&gt;
          &lt;/div&gt;
        &lt;/div&gt;
        &lt;div
          class=&quot;flex items-center space-x-2&quot;
        &gt;
          &lt;div
            class=&quot;flex items-center space-x-1&quot;
          &gt;
            &lt;svg
              class=&quot;w-4 h-4 text-red-500&quot;
              fill=&quot;none&quot;
              height=&quot;24&quot;
              stroke=&quot;currentColor&quot;
              stroke-linecap=&quot;round&quot;
              stroke-linejoin=&quot;round&quot;
              stroke-width=&quot;2&quot;
              viewBox=&quot;0 0 24 24&quot;
              width=&quot;24&quot;
              xmlns=&quot;http://www.w3.org/2000/svg&quot;
            &gt;
              &lt;line
                x1=&quot;2&quot;
                x2=&quot;22&quot;
                y1=&quot;2&quot;
                y2=&quot;22&quot;
              /&gt;
              &lt;path
                d=&quot;M8.5 16.5a5 5 0 0 1 7 0&quot;
              /&gt;
              &lt;path
                d=&quot;M2 8.82a15 15 0 0 1 4.17-2.65&quot;
              /&gt;
              &lt;path
                d=&quot;M10.66 5c4.01-.36 8.14.9 11.34 3.76&quot;
              /&gt;
              &lt;path
                d=&quot;M16.85 11.25a10 10 0 0 1 2.22 1.68&quot;
              /&gt;
              &lt;path
                d=&quot;M5 13a10 10 0 0 1 5.24-2.76&quot;
              /&gt;
              &lt;line
                x1=&quot;12&quot;
                x2=&quot;12.01&quot;
                y1=&quot;20&quot;
                y2=&quot;20&quot;
              /&gt;
            &lt;/svg&gt;
          &lt;/div&gt;
          &lt;button
            class=&quot;p-2 text-gray-500 hover:text-gray-700 hover:bg-gray-100 rounded-full transition-colors&quot;
          &gt;
            &lt;svg
              class=&quot;w-5 h-5&quot;
              fill=&quot;none&quot;
              height=&quot;24&quot;
              stroke=&quot;currentColor&quot;
              stroke-linecap=&quot;round&quot;
              stroke-linejoin=&quot;round&quot;
              stroke-width=&quot;2&quot;
              viewBox=&quot;0 0 24 24&quot;
              width=&quot;24&quot;
              xmlns=&quot;http://www.w3.org/2000/svg&quot;
            &gt;
              &lt;path
                d=&quot;M12.22 2h-.44a2 2 0 0 0-2 2v.18a2 2 0 0 1-1 1.73l-.43.25a2 2 0 0 1-2 0l-.15-.08a2 2 0 0 0-2.73.73l-.22.38a2 2 0 0 0 .73 2.73l.15.1a2 2 0 0 1 1 1.72v.51a2 2 0 0 1-1 1.74l-.15.09a2 2 0 0 0-.73 2.73l.22.38a2 2 0 0 0 2.73.73l.15-.08a2 2 0 0 1 2 0l.43.25a2 2 0 0 1 1 1.73V20a2 2 0 0 0 2 2h.44a2 2 0 0 0 2-2v-.18a2 2 0 0 1 1-1.73l.43-.25a2 2 0 0 1 2 0l.15.08a2 2 0 0 0 2.73-.73l.22-.39a2 2 0 0 0-.73-2.73l-.15-.08a2 2 0 0 1-1-1.74v-.5a2 2 0 0 1 1-1.74l.15-.09a2 2 0 0 0 .73-2.73l-.22-.38a2 2 0 0 0-2.73-.73l-.15.08a2 2 0 0 1-2 0l-.43-.25a2 2 0 0 1-1-1.73V4a2 2 0 0 0-2-2z&quot;
              /&gt;
              &lt;circle
                cx=&quot;12&quot;
                cy=&quot;12&quot;
                r=&quot;3&quot;
              /&gt;
            &lt;/svg&gt;
          &lt;/button&gt;
          &lt;button
            class=&quot;p-2 text-gray-500 hover:text-gray-700 hover:bg-gray-100 rounded-full transition-colors&quot;
          &gt;
            &lt;svg
              class=&quot;w-5 h-5&quot;
              fill=&quot;none&quot;
              height=&quot;24&quot;
              stroke=&quot;currentColor&quot;
              stroke-linecap=&quot;round&quot;
              stroke-linejoin=&quot;round&quot;
              stroke-width=&quot;2&quot;
              viewBo...
 ❯ Object.getElementError node_modules/@testing-library/react/node_modules/@testing-library/dom/dist/config.js:37:19
 ❯ getElementError node_modules/@testing-library/react/node_modules/@testing-library/dom/dist/query-helpers.js:20:35
 ❯ getMultipleElementsFoundError node_modules/@testing-library/react/node_modules/@testing-library/dom/dist/query-helpers.js:23:10
 ❯ node_modules/@testing-library/react/node_modules/@testing-library/dom/dist/query-helpers.js:55:13
 ❯ node_modules/@testing-library/react/node_modules/@testing-library/dom/dist/query-helpers.js:95:19
 ❯ src/components/Chat/__tests__/TurkishChatInterface.test.tsx:158:38
            </failure>
        </testcase>
        <testcase classname="src/components/Chat/__tests__/TurkishChatInterface.test.tsx" name="TurkishChatInterface &gt; shows typing indicator when loading" time="2.4611634">
            <failure message="Unable to find an accessible element with the role &quot;button&quot; and name `/gönder/i`

Here are the accessible roles:

  heading:

  Name &quot;Türkçe AI Asistan&quot;:
  [36m&lt;h2[39m
    [33mclass[39m=[32m&quot;font-semibold text-gray-800&quot;[39m
  [36m/&gt;[39m

  --------------------------------------------------
  button:

  Name &quot;&quot;:
  [36m&lt;button[39m
    [33mclass[39m=[32m&quot;p-2 text-gray-500 hover:text-gray-700 hover:bg-gray-100 rounded-full transition-colors&quot;[39m
  [36m/&gt;[39m

  Name &quot;&quot;:
  [36m&lt;button[39m
    [33mclass[39m=[32m&quot;p-2 text-gray-500 hover:text-gray-700 hover:bg-gray-100 rounded-full transition-colors&quot;[39m
  [36m/&gt;[39m

  Name &quot;&quot;:
  [36m&lt;button[39m
    [33mclass[39m=[32m&quot;p-2 text-gray-500 hover:text-red-600 hover:bg-red-50 rounded-full transition-colors&quot;[39m
  [36m/&gt;[39m

  Name &quot;Konu açıkla&quot;:
  [36m&lt;button[39m
    [33mclass[39m=[32m&quot;flex items-center space-x-2 p-3 bg-gray-50 hover:bg-gray-100 rounded-lg transition-colors text-left&quot;[39m
  [36m/&gt;[39m

  Name &quot;Soru sor&quot;:
  [36m&lt;button[39m
    [33mclass[39m=[32m&quot;flex items-center space-x-2 p-3 bg-gray-50 hover:bg-gray-100 rounded-lg transition-colors text-left&quot;[39m
  [36m/&gt;[39m

  Name &quot;Örnek ver&quot;:
  [36m&lt;button[39m
    [33mclass[39m=[32m&quot;flex items-center space-x-2 p-3 bg-gray-50 hover:bg-gray-100 rounded-lg transition-colors text-left&quot;[39m
  [36m/&gt;[39m

  Name &quot;Özet çıkar&quot;:
  [36m&lt;button[39m
    [33mclass[39m=[32m&quot;flex items-center space-x-2 p-3 bg-gray-50 hover:bg-gray-100 rounded-lg transition-colors text-left&quot;[39m
  [36m/&gt;[39m

  Name &quot;Konu açıkla&quot;:
  [36m&lt;button[39m
    [33mclass[39m=[32m&quot;flex items-center space-x-1 text-xs px-3 py-1.5 bg-white hover:bg-gray-100 border border-gray-200 rounded-full transition-colors&quot;[39m
    [33mtype[39m=[32m&quot;button&quot;[39m
  [36m/&gt;[39m

  Name &quot;Soru sor&quot;:
  [36m&lt;button[39m
    [33mclass[39m=[32m&quot;flex items-center space-x-1 text-xs px-3 py-1.5 bg-white hover:bg-gray-100 border border-gray-200 rounded-full transition-colors&quot;[39m
    [33mtype[39m=[32m&quot;button&quot;[39m
  [36m/&gt;[39m

  Name &quot;Örnek ver&quot;:
  [36m&lt;button[39m
    [33mclass[39m=[32m&quot;flex items-center space-x-1 text-xs px-3 py-1.5 bg-white hover:bg-gray-100 border border-gray-200 rounded-full transition-colors&quot;[39m
    [33mtype[39m=[32m&quot;button&quot;[39m
  [36m/&gt;[39m

  Name &quot;Özet çıkar&quot;:
  [36m&lt;button[39m
    [33mclass[39m=[32m&quot;flex items-center space-x-1 text-xs px-3 py-1.5 bg-white hover:bg-gray-100 border border-gray-200 rounded-full transition-colors&quot;[39m
    [33mtype[39m=[32m&quot;button&quot;[39m
  [36m/&gt;[39m

  Name &quot;&quot;:
  [36m&lt;button[39m
    [33mclass[39m=[32m&quot;p-3 bg-blue-500 text-white rounded-lg hover:bg-blue-600 focus:outline-none focus:ring-2 focus:ring-blue-500 disabled:opacity-50 disabled:cursor-not-allowed transition-colors&quot;[39m
    [33mdisabled[39m=[32m&quot;&quot;[39m
    [33mtype[39m=[32m&quot;submit&quot;[39m
  [36m/&gt;[39m

  --------------------------------------------------
  textbox:

  Name &quot;&quot;:
  [36m&lt;textarea[39m
    [33mclass[39m=[32m&quot;w-full px-4 py-3 pr-12 border border-gray-300 rounded-lg focus:outline-none focus:ring-2 focus:ring-blue-500 focus:border-transparent disabled:opacity-50 resize-none&quot;[39m
    [33mplaceholder[39m=[32m&quot;Mesajınızı Türkçe yazın...&quot;[39m
    [33mrows[39m=[32m&quot;1&quot;[39m
    [33mstyle[39m=[32m&quot;min-height: 48px; max-height: 120px;&quot;[39m
  [36m/&gt;[39m

  --------------------------------------------------

Ignored nodes: comments, script, style
[36m&lt;body&gt;[39m
  [36m&lt;div&gt;[39m
    [36m&lt;div[39m
      [33mclass[39m=[32m&quot;flex flex-col h-full bg-white rounded-lg shadow-lg &quot;[39m
    [36m&gt;[39m
      [36m&lt;div[39m
        [33mclass[39m=[32m&quot;flex items-center justify-between p-4 border-b border-gray-200 bg-gradient-to-r from-blue-50 to-indigo-50&quot;[39m
      [36m&gt;[39m
        [36m&lt;div[39m
          [33mclass[39m=[32m&quot;flex items-center space-x-3&quot;[39m
        [36m&gt;[39m
          [36m&lt;div[39m
            [33mclass[39m=[32m&quot;p-2 bg-blue-100 rounded-full&quot;[39m
          [36m&gt;[39m
            [36m&lt;svg[39m
              [33mclass[39m=[32m&quot;w-6 h-6 text-blue-600&quot;[39m
              [33mfill[39m=[32m&quot;none&quot;[39m
              [33mheight[39m=[32m&quot;24&quot;[39m
              [33mstroke[39m=[32m&quot;currentColor&quot;[39m
              [33mstroke-linecap[39m=[32m&quot;round&quot;[39m
              [33mstroke-linejoin[39m=[32m&quot;round&quot;[39m
              [33mstroke-width[39m=[32m&quot;2&quot;[39m
              [33mviewBox[39m=[32m&quot;0 0 24 24&quot;[39m
              [33mwidth[39m=[32m&quot;24&quot;[39m
              [33mxmlns[39m=[32m&quot;http://www.w3.org/2000/svg&quot;[39m
            [36m&gt;[39m
              [36m&lt;rect[39m
                [33mheight[39m=[32m&quot;10&quot;[39m
                [33mrx[39m=[32m&quot;2&quot;[39m
                [33mwidth[39m=[32m&quot;18&quot;[39m
                [33mx[39m=[32m&quot;3&quot;[39m
                [33my[39m=[32m&quot;11&quot;[39m
              [36m/&gt;[39m
              [36m&lt;circle[39m
                [33mcx[39m=[32m&quot;12&quot;[39m
                [33mcy[39m=[32m&quot;5&quot;[39m
                [33mr[39m=[32m&quot;2&quot;[39m
              [36m/&gt;[39m
              [36m&lt;path[39m
                [33md[39m=[32m&quot;M12 7v4&quot;[39m
              [36m/&gt;[39m
              [36m&lt;line[39m
                [33mx1[39m=[32m&quot;8&quot;[39m
                [33mx2[39m=[32m&quot;8&quot;[39m
                [33my1[39m=[32m&quot;16&quot;[39m
                [33my2[39m=[32m&quot;16&quot;[39m
              [36m/&gt;[39m
              [36m&lt;line[39m
                [33mx1[39m=[32m&quot;16&quot;[39m
                [33mx2[39m=[32m&quot;16&quot;[39m
                [33my1[39m=[32m&quot;16&quot;[39m
                [33my2[39m=[32m&quot;16&quot;[39m
              [36m/&gt;[39m
            [36m&lt;/svg&gt;[39m
          [36m&lt;/div&gt;[39m
          [36m&lt;div&gt;[39m
            [36m&lt;h2[39m
              [33mclass[39m=[32m&quot;font-semibold text-gray-800&quot;[39m
            [36m&gt;[39m
              [0mTürkçe AI Asistan[0m
            [36m&lt;/h2&gt;[39m
            [36m&lt;p[39m
              [33mclass[39m=[32m&quot;text-sm text-gray-600&quot;[39m
            [36m&gt;[39m
              [0mmatematik[0m
              [0m • [0m
              [0mBağlantı kesildi[0m
            [36m&lt;/p&gt;[39m
          [36m&lt;/div&gt;[39m
        [36m&lt;/div&gt;[39m
        [36m&lt;div[39m
          [33mclass[39m=[32m&quot;flex items-center space-x-2&quot;[39m
        [36m&gt;[39m
          [36m&lt;div[39m
            [33mclass[39m=[32m&quot;flex items-center space-x-1&quot;[39m
          [36m&gt;[39m
            [36m&lt;svg[39m
              [33mclass[39m=[32m&quot;w-4 h-4 text-red-500&quot;[39m
              [33mfill[39m=[32m&quot;none&quot;[39m
              [33mheight[39m=[32m&quot;24&quot;[39m
              [33mstroke[39m=[32m&quot;currentColor&quot;[39m
              [33mstroke-linecap[39m=[32m&quot;round&quot;[39m
              [33mstroke-linejoin[39m=[32m&quot;round&quot;[39m
              [33mstroke-width[39m=[32m&quot;2&quot;[39m
              [33mviewBox[39m=[32m&quot;0 0 24 24&quot;[39m
              [33mwidth[39m=[32m&quot;24&quot;[39m
              [33mxmlns[39m=[32m&quot;http://www.w3.org/2000/svg&quot;[39m
            [36m&gt;[39m
              [36m&lt;line[39m
                [33mx1[39m=[32m&quot;2&quot;[39m
                [33mx2[39m=[32m&quot;22&quot;[39m
                [33my1[39m=[32m&quot;2&quot;[39m
                [33my2[39m=[32m&quot;22&quot;[39m
              [36m/&gt;[39m
              [36m&lt;path[39m
                [33md[39m=[32m&quot;M8.5 16.5a5 5 0 0 1 7 0&quot;[39m
              [36m/&gt;[39m
              [36m&lt;path[39m
                [33md[39m=[32m&quot;M2 8.82a15 15 0 0 1 4.17-2.65&quot;[39m
              [36m/&gt;[39m
              [36m&lt;path[39m
                [33md[39m=[32m&quot;M10.66 5c4.01-.36 8.14.9 11.34 3.76&quot;[39m
              [36m/&gt;[39m
              [36m&lt;path[39m
                [33md[39m=[32m&quot;M16.85 11.25a10 10 0 0 1 2.22 1.68&quot;[39m
              [36m/&gt;[39m
              [36m&lt;path[39m
                [33md[39m=[32m&quot;M5 13a10 10 0 0 1 5.24-2.76&quot;[39m
              [36m/&gt;[39m
              [36m&lt;line[39m
                [33mx1[39m=[32m&quot;12&quot;[39m
                [33mx2[39m=[32m&quot;12.01&quot;[39m
                [33my1[39m=[32m&quot;20&quot;[39m
                [33my2[39m=[32m&quot;20&quot;[39m
              [36m/&gt;[39m
            [36m&lt;/svg&gt;[39m
          [36m&lt;/div&gt;[39m
          [36m&lt;button[39m
            [33mclass[39m=[32m&quot;p-2 text-gray-500 hover:text-gray-700 hover:bg-gray-100 rounded-full transition-colors&quot;[39m
          [36m&gt;[39m
            [36m&lt;svg[39m
              [33mclass[39m=[32m&quot;w-5 h-5&quot;[39m
              [33mfill[39m=[32m&quot;none&quot;[39m
              [33mheight[39m=[32m&quot;24&quot;[39m
              [33mstroke[39m=[32m&quot;currentColor&quot;[39m
              [33mstroke-linecap[39m=[32m&quot;round&quot;[39m
              [33mstroke-linejoin[39m=[32m&quot;round&quot;[39m
              [33mstroke-width[39m=[32m&quot;2&quot;[39m
              [33mviewBox[39m=[32m&quot;0 0 24 24&quot;[39m
              [33mwidth[39m=[32m&quot;24&quot;[39m
              [33mxmlns[39m=[32m&quot;http://www.w3.org/2000/svg&quot;[39m
            [36m&gt;[39m
              [36m&lt;path[39m
                [33md[39m=[32m&quot;M12.22 2h-.44a2 2 0 0 0-2 2v.18a2 2 0 0 1-1 1.73l-.43.25a2 2 0 0 1-2 0l-.15-.08a2 2 0 0 0-2.73.73l-.22.38a2 2 0 0 0 .73 2.73l.15.1a2 2 0 0 1 1 1.72v.51a2 2 0 0 1-1 1.74l-.15.09a2 2 0 0 0-.73 2.73l.22.38a2 2 0 0 0 2.73.73l.15-.08a2 2 0 0 1 2 0l.43.25a2 2 0 0 1 1 1.73V20a2 2 0 0 0 2 2h.44a2 2 0 0 0 2-2v-.18a2 2 0 0 1 1-1.73l.43-.25a2 2 0 0 1 2 0l.15.08a2 2 0 0 0 2.73-.73l.22-.39a2 2 0 0 0-.73-2.73l-.15-.08a2 2 0 0 1-1-1.74v-.5a2 2 0 0 1 1-1.74l.15-.09a2 2 0 0 0 .73-2.73l-.22-.38a2 2 0 0 0-2.73-.73l-.15.08a2 2 0 0 1-2 0l-.43-.25a2 2 0 0 1-1-1.73V4a2 2 0 0 0-2-2z&quot;[39m
              [36m/&gt;[39m
              [36m&lt;circle[39m
                [33mcx[39m=[32m&quot;12&quot;[39m
                [33mcy[39m=[32m&quot;12&quot;[39m
                [33mr[39m=[32m&quot;3&quot;[39m
              [36m/&gt;[39m
            [36m&lt;/svg&gt;[39m
          [36m&lt;/button&gt;[39m
          [36m&lt;button[39m
            [33mclass[39m=[32m&quot;p-2 text-gray-500 hover:text-gray-700 hover:bg-gray-100 rounded-full transition-colors&quot;[39m
          [36m&gt;[39m
            [36m&lt;svg[39m
              [33mclass[39m=[32m&quot;w-5 h-5&quot;[39m
              [33mfill[39m=[32m&quot;none&quot;[39m
              [33mheight[39m=[32m&quot;24&quot;[39m
              [33mstroke[39m=[32m&quot;currentColor&quot;[39m
              [33mstroke-linecap[39m=[32m&quot;round&quot;[39m
              [33mstroke-linejoin[39m=[32m&quot;round&quot;[39m
              [33mstroke-width[39m=[32m&quot;2&quot;[39m
              [33mviewBo..." type="TestingLibraryElementError">
TestingLibraryElementError: Unable to find an accessible element with the role &quot;button&quot; and name `/gönder/i`

Here are the accessible roles:

  heading:

  Name &quot;Türkçe AI Asistan&quot;:
  &lt;h2
    class=&quot;font-semibold text-gray-800&quot;
  /&gt;

  --------------------------------------------------
  button:

  Name &quot;&quot;:
  &lt;button
    class=&quot;p-2 text-gray-500 hover:text-gray-700 hover:bg-gray-100 rounded-full transition-colors&quot;
  /&gt;

  Name &quot;&quot;:
  &lt;button
    class=&quot;p-2 text-gray-500 hover:text-gray-700 hover:bg-gray-100 rounded-full transition-colors&quot;
  /&gt;

  Name &quot;&quot;:
  &lt;button
    class=&quot;p-2 text-gray-500 hover:text-red-600 hover:bg-red-50 rounded-full transition-colors&quot;
  /&gt;

  Name &quot;Konu açıkla&quot;:
  &lt;button
    class=&quot;flex items-center space-x-2 p-3 bg-gray-50 hover:bg-gray-100 rounded-lg transition-colors text-left&quot;
  /&gt;

  Name &quot;Soru sor&quot;:
  &lt;button
    class=&quot;flex items-center space-x-2 p-3 bg-gray-50 hover:bg-gray-100 rounded-lg transition-colors text-left&quot;
  /&gt;

  Name &quot;Örnek ver&quot;:
  &lt;button
    class=&quot;flex items-center space-x-2 p-3 bg-gray-50 hover:bg-gray-100 rounded-lg transition-colors text-left&quot;
  /&gt;

  Name &quot;Özet çıkar&quot;:
  &lt;button
    class=&quot;flex items-center space-x-2 p-3 bg-gray-50 hover:bg-gray-100 rounded-lg transition-colors text-left&quot;
  /&gt;

  Name &quot;Konu açıkla&quot;:
  &lt;button
    class=&quot;flex items-center space-x-1 text-xs px-3 py-1.5 bg-white hover:bg-gray-100 border border-gray-200 rounded-full transition-colors&quot;
    type=&quot;button&quot;
  /&gt;

  Name &quot;Soru sor&quot;:
  &lt;button
    class=&quot;flex items-center space-x-1 text-xs px-3 py-1.5 bg-white hover:bg-gray-100 border border-gray-200 rounded-full transition-colors&quot;
    type=&quot;button&quot;
  /&gt;

  Name &quot;Örnek ver&quot;:
  &lt;button
    class=&quot;flex items-center space-x-1 text-xs px-3 py-1.5 bg-white hover:bg-gray-100 border border-gray-200 rounded-full transition-colors&quot;
    type=&quot;button&quot;
  /&gt;

  Name &quot;Özet çıkar&quot;:
  &lt;button
    class=&quot;flex items-center space-x-1 text-xs px-3 py-1.5 bg-white hover:bg-gray-100 border border-gray-200 rounded-full transition-colors&quot;
    type=&quot;button&quot;
  /&gt;

  Name &quot;&quot;:
  &lt;button
    class=&quot;p-3 bg-blue-500 text-white rounded-lg hover:bg-blue-600 focus:outline-none focus:ring-2 focus:ring-blue-500 disabled:opacity-50 disabled:cursor-not-allowed transition-colors&quot;
    disabled=&quot;&quot;
    type=&quot;submit&quot;
  /&gt;

  --------------------------------------------------
  textbox:

  Name &quot;&quot;:
  &lt;textarea
    class=&quot;w-full px-4 py-3 pr-12 border border-gray-300 rounded-lg focus:outline-none focus:ring-2 focus:ring-blue-500 focus:border-transparent disabled:opacity-50 resize-none&quot;
    placeholder=&quot;Mesajınızı Türkçe yazın...&quot;
    rows=&quot;1&quot;
    style=&quot;min-height: 48px; max-height: 120px;&quot;
  /&gt;

  --------------------------------------------------

Ignored nodes: comments, script, style
&lt;body&gt;
  &lt;div&gt;
    &lt;div
      class=&quot;flex flex-col h-full bg-white rounded-lg shadow-lg &quot;
    &gt;
      &lt;div
        class=&quot;flex items-center justify-between p-4 border-b border-gray-200 bg-gradient-to-r from-blue-50 to-indigo-50&quot;
      &gt;
        &lt;div
          class=&quot;flex items-center space-x-3&quot;
        &gt;
          &lt;div
            class=&quot;p-2 bg-blue-100 rounded-full&quot;
          &gt;
            &lt;svg
              class=&quot;w-6 h-6 text-blue-600&quot;
              fill=&quot;none&quot;
              height=&quot;24&quot;
              stroke=&quot;currentColor&quot;
              stroke-linecap=&quot;round&quot;
              stroke-linejoin=&quot;round&quot;
              stroke-width=&quot;2&quot;
              viewBox=&quot;0 0 24 24&quot;
              width=&quot;24&quot;
              xmlns=&quot;http://www.w3.org/2000/svg&quot;
            &gt;
              &lt;rect
                height=&quot;10&quot;
                rx=&quot;2&quot;
                width=&quot;18&quot;
                x=&quot;3&quot;
                y=&quot;11&quot;
              /&gt;
              &lt;circle
                cx=&quot;12&quot;
                cy=&quot;5&quot;
                r=&quot;2&quot;
              /&gt;
              &lt;path
                d=&quot;M12 7v4&quot;
              /&gt;
              &lt;line
                x1=&quot;8&quot;
                x2=&quot;8&quot;
                y1=&quot;16&quot;
                y2=&quot;16&quot;
              /&gt;
              &lt;line
                x1=&quot;16&quot;
                x2=&quot;16&quot;
                y1=&quot;16&quot;
                y2=&quot;16&quot;
              /&gt;
            &lt;/svg&gt;
          &lt;/div&gt;
          &lt;div&gt;
            &lt;h2
              class=&quot;font-semibold text-gray-800&quot;
            &gt;
              Türkçe AI Asistan
            &lt;/h2&gt;
            &lt;p
              class=&quot;text-sm text-gray-600&quot;
            &gt;
              matematik
               • 
              Bağlantı kesildi
            &lt;/p&gt;
          &lt;/div&gt;
        &lt;/div&gt;
        &lt;div
          class=&quot;flex items-center space-x-2&quot;
        &gt;
          &lt;div
            class=&quot;flex items-center space-x-1&quot;
          &gt;
            &lt;svg
              class=&quot;w-4 h-4 text-red-500&quot;
              fill=&quot;none&quot;
              height=&quot;24&quot;
              stroke=&quot;currentColor&quot;
              stroke-linecap=&quot;round&quot;
              stroke-linejoin=&quot;round&quot;
              stroke-width=&quot;2&quot;
              viewBox=&quot;0 0 24 24&quot;
              width=&quot;24&quot;
              xmlns=&quot;http://www.w3.org/2000/svg&quot;
            &gt;
              &lt;line
                x1=&quot;2&quot;
                x2=&quot;22&quot;
                y1=&quot;2&quot;
                y2=&quot;22&quot;
              /&gt;
              &lt;path
                d=&quot;M8.5 16.5a5 5 0 0 1 7 0&quot;
              /&gt;
              &lt;path
                d=&quot;M2 8.82a15 15 0 0 1 4.17-2.65&quot;
              /&gt;
              &lt;path
                d=&quot;M10.66 5c4.01-.36 8.14.9 11.34 3.76&quot;
              /&gt;
              &lt;path
                d=&quot;M16.85 11.25a10 10 0 0 1 2.22 1.68&quot;
              /&gt;
              &lt;path
                d=&quot;M5 13a10 10 0 0 1 5.24-2.76&quot;
              /&gt;
              &lt;line
                x1=&quot;12&quot;
                x2=&quot;12.01&quot;
                y1=&quot;20&quot;
                y2=&quot;20&quot;
              /&gt;
            &lt;/svg&gt;
          &lt;/div&gt;
          &lt;button
            class=&quot;p-2 text-gray-500 hover:text-gray-700 hover:bg-gray-100 rounded-full transition-colors&quot;
          &gt;
            &lt;svg
              class=&quot;w-5 h-5&quot;
              fill=&quot;none&quot;
              height=&quot;24&quot;
              stroke=&quot;currentColor&quot;
              stroke-linecap=&quot;round&quot;
              stroke-linejoin=&quot;round&quot;
              stroke-width=&quot;2&quot;
              viewBox=&quot;0 0 24 24&quot;
              width=&quot;24&quot;
              xmlns=&quot;http://www.w3.org/2000/svg&quot;
            &gt;
              &lt;path
                d=&quot;M12.22 2h-.44a2 2 0 0 0-2 2v.18a2 2 0 0 1-1 1.73l-.43.25a2 2 0 0 1-2 0l-.15-.08a2 2 0 0 0-2.73.73l-.22.38a2 2 0 0 0 .73 2.73l.15.1a2 2 0 0 1 1 1.72v.51a2 2 0 0 1-1 1.74l-.15.09a2 2 0 0 0-.73 2.73l.22.38a2 2 0 0 0 2.73.73l.15-.08a2 2 0 0 1 2 0l.43.25a2 2 0 0 1 1 1.73V20a2 2 0 0 0 2 2h.44a2 2 0 0 0 2-2v-.18a2 2 0 0 1 1-1.73l.43-.25a2 2 0 0 1 2 0l.15.08a2 2 0 0 0 2.73-.73l.22-.39a2 2 0 0 0-.73-2.73l-.15-.08a2 2 0 0 1-1-1.74v-.5a2 2 0 0 1 1-1.74l.15-.09a2 2 0 0 0 .73-2.73l-.22-.38a2 2 0 0 0-2.73-.73l-.15.08a2 2 0 0 1-2 0l-.43-.25a2 2 0 0 1-1-1.73V4a2 2 0 0 0-2-2z&quot;
              /&gt;
              &lt;circle
                cx=&quot;12&quot;
                cy=&quot;12&quot;
                r=&quot;3&quot;
              /&gt;
            &lt;/svg&gt;
          &lt;/button&gt;
          &lt;button
            class=&quot;p-2 text-gray-500 hover:text-gray-700 hover:bg-gray-100 rounded-full transition-colors&quot;
          &gt;
            &lt;svg
              class=&quot;w-5 h-5&quot;
              fill=&quot;none&quot;
              height=&quot;24&quot;
              stroke=&quot;currentColor&quot;
              stroke-linecap=&quot;round&quot;
              stroke-linejoin=&quot;round&quot;
              stroke-width=&quot;2&quot;
              viewBo...
 ❯ Object.getElementError node_modules/@testing-library/react/node_modules/@testing-library/dom/dist/config.js:37:19
 ❯ node_modules/@testing-library/react/node_modules/@testing-library/dom/dist/query-helpers.js:76:38
 ❯ node_modules/@testing-library/react/node_modules/@testing-library/dom/dist/query-helpers.js:52:17
 ❯ node_modules/@testing-library/react/node_modules/@testing-library/dom/dist/query-helpers.js:95:19
 ❯ src/components/Chat/__tests__/TurkishChatInterface.test.tsx:170:31
            </failure>
        </testcase>
        <testcase classname="src/components/Chat/__tests__/TurkishChatInterface.test.tsx" name="TurkishChatInterface &gt; disables input and send button when loading" time="2.4277464">
            <failure message="Unable to find an accessible element with the role &quot;button&quot; and name `/gönder/i`

Here are the accessible roles:

  heading:

  Name &quot;Türkçe AI Asistan&quot;:
  [36m&lt;h2[39m
    [33mclass[39m=[32m&quot;font-semibold text-gray-800&quot;[39m
  [36m/&gt;[39m

  --------------------------------------------------
  button:

  Name &quot;&quot;:
  [36m&lt;button[39m
    [33mclass[39m=[32m&quot;p-2 text-gray-500 hover:text-gray-700 hover:bg-gray-100 rounded-full transition-colors&quot;[39m
  [36m/&gt;[39m

  Name &quot;&quot;:
  [36m&lt;button[39m
    [33mclass[39m=[32m&quot;p-2 text-gray-500 hover:text-gray-700 hover:bg-gray-100 rounded-full transition-colors&quot;[39m
  [36m/&gt;[39m

  Name &quot;&quot;:
  [36m&lt;button[39m
    [33mclass[39m=[32m&quot;p-2 text-gray-500 hover:text-red-600 hover:bg-red-50 rounded-full transition-colors&quot;[39m
  [36m/&gt;[39m

  Name &quot;Konu açıkla&quot;:
  [36m&lt;button[39m
    [33mclass[39m=[32m&quot;flex items-center space-x-2 p-3 bg-gray-50 hover:bg-gray-100 rounded-lg transition-colors text-left&quot;[39m
  [36m/&gt;[39m

  Name &quot;Soru sor&quot;:
  [36m&lt;button[39m
    [33mclass[39m=[32m&quot;flex items-center space-x-2 p-3 bg-gray-50 hover:bg-gray-100 rounded-lg transition-colors text-left&quot;[39m
  [36m/&gt;[39m

  Name &quot;Örnek ver&quot;:
  [36m&lt;button[39m
    [33mclass[39m=[32m&quot;flex items-center space-x-2 p-3 bg-gray-50 hover:bg-gray-100 rounded-lg transition-colors text-left&quot;[39m
  [36m/&gt;[39m

  Name &quot;Özet çıkar&quot;:
  [36m&lt;button[39m
    [33mclass[39m=[32m&quot;flex items-center space-x-2 p-3 bg-gray-50 hover:bg-gray-100 rounded-lg transition-colors text-left&quot;[39m
  [36m/&gt;[39m

  Name &quot;Konu açıkla&quot;:
  [36m&lt;button[39m
    [33mclass[39m=[32m&quot;flex items-center space-x-1 text-xs px-3 py-1.5 bg-white hover:bg-gray-100 border border-gray-200 rounded-full transition-colors&quot;[39m
    [33mtype[39m=[32m&quot;button&quot;[39m
  [36m/&gt;[39m

  Name &quot;Soru sor&quot;:
  [36m&lt;button[39m
    [33mclass[39m=[32m&quot;flex items-center space-x-1 text-xs px-3 py-1.5 bg-white hover:bg-gray-100 border border-gray-200 rounded-full transition-colors&quot;[39m
    [33mtype[39m=[32m&quot;button&quot;[39m
  [36m/&gt;[39m

  Name &quot;Örnek ver&quot;:
  [36m&lt;button[39m
    [33mclass[39m=[32m&quot;flex items-center space-x-1 text-xs px-3 py-1.5 bg-white hover:bg-gray-100 border border-gray-200 rounded-full transition-colors&quot;[39m
    [33mtype[39m=[32m&quot;button&quot;[39m
  [36m/&gt;[39m

  Name &quot;Özet çıkar&quot;:
  [36m&lt;button[39m
    [33mclass[39m=[32m&quot;flex items-center space-x-1 text-xs px-3 py-1.5 bg-white hover:bg-gray-100 border border-gray-200 rounded-full transition-colors&quot;[39m
    [33mtype[39m=[32m&quot;button&quot;[39m
  [36m/&gt;[39m

  Name &quot;&quot;:
  [36m&lt;button[39m
    [33mclass[39m=[32m&quot;p-3 bg-blue-500 text-white rounded-lg hover:bg-blue-600 focus:outline-none focus:ring-2 focus:ring-blue-500 disabled:opacity-50 disabled:cursor-not-allowed transition-colors&quot;[39m
    [33mdisabled[39m=[32m&quot;&quot;[39m
    [33mtype[39m=[32m&quot;submit&quot;[39m
  [36m/&gt;[39m

  --------------------------------------------------
  textbox:

  Name &quot;&quot;:
  [36m&lt;textarea[39m
    [33mclass[39m=[32m&quot;w-full px-4 py-3 pr-12 border border-gray-300 rounded-lg focus:outline-none focus:ring-2 focus:ring-blue-500 focus:border-transparent disabled:opacity-50 resize-none&quot;[39m
    [33mplaceholder[39m=[32m&quot;Mesajınızı Türkçe yazın...&quot;[39m
    [33mrows[39m=[32m&quot;1&quot;[39m
    [33mstyle[39m=[32m&quot;min-height: 48px; max-height: 120px;&quot;[39m
  [36m/&gt;[39m

  --------------------------------------------------

Ignored nodes: comments, script, style
[36m&lt;body&gt;[39m
  [36m&lt;div&gt;[39m
    [36m&lt;div[39m
      [33mclass[39m=[32m&quot;flex flex-col h-full bg-white rounded-lg shadow-lg &quot;[39m
    [36m&gt;[39m
      [36m&lt;div[39m
        [33mclass[39m=[32m&quot;flex items-center justify-between p-4 border-b border-gray-200 bg-gradient-to-r from-blue-50 to-indigo-50&quot;[39m
      [36m&gt;[39m
        [36m&lt;div[39m
          [33mclass[39m=[32m&quot;flex items-center space-x-3&quot;[39m
        [36m&gt;[39m
          [36m&lt;div[39m
            [33mclass[39m=[32m&quot;p-2 bg-blue-100 rounded-full&quot;[39m
          [36m&gt;[39m
            [36m&lt;svg[39m
              [33mclass[39m=[32m&quot;w-6 h-6 text-blue-600&quot;[39m
              [33mfill[39m=[32m&quot;none&quot;[39m
              [33mheight[39m=[32m&quot;24&quot;[39m
              [33mstroke[39m=[32m&quot;currentColor&quot;[39m
              [33mstroke-linecap[39m=[32m&quot;round&quot;[39m
              [33mstroke-linejoin[39m=[32m&quot;round&quot;[39m
              [33mstroke-width[39m=[32m&quot;2&quot;[39m
              [33mviewBox[39m=[32m&quot;0 0 24 24&quot;[39m
              [33mwidth[39m=[32m&quot;24&quot;[39m
              [33mxmlns[39m=[32m&quot;http://www.w3.org/2000/svg&quot;[39m
            [36m&gt;[39m
              [36m&lt;rect[39m
                [33mheight[39m=[32m&quot;10&quot;[39m
                [33mrx[39m=[32m&quot;2&quot;[39m
                [33mwidth[39m=[32m&quot;18&quot;[39m
                [33mx[39m=[32m&quot;3&quot;[39m
                [33my[39m=[32m&quot;11&quot;[39m
              [36m/&gt;[39m
              [36m&lt;circle[39m
                [33mcx[39m=[32m&quot;12&quot;[39m
                [33mcy[39m=[32m&quot;5&quot;[39m
                [33mr[39m=[32m&quot;2&quot;[39m
              [36m/&gt;[39m
              [36m&lt;path[39m
                [33md[39m=[32m&quot;M12 7v4&quot;[39m
              [36m/&gt;[39m
              [36m&lt;line[39m
                [33mx1[39m=[32m&quot;8&quot;[39m
                [33mx2[39m=[32m&quot;8&quot;[39m
                [33my1[39m=[32m&quot;16&quot;[39m
                [33my2[39m=[32m&quot;16&quot;[39m
              [36m/&gt;[39m
              [36m&lt;line[39m
                [33mx1[39m=[32m&quot;16&quot;[39m
                [33mx2[39m=[32m&quot;16&quot;[39m
                [33my1[39m=[32m&quot;16&quot;[39m
                [33my2[39m=[32m&quot;16&quot;[39m
              [36m/&gt;[39m
            [36m&lt;/svg&gt;[39m
          [36m&lt;/div&gt;[39m
          [36m&lt;div&gt;[39m
            [36m&lt;h2[39m
              [33mclass[39m=[32m&quot;font-semibold text-gray-800&quot;[39m
            [36m&gt;[39m
              [0mTürkçe AI Asistan[0m
            [36m&lt;/h2&gt;[39m
            [36m&lt;p[39m
              [33mclass[39m=[32m&quot;text-sm text-gray-600&quot;[39m
            [36m&gt;[39m
              [0mmatematik[0m
              [0m • [0m
              [0mBağlantı kesildi[0m
            [36m&lt;/p&gt;[39m
          [36m&lt;/div&gt;[39m
        [36m&lt;/div&gt;[39m
        [36m&lt;div[39m
          [33mclass[39m=[32m&quot;flex items-center space-x-2&quot;[39m
        [36m&gt;[39m
          [36m&lt;div[39m
            [33mclass[39m=[32m&quot;flex items-center space-x-1&quot;[39m
          [36m&gt;[39m
            [36m&lt;svg[39m
              [33mclass[39m=[32m&quot;w-4 h-4 text-red-500&quot;[39m
              [33mfill[39m=[32m&quot;none&quot;[39m
              [33mheight[39m=[32m&quot;24&quot;[39m
              [33mstroke[39m=[32m&quot;currentColor&quot;[39m
              [33mstroke-linecap[39m=[32m&quot;round&quot;[39m
              [33mstroke-linejoin[39m=[32m&quot;round&quot;[39m
              [33mstroke-width[39m=[32m&quot;2&quot;[39m
              [33mviewBox[39m=[32m&quot;0 0 24 24&quot;[39m
              [33mwidth[39m=[32m&quot;24&quot;[39m
              [33mxmlns[39m=[32m&quot;http://www.w3.org/2000/svg&quot;[39m
            [36m&gt;[39m
              [36m&lt;line[39m
                [33mx1[39m=[32m&quot;2&quot;[39m
                [33mx2[39m=[32m&quot;22&quot;[39m
                [33my1[39m=[32m&quot;2&quot;[39m
                [33my2[39m=[32m&quot;22&quot;[39m
              [36m/&gt;[39m
              [36m&lt;path[39m
                [33md[39m=[32m&quot;M8.5 16.5a5 5 0 0 1 7 0&quot;[39m
              [36m/&gt;[39m
              [36m&lt;path[39m
                [33md[39m=[32m&quot;M2 8.82a15 15 0 0 1 4.17-2.65&quot;[39m
              [36m/&gt;[39m
              [36m&lt;path[39m
                [33md[39m=[32m&quot;M10.66 5c4.01-.36 8.14.9 11.34 3.76&quot;[39m
              [36m/&gt;[39m
              [36m&lt;path[39m
                [33md[39m=[32m&quot;M16.85 11.25a10 10 0 0 1 2.22 1.68&quot;[39m
              [36m/&gt;[39m
              [36m&lt;path[39m
                [33md[39m=[32m&quot;M5 13a10 10 0 0 1 5.24-2.76&quot;[39m
              [36m/&gt;[39m
              [36m&lt;line[39m
                [33mx1[39m=[32m&quot;12&quot;[39m
                [33mx2[39m=[32m&quot;12.01&quot;[39m
                [33my1[39m=[32m&quot;20&quot;[39m
                [33my2[39m=[32m&quot;20&quot;[39m
              [36m/&gt;[39m
            [36m&lt;/svg&gt;[39m
          [36m&lt;/div&gt;[39m
          [36m&lt;button[39m
            [33mclass[39m=[32m&quot;p-2 text-gray-500 hover:text-gray-700 hover:bg-gray-100 rounded-full transition-colors&quot;[39m
          [36m&gt;[39m
            [36m&lt;svg[39m
              [33mclass[39m=[32m&quot;w-5 h-5&quot;[39m
              [33mfill[39m=[32m&quot;none&quot;[39m
              [33mheight[39m=[32m&quot;24&quot;[39m
              [33mstroke[39m=[32m&quot;currentColor&quot;[39m
              [33mstroke-linecap[39m=[32m&quot;round&quot;[39m
              [33mstroke-linejoin[39m=[32m&quot;round&quot;[39m
              [33mstroke-width[39m=[32m&quot;2&quot;[39m
              [33mviewBox[39m=[32m&quot;0 0 24 24&quot;[39m
              [33mwidth[39m=[32m&quot;24&quot;[39m
              [33mxmlns[39m=[32m&quot;http://www.w3.org/2000/svg&quot;[39m
            [36m&gt;[39m
              [36m&lt;path[39m
                [33md[39m=[32m&quot;M12.22 2h-.44a2 2 0 0 0-2 2v.18a2 2 0 0 1-1 1.73l-.43.25a2 2 0 0 1-2 0l-.15-.08a2 2 0 0 0-2.73.73l-.22.38a2 2 0 0 0 .73 2.73l.15.1a2 2 0 0 1 1 1.72v.51a2 2 0 0 1-1 1.74l-.15.09a2 2 0 0 0-.73 2.73l.22.38a2 2 0 0 0 2.73.73l.15-.08a2 2 0 0 1 2 0l.43.25a2 2 0 0 1 1 1.73V20a2 2 0 0 0 2 2h.44a2 2 0 0 0 2-2v-.18a2 2 0 0 1 1-1.73l.43-.25a2 2 0 0 1 2 0l.15.08a2 2 0 0 0 2.73-.73l.22-.39a2 2 0 0 0-.73-2.73l-.15-.08a2 2 0 0 1-1-1.74v-.5a2 2 0 0 1 1-1.74l.15-.09a2 2 0 0 0 .73-2.73l-.22-.38a2 2 0 0 0-2.73-.73l-.15.08a2 2 0 0 1-2 0l-.43-.25a2 2 0 0 1-1-1.73V4a2 2 0 0 0-2-2z&quot;[39m
              [36m/&gt;[39m
              [36m&lt;circle[39m
                [33mcx[39m=[32m&quot;12&quot;[39m
                [33mcy[39m=[32m&quot;12&quot;[39m
                [33mr[39m=[32m&quot;3&quot;[39m
              [36m/&gt;[39m
            [36m&lt;/svg&gt;[39m
          [36m&lt;/button&gt;[39m
          [36m&lt;button[39m
            [33mclass[39m=[32m&quot;p-2 text-gray-500 hover:text-gray-700 hover:bg-gray-100 rounded-full transition-colors&quot;[39m
          [36m&gt;[39m
            [36m&lt;svg[39m
              [33mclass[39m=[32m&quot;w-5 h-5&quot;[39m
              [33mfill[39m=[32m&quot;none&quot;[39m
              [33mheight[39m=[32m&quot;24&quot;[39m
              [33mstroke[39m=[32m&quot;currentColor&quot;[39m
              [33mstroke-linecap[39m=[32m&quot;round&quot;[39m
              [33mstroke-linejoin[39m=[32m&quot;round&quot;[39m
              [33mstroke-width[39m=[32m&quot;2&quot;[39m
              [33mviewBo..." type="TestingLibraryElementError">
TestingLibraryElementError: Unable to find an accessible element with the role &quot;button&quot; and name `/gönder/i`

Here are the accessible roles:

  heading:

  Name &quot;Türkçe AI Asistan&quot;:
  &lt;h2
    class=&quot;font-semibold text-gray-800&quot;
  /&gt;

  --------------------------------------------------
  button:

  Name &quot;&quot;:
  &lt;button
    class=&quot;p-2 text-gray-500 hover:text-gray-700 hover:bg-gray-100 rounded-full transition-colors&quot;
  /&gt;

  Name &quot;&quot;:
  &lt;button
    class=&quot;p-2 text-gray-500 hover:text-gray-700 hover:bg-gray-100 rounded-full transition-colors&quot;
  /&gt;

  Name &quot;&quot;:
  &lt;button
    class=&quot;p-2 text-gray-500 hover:text-red-600 hover:bg-red-50 rounded-full transition-colors&quot;
  /&gt;

  Name &quot;Konu açıkla&quot;:
  &lt;button
    class=&quot;flex items-center space-x-2 p-3 bg-gray-50 hover:bg-gray-100 rounded-lg transition-colors text-left&quot;
  /&gt;

  Name &quot;Soru sor&quot;:
  &lt;button
    class=&quot;flex items-center space-x-2 p-3 bg-gray-50 hover:bg-gray-100 rounded-lg transition-colors text-left&quot;
  /&gt;

  Name &quot;Örnek ver&quot;:
  &lt;button
    class=&quot;flex items-center space-x-2 p-3 bg-gray-50 hover:bg-gray-100 rounded-lg transition-colors text-left&quot;
  /&gt;

  Name &quot;Özet çıkar&quot;:
  &lt;button
    class=&quot;flex items-center space-x-2 p-3 bg-gray-50 hover:bg-gray-100 rounded-lg transition-colors text-left&quot;
  /&gt;

  Name &quot;Konu açıkla&quot;:
  &lt;button
    class=&quot;flex items-center space-x-1 text-xs px-3 py-1.5 bg-white hover:bg-gray-100 border border-gray-200 rounded-full transition-colors&quot;
    type=&quot;button&quot;
  /&gt;

  Name &quot;Soru sor&quot;:
  &lt;button
    class=&quot;flex items-center space-x-1 text-xs px-3 py-1.5 bg-white hover:bg-gray-100 border border-gray-200 rounded-full transition-colors&quot;
    type=&quot;button&quot;
  /&gt;

  Name &quot;Örnek ver&quot;:
  &lt;button
    class=&quot;flex items-center space-x-1 text-xs px-3 py-1.5 bg-white hover:bg-gray-100 border border-gray-200 rounded-full transition-colors&quot;
    type=&quot;button&quot;
  /&gt;

  Name &quot;Özet çıkar&quot;:
  &lt;button
    class=&quot;flex items-center space-x-1 text-xs px-3 py-1.5 bg-white hover:bg-gray-100 border border-gray-200 rounded-full transition-colors&quot;
    type=&quot;button&quot;
  /&gt;

  Name &quot;&quot;:
  &lt;button
    class=&quot;p-3 bg-blue-500 text-white rounded-lg hover:bg-blue-600 focus:outline-none focus:ring-2 focus:ring-blue-500 disabled:opacity-50 disabled:cursor-not-allowed transition-colors&quot;
    disabled=&quot;&quot;
    type=&quot;submit&quot;
  /&gt;

  --------------------------------------------------
  textbox:

  Name &quot;&quot;:
  &lt;textarea
    class=&quot;w-full px-4 py-3 pr-12 border border-gray-300 rounded-lg focus:outline-none focus:ring-2 focus:ring-blue-500 focus:border-transparent disabled:opacity-50 resize-none&quot;
    placeholder=&quot;Mesajınızı Türkçe yazın...&quot;
    rows=&quot;1&quot;
    style=&quot;min-height: 48px; max-height: 120px;&quot;
  /&gt;

  --------------------------------------------------

Ignored nodes: comments, script, style
&lt;body&gt;
  &lt;div&gt;
    &lt;div
      class=&quot;flex flex-col h-full bg-white rounded-lg shadow-lg &quot;
    &gt;
      &lt;div
        class=&quot;flex items-center justify-between p-4 border-b border-gray-200 bg-gradient-to-r from-blue-50 to-indigo-50&quot;
      &gt;
        &lt;div
          class=&quot;flex items-center space-x-3&quot;
        &gt;
          &lt;div
            class=&quot;p-2 bg-blue-100 rounded-full&quot;
          &gt;
            &lt;svg
              class=&quot;w-6 h-6 text-blue-600&quot;
              fill=&quot;none&quot;
              height=&quot;24&quot;
              stroke=&quot;currentColor&quot;
              stroke-linecap=&quot;round&quot;
              stroke-linejoin=&quot;round&quot;
              stroke-width=&quot;2&quot;
              viewBox=&quot;0 0 24 24&quot;
              width=&quot;24&quot;
              xmlns=&quot;http://www.w3.org/2000/svg&quot;
            &gt;
              &lt;rect
                height=&quot;10&quot;
                rx=&quot;2&quot;
                width=&quot;18&quot;
                x=&quot;3&quot;
                y=&quot;11&quot;
              /&gt;
              &lt;circle
                cx=&quot;12&quot;
                cy=&quot;5&quot;
                r=&quot;2&quot;
              /&gt;
              &lt;path
                d=&quot;M12 7v4&quot;
              /&gt;
              &lt;line
                x1=&quot;8&quot;
                x2=&quot;8&quot;
                y1=&quot;16&quot;
                y2=&quot;16&quot;
              /&gt;
              &lt;line
                x1=&quot;16&quot;
                x2=&quot;16&quot;
                y1=&quot;16&quot;
                y2=&quot;16&quot;
              /&gt;
            &lt;/svg&gt;
          &lt;/div&gt;
          &lt;div&gt;
            &lt;h2
              class=&quot;font-semibold text-gray-800&quot;
            &gt;
              Türkçe AI Asistan
            &lt;/h2&gt;
            &lt;p
              class=&quot;text-sm text-gray-600&quot;
            &gt;
              matematik
               • 
              Bağlantı kesildi
            &lt;/p&gt;
          &lt;/div&gt;
        &lt;/div&gt;
        &lt;div
          class=&quot;flex items-center space-x-2&quot;
        &gt;
          &lt;div
            class=&quot;flex items-center space-x-1&quot;
          &gt;
            &lt;svg
              class=&quot;w-4 h-4 text-red-500&quot;
              fill=&quot;none&quot;
              height=&quot;24&quot;
              stroke=&quot;currentColor&quot;
              stroke-linecap=&quot;round&quot;
              stroke-linejoin=&quot;round&quot;
              stroke-width=&quot;2&quot;
              viewBox=&quot;0 0 24 24&quot;
              width=&quot;24&quot;
              xmlns=&quot;http://www.w3.org/2000/svg&quot;
            &gt;
              &lt;line
                x1=&quot;2&quot;
                x2=&quot;22&quot;
                y1=&quot;2&quot;
                y2=&quot;22&quot;
              /&gt;
              &lt;path
                d=&quot;M8.5 16.5a5 5 0 0 1 7 0&quot;
              /&gt;
              &lt;path
                d=&quot;M2 8.82a15 15 0 0 1 4.17-2.65&quot;
              /&gt;
              &lt;path
                d=&quot;M10.66 5c4.01-.36 8.14.9 11.34 3.76&quot;
              /&gt;
              &lt;path
                d=&quot;M16.85 11.25a10 10 0 0 1 2.22 1.68&quot;
              /&gt;
              &lt;path
                d=&quot;M5 13a10 10 0 0 1 5.24-2.76&quot;
              /&gt;
              &lt;line
                x1=&quot;12&quot;
                x2=&quot;12.01&quot;
                y1=&quot;20&quot;
                y2=&quot;20&quot;
              /&gt;
            &lt;/svg&gt;
          &lt;/div&gt;
          &lt;button
            class=&quot;p-2 text-gray-500 hover:text-gray-700 hover:bg-gray-100 rounded-full transition-colors&quot;
          &gt;
            &lt;svg
              class=&quot;w-5 h-5&quot;
              fill=&quot;none&quot;
              height=&quot;24&quot;
              stroke=&quot;currentColor&quot;
              stroke-linecap=&quot;round&quot;
              stroke-linejoin=&quot;round&quot;
              stroke-width=&quot;2&quot;
              viewBox=&quot;0 0 24 24&quot;
              width=&quot;24&quot;
              xmlns=&quot;http://www.w3.org/2000/svg&quot;
            &gt;
              &lt;path
                d=&quot;M12.22 2h-.44a2 2 0 0 0-2 2v.18a2 2 0 0 1-1 1.73l-.43.25a2 2 0 0 1-2 0l-.15-.08a2 2 0 0 0-2.73.73l-.22.38a2 2 0 0 0 .73 2.73l.15.1a2 2 0 0 1 1 1.72v.51a2 2 0 0 1-1 1.74l-.15.09a2 2 0 0 0-.73 2.73l.22.38a2 2 0 0 0 2.73.73l.15-.08a2 2 0 0 1 2 0l.43.25a2 2 0 0 1 1 1.73V20a2 2 0 0 0 2 2h.44a2 2 0 0 0 2-2v-.18a2 2 0 0 1 1-1.73l.43-.25a2 2 0 0 1 2 0l.15.08a2 2 0 0 0 2.73-.73l.22-.39a2 2 0 0 0-.73-2.73l-.15-.08a2 2 0 0 1-1-1.74v-.5a2 2 0 0 1 1-1.74l.15-.09a2 2 0 0 0 .73-2.73l-.22-.38a2 2 0 0 0-2.73-.73l-.15.08a2 2 0 0 1-2 0l-.43-.25a2 2 0 0 1-1-1.73V4a2 2 0 0 0-2-2z&quot;
              /&gt;
              &lt;circle
                cx=&quot;12&quot;
                cy=&quot;12&quot;
                r=&quot;3&quot;
              /&gt;
            &lt;/svg&gt;
          &lt;/button&gt;
          &lt;button
            class=&quot;p-2 text-gray-500 hover:text-gray-700 hover:bg-gray-100 rounded-full transition-colors&quot;
          &gt;
            &lt;svg
              class=&quot;w-5 h-5&quot;
              fill=&quot;none&quot;
              height=&quot;24&quot;
              stroke=&quot;currentColor&quot;
              stroke-linecap=&quot;round&quot;
              stroke-linejoin=&quot;round&quot;
              stroke-width=&quot;2&quot;
              viewBo...
 ❯ Object.getElementError node_modules/@testing-library/react/node_modules/@testing-library/dom/dist/config.js:37:19
 ❯ node_modules/@testing-library/react/node_modules/@testing-library/dom/dist/query-helpers.js:76:38
 ❯ node_modules/@testing-library/react/node_modules/@testing-library/dom/dist/query-helpers.js:52:17
 ❯ node_modules/@testing-library/react/node_modules/@testing-library/dom/dist/query-helpers.js:95:19
 ❯ src/components/Chat/__tests__/TurkishChatInterface.test.tsx:182:31
            </failure>
        </testcase>
        <testcase classname="src/components/Chat/__tests__/TurkishChatInterface.test.tsx" name="TurkishChatInterface &gt; loads messages from localStorage on mount" time="0.0759381">
        </testcase>
        <testcase classname="src/components/Chat/__tests__/TurkishChatInterface.test.tsx" name="TurkishChatInterface &gt; loads session messages when sessionId is provided" time="0.0561115">
        </testcase>
        <testcase classname="src/components/Chat/__tests__/TurkishChatInterface.test.tsx" name="TurkishChatInterface &gt; handles language correction suggestions" time="0.1485746">
        </testcase>
        <testcase classname="src/components/Chat/__tests__/TurkishChatInterface.test.tsx" name="TurkishChatInterface &gt; applies language correction when suggestion is clicked" time="0.7123479">
        </testcase>
        <testcase classname="src/components/Chat/__tests__/TurkishChatInterface.test.tsx" name="TurkishChatInterface &gt; shows input hints" time="0.0947237">
        </testcase>
        <testcase classname="src/components/Chat/__tests__/TurkishChatInterface.test.tsx" name="TurkishChatInterface &gt; calls onAgentResponse when agent responds" time="0.0674706">
        </testcase>
    </testsuite>
    <testsuite name="src/components/Accessibility/__tests__/ColorContrastSettings.test.tsx" timestamp="2025-11-14T16:56:52.684Z" hostname="ates" tests="1" failures="1" errors="0" skipped="0" time="0">
        <testcase classname="src/components/Accessibility/__tests__/ColorContrastSettings.test.tsx" name="src/components/Accessibility/__tests__/ColorContrastSettings.test.tsx" time="0">
            <failure message="No test suite found in file C:/Users/husey/kiro2/frontend/src/components/Accessibility/__tests__/ColorContrastSettings.test.tsx" type="Error">
Error: No test suite found in file C:/Users/husey/kiro2/frontend/src/components/Accessibility/__tests__/ColorContrastSettings.test.tsx
            </failure>
        </testcase>
    </testsuite>
    <testsuite name="src/components/Accessibility/__tests__/TextToSpeech.test.tsx" timestamp="2025-11-14T16:56:52.685Z" hostname="ates" tests="1" failures="1" errors="0" skipped="0" time="0">
        <testcase classname="src/components/Accessibility/__tests__/TextToSpeech.test.tsx" name="src/components/Accessibility/__tests__/TextToSpeech.test.tsx" time="0">
            <failure message="jest is not defined" type="ReferenceError">
ReferenceError: jest is not defined
 ❯ src/components/Accessibility/__tests__/TextToSpeech.test.tsx:30:14
            </failure>
        </testcase>
    </testsuite>
    <testsuite name="src/components/Gamification/__tests__/BadgeCollection.test.tsx" timestamp="2025-11-14T16:56:52.686Z" hostname="ates" tests="34" failures="2" errors="0" skipped="0" time="1.8153779">
        <testcase classname="src/components/Gamification/__tests__/BadgeCollection.test.tsx" name="BadgeCollection - Rendering &gt; renders badge collection" time="0.1424271">
        </testcase>
        <testcase classname="src/components/Gamification/__tests__/BadgeCollection.test.tsx" name="BadgeCollection - Rendering &gt; displays badge count" time="0.0347236">
        </testcase>
        <testcase classname="src/components/Gamification/__tests__/BadgeCollection.test.tsx" name="BadgeCollection - Rendering &gt; shows view mode buttons" time="0.063076">
        </testcase>
        <testcase classname="src/components/Gamification/__tests__/BadgeCollection.test.tsx" name="BadgeCollection - Rendering &gt; shows rarity filter" time="0.0268203">
        </testcase>
        <testcase classname="src/components/Gamification/__tests__/BadgeCollection.test.tsx" name="BadgeCollection - Rendering &gt; displays earned badges by default" time="0.0371962">
        </testcase>
        <testcase classname="src/components/Gamification/__tests__/BadgeCollection.test.tsx" name="BadgeCollection - Loading &amp; Error &gt; shows loading spinner" time="0.0062593">
        </testcase>
        <testcase classname="src/components/Gamification/__tests__/BadgeCollection.test.tsx" name="BadgeCollection - Loading &amp; Error &gt; shows error message" time="0.0050817">
        </testcase>
        <testcase classname="src/components/Gamification/__tests__/BadgeCollection.test.tsx" name="BadgeCollection - Loading &amp; Error &gt; does not show spinner when badges exist" time="0.0124105">
        </testcase>
        <testcase classname="src/components/Gamification/__tests__/BadgeCollection.test.tsx" name="BadgeCollection - Compact Mode &gt; renders compact view" time="0.0110202">
        </testcase>
        <testcase classname="src/components/Gamification/__tests__/BadgeCollection.test.tsx" name="BadgeCollection - Compact Mode &gt; does not show filters in compact mode" time="0.0065705">
        </testcase>
        <testcase classname="src/components/Gamification/__tests__/BadgeCollection.test.tsx" name="BadgeCollection - View Modes &gt; switches to all badges view" time="0.06304">
        </testcase>
        <testcase classname="src/components/Gamification/__tests__/BadgeCollection.test.tsx" name="BadgeCollection - View Modes &gt; switches to progress view" time="0.078514">
        </testcase>
        <testcase classname="src/components/Gamification/__tests__/BadgeCollection.test.tsx" name="BadgeCollection - View Modes &gt; highlights active view button" time="0.0488532">
        </testcase>
        <testcase classname="src/components/Gamification/__tests__/BadgeCollection.test.tsx" name="BadgeCollection - View Modes &gt; does not show progress button when showProgress is false" time="0.0239879">
        </testcase>
        <testcase classname="src/components/Gamification/__tests__/BadgeCollection.test.tsx" name="BadgeCollection - Rarity Filter &gt; filters by common rarity" time="0.2401598">
        </testcase>
        <testcase classname="src/components/Gamification/__tests__/BadgeCollection.test.tsx" name="BadgeCollection - Rarity Filter &gt; filters by rare rarity" time="0.1274164">
        </testcase>
        <testcase classname="src/components/Gamification/__tests__/BadgeCollection.test.tsx" name="BadgeCollection - Rarity Filter &gt; shows all rarities when set to all" time="0.111047">
        </testcase>
        <testcase classname="src/components/Gamification/__tests__/BadgeCollection.test.tsx" name="BadgeCollection - Category Filter &gt; filters by category via props" time="0.0219022">
        </testcase>
        <testcase classname="src/components/Gamification/__tests__/BadgeCollection.test.tsx" name="BadgeCollection - Category Filter &gt; filters by mastery category" time="0.0325853">
        </testcase>
        <testcase classname="src/components/Gamification/__tests__/BadgeCollection.test.tsx" name="BadgeCollection - Badge Details &gt; displays badge icon" time="0.0260654">
        </testcase>
        <testcase classname="src/components/Gamification/__tests__/BadgeCollection.test.tsx" name="BadgeCollection - Badge Details &gt; displays badge category with icon" time="0.0265767">
        </testcase>
        <testcase classname="src/components/Gamification/__tests__/BadgeCollection.test.tsx" name="BadgeCollection - Badge Details &gt; displays badge points" time="0.0244746">
        </testcase>
        <testcase classname="src/components/Gamification/__tests__/BadgeCollection.test.tsx" name="BadgeCollection - Badge Details &gt; shows progress bar in progress view" time="0.0388843">
            <failure message="[2mexpect([22m[31mreceived[39m[2m).toBeInTheDocument()[22m

[31mreceived[39m value must be an HTMLElement or an SVGElement.
Received has type:  Null
Received has value: [31mnull[39m" type="Error">
Error: expect(received).toBeInTheDocument()

received value must be an HTMLElement or an SVGElement.
Received has type:  Null
Received has value: null
 ❯ src/components/Gamification/__tests__/BadgeCollection.test.tsx:352:25
            </failure>
        </testcase>
        <testcase classname="src/components/Gamification/__tests__/BadgeCollection.test.tsx" name="BadgeCollection - Badge Details &gt; sets correct rarity border color" time="0.097889">
        </testcase>
        <testcase classname="src/components/Gamification/__tests__/BadgeCollection.test.tsx" name="BadgeCollection - Badge Selection &gt; selects badge on click" time="0.0785533">
        </testcase>
        <testcase classname="src/components/Gamification/__tests__/BadgeCollection.test.tsx" name="BadgeCollection - Empty States &gt; shows no earned badges message" time="0.0111797">
        </testcase>
        <testcase classname="src/components/Gamification/__tests__/BadgeCollection.test.tsx" name="BadgeCollection - Empty States &gt; shows no badges found when filtered" time="0.1002793">
            <failure message="Unable to find an element with the text: Rozet bulunamadı. This could be because the text is broken up by multiple elements. In this case, you can provide a function for your text matcher to make your matcher more flexible.

Ignored nodes: comments, script, style
[36m&lt;body&gt;[39m
  [36m&lt;div&gt;[39m
    [36m&lt;div[39m
      [33mclass[39m=[32m&quot;badge-collection&quot;[39m
    [36m&gt;[39m
      [36m&lt;div[39m
        [33mclass[39m=[32m&quot;badge-header&quot;[39m
      [36m&gt;[39m
        [36m&lt;h3&gt;[39m
          [0mRozet Koleksiyonu[0m
        [36m&lt;/h3&gt;[39m
        [36m&lt;div[39m
          [33mclass[39m=[32m&quot;badge-stats-compact&quot;[39m
        [36m&gt;[39m
          [36m&lt;span[39m
            [33mclass[39m=[32m&quot;stat-badge&quot;[39m
          [36m&gt;[39m
            [36m&lt;span[39m
              [33mclass[39m=[32m&quot;stat-icon&quot;[39m
            [36m&gt;[39m
              [0m🏅[0m
            [36m&lt;/span&gt;[39m
            [36m&lt;span[39m
              [33mclass[39m=[32m&quot;stat-value&quot;[39m
            [36m&gt;[39m
              [0m2[0m
              [0m/[0m
              [0m3[0m
            [36m&lt;/span&gt;[39m
          [36m&lt;/span&gt;[39m
        [36m&lt;/div&gt;[39m
      [36m&lt;/div&gt;[39m
      [36m&lt;div[39m
        [33mclass[39m=[32m&quot;badge-filters&quot;[39m
      [36m&gt;[39m
        [36m&lt;div[39m
          [33mclass[39m=[32m&quot;view-mode-buttons&quot;[39m
        [36m&gt;[39m
          [36m&lt;button[39m
            [33mclass[39m=[32m&quot;view-mode-btn active&quot;[39m
          [36m&gt;[39m
            [0mKazanılanlar ([0m
            [0m2[0m
            [0m)[0m
          [36m&lt;/button&gt;[39m
          [36m&lt;button[39m
            [33mclass[39m=[32m&quot;view-mode-btn &quot;[39m
          [36m&gt;[39m
            [0mTümü ([0m
            [0m3[0m
            [0m)[0m
          [36m&lt;/button&gt;[39m
          [36m&lt;button[39m
            [33mclass[39m=[32m&quot;view-mode-btn &quot;[39m
          [36m&gt;[39m
            [0mİlerleme ([0m
            [0m0[0m
            [0m)[0m
          [36m&lt;/button&gt;[39m
        [36m&lt;/div&gt;[39m
        [36m&lt;div[39m
          [33mclass[39m=[32m&quot;rarity-filter&quot;[39m
        [36m&gt;[39m
          [36m&lt;select[39m
            [33mclass[39m=[32m&quot;rarity-select&quot;[39m
          [36m&gt;[39m
            [36m&lt;option[39m
              [33mvalue[39m=[32m&quot;all&quot;[39m
            [36m&gt;[39m
              [0mTüm Nadirlikler[0m
            [36m&lt;/option&gt;[39m
            [36m&lt;option[39m
              [33mvalue[39m=[32m&quot;common&quot;[39m
            [36m&gt;[39m
              [0mYaygın[0m
            [36m&lt;/option&gt;[39m
            [36m&lt;option[39m
              [33mvalue[39m=[32m&quot;uncommon&quot;[39m
            [36m&gt;[39m
              [0mNadir[0m
            [36m&lt;/option&gt;[39m
            [36m&lt;option[39m
              [33mvalue[39m=[32m&quot;rare&quot;[39m
            [36m&gt;[39m
              [0mÇok Nadir[0m
            [36m&lt;/option&gt;[39m
            [36m&lt;option[39m
              [33mvalue[39m=[32m&quot;epic&quot;[39m
            [36m&gt;[39m
              [0mEpik[0m
            [36m&lt;/option&gt;[39m
            [36m&lt;option[39m
              [33mvalue[39m=[32m&quot;legendary&quot;[39m
            [36m&gt;[39m
              [0mEfsanevi[0m
            [36m&lt;/option&gt;[39m
          [36m&lt;/select&gt;[39m
        [36m&lt;/div&gt;[39m
      [36m&lt;/div&gt;[39m
      [36m&lt;div[39m
        [33mclass[39m=[32m&quot;badge-grid&quot;[39m
      [36m&gt;[39m
        [36m&lt;div[39m
          [33mclass[39m=[32m&quot;no-badges&quot;[39m
        [36m&gt;[39m
          [0mHenüz rozet kazanmadınız[0m
        [36m&lt;/div&gt;[39m
      [36m&lt;/div&gt;[39m
    [36m&lt;/div&gt;[39m
  [36m&lt;/div&gt;[39m
[36m&lt;/body&gt;[39m" type="TestingLibraryElementError">
TestingLibraryElementError: Unable to find an element with the text: Rozet bulunamadı. This could be because the text is broken up by multiple elements. In this case, you can provide a function for your text matcher to make your matcher more flexible.

Ignored nodes: comments, script, style
&lt;body&gt;
  &lt;div&gt;
    &lt;div
      class=&quot;badge-collection&quot;
    &gt;
      &lt;div
        class=&quot;badge-header&quot;
      &gt;
        &lt;h3&gt;
          Rozet Koleksiyonu
        &lt;/h3&gt;
        &lt;div
          class=&quot;badge-stats-compact&quot;
        &gt;
          &lt;span
            class=&quot;stat-badge&quot;
          &gt;
            &lt;span
              class=&quot;stat-icon&quot;
            &gt;
              🏅
            &lt;/span&gt;
            &lt;span
              class=&quot;stat-value&quot;
            &gt;
              2
              /
              3
            &lt;/span&gt;
          &lt;/span&gt;
        &lt;/div&gt;
      &lt;/div&gt;
      &lt;div
        class=&quot;badge-filters&quot;
      &gt;
        &lt;div
          class=&quot;view-mode-buttons&quot;
        &gt;
          &lt;button
            class=&quot;view-mode-btn active&quot;
          &gt;
            Kazanılanlar (
            2
            )
          &lt;/button&gt;
          &lt;button
            class=&quot;view-mode-btn &quot;
          &gt;
            Tümü (
            3
            )
          &lt;/button&gt;
          &lt;button
            class=&quot;view-mode-btn &quot;
          &gt;
            İlerleme (
            0
            )
          &lt;/button&gt;
        &lt;/div&gt;
        &lt;div
          class=&quot;rarity-filter&quot;
        &gt;
          &lt;select
            class=&quot;rarity-select&quot;
          &gt;
            &lt;option
              value=&quot;all&quot;
            &gt;
              Tüm Nadirlikler
            &lt;/option&gt;
            &lt;option
              value=&quot;common&quot;
            &gt;
              Yaygın
            &lt;/option&gt;
            &lt;option
              value=&quot;uncommon&quot;
            &gt;
              Nadir
            &lt;/option&gt;
            &lt;option
              value=&quot;rare&quot;
            &gt;
              Çok Nadir
            &lt;/option&gt;
            &lt;option
              value=&quot;epic&quot;
            &gt;
              Epik
            &lt;/option&gt;
            &lt;option
              value=&quot;legendary&quot;
            &gt;
              Efsanevi
            &lt;/option&gt;
          &lt;/select&gt;
        &lt;/div&gt;
      &lt;/div&gt;
      &lt;div
        class=&quot;badge-grid&quot;
      &gt;
        &lt;div
          class=&quot;no-badges&quot;
        &gt;
          Henüz rozet kazanmadınız
        &lt;/div&gt;
      &lt;/div&gt;
    &lt;/div&gt;
  &lt;/div&gt;
&lt;/body&gt;
 ❯ Object.getElementError node_modules/@testing-library/react/node_modules/@testing-library/dom/dist/config.js:37:19
 ❯ node_modules/@testing-library/react/node_modules/@testing-library/dom/dist/query-helpers.js:76:38
 ❯ node_modules/@testing-library/react/node_modules/@testing-library/dom/dist/query-helpers.js:52:17
 ❯ node_modules/@testing-library/react/node_modules/@testing-library/dom/dist/query-helpers.js:95:19
 ❯ src/components/Gamification/__tests__/BadgeCollection.test.tsx:424:19
            </failure>
        </testcase>
        <testcase classname="src/components/Gamification/__tests__/BadgeCollection.test.tsx" name="BadgeCollection - Progress Display &gt; shows progress percentage" time="0.037295">
        </testcase>
        <testcase classname="src/components/Gamification/__tests__/BadgeCollection.test.tsx" name="BadgeCollection - Progress Display &gt; sets progress bar width correctly" time="0.0845944">
        </testcase>
        <testcase classname="src/components/Gamification/__tests__/BadgeCollection.test.tsx" name="BadgeCollection - Progress Display &gt; applies rarity color to progress bar" time="0.0878418">
        </testcase>
        <testcase classname="src/components/Gamification/__tests__/BadgeCollection.test.tsx" name="BadgeCollection - Statistics &gt; calculates total earned badges" time="0.0229118">
        </testcase>
        <testcase classname="src/components/Gamification/__tests__/BadgeCollection.test.tsx" name="BadgeCollection - Statistics &gt; updates stats when badges change" time="0.028005">
        </testcase>
        <testcase classname="src/components/Gamification/__tests__/BadgeCollection.test.tsx" name="BadgeCollection - Earned Styling &gt; adds earned class to earned badges" time="0.0151446">
        </testcase>
        <testcase classname="src/components/Gamification/__tests__/BadgeCollection.test.tsx" name="BadgeCollection - Earned Styling &gt; does not add earned class to unearned badges" time="0.0352125">
        </testcase>
    </testsuite>
    <testsuite name="src/components/Gamification/__tests__/Leaderboard.test.tsx" timestamp="2025-11-14T16:56:52.695Z" hostname="ates" tests="24" failures="1" errors="0" skipped="0" time="1.4083367">
        <testcase classname="src/components/Gamification/__tests__/Leaderboard.test.tsx" name="Leaderboard - Rendering &gt; renders leaderboard" time="0.1902778">
        </testcase>
        <testcase classname="src/components/Gamification/__tests__/Leaderboard.test.tsx" name="Leaderboard - Rendering &gt; shows loading spinner" time="0.0128396">
        </testcase>
        <testcase classname="src/components/Gamification/__tests__/Leaderboard.test.tsx" name="Leaderboard - Rendering &gt; shows error message" time="0.0111312">
        </testcase>
        <testcase classname="src/components/Gamification/__tests__/Leaderboard.test.tsx" name="Leaderboard - Entries &gt; displays top 3 with medals" time="0.1056554">
        </testcase>
        <testcase classname="src/components/Gamification/__tests__/Leaderboard.test.tsx" name="Leaderboard - Entries &gt; displays rank number for non-top-3" time="0.039217">
        </testcase>
        <testcase classname="src/components/Gamification/__tests__/Leaderboard.test.tsx" name="Leaderboard - Entries &gt; shows username and score" time="0.0646241">
        </testcase>
        <testcase classname="src/components/Gamification/__tests__/Leaderboard.test.tsx" name="Leaderboard - Entries &gt; displays avatar when available" time="0.0347959">
            <failure message="screen.getByAlt is not a function" type="TypeError">
TypeError: screen.getByAlt is not a function
 ❯ src/components/Gamification/__tests__/Leaderboard.test.tsx:103:27
            </failure>
        </testcase>
        <testcase classname="src/components/Gamification/__tests__/Leaderboard.test.tsx" name="Leaderboard - Entries &gt; shows placeholder for missing avatar" time="0.0386187">
        </testcase>
        <testcase classname="src/components/Gamification/__tests__/Leaderboard.test.tsx" name="Leaderboard - Entries &gt; displays level information" time="0.0358365">
        </testcase>
        <testcase classname="src/components/Gamification/__tests__/Leaderboard.test.tsx" name="Leaderboard - Tabs &gt; shows all tabs" time="0.0682188">
        </testcase>
        <testcase classname="src/components/Gamification/__tests__/Leaderboard.test.tsx" name="Leaderboard - Tabs &gt; switches to weekly tab" time="0.0603226">
        </testcase>
        <testcase classname="src/components/Gamification/__tests__/Leaderboard.test.tsx" name="Leaderboard - Tabs &gt; switches to monthly tab" time="0.0556484">
        </testcase>
        <testcase classname="src/components/Gamification/__tests__/Leaderboard.test.tsx" name="Leaderboard - Tabs &gt; uses defaultType prop" time="0.0344364">
        </testcase>
        <testcase classname="src/components/Gamification/__tests__/Leaderboard.test.tsx" name="Leaderboard - Refresh &gt; calls refresh when button clicked" time="0.0279922">
        </testcase>
        <testcase classname="src/components/Gamification/__tests__/Leaderboard.test.tsx" name="Leaderboard - Refresh &gt; disables refresh during loading" time="0.026492">
        </testcase>
        <testcase classname="src/components/Gamification/__tests__/Leaderboard.test.tsx" name="Leaderboard - Nearby Users &gt; shows nearby toggle when enabled" time="0.0326458">
        </testcase>
        <testcase classname="src/components/Gamification/__tests__/Leaderboard.test.tsx" name="Leaderboard - Nearby Users &gt; hides nearby toggle when disabled" time="0.0334071">
        </testcase>
        <testcase classname="src/components/Gamification/__tests__/Leaderboard.test.tsx" name="Leaderboard - Nearby Users &gt; switches to nearby view" time="0.0552878">
        </testcase>
        <testcase classname="src/components/Gamification/__tests__/Leaderboard.test.tsx" name="Leaderboard - Nearby Users &gt; displays nearby sections" time="0.1019906">
        </testcase>
        <testcase classname="src/components/Gamification/__tests__/Leaderboard.test.tsx" name="Leaderboard - Nearby Users &gt; marks current user" time="0.0920326">
        </testcase>
        <testcase classname="src/components/Gamification/__tests__/Leaderboard.test.tsx" name="Leaderboard - Empty States &gt; shows no entries message" time="0.0219333">
        </testcase>
        <testcase classname="src/components/Gamification/__tests__/Leaderboard.test.tsx" name="Leaderboard - Empty States &gt; shows no nearby users message" time="0.0344277">
        </testcase>
        <testcase classname="src/components/Gamification/__tests__/Leaderboard.test.tsx" name="Leaderboard - Limit &gt; respects limit prop" time="0.0282661">
        </testcase>
        <testcase classname="src/components/Gamification/__tests__/Leaderboard.test.tsx" name="Leaderboard - Limit &gt; uses default limit of 100" time="0.194821">
        </testcase>
    </testsuite>
    <testsuite name="src/components/Gamification/__tests__/LevelDisplay.test.tsx" timestamp="2025-11-14T16:56:52.700Z" hostname="ates" tests="39" failures="7" errors="0" skipped="0" time="1.5435501">
        <testcase classname="src/components/Gamification/__tests__/LevelDisplay.test.tsx" name="LevelDisplay - Rendering &gt; renders level display" time="0.2164718">
        </testcase>
        <testcase classname="src/components/Gamification/__tests__/LevelDisplay.test.tsx" name="LevelDisplay - Rendering &gt; shows loading spinner when loading and no data" time="0.0342978">
            <system-err>
Error: Uncaught [TypeError: Cannot read properties of undefined (reading &apos;then&apos;)]
    at reportException (C:\Users\husey\kiro2\frontend\node_modules\jsdom\lib\jsdom\living\helpers\runtime-script-errors.js:66:24)
    at innerInvokeEventListeners (C:\Users\husey\kiro2\frontend\node_modules\jsdom\lib\jsdom\living\events\EventTarget-impl.js:353:9)
    at invokeEventListeners (C:\Users\husey\kiro2\frontend\node_modules\jsdom\lib\jsdom\living\events\EventTarget-impl.js:286:3)
    at HTMLUnknownElementImpl._dispatch (C:\Users\husey\kiro2\frontend\node_modules\jsdom\lib\jsdom\living\events\EventTarget-impl.js:233:9)
    at HTMLUnknownElementImpl.dispatchEvent (C:\Users\husey\kiro2\frontend\node_modules\jsdom\lib\jsdom\living\events\EventTarget-impl.js:104:17)
    at HTMLUnknownElement.dispatchEvent (C:\Users\husey\kiro2\frontend\node_modules\jsdom\lib\jsdom\living\generated\EventTarget.js:241:34)
    at Object.invokeGuardedCallbackDev (C:\Users\husey\kiro2\frontend\node_modules\react-dom\cjs\react-dom.development.js:4213:16)
    at invokeGuardedCallback (C:\Users\husey\kiro2\frontend\node_modules\react-dom\cjs\react-dom.development.js:4277:31)
    at reportUncaughtErrorInDEV (C:\Users\husey\kiro2\frontend\node_modules\react-dom\cjs\react-dom.development.js:22877:5)
    at captureCommitPhaseError (C:\Users\husey\kiro2\frontend\node_modules\react-dom\cjs\react-dom.development.js:27165:5) TypeError: Cannot read properties of undefined (reading &apos;then&apos;)
    at [90mC:\Users\husey\kiro2\frontend\[39msrc\components\Gamification\LevelDisplay.tsx:27:21
    at commitHookEffectListMount [90m(C:\Users\husey\kiro2\frontend\[39mnode_modules\[4mreact-dom[24m\cjs\react-dom.development.js:23189:26[90m)[39m
    at commitPassiveMountOnFiber [90m(C:\Users\husey\kiro2\frontend\[39mnode_modules\[4mreact-dom[24m\cjs\react-dom.development.js:24970:11[90m)[39m
    at commitPassiveMountEffects_complete [90m(C:\Users\husey\kiro2\frontend\[39mnode_modules\[4mreact-dom[24m\cjs\react-dom.development.js:24930:9[90m)[39m
    at commitPassiveMountEffects_begin [90m(C:\Users\husey\kiro2\frontend\[39mnode_modules\[4mreact-dom[24m\cjs\react-dom.development.js:24917:7[90m)[39m
    at commitPassiveMountEffects [90m(C:\Users\husey\kiro2\frontend\[39mnode_modules\[4mreact-dom[24m\cjs\react-dom.development.js:24905:3[90m)[39m
    at flushPassiveEffectsImpl [90m(C:\Users\husey\kiro2\frontend\[39mnode_modules\[4mreact-dom[24m\cjs\react-dom.development.js:27078:3[90m)[39m
    at flushPassiveEffects [90m(C:\Users\husey\kiro2\frontend\[39mnode_modules\[4mreact-dom[24m\cjs\react-dom.development.js:27023:14[90m)[39m
    at [90mC:\Users\husey\kiro2\frontend\[39mnode_modules\[4mreact-dom[24m\cjs\react-dom.development.js:26808:9
    at flushActQueue [90m(C:\Users\husey\kiro2\frontend\[39mnode_modules\[4mreact[24m\cjs\react.development.js:2667:24[90m)[39m

            </system-err>
            <failure message="Cannot read properties of undefined (reading &apos;then&apos;)" type="TypeError">
TypeError: Cannot read properties of undefined (reading &apos;then&apos;)
 ❯ src/components/Gamification/LevelDisplay.tsx:27:21
 ❯ commitHookEffectListMount node_modules/react-dom/cjs/react-dom.development.js:23189:26
 ❯ commitPassiveMountOnFiber node_modules/react-dom/cjs/react-dom.development.js:24970:11
 ❯ commitPassiveMountEffects_complete node_modules/react-dom/cjs/react-dom.development.js:24930:9
 ❯ commitPassiveMountEffects_begin node_modules/react-dom/cjs/react-dom.development.js:24917:7
 ❯ commitPassiveMountEffects node_modules/react-dom/cjs/react-dom.development.js:24905:3
 ❯ flushPassiveEffectsImpl node_modules/react-dom/cjs/react-dom.development.js:27078:3
 ❯ flushPassiveEffects node_modules/react-dom/cjs/react-dom.development.js:27023:14
 ❯ node_modules/react-dom/cjs/react-dom.development.js:26808:9
 ❯ flushActQueue node_modules/react/cjs/react.development.js:2667:24
            </failure>
        </testcase>
        <testcase classname="src/components/Gamification/__tests__/LevelDisplay.test.tsx" name="LevelDisplay - Rendering &gt; shows error message when error occurs" time="0.0089085">
            <system-err>
Error: Uncaught [TypeError: Cannot read properties of undefined (reading &apos;then&apos;)]
    at reportException (C:\Users\husey\kiro2\frontend\node_modules\jsdom\lib\jsdom\living\helpers\runtime-script-errors.js:66:24)
    at innerInvokeEventListeners (C:\Users\husey\kiro2\frontend\node_modules\jsdom\lib\jsdom\living\events\EventTarget-impl.js:353:9)
    at invokeEventListeners (C:\Users\husey\kiro2\frontend\node_modules\jsdom\lib\jsdom\living\events\EventTarget-impl.js:286:3)
    at HTMLUnknownElementImpl._dispatch (C:\Users\husey\kiro2\frontend\node_modules\jsdom\lib\jsdom\living\events\EventTarget-impl.js:233:9)
    at HTMLUnknownElementImpl.dispatchEvent (C:\Users\husey\kiro2\frontend\node_modules\jsdom\lib\jsdom\living\events\EventTarget-impl.js:104:17)
    at HTMLUnknownElement.dispatchEvent (C:\Users\husey\kiro2\frontend\node_modules\jsdom\lib\jsdom\living\generated\EventTarget.js:241:34)
    at Object.invokeGuardedCallbackDev (C:\Users\husey\kiro2\frontend\node_modules\react-dom\cjs\react-dom.development.js:4213:16)
    at invokeGuardedCallback (C:\Users\husey\kiro2\frontend\node_modules\react-dom\cjs\react-dom.development.js:4277:31)
    at reportUncaughtErrorInDEV (C:\Users\husey\kiro2\frontend\node_modules\react-dom\cjs\react-dom.development.js:22877:5)
    at captureCommitPhaseError (C:\Users\husey\kiro2\frontend\node_modules\react-dom\cjs\react-dom.development.js:27165:5) TypeError: Cannot read properties of undefined (reading &apos;then&apos;)
    at [90mC:\Users\husey\kiro2\frontend\[39msrc\components\Gamification\LevelDisplay.tsx:27:21
    at commitHookEffectListMount [90m(C:\Users\husey\kiro2\frontend\[39mnode_modules\[4mreact-dom[24m\cjs\react-dom.development.js:23189:26[90m)[39m
    at commitPassiveMountOnFiber [90m(C:\Users\husey\kiro2\frontend\[39mnode_modules\[4mreact-dom[24m\cjs\react-dom.development.js:24970:11[90m)[39m
    at commitPassiveMountEffects_complete [90m(C:\Users\husey\kiro2\frontend\[39mnode_modules\[4mreact-dom[24m\cjs\react-dom.development.js:24930:9[90m)[39m
    at commitPassiveMountEffects_begin [90m(C:\Users\husey\kiro2\frontend\[39mnode_modules\[4mreact-dom[24m\cjs\react-dom.development.js:24917:7[90m)[39m
    at commitPassiveMountEffects [90m(C:\Users\husey\kiro2\frontend\[39mnode_modules\[4mreact-dom[24m\cjs\react-dom.development.js:24905:3[90m)[39m
    at flushPassiveEffectsImpl [90m(C:\Users\husey\kiro2\frontend\[39mnode_modules\[4mreact-dom[24m\cjs\react-dom.development.js:27078:3[90m)[39m
    at flushPassiveEffects [90m(C:\Users\husey\kiro2\frontend\[39mnode_modules\[4mreact-dom[24m\cjs\react-dom.development.js:27023:14[90m)[39m
    at [90mC:\Users\husey\kiro2\frontend\[39mnode_modules\[4mreact-dom[24m\cjs\react-dom.development.js:26808:9
    at flushActQueue [90m(C:\Users\husey\kiro2\frontend\[39mnode_modules\[4mreact[24m\cjs\react.development.js:2667:24[90m)[39m

            </system-err>
            <failure message="Cannot read properties of undefined (reading &apos;then&apos;)" type="TypeError">
TypeError: Cannot read properties of undefined (reading &apos;then&apos;)
 ❯ src/components/Gamification/LevelDisplay.tsx:27:21
 ❯ commitHookEffectListMount node_modules/react-dom/cjs/react-dom.development.js:23189:26
 ❯ commitPassiveMountOnFiber node_modules/react-dom/cjs/react-dom.development.js:24970:11
 ❯ commitPassiveMountEffects_complete node_modules/react-dom/cjs/react-dom.development.js:24930:9
 ❯ commitPassiveMountEffects_begin node_modules/react-dom/cjs/react-dom.development.js:24917:7
 ❯ commitPassiveMountEffects node_modules/react-dom/cjs/react-dom.development.js:24905:3
 ❯ flushPassiveEffectsImpl node_modules/react-dom/cjs/react-dom.development.js:27078:3
 ❯ flushPassiveEffects node_modules/react-dom/cjs/react-dom.development.js:27023:14
 ❯ node_modules/react-dom/cjs/react-dom.development.js:26808:9
 ❯ flushActQueue node_modules/react/cjs/react.development.js:2667:24
            </failure>
        </testcase>
        <testcase classname="src/components/Gamification/__tests__/LevelDisplay.test.tsx" name="LevelDisplay - Rendering &gt; shows error when levelProgress is null" time="0.0076559">
            <system-err>
Error: Uncaught [TypeError: Cannot read properties of undefined (reading &apos;then&apos;)]
    at reportException (C:\Users\husey\kiro2\frontend\node_modules\jsdom\lib\jsdom\living\helpers\runtime-script-errors.js:66:24)
    at innerInvokeEventListeners (C:\Users\husey\kiro2\frontend\node_modules\jsdom\lib\jsdom\living\events\EventTarget-impl.js:353:9)
    at invokeEventListeners (C:\Users\husey\kiro2\frontend\node_modules\jsdom\lib\jsdom\living\events\EventTarget-impl.js:286:3)
    at HTMLUnknownElementImpl._dispatch (C:\Users\husey\kiro2\frontend\node_modules\jsdom\lib\jsdom\living\events\EventTarget-impl.js:233:9)
    at HTMLUnknownElementImpl.dispatchEvent (C:\Users\husey\kiro2\frontend\node_modules\jsdom\lib\jsdom\living\events\EventTarget-impl.js:104:17)
    at HTMLUnknownElement.dispatchEvent (C:\Users\husey\kiro2\frontend\node_modules\jsdom\lib\jsdom\living\generated\EventTarget.js:241:34)
    at Object.invokeGuardedCallbackDev (C:\Users\husey\kiro2\frontend\node_modules\react-dom\cjs\react-dom.development.js:4213:16)
    at invokeGuardedCallback (C:\Users\husey\kiro2\frontend\node_modules\react-dom\cjs\react-dom.development.js:4277:31)
    at reportUncaughtErrorInDEV (C:\Users\husey\kiro2\frontend\node_modules\react-dom\cjs\react-dom.development.js:22877:5)
    at captureCommitPhaseError (C:\Users\husey\kiro2\frontend\node_modules\react-dom\cjs\react-dom.development.js:27165:5) TypeError: Cannot read properties of undefined (reading &apos;then&apos;)
    at [90mC:\Users\husey\kiro2\frontend\[39msrc\components\Gamification\LevelDisplay.tsx:27:21
    at commitHookEffectListMount [90m(C:\Users\husey\kiro2\frontend\[39mnode_modules\[4mreact-dom[24m\cjs\react-dom.development.js:23189:26[90m)[39m
    at commitPassiveMountOnFiber [90m(C:\Users\husey\kiro2\frontend\[39mnode_modules\[4mreact-dom[24m\cjs\react-dom.development.js:24970:11[90m)[39m
    at commitPassiveMountEffects_complete [90m(C:\Users\husey\kiro2\frontend\[39mnode_modules\[4mreact-dom[24m\cjs\react-dom.development.js:24930:9[90m)[39m
    at commitPassiveMountEffects_begin [90m(C:\Users\husey\kiro2\frontend\[39mnode_modules\[4mreact-dom[24m\cjs\react-dom.development.js:24917:7[90m)[39m
    at commitPassiveMountEffects [90m(C:\Users\husey\kiro2\frontend\[39mnode_modules\[4mreact-dom[24m\cjs\react-dom.development.js:24905:3[90m)[39m
    at flushPassiveEffectsImpl [90m(C:\Users\husey\kiro2\frontend\[39mnode_modules\[4mreact-dom[24m\cjs\react-dom.development.js:27078:3[90m)[39m
    at flushPassiveEffects [90m(C:\Users\husey\kiro2\frontend\[39mnode_modules\[4mreact-dom[24m\cjs\react-dom.development.js:27023:14[90m)[39m
    at [90mC:\Users\husey\kiro2\frontend\[39mnode_modules\[4mreact-dom[24m\cjs\react-dom.development.js:26808:9
    at flushActQueue [90m(C:\Users\husey\kiro2\frontend\[39mnode_modules\[4mreact[24m\cjs\react.development.js:2667:24[90m)[39m

            </system-err>
            <failure message="Cannot read properties of undefined (reading &apos;then&apos;)" type="TypeError">
TypeError: Cannot read properties of undefined (reading &apos;then&apos;)
 ❯ src/components/Gamification/LevelDisplay.tsx:27:21
 ❯ commitHookEffectListMount node_modules/react-dom/cjs/react-dom.development.js:23189:26
 ❯ commitPassiveMountOnFiber node_modules/react-dom/cjs/react-dom.development.js:24970:11
 ❯ commitPassiveMountEffects_complete node_modules/react-dom/cjs/react-dom.development.js:24930:9
 ❯ commitPassiveMountEffects_begin node_modules/react-dom/cjs/react-dom.development.js:24917:7
 ❯ commitPassiveMountEffects node_modules/react-dom/cjs/react-dom.development.js:24905:3
 ❯ flushPassiveEffectsImpl node_modules/react-dom/cjs/react-dom.development.js:27078:3
 ❯ flushPassiveEffects node_modules/react-dom/cjs/react-dom.development.js:27023:14
 ❯ node_modules/react-dom/cjs/react-dom.development.js:26808:9
 ❯ flushActQueue node_modules/react/cjs/react.development.js:2667:24
            </failure>
        </testcase>
        <testcase classname="src/components/Gamification/__tests__/LevelDisplay.test.tsx" name="LevelDisplay - Level Information &gt; displays current level" time="0.0315095">
        </testcase>
        <testcase classname="src/components/Gamification/__tests__/LevelDisplay.test.tsx" name="LevelDisplay - Level Information &gt; displays total XP with Turkish locale" time="0.0343453">
        </testcase>
        <testcase classname="src/components/Gamification/__tests__/LevelDisplay.test.tsx" name="LevelDisplay - Level Information &gt; displays XP in current level" time="0.0241059">
        </testcase>
        <testcase classname="src/components/Gamification/__tests__/LevelDisplay.test.tsx" name="LevelDisplay - Level Information &gt; displays XP needed for next level" time="0.0326492">
        </testcase>
        <testcase classname="src/components/Gamification/__tests__/LevelDisplay.test.tsx" name="LevelDisplay - Level Information &gt; displays next level number" time="0.0276344">
        </testcase>
        <testcase classname="src/components/Gamification/__tests__/LevelDisplay.test.tsx" name="LevelDisplay - Level Information &gt; displays progress percentage rounded" time="0.0312046">
        </testcase>
        <testcase classname="src/components/Gamification/__tests__/LevelDisplay.test.tsx" name="LevelDisplay - Level Information &gt; displays next milestone" time="0.0176069">
        </testcase>
        <testcase classname="src/components/Gamification/__tests__/LevelDisplay.test.tsx" name="LevelDisplay - Level Information &gt; hides next milestone when null" time="0.0228917">
        </testcase>
        <testcase classname="src/components/Gamification/__tests__/LevelDisplay.test.tsx" name="LevelDisplay - Progress Bar &gt; renders progress bar" time="0.0234799">
        </testcase>
        <testcase classname="src/components/Gamification/__tests__/LevelDisplay.test.tsx" name="LevelDisplay - Progress Bar &gt; sets progress bar width based on percentage" time="0.0132028">
        </testcase>
        <testcase classname="src/components/Gamification/__tests__/LevelDisplay.test.tsx" name="LevelDisplay - Progress Bar &gt; shows 0% progress correctly" time="0.013115">
        </testcase>
        <testcase classname="src/components/Gamification/__tests__/LevelDisplay.test.tsx" name="LevelDisplay - Progress Bar &gt; shows 100% progress correctly" time="0.0140135">
        </testcase>
        <testcase classname="src/components/Gamification/__tests__/LevelDisplay.test.tsx" name="LevelDisplay - Compact Mode &gt; renders in compact mode" time="0.0064604">
        </testcase>
        <testcase classname="src/components/Gamification/__tests__/LevelDisplay.test.tsx" name="LevelDisplay - Compact Mode &gt; shows level badge in compact mode" time="0.0106956">
        </testcase>
        <testcase classname="src/components/Gamification/__tests__/LevelDisplay.test.tsx" name="LevelDisplay - Compact Mode &gt; shows lightning emoji in compact mode (non-milestone)" time="0.0085555">
        </testcase>
        <testcase classname="src/components/Gamification/__tests__/LevelDisplay.test.tsx" name="LevelDisplay - Compact Mode &gt; hides detailed info in compact mode" time="0.0092503">
        </testcase>
        <testcase classname="src/components/Gamification/__tests__/LevelDisplay.test.tsx" name="LevelDisplay - Milestones &gt; loads milestones on mount" time="0.0298467">
        </testcase>
        <testcase classname="src/components/Gamification/__tests__/LevelDisplay.test.tsx" name="LevelDisplay - Milestones &gt; does not load milestones when showMilestones is false" time="0.0104864">
        </testcase>
        <testcase classname="src/components/Gamification/__tests__/LevelDisplay.test.tsx" name="LevelDisplay - Milestones &gt; displays milestone section" time="0.0844297">
        </testcase>
        <testcase classname="src/components/Gamification/__tests__/LevelDisplay.test.tsx" name="LevelDisplay - Milestones &gt; displays all milestone levels" time="0.1451629">
        </testcase>
        <testcase classname="src/components/Gamification/__tests__/LevelDisplay.test.tsx" name="LevelDisplay - Milestones &gt; marks achieved milestones with checkmark" time="0.0437085">
        </testcase>
        <testcase classname="src/components/Gamification/__tests__/LevelDisplay.test.tsx" name="LevelDisplay - Milestones &gt; shows trophy for milestone level (level 20)" time="0.0506552">
        </testcase>
        <testcase classname="src/components/Gamification/__tests__/LevelDisplay.test.tsx" name="LevelDisplay - Milestones &gt; shows milestone badge for current milestone" time="0.054578">
        </testcase>
        <testcase classname="src/components/Gamification/__tests__/LevelDisplay.test.tsx" name="LevelDisplay - Level Up Animation &gt; shows level up animation when level increases" time="0.0079249">
            <failure message="jest is not defined" type="ReferenceError">
ReferenceError: jest is not defined
 ❯ src/components/Gamification/__tests__/LevelDisplay.test.tsx:344:5
            </failure>
            <failure message="jest is not defined" type="ReferenceError">
ReferenceError: jest is not defined
 ❯ src/components/Gamification/__tests__/LevelDisplay.test.tsx:348:5
            </failure>
        </testcase>
        <testcase classname="src/components/Gamification/__tests__/LevelDisplay.test.tsx" name="LevelDisplay - Level Up Animation &gt; calls onLevelUp callback when leveling up" time="0.0011295">
            <failure message="jest is not defined" type="ReferenceError">
ReferenceError: jest is not defined
 ❯ src/components/Gamification/__tests__/LevelDisplay.test.tsx:344:5
            </failure>
            <failure message="jest is not defined" type="ReferenceError">
ReferenceError: jest is not defined
 ❯ src/components/Gamification/__tests__/LevelDisplay.test.tsx:348:5
            </failure>
        </testcase>
        <testcase classname="src/components/Gamification/__tests__/LevelDisplay.test.tsx" name="LevelDisplay - Level Up Animation &gt; hides level up animation after 3 seconds" time="0.0012826">
            <failure message="jest is not defined" type="ReferenceError">
ReferenceError: jest is not defined
 ❯ src/components/Gamification/__tests__/LevelDisplay.test.tsx:344:5
            </failure>
            <failure message="jest is not defined" type="ReferenceError">
ReferenceError: jest is not defined
 ❯ src/components/Gamification/__tests__/LevelDisplay.test.tsx:348:5
            </failure>
        </testcase>
        <testcase classname="src/components/Gamification/__tests__/LevelDisplay.test.tsx" name="LevelDisplay - Level Up Animation &gt; does not show animation when level stays the same" time="0.001008">
            <failure message="jest is not defined" type="ReferenceError">
ReferenceError: jest is not defined
 ❯ src/components/Gamification/__tests__/LevelDisplay.test.tsx:344:5
            </failure>
            <failure message="jest is not defined" type="ReferenceError">
ReferenceError: jest is not defined
 ❯ src/components/Gamification/__tests__/LevelDisplay.test.tsx:348:5
            </failure>
        </testcase>
        <testcase classname="src/components/Gamification/__tests__/LevelDisplay.test.tsx" name="LevelDisplay - Compact Milestone &gt; shows trophy in compact mode for milestone level" time="0.0126134">
        </testcase>
        <testcase classname="src/components/Gamification/__tests__/LevelDisplay.test.tsx" name="LevelDisplay - Compact Milestone &gt; adds milestone class in compact mode" time="0.0155456">
        </testcase>
        <testcase classname="src/components/Gamification/__tests__/LevelDisplay.test.tsx" name="LevelDisplay - Edge Cases &gt; handles level 1 correctly" time="0.0279747">
        </testcase>
        <testcase classname="src/components/Gamification/__tests__/LevelDisplay.test.tsx" name="LevelDisplay - Edge Cases &gt; handles high level (100+) correctly" time="0.0266801">
        </testcase>
        <testcase classname="src/components/Gamification/__tests__/LevelDisplay.test.tsx" name="LevelDisplay - Edge Cases &gt; handles empty milestones array" time="0.0215157">
        </testcase>
        <testcase classname="src/components/Gamification/__tests__/LevelDisplay.test.tsx" name="LevelDisplay - Edge Cases &gt; handles decimal progress percentage" time="0.0251677">
        </testcase>
        <testcase classname="src/components/Gamification/__tests__/LevelDisplay.test.tsx" name="LevelDisplay - Accessibility &gt; uses semantic HTML structure" time="0.2178714">
        </testcase>
        <testcase classname="src/components/Gamification/__tests__/LevelDisplay.test.tsx" name="LevelDisplay - Accessibility &gt; displays milestone heading" time="0.1700273">
        </testcase>
    </testsuite>
    <testsuite name="src/components/Gamification/__tests__/PointsDisplay.test.tsx" timestamp="2025-11-14T16:56:52.715Z" hostname="ates" tests="43" failures="0" errors="0" skipped="0" time="2.3865041">
        <testcase classname="src/components/Gamification/__tests__/PointsDisplay.test.tsx" name="PointsDisplay - Rendering &gt; renders points display" time="0.2067523">
        </testcase>
        <testcase classname="src/components/Gamification/__tests__/PointsDisplay.test.tsx" name="PointsDisplay - Rendering &gt; shows loading spinner when loading and points are 0" time="0.0124848">
        </testcase>
        <testcase classname="src/components/Gamification/__tests__/PointsDisplay.test.tsx" name="PointsDisplay - Rendering &gt; does not show loading when points exist" time="0.0211339">
        </testcase>
        <testcase classname="src/components/Gamification/__tests__/PointsDisplay.test.tsx" name="PointsDisplay - Rendering &gt; shows error message" time="0.0219631">
        </testcase>
        <testcase classname="src/components/Gamification/__tests__/PointsDisplay.test.tsx" name="PointsDisplay - Points Display &gt; displays points with Turkish locale" time="0.0614447">
        </testcase>
        <testcase classname="src/components/Gamification/__tests__/PointsDisplay.test.tsx" name="PointsDisplay - Points Display &gt; displays star icon" time="0.0160057">
        </testcase>
        <testcase classname="src/components/Gamification/__tests__/PointsDisplay.test.tsx" name="PointsDisplay - Points Display &gt; displays &quot;Toplam Puan&quot; label" time="0.0114369">
        </testcase>
        <testcase classname="src/components/Gamification/__tests__/PointsDisplay.test.tsx" name="PointsDisplay - Points Display &gt; handles zero points" time="0.0145393">
        </testcase>
        <testcase classname="src/components/Gamification/__tests__/PointsDisplay.test.tsx" name="PointsDisplay - Points Display &gt; handles large point values" time="0.0183668">
        </testcase>
        <testcase classname="src/components/Gamification/__tests__/PointsDisplay.test.tsx" name="PointsDisplay - Compact Mode &gt; renders in compact mode" time="0.0066201">
        </testcase>
        <testcase classname="src/components/Gamification/__tests__/PointsDisplay.test.tsx" name="PointsDisplay - Compact Mode &gt; shows points in compact mode" time="0.008091">
        </testcase>
        <testcase classname="src/components/Gamification/__tests__/PointsDisplay.test.tsx" name="PointsDisplay - Compact Mode &gt; shows star icon in compact mode" time="0.0090588">
        </testcase>
        <testcase classname="src/components/Gamification/__tests__/PointsDisplay.test.tsx" name="PointsDisplay - Compact Mode &gt; hides detailed info in compact mode" time="0.0119718">
        </testcase>
        <testcase classname="src/components/Gamification/__tests__/PointsDisplay.test.tsx" name="PointsDisplay - Compact Mode &gt; hides history toggle in compact mode" time="0.0142912">
        </testcase>
        <testcase classname="src/components/Gamification/__tests__/PointsDisplay.test.tsx" name="PointsDisplay - History Toggle &gt; shows history toggle button when showHistory is true" time="0.0194631">
        </testcase>
        <testcase classname="src/components/Gamification/__tests__/PointsDisplay.test.tsx" name="PointsDisplay - History Toggle &gt; hides history toggle when showHistory is false" time="0.0116893">
        </testcase>
        <testcase classname="src/components/Gamification/__tests__/PointsDisplay.test.tsx" name="PointsDisplay - History Toggle &gt; shows &quot;Geçmişi Göster&quot; text initially" time="0.0123055">
        </testcase>
        <testcase classname="src/components/Gamification/__tests__/PointsDisplay.test.tsx" name="PointsDisplay - History Toggle &gt; shows scroll emoji initially" time="0.0124572">
        </testcase>
        <testcase classname="src/components/Gamification/__tests__/PointsDisplay.test.tsx" name="PointsDisplay - History Toggle &gt; toggles to &quot;Geçmişi Gizle&quot; when clicked" time="0.1087184">
        </testcase>
        <testcase classname="src/components/Gamification/__tests__/PointsDisplay.test.tsx" name="PointsDisplay - History Toggle &gt; shows chart emoji when history is visible" time="0.1019973">
        </testcase>
        <testcase classname="src/components/Gamification/__tests__/PointsDisplay.test.tsx" name="PointsDisplay - History Toggle &gt; calls getHistory when toggled on" time="0.028396">
        </testcase>
        <testcase classname="src/components/Gamification/__tests__/PointsDisplay.test.tsx" name="PointsDisplay - History Toggle &gt; does not call getHistory when toggled off" time="0.0289868">
        </testcase>
        <testcase classname="src/components/Gamification/__tests__/PointsDisplay.test.tsx" name="PointsDisplay - History Display &gt; shows history section when toggled" time="0.0583787">
        </testcase>
        <testcase classname="src/components/Gamification/__tests__/PointsDisplay.test.tsx" name="PointsDisplay - History Display &gt; displays history items" time="0.1234187">
        </testcase>
        <testcase classname="src/components/Gamification/__tests__/PointsDisplay.test.tsx" name="PointsDisplay - History Display &gt; displays positive points with + sign" time="0.1263283">
        </testcase>
        <testcase classname="src/components/Gamification/__tests__/PointsDisplay.test.tsx" name="PointsDisplay - History Display &gt; displays negative points without + sign" time="0.0469848">
        </testcase>
        <testcase classname="src/components/Gamification/__tests__/PointsDisplay.test.tsx" name="PointsDisplay - History Display &gt; shows target emoji for positive points" time="0.0779941">
        </testcase>
        <testcase classname="src/components/Gamification/__tests__/PointsDisplay.test.tsx" name="PointsDisplay - History Display &gt; shows money emoji for negative points" time="0.0695652">
        </testcase>
        <testcase classname="src/components/Gamification/__tests__/PointsDisplay.test.tsx" name="PointsDisplay - History Display &gt; applies positive class to positive points" time="0.0765031">
        </testcase>
        <testcase classname="src/components/Gamification/__tests__/PointsDisplay.test.tsx" name="PointsDisplay - History Display &gt; applies negative class to negative points" time="0.0547347">
        </testcase>
        <testcase classname="src/components/Gamification/__tests__/PointsDisplay.test.tsx" name="PointsDisplay - History Display &gt; formats dates in Turkish locale" time="0.03119">
        </testcase>
        <testcase classname="src/components/Gamification/__tests__/PointsDisplay.test.tsx" name="PointsDisplay - Empty History &gt; shows &quot;Henüz işlem yok&quot; when history is empty" time="0.0303307">
        </testcase>
        <testcase classname="src/components/Gamification/__tests__/PointsDisplay.test.tsx" name="PointsDisplay - Empty History &gt; does not show history items when empty" time="0.0158217">
        </testcase>
        <testcase classname="src/components/Gamification/__tests__/PointsDisplay.test.tsx" name="PointsDisplay - Loading Overlay &gt; shows loading overlay when loading with existing points" time="0.005867">
        </testcase>
        <testcase classname="src/components/Gamification/__tests__/PointsDisplay.test.tsx" name="PointsDisplay - Loading Overlay &gt; does not show loading overlay when not loading" time="0.0044222">
        </testcase>
        <testcase classname="src/components/Gamification/__tests__/PointsDisplay.test.tsx" name="PointsDisplay - Edge Cases &gt; handles history item without id" time="0.0633543">
        </testcase>
        <testcase classname="src/components/Gamification/__tests__/PointsDisplay.test.tsx" name="PointsDisplay - Edge Cases &gt; handles zero points in history" time="0.0330168">
        </testcase>
        <testcase classname="src/components/Gamification/__tests__/PointsDisplay.test.tsx" name="PointsDisplay - Edge Cases &gt; handles very long reason text" time="0.0238368">
        </testcase>
        <testcase classname="src/components/Gamification/__tests__/PointsDisplay.test.tsx" name="PointsDisplay - Edge Cases &gt; handles history with single item" time="0.0320584">
        </testcase>
        <testcase classname="src/components/Gamification/__tests__/PointsDisplay.test.tsx" name="PointsDisplay - Edge Cases &gt; handles history with many items" time="0.2939057">
        </testcase>
        <testcase classname="src/components/Gamification/__tests__/PointsDisplay.test.tsx" name="PointsDisplay - Accessibility &gt; uses semantic HTML structure" time="0.2397279">
        </testcase>
        <testcase classname="src/components/Gamification/__tests__/PointsDisplay.test.tsx" name="PointsDisplay - Accessibility &gt; has accessible history toggle button" time="0.0104789">
        </testcase>
        <testcase classname="src/components/Gamification/__tests__/PointsDisplay.test.tsx" name="PointsDisplay - Accessibility &gt; displays history heading" time="0.1998448">
        </testcase>
    </testsuite>
    <testsuite name="src/components/Exam/__tests__/FlaggedQuestionsPanel.test.tsx" timestamp="2025-11-14T16:56:52.725Z" hostname="ates" tests="13" failures="0" errors="0" skipped="0" time="0.7636811">
        <testcase classname="src/components/Exam/__tests__/FlaggedQuestionsPanel.test.tsx" name="FlaggedQuestionsPanel &gt; renders flagged questions panel with correct title" time="0.2101124">
        </testcase>
        <testcase classname="src/components/Exam/__tests__/FlaggedQuestionsPanel.test.tsx" name="FlaggedQuestionsPanel &gt; displays correct number of flagged questions" time="0.0577226">
        </testcase>
        <testcase classname="src/components/Exam/__tests__/FlaggedQuestionsPanel.test.tsx" name="FlaggedQuestionsPanel &gt; shows answered and unanswered statistics" time="0.0590653">
        </testcase>
        <testcase classname="src/components/Exam/__tests__/FlaggedQuestionsPanel.test.tsx" name="FlaggedQuestionsPanel &gt; displays all flagged questions in the list" time="0.0625414">
        </testcase>
        <testcase classname="src/components/Exam/__tests__/FlaggedQuestionsPanel.test.tsx" name="FlaggedQuestionsPanel &gt; highlights current question" time="0.0582738">
        </testcase>
        <testcase classname="src/components/Exam/__tests__/FlaggedQuestionsPanel.test.tsx" name="FlaggedQuestionsPanel &gt; calls onQuestionSelect when a question is clicked" time="0.0534254">
        </testcase>
        <testcase classname="src/components/Exam/__tests__/FlaggedQuestionsPanel.test.tsx" name="FlaggedQuestionsPanel &gt; calls onFlagToggle when unflag button is clicked" time="0.0377413">
        </testcase>
        <testcase classname="src/components/Exam/__tests__/FlaggedQuestionsPanel.test.tsx" name="FlaggedQuestionsPanel &gt; shows empty state when no questions are flagged" time="0.0057216">
        </testcase>
        <testcase classname="src/components/Exam/__tests__/FlaggedQuestionsPanel.test.tsx" name="FlaggedQuestionsPanel &gt; disables interactions when disabled prop is true" time="0.0324108">
        </testcase>
        <testcase classname="src/components/Exam/__tests__/FlaggedQuestionsPanel.test.tsx" name="FlaggedQuestionsPanel &gt; shows warning for unanswered flagged questions" time="0.03648">
        </testcase>
        <testcase classname="src/components/Exam/__tests__/FlaggedQuestionsPanel.test.tsx" name="FlaggedQuestionsPanel &gt; can be collapsed and expanded" time="0.0667834">
        </testcase>
        <testcase classname="src/components/Exam/__tests__/FlaggedQuestionsPanel.test.tsx" name="FlaggedQuestionsPanel &gt; sorts flagged questions by index" time="0.0369083">
        </testcase>
        <testcase classname="src/components/Exam/__tests__/FlaggedQuestionsPanel.test.tsx" name="FlaggedQuestionsPanel &gt; shows answered status correctly" time="0.0441755">
        </testcase>
    </testsuite>
    <testsuite name="src/components/Manipulatives/__tests__/DigitalTangram.test.tsx" timestamp="2025-11-14T16:56:52.727Z" hostname="ates" tests="1" failures="1" errors="0" skipped="0" time="0">
        <testcase classname="src/components/Manipulatives/__tests__/DigitalTangram.test.tsx" name="src/components/Manipulatives/__tests__/DigitalTangram.test.tsx" time="0">
            <failure message="jest is not defined" type="ReferenceError">
ReferenceError: jest is not defined
 ❯ src/components/Manipulatives/__tests__/DigitalTangram.test.tsx:41:42
            </failure>
        </testcase>
    </testsuite>
    <testsuite name="src/components/Manipulatives/__tests__/GeoGebraEmbed.test.tsx" timestamp="2025-11-14T16:56:52.728Z" hostname="ates" tests="43" failures="14" errors="0" skipped="0" time="14.1830958">
        <testcase classname="src/components/Manipulatives/__tests__/GeoGebraEmbed.test.tsx" name="GeoGebraEmbed Component - Rendering &gt; renders loading state initially" time="0.0721279">
        </testcase>
        <testcase classname="src/components/Manipulatives/__tests__/GeoGebraEmbed.test.tsx" name="GeoGebraEmbed Component - Rendering &gt; renders component after loading" time="0.1133294">
        </testcase>
        <testcase classname="src/components/Manipulatives/__tests__/GeoGebraEmbed.test.tsx" name="GeoGebraEmbed Component - Rendering &gt; displays applet selector" time="0.093005">
        </testcase>
        <testcase classname="src/components/Manipulatives/__tests__/GeoGebraEmbed.test.tsx" name="GeoGebraEmbed Component - Rendering &gt; displays all available applets" time="0.108444">
        </testcase>
        <testcase classname="src/components/Manipulatives/__tests__/GeoGebraEmbed.test.tsx" name="GeoGebraEmbed Component - Rendering &gt; displays control buttons" time="0.0799154">
        </testcase>
        <testcase classname="src/components/Manipulatives/__tests__/GeoGebraEmbed.test.tsx" name="GeoGebraEmbed Component - Rendering &gt; displays help text" time="0.0903659">
        </testcase>
        <testcase classname="src/components/Manipulatives/__tests__/GeoGebraEmbed.test.tsx" name="GeoGebraEmbed Component - Data Fetching &gt; fetches applets on mount" time="0.0338631">
        </testcase>
        <testcase classname="src/components/Manipulatives/__tests__/GeoGebraEmbed.test.tsx" name="GeoGebraEmbed Component - Data Fetching &gt; loads default applet" time="0.0444276">
        </testcase>
        <testcase classname="src/components/Manipulatives/__tests__/GeoGebraEmbed.test.tsx" name="GeoGebraEmbed Component - Data Fetching &gt; handles fetch error gracefully" time="0.0323523">
        </testcase>
        <testcase classname="src/components/Manipulatives/__tests__/GeoGebraEmbed.test.tsx" name="GeoGebraEmbed Component - Data Fetching &gt; shows loading state then applets" time="0.1358417">
        </testcase>
        <testcase classname="src/components/Manipulatives/__tests__/GeoGebraEmbed.test.tsx" name="GeoGebraEmbed Component - Applet Selection &gt; selects default applet on load" time="0.0652074">
        </testcase>
        <testcase classname="src/components/Manipulatives/__tests__/GeoGebraEmbed.test.tsx" name="GeoGebraEmbed Component - Applet Selection &gt; changes applet when clicked" time="0.1017819">
        </testcase>
        <testcase classname="src/components/Manipulatives/__tests__/GeoGebraEmbed.test.tsx" name="GeoGebraEmbed Component - Applet Selection &gt; displays selected applet info" time="1.0355198">
            <failure message="Found multiple elements with the text: /Temel Geometri/i

Here are the matching elements:

Ignored nodes: comments, script, style
[36m&lt;h3[39m
  [33mclass[39m=[32m&quot;font-bold text-lg mb-1&quot;[39m
[36m&gt;[39m
  [0mTemel Geometri[0m
[36m&lt;/h3&gt;[39m

Ignored nodes: comments, script, style
[36m&lt;p[39m
  [33mclass[39m=[32m&quot;text-sm text-gray-600&quot;[39m
[36m&gt;[39m
  [0mTemel geometri şekilleri çizimi[0m
[36m&lt;/p&gt;[39m

Ignored nodes: comments, script, style
[36m&lt;div[39m
  [33mclass[39m=[32m&quot;info text-sm text-gray-600&quot;[39m
[36m&gt;[39m
  [36m&lt;strong&gt;[39m
    [0mAktif:[0m
  [36m&lt;/strong&gt;[39m
  [0m [0m
  [0mTemel Geometri[0m
  [0m ([0m
  [0mgeometry[0m
  [0m)[0m
[36m&lt;/div&gt;[39m

(If this is intentional, then use the `*AllBy*` variant of the query (like `queryAllByText`, `getAllByText`, or `findAllByText`)).

Ignored nodes: comments, script, style
[36m&lt;body&gt;[39m
  [36m&lt;div&gt;[39m
    [36m&lt;div[39m
      [33mclass[39m=[32m&quot;geogebra-container p-6 bg-white rounded-lg shadow-lg&quot;[39m
    [36m&gt;[39m
      [36m&lt;h2[39m
        [33mclass[39m=[32m&quot;text-2xl font-bold mb-4&quot;[39m
      [36m&gt;[39m
        [0mGeoGebra İnteraktif Matematik[0m
      [36m&lt;/h2&gt;[39m
      [36m&lt;div[39m
        [33mclass[39m=[32m&quot;applet-selector mb-4&quot;[39m
      [36m&gt;[39m
        [36m&lt;label[39m
          [33mclass[39m=[32m&quot;block text-sm font-medium mb-2&quot;[39m
        [36m&gt;[39m
          [0mAktivite Seç:[0m
        [36m&lt;/label&gt;[39m
        [36m&lt;div[39m
          [33mclass[39m=[32m&quot;grid grid-cols-1 md:grid-cols-3 gap-4&quot;[39m
        [36m&gt;[39m
          [36m&lt;button[39m
            [33mclass[39m=[32m&quot;p-4 border-2 rounded-lg text-left transition-all border-blue-500 bg-blue-50&quot;[39m
          [36m&gt;[39m
            [36m&lt;h3[39m
              [33mclass[39m=[32m&quot;font-bold text-lg mb-1&quot;[39m
            [36m&gt;[39m
              [0mTemel Geometri[0m
            [36m&lt;/h3&gt;[39m
            [36m&lt;p[39m
              [33mclass[39m=[32m&quot;text-sm text-gray-600&quot;[39m
            [36m&gt;[39m
              [0mTemel geometri şekilleri çizimi[0m
            [36m&lt;/p&gt;[39m
            [36m&lt;span[39m
              [33mclass[39m=[32m&quot;inline-block mt-2 px-2 py-1 bg-blue-100 text-blue-800 text-xs rounded&quot;[39m
            [36m&gt;[39m
              [0mgeometry[0m
            [36m&lt;/span&gt;[39m
          [36m&lt;/button&gt;[39m
          [36m&lt;button[39m
            [33mclass[39m=[32m&quot;p-4 border-2 rounded-lg text-left transition-all border-gray-300 hover:border-blue-300&quot;[39m
          [36m&gt;[39m
            [36m&lt;h3[39m
              [33mclass[39m=[32m&quot;font-bold text-lg mb-1&quot;[39m
            [36m&gt;[39m
              [0mFonksiyonlar[0m
            [36m&lt;/h3&gt;[39m
            [36m&lt;p[39m
              [33mclass[39m=[32m&quot;text-sm text-gray-600&quot;[39m
            [36m&gt;[39m
              [0mFonksiyon grafikleri ve dönüşümleri[0m
            [36m&lt;/p&gt;[39m
            [36m&lt;span[39m
              [33mclass[39m=[32m&quot;inline-block mt-2 px-2 py-1 bg-blue-100 text-blue-800 text-xs rounded&quot;[39m
            [36m&gt;[39m
              [0malgebra[0m
            [36m&lt;/span&gt;[39m
          [36m&lt;/button&gt;[39m
          [36m&lt;button[39m
            [33mclass[39m=[32m&quot;p-4 border-2 rounded-lg text-left transition-all border-gray-300 hover:border-blue-300&quot;[39m
          [36m&gt;[39m
            [36m&lt;h3[39m
              [33mclass[39m=[32m&quot;font-bold text-lg mb-1&quot;[39m
            [36m&gt;[39m
              [0mTrigonometri[0m
            [36m&lt;/h3&gt;[39m
            [36m&lt;p[39m
              [33mclass[39m=[32m&quot;text-sm text-gray-600&quot;[39m
            [36m&gt;[39m
              [0mBirim çember ve trigonometrik fonksiyonlar[0m
            [36m&lt;/p&gt;[39m
            [36m&lt;span[39m
              [33mclass[39m=[32m&quot;inline-block mt-2 px-2 py-1 bg-blue-100 text-blue-800 text-xs rounded&quot;[39m
            [36m&gt;[39m
              [0mgeometry[0m
            [36m&lt;/span&gt;[39m
          [36m&lt;/button&gt;[39m
        [36m&lt;/div&gt;[39m
      [36m&lt;/div&gt;[39m
      [36m&lt;div[39m
        [33mclass[39m=[32m&quot;geogebra-embed mb-4&quot;[39m
      [36m&gt;[39m
        [36m&lt;iframe[39m
          [33mallow[39m=[32m&quot;fullscreen&quot;[39m
          [33mclass[39m=[32m&quot;border-2 border-gray-300 rounded&quot;[39m
          [33mheight[39m=[32m&quot;600&quot;[39m
          [33msrc[39m=[32m&quot;https://www.geogebra.org/material/iframe/id/basic&quot;[39m
          [33mtitle[39m=[32m&quot;Temel Geometri&quot;[39m
          [33mwidth[39m=[32m&quot;800&quot;[39m
        [36m/&gt;[39m
      [36m&lt;/div&gt;[39m
      [36m&lt;div[39m
        [33mclass[39m=[32m&quot;controls flex justify-between items-center&quot;[39m
      [36m&gt;[39m
        [36m&lt;div[39m
          [33mclass[39m=[32m&quot;info text-sm text-gray-600&quot;[39m
        [36m&gt;[39m
          [36m&lt;strong&gt;[39m
            [0mAktif:[0m
          [36m&lt;/strong&gt;[39m
          [0m [0m
          [0mTemel Geometri[0m
          [0m ([0m
          [0mgeometry[0m
          [0m)[0m
        [36m&lt;/div&gt;[39m
        [36m&lt;div[39m
          [33mclass[39m=[32m&quot;actions flex gap-2&quot;[39m
        [36m&gt;[39m
          [36m&lt;button[39m
            [33mclass[39m=[32m&quot;px-4 py-2 bg-gray-500 text-white rounded hover:bg-gray-600&quot;[39m
          [36m&gt;[39m
            [0mKaydet[0m
          [36m&lt;/button&gt;[39m
          [36m&lt;button[39m
            [33mclass[39m=[32m&quot;px-4 py-2 bg-green-500 text-white rounded hover:bg-green-600&quot;[39m
          [36m&gt;[39m
            [0mTamamla[0m
          [36m&lt;/button&gt;[39m
        [36m&lt;/div&gt;[39m
      [36m&lt;/div&gt;[39m
      [36m&lt;div[39m
        [33mclass[39m=[32m&quot;help-text mt-4 p-4 bg-blue-50 rounded&quot;[39m
      [36m&gt;[39m
        [36m&lt;p[39m
          [33mclass[39m=[32m&quot;text-sm text-gray-700&quot;[39m
        [36m&gt;[39m
          [36m&lt;strong&gt;[39m
            [0mGeoGebra Hakkında:[0m
          [36m&lt;/strong&gt;[39m
          [36m&lt;br /&gt;[39m
          [0mGeoGebra, dinamik matematik yazılımıdır. Geometri, cebir, istatistik ve hesaplama konularında interaktif öğrenme sağlar.[0m
          [36m&lt;br /&gt;[39m
          [36m&lt;br /&gt;[39m
          [36m&lt;strong&gt;[39m
            [0mİpuçları:[0m
          [36m&lt;/strong&gt;[39m
          [36m&lt;br /&gt;[39m
          [0m• Araçları kullanarak şekiller çizin[0m
          [36m&lt;br /&gt;[39m
          [0m• Noktaları sürükleyerek dinamik değişimleri gözlemleyin[0m
          [36m&lt;br /&gt;[39m
          [0m• Ölçüm araçlarıyla uzunluk ve açı ölçün[0m
        [36m&lt;/p&gt;[39m
      [36m&lt;/div&gt;[39m
    [36m&lt;/div&gt;[39m
  [36m&lt;/div&gt;[39m
[36m&lt;/body&gt;[39m

Ignored nodes: comments, script, style
[36m&lt;html&gt;[39m
  [36m&lt;head /&gt;[39m
  [36m&lt;body&gt;[39m
    [36m&lt;div&gt;[39m
      [36m&lt;div[39m
        [33mclass[39m=[32m&quot;geogebra-container p-6 bg-white rounded-lg shadow-lg&quot;[39m
      [36m&gt;[39m
        [36m&lt;h2[39m
          [33mclass[39m=[32m&quot;text-2xl font-bold mb-4&quot;[39m
        [36m&gt;[39m
          [0mGeoGebra İnteraktif Matematik[0m
        [36m&lt;/h2&gt;[39m
        [36m&lt;div[39m
          [33mclass[39m=[32m&quot;applet-selector mb-4&quot;[39m
        [36m&gt;[39m
          [36m&lt;label[39m
            [33mclass[39m=[32m&quot;block text-sm font-medium mb-2&quot;[39m
          [36m&gt;[39m
            [0mAktivite Seç:[0m
          [36m&lt;/label&gt;[39m
          [36m&lt;div[39m
            [33mclass[39m=[32m&quot;grid grid-cols-1 md:grid-cols-3 gap-4&quot;[39m
          [36m&gt;[39m
            [36m&lt;button[39m
              [33mclass[39m=[32m&quot;p-4 border-2 rounded-lg text-left transition-all border-blue-500 bg-blue-50&quot;[39m
            [36m&gt;[39m
              [36m&lt;h3[39m
                [33mclass[39m=[32m&quot;font-bold text-lg mb-1&quot;[39m
              [36m&gt;[39m
                [0mTemel Geometri[0m
              [36m&lt;/h3&gt;[39m
              [36m&lt;p[39m
                [33mclass[39m=[32m&quot;text-sm text-gray-600&quot;[39m
              [36m&gt;[39m
                [0mTemel geometri şekilleri çizimi[0m
              [36m&lt;/p&gt;[39m
              [36m&lt;span[39m
                [33mclass[39m=[32m&quot;inline-block mt-2 px-2 py-1 bg-blue-100 text-blue-800 text-xs rounded&quot;[39m
              [36m&gt;[39m
                [0mgeometry[0m
              [36m&lt;/span&gt;[39m
            [36m&lt;/button&gt;[39m
            [36m&lt;button[39m
              [33mclass[39m=[32m&quot;p-4 border-2 rounded-lg text-left transition-all border-gray-300 hover:border-blue-300&quot;[39m
            [36m&gt;[39m
              [36m&lt;h3[39m
                [33mclass[39m=[32m&quot;font-bold text-lg mb-1&quot;[39m
              [36m&gt;[39m
                [0mFonksiyonlar[0m
              [36m&lt;/h3&gt;[39m
              [36m&lt;p[39m
                [33mclass[39m=[32m&quot;text-sm text-gray-600&quot;[39m
              [36m&gt;[39m
                [0mFonksiyon grafikleri ve dönüşümleri[0m
              [36m&lt;/p&gt;[39m
              [36m&lt;span[39m
                [33mclass[39m=[32m&quot;inline-block mt-2 px-2 py-1 bg-blue-100 text-blue-800 text-xs rounded&quot;[39m
              [36m&gt;[39m
                [0malgebra[0m
              [36m&lt;/span&gt;[39m
            [36m&lt;/button&gt;[39m
            [36m&lt;button[39m
              [33mclass[39m=[32m&quot;p-4 border-2 rounded-lg text-left transition-all border-gray-300 hover:border-blue-300&quot;[39m
            [36m&gt;[39m
              [36m&lt;h3[39m
                [33mclass[39m=[32m&quot;font-bold text-lg mb-1&quot;[39m
              [36m&gt;[39m
                [0mTrigonometri[0m
              [36m&lt;/h3&gt;[39m
              [36m&lt;p[39m
                [33mclass[39m=[32m&quot;text-sm text-gray-600&quot;[39m
              [36m&gt;[39m
                [0mBirim çember ve trigonometrik fonksiyonlar[0m
              [36m&lt;/p&gt;[39m
              [36m&lt;span[39m
                [33mclass[39m=[32m&quot;inline-block mt-2 px-2 py-1 bg-blue-100 text-blue-800 text-xs rounded&quot;[39m
              [36m&gt;[39m
                [0mgeometry[0m
              [36m&lt;/span&gt;[39m
            [36m&lt;/button&gt;[39m
          [36m&lt;/div&gt;[39m
        [36m&lt;/div&gt;[39m
        [36m&lt;div[39m
          [33mclass[39m=[32m&quot;geogebra-embed mb-4&quot;[39m
        [36m&gt;[39m
          [36m&lt;iframe[39m
            [33mallow[39m=[32m&quot;fullscreen&quot;[39m
            [33mclass[39m=[32m&quot;border-2 border-gray-300 rounded&quot;[39m
            [33mheight[39m=[32m&quot;600&quot;[39m
            [33msrc[39m=[32m&quot;https://www.geogebra.org/material/iframe/id/basic&quot;[39m
            [33mtitle[39m=[32m&quot;Temel Geometri&quot;[39m
            [33mwidth[39m=[32m&quot;800&quot;[39m
          [36m/&gt;[39m
        [36m&lt;/div&gt;[39m
        [36m&lt;div[39m
          [33mclass[39m=[32m&quot;controls flex justify-between items-center&quot;[39m
        [36m&gt;[39m
          [36m&lt;div[39m
            [33mclass[39m=[32m&quot;info text-sm text-gray-600&quot;[39m
          [36m&gt;[39m
            [36m&lt;strong&gt;[39m
              [0mAktif:[0m
            [36m&lt;/strong&gt;[39m
            [0m [0m
            [0mTemel Geometri[0m
            [0m ([0m
            [0mgeometry[0m
            [0m)[0m
          [36m&lt;/div&gt;[39m
          [36m&lt;div[39m
            [33mclass[39m=[32m&quot;actions flex gap-2&quot;[39m
          [36m&gt;[39m
            [36m&lt;button[39m
              [33mclass[39m=[32m&quot;px-4 py-2 bg-gray-500 text-white rounded hover:bg-gray-600&quot;[39m
            [36m&gt;[39m
              [0mKaydet[0m
            [36m&lt;/button&gt;[39m
            [36m&lt;button[39m
              [33mclass[39m=[32m&quot;px-4 py-2 bg-green-500 text-white rounded hover:bg-green-600&quot;[39m
            [36m&gt;[39m
              [0mTamamla[0m
            [36m&lt;/button&gt;[39m
          [36m&lt;/div&gt;[39m
        [36m&lt;/div&gt;[39m
        [36m&lt;div[39m
          [33mclass[39m=[32m&quot;help-text mt-4 p-4 bg-blue-50 rounded&quot;[39m
        [36m&gt;[39m
          [36m&lt;p[39m
            [33mclass[39m=[32m&quot;text-sm text-gray-700&quot;[39m
          [36m&gt;[39m
            [36m&lt;strong&gt;[39m
              [0mGeoGebra Hakkında:[0m
            [36m&lt;/strong&gt;[39m
            [36m&lt;br /&gt;[39m
            [0mGeoGebra, dinamik matematik yazılımıdır. Geometri, cebir, istatistik ve hesaplama konularında interaktif öğrenme sağlar.[0m
            [36m&lt;br /&gt;[39m
            [36m&lt;br /&gt;[39m
            [36m&lt;strong&gt;[39m
              [0mİpuçları:[0m
            [36m&lt;/strong&gt;[39m
            [36m&lt;br /&gt;[39m
            [0m• Araçları kullanarak şekiller çizin[0m
            [36m&lt;br /&gt;[39m
            [0m• Noktaları sürükleyerek dinamik değişimleri gözlemleyin[0m
            [36m&lt;br /&gt;[39m
            [0m• Ölçüm araçlarıyla uzunluk ve açı ölçün[0m
          [36m&lt;/p&gt;[39m
        [36m&lt;/div&gt;[39m
      [36m&lt;/div&gt;[39m
    [36m&lt;/div&gt;[39m
  [36m&lt;/body&gt;[39m
[36m&lt;/html&gt;[39m" type="TestingLibraryElementError">
TestingLibraryElementError: Found multiple elements with the text: /Temel Geometri/i

Here are the matching elements:

Ignored nodes: comments, script, style
&lt;h3
  class=&quot;font-bold text-lg mb-1&quot;
&gt;
  Temel Geometri
&lt;/h3&gt;

Ignored nodes: comments, script, style
&lt;p
  class=&quot;text-sm text-gray-600&quot;
&gt;
  Temel geometri şekilleri çizimi
&lt;/p&gt;

Ignored nodes: comments, script, style
&lt;div
  class=&quot;info text-sm text-gray-600&quot;
&gt;
  &lt;strong&gt;
    Aktif:
  &lt;/strong&gt;
   
  Temel Geometri
   (
  geometry
  )
&lt;/div&gt;

(If this is intentional, then use the `*AllBy*` variant of the query (like `queryAllByText`, `getAllByText`, or `findAllByText`)).

Ignored nodes: comments, script, style
&lt;body&gt;
  &lt;div&gt;
    &lt;div
      class=&quot;geogebra-container p-6 bg-white rounded-lg shadow-lg&quot;
    &gt;
      &lt;h2
        class=&quot;text-2xl font-bold mb-4&quot;
      &gt;
        GeoGebra İnteraktif Matematik
      &lt;/h2&gt;
      &lt;div
        class=&quot;applet-selector mb-4&quot;
      &gt;
        &lt;label
          class=&quot;block text-sm font-medium mb-2&quot;
        &gt;
          Aktivite Seç:
        &lt;/label&gt;
        &lt;div
          class=&quot;grid grid-cols-1 md:grid-cols-3 gap-4&quot;
        &gt;
          &lt;button
            class=&quot;p-4 border-2 rounded-lg text-left transition-all border-blue-500 bg-blue-50&quot;
          &gt;
            &lt;h3
              class=&quot;font-bold text-lg mb-1&quot;
            &gt;
              Temel Geometri
            &lt;/h3&gt;
            &lt;p
              class=&quot;text-sm text-gray-600&quot;
            &gt;
              Temel geometri şekilleri çizimi
            &lt;/p&gt;
            &lt;span
              class=&quot;inline-block mt-2 px-2 py-1 bg-blue-100 text-blue-800 text-xs rounded&quot;
            &gt;
              geometry
            &lt;/span&gt;
          &lt;/button&gt;
          &lt;button
            class=&quot;p-4 border-2 rounded-lg text-left transition-all border-gray-300 hover:border-blue-300&quot;
          &gt;
            &lt;h3
              class=&quot;font-bold text-lg mb-1&quot;
            &gt;
              Fonksiyonlar
            &lt;/h3&gt;
            &lt;p
              class=&quot;text-sm text-gray-600&quot;
            &gt;
              Fonksiyon grafikleri ve dönüşümleri
            &lt;/p&gt;
            &lt;span
              class=&quot;inline-block mt-2 px-2 py-1 bg-blue-100 text-blue-800 text-xs rounded&quot;
            &gt;
              algebra
            &lt;/span&gt;
          &lt;/button&gt;
          &lt;button
            class=&quot;p-4 border-2 rounded-lg text-left transition-all border-gray-300 hover:border-blue-300&quot;
          &gt;
            &lt;h3
              class=&quot;font-bold text-lg mb-1&quot;
            &gt;
              Trigonometri
            &lt;/h3&gt;
            &lt;p
              class=&quot;text-sm text-gray-600&quot;
            &gt;
              Birim çember ve trigonometrik fonksiyonlar
            &lt;/p&gt;
            &lt;span
              class=&quot;inline-block mt-2 px-2 py-1 bg-blue-100 text-blue-800 text-xs rounded&quot;
            &gt;
              geometry
            &lt;/span&gt;
          &lt;/button&gt;
        &lt;/div&gt;
      &lt;/div&gt;
      &lt;div
        class=&quot;geogebra-embed mb-4&quot;
      &gt;
        &lt;iframe
          allow=&quot;fullscreen&quot;
          class=&quot;border-2 border-gray-300 rounded&quot;
          height=&quot;600&quot;
          src=&quot;https://www.geogebra.org/material/iframe/id/basic&quot;
          title=&quot;Temel Geometri&quot;
          width=&quot;800&quot;
        /&gt;
      &lt;/div&gt;
      &lt;div
        class=&quot;controls flex justify-between items-center&quot;
      &gt;
        &lt;div
          class=&quot;info text-sm text-gray-600&quot;
        &gt;
          &lt;strong&gt;
            Aktif:
          &lt;/strong&gt;
           
          Temel Geometri
           (
          geometry
          )
        &lt;/div&gt;
        &lt;div
          class=&quot;actions flex gap-2&quot;
        &gt;
          &lt;button
            class=&quot;px-4 py-2 bg-gray-500 text-white rounded hover:bg-gray-600&quot;
          &gt;
            Kaydet
          &lt;/button&gt;
          &lt;button
            class=&quot;px-4 py-2 bg-green-500 text-white rounded hover:bg-green-600&quot;
          &gt;
            Tamamla
          &lt;/button&gt;
        &lt;/div&gt;
      &lt;/div&gt;
      &lt;div
        class=&quot;help-text mt-4 p-4 bg-blue-50 rounded&quot;
      &gt;
        &lt;p
          class=&quot;text-sm text-gray-700&quot;
        &gt;
          &lt;strong&gt;
            GeoGebra Hakkında:
          &lt;/strong&gt;
          &lt;br /&gt;
          GeoGebra, dinamik matematik yazılımıdır. Geometri, cebir, istatistik ve hesaplama konularında interaktif öğrenme sağlar.
          &lt;br /&gt;
          &lt;br /&gt;
          &lt;strong&gt;
            İpuçları:
          &lt;/strong&gt;
          &lt;br /&gt;
          • Araçları kullanarak şekiller çizin
          &lt;br /&gt;
          • Noktaları sürükleyerek dinamik değişimleri gözlemleyin
          &lt;br /&gt;
          • Ölçüm araçlarıyla uzunluk ve açı ölçün
        &lt;/p&gt;
      &lt;/div&gt;
    &lt;/div&gt;
  &lt;/div&gt;
&lt;/body&gt;

Ignored nodes: comments, script, style
&lt;html&gt;
  &lt;head /&gt;
  &lt;body&gt;
    &lt;div&gt;
      &lt;div
        class=&quot;geogebra-container p-6 bg-white rounded-lg shadow-lg&quot;
      &gt;
        &lt;h2
          class=&quot;text-2xl font-bold mb-4&quot;
        &gt;
          GeoGebra İnteraktif Matematik
        &lt;/h2&gt;
        &lt;div
          class=&quot;applet-selector mb-4&quot;
        &gt;
          &lt;label
            class=&quot;block text-sm font-medium mb-2&quot;
          &gt;
            Aktivite Seç:
          &lt;/label&gt;
          &lt;div
            class=&quot;grid grid-cols-1 md:grid-cols-3 gap-4&quot;
          &gt;
            &lt;button
              class=&quot;p-4 border-2 rounded-lg text-left transition-all border-blue-500 bg-blue-50&quot;
            &gt;
              &lt;h3
                class=&quot;font-bold text-lg mb-1&quot;
              &gt;
                Temel Geometri
              &lt;/h3&gt;
              &lt;p
                class=&quot;text-sm text-gray-600&quot;
              &gt;
                Temel geometri şekilleri çizimi
              &lt;/p&gt;
              &lt;span
                class=&quot;inline-block mt-2 px-2 py-1 bg-blue-100 text-blue-800 text-xs rounded&quot;
              &gt;
                geometry
              &lt;/span&gt;
            &lt;/button&gt;
            &lt;button
              class=&quot;p-4 border-2 rounded-lg text-left transition-all border-gray-300 hover:border-blue-300&quot;
            &gt;
              &lt;h3
                class=&quot;font-bold text-lg mb-1&quot;
              &gt;
                Fonksiyonlar
              &lt;/h3&gt;
              &lt;p
                class=&quot;text-sm text-gray-600&quot;
              &gt;
                Fonksiyon grafikleri ve dönüşümleri
              &lt;/p&gt;
              &lt;span
                class=&quot;inline-block mt-2 px-2 py-1 bg-blue-100 text-blue-800 text-xs rounded&quot;
              &gt;
                algebra
              &lt;/span&gt;
            &lt;/button&gt;
            &lt;button
              class=&quot;p-4 border-2 rounded-lg text-left transition-all border-gray-300 hover:border-blue-300&quot;
            &gt;
              &lt;h3
                class=&quot;font-bold text-lg mb-1&quot;
              &gt;
                Trigonometri
              &lt;/h3&gt;
              &lt;p
                class=&quot;text-sm text-gray-600&quot;
              &gt;
                Birim çember ve trigonometrik fonksiyonlar
              &lt;/p&gt;
              &lt;span
                class=&quot;inline-block mt-2 px-2 py-1 bg-blue-100 text-blue-800 text-xs rounded&quot;
              &gt;
                geometry
              &lt;/span&gt;
            &lt;/button&gt;
          &lt;/div&gt;
        &lt;/div&gt;
        &lt;div
          class=&quot;geogebra-embed mb-4&quot;
        &gt;
          &lt;iframe
            allow=&quot;fullscreen&quot;
            class=&quot;border-2 border-gray-300 rounded&quot;
            height=&quot;600&quot;
            src=&quot;https://www.geogebra.org/material/iframe/id/basic&quot;
            title=&quot;Temel Geometri&quot;
            width=&quot;800&quot;
          /&gt;
        &lt;/div&gt;
        &lt;div
          class=&quot;controls flex justify-between items-center&quot;
        &gt;
          &lt;div
            class=&quot;info text-sm text-gray-600&quot;
          &gt;
            &lt;strong&gt;
              Aktif:
            &lt;/strong&gt;
             
            Temel Geometri
             (
            geometry
            )
          &lt;/div&gt;
          &lt;div
            class=&quot;actions flex gap-2&quot;
          &gt;
            &lt;button
              class=&quot;px-4 py-2 bg-gray-500 text-white rounded hover:bg-gray-600&quot;
            &gt;
              Kaydet
            &lt;/button&gt;
            &lt;button
              class=&quot;px-4 py-2 bg-green-500 text-white rounded hover:bg-green-600&quot;
            &gt;
              Tamamla
            &lt;/button&gt;
          &lt;/div&gt;
        &lt;/div&gt;
        &lt;div
          class=&quot;help-text mt-4 p-4 bg-blue-50 rounded&quot;
        &gt;
          &lt;p
            class=&quot;text-sm text-gray-700&quot;
          &gt;
            &lt;strong&gt;
              GeoGebra Hakkında:
            &lt;/strong&gt;
            &lt;br /&gt;
            GeoGebra, dinamik matematik yazılımıdır. Geometri, cebir, istatistik ve hesaplama konularında interaktif öğrenme sağlar.
            &lt;br /&gt;
            &lt;br /&gt;
            &lt;strong&gt;
              İpuçları:
            &lt;/strong&gt;
            &lt;br /&gt;
            • Araçları kullanarak şekiller çizin
            &lt;br /&gt;
            • Noktaları sürükleyerek dinamik değişimleri gözlemleyin
            &lt;br /&gt;
            • Ölçüm araçlarıyla uzunluk ve açı ölçün
          &lt;/p&gt;
        &lt;/div&gt;
      &lt;/div&gt;
    &lt;/div&gt;
  &lt;/body&gt;
&lt;/html&gt;
 ❯ Proxy.waitForWrapper node_modules/@testing-library/react/node_modules/@testing-library/dom/dist/wait-for.js:163:27
 ❯ src/components/Manipulatives/__tests__/GeoGebraEmbed.test.tsx:219:11
            </failure>
        </testcase>
        <testcase classname="src/components/Manipulatives/__tests__/GeoGebraEmbed.test.tsx" name="GeoGebraEmbed Component - Applet Selection &gt; highlights selected applet" time="0.0348421">
        </testcase>
        <testcase classname="src/components/Manipulatives/__tests__/GeoGebraEmbed.test.tsx" name="GeoGebraEmbed Component - Applet Selection &gt; shows applet type badge" time="1.0299197">
            <failure message="Found multiple elements with the text: geometry

Here are the matching elements:

Ignored nodes: comments, script, style
[36m&lt;span[39m
  [33mclass[39m=[32m&quot;inline-block mt-2 px-2 py-1 bg-blue-100 text-blue-800 text-xs rounded&quot;[39m
[36m&gt;[39m
  [0mgeometry[0m
[36m&lt;/span&gt;[39m

Ignored nodes: comments, script, style
[36m&lt;span[39m
  [33mclass[39m=[32m&quot;inline-block mt-2 px-2 py-1 bg-blue-100 text-blue-800 text-xs rounded&quot;[39m
[36m&gt;[39m
  [0mgeometry[0m
[36m&lt;/span&gt;[39m

(If this is intentional, then use the `*AllBy*` variant of the query (like `queryAllByText`, `getAllByText`, or `findAllByText`)).

Ignored nodes: comments, script, style
[36m&lt;body&gt;[39m
  [36m&lt;div&gt;[39m
    [36m&lt;div[39m
      [33mclass[39m=[32m&quot;geogebra-container p-6 bg-white rounded-lg shadow-lg&quot;[39m
    [36m&gt;[39m
      [36m&lt;h2[39m
        [33mclass[39m=[32m&quot;text-2xl font-bold mb-4&quot;[39m
      [36m&gt;[39m
        [0mGeoGebra İnteraktif Matematik[0m
      [36m&lt;/h2&gt;[39m
      [36m&lt;div[39m
        [33mclass[39m=[32m&quot;applet-selector mb-4&quot;[39m
      [36m&gt;[39m
        [36m&lt;label[39m
          [33mclass[39m=[32m&quot;block text-sm font-medium mb-2&quot;[39m
        [36m&gt;[39m
          [0mAktivite Seç:[0m
        [36m&lt;/label&gt;[39m
        [36m&lt;div[39m
          [33mclass[39m=[32m&quot;grid grid-cols-1 md:grid-cols-3 gap-4&quot;[39m
        [36m&gt;[39m
          [36m&lt;button[39m
            [33mclass[39m=[32m&quot;p-4 border-2 rounded-lg text-left transition-all border-blue-500 bg-blue-50&quot;[39m
          [36m&gt;[39m
            [36m&lt;h3[39m
              [33mclass[39m=[32m&quot;font-bold text-lg mb-1&quot;[39m
            [36m&gt;[39m
              [0mTemel Geometri[0m
            [36m&lt;/h3&gt;[39m
            [36m&lt;p[39m
              [33mclass[39m=[32m&quot;text-sm text-gray-600&quot;[39m
            [36m&gt;[39m
              [0mTemel geometri şekilleri çizimi[0m
            [36m&lt;/p&gt;[39m
            [36m&lt;span[39m
              [33mclass[39m=[32m&quot;inline-block mt-2 px-2 py-1 bg-blue-100 text-blue-800 text-xs rounded&quot;[39m
            [36m&gt;[39m
              [0mgeometry[0m
            [36m&lt;/span&gt;[39m
          [36m&lt;/button&gt;[39m
          [36m&lt;button[39m
            [33mclass[39m=[32m&quot;p-4 border-2 rounded-lg text-left transition-all border-gray-300 hover:border-blue-300&quot;[39m
          [36m&gt;[39m
            [36m&lt;h3[39m
              [33mclass[39m=[32m&quot;font-bold text-lg mb-1&quot;[39m
            [36m&gt;[39m
              [0mFonksiyonlar[0m
            [36m&lt;/h3&gt;[39m
            [36m&lt;p[39m
              [33mclass[39m=[32m&quot;text-sm text-gray-600&quot;[39m
            [36m&gt;[39m
              [0mFonksiyon grafikleri ve dönüşümleri[0m
            [36m&lt;/p&gt;[39m
            [36m&lt;span[39m
              [33mclass[39m=[32m&quot;inline-block mt-2 px-2 py-1 bg-blue-100 text-blue-800 text-xs rounded&quot;[39m
            [36m&gt;[39m
              [0malgebra[0m
            [36m&lt;/span&gt;[39m
          [36m&lt;/button&gt;[39m
          [36m&lt;button[39m
            [33mclass[39m=[32m&quot;p-4 border-2 rounded-lg text-left transition-all border-gray-300 hover:border-blue-300&quot;[39m
          [36m&gt;[39m
            [36m&lt;h3[39m
              [33mclass[39m=[32m&quot;font-bold text-lg mb-1&quot;[39m
            [36m&gt;[39m
              [0mTrigonometri[0m
            [36m&lt;/h3&gt;[39m
            [36m&lt;p[39m
              [33mclass[39m=[32m&quot;text-sm text-gray-600&quot;[39m
            [36m&gt;[39m
              [0mBirim çember ve trigonometrik fonksiyonlar[0m
            [36m&lt;/p&gt;[39m
            [36m&lt;span[39m
              [33mclass[39m=[32m&quot;inline-block mt-2 px-2 py-1 bg-blue-100 text-blue-800 text-xs rounded&quot;[39m
            [36m&gt;[39m
              [0mgeometry[0m
            [36m&lt;/span&gt;[39m
          [36m&lt;/button&gt;[39m
        [36m&lt;/div&gt;[39m
      [36m&lt;/div&gt;[39m
      [36m&lt;div[39m
        [33mclass[39m=[32m&quot;geogebra-embed mb-4&quot;[39m
      [36m&gt;[39m
        [36m&lt;iframe[39m
          [33mallow[39m=[32m&quot;fullscreen&quot;[39m
          [33mclass[39m=[32m&quot;border-2 border-gray-300 rounded&quot;[39m
          [33mheight[39m=[32m&quot;600&quot;[39m
          [33msrc[39m=[32m&quot;https://www.geogebra.org/material/iframe/id/basic&quot;[39m
          [33mtitle[39m=[32m&quot;Temel Geometri&quot;[39m
          [33mwidth[39m=[32m&quot;800&quot;[39m
        [36m/&gt;[39m
      [36m&lt;/div&gt;[39m
      [36m&lt;div[39m
        [33mclass[39m=[32m&quot;controls flex justify-between items-center&quot;[39m
      [36m&gt;[39m
        [36m&lt;div[39m
          [33mclass[39m=[32m&quot;info text-sm text-gray-600&quot;[39m
        [36m&gt;[39m
          [36m&lt;strong&gt;[39m
            [0mAktif:[0m
          [36m&lt;/strong&gt;[39m
          [0m [0m
          [0mTemel Geometri[0m
          [0m ([0m
          [0mgeometry[0m
          [0m)[0m
        [36m&lt;/div&gt;[39m
        [36m&lt;div[39m
          [33mclass[39m=[32m&quot;actions flex gap-2&quot;[39m
        [36m&gt;[39m
          [36m&lt;button[39m
            [33mclass[39m=[32m&quot;px-4 py-2 bg-gray-500 text-white rounded hover:bg-gray-600&quot;[39m
          [36m&gt;[39m
            [0mKaydet[0m
          [36m&lt;/button&gt;[39m
          [36m&lt;button[39m
            [33mclass[39m=[32m&quot;px-4 py-2 bg-green-500 text-white rounded hover:bg-green-600&quot;[39m
          [36m&gt;[39m
            [0mTamamla[0m
          [36m&lt;/button&gt;[39m
        [36m&lt;/div&gt;[39m
      [36m&lt;/div&gt;[39m
      [36m&lt;div[39m
        [33mclass[39m=[32m&quot;help-text mt-4 p-4 bg-blue-50 rounded&quot;[39m
      [36m&gt;[39m
        [36m&lt;p[39m
          [33mclass[39m=[32m&quot;text-sm text-gray-700&quot;[39m
        [36m&gt;[39m
          [36m&lt;strong&gt;[39m
            [0mGeoGebra Hakkında:[0m
          [36m&lt;/strong&gt;[39m
          [36m&lt;br /&gt;[39m
          [0mGeoGebra, dinamik matematik yazılımıdır. Geometri, cebir, istatistik ve hesaplama konularında interaktif öğrenme sağlar.[0m
          [36m&lt;br /&gt;[39m
          [36m&lt;br /&gt;[39m
          [36m&lt;strong&gt;[39m
            [0mİpuçları:[0m
          [36m&lt;/strong&gt;[39m
          [36m&lt;br /&gt;[39m
          [0m• Araçları kullanarak şekiller çizin[0m
          [36m&lt;br /&gt;[39m
          [0m• Noktaları sürükleyerek dinamik değişimleri gözlemleyin[0m
          [36m&lt;br /&gt;[39m
          [0m• Ölçüm araçlarıyla uzunluk ve açı ölçün[0m
        [36m&lt;/p&gt;[39m
      [36m&lt;/div&gt;[39m
    [36m&lt;/div&gt;[39m
  [36m&lt;/div&gt;[39m
[36m&lt;/body&gt;[39m

Ignored nodes: comments, script, style
[36m&lt;html&gt;[39m
  [36m&lt;head /&gt;[39m
  [36m&lt;body&gt;[39m
    [36m&lt;div&gt;[39m
      [36m&lt;div[39m
        [33mclass[39m=[32m&quot;geogebra-container p-6 bg-white rounded-lg shadow-lg&quot;[39m
      [36m&gt;[39m
        [36m&lt;h2[39m
          [33mclass[39m=[32m&quot;text-2xl font-bold mb-4&quot;[39m
        [36m&gt;[39m
          [0mGeoGebra İnteraktif Matematik[0m
        [36m&lt;/h2&gt;[39m
        [36m&lt;div[39m
          [33mclass[39m=[32m&quot;applet-selector mb-4&quot;[39m
        [36m&gt;[39m
          [36m&lt;label[39m
            [33mclass[39m=[32m&quot;block text-sm font-medium mb-2&quot;[39m
          [36m&gt;[39m
            [0mAktivite Seç:[0m
          [36m&lt;/label&gt;[39m
          [36m&lt;div[39m
            [33mclass[39m=[32m&quot;grid grid-cols-1 md:grid-cols-3 gap-4&quot;[39m
          [36m&gt;[39m
            [36m&lt;button[39m
              [33mclass[39m=[32m&quot;p-4 border-2 rounded-lg text-left transition-all border-blue-500 bg-blue-50&quot;[39m
            [36m&gt;[39m
              [36m&lt;h3[39m
                [33mclass[39m=[32m&quot;font-bold text-lg mb-1&quot;[39m
              [36m&gt;[39m
                [0mTemel Geometri[0m
              [36m&lt;/h3&gt;[39m
              [36m&lt;p[39m
                [33mclass[39m=[32m&quot;text-sm text-gray-600&quot;[39m
              [36m&gt;[39m
                [0mTemel geometri şekilleri çizimi[0m
              [36m&lt;/p&gt;[39m
              [36m&lt;span[39m
                [33mclass[39m=[32m&quot;inline-block mt-2 px-2 py-1 bg-blue-100 text-blue-800 text-xs rounded&quot;[39m
              [36m&gt;[39m
                [0mgeometry[0m
              [36m&lt;/span&gt;[39m
            [36m&lt;/button&gt;[39m
            [36m&lt;button[39m
              [33mclass[39m=[32m&quot;p-4 border-2 rounded-lg text-left transition-all border-gray-300 hover:border-blue-300&quot;[39m
            [36m&gt;[39m
              [36m&lt;h3[39m
                [33mclass[39m=[32m&quot;font-bold text-lg mb-1&quot;[39m
              [36m&gt;[39m
                [0mFonksiyonlar[0m
              [36m&lt;/h3&gt;[39m
              [36m&lt;p[39m
                [33mclass[39m=[32m&quot;text-sm text-gray-600&quot;[39m
              [36m&gt;[39m
                [0mFonksiyon grafikleri ve dönüşümleri[0m
              [36m&lt;/p&gt;[39m
              [36m&lt;span[39m
                [33mclass[39m=[32m&quot;inline-block mt-2 px-2 py-1 bg-blue-100 text-blue-800 text-xs rounded&quot;[39m
              [36m&gt;[39m
                [0malgebra[0m
              [36m&lt;/span&gt;[39m
            [36m&lt;/button&gt;[39m
            [36m&lt;button[39m
              [33mclass[39m=[32m&quot;p-4 border-2 rounded-lg text-left transition-all border-gray-300 hover:border-blue-300&quot;[39m
            [36m&gt;[39m
              [36m&lt;h3[39m
                [33mclass[39m=[32m&quot;font-bold text-lg mb-1&quot;[39m
              [36m&gt;[39m
                [0mTrigonometri[0m
              [36m&lt;/h3&gt;[39m
              [36m&lt;p[39m
                [33mclass[39m=[32m&quot;text-sm text-gray-600&quot;[39m
              [36m&gt;[39m
                [0mBirim çember ve trigonometrik fonksiyonlar[0m
              [36m&lt;/p&gt;[39m
              [36m&lt;span[39m
                [33mclass[39m=[32m&quot;inline-block mt-2 px-2 py-1 bg-blue-100 text-blue-800 text-xs rounded&quot;[39m
              [36m&gt;[39m
                [0mgeometry[0m
              [36m&lt;/span&gt;[39m
            [36m&lt;/button&gt;[39m
          [36m&lt;/div&gt;[39m
        [36m&lt;/div&gt;[39m
        [36m&lt;div[39m
          [33mclass[39m=[32m&quot;geogebra-embed mb-4&quot;[39m
        [36m&gt;[39m
          [36m&lt;iframe[39m
            [33mallow[39m=[32m&quot;fullscreen&quot;[39m
            [33mclass[39m=[32m&quot;border-2 border-gray-300 rounded&quot;[39m
            [33mheight[39m=[32m&quot;600&quot;[39m
            [33msrc[39m=[32m&quot;https://www.geogebra.org/material/iframe/id/basic&quot;[39m
            [33mtitle[39m=[32m&quot;Temel Geometri&quot;[39m
            [33mwidth[39m=[32m&quot;800&quot;[39m
          [36m/&gt;[39m
        [36m&lt;/div&gt;[39m
        [36m&lt;div[39m
          [33mclass[39m=[32m&quot;controls flex justify-between items-center&quot;[39m
        [36m&gt;[39m
          [36m&lt;div[39m
            [33mclass[39m=[32m&quot;info text-sm text-gray-600&quot;[39m
          [36m&gt;[39m
            [36m&lt;strong&gt;[39m
              [0mAktif:[0m
            [36m&lt;/strong&gt;[39m
            [0m [0m
            [0mTemel Geometri[0m
            [0m ([0m
            [0mgeometry[0m
            [0m)[0m
          [36m&lt;/div&gt;[39m
          [36m&lt;div[39m
            [33mclass[39m=[32m&quot;actions flex gap-2&quot;[39m
          [36m&gt;[39m
            [36m&lt;button[39m
              [33mclass[39m=[32m&quot;px-4 py-2 bg-gray-500 text-white rounded hover:bg-gray-600&quot;[39m
            [36m&gt;[39m
              [0mKaydet[0m
            [36m&lt;/button&gt;[39m
            [36m&lt;button[39m
              [33mclass[39m=[32m&quot;px-4 py-2 bg-green-500 text-white rounded hover:bg-green-600&quot;[39m
            [36m&gt;[39m
              [0mTamamla[0m
            [36m&lt;/button&gt;[39m
          [36m&lt;/div&gt;[39m
        [36m&lt;/div&gt;[39m
        [36m&lt;div[39m
          [33mclass[39m=[32m&quot;help-text mt-4 p-4 bg-blue-50 rounded&quot;[39m
        [36m&gt;[39m
          [36m&lt;p[39m
            [33mclass[39m=[32m&quot;text-sm text-gray-700&quot;[39m
          [36m&gt;[39m
            [36m&lt;strong&gt;[39m
              [0mGeoGebra Hakkında:[0m
            [36m&lt;/strong&gt;[39m
            [36m&lt;br /&gt;[39m
            [0mGeoGebra, dinamik matematik yazılımıdır. Geometri, cebir, istatistik ve hesaplama konularında interaktif öğrenme sağlar.[0m
            [36m&lt;br /&gt;[39m
            [36m&lt;br /&gt;[39m
            [36m&lt;strong&gt;[39m
              [0mİpuçları:[0m
            [36m&lt;/strong&gt;[39m
            [36m&lt;br /&gt;[39m
            [0m• Araçları kullanarak şekiller çizin[0m
            [36m&lt;br /&gt;[39m
            [0m• Noktaları sürükleyerek dinamik değişimleri gözlemleyin[0m
            [36m&lt;br /&gt;[39m
            [0m• Ölçüm araçlarıyla uzunluk ve açı ölçün[0m
          [36m&lt;/p&gt;[39m
        [36m&lt;/div&gt;[39m
      [36m&lt;/div&gt;[39m
    [36m&lt;/div&gt;[39m
  [36m&lt;/body&gt;[39m
[36m&lt;/html&gt;[39m" type="TestingLibraryElementError">
TestingLibraryElementError: Found multiple elements with the text: geometry

Here are the matching elements:

Ignored nodes: comments, script, style
&lt;span
  class=&quot;inline-block mt-2 px-2 py-1 bg-blue-100 text-blue-800 text-xs rounded&quot;
&gt;
  geometry
&lt;/span&gt;

Ignored nodes: comments, script, style
&lt;span
  class=&quot;inline-block mt-2 px-2 py-1 bg-blue-100 text-blue-800 text-xs rounded&quot;
&gt;
  geometry
&lt;/span&gt;

(If this is intentional, then use the `*AllBy*` variant of the query (like `queryAllByText`, `getAllByText`, or `findAllByText`)).

Ignored nodes: comments, script, style
&lt;body&gt;
  &lt;div&gt;
    &lt;div
      class=&quot;geogebra-container p-6 bg-white rounded-lg shadow-lg&quot;
    &gt;
      &lt;h2
        class=&quot;text-2xl font-bold mb-4&quot;
      &gt;
        GeoGebra İnteraktif Matematik
      &lt;/h2&gt;
      &lt;div
        class=&quot;applet-selector mb-4&quot;
      &gt;
        &lt;label
          class=&quot;block text-sm font-medium mb-2&quot;
        &gt;
          Aktivite Seç:
        &lt;/label&gt;
        &lt;div
          class=&quot;grid grid-cols-1 md:grid-cols-3 gap-4&quot;
        &gt;
          &lt;button
            class=&quot;p-4 border-2 rounded-lg text-left transition-all border-blue-500 bg-blue-50&quot;
          &gt;
            &lt;h3
              class=&quot;font-bold text-lg mb-1&quot;
            &gt;
              Temel Geometri
            &lt;/h3&gt;
            &lt;p
              class=&quot;text-sm text-gray-600&quot;
            &gt;
              Temel geometri şekilleri çizimi
            &lt;/p&gt;
            &lt;span
              class=&quot;inline-block mt-2 px-2 py-1 bg-blue-100 text-blue-800 text-xs rounded&quot;
            &gt;
              geometry
            &lt;/span&gt;
          &lt;/button&gt;
          &lt;button
            class=&quot;p-4 border-2 rounded-lg text-left transition-all border-gray-300 hover:border-blue-300&quot;
          &gt;
            &lt;h3
              class=&quot;font-bold text-lg mb-1&quot;
            &gt;
              Fonksiyonlar
            &lt;/h3&gt;
            &lt;p
              class=&quot;text-sm text-gray-600&quot;
            &gt;
              Fonksiyon grafikleri ve dönüşümleri
            &lt;/p&gt;
            &lt;span
              class=&quot;inline-block mt-2 px-2 py-1 bg-blue-100 text-blue-800 text-xs rounded&quot;
            &gt;
              algebra
            &lt;/span&gt;
          &lt;/button&gt;
          &lt;button
            class=&quot;p-4 border-2 rounded-lg text-left transition-all border-gray-300 hover:border-blue-300&quot;
          &gt;
            &lt;h3
              class=&quot;font-bold text-lg mb-1&quot;
            &gt;
              Trigonometri
            &lt;/h3&gt;
            &lt;p
              class=&quot;text-sm text-gray-600&quot;
            &gt;
              Birim çember ve trigonometrik fonksiyonlar
            &lt;/p&gt;
            &lt;span
              class=&quot;inline-block mt-2 px-2 py-1 bg-blue-100 text-blue-800 text-xs rounded&quot;
            &gt;
              geometry
            &lt;/span&gt;
          &lt;/button&gt;
        &lt;/div&gt;
      &lt;/div&gt;
      &lt;div
        class=&quot;geogebra-embed mb-4&quot;
      &gt;
        &lt;iframe
          allow=&quot;fullscreen&quot;
          class=&quot;border-2 border-gray-300 rounded&quot;
          height=&quot;600&quot;
          src=&quot;https://www.geogebra.org/material/iframe/id/basic&quot;
          title=&quot;Temel Geometri&quot;
          width=&quot;800&quot;
        /&gt;
      &lt;/div&gt;
      &lt;div
        class=&quot;controls flex justify-between items-center&quot;
      &gt;
        &lt;div
          class=&quot;info text-sm text-gray-600&quot;
        &gt;
          &lt;strong&gt;
            Aktif:
          &lt;/strong&gt;
           
          Temel Geometri
           (
          geometry
          )
        &lt;/div&gt;
        &lt;div
          class=&quot;actions flex gap-2&quot;
        &gt;
          &lt;button
            class=&quot;px-4 py-2 bg-gray-500 text-white rounded hover:bg-gray-600&quot;
          &gt;
            Kaydet
          &lt;/button&gt;
          &lt;button
            class=&quot;px-4 py-2 bg-green-500 text-white rounded hover:bg-green-600&quot;
          &gt;
            Tamamla
          &lt;/button&gt;
        &lt;/div&gt;
      &lt;/div&gt;
      &lt;div
        class=&quot;help-text mt-4 p-4 bg-blue-50 rounded&quot;
      &gt;
        &lt;p
          class=&quot;text-sm text-gray-700&quot;
        &gt;
          &lt;strong&gt;
            GeoGebra Hakkında:
          &lt;/strong&gt;
          &lt;br /&gt;
          GeoGebra, dinamik matematik yazılımıdır. Geometri, cebir, istatistik ve hesaplama konularında interaktif öğrenme sağlar.
          &lt;br /&gt;
          &lt;br /&gt;
          &lt;strong&gt;
            İpuçları:
          &lt;/strong&gt;
          &lt;br /&gt;
          • Araçları kullanarak şekiller çizin
          &lt;br /&gt;
          • Noktaları sürükleyerek dinamik değişimleri gözlemleyin
          &lt;br /&gt;
          • Ölçüm araçlarıyla uzunluk ve açı ölçün
        &lt;/p&gt;
      &lt;/div&gt;
    &lt;/div&gt;
  &lt;/div&gt;
&lt;/body&gt;

Ignored nodes: comments, script, style
&lt;html&gt;
  &lt;head /&gt;
  &lt;body&gt;
    &lt;div&gt;
      &lt;div
        class=&quot;geogebra-container p-6 bg-white rounded-lg shadow-lg&quot;
      &gt;
        &lt;h2
          class=&quot;text-2xl font-bold mb-4&quot;
        &gt;
          GeoGebra İnteraktif Matematik
        &lt;/h2&gt;
        &lt;div
          class=&quot;applet-selector mb-4&quot;
        &gt;
          &lt;label
            class=&quot;block text-sm font-medium mb-2&quot;
          &gt;
            Aktivite Seç:
          &lt;/label&gt;
          &lt;div
            class=&quot;grid grid-cols-1 md:grid-cols-3 gap-4&quot;
          &gt;
            &lt;button
              class=&quot;p-4 border-2 rounded-lg text-left transition-all border-blue-500 bg-blue-50&quot;
            &gt;
              &lt;h3
                class=&quot;font-bold text-lg mb-1&quot;
              &gt;
                Temel Geometri
              &lt;/h3&gt;
              &lt;p
                class=&quot;text-sm text-gray-600&quot;
              &gt;
                Temel geometri şekilleri çizimi
              &lt;/p&gt;
              &lt;span
                class=&quot;inline-block mt-2 px-2 py-1 bg-blue-100 text-blue-800 text-xs rounded&quot;
              &gt;
                geometry
              &lt;/span&gt;
            &lt;/button&gt;
            &lt;button
              class=&quot;p-4 border-2 rounded-lg text-left transition-all border-gray-300 hover:border-blue-300&quot;
            &gt;
              &lt;h3
                class=&quot;font-bold text-lg mb-1&quot;
              &gt;
                Fonksiyonlar
              &lt;/h3&gt;
              &lt;p
                class=&quot;text-sm text-gray-600&quot;
              &gt;
                Fonksiyon grafikleri ve dönüşümleri
              &lt;/p&gt;
              &lt;span
                class=&quot;inline-block mt-2 px-2 py-1 bg-blue-100 text-blue-800 text-xs rounded&quot;
              &gt;
                algebra
              &lt;/span&gt;
            &lt;/button&gt;
            &lt;button
              class=&quot;p-4 border-2 rounded-lg text-left transition-all border-gray-300 hover:border-blue-300&quot;
            &gt;
              &lt;h3
                class=&quot;font-bold text-lg mb-1&quot;
              &gt;
                Trigonometri
              &lt;/h3&gt;
              &lt;p
                class=&quot;text-sm text-gray-600&quot;
              &gt;
                Birim çember ve trigonometrik fonksiyonlar
              &lt;/p&gt;
              &lt;span
                class=&quot;inline-block mt-2 px-2 py-1 bg-blue-100 text-blue-800 text-xs rounded&quot;
              &gt;
                geometry
              &lt;/span&gt;
            &lt;/button&gt;
          &lt;/div&gt;
        &lt;/div&gt;
        &lt;div
          class=&quot;geogebra-embed mb-4&quot;
        &gt;
          &lt;iframe
            allow=&quot;fullscreen&quot;
            class=&quot;border-2 border-gray-300 rounded&quot;
            height=&quot;600&quot;
            src=&quot;https://www.geogebra.org/material/iframe/id/basic&quot;
            title=&quot;Temel Geometri&quot;
            width=&quot;800&quot;
          /&gt;
        &lt;/div&gt;
        &lt;div
          class=&quot;controls flex justify-between items-center&quot;
        &gt;
          &lt;div
            class=&quot;info text-sm text-gray-600&quot;
          &gt;
            &lt;strong&gt;
              Aktif:
            &lt;/strong&gt;
             
            Temel Geometri
             (
            geometry
            )
          &lt;/div&gt;
          &lt;div
            class=&quot;actions flex gap-2&quot;
          &gt;
            &lt;button
              class=&quot;px-4 py-2 bg-gray-500 text-white rounded hover:bg-gray-600&quot;
            &gt;
              Kaydet
            &lt;/button&gt;
            &lt;button
              class=&quot;px-4 py-2 bg-green-500 text-white rounded hover:bg-green-600&quot;
            &gt;
              Tamamla
            &lt;/button&gt;
          &lt;/div&gt;
        &lt;/div&gt;
        &lt;div
          class=&quot;help-text mt-4 p-4 bg-blue-50 rounded&quot;
        &gt;
          &lt;p
            class=&quot;text-sm text-gray-700&quot;
          &gt;
            &lt;strong&gt;
              GeoGebra Hakkında:
            &lt;/strong&gt;
            &lt;br /&gt;
            GeoGebra, dinamik matematik yazılımıdır. Geometri, cebir, istatistik ve hesaplama konularında interaktif öğrenme sağlar.
            &lt;br /&gt;
            &lt;br /&gt;
            &lt;strong&gt;
              İpuçları:
            &lt;/strong&gt;
            &lt;br /&gt;
            • Araçları kullanarak şekiller çizin
            &lt;br /&gt;
            • Noktaları sürükleyerek dinamik değişimleri gözlemleyin
            &lt;br /&gt;
            • Ölçüm araçlarıyla uzunluk ve açı ölçün
          &lt;/p&gt;
        &lt;/div&gt;
      &lt;/div&gt;
    &lt;/div&gt;
  &lt;/body&gt;
&lt;/html&gt;
 ❯ Proxy.waitForWrapper node_modules/@testing-library/react/node_modules/@testing-library/dom/dist/wait-for.js:163:27
 ❯ src/components/Manipulatives/__tests__/GeoGebraEmbed.test.tsx:237:11
            </failure>
        </testcase>
        <testcase classname="src/components/Manipulatives/__tests__/GeoGebraEmbed.test.tsx" name="GeoGebraEmbed Component - Iframe Embedding &gt; renders iframe with correct src" time="0.0242016">
        </testcase>
        <testcase classname="src/components/Manipulatives/__tests__/GeoGebraEmbed.test.tsx" name="GeoGebraEmbed Component - Iframe Embedding &gt; sets iframe width and height" time="0.0237894">
        </testcase>
        <testcase classname="src/components/Manipulatives/__tests__/GeoGebraEmbed.test.tsx" name="GeoGebraEmbed Component - Iframe Embedding &gt; sets iframe title" time="0.0302652">
        </testcase>
        <testcase classname="src/components/Manipulatives/__tests__/GeoGebraEmbed.test.tsx" name="GeoGebraEmbed Component - Iframe Embedding &gt; allows fullscreen" time="0.0275405">
        </testcase>
        <testcase classname="src/components/Manipulatives/__tests__/GeoGebraEmbed.test.tsx" name="GeoGebraEmbed Component - Iframe Embedding &gt; updates iframe when applet changes" time="0.0541021">
        </testcase>
        <testcase classname="src/components/Manipulatives/__tests__/GeoGebraEmbed.test.tsx" name="GeoGebraEmbed Component - Activity Tracking &gt; tracks start time when applet loaded" time="0.0284806">
            <failure message="jest is not defined" type="ReferenceError">
ReferenceError: jest is not defined
 ❯ src/components/Manipulatives/__tests__/GeoGebraEmbed.test.tsx:323:5
            </failure>
        </testcase>
        <testcase classname="src/components/Manipulatives/__tests__/GeoGebraEmbed.test.tsx" name="GeoGebraEmbed Component - Activity Tracking &gt; resets start time when applet changes" time="0.0467856">
            <failure message="Found multiple elements with the text: Fonksiyonlar

Here are the matching elements:

Ignored nodes: comments, script, style
[36m&lt;h3[39m
  [33mclass[39m=[32m&quot;font-bold text-lg mb-1&quot;[39m
[36m&gt;[39m
  [0mFonksiyonlar[0m
[36m&lt;/h3&gt;[39m

Ignored nodes: comments, script, style
[36m&lt;h3[39m
  [33mclass[39m=[32m&quot;font-bold text-lg mb-1&quot;[39m
[36m&gt;[39m
  [0mFonksiyonlar[0m
[36m&lt;/h3&gt;[39m

(If this is intentional, then use the `*AllBy*` variant of the query (like `queryAllByText`, `getAllByText`, or `findAllByText`)).

Ignored nodes: comments, script, style
[36m&lt;body&gt;[39m
  [36m&lt;div&gt;[39m
    [36m&lt;div[39m
      [33mclass[39m=[32m&quot;geogebra-container p-6 bg-white rounded-lg shadow-lg&quot;[39m
    [36m&gt;[39m
      [36m&lt;h2[39m
        [33mclass[39m=[32m&quot;text-2xl font-bold mb-4&quot;[39m
      [36m&gt;[39m
        [0mGeoGebra İnteraktif Matematik[0m
      [36m&lt;/h2&gt;[39m
      [36m&lt;div[39m
        [33mclass[39m=[32m&quot;applet-selector mb-4&quot;[39m
      [36m&gt;[39m
        [36m&lt;label[39m
          [33mclass[39m=[32m&quot;block text-sm font-medium mb-2&quot;[39m
        [36m&gt;[39m
          [0mAktivite Seç:[0m
        [36m&lt;/label&gt;[39m
        [36m&lt;div[39m
          [33mclass[39m=[32m&quot;grid grid-cols-1 md:grid-cols-3 gap-4&quot;[39m
        [36m&gt;[39m
          [36m&lt;button[39m
            [33mclass[39m=[32m&quot;p-4 border-2 rounded-lg text-left transition-all border-blue-500 bg-blue-50&quot;[39m
          [36m&gt;[39m
            [36m&lt;h3[39m
              [33mclass[39m=[32m&quot;font-bold text-lg mb-1&quot;[39m
            [36m&gt;[39m
              [0mTemel Geometri[0m
            [36m&lt;/h3&gt;[39m
            [36m&lt;p[39m
              [33mclass[39m=[32m&quot;text-sm text-gray-600&quot;[39m
            [36m&gt;[39m
              [0mTemel geometri şekilleri çizimi[0m
            [36m&lt;/p&gt;[39m
            [36m&lt;span[39m
              [33mclass[39m=[32m&quot;inline-block mt-2 px-2 py-1 bg-blue-100 text-blue-800 text-xs rounded&quot;[39m
            [36m&gt;[39m
              [0mgeometry[0m
            [36m&lt;/span&gt;[39m
          [36m&lt;/button&gt;[39m
          [36m&lt;button[39m
            [33mclass[39m=[32m&quot;p-4 border-2 rounded-lg text-left transition-all border-gray-300 hover:border-blue-300&quot;[39m
          [36m&gt;[39m
            [36m&lt;h3[39m
              [33mclass[39m=[32m&quot;font-bold text-lg mb-1&quot;[39m
            [36m&gt;[39m
              [0mFonksiyonlar[0m
            [36m&lt;/h3&gt;[39m
            [36m&lt;p[39m
              [33mclass[39m=[32m&quot;text-sm text-gray-600&quot;[39m
            [36m&gt;[39m
              [0mFonksiyon grafikleri ve dönüşümleri[0m
            [36m&lt;/p&gt;[39m
            [36m&lt;span[39m
              [33mclass[39m=[32m&quot;inline-block mt-2 px-2 py-1 bg-blue-100 text-blue-800 text-xs rounded&quot;[39m
            [36m&gt;[39m
              [0malgebra[0m
            [36m&lt;/span&gt;[39m
          [36m&lt;/button&gt;[39m
          [36m&lt;button[39m
            [33mclass[39m=[32m&quot;p-4 border-2 rounded-lg text-left transition-all border-gray-300 hover:border-blue-300&quot;[39m
          [36m&gt;[39m
            [36m&lt;h3[39m
              [33mclass[39m=[32m&quot;font-bold text-lg mb-1&quot;[39m
            [36m&gt;[39m
              [0mTrigonometri[0m
            [36m&lt;/h3&gt;[39m
            [36m&lt;p[39m
              [33mclass[39m=[32m&quot;text-sm text-gray-600&quot;[39m
            [36m&gt;[39m
              [0mBirim çember ve trigonometrik fonksiyonlar[0m
            [36m&lt;/p&gt;[39m
            [36m&lt;span[39m
              [33mclass[39m=[32m&quot;inline-block mt-2 px-2 py-1 bg-blue-100 text-blue-800 text-xs rounded&quot;[39m
            [36m&gt;[39m
              [0mgeometry[0m
            [36m&lt;/span&gt;[39m
          [36m&lt;/button&gt;[39m
        [36m&lt;/div&gt;[39m
      [36m&lt;/div&gt;[39m
      [36m&lt;div[39m
        [33mclass[39m=[32m&quot;geogebra-embed mb-4&quot;[39m
      [36m&gt;[39m
        [36m&lt;iframe[39m
          [33mallow[39m=[32m&quot;fullscreen&quot;[39m
          [33mclass[39m=[32m&quot;border-2 border-gray-300 rounded&quot;[39m
          [33mheight[39m=[32m&quot;600&quot;[39m
          [33msrc[39m=[32m&quot;https://www.geogebra.org/material/iframe/id/basic&quot;[39m
          [33mtitle[39m=[32m&quot;Temel Geometri&quot;[39m
          [33mwidth[39m=[32m&quot;800&quot;[39m
        [36m/&gt;[39m
      [36m&lt;/div&gt;[39m
      [36m&lt;div[39m
        [33mclass[39m=[32m&quot;controls flex justify-between items-center&quot;[39m
      [36m&gt;[39m
        [36m&lt;div[39m
          [33mclass[39m=[32m&quot;info text-sm text-gray-600&quot;[39m
        [36m&gt;[39m
          [36m&lt;strong&gt;[39m
            [0mAktif:[0m
          [36m&lt;/strong&gt;[39m
          [0m [0m
          [0mTemel Geometri[0m
          [0m ([0m
          [0mgeometry[0m
          [0m)[0m
        [36m&lt;/div&gt;[39m
        [36m&lt;div[39m
          [33mclass[39m=[32m&quot;actions flex gap-2&quot;[39m
        [36m&gt;[39m
          [36m&lt;button[39m
            [33mclass[39m=[32m&quot;px-4 py-2 bg-gray-500 text-white rounded hover:bg-gray-600&quot;[39m
          [36m&gt;[39m
            [0mKaydet[0m
          [36m&lt;/button&gt;[39m
          [36m&lt;button[39m
            [33mclass[39m=[32m&quot;px-4 py-2 bg-green-500 text-white rounded hover:bg-green-600&quot;[39m
          [36m&gt;[39m
            [0mTamamla[0m
          [36m&lt;/button&gt;[39m
        [36m&lt;/div&gt;[39m
      [36m&lt;/div&gt;[39m
      [36m&lt;div[39m
        [33mclass[39m=[32m&quot;help-text mt-4 p-4 bg-blue-50 rounded&quot;[39m
      [36m&gt;[39m
        [36m&lt;p[39m
          [33mclass[39m=[32m&quot;text-sm text-gray-700&quot;[39m
        [36m&gt;[39m
          [36m&lt;strong&gt;[39m
            [0mGeoGebra Hakkında:[0m
          [36m&lt;/strong&gt;[39m
          [36m&lt;br /&gt;[39m
          [0mGeoGebra, dinamik matematik yazılımıdır. Geometri, cebir, istatistik ve hesaplama konularında interaktif öğrenme sağlar.[0m
          [36m&lt;br /&gt;[39m
          [36m&lt;br /&gt;[39m
          [36m&lt;strong&gt;[39m
            [0mİpuçları:[0m
          [36m&lt;/strong&gt;[39m
          [36m&lt;br /&gt;[39m
          [0m• Araçları kullanarak şekiller çizin[0m
          [36m&lt;br /&gt;[39m
          [0m• Noktaları sürükleyerek dinamik değişimleri gözlemleyin[0m
          [36m&lt;br /&gt;[39m
          [0m• Ölçüm araçlarıyla uzunluk ve açı ölçün[0m
        [36m&lt;/p&gt;[39m
      [36m&lt;/div&gt;[39m
    [36m&lt;/div&gt;[39m
  [36m&lt;/div&gt;[39m
  [36m&lt;div&gt;[39m
    [36m&lt;div[39m
      [33mclass[39m=[32m&quot;geogebra-container p-6 bg-white rounded-lg shadow-lg&quot;[39m
    [36m&gt;[39m
      [36m&lt;h2[39m
        [33mclass[39m=[32m&quot;text-2xl font-bold mb-4&quot;[39m
      [36m&gt;[39m
        [0mGeoGebra İnteraktif Matematik[0m
      [36m&lt;/h2&gt;[39m
      [36m&lt;div[39m
        [33mclass[39m=[32m&quot;applet-selector mb-4&quot;[39m
      [36m&gt;[39m
        [36m&lt;label[39m
          [33mclass[39m=[32m&quot;block text-sm font-medium mb-2&quot;[39m
        [36m&gt;[39m
          [0mAktivite Seç:[0m
        [36m&lt;/label&gt;[39m
        [36m&lt;div[39m
          [33mclass[39m=[32m&quot;grid grid-cols-1 md:grid-cols-3 gap-4&quot;[39m
        [36m&gt;[39m
          [36m&lt;button[39m
            [33mclass[39m=[32m&quot;p-4 border-2 rounded-lg text-left transition-all border-blue-500 bg-blue-50&quot;[39m
          [36m&gt;[39m
            [36m&lt;h3[39m
              [33mclass[39m=[32m&quot;font-bold text-lg mb-1&quot;[39m
            [36m&gt;[39m
              [0mTemel Geometri[0m
            [36m&lt;/h3&gt;[39m
            [36m&lt;p[39m
              [33mclass[39m=[32m&quot;text-sm text-gray-600&quot;[39m
            [36m&gt;[39m
              [0mTemel geometri şekilleri çizimi[0m
            [36m&lt;/p&gt;[39m
            [36m&lt;span[39m
              [33mclass[39m=[32m&quot;inline-block mt-2 px-2 py-1 bg-blue-100 text-blue-800 text-xs rounded&quot;[39m
            [36m&gt;[39m
              [0mgeometry[0m
            [36m&lt;/span&gt;[39m
          [36m&lt;/button&gt;[39m
          [36m&lt;button[39m
            [33mclass[39m=[32m&quot;p-4 border-2 rounded-lg text-left transition-all border-gray-300 hover:border-blue-300&quot;[39m
          [36m&gt;[39m
            [36m&lt;h3[39m
              [33mclass[39m=[32m&quot;font-bold text-lg mb-1&quot;[39m
            [36m&gt;[39m
              [0mFonksiyonlar[0m
            [36m&lt;/h3&gt;[39m
            [36m&lt;p[39m
              [33mclass[39m=[32m&quot;text-sm text-gray-600&quot;[39m
            [36m&gt;[39m
              [0mFonksiyon grafikleri ve dönüşümleri[0m
            [36m&lt;/p&gt;[39m
            [36m&lt;span[39m
              [33mclass[39m=[32m&quot;inline-block mt-2 px-2 py-1 bg-blue-100 text-blue-800 text-xs rounded&quot;[39m
            [36m&gt;[39m
              [0malgebra[0m
            [36m&lt;/span&gt;[39m
          [36m&lt;/button&gt;[39m
          [36m&lt;button[39m
            [33mclass[39m=[32m&quot;p-4 border-2 rounded-lg text-left transition-all border-gray-300 hover:border-blue-300&quot;[39m
          [36m&gt;[39m
            [36m&lt;h3[39m
              [33mclass[39m=[32m&quot;font-bold text-lg mb-1&quot;[39m
            [36m&gt;[39m
              [0mTrigonometri[0m
            [36m&lt;/h3&gt;[39m
            [36m&lt;p[39m
              [33mclass[39m=[32m&quot;text-sm text-gray-600&quot;[39m
            [36m&gt;[39m
              [0mBirim çember ve trigonometrik fonksiyonlar[0m
            [36m&lt;/p&gt;[39m
            [36m&lt;span[39m
              [33mclass[39m=[32m&quot;inline-block mt-2 px-2 py-1 bg-blue-100 text-blue-800 text-xs rounded&quot;[39m
            [36m&gt;[39m
              [0mgeometry[0m
            [36m&lt;/span&gt;[39m
          [36m&lt;/button&gt;[39m
        [36m&lt;/div&gt;[39m
      [36m&lt;/div&gt;[39m
      [36m&lt;div[39m
        [33mclass[39m=[32m&quot;geogebra-embed mb-4&quot;[39m
      [36m&gt;[39m
        [36m&lt;iframe[39m
          [33mallow[39m=[32m&quot;fullscreen&quot;[39m
          [33mclass[39m=[32m&quot;border-2 border-gray-300 rounded&quot;[39m
          [33mheight[39m=[32m&quot;600&quot;[39m
          [33msrc[39m=[32m&quot;https://www.geogebra.org/material/iframe/id/basic&quot;[39m
          [33mtitle[39m=[32m&quot;Temel Geometri&quot;[39m
          [33mwidth[39m=[32m&quot;800&quot;[39m
        [36m/&gt;[39m
      [36m&lt;/div&gt;[39m
      [36m&lt;div[39m
        [33mclass[39m=[32m&quot;controls flex justify-between items-center&quot;[39m
      [36m&gt;[39m
        [36m&lt;div[39m
          [33mclass[39m=[32m&quot;info text-sm text-gray-600&quot;[39m
        [36m&gt;[39m
          [36m&lt;strong&gt;[39m
            [0mAktif:[0m
          [36m&lt;/strong&gt;[39m
          [0m [0m
          [0mTemel Geometri[0m
          [0m ([0m
          [0mgeometry[0m
          [0m)[0m
        [36m&lt;/div&gt;[39m
        [36m&lt;div[39m
          [33mclass[39m=[32m&quot;actions flex gap-2&quot;[39m
        [36m&gt;[39m
          [36m&lt;button[39m
            [33mclass[39m=[32m&quot;px-4 py-2 bg-gray-500 text-white rounded hover:bg-gray-600&quot;[39m
          [36m&gt;[39m
            [0mKaydet[0m
          [36m&lt;/button&gt;[39m
          [36m&lt;button[39m
            [33mclass[39m=[32m&quot;px-4 py-2 bg-green-500 text-white rounded hover:bg-green-600&quot;[39m
          [36m&gt;[39m
            [0mTamamla[0m
          [36m&lt;/button&gt;[39m
        [36m&lt;/div&gt;[39m
      [36m&lt;/div&gt;[39m
      [36m&lt;div[39m
        [33mclass[39m=[32m&quot;help-text mt-4 p-4 bg-blue-50 rounded&quot;[39m
      [36m&gt;[39m
        [36m&lt;p[39m
          [33mclass[39m=[32m&quot;text-sm text-gray-700&quot;[39m
        [36m&gt;[39m
          [36m&lt;strong&gt;[39m
            [0mGeoGebra Hakkında:[0m
          [36m&lt;/strong&gt;[39m
          [36m&lt;br /&gt;[39m
          [0mGeoGebra, dinamik matematik yazılımıdır. Geometri, cebir, istatistik ve hesaplama konularında interaktif öğrenme sağlar.[0m
          [36m&lt;br /&gt;[39m
          [36m&lt;br /&gt;[39m
          [36m&lt;strong&gt;[39m
            [0mİpuçları:[0m
          [36m&lt;/strong&gt;[39m
          [36m&lt;br /&gt;[39m
          [0m• Araçları kullanarak şekiller çizin[0m
          [36m&lt;br /&gt;[39m
          [0m• Noktaları sürükleyerek dinamik değişimleri gözlemleyin[0m
          [36m&lt;br /&gt;[39m
          [0m• Ölçüm araçlarıyla uzunluk ve açı ölçün[0m
        [36m&lt;/p&gt;[39m
      [36m&lt;/div&gt;[39m
    [36m&lt;/div&gt;[39m
  [36m&lt;/div&gt;[39m
[36m&lt;/body&gt;[39m" type="TestingLibraryElementError">
TestingLibraryElementError: Found multiple elements with the text: Fonksiyonlar

Here are the matching elements:

Ignored nodes: comments, script, style
&lt;h3
  class=&quot;font-bold text-lg mb-1&quot;
&gt;
  Fonksiyonlar
&lt;/h3&gt;

Ignored nodes: comments, script, style
&lt;h3
  class=&quot;font-bold text-lg mb-1&quot;
&gt;
  Fonksiyonlar
&lt;/h3&gt;

(If this is intentional, then use the `*AllBy*` variant of the query (like `queryAllByText`, `getAllByText`, or `findAllByText`)).

Ignored nodes: comments, script, style
&lt;body&gt;
  &lt;div&gt;
    &lt;div
      class=&quot;geogebra-container p-6 bg-white rounded-lg shadow-lg&quot;
    &gt;
      &lt;h2
        class=&quot;text-2xl font-bold mb-4&quot;
      &gt;
        GeoGebra İnteraktif Matematik
      &lt;/h2&gt;
      &lt;div
        class=&quot;applet-selector mb-4&quot;
      &gt;
        &lt;label
          class=&quot;block text-sm font-medium mb-2&quot;
        &gt;
          Aktivite Seç:
        &lt;/label&gt;
        &lt;div
          class=&quot;grid grid-cols-1 md:grid-cols-3 gap-4&quot;
        &gt;
          &lt;button
            class=&quot;p-4 border-2 rounded-lg text-left transition-all border-blue-500 bg-blue-50&quot;
          &gt;
            &lt;h3
              class=&quot;font-bold text-lg mb-1&quot;
            &gt;
              Temel Geometri
            &lt;/h3&gt;
            &lt;p
              class=&quot;text-sm text-gray-600&quot;
            &gt;
              Temel geometri şekilleri çizimi
            &lt;/p&gt;
            &lt;span
              class=&quot;inline-block mt-2 px-2 py-1 bg-blue-100 text-blue-800 text-xs rounded&quot;
            &gt;
              geometry
            &lt;/span&gt;
          &lt;/button&gt;
          &lt;button
            class=&quot;p-4 border-2 rounded-lg text-left transition-all border-gray-300 hover:border-blue-300&quot;
          &gt;
            &lt;h3
              class=&quot;font-bold text-lg mb-1&quot;
            &gt;
              Fonksiyonlar
            &lt;/h3&gt;
            &lt;p
              class=&quot;text-sm text-gray-600&quot;
            &gt;
              Fonksiyon grafikleri ve dönüşümleri
            &lt;/p&gt;
            &lt;span
              class=&quot;inline-block mt-2 px-2 py-1 bg-blue-100 text-blue-800 text-xs rounded&quot;
            &gt;
              algebra
            &lt;/span&gt;
          &lt;/button&gt;
          &lt;button
            class=&quot;p-4 border-2 rounded-lg text-left transition-all border-gray-300 hover:border-blue-300&quot;
          &gt;
            &lt;h3
              class=&quot;font-bold text-lg mb-1&quot;
            &gt;
              Trigonometri
            &lt;/h3&gt;
            &lt;p
              class=&quot;text-sm text-gray-600&quot;
            &gt;
              Birim çember ve trigonometrik fonksiyonlar
            &lt;/p&gt;
            &lt;span
              class=&quot;inline-block mt-2 px-2 py-1 bg-blue-100 text-blue-800 text-xs rounded&quot;
            &gt;
              geometry
            &lt;/span&gt;
          &lt;/button&gt;
        &lt;/div&gt;
      &lt;/div&gt;
      &lt;div
        class=&quot;geogebra-embed mb-4&quot;
      &gt;
        &lt;iframe
          allow=&quot;fullscreen&quot;
          class=&quot;border-2 border-gray-300 rounded&quot;
          height=&quot;600&quot;
          src=&quot;https://www.geogebra.org/material/iframe/id/basic&quot;
          title=&quot;Temel Geometri&quot;
          width=&quot;800&quot;
        /&gt;
      &lt;/div&gt;
      &lt;div
        class=&quot;controls flex justify-between items-center&quot;
      &gt;
        &lt;div
          class=&quot;info text-sm text-gray-600&quot;
        &gt;
          &lt;strong&gt;
            Aktif:
          &lt;/strong&gt;
           
          Temel Geometri
           (
          geometry
          )
        &lt;/div&gt;
        &lt;div
          class=&quot;actions flex gap-2&quot;
        &gt;
          &lt;button
            class=&quot;px-4 py-2 bg-gray-500 text-white rounded hover:bg-gray-600&quot;
          &gt;
            Kaydet
          &lt;/button&gt;
          &lt;button
            class=&quot;px-4 py-2 bg-green-500 text-white rounded hover:bg-green-600&quot;
          &gt;
            Tamamla
          &lt;/button&gt;
        &lt;/div&gt;
      &lt;/div&gt;
      &lt;div
        class=&quot;help-text mt-4 p-4 bg-blue-50 rounded&quot;
      &gt;
        &lt;p
          class=&quot;text-sm text-gray-700&quot;
        &gt;
          &lt;strong&gt;
            GeoGebra Hakkında:
          &lt;/strong&gt;
          &lt;br /&gt;
          GeoGebra, dinamik matematik yazılımıdır. Geometri, cebir, istatistik ve hesaplama konularında interaktif öğrenme sağlar.
          &lt;br /&gt;
          &lt;br /&gt;
          &lt;strong&gt;
            İpuçları:
          &lt;/strong&gt;
          &lt;br /&gt;
          • Araçları kullanarak şekiller çizin
          &lt;br /&gt;
          • Noktaları sürükleyerek dinamik değişimleri gözlemleyin
          &lt;br /&gt;
          • Ölçüm araçlarıyla uzunluk ve açı ölçün
        &lt;/p&gt;
      &lt;/div&gt;
    &lt;/div&gt;
  &lt;/div&gt;
  &lt;div&gt;
    &lt;div
      class=&quot;geogebra-container p-6 bg-white rounded-lg shadow-lg&quot;
    &gt;
      &lt;h2
        class=&quot;text-2xl font-bold mb-4&quot;
      &gt;
        GeoGebra İnteraktif Matematik
      &lt;/h2&gt;
      &lt;div
        class=&quot;applet-selector mb-4&quot;
      &gt;
        &lt;label
          class=&quot;block text-sm font-medium mb-2&quot;
        &gt;
          Aktivite Seç:
        &lt;/label&gt;
        &lt;div
          class=&quot;grid grid-cols-1 md:grid-cols-3 gap-4&quot;
        &gt;
          &lt;button
            class=&quot;p-4 border-2 rounded-lg text-left transition-all border-blue-500 bg-blue-50&quot;
          &gt;
            &lt;h3
              class=&quot;font-bold text-lg mb-1&quot;
            &gt;
              Temel Geometri
            &lt;/h3&gt;
            &lt;p
              class=&quot;text-sm text-gray-600&quot;
            &gt;
              Temel geometri şekilleri çizimi
            &lt;/p&gt;
            &lt;span
              class=&quot;inline-block mt-2 px-2 py-1 bg-blue-100 text-blue-800 text-xs rounded&quot;
            &gt;
              geometry
            &lt;/span&gt;
          &lt;/button&gt;
          &lt;button
            class=&quot;p-4 border-2 rounded-lg text-left transition-all border-gray-300 hover:border-blue-300&quot;
          &gt;
            &lt;h3
              class=&quot;font-bold text-lg mb-1&quot;
            &gt;
              Fonksiyonlar
            &lt;/h3&gt;
            &lt;p
              class=&quot;text-sm text-gray-600&quot;
            &gt;
              Fonksiyon grafikleri ve dönüşümleri
            &lt;/p&gt;
            &lt;span
              class=&quot;inline-block mt-2 px-2 py-1 bg-blue-100 text-blue-800 text-xs rounded&quot;
            &gt;
              algebra
            &lt;/span&gt;
          &lt;/button&gt;
          &lt;button
            class=&quot;p-4 border-2 rounded-lg text-left transition-all border-gray-300 hover:border-blue-300&quot;
          &gt;
            &lt;h3
              class=&quot;font-bold text-lg mb-1&quot;
            &gt;
              Trigonometri
            &lt;/h3&gt;
            &lt;p
              class=&quot;text-sm text-gray-600&quot;
            &gt;
              Birim çember ve trigonometrik fonksiyonlar
            &lt;/p&gt;
            &lt;span
              class=&quot;inline-block mt-2 px-2 py-1 bg-blue-100 text-blue-800 text-xs rounded&quot;
            &gt;
              geometry
            &lt;/span&gt;
          &lt;/button&gt;
        &lt;/div&gt;
      &lt;/div&gt;
      &lt;div
        class=&quot;geogebra-embed mb-4&quot;
      &gt;
        &lt;iframe
          allow=&quot;fullscreen&quot;
          class=&quot;border-2 border-gray-300 rounded&quot;
          height=&quot;600&quot;
          src=&quot;https://www.geogebra.org/material/iframe/id/basic&quot;
          title=&quot;Temel Geometri&quot;
          width=&quot;800&quot;
        /&gt;
      &lt;/div&gt;
      &lt;div
        class=&quot;controls flex justify-between items-center&quot;
      &gt;
        &lt;div
          class=&quot;info text-sm text-gray-600&quot;
        &gt;
          &lt;strong&gt;
            Aktif:
          &lt;/strong&gt;
           
          Temel Geometri
           (
          geometry
          )
        &lt;/div&gt;
        &lt;div
          class=&quot;actions flex gap-2&quot;
        &gt;
          &lt;button
            class=&quot;px-4 py-2 bg-gray-500 text-white rounded hover:bg-gray-600&quot;
          &gt;
            Kaydet
          &lt;/button&gt;
          &lt;button
            class=&quot;px-4 py-2 bg-green-500 text-white rounded hover:bg-green-600&quot;
          &gt;
            Tamamla
          &lt;/button&gt;
        &lt;/div&gt;
      &lt;/div&gt;
      &lt;div
        class=&quot;help-text mt-4 p-4 bg-blue-50 rounded&quot;
      &gt;
        &lt;p
          class=&quot;text-sm text-gray-700&quot;
        &gt;
          &lt;strong&gt;
            GeoGebra Hakkında:
          &lt;/strong&gt;
          &lt;br /&gt;
          GeoGebra, dinamik matematik yazılımıdır. Geometri, cebir, istatistik ve hesaplama konularında interaktif öğrenme sağlar.
          &lt;br /&gt;
          &lt;br /&gt;
          &lt;strong&gt;
            İpuçları:
          &lt;/strong&gt;
          &lt;br /&gt;
          • Araçları kullanarak şekiller çizin
          &lt;br /&gt;
          • Noktaları sürükleyerek dinamik değişimleri gözlemleyin
          &lt;br /&gt;
          • Ölçüm araçlarıyla uzunluk ve açı ölçün
        &lt;/p&gt;
      &lt;/div&gt;
    &lt;/div&gt;
  &lt;/div&gt;
&lt;/body&gt;
 ❯ Object.getElementError node_modules/@testing-library/react/node_modules/@testing-library/dom/dist/config.js:37:19
 ❯ getElementError node_modules/@testing-library/react/node_modules/@testing-library/dom/dist/query-helpers.js:20:35
 ❯ getMultipleElementsFoundError node_modules/@testing-library/react/node_modules/@testing-library/dom/dist/query-helpers.js:23:10
 ❯ node_modules/@testing-library/react/node_modules/@testing-library/dom/dist/query-helpers.js:55:13
 ❯ node_modules/@testing-library/react/node_modules/@testing-library/dom/dist/query-helpers.js:95:19
 ❯ src/components/Manipulatives/__tests__/GeoGebraEmbed.test.tsx:348:36
            </failure>
            <failure message="jest is not defined" type="ReferenceError">
ReferenceError: jest is not defined
 ❯ src/components/Manipulatives/__tests__/GeoGebraEmbed.test.tsx:323:5
            </failure>
        </testcase>
        <testcase classname="src/components/Manipulatives/__tests__/GeoGebraEmbed.test.tsx" name="GeoGebraEmbed Component - Save &gt; saves activity when save button clicked" time="1.0541611">
            <failure message="Found multiple elements with the text: Kaydet

Here are the matching elements:

Ignored nodes: comments, script, style
[36m&lt;button[39m
  [33mclass[39m=[32m&quot;px-4 py-2 bg-gray-500 text-white rounded hover:bg-gray-600&quot;[39m
[36m&gt;[39m
  [0mKaydet[0m
[36m&lt;/button&gt;[39m

Ignored nodes: comments, script, style
[36m&lt;button[39m
  [33mclass[39m=[32m&quot;px-4 py-2 bg-gray-500 text-white rounded hover:bg-gray-600&quot;[39m
[36m&gt;[39m
  [0mKaydet[0m
[36m&lt;/button&gt;[39m

Ignored nodes: comments, script, style
[36m&lt;button[39m
  [33mclass[39m=[32m&quot;px-4 py-2 bg-gray-500 text-white rounded hover:bg-gray-600&quot;[39m
[36m&gt;[39m
  [0mKaydet[0m
[36m&lt;/button&gt;[39m

(If this is intentional, then use the `*AllBy*` variant of the query (like `queryAllByText`, `getAllByText`, or `findAllByText`)).

Ignored nodes: comments, script, style
[36m&lt;body&gt;[39m
  [36m&lt;div&gt;[39m
    [36m&lt;div[39m
      [33mclass[39m=[32m&quot;geogebra-container p-6 bg-white rounded-lg shadow-lg&quot;[39m
    [36m&gt;[39m
      [36m&lt;h2[39m
        [33mclass[39m=[32m&quot;text-2xl font-bold mb-4&quot;[39m
      [36m&gt;[39m
        [0mGeoGebra İnteraktif Matematik[0m
      [36m&lt;/h2&gt;[39m
      [36m&lt;div[39m
        [33mclass[39m=[32m&quot;applet-selector mb-4&quot;[39m
      [36m&gt;[39m
        [36m&lt;label[39m
          [33mclass[39m=[32m&quot;block text-sm font-medium mb-2&quot;[39m
        [36m&gt;[39m
          [0mAktivite Seç:[0m
        [36m&lt;/label&gt;[39m
        [36m&lt;div[39m
          [33mclass[39m=[32m&quot;grid grid-cols-1 md:grid-cols-3 gap-4&quot;[39m
        [36m&gt;[39m
          [36m&lt;button[39m
            [33mclass[39m=[32m&quot;p-4 border-2 rounded-lg text-left transition-all border-blue-500 bg-blue-50&quot;[39m
          [36m&gt;[39m
            [36m&lt;h3[39m
              [33mclass[39m=[32m&quot;font-bold text-lg mb-1&quot;[39m
            [36m&gt;[39m
              [0mTemel Geometri[0m
            [36m&lt;/h3&gt;[39m
            [36m&lt;p[39m
              [33mclass[39m=[32m&quot;text-sm text-gray-600&quot;[39m
            [36m&gt;[39m
              [0mTemel geometri şekilleri çizimi[0m
            [36m&lt;/p&gt;[39m
            [36m&lt;span[39m
              [33mclass[39m=[32m&quot;inline-block mt-2 px-2 py-1 bg-blue-100 text-blue-800 text-xs rounded&quot;[39m
            [36m&gt;[39m
              [0mgeometry[0m
            [36m&lt;/span&gt;[39m
          [36m&lt;/button&gt;[39m
          [36m&lt;button[39m
            [33mclass[39m=[32m&quot;p-4 border-2 rounded-lg text-left transition-all border-gray-300 hover:border-blue-300&quot;[39m
          [36m&gt;[39m
            [36m&lt;h3[39m
              [33mclass[39m=[32m&quot;font-bold text-lg mb-1&quot;[39m
            [36m&gt;[39m
              [0mFonksiyonlar[0m
            [36m&lt;/h3&gt;[39m
            [36m&lt;p[39m
              [33mclass[39m=[32m&quot;text-sm text-gray-600&quot;[39m
            [36m&gt;[39m
              [0mFonksiyon grafikleri ve dönüşümleri[0m
            [36m&lt;/p&gt;[39m
            [36m&lt;span[39m
              [33mclass[39m=[32m&quot;inline-block mt-2 px-2 py-1 bg-blue-100 text-blue-800 text-xs rounded&quot;[39m
            [36m&gt;[39m
              [0malgebra[0m
            [36m&lt;/span&gt;[39m
          [36m&lt;/button&gt;[39m
          [36m&lt;button[39m
            [33mclass[39m=[32m&quot;p-4 border-2 rounded-lg text-left transition-all border-gray-300 hover:border-blue-300&quot;[39m
          [36m&gt;[39m
            [36m&lt;h3[39m
              [33mclass[39m=[32m&quot;font-bold text-lg mb-1&quot;[39m
            [36m&gt;[39m
              [0mTrigonometri[0m
            [36m&lt;/h3&gt;[39m
            [36m&lt;p[39m
              [33mclass[39m=[32m&quot;text-sm text-gray-600&quot;[39m
            [36m&gt;[39m
              [0mBirim çember ve trigonometrik fonksiyonlar[0m
            [36m&lt;/p&gt;[39m
            [36m&lt;span[39m
              [33mclass[39m=[32m&quot;inline-block mt-2 px-2 py-1 bg-blue-100 text-blue-800 text-xs rounded&quot;[39m
            [36m&gt;[39m
              [0mgeometry[0m
            [36m&lt;/span&gt;[39m
          [36m&lt;/button&gt;[39m
        [36m&lt;/div&gt;[39m
      [36m&lt;/div&gt;[39m
      [36m&lt;div[39m
        [33mclass[39m=[32m&quot;geogebra-embed mb-4&quot;[39m
      [36m&gt;[39m
        [36m&lt;iframe[39m
          [33mallow[39m=[32m&quot;fullscreen&quot;[39m
          [33mclass[39m=[32m&quot;border-2 border-gray-300 rounded&quot;[39m
          [33mheight[39m=[32m&quot;600&quot;[39m
          [33msrc[39m=[32m&quot;https://www.geogebra.org/material/iframe/id/basic&quot;[39m
          [33mtitle[39m=[32m&quot;Temel Geometri&quot;[39m
          [33mwidth[39m=[32m&quot;800&quot;[39m
        [36m/&gt;[39m
      [36m&lt;/div&gt;[39m
      [36m&lt;div[39m
        [33mclass[39m=[32m&quot;controls flex justify-between items-center&quot;[39m
      [36m&gt;[39m
        [36m&lt;div[39m
          [33mclass[39m=[32m&quot;info text-sm text-gray-600&quot;[39m
        [36m&gt;[39m
          [36m&lt;strong&gt;[39m
            [0mAktif:[0m
          [36m&lt;/strong&gt;[39m
          [0m [0m
          [0mTemel Geometri[0m
          [0m ([0m
          [0mgeometry[0m
          [0m)[0m
        [36m&lt;/div&gt;[39m
        [36m&lt;div[39m
          [33mclass[39m=[32m&quot;actions flex gap-2&quot;[39m
        [36m&gt;[39m
          [36m&lt;button[39m
            [33mclass[39m=[32m&quot;px-4 py-2 bg-gray-500 text-white rounded hover:bg-gray-600&quot;[39m
          [36m&gt;[39m
            [0mKaydet[0m
          [36m&lt;/button&gt;[39m
          [36m&lt;button[39m
            [33mclass[39m=[32m&quot;px-4 py-2 bg-green-500 text-white rounded hover:bg-green-600&quot;[39m
          [36m&gt;[39m
            [0mTamamla[0m
          [36m&lt;/button&gt;[39m
        [36m&lt;/div&gt;[39m
      [36m&lt;/div&gt;[39m
      [36m&lt;div[39m
        [33mclass[39m=[32m&quot;help-text mt-4 p-4 bg-blue-50 rounded&quot;[39m
      [36m&gt;[39m
        [36m&lt;p[39m
          [33mclass[39m=[32m&quot;text-sm text-gray-700&quot;[39m
        [36m&gt;[39m
          [36m&lt;strong&gt;[39m
            [0mGeoGebra Hakkında:[0m
          [36m&lt;/strong&gt;[39m
          [36m&lt;br /&gt;[39m
          [0mGeoGebra, dinamik matematik yazılımıdır. Geometri, cebir, istatistik ve hesaplama konularında interaktif öğrenme sağlar.[0m
          [36m&lt;br /&gt;[39m
          [36m&lt;br /&gt;[39m
          [36m&lt;strong&gt;[39m
            [0mİpuçları:[0m
          [36m&lt;/strong&gt;[39m
          [36m&lt;br /&gt;[39m
          [0m• Araçları kullanarak şekiller çizin[0m
          [36m&lt;br /&gt;[39m
          [0m• Noktaları sürükleyerek dinamik değişimleri gözlemleyin[0m
          [36m&lt;br /&gt;[39m
          [0m• Ölçüm araçlarıyla uzunluk ve açı ölçün[0m
        [36m&lt;/p&gt;[39m
      [36m&lt;/div&gt;[39m
    [36m&lt;/div&gt;[39m
  [36m&lt;/div&gt;[39m
  [36m&lt;div&gt;[39m
    [36m&lt;div[39m
      [33mclass[39m=[32m&quot;geogebra-container p-6 bg-white rounded-lg shadow-lg&quot;[39m
    [36m&gt;[39m
      [36m&lt;h2[39m
        [33mclass[39m=[32m&quot;text-2xl font-bold mb-4&quot;[39m
      [36m&gt;[39m
        [0mGeoGebra İnteraktif Matematik[0m
      [36m&lt;/h2&gt;[39m
      [36m&lt;div[39m
        [33mclass[39m=[32m&quot;applet-selector mb-4&quot;[39m
      [36m&gt;[39m
        [36m&lt;label[39m
          [33mclass[39m=[32m&quot;block text-sm font-medium mb-2&quot;[39m
        [36m&gt;[39m
          [0mAktivite Seç:[0m
        [36m&lt;/label&gt;[39m
        [36m&lt;div[39m
          [33mclass[39m=[32m&quot;grid grid-cols-1 md:grid-cols-3 gap-4&quot;[39m
        [36m&gt;[39m
          [36m&lt;button[39m
            [33mclass[39m=[32m&quot;p-4 border-2 rounded-lg text-left transition-all border-blue-500 bg-blue-50&quot;[39m
          [36m&gt;[39m
            [36m&lt;h3[39m
              [33mclass[39m=[32m&quot;font-bold text-lg mb-1&quot;[39m
            [36m&gt;[39m
              [0mTemel Geometri[0m
            [36m&lt;/h3&gt;[39m
            [36m&lt;p[39m
              [33mclass[39m=[32m&quot;text-sm text-gray-600&quot;[39m
            [36m&gt;[39m
              [0mTemel geometri şekilleri çizimi[0m
            [36m&lt;/p&gt;[39m
            [36m&lt;span[39m
              [33mclass[39m=[32m&quot;inline-block mt-2 p...

Ignored nodes: comments, script, style
[36m&lt;html&gt;[39m
  [36m&lt;head /&gt;[39m
  [36m&lt;body&gt;[39m
    [36m&lt;div&gt;[39m
      [36m&lt;div[39m
        [33mclass[39m=[32m&quot;geogebra-container p-6 bg-white rounded-lg shadow-lg&quot;[39m
      [36m&gt;[39m
        [36m&lt;h2[39m
          [33mclass[39m=[32m&quot;text-2xl font-bold mb-4&quot;[39m
        [36m&gt;[39m
          [0mGeoGebra İnteraktif Matematik[0m
        [36m&lt;/h2&gt;[39m
        [36m&lt;div[39m
          [33mclass[39m=[32m&quot;applet-selector mb-4&quot;[39m
        [36m&gt;[39m
          [36m&lt;label[39m
            [33mclass[39m=[32m&quot;block text-sm font-medium mb-2&quot;[39m
          [36m&gt;[39m
            [0mAktivite Seç:[0m
          [36m&lt;/label&gt;[39m
          [36m&lt;div[39m
            [33mclass[39m=[32m&quot;grid grid-cols-1 md:grid-cols-3 gap-4&quot;[39m
          [36m&gt;[39m
            [36m&lt;button[39m
              [33mclass[39m=[32m&quot;p-4 border-2 rounded-lg text-left transition-all border-blue-500 bg-blue-50&quot;[39m
            [36m&gt;[39m
              [36m&lt;h3[39m
                [33mclass[39m=[32m&quot;font-bold text-lg mb-1&quot;[39m
              [36m&gt;[39m
                [0mTemel Geometri[0m
              [36m&lt;/h3&gt;[39m
              [36m&lt;p[39m
                [33mclass[39m=[32m&quot;text-sm text-gray-600&quot;[39m
              [36m&gt;[39m
                [0mTemel geometri şekilleri çizimi[0m
              [36m&lt;/p&gt;[39m
              [36m&lt;span[39m
                [33mclass[39m=[32m&quot;inline-block mt-2 px-2 py-1 bg-blue-100 text-blue-800 text-xs rounded&quot;[39m
              [36m&gt;[39m
                [0mgeometry[0m
              [36m&lt;/span&gt;[39m
            [36m&lt;/button&gt;[39m
            [36m&lt;button[39m
              [33mclass[39m=[32m&quot;p-4 border-2 rounded-lg text-left transition-all border-gray-300 hover:border-blue-300&quot;[39m
            [36m&gt;[39m
              [36m&lt;h3[39m
                [33mclass[39m=[32m&quot;font-bold text-lg mb-1&quot;[39m
              [36m&gt;[39m
                [0mFonksiyonlar[0m
              [36m&lt;/h3&gt;[39m
              [36m&lt;p[39m
                [33mclass[39m=[32m&quot;text-sm text-gray-600&quot;[39m
              [36m&gt;[39m
                [0mFonksiyon grafikleri ve dönüşümleri[0m
              [36m&lt;/p&gt;[39m
              [36m&lt;span[39m
                [33mclass[39m=[32m&quot;inline-block mt-2 px-2 py-1 bg-blue-100 text-blue-800 text-xs rounded&quot;[39m
              [36m&gt;[39m
                [0malgebra[0m
              [36m&lt;/span&gt;[39m
            [36m&lt;/button&gt;[39m
            [36m&lt;button[39m
              [33mclass[39m=[32m&quot;p-4 border-2 rounded-lg text-left transition-all border-gray-300 hover:border-blue-300&quot;[39m
            [36m&gt;[39m
              [36m&lt;h3[39m
                [33mclass[39m=[32m&quot;font-bold text-lg mb-1&quot;[39m
              [36m&gt;[39m
                [0mTrigonometri[0m
              [36m&lt;/h3&gt;[39m
              [36m&lt;p[39m
                [33mclass[39m=[32m&quot;text-sm text-gray-600&quot;[39m
              [36m&gt;[39m
                [0mBirim çember ve trigonometrik fonksiyonlar[0m
              [36m&lt;/p&gt;[39m
              [36m&lt;span[39m
                [33mclass[39m=[32m&quot;inline-block mt-2 px-2 py-1 bg-blue-100 text-blue-800 text-xs rounded&quot;[39m
              [36m&gt;[39m
                [0mgeometry[0m
              [36m&lt;/span&gt;[39m
            [36m&lt;/button&gt;[39m
          [36m&lt;/div&gt;[39m
        [36m&lt;/div&gt;[39m
        [36m&lt;div[39m
          [33mclass[39m=[32m&quot;geogebra-embed mb-4&quot;[39m
        [36m&gt;[39m
          [36m&lt;iframe[39m
            [33mallow[39m=[32m&quot;fullscreen&quot;[39m
            [33mclass[39m=[32m&quot;border-2 border-gray-300 rounded&quot;[39m
            [33mheight[39m=[32m&quot;600&quot;[39m
            [33msrc[39m=[32m&quot;https://www.geogebra.org/material/iframe/id/basic&quot;[39m
            [33mtitle[39m=[32m&quot;Temel Geometri&quot;[39m
            [33mwidth[39m=[32m&quot;800&quot;[39m
          [36m/&gt;[39m
        [36m&lt;/div&gt;[39m
        [36m&lt;div[39m
          [33mclass[39m=[32m&quot;controls flex justify-between items-center&quot;[39m
        [36m&gt;[39m
          [36m&lt;div[39m
            [33mclass[39m=[32m&quot;info text-sm text-gray-600&quot;[39m
          [36m&gt;[39m
            [36m&lt;strong&gt;[39m
              [0mAktif:[0m
            [36m&lt;/strong&gt;[39m
            [0m [0m
            [0mTemel Geometri[0m
            [0m ([0m
            [0mgeometry[0m
            [0m)[0m
          [36m&lt;/div&gt;[39m
          [36m&lt;div[39m
            [33mclass[39m=[32m&quot;actions flex gap-2&quot;[39m
          [36m&gt;[39m
            [36m&lt;button[39m
              [33mclass[39m=[32m&quot;px-4 py-2 bg-gray-500 text-white rounded hover:bg-gray-600&quot;[39m
            [36m&gt;[39m
              [0mKaydet[0m
            [36m&lt;/button&gt;[39m
            [36m&lt;button[39m
              [33mclass[39m=[32m&quot;px-4 py-2 bg-green-500 text-white rounded hover:bg-green-600&quot;[39m
            [36m&gt;[39m
              [0mTamamla[0m
            [36m&lt;/button&gt;[39m
          [36m&lt;/div&gt;[39m
        [36m&lt;/div&gt;[39m
        [36m&lt;div[39m
          [33mclass[39m=[32m&quot;help-text mt-4 p-4 bg-blue-50 rounded&quot;[39m
        [36m&gt;[39m
          [36m&lt;p[39m
            [33mclass[39m=[32m&quot;text-sm text-gray-700&quot;[39m
          [36m&gt;[39m
            [36m&lt;strong&gt;[39m
              [0mGeoGebra Hakkında:[0m
            [36m&lt;/strong&gt;[39m
            [36m&lt;br /&gt;[39m
            [0mGeoGebra, dinamik matematik yazılımıdır. Geometri, cebir, istatistik ve hesaplama konularında interaktif öğrenme sağlar.[0m
            [36m&lt;br /&gt;[39m
            [36m&lt;br /&gt;[39m
            [36m&lt;strong&gt;[39m
              [0mİpuçları:[0m
            [36m&lt;/strong&gt;[39m
            [36m&lt;br /&gt;[39m
            [0m• Araçları kullanarak şekiller çizin[0m
            [36m&lt;br /&gt;[39m
            [0m• Noktaları sürükleyerek dinamik değişimleri gözlemleyin[0m
            [36m&lt;br /&gt;[39m
            [0m• Ölçüm araçlarıyla uzunluk ve açı ölçün[0m
          [36m&lt;/p&gt;[39m
        [36m&lt;/div&gt;[39m
      [36m&lt;/div&gt;[39m
    [36m&lt;/div&gt;[39m
    [36m&lt;div&gt;[39m
      [36m&lt;div[39m
        [33mclass[39m=[32m&quot;geogebra-container p-6 bg-white rounded-lg shadow-lg&quot;[39m
      [36m&gt;[39m
        [36m&lt;h2[39m
          [33mclass[39m=[32m&quot;text-2xl font-bold mb-4&quot;[39m
        [36m&gt;[39m
          [0mGeoGebra İnteraktif Matematik[0m
        [36m&lt;/h2&gt;[39m
        [36m&lt;div[39m
          [33mclass[39m=[32m&quot;applet-selector mb-4&quot;[39m
        [36m&gt;[39m
          [36m&lt;label[39m
            [33mclass[39m=[32m&quot;block text-sm font-medium mb-2&quot;[39m
          [36m&gt;[39m
            [0mAktivite Seç:[0m
          [36m&lt;/label&gt;[39m
          [36m&lt;div[39m
            [33mclass[39m=[32m&quot;grid grid-cols-1 md:grid-cols-3 gap-4&quot;[39m
          [36m&gt;[39m
            [36m&lt;button[39m
              [33mclass[39m=[32m&quot;p-4 border-2 rounded-lg text-left transition-all border-blue-500 bg-blue-50&quot;[39m
            [36m&gt;[39m
              [36m&lt;h3[39m
                [33mclass[39m=[32m&quot;font-bold t..." type="TestingLibraryElementError">
TestingLibraryElementError: Found multiple elements with the text: Kaydet

Here are the matching elements:

Ignored nodes: comments, script, style
&lt;button
  class=&quot;px-4 py-2 bg-gray-500 text-white rounded hover:bg-gray-600&quot;
&gt;
  Kaydet
&lt;/button&gt;

Ignored nodes: comments, script, style
&lt;button
  class=&quot;px-4 py-2 bg-gray-500 text-white rounded hover:bg-gray-600&quot;
&gt;
  Kaydet
&lt;/button&gt;

Ignored nodes: comments, script, style
&lt;button
  class=&quot;px-4 py-2 bg-gray-500 text-white rounded hover:bg-gray-600&quot;
&gt;
  Kaydet
&lt;/button&gt;

(If this is intentional, then use the `*AllBy*` variant of the query (like `queryAllByText`, `getAllByText`, or `findAllByText`)).

Ignored nodes: comments, script, style
&lt;body&gt;
  &lt;div&gt;
    &lt;div
      class=&quot;geogebra-container p-6 bg-white rounded-lg shadow-lg&quot;
    &gt;
      &lt;h2
        class=&quot;text-2xl font-bold mb-4&quot;
      &gt;
        GeoGebra İnteraktif Matematik
      &lt;/h2&gt;
      &lt;div
        class=&quot;applet-selector mb-4&quot;
      &gt;
        &lt;label
          class=&quot;block text-sm font-medium mb-2&quot;
        &gt;
          Aktivite Seç:
        &lt;/label&gt;
        &lt;div
          class=&quot;grid grid-cols-1 md:grid-cols-3 gap-4&quot;
        &gt;
          &lt;button
            class=&quot;p-4 border-2 rounded-lg text-left transition-all border-blue-500 bg-blue-50&quot;
          &gt;
            &lt;h3
              class=&quot;font-bold text-lg mb-1&quot;
            &gt;
              Temel Geometri
            &lt;/h3&gt;
            &lt;p
              class=&quot;text-sm text-gray-600&quot;
            &gt;
              Temel geometri şekilleri çizimi
            &lt;/p&gt;
            &lt;span
              class=&quot;inline-block mt-2 px-2 py-1 bg-blue-100 text-blue-800 text-xs rounded&quot;
            &gt;
              geometry
            &lt;/span&gt;
          &lt;/button&gt;
          &lt;button
            class=&quot;p-4 border-2 rounded-lg text-left transition-all border-gray-300 hover:border-blue-300&quot;
          &gt;
            &lt;h3
              class=&quot;font-bold text-lg mb-1&quot;
            &gt;
              Fonksiyonlar
            &lt;/h3&gt;
            &lt;p
              class=&quot;text-sm text-gray-600&quot;
            &gt;
              Fonksiyon grafikleri ve dönüşümleri
            &lt;/p&gt;
            &lt;span
              class=&quot;inline-block mt-2 px-2 py-1 bg-blue-100 text-blue-800 text-xs rounded&quot;
            &gt;
              algebra
            &lt;/span&gt;
          &lt;/button&gt;
          &lt;button
            class=&quot;p-4 border-2 rounded-lg text-left transition-all border-gray-300 hover:border-blue-300&quot;
          &gt;
            &lt;h3
              class=&quot;font-bold text-lg mb-1&quot;
            &gt;
              Trigonometri
            &lt;/h3&gt;
            &lt;p
              class=&quot;text-sm text-gray-600&quot;
            &gt;
              Birim çember ve trigonometrik fonksiyonlar
            &lt;/p&gt;
            &lt;span
              class=&quot;inline-block mt-2 px-2 py-1 bg-blue-100 text-blue-800 text-xs rounded&quot;
            &gt;
              geometry
            &lt;/span&gt;
          &lt;/button&gt;
        &lt;/div&gt;
      &lt;/div&gt;
      &lt;div
        class=&quot;geogebra-embed mb-4&quot;
      &gt;
        &lt;iframe
          allow=&quot;fullscreen&quot;
          class=&quot;border-2 border-gray-300 rounded&quot;
          height=&quot;600&quot;
          src=&quot;https://www.geogebra.org/material/iframe/id/basic&quot;
          title=&quot;Temel Geometri&quot;
          width=&quot;800&quot;
        /&gt;
      &lt;/div&gt;
      &lt;div
        class=&quot;controls flex justify-between items-center&quot;
      &gt;
        &lt;div
          class=&quot;info text-sm text-gray-600&quot;
        &gt;
          &lt;strong&gt;
            Aktif:
          &lt;/strong&gt;
           
          Temel Geometri
           (
          geometry
          )
        &lt;/div&gt;
        &lt;div
          class=&quot;actions flex gap-2&quot;
        &gt;
          &lt;button
            class=&quot;px-4 py-2 bg-gray-500 text-white rounded hover:bg-gray-600&quot;
          &gt;
            Kaydet
          &lt;/button&gt;
          &lt;button
            class=&quot;px-4 py-2 bg-green-500 text-white rounded hover:bg-green-600&quot;
          &gt;
            Tamamla
          &lt;/button&gt;
        &lt;/div&gt;
      &lt;/div&gt;
      &lt;div
        class=&quot;help-text mt-4 p-4 bg-blue-50 rounded&quot;
      &gt;
        &lt;p
          class=&quot;text-sm text-gray-700&quot;
        &gt;
          &lt;strong&gt;
            GeoGebra Hakkında:
          &lt;/strong&gt;
          &lt;br /&gt;
          GeoGebra, dinamik matematik yazılımıdır. Geometri, cebir, istatistik ve hesaplama konularında interaktif öğrenme sağlar.
          &lt;br /&gt;
          &lt;br /&gt;
          &lt;strong&gt;
            İpuçları:
          &lt;/strong&gt;
          &lt;br /&gt;
          • Araçları kullanarak şekiller çizin
          &lt;br /&gt;
          • Noktaları sürükleyerek dinamik değişimleri gözlemleyin
          &lt;br /&gt;
          • Ölçüm araçlarıyla uzunluk ve açı ölçün
        &lt;/p&gt;
      &lt;/div&gt;
    &lt;/div&gt;
  &lt;/div&gt;
  &lt;div&gt;
    &lt;div
      class=&quot;geogebra-container p-6 bg-white rounded-lg shadow-lg&quot;
    &gt;
      &lt;h2
        class=&quot;text-2xl font-bold mb-4&quot;
      &gt;
        GeoGebra İnteraktif Matematik
      &lt;/h2&gt;
      &lt;div
        class=&quot;applet-selector mb-4&quot;
      &gt;
        &lt;label
          class=&quot;block text-sm font-medium mb-2&quot;
        &gt;
          Aktivite Seç:
        &lt;/label&gt;
        &lt;div
          class=&quot;grid grid-cols-1 md:grid-cols-3 gap-4&quot;
        &gt;
          &lt;button
            class=&quot;p-4 border-2 rounded-lg text-left transition-all border-blue-500 bg-blue-50&quot;
          &gt;
            &lt;h3
              class=&quot;font-bold text-lg mb-1&quot;
            &gt;
              Temel Geometri
            &lt;/h3&gt;
            &lt;p
              class=&quot;text-sm text-gray-600&quot;
            &gt;
              Temel geometri şekilleri çizimi
            &lt;/p&gt;
            &lt;span
              class=&quot;inline-block mt-2 p...

Ignored nodes: comments, script, style
&lt;html&gt;
  &lt;head /&gt;
  &lt;body&gt;
    &lt;div&gt;
      &lt;div
        class=&quot;geogebra-container p-6 bg-white rounded-lg shadow-lg&quot;
      &gt;
        &lt;h2
          class=&quot;text-2xl font-bold mb-4&quot;
        &gt;
          GeoGebra İnteraktif Matematik
        &lt;/h2&gt;
        &lt;div
          class=&quot;applet-selector mb-4&quot;
        &gt;
          &lt;label
            class=&quot;block text-sm font-medium mb-2&quot;
          &gt;
            Aktivite Seç:
          &lt;/label&gt;
          &lt;div
            class=&quot;grid grid-cols-1 md:grid-cols-3 gap-4&quot;
          &gt;
            &lt;button
              class=&quot;p-4 border-2 rounded-lg text-left transition-all border-blue-500 bg-blue-50&quot;
            &gt;
              &lt;h3
                class=&quot;font-bold text-lg mb-1&quot;
              &gt;
                Temel Geometri
              &lt;/h3&gt;
              &lt;p
                class=&quot;text-sm text-gray-600&quot;
              &gt;
                Temel geometri şekilleri çizimi
              &lt;/p&gt;
              &lt;span
                class=&quot;inline-block mt-2 px-2 py-1 bg-blue-100 text-blue-800 text-xs rounded&quot;
              &gt;
                geometry
              &lt;/span&gt;
            &lt;/button&gt;
            &lt;button
              class=&quot;p-4 border-2 rounded-lg text-left transition-all border-gray-300 hover:border-blue-300&quot;
            &gt;
              &lt;h3
                class=&quot;font-bold text-lg mb-1&quot;
              &gt;
                Fonksiyonlar
              &lt;/h3&gt;
              &lt;p
                class=&quot;text-sm text-gray-600&quot;
              &gt;
                Fonksiyon grafikleri ve dönüşümleri
              &lt;/p&gt;
              &lt;span
                class=&quot;inline-block mt-2 px-2 py-1 bg-blue-100 text-blue-800 text-xs rounded&quot;
              &gt;
                algebra
              &lt;/span&gt;
            &lt;/button&gt;
            &lt;button
              class=&quot;p-4 border-2 rounded-lg text-left transition-all border-gray-300 hover:border-blue-300&quot;
            &gt;
              &lt;h3
                class=&quot;font-bold text-lg mb-1&quot;
              &gt;
                Trigonometri
              &lt;/h3&gt;
              &lt;p
                class=&quot;text-sm text-gray-600&quot;
              &gt;
                Birim çember ve trigonometrik fonksiyonlar
              &lt;/p&gt;
              &lt;span
                class=&quot;inline-block mt-2 px-2 py-1 bg-blue-100 text-blue-800 text-xs rounded&quot;
              &gt;
                geometry
              &lt;/span&gt;
            &lt;/button&gt;
          &lt;/div&gt;
        &lt;/div&gt;
        &lt;div
          class=&quot;geogebra-embed mb-4&quot;
        &gt;
          &lt;iframe
            allow=&quot;fullscreen&quot;
            class=&quot;border-2 border-gray-300 rounded&quot;
            height=&quot;600&quot;
            src=&quot;https://www.geogebra.org/material/iframe/id/basic&quot;
            title=&quot;Temel Geometri&quot;
            width=&quot;800&quot;
          /&gt;
        &lt;/div&gt;
        &lt;div
          class=&quot;controls flex justify-between items-center&quot;
        &gt;
          &lt;div
            class=&quot;info text-sm text-gray-600&quot;
          &gt;
            &lt;strong&gt;
              Aktif:
            &lt;/strong&gt;
             
            Temel Geometri
             (
            geometry
            )
          &lt;/div&gt;
          &lt;div
            class=&quot;actions flex gap-2&quot;
          &gt;
            &lt;button
              class=&quot;px-4 py-2 bg-gray-500 text-white rounded hover:bg-gray-600&quot;
            &gt;
              Kaydet
            &lt;/button&gt;
            &lt;button
              class=&quot;px-4 py-2 bg-green-500 text-white rounded hover:bg-green-600&quot;
            &gt;
              Tamamla
            &lt;/button&gt;
          &lt;/div&gt;
        &lt;/div&gt;
        &lt;div
          class=&quot;help-text mt-4 p-4 bg-blue-50 rounded&quot;
        &gt;
          &lt;p
            class=&quot;text-sm text-gray-700&quot;
          &gt;
            &lt;strong&gt;
              GeoGebra Hakkında:
            &lt;/strong&gt;
            &lt;br /&gt;
            GeoGebra, dinamik matematik yazılımıdır. Geometri, cebir, istatistik ve hesaplama konularında interaktif öğrenme sağlar.
            &lt;br /&gt;
            &lt;br /&gt;
            &lt;strong&gt;
              İpuçları:
            &lt;/strong&gt;
            &lt;br /&gt;
            • Araçları kullanarak şekiller çizin
            &lt;br /&gt;
            • Noktaları sürükleyerek dinamik değişimleri gözlemleyin
            &lt;br /&gt;
            • Ölçüm araçlarıyla uzunluk ve açı ölçün
          &lt;/p&gt;
        &lt;/div&gt;
      &lt;/div&gt;
    &lt;/div&gt;
    &lt;div&gt;
      &lt;div
        class=&quot;geogebra-container p-6 bg-white rounded-lg shadow-lg&quot;
      &gt;
        &lt;h2
          class=&quot;text-2xl font-bold mb-4&quot;
        &gt;
          GeoGebra İnteraktif Matematik
        &lt;/h2&gt;
        &lt;div
          class=&quot;applet-selector mb-4&quot;
        &gt;
          &lt;label
            class=&quot;block text-sm font-medium mb-2&quot;
          &gt;
            Aktivite Seç:
          &lt;/label&gt;
          &lt;div
            class=&quot;grid grid-cols-1 md:grid-cols-3 gap-4&quot;
          &gt;
            &lt;button
              class=&quot;p-4 border-2 rounded-lg text-left transition-all border-blue-500 bg-blue-50&quot;
            &gt;
              &lt;h3
                class=&quot;font-bold t...
 ❯ Proxy.waitForWrapper node_modules/@testing-library/react/node_modules/@testing-library/dom/dist/wait-for.js:163:27
 ❯ src/components/Manipulatives/__tests__/GeoGebraEmbed.test.tsx:376:11
            </failure>
            <failure message="jest is not defined" type="ReferenceError">
ReferenceError: jest is not defined
 ❯ src/components/Manipulatives/__tests__/GeoGebraEmbed.test.tsx:370:5
            </failure>
        </testcase>
        <testcase classname="src/components/Manipulatives/__tests__/GeoGebraEmbed.test.tsx" name="GeoGebraEmbed Component - Save &gt; shows success alert on save" time="1.0323892">
            <failure message="Found multiple elements with the text: Kaydet

Here are the matching elements:

Ignored nodes: comments, script, style
[36m&lt;button[39m
  [33mclass[39m=[32m&quot;px-4 py-2 bg-gray-500 text-white rounded hover:bg-gray-600&quot;[39m
[36m&gt;[39m
  [0mKaydet[0m
[36m&lt;/button&gt;[39m

Ignored nodes: comments, script, style
[36m&lt;button[39m
  [33mclass[39m=[32m&quot;px-4 py-2 bg-gray-500 text-white rounded hover:bg-gray-600&quot;[39m
[36m&gt;[39m
  [0mKaydet[0m
[36m&lt;/button&gt;[39m

Ignored nodes: comments, script, style
[36m&lt;button[39m
  [33mclass[39m=[32m&quot;px-4 py-2 bg-gray-500 text-white rounded hover:bg-gray-600&quot;[39m
[36m&gt;[39m
  [0mKaydet[0m
[36m&lt;/button&gt;[39m

Ignored nodes: comments, script, style
[36m&lt;button[39m
  [33mclass[39m=[32m&quot;px-4 py-2 bg-gray-500 text-white rounded hover:bg-gray-600&quot;[39m
[36m&gt;[39m
  [0mKaydet[0m
[36m&lt;/button&gt;[39m

(If this is intentional, then use the `*AllBy*` variant of the query (like `queryAllByText`, `getAllByText`, or `findAllByText`)).

Ignored nodes: comments, script, style
[36m&lt;body&gt;[39m
  [36m&lt;div&gt;[39m
    [36m&lt;div[39m
      [33mclass[39m=[32m&quot;geogebra-container p-6 bg-white rounded-lg shadow-lg&quot;[39m
    [36m&gt;[39m
      [36m&lt;h2[39m
        [33mclass[39m=[32m&quot;text-2xl font-bold mb-4&quot;[39m
      [36m&gt;[39m
        [0mGeoGebra İnteraktif Matematik[0m
      [36m&lt;/h2&gt;[39m
      [36m&lt;div[39m
        [33mclass[39m=[32m&quot;applet-selector mb-4&quot;[39m
      [36m&gt;[39m
        [36m&lt;label[39m
          [33mclass[39m=[32m&quot;block text-sm font-medium mb-2&quot;[39m
        [36m&gt;[39m
          [0mAktivite Seç:[0m
        [36m&lt;/label&gt;[39m
        [36m&lt;div[39m
          [33mclass[39m=[32m&quot;grid grid-cols-1 md:grid-cols-3 gap-4&quot;[39m
        [36m&gt;[39m
          [36m&lt;button[39m
            [33mclass[39m=[32m&quot;p-4 border-2 rounded-lg text-left transition-all border-blue-500 bg-blue-50&quot;[39m
          [36m&gt;[39m
            [36m&lt;h3[39m
              [33mclass[39m=[32m&quot;font-bold text-lg mb-1&quot;[39m
            [36m&gt;[39m
              [0mTemel Geometri[0m
            [36m&lt;/h3&gt;[39m
            [36m&lt;p[39m
              [33mclass[39m=[32m&quot;text-sm text-gray-600&quot;[39m
            [36m&gt;[39m
              [0mTemel geometri şekilleri çizimi[0m
            [36m&lt;/p&gt;[39m
            [36m&lt;span[39m
              [33mclass[39m=[32m&quot;inline-block mt-2 px-2 py-1 bg-blue-100 text-blue-800 text-xs rounded&quot;[39m
            [36m&gt;[39m
              [0mgeometry[0m
            [36m&lt;/span&gt;[39m
          [36m&lt;/button&gt;[39m
          [36m&lt;button[39m
            [33mclass[39m=[32m&quot;p-4 border-2 rounded-lg text-left transition-all border-gray-300 hover:border-blue-300&quot;[39m
          [36m&gt;[39m
            [36m&lt;h3[39m
              [33mclass[39m=[32m&quot;font-bold text-lg mb-1&quot;[39m
            [36m&gt;[39m
              [0mFonksiyonlar[0m
            [36m&lt;/h3&gt;[39m
            [36m&lt;p[39m
              [33mclass[39m=[32m&quot;text-sm text-gray-600&quot;[39m
            [36m&gt;[39m
              [0mFonksiyon grafikleri ve dönüşümleri[0m
            [36m&lt;/p&gt;[39m
            [36m&lt;span[39m
              [33mclass[39m=[32m&quot;inline-block mt-2 px-2 py-1 bg-blue-100 text-blue-800 text-xs rounded&quot;[39m
            [36m&gt;[39m
              [0malgebra[0m
            [36m&lt;/span&gt;[39m
          [36m&lt;/button&gt;[39m
          [36m&lt;button[39m
            [33mclass[39m=[32m&quot;p-4 border-2 rounded-lg text-left transition-all border-gray-300 hover:border-blue-300&quot;[39m
          [36m&gt;[39m
            [36m&lt;h3[39m
              [33mclass[39m=[32m&quot;font-bold text-lg mb-1&quot;[39m
            [36m&gt;[39m
              [0mTrigonometri[0m
            [36m&lt;/h3&gt;[39m
            [36m&lt;p[39m
              [33mclass[39m=[32m&quot;text-sm text-gray-600&quot;[39m
            [36m&gt;[39m
              [0mBirim çember ve trigonometrik fonksiyonlar[0m
            [36m&lt;/p&gt;[39m
            [36m&lt;span[39m
              [33mclass[39m=[32m&quot;inline-block mt-2 px-2 py-1 bg-blue-100 text-blue-800 text-xs rounded&quot;[39m
            [36m&gt;[39m
              [0mgeometry[0m
            [36m&lt;/span&gt;[39m
          [36m&lt;/button&gt;[39m
        [36m&lt;/div&gt;[39m
      [36m&lt;/div&gt;[39m
      [36m&lt;div[39m
        [33mclass[39m=[32m&quot;geogebra-embed mb-4&quot;[39m
      [36m&gt;[39m
        [36m&lt;iframe[39m
          [33mallow[39m=[32m&quot;fullscreen&quot;[39m
          [33mclass[39m=[32m&quot;border-2 border-gray-300 rounded&quot;[39m
          [33mheight[39m=[32m&quot;600&quot;[39m
          [33msrc[39m=[32m&quot;https://www.geogebra.org/material/iframe/id/basic&quot;[39m
          [33mtitle[39m=[32m&quot;Temel Geometri&quot;[39m
          [33mwidth[39m=[32m&quot;800&quot;[39m
        [36m/&gt;[39m
      [36m&lt;/div&gt;[39m
      [36m&lt;div[39m
        [33mclass[39m=[32m&quot;controls flex justify-between items-center&quot;[39m
      [36m&gt;[39m
        [36m&lt;div[39m
          [33mclass[39m=[32m&quot;info text-sm text-gray-600&quot;[39m
        [36m&gt;[39m
          [36m&lt;strong&gt;[39m
            [0mAktif:[0m
          [36m&lt;/strong&gt;[39m
          [0m [0m
          [0mTemel Geometri[0m
          [0m ([0m
          [0mgeometry[0m
          [0m)[0m
        [36m&lt;/div&gt;[39m
        [36m&lt;div[39m
          [33mclass[39m=[32m&quot;actions flex gap-2&quot;[39m
        [36m&gt;[39m
          [36m&lt;button[39m
            [33mclass[39m=[32m&quot;px-4 py-2 bg-gray-500 text-white rounded hover:bg-gray-600&quot;[39m
          [36m&gt;[39m
            [0mKaydet[0m
          [36m&lt;/button&gt;[39m
          [36m&lt;button[39m
            [33mclass[39m=[32m&quot;px-4 py-2 bg-green-500 text-white rounded hover:bg-green-600&quot;[39m
          [36m&gt;[39m
            [0mTamamla[0m
          [36m&lt;/button&gt;[39m
        [36m&lt;/div&gt;[39m
      [36m&lt;/div&gt;[39m
      [36m&lt;div[39m
        [33mclass[39m=[32m&quot;help-text mt-4 p-4 bg-blue-50 rounded&quot;[39m
      [36m&gt;[39m
        [36m&lt;p[39m
          [33mclass[39m=[32m&quot;text-sm text-gray-700&quot;[39m
        [36m&gt;[39m
          [36m&lt;strong&gt;[39m
            [0mGeoGebra Hakkında:[0m
          [36m&lt;/strong&gt;[39m
          [36m&lt;br /&gt;[39m
          [0mGeoGebra, dinamik matematik yazılımıdır. Geometri, cebir, istatistik ve hesaplama konularında interaktif öğrenme sağlar.[0m
          [36m&lt;br /&gt;[39m
          [36m&lt;br /&gt;[39m
          [36m&lt;strong&gt;[39m
            [0mİpuçları:[0m
          [36m&lt;/strong&gt;[39m
          [36m&lt;br /&gt;[39m
          [0m• Araçları kullanarak şekiller çizin[0m
          [36m&lt;br /&gt;[39m
          [0m• Noktaları sürükleyerek dinamik değişimleri gözlemleyin[0m
          [36m&lt;br /&gt;[39m
          [0m• Ölçüm araçlarıyla uzunluk ve açı ölçün[0m
        [36m&lt;/p&gt;[39m
      [36m&lt;/div&gt;[39m
    [36m&lt;/div&gt;[39m
  [36m&lt;/div&gt;[39m
  [36m&lt;div&gt;[39m
    [36m&lt;div[39m
      [33mclass[39m=[32m&quot;geogebra-container p-6 bg-white rounded-lg shadow-lg&quot;[39m
    [36m&gt;[39m
      [36m&lt;h2[39m
        [33mclass[39m=[32m&quot;text-2xl font-bold mb-4&quot;[39m
      [36m&gt;[39m
        [0mGeoGebra İnteraktif Matematik[0m
      [36m&lt;/h2&gt;[39m
      [36m&lt;div[39m
        [33mclass[39m=[32m&quot;applet-selector mb-4&quot;[39m
      [36m&gt;[39m
        [36m&lt;label[39m
          [33mclass[39m=[32m&quot;block text-sm font-medium mb-2&quot;[39m
        [36m&gt;[39m
          [0mAktivite Seç:[0m
        [36m&lt;/label&gt;[39m
        [36m&lt;div[39m
          [33mclass[39m=[32m&quot;grid grid-cols-1 md:grid-cols-3 gap-4&quot;[39m
        [36m&gt;[39m
          [36m&lt;button[39m
            [33mclass[39m=[32m&quot;p-4 border-2 rounded-lg text-left transition-all border-blue-500 bg-blue-50&quot;[39m
          [36m&gt;[39m
            [36m&lt;h3[39m
              [33mclass[39m=[32m&quot;font-bold text-lg mb-1&quot;[39m
            [36m&gt;[39m
              [0mTemel Geometri[0m
            [36m&lt;/h3&gt;[39m
            [36m&lt;p[39m
              [33mclass[39m=[32m&quot;text-sm text-gray-600&quot;[39m
            [36m&gt;[39m
              [0mTemel geometri şekilleri çizimi[0m
            [36m&lt;/p&gt;[39m
            [36m&lt;span[39m
              [33mclass[39m=[32m&quot;inline-block mt-2 p...

Ignored nodes: comments, script, style
[36m&lt;html&gt;[39m
  [36m&lt;head /&gt;[39m
  [36m&lt;body&gt;[39m
    [36m&lt;div&gt;[39m
      [36m&lt;div[39m
        [33mclass[39m=[32m&quot;geogebra-container p-6 bg-white rounded-lg shadow-lg&quot;[39m
      [36m&gt;[39m
        [36m&lt;h2[39m
          [33mclass[39m=[32m&quot;text-2xl font-bold mb-4&quot;[39m
        [36m&gt;[39m
          [0mGeoGebra İnteraktif Matematik[0m
        [36m&lt;/h2&gt;[39m
        [36m&lt;div[39m
          [33mclass[39m=[32m&quot;applet-selector mb-4&quot;[39m
        [36m&gt;[39m
          [36m&lt;label[39m
            [33mclass[39m=[32m&quot;block text-sm font-medium mb-2&quot;[39m
          [36m&gt;[39m
            [0mAktivite Seç:[0m
          [36m&lt;/label&gt;[39m
          [36m&lt;div[39m
            [33mclass[39m=[32m&quot;grid grid-cols-1 md:grid-cols-3 gap-4&quot;[39m
          [36m&gt;[39m
            [36m&lt;button[39m
              [33mclass[39m=[32m&quot;p-4 border-2 rounded-lg text-left transition-all border-blue-500 bg-blue-50&quot;[39m
            [36m&gt;[39m
              [36m&lt;h3[39m
                [33mclass[39m=[32m&quot;font-bold text-lg mb-1&quot;[39m
              [36m&gt;[39m
                [0mTemel Geometri[0m
              [36m&lt;/h3&gt;[39m
              [36m&lt;p[39m
                [33mclass[39m=[32m&quot;text-sm text-gray-600&quot;[39m
              [36m&gt;[39m
                [0mTemel geometri şekilleri çizimi[0m
              [36m&lt;/p&gt;[39m
              [36m&lt;span[39m
                [33mclass[39m=[32m&quot;inline-block mt-2 px-2 py-1 bg-blue-100 text-blue-800 text-xs rounded&quot;[39m
              [36m&gt;[39m
                [0mgeometry[0m
              [36m&lt;/span&gt;[39m
            [36m&lt;/button&gt;[39m
            [36m&lt;button[39m
              [33mclass[39m=[32m&quot;p-4 border-2 rounded-lg text-left transition-all border-gray-300 hover:border-blue-300&quot;[39m
            [36m&gt;[39m
              [36m&lt;h3[39m
                [33mclass[39m=[32m&quot;font-bold text-lg mb-1&quot;[39m
              [36m&gt;[39m
                [0mFonksiyonlar[0m
              [36m&lt;/h3&gt;[39m
              [36m&lt;p[39m
                [33mclass[39m=[32m&quot;text-sm text-gray-600&quot;[39m
              [36m&gt;[39m
                [0mFonksiyon grafikleri ve dönüşümleri[0m
              [36m&lt;/p&gt;[39m
              [36m&lt;span[39m
                [33mclass[39m=[32m&quot;inline-block mt-2 px-2 py-1 bg-blue-100 text-blue-800 text-xs rounded&quot;[39m
              [36m&gt;[39m
                [0malgebra[0m
              [36m&lt;/span&gt;[39m
            [36m&lt;/button&gt;[39m
            [36m&lt;button[39m
              [33mclass[39m=[32m&quot;p-4 border-2 rounded-lg text-left transition-all border-gray-300 hover:border-blue-300&quot;[39m
            [36m&gt;[39m
              [36m&lt;h3[39m
                [33mclass[39m=[32m&quot;font-bold text-lg mb-1&quot;[39m
              [36m&gt;[39m
                [0mTrigonometri[0m
              [36m&lt;/h3&gt;[39m
              [36m&lt;p[39m
                [33mclass[39m=[32m&quot;text-sm text-gray-600&quot;[39m
              [36m&gt;[39m
                [0mBirim çember ve trigonometrik fonksiyonlar[0m
              [36m&lt;/p&gt;[39m
              [36m&lt;span[39m
                [33mclass[39m=[32m&quot;inline-block mt-2 px-2 py-1 bg-blue-100 text-blue-800 text-xs rounded&quot;[39m
              [36m&gt;[39m
                [0mgeometry[0m
              [36m&lt;/span&gt;[39m
            [36m&lt;/button&gt;[39m
          [36m&lt;/div&gt;[39m
        [36m&lt;/div&gt;[39m
        [36m&lt;div[39m
          [33mclass[39m=[32m&quot;geogebra-embed mb-4&quot;[39m
        [36m&gt;[39m
          [36m&lt;iframe[39m
            [33mallow[39m=[32m&quot;fullscreen&quot;[39m
            [33mclass[39m=[32m&quot;border-2 border-gray-300 rounded&quot;[39m
            [33mheight[39m=[32m&quot;600&quot;[39m
            [33msrc[39m=[32m&quot;https://www.geogebra.org/material/iframe/id/basic&quot;[39m
            [33mtitle[39m=[32m&quot;Temel Geometri&quot;[39m
            [33mwidth[39m=[32m&quot;800&quot;[39m
          [36m/&gt;[39m
        [36m&lt;/div&gt;[39m
        [36m&lt;div[39m
          [33mclass[39m=[32m&quot;controls flex justify-between items-center&quot;[39m
        [36m&gt;[39m
          [36m&lt;div[39m
            [33mclass[39m=[32m&quot;info text-sm text-gray-600&quot;[39m
          [36m&gt;[39m
            [36m&lt;strong&gt;[39m
              [0mAktif:[0m
            [36m&lt;/strong&gt;[39m
            [0m [0m
            [0mTemel Geometri[0m
            [0m ([0m
            [0mgeometry[0m
            [0m)[0m
          [36m&lt;/div&gt;[39m
          [36m&lt;div[39m
            [33mclass[39m=[32m&quot;actions flex gap-2&quot;[39m
          [36m&gt;[39m
            [36m&lt;button[39m
              [33mclass[39m=[32m&quot;px-4 py-2 bg-gray-500 text-white rounded hover:bg-gray-600&quot;[39m
            [36m&gt;[39m
              [0mKaydet[0m
            [36m&lt;/button&gt;[39m
            [36m&lt;button[39m
              [33mclass[39m=[32m&quot;px-4 py-2 bg-green-500 text-white rounded hover:bg-green-600&quot;[39m
            [36m&gt;[39m
              [0mTamamla[0m
            [36m&lt;/button&gt;[39m
          [36m&lt;/div&gt;[39m
        [36m&lt;/div&gt;[39m
        [36m&lt;div[39m
          [33mclass[39m=[32m&quot;help-text mt-4 p-4 bg-blue-50 rounded&quot;[39m
        [36m&gt;[39m
          [36m&lt;p[39m
            [33mclass[39m=[32m&quot;text-sm text-gray-700&quot;[39m
          [36m&gt;[39m
            [36m&lt;strong&gt;[39m
              [0mGeoGebra Hakkında:[0m
            [36m&lt;/strong&gt;[39m
            [36m&lt;br /&gt;[39m
            [0mGeoGebra, dinamik matematik yazılımıdır. Geometri, cebir, istatistik ve hesaplama konularında interaktif öğrenme sağlar.[0m
            [36m&lt;br /&gt;[39m
            [36m&lt;br /&gt;[39m
            [36m&lt;strong&gt;[39m
              [0mİpuçları:[0m
            [36m&lt;/strong&gt;[39m
            [36m&lt;br /&gt;[39m
            [0m• Araçları kullanarak şekiller çizin[0m
            [36m&lt;br /&gt;[39m
            [0m• Noktaları sürükleyerek dinamik değişimleri gözlemleyin[0m
            [36m&lt;br /&gt;[39m
            [0m• Ölçüm araçlarıyla uzunluk ve açı ölçün[0m
          [36m&lt;/p&gt;[39m
        [36m&lt;/div&gt;[39m
      [36m&lt;/div&gt;[39m
    [36m&lt;/div&gt;[39m
    [36m&lt;div&gt;[39m
      [36m&lt;div[39m
        [33mclass[39m=[32m&quot;geogebra-container p-6 bg-white rounded-lg shadow-lg&quot;[39m
      [36m&gt;[39m
        [36m&lt;h2[39m
          [33mclass[39m=[32m&quot;text-2xl font-bold mb-4&quot;[39m
        [36m&gt;[39m
          [0mGeoGebra İnteraktif Matematik[0m
        [36m&lt;/h2&gt;[39m
        [36m&lt;div[39m
          [33mclass[39m=[32m&quot;applet-selector mb-4&quot;[39m
        [36m&gt;[39m
          [36m&lt;label[39m
            [33mclass[39m=[32m&quot;block text-sm font-medium mb-2&quot;[39m
          [36m&gt;[39m
            [0mAktivite Seç:[0m
          [36m&lt;/label&gt;[39m
          [36m&lt;div[39m
            [33mclass[39m=[32m&quot;grid grid-cols-1 md:grid-cols-3 gap-4&quot;[39m
          [36m&gt;[39m
            [36m&lt;button[39m
              [33mclass[39m=[32m&quot;p-4 border-2 rounded-lg text-left transition-all border-blue-500 bg-blue-50&quot;[39m
            [36m&gt;[39m
              [36m&lt;h3[39m
                [33mclass[39m=[32m&quot;font-bold t..." type="TestingLibraryElementError">
TestingLibraryElementError: Found multiple elements with the text: Kaydet

Here are the matching elements:

Ignored nodes: comments, script, style
&lt;button
  class=&quot;px-4 py-2 bg-gray-500 text-white rounded hover:bg-gray-600&quot;
&gt;
  Kaydet
&lt;/button&gt;

Ignored nodes: comments, script, style
&lt;button
  class=&quot;px-4 py-2 bg-gray-500 text-white rounded hover:bg-gray-600&quot;
&gt;
  Kaydet
&lt;/button&gt;

Ignored nodes: comments, script, style
&lt;button
  class=&quot;px-4 py-2 bg-gray-500 text-white rounded hover:bg-gray-600&quot;
&gt;
  Kaydet
&lt;/button&gt;

Ignored nodes: comments, script, style
&lt;button
  class=&quot;px-4 py-2 bg-gray-500 text-white rounded hover:bg-gray-600&quot;
&gt;
  Kaydet
&lt;/button&gt;

(If this is intentional, then use the `*AllBy*` variant of the query (like `queryAllByText`, `getAllByText`, or `findAllByText`)).

Ignored nodes: comments, script, style
&lt;body&gt;
  &lt;div&gt;
    &lt;div
      class=&quot;geogebra-container p-6 bg-white rounded-lg shadow-lg&quot;
    &gt;
      &lt;h2
        class=&quot;text-2xl font-bold mb-4&quot;
      &gt;
        GeoGebra İnteraktif Matematik
      &lt;/h2&gt;
      &lt;div
        class=&quot;applet-selector mb-4&quot;
      &gt;
        &lt;label
          class=&quot;block text-sm font-medium mb-2&quot;
        &gt;
          Aktivite Seç:
        &lt;/label&gt;
        &lt;div
          class=&quot;grid grid-cols-1 md:grid-cols-3 gap-4&quot;
        &gt;
          &lt;button
            class=&quot;p-4 border-2 rounded-lg text-left transition-all border-blue-500 bg-blue-50&quot;
          &gt;
            &lt;h3
              class=&quot;font-bold text-lg mb-1&quot;
            &gt;
              Temel Geometri
            &lt;/h3&gt;
            &lt;p
              class=&quot;text-sm text-gray-600&quot;
            &gt;
              Temel geometri şekilleri çizimi
            &lt;/p&gt;
            &lt;span
              class=&quot;inline-block mt-2 px-2 py-1 bg-blue-100 text-blue-800 text-xs rounded&quot;
            &gt;
              geometry
            &lt;/span&gt;
          &lt;/button&gt;
          &lt;button
            class=&quot;p-4 border-2 rounded-lg text-left transition-all border-gray-300 hover:border-blue-300&quot;
          &gt;
            &lt;h3
              class=&quot;font-bold text-lg mb-1&quot;
            &gt;
              Fonksiyonlar
            &lt;/h3&gt;
            &lt;p
              class=&quot;text-sm text-gray-600&quot;
            &gt;
              Fonksiyon grafikleri ve dönüşümleri
            &lt;/p&gt;
            &lt;span
              class=&quot;inline-block mt-2 px-2 py-1 bg-blue-100 text-blue-800 text-xs rounded&quot;
            &gt;
              algebra
            &lt;/span&gt;
          &lt;/button&gt;
          &lt;button
            class=&quot;p-4 border-2 rounded-lg text-left transition-all border-gray-300 hover:border-blue-300&quot;
          &gt;
            &lt;h3
              class=&quot;font-bold text-lg mb-1&quot;
            &gt;
              Trigonometri
            &lt;/h3&gt;
            &lt;p
              class=&quot;text-sm text-gray-600&quot;
            &gt;
              Birim çember ve trigonometrik fonksiyonlar
            &lt;/p&gt;
            &lt;span
              class=&quot;inline-block mt-2 px-2 py-1 bg-blue-100 text-blue-800 text-xs rounded&quot;
            &gt;
              geometry
            &lt;/span&gt;
          &lt;/button&gt;
        &lt;/div&gt;
      &lt;/div&gt;
      &lt;div
        class=&quot;geogebra-embed mb-4&quot;
      &gt;
        &lt;iframe
          allow=&quot;fullscreen&quot;
          class=&quot;border-2 border-gray-300 rounded&quot;
          height=&quot;600&quot;
          src=&quot;https://www.geogebra.org/material/iframe/id/basic&quot;
          title=&quot;Temel Geometri&quot;
          width=&quot;800&quot;
        /&gt;
      &lt;/div&gt;
      &lt;div
        class=&quot;controls flex justify-between items-center&quot;
      &gt;
        &lt;div
          class=&quot;info text-sm text-gray-600&quot;
        &gt;
          &lt;strong&gt;
            Aktif:
          &lt;/strong&gt;
           
          Temel Geometri
           (
          geometry
          )
        &lt;/div&gt;
        &lt;div
          class=&quot;actions flex gap-2&quot;
        &gt;
          &lt;button
            class=&quot;px-4 py-2 bg-gray-500 text-white rounded hover:bg-gray-600&quot;
          &gt;
            Kaydet
          &lt;/button&gt;
          &lt;button
            class=&quot;px-4 py-2 bg-green-500 text-white rounded hover:bg-green-600&quot;
          &gt;
            Tamamla
          &lt;/button&gt;
        &lt;/div&gt;
      &lt;/div&gt;
      &lt;div
        class=&quot;help-text mt-4 p-4 bg-blue-50 rounded&quot;
      &gt;
        &lt;p
          class=&quot;text-sm text-gray-700&quot;
        &gt;
          &lt;strong&gt;
            GeoGebra Hakkında:
          &lt;/strong&gt;
          &lt;br /&gt;
          GeoGebra, dinamik matematik yazılımıdır. Geometri, cebir, istatistik ve hesaplama konularında interaktif öğrenme sağlar.
          &lt;br /&gt;
          &lt;br /&gt;
          &lt;strong&gt;
            İpuçları:
          &lt;/strong&gt;
          &lt;br /&gt;
          • Araçları kullanarak şekiller çizin
          &lt;br /&gt;
          • Noktaları sürükleyerek dinamik değişimleri gözlemleyin
          &lt;br /&gt;
          • Ölçüm araçlarıyla uzunluk ve açı ölçün
        &lt;/p&gt;
      &lt;/div&gt;
    &lt;/div&gt;
  &lt;/div&gt;
  &lt;div&gt;
    &lt;div
      class=&quot;geogebra-container p-6 bg-white rounded-lg shadow-lg&quot;
    &gt;
      &lt;h2
        class=&quot;text-2xl font-bold mb-4&quot;
      &gt;
        GeoGebra İnteraktif Matematik
      &lt;/h2&gt;
      &lt;div
        class=&quot;applet-selector mb-4&quot;
      &gt;
        &lt;label
          class=&quot;block text-sm font-medium mb-2&quot;
        &gt;
          Aktivite Seç:
        &lt;/label&gt;
        &lt;div
          class=&quot;grid grid-cols-1 md:grid-cols-3 gap-4&quot;
        &gt;
          &lt;button
            class=&quot;p-4 border-2 rounded-lg text-left transition-all border-blue-500 bg-blue-50&quot;
          &gt;
            &lt;h3
              class=&quot;font-bold text-lg mb-1&quot;
            &gt;
              Temel Geometri
            &lt;/h3&gt;
            &lt;p
              class=&quot;text-sm text-gray-600&quot;
            &gt;
              Temel geometri şekilleri çizimi
            &lt;/p&gt;
            &lt;span
              class=&quot;inline-block mt-2 p...

Ignored nodes: comments, script, style
&lt;html&gt;
  &lt;head /&gt;
  &lt;body&gt;
    &lt;div&gt;
      &lt;div
        class=&quot;geogebra-container p-6 bg-white rounded-lg shadow-lg&quot;
      &gt;
        &lt;h2
          class=&quot;text-2xl font-bold mb-4&quot;
        &gt;
          GeoGebra İnteraktif Matematik
        &lt;/h2&gt;
        &lt;div
          class=&quot;applet-selector mb-4&quot;
        &gt;
          &lt;label
            class=&quot;block text-sm font-medium mb-2&quot;
          &gt;
            Aktivite Seç:
          &lt;/label&gt;
          &lt;div
            class=&quot;grid grid-cols-1 md:grid-cols-3 gap-4&quot;
          &gt;
            &lt;button
              class=&quot;p-4 border-2 rounded-lg text-left transition-all border-blue-500 bg-blue-50&quot;
            &gt;
              &lt;h3
                class=&quot;font-bold text-lg mb-1&quot;
              &gt;
                Temel Geometri
              &lt;/h3&gt;
              &lt;p
                class=&quot;text-sm text-gray-600&quot;
              &gt;
                Temel geometri şekilleri çizimi
              &lt;/p&gt;
              &lt;span
                class=&quot;inline-block mt-2 px-2 py-1 bg-blue-100 text-blue-800 text-xs rounded&quot;
              &gt;
                geometry
              &lt;/span&gt;
            &lt;/button&gt;
            &lt;button
              class=&quot;p-4 border-2 rounded-lg text-left transition-all border-gray-300 hover:border-blue-300&quot;
            &gt;
              &lt;h3
                class=&quot;font-bold text-lg mb-1&quot;
              &gt;
                Fonksiyonlar
              &lt;/h3&gt;
              &lt;p
                class=&quot;text-sm text-gray-600&quot;
              &gt;
                Fonksiyon grafikleri ve dönüşümleri
              &lt;/p&gt;
              &lt;span
                class=&quot;inline-block mt-2 px-2 py-1 bg-blue-100 text-blue-800 text-xs rounded&quot;
              &gt;
                algebra
              &lt;/span&gt;
            &lt;/button&gt;
            &lt;button
              class=&quot;p-4 border-2 rounded-lg text-left transition-all border-gray-300 hover:border-blue-300&quot;
            &gt;
              &lt;h3
                class=&quot;font-bold text-lg mb-1&quot;
              &gt;
                Trigonometri
              &lt;/h3&gt;
              &lt;p
                class=&quot;text-sm text-gray-600&quot;
              &gt;
                Birim çember ve trigonometrik fonksiyonlar
              &lt;/p&gt;
              &lt;span
                class=&quot;inline-block mt-2 px-2 py-1 bg-blue-100 text-blue-800 text-xs rounded&quot;
              &gt;
                geometry
              &lt;/span&gt;
            &lt;/button&gt;
          &lt;/div&gt;
        &lt;/div&gt;
        &lt;div
          class=&quot;geogebra-embed mb-4&quot;
        &gt;
          &lt;iframe
            allow=&quot;fullscreen&quot;
            class=&quot;border-2 border-gray-300 rounded&quot;
            height=&quot;600&quot;
            src=&quot;https://www.geogebra.org/material/iframe/id/basic&quot;
            title=&quot;Temel Geometri&quot;
            width=&quot;800&quot;
          /&gt;
        &lt;/div&gt;
        &lt;div
          class=&quot;controls flex justify-between items-center&quot;
        &gt;
          &lt;div
            class=&quot;info text-sm text-gray-600&quot;
          &gt;
            &lt;strong&gt;
              Aktif:
            &lt;/strong&gt;
             
            Temel Geometri
             (
            geometry
            )
          &lt;/div&gt;
          &lt;div
            class=&quot;actions flex gap-2&quot;
          &gt;
            &lt;button
              class=&quot;px-4 py-2 bg-gray-500 text-white rounded hover:bg-gray-600&quot;
            &gt;
              Kaydet
            &lt;/button&gt;
            &lt;button
              class=&quot;px-4 py-2 bg-green-500 text-white rounded hover:bg-green-600&quot;
            &gt;
              Tamamla
            &lt;/button&gt;
          &lt;/div&gt;
        &lt;/div&gt;
        &lt;div
          class=&quot;help-text mt-4 p-4 bg-blue-50 rounded&quot;
        &gt;
          &lt;p
            class=&quot;text-sm text-gray-700&quot;
          &gt;
            &lt;strong&gt;
              GeoGebra Hakkında:
            &lt;/strong&gt;
            &lt;br /&gt;
            GeoGebra, dinamik matematik yazılımıdır. Geometri, cebir, istatistik ve hesaplama konularında interaktif öğrenme sağlar.
            &lt;br /&gt;
            &lt;br /&gt;
            &lt;strong&gt;
              İpuçları:
            &lt;/strong&gt;
            &lt;br /&gt;
            • Araçları kullanarak şekiller çizin
            &lt;br /&gt;
            • Noktaları sürükleyerek dinamik değişimleri gözlemleyin
            &lt;br /&gt;
            • Ölçüm araçlarıyla uzunluk ve açı ölçün
          &lt;/p&gt;
        &lt;/div&gt;
      &lt;/div&gt;
    &lt;/div&gt;
    &lt;div&gt;
      &lt;div
        class=&quot;geogebra-container p-6 bg-white rounded-lg shadow-lg&quot;
      &gt;
        &lt;h2
          class=&quot;text-2xl font-bold mb-4&quot;
        &gt;
          GeoGebra İnteraktif Matematik
        &lt;/h2&gt;
        &lt;div
          class=&quot;applet-selector mb-4&quot;
        &gt;
          &lt;label
            class=&quot;block text-sm font-medium mb-2&quot;
          &gt;
            Aktivite Seç:
          &lt;/label&gt;
          &lt;div
            class=&quot;grid grid-cols-1 md:grid-cols-3 gap-4&quot;
          &gt;
            &lt;button
              class=&quot;p-4 border-2 rounded-lg text-left transition-all border-blue-500 bg-blue-50&quot;
            &gt;
              &lt;h3
                class=&quot;font-bold t...
 ❯ Proxy.waitForWrapper node_modules/@testing-library/react/node_modules/@testing-library/dom/dist/wait-for.js:163:27
 ❯ src/components/Manipulatives/__tests__/GeoGebraEmbed.test.tsx:399:11
            </failure>
            <failure message="jest is not defined" type="ReferenceError">
ReferenceError: jest is not defined
 ❯ src/components/Manipulatives/__tests__/GeoGebraEmbed.test.tsx:370:5
            </failure>
        </testcase>
        <testcase classname="src/components/Manipulatives/__tests__/GeoGebraEmbed.test.tsx" name="GeoGebraEmbed Component - Save &gt; handles save error" time="1.0357625">
            <failure message="Found multiple elements with the text: Kaydet

Here are the matching elements:

Ignored nodes: comments, script, style
[36m&lt;button[39m
  [33mclass[39m=[32m&quot;px-4 py-2 bg-gray-500 text-white rounded hover:bg-gray-600&quot;[39m
[36m&gt;[39m
  [0mKaydet[0m
[36m&lt;/button&gt;[39m

Ignored nodes: comments, script, style
[36m&lt;button[39m
  [33mclass[39m=[32m&quot;px-4 py-2 bg-gray-500 text-white rounded hover:bg-gray-600&quot;[39m
[36m&gt;[39m
  [0mKaydet[0m
[36m&lt;/button&gt;[39m

Ignored nodes: comments, script, style
[36m&lt;button[39m
  [33mclass[39m=[32m&quot;px-4 py-2 bg-gray-500 text-white rounded hover:bg-gray-600&quot;[39m
[36m&gt;[39m
  [0mKaydet[0m
[36m&lt;/button&gt;[39m

Ignored nodes: comments, script, style
[36m&lt;button[39m
  [33mclass[39m=[32m&quot;px-4 py-2 bg-gray-500 text-white rounded hover:bg-gray-600&quot;[39m
[36m&gt;[39m
  [0mKaydet[0m
[36m&lt;/button&gt;[39m

Ignored nodes: comments, script, style
[36m&lt;button[39m
  [33mclass[39m=[32m&quot;px-4 py-2 bg-gray-500 text-white rounded hover:bg-gray-600&quot;[39m
[36m&gt;[39m
  [0mKaydet[0m
[36m&lt;/button&gt;[39m

(If this is intentional, then use the `*AllBy*` variant of the query (like `queryAllByText`, `getAllByText`, or `findAllByText`)).

Ignored nodes: comments, script, style
[36m&lt;body&gt;[39m
  [36m&lt;div&gt;[39m
    [36m&lt;div[39m
      [33mclass[39m=[32m&quot;geogebra-container p-6 bg-white rounded-lg shadow-lg&quot;[39m
    [36m&gt;[39m
      [36m&lt;h2[39m
        [33mclass[39m=[32m&quot;text-2xl font-bold mb-4&quot;[39m
      [36m&gt;[39m
        [0mGeoGebra İnteraktif Matematik[0m
      [36m&lt;/h2&gt;[39m
      [36m&lt;div[39m
        [33mclass[39m=[32m&quot;applet-selector mb-4&quot;[39m
      [36m&gt;[39m
        [36m&lt;label[39m
          [33mclass[39m=[32m&quot;block text-sm font-medium mb-2&quot;[39m
        [36m&gt;[39m
          [0mAktivite Seç:[0m
        [36m&lt;/label&gt;[39m
        [36m&lt;div[39m
          [33mclass[39m=[32m&quot;grid grid-cols-1 md:grid-cols-3 gap-4&quot;[39m
        [36m&gt;[39m
          [36m&lt;button[39m
            [33mclass[39m=[32m&quot;p-4 border-2 rounded-lg text-left transition-all border-blue-500 bg-blue-50&quot;[39m
          [36m&gt;[39m
            [36m&lt;h3[39m
              [33mclass[39m=[32m&quot;font-bold text-lg mb-1&quot;[39m
            [36m&gt;[39m
              [0mTemel Geometri[0m
            [36m&lt;/h3&gt;[39m
            [36m&lt;p[39m
              [33mclass[39m=[32m&quot;text-sm text-gray-600&quot;[39m
            [36m&gt;[39m
              [0mTemel geometri şekilleri çizimi[0m
            [36m&lt;/p&gt;[39m
            [36m&lt;span[39m
              [33mclass[39m=[32m&quot;inline-block mt-2 px-2 py-1 bg-blue-100 text-blue-800 text-xs rounded&quot;[39m
            [36m&gt;[39m
              [0mgeometry[0m
            [36m&lt;/span&gt;[39m
          [36m&lt;/button&gt;[39m
          [36m&lt;button[39m
            [33mclass[39m=[32m&quot;p-4 border-2 rounded-lg text-left transition-all border-gray-300 hover:border-blue-300&quot;[39m
          [36m&gt;[39m
            [36m&lt;h3[39m
              [33mclass[39m=[32m&quot;font-bold text-lg mb-1&quot;[39m
            [36m&gt;[39m
              [0mFonksiyonlar[0m
            [36m&lt;/h3&gt;[39m
            [36m&lt;p[39m
              [33mclass[39m=[32m&quot;text-sm text-gray-600&quot;[39m
            [36m&gt;[39m
              [0mFonksiyon grafikleri ve dönüşümleri[0m
            [36m&lt;/p&gt;[39m
            [36m&lt;span[39m
              [33mclass[39m=[32m&quot;inline-block mt-2 px-2 py-1 bg-blue-100 text-blue-800 text-xs rounded&quot;[39m
            [36m&gt;[39m
              [0malgebra[0m
            [36m&lt;/span&gt;[39m
          [36m&lt;/button&gt;[39m
          [36m&lt;button[39m
            [33mclass[39m=[32m&quot;p-4 border-2 rounded-lg text-left transition-all border-gray-300 hover:border-blue-300&quot;[39m
          [36m&gt;[39m
            [36m&lt;h3[39m
              [33mclass[39m=[32m&quot;font-bold text-lg mb-1&quot;[39m
            [36m&gt;[39m
              [0mTrigonometri[0m
            [36m&lt;/h3&gt;[39m
            [36m&lt;p[39m
              [33mclass[39m=[32m&quot;text-sm text-gray-600&quot;[39m
            [36m&gt;[39m
              [0mBirim çember ve trigonometrik fonksiyonlar[0m
            [36m&lt;/p&gt;[39m
            [36m&lt;span[39m
              [33mclass[39m=[32m&quot;inline-block mt-2 px-2 py-1 bg-blue-100 text-blue-800 text-xs rounded&quot;[39m
            [36m&gt;[39m
              [0mgeometry[0m
            [36m&lt;/span&gt;[39m
          [36m&lt;/button&gt;[39m
        [36m&lt;/div&gt;[39m
      [36m&lt;/div&gt;[39m
      [36m&lt;div[39m
        [33mclass[39m=[32m&quot;geogebra-embed mb-4&quot;[39m
      [36m&gt;[39m
        [36m&lt;iframe[39m
          [33mallow[39m=[32m&quot;fullscreen&quot;[39m
          [33mclass[39m=[32m&quot;border-2 border-gray-300 rounded&quot;[39m
          [33mheight[39m=[32m&quot;600&quot;[39m
          [33msrc[39m=[32m&quot;https://www.geogebra.org/material/iframe/id/basic&quot;[39m
          [33mtitle[39m=[32m&quot;Temel Geometri&quot;[39m
          [33mwidth[39m=[32m&quot;800&quot;[39m
        [36m/&gt;[39m
      [36m&lt;/div&gt;[39m
      [36m&lt;div[39m
        [33mclass[39m=[32m&quot;controls flex justify-between items-center&quot;[39m
      [36m&gt;[39m
        [36m&lt;div[39m
          [33mclass[39m=[32m&quot;info text-sm text-gray-600&quot;[39m
        [36m&gt;[39m
          [36m&lt;strong&gt;[39m
            [0mAktif:[0m
          [36m&lt;/strong&gt;[39m
          [0m [0m
          [0mTemel Geometri[0m
          [0m ([0m
          [0mgeometry[0m
          [0m)[0m
        [36m&lt;/div&gt;[39m
        [36m&lt;div[39m
          [33mclass[39m=[32m&quot;actions flex gap-2&quot;[39m
        [36m&gt;[39m
          [36m&lt;button[39m
            [33mclass[39m=[32m&quot;px-4 py-2 bg-gray-500 text-white rounded hover:bg-gray-600&quot;[39m
          [36m&gt;[39m
            [0mKaydet[0m
          [36m&lt;/button&gt;[39m
          [36m&lt;button[39m
            [33mclass[39m=[32m&quot;px-4 py-2 bg-green-500 text-white rounded hover:bg-green-600&quot;[39m
          [36m&gt;[39m
            [0mTamamla[0m
          [36m&lt;/button&gt;[39m
        [36m&lt;/div&gt;[39m
      [36m&lt;/div&gt;[39m
      [36m&lt;div[39m
        [33mclass[39m=[32m&quot;help-text mt-4 p-4 bg-blue-50 rounded&quot;[39m
      [36m&gt;[39m
        [36m&lt;p[39m
          [33mclass[39m=[32m&quot;text-sm text-gray-700&quot;[39m
        [36m&gt;[39m
          [36m&lt;strong&gt;[39m
            [0mGeoGebra Hakkında:[0m
          [36m&lt;/strong&gt;[39m
          [36m&lt;br /&gt;[39m
          [0mGeoGebra, dinamik matematik yazılımıdır. Geometri, cebir, istatistik ve hesaplama konularında interaktif öğrenme sağlar.[0m
          [36m&lt;br /&gt;[39m
          [36m&lt;br /&gt;[39m
          [36m&lt;strong&gt;[39m
            [0mİpuçları:[0m
          [36m&lt;/strong&gt;[39m
          [36m&lt;br /&gt;[39m
          [0m• Araçları kullanarak şekiller çizin[0m
          [36m&lt;br /&gt;[39m
          [0m• Noktaları sürükleyerek dinamik değişimleri gözlemleyin[0m
          [36m&lt;br /&gt;[39m
          [0m• Ölçüm araçlarıyla uzunluk ve açı ölçün[0m
        [36m&lt;/p&gt;[39m
      [36m&lt;/div&gt;[39m
    [36m&lt;/div&gt;[39m
  [36m&lt;/div&gt;[39m
  [36m&lt;div&gt;[39m
    [36m&lt;div[39m
      [33mclass[39m=[32m&quot;geogebra-container p-6 bg-white rounded-lg shadow-lg&quot;[39m
    [36m&gt;[39m
      [36m&lt;h2[39m
        [33mclass[39m=[32m&quot;text-2xl font-bold mb-4&quot;[39m
      [36m&gt;[39m
        [0mGeoGebra İnteraktif Matematik[0m
      [36m&lt;/h2&gt;[39m
      [36m&lt;div[39m
        [33mclass[39m=[32m&quot;applet-selector mb-4&quot;[39m
      [36m&gt;[39m
        [36m&lt;label[39m
          [33mclass[39m=[32m&quot;block text-sm font-medium mb-2&quot;[39m
        [36m&gt;[39m
          [0mAktivite Seç:[0m
        [36m&lt;/label&gt;[39m
        [36m&lt;div[39m
          [33mclass[39m=[32m&quot;grid grid-cols-1 md:grid-cols-3 gap-4&quot;[39m
        [36m&gt;[39m
          [36m&lt;button[39m
            [33mclass[39m=[32m&quot;p-4 border-2 rounded-lg text-left transition-all border-blue-500 bg-blue-50&quot;[39m
          [36m&gt;[39m
            [36m&lt;h3[39m
              [33mclass[39m=[32m&quot;font-bold text-lg mb-1&quot;[39m
            [36m&gt;[39m
              [0mTemel Geometri[0m
            [36m&lt;/h3&gt;[39m
            [36m&lt;p[39m
              [33mclass[39m=[32m&quot;text-sm text-gray-600&quot;[39m
            [36m&gt;[39m
              [0mTemel geometri şekilleri çizimi[0m
            [36m&lt;/p&gt;[39m
            [36m&lt;span[39m
              [33mclass[39m=[32m&quot;inline-block mt-2 p...

Ignored nodes: comments, script, style
[36m&lt;html&gt;[39m
  [36m&lt;head /&gt;[39m
  [36m&lt;body&gt;[39m
    [36m&lt;div&gt;[39m
      [36m&lt;div[39m
        [33mclass[39m=[32m&quot;geogebra-container p-6 bg-white rounded-lg shadow-lg&quot;[39m
      [36m&gt;[39m
        [36m&lt;h2[39m
          [33mclass[39m=[32m&quot;text-2xl font-bold mb-4&quot;[39m
        [36m&gt;[39m
          [0mGeoGebra İnteraktif Matematik[0m
        [36m&lt;/h2&gt;[39m
        [36m&lt;div[39m
          [33mclass[39m=[32m&quot;applet-selector mb-4&quot;[39m
        [36m&gt;[39m
          [36m&lt;label[39m
            [33mclass[39m=[32m&quot;block text-sm font-medium mb-2&quot;[39m
          [36m&gt;[39m
            [0mAktivite Seç:[0m
          [36m&lt;/label&gt;[39m
          [36m&lt;div[39m
            [33mclass[39m=[32m&quot;grid grid-cols-1 md:grid-cols-3 gap-4&quot;[39m
          [36m&gt;[39m
            [36m&lt;button[39m
              [33mclass[39m=[32m&quot;p-4 border-2 rounded-lg text-left transition-all border-blue-500 bg-blue-50&quot;[39m
            [36m&gt;[39m
              [36m&lt;h3[39m
                [33mclass[39m=[32m&quot;font-bold text-lg mb-1&quot;[39m
              [36m&gt;[39m
                [0mTemel Geometri[0m
              [36m&lt;/h3&gt;[39m
              [36m&lt;p[39m
                [33mclass[39m=[32m&quot;text-sm text-gray-600&quot;[39m
              [36m&gt;[39m
                [0mTemel geometri şekilleri çizimi[0m
              [36m&lt;/p&gt;[39m
              [36m&lt;span[39m
                [33mclass[39m=[32m&quot;inline-block mt-2 px-2 py-1 bg-blue-100 text-blue-800 text-xs rounded&quot;[39m
              [36m&gt;[39m
                [0mgeometry[0m
              [36m&lt;/span&gt;[39m
            [36m&lt;/button&gt;[39m
            [36m&lt;button[39m
              [33mclass[39m=[32m&quot;p-4 border-2 rounded-lg text-left transition-all border-gray-300 hover:border-blue-300&quot;[39m
            [36m&gt;[39m
              [36m&lt;h3[39m
                [33mclass[39m=[32m&quot;font-bold text-lg mb-1&quot;[39m
              [36m&gt;[39m
                [0mFonksiyonlar[0m
              [36m&lt;/h3&gt;[39m
              [36m&lt;p[39m
                [33mclass[39m=[32m&quot;text-sm text-gray-600&quot;[39m
              [36m&gt;[39m
                [0mFonksiyon grafikleri ve dönüşümleri[0m
              [36m&lt;/p&gt;[39m
              [36m&lt;span[39m
                [33mclass[39m=[32m&quot;inline-block mt-2 px-2 py-1 bg-blue-100 text-blue-800 text-xs rounded&quot;[39m
              [36m&gt;[39m
                [0malgebra[0m
              [36m&lt;/span&gt;[39m
            [36m&lt;/button&gt;[39m
            [36m&lt;button[39m
              [33mclass[39m=[32m&quot;p-4 border-2 rounded-lg text-left transition-all border-gray-300 hover:border-blue-300&quot;[39m
            [36m&gt;[39m
              [36m&lt;h3[39m
                [33mclass[39m=[32m&quot;font-bold text-lg mb-1&quot;[39m
              [36m&gt;[39m
                [0mTrigonometri[0m
              [36m&lt;/h3&gt;[39m
              [36m&lt;p[39m
                [33mclass[39m=[32m&quot;text-sm text-gray-600&quot;[39m
              [36m&gt;[39m
                [0mBirim çember ve trigonometrik fonksiyonlar[0m
              [36m&lt;/p&gt;[39m
              [36m&lt;span[39m
                [33mclass[39m=[32m&quot;inline-block mt-2 px-2 py-1 bg-blue-100 text-blue-800 text-xs rounded&quot;[39m
              [36m&gt;[39m
                [0mgeometry[0m
              [36m&lt;/span&gt;[39m
            [36m&lt;/button&gt;[39m
          [36m&lt;/div&gt;[39m
        [36m&lt;/div&gt;[39m
        [36m&lt;div[39m
          [33mclass[39m=[32m&quot;geogebra-embed mb-4&quot;[39m
        [36m&gt;[39m
          [36m&lt;iframe[39m
            [33mallow[39m=[32m&quot;fullscreen&quot;[39m
            [33mclass[39m=[32m&quot;border-2 border-gray-300 rounded&quot;[39m
            [33mheight[39m=[32m&quot;600&quot;[39m
            [33msrc[39m=[32m&quot;https://www.geogebra.org/material/iframe/id/basic&quot;[39m
            [33mtitle[39m=[32m&quot;Temel Geometri&quot;[39m
            [33mwidth[39m=[32m&quot;800&quot;[39m
          [36m/&gt;[39m
        [36m&lt;/div&gt;[39m
        [36m&lt;div[39m
          [33mclass[39m=[32m&quot;controls flex justify-between items-center&quot;[39m
        [36m&gt;[39m
          [36m&lt;div[39m
            [33mclass[39m=[32m&quot;info text-sm text-gray-600&quot;[39m
          [36m&gt;[39m
            [36m&lt;strong&gt;[39m
              [0mAktif:[0m
            [36m&lt;/strong&gt;[39m
            [0m [0m
            [0mTemel Geometri[0m
            [0m ([0m
            [0mgeometry[0m
            [0m)[0m
          [36m&lt;/div&gt;[39m
          [36m&lt;div[39m
            [33mclass[39m=[32m&quot;actions flex gap-2&quot;[39m
          [36m&gt;[39m
            [36m&lt;button[39m
              [33mclass[39m=[32m&quot;px-4 py-2 bg-gray-500 text-white rounded hover:bg-gray-600&quot;[39m
            [36m&gt;[39m
              [0mKaydet[0m
            [36m&lt;/button&gt;[39m
            [36m&lt;button[39m
              [33mclass[39m=[32m&quot;px-4 py-2 bg-green-500 text-white rounded hover:bg-green-600&quot;[39m
            [36m&gt;[39m
              [0mTamamla[0m
            [36m&lt;/button&gt;[39m
          [36m&lt;/div&gt;[39m
        [36m&lt;/div&gt;[39m
        [36m&lt;div[39m
          [33mclass[39m=[32m&quot;help-text mt-4 p-4 bg-blue-50 rounded&quot;[39m
        [36m&gt;[39m
          [36m&lt;p[39m
            [33mclass[39m=[32m&quot;text-sm text-gray-700&quot;[39m
          [36m&gt;[39m
            [36m&lt;strong&gt;[39m
              [0mGeoGebra Hakkında:[0m
            [36m&lt;/strong&gt;[39m
            [36m&lt;br /&gt;[39m
            [0mGeoGebra, dinamik matematik yazılımıdır. Geometri, cebir, istatistik ve hesaplama konularında interaktif öğrenme sağlar.[0m
            [36m&lt;br /&gt;[39m
            [36m&lt;br /&gt;[39m
            [36m&lt;strong&gt;[39m
              [0mİpuçları:[0m
            [36m&lt;/strong&gt;[39m
            [36m&lt;br /&gt;[39m
            [0m• Araçları kullanarak şekiller çizin[0m
            [36m&lt;br /&gt;[39m
            [0m• Noktaları sürükleyerek dinamik değişimleri gözlemleyin[0m
            [36m&lt;br /&gt;[39m
            [0m• Ölçüm araçlarıyla uzunluk ve açı ölçün[0m
          [36m&lt;/p&gt;[39m
        [36m&lt;/div&gt;[39m
      [36m&lt;/div&gt;[39m
    [36m&lt;/div&gt;[39m
    [36m&lt;div&gt;[39m
      [36m&lt;div[39m
        [33mclass[39m=[32m&quot;geogebra-container p-6 bg-white rounded-lg shadow-lg&quot;[39m
      [36m&gt;[39m
        [36m&lt;h2[39m
          [33mclass[39m=[32m&quot;text-2xl font-bold mb-4&quot;[39m
        [36m&gt;[39m
          [0mGeoGebra İnteraktif Matematik[0m
        [36m&lt;/h2&gt;[39m
        [36m&lt;div[39m
          [33mclass[39m=[32m&quot;applet-selector mb-4&quot;[39m
        [36m&gt;[39m
          [36m&lt;label[39m
            [33mclass[39m=[32m&quot;block text-sm font-medium mb-2&quot;[39m
          [36m&gt;[39m
            [0mAktivite Seç:[0m
          [36m&lt;/label&gt;[39m
          [36m&lt;div[39m
            [33mclass[39m=[32m&quot;grid grid-cols-1 md:grid-cols-3 gap-4&quot;[39m
          [36m&gt;[39m
            [36m&lt;button[39m
              [33mclass[39m=[32m&quot;p-4 border-2 rounded-lg text-left transition-all border-blue-500 bg-blue-50&quot;[39m
            [36m&gt;[39m
              [36m&lt;h3[39m
                [33mclass[39m=[32m&quot;font-bold t..." type="TestingLibraryElementError">
TestingLibraryElementError: Found multiple elements with the text: Kaydet

Here are the matching elements:

Ignored nodes: comments, script, style
&lt;button
  class=&quot;px-4 py-2 bg-gray-500 text-white rounded hover:bg-gray-600&quot;
&gt;
  Kaydet
&lt;/button&gt;

Ignored nodes: comments, script, style
&lt;button
  class=&quot;px-4 py-2 bg-gray-500 text-white rounded hover:bg-gray-600&quot;
&gt;
  Kaydet
&lt;/button&gt;

Ignored nodes: comments, script, style
&lt;button
  class=&quot;px-4 py-2 bg-gray-500 text-white rounded hover:bg-gray-600&quot;
&gt;
  Kaydet
&lt;/button&gt;

Ignored nodes: comments, script, style
&lt;button
  class=&quot;px-4 py-2 bg-gray-500 text-white rounded hover:bg-gray-600&quot;
&gt;
  Kaydet
&lt;/button&gt;

Ignored nodes: comments, script, style
&lt;button
  class=&quot;px-4 py-2 bg-gray-500 text-white rounded hover:bg-gray-600&quot;
&gt;
  Kaydet
&lt;/button&gt;

(If this is intentional, then use the `*AllBy*` variant of the query (like `queryAllByText`, `getAllByText`, or `findAllByText`)).

Ignored nodes: comments, script, style
&lt;body&gt;
  &lt;div&gt;
    &lt;div
      class=&quot;geogebra-container p-6 bg-white rounded-lg shadow-lg&quot;
    &gt;
      &lt;h2
        class=&quot;text-2xl font-bold mb-4&quot;
      &gt;
        GeoGebra İnteraktif Matematik
      &lt;/h2&gt;
      &lt;div
        class=&quot;applet-selector mb-4&quot;
      &gt;
        &lt;label
          class=&quot;block text-sm font-medium mb-2&quot;
        &gt;
          Aktivite Seç:
        &lt;/label&gt;
        &lt;div
          class=&quot;grid grid-cols-1 md:grid-cols-3 gap-4&quot;
        &gt;
          &lt;button
            class=&quot;p-4 border-2 rounded-lg text-left transition-all border-blue-500 bg-blue-50&quot;
          &gt;
            &lt;h3
              class=&quot;font-bold text-lg mb-1&quot;
            &gt;
              Temel Geometri
            &lt;/h3&gt;
            &lt;p
              class=&quot;text-sm text-gray-600&quot;
            &gt;
              Temel geometri şekilleri çizimi
            &lt;/p&gt;
            &lt;span
              class=&quot;inline-block mt-2 px-2 py-1 bg-blue-100 text-blue-800 text-xs rounded&quot;
            &gt;
              geometry
            &lt;/span&gt;
          &lt;/button&gt;
          &lt;button
            class=&quot;p-4 border-2 rounded-lg text-left transition-all border-gray-300 hover:border-blue-300&quot;
          &gt;
            &lt;h3
              class=&quot;font-bold text-lg mb-1&quot;
            &gt;
              Fonksiyonlar
            &lt;/h3&gt;
            &lt;p
              class=&quot;text-sm text-gray-600&quot;
            &gt;
              Fonksiyon grafikleri ve dönüşümleri
            &lt;/p&gt;
            &lt;span
              class=&quot;inline-block mt-2 px-2 py-1 bg-blue-100 text-blue-800 text-xs rounded&quot;
            &gt;
              algebra
            &lt;/span&gt;
          &lt;/button&gt;
          &lt;button
            class=&quot;p-4 border-2 rounded-lg text-left transition-all border-gray-300 hover:border-blue-300&quot;
          &gt;
            &lt;h3
              class=&quot;font-bold text-lg mb-1&quot;
            &gt;
              Trigonometri
            &lt;/h3&gt;
            &lt;p
              class=&quot;text-sm text-gray-600&quot;
            &gt;
              Birim çember ve trigonometrik fonksiyonlar
            &lt;/p&gt;
            &lt;span
              class=&quot;inline-block mt-2 px-2 py-1 bg-blue-100 text-blue-800 text-xs rounded&quot;
            &gt;
              geometry
            &lt;/span&gt;
          &lt;/button&gt;
        &lt;/div&gt;
      &lt;/div&gt;
      &lt;div
        class=&quot;geogebra-embed mb-4&quot;
      &gt;
        &lt;iframe
          allow=&quot;fullscreen&quot;
          class=&quot;border-2 border-gray-300 rounded&quot;
          height=&quot;600&quot;
          src=&quot;https://www.geogebra.org/material/iframe/id/basic&quot;
          title=&quot;Temel Geometri&quot;
          width=&quot;800&quot;
        /&gt;
      &lt;/div&gt;
      &lt;div
        class=&quot;controls flex justify-between items-center&quot;
      &gt;
        &lt;div
          class=&quot;info text-sm text-gray-600&quot;
        &gt;
          &lt;strong&gt;
            Aktif:
          &lt;/strong&gt;
           
          Temel Geometri
           (
          geometry
          )
        &lt;/div&gt;
        &lt;div
          class=&quot;actions flex gap-2&quot;
        &gt;
          &lt;button
            class=&quot;px-4 py-2 bg-gray-500 text-white rounded hover:bg-gray-600&quot;
          &gt;
            Kaydet
          &lt;/button&gt;
          &lt;button
            class=&quot;px-4 py-2 bg-green-500 text-white rounded hover:bg-green-600&quot;
          &gt;
            Tamamla
          &lt;/button&gt;
        &lt;/div&gt;
      &lt;/div&gt;
      &lt;div
        class=&quot;help-text mt-4 p-4 bg-blue-50 rounded&quot;
      &gt;
        &lt;p
          class=&quot;text-sm text-gray-700&quot;
        &gt;
          &lt;strong&gt;
            GeoGebra Hakkında:
          &lt;/strong&gt;
          &lt;br /&gt;
          GeoGebra, dinamik matematik yazılımıdır. Geometri, cebir, istatistik ve hesaplama konularında interaktif öğrenme sağlar.
          &lt;br /&gt;
          &lt;br /&gt;
          &lt;strong&gt;
            İpuçları:
          &lt;/strong&gt;
          &lt;br /&gt;
          • Araçları kullanarak şekiller çizin
          &lt;br /&gt;
          • Noktaları sürükleyerek dinamik değişimleri gözlemleyin
          &lt;br /&gt;
          • Ölçüm araçlarıyla uzunluk ve açı ölçün
        &lt;/p&gt;
      &lt;/div&gt;
    &lt;/div&gt;
  &lt;/div&gt;
  &lt;div&gt;
    &lt;div
      class=&quot;geogebra-container p-6 bg-white rounded-lg shadow-lg&quot;
    &gt;
      &lt;h2
        class=&quot;text-2xl font-bold mb-4&quot;
      &gt;
        GeoGebra İnteraktif Matematik
      &lt;/h2&gt;
      &lt;div
        class=&quot;applet-selector mb-4&quot;
      &gt;
        &lt;label
          class=&quot;block text-sm font-medium mb-2&quot;
        &gt;
          Aktivite Seç:
        &lt;/label&gt;
        &lt;div
          class=&quot;grid grid-cols-1 md:grid-cols-3 gap-4&quot;
        &gt;
          &lt;button
            class=&quot;p-4 border-2 rounded-lg text-left transition-all border-blue-500 bg-blue-50&quot;
          &gt;
            &lt;h3
              class=&quot;font-bold text-lg mb-1&quot;
            &gt;
              Temel Geometri
            &lt;/h3&gt;
            &lt;p
              class=&quot;text-sm text-gray-600&quot;
            &gt;
              Temel geometri şekilleri çizimi
            &lt;/p&gt;
            &lt;span
              class=&quot;inline-block mt-2 p...

Ignored nodes: comments, script, style
&lt;html&gt;
  &lt;head /&gt;
  &lt;body&gt;
    &lt;div&gt;
      &lt;div
        class=&quot;geogebra-container p-6 bg-white rounded-lg shadow-lg&quot;
      &gt;
        &lt;h2
          class=&quot;text-2xl font-bold mb-4&quot;
        &gt;
          GeoGebra İnteraktif Matematik
        &lt;/h2&gt;
        &lt;div
          class=&quot;applet-selector mb-4&quot;
        &gt;
          &lt;label
            class=&quot;block text-sm font-medium mb-2&quot;
          &gt;
            Aktivite Seç:
          &lt;/label&gt;
          &lt;div
            class=&quot;grid grid-cols-1 md:grid-cols-3 gap-4&quot;
          &gt;
            &lt;button
              class=&quot;p-4 border-2 rounded-lg text-left transition-all border-blue-500 bg-blue-50&quot;
            &gt;
              &lt;h3
                class=&quot;font-bold text-lg mb-1&quot;
              &gt;
                Temel Geometri
              &lt;/h3&gt;
              &lt;p
                class=&quot;text-sm text-gray-600&quot;
              &gt;
                Temel geometri şekilleri çizimi
              &lt;/p&gt;
              &lt;span
                class=&quot;inline-block mt-2 px-2 py-1 bg-blue-100 text-blue-800 text-xs rounded&quot;
              &gt;
                geometry
              &lt;/span&gt;
            &lt;/button&gt;
            &lt;button
              class=&quot;p-4 border-2 rounded-lg text-left transition-all border-gray-300 hover:border-blue-300&quot;
            &gt;
              &lt;h3
                class=&quot;font-bold text-lg mb-1&quot;
              &gt;
                Fonksiyonlar
              &lt;/h3&gt;
              &lt;p
                class=&quot;text-sm text-gray-600&quot;
              &gt;
                Fonksiyon grafikleri ve dönüşümleri
              &lt;/p&gt;
              &lt;span
                class=&quot;inline-block mt-2 px-2 py-1 bg-blue-100 text-blue-800 text-xs rounded&quot;
              &gt;
                algebra
              &lt;/span&gt;
            &lt;/button&gt;
            &lt;button
              class=&quot;p-4 border-2 rounded-lg text-left transition-all border-gray-300 hover:border-blue-300&quot;
            &gt;
              &lt;h3
                class=&quot;font-bold text-lg mb-1&quot;
              &gt;
                Trigonometri
              &lt;/h3&gt;
              &lt;p
                class=&quot;text-sm text-gray-600&quot;
              &gt;
                Birim çember ve trigonometrik fonksiyonlar
              &lt;/p&gt;
              &lt;span
                class=&quot;inline-block mt-2 px-2 py-1 bg-blue-100 text-blue-800 text-xs rounded&quot;
              &gt;
                geometry
              &lt;/span&gt;
            &lt;/button&gt;
          &lt;/div&gt;
        &lt;/div&gt;
        &lt;div
          class=&quot;geogebra-embed mb-4&quot;
        &gt;
          &lt;iframe
            allow=&quot;fullscreen&quot;
            class=&quot;border-2 border-gray-300 rounded&quot;
            height=&quot;600&quot;
            src=&quot;https://www.geogebra.org/material/iframe/id/basic&quot;
            title=&quot;Temel Geometri&quot;
            width=&quot;800&quot;
          /&gt;
        &lt;/div&gt;
        &lt;div
          class=&quot;controls flex justify-between items-center&quot;
        &gt;
          &lt;div
            class=&quot;info text-sm text-gray-600&quot;
          &gt;
            &lt;strong&gt;
              Aktif:
            &lt;/strong&gt;
             
            Temel Geometri
             (
            geometry
            )
          &lt;/div&gt;
          &lt;div
            class=&quot;actions flex gap-2&quot;
          &gt;
            &lt;button
              class=&quot;px-4 py-2 bg-gray-500 text-white rounded hover:bg-gray-600&quot;
            &gt;
              Kaydet
            &lt;/button&gt;
            &lt;button
              class=&quot;px-4 py-2 bg-green-500 text-white rounded hover:bg-green-600&quot;
            &gt;
              Tamamla
            &lt;/button&gt;
          &lt;/div&gt;
        &lt;/div&gt;
        &lt;div
          class=&quot;help-text mt-4 p-4 bg-blue-50 rounded&quot;
        &gt;
          &lt;p
            class=&quot;text-sm text-gray-700&quot;
          &gt;
            &lt;strong&gt;
              GeoGebra Hakkında:
            &lt;/strong&gt;
            &lt;br /&gt;
            GeoGebra, dinamik matematik yazılımıdır. Geometri, cebir, istatistik ve hesaplama konularında interaktif öğrenme sağlar.
            &lt;br /&gt;
            &lt;br /&gt;
            &lt;strong&gt;
              İpuçları:
            &lt;/strong&gt;
            &lt;br /&gt;
            • Araçları kullanarak şekiller çizin
            &lt;br /&gt;
            • Noktaları sürükleyerek dinamik değişimleri gözlemleyin
            &lt;br /&gt;
            • Ölçüm araçlarıyla uzunluk ve açı ölçün
          &lt;/p&gt;
        &lt;/div&gt;
      &lt;/div&gt;
    &lt;/div&gt;
    &lt;div&gt;
      &lt;div
        class=&quot;geogebra-container p-6 bg-white rounded-lg shadow-lg&quot;
      &gt;
        &lt;h2
          class=&quot;text-2xl font-bold mb-4&quot;
        &gt;
          GeoGebra İnteraktif Matematik
        &lt;/h2&gt;
        &lt;div
          class=&quot;applet-selector mb-4&quot;
        &gt;
          &lt;label
            class=&quot;block text-sm font-medium mb-2&quot;
          &gt;
            Aktivite Seç:
          &lt;/label&gt;
          &lt;div
            class=&quot;grid grid-cols-1 md:grid-cols-3 gap-4&quot;
          &gt;
            &lt;button
              class=&quot;p-4 border-2 rounded-lg text-left transition-all border-blue-500 bg-blue-50&quot;
            &gt;
              &lt;h3
                class=&quot;font-bold t...
 ❯ Proxy.waitForWrapper node_modules/@testing-library/react/node_modules/@testing-library/dom/dist/wait-for.js:163:27
 ❯ src/components/Manipulatives/__tests__/GeoGebraEmbed.test.tsx:417:11
            </failure>
            <failure message="jest is not defined" type="ReferenceError">
ReferenceError: jest is not defined
 ❯ src/components/Manipulatives/__tests__/GeoGebraEmbed.test.tsx:370:5
            </failure>
        </testcase>
        <testcase classname="src/components/Manipulatives/__tests__/GeoGebraEmbed.test.tsx" name="GeoGebraEmbed Component - Save &gt; disables save button when no applet selected" time="1.0555196">
            <failure message="Found multiple elements with the text: Kaydet

Here are the matching elements:

Ignored nodes: comments, script, style
[36m&lt;button[39m
  [33mclass[39m=[32m&quot;px-4 py-2 bg-gray-500 text-white rounded hover:bg-gray-600&quot;[39m
[36m&gt;[39m
  [0mKaydet[0m
[36m&lt;/button&gt;[39m

Ignored nodes: comments, script, style
[36m&lt;button[39m
  [33mclass[39m=[32m&quot;px-4 py-2 bg-gray-500 text-white rounded hover:bg-gray-600&quot;[39m
[36m&gt;[39m
  [0mKaydet[0m
[36m&lt;/button&gt;[39m

Ignored nodes: comments, script, style
[36m&lt;button[39m
  [33mclass[39m=[32m&quot;px-4 py-2 bg-gray-500 text-white rounded hover:bg-gray-600&quot;[39m
[36m&gt;[39m
  [0mKaydet[0m
[36m&lt;/button&gt;[39m

Ignored nodes: comments, script, style
[36m&lt;button[39m
  [33mclass[39m=[32m&quot;px-4 py-2 bg-gray-500 text-white rounded hover:bg-gray-600&quot;[39m
[36m&gt;[39m
  [0mKaydet[0m
[36m&lt;/button&gt;[39m

Ignored nodes: comments, script, style
[36m&lt;button[39m
  [33mclass[39m=[32m&quot;px-4 py-2 bg-gray-500 text-white rounded hover:bg-gray-600&quot;[39m
[36m&gt;[39m
  [0mKaydet[0m
[36m&lt;/button&gt;[39m

Ignored nodes: comments, script, style
[36m&lt;button[39m
  [33mclass[39m=[32m&quot;px-4 py-2 bg-gray-500 text-white rounded hover:bg-gray-600&quot;[39m
  [33mdisabled[39m=[32m&quot;&quot;[39m
[36m&gt;[39m
  [0mKaydet[0m
[36m&lt;/button&gt;[39m

(If this is intentional, then use the `*AllBy*` variant of the query (like `queryAllByText`, `getAllByText`, or `findAllByText`)).

Ignored nodes: comments, script, style
[36m&lt;body&gt;[39m
  [36m&lt;div&gt;[39m
    [36m&lt;div[39m
      [33mclass[39m=[32m&quot;geogebra-container p-6 bg-white rounded-lg shadow-lg&quot;[39m
    [36m&gt;[39m
      [36m&lt;h2[39m
        [33mclass[39m=[32m&quot;text-2xl font-bold mb-4&quot;[39m
      [36m&gt;[39m
        [0mGeoGebra İnteraktif Matematik[0m
      [36m&lt;/h2&gt;[39m
      [36m&lt;div[39m
        [33mclass[39m=[32m&quot;applet-selector mb-4&quot;[39m
      [36m&gt;[39m
        [36m&lt;label[39m
          [33mclass[39m=[32m&quot;block text-sm font-medium mb-2&quot;[39m
        [36m&gt;[39m
          [0mAktivite Seç:[0m
        [36m&lt;/label&gt;[39m
        [36m&lt;div[39m
          [33mclass[39m=[32m&quot;grid grid-cols-1 md:grid-cols-3 gap-4&quot;[39m
        [36m&gt;[39m
          [36m&lt;button[39m
            [33mclass[39m=[32m&quot;p-4 border-2 rounded-lg text-left transition-all border-blue-500 bg-blue-50&quot;[39m
          [36m&gt;[39m
            [36m&lt;h3[39m
              [33mclass[39m=[32m&quot;font-bold text-lg mb-1&quot;[39m
            [36m&gt;[39m
              [0mTemel Geometri[0m
            [36m&lt;/h3&gt;[39m
            [36m&lt;p[39m
              [33mclass[39m=[32m&quot;text-sm text-gray-600&quot;[39m
            [36m&gt;[39m
              [0mTemel geometri şekilleri çizimi[0m
            [36m&lt;/p&gt;[39m
            [36m&lt;span[39m
              [33mclass[39m=[32m&quot;inline-block mt-2 px-2 py-1 bg-blue-100 text-blue-800 text-xs rounded&quot;[39m
            [36m&gt;[39m
              [0mgeometry[0m
            [36m&lt;/span&gt;[39m
          [36m&lt;/button&gt;[39m
          [36m&lt;button[39m
            [33mclass[39m=[32m&quot;p-4 border-2 rounded-lg text-left transition-all border-gray-300 hover:border-blue-300&quot;[39m
          [36m&gt;[39m
            [36m&lt;h3[39m
              [33mclass[39m=[32m&quot;font-bold text-lg mb-1&quot;[39m
            [36m&gt;[39m
              [0mFonksiyonlar[0m
            [36m&lt;/h3&gt;[39m
            [36m&lt;p[39m
              [33mclass[39m=[32m&quot;text-sm text-gray-600&quot;[39m
            [36m&gt;[39m
              [0mFonksiyon grafikleri ve dönüşümleri[0m
            [36m&lt;/p&gt;[39m
            [36m&lt;span[39m
              [33mclass[39m=[32m&quot;inline-block mt-2 px-2 py-1 bg-blue-100 text-blue-800 text-xs rounded&quot;[39m
            [36m&gt;[39m
              [0malgebra[0m
            [36m&lt;/span&gt;[39m
          [36m&lt;/button&gt;[39m
          [36m&lt;button[39m
            [33mclass[39m=[32m&quot;p-4 border-2 rounded-lg text-left transition-all border-gray-300 hover:border-blue-300&quot;[39m
          [36m&gt;[39m
            [36m&lt;h3[39m
              [33mclass[39m=[32m&quot;font-bold text-lg mb-1&quot;[39m
            [36m&gt;[39m
              [0mTrigonometri[0m
            [36m&lt;/h3&gt;[39m
            [36m&lt;p[39m
              [33mclass[39m=[32m&quot;text-sm text-gray-600&quot;[39m
            [36m&gt;[39m
              [0mBirim çember ve trigonometrik fonksiyonlar[0m
            [36m&lt;/p&gt;[39m
            [36m&lt;span[39m
              [33mclass[39m=[32m&quot;inline-block mt-2 px-2 py-1 bg-blue-100 text-blue-800 text-xs rounded&quot;[39m
            [36m&gt;[39m
              [0mgeometry[0m
            [36m&lt;/span&gt;[39m
          [36m&lt;/button&gt;[39m
        [36m&lt;/div&gt;[39m
      [36m&lt;/div&gt;[39m
      [36m&lt;div[39m
        [33mclass[39m=[32m&quot;geogebra-embed mb-4&quot;[39m
      [36m&gt;[39m
        [36m&lt;iframe[39m
          [33mallow[39m=[32m&quot;fullscreen&quot;[39m
          [33mclass[39m=[32m&quot;border-2 border-gray-300 rounded&quot;[39m
          [33mheight[39m=[32m&quot;600&quot;[39m
          [33msrc[39m=[32m&quot;https://www.geogebra.org/material/iframe/id/basic&quot;[39m
          [33mtitle[39m=[32m&quot;Temel Geometri&quot;[39m
          [33mwidth[39m=[32m&quot;800&quot;[39m
        [36m/&gt;[39m
      [36m&lt;/div&gt;[39m
      [36m&lt;div[39m
        [33mclass[39m=[32m&quot;controls flex justify-between items-center&quot;[39m
      [36m&gt;[39m
        [36m&lt;div[39m
          [33mclass[39m=[32m&quot;info text-sm text-gray-600&quot;[39m
        [36m&gt;[39m
          [36m&lt;strong&gt;[39m
            [0mAktif:[0m
          [36m&lt;/strong&gt;[39m
          [0m [0m
          [0mTemel Geometri[0m
          [0m ([0m
          [0mgeometry[0m
          [0m)[0m
        [36m&lt;/div&gt;[39m
        [36m&lt;div[39m
          [33mclass[39m=[32m&quot;actions flex gap-2&quot;[39m
        [36m&gt;[39m
          [36m&lt;button[39m
            [33mclass[39m=[32m&quot;px-4 py-2 bg-gray-500 text-white rounded hover:bg-gray-600&quot;[39m
          [36m&gt;[39m
            [0mKaydet[0m
          [36m&lt;/button&gt;[39m
          [36m&lt;button[39m
            [33mclass[39m=[32m&quot;px-4 py-2 bg-green-500 text-white rounded hover:bg-green-600&quot;[39m
          [36m&gt;[39m
            [0mTamamla[0m
          [36m&lt;/button&gt;[39m
        [36m&lt;/div&gt;[39m
      [36m&lt;/div&gt;[39m
      [36m&lt;div[39m
        [33mclass[39m=[32m&quot;help-text mt-4 p-4 bg-blue-50 rounded&quot;[39m
      [36m&gt;[39m
        [36m&lt;p[39m
          [33mclass[39m=[32m&quot;text-sm text-gray-700&quot;[39m
        [36m&gt;[39m
          [36m&lt;strong&gt;[39m
            [0mGeoGebra Hakkında:[0m
          [36m&lt;/strong&gt;[39m
          [36m&lt;br /&gt;[39m
          [0mGeoGebra, dinamik matematik yazılımıdır. Geometri, cebir, istatistik ve hesaplama konularında interaktif öğrenme sağlar.[0m
          [36m&lt;br /&gt;[39m
          [36m&lt;br /&gt;[39m
          [36m&lt;strong&gt;[39m
            [0mİpuçları:[0m
          [36m&lt;/strong&gt;[39m
          [36m&lt;br /&gt;[39m
          [0m• Araçları kullanarak şekiller çizin[0m
          [36m&lt;br /&gt;[39m
          [0m• Noktaları sürükleyerek dinamik değişimleri gözlemleyin[0m
          [36m&lt;br /&gt;[39m
          [0m• Ölçüm araçlarıyla uzunluk ve açı ölçün[0m
        [36m&lt;/p&gt;[39m
      [36m&lt;/div&gt;[39m
    [36m&lt;/div&gt;[39m
  [36m&lt;/div&gt;[39m
  [36m&lt;div&gt;[39m
    [36m&lt;div[39m
      [33mclass[39m=[32m&quot;geogebra-container p-6 bg-white rounded-lg shadow-lg&quot;[39m
    [36m&gt;[39m
      [36m&lt;h2[39m
        [33mclass[39m=[32m&quot;text-2xl font-bold mb-4&quot;[39m
      [36m&gt;[39m
        [0mGeoGebra İnteraktif Matematik[0m
      [36m&lt;/h2&gt;[39m
      [36m&lt;div[39m
        [33mclass[39m=[32m&quot;applet-selector mb-4&quot;[39m
      [36m&gt;[39m
        [36m&lt;label[39m
          [33mclass[39m=[32m&quot;block text-sm font-medium mb-2&quot;[39m
        [36m&gt;[39m
          [0mAktivite Seç:[0m
        [36m&lt;/label&gt;[39m
        [36m&lt;div[39m
          [33mclass[39m=[32m&quot;grid grid-cols-1 md:grid-cols-3 gap-4&quot;[39m
        [36m&gt;[39m
          [36m&lt;button[39m
            [33mclass[39m=[32m&quot;p-4 border-2 rounded-lg text-left transition-all border-blue-500 bg-blue-50&quot;[39m
          [36m&gt;[39m
            [36m&lt;h3[39m
              [33mclass[39m=[32m&quot;font-bold text-lg mb-1&quot;[39m
            [36m&gt;[39m
              [0mTemel Geometri[0m
            [36m&lt;/h3&gt;[39m
            [36m&lt;p[39m
              [33mclass[39m=[32m&quot;text-sm text-gray-600&quot;[39m
            [36m&gt;[39m
              [0mTemel geometri şekilleri çizimi[0m
            [36m&lt;/p&gt;[39m
            [36m&lt;span[39m
              [33mclass[39m=[32m&quot;inline-block mt-2 p...

Ignored nodes: comments, script, style
[36m&lt;html&gt;[39m
  [36m&lt;head /&gt;[39m
  [36m&lt;body&gt;[39m
    [36m&lt;div&gt;[39m
      [36m&lt;div[39m
        [33mclass[39m=[32m&quot;geogebra-container p-6 bg-white rounded-lg shadow-lg&quot;[39m
      [36m&gt;[39m
        [36m&lt;h2[39m
          [33mclass[39m=[32m&quot;text-2xl font-bold mb-4&quot;[39m
        [36m&gt;[39m
          [0mGeoGebra İnteraktif Matematik[0m
        [36m&lt;/h2&gt;[39m
        [36m&lt;div[39m
          [33mclass[39m=[32m&quot;applet-selector mb-4&quot;[39m
        [36m&gt;[39m
          [36m&lt;label[39m
            [33mclass[39m=[32m&quot;block text-sm font-medium mb-2&quot;[39m
          [36m&gt;[39m
            [0mAktivite Seç:[0m
          [36m&lt;/label&gt;[39m
          [36m&lt;div[39m
            [33mclass[39m=[32m&quot;grid grid-cols-1 md:grid-cols-3 gap-4&quot;[39m
          [36m&gt;[39m
            [36m&lt;button[39m
              [33mclass[39m=[32m&quot;p-4 border-2 rounded-lg text-left transition-all border-blue-500 bg-blue-50&quot;[39m
            [36m&gt;[39m
              [36m&lt;h3[39m
                [33mclass[39m=[32m&quot;font-bold text-lg mb-1&quot;[39m
              [36m&gt;[39m
                [0mTemel Geometri[0m
              [36m&lt;/h3&gt;[39m
              [36m&lt;p[39m
                [33mclass[39m=[32m&quot;text-sm text-gray-600&quot;[39m
              [36m&gt;[39m
                [0mTemel geometri şekilleri çizimi[0m
              [36m&lt;/p&gt;[39m
              [36m&lt;span[39m
                [33mclass[39m=[32m&quot;inline-block mt-2 px-2 py-1 bg-blue-100 text-blue-800 text-xs rounded&quot;[39m
              [36m&gt;[39m
                [0mgeometry[0m
              [36m&lt;/span&gt;[39m
            [36m&lt;/button&gt;[39m
            [36m&lt;button[39m
              [33mclass[39m=[32m&quot;p-4 border-2 rounded-lg text-left transition-all border-gray-300 hover:border-blue-300&quot;[39m
            [36m&gt;[39m
              [36m&lt;h3[39m
                [33mclass[39m=[32m&quot;font-bold text-lg mb-1&quot;[39m
              [36m&gt;[39m
                [0mFonksiyonlar[0m
              [36m&lt;/h3&gt;[39m
              [36m&lt;p[39m
                [33mclass[39m=[32m&quot;text-sm text-gray-600&quot;[39m
              [36m&gt;[39m
                [0mFonksiyon grafikleri ve dönüşümleri[0m
              [36m&lt;/p&gt;[39m
              [36m&lt;span[39m
                [33mclass[39m=[32m&quot;inline-block mt-2 px-2 py-1 bg-blue-100 text-blue-800 text-xs rounded&quot;[39m
              [36m&gt;[39m
                [0malgebra[0m
              [36m&lt;/span&gt;[39m
            [36m&lt;/button&gt;[39m
            [36m&lt;button[39m
              [33mclass[39m=[32m&quot;p-4 border-2 rounded-lg text-left transition-all border-gray-300 hover:border-blue-300&quot;[39m
            [36m&gt;[39m
              [36m&lt;h3[39m
                [33mclass[39m=[32m&quot;font-bold text-lg mb-1&quot;[39m
              [36m&gt;[39m
                [0mTrigonometri[0m
              [36m&lt;/h3&gt;[39m
              [36m&lt;p[39m
                [33mclass[39m=[32m&quot;text-sm text-gray-600&quot;[39m
              [36m&gt;[39m
                [0mBirim çember ve trigonometrik fonksiyonlar[0m
              [36m&lt;/p&gt;[39m
              [36m&lt;span[39m
                [33mclass[39m=[32m&quot;inline-block mt-2 px-2 py-1 bg-blue-100 text-blue-800 text-xs rounded&quot;[39m
              [36m&gt;[39m
                [0mgeometry[0m
              [36m&lt;/span&gt;[39m
            [36m&lt;/button&gt;[39m
          [36m&lt;/div&gt;[39m
        [36m&lt;/div&gt;[39m
        [36m&lt;div[39m
          [33mclass[39m=[32m&quot;geogebra-embed mb-4&quot;[39m
        [36m&gt;[39m
          [36m&lt;iframe[39m
            [33mallow[39m=[32m&quot;fullscreen&quot;[39m
            [33mclass[39m=[32m&quot;border-2 border-gray-300 rounded&quot;[39m
            [33mheight[39m=[32m&quot;600&quot;[39m
            [33msrc[39m=[32m&quot;https://www.geogebra.org/material/iframe/id/basic&quot;[39m
            [33mtitle[39m=[32m&quot;Temel Geometri&quot;[39m
            [33mwidth[39m=[32m&quot;800&quot;[39m
          [36m/&gt;[39m
        [36m&lt;/div&gt;[39m
        [36m&lt;div[39m
          [33mclass[39m=[32m&quot;controls flex justify-between items-center&quot;[39m
        [36m&gt;[39m
          [36m&lt;div[39m
            [33mclass[39m=[32m&quot;info text-sm text-gray-600&quot;[39m
          [36m&gt;[39m
            [36m&lt;strong&gt;[39m
              [0mAktif:[0m
            [36m&lt;/strong&gt;[39m
            [0m [0m
            [0mTemel Geometri[0m
            [0m ([0m
            [0mgeometry[0m
            [0m)[0m
          [36m&lt;/div&gt;[39m
          [36m&lt;div[39m
            [33mclass[39m=[32m&quot;actions flex gap-2&quot;[39m
          [36m&gt;[39m
            [36m&lt;button[39m
              [33mclass[39m=[32m&quot;px-4 py-2 bg-gray-500 text-white rounded hover:bg-gray-600&quot;[39m
            [36m&gt;[39m
              [0mKaydet[0m
            [36m&lt;/button&gt;[39m
            [36m&lt;button[39m
              [33mclass[39m=[32m&quot;px-4 py-2 bg-green-500 text-white rounded hover:bg-green-600&quot;[39m
            [36m&gt;[39m
              [0mTamamla[0m
            [36m&lt;/button&gt;[39m
          [36m&lt;/div&gt;[39m
        [36m&lt;/div&gt;[39m
        [36m&lt;div[39m
          [33mclass[39m=[32m&quot;help-text mt-4 p-4 bg-blue-50 rounded&quot;[39m
        [36m&gt;[39m
          [36m&lt;p[39m
            [33mclass[39m=[32m&quot;text-sm text-gray-700&quot;[39m
          [36m&gt;[39m
            [36m&lt;strong&gt;[39m
              [0mGeoGebra Hakkında:[0m
            [36m&lt;/strong&gt;[39m
            [36m&lt;br /&gt;[39m
            [0mGeoGebra, dinamik matematik yazılımıdır. Geometri, cebir, istatistik ve hesaplama konularında interaktif öğrenme sağlar.[0m
            [36m&lt;br /&gt;[39m
            [36m&lt;br /&gt;[39m
            [36m&lt;strong&gt;[39m
              [0mİpuçları:[0m
            [36m&lt;/strong&gt;[39m
            [36m&lt;br /&gt;[39m
            [0m• Araçları kullanarak şekiller çizin[0m
            [36m&lt;br /&gt;[39m
            [0m• Noktaları sürükleyerek dinamik değişimleri gözlemleyin[0m
            [36m&lt;br /&gt;[39m
            [0m• Ölçüm araçlarıyla uzunluk ve açı ölçün[0m
          [36m&lt;/p&gt;[39m
        [36m&lt;/div&gt;[39m
      [36m&lt;/div&gt;[39m
    [36m&lt;/div&gt;[39m
    [36m&lt;div&gt;[39m
      [36m&lt;div[39m
        [33mclass[39m=[32m&quot;geogebra-container p-6 bg-white rounded-lg shadow-lg&quot;[39m
      [36m&gt;[39m
        [36m&lt;h2[39m
          [33mclass[39m=[32m&quot;text-2xl font-bold mb-4&quot;[39m
        [36m&gt;[39m
          [0mGeoGebra İnteraktif Matematik[0m
        [36m&lt;/h2&gt;[39m
        [36m&lt;div[39m
          [33mclass[39m=[32m&quot;applet-selector mb-4&quot;[39m
        [36m&gt;[39m
          [36m&lt;label[39m
            [33mclass[39m=[32m&quot;block text-sm font-medium mb-2&quot;[39m
          [36m&gt;[39m
            [0mAktivite Seç:[0m
          [36m&lt;/label&gt;[39m
          [36m&lt;div[39m
            [33mclass[39m=[32m&quot;grid grid-cols-1 md:grid-cols-3 gap-4&quot;[39m
          [36m&gt;[39m
            [36m&lt;button[39m
              [33mclass[39m=[32m&quot;p-4 border-2 rounded-lg text-left transition-all border-blue-500 bg-blue-50&quot;[39m
            [36m&gt;[39m
              [36m&lt;h3[39m
                [33mclass[39m=[32m&quot;font-bold t..." type="TestingLibraryElementError">
TestingLibraryElementError: Found multiple elements with the text: Kaydet

Here are the matching elements:

Ignored nodes: comments, script, style
&lt;button
  class=&quot;px-4 py-2 bg-gray-500 text-white rounded hover:bg-gray-600&quot;
&gt;
  Kaydet
&lt;/button&gt;

Ignored nodes: comments, script, style
&lt;button
  class=&quot;px-4 py-2 bg-gray-500 text-white rounded hover:bg-gray-600&quot;
&gt;
  Kaydet
&lt;/button&gt;

Ignored nodes: comments, script, style
&lt;button
  class=&quot;px-4 py-2 bg-gray-500 text-white rounded hover:bg-gray-600&quot;
&gt;
  Kaydet
&lt;/button&gt;

Ignored nodes: comments, script, style
&lt;button
  class=&quot;px-4 py-2 bg-gray-500 text-white rounded hover:bg-gray-600&quot;
&gt;
  Kaydet
&lt;/button&gt;

Ignored nodes: comments, script, style
&lt;button
  class=&quot;px-4 py-2 bg-gray-500 text-white rounded hover:bg-gray-600&quot;
&gt;
  Kaydet
&lt;/button&gt;

Ignored nodes: comments, script, style
&lt;button
  class=&quot;px-4 py-2 bg-gray-500 text-white rounded hover:bg-gray-600&quot;
  disabled=&quot;&quot;
&gt;
  Kaydet
&lt;/button&gt;

(If this is intentional, then use the `*AllBy*` variant of the query (like `queryAllByText`, `getAllByText`, or `findAllByText`)).

Ignored nodes: comments, script, style
&lt;body&gt;
  &lt;div&gt;
    &lt;div
      class=&quot;geogebra-container p-6 bg-white rounded-lg shadow-lg&quot;
    &gt;
      &lt;h2
        class=&quot;text-2xl font-bold mb-4&quot;
      &gt;
        GeoGebra İnteraktif Matematik
      &lt;/h2&gt;
      &lt;div
        class=&quot;applet-selector mb-4&quot;
      &gt;
        &lt;label
          class=&quot;block text-sm font-medium mb-2&quot;
        &gt;
          Aktivite Seç:
        &lt;/label&gt;
        &lt;div
          class=&quot;grid grid-cols-1 md:grid-cols-3 gap-4&quot;
        &gt;
          &lt;button
            class=&quot;p-4 border-2 rounded-lg text-left transition-all border-blue-500 bg-blue-50&quot;
          &gt;
            &lt;h3
              class=&quot;font-bold text-lg mb-1&quot;
            &gt;
              Temel Geometri
            &lt;/h3&gt;
            &lt;p
              class=&quot;text-sm text-gray-600&quot;
            &gt;
              Temel geometri şekilleri çizimi
            &lt;/p&gt;
            &lt;span
              class=&quot;inline-block mt-2 px-2 py-1 bg-blue-100 text-blue-800 text-xs rounded&quot;
            &gt;
              geometry
            &lt;/span&gt;
          &lt;/button&gt;
          &lt;button
            class=&quot;p-4 border-2 rounded-lg text-left transition-all border-gray-300 hover:border-blue-300&quot;
          &gt;
            &lt;h3
              class=&quot;font-bold text-lg mb-1&quot;
            &gt;
              Fonksiyonlar
            &lt;/h3&gt;
            &lt;p
              class=&quot;text-sm text-gray-600&quot;
            &gt;
              Fonksiyon grafikleri ve dönüşümleri
            &lt;/p&gt;
            &lt;span
              class=&quot;inline-block mt-2 px-2 py-1 bg-blue-100 text-blue-800 text-xs rounded&quot;
            &gt;
              algebra
            &lt;/span&gt;
          &lt;/button&gt;
          &lt;button
            class=&quot;p-4 border-2 rounded-lg text-left transition-all border-gray-300 hover:border-blue-300&quot;
          &gt;
            &lt;h3
              class=&quot;font-bold text-lg mb-1&quot;
            &gt;
              Trigonometri
            &lt;/h3&gt;
            &lt;p
              class=&quot;text-sm text-gray-600&quot;
            &gt;
              Birim çember ve trigonometrik fonksiyonlar
            &lt;/p&gt;
            &lt;span
              class=&quot;inline-block mt-2 px-2 py-1 bg-blue-100 text-blue-800 text-xs rounded&quot;
            &gt;
              geometry
            &lt;/span&gt;
          &lt;/button&gt;
        &lt;/div&gt;
      &lt;/div&gt;
      &lt;div
        class=&quot;geogebra-embed mb-4&quot;
      &gt;
        &lt;iframe
          allow=&quot;fullscreen&quot;
          class=&quot;border-2 border-gray-300 rounded&quot;
          height=&quot;600&quot;
          src=&quot;https://www.geogebra.org/material/iframe/id/basic&quot;
          title=&quot;Temel Geometri&quot;
          width=&quot;800&quot;
        /&gt;
      &lt;/div&gt;
      &lt;div
        class=&quot;controls flex justify-between items-center&quot;
      &gt;
        &lt;div
          class=&quot;info text-sm text-gray-600&quot;
        &gt;
          &lt;strong&gt;
            Aktif:
          &lt;/strong&gt;
           
          Temel Geometri
           (
          geometry
          )
        &lt;/div&gt;
        &lt;div
          class=&quot;actions flex gap-2&quot;
        &gt;
          &lt;button
            class=&quot;px-4 py-2 bg-gray-500 text-white rounded hover:bg-gray-600&quot;
          &gt;
            Kaydet
          &lt;/button&gt;
          &lt;button
            class=&quot;px-4 py-2 bg-green-500 text-white rounded hover:bg-green-600&quot;
          &gt;
            Tamamla
          &lt;/button&gt;
        &lt;/div&gt;
      &lt;/div&gt;
      &lt;div
        class=&quot;help-text mt-4 p-4 bg-blue-50 rounded&quot;
      &gt;
        &lt;p
          class=&quot;text-sm text-gray-700&quot;
        &gt;
          &lt;strong&gt;
            GeoGebra Hakkında:
          &lt;/strong&gt;
          &lt;br /&gt;
          GeoGebra, dinamik matematik yazılımıdır. Geometri, cebir, istatistik ve hesaplama konularında interaktif öğrenme sağlar.
          &lt;br /&gt;
          &lt;br /&gt;
          &lt;strong&gt;
            İpuçları:
          &lt;/strong&gt;
          &lt;br /&gt;
          • Araçları kullanarak şekiller çizin
          &lt;br /&gt;
          • Noktaları sürükleyerek dinamik değişimleri gözlemleyin
          &lt;br /&gt;
          • Ölçüm araçlarıyla uzunluk ve açı ölçün
        &lt;/p&gt;
      &lt;/div&gt;
    &lt;/div&gt;
  &lt;/div&gt;
  &lt;div&gt;
    &lt;div
      class=&quot;geogebra-container p-6 bg-white rounded-lg shadow-lg&quot;
    &gt;
      &lt;h2
        class=&quot;text-2xl font-bold mb-4&quot;
      &gt;
        GeoGebra İnteraktif Matematik
      &lt;/h2&gt;
      &lt;div
        class=&quot;applet-selector mb-4&quot;
      &gt;
        &lt;label
          class=&quot;block text-sm font-medium mb-2&quot;
        &gt;
          Aktivite Seç:
        &lt;/label&gt;
        &lt;div
          class=&quot;grid grid-cols-1 md:grid-cols-3 gap-4&quot;
        &gt;
          &lt;button
            class=&quot;p-4 border-2 rounded-lg text-left transition-all border-blue-500 bg-blue-50&quot;
          &gt;
            &lt;h3
              class=&quot;font-bold text-lg mb-1&quot;
            &gt;
              Temel Geometri
            &lt;/h3&gt;
            &lt;p
              class=&quot;text-sm text-gray-600&quot;
            &gt;
              Temel geometri şekilleri çizimi
            &lt;/p&gt;
            &lt;span
              class=&quot;inline-block mt-2 p...

Ignored nodes: comments, script, style
&lt;html&gt;
  &lt;head /&gt;
  &lt;body&gt;
    &lt;div&gt;
      &lt;div
        class=&quot;geogebra-container p-6 bg-white rounded-lg shadow-lg&quot;
      &gt;
        &lt;h2
          class=&quot;text-2xl font-bold mb-4&quot;
        &gt;
          GeoGebra İnteraktif Matematik
        &lt;/h2&gt;
        &lt;div
          class=&quot;applet-selector mb-4&quot;
        &gt;
          &lt;label
            class=&quot;block text-sm font-medium mb-2&quot;
          &gt;
            Aktivite Seç:
          &lt;/label&gt;
          &lt;div
            class=&quot;grid grid-cols-1 md:grid-cols-3 gap-4&quot;
          &gt;
            &lt;button
              class=&quot;p-4 border-2 rounded-lg text-left transition-all border-blue-500 bg-blue-50&quot;
            &gt;
              &lt;h3
                class=&quot;font-bold text-lg mb-1&quot;
              &gt;
                Temel Geometri
              &lt;/h3&gt;
              &lt;p
                class=&quot;text-sm text-gray-600&quot;
              &gt;
                Temel geometri şekilleri çizimi
              &lt;/p&gt;
              &lt;span
                class=&quot;inline-block mt-2 px-2 py-1 bg-blue-100 text-blue-800 text-xs rounded&quot;
              &gt;
                geometry
              &lt;/span&gt;
            &lt;/button&gt;
            &lt;button
              class=&quot;p-4 border-2 rounded-lg text-left transition-all border-gray-300 hover:border-blue-300&quot;
            &gt;
              &lt;h3
                class=&quot;font-bold text-lg mb-1&quot;
              &gt;
                Fonksiyonlar
              &lt;/h3&gt;
              &lt;p
                class=&quot;text-sm text-gray-600&quot;
              &gt;
                Fonksiyon grafikleri ve dönüşümleri
              &lt;/p&gt;
              &lt;span
                class=&quot;inline-block mt-2 px-2 py-1 bg-blue-100 text-blue-800 text-xs rounded&quot;
              &gt;
                algebra
              &lt;/span&gt;
            &lt;/button&gt;
            &lt;button
              class=&quot;p-4 border-2 rounded-lg text-left transition-all border-gray-300 hover:border-blue-300&quot;
            &gt;
              &lt;h3
                class=&quot;font-bold text-lg mb-1&quot;
              &gt;
                Trigonometri
              &lt;/h3&gt;
              &lt;p
                class=&quot;text-sm text-gray-600&quot;
              &gt;
                Birim çember ve trigonometrik fonksiyonlar
              &lt;/p&gt;
              &lt;span
                class=&quot;inline-block mt-2 px-2 py-1 bg-blue-100 text-blue-800 text-xs rounded&quot;
              &gt;
                geometry
              &lt;/span&gt;
            &lt;/button&gt;
          &lt;/div&gt;
        &lt;/div&gt;
        &lt;div
          class=&quot;geogebra-embed mb-4&quot;
        &gt;
          &lt;iframe
            allow=&quot;fullscreen&quot;
            class=&quot;border-2 border-gray-300 rounded&quot;
            height=&quot;600&quot;
            src=&quot;https://www.geogebra.org/material/iframe/id/basic&quot;
            title=&quot;Temel Geometri&quot;
            width=&quot;800&quot;
          /&gt;
        &lt;/div&gt;
        &lt;div
          class=&quot;controls flex justify-between items-center&quot;
        &gt;
          &lt;div
            class=&quot;info text-sm text-gray-600&quot;
          &gt;
            &lt;strong&gt;
              Aktif:
            &lt;/strong&gt;
             
            Temel Geometri
             (
            geometry
            )
          &lt;/div&gt;
          &lt;div
            class=&quot;actions flex gap-2&quot;
          &gt;
            &lt;button
              class=&quot;px-4 py-2 bg-gray-500 text-white rounded hover:bg-gray-600&quot;
            &gt;
              Kaydet
            &lt;/button&gt;
            &lt;button
              class=&quot;px-4 py-2 bg-green-500 text-white rounded hover:bg-green-600&quot;
            &gt;
              Tamamla
            &lt;/button&gt;
          &lt;/div&gt;
        &lt;/div&gt;
        &lt;div
          class=&quot;help-text mt-4 p-4 bg-blue-50 rounded&quot;
        &gt;
          &lt;p
            class=&quot;text-sm text-gray-700&quot;
          &gt;
            &lt;strong&gt;
              GeoGebra Hakkında:
            &lt;/strong&gt;
            &lt;br /&gt;
            GeoGebra, dinamik matematik yazılımıdır. Geometri, cebir, istatistik ve hesaplama konularında interaktif öğrenme sağlar.
            &lt;br /&gt;
            &lt;br /&gt;
            &lt;strong&gt;
              İpuçları:
            &lt;/strong&gt;
            &lt;br /&gt;
            • Araçları kullanarak şekiller çizin
            &lt;br /&gt;
            • Noktaları sürükleyerek dinamik değişimleri gözlemleyin
            &lt;br /&gt;
            • Ölçüm araçlarıyla uzunluk ve açı ölçün
          &lt;/p&gt;
        &lt;/div&gt;
      &lt;/div&gt;
    &lt;/div&gt;
    &lt;div&gt;
      &lt;div
        class=&quot;geogebra-container p-6 bg-white rounded-lg shadow-lg&quot;
      &gt;
        &lt;h2
          class=&quot;text-2xl font-bold mb-4&quot;
        &gt;
          GeoGebra İnteraktif Matematik
        &lt;/h2&gt;
        &lt;div
          class=&quot;applet-selector mb-4&quot;
        &gt;
          &lt;label
            class=&quot;block text-sm font-medium mb-2&quot;
          &gt;
            Aktivite Seç:
          &lt;/label&gt;
          &lt;div
            class=&quot;grid grid-cols-1 md:grid-cols-3 gap-4&quot;
          &gt;
            &lt;button
              class=&quot;p-4 border-2 rounded-lg text-left transition-all border-blue-500 bg-blue-50&quot;
            &gt;
              &lt;h3
                class=&quot;font-bold t...
 ❯ Proxy.waitForWrapper node_modules/@testing-library/react/node_modules/@testing-library/dom/dist/wait-for.js:163:27
 ❯ src/components/Manipulatives/__tests__/GeoGebraEmbed.test.tsx:447:11
            </failure>
            <failure message="jest is not defined" type="ReferenceError">
ReferenceError: jest is not defined
 ❯ src/components/Manipulatives/__tests__/GeoGebraEmbed.test.tsx:370:5
            </failure>
        </testcase>
        <testcase classname="src/components/Manipulatives/__tests__/GeoGebraEmbed.test.tsx" name="GeoGebraEmbed Component - Complete &gt; completes activity when complete button clicked" time="1.063827">
            <failure message="Found multiple elements with the text: Tamamla

Here are the matching elements:

Ignored nodes: comments, script, style
[36m&lt;button[39m
  [33mclass[39m=[32m&quot;px-4 py-2 bg-green-500 text-white rounded hover:bg-green-600&quot;[39m
[36m&gt;[39m
  [0mTamamla[0m
[36m&lt;/button&gt;[39m

Ignored nodes: comments, script, style
[36m&lt;button[39m
  [33mclass[39m=[32m&quot;px-4 py-2 bg-green-500 text-white rounded hover:bg-green-600&quot;[39m
[36m&gt;[39m
  [0mTamamla[0m
[36m&lt;/button&gt;[39m

Ignored nodes: comments, script, style
[36m&lt;button[39m
  [33mclass[39m=[32m&quot;px-4 py-2 bg-green-500 text-white rounded hover:bg-green-600&quot;[39m
[36m&gt;[39m
  [0mTamamla[0m
[36m&lt;/button&gt;[39m

Ignored nodes: comments, script, style
[36m&lt;button[39m
  [33mclass[39m=[32m&quot;px-4 py-2 bg-green-500 text-white rounded hover:bg-green-600&quot;[39m
[36m&gt;[39m
  [0mTamamla[0m
[36m&lt;/button&gt;[39m

Ignored nodes: comments, script, style
[36m&lt;button[39m
  [33mclass[39m=[32m&quot;px-4 py-2 bg-green-500 text-white rounded hover:bg-green-600&quot;[39m
[36m&gt;[39m
  [0mTamamla[0m
[36m&lt;/button&gt;[39m

Ignored nodes: comments, script, style
[36m&lt;button[39m
  [33mclass[39m=[32m&quot;px-4 py-2 bg-green-500 text-white rounded hover:bg-green-600&quot;[39m
  [33mdisabled[39m=[32m&quot;&quot;[39m
[36m&gt;[39m
  [0mTamamla[0m
[36m&lt;/button&gt;[39m

Ignored nodes: comments, script, style
[36m&lt;button[39m
  [33mclass[39m=[32m&quot;px-4 py-2 bg-green-500 text-white rounded hover:bg-green-600&quot;[39m
[36m&gt;[39m
  [0mTamamla[0m
[36m&lt;/button&gt;[39m

(If this is intentional, then use the `*AllBy*` variant of the query (like `queryAllByText`, `getAllByText`, or `findAllByText`)).

Ignored nodes: comments, script, style
[36m&lt;body&gt;[39m
  [36m&lt;div&gt;[39m
    [36m&lt;div[39m
      [33mclass[39m=[32m&quot;geogebra-container p-6 bg-white rounded-lg shadow-lg&quot;[39m
    [36m&gt;[39m
      [36m&lt;h2[39m
        [33mclass[39m=[32m&quot;text-2xl font-bold mb-4&quot;[39m
      [36m&gt;[39m
        [0mGeoGebra İnteraktif Matematik[0m
      [36m&lt;/h2&gt;[39m
      [36m&lt;div[39m
        [33mclass[39m=[32m&quot;applet-selector mb-4&quot;[39m
      [36m&gt;[39m
        [36m&lt;label[39m
          [33mclass[39m=[32m&quot;block text-sm font-medium mb-2&quot;[39m
        [36m&gt;[39m
          [0mAktivite Seç:[0m
        [36m&lt;/label&gt;[39m
        [36m&lt;div[39m
          [33mclass[39m=[32m&quot;grid grid-cols-1 md:grid-cols-3 gap-4&quot;[39m
        [36m&gt;[39m
          [36m&lt;button[39m
            [33mclass[39m=[32m&quot;p-4 border-2 rounded-lg text-left transition-all border-blue-500 bg-blue-50&quot;[39m
          [36m&gt;[39m
            [36m&lt;h3[39m
              [33mclass[39m=[32m&quot;font-bold text-lg mb-1&quot;[39m
            [36m&gt;[39m
              [0mTemel Geometri[0m
            [36m&lt;/h3&gt;[39m
            [36m&lt;p[39m
              [33mclass[39m=[32m&quot;text-sm text-gray-600&quot;[39m
            [36m&gt;[39m
              [0mTemel geometri şekilleri çizimi[0m
            [36m&lt;/p&gt;[39m
            [36m&lt;span[39m
              [33mclass[39m=[32m&quot;inline-block mt-2 px-2 py-1 bg-blue-100 text-blue-800 text-xs rounded&quot;[39m
            [36m&gt;[39m
              [0mgeometry[0m
            [36m&lt;/span&gt;[39m
          [36m&lt;/button&gt;[39m
          [36m&lt;button[39m
            [33mclass[39m=[32m&quot;p-4 border-2 rounded-lg text-left transition-all border-gray-300 hover:border-blue-300&quot;[39m
          [36m&gt;[39m
            [36m&lt;h3[39m
              [33mclass[39m=[32m&quot;font-bold text-lg mb-1&quot;[39m
            [36m&gt;[39m
              [0mFonksiyonlar[0m
            [36m&lt;/h3&gt;[39m
            [36m&lt;p[39m
              [33mclass[39m=[32m&quot;text-sm text-gray-600&quot;[39m
            [36m&gt;[39m
              [0mFonksiyon grafikleri ve dönüşümleri[0m
            [36m&lt;/p&gt;[39m
            [36m&lt;span[39m
              [33mclass[39m=[32m&quot;inline-block mt-2 px-2 py-1 bg-blue-100 text-blue-800 text-xs rounded&quot;[39m
            [36m&gt;[39m
              [0malgebra[0m
            [36m&lt;/span&gt;[39m
          [36m&lt;/button&gt;[39m
          [36m&lt;button[39m
            [33mclass[39m=[32m&quot;p-4 border-2 rounded-lg text-left transition-all border-gray-300 hover:border-blue-300&quot;[39m
          [36m&gt;[39m
            [36m&lt;h3[39m
              [33mclass[39m=[32m&quot;font-bold text-lg mb-1&quot;[39m
            [36m&gt;[39m
              [0mTrigonometri[0m
            [36m&lt;/h3&gt;[39m
            [36m&lt;p[39m
              [33mclass[39m=[32m&quot;text-sm text-gray-600&quot;[39m
            [36m&gt;[39m
              [0mBirim çember ve trigonometrik fonksiyonlar[0m
            [36m&lt;/p&gt;[39m
            [36m&lt;span[39m
              [33mclass[39m=[32m&quot;inline-block mt-2 px-2 py-1 bg-blue-100 text-blue-800 text-xs rounded&quot;[39m
            [36m&gt;[39m
              [0mgeometry[0m
            [36m&lt;/span&gt;[39m
          [36m&lt;/button&gt;[39m
        [36m&lt;/div&gt;[39m
      [36m&lt;/div&gt;[39m
      [36m&lt;div[39m
        [33mclass[39m=[32m&quot;geogebra-embed mb-4&quot;[39m
      [36m&gt;[39m
        [36m&lt;iframe[39m
          [33mallow[39m=[32m&quot;fullscreen&quot;[39m
          [33mclass[39m=[32m&quot;border-2 border-gray-300 rounded&quot;[39m
          [33mheight[39m=[32m&quot;600&quot;[39m
          [33msrc[39m=[32m&quot;https://www.geogebra.org/material/iframe/id/basic&quot;[39m
          [33mtitle[39m=[32m&quot;Temel Geometri&quot;[39m
          [33mwidth[39m=[32m&quot;800&quot;[39m
        [36m/&gt;[39m
      [36m&lt;/div&gt;[39m
      [36m&lt;div[39m
        [33mclass[39m=[32m&quot;controls flex justify-between items-center&quot;[39m
      [36m&gt;[39m
        [36m&lt;div[39m
          [33mclass[39m=[32m&quot;info text-sm text-gray-600&quot;[39m
        [36m&gt;[39m
          [36m&lt;strong&gt;[39m
            [0mAktif:[0m
          [36m&lt;/strong&gt;[39m
          [0m [0m
          [0mTemel Geometri[0m
          [0m ([0m
          [0mgeometry[0m
          [0m)[0m
        [36m&lt;/div&gt;[39m
        [36m&lt;div[39m
          [33mclass[39m=[32m&quot;actions flex gap-2&quot;[39m
        [36m&gt;[39m
          [36m&lt;button[39m
            [33mclass[39m=[32m&quot;px-4 py-2 bg-gray-500 text-white rounded hover:bg-gray-600&quot;[39m
          [36m&gt;[39m
            [0mKaydet[0m
          [36m&lt;/button&gt;[39m
          [36m&lt;button[39m
            [33mclass[39m=[32m&quot;px-4 py-2 bg-green-500 text-white rounded hover:bg-green-600&quot;[39m
          [36m&gt;[39m
            [0mTamamla[0m
          [36m&lt;/button&gt;[39m
        [36m&lt;/div&gt;[39m
      [36m&lt;/div&gt;[39m
      [36m&lt;div[39m
        [33mclass[39m=[32m&quot;help-text mt-4 p-4 bg-blue-50 rounded&quot;[39m
      [36m&gt;[39m
        [36m&lt;p[39m
          [33mclass[39m=[32m&quot;text-sm text-gray-700&quot;[39m
        [36m&gt;[39m
          [36m&lt;strong&gt;[39m
            [0mGeoGebra Hakkında:[0m
          [36m&lt;/strong&gt;[39m
          [36m&lt;br /&gt;[39m
          [0mGeoGebra, dinamik matematik yazılımıdır. Geometri, cebir, istatistik ve hesaplama konularında interaktif öğrenme sağlar.[0m
          [36m&lt;br /&gt;[39m
          [36m&lt;br /&gt;[39m
          [36m&lt;strong&gt;[39m
            [0mİpuçları:[0m
          [36m&lt;/strong&gt;[39m
          [36m&lt;br /&gt;[39m
          [0m• Araçları kullanarak şekiller çizin[0m
          [36m&lt;br /&gt;[39m
          [0m• Noktaları sürükleyerek dinamik değişimleri gözlemleyin[0m
          [36m&lt;br /&gt;[39m
          [0m• Ölçüm araçlarıyla uzunluk ve açı ölçün[0m
        [36m&lt;/p&gt;[39m
      [36m&lt;/div&gt;[39m
    [36m&lt;/div&gt;[39m
  [36m&lt;/div&gt;[39m
  [36m&lt;div&gt;[39m
    [36m&lt;div[39m
      [33mclass[39m=[32m&quot;geogebra-container p-6 bg-white rounded-lg shadow-lg&quot;[39m
    [36m&gt;[39m
      [36m&lt;h2[39m
        [33mclass[39m=[32m&quot;text-2xl font-bold mb-4&quot;[39m
      [36m&gt;[39m
        [0mGeoGebra İnteraktif Matematik[0m
      [36m&lt;/h2&gt;[39m
      [36m&lt;div[39m
        [33mclass[39m=[32m&quot;applet-selector mb-4&quot;[39m
      [36m&gt;[39m
        [36m&lt;label[39m
          [33mclass[39m=[32m&quot;block text-sm font-medium mb-2&quot;[39m
        [36m&gt;[39m
          [0mAktivite Seç:[0m
        [36m&lt;/label&gt;[39m
        [36m&lt;div[39m
          [33mclass[39m=[32m&quot;grid grid-cols-1 md:grid-cols-3 gap-4&quot;[39m
        [36m&gt;[39m
          [36m&lt;button[39m
            [33mclass[39m=[32m&quot;p-4 border-2 rounded-lg text-left transition-all border-blue-500 bg-blue-50&quot;[39m
          [36m&gt;[39m
            [36m&lt;h3[39m
              [33mclass[39m=[32m&quot;font-bold text-lg mb-1&quot;[39m
            [36m&gt;[39m
              [0mTemel Geometri[0m
            [36m&lt;/h3&gt;[39m
            [36m&lt;p[39m
              [33mclass[39m=[32m&quot;text-sm text-gray-600&quot;[39m
            [36m&gt;[39m
              [0mTemel geometri şekilleri çizimi[0m
            [36m&lt;/p&gt;[39m
            [36m&lt;span[39m
              [33mclass[39m=[32m&quot;inline-block mt-2 p...

Ignored nodes: comments, script, style
[36m&lt;html&gt;[39m
  [36m&lt;head /&gt;[39m
  [36m&lt;body&gt;[39m
    [36m&lt;div&gt;[39m
      [36m&lt;div[39m
        [33mclass[39m=[32m&quot;geogebra-container p-6 bg-white rounded-lg shadow-lg&quot;[39m
      [36m&gt;[39m
        [36m&lt;h2[39m
          [33mclass[39m=[32m&quot;text-2xl font-bold mb-4&quot;[39m
        [36m&gt;[39m
          [0mGeoGebra İnteraktif Matematik[0m
        [36m&lt;/h2&gt;[39m
        [36m&lt;div[39m
          [33mclass[39m=[32m&quot;applet-selector mb-4&quot;[39m
        [36m&gt;[39m
          [36m&lt;label[39m
            [33mclass[39m=[32m&quot;block text-sm font-medium mb-2&quot;[39m
          [36m&gt;[39m
            [0mAktivite Seç:[0m
          [36m&lt;/label&gt;[39m
          [36m&lt;div[39m
            [33mclass[39m=[32m&quot;grid grid-cols-1 md:grid-cols-3 gap-4&quot;[39m
          [36m&gt;[39m
            [36m&lt;button[39m
              [33mclass[39m=[32m&quot;p-4 border-2 rounded-lg text-left transition-all border-blue-500 bg-blue-50&quot;[39m
            [36m&gt;[39m
              [36m&lt;h3[39m
                [33mclass[39m=[32m&quot;font-bold text-lg mb-1&quot;[39m
              [36m&gt;[39m
                [0mTemel Geometri[0m
              [36m&lt;/h3&gt;[39m
              [36m&lt;p[39m
                [33mclass[39m=[32m&quot;text-sm text-gray-600&quot;[39m
              [36m&gt;[39m
                [0mTemel geometri şekilleri çizimi[0m
              [36m&lt;/p&gt;[39m
              [36m&lt;span[39m
                [33mclass[39m=[32m&quot;inline-block mt-2 px-2 py-1 bg-blue-100 text-blue-800 text-xs rounded&quot;[39m
              [36m&gt;[39m
                [0mgeometry[0m
              [36m&lt;/span&gt;[39m
            [36m&lt;/button&gt;[39m
            [36m&lt;button[39m
              [33mclass[39m=[32m&quot;p-4 border-2 rounded-lg text-left transition-all border-gray-300 hover:border-blue-300&quot;[39m
            [36m&gt;[39m
              [36m&lt;h3[39m
                [33mclass[39m=[32m&quot;font-bold text-lg mb-1&quot;[39m
              [36m&gt;[39m
                [0mFonksiyonlar[0m
              [36m&lt;/h3&gt;[39m
              [36m&lt;p[39m
                [33mclass[39m=[32m&quot;text-sm text-gray-600&quot;[39m
              [36m&gt;[39m
                [0mFonksiyon grafikleri ve dönüşümleri[0m
              [36m&lt;/p&gt;[39m
              [36m&lt;span[39m
                [33mclass[39m=[32m&quot;inline-block mt-2 px-2 py-1 bg-blue-100 text-blue-800 text-xs rounded&quot;[39m
              [36m&gt;[39m
                [0malgebra[0m
              [36m&lt;/span&gt;[39m
            [36m&lt;/button&gt;[39m
            [36m&lt;button[39m
              [33mclass[39m=[32m&quot;p-4 border-2 rounded-lg text-left transition-all border-gray-300 hover:border-blue-300&quot;[39m
            [36m&gt;[39m
              [36m&lt;h3[39m
                [33mclass[39m=[32m&quot;font-bold text-lg mb-1&quot;[39m
              [36m&gt;[39m
                [0mTrigonometri[0m
              [36m&lt;/h3&gt;[39m
              [36m&lt;p[39m
                [33mclass[39m=[32m&quot;text-sm text-gray-600&quot;[39m
              [36m&gt;[39m
                [0mBirim çember ve trigonometrik fonksiyonlar[0m
              [36m&lt;/p&gt;[39m
              [36m&lt;span[39m
                [33mclass[39m=[32m&quot;inline-block mt-2 px-2 py-1 bg-blue-100 text-blue-800 text-xs rounded&quot;[39m
              [36m&gt;[39m
                [0mgeometry[0m
              [36m&lt;/span&gt;[39m
            [36m&lt;/button&gt;[39m
          [36m&lt;/div&gt;[39m
        [36m&lt;/div&gt;[39m
        [36m&lt;div[39m
          [33mclass[39m=[32m&quot;geogebra-embed mb-4&quot;[39m
        [36m&gt;[39m
          [36m&lt;iframe[39m
            [33mallow[39m=[32m&quot;fullscreen&quot;[39m
            [33mclass[39m=[32m&quot;border-2 border-gray-300 rounded&quot;[39m
            [33mheight[39m=[32m&quot;600&quot;[39m
            [33msrc[39m=[32m&quot;https://www.geogebra.org/material/iframe/id/basic&quot;[39m
            [33mtitle[39m=[32m&quot;Temel Geometri&quot;[39m
            [33mwidth[39m=[32m&quot;800&quot;[39m
          [36m/&gt;[39m
        [36m&lt;/div&gt;[39m
        [36m&lt;div[39m
          [33mclass[39m=[32m&quot;controls flex justify-between items-center&quot;[39m
        [36m&gt;[39m
          [36m&lt;div[39m
            [33mclass[39m=[32m&quot;info text-sm text-gray-600&quot;[39m
          [36m&gt;[39m
            [36m&lt;strong&gt;[39m
              [0mAktif:[0m
            [36m&lt;/strong&gt;[39m
            [0m [0m
            [0mTemel Geometri[0m
            [0m ([0m
            [0mgeometry[0m
            [0m)[0m
          [36m&lt;/div&gt;[39m
          [36m&lt;div[39m
            [33mclass[39m=[32m&quot;actions flex gap-2&quot;[39m
          [36m&gt;[39m
            [36m&lt;button[39m
              [33mclass[39m=[32m&quot;px-4 py-2 bg-gray-500 text-white rounded hover:bg-gray-600&quot;[39m
            [36m&gt;[39m
              [0mKaydet[0m
            [36m&lt;/button&gt;[39m
            [36m&lt;button[39m
              [33mclass[39m=[32m&quot;px-4 py-2 bg-green-500 text-white rounded hover:bg-green-600&quot;[39m
            [36m&gt;[39m
              [0mTamamla[0m
            [36m&lt;/button&gt;[39m
          [36m&lt;/div&gt;[39m
        [36m&lt;/div&gt;[39m
        [36m&lt;div[39m
          [33mclass[39m=[32m&quot;help-text mt-4 p-4 bg-blue-50 rounded&quot;[39m
        [36m&gt;[39m
          [36m&lt;p[39m
            [33mclass[39m=[32m&quot;text-sm text-gray-700&quot;[39m
          [36m&gt;[39m
            [36m&lt;strong&gt;[39m
              [0mGeoGebra Hakkında:[0m
            [36m&lt;/strong&gt;[39m
            [36m&lt;br /&gt;[39m
            [0mGeoGebra, dinamik matematik yazılımıdır. Geometri, cebir, istatistik ve hesaplama konularında interaktif öğrenme sağlar.[0m
            [36m&lt;br /&gt;[39m
            [36m&lt;br /&gt;[39m
            [36m&lt;strong&gt;[39m
              [0mİpuçları:[0m
            [36m&lt;/strong&gt;[39m
            [36m&lt;br /&gt;[39m
            [0m• Araçları kullanarak şekiller çizin[0m
            [36m&lt;br /&gt;[39m
            [0m• Noktaları sürükleyerek dinamik değişimleri gözlemleyin[0m
            [36m&lt;br /&gt;[39m
            [0m• Ölçüm araçlarıyla uzunluk ve açı ölçün[0m
          [36m&lt;/p&gt;[39m
        [36m&lt;/div&gt;[39m
      [36m&lt;/div&gt;[39m
    [36m&lt;/div&gt;[39m
    [36m&lt;div&gt;[39m
      [36m&lt;div[39m
        [33mclass[39m=[32m&quot;geogebra-container p-6 bg-white rounded-lg shadow-lg&quot;[39m
      [36m&gt;[39m
        [36m&lt;h2[39m
          [33mclass[39m=[32m&quot;text-2xl font-bold mb-4&quot;[39m
        [36m&gt;[39m
          [0mGeoGebra İnteraktif Matematik[0m
        [36m&lt;/h2&gt;[39m
        [36m&lt;div[39m
          [33mclass[39m=[32m&quot;applet-selector mb-4&quot;[39m
        [36m&gt;[39m
          [36m&lt;label[39m
            [33mclass[39m=[32m&quot;block text-sm font-medium mb-2&quot;[39m
          [36m&gt;[39m
            [0mAktivite Seç:[0m
          [36m&lt;/label&gt;[39m
          [36m&lt;div[39m
            [33mclass[39m=[32m&quot;grid grid-cols-1 md:grid-cols-3 gap-4&quot;[39m
          [36m&gt;[39m
            [36m&lt;button[39m
              [33mclass[39m=[32m&quot;p-4 border-2 rounded-lg text-left transition-all border-blue-500 bg-blue-50&quot;[39m
            [36m&gt;[39m
              [36m&lt;h3[39m
                [33mclass[39m=[32m&quot;font-bold t..." type="TestingLibraryElementError">
TestingLibraryElementError: Found multiple elements with the text: Tamamla

Here are the matching elements:

Ignored nodes: comments, script, style
&lt;button
  class=&quot;px-4 py-2 bg-green-500 text-white rounded hover:bg-green-600&quot;
&gt;
  Tamamla
&lt;/button&gt;

Ignored nodes: comments, script, style
&lt;button
  class=&quot;px-4 py-2 bg-green-500 text-white rounded hover:bg-green-600&quot;
&gt;
  Tamamla
&lt;/button&gt;

Ignored nodes: comments, script, style
&lt;button
  class=&quot;px-4 py-2 bg-green-500 text-white rounded hover:bg-green-600&quot;
&gt;
  Tamamla
&lt;/button&gt;

Ignored nodes: comments, script, style
&lt;button
  class=&quot;px-4 py-2 bg-green-500 text-white rounded hover:bg-green-600&quot;
&gt;
  Tamamla
&lt;/button&gt;

Ignored nodes: comments, script, style
&lt;button
  class=&quot;px-4 py-2 bg-green-500 text-white rounded hover:bg-green-600&quot;
&gt;
  Tamamla
&lt;/button&gt;

Ignored nodes: comments, script, style
&lt;button
  class=&quot;px-4 py-2 bg-green-500 text-white rounded hover:bg-green-600&quot;
  disabled=&quot;&quot;
&gt;
  Tamamla
&lt;/button&gt;

Ignored nodes: comments, script, style
&lt;button
  class=&quot;px-4 py-2 bg-green-500 text-white rounded hover:bg-green-600&quot;
&gt;
  Tamamla
&lt;/button&gt;

(If this is intentional, then use the `*AllBy*` variant of the query (like `queryAllByText`, `getAllByText`, or `findAllByText`)).

Ignored nodes: comments, script, style
&lt;body&gt;
  &lt;div&gt;
    &lt;div
      class=&quot;geogebra-container p-6 bg-white rounded-lg shadow-lg&quot;
    &gt;
      &lt;h2
        class=&quot;text-2xl font-bold mb-4&quot;
      &gt;
        GeoGebra İnteraktif Matematik
      &lt;/h2&gt;
      &lt;div
        class=&quot;applet-selector mb-4&quot;
      &gt;
        &lt;label
          class=&quot;block text-sm font-medium mb-2&quot;
        &gt;
          Aktivite Seç:
        &lt;/label&gt;
        &lt;div
          class=&quot;grid grid-cols-1 md:grid-cols-3 gap-4&quot;
        &gt;
          &lt;button
            class=&quot;p-4 border-2 rounded-lg text-left transition-all border-blue-500 bg-blue-50&quot;
          &gt;
            &lt;h3
              class=&quot;font-bold text-lg mb-1&quot;
            &gt;
              Temel Geometri
            &lt;/h3&gt;
            &lt;p
              class=&quot;text-sm text-gray-600&quot;
            &gt;
              Temel geometri şekilleri çizimi
            &lt;/p&gt;
            &lt;span
              class=&quot;inline-block mt-2 px-2 py-1 bg-blue-100 text-blue-800 text-xs rounded&quot;
            &gt;
              geometry
            &lt;/span&gt;
          &lt;/button&gt;
          &lt;button
            class=&quot;p-4 border-2 rounded-lg text-left transition-all border-gray-300 hover:border-blue-300&quot;
          &gt;
            &lt;h3
              class=&quot;font-bold text-lg mb-1&quot;
            &gt;
              Fonksiyonlar
            &lt;/h3&gt;
            &lt;p
              class=&quot;text-sm text-gray-600&quot;
            &gt;
              Fonksiyon grafikleri ve dönüşümleri
            &lt;/p&gt;
            &lt;span
              class=&quot;inline-block mt-2 px-2 py-1 bg-blue-100 text-blue-800 text-xs rounded&quot;
            &gt;
              algebra
            &lt;/span&gt;
          &lt;/button&gt;
          &lt;button
            class=&quot;p-4 border-2 rounded-lg text-left transition-all border-gray-300 hover:border-blue-300&quot;
          &gt;
            &lt;h3
              class=&quot;font-bold text-lg mb-1&quot;
            &gt;
              Trigonometri
            &lt;/h3&gt;
            &lt;p
              class=&quot;text-sm text-gray-600&quot;
            &gt;
              Birim çember ve trigonometrik fonksiyonlar
            &lt;/p&gt;
            &lt;span
              class=&quot;inline-block mt-2 px-2 py-1 bg-blue-100 text-blue-800 text-xs rounded&quot;
            &gt;
              geometry
            &lt;/span&gt;
          &lt;/button&gt;
        &lt;/div&gt;
      &lt;/div&gt;
      &lt;div
        class=&quot;geogebra-embed mb-4&quot;
      &gt;
        &lt;iframe
          allow=&quot;fullscreen&quot;
          class=&quot;border-2 border-gray-300 rounded&quot;
          height=&quot;600&quot;
          src=&quot;https://www.geogebra.org/material/iframe/id/basic&quot;
          title=&quot;Temel Geometri&quot;
          width=&quot;800&quot;
        /&gt;
      &lt;/div&gt;
      &lt;div
        class=&quot;controls flex justify-between items-center&quot;
      &gt;
        &lt;div
          class=&quot;info text-sm text-gray-600&quot;
        &gt;
          &lt;strong&gt;
            Aktif:
          &lt;/strong&gt;
           
          Temel Geometri
           (
          geometry
          )
        &lt;/div&gt;
        &lt;div
          class=&quot;actions flex gap-2&quot;
        &gt;
          &lt;button
            class=&quot;px-4 py-2 bg-gray-500 text-white rounded hover:bg-gray-600&quot;
          &gt;
            Kaydet
          &lt;/button&gt;
          &lt;button
            class=&quot;px-4 py-2 bg-green-500 text-white rounded hover:bg-green-600&quot;
          &gt;
            Tamamla
          &lt;/button&gt;
        &lt;/div&gt;
      &lt;/div&gt;
      &lt;div
        class=&quot;help-text mt-4 p-4 bg-blue-50 rounded&quot;
      &gt;
        &lt;p
          class=&quot;text-sm text-gray-700&quot;
        &gt;
          &lt;strong&gt;
            GeoGebra Hakkında:
          &lt;/strong&gt;
          &lt;br /&gt;
          GeoGebra, dinamik matematik yazılımıdır. Geometri, cebir, istatistik ve hesaplama konularında interaktif öğrenme sağlar.
          &lt;br /&gt;
          &lt;br /&gt;
          &lt;strong&gt;
            İpuçları:
          &lt;/strong&gt;
          &lt;br /&gt;
          • Araçları kullanarak şekiller çizin
          &lt;br /&gt;
          • Noktaları sürükleyerek dinamik değişimleri gözlemleyin
          &lt;br /&gt;
          • Ölçüm araçlarıyla uzunluk ve açı ölçün
        &lt;/p&gt;
      &lt;/div&gt;
    &lt;/div&gt;
  &lt;/div&gt;
  &lt;div&gt;
    &lt;div
      class=&quot;geogebra-container p-6 bg-white rounded-lg shadow-lg&quot;
    &gt;
      &lt;h2
        class=&quot;text-2xl font-bold mb-4&quot;
      &gt;
        GeoGebra İnteraktif Matematik
      &lt;/h2&gt;
      &lt;div
        class=&quot;applet-selector mb-4&quot;
      &gt;
        &lt;label
          class=&quot;block text-sm font-medium mb-2&quot;
        &gt;
          Aktivite Seç:
        &lt;/label&gt;
        &lt;div
          class=&quot;grid grid-cols-1 md:grid-cols-3 gap-4&quot;
        &gt;
          &lt;button
            class=&quot;p-4 border-2 rounded-lg text-left transition-all border-blue-500 bg-blue-50&quot;
          &gt;
            &lt;h3
              class=&quot;font-bold text-lg mb-1&quot;
            &gt;
              Temel Geometri
            &lt;/h3&gt;
            &lt;p
              class=&quot;text-sm text-gray-600&quot;
            &gt;
              Temel geometri şekilleri çizimi
            &lt;/p&gt;
            &lt;span
              class=&quot;inline-block mt-2 p...

Ignored nodes: comments, script, style
&lt;html&gt;
  &lt;head /&gt;
  &lt;body&gt;
    &lt;div&gt;
      &lt;div
        class=&quot;geogebra-container p-6 bg-white rounded-lg shadow-lg&quot;
      &gt;
        &lt;h2
          class=&quot;text-2xl font-bold mb-4&quot;
        &gt;
          GeoGebra İnteraktif Matematik
        &lt;/h2&gt;
        &lt;div
          class=&quot;applet-selector mb-4&quot;
        &gt;
          &lt;label
            class=&quot;block text-sm font-medium mb-2&quot;
          &gt;
            Aktivite Seç:
          &lt;/label&gt;
          &lt;div
            class=&quot;grid grid-cols-1 md:grid-cols-3 gap-4&quot;
          &gt;
            &lt;button
              class=&quot;p-4 border-2 rounded-lg text-left transition-all border-blue-500 bg-blue-50&quot;
            &gt;
              &lt;h3
                class=&quot;font-bold text-lg mb-1&quot;
              &gt;
                Temel Geometri
              &lt;/h3&gt;
              &lt;p
                class=&quot;text-sm text-gray-600&quot;
              &gt;
                Temel geometri şekilleri çizimi
              &lt;/p&gt;
              &lt;span
                class=&quot;inline-block mt-2 px-2 py-1 bg-blue-100 text-blue-800 text-xs rounded&quot;
              &gt;
                geometry
              &lt;/span&gt;
            &lt;/button&gt;
            &lt;button
              class=&quot;p-4 border-2 rounded-lg text-left transition-all border-gray-300 hover:border-blue-300&quot;
            &gt;
              &lt;h3
                class=&quot;font-bold text-lg mb-1&quot;
              &gt;
                Fonksiyonlar
              &lt;/h3&gt;
              &lt;p
                class=&quot;text-sm text-gray-600&quot;
              &gt;
                Fonksiyon grafikleri ve dönüşümleri
              &lt;/p&gt;
              &lt;span
                class=&quot;inline-block mt-2 px-2 py-1 bg-blue-100 text-blue-800 text-xs rounded&quot;
              &gt;
                algebra
              &lt;/span&gt;
            &lt;/button&gt;
            &lt;button
              class=&quot;p-4 border-2 rounded-lg text-left transition-all border-gray-300 hover:border-blue-300&quot;
            &gt;
              &lt;h3
                class=&quot;font-bold text-lg mb-1&quot;
              &gt;
                Trigonometri
              &lt;/h3&gt;
              &lt;p
                class=&quot;text-sm text-gray-600&quot;
              &gt;
                Birim çember ve trigonometrik fonksiyonlar
              &lt;/p&gt;
              &lt;span
                class=&quot;inline-block mt-2 px-2 py-1 bg-blue-100 text-blue-800 text-xs rounded&quot;
              &gt;
                geometry
              &lt;/span&gt;
            &lt;/button&gt;
          &lt;/div&gt;
        &lt;/div&gt;
        &lt;div
          class=&quot;geogebra-embed mb-4&quot;
        &gt;
          &lt;iframe
            allow=&quot;fullscreen&quot;
            class=&quot;border-2 border-gray-300 rounded&quot;
            height=&quot;600&quot;
            src=&quot;https://www.geogebra.org/material/iframe/id/basic&quot;
            title=&quot;Temel Geometri&quot;
            width=&quot;800&quot;
          /&gt;
        &lt;/div&gt;
        &lt;div
          class=&quot;controls flex justify-between items-center&quot;
        &gt;
          &lt;div
            class=&quot;info text-sm text-gray-600&quot;
          &gt;
            &lt;strong&gt;
              Aktif:
            &lt;/strong&gt;
             
            Temel Geometri
             (
            geometry
            )
          &lt;/div&gt;
          &lt;div
            class=&quot;actions flex gap-2&quot;
          &gt;
            &lt;button
              class=&quot;px-4 py-2 bg-gray-500 text-white rounded hover:bg-gray-600&quot;
            &gt;
              Kaydet
            &lt;/button&gt;
            &lt;button
              class=&quot;px-4 py-2 bg-green-500 text-white rounded hover:bg-green-600&quot;
            &gt;
              Tamamla
            &lt;/button&gt;
          &lt;/div&gt;
        &lt;/div&gt;
        &lt;div
          class=&quot;help-text mt-4 p-4 bg-blue-50 rounded&quot;
        &gt;
          &lt;p
            class=&quot;text-sm text-gray-700&quot;
          &gt;
            &lt;strong&gt;
              GeoGebra Hakkında:
            &lt;/strong&gt;
            &lt;br /&gt;
            GeoGebra, dinamik matematik yazılımıdır. Geometri, cebir, istatistik ve hesaplama konularında interaktif öğrenme sağlar.
            &lt;br /&gt;
            &lt;br /&gt;
            &lt;strong&gt;
              İpuçları:
            &lt;/strong&gt;
            &lt;br /&gt;
            • Araçları kullanarak şekiller çizin
            &lt;br /&gt;
            • Noktaları sürükleyerek dinamik değişimleri gözlemleyin
            &lt;br /&gt;
            • Ölçüm araçlarıyla uzunluk ve açı ölçün
          &lt;/p&gt;
        &lt;/div&gt;
      &lt;/div&gt;
    &lt;/div&gt;
    &lt;div&gt;
      &lt;div
        class=&quot;geogebra-container p-6 bg-white rounded-lg shadow-lg&quot;
      &gt;
        &lt;h2
          class=&quot;text-2xl font-bold mb-4&quot;
        &gt;
          GeoGebra İnteraktif Matematik
        &lt;/h2&gt;
        &lt;div
          class=&quot;applet-selector mb-4&quot;
        &gt;
          &lt;label
            class=&quot;block text-sm font-medium mb-2&quot;
          &gt;
            Aktivite Seç:
          &lt;/label&gt;
          &lt;div
            class=&quot;grid grid-cols-1 md:grid-cols-3 gap-4&quot;
          &gt;
            &lt;button
              class=&quot;p-4 border-2 rounded-lg text-left transition-all border-blue-500 bg-blue-50&quot;
            &gt;
              &lt;h3
                class=&quot;font-bold t...
 ❯ Proxy.waitForWrapper node_modules/@testing-library/react/node_modules/@testing-library/dom/dist/wait-for.js:163:27
 ❯ src/components/Manipulatives/__tests__/GeoGebraEmbed.test.tsx:475:11
            </failure>
            <failure message="jest is not defined" type="ReferenceError">
ReferenceError: jest is not defined
 ❯ src/components/Manipulatives/__tests__/GeoGebraEmbed.test.tsx:469:5
            </failure>
        </testcase>
        <testcase classname="src/components/Manipulatives/__tests__/GeoGebraEmbed.test.tsx" name="GeoGebraEmbed Component - Complete &gt; shows completion alert" time="1.0781222">
            <failure message="Found multiple elements with the text: Tamamla

Here are the matching elements:

Ignored nodes: comments, script, style
[36m&lt;button[39m
  [33mclass[39m=[32m&quot;px-4 py-2 bg-green-500 text-white rounded hover:bg-green-600&quot;[39m
[36m&gt;[39m
  [0mTamamla[0m
[36m&lt;/button&gt;[39m

Ignored nodes: comments, script, style
[36m&lt;button[39m
  [33mclass[39m=[32m&quot;px-4 py-2 bg-green-500 text-white rounded hover:bg-green-600&quot;[39m
[36m&gt;[39m
  [0mTamamla[0m
[36m&lt;/button&gt;[39m

Ignored nodes: comments, script, style
[36m&lt;button[39m
  [33mclass[39m=[32m&quot;px-4 py-2 bg-green-500 text-white rounded hover:bg-green-600&quot;[39m
[36m&gt;[39m
  [0mTamamla[0m
[36m&lt;/button&gt;[39m

Ignored nodes: comments, script, style
[36m&lt;button[39m
  [33mclass[39m=[32m&quot;px-4 py-2 bg-green-500 text-white rounded hover:bg-green-600&quot;[39m
[36m&gt;[39m
  [0mTamamla[0m
[36m&lt;/button&gt;[39m

Ignored nodes: comments, script, style
[36m&lt;button[39m
  [33mclass[39m=[32m&quot;px-4 py-2 bg-green-500 text-white rounded hover:bg-green-600&quot;[39m
[36m&gt;[39m
  [0mTamamla[0m
[36m&lt;/button&gt;[39m

Ignored nodes: comments, script, style
[36m&lt;button[39m
  [33mclass[39m=[32m&quot;px-4 py-2 bg-green-500 text-white rounded hover:bg-green-600&quot;[39m
  [33mdisabled[39m=[32m&quot;&quot;[39m
[36m&gt;[39m
  [0mTamamla[0m
[36m&lt;/button&gt;[39m

Ignored nodes: comments, script, style
[36m&lt;button[39m
  [33mclass[39m=[32m&quot;px-4 py-2 bg-green-500 text-white rounded hover:bg-green-600&quot;[39m
[36m&gt;[39m
  [0mTamamla[0m
[36m&lt;/button&gt;[39m

Ignored nodes: comments, script, style
[36m&lt;button[39m
  [33mclass[39m=[32m&quot;px-4 py-2 bg-green-500 text-white rounded hover:bg-green-600&quot;[39m
[36m&gt;[39m
  [0mTamamla[0m
[36m&lt;/button&gt;[39m

(If this is intentional, then use the `*AllBy*` variant of the query (like `queryAllByText`, `getAllByText`, or `findAllByText`)).

Ignored nodes: comments, script, style
[36m&lt;body&gt;[39m
  [36m&lt;div&gt;[39m
    [36m&lt;div[39m
      [33mclass[39m=[32m&quot;geogebra-container p-6 bg-white rounded-lg shadow-lg&quot;[39m
    [36m&gt;[39m
      [36m&lt;h2[39m
        [33mclass[39m=[32m&quot;text-2xl font-bold mb-4&quot;[39m
      [36m&gt;[39m
        [0mGeoGebra İnteraktif Matematik[0m
      [36m&lt;/h2&gt;[39m
      [36m&lt;div[39m
        [33mclass[39m=[32m&quot;applet-selector mb-4&quot;[39m
      [36m&gt;[39m
        [36m&lt;label[39m
          [33mclass[39m=[32m&quot;block text-sm font-medium mb-2&quot;[39m
        [36m&gt;[39m
          [0mAktivite Seç:[0m
        [36m&lt;/label&gt;[39m
        [36m&lt;div[39m
          [33mclass[39m=[32m&quot;grid grid-cols-1 md:grid-cols-3 gap-4&quot;[39m
        [36m&gt;[39m
          [36m&lt;button[39m
            [33mclass[39m=[32m&quot;p-4 border-2 rounded-lg text-left transition-all border-blue-500 bg-blue-50&quot;[39m
          [36m&gt;[39m
            [36m&lt;h3[39m
              [33mclass[39m=[32m&quot;font-bold text-lg mb-1&quot;[39m
            [36m&gt;[39m
              [0mTemel Geometri[0m
            [36m&lt;/h3&gt;[39m
            [36m&lt;p[39m
              [33mclass[39m=[32m&quot;text-sm text-gray-600&quot;[39m
            [36m&gt;[39m
              [0mTemel geometri şekilleri çizimi[0m
            [36m&lt;/p&gt;[39m
            [36m&lt;span[39m
              [33mclass[39m=[32m&quot;inline-block mt-2 px-2 py-1 bg-blue-100 text-blue-800 text-xs rounded&quot;[39m
            [36m&gt;[39m
              [0mgeometry[0m
            [36m&lt;/span&gt;[39m
          [36m&lt;/button&gt;[39m
          [36m&lt;button[39m
            [33mclass[39m=[32m&quot;p-4 border-2 rounded-lg text-left transition-all border-gray-300 hover:border-blue-300&quot;[39m
          [36m&gt;[39m
            [36m&lt;h3[39m
              [33mclass[39m=[32m&quot;font-bold text-lg mb-1&quot;[39m
            [36m&gt;[39m
              [0mFonksiyonlar[0m
            [36m&lt;/h3&gt;[39m
            [36m&lt;p[39m
              [33mclass[39m=[32m&quot;text-sm text-gray-600&quot;[39m
            [36m&gt;[39m
              [0mFonksiyon grafikleri ve dönüşümleri[0m
            [36m&lt;/p&gt;[39m
            [36m&lt;span[39m
              [33mclass[39m=[32m&quot;inline-block mt-2 px-2 py-1 bg-blue-100 text-blue-800 text-xs rounded&quot;[39m
            [36m&gt;[39m
              [0malgebra[0m
            [36m&lt;/span&gt;[39m
          [36m&lt;/button&gt;[39m
          [36m&lt;button[39m
            [33mclass[39m=[32m&quot;p-4 border-2 rounded-lg text-left transition-all border-gray-300 hover:border-blue-300&quot;[39m
          [36m&gt;[39m
            [36m&lt;h3[39m
              [33mclass[39m=[32m&quot;font-bold text-lg mb-1&quot;[39m
            [36m&gt;[39m
              [0mTrigonometri[0m
            [36m&lt;/h3&gt;[39m
            [36m&lt;p[39m
              [33mclass[39m=[32m&quot;text-sm text-gray-600&quot;[39m
            [36m&gt;[39m
              [0mBirim çember ve trigonometrik fonksiyonlar[0m
            [36m&lt;/p&gt;[39m
            [36m&lt;span[39m
              [33mclass[39m=[32m&quot;inline-block mt-2 px-2 py-1 bg-blue-100 text-blue-800 text-xs rounded&quot;[39m
            [36m&gt;[39m
              [0mgeometry[0m
            [36m&lt;/span&gt;[39m
          [36m&lt;/button&gt;[39m
        [36m&lt;/div&gt;[39m
      [36m&lt;/div&gt;[39m
      [36m&lt;div[39m
        [33mclass[39m=[32m&quot;geogebra-embed mb-4&quot;[39m
      [36m&gt;[39m
        [36m&lt;iframe[39m
          [33mallow[39m=[32m&quot;fullscreen&quot;[39m
          [33mclass[39m=[32m&quot;border-2 border-gray-300 rounded&quot;[39m
          [33mheight[39m=[32m&quot;600&quot;[39m
          [33msrc[39m=[32m&quot;https://www.geogebra.org/material/iframe/id/basic&quot;[39m
          [33mtitle[39m=[32m&quot;Temel Geometri&quot;[39m
          [33mwidth[39m=[32m&quot;800&quot;[39m
        [36m/&gt;[39m
      [36m&lt;/div&gt;[39m
      [36m&lt;div[39m
        [33mclass[39m=[32m&quot;controls flex justify-between items-center&quot;[39m
      [36m&gt;[39m
        [36m&lt;div[39m
          [33mclass[39m=[32m&quot;info text-sm text-gray-600&quot;[39m
        [36m&gt;[39m
          [36m&lt;strong&gt;[39m
            [0mAktif:[0m
          [36m&lt;/strong&gt;[39m
          [0m [0m
          [0mTemel Geometri[0m
          [0m ([0m
          [0mgeometry[0m
          [0m)[0m
        [36m&lt;/div&gt;[39m
        [36m&lt;div[39m
          [33mclass[39m=[32m&quot;actions flex gap-2&quot;[39m
        [36m&gt;[39m
          [36m&lt;button[39m
            [33mclass[39m=[32m&quot;px-4 py-2 bg-gray-500 text-white rounded hover:bg-gray-600&quot;[39m
          [36m&gt;[39m
            [0mKaydet[0m
          [36m&lt;/button&gt;[39m
          [36m&lt;button[39m
            [33mclass[39m=[32m&quot;px-4 py-2 bg-green-500 text-white rounded hover:bg-green-600&quot;[39m
          [36m&gt;[39m
            [0mTamamla[0m
          [36m&lt;/button&gt;[39m
        [36m&lt;/div&gt;[39m
      [36m&lt;/div&gt;[39m
      [36m&lt;div[39m
        [33mclass[39m=[32m&quot;help-text mt-4 p-4 bg-blue-50 rounded&quot;[39m
      [36m&gt;[39m
        [36m&lt;p[39m
          [33mclass[39m=[32m&quot;text-sm text-gray-700&quot;[39m
        [36m&gt;[39m
          [36m&lt;strong&gt;[39m
            [0mGeoGebra Hakkında:[0m
          [36m&lt;/strong&gt;[39m
          [36m&lt;br /&gt;[39m
          [0mGeoGebra, dinamik matematik yazılımıdır. Geometri, cebir, istatistik ve hesaplama konularında interaktif öğrenme sağlar.[0m
          [36m&lt;br /&gt;[39m
          [36m&lt;br /&gt;[39m
          [36m&lt;strong&gt;[39m
            [0mİpuçları:[0m
          [36m&lt;/strong&gt;[39m
          [36m&lt;br /&gt;[39m
          [0m• Araçları kullanarak şekiller çizin[0m
          [36m&lt;br /&gt;[39m
          [0m• Noktaları sürükleyerek dinamik değişimleri gözlemleyin[0m
          [36m&lt;br /&gt;[39m
          [0m• Ölçüm araçlarıyla uzunluk ve açı ölçün[0m
        [36m&lt;/p&gt;[39m
      [36m&lt;/div&gt;[39m
    [36m&lt;/div&gt;[39m
  [36m&lt;/div&gt;[39m
  [36m&lt;div&gt;[39m
    [36m&lt;div[39m
      [33mclass[39m=[32m&quot;geogebra-container p-6 bg-white rounded-lg shadow-lg&quot;[39m
    [36m&gt;[39m
      [36m&lt;h2[39m
        [33mclass[39m=[32m&quot;text-2xl font-bold mb-4&quot;[39m
      [36m&gt;[39m
        [0mGeoGebra İnteraktif Matematik[0m
      [36m&lt;/h2&gt;[39m
      [36m&lt;div[39m
        [33mclass[39m=[32m&quot;applet-selector mb-4&quot;[39m
      [36m&gt;[39m
        [36m&lt;label[39m
          [33mclass[39m=[32m&quot;block text-sm font-medium mb-2&quot;[39m
        [36m&gt;[39m
          [0mAktivite Seç:[0m
        [36m&lt;/label&gt;[39m
        [36m&lt;div[39m
          [33mclass[39m=[32m&quot;grid grid-cols-1 md:grid-cols-3 gap-4&quot;[39m
        [36m&gt;[39m
          [36m&lt;button[39m
            [33mclass[39m=[32m&quot;p-4 border-2 rounded-lg text-left transition-all border-blue-500 bg-blue-50&quot;[39m
          [36m&gt;[39m
            [36m&lt;h3[39m
              [33mclass[39m=[32m&quot;font-bold text-lg mb-1&quot;[39m
            [36m&gt;[39m
              [0mTemel Geometri[0m
            [36m&lt;/h3&gt;[39m
            [36m&lt;p[39m
              [33mclass[39m=[32m&quot;text-sm text-gray-600&quot;[39m
            [36m&gt;[39m
              [0mTemel geometri şekilleri çizimi[0m
            [36m&lt;/p&gt;[39m
            [36m&lt;span[39m
              [33mclass[39m=[32m&quot;inline-block mt-2 p...

Ignored nodes: comments, script, style
[36m&lt;html&gt;[39m
  [36m&lt;head /&gt;[39m
  [36m&lt;body&gt;[39m
    [36m&lt;div&gt;[39m
      [36m&lt;div[39m
        [33mclass[39m=[32m&quot;geogebra-container p-6 bg-white rounded-lg shadow-lg&quot;[39m
      [36m&gt;[39m
        [36m&lt;h2[39m
          [33mclass[39m=[32m&quot;text-2xl font-bold mb-4&quot;[39m
        [36m&gt;[39m
          [0mGeoGebra İnteraktif Matematik[0m
        [36m&lt;/h2&gt;[39m
        [36m&lt;div[39m
          [33mclass[39m=[32m&quot;applet-selector mb-4&quot;[39m
        [36m&gt;[39m
          [36m&lt;label[39m
            [33mclass[39m=[32m&quot;block text-sm font-medium mb-2&quot;[39m
          [36m&gt;[39m
            [0mAktivite Seç:[0m
          [36m&lt;/label&gt;[39m
          [36m&lt;div[39m
            [33mclass[39m=[32m&quot;grid grid-cols-1 md:grid-cols-3 gap-4&quot;[39m
          [36m&gt;[39m
            [36m&lt;button[39m
              [33mclass[39m=[32m&quot;p-4 border-2 rounded-lg text-left transition-all border-blue-500 bg-blue-50&quot;[39m
            [36m&gt;[39m
              [36m&lt;h3[39m
                [33mclass[39m=[32m&quot;font-bold text-lg mb-1&quot;[39m
              [36m&gt;[39m
                [0mTemel Geometri[0m
              [36m&lt;/h3&gt;[39m
              [36m&lt;p[39m
                [33mclass[39m=[32m&quot;text-sm text-gray-600&quot;[39m
              [36m&gt;[39m
                [0mTemel geometri şekilleri çizimi[0m
              [36m&lt;/p&gt;[39m
              [36m&lt;span[39m
                [33mclass[39m=[32m&quot;inline-block mt-2 px-2 py-1 bg-blue-100 text-blue-800 text-xs rounded&quot;[39m
              [36m&gt;[39m
                [0mgeometry[0m
              [36m&lt;/span&gt;[39m
            [36m&lt;/button&gt;[39m
            [36m&lt;button[39m
              [33mclass[39m=[32m&quot;p-4 border-2 rounded-lg text-left transition-all border-gray-300 hover:border-blue-300&quot;[39m
            [36m&gt;[39m
              [36m&lt;h3[39m
                [33mclass[39m=[32m&quot;font-bold text-lg mb-1&quot;[39m
              [36m&gt;[39m
                [0mFonksiyonlar[0m
              [36m&lt;/h3&gt;[39m
              [36m&lt;p[39m
                [33mclass[39m=[32m&quot;text-sm text-gray-600&quot;[39m
              [36m&gt;[39m
                [0mFonksiyon grafikleri ve dönüşümleri[0m
              [36m&lt;/p&gt;[39m
              [36m&lt;span[39m
                [33mclass[39m=[32m&quot;inline-block mt-2 px-2 py-1 bg-blue-100 text-blue-800 text-xs rounded&quot;[39m
              [36m&gt;[39m
                [0malgebra[0m
              [36m&lt;/span&gt;[39m
            [36m&lt;/button&gt;[39m
            [36m&lt;button[39m
              [33mclass[39m=[32m&quot;p-4 border-2 rounded-lg text-left transition-all border-gray-300 hover:border-blue-300&quot;[39m
            [36m&gt;[39m
              [36m&lt;h3[39m
                [33mclass[39m=[32m&quot;font-bold text-lg mb-1&quot;[39m
              [36m&gt;[39m
                [0mTrigonometri[0m
              [36m&lt;/h3&gt;[39m
              [36m&lt;p[39m
                [33mclass[39m=[32m&quot;text-sm text-gray-600&quot;[39m
              [36m&gt;[39m
                [0mBirim çember ve trigonometrik fonksiyonlar[0m
              [36m&lt;/p&gt;[39m
              [36m&lt;span[39m
                [33mclass[39m=[32m&quot;inline-block mt-2 px-2 py-1 bg-blue-100 text-blue-800 text-xs rounded&quot;[39m
              [36m&gt;[39m
                [0mgeometry[0m
              [36m&lt;/span&gt;[39m
            [36m&lt;/button&gt;[39m
          [36m&lt;/div&gt;[39m
        [36m&lt;/div&gt;[39m
        [36m&lt;div[39m
          [33mclass[39m=[32m&quot;geogebra-embed mb-4&quot;[39m
        [36m&gt;[39m
          [36m&lt;iframe[39m
            [33mallow[39m=[32m&quot;fullscreen&quot;[39m
            [33mclass[39m=[32m&quot;border-2 border-gray-300 rounded&quot;[39m
            [33mheight[39m=[32m&quot;600&quot;[39m
            [33msrc[39m=[32m&quot;https://www.geogebra.org/material/iframe/id/basic&quot;[39m
            [33mtitle[39m=[32m&quot;Temel Geometri&quot;[39m
            [33mwidth[39m=[32m&quot;800&quot;[39m
          [36m/&gt;[39m
        [36m&lt;/div&gt;[39m
        [36m&lt;div[39m
          [33mclass[39m=[32m&quot;controls flex justify-between items-center&quot;[39m
        [36m&gt;[39m
          [36m&lt;div[39m
            [33mclass[39m=[32m&quot;info text-sm text-gray-600&quot;[39m
          [36m&gt;[39m
            [36m&lt;strong&gt;[39m
              [0mAktif:[0m
            [36m&lt;/strong&gt;[39m
            [0m [0m
            [0mTemel Geometri[0m
            [0m ([0m
            [0mgeometry[0m
            [0m)[0m
          [36m&lt;/div&gt;[39m
          [36m&lt;div[39m
            [33mclass[39m=[32m&quot;actions flex gap-2&quot;[39m
          [36m&gt;[39m
            [36m&lt;button[39m
              [33mclass[39m=[32m&quot;px-4 py-2 bg-gray-500 text-white rounded hover:bg-gray-600&quot;[39m
            [36m&gt;[39m
              [0mKaydet[0m
            [36m&lt;/button&gt;[39m
            [36m&lt;button[39m
              [33mclass[39m=[32m&quot;px-4 py-2 bg-green-500 text-white rounded hover:bg-green-600&quot;[39m
            [36m&gt;[39m
              [0mTamamla[0m
            [36m&lt;/button&gt;[39m
          [36m&lt;/div&gt;[39m
        [36m&lt;/div&gt;[39m
        [36m&lt;div[39m
          [33mclass[39m=[32m&quot;help-text mt-4 p-4 bg-blue-50 rounded&quot;[39m
        [36m&gt;[39m
          [36m&lt;p[39m
            [33mclass[39m=[32m&quot;text-sm text-gray-700&quot;[39m
          [36m&gt;[39m
            [36m&lt;strong&gt;[39m
              [0mGeoGebra Hakkında:[0m
            [36m&lt;/strong&gt;[39m
            [36m&lt;br /&gt;[39m
            [0mGeoGebra, dinamik matematik yazılımıdır. Geometri, cebir, istatistik ve hesaplama konularında interaktif öğrenme sağlar.[0m
            [36m&lt;br /&gt;[39m
            [36m&lt;br /&gt;[39m
            [36m&lt;strong&gt;[39m
              [0mİpuçları:[0m
            [36m&lt;/strong&gt;[39m
            [36m&lt;br /&gt;[39m
            [0m• Araçları kullanarak şekiller çizin[0m
            [36m&lt;br /&gt;[39m
            [0m• Noktaları sürükleyerek dinamik değişimleri gözlemleyin[0m
            [36m&lt;br /&gt;[39m
            [0m• Ölçüm araçlarıyla uzunluk ve açı ölçün[0m
          [36m&lt;/p&gt;[39m
        [36m&lt;/div&gt;[39m
      [36m&lt;/div&gt;[39m
    [36m&lt;/div&gt;[39m
    [36m&lt;div&gt;[39m
      [36m&lt;div[39m
        [33mclass[39m=[32m&quot;geogebra-container p-6 bg-white rounded-lg shadow-lg&quot;[39m
      [36m&gt;[39m
        [36m&lt;h2[39m
          [33mclass[39m=[32m&quot;text-2xl font-bold mb-4&quot;[39m
        [36m&gt;[39m
          [0mGeoGebra İnteraktif Matematik[0m
        [36m&lt;/h2&gt;[39m
        [36m&lt;div[39m
          [33mclass[39m=[32m&quot;applet-selector mb-4&quot;[39m
        [36m&gt;[39m
          [36m&lt;label[39m
            [33mclass[39m=[32m&quot;block text-sm font-medium mb-2&quot;[39m
          [36m&gt;[39m
            [0mAktivite Seç:[0m
          [36m&lt;/label&gt;[39m
          [36m&lt;div[39m
            [33mclass[39m=[32m&quot;grid grid-cols-1 md:grid-cols-3 gap-4&quot;[39m
          [36m&gt;[39m
            [36m&lt;button[39m
              [33mclass[39m=[32m&quot;p-4 border-2 rounded-lg text-left transition-all border-blue-500 bg-blue-50&quot;[39m
            [36m&gt;[39m
              [36m&lt;h3[39m
                [33mclass[39m=[32m&quot;font-bold t..." type="TestingLibraryElementError">
TestingLibraryElementError: Found multiple elements with the text: Tamamla

Here are the matching elements:

Ignored nodes: comments, script, style
&lt;button
  class=&quot;px-4 py-2 bg-green-500 text-white rounded hover:bg-green-600&quot;
&gt;
  Tamamla
&lt;/button&gt;

Ignored nodes: comments, script, style
&lt;button
  class=&quot;px-4 py-2 bg-green-500 text-white rounded hover:bg-green-600&quot;
&gt;
  Tamamla
&lt;/button&gt;

Ignored nodes: comments, script, style
&lt;button
  class=&quot;px-4 py-2 bg-green-500 text-white rounded hover:bg-green-600&quot;
&gt;
  Tamamla
&lt;/button&gt;

Ignored nodes: comments, script, style
&lt;button
  class=&quot;px-4 py-2 bg-green-500 text-white rounded hover:bg-green-600&quot;
&gt;
  Tamamla
&lt;/button&gt;

Ignored nodes: comments, script, style
&lt;button
  class=&quot;px-4 py-2 bg-green-500 text-white rounded hover:bg-green-600&quot;
&gt;
  Tamamla
&lt;/button&gt;

Ignored nodes: comments, script, style
&lt;button
  class=&quot;px-4 py-2 bg-green-500 text-white rounded hover:bg-green-600&quot;
  disabled=&quot;&quot;
&gt;
  Tamamla
&lt;/button&gt;

Ignored nodes: comments, script, style
&lt;button
  class=&quot;px-4 py-2 bg-green-500 text-white rounded hover:bg-green-600&quot;
&gt;
  Tamamla
&lt;/button&gt;

Ignored nodes: comments, script, style
&lt;button
  class=&quot;px-4 py-2 bg-green-500 text-white rounded hover:bg-green-600&quot;
&gt;
  Tamamla
&lt;/button&gt;

(If this is intentional, then use the `*AllBy*` variant of the query (like `queryAllByText`, `getAllByText`, or `findAllByText`)).

Ignored nodes: comments, script, style
&lt;body&gt;
  &lt;div&gt;
    &lt;div
      class=&quot;geogebra-container p-6 bg-white rounded-lg shadow-lg&quot;
    &gt;
      &lt;h2
        class=&quot;text-2xl font-bold mb-4&quot;
      &gt;
        GeoGebra İnteraktif Matematik
      &lt;/h2&gt;
      &lt;div
        class=&quot;applet-selector mb-4&quot;
      &gt;
        &lt;label
          class=&quot;block text-sm font-medium mb-2&quot;
        &gt;
          Aktivite Seç:
        &lt;/label&gt;
        &lt;div
          class=&quot;grid grid-cols-1 md:grid-cols-3 gap-4&quot;
        &gt;
          &lt;button
            class=&quot;p-4 border-2 rounded-lg text-left transition-all border-blue-500 bg-blue-50&quot;
          &gt;
            &lt;h3
              class=&quot;font-bold text-lg mb-1&quot;
            &gt;
              Temel Geometri
            &lt;/h3&gt;
            &lt;p
              class=&quot;text-sm text-gray-600&quot;
            &gt;
              Temel geometri şekilleri çizimi
            &lt;/p&gt;
            &lt;span
              class=&quot;inline-block mt-2 px-2 py-1 bg-blue-100 text-blue-800 text-xs rounded&quot;
            &gt;
              geometry
            &lt;/span&gt;
          &lt;/button&gt;
          &lt;button
            class=&quot;p-4 border-2 rounded-lg text-left transition-all border-gray-300 hover:border-blue-300&quot;
          &gt;
            &lt;h3
              class=&quot;font-bold text-lg mb-1&quot;
            &gt;
              Fonksiyonlar
            &lt;/h3&gt;
            &lt;p
              class=&quot;text-sm text-gray-600&quot;
            &gt;
              Fonksiyon grafikleri ve dönüşümleri
            &lt;/p&gt;
            &lt;span
              class=&quot;inline-block mt-2 px-2 py-1 bg-blue-100 text-blue-800 text-xs rounded&quot;
            &gt;
              algebra
            &lt;/span&gt;
          &lt;/button&gt;
          &lt;button
            class=&quot;p-4 border-2 rounded-lg text-left transition-all border-gray-300 hover:border-blue-300&quot;
          &gt;
            &lt;h3
              class=&quot;font-bold text-lg mb-1&quot;
            &gt;
              Trigonometri
            &lt;/h3&gt;
            &lt;p
              class=&quot;text-sm text-gray-600&quot;
            &gt;
              Birim çember ve trigonometrik fonksiyonlar
            &lt;/p&gt;
            &lt;span
              class=&quot;inline-block mt-2 px-2 py-1 bg-blue-100 text-blue-800 text-xs rounded&quot;
            &gt;
              geometry
            &lt;/span&gt;
          &lt;/button&gt;
        &lt;/div&gt;
      &lt;/div&gt;
      &lt;div
        class=&quot;geogebra-embed mb-4&quot;
      &gt;
        &lt;iframe
          allow=&quot;fullscreen&quot;
          class=&quot;border-2 border-gray-300 rounded&quot;
          height=&quot;600&quot;
          src=&quot;https://www.geogebra.org/material/iframe/id/basic&quot;
          title=&quot;Temel Geometri&quot;
          width=&quot;800&quot;
        /&gt;
      &lt;/div&gt;
      &lt;div
        class=&quot;controls flex justify-between items-center&quot;
      &gt;
        &lt;div
          class=&quot;info text-sm text-gray-600&quot;
        &gt;
          &lt;strong&gt;
            Aktif:
          &lt;/strong&gt;
           
          Temel Geometri
           (
          geometry
          )
        &lt;/div&gt;
        &lt;div
          class=&quot;actions flex gap-2&quot;
        &gt;
          &lt;button
            class=&quot;px-4 py-2 bg-gray-500 text-white rounded hover:bg-gray-600&quot;
          &gt;
            Kaydet
          &lt;/button&gt;
          &lt;button
            class=&quot;px-4 py-2 bg-green-500 text-white rounded hover:bg-green-600&quot;
          &gt;
            Tamamla
          &lt;/button&gt;
        &lt;/div&gt;
      &lt;/div&gt;
      &lt;div
        class=&quot;help-text mt-4 p-4 bg-blue-50 rounded&quot;
      &gt;
        &lt;p
          class=&quot;text-sm text-gray-700&quot;
        &gt;
          &lt;strong&gt;
            GeoGebra Hakkında:
          &lt;/strong&gt;
          &lt;br /&gt;
          GeoGebra, dinamik matematik yazılımıdır. Geometri, cebir, istatistik ve hesaplama konularında interaktif öğrenme sağlar.
          &lt;br /&gt;
          &lt;br /&gt;
          &lt;strong&gt;
            İpuçları:
          &lt;/strong&gt;
          &lt;br /&gt;
          • Araçları kullanarak şekiller çizin
          &lt;br /&gt;
          • Noktaları sürükleyerek dinamik değişimleri gözlemleyin
          &lt;br /&gt;
          • Ölçüm araçlarıyla uzunluk ve açı ölçün
        &lt;/p&gt;
      &lt;/div&gt;
    &lt;/div&gt;
  &lt;/div&gt;
  &lt;div&gt;
    &lt;div
      class=&quot;geogebra-container p-6 bg-white rounded-lg shadow-lg&quot;
    &gt;
      &lt;h2
        class=&quot;text-2xl font-bold mb-4&quot;
      &gt;
        GeoGebra İnteraktif Matematik
      &lt;/h2&gt;
      &lt;div
        class=&quot;applet-selector mb-4&quot;
      &gt;
        &lt;label
          class=&quot;block text-sm font-medium mb-2&quot;
        &gt;
          Aktivite Seç:
        &lt;/label&gt;
        &lt;div
          class=&quot;grid grid-cols-1 md:grid-cols-3 gap-4&quot;
        &gt;
          &lt;button
            class=&quot;p-4 border-2 rounded-lg text-left transition-all border-blue-500 bg-blue-50&quot;
          &gt;
            &lt;h3
              class=&quot;font-bold text-lg mb-1&quot;
            &gt;
              Temel Geometri
            &lt;/h3&gt;
            &lt;p
              class=&quot;text-sm text-gray-600&quot;
            &gt;
              Temel geometri şekilleri çizimi
            &lt;/p&gt;
            &lt;span
              class=&quot;inline-block mt-2 p...

Ignored nodes: comments, script, style
&lt;html&gt;
  &lt;head /&gt;
  &lt;body&gt;
    &lt;div&gt;
      &lt;div
        class=&quot;geogebra-container p-6 bg-white rounded-lg shadow-lg&quot;
      &gt;
        &lt;h2
          class=&quot;text-2xl font-bold mb-4&quot;
        &gt;
          GeoGebra İnteraktif Matematik
        &lt;/h2&gt;
        &lt;div
          class=&quot;applet-selector mb-4&quot;
        &gt;
          &lt;label
            class=&quot;block text-sm font-medium mb-2&quot;
          &gt;
            Aktivite Seç:
          &lt;/label&gt;
          &lt;div
            class=&quot;grid grid-cols-1 md:grid-cols-3 gap-4&quot;
          &gt;
            &lt;button
              class=&quot;p-4 border-2 rounded-lg text-left transition-all border-blue-500 bg-blue-50&quot;
            &gt;
              &lt;h3
                class=&quot;font-bold text-lg mb-1&quot;
              &gt;
                Temel Geometri
              &lt;/h3&gt;
              &lt;p
                class=&quot;text-sm text-gray-600&quot;
              &gt;
                Temel geometri şekilleri çizimi
              &lt;/p&gt;
              &lt;span
                class=&quot;inline-block mt-2 px-2 py-1 bg-blue-100 text-blue-800 text-xs rounded&quot;
              &gt;
                geometry
              &lt;/span&gt;
            &lt;/button&gt;
            &lt;button
              class=&quot;p-4 border-2 rounded-lg text-left transition-all border-gray-300 hover:border-blue-300&quot;
            &gt;
              &lt;h3
                class=&quot;font-bold text-lg mb-1&quot;
              &gt;
                Fonksiyonlar
              &lt;/h3&gt;
              &lt;p
                class=&quot;text-sm text-gray-600&quot;
              &gt;
                Fonksiyon grafikleri ve dönüşümleri
              &lt;/p&gt;
              &lt;span
                class=&quot;inline-block mt-2 px-2 py-1 bg-blue-100 text-blue-800 text-xs rounded&quot;
              &gt;
                algebra
              &lt;/span&gt;
            &lt;/button&gt;
            &lt;button
              class=&quot;p-4 border-2 rounded-lg text-left transition-all border-gray-300 hover:border-blue-300&quot;
            &gt;
              &lt;h3
                class=&quot;font-bold text-lg mb-1&quot;
              &gt;
                Trigonometri
              &lt;/h3&gt;
              &lt;p
                class=&quot;text-sm text-gray-600&quot;
              &gt;
                Birim çember ve trigonometrik fonksiyonlar
              &lt;/p&gt;
              &lt;span
                class=&quot;inline-block mt-2 px-2 py-1 bg-blue-100 text-blue-800 text-xs rounded&quot;
              &gt;
                geometry
              &lt;/span&gt;
            &lt;/button&gt;
          &lt;/div&gt;
        &lt;/div&gt;
        &lt;div
          class=&quot;geogebra-embed mb-4&quot;
        &gt;
          &lt;iframe
            allow=&quot;fullscreen&quot;
            class=&quot;border-2 border-gray-300 rounded&quot;
            height=&quot;600&quot;
            src=&quot;https://www.geogebra.org/material/iframe/id/basic&quot;
            title=&quot;Temel Geometri&quot;
            width=&quot;800&quot;
          /&gt;
        &lt;/div&gt;
        &lt;div
          class=&quot;controls flex justify-between items-center&quot;
        &gt;
          &lt;div
            class=&quot;info text-sm text-gray-600&quot;
          &gt;
            &lt;strong&gt;
              Aktif:
            &lt;/strong&gt;
             
            Temel Geometri
             (
            geometry
            )
          &lt;/div&gt;
          &lt;div
            class=&quot;actions flex gap-2&quot;
          &gt;
            &lt;button
              class=&quot;px-4 py-2 bg-gray-500 text-white rounded hover:bg-gray-600&quot;
            &gt;
              Kaydet
            &lt;/button&gt;
            &lt;button
              class=&quot;px-4 py-2 bg-green-500 text-white rounded hover:bg-green-600&quot;
            &gt;
              Tamamla
            &lt;/button&gt;
          &lt;/div&gt;
        &lt;/div&gt;
        &lt;div
          class=&quot;help-text mt-4 p-4 bg-blue-50 rounded&quot;
        &gt;
          &lt;p
            class=&quot;text-sm text-gray-700&quot;
          &gt;
            &lt;strong&gt;
              GeoGebra Hakkında:
            &lt;/strong&gt;
            &lt;br /&gt;
            GeoGebra, dinamik matematik yazılımıdır. Geometri, cebir, istatistik ve hesaplama konularında interaktif öğrenme sağlar.
            &lt;br /&gt;
            &lt;br /&gt;
            &lt;strong&gt;
              İpuçları:
            &lt;/strong&gt;
            &lt;br /&gt;
            • Araçları kullanarak şekiller çizin
            &lt;br /&gt;
            • Noktaları sürükleyerek dinamik değişimleri gözlemleyin
            &lt;br /&gt;
            • Ölçüm araçlarıyla uzunluk ve açı ölçün
          &lt;/p&gt;
        &lt;/div&gt;
      &lt;/div&gt;
    &lt;/div&gt;
    &lt;div&gt;
      &lt;div
        class=&quot;geogebra-container p-6 bg-white rounded-lg shadow-lg&quot;
      &gt;
        &lt;h2
          class=&quot;text-2xl font-bold mb-4&quot;
        &gt;
          GeoGebra İnteraktif Matematik
        &lt;/h2&gt;
        &lt;div
          class=&quot;applet-selector mb-4&quot;
        &gt;
          &lt;label
            class=&quot;block text-sm font-medium mb-2&quot;
          &gt;
            Aktivite Seç:
          &lt;/label&gt;
          &lt;div
            class=&quot;grid grid-cols-1 md:grid-cols-3 gap-4&quot;
          &gt;
            &lt;button
              class=&quot;p-4 border-2 rounded-lg text-left transition-all border-blue-500 bg-blue-50&quot;
            &gt;
              &lt;h3
                class=&quot;font-bold t...
 ❯ Proxy.waitForWrapper node_modules/@testing-library/react/node_modules/@testing-library/dom/dist/wait-for.js:163:27
 ❯ src/components/Manipulatives/__tests__/GeoGebraEmbed.test.tsx:498:11
            </failure>
            <failure message="jest is not defined" type="ReferenceError">
ReferenceError: jest is not defined
 ❯ src/components/Manipulatives/__tests__/GeoGebraEmbed.test.tsx:469:5
            </failure>
        </testcase>
        <testcase classname="src/components/Manipulatives/__tests__/GeoGebraEmbed.test.tsx" name="GeoGebraEmbed Component - Complete &gt; calls onActivityComplete callback" time="1.03696">
            <failure message="Found multiple elements with the text: Tamamla

Here are the matching elements:

Ignored nodes: comments, script, style
[36m&lt;button[39m
  [33mclass[39m=[32m&quot;px-4 py-2 bg-green-500 text-white rounded hover:bg-green-600&quot;[39m
[36m&gt;[39m
  [0mTamamla[0m
[36m&lt;/button&gt;[39m

Ignored nodes: comments, script, style
[36m&lt;button[39m
  [33mclass[39m=[32m&quot;px-4 py-2 bg-green-500 text-white rounded hover:bg-green-600&quot;[39m
[36m&gt;[39m
  [0mTamamla[0m
[36m&lt;/button&gt;[39m

Ignored nodes: comments, script, style
[36m&lt;button[39m
  [33mclass[39m=[32m&quot;px-4 py-2 bg-green-500 text-white rounded hover:bg-green-600&quot;[39m
[36m&gt;[39m
  [0mTamamla[0m
[36m&lt;/button&gt;[39m

Ignored nodes: comments, script, style
[36m&lt;button[39m
  [33mclass[39m=[32m&quot;px-4 py-2 bg-green-500 text-white rounded hover:bg-green-600&quot;[39m
[36m&gt;[39m
  [0mTamamla[0m
[36m&lt;/button&gt;[39m

Ignored nodes: comments, script, style
[36m&lt;button[39m
  [33mclass[39m=[32m&quot;px-4 py-2 bg-green-500 text-white rounded hover:bg-green-600&quot;[39m
[36m&gt;[39m
  [0mTamamla[0m
[36m&lt;/button&gt;[39m

Ignored nodes: comments, script, style
[36m&lt;button[39m
  [33mclass[39m=[32m&quot;px-4 py-2 bg-green-500 text-white rounded hover:bg-green-600&quot;[39m
  [33mdisabled[39m=[32m&quot;&quot;[39m
[36m&gt;[39m
  [0mTamamla[0m
[36m&lt;/button&gt;[39m

Ignored nodes: comments, script, style
[36m&lt;button[39m
  [33mclass[39m=[32m&quot;px-4 py-2 bg-green-500 text-white rounded hover:bg-green-600&quot;[39m
[36m&gt;[39m
  [0mTamamla[0m
[36m&lt;/button&gt;[39m

Ignored nodes: comments, script, style
[36m&lt;button[39m
  [33mclass[39m=[32m&quot;px-4 py-2 bg-green-500 text-white rounded hover:bg-green-600&quot;[39m
[36m&gt;[39m
  [0mTamamla[0m
[36m&lt;/button&gt;[39m

Ignored nodes: comments, script, style
[36m&lt;button[39m
  [33mclass[39m=[32m&quot;px-4 py-2 bg-green-500 text-white rounded hover:bg-green-600&quot;[39m
[36m&gt;[39m
  [0mTamamla[0m
[36m&lt;/button&gt;[39m

(If this is intentional, then use the `*AllBy*` variant of the query (like `queryAllByText`, `getAllByText`, or `findAllByText`)).

Ignored nodes: comments, script, style
[36m&lt;body&gt;[39m
  [36m&lt;div&gt;[39m
    [36m&lt;div[39m
      [33mclass[39m=[32m&quot;geogebra-container p-6 bg-white rounded-lg shadow-lg&quot;[39m
    [36m&gt;[39m
      [36m&lt;h2[39m
        [33mclass[39m=[32m&quot;text-2xl font-bold mb-4&quot;[39m
      [36m&gt;[39m
        [0mGeoGebra İnteraktif Matematik[0m
      [36m&lt;/h2&gt;[39m
      [36m&lt;div[39m
        [33mclass[39m=[32m&quot;applet-selector mb-4&quot;[39m
      [36m&gt;[39m
        [36m&lt;label[39m
          [33mclass[39m=[32m&quot;block text-sm font-medium mb-2&quot;[39m
        [36m&gt;[39m
          [0mAktivite Seç:[0m
        [36m&lt;/label&gt;[39m
        [36m&lt;div[39m
          [33mclass[39m=[32m&quot;grid grid-cols-1 md:grid-cols-3 gap-4&quot;[39m
        [36m&gt;[39m
          [36m&lt;button[39m
            [33mclass[39m=[32m&quot;p-4 border-2 rounded-lg text-left transition-all border-blue-500 bg-blue-50&quot;[39m
          [36m&gt;[39m
            [36m&lt;h3[39m
              [33mclass[39m=[32m&quot;font-bold text-lg mb-1&quot;[39m
            [36m&gt;[39m
              [0mTemel Geometri[0m
            [36m&lt;/h3&gt;[39m
            [36m&lt;p[39m
              [33mclass[39m=[32m&quot;text-sm text-gray-600&quot;[39m
            [36m&gt;[39m
              [0mTemel geometri şekilleri çizimi[0m
            [36m&lt;/p&gt;[39m
            [36m&lt;span[39m
              [33mclass[39m=[32m&quot;inline-block mt-2 px-2 py-1 bg-blue-100 text-blue-800 text-xs rounded&quot;[39m
            [36m&gt;[39m
              [0mgeometry[0m
            [36m&lt;/span&gt;[39m
          [36m&lt;/button&gt;[39m
          [36m&lt;button[39m
            [33mclass[39m=[32m&quot;p-4 border-2 rounded-lg text-left transition-all border-gray-300 hover:border-blue-300&quot;[39m
          [36m&gt;[39m
            [36m&lt;h3[39m
              [33mclass[39m=[32m&quot;font-bold text-lg mb-1&quot;[39m
            [36m&gt;[39m
              [0mFonksiyonlar[0m
            [36m&lt;/h3&gt;[39m
            [36m&lt;p[39m
              [33mclass[39m=[32m&quot;text-sm text-gray-600&quot;[39m
            [36m&gt;[39m
              [0mFonksiyon grafikleri ve dönüşümleri[0m
            [36m&lt;/p&gt;[39m
            [36m&lt;span[39m
              [33mclass[39m=[32m&quot;inline-block mt-2 px-2 py-1 bg-blue-100 text-blue-800 text-xs rounded&quot;[39m
            [36m&gt;[39m
              [0malgebra[0m
            [36m&lt;/span&gt;[39m
          [36m&lt;/button&gt;[39m
          [36m&lt;button[39m
            [33mclass[39m=[32m&quot;p-4 border-2 rounded-lg text-left transition-all border-gray-300 hover:border-blue-300&quot;[39m
          [36m&gt;[39m
            [36m&lt;h3[39m
              [33mclass[39m=[32m&quot;font-bold text-lg mb-1&quot;[39m
            [36m&gt;[39m
              [0mTrigonometri[0m
            [36m&lt;/h3&gt;[39m
            [36m&lt;p[39m
              [33mclass[39m=[32m&quot;text-sm text-gray-600&quot;[39m
            [36m&gt;[39m
              [0mBirim çember ve trigonometrik fonksiyonlar[0m
            [36m&lt;/p&gt;[39m
            [36m&lt;span[39m
              [33mclass[39m=[32m&quot;inline-block mt-2 px-2 py-1 bg-blue-100 text-blue-800 text-xs rounded&quot;[39m
            [36m&gt;[39m
              [0mgeometry[0m
            [36m&lt;/span&gt;[39m
          [36m&lt;/button&gt;[39m
        [36m&lt;/div&gt;[39m
      [36m&lt;/div&gt;[39m
      [36m&lt;div[39m
        [33mclass[39m=[32m&quot;geogebra-embed mb-4&quot;[39m
      [36m&gt;[39m
        [36m&lt;iframe[39m
          [33mallow[39m=[32m&quot;fullscreen&quot;[39m
          [33mclass[39m=[32m&quot;border-2 border-gray-300 rounded&quot;[39m
          [33mheight[39m=[32m&quot;600&quot;[39m
          [33msrc[39m=[32m&quot;https://www.geogebra.org/material/iframe/id/basic&quot;[39m
          [33mtitle[39m=[32m&quot;Temel Geometri&quot;[39m
          [33mwidth[39m=[32m&quot;800&quot;[39m
        [36m/&gt;[39m
      [36m&lt;/div&gt;[39m
      [36m&lt;div[39m
        [33mclass[39m=[32m&quot;controls flex justify-between items-center&quot;[39m
      [36m&gt;[39m
        [36m&lt;div[39m
          [33mclass[39m=[32m&quot;info text-sm text-gray-600&quot;[39m
        [36m&gt;[39m
          [36m&lt;strong&gt;[39m
            [0mAktif:[0m
          [36m&lt;/strong&gt;[39m
          [0m [0m
          [0mTemel Geometri[0m
          [0m ([0m
          [0mgeometry[0m
          [0m)[0m
        [36m&lt;/div&gt;[39m
        [36m&lt;div[39m
          [33mclass[39m=[32m&quot;actions flex gap-2&quot;[39m
        [36m&gt;[39m
          [36m&lt;button[39m
            [33mclass[39m=[32m&quot;px-4 py-2 bg-gray-500 text-white rounded hover:bg-gray-600&quot;[39m
          [36m&gt;[39m
            [0mKaydet[0m
          [36m&lt;/button&gt;[39m
          [36m&lt;button[39m
            [33mclass[39m=[32m&quot;px-4 py-2 bg-green-500 text-white rounded hover:bg-green-600&quot;[39m
          [36m&gt;[39m
            [0mTamamla[0m
          [36m&lt;/button&gt;[39m
        [36m&lt;/div&gt;[39m
      [36m&lt;/div&gt;[39m
      [36m&lt;div[39m
        [33mclass[39m=[32m&quot;help-text mt-4 p-4 bg-blue-50 rounded&quot;[39m
      [36m&gt;[39m
        [36m&lt;p[39m
          [33mclass[39m=[32m&quot;text-sm text-gray-700&quot;[39m
        [36m&gt;[39m
          [36m&lt;strong&gt;[39m
            [0mGeoGebra Hakkında:[0m
          [36m&lt;/strong&gt;[39m
          [36m&lt;br /&gt;[39m
          [0mGeoGebra, dinamik matematik yazılımıdır. Geometri, cebir, istatistik ve hesaplama konularında interaktif öğrenme sağlar.[0m
          [36m&lt;br /&gt;[39m
          [36m&lt;br /&gt;[39m
          [36m&lt;strong&gt;[39m
            [0mİpuçları:[0m
          [36m&lt;/strong&gt;[39m
          [36m&lt;br /&gt;[39m
          [0m• Araçları kullanarak şekiller çizin[0m
          [36m&lt;br /&gt;[39m
          [0m• Noktaları sürükleyerek dinamik değişimleri gözlemleyin[0m
          [36m&lt;br /&gt;[39m
          [0m• Ölçüm araçlarıyla uzunluk ve açı ölçün[0m
        [36m&lt;/p&gt;[39m
      [36m&lt;/div&gt;[39m
    [36m&lt;/div&gt;[39m
  [36m&lt;/div&gt;[39m
  [36m&lt;div&gt;[39m
    [36m&lt;div[39m
      [33mclass[39m=[32m&quot;geogebra-container p-6 bg-white rounded-lg shadow-lg&quot;[39m
    [36m&gt;[39m
      [36m&lt;h2[39m
        [33mclass[39m=[32m&quot;text-2xl font-bold mb-4&quot;[39m
      [36m&gt;[39m
        [0mGeoGebra İnteraktif Matematik[0m
      [36m&lt;/h2&gt;[39m
      [36m&lt;div[39m
        [33mclass[39m=[32m&quot;applet-selector mb-4&quot;[39m
      [36m&gt;[39m
        [36m&lt;label[39m
          [33mclass[39m=[32m&quot;block text-sm font-medium mb-2&quot;[39m
        [36m&gt;[39m
          [0mAktivite Seç:[0m
        [36m&lt;/label&gt;[39m
        [36m&lt;div[39m
          [33mclass[39m=[32m&quot;grid grid-cols-1 md:grid-cols-3 gap-4&quot;[39m
        [36m&gt;[39m
          [36m&lt;button[39m
            [33mclass[39m=[32m&quot;p-4 border-2 rounded-lg text-left transition-all border-blue-500 bg-blue-50&quot;[39m
          [36m&gt;[39m
            [36m&lt;h3[39m
              [33mclass[39m=[32m&quot;font-bold text-lg mb-1&quot;[39m
            [36m&gt;[39m
              [0mTemel Geometri[0m
            [36m&lt;/h3&gt;[39m
            [36m&lt;p[39m
              [33mclass[39m=[32m&quot;text-sm text-gray-600&quot;[39m
            [36m&gt;[39m
              [0mTemel geometri şekilleri çizimi[0m
            [36m&lt;/p&gt;[39m
            [36m&lt;span[39m
              [33mclass[39m=[32m&quot;inline-block mt-2 p...

Ignored nodes: comments, script, style
[36m&lt;html&gt;[39m
  [36m&lt;head /&gt;[39m
  [36m&lt;body&gt;[39m
    [36m&lt;div&gt;[39m
      [36m&lt;div[39m
        [33mclass[39m=[32m&quot;geogebra-container p-6 bg-white rounded-lg shadow-lg&quot;[39m
      [36m&gt;[39m
        [36m&lt;h2[39m
          [33mclass[39m=[32m&quot;text-2xl font-bold mb-4&quot;[39m
        [36m&gt;[39m
          [0mGeoGebra İnteraktif Matematik[0m
        [36m&lt;/h2&gt;[39m
        [36m&lt;div[39m
          [33mclass[39m=[32m&quot;applet-selector mb-4&quot;[39m
        [36m&gt;[39m
          [36m&lt;label[39m
            [33mclass[39m=[32m&quot;block text-sm font-medium mb-2&quot;[39m
          [36m&gt;[39m
            [0mAktivite Seç:[0m
          [36m&lt;/label&gt;[39m
          [36m&lt;div[39m
            [33mclass[39m=[32m&quot;grid grid-cols-1 md:grid-cols-3 gap-4&quot;[39m
          [36m&gt;[39m
            [36m&lt;button[39m
              [33mclass[39m=[32m&quot;p-4 border-2 rounded-lg text-left transition-all border-blue-500 bg-blue-50&quot;[39m
            [36m&gt;[39m
              [36m&lt;h3[39m
                [33mclass[39m=[32m&quot;font-bold text-lg mb-1&quot;[39m
              [36m&gt;[39m
                [0mTemel Geometri[0m
              [36m&lt;/h3&gt;[39m
              [36m&lt;p[39m
                [33mclass[39m=[32m&quot;text-sm text-gray-600&quot;[39m
              [36m&gt;[39m
                [0mTemel geometri şekilleri çizimi[0m
              [36m&lt;/p&gt;[39m
              [36m&lt;span[39m
                [33mclass[39m=[32m&quot;inline-block mt-2 px-2 py-1 bg-blue-100 text-blue-800 text-xs rounded&quot;[39m
              [36m&gt;[39m
                [0mgeometry[0m
              [36m&lt;/span&gt;[39m
            [36m&lt;/button&gt;[39m
            [36m&lt;button[39m
              [33mclass[39m=[32m&quot;p-4 border-2 rounded-lg text-left transition-all border-gray-300 hover:border-blue-300&quot;[39m
            [36m&gt;[39m
              [36m&lt;h3[39m
                [33mclass[39m=[32m&quot;font-bold text-lg mb-1&quot;[39m
              [36m&gt;[39m
                [0mFonksiyonlar[0m
              [36m&lt;/h3&gt;[39m
              [36m&lt;p[39m
                [33mclass[39m=[32m&quot;text-sm text-gray-600&quot;[39m
              [36m&gt;[39m
                [0mFonksiyon grafikleri ve dönüşümleri[0m
              [36m&lt;/p&gt;[39m
              [36m&lt;span[39m
                [33mclass[39m=[32m&quot;inline-block mt-2 px-2 py-1 bg-blue-100 text-blue-800 text-xs rounded&quot;[39m
              [36m&gt;[39m
                [0malgebra[0m
              [36m&lt;/span&gt;[39m
            [36m&lt;/button&gt;[39m
            [36m&lt;button[39m
              [33mclass[39m=[32m&quot;p-4 border-2 rounded-lg text-left transition-all border-gray-300 hover:border-blue-300&quot;[39m
            [36m&gt;[39m
              [36m&lt;h3[39m
                [33mclass[39m=[32m&quot;font-bold text-lg mb-1&quot;[39m
              [36m&gt;[39m
                [0mTrigonometri[0m
              [36m&lt;/h3&gt;[39m
              [36m&lt;p[39m
                [33mclass[39m=[32m&quot;text-sm text-gray-600&quot;[39m
              [36m&gt;[39m
                [0mBirim çember ve trigonometrik fonksiyonlar[0m
              [36m&lt;/p&gt;[39m
              [36m&lt;span[39m
                [33mclass[39m=[32m&quot;inline-block mt-2 px-2 py-1 bg-blue-100 text-blue-800 text-xs rounded&quot;[39m
              [36m&gt;[39m
                [0mgeometry[0m
              [36m&lt;/span&gt;[39m
            [36m&lt;/button&gt;[39m
          [36m&lt;/div&gt;[39m
        [36m&lt;/div&gt;[39m
        [36m&lt;div[39m
          [33mclass[39m=[32m&quot;geogebra-embed mb-4&quot;[39m
        [36m&gt;[39m
          [36m&lt;iframe[39m
            [33mallow[39m=[32m&quot;fullscreen&quot;[39m
            [33mclass[39m=[32m&quot;border-2 border-gray-300 rounded&quot;[39m
            [33mheight[39m=[32m&quot;600&quot;[39m
            [33msrc[39m=[32m&quot;https://www.geogebra.org/material/iframe/id/basic&quot;[39m
            [33mtitle[39m=[32m&quot;Temel Geometri&quot;[39m
            [33mwidth[39m=[32m&quot;800&quot;[39m
          [36m/&gt;[39m
        [36m&lt;/div&gt;[39m
        [36m&lt;div[39m
          [33mclass[39m=[32m&quot;controls flex justify-between items-center&quot;[39m
        [36m&gt;[39m
          [36m&lt;div[39m
            [33mclass[39m=[32m&quot;info text-sm text-gray-600&quot;[39m
          [36m&gt;[39m
            [36m&lt;strong&gt;[39m
              [0mAktif:[0m
            [36m&lt;/strong&gt;[39m
            [0m [0m
            [0mTemel Geometri[0m
            [0m ([0m
            [0mgeometry[0m
            [0m)[0m
          [36m&lt;/div&gt;[39m
          [36m&lt;div[39m
            [33mclass[39m=[32m&quot;actions flex gap-2&quot;[39m
          [36m&gt;[39m
            [36m&lt;button[39m
              [33mclass[39m=[32m&quot;px-4 py-2 bg-gray-500 text-white rounded hover:bg-gray-600&quot;[39m
            [36m&gt;[39m
              [0mKaydet[0m
            [36m&lt;/button&gt;[39m
            [36m&lt;button[39m
              [33mclass[39m=[32m&quot;px-4 py-2 bg-green-500 text-white rounded hover:bg-green-600&quot;[39m
            [36m&gt;[39m
              [0mTamamla[0m
            [36m&lt;/button&gt;[39m
          [36m&lt;/div&gt;[39m
        [36m&lt;/div&gt;[39m
        [36m&lt;div[39m
          [33mclass[39m=[32m&quot;help-text mt-4 p-4 bg-blue-50 rounded&quot;[39m
        [36m&gt;[39m
          [36m&lt;p[39m
            [33mclass[39m=[32m&quot;text-sm text-gray-700&quot;[39m
          [36m&gt;[39m
            [36m&lt;strong&gt;[39m
              [0mGeoGebra Hakkında:[0m
            [36m&lt;/strong&gt;[39m
            [36m&lt;br /&gt;[39m
            [0mGeoGebra, dinamik matematik yazılımıdır. Geometri, cebir, istatistik ve hesaplama konularında interaktif öğrenme sağlar.[0m
            [36m&lt;br /&gt;[39m
            [36m&lt;br /&gt;[39m
            [36m&lt;strong&gt;[39m
              [0mİpuçları:[0m
            [36m&lt;/strong&gt;[39m
            [36m&lt;br /&gt;[39m
            [0m• Araçları kullanarak şekiller çizin[0m
            [36m&lt;br /&gt;[39m
            [0m• Noktaları sürükleyerek dinamik değişimleri gözlemleyin[0m
            [36m&lt;br /&gt;[39m
            [0m• Ölçüm araçlarıyla uzunluk ve açı ölçün[0m
          [36m&lt;/p&gt;[39m
        [36m&lt;/div&gt;[39m
      [36m&lt;/div&gt;[39m
    [36m&lt;/div&gt;[39m
    [36m&lt;div&gt;[39m
      [36m&lt;div[39m
        [33mclass[39m=[32m&quot;geogebra-container p-6 bg-white rounded-lg shadow-lg&quot;[39m
      [36m&gt;[39m
        [36m&lt;h2[39m
          [33mclass[39m=[32m&quot;text-2xl font-bold mb-4&quot;[39m
        [36m&gt;[39m
          [0mGeoGebra İnteraktif Matematik[0m
        [36m&lt;/h2&gt;[39m
        [36m&lt;div[39m
          [33mclass[39m=[32m&quot;applet-selector mb-4&quot;[39m
        [36m&gt;[39m
          [36m&lt;label[39m
            [33mclass[39m=[32m&quot;block text-sm font-medium mb-2&quot;[39m
          [36m&gt;[39m
            [0mAktivite Seç:[0m
          [36m&lt;/label&gt;[39m
          [36m&lt;div[39m
            [33mclass[39m=[32m&quot;grid grid-cols-1 md:grid-cols-3 gap-4&quot;[39m
          [36m&gt;[39m
            [36m&lt;button[39m
              [33mclass[39m=[32m&quot;p-4 border-2 rounded-lg text-left transition-all border-blue-500 bg-blue-50&quot;[39m
            [36m&gt;[39m
              [36m&lt;h3[39m
                [33mclass[39m=[32m&quot;font-bold t..." type="TestingLibraryElementError">
TestingLibraryElementError: Found multiple elements with the text: Tamamla

Here are the matching elements:

Ignored nodes: comments, script, style
&lt;button
  class=&quot;px-4 py-2 bg-green-500 text-white rounded hover:bg-green-600&quot;
&gt;
  Tamamla
&lt;/button&gt;

Ignored nodes: comments, script, style
&lt;button
  class=&quot;px-4 py-2 bg-green-500 text-white rounded hover:bg-green-600&quot;
&gt;
  Tamamla
&lt;/button&gt;

Ignored nodes: comments, script, style
&lt;button
  class=&quot;px-4 py-2 bg-green-500 text-white rounded hover:bg-green-600&quot;
&gt;
  Tamamla
&lt;/button&gt;

Ignored nodes: comments, script, style
&lt;button
  class=&quot;px-4 py-2 bg-green-500 text-white rounded hover:bg-green-600&quot;
&gt;
  Tamamla
&lt;/button&gt;

Ignored nodes: comments, script, style
&lt;button
  class=&quot;px-4 py-2 bg-green-500 text-white rounded hover:bg-green-600&quot;
&gt;
  Tamamla
&lt;/button&gt;

Ignored nodes: comments, script, style
&lt;button
  class=&quot;px-4 py-2 bg-green-500 text-white rounded hover:bg-green-600&quot;
  disabled=&quot;&quot;
&gt;
  Tamamla
&lt;/button&gt;

Ignored nodes: comments, script, style
&lt;button
  class=&quot;px-4 py-2 bg-green-500 text-white rounded hover:bg-green-600&quot;
&gt;
  Tamamla
&lt;/button&gt;

Ignored nodes: comments, script, style
&lt;button
  class=&quot;px-4 py-2 bg-green-500 text-white rounded hover:bg-green-600&quot;
&gt;
  Tamamla
&lt;/button&gt;

Ignored nodes: comments, script, style
&lt;button
  class=&quot;px-4 py-2 bg-green-500 text-white rounded hover:bg-green-600&quot;
&gt;
  Tamamla
&lt;/button&gt;

(If this is intentional, then use the `*AllBy*` variant of the query (like `queryAllByText`, `getAllByText`, or `findAllByText`)).

Ignored nodes: comments, script, style
&lt;body&gt;
  &lt;div&gt;
    &lt;div
      class=&quot;geogebra-container p-6 bg-white rounded-lg shadow-lg&quot;
    &gt;
      &lt;h2
        class=&quot;text-2xl font-bold mb-4&quot;
      &gt;
        GeoGebra İnteraktif Matematik
      &lt;/h2&gt;
      &lt;div
        class=&quot;applet-selector mb-4&quot;
      &gt;
        &lt;label
          class=&quot;block text-sm font-medium mb-2&quot;
        &gt;
          Aktivite Seç:
        &lt;/label&gt;
        &lt;div
          class=&quot;grid grid-cols-1 md:grid-cols-3 gap-4&quot;
        &gt;
          &lt;button
            class=&quot;p-4 border-2 rounded-lg text-left transition-all border-blue-500 bg-blue-50&quot;
          &gt;
            &lt;h3
              class=&quot;font-bold text-lg mb-1&quot;
            &gt;
              Temel Geometri
            &lt;/h3&gt;
            &lt;p
              class=&quot;text-sm text-gray-600&quot;
            &gt;
              Temel geometri şekilleri çizimi
            &lt;/p&gt;
            &lt;span
              class=&quot;inline-block mt-2 px-2 py-1 bg-blue-100 text-blue-800 text-xs rounded&quot;
            &gt;
              geometry
            &lt;/span&gt;
          &lt;/button&gt;
          &lt;button
            class=&quot;p-4 border-2 rounded-lg text-left transition-all border-gray-300 hover:border-blue-300&quot;
          &gt;
            &lt;h3
              class=&quot;font-bold text-lg mb-1&quot;
            &gt;
              Fonksiyonlar
            &lt;/h3&gt;
            &lt;p
              class=&quot;text-sm text-gray-600&quot;
            &gt;
              Fonksiyon grafikleri ve dönüşümleri
            &lt;/p&gt;
            &lt;span
              class=&quot;inline-block mt-2 px-2 py-1 bg-blue-100 text-blue-800 text-xs rounded&quot;
            &gt;
              algebra
            &lt;/span&gt;
          &lt;/button&gt;
          &lt;button
            class=&quot;p-4 border-2 rounded-lg text-left transition-all border-gray-300 hover:border-blue-300&quot;
          &gt;
            &lt;h3
              class=&quot;font-bold text-lg mb-1&quot;
            &gt;
              Trigonometri
            &lt;/h3&gt;
            &lt;p
              class=&quot;text-sm text-gray-600&quot;
            &gt;
              Birim çember ve trigonometrik fonksiyonlar
            &lt;/p&gt;
            &lt;span
              class=&quot;inline-block mt-2 px-2 py-1 bg-blue-100 text-blue-800 text-xs rounded&quot;
            &gt;
              geometry
            &lt;/span&gt;
          &lt;/button&gt;
        &lt;/div&gt;
      &lt;/div&gt;
      &lt;div
        class=&quot;geogebra-embed mb-4&quot;
      &gt;
        &lt;iframe
          allow=&quot;fullscreen&quot;
          class=&quot;border-2 border-gray-300 rounded&quot;
          height=&quot;600&quot;
          src=&quot;https://www.geogebra.org/material/iframe/id/basic&quot;
          title=&quot;Temel Geometri&quot;
          width=&quot;800&quot;
        /&gt;
      &lt;/div&gt;
      &lt;div
        class=&quot;controls flex justify-between items-center&quot;
      &gt;
        &lt;div
          class=&quot;info text-sm text-gray-600&quot;
        &gt;
          &lt;strong&gt;
            Aktif:
          &lt;/strong&gt;
           
          Temel Geometri
           (
          geometry
          )
        &lt;/div&gt;
        &lt;div
          class=&quot;actions flex gap-2&quot;
        &gt;
          &lt;button
            class=&quot;px-4 py-2 bg-gray-500 text-white rounded hover:bg-gray-600&quot;
          &gt;
            Kaydet
          &lt;/button&gt;
          &lt;button
            class=&quot;px-4 py-2 bg-green-500 text-white rounded hover:bg-green-600&quot;
          &gt;
            Tamamla
          &lt;/button&gt;
        &lt;/div&gt;
      &lt;/div&gt;
      &lt;div
        class=&quot;help-text mt-4 p-4 bg-blue-50 rounded&quot;
      &gt;
        &lt;p
          class=&quot;text-sm text-gray-700&quot;
        &gt;
          &lt;strong&gt;
            GeoGebra Hakkında:
          &lt;/strong&gt;
          &lt;br /&gt;
          GeoGebra, dinamik matematik yazılımıdır. Geometri, cebir, istatistik ve hesaplama konularında interaktif öğrenme sağlar.
          &lt;br /&gt;
          &lt;br /&gt;
          &lt;strong&gt;
            İpuçları:
          &lt;/strong&gt;
          &lt;br /&gt;
          • Araçları kullanarak şekiller çizin
          &lt;br /&gt;
          • Noktaları sürükleyerek dinamik değişimleri gözlemleyin
          &lt;br /&gt;
          • Ölçüm araçlarıyla uzunluk ve açı ölçün
        &lt;/p&gt;
      &lt;/div&gt;
    &lt;/div&gt;
  &lt;/div&gt;
  &lt;div&gt;
    &lt;div
      class=&quot;geogebra-container p-6 bg-white rounded-lg shadow-lg&quot;
    &gt;
      &lt;h2
        class=&quot;text-2xl font-bold mb-4&quot;
      &gt;
        GeoGebra İnteraktif Matematik
      &lt;/h2&gt;
      &lt;div
        class=&quot;applet-selector mb-4&quot;
      &gt;
        &lt;label
          class=&quot;block text-sm font-medium mb-2&quot;
        &gt;
          Aktivite Seç:
        &lt;/label&gt;
        &lt;div
          class=&quot;grid grid-cols-1 md:grid-cols-3 gap-4&quot;
        &gt;
          &lt;button
            class=&quot;p-4 border-2 rounded-lg text-left transition-all border-blue-500 bg-blue-50&quot;
          &gt;
            &lt;h3
              class=&quot;font-bold text-lg mb-1&quot;
            &gt;
              Temel Geometri
            &lt;/h3&gt;
            &lt;p
              class=&quot;text-sm text-gray-600&quot;
            &gt;
              Temel geometri şekilleri çizimi
            &lt;/p&gt;
            &lt;span
              class=&quot;inline-block mt-2 p...

Ignored nodes: comments, script, style
&lt;html&gt;
  &lt;head /&gt;
  &lt;body&gt;
    &lt;div&gt;
      &lt;div
        class=&quot;geogebra-container p-6 bg-white rounded-lg shadow-lg&quot;
      &gt;
        &lt;h2
          class=&quot;text-2xl font-bold mb-4&quot;
        &gt;
          GeoGebra İnteraktif Matematik
        &lt;/h2&gt;
        &lt;div
          class=&quot;applet-selector mb-4&quot;
        &gt;
          &lt;label
            class=&quot;block text-sm font-medium mb-2&quot;
          &gt;
            Aktivite Seç:
          &lt;/label&gt;
          &lt;div
            class=&quot;grid grid-cols-1 md:grid-cols-3 gap-4&quot;
          &gt;
            &lt;button
              class=&quot;p-4 border-2 rounded-lg text-left transition-all border-blue-500 bg-blue-50&quot;
            &gt;
              &lt;h3
                class=&quot;font-bold text-lg mb-1&quot;
              &gt;
                Temel Geometri
              &lt;/h3&gt;
              &lt;p
                class=&quot;text-sm text-gray-600&quot;
              &gt;
                Temel geometri şekilleri çizimi
              &lt;/p&gt;
              &lt;span
                class=&quot;inline-block mt-2 px-2 py-1 bg-blue-100 text-blue-800 text-xs rounded&quot;
              &gt;
                geometry
              &lt;/span&gt;
            &lt;/button&gt;
            &lt;button
              class=&quot;p-4 border-2 rounded-lg text-left transition-all border-gray-300 hover:border-blue-300&quot;
            &gt;
              &lt;h3
                class=&quot;font-bold text-lg mb-1&quot;
              &gt;
                Fonksiyonlar
              &lt;/h3&gt;
              &lt;p
                class=&quot;text-sm text-gray-600&quot;
              &gt;
                Fonksiyon grafikleri ve dönüşümleri
              &lt;/p&gt;
              &lt;span
                class=&quot;inline-block mt-2 px-2 py-1 bg-blue-100 text-blue-800 text-xs rounded&quot;
              &gt;
                algebra
              &lt;/span&gt;
            &lt;/button&gt;
            &lt;button
              class=&quot;p-4 border-2 rounded-lg text-left transition-all border-gray-300 hover:border-blue-300&quot;
            &gt;
              &lt;h3
                class=&quot;font-bold text-lg mb-1&quot;
              &gt;
                Trigonometri
              &lt;/h3&gt;
              &lt;p
                class=&quot;text-sm text-gray-600&quot;
              &gt;
                Birim çember ve trigonometrik fonksiyonlar
              &lt;/p&gt;
              &lt;span
                class=&quot;inline-block mt-2 px-2 py-1 bg-blue-100 text-blue-800 text-xs rounded&quot;
              &gt;
                geometry
              &lt;/span&gt;
            &lt;/button&gt;
          &lt;/div&gt;
        &lt;/div&gt;
        &lt;div
          class=&quot;geogebra-embed mb-4&quot;
        &gt;
          &lt;iframe
            allow=&quot;fullscreen&quot;
            class=&quot;border-2 border-gray-300 rounded&quot;
            height=&quot;600&quot;
            src=&quot;https://www.geogebra.org/material/iframe/id/basic&quot;
            title=&quot;Temel Geometri&quot;
            width=&quot;800&quot;
          /&gt;
        &lt;/div&gt;
        &lt;div
          class=&quot;controls flex justify-between items-center&quot;
        &gt;
          &lt;div
            class=&quot;info text-sm text-gray-600&quot;
          &gt;
            &lt;strong&gt;
              Aktif:
            &lt;/strong&gt;
             
            Temel Geometri
             (
            geometry
            )
          &lt;/div&gt;
          &lt;div
            class=&quot;actions flex gap-2&quot;
          &gt;
            &lt;button
              class=&quot;px-4 py-2 bg-gray-500 text-white rounded hover:bg-gray-600&quot;
            &gt;
              Kaydet
            &lt;/button&gt;
            &lt;button
              class=&quot;px-4 py-2 bg-green-500 text-white rounded hover:bg-green-600&quot;
            &gt;
              Tamamla
            &lt;/button&gt;
          &lt;/div&gt;
        &lt;/div&gt;
        &lt;div
          class=&quot;help-text mt-4 p-4 bg-blue-50 rounded&quot;
        &gt;
          &lt;p
            class=&quot;text-sm text-gray-700&quot;
          &gt;
            &lt;strong&gt;
              GeoGebra Hakkında:
            &lt;/strong&gt;
            &lt;br /&gt;
            GeoGebra, dinamik matematik yazılımıdır. Geometri, cebir, istatistik ve hesaplama konularında interaktif öğrenme sağlar.
            &lt;br /&gt;
            &lt;br /&gt;
            &lt;strong&gt;
              İpuçları:
            &lt;/strong&gt;
            &lt;br /&gt;
            • Araçları kullanarak şekiller çizin
            &lt;br /&gt;
            • Noktaları sürükleyerek dinamik değişimleri gözlemleyin
            &lt;br /&gt;
            • Ölçüm araçlarıyla uzunluk ve açı ölçün
          &lt;/p&gt;
        &lt;/div&gt;
      &lt;/div&gt;
    &lt;/div&gt;
    &lt;div&gt;
      &lt;div
        class=&quot;geogebra-container p-6 bg-white rounded-lg shadow-lg&quot;
      &gt;
        &lt;h2
          class=&quot;text-2xl font-bold mb-4&quot;
        &gt;
          GeoGebra İnteraktif Matematik
        &lt;/h2&gt;
        &lt;div
          class=&quot;applet-selector mb-4&quot;
        &gt;
          &lt;label
            class=&quot;block text-sm font-medium mb-2&quot;
          &gt;
            Aktivite Seç:
          &lt;/label&gt;
          &lt;div
            class=&quot;grid grid-cols-1 md:grid-cols-3 gap-4&quot;
          &gt;
            &lt;button
              class=&quot;p-4 border-2 rounded-lg text-left transition-all border-blue-500 bg-blue-50&quot;
            &gt;
              &lt;h3
                class=&quot;font-bold t...
 ❯ Proxy.waitForWrapper node_modules/@testing-library/react/node_modules/@testing-library/dom/dist/wait-for.js:163:27
 ❯ src/components/Manipulatives/__tests__/GeoGebraEmbed.test.tsx:514:11
            </failure>
            <failure message="jest is not defined" type="ReferenceError">
ReferenceError: jest is not defined
 ❯ src/components/Manipulatives/__tests__/GeoGebraEmbed.test.tsx:469:5
            </failure>
        </testcase>
        <testcase classname="src/components/Manipulatives/__tests__/GeoGebraEmbed.test.tsx" name="GeoGebraEmbed Component - Complete &gt; disables complete button when no applet selected" time="1.0795123">
            <failure message="Found multiple elements with the text: Tamamla

Here are the matching elements:

Ignored nodes: comments, script, style
[36m&lt;button[39m
  [33mclass[39m=[32m&quot;px-4 py-2 bg-green-500 text-white rounded hover:bg-green-600&quot;[39m
[36m&gt;[39m
  [0mTamamla[0m
[36m&lt;/button&gt;[39m

Ignored nodes: comments, script, style
[36m&lt;button[39m
  [33mclass[39m=[32m&quot;px-4 py-2 bg-green-500 text-white rounded hover:bg-green-600&quot;[39m
[36m&gt;[39m
  [0mTamamla[0m
[36m&lt;/button&gt;[39m

Ignored nodes: comments, script, style
[36m&lt;button[39m
  [33mclass[39m=[32m&quot;px-4 py-2 bg-green-500 text-white rounded hover:bg-green-600&quot;[39m
[36m&gt;[39m
  [0mTamamla[0m
[36m&lt;/button&gt;[39m

Ignored nodes: comments, script, style
[36m&lt;button[39m
  [33mclass[39m=[32m&quot;px-4 py-2 bg-green-500 text-white rounded hover:bg-green-600&quot;[39m
[36m&gt;[39m
  [0mTamamla[0m
[36m&lt;/button&gt;[39m

Ignored nodes: comments, script, style
[36m&lt;button[39m
  [33mclass[39m=[32m&quot;px-4 py-2 bg-green-500 text-white rounded hover:bg-green-600&quot;[39m
[36m&gt;[39m
  [0mTamamla[0m
[36m&lt;/button&gt;[39m

Ignored nodes: comments, script, style
[36m&lt;button[39m
  [33mclass[39m=[32m&quot;px-4 py-2 bg-green-500 text-white rounded hover:bg-green-600&quot;[39m
  [33mdisabled[39m=[32m&quot;&quot;[39m
[36m&gt;[39m
  [0mTamamla[0m
[36m&lt;/button&gt;[39m

Ignored nodes: comments, script, style
[36m&lt;button[39m
  [33mclass[39m=[32m&quot;px-4 py-2 bg-green-500 text-white rounded hover:bg-green-600&quot;[39m
[36m&gt;[39m
  [0mTamamla[0m
[36m&lt;/button&gt;[39m

Ignored nodes: comments, script, style
[36m&lt;button[39m
  [33mclass[39m=[32m&quot;px-4 py-2 bg-green-500 text-white rounded hover:bg-green-600&quot;[39m
[36m&gt;[39m
  [0mTamamla[0m
[36m&lt;/button&gt;[39m

Ignored nodes: comments, script, style
[36m&lt;button[39m
  [33mclass[39m=[32m&quot;px-4 py-2 bg-green-500 text-white rounded hover:bg-green-600&quot;[39m
[36m&gt;[39m
  [0mTamamla[0m
[36m&lt;/button&gt;[39m

Ignored nodes: comments, script, style
[36m&lt;button[39m
  [33mclass[39m=[32m&quot;px-4 py-2 bg-green-500 text-white rounded hover:bg-green-600&quot;[39m
  [33mdisabled[39m=[32m&quot;&quot;[39m
[36m&gt;[39m
  [0mTamamla[0m
[36m&lt;/button&gt;[39m

(If this is intentional, then use the `*AllBy*` variant of the query (like `queryAllByText`, `getAllByText`, or `findAllByText`)).

Ignored nodes: comments, script, style
[36m&lt;body&gt;[39m
  [36m&lt;div&gt;[39m
    [36m&lt;div[39m
      [33mclass[39m=[32m&quot;geogebra-container p-6 bg-white rounded-lg shadow-lg&quot;[39m
    [36m&gt;[39m
      [36m&lt;h2[39m
        [33mclass[39m=[32m&quot;text-2xl font-bold mb-4&quot;[39m
      [36m&gt;[39m
        [0mGeoGebra İnteraktif Matematik[0m
      [36m&lt;/h2&gt;[39m
      [36m&lt;div[39m
        [33mclass[39m=[32m&quot;applet-selector mb-4&quot;[39m
      [36m&gt;[39m
        [36m&lt;label[39m
          [33mclass[39m=[32m&quot;block text-sm font-medium mb-2&quot;[39m
        [36m&gt;[39m
          [0mAktivite Seç:[0m
        [36m&lt;/label&gt;[39m
        [36m&lt;div[39m
          [33mclass[39m=[32m&quot;grid grid-cols-1 md:grid-cols-3 gap-4&quot;[39m
        [36m&gt;[39m
          [36m&lt;button[39m
            [33mclass[39m=[32m&quot;p-4 border-2 rounded-lg text-left transition-all border-blue-500 bg-blue-50&quot;[39m
          [36m&gt;[39m
            [36m&lt;h3[39m
              [33mclass[39m=[32m&quot;font-bold text-lg mb-1&quot;[39m
            [36m&gt;[39m
              [0mTemel Geometri[0m
            [36m&lt;/h3&gt;[39m
            [36m&lt;p[39m
              [33mclass[39m=[32m&quot;text-sm text-gray-600&quot;[39m
            [36m&gt;[39m
              [0mTemel geometri şekilleri çizimi[0m
            [36m&lt;/p&gt;[39m
            [36m&lt;span[39m
              [33mclass[39m=[32m&quot;inline-block mt-2 px-2 py-1 bg-blue-100 text-blue-800 text-xs rounded&quot;[39m
            [36m&gt;[39m
              [0mgeometry[0m
            [36m&lt;/span&gt;[39m
          [36m&lt;/button&gt;[39m
          [36m&lt;button[39m
            [33mclass[39m=[32m&quot;p-4 border-2 rounded-lg text-left transition-all border-gray-300 hover:border-blue-300&quot;[39m
          [36m&gt;[39m
            [36m&lt;h3[39m
              [33mclass[39m=[32m&quot;font-bold text-lg mb-1&quot;[39m
            [36m&gt;[39m
              [0mFonksiyonlar[0m
            [36m&lt;/h3&gt;[39m
            [36m&lt;p[39m
              [33mclass[39m=[32m&quot;text-sm text-gray-600&quot;[39m
            [36m&gt;[39m
              [0mFonksiyon grafikleri ve dönüşümleri[0m
            [36m&lt;/p&gt;[39m
            [36m&lt;span[39m
              [33mclass[39m=[32m&quot;inline-block mt-2 px-2 py-1 bg-blue-100 text-blue-800 text-xs rounded&quot;[39m
            [36m&gt;[39m
              [0malgebra[0m
            [36m&lt;/span&gt;[39m
          [36m&lt;/button&gt;[39m
          [36m&lt;button[39m
            [33mclass[39m=[32m&quot;p-4 border-2 rounded-lg text-left transition-all border-gray-300 hover:border-blue-300&quot;[39m
          [36m&gt;[39m
            [36m&lt;h3[39m
              [33mclass[39m=[32m&quot;font-bold text-lg mb-1&quot;[39m
            [36m&gt;[39m
              [0mTrigonometri[0m
            [36m&lt;/h3&gt;[39m
            [36m&lt;p[39m
              [33mclass[39m=[32m&quot;text-sm text-gray-600&quot;[39m
            [36m&gt;[39m
              [0mBirim çember ve trigonometrik fonksiyonlar[0m
            [36m&lt;/p&gt;[39m
            [36m&lt;span[39m
              [33mclass[39m=[32m&quot;inline-block mt-2 px-2 py-1 bg-blue-100 text-blue-800 text-xs rounded&quot;[39m
            [36m&gt;[39m
              [0mgeometry[0m
            [36m&lt;/span&gt;[39m
          [36m&lt;/button&gt;[39m
        [36m&lt;/div&gt;[39m
      [36m&lt;/div&gt;[39m
      [36m&lt;div[39m
        [33mclass[39m=[32m&quot;geogebra-embed mb-4&quot;[39m
      [36m&gt;[39m
        [36m&lt;iframe[39m
          [33mallow[39m=[32m&quot;fullscreen&quot;[39m
          [33mclass[39m=[32m&quot;border-2 border-gray-300 rounded&quot;[39m
          [33mheight[39m=[32m&quot;600&quot;[39m
          [33msrc[39m=[32m&quot;https://www.geogebra.org/material/iframe/id/basic&quot;[39m
          [33mtitle[39m=[32m&quot;Temel Geometri&quot;[39m
          [33mwidth[39m=[32m&quot;800&quot;[39m
        [36m/&gt;[39m
      [36m&lt;/div&gt;[39m
      [36m&lt;div[39m
        [33mclass[39m=[32m&quot;controls flex justify-between items-center&quot;[39m
      [36m&gt;[39m
        [36m&lt;div[39m
          [33mclass[39m=[32m&quot;info text-sm text-gray-600&quot;[39m
        [36m&gt;[39m
          [36m&lt;strong&gt;[39m
            [0mAktif:[0m
          [36m&lt;/strong&gt;[39m
          [0m [0m
          [0mTemel Geometri[0m
          [0m ([0m
          [0mgeometry[0m
          [0m)[0m
        [36m&lt;/div&gt;[39m
        [36m&lt;div[39m
          [33mclass[39m=[32m&quot;actions flex gap-2&quot;[39m
        [36m&gt;[39m
          [36m&lt;button[39m
            [33mclass[39m=[32m&quot;px-4 py-2 bg-gray-500 text-white rounded hover:bg-gray-600&quot;[39m
          [36m&gt;[39m
            [0mKaydet[0m
          [36m&lt;/button&gt;[39m
          [36m&lt;button[39m
            [33mclass[39m=[32m&quot;px-4 py-2 bg-green-500 text-white rounded hover:bg-green-600&quot;[39m
          [36m&gt;[39m
            [0mTamamla[0m
          [36m&lt;/button&gt;[39m
        [36m&lt;/div&gt;[39m
      [36m&lt;/div&gt;[39m
      [36m&lt;div[39m
        [33mclass[39m=[32m&quot;help-text mt-4 p-4 bg-blue-50 rounded&quot;[39m
      [36m&gt;[39m
        [36m&lt;p[39m
          [33mclass[39m=[32m&quot;text-sm text-gray-700&quot;[39m
        [36m&gt;[39m
          [36m&lt;strong&gt;[39m
            [0mGeoGebra Hakkında:[0m
          [36m&lt;/strong&gt;[39m
          [36m&lt;br /&gt;[39m
          [0mGeoGebra, dinamik matematik yazılımıdır. Geometri, cebir, istatistik ve hesaplama konularında interaktif öğrenme sağlar.[0m
          [36m&lt;br /&gt;[39m
          [36m&lt;br /&gt;[39m
          [36m&lt;strong&gt;[39m
            [0mİpuçları:[0m
          [36m&lt;/strong&gt;[39m
          [36m&lt;br /&gt;[39m
          [0m• Araçları kullanarak şekiller çizin[0m
          [36m&lt;br /&gt;[39m
          [0m• Noktaları sürükleyerek dinamik değişimleri gözlemleyin[0m
          [36m&lt;br /&gt;[39m
          [0m• Ölçüm araçlarıyla uzunluk ve açı ölçün[0m
        [36m&lt;/p&gt;[39m
      [36m&lt;/div&gt;[39m
    [36m&lt;/div&gt;[39m
  [36m&lt;/div&gt;[39m
  [36m&lt;div&gt;[39m
    [36m&lt;div[39m
      [33mclass[39m=[32m&quot;geogebra-container p-6 bg-white rounded-lg shadow-lg&quot;[39m
    [36m&gt;[39m
      [36m&lt;h2[39m
        [33mclass[39m=[32m&quot;text-2xl font-bold mb-4&quot;[39m
      [36m&gt;[39m
        [0mGeoGebra İnteraktif Matematik[0m
      [36m&lt;/h2&gt;[39m
      [36m&lt;div[39m
        [33mclass[39m=[32m&quot;applet-selector mb-4&quot;[39m
      [36m&gt;[39m
        [36m&lt;label[39m
          [33mclass[39m=[32m&quot;block text-sm font-medium mb-2&quot;[39m
        [36m&gt;[39m
          [0mAktivite Seç:[0m
        [36m&lt;/label&gt;[39m
        [36m&lt;div[39m
          [33mclass[39m=[32m&quot;grid grid-cols-1 md:grid-cols-3 gap-4&quot;[39m
        [36m&gt;[39m
          [36m&lt;button[39m
            [33mclass[39m=[32m&quot;p-4 border-2 rounded-lg text-left transition-all border-blue-500 bg-blue-50&quot;[39m
          [36m&gt;[39m
            [36m&lt;h3[39m
              [33mclass[39m=[32m&quot;font-bold text-lg mb-1&quot;[39m
            [36m&gt;[39m
              [0mTemel Geometri[0m
            [36m&lt;/h3&gt;[39m
            [36m&lt;p[39m
              [33mclass[39m=[32m&quot;text-sm text-gray-600&quot;[39m
            [36m&gt;[39m
              [0mTemel geometri şekilleri çizimi[0m
            [36m&lt;/p&gt;[39m
            [36m&lt;span[39m
              [33mclass[39m=[32m&quot;inline-block mt-2 p...

Ignored nodes: comments, script, style
[36m&lt;html&gt;[39m
  [36m&lt;head /&gt;[39m
  [36m&lt;body&gt;[39m
    [36m&lt;div&gt;[39m
      [36m&lt;div[39m
        [33mclass[39m=[32m&quot;geogebra-container p-6 bg-white rounded-lg shadow-lg&quot;[39m
      [36m&gt;[39m
        [36m&lt;h2[39m
          [33mclass[39m=[32m&quot;text-2xl font-bold mb-4&quot;[39m
        [36m&gt;[39m
          [0mGeoGebra İnteraktif Matematik[0m
        [36m&lt;/h2&gt;[39m
        [36m&lt;div[39m
          [33mclass[39m=[32m&quot;applet-selector mb-4&quot;[39m
        [36m&gt;[39m
          [36m&lt;label[39m
            [33mclass[39m=[32m&quot;block text-sm font-medium mb-2&quot;[39m
          [36m&gt;[39m
            [0mAktivite Seç:[0m
          [36m&lt;/label&gt;[39m
          [36m&lt;div[39m
            [33mclass[39m=[32m&quot;grid grid-cols-1 md:grid-cols-3 gap-4&quot;[39m
          [36m&gt;[39m
            [36m&lt;button[39m
              [33mclass[39m=[32m&quot;p-4 border-2 rounded-lg text-left transition-all border-blue-500 bg-blue-50&quot;[39m
            [36m&gt;[39m
              [36m&lt;h3[39m
                [33mclass[39m=[32m&quot;font-bold text-lg mb-1&quot;[39m
              [36m&gt;[39m
                [0mTemel Geometri[0m
              [36m&lt;/h3&gt;[39m
              [36m&lt;p[39m
                [33mclass[39m=[32m&quot;text-sm text-gray-600&quot;[39m
              [36m&gt;[39m
                [0mTemel geometri şekilleri çizimi[0m
              [36m&lt;/p&gt;[39m
              [36m&lt;span[39m
                [33mclass[39m=[32m&quot;inline-block mt-2 px-2 py-1 bg-blue-100 text-blue-800 text-xs rounded&quot;[39m
              [36m&gt;[39m
                [0mgeometry[0m
              [36m&lt;/span&gt;[39m
            [36m&lt;/button&gt;[39m
            [36m&lt;button[39m
              [33mclass[39m=[32m&quot;p-4 border-2 rounded-lg text-left transition-all border-gray-300 hover:border-blue-300&quot;[39m
            [36m&gt;[39m
              [36m&lt;h3[39m
                [33mclass[39m=[32m&quot;font-bold text-lg mb-1&quot;[39m
              [36m&gt;[39m
                [0mFonksiyonlar[0m
              [36m&lt;/h3&gt;[39m
              [36m&lt;p[39m
                [33mclass[39m=[32m&quot;text-sm text-gray-600&quot;[39m
              [36m&gt;[39m
                [0mFonksiyon grafikleri ve dönüşümleri[0m
              [36m&lt;/p&gt;[39m
              [36m&lt;span[39m
                [33mclass[39m=[32m&quot;inline-block mt-2 px-2 py-1 bg-blue-100 text-blue-800 text-xs rounded&quot;[39m
              [36m&gt;[39m
                [0malgebra[0m
              [36m&lt;/span&gt;[39m
            [36m&lt;/button&gt;[39m
            [36m&lt;button[39m
              [33mclass[39m=[32m&quot;p-4 border-2 rounded-lg text-left transition-all border-gray-300 hover:border-blue-300&quot;[39m
            [36m&gt;[39m
              [36m&lt;h3[39m
                [33mclass[39m=[32m&quot;font-bold text-lg mb-1&quot;[39m
              [36m&gt;[39m
                [0mTrigonometri[0m
              [36m&lt;/h3&gt;[39m
              [36m&lt;p[39m
                [33mclass[39m=[32m&quot;text-sm text-gray-600&quot;[39m
              [36m&gt;[39m
                [0mBirim çember ve trigonometrik fonksiyonlar[0m
              [36m&lt;/p&gt;[39m
              [36m&lt;span[39m
                [33mclass[39m=[32m&quot;inline-block mt-2 px-2 py-1 bg-blue-100 text-blue-800 text-xs rounded&quot;[39m
              [36m&gt;[39m
                [0mgeometry[0m
              [36m&lt;/span&gt;[39m
            [36m&lt;/button&gt;[39m
          [36m&lt;/div&gt;[39m
        [36m&lt;/div&gt;[39m
        [36m&lt;div[39m
          [33mclass[39m=[32m&quot;geogebra-embed mb-4&quot;[39m
        [36m&gt;[39m
          [36m&lt;iframe[39m
            [33mallow[39m=[32m&quot;fullscreen&quot;[39m
            [33mclass[39m=[32m&quot;border-2 border-gray-300 rounded&quot;[39m
            [33mheight[39m=[32m&quot;600&quot;[39m
            [33msrc[39m=[32m&quot;https://www.geogebra.org/material/iframe/id/basic&quot;[39m
            [33mtitle[39m=[32m&quot;Temel Geometri&quot;[39m
            [33mwidth[39m=[32m&quot;800&quot;[39m
          [36m/&gt;[39m
        [36m&lt;/div&gt;[39m
        [36m&lt;div[39m
          [33mclass[39m=[32m&quot;controls flex justify-between items-center&quot;[39m
        [36m&gt;[39m
          [36m&lt;div[39m
            [33mclass[39m=[32m&quot;info text-sm text-gray-600&quot;[39m
          [36m&gt;[39m
            [36m&lt;strong&gt;[39m
              [0mAktif:[0m
            [36m&lt;/strong&gt;[39m
            [0m [0m
            [0mTemel Geometri[0m
            [0m ([0m
            [0mgeometry[0m
            [0m)[0m
          [36m&lt;/div&gt;[39m
          [36m&lt;div[39m
            [33mclass[39m=[32m&quot;actions flex gap-2&quot;[39m
          [36m&gt;[39m
            [36m&lt;button[39m
              [33mclass[39m=[32m&quot;px-4 py-2 bg-gray-500 text-white rounded hover:bg-gray-600&quot;[39m
            [36m&gt;[39m
              [0mKaydet[0m
            [36m&lt;/button&gt;[39m
            [36m&lt;button[39m
              [33mclass[39m=[32m&quot;px-4 py-2 bg-green-500 text-white rounded hover:bg-green-600&quot;[39m
            [36m&gt;[39m
              [0mTamamla[0m
            [36m&lt;/button&gt;[39m
          [36m&lt;/div&gt;[39m
        [36m&lt;/div&gt;[39m
        [36m&lt;div[39m
          [33mclass[39m=[32m&quot;help-text mt-4 p-4 bg-blue-50 rounded&quot;[39m
        [36m&gt;[39m
          [36m&lt;p[39m
            [33mclass[39m=[32m&quot;text-sm text-gray-700&quot;[39m
          [36m&gt;[39m
            [36m&lt;strong&gt;[39m
              [0mGeoGebra Hakkında:[0m
            [36m&lt;/strong&gt;[39m
            [36m&lt;br /&gt;[39m
            [0mGeoGebra, dinamik matematik yazılımıdır. Geometri, cebir, istatistik ve hesaplama konularında interaktif öğrenme sağlar.[0m
            [36m&lt;br /&gt;[39m
            [36m&lt;br /&gt;[39m
            [36m&lt;strong&gt;[39m
              [0mİpuçları:[0m
            [36m&lt;/strong&gt;[39m
            [36m&lt;br /&gt;[39m
            [0m• Araçları kullanarak şekiller çizin[0m
            [36m&lt;br /&gt;[39m
            [0m• Noktaları sürükleyerek dinamik değişimleri gözlemleyin[0m
            [36m&lt;br /&gt;[39m
            [0m• Ölçüm araçlarıyla uzunluk ve açı ölçün[0m
          [36m&lt;/p&gt;[39m
        [36m&lt;/div&gt;[39m
      [36m&lt;/div&gt;[39m
    [36m&lt;/div&gt;[39m
    [36m&lt;div&gt;[39m
      [36m&lt;div[39m
        [33mclass[39m=[32m&quot;geogebra-container p-6 bg-white rounded-lg shadow-lg&quot;[39m
      [36m&gt;[39m
        [36m&lt;h2[39m
          [33mclass[39m=[32m&quot;text-2xl font-bold mb-4&quot;[39m
        [36m&gt;[39m
          [0mGeoGebra İnteraktif Matematik[0m
        [36m&lt;/h2&gt;[39m
        [36m&lt;div[39m
          [33mclass[39m=[32m&quot;applet-selector mb-4&quot;[39m
        [36m&gt;[39m
          [36m&lt;label[39m
            [33mclass[39m=[32m&quot;block text-sm font-medium mb-2&quot;[39m
          [36m&gt;[39m
            [0mAktivite Seç:[0m
          [36m&lt;/label&gt;[39m
          [36m&lt;div[39m
            [33mclass[39m=[32m&quot;grid grid-cols-1 md:grid-cols-3 gap-4&quot;[39m
          [36m&gt;[39m
            [36m&lt;button[39m
              [33mclass[39m=[32m&quot;p-4 border-2 rounded-lg text-left transition-all border-blue-500 bg-blue-50&quot;[39m
            [36m&gt;[39m
              [36m&lt;h3[39m
                [33mclass[39m=[32m&quot;font-bold t..." type="TestingLibraryElementError">
TestingLibraryElementError: Found multiple elements with the text: Tamamla

Here are the matching elements:

Ignored nodes: comments, script, style
&lt;button
  class=&quot;px-4 py-2 bg-green-500 text-white rounded hover:bg-green-600&quot;
&gt;
  Tamamla
&lt;/button&gt;

Ignored nodes: comments, script, style
&lt;button
  class=&quot;px-4 py-2 bg-green-500 text-white rounded hover:bg-green-600&quot;
&gt;
  Tamamla
&lt;/button&gt;

Ignored nodes: comments, script, style
&lt;button
  class=&quot;px-4 py-2 bg-green-500 text-white rounded hover:bg-green-600&quot;
&gt;
  Tamamla
&lt;/button&gt;

Ignored nodes: comments, script, style
&lt;button
  class=&quot;px-4 py-2 bg-green-500 text-white rounded hover:bg-green-600&quot;
&gt;
  Tamamla
&lt;/button&gt;

Ignored nodes: comments, script, style
&lt;button
  class=&quot;px-4 py-2 bg-green-500 text-white rounded hover:bg-green-600&quot;
&gt;
  Tamamla
&lt;/button&gt;

Ignored nodes: comments, script, style
&lt;button
  class=&quot;px-4 py-2 bg-green-500 text-white rounded hover:bg-green-600&quot;
  disabled=&quot;&quot;
&gt;
  Tamamla
&lt;/button&gt;

Ignored nodes: comments, script, style
&lt;button
  class=&quot;px-4 py-2 bg-green-500 text-white rounded hover:bg-green-600&quot;
&gt;
  Tamamla
&lt;/button&gt;

Ignored nodes: comments, script, style
&lt;button
  class=&quot;px-4 py-2 bg-green-500 text-white rounded hover:bg-green-600&quot;
&gt;
  Tamamla
&lt;/button&gt;

Ignored nodes: comments, script, style
&lt;button
  class=&quot;px-4 py-2 bg-green-500 text-white rounded hover:bg-green-600&quot;
&gt;
  Tamamla
&lt;/button&gt;

Ignored nodes: comments, script, style
&lt;button
  class=&quot;px-4 py-2 bg-green-500 text-white rounded hover:bg-green-600&quot;
  disabled=&quot;&quot;
&gt;
  Tamamla
&lt;/button&gt;

(If this is intentional, then use the `*AllBy*` variant of the query (like `queryAllByText`, `getAllByText`, or `findAllByText`)).

Ignored nodes: comments, script, style
&lt;body&gt;
  &lt;div&gt;
    &lt;div
      class=&quot;geogebra-container p-6 bg-white rounded-lg shadow-lg&quot;
    &gt;
      &lt;h2
        class=&quot;text-2xl font-bold mb-4&quot;
      &gt;
        GeoGebra İnteraktif Matematik
      &lt;/h2&gt;
      &lt;div
        class=&quot;applet-selector mb-4&quot;
      &gt;
        &lt;label
          class=&quot;block text-sm font-medium mb-2&quot;
        &gt;
          Aktivite Seç:
        &lt;/label&gt;
        &lt;div
          class=&quot;grid grid-cols-1 md:grid-cols-3 gap-4&quot;
        &gt;
          &lt;button
            class=&quot;p-4 border-2 rounded-lg text-left transition-all border-blue-500 bg-blue-50&quot;
          &gt;
            &lt;h3
              class=&quot;font-bold text-lg mb-1&quot;
            &gt;
              Temel Geometri
            &lt;/h3&gt;
            &lt;p
              class=&quot;text-sm text-gray-600&quot;
            &gt;
              Temel geometri şekilleri çizimi
            &lt;/p&gt;
            &lt;span
              class=&quot;inline-block mt-2 px-2 py-1 bg-blue-100 text-blue-800 text-xs rounded&quot;
            &gt;
              geometry
            &lt;/span&gt;
          &lt;/button&gt;
          &lt;button
            class=&quot;p-4 border-2 rounded-lg text-left transition-all border-gray-300 hover:border-blue-300&quot;
          &gt;
            &lt;h3
              class=&quot;font-bold text-lg mb-1&quot;
            &gt;
              Fonksiyonlar
            &lt;/h3&gt;
            &lt;p
              class=&quot;text-sm text-gray-600&quot;
            &gt;
              Fonksiyon grafikleri ve dönüşümleri
            &lt;/p&gt;
            &lt;span
              class=&quot;inline-block mt-2 px-2 py-1 bg-blue-100 text-blue-800 text-xs rounded&quot;
            &gt;
              algebra
            &lt;/span&gt;
          &lt;/button&gt;
          &lt;button
            class=&quot;p-4 border-2 rounded-lg text-left transition-all border-gray-300 hover:border-blue-300&quot;
          &gt;
            &lt;h3
              class=&quot;font-bold text-lg mb-1&quot;
            &gt;
              Trigonometri
            &lt;/h3&gt;
            &lt;p
              class=&quot;text-sm text-gray-600&quot;
            &gt;
              Birim çember ve trigonometrik fonksiyonlar
            &lt;/p&gt;
            &lt;span
              class=&quot;inline-block mt-2 px-2 py-1 bg-blue-100 text-blue-800 text-xs rounded&quot;
            &gt;
              geometry
            &lt;/span&gt;
          &lt;/button&gt;
        &lt;/div&gt;
      &lt;/div&gt;
      &lt;div
        class=&quot;geogebra-embed mb-4&quot;
      &gt;
        &lt;iframe
          allow=&quot;fullscreen&quot;
          class=&quot;border-2 border-gray-300 rounded&quot;
          height=&quot;600&quot;
          src=&quot;https://www.geogebra.org/material/iframe/id/basic&quot;
          title=&quot;Temel Geometri&quot;
          width=&quot;800&quot;
        /&gt;
      &lt;/div&gt;
      &lt;div
        class=&quot;controls flex justify-between items-center&quot;
      &gt;
        &lt;div
          class=&quot;info text-sm text-gray-600&quot;
        &gt;
          &lt;strong&gt;
            Aktif:
          &lt;/strong&gt;
           
          Temel Geometri
           (
          geometry
          )
        &lt;/div&gt;
        &lt;div
          class=&quot;actions flex gap-2&quot;
        &gt;
          &lt;button
            class=&quot;px-4 py-2 bg-gray-500 text-white rounded hover:bg-gray-600&quot;
          &gt;
            Kaydet
          &lt;/button&gt;
          &lt;button
            class=&quot;px-4 py-2 bg-green-500 text-white rounded hover:bg-green-600&quot;
          &gt;
            Tamamla
          &lt;/button&gt;
        &lt;/div&gt;
      &lt;/div&gt;
      &lt;div
        class=&quot;help-text mt-4 p-4 bg-blue-50 rounded&quot;
      &gt;
        &lt;p
          class=&quot;text-sm text-gray-700&quot;
        &gt;
          &lt;strong&gt;
            GeoGebra Hakkında:
          &lt;/strong&gt;
          &lt;br /&gt;
          GeoGebra, dinamik matematik yazılımıdır. Geometri, cebir, istatistik ve hesaplama konularında interaktif öğrenme sağlar.
          &lt;br /&gt;
          &lt;br /&gt;
          &lt;strong&gt;
            İpuçları:
          &lt;/strong&gt;
          &lt;br /&gt;
          • Araçları kullanarak şekiller çizin
          &lt;br /&gt;
          • Noktaları sürükleyerek dinamik değişimleri gözlemleyin
          &lt;br /&gt;
          • Ölçüm araçlarıyla uzunluk ve açı ölçün
        &lt;/p&gt;
      &lt;/div&gt;
    &lt;/div&gt;
  &lt;/div&gt;
  &lt;div&gt;
    &lt;div
      class=&quot;geogebra-container p-6 bg-white rounded-lg shadow-lg&quot;
    &gt;
      &lt;h2
        class=&quot;text-2xl font-bold mb-4&quot;
      &gt;
        GeoGebra İnteraktif Matematik
      &lt;/h2&gt;
      &lt;div
        class=&quot;applet-selector mb-4&quot;
      &gt;
        &lt;label
          class=&quot;block text-sm font-medium mb-2&quot;
        &gt;
          Aktivite Seç:
        &lt;/label&gt;
        &lt;div
          class=&quot;grid grid-cols-1 md:grid-cols-3 gap-4&quot;
        &gt;
          &lt;button
            class=&quot;p-4 border-2 rounded-lg text-left transition-all border-blue-500 bg-blue-50&quot;
          &gt;
            &lt;h3
              class=&quot;font-bold text-lg mb-1&quot;
            &gt;
              Temel Geometri
            &lt;/h3&gt;
            &lt;p
              class=&quot;text-sm text-gray-600&quot;
            &gt;
              Temel geometri şekilleri çizimi
            &lt;/p&gt;
            &lt;span
              class=&quot;inline-block mt-2 p...

Ignored nodes: comments, script, style
&lt;html&gt;
  &lt;head /&gt;
  &lt;body&gt;
    &lt;div&gt;
      &lt;div
        class=&quot;geogebra-container p-6 bg-white rounded-lg shadow-lg&quot;
      &gt;
        &lt;h2
          class=&quot;text-2xl font-bold mb-4&quot;
        &gt;
          GeoGebra İnteraktif Matematik
        &lt;/h2&gt;
        &lt;div
          class=&quot;applet-selector mb-4&quot;
        &gt;
          &lt;label
            class=&quot;block text-sm font-medium mb-2&quot;
          &gt;
            Aktivite Seç:
          &lt;/label&gt;
          &lt;div
            class=&quot;grid grid-cols-1 md:grid-cols-3 gap-4&quot;
          &gt;
            &lt;button
              class=&quot;p-4 border-2 rounded-lg text-left transition-all border-blue-500 bg-blue-50&quot;
            &gt;
              &lt;h3
                class=&quot;font-bold text-lg mb-1&quot;
              &gt;
                Temel Geometri
              &lt;/h3&gt;
              &lt;p
                class=&quot;text-sm text-gray-600&quot;
              &gt;
                Temel geometri şekilleri çizimi
              &lt;/p&gt;
              &lt;span
                class=&quot;inline-block mt-2 px-2 py-1 bg-blue-100 text-blue-800 text-xs rounded&quot;
              &gt;
                geometry
              &lt;/span&gt;
            &lt;/button&gt;
            &lt;button
              class=&quot;p-4 border-2 rounded-lg text-left transition-all border-gray-300 hover:border-blue-300&quot;
            &gt;
              &lt;h3
                class=&quot;font-bold text-lg mb-1&quot;
              &gt;
                Fonksiyonlar
              &lt;/h3&gt;
              &lt;p
                class=&quot;text-sm text-gray-600&quot;
              &gt;
                Fonksiyon grafikleri ve dönüşümleri
              &lt;/p&gt;
              &lt;span
                class=&quot;inline-block mt-2 px-2 py-1 bg-blue-100 text-blue-800 text-xs rounded&quot;
              &gt;
                algebra
              &lt;/span&gt;
            &lt;/button&gt;
            &lt;button
              class=&quot;p-4 border-2 rounded-lg text-left transition-all border-gray-300 hover:border-blue-300&quot;
            &gt;
              &lt;h3
                class=&quot;font-bold text-lg mb-1&quot;
              &gt;
                Trigonometri
              &lt;/h3&gt;
              &lt;p
                class=&quot;text-sm text-gray-600&quot;
              &gt;
                Birim çember ve trigonometrik fonksiyonlar
              &lt;/p&gt;
              &lt;span
                class=&quot;inline-block mt-2 px-2 py-1 bg-blue-100 text-blue-800 text-xs rounded&quot;
              &gt;
                geometry
              &lt;/span&gt;
            &lt;/button&gt;
          &lt;/div&gt;
        &lt;/div&gt;
        &lt;div
          class=&quot;geogebra-embed mb-4&quot;
        &gt;
          &lt;iframe
            allow=&quot;fullscreen&quot;
            class=&quot;border-2 border-gray-300 rounded&quot;
            height=&quot;600&quot;
            src=&quot;https://www.geogebra.org/material/iframe/id/basic&quot;
            title=&quot;Temel Geometri&quot;
            width=&quot;800&quot;
          /&gt;
        &lt;/div&gt;
        &lt;div
          class=&quot;controls flex justify-between items-center&quot;
        &gt;
          &lt;div
            class=&quot;info text-sm text-gray-600&quot;
          &gt;
            &lt;strong&gt;
              Aktif:
            &lt;/strong&gt;
             
            Temel Geometri
             (
            geometry
            )
          &lt;/div&gt;
          &lt;div
            class=&quot;actions flex gap-2&quot;
          &gt;
            &lt;button
              class=&quot;px-4 py-2 bg-gray-500 text-white rounded hover:bg-gray-600&quot;
            &gt;
              Kaydet
            &lt;/button&gt;
            &lt;button
              class=&quot;px-4 py-2 bg-green-500 text-white rounded hover:bg-green-600&quot;
            &gt;
              Tamamla
            &lt;/button&gt;
          &lt;/div&gt;
        &lt;/div&gt;
        &lt;div
          class=&quot;help-text mt-4 p-4 bg-blue-50 rounded&quot;
        &gt;
          &lt;p
            class=&quot;text-sm text-gray-700&quot;
          &gt;
            &lt;strong&gt;
              GeoGebra Hakkında:
            &lt;/strong&gt;
            &lt;br /&gt;
            GeoGebra, dinamik matematik yazılımıdır. Geometri, cebir, istatistik ve hesaplama konularında interaktif öğrenme sağlar.
            &lt;br /&gt;
            &lt;br /&gt;
            &lt;strong&gt;
              İpuçları:
            &lt;/strong&gt;
            &lt;br /&gt;
            • Araçları kullanarak şekiller çizin
            &lt;br /&gt;
            • Noktaları sürükleyerek dinamik değişimleri gözlemleyin
            &lt;br /&gt;
            • Ölçüm araçlarıyla uzunluk ve açı ölçün
          &lt;/p&gt;
        &lt;/div&gt;
      &lt;/div&gt;
    &lt;/div&gt;
    &lt;div&gt;
      &lt;div
        class=&quot;geogebra-container p-6 bg-white rounded-lg shadow-lg&quot;
      &gt;
        &lt;h2
          class=&quot;text-2xl font-bold mb-4&quot;
        &gt;
          GeoGebra İnteraktif Matematik
        &lt;/h2&gt;
        &lt;div
          class=&quot;applet-selector mb-4&quot;
        &gt;
          &lt;label
            class=&quot;block text-sm font-medium mb-2&quot;
          &gt;
            Aktivite Seç:
          &lt;/label&gt;
          &lt;div
            class=&quot;grid grid-cols-1 md:grid-cols-3 gap-4&quot;
          &gt;
            &lt;button
              class=&quot;p-4 border-2 rounded-lg text-left transition-all border-blue-500 bg-blue-50&quot;
            &gt;
              &lt;h3
                class=&quot;font-bold t...
 ❯ Proxy.waitForWrapper node_modules/@testing-library/react/node_modules/@testing-library/dom/dist/wait-for.js:163:27
 ❯ src/components/Manipulatives/__tests__/GeoGebraEmbed.test.tsx:536:11
            </failure>
            <failure message="jest is not defined" type="ReferenceError">
ReferenceError: jest is not defined
 ❯ src/components/Manipulatives/__tests__/GeoGebraEmbed.test.tsx:469:5
            </failure>
        </testcase>
        <testcase classname="src/components/Manipulatives/__tests__/GeoGebraEmbed.test.tsx" name="GeoGebraEmbed Component - Props &gt; accepts custom width and height" time="1.0496498">
            <failure message="[2mexpect([22m[31melement[39m[2m).toHaveAttribute([22m[32m[32m&quot;width&quot;[32m[39m[2m, [22m[32m[32m&quot;1200&quot;[32m[39m[2m) // element.getAttribute(&quot;width&quot;) === &quot;1200&quot;[22m

Expected the element to have attribute:
[32m  width=&quot;1200&quot;[39m
Received:
[31m  width=&quot;800&quot;[39m

Ignored nodes: comments, script, style
[36m&lt;html&gt;[39m
  [36m&lt;head /&gt;[39m
  [36m&lt;body&gt;[39m
    [36m&lt;div&gt;[39m
      [36m&lt;div[39m
        [33mclass[39m=[32m&quot;geogebra-container p-6 bg-white rounded-lg shadow-lg&quot;[39m
      [36m&gt;[39m
        [36m&lt;h2[39m
          [33mclass[39m=[32m&quot;text-2xl font-bold mb-4&quot;[39m
        [36m&gt;[39m
          [0mGeoGebra İnteraktif Matematik[0m
        [36m&lt;/h2&gt;[39m
        [36m&lt;div[39m
          [33mclass[39m=[32m&quot;applet-selector mb-4&quot;[39m
        [36m&gt;[39m
          [36m&lt;label[39m
            [33mclass[39m=[32m&quot;block text-sm font-medium mb-2&quot;[39m
          [36m&gt;[39m
            [0mAktivite Seç:[0m
          [36m&lt;/label&gt;[39m
          [36m&lt;div[39m
            [33mclass[39m=[32m&quot;grid grid-cols-1 md:grid-cols-3 gap-4&quot;[39m
          [36m&gt;[39m
            [36m&lt;button[39m
              [33mclass[39m=[32m&quot;p-4 border-2 rounded-lg text-left transition-all border-blue-500 bg-blue-50&quot;[39m
            [36m&gt;[39m
              [36m&lt;h3[39m
                [33mclass[39m=[32m&quot;font-bold text-lg mb-1&quot;[39m
              [36m&gt;[39m
                [0mTemel Geometri[0m
              [36m&lt;/h3&gt;[39m
              [36m&lt;p[39m
                [33mclass[39m=[32m&quot;text-sm text-gray-600&quot;[39m
              [36m&gt;[39m
                [0mTemel geometri şekilleri çizimi[0m
              [36m&lt;/p&gt;[39m
              [36m&lt;span[39m
                [33mclass[39m=[32m&quot;inline-block mt-2 px-2 py-1 bg-blue-100 text-blue-800 text-xs rounded&quot;[39m
              [36m&gt;[39m
                [0mgeometry[0m
              [36m&lt;/span&gt;[39m
            [36m&lt;/button&gt;[39m
            [36m&lt;button[39m
              [33mclass[39m=[32m&quot;p-4 border-2 rounded-lg text-left transition-all border-gray-300 hover:border-blue-300&quot;[39m
            [36m&gt;[39m
              [36m&lt;h3[39m
                [33mclass[39m=[32m&quot;font-bold text-lg mb-1&quot;[39m
              [36m&gt;[39m
                [0mFonksiyonlar[0m
              [36m&lt;/h3&gt;[39m
              [36m&lt;p[39m
                [33mclass[39m=[32m&quot;text-sm text-gray-600&quot;[39m
              [36m&gt;[39m
                [0mFonksiyon grafikleri ve dönüşümleri[0m
              [36m&lt;/p&gt;[39m
              [36m&lt;span[39m
                [33mclass[39m=[32m&quot;inline-block mt-2 px-2 py-1 bg-blue-100 text-blue-800 text-xs rounded&quot;[39m
              [36m&gt;[39m
                [0malgebra[0m
              [36m&lt;/span&gt;[39m
            [36m&lt;/button&gt;[39m
            [36m&lt;button[39m
              [33mclass[39m=[32m&quot;p-4 border-2 rounded-lg text-left transition-all border-gray-300 hover:border-blue-300&quot;[39m
            [36m&gt;[39m
              [36m&lt;h3[39m
                [33mclass[39m=[32m&quot;font-bold text-lg mb-1&quot;[39m
              [36m&gt;[39m
                [0mTrigonometri[0m
              [36m&lt;/h3&gt;[39m
              [36m&lt;p[39m
                [33mclass[39m=[32m&quot;text-sm text-gray-600&quot;[39m
              [36m&gt;[39m
                [0mBirim çember ve trigonometrik fonksiyonlar[0m
              [36m&lt;/p&gt;[39m
              [36m&lt;span[39m
                [33mclass[39m=[32m&quot;inline-block mt-2 px-2 py-1 bg-blue-100 text-blue-800 text-xs rounded&quot;[39m
              [36m&gt;[39m
                [0mgeometry[0m
              [36m&lt;/span&gt;[39m
            [36m&lt;/button&gt;[39m
          [36m&lt;/div&gt;[39m
        [36m&lt;/div&gt;[39m
        [36m&lt;div[39m
          [33mclass[39m=[32m&quot;geogebra-embed mb-4&quot;[39m
        [36m&gt;[39m
          [36m&lt;iframe[39m
            [33mallow[39m=[32m&quot;fullscreen&quot;[39m
            [33mclass[39m=[32m&quot;border-2 border-gray-300 rounded&quot;[39m
            [33mheight[39m=[32m&quot;600&quot;[39m
            [33msrc[39m=[32m&quot;https://www.geogebra.org/material/iframe/id/basic&quot;[39m
            [33mtitle[39m=[32m&quot;Temel Geometri&quot;[39m
            [33mwidth[39m=[32m&quot;800&quot;[39m
          [36m/&gt;[39m
        [36m&lt;/div&gt;[39m
        [36m&lt;div[39m
          [33mclass[39m=[32m&quot;controls flex justify-between items-center&quot;[39m
        [36m&gt;[39m
          [36m&lt;div[39m
            [33mclass[39m=[32m&quot;info text-sm text-gray-600&quot;[39m
          [36m&gt;[39m
            [36m&lt;strong&gt;[39m
              [0mAktif:[0m
            [36m&lt;/strong&gt;[39m
            [0m [0m
            [0mTemel Geometri[0m
            [0m ([0m
            [0mgeometry[0m
            [0m)[0m
          [36m&lt;/div&gt;[39m
          [36m&lt;div[39m
            [33mclass[39m=[32m&quot;actions flex gap-2&quot;[39m
          [36m&gt;[39m
            [36m&lt;button[39m
              [33mclass[39m=[32m&quot;px-4 py-2 bg-gray-500 text-white rounded hover:bg-gray-600&quot;[39m
            [36m&gt;[39m
              [0mKaydet[0m
            [36m&lt;/button&gt;[39m
            [36m&lt;button[39m
              [33mclass[39m=[32m&quot;px-4 py-2 bg-green-500 text-white rounded hover:bg-green-600&quot;[39m
            [36m&gt;[39m
              [0mTamamla[0m
            [36m&lt;/button&gt;[39m
          [36m&lt;/div&gt;[39m
        [36m&lt;/div&gt;[39m
        [36m&lt;div[39m
          [33mclass[39m=[32m&quot;help-text mt-4 p-4 bg-blue-50 rounded&quot;[39m
        [36m&gt;[39m
          [36m&lt;p[39m
            [33mclass[39m=[32m&quot;text-sm text-gray-700&quot;[39m
          [36m&gt;[39m
            [36m&lt;strong&gt;[39m
              [0mGeoGebra Hakkında:[0m
            [36m&lt;/strong&gt;[39m
            [36m&lt;br /&gt;[39m
            [0mGeoGebra, dinamik matematik yazılımıdır. Geometri, cebir, istatistik ve hesaplama konularında interaktif öğrenme sağlar.[0m
            [36m&lt;br /&gt;[39m
            [36m&lt;br /&gt;[39m
            [36m&lt;strong&gt;[39m
              [0mİpuçları:[0m
            [36m&lt;/strong&gt;[39m
            [36m&lt;br /&gt;[39m
            [0m• Araçları kullanarak şekiller çizin[0m
            [36m&lt;br /&gt;[39m
            [0m• Noktaları sürükleyerek dinamik değişimleri gözlemleyin[0m
            [36m&lt;br /&gt;[39m
            [0m• Ölçüm araçlarıyla uzunluk ve açı ölçün[0m
          [36m&lt;/p&gt;[39m
        [36m&lt;/div&gt;[39m
      [36m&lt;/div&gt;[39m
    [36m&lt;/div&gt;[39m
    [36m&lt;div&gt;[39m
      [36m&lt;div[39m
        [33mclass[39m=[32m&quot;geogebra-container p-6 bg-white rounded-lg shadow-lg&quot;[39m
      [36m&gt;[39m
        [36m&lt;h2[39m
          [33mclass[39m=[32m&quot;text-2xl font-bold mb-4&quot;[39m
        [36m&gt;[39m
          [0mGeoGebra İnteraktif Matematik[0m
        [36m&lt;/h2&gt;[39m
        [36m&lt;div[39m
          [33mclass[39m=[32m&quot;applet-selector mb-4&quot;[39m
        [36m&gt;[39m
          [36m&lt;label[39m
            [33mclass[39m=[32m&quot;block text-sm font-medium mb-2&quot;[39m
          [36m&gt;[39m
            [0mAktivite Seç:[0m
          [36m&lt;/label&gt;[39m
          [36m&lt;div[39m
            [33mclass[39m=[32m&quot;grid grid-cols-1 md:grid-cols-3 gap-4&quot;[39m
          [36m&gt;[39m
            [36m&lt;button[39m
              [33mclass[39m=[32m&quot;p-4 border-2 rounded-lg text-left transition-all border-blue-500 bg-blue-50&quot;[39m
            [36m&gt;[39m
              [36m&lt;h3[39m
                [33mclass[39m=[32m&quot;font-bold t..." type="Error">
Error: expect(element).toHaveAttribute(&quot;width&quot;, &quot;1200&quot;) // element.getAttribute(&quot;width&quot;) === &quot;1200&quot;

Expected the element to have attribute:
  width=&quot;1200&quot;
Received:
  width=&quot;800&quot;

Ignored nodes: comments, script, style
&lt;html&gt;
  &lt;head /&gt;
  &lt;body&gt;
    &lt;div&gt;
      &lt;div
        class=&quot;geogebra-container p-6 bg-white rounded-lg shadow-lg&quot;
      &gt;
        &lt;h2
          class=&quot;text-2xl font-bold mb-4&quot;
        &gt;
          GeoGebra İnteraktif Matematik
        &lt;/h2&gt;
        &lt;div
          class=&quot;applet-selector mb-4&quot;
        &gt;
          &lt;label
            class=&quot;block text-sm font-medium mb-2&quot;
          &gt;
            Aktivite Seç:
          &lt;/label&gt;
          &lt;div
            class=&quot;grid grid-cols-1 md:grid-cols-3 gap-4&quot;
          &gt;
            &lt;button
              class=&quot;p-4 border-2 rounded-lg text-left transition-all border-blue-500 bg-blue-50&quot;
            &gt;
              &lt;h3
                class=&quot;font-bold text-lg mb-1&quot;
              &gt;
                Temel Geometri
              &lt;/h3&gt;
              &lt;p
                class=&quot;text-sm text-gray-600&quot;
              &gt;
                Temel geometri şekilleri çizimi
              &lt;/p&gt;
              &lt;span
                class=&quot;inline-block mt-2 px-2 py-1 bg-blue-100 text-blue-800 text-xs rounded&quot;
              &gt;
                geometry
              &lt;/span&gt;
            &lt;/button&gt;
            &lt;button
              class=&quot;p-4 border-2 rounded-lg text-left transition-all border-gray-300 hover:border-blue-300&quot;
            &gt;
              &lt;h3
                class=&quot;font-bold text-lg mb-1&quot;
              &gt;
                Fonksiyonlar
              &lt;/h3&gt;
              &lt;p
                class=&quot;text-sm text-gray-600&quot;
              &gt;
                Fonksiyon grafikleri ve dönüşümleri
              &lt;/p&gt;
              &lt;span
                class=&quot;inline-block mt-2 px-2 py-1 bg-blue-100 text-blue-800 text-xs rounded&quot;
              &gt;
                algebra
              &lt;/span&gt;
            &lt;/button&gt;
            &lt;button
              class=&quot;p-4 border-2 rounded-lg text-left transition-all border-gray-300 hover:border-blue-300&quot;
            &gt;
              &lt;h3
                class=&quot;font-bold text-lg mb-1&quot;
              &gt;
                Trigonometri
              &lt;/h3&gt;
              &lt;p
                class=&quot;text-sm text-gray-600&quot;
              &gt;
                Birim çember ve trigonometrik fonksiyonlar
              &lt;/p&gt;
              &lt;span
                class=&quot;inline-block mt-2 px-2 py-1 bg-blue-100 text-blue-800 text-xs rounded&quot;
              &gt;
                geometry
              &lt;/span&gt;
            &lt;/button&gt;
          &lt;/div&gt;
        &lt;/div&gt;
        &lt;div
          class=&quot;geogebra-embed mb-4&quot;
        &gt;
          &lt;iframe
            allow=&quot;fullscreen&quot;
            class=&quot;border-2 border-gray-300 rounded&quot;
            height=&quot;600&quot;
            src=&quot;https://www.geogebra.org/material/iframe/id/basic&quot;
            title=&quot;Temel Geometri&quot;
            width=&quot;800&quot;
          /&gt;
        &lt;/div&gt;
        &lt;div
          class=&quot;controls flex justify-between items-center&quot;
        &gt;
          &lt;div
            class=&quot;info text-sm text-gray-600&quot;
          &gt;
            &lt;strong&gt;
              Aktif:
            &lt;/strong&gt;
             
            Temel Geometri
             (
            geometry
            )
          &lt;/div&gt;
          &lt;div
            class=&quot;actions flex gap-2&quot;
          &gt;
            &lt;button
              class=&quot;px-4 py-2 bg-gray-500 text-white rounded hover:bg-gray-600&quot;
            &gt;
              Kaydet
            &lt;/button&gt;
            &lt;button
              class=&quot;px-4 py-2 bg-green-500 text-white rounded hover:bg-green-600&quot;
            &gt;
              Tamamla
            &lt;/button&gt;
          &lt;/div&gt;
        &lt;/div&gt;
        &lt;div
          class=&quot;help-text mt-4 p-4 bg-blue-50 rounded&quot;
        &gt;
          &lt;p
            class=&quot;text-sm text-gray-700&quot;
          &gt;
            &lt;strong&gt;
              GeoGebra Hakkında:
            &lt;/strong&gt;
            &lt;br /&gt;
            GeoGebra, dinamik matematik yazılımıdır. Geometri, cebir, istatistik ve hesaplama konularında interaktif öğrenme sağlar.
            &lt;br /&gt;
            &lt;br /&gt;
            &lt;strong&gt;
              İpuçları:
            &lt;/strong&gt;
            &lt;br /&gt;
            • Araçları kullanarak şekiller çizin
            &lt;br /&gt;
            • Noktaları sürükleyerek dinamik değişimleri gözlemleyin
            &lt;br /&gt;
            • Ölçüm araçlarıyla uzunluk ve açı ölçün
          &lt;/p&gt;
        &lt;/div&gt;
      &lt;/div&gt;
    &lt;/div&gt;
    &lt;div&gt;
      &lt;div
        class=&quot;geogebra-container p-6 bg-white rounded-lg shadow-lg&quot;
      &gt;
        &lt;h2
          class=&quot;text-2xl font-bold mb-4&quot;
        &gt;
          GeoGebra İnteraktif Matematik
        &lt;/h2&gt;
        &lt;div
          class=&quot;applet-selector mb-4&quot;
        &gt;
          &lt;label
            class=&quot;block text-sm font-medium mb-2&quot;
          &gt;
            Aktivite Seç:
          &lt;/label&gt;
          &lt;div
            class=&quot;grid grid-cols-1 md:grid-cols-3 gap-4&quot;
          &gt;
            &lt;button
              class=&quot;p-4 border-2 rounded-lg text-left transition-all border-blue-500 bg-blue-50&quot;
            &gt;
              &lt;h3
                class=&quot;font-bold t...
 ❯ src/components/Manipulatives/__tests__/GeoGebraEmbed.test.tsx:558:22
 ❯ runWithExpensiveErrorDiagnosticsDisabled node_modules/@testing-library/react/node_modules/@testing-library/dom/dist/config.js:47:12
 ❯ checkCallback node_modules/@testing-library/react/node_modules/@testing-library/dom/dist/wait-for.js:124:77
 ❯ Timeout.checkRealTimersCallback node_modules/@testing-library/react/node_modules/@testing-library/dom/dist/wait-for.js:118:16
            </failure>
        </testcase>
        <testcase classname="src/components/Manipulatives/__tests__/GeoGebraEmbed.test.tsx" name="GeoGebraEmbed Component - Props &gt; uses default dimensions when not provided" time="0.0331016">
        </testcase>
        <testcase classname="src/components/Manipulatives/__tests__/GeoGebraEmbed.test.tsx" name="GeoGebraEmbed Component - Props &gt; loads custom appletId" time="0.0315994">
        </testcase>
        <testcase classname="src/components/Manipulatives/__tests__/GeoGebraEmbed.test.tsx" name="GeoGebraEmbed Component - Props &gt; handles missing appletId gracefully" time="0.0334428">
        </testcase>
        <testcase classname="src/components/Manipulatives/__tests__/GeoGebraEmbed.test.tsx" name="GeoGebraEmbed Component - UI &gt; displays applet descriptions" time="0.0342593">
        </testcase>
        <testcase classname="src/components/Manipulatives/__tests__/GeoGebraEmbed.test.tsx" name="GeoGebraEmbed Component - UI &gt; shows active applet info in controls" time="0.042146">
        </testcase>
        <testcase classname="src/components/Manipulatives/__tests__/GeoGebraEmbed.test.tsx" name="GeoGebraEmbed Component - UI &gt; displays help instructions" time="0.0295634">
        </testcase>
        <testcase classname="src/components/Manipulatives/__tests__/GeoGebraEmbed.test.tsx" name="GeoGebraEmbed Component - UI &gt; applies correct styling to selected applet" time="0.0330929">
        </testcase>
        <testcase classname="src/components/Manipulatives/__tests__/GeoGebraEmbed.test.tsx" name="GeoGebraEmbed Component - UI &gt; applies hover styles to unselected applets" time="0.031976">
        </testcase>
        <testcase classname="src/components/Manipulatives/__tests__/GeoGebraEmbed.test.tsx" name="GeoGebraEmbed Component - Edge Cases &gt; handles empty applet list" time="0.0176054">
        </testcase>
        <testcase classname="src/components/Manipulatives/__tests__/GeoGebraEmbed.test.tsx" name="GeoGebraEmbed Component - Edge Cases &gt; handles unsuccessful API response" time="0.0283294">
        </testcase>
        <testcase classname="src/components/Manipulatives/__tests__/GeoGebraEmbed.test.tsx" name="GeoGebraEmbed Component - Edge Cases &gt; saves activity without selected applet does nothing" time="0.0146947">
        </testcase>
        <testcase classname="src/components/Manipulatives/__tests__/GeoGebraEmbed.test.tsx" name="GeoGebraEmbed Component - Edge Cases &gt; calculates duration correctly" time="1.0539283">
            <failure message="expected &quot;wrap&quot; to be called with arguments: [ …(2) ][90m

Received: 

[1m  1st wrap call:

[22m[2m  [[22m
[2m    &quot;/api/manipulatives/geogebra/activity&quot;,[22m
[32m-   ObjectContaining {[90m
[32m-     &quot;duration_seconds&quot;: 125,[90m
[31m+   {[90m
[31m+     &quot;activity_type&quot;: &quot;geometry&quot;,[90m
[31m+     &quot;applet_id&quot;: &quot;geometry-basic&quot;,[90m
[31m+     &quot;completed&quot;: false,[90m
[31m+     &quot;duration_seconds&quot;: 0,[90m
[31m+     &quot;user_id&quot;: 0,[90m
[2m    },[22m
[2m  ][22m
[39m[90m

Number of calls: [1m1[22m
[39m

Ignored nodes: comments, script, style
[36m&lt;html&gt;[39m
  [36m&lt;head /&gt;[39m
  [36m&lt;body&gt;[39m
    [36m&lt;div&gt;[39m
      [36m&lt;div[39m
        [33mclass[39m=[32m&quot;geogebra-container p-6 bg-white rounded-lg shadow-lg&quot;[39m
      [36m&gt;[39m
        [36m&lt;h2[39m
          [33mclass[39m=[32m&quot;text-2xl font-bold mb-4&quot;[39m
        [36m&gt;[39m
          [0mGeoGebra İnteraktif Matematik[0m
        [36m&lt;/h2&gt;[39m
        [36m&lt;div[39m
          [33mclass[39m=[32m&quot;applet-selector mb-4&quot;[39m
        [36m&gt;[39m
          [36m&lt;label[39m
            [33mclass[39m=[32m&quot;block text-sm font-medium mb-2&quot;[39m
          [36m&gt;[39m
            [0mAktivite Seç:[0m
          [36m&lt;/label&gt;[39m
          [36m&lt;div[39m
            [33mclass[39m=[32m&quot;grid grid-cols-1 md:grid-cols-3 gap-4&quot;[39m
          [36m&gt;[39m
            [36m&lt;button[39m
              [33mclass[39m=[32m&quot;p-4 border-2 rounded-lg text-left transition-all border-blue-500 bg-blue-50&quot;[39m
            [36m&gt;[39m
              [36m&lt;h3[39m
                [33mclass[39m=[32m&quot;font-bold text-lg mb-1&quot;[39m
              [36m&gt;[39m
                [0mTemel Geometri[0m
              [36m&lt;/h3&gt;[39m
              [36m&lt;p[39m
                [33mclass[39m=[32m&quot;text-sm text-gray-600&quot;[39m
              [36m&gt;[39m
                [0mTemel geometri şekilleri çizimi[0m
              [36m&lt;/p&gt;[39m
              [36m&lt;span[39m
                [33mclass[39m=[32m&quot;inline-block mt-2 px-2 py-1 bg-blue-100 text-blue-800 text-xs rounded&quot;[39m
              [36m&gt;[39m
                [0mgeometry[0m
              [36m&lt;/span&gt;[39m
            [36m&lt;/button&gt;[39m
            [36m&lt;button[39m
              [33mclass[39m=[32m&quot;p-4 border-2 rounded-lg text-left transition-all border-gray-300 hover:border-blue-300&quot;[39m
            [36m&gt;[39m
              [36m&lt;h3[39m
                [33mclass[39m=[32m&quot;font-bold text-lg mb-1&quot;[39m
              [36m&gt;[39m
                [0mFonksiyonlar[0m
              [36m&lt;/h3&gt;[39m
              [36m&lt;p[39m
                [33mclass[39m=[32m&quot;text-sm text-gray-600&quot;[39m
              [36m&gt;[39m
                [0mFonksiyon grafikleri ve dönüşümleri[0m
              [36m&lt;/p&gt;[39m
              [36m&lt;span[39m
                [33mclass[39m=[32m&quot;inline-block mt-2 px-2 py-1 bg-blue-100 text-blue-800 text-xs rounded&quot;[39m
              [36m&gt;[39m
                [0malgebra[0m
              [36m&lt;/span&gt;[39m
            [36m&lt;/button&gt;[39m
            [36m&lt;button[39m
              [33mclass[39m=[32m&quot;p-4 border-2 rounded-lg text-left transition-all border-gray-300 hover:border-blue-300&quot;[39m
            [36m&gt;[39m
              [36m&lt;h3[39m
                [33mclass[39m=[32m&quot;font-bold text-lg mb-1&quot;[39m
              [36m&gt;[39m
                [0mTrigonometri[0m
              [36m&lt;/h3&gt;[39m
              [36m&lt;p[39m
                [33mclass[39m=[32m&quot;text-sm text-gray-600&quot;[39m
              [36m&gt;[39m
                [0mBirim çember ve trigonometrik fonksiyonlar[0m
              [36m&lt;/p&gt;[39m
              [36m&lt;span[39m
                [33mclass[39m=[32m&quot;inline-block mt-2 px-2 py-1 bg-blue-100 text-blue-800 text-xs rounded&quot;[39m
              [36m&gt;[39m
                [0mgeometry[0m
              [36m&lt;/span&gt;[39m
            [36m&lt;/button&gt;[39m
          [36m&lt;/div&gt;[39m
        [36m&lt;/div&gt;[39m
        [36m&lt;div[39m
          [33mclass[39m=[32m&quot;geogebra-embed mb-4&quot;[39m
        [36m&gt;[39m
          [36m&lt;iframe[39m
            [33mallow[39m=[32m&quot;fullscreen&quot;[39m
            [33mclass[39m=[32m&quot;border-2 border-gray-300 rounded&quot;[39m
            [33mheight[39m=[32m&quot;600&quot;[39m
            [33msrc[39m=[32m&quot;https://www.geogebra.org/material/iframe/id/basic&quot;[39m
            [33mtitle[39m=[32m&quot;Temel Geometri&quot;[39m
            [33mwidth[39m=[32m&quot;800&quot;[39m
          [36m/&gt;[39m
        [36m&lt;/div&gt;[39m
        [36m&lt;div[39m
          [33mclass[39m=[32m&quot;controls flex justify-between items-center&quot;[39m
        [36m&gt;[39m
          [36m&lt;div[39m
            [33mclass[39m=[32m&quot;info text-sm text-gray-600&quot;[39m
          [36m&gt;[39m
            [36m&lt;strong&gt;[39m
              [0mAktif:[0m
            [36m&lt;/strong&gt;[39m
            [0m [0m
            [0mTemel Geometri[0m
            [0m ([0m
            [0mgeometry[0m
            [0m)[0m
          [36m&lt;/div&gt;[39m
          [36m&lt;div[39m
            [33mclass[39m=[32m&quot;actions flex gap-2&quot;[39m
          [36m&gt;[39m
            [36m&lt;button[39m
              [33mclass[39m=[32m&quot;px-4 py-2 bg-gray-500 text-white rounded hover:bg-gray-600&quot;[39m
            [36m&gt;[39m
              [0mKaydet[0m
            [36m&lt;/button&gt;[39m
            [36m&lt;button[39m
              [33mclass[39m=[32m&quot;px-4 py-2 bg-green-500 text-white rounded hover:bg-green-600&quot;[39m
            [36m&gt;[39m
              [0mTamamla[0m
            [36m&lt;/button&gt;[39m
          [36m&lt;/div&gt;[39m
        [36m&lt;/div&gt;[39m
        [36m&lt;div[39m
          [33mclass[39m=[32m&quot;help-text mt-4 p-4 bg-blue-50 rounded&quot;[39m
        [36m&gt;[39m
          [36m&lt;p[39m
            [33mclass[39m=[32m&quot;text-sm text-gray-700&quot;[39m
          [36m&gt;[39m
            [36m&lt;strong&gt;[39m
              [0mGeoGebra Hakkında:[0m
            [36m&lt;/strong&gt;[39m
            [36m&lt;br /&gt;[39m
            [0mGeoGebra, dinamik matematik yazılımıdır. Geometri, cebir, istatistik ve hesaplama konularında interaktif öğrenme sağlar.[0m
            [36m&lt;br /&gt;[39m
            [36m&lt;br /&gt;[39m
            [36m&lt;strong&gt;[39m
              [0mİpuçları:[0m
            [36m&lt;/strong&gt;[39m
            [36m&lt;br /&gt;[39m
            [0m• Araçları kullanarak şekiller çizin[0m
            [36m&lt;br /&gt;[39m
            [0m• Noktaları sürükleyerek dinamik değişimleri gözlemleyin[0m
            [36m&lt;br /&gt;[39m
            [0m• Ölçüm araçlarıyla uzunluk ve açı ölçün[0m
          [36m&lt;/p&gt;[39m
        [36m&lt;/div&gt;[39m
      [36m&lt;/div&gt;[39m
    [36m&lt;/div&gt;[39m
  [36m&lt;/body&gt;[39m
[36m&lt;/html&gt;[39m" type="AssertionError">
AssertionError: expected &quot;wrap&quot; to be called with arguments: [ …(2) ]

Received: 

  1st wrap call:

  [
    &quot;/api/manipulatives/geogebra/activity&quot;,
-   ObjectContaining {
-     &quot;duration_seconds&quot;: 125,
+   {
+     &quot;activity_type&quot;: &quot;geometry&quot;,
+     &quot;applet_id&quot;: &quot;geometry-basic&quot;,
+     &quot;completed&quot;: false,
+     &quot;duration_seconds&quot;: 0,
+     &quot;user_id&quot;: 0,
    },
  ]


Number of calls: 1


Ignored nodes: comments, script, style
&lt;html&gt;
  &lt;head /&gt;
  &lt;body&gt;
    &lt;div&gt;
      &lt;div
        class=&quot;geogebra-container p-6 bg-white rounded-lg shadow-lg&quot;
      &gt;
        &lt;h2
          class=&quot;text-2xl font-bold mb-4&quot;
        &gt;
          GeoGebra İnteraktif Matematik
        &lt;/h2&gt;
        &lt;div
          class=&quot;applet-selector mb-4&quot;
        &gt;
          &lt;label
            class=&quot;block text-sm font-medium mb-2&quot;
          &gt;
            Aktivite Seç:
          &lt;/label&gt;
          &lt;div
            class=&quot;grid grid-cols-1 md:grid-cols-3 gap-4&quot;
          &gt;
            &lt;button
              class=&quot;p-4 border-2 rounded-lg text-left transition-all border-blue-500 bg-blue-50&quot;
            &gt;
              &lt;h3
                class=&quot;font-bold text-lg mb-1&quot;
              &gt;
                Temel Geometri
              &lt;/h3&gt;
              &lt;p
                class=&quot;text-sm text-gray-600&quot;
              &gt;
                Temel geometri şekilleri çizimi
              &lt;/p&gt;
              &lt;span
                class=&quot;inline-block mt-2 px-2 py-1 bg-blue-100 text-blue-800 text-xs rounded&quot;
              &gt;
                geometry
              &lt;/span&gt;
            &lt;/button&gt;
            &lt;button
              class=&quot;p-4 border-2 rounded-lg text-left transition-all border-gray-300 hover:border-blue-300&quot;
            &gt;
              &lt;h3
                class=&quot;font-bold text-lg mb-1&quot;
              &gt;
                Fonksiyonlar
              &lt;/h3&gt;
              &lt;p
                class=&quot;text-sm text-gray-600&quot;
              &gt;
                Fonksiyon grafikleri ve dönüşümleri
              &lt;/p&gt;
              &lt;span
                class=&quot;inline-block mt-2 px-2 py-1 bg-blue-100 text-blue-800 text-xs rounded&quot;
              &gt;
                algebra
              &lt;/span&gt;
            &lt;/button&gt;
            &lt;button
              class=&quot;p-4 border-2 rounded-lg text-left transition-all border-gray-300 hover:border-blue-300&quot;
            &gt;
              &lt;h3
                class=&quot;font-bold text-lg mb-1&quot;
              &gt;
                Trigonometri
              &lt;/h3&gt;
              &lt;p
                class=&quot;text-sm text-gray-600&quot;
              &gt;
                Birim çember ve trigonometrik fonksiyonlar
              &lt;/p&gt;
              &lt;span
                class=&quot;inline-block mt-2 px-2 py-1 bg-blue-100 text-blue-800 text-xs rounded&quot;
              &gt;
                geometry
              &lt;/span&gt;
            &lt;/button&gt;
          &lt;/div&gt;
        &lt;/div&gt;
        &lt;div
          class=&quot;geogebra-embed mb-4&quot;
        &gt;
          &lt;iframe
            allow=&quot;fullscreen&quot;
            class=&quot;border-2 border-gray-300 rounded&quot;
            height=&quot;600&quot;
            src=&quot;https://www.geogebra.org/material/iframe/id/basic&quot;
            title=&quot;Temel Geometri&quot;
            width=&quot;800&quot;
          /&gt;
        &lt;/div&gt;
        &lt;div
          class=&quot;controls flex justify-between items-center&quot;
        &gt;
          &lt;div
            class=&quot;info text-sm text-gray-600&quot;
          &gt;
            &lt;strong&gt;
              Aktif:
            &lt;/strong&gt;
             
            Temel Geometri
             (
            geometry
            )
          &lt;/div&gt;
          &lt;div
            class=&quot;actions flex gap-2&quot;
          &gt;
            &lt;button
              class=&quot;px-4 py-2 bg-gray-500 text-white rounded hover:bg-gray-600&quot;
            &gt;
              Kaydet
            &lt;/button&gt;
            &lt;button
              class=&quot;px-4 py-2 bg-green-500 text-white rounded hover:bg-green-600&quot;
            &gt;
              Tamamla
            &lt;/button&gt;
          &lt;/div&gt;
        &lt;/div&gt;
        &lt;div
          class=&quot;help-text mt-4 p-4 bg-blue-50 rounded&quot;
        &gt;
          &lt;p
            class=&quot;text-sm text-gray-700&quot;
          &gt;
            &lt;strong&gt;
              GeoGebra Hakkında:
            &lt;/strong&gt;
            &lt;br /&gt;
            GeoGebra, dinamik matematik yazılımıdır. Geometri, cebir, istatistik ve hesaplama konularında interaktif öğrenme sağlar.
            &lt;br /&gt;
            &lt;br /&gt;
            &lt;strong&gt;
              İpuçları:
            &lt;/strong&gt;
            &lt;br /&gt;
            • Araçları kullanarak şekiller çizin
            &lt;br /&gt;
            • Noktaları sürükleyerek dinamik değişimleri gözlemleyin
            &lt;br /&gt;
            • Ölçüm araçlarıyla uzunluk ve açı ölçün
          &lt;/p&gt;
        &lt;/div&gt;
      &lt;/div&gt;
    &lt;/div&gt;
  &lt;/body&gt;
&lt;/html&gt;
 ❯ src/components/Manipulatives/__tests__/GeoGebraEmbed.test.tsx:734:32
 ❯ runWithExpensiveErrorDiagnosticsDisabled node_modules/@testing-library/react/node_modules/@testing-library/dom/dist/config.js:47:12
 ❯ checkCallback node_modules/@testing-library/react/node_modules/@testing-library/dom/dist/wait-for.js:124:77
 ❯ Timeout.checkRealTimersCallback node_modules/@testing-library/react/node_modules/@testing-library/dom/dist/wait-for.js:118:16
            </failure>
        </testcase>
    </testsuite>
    <testsuite name="src/components/Manipulatives/__tests__/InteractiveGeometry.test.tsx" timestamp="2025-11-14T16:56:52.761Z" hostname="ates" tests="1" failures="1" errors="0" skipped="0" time="0">
        <testcase classname="src/components/Manipulatives/__tests__/InteractiveGeometry.test.tsx" name="src/components/Manipulatives/__tests__/InteractiveGeometry.test.tsx" time="0">
            <failure message="jest is not defined" type="ReferenceError">
ReferenceError: jest is not defined
 ❯ src/components/Manipulatives/__tests__/InteractiveGeometry.test.tsx:43:42
            </failure>
        </testcase>
    </testsuite>
    <testsuite name="src/components/Manipulatives/__tests__/ManipulativesProgressDashboard.test.tsx" timestamp="2025-11-14T16:56:52.762Z" hostname="ates" tests="24" failures="24" errors="0" skipped="0" time="0.0397426">
        <testcase classname="src/components/Manipulatives/__tests__/ManipulativesProgressDashboard.test.tsx" name="ManipulativesProgressDashboard - Rendering &gt; renders loading state" time="0.0142153">
            <failure message="render is not a function" type="TypeError">
TypeError: render is not a function
 ❯ src/components/Manipulatives/__tests__/ManipulativesProgressDashboard.test.tsx:88:5
            </failure>
        </testcase>
        <testcase classname="src/components/Manipulatives/__tests__/ManipulativesProgressDashboard.test.tsx" name="ManipulativesProgressDashboard - Rendering &gt; renders dashboard after loading" time="0.0016105">
            <failure message="render is not a function" type="TypeError">
TypeError: render is not a function
 ❯ src/components/Manipulatives/__tests__/ManipulativesProgressDashboard.test.tsx:93:5
            </failure>
        </testcase>
        <testcase classname="src/components/Manipulatives/__tests__/ManipulativesProgressDashboard.test.tsx" name="ManipulativesProgressDashboard - Rendering &gt; renders view selector buttons" time="0.0011308">
            <failure message="render is not a function" type="TypeError">
TypeError: render is not a function
 ❯ src/components/Manipulatives/__tests__/ManipulativesProgressDashboard.test.tsx:100:5
            </failure>
        </testcase>
        <testcase classname="src/components/Manipulatives/__tests__/ManipulativesProgressDashboard.test.tsx" name="ManipulativesProgressDashboard - Data Loading &gt; fetches progress data on mount" time="0.0012019">
            <failure message="render is not a function" type="TypeError">
TypeError: render is not a function
 ❯ src/components/Manipulatives/__tests__/ManipulativesProgressDashboard.test.tsx:125:5
            </failure>
        </testcase>
        <testcase classname="src/components/Manipulatives/__tests__/ManipulativesProgressDashboard.test.tsx" name="ManipulativesProgressDashboard - Data Loading &gt; fetches badges on mount" time="0.0010721">
            <failure message="render is not a function" type="TypeError">
TypeError: render is not a function
 ❯ src/components/Manipulatives/__tests__/ManipulativesProgressDashboard.test.tsx:132:5
            </failure>
        </testcase>
        <testcase classname="src/components/Manipulatives/__tests__/ManipulativesProgressDashboard.test.tsx" name="ManipulativesProgressDashboard - Data Loading &gt; handles progress data fetch error" time="0.0014824">
            <failure message="render is not a function" type="TypeError">
TypeError: render is not a function
 ❯ src/components/Manipulatives/__tests__/ManipulativesProgressDashboard.test.tsx:142:5
            </failure>
        </testcase>
        <testcase classname="src/components/Manipulatives/__tests__/ManipulativesProgressDashboard.test.tsx" name="ManipulativesProgressDashboard - Data Loading &gt; shows message when no data" time="0.0009282">
            <failure message="render is not a function" type="TypeError">
TypeError: render is not a function
 ❯ src/components/Manipulatives/__tests__/ManipulativesProgressDashboard.test.tsx:154:5
            </failure>
        </testcase>
        <testcase classname="src/components/Manipulatives/__tests__/ManipulativesProgressDashboard.test.tsx" name="ManipulativesProgressDashboard - Overview &gt; displays summary cards" time="0.0010667">
            <failure message="render is not a function" type="TypeError">
TypeError: render is not a function
 ❯ src/components/Manipulatives/__tests__/ManipulativesProgressDashboard.test.tsx:178:5
            </failure>
        </testcase>
        <testcase classname="src/components/Manipulatives/__tests__/ManipulativesProgressDashboard.test.tsx" name="ManipulativesProgressDashboard - Overview &gt; shows mastery levels" time="0.0014992">
            <failure message="render is not a function" type="TypeError">
TypeError: render is not a function
 ❯ src/components/Manipulatives/__tests__/ManipulativesProgressDashboard.test.tsx:189:5
            </failure>
        </testcase>
        <testcase classname="src/components/Manipulatives/__tests__/ManipulativesProgressDashboard.test.tsx" name="ManipulativesProgressDashboard - Overview &gt; shows completion rates" time="0.0010874">
            <failure message="render is not a function" type="TypeError">
TypeError: render is not a function
 ❯ src/components/Manipulatives/__tests__/ManipulativesProgressDashboard.test.tsx:197:5
            </failure>
        </testcase>
        <testcase classname="src/components/Manipulatives/__tests__/ManipulativesProgressDashboard.test.tsx" name="ManipulativesProgressDashboard - Overview &gt; renders charts" time="0.0007443">
            <failure message="render is not a function" type="TypeError">
TypeError: render is not a function
 ❯ src/components/Manipulatives/__tests__/ManipulativesProgressDashboard.test.tsx:206:5
            </failure>
        </testcase>
        <testcase classname="src/components/Manipulatives/__tests__/ManipulativesProgressDashboard.test.tsx" name="ManipulativesProgressDashboard - View Switching &gt; switches to details view" time="0.0007567">
            <failure message="render is not a function" type="TypeError">
TypeError: render is not a function
 ❯ src/components/Manipulatives/__tests__/ManipulativesProgressDashboard.test.tsx:231:5
            </failure>
        </testcase>
        <testcase classname="src/components/Manipulatives/__tests__/ManipulativesProgressDashboard.test.tsx" name="ManipulativesProgressDashboard - View Switching &gt; switches to badges view" time="0.0006457">
            <failure message="render is not a function" type="TypeError">
TypeError: render is not a function
 ❯ src/components/Manipulatives/__tests__/ManipulativesProgressDashboard.test.tsx:244:5
            </failure>
        </testcase>
        <testcase classname="src/components/Manipulatives/__tests__/ManipulativesProgressDashboard.test.tsx" name="ManipulativesProgressDashboard - View Switching &gt; highlights active view" time="0.000673">
            <failure message="render is not a function" type="TypeError">
TypeError: render is not a function
 ❯ src/components/Manipulatives/__tests__/ManipulativesProgressDashboard.test.tsx:257:5
            </failure>
        </testcase>
        <testcase classname="src/components/Manipulatives/__tests__/ManipulativesProgressDashboard.test.tsx" name="ManipulativesProgressDashboard - Statistics &gt; calculates percentages correctly" time="0.0008549">
            <failure message="render is not a function" type="TypeError">
TypeError: render is not a function
 ❯ src/components/Manipulatives/__tests__/ManipulativesProgressDashboard.test.tsx:282:5
            </failure>
        </testcase>
        <testcase classname="src/components/Manipulatives/__tests__/ManipulativesProgressDashboard.test.tsx" name="ManipulativesProgressDashboard - Statistics &gt; displays measurement counts" time="0.0006124">
            <failure message="render is not a function" type="TypeError">
TypeError: render is not a function
 ❯ src/components/Manipulatives/__tests__/ManipulativesProgressDashboard.test.tsx:293:5
            </failure>
        </testcase>
        <testcase classname="src/components/Manipulatives/__tests__/ManipulativesProgressDashboard.test.tsx" name="ManipulativesProgressDashboard - Statistics &gt; shows puzzle ratios" time="0.0006864">
            <failure message="render is not a function" type="TypeError">
TypeError: render is not a function
 ❯ src/components/Manipulatives/__tests__/ManipulativesProgressDashboard.test.tsx:301:5
            </failure>
        </testcase>
        <testcase classname="src/components/Manipulatives/__tests__/ManipulativesProgressDashboard.test.tsx" name="ManipulativesProgressDashboard - User ID &gt; accepts userId prop" time="0.0008932">
            <failure message="render is not a function" type="TypeError">
TypeError: render is not a function
 ❯ src/components/Manipulatives/__tests__/ManipulativesProgressDashboard.test.tsx:325:5
            </failure>
        </testcase>
        <testcase classname="src/components/Manipulatives/__tests__/ManipulativesProgressDashboard.test.tsx" name="ManipulativesProgressDashboard - User ID &gt; works without userId prop" time="0.0007382">
            <failure message="render is not a function" type="TypeError">
TypeError: render is not a function
 ❯ src/components/Manipulatives/__tests__/ManipulativesProgressDashboard.test.tsx:333:5
            </failure>
        </testcase>
        <testcase classname="src/components/Manipulatives/__tests__/ManipulativesProgressDashboard.test.tsx" name="ManipulativesProgressDashboard - User ID &gt; refetches data when userId changes" time="0.0006385">
            <failure message="render is not a function" type="TypeError">
TypeError: render is not a function
 ❯ src/components/Manipulatives/__tests__/ManipulativesProgressDashboard.test.tsx:341:26
            </failure>
        </testcase>
        <testcase classname="src/components/Manipulatives/__tests__/ManipulativesProgressDashboard.test.tsx" name="ManipulativesProgressDashboard - Chart Data &gt; transforms operation data for charts" time="0.0006702">
            <failure message="render is not a function" type="TypeError">
TypeError: render is not a function
 ❯ src/components/Manipulatives/__tests__/ManipulativesProgressDashboard.test.tsx:373:5
            </failure>
        </testcase>
        <testcase classname="src/components/Manipulatives/__tests__/ManipulativesProgressDashboard.test.tsx" name="ManipulativesProgressDashboard - Chart Data &gt; transforms activity data for charts" time="0.0007257">
            <failure message="render is not a function" type="TypeError">
TypeError: render is not a function
 ❯ src/components/Manipulatives/__tests__/ManipulativesProgressDashboard.test.tsx:381:5
            </failure>
        </testcase>
        <testcase classname="src/components/Manipulatives/__tests__/ManipulativesProgressDashboard.test.tsx" name="ManipulativesProgressDashboard - Accessibility &gt; has proper button labels" time="0.0008812">
            <failure message="render is not a function" type="TypeError">
TypeError: render is not a function
 ❯ src/components/Manipulatives/__tests__/ManipulativesProgressDashboard.test.tsx:405:5
            </failure>
        </testcase>
        <testcase classname="src/components/Manipulatives/__tests__/ManipulativesProgressDashboard.test.tsx" name="ManipulativesProgressDashboard - Accessibility &gt; uses semantic headings" time="0.0007006">
            <failure message="render is not a function" type="TypeError">
TypeError: render is not a function
 ❯ src/components/Manipulatives/__tests__/ManipulativesProgressDashboard.test.tsx:417:5
            </failure>
        </testcase>
    </testsuite>
    <testsuite name="src/components/Manipulatives/__tests__/VirtualBlocks.test.tsx" timestamp="2025-11-14T16:56:52.779Z" hostname="ates" tests="1" failures="1" errors="0" skipped="0" time="0">
        <testcase classname="src/components/Manipulatives/__tests__/VirtualBlocks.test.tsx" name="src/components/Manipulatives/__tests__/VirtualBlocks.test.tsx" time="0">
            <failure message="jest is not defined" type="ReferenceError">
ReferenceError: jest is not defined
 ❯ src/components/Manipulatives/__tests__/VirtualBlocks.test.tsx:34:16
            </failure>
        </testcase>
    </testsuite>
    <testsuite name="src/components/MathSolution/__tests__/AnimationController.test.tsx" timestamp="2025-11-14T16:56:52.780Z" hostname="ates" tests="17" failures="2" errors="0" skipped="0" time="2.0048899">
        <testcase classname="src/components/MathSolution/__tests__/AnimationController.test.tsx" name="AnimationController - WCAG 2.1 AA Compliance &gt; REQ-9.1: Text Alternatives &gt; should have aria-labels for icon buttons" time="0.3324207">
        </testcase>
        <testcase classname="src/components/MathSolution/__tests__/AnimationController.test.tsx" name="AnimationController - WCAG 2.1 AA Compliance &gt; REQ-9.1: Text Alternatives &gt; should mark decorative icons as aria-hidden" time="0.0158164">
        </testcase>
        <testcase classname="src/components/MathSolution/__tests__/AnimationController.test.tsx" name="AnimationController - WCAG 2.1 AA Compliance &gt; REQ-9.1: Text Alternatives &gt; should have status indicator with aria-label" time="0.119612">
        </testcase>
        <testcase classname="src/components/MathSolution/__tests__/AnimationController.test.tsx" name="AnimationController - WCAG 2.1 AA Compliance &gt; REQ-9.4: Keyboard Navigation &gt; should toggle animations with Enter key" time="0.1186284">
            <failure message="Unable to find an element with the text: Animasyonlar Kapalı. This could be because the text is broken up by multiple elements. In this case, you can provide a function for your text matcher to make your matcher more flexible.

Ignored nodes: comments, script, style
[36m&lt;body&gt;[39m
  [36m&lt;div&gt;[39m
    [36m&lt;div[39m
      [33mclass[39m=[32m&quot;animation-controller bg-white rounded-lg shadow-md p-4 &quot;[39m
    [36m&gt;[39m
      [36m&lt;div[39m
        [33mclass[39m=[32m&quot;flex items-center justify-between gap-4&quot;[39m
      [36m&gt;[39m
        [36m&lt;div[39m
          [33mclass[39m=[32m&quot;flex items-center gap-3&quot;[39m
        [36m&gt;[39m
          [36m&lt;button[39m
            [33maria-label[39m=[32m&quot;Animasyonları Kapat&quot;[39m
            [33mclass[39m=[32m&quot;flex items-center gap-2 px-4 py-2 rounded-lg font-medium transition-all bg-blue-600 text-white hover:bg-blue-700&quot;[39m
            [33mtitle[39m=[32m&quot;Animasyonları Kapat&quot;[39m
          [36m&gt;[39m
            [36m&lt;svg[39m
              [33maria-hidden[39m=[32m&quot;true&quot;[39m
              [33mclass[39m=[32m&quot;lucide lucide-zap&quot;[39m
              [33mfill[39m=[32m&quot;none&quot;[39m
              [33mheight[39m=[32m&quot;20&quot;[39m
              [33mstroke[39m=[32m&quot;currentColor&quot;[39m
              [33mstroke-linecap[39m=[32m&quot;round&quot;[39m
              [33mstroke-linejoin[39m=[32m&quot;round&quot;[39m
              [33mstroke-width[39m=[32m&quot;2&quot;[39m
              [33mviewBox[39m=[32m&quot;0 0 24 24&quot;[39m
              [33mwidth[39m=[32m&quot;20&quot;[39m
              [33mxmlns[39m=[32m&quot;http://www.w3.org/2000/svg&quot;[39m
            [36m&gt;[39m
              [36m&lt;polygon[39m
                [33mpoints[39m=[32m&quot;13 2 3 14 12 14 11 22 21 10 12 10 13 2&quot;[39m
              [36m/&gt;[39m
            [36m&lt;/svg&gt;[39m
            [36m&lt;span&gt;[39m
              [0mAnimasyonlar Açık[0m
            [36m&lt;/span&gt;[39m
          [36m&lt;/button&gt;[39m
          [36m&lt;div[39m
            [33maria-label[39m=[32m&quot;Animasyonlar aktif&quot;[39m
            [33mclass[39m=[32m&quot;w-3 h-3 rounded-full bg-green-500 animate-pulse&quot;[39m
            [33mrole[39m=[32m&quot;status&quot;[39m
          [36m/&gt;[39m
        [36m&lt;/div&gt;[39m
        [36m&lt;div[39m
          [33maria-label[39m=[32m&quot;Animasyon hızı seçimi&quot;[39m
          [33mclass[39m=[32m&quot;flex items-center gap-2&quot;[39m
          [33mrole[39m=[32m&quot;group&quot;[39m
        [36m&gt;[39m
          [36m&lt;span[39m
            [33mclass[39m=[32m&quot;text-sm font-medium text-gray-700&quot;[39m
            [33mid[39m=[32m&quot;speed-label&quot;[39m
          [36m&gt;[39m
            [0mHız:[0m
          [36m&lt;/span&gt;[39m
          [36m&lt;div[39m
            [33maria-labelledby[39m=[32m&quot;speed-label&quot;[39m
            [33mclass[39m=[32m&quot;flex gap-2&quot;[39m
            [33mrole[39m=[32m&quot;radiogroup&quot;[39m
          [36m&gt;[39m
            [36m&lt;button[39m
              [33maria-checked[39m=[32m&quot;false&quot;[39m
              [33maria-label[39m=[32m&quot;Yavaş hız: 800 milisaniye&quot;[39m
              [33mclass[39m=[32m&quot;px-3 py-2 rounded-lg font-medium transition-all bg-gray-100 text-gray-700 hover:bg-gray-200&quot;[39m
              [33mrole[39m=[32m&quot;radio&quot;[39m
              [33mtabindex[39m=[32m&quot;-1&quot;[39m
              [33mtitle[39m=[32m&quot;Yavaş (800ms)&quot;[39m
            [36m&gt;[39m
              [36m&lt;span[39m
                [33maria-hidden[39m=[32m&quot;true&quot;[39m
                [33mclass[39m=[32m&quot;text-lg mr-1&quot;[39m
              [36m&gt;[39m
                [0m🐢[0m
              [36m&lt;/span&gt;[39m
              [36m&lt;span[39m
                [33mclass[39m=[32m&quot;text-sm&quot;[39m
              [36m&gt;[39m
                [0mYavaş[0m
              [36m&lt;/span&gt;[39m
            [36m&lt;/button&gt;[39m
            [36m&lt;button[39m
              [33maria-checked[39m=[32m&quot;true&quot;[39m
              [33maria-label[39m=[32m&quot;Normal hız: 400 milisaniye&quot;[39m
              [33mclass[39m=[32m&quot;px-3 py-2 rounded-lg font-medium transition-all bg-blue-600 text-white ring-2 ring-blue-300&quot;[39m
              [33mrole[39m=[32m&quot;radio&quot;[39m
              [33mtabindex[39m=[32m&quot;0&quot;[39m
              [33mtitle[39m=[32m&quot;Normal (400ms)&quot;[39m
            [36m&gt;[39m
              [36m&lt;span[39m
                [33maria-hidden[39m=[32m&quot;true&quot;[39m
                [33mclass[39m=[32m&quot;text-lg mr-1&quot;[39m
              [36m&gt;[39m
                [0m🚶[0m
              [36m&lt;/span&gt;[39m
              [36m&lt;span[39m
                [33mclass[39m=[32m&quot;text-sm&quot;[39m
              [36m&gt;[39m
                [0mNormal[0m
              [36m&lt;/span&gt;[39m
            [36m&lt;/button&gt;[39m
            [36m&lt;button[39m
              [33maria-checked[39m=[32m&quot;false&quot;[39m
              [33maria-label[39m=[32m&quot;Hızlı hız: 200 milisaniye&quot;[39m
              [33mclass[39m=[32m&quot;px-3 py-2 rounded-lg font-medium transition-all bg-gray-100 text-gray-700 hover:bg-gray-200&quot;[39m
              [33mrole[39m=[32m&quot;radio&quot;[39m
              [33mtabindex[39m=[32m&quot;-1&quot;[39m
              [33mtitle[39m=[32m&quot;Hızlı (200ms)&quot;[39m
            [36m&gt;[39m
              [36m&lt;span[39m
                [33maria-hidden[39m=[32m&quot;true&quot;[39m
                [33mclass[39m=[32m&quot;text-lg mr-1&quot;[39m
              [36m&gt;[39m
                [0m🏃[0m
              [36m&lt;/span&gt;[39m
              [36m&lt;span[39m
                [33mclass[39m=[32m&quot;text-sm&quot;[39m
              [36m&gt;[39m
                [0mHızlı[0m
              [36m&lt;/span&gt;[39m
            [36m&lt;/button&gt;[39m
          [36m&lt;/div&gt;[39m
        [36m&lt;/div&gt;[39m
      [36m&lt;/div&gt;[39m
      [36m&lt;div[39m
        [33maria-atomic[39m=[32m&quot;true&quot;[39m
        [33maria-live[39m=[32m&quot;polite&quot;[39m
        [33mclass[39m=[32m&quot;mt-3 text-xs text-gray-700&quot;[39m
        [33mrole[39m=[32m&quot;status&quot;[39m
      [36m&gt;[39m
        [36m&lt;p&gt;[39m
          [36m&lt;span[39m
            [33maria-hidden[39m=[32m&quot;true&quot;[39m
          [36m&gt;[39m
            [0m✨[0m
          [36m&lt;/span&gt;[39m
          [0m Animasyonlar aktif - Geçişler [0m
          [0m400[0m
          [0mms sürecek[0m
        [36m&lt;/p&gt;[39m
      [36m&lt;/div&gt;[39m
    [36m&lt;/div&gt;[39m
  [36m&lt;/div&gt;[39m
[36m&lt;/body&gt;[39m" type="TestingLibraryElementError">
TestingLibraryElementError: Unable to find an element with the text: Animasyonlar Kapalı. This could be because the text is broken up by multiple elements. In this case, you can provide a function for your text matcher to make your matcher more flexible.

Ignored nodes: comments, script, style
&lt;body&gt;
  &lt;div&gt;
    &lt;div
      class=&quot;animation-controller bg-white rounded-lg shadow-md p-4 &quot;
    &gt;
      &lt;div
        class=&quot;flex items-center justify-between gap-4&quot;
      &gt;
        &lt;div
          class=&quot;flex items-center gap-3&quot;
        &gt;
          &lt;button
            aria-label=&quot;Animasyonları Kapat&quot;
            class=&quot;flex items-center gap-2 px-4 py-2 rounded-lg font-medium transition-all bg-blue-600 text-white hover:bg-blue-700&quot;
            title=&quot;Animasyonları Kapat&quot;
          &gt;
            &lt;svg
              aria-hidden=&quot;true&quot;
              class=&quot;lucide lucide-zap&quot;
              fill=&quot;none&quot;
              height=&quot;20&quot;
              stroke=&quot;currentColor&quot;
              stroke-linecap=&quot;round&quot;
              stroke-linejoin=&quot;round&quot;
              stroke-width=&quot;2&quot;
              viewBox=&quot;0 0 24 24&quot;
              width=&quot;20&quot;
              xmlns=&quot;http://www.w3.org/2000/svg&quot;
            &gt;
              &lt;polygon
                points=&quot;13 2 3 14 12 14 11 22 21 10 12 10 13 2&quot;
              /&gt;
            &lt;/svg&gt;
            &lt;span&gt;
              Animasyonlar Açık
            &lt;/span&gt;
          &lt;/button&gt;
          &lt;div
            aria-label=&quot;Animasyonlar aktif&quot;
            class=&quot;w-3 h-3 rounded-full bg-green-500 animate-pulse&quot;
            role=&quot;status&quot;
          /&gt;
        &lt;/div&gt;
        &lt;div
          aria-label=&quot;Animasyon hızı seçimi&quot;
          class=&quot;flex items-center gap-2&quot;
          role=&quot;group&quot;
        &gt;
          &lt;span
            class=&quot;text-sm font-medium text-gray-700&quot;
            id=&quot;speed-label&quot;
          &gt;
            Hız:
          &lt;/span&gt;
          &lt;div
            aria-labelledby=&quot;speed-label&quot;
            class=&quot;flex gap-2&quot;
            role=&quot;radiogroup&quot;
          &gt;
            &lt;button
              aria-checked=&quot;false&quot;
              aria-label=&quot;Yavaş hız: 800 milisaniye&quot;
              class=&quot;px-3 py-2 rounded-lg font-medium transition-all bg-gray-100 text-gray-700 hover:bg-gray-200&quot;
              role=&quot;radio&quot;
              tabindex=&quot;-1&quot;
              title=&quot;Yavaş (800ms)&quot;
            &gt;
              &lt;span
                aria-hidden=&quot;true&quot;
                class=&quot;text-lg mr-1&quot;
              &gt;
                🐢
              &lt;/span&gt;
              &lt;span
                class=&quot;text-sm&quot;
              &gt;
                Yavaş
              &lt;/span&gt;
            &lt;/button&gt;
            &lt;button
              aria-checked=&quot;true&quot;
              aria-label=&quot;Normal hız: 400 milisaniye&quot;
              class=&quot;px-3 py-2 rounded-lg font-medium transition-all bg-blue-600 text-white ring-2 ring-blue-300&quot;
              role=&quot;radio&quot;
              tabindex=&quot;0&quot;
              title=&quot;Normal (400ms)&quot;
            &gt;
              &lt;span
                aria-hidden=&quot;true&quot;
                class=&quot;text-lg mr-1&quot;
              &gt;
                🚶
              &lt;/span&gt;
              &lt;span
                class=&quot;text-sm&quot;
              &gt;
                Normal
              &lt;/span&gt;
            &lt;/button&gt;
            &lt;button
              aria-checked=&quot;false&quot;
              aria-label=&quot;Hızlı hız: 200 milisaniye&quot;
              class=&quot;px-3 py-2 rounded-lg font-medium transition-all bg-gray-100 text-gray-700 hover:bg-gray-200&quot;
              role=&quot;radio&quot;
              tabindex=&quot;-1&quot;
              title=&quot;Hızlı (200ms)&quot;
            &gt;
              &lt;span
                aria-hidden=&quot;true&quot;
                class=&quot;text-lg mr-1&quot;
              &gt;
                🏃
              &lt;/span&gt;
              &lt;span
                class=&quot;text-sm&quot;
              &gt;
                Hızlı
              &lt;/span&gt;
            &lt;/button&gt;
          &lt;/div&gt;
        &lt;/div&gt;
      &lt;/div&gt;
      &lt;div
        aria-atomic=&quot;true&quot;
        aria-live=&quot;polite&quot;
        class=&quot;mt-3 text-xs text-gray-700&quot;
        role=&quot;status&quot;
      &gt;
        &lt;p&gt;
          &lt;span
            aria-hidden=&quot;true&quot;
          &gt;
            ✨
          &lt;/span&gt;
           Animasyonlar aktif - Geçişler 
          400
          ms sürecek
        &lt;/p&gt;
      &lt;/div&gt;
    &lt;/div&gt;
  &lt;/div&gt;
&lt;/body&gt;
 ❯ Object.getElementError node_modules/@testing-library/react/node_modules/@testing-library/dom/dist/config.js:37:19
 ❯ node_modules/@testing-library/react/node_modules/@testing-library/dom/dist/query-helpers.js:76:38
 ❯ node_modules/@testing-library/react/node_modules/@testing-library/dom/dist/query-helpers.js:52:17
 ❯ node_modules/@testing-library/react/node_modules/@testing-library/dom/dist/query-helpers.js:95:19
 ❯ src/components/MathSolution/__tests__/AnimationController.test.tsx:55:21
            </failure>
        </testcase>
        <testcase classname="src/components/MathSolution/__tests__/AnimationController.test.tsx" name="AnimationController - WCAG 2.1 AA Compliance &gt; REQ-9.4: Keyboard Navigation &gt; should navigate speed options with arrow keys" time="0.2039514">
        </testcase>
        <testcase classname="src/components/MathSolution/__tests__/AnimationController.test.tsx" name="AnimationController - WCAG 2.1 AA Compliance &gt; REQ-9.4: Keyboard Navigation &gt; should have proper tabIndex for radio group" time="0.0841504">
        </testcase>
        <testcase classname="src/components/MathSolution/__tests__/AnimationController.test.tsx" name="AnimationController - WCAG 2.1 AA Compliance &gt; REQ-9.4: Keyboard Navigation &gt; should have visible focus indicators" time="0.0893497">
        </testcase>
        <testcase classname="src/components/MathSolution/__tests__/AnimationController.test.tsx" name="AnimationController - WCAG 2.1 AA Compliance &gt; WCAG 1.4.3: Color Contrast &gt; should use sufficient color contrast for text" time="0.013461">
        </testcase>
        <testcase classname="src/components/MathSolution/__tests__/AnimationController.test.tsx" name="AnimationController - WCAG 2.1 AA Compliance &gt; WCAG 2.3.3: Animation from Interactions &gt; should respect prefers-reduced-motion" time="0.0107797">
        </testcase>
        <testcase classname="src/components/MathSolution/__tests__/AnimationController.test.tsx" name="AnimationController - WCAG 2.1 AA Compliance &gt; REQ-9.4: ARIA Live Regions &gt; should announce status changes to screen readers" time="0.0787245">
        </testcase>
        <testcase classname="src/components/MathSolution/__tests__/AnimationController.test.tsx" name="AnimationController - WCAG 2.1 AA Compliance &gt; REQ-9.4: ARIA Live Regions &gt; should update live region when animation state changes" time="0.1041682">
            <failure message="Found multiple elements with the text: /Animasyonlar kapalı/i

Here are the matching elements:

Ignored nodes: comments, script, style
[36m&lt;span&gt;[39m
  [0mAnimasyonlar Kapalı[0m
[36m&lt;/span&gt;[39m

Ignored nodes: comments, script, style
[36m&lt;p&gt;[39m
  [36m&lt;span[39m
    [33maria-hidden[39m=[32m&quot;true&quot;[39m
  [36m&gt;[39m
    [0m⚡[0m
  [36m&lt;/span&gt;[39m
  [0m Animasyonlar kapalı - Anında geçişler yapılacak[0m
[36m&lt;/p&gt;[39m

(If this is intentional, then use the `*AllBy*` variant of the query (like `queryAllByText`, `getAllByText`, or `findAllByText`)).

Ignored nodes: comments, script, style
[36m&lt;body&gt;[39m
  [36m&lt;div&gt;[39m
    [36m&lt;div[39m
      [33mclass[39m=[32m&quot;animation-controller bg-white rounded-lg shadow-md p-4 &quot;[39m
    [36m&gt;[39m
      [36m&lt;div[39m
        [33mclass[39m=[32m&quot;flex items-center justify-between gap-4&quot;[39m
      [36m&gt;[39m
        [36m&lt;div[39m
          [33mclass[39m=[32m&quot;flex items-center gap-3&quot;[39m
        [36m&gt;[39m
          [36m&lt;button[39m
            [33maria-label[39m=[32m&quot;Animasyonları Aç&quot;[39m
            [33mclass[39m=[32m&quot;flex items-center gap-2 px-4 py-2 rounded-lg font-medium transition-all bg-gray-200 text-gray-700 hover:bg-gray-300&quot;[39m
            [33mtitle[39m=[32m&quot;Animasyonları Aç&quot;[39m
          [36m&gt;[39m
            [36m&lt;svg[39m
              [33maria-hidden[39m=[32m&quot;true&quot;[39m
              [33mclass[39m=[32m&quot;lucide lucide-zap-off&quot;[39m
              [33mfill[39m=[32m&quot;none&quot;[39m
              [33mheight[39m=[32m&quot;20&quot;[39m
              [33mstroke[39m=[32m&quot;currentColor&quot;[39m
              [33mstroke-linecap[39m=[32m&quot;round&quot;[39m
              [33mstroke-linejoin[39m=[32m&quot;round&quot;[39m
              [33mstroke-width[39m=[32m&quot;2&quot;[39m
              [33mviewBox[39m=[32m&quot;0 0 24 24&quot;[39m
              [33mwidth[39m=[32m&quot;20&quot;[39m
              [33mxmlns[39m=[32m&quot;http://www.w3.org/2000/svg&quot;[39m
            [36m&gt;[39m
              [36m&lt;polyline[39m
                [33mpoints[39m=[32m&quot;12.41 6.75 13 2 10.57 4.92&quot;[39m
              [36m/&gt;[39m
              [36m&lt;polyline[39m
                [33mpoints[39m=[32m&quot;18.57 12.91 21 10 15.66 10&quot;[39m
              [36m/&gt;[39m
              [36m&lt;polyline[39m
                [33mpoints[39m=[32m&quot;8 8 3 14 12 14 11 22 16 16&quot;[39m
              [36m/&gt;[39m
              [36m&lt;line[39m
                [33mx1[39m=[32m&quot;2&quot;[39m
                [33mx2[39m=[32m&quot;22&quot;[39m
                [33my1[39m=[32m&quot;2&quot;[39m
                [33my2[39m=[32m&quot;22&quot;[39m
              [36m/&gt;[39m
            [36m&lt;/svg&gt;[39m
            [36m&lt;span&gt;[39m
              [0mAnimasyonlar Kapalı[0m
            [36m&lt;/span&gt;[39m
          [36m&lt;/button&gt;[39m
          [36m&lt;div[39m
            [33maria-label[39m=[32m&quot;Animasyonlar kapalı&quot;[39m
            [33mclass[39m=[32m&quot;w-3 h-3 rounded-full bg-gray-400&quot;[39m
            [33mrole[39m=[32m&quot;status&quot;[39m
          [36m/&gt;[39m
        [36m&lt;/div&gt;[39m
      [36m&lt;/div&gt;[39m
      [36m&lt;div[39m
        [33maria-atomic[39m=[32m&quot;true&quot;[39m
        [33maria-live[39m=[32m&quot;polite&quot;[39m
        [33mclass[39m=[32m&quot;mt-3 text-xs text-gray-700&quot;[39m
        [33mrole[39m=[32m&quot;status&quot;[39m
      [36m&gt;[39m
        [36m&lt;p&gt;[39m
          [36m&lt;span[39m
            [33maria-hidden[39m=[32m&quot;true&quot;[39m
          [36m&gt;[39m
            [0m⚡[0m
          [36m&lt;/span&gt;[39m
          [0m Animasyonlar kapalı - Anında geçişler yapılacak[0m
        [36m&lt;/p&gt;[39m
      [36m&lt;/div&gt;[39m
    [36m&lt;/div&gt;[39m
  [36m&lt;/div&gt;[39m
[36m&lt;/body&gt;[39m" type="TestingLibraryElementError">
TestingLibraryElementError: Found multiple elements with the text: /Animasyonlar kapalı/i

Here are the matching elements:

Ignored nodes: comments, script, style
&lt;span&gt;
  Animasyonlar Kapalı
&lt;/span&gt;

Ignored nodes: comments, script, style
&lt;p&gt;
  &lt;span
    aria-hidden=&quot;true&quot;
  &gt;
    ⚡
  &lt;/span&gt;
   Animasyonlar kapalı - Anında geçişler yapılacak
&lt;/p&gt;

(If this is intentional, then use the `*AllBy*` variant of the query (like `queryAllByText`, `getAllByText`, or `findAllByText`)).

Ignored nodes: comments, script, style
&lt;body&gt;
  &lt;div&gt;
    &lt;div
      class=&quot;animation-controller bg-white rounded-lg shadow-md p-4 &quot;
    &gt;
      &lt;div
        class=&quot;flex items-center justify-between gap-4&quot;
      &gt;
        &lt;div
          class=&quot;flex items-center gap-3&quot;
        &gt;
          &lt;button
            aria-label=&quot;Animasyonları Aç&quot;
            class=&quot;flex items-center gap-2 px-4 py-2 rounded-lg font-medium transition-all bg-gray-200 text-gray-700 hover:bg-gray-300&quot;
            title=&quot;Animasyonları Aç&quot;
          &gt;
            &lt;svg
              aria-hidden=&quot;true&quot;
              class=&quot;lucide lucide-zap-off&quot;
              fill=&quot;none&quot;
              height=&quot;20&quot;
              stroke=&quot;currentColor&quot;
              stroke-linecap=&quot;round&quot;
              stroke-linejoin=&quot;round&quot;
              stroke-width=&quot;2&quot;
              viewBox=&quot;0 0 24 24&quot;
              width=&quot;20&quot;
              xmlns=&quot;http://www.w3.org/2000/svg&quot;
            &gt;
              &lt;polyline
                points=&quot;12.41 6.75 13 2 10.57 4.92&quot;
              /&gt;
              &lt;polyline
                points=&quot;18.57 12.91 21 10 15.66 10&quot;
              /&gt;
              &lt;polyline
                points=&quot;8 8 3 14 12 14 11 22 16 16&quot;
              /&gt;
              &lt;line
                x1=&quot;2&quot;
                x2=&quot;22&quot;
                y1=&quot;2&quot;
                y2=&quot;22&quot;
              /&gt;
            &lt;/svg&gt;
            &lt;span&gt;
              Animasyonlar Kapalı
            &lt;/span&gt;
          &lt;/button&gt;
          &lt;div
            aria-label=&quot;Animasyonlar kapalı&quot;
            class=&quot;w-3 h-3 rounded-full bg-gray-400&quot;
            role=&quot;status&quot;
          /&gt;
        &lt;/div&gt;
      &lt;/div&gt;
      &lt;div
        aria-atomic=&quot;true&quot;
        aria-live=&quot;polite&quot;
        class=&quot;mt-3 text-xs text-gray-700&quot;
        role=&quot;status&quot;
      &gt;
        &lt;p&gt;
          &lt;span
            aria-hidden=&quot;true&quot;
          &gt;
            ⚡
          &lt;/span&gt;
           Animasyonlar kapalı - Anında geçişler yapılacak
        &lt;/p&gt;
      &lt;/div&gt;
    &lt;/div&gt;
  &lt;/div&gt;
&lt;/body&gt;
 ❯ Object.getElementError node_modules/@testing-library/react/node_modules/@testing-library/dom/dist/config.js:37:19
 ❯ getElementError node_modules/@testing-library/react/node_modules/@testing-library/dom/dist/query-helpers.js:20:35
 ❯ getMultipleElementsFoundError node_modules/@testing-library/react/node_modules/@testing-library/dom/dist/query-helpers.js:23:10
 ❯ node_modules/@testing-library/react/node_modules/@testing-library/dom/dist/query-helpers.js:55:13
 ❯ node_modules/@testing-library/react/node_modules/@testing-library/dom/dist/query-helpers.js:95:19
 ❯ src/components/MathSolution/__tests__/AnimationController.test.tsx:130:21
            </failure>
        </testcase>
        <testcase classname="src/components/MathSolution/__tests__/AnimationController.test.tsx" name="AnimationController - WCAG 2.1 AA Compliance &gt; Semantic HTML &amp; ARIA Roles &gt; should use proper ARIA roles for radio group" time="0.0569244">
        </testcase>
        <testcase classname="src/components/MathSolution/__tests__/AnimationController.test.tsx" name="AnimationController - WCAG 2.1 AA Compliance &gt; Semantic HTML &amp; ARIA Roles &gt; should have proper group labeling" time="0.0498262">
        </testcase>
        <testcase classname="src/components/MathSolution/__tests__/AnimationController.test.tsx" name="AnimationController - WCAG 2.1 AA Compliance &gt; Turkish Language Support (REQ-12) &gt; should use Turkish terminology in aria-labels" time="0.0767283">
        </testcase>
        <testcase classname="src/components/MathSolution/__tests__/AnimationController.test.tsx" name="AnimationController - WCAG 2.1 AA Compliance &gt; Turkish Language Support (REQ-12) &gt; should display Turkish UI text" time="0.0157866">
        </testcase>
        <testcase classname="src/components/MathSolution/__tests__/AnimationController.test.tsx" name="AnimationController - WCAG 2.1 AA Compliance &gt; Automated Accessibility Testing &gt; should have no WCAG violations" time="0.3575991">
        </testcase>
        <testcase classname="src/components/MathSolution/__tests__/AnimationController.test.tsx" name="AnimationController - WCAG 2.1 AA Compliance &gt; Automated Accessibility Testing &gt; should pass accessibility audit when animations disabled" time="0.2707117">
        </testcase>
    </testsuite>
    <testsuite name="src/components/StudyRooms/__tests__/ChatInterface.test.tsx" timestamp="2025-11-14T16:56:52.787Z" hostname="ates" tests="41" failures="41" errors="0" skipped="0" time="8.2796027">
        <testcase classname="src/components/StudyRooms/__tests__/ChatInterface.test.tsx" name="ChatInterface Component &gt; Rendering &gt; renders the chat interface" time="1.1432401">
            <system-err>
Error: Uncaught [TypeError: messagesEndRef.current?.scrollIntoView is not a function]
    at reportException (C:\Users\husey\kiro2\frontend\node_modules\jsdom\lib\jsdom\living\helpers\runtime-script-errors.js:66:24)
    at innerInvokeEventListeners (C:\Users\husey\kiro2\frontend\node_modules\jsdom\lib\jsdom\living\events\EventTarget-impl.js:353:9)
    at invokeEventListeners (C:\Users\husey\kiro2\frontend\node_modules\jsdom\lib\jsdom\living\events\EventTarget-impl.js:286:3)
    at HTMLUnknownElementImpl._dispatch (C:\Users\husey\kiro2\frontend\node_modules\jsdom\lib\jsdom\living\events\EventTarget-impl.js:233:9)
    at HTMLUnknownElementImpl.dispatchEvent (C:\Users\husey\kiro2\frontend\node_modules\jsdom\lib\jsdom\living\events\EventTarget-impl.js:104:17)
    at HTMLUnknownElement.dispatchEvent (C:\Users\husey\kiro2\frontend\node_modules\jsdom\lib\jsdom\living\generated\EventTarget.js:241:34)
    at Object.invokeGuardedCallbackDev (C:\Users\husey\kiro2\frontend\node_modules\react-dom\cjs\react-dom.development.js:4213:16)
    at invokeGuardedCallback (C:\Users\husey\kiro2\frontend\node_modules\react-dom\cjs\react-dom.development.js:4277:31)
    at reportUncaughtErrorInDEV (C:\Users\husey\kiro2\frontend\node_modules\react-dom\cjs\react-dom.development.js:22877:5)
    at captureCommitPhaseError (C:\Users\husey\kiro2\frontend\node_modules\react-dom\cjs\react-dom.development.js:27165:5) TypeError: messagesEndRef.current?.scrollIntoView is not a function
    at scrollToBottom [90m(C:\Users\husey\kiro2\frontend\[39msrc\components\StudyRooms\ChatInterface.tsx:100:29[90m)[39m
    at [90mC:\Users\husey\kiro2\frontend\[39msrc\components\StudyRooms\ChatInterface.tsx:104:5
    at commitHookEffectListMount [90m(C:\Users\husey\kiro2\frontend\[39mnode_modules\[4mreact-dom[24m\cjs\react-dom.development.js:23189:26[90m)[39m
    at commitPassiveMountOnFiber [90m(C:\Users\husey\kiro2\frontend\[39mnode_modules\[4mreact-dom[24m\cjs\react-dom.development.js:24970:11[90m)[39m
    at commitPassiveMountEffects_complete [90m(C:\Users\husey\kiro2\frontend\[39mnode_modules\[4mreact-dom[24m\cjs\react-dom.development.js:24930:9[90m)[39m
    at commitPassiveMountEffects_begin [90m(C:\Users\husey\kiro2\frontend\[39mnode_modules\[4mreact-dom[24m\cjs\react-dom.development.js:24917:7[90m)[39m
    at commitPassiveMountEffects [90m(C:\Users\husey\kiro2\frontend\[39mnode_modules\[4mreact-dom[24m\cjs\react-dom.development.js:24905:3[90m)[39m
    at flushPassiveEffectsImpl [90m(C:\Users\husey\kiro2\frontend\[39mnode_modules\[4mreact-dom[24m\cjs\react-dom.development.js:27078:3[90m)[39m
    at flushPassiveEffects [90m(C:\Users\husey\kiro2\frontend\[39mnode_modules\[4mreact-dom[24m\cjs\react-dom.development.js:27023:14[90m)[39m
    at [90mC:\Users\husey\kiro2\frontend\[39mnode_modules\[4mreact-dom[24m\cjs\react-dom.development.js:26808:9

            </system-err>
            <failure message="messagesEndRef.current?.scrollIntoView is not a function" type="TypeError">
TypeError: messagesEndRef.current?.scrollIntoView is not a function
 ❯ scrollToBottom src/components/StudyRooms/ChatInterface.tsx:100:29
 ❯ src/components/StudyRooms/ChatInterface.tsx:104:5
 ❯ commitHookEffectListMount node_modules/react-dom/cjs/react-dom.development.js:23189:26
 ❯ commitPassiveMountOnFiber node_modules/react-dom/cjs/react-dom.development.js:24970:11
 ❯ commitPassiveMountEffects_complete node_modules/react-dom/cjs/react-dom.development.js:24930:9
 ❯ commitPassiveMountEffects_begin node_modules/react-dom/cjs/react-dom.development.js:24917:7
 ❯ commitPassiveMountEffects node_modules/react-dom/cjs/react-dom.development.js:24905:3
 ❯ flushPassiveEffectsImpl node_modules/react-dom/cjs/react-dom.development.js:27078:3
 ❯ flushPassiveEffects node_modules/react-dom/cjs/react-dom.development.js:27023:14
 ❯ node_modules/react-dom/cjs/react-dom.development.js:26808:9
            </failure>
            <failure message="jest is not defined" type="ReferenceError">
ReferenceError: jest is not defined
 ❯ src/components/StudyRooms/__tests__/ChatInterface.test.tsx:84:5
            </failure>
        </testcase>
        <testcase classname="src/components/StudyRooms/__tests__/ChatInterface.test.tsx" name="ChatInterface Component &gt; Rendering &gt; fetches and displays messages on mount" time="0.3259785">
            <system-err>
Error: Uncaught [TypeError: messagesEndRef.current?.scrollIntoView is not a function]
    at reportException (C:\Users\husey\kiro2\frontend\node_modules\jsdom\lib\jsdom\living\helpers\runtime-script-errors.js:66:24)
    at innerInvokeEventListeners (C:\Users\husey\kiro2\frontend\node_modules\jsdom\lib\jsdom\living\events\EventTarget-impl.js:353:9)
    at invokeEventListeners (C:\Users\husey\kiro2\frontend\node_modules\jsdom\lib\jsdom\living\events\EventTarget-impl.js:286:3)
    at HTMLUnknownElementImpl._dispatch (C:\Users\husey\kiro2\frontend\node_modules\jsdom\lib\jsdom\living\events\EventTarget-impl.js:233:9)
    at HTMLUnknownElementImpl.dispatchEvent (C:\Users\husey\kiro2\frontend\node_modules\jsdom\lib\jsdom\living\events\EventTarget-impl.js:104:17)
    at HTMLUnknownElement.dispatchEvent (C:\Users\husey\kiro2\frontend\node_modules\jsdom\lib\jsdom\living\generated\EventTarget.js:241:34)
    at Object.invokeGuardedCallbackDev (C:\Users\husey\kiro2\frontend\node_modules\react-dom\cjs\react-dom.development.js:4213:16)
    at invokeGuardedCallback (C:\Users\husey\kiro2\frontend\node_modules\react-dom\cjs\react-dom.development.js:4277:31)
    at reportUncaughtErrorInDEV (C:\Users\husey\kiro2\frontend\node_modules\react-dom\cjs\react-dom.development.js:22877:5)
    at captureCommitPhaseError (C:\Users\husey\kiro2\frontend\node_modules\react-dom\cjs\react-dom.development.js:27165:5) TypeError: messagesEndRef.current?.scrollIntoView is not a function
    at scrollToBottom [90m(C:\Users\husey\kiro2\frontend\[39msrc\components\StudyRooms\ChatInterface.tsx:100:29[90m)[39m
    at [90mC:\Users\husey\kiro2\frontend\[39msrc\components\StudyRooms\ChatInterface.tsx:104:5
    at commitHookEffectListMount [90m(C:\Users\husey\kiro2\frontend\[39mnode_modules\[4mreact-dom[24m\cjs\react-dom.development.js:23189:26[90m)[39m
    at commitPassiveMountOnFiber [90m(C:\Users\husey\kiro2\frontend\[39mnode_modules\[4mreact-dom[24m\cjs\react-dom.development.js:24970:11[90m)[39m
    at commitPassiveMountEffects_complete [90m(C:\Users\husey\kiro2\frontend\[39mnode_modules\[4mreact-dom[24m\cjs\react-dom.development.js:24930:9[90m)[39m
    at commitPassiveMountEffects_begin [90m(C:\Users\husey\kiro2\frontend\[39mnode_modules\[4mreact-dom[24m\cjs\react-dom.development.js:24917:7[90m)[39m
    at commitPassiveMountEffects [90m(C:\Users\husey\kiro2\frontend\[39mnode_modules\[4mreact-dom[24m\cjs\react-dom.development.js:24905:3[90m)[39m
    at flushPassiveEffectsImpl [90m(C:\Users\husey\kiro2\frontend\[39mnode_modules\[4mreact-dom[24m\cjs\react-dom.development.js:27078:3[90m)[39m
    at flushPassiveEffects [90m(C:\Users\husey\kiro2\frontend\[39mnode_modules\[4mreact-dom[24m\cjs\react-dom.development.js:27023:14[90m)[39m
    at [90mC:\Users\husey\kiro2\frontend\[39mnode_modules\[4mreact-dom[24m\cjs\react-dom.development.js:26808:9

            </system-err>
            <failure message="messagesEndRef.current?.scrollIntoView is not a function" type="TypeError">
TypeError: messagesEndRef.current?.scrollIntoView is not a function
 ❯ scrollToBottom src/components/StudyRooms/ChatInterface.tsx:100:29
 ❯ src/components/StudyRooms/ChatInterface.tsx:104:5
 ❯ commitHookEffectListMount node_modules/react-dom/cjs/react-dom.development.js:23189:26
 ❯ commitPassiveMountOnFiber node_modules/react-dom/cjs/react-dom.development.js:24970:11
 ❯ commitPassiveMountEffects_complete node_modules/react-dom/cjs/react-dom.development.js:24930:9
 ❯ commitPassiveMountEffects_begin node_modules/react-dom/cjs/react-dom.development.js:24917:7
 ❯ commitPassiveMountEffects node_modules/react-dom/cjs/react-dom.development.js:24905:3
 ❯ flushPassiveEffectsImpl node_modules/react-dom/cjs/react-dom.development.js:27078:3
 ❯ flushPassiveEffects node_modules/react-dom/cjs/react-dom.development.js:27023:14
 ❯ node_modules/react-dom/cjs/react-dom.development.js:26808:9
            </failure>
            <failure message="jest is not defined" type="ReferenceError">
ReferenceError: jest is not defined
 ❯ src/components/StudyRooms/__tests__/ChatInterface.test.tsx:84:5
            </failure>
        </testcase>
        <testcase classname="src/components/StudyRooms/__tests__/ChatInterface.test.tsx" name="ChatInterface Component &gt; Rendering &gt; displays sender names correctly" time="0.2320995">
            <system-err>
Error: Uncaught [TypeError: messagesEndRef.current?.scrollIntoView is not a function]
    at reportException (C:\Users\husey\kiro2\frontend\node_modules\jsdom\lib\jsdom\living\helpers\runtime-script-errors.js:66:24)
    at innerInvokeEventListeners (C:\Users\husey\kiro2\frontend\node_modules\jsdom\lib\jsdom\living\events\EventTarget-impl.js:353:9)
    at invokeEventListeners (C:\Users\husey\kiro2\frontend\node_modules\jsdom\lib\jsdom\living\events\EventTarget-impl.js:286:3)
    at HTMLUnknownElementImpl._dispatch (C:\Users\husey\kiro2\frontend\node_modules\jsdom\lib\jsdom\living\events\EventTarget-impl.js:233:9)
    at HTMLUnknownElementImpl.dispatchEvent (C:\Users\husey\kiro2\frontend\node_modules\jsdom\lib\jsdom\living\events\EventTarget-impl.js:104:17)
    at HTMLUnknownElement.dispatchEvent (C:\Users\husey\kiro2\frontend\node_modules\jsdom\lib\jsdom\living\generated\EventTarget.js:241:34)
    at Object.invokeGuardedCallbackDev (C:\Users\husey\kiro2\frontend\node_modules\react-dom\cjs\react-dom.development.js:4213:16)
    at invokeGuardedCallback (C:\Users\husey\kiro2\frontend\node_modules\react-dom\cjs\react-dom.development.js:4277:31)
    at reportUncaughtErrorInDEV (C:\Users\husey\kiro2\frontend\node_modules\react-dom\cjs\react-dom.development.js:22877:5)
    at captureCommitPhaseError (C:\Users\husey\kiro2\frontend\node_modules\react-dom\cjs\react-dom.development.js:27165:5) TypeError: messagesEndRef.current?.scrollIntoView is not a function
    at scrollToBottom [90m(C:\Users\husey\kiro2\frontend\[39msrc\components\StudyRooms\ChatInterface.tsx:100:29[90m)[39m
    at [90mC:\Users\husey\kiro2\frontend\[39msrc\components\StudyRooms\ChatInterface.tsx:104:5
    at commitHookEffectListMount [90m(C:\Users\husey\kiro2\frontend\[39mnode_modules\[4mreact-dom[24m\cjs\react-dom.development.js:23189:26[90m)[39m
    at commitPassiveMountOnFiber [90m(C:\Users\husey\kiro2\frontend\[39mnode_modules\[4mreact-dom[24m\cjs\react-dom.development.js:24970:11[90m)[39m
    at commitPassiveMountEffects_complete [90m(C:\Users\husey\kiro2\frontend\[39mnode_modules\[4mreact-dom[24m\cjs\react-dom.development.js:24930:9[90m)[39m
    at commitPassiveMountEffects_begin [90m(C:\Users\husey\kiro2\frontend\[39mnode_modules\[4mreact-dom[24m\cjs\react-dom.development.js:24917:7[90m)[39m
    at commitPassiveMountEffects [90m(C:\Users\husey\kiro2\frontend\[39mnode_modules\[4mreact-dom[24m\cjs\react-dom.development.js:24905:3[90m)[39m
    at flushPassiveEffectsImpl [90m(C:\Users\husey\kiro2\frontend\[39mnode_modules\[4mreact-dom[24m\cjs\react-dom.development.js:27078:3[90m)[39m
    at flushPassiveEffects [90m(C:\Users\husey\kiro2\frontend\[39mnode_modules\[4mreact-dom[24m\cjs\react-dom.development.js:27023:14[90m)[39m
    at [90mC:\Users\husey\kiro2\frontend\[39mnode_modules\[4mreact-dom[24m\cjs\react-dom.development.js:26808:9

            </system-err>
            <failure message="messagesEndRef.current?.scrollIntoView is not a function" type="TypeError">
TypeError: messagesEndRef.current?.scrollIntoView is not a function
 ❯ scrollToBottom src/components/StudyRooms/ChatInterface.tsx:100:29
 ❯ src/components/StudyRooms/ChatInterface.tsx:104:5
 ❯ commitHookEffectListMount node_modules/react-dom/cjs/react-dom.development.js:23189:26
 ❯ commitPassiveMountOnFiber node_modules/react-dom/cjs/react-dom.development.js:24970:11
 ❯ commitPassiveMountEffects_complete node_modules/react-dom/cjs/react-dom.development.js:24930:9
 ❯ commitPassiveMountEffects_begin node_modules/react-dom/cjs/react-dom.development.js:24917:7
 ❯ commitPassiveMountEffects node_modules/react-dom/cjs/react-dom.development.js:24905:3
 ❯ flushPassiveEffectsImpl node_modules/react-dom/cjs/react-dom.development.js:27078:3
 ❯ flushPassiveEffects node_modules/react-dom/cjs/react-dom.development.js:27023:14
 ❯ node_modules/react-dom/cjs/react-dom.development.js:26808:9
            </failure>
            <failure message="jest is not defined" type="ReferenceError">
ReferenceError: jest is not defined
 ❯ src/components/StudyRooms/__tests__/ChatInterface.test.tsx:84:5
            </failure>
        </testcase>
        <testcase classname="src/components/StudyRooms/__tests__/ChatInterface.test.tsx" name="ChatInterface Component &gt; Rendering &gt; shows empty state when no messages" time="0.2121063">
            <system-err>
Error: Uncaught [TypeError: messagesEndRef.current?.scrollIntoView is not a function]
    at reportException (C:\Users\husey\kiro2\frontend\node_modules\jsdom\lib\jsdom\living\helpers\runtime-script-errors.js:66:24)
    at innerInvokeEventListeners (C:\Users\husey\kiro2\frontend\node_modules\jsdom\lib\jsdom\living\events\EventTarget-impl.js:353:9)
    at invokeEventListeners (C:\Users\husey\kiro2\frontend\node_modules\jsdom\lib\jsdom\living\events\EventTarget-impl.js:286:3)
    at HTMLUnknownElementImpl._dispatch (C:\Users\husey\kiro2\frontend\node_modules\jsdom\lib\jsdom\living\events\EventTarget-impl.js:233:9)
    at HTMLUnknownElementImpl.dispatchEvent (C:\Users\husey\kiro2\frontend\node_modules\jsdom\lib\jsdom\living\events\EventTarget-impl.js:104:17)
    at HTMLUnknownElement.dispatchEvent (C:\Users\husey\kiro2\frontend\node_modules\jsdom\lib\jsdom\living\generated\EventTarget.js:241:34)
    at Object.invokeGuardedCallbackDev (C:\Users\husey\kiro2\frontend\node_modules\react-dom\cjs\react-dom.development.js:4213:16)
    at invokeGuardedCallback (C:\Users\husey\kiro2\frontend\node_modules\react-dom\cjs\react-dom.development.js:4277:31)
    at reportUncaughtErrorInDEV (C:\Users\husey\kiro2\frontend\node_modules\react-dom\cjs\react-dom.development.js:22877:5)
    at captureCommitPhaseError (C:\Users\husey\kiro2\frontend\node_modules\react-dom\cjs\react-dom.development.js:27165:5) TypeError: messagesEndRef.current?.scrollIntoView is not a function
    at scrollToBottom [90m(C:\Users\husey\kiro2\frontend\[39msrc\components\StudyRooms\ChatInterface.tsx:100:29[90m)[39m
    at [90mC:\Users\husey\kiro2\frontend\[39msrc\components\StudyRooms\ChatInterface.tsx:104:5
    at commitHookEffectListMount [90m(C:\Users\husey\kiro2\frontend\[39mnode_modules\[4mreact-dom[24m\cjs\react-dom.development.js:23189:26[90m)[39m
    at commitPassiveMountOnFiber [90m(C:\Users\husey\kiro2\frontend\[39mnode_modules\[4mreact-dom[24m\cjs\react-dom.development.js:24970:11[90m)[39m
    at commitPassiveMountEffects_complete [90m(C:\Users\husey\kiro2\frontend\[39mnode_modules\[4mreact-dom[24m\cjs\react-dom.development.js:24930:9[90m)[39m
    at commitPassiveMountEffects_begin [90m(C:\Users\husey\kiro2\frontend\[39mnode_modules\[4mreact-dom[24m\cjs\react-dom.development.js:24917:7[90m)[39m
    at commitPassiveMountEffects [90m(C:\Users\husey\kiro2\frontend\[39mnode_modules\[4mreact-dom[24m\cjs\react-dom.development.js:24905:3[90m)[39m
    at flushPassiveEffectsImpl [90m(C:\Users\husey\kiro2\frontend\[39mnode_modules\[4mreact-dom[24m\cjs\react-dom.development.js:27078:3[90m)[39m
    at flushPassiveEffects [90m(C:\Users\husey\kiro2\frontend\[39mnode_modules\[4mreact-dom[24m\cjs\react-dom.development.js:27023:14[90m)[39m
    at [90mC:\Users\husey\kiro2\frontend\[39mnode_modules\[4mreact-dom[24m\cjs\react-dom.development.js:26808:9

            </system-err>
            <failure message="messagesEndRef.current?.scrollIntoView is not a function" type="TypeError">
TypeError: messagesEndRef.current?.scrollIntoView is not a function
 ❯ scrollToBottom src/components/StudyRooms/ChatInterface.tsx:100:29
 ❯ src/components/StudyRooms/ChatInterface.tsx:104:5
 ❯ commitHookEffectListMount node_modules/react-dom/cjs/react-dom.development.js:23189:26
 ❯ commitPassiveMountOnFiber node_modules/react-dom/cjs/react-dom.development.js:24970:11
 ❯ commitPassiveMountEffects_complete node_modules/react-dom/cjs/react-dom.development.js:24930:9
 ❯ commitPassiveMountEffects_begin node_modules/react-dom/cjs/react-dom.development.js:24917:7
 ❯ commitPassiveMountEffects node_modules/react-dom/cjs/react-dom.development.js:24905:3
 ❯ flushPassiveEffectsImpl node_modules/react-dom/cjs/react-dom.development.js:27078:3
 ❯ flushPassiveEffects node_modules/react-dom/cjs/react-dom.development.js:27023:14
 ❯ node_modules/react-dom/cjs/react-dom.development.js:26808:9
            </failure>
            <failure message="jest is not defined" type="ReferenceError">
ReferenceError: jest is not defined
 ❯ src/components/StudyRooms/__tests__/ChatInterface.test.tsx:84:5
            </failure>
        </testcase>
        <testcase classname="src/components/StudyRooms/__tests__/ChatInterface.test.tsx" name="ChatInterface Component &gt; Rendering &gt; displays own messages with &quot;Ben&quot; label" time="0.2373361">
            <system-err>
Error: Uncaught [TypeError: messagesEndRef.current?.scrollIntoView is not a function]
    at reportException (C:\Users\husey\kiro2\frontend\node_modules\jsdom\lib\jsdom\living\helpers\runtime-script-errors.js:66:24)
    at innerInvokeEventListeners (C:\Users\husey\kiro2\frontend\node_modules\jsdom\lib\jsdom\living\events\EventTarget-impl.js:353:9)
    at invokeEventListeners (C:\Users\husey\kiro2\frontend\node_modules\jsdom\lib\jsdom\living\events\EventTarget-impl.js:286:3)
    at HTMLUnknownElementImpl._dispatch (C:\Users\husey\kiro2\frontend\node_modules\jsdom\lib\jsdom\living\events\EventTarget-impl.js:233:9)
    at HTMLUnknownElementImpl.dispatchEvent (C:\Users\husey\kiro2\frontend\node_modules\jsdom\lib\jsdom\living\events\EventTarget-impl.js:104:17)
    at HTMLUnknownElement.dispatchEvent (C:\Users\husey\kiro2\frontend\node_modules\jsdom\lib\jsdom\living\generated\EventTarget.js:241:34)
    at Object.invokeGuardedCallbackDev (C:\Users\husey\kiro2\frontend\node_modules\react-dom\cjs\react-dom.development.js:4213:16)
    at invokeGuardedCallback (C:\Users\husey\kiro2\frontend\node_modules\react-dom\cjs\react-dom.development.js:4277:31)
    at reportUncaughtErrorInDEV (C:\Users\husey\kiro2\frontend\node_modules\react-dom\cjs\react-dom.development.js:22877:5)
    at captureCommitPhaseError (C:\Users\husey\kiro2\frontend\node_modules\react-dom\cjs\react-dom.development.js:27165:5) TypeError: messagesEndRef.current?.scrollIntoView is not a function
    at scrollToBottom [90m(C:\Users\husey\kiro2\frontend\[39msrc\components\StudyRooms\ChatInterface.tsx:100:29[90m)[39m
    at [90mC:\Users\husey\kiro2\frontend\[39msrc\components\StudyRooms\ChatInterface.tsx:104:5
    at commitHookEffectListMount [90m(C:\Users\husey\kiro2\frontend\[39mnode_modules\[4mreact-dom[24m\cjs\react-dom.development.js:23189:26[90m)[39m
    at commitPassiveMountOnFiber [90m(C:\Users\husey\kiro2\frontend\[39mnode_modules\[4mreact-dom[24m\cjs\react-dom.development.js:24970:11[90m)[39m
    at commitPassiveMountEffects_complete [90m(C:\Users\husey\kiro2\frontend\[39mnode_modules\[4mreact-dom[24m\cjs\react-dom.development.js:24930:9[90m)[39m
    at commitPassiveMountEffects_begin [90m(C:\Users\husey\kiro2\frontend\[39mnode_modules\[4mreact-dom[24m\cjs\react-dom.development.js:24917:7[90m)[39m
    at commitPassiveMountEffects [90m(C:\Users\husey\kiro2\frontend\[39mnode_modules\[4mreact-dom[24m\cjs\react-dom.development.js:24905:3[90m)[39m
    at flushPassiveEffectsImpl [90m(C:\Users\husey\kiro2\frontend\[39mnode_modules\[4mreact-dom[24m\cjs\react-dom.development.js:27078:3[90m)[39m
    at flushPassiveEffects [90m(C:\Users\husey\kiro2\frontend\[39mnode_modules\[4mreact-dom[24m\cjs\react-dom.development.js:27023:14[90m)[39m
    at [90mC:\Users\husey\kiro2\frontend\[39mnode_modules\[4mreact-dom[24m\cjs\react-dom.development.js:26808:9

            </system-err>
            <failure message="messagesEndRef.current?.scrollIntoView is not a function" type="TypeError">
TypeError: messagesEndRef.current?.scrollIntoView is not a function
 ❯ scrollToBottom src/components/StudyRooms/ChatInterface.tsx:100:29
 ❯ src/components/StudyRooms/ChatInterface.tsx:104:5
 ❯ commitHookEffectListMount node_modules/react-dom/cjs/react-dom.development.js:23189:26
 ❯ commitPassiveMountOnFiber node_modules/react-dom/cjs/react-dom.development.js:24970:11
 ❯ commitPassiveMountEffects_complete node_modules/react-dom/cjs/react-dom.development.js:24930:9
 ❯ commitPassiveMountEffects_begin node_modules/react-dom/cjs/react-dom.development.js:24917:7
 ❯ commitPassiveMountEffects node_modules/react-dom/cjs/react-dom.development.js:24905:3
 ❯ flushPassiveEffectsImpl node_modules/react-dom/cjs/react-dom.development.js:27078:3
 ❯ flushPassiveEffects node_modules/react-dom/cjs/react-dom.development.js:27023:14
 ❯ node_modules/react-dom/cjs/react-dom.development.js:26808:9
            </failure>
            <failure message="jest is not defined" type="ReferenceError">
ReferenceError: jest is not defined
 ❯ src/components/StudyRooms/__tests__/ChatInterface.test.tsx:84:5
            </failure>
        </testcase>
        <testcase classname="src/components/StudyRooms/__tests__/ChatInterface.test.tsx" name="ChatInterface Component &gt; WebSocket Connection &gt; establishes WebSocket connection on mount" time="0.2326055">
            <system-err>
Error: Uncaught [TypeError: messagesEndRef.current?.scrollIntoView is not a function]
    at reportException (C:\Users\husey\kiro2\frontend\node_modules\jsdom\lib\jsdom\living\helpers\runtime-script-errors.js:66:24)
    at innerInvokeEventListeners (C:\Users\husey\kiro2\frontend\node_modules\jsdom\lib\jsdom\living\events\EventTarget-impl.js:353:9)
    at invokeEventListeners (C:\Users\husey\kiro2\frontend\node_modules\jsdom\lib\jsdom\living\events\EventTarget-impl.js:286:3)
    at HTMLUnknownElementImpl._dispatch (C:\Users\husey\kiro2\frontend\node_modules\jsdom\lib\jsdom\living\events\EventTarget-impl.js:233:9)
    at HTMLUnknownElementImpl.dispatchEvent (C:\Users\husey\kiro2\frontend\node_modules\jsdom\lib\jsdom\living\events\EventTarget-impl.js:104:17)
    at HTMLUnknownElement.dispatchEvent (C:\Users\husey\kiro2\frontend\node_modules\jsdom\lib\jsdom\living\generated\EventTarget.js:241:34)
    at Object.invokeGuardedCallbackDev (C:\Users\husey\kiro2\frontend\node_modules\react-dom\cjs\react-dom.development.js:4213:16)
    at invokeGuardedCallback (C:\Users\husey\kiro2\frontend\node_modules\react-dom\cjs\react-dom.development.js:4277:31)
    at reportUncaughtErrorInDEV (C:\Users\husey\kiro2\frontend\node_modules\react-dom\cjs\react-dom.development.js:22877:5)
    at captureCommitPhaseError (C:\Users\husey\kiro2\frontend\node_modules\react-dom\cjs\react-dom.development.js:27165:5) TypeError: messagesEndRef.current?.scrollIntoView is not a function
    at scrollToBottom [90m(C:\Users\husey\kiro2\frontend\[39msrc\components\StudyRooms\ChatInterface.tsx:100:29[90m)[39m
    at [90mC:\Users\husey\kiro2\frontend\[39msrc\components\StudyRooms\ChatInterface.tsx:104:5
    at commitHookEffectListMount [90m(C:\Users\husey\kiro2\frontend\[39mnode_modules\[4mreact-dom[24m\cjs\react-dom.development.js:23189:26[90m)[39m
    at commitPassiveMountOnFiber [90m(C:\Users\husey\kiro2\frontend\[39mnode_modules\[4mreact-dom[24m\cjs\react-dom.development.js:24970:11[90m)[39m
    at commitPassiveMountEffects_complete [90m(C:\Users\husey\kiro2\frontend\[39mnode_modules\[4mreact-dom[24m\cjs\react-dom.development.js:24930:9[90m)[39m
    at commitPassiveMountEffects_begin [90m(C:\Users\husey\kiro2\frontend\[39mnode_modules\[4mreact-dom[24m\cjs\react-dom.development.js:24917:7[90m)[39m
    at commitPassiveMountEffects [90m(C:\Users\husey\kiro2\frontend\[39mnode_modules\[4mreact-dom[24m\cjs\react-dom.development.js:24905:3[90m)[39m
    at flushPassiveEffectsImpl [90m(C:\Users\husey\kiro2\frontend\[39mnode_modules\[4mreact-dom[24m\cjs\react-dom.development.js:27078:3[90m)[39m
    at flushPassiveEffects [90m(C:\Users\husey\kiro2\frontend\[39mnode_modules\[4mreact-dom[24m\cjs\react-dom.development.js:27023:14[90m)[39m
    at [90mC:\Users\husey\kiro2\frontend\[39mnode_modules\[4mreact-dom[24m\cjs\react-dom.development.js:26808:9

            </system-err>
            <failure message="messagesEndRef.current?.scrollIntoView is not a function" type="TypeError">
TypeError: messagesEndRef.current?.scrollIntoView is not a function
 ❯ scrollToBottom src/components/StudyRooms/ChatInterface.tsx:100:29
 ❯ src/components/StudyRooms/ChatInterface.tsx:104:5
 ❯ commitHookEffectListMount node_modules/react-dom/cjs/react-dom.development.js:23189:26
 ❯ commitPassiveMountOnFiber node_modules/react-dom/cjs/react-dom.development.js:24970:11
 ❯ commitPassiveMountEffects_complete node_modules/react-dom/cjs/react-dom.development.js:24930:9
 ❯ commitPassiveMountEffects_begin node_modules/react-dom/cjs/react-dom.development.js:24917:7
 ❯ commitPassiveMountEffects node_modules/react-dom/cjs/react-dom.development.js:24905:3
 ❯ flushPassiveEffectsImpl node_modules/react-dom/cjs/react-dom.development.js:27078:3
 ❯ flushPassiveEffects node_modules/react-dom/cjs/react-dom.development.js:27023:14
 ❯ node_modules/react-dom/cjs/react-dom.development.js:26808:9
            </failure>
            <failure message="jest is not defined" type="ReferenceError">
ReferenceError: jest is not defined
 ❯ src/components/StudyRooms/__tests__/ChatInterface.test.tsx:84:5
            </failure>
        </testcase>
        <testcase classname="src/components/StudyRooms/__tests__/ChatInterface.test.tsx" name="ChatInterface Component &gt; WebSocket Connection &gt; receives new messages via WebSocket" time="0.2076427">
            <system-err>
Error: Uncaught [TypeError: messagesEndRef.current?.scrollIntoView is not a function]
    at reportException (C:\Users\husey\kiro2\frontend\node_modules\jsdom\lib\jsdom\living\helpers\runtime-script-errors.js:66:24)
    at innerInvokeEventListeners (C:\Users\husey\kiro2\frontend\node_modules\jsdom\lib\jsdom\living\events\EventTarget-impl.js:353:9)
    at invokeEventListeners (C:\Users\husey\kiro2\frontend\node_modules\jsdom\lib\jsdom\living\events\EventTarget-impl.js:286:3)
    at HTMLUnknownElementImpl._dispatch (C:\Users\husey\kiro2\frontend\node_modules\jsdom\lib\jsdom\living\events\EventTarget-impl.js:233:9)
    at HTMLUnknownElementImpl.dispatchEvent (C:\Users\husey\kiro2\frontend\node_modules\jsdom\lib\jsdom\living\events\EventTarget-impl.js:104:17)
    at HTMLUnknownElement.dispatchEvent (C:\Users\husey\kiro2\frontend\node_modules\jsdom\lib\jsdom\living\generated\EventTarget.js:241:34)
    at Object.invokeGuardedCallbackDev (C:\Users\husey\kiro2\frontend\node_modules\react-dom\cjs\react-dom.development.js:4213:16)
    at invokeGuardedCallback (C:\Users\husey\kiro2\frontend\node_modules\react-dom\cjs\react-dom.development.js:4277:31)
    at reportUncaughtErrorInDEV (C:\Users\husey\kiro2\frontend\node_modules\react-dom\cjs\react-dom.development.js:22877:5)
    at captureCommitPhaseError (C:\Users\husey\kiro2\frontend\node_modules\react-dom\cjs\react-dom.development.js:27165:5) TypeError: messagesEndRef.current?.scrollIntoView is not a function
    at scrollToBottom [90m(C:\Users\husey\kiro2\frontend\[39msrc\components\StudyRooms\ChatInterface.tsx:100:29[90m)[39m
    at [90mC:\Users\husey\kiro2\frontend\[39msrc\components\StudyRooms\ChatInterface.tsx:104:5
    at commitHookEffectListMount [90m(C:\Users\husey\kiro2\frontend\[39mnode_modules\[4mreact-dom[24m\cjs\react-dom.development.js:23189:26[90m)[39m
    at commitPassiveMountOnFiber [90m(C:\Users\husey\kiro2\frontend\[39mnode_modules\[4mreact-dom[24m\cjs\react-dom.development.js:24970:11[90m)[39m
    at commitPassiveMountEffects_complete [90m(C:\Users\husey\kiro2\frontend\[39mnode_modules\[4mreact-dom[24m\cjs\react-dom.development.js:24930:9[90m)[39m
    at commitPassiveMountEffects_begin [90m(C:\Users\husey\kiro2\frontend\[39mnode_modules\[4mreact-dom[24m\cjs\react-dom.development.js:24917:7[90m)[39m
    at commitPassiveMountEffects [90m(C:\Users\husey\kiro2\frontend\[39mnode_modules\[4mreact-dom[24m\cjs\react-dom.development.js:24905:3[90m)[39m
    at flushPassiveEffectsImpl [90m(C:\Users\husey\kiro2\frontend\[39mnode_modules\[4mreact-dom[24m\cjs\react-dom.development.js:27078:3[90m)[39m
    at flushPassiveEffects [90m(C:\Users\husey\kiro2\frontend\[39mnode_modules\[4mreact-dom[24m\cjs\react-dom.development.js:27023:14[90m)[39m
    at [90mC:\Users\husey\kiro2\frontend\[39mnode_modules\[4mreact-dom[24m\cjs\react-dom.development.js:26808:9

            </system-err>
            <failure message="messagesEndRef.current?.scrollIntoView is not a function" type="TypeError">
TypeError: messagesEndRef.current?.scrollIntoView is not a function
 ❯ scrollToBottom src/components/StudyRooms/ChatInterface.tsx:100:29
 ❯ src/components/StudyRooms/ChatInterface.tsx:104:5
 ❯ commitHookEffectListMount node_modules/react-dom/cjs/react-dom.development.js:23189:26
 ❯ commitPassiveMountOnFiber node_modules/react-dom/cjs/react-dom.development.js:24970:11
 ❯ commitPassiveMountEffects_complete node_modules/react-dom/cjs/react-dom.development.js:24930:9
 ❯ commitPassiveMountEffects_begin node_modules/react-dom/cjs/react-dom.development.js:24917:7
 ❯ commitPassiveMountEffects node_modules/react-dom/cjs/react-dom.development.js:24905:3
 ❯ flushPassiveEffectsImpl node_modules/react-dom/cjs/react-dom.development.js:27078:3
 ❯ flushPassiveEffects node_modules/react-dom/cjs/react-dom.development.js:27023:14
 ❯ node_modules/react-dom/cjs/react-dom.development.js:26808:9
            </failure>
            <failure message="jest is not defined" type="ReferenceError">
ReferenceError: jest is not defined
 ❯ src/components/StudyRooms/__tests__/ChatInterface.test.tsx:84:5
            </failure>
        </testcase>
        <testcase classname="src/components/StudyRooms/__tests__/ChatInterface.test.tsx" name="ChatInterface Component &gt; WebSocket Connection &gt; closes WebSocket on unmount" time="0.2008824">
            <system-err>
Error: Uncaught [TypeError: messagesEndRef.current?.scrollIntoView is not a function]
    at reportException (C:\Users\husey\kiro2\frontend\node_modules\jsdom\lib\jsdom\living\helpers\runtime-script-errors.js:66:24)
    at innerInvokeEventListeners (C:\Users\husey\kiro2\frontend\node_modules\jsdom\lib\jsdom\living\events\EventTarget-impl.js:353:9)
    at invokeEventListeners (C:\Users\husey\kiro2\frontend\node_modules\jsdom\lib\jsdom\living\events\EventTarget-impl.js:286:3)
    at HTMLUnknownElementImpl._dispatch (C:\Users\husey\kiro2\frontend\node_modules\jsdom\lib\jsdom\living\events\EventTarget-impl.js:233:9)
    at HTMLUnknownElementImpl.dispatchEvent (C:\Users\husey\kiro2\frontend\node_modules\jsdom\lib\jsdom\living\events\EventTarget-impl.js:104:17)
    at HTMLUnknownElement.dispatchEvent (C:\Users\husey\kiro2\frontend\node_modules\jsdom\lib\jsdom\living\generated\EventTarget.js:241:34)
    at Object.invokeGuardedCallbackDev (C:\Users\husey\kiro2\frontend\node_modules\react-dom\cjs\react-dom.development.js:4213:16)
    at invokeGuardedCallback (C:\Users\husey\kiro2\frontend\node_modules\react-dom\cjs\react-dom.development.js:4277:31)
    at reportUncaughtErrorInDEV (C:\Users\husey\kiro2\frontend\node_modules\react-dom\cjs\react-dom.development.js:22877:5)
    at captureCommitPhaseError (C:\Users\husey\kiro2\frontend\node_modules\react-dom\cjs\react-dom.development.js:27165:5) TypeError: messagesEndRef.current?.scrollIntoView is not a function
    at scrollToBottom [90m(C:\Users\husey\kiro2\frontend\[39msrc\components\StudyRooms\ChatInterface.tsx:100:29[90m)[39m
    at [90mC:\Users\husey\kiro2\frontend\[39msrc\components\StudyRooms\ChatInterface.tsx:104:5
    at commitHookEffectListMount [90m(C:\Users\husey\kiro2\frontend\[39mnode_modules\[4mreact-dom[24m\cjs\react-dom.development.js:23189:26[90m)[39m
    at commitPassiveMountOnFiber [90m(C:\Users\husey\kiro2\frontend\[39mnode_modules\[4mreact-dom[24m\cjs\react-dom.development.js:24970:11[90m)[39m
    at commitPassiveMountEffects_complete [90m(C:\Users\husey\kiro2\frontend\[39mnode_modules\[4mreact-dom[24m\cjs\react-dom.development.js:24930:9[90m)[39m
    at commitPassiveMountEffects_begin [90m(C:\Users\husey\kiro2\frontend\[39mnode_modules\[4mreact-dom[24m\cjs\react-dom.development.js:24917:7[90m)[39m
    at commitPassiveMountEffects [90m(C:\Users\husey\kiro2\frontend\[39mnode_modules\[4mreact-dom[24m\cjs\react-dom.development.js:24905:3[90m)[39m
    at flushPassiveEffectsImpl [90m(C:\Users\husey\kiro2\frontend\[39mnode_modules\[4mreact-dom[24m\cjs\react-dom.development.js:27078:3[90m)[39m
    at flushPassiveEffects [90m(C:\Users\husey\kiro2\frontend\[39mnode_modules\[4mreact-dom[24m\cjs\react-dom.development.js:27023:14[90m)[39m
    at [90mC:\Users\husey\kiro2\frontend\[39mnode_modules\[4mreact-dom[24m\cjs\react-dom.development.js:26808:9

            </system-err>
            <failure message="messagesEndRef.current?.scrollIntoView is not a function" type="TypeError">
TypeError: messagesEndRef.current?.scrollIntoView is not a function
 ❯ scrollToBottom src/components/StudyRooms/ChatInterface.tsx:100:29
 ❯ src/components/StudyRooms/ChatInterface.tsx:104:5
 ❯ commitHookEffectListMount node_modules/react-dom/cjs/react-dom.development.js:23189:26
 ❯ commitPassiveMountOnFiber node_modules/react-dom/cjs/react-dom.development.js:24970:11
 ❯ commitPassiveMountEffects_complete node_modules/react-dom/cjs/react-dom.development.js:24930:9
 ❯ commitPassiveMountEffects_begin node_modules/react-dom/cjs/react-dom.development.js:24917:7
 ❯ commitPassiveMountEffects node_modules/react-dom/cjs/react-dom.development.js:24905:3
 ❯ flushPassiveEffectsImpl node_modules/react-dom/cjs/react-dom.development.js:27078:3
 ❯ flushPassiveEffects node_modules/react-dom/cjs/react-dom.development.js:27023:14
 ❯ node_modules/react-dom/cjs/react-dom.development.js:26808:9
            </failure>
            <failure message="jest is not defined" type="ReferenceError">
ReferenceError: jest is not defined
 ❯ src/components/StudyRooms/__tests__/ChatInterface.test.tsx:84:5
            </failure>
        </testcase>
        <testcase classname="src/components/StudyRooms/__tests__/ChatInterface.test.tsx" name="ChatInterface Component &gt; Sending Messages &gt; sends message when send button is clicked" time="0.2089935">
            <system-err>
Error: Uncaught [TypeError: messagesEndRef.current?.scrollIntoView is not a function]
    at reportException (C:\Users\husey\kiro2\frontend\node_modules\jsdom\lib\jsdom\living\helpers\runtime-script-errors.js:66:24)
    at innerInvokeEventListeners (C:\Users\husey\kiro2\frontend\node_modules\jsdom\lib\jsdom\living\events\EventTarget-impl.js:353:9)
    at invokeEventListeners (C:\Users\husey\kiro2\frontend\node_modules\jsdom\lib\jsdom\living\events\EventTarget-impl.js:286:3)
    at HTMLUnknownElementImpl._dispatch (C:\Users\husey\kiro2\frontend\node_modules\jsdom\lib\jsdom\living\events\EventTarget-impl.js:233:9)
    at HTMLUnknownElementImpl.dispatchEvent (C:\Users\husey\kiro2\frontend\node_modules\jsdom\lib\jsdom\living\events\EventTarget-impl.js:104:17)
    at HTMLUnknownElement.dispatchEvent (C:\Users\husey\kiro2\frontend\node_modules\jsdom\lib\jsdom\living\generated\EventTarget.js:241:34)
    at Object.invokeGuardedCallbackDev (C:\Users\husey\kiro2\frontend\node_modules\react-dom\cjs\react-dom.development.js:4213:16)
    at invokeGuardedCallback (C:\Users\husey\kiro2\frontend\node_modules\react-dom\cjs\react-dom.development.js:4277:31)
    at reportUncaughtErrorInDEV (C:\Users\husey\kiro2\frontend\node_modules\react-dom\cjs\react-dom.development.js:22877:5)
    at captureCommitPhaseError (C:\Users\husey\kiro2\frontend\node_modules\react-dom\cjs\react-dom.development.js:27165:5) TypeError: messagesEndRef.current?.scrollIntoView is not a function
    at scrollToBottom [90m(C:\Users\husey\kiro2\frontend\[39msrc\components\StudyRooms\ChatInterface.tsx:100:29[90m)[39m
    at [90mC:\Users\husey\kiro2\frontend\[39msrc\components\StudyRooms\ChatInterface.tsx:104:5
    at commitHookEffectListMount [90m(C:\Users\husey\kiro2\frontend\[39mnode_modules\[4mreact-dom[24m\cjs\react-dom.development.js:23189:26[90m)[39m
    at commitPassiveMountOnFiber [90m(C:\Users\husey\kiro2\frontend\[39mnode_modules\[4mreact-dom[24m\cjs\react-dom.development.js:24970:11[90m)[39m
    at commitPassiveMountEffects_complete [90m(C:\Users\husey\kiro2\frontend\[39mnode_modules\[4mreact-dom[24m\cjs\react-dom.development.js:24930:9[90m)[39m
    at commitPassiveMountEffects_begin [90m(C:\Users\husey\kiro2\frontend\[39mnode_modules\[4mreact-dom[24m\cjs\react-dom.development.js:24917:7[90m)[39m
    at commitPassiveMountEffects [90m(C:\Users\husey\kiro2\frontend\[39mnode_modules\[4mreact-dom[24m\cjs\react-dom.development.js:24905:3[90m)[39m
    at flushPassiveEffectsImpl [90m(C:\Users\husey\kiro2\frontend\[39mnode_modules\[4mreact-dom[24m\cjs\react-dom.development.js:27078:3[90m)[39m
    at flushPassiveEffects [90m(C:\Users\husey\kiro2\frontend\[39mnode_modules\[4mreact-dom[24m\cjs\react-dom.development.js:27023:14[90m)[39m
    at [90mC:\Users\husey\kiro2\frontend\[39mnode_modules\[4mreact-dom[24m\cjs\react-dom.development.js:26808:9

            </system-err>
            <failure message="messagesEndRef.current?.scrollIntoView is not a function" type="TypeError">
TypeError: messagesEndRef.current?.scrollIntoView is not a function
 ❯ scrollToBottom src/components/StudyRooms/ChatInterface.tsx:100:29
 ❯ src/components/StudyRooms/ChatInterface.tsx:104:5
 ❯ commitHookEffectListMount node_modules/react-dom/cjs/react-dom.development.js:23189:26
 ❯ commitPassiveMountOnFiber node_modules/react-dom/cjs/react-dom.development.js:24970:11
 ❯ commitPassiveMountEffects_complete node_modules/react-dom/cjs/react-dom.development.js:24930:9
 ❯ commitPassiveMountEffects_begin node_modules/react-dom/cjs/react-dom.development.js:24917:7
 ❯ commitPassiveMountEffects node_modules/react-dom/cjs/react-dom.development.js:24905:3
 ❯ flushPassiveEffectsImpl node_modules/react-dom/cjs/react-dom.development.js:27078:3
 ❯ flushPassiveEffects node_modules/react-dom/cjs/react-dom.development.js:27023:14
 ❯ node_modules/react-dom/cjs/react-dom.development.js:26808:9
            </failure>
            <failure message="jest is not defined" type="ReferenceError">
ReferenceError: jest is not defined
 ❯ src/components/StudyRooms/__tests__/ChatInterface.test.tsx:84:5
            </failure>
        </testcase>
        <testcase classname="src/components/StudyRooms/__tests__/ChatInterface.test.tsx" name="ChatInterface Component &gt; Sending Messages &gt; sends message when Enter key is pressed" time="0.2039855">
            <system-err>
Error: Uncaught [TypeError: messagesEndRef.current?.scrollIntoView is not a function]
    at reportException (C:\Users\husey\kiro2\frontend\node_modules\jsdom\lib\jsdom\living\helpers\runtime-script-errors.js:66:24)
    at innerInvokeEventListeners (C:\Users\husey\kiro2\frontend\node_modules\jsdom\lib\jsdom\living\events\EventTarget-impl.js:353:9)
    at invokeEventListeners (C:\Users\husey\kiro2\frontend\node_modules\jsdom\lib\jsdom\living\events\EventTarget-impl.js:286:3)
    at HTMLUnknownElementImpl._dispatch (C:\Users\husey\kiro2\frontend\node_modules\jsdom\lib\jsdom\living\events\EventTarget-impl.js:233:9)
    at HTMLUnknownElementImpl.dispatchEvent (C:\Users\husey\kiro2\frontend\node_modules\jsdom\lib\jsdom\living\events\EventTarget-impl.js:104:17)
    at HTMLUnknownElement.dispatchEvent (C:\Users\husey\kiro2\frontend\node_modules\jsdom\lib\jsdom\living\generated\EventTarget.js:241:34)
    at Object.invokeGuardedCallbackDev (C:\Users\husey\kiro2\frontend\node_modules\react-dom\cjs\react-dom.development.js:4213:16)
    at invokeGuardedCallback (C:\Users\husey\kiro2\frontend\node_modules\react-dom\cjs\react-dom.development.js:4277:31)
    at reportUncaughtErrorInDEV (C:\Users\husey\kiro2\frontend\node_modules\react-dom\cjs\react-dom.development.js:22877:5)
    at captureCommitPhaseError (C:\Users\husey\kiro2\frontend\node_modules\react-dom\cjs\react-dom.development.js:27165:5) TypeError: messagesEndRef.current?.scrollIntoView is not a function
    at scrollToBottom [90m(C:\Users\husey\kiro2\frontend\[39msrc\components\StudyRooms\ChatInterface.tsx:100:29[90m)[39m
    at [90mC:\Users\husey\kiro2\frontend\[39msrc\components\StudyRooms\ChatInterface.tsx:104:5
    at commitHookEffectListMount [90m(C:\Users\husey\kiro2\frontend\[39mnode_modules\[4mreact-dom[24m\cjs\react-dom.development.js:23189:26[90m)[39m
    at commitPassiveMountOnFiber [90m(C:\Users\husey\kiro2\frontend\[39mnode_modules\[4mreact-dom[24m\cjs\react-dom.development.js:24970:11[90m)[39m
    at commitPassiveMountEffects_complete [90m(C:\Users\husey\kiro2\frontend\[39mnode_modules\[4mreact-dom[24m\cjs\react-dom.development.js:24930:9[90m)[39m
    at commitPassiveMountEffects_begin [90m(C:\Users\husey\kiro2\frontend\[39mnode_modules\[4mreact-dom[24m\cjs\react-dom.development.js:24917:7[90m)[39m
    at commitPassiveMountEffects [90m(C:\Users\husey\kiro2\frontend\[39mnode_modules\[4mreact-dom[24m\cjs\react-dom.development.js:24905:3[90m)[39m
    at flushPassiveEffectsImpl [90m(C:\Users\husey\kiro2\frontend\[39mnode_modules\[4mreact-dom[24m\cjs\react-dom.development.js:27078:3[90m)[39m
    at flushPassiveEffects [90m(C:\Users\husey\kiro2\frontend\[39mnode_modules\[4mreact-dom[24m\cjs\react-dom.development.js:27023:14[90m)[39m
    at [90mC:\Users\husey\kiro2\frontend\[39mnode_modules\[4mreact-dom[24m\cjs\react-dom.development.js:26808:9

            </system-err>
            <failure message="messagesEndRef.current?.scrollIntoView is not a function" type="TypeError">
TypeError: messagesEndRef.current?.scrollIntoView is not a function
 ❯ scrollToBottom src/components/StudyRooms/ChatInterface.tsx:100:29
 ❯ src/components/StudyRooms/ChatInterface.tsx:104:5
 ❯ commitHookEffectListMount node_modules/react-dom/cjs/react-dom.development.js:23189:26
 ❯ commitPassiveMountOnFiber node_modules/react-dom/cjs/react-dom.development.js:24970:11
 ❯ commitPassiveMountEffects_complete node_modules/react-dom/cjs/react-dom.development.js:24930:9
 ❯ commitPassiveMountEffects_begin node_modules/react-dom/cjs/react-dom.development.js:24917:7
 ❯ commitPassiveMountEffects node_modules/react-dom/cjs/react-dom.development.js:24905:3
 ❯ flushPassiveEffectsImpl node_modules/react-dom/cjs/react-dom.development.js:27078:3
 ❯ flushPassiveEffects node_modules/react-dom/cjs/react-dom.development.js:27023:14
 ❯ node_modules/react-dom/cjs/react-dom.development.js:26808:9
            </failure>
            <failure message="jest is not defined" type="ReferenceError">
ReferenceError: jest is not defined
 ❯ src/components/StudyRooms/__tests__/ChatInterface.test.tsx:84:5
            </failure>
        </testcase>
        <testcase classname="src/components/StudyRooms/__tests__/ChatInterface.test.tsx" name="ChatInterface Component &gt; Sending Messages &gt; does not send message with Shift+Enter" time="0.3118381">
            <system-err>
Error: Uncaught [TypeError: messagesEndRef.current?.scrollIntoView is not a function]
    at reportException (C:\Users\husey\kiro2\frontend\node_modules\jsdom\lib\jsdom\living\helpers\runtime-script-errors.js:66:24)
    at innerInvokeEventListeners (C:\Users\husey\kiro2\frontend\node_modules\jsdom\lib\jsdom\living\events\EventTarget-impl.js:353:9)
    at invokeEventListeners (C:\Users\husey\kiro2\frontend\node_modules\jsdom\lib\jsdom\living\events\EventTarget-impl.js:286:3)
    at HTMLUnknownElementImpl._dispatch (C:\Users\husey\kiro2\frontend\node_modules\jsdom\lib\jsdom\living\events\EventTarget-impl.js:233:9)
    at HTMLUnknownElementImpl.dispatchEvent (C:\Users\husey\kiro2\frontend\node_modules\jsdom\lib\jsdom\living\events\EventTarget-impl.js:104:17)
    at HTMLUnknownElement.dispatchEvent (C:\Users\husey\kiro2\frontend\node_modules\jsdom\lib\jsdom\living\generated\EventTarget.js:241:34)
    at Object.invokeGuardedCallbackDev (C:\Users\husey\kiro2\frontend\node_modules\react-dom\cjs\react-dom.development.js:4213:16)
    at invokeGuardedCallback (C:\Users\husey\kiro2\frontend\node_modules\react-dom\cjs\react-dom.development.js:4277:31)
    at reportUncaughtErrorInDEV (C:\Users\husey\kiro2\frontend\node_modules\react-dom\cjs\react-dom.development.js:22877:5)
    at captureCommitPhaseError (C:\Users\husey\kiro2\frontend\node_modules\react-dom\cjs\react-dom.development.js:27165:5) TypeError: messagesEndRef.current?.scrollIntoView is not a function
    at scrollToBottom [90m(C:\Users\husey\kiro2\frontend\[39msrc\components\StudyRooms\ChatInterface.tsx:100:29[90m)[39m
    at [90mC:\Users\husey\kiro2\frontend\[39msrc\components\StudyRooms\ChatInterface.tsx:104:5
    at commitHookEffectListMount [90m(C:\Users\husey\kiro2\frontend\[39mnode_modules\[4mreact-dom[24m\cjs\react-dom.development.js:23189:26[90m)[39m
    at commitPassiveMountOnFiber [90m(C:\Users\husey\kiro2\frontend\[39mnode_modules\[4mreact-dom[24m\cjs\react-dom.development.js:24970:11[90m)[39m
    at commitPassiveMountEffects_complete [90m(C:\Users\husey\kiro2\frontend\[39mnode_modules\[4mreact-dom[24m\cjs\react-dom.development.js:24930:9[90m)[39m
    at commitPassiveMountEffects_begin [90m(C:\Users\husey\kiro2\frontend\[39mnode_modules\[4mreact-dom[24m\cjs\react-dom.development.js:24917:7[90m)[39m
    at commitPassiveMountEffects [90m(C:\Users\husey\kiro2\frontend\[39mnode_modules\[4mreact-dom[24m\cjs\react-dom.development.js:24905:3[90m)[39m
    at flushPassiveEffectsImpl [90m(C:\Users\husey\kiro2\frontend\[39mnode_modules\[4mreact-dom[24m\cjs\react-dom.development.js:27078:3[90m)[39m
    at flushPassiveEffects [90m(C:\Users\husey\kiro2\frontend\[39mnode_modules\[4mreact-dom[24m\cjs\react-dom.development.js:27023:14[90m)[39m
    at [90mC:\Users\husey\kiro2\frontend\[39mnode_modules\[4mreact-dom[24m\cjs\react-dom.development.js:26808:9

            </system-err>
            <failure message="messagesEndRef.current?.scrollIntoView is not a function" type="TypeError">
TypeError: messagesEndRef.current?.scrollIntoView is not a function
 ❯ scrollToBottom src/components/StudyRooms/ChatInterface.tsx:100:29
 ❯ src/components/StudyRooms/ChatInterface.tsx:104:5
 ❯ commitHookEffectListMount node_modules/react-dom/cjs/react-dom.development.js:23189:26
 ❯ commitPassiveMountOnFiber node_modules/react-dom/cjs/react-dom.development.js:24970:11
 ❯ commitPassiveMountEffects_complete node_modules/react-dom/cjs/react-dom.development.js:24930:9
 ❯ commitPassiveMountEffects_begin node_modules/react-dom/cjs/react-dom.development.js:24917:7
 ❯ commitPassiveMountEffects node_modules/react-dom/cjs/react-dom.development.js:24905:3
 ❯ flushPassiveEffectsImpl node_modules/react-dom/cjs/react-dom.development.js:27078:3
 ❯ flushPassiveEffects node_modules/react-dom/cjs/react-dom.development.js:27023:14
 ❯ node_modules/react-dom/cjs/react-dom.development.js:26808:9
            </failure>
            <failure message="jest is not defined" type="ReferenceError">
ReferenceError: jest is not defined
 ❯ src/components/StudyRooms/__tests__/ChatInterface.test.tsx:84:5
            </failure>
        </testcase>
        <testcase classname="src/components/StudyRooms/__tests__/ChatInterface.test.tsx" name="ChatInterface Component &gt; Sending Messages &gt; clears input after sending message" time="0.2274045">
            <system-err>
Error: Uncaught [TypeError: messagesEndRef.current?.scrollIntoView is not a function]
    at reportException (C:\Users\husey\kiro2\frontend\node_modules\jsdom\lib\jsdom\living\helpers\runtime-script-errors.js:66:24)
    at innerInvokeEventListeners (C:\Users\husey\kiro2\frontend\node_modules\jsdom\lib\jsdom\living\events\EventTarget-impl.js:353:9)
    at invokeEventListeners (C:\Users\husey\kiro2\frontend\node_modules\jsdom\lib\jsdom\living\events\EventTarget-impl.js:286:3)
    at HTMLUnknownElementImpl._dispatch (C:\Users\husey\kiro2\frontend\node_modules\jsdom\lib\jsdom\living\events\EventTarget-impl.js:233:9)
    at HTMLUnknownElementImpl.dispatchEvent (C:\Users\husey\kiro2\frontend\node_modules\jsdom\lib\jsdom\living\events\EventTarget-impl.js:104:17)
    at HTMLUnknownElement.dispatchEvent (C:\Users\husey\kiro2\frontend\node_modules\jsdom\lib\jsdom\living\generated\EventTarget.js:241:34)
    at Object.invokeGuardedCallbackDev (C:\Users\husey\kiro2\frontend\node_modules\react-dom\cjs\react-dom.development.js:4213:16)
    at invokeGuardedCallback (C:\Users\husey\kiro2\frontend\node_modules\react-dom\cjs\react-dom.development.js:4277:31)
    at reportUncaughtErrorInDEV (C:\Users\husey\kiro2\frontend\node_modules\react-dom\cjs\react-dom.development.js:22877:5)
    at captureCommitPhaseError (C:\Users\husey\kiro2\frontend\node_modules\react-dom\cjs\react-dom.development.js:27165:5) TypeError: messagesEndRef.current?.scrollIntoView is not a function
    at scrollToBottom [90m(C:\Users\husey\kiro2\frontend\[39msrc\components\StudyRooms\ChatInterface.tsx:100:29[90m)[39m
    at [90mC:\Users\husey\kiro2\frontend\[39msrc\components\StudyRooms\ChatInterface.tsx:104:5
    at commitHookEffectListMount [90m(C:\Users\husey\kiro2\frontend\[39mnode_modules\[4mreact-dom[24m\cjs\react-dom.development.js:23189:26[90m)[39m
    at commitPassiveMountOnFiber [90m(C:\Users\husey\kiro2\frontend\[39mnode_modules\[4mreact-dom[24m\cjs\react-dom.development.js:24970:11[90m)[39m
    at commitPassiveMountEffects_complete [90m(C:\Users\husey\kiro2\frontend\[39mnode_modules\[4mreact-dom[24m\cjs\react-dom.development.js:24930:9[90m)[39m
    at commitPassiveMountEffects_begin [90m(C:\Users\husey\kiro2\frontend\[39mnode_modules\[4mreact-dom[24m\cjs\react-dom.development.js:24917:7[90m)[39m
    at commitPassiveMountEffects [90m(C:\Users\husey\kiro2\frontend\[39mnode_modules\[4mreact-dom[24m\cjs\react-dom.development.js:24905:3[90m)[39m
    at flushPassiveEffectsImpl [90m(C:\Users\husey\kiro2\frontend\[39mnode_modules\[4mreact-dom[24m\cjs\react-dom.development.js:27078:3[90m)[39m
    at flushPassiveEffects [90m(C:\Users\husey\kiro2\frontend\[39mnode_modules\[4mreact-dom[24m\cjs\react-dom.development.js:27023:14[90m)[39m
    at [90mC:\Users\husey\kiro2\frontend\[39mnode_modules\[4mreact-dom[24m\cjs\react-dom.development.js:26808:9

            </system-err>
            <failure message="messagesEndRef.current?.scrollIntoView is not a function" type="TypeError">
TypeError: messagesEndRef.current?.scrollIntoView is not a function
 ❯ scrollToBottom src/components/StudyRooms/ChatInterface.tsx:100:29
 ❯ src/components/StudyRooms/ChatInterface.tsx:104:5
 ❯ commitHookEffectListMount node_modules/react-dom/cjs/react-dom.development.js:23189:26
 ❯ commitPassiveMountOnFiber node_modules/react-dom/cjs/react-dom.development.js:24970:11
 ❯ commitPassiveMountEffects_complete node_modules/react-dom/cjs/react-dom.development.js:24930:9
 ❯ commitPassiveMountEffects_begin node_modules/react-dom/cjs/react-dom.development.js:24917:7
 ❯ commitPassiveMountEffects node_modules/react-dom/cjs/react-dom.development.js:24905:3
 ❯ flushPassiveEffectsImpl node_modules/react-dom/cjs/react-dom.development.js:27078:3
 ❯ flushPassiveEffects node_modules/react-dom/cjs/react-dom.development.js:27023:14
 ❯ node_modules/react-dom/cjs/react-dom.development.js:26808:9
            </failure>
            <failure message="jest is not defined" type="ReferenceError">
ReferenceError: jest is not defined
 ❯ src/components/StudyRooms/__tests__/ChatInterface.test.tsx:84:5
            </failure>
        </testcase>
        <testcase classname="src/components/StudyRooms/__tests__/ChatInterface.test.tsx" name="ChatInterface Component &gt; Sending Messages &gt; disables send button when input is empty" time="0.2452223">
            <system-err>
Error: Uncaught [TypeError: messagesEndRef.current?.scrollIntoView is not a function]
    at reportException (C:\Users\husey\kiro2\frontend\node_modules\jsdom\lib\jsdom\living\helpers\runtime-script-errors.js:66:24)
    at innerInvokeEventListeners (C:\Users\husey\kiro2\frontend\node_modules\jsdom\lib\jsdom\living\events\EventTarget-impl.js:353:9)
    at invokeEventListeners (C:\Users\husey\kiro2\frontend\node_modules\jsdom\lib\jsdom\living\events\EventTarget-impl.js:286:3)
    at HTMLUnknownElementImpl._dispatch (C:\Users\husey\kiro2\frontend\node_modules\jsdom\lib\jsdom\living\events\EventTarget-impl.js:233:9)
    at HTMLUnknownElementImpl.dispatchEvent (C:\Users\husey\kiro2\frontend\node_modules\jsdom\lib\jsdom\living\events\EventTarget-impl.js:104:17)
    at HTMLUnknownElement.dispatchEvent (C:\Users\husey\kiro2\frontend\node_modules\jsdom\lib\jsdom\living\generated\EventTarget.js:241:34)
    at Object.invokeGuardedCallbackDev (C:\Users\husey\kiro2\frontend\node_modules\react-dom\cjs\react-dom.development.js:4213:16)
    at invokeGuardedCallback (C:\Users\husey\kiro2\frontend\node_modules\react-dom\cjs\react-dom.development.js:4277:31)
    at reportUncaughtErrorInDEV (C:\Users\husey\kiro2\frontend\node_modules\react-dom\cjs\react-dom.development.js:22877:5)
    at captureCommitPhaseError (C:\Users\husey\kiro2\frontend\node_modules\react-dom\cjs\react-dom.development.js:27165:5) TypeError: messagesEndRef.current?.scrollIntoView is not a function
    at scrollToBottom [90m(C:\Users\husey\kiro2\frontend\[39msrc\components\StudyRooms\ChatInterface.tsx:100:29[90m)[39m
    at [90mC:\Users\husey\kiro2\frontend\[39msrc\components\StudyRooms\ChatInterface.tsx:104:5
    at commitHookEffectListMount [90m(C:\Users\husey\kiro2\frontend\[39mnode_modules\[4mreact-dom[24m\cjs\react-dom.development.js:23189:26[90m)[39m
    at commitPassiveMountOnFiber [90m(C:\Users\husey\kiro2\frontend\[39mnode_modules\[4mreact-dom[24m\cjs\react-dom.development.js:24970:11[90m)[39m
    at commitPassiveMountEffects_complete [90m(C:\Users\husey\kiro2\frontend\[39mnode_modules\[4mreact-dom[24m\cjs\react-dom.development.js:24930:9[90m)[39m
    at commitPassiveMountEffects_begin [90m(C:\Users\husey\kiro2\frontend\[39mnode_modules\[4mreact-dom[24m\cjs\react-dom.development.js:24917:7[90m)[39m
    at commitPassiveMountEffects [90m(C:\Users\husey\kiro2\frontend\[39mnode_modules\[4mreact-dom[24m\cjs\react-dom.development.js:24905:3[90m)[39m
    at flushPassiveEffectsImpl [90m(C:\Users\husey\kiro2\frontend\[39mnode_modules\[4mreact-dom[24m\cjs\react-dom.development.js:27078:3[90m)[39m
    at flushPassiveEffects [90m(C:\Users\husey\kiro2\frontend\[39mnode_modules\[4mreact-dom[24m\cjs\react-dom.development.js:27023:14[90m)[39m
    at [90mC:\Users\husey\kiro2\frontend\[39mnode_modules\[4mreact-dom[24m\cjs\react-dom.development.js:26808:9

            </system-err>
            <failure message="messagesEndRef.current?.scrollIntoView is not a function" type="TypeError">
TypeError: messagesEndRef.current?.scrollIntoView is not a function
 ❯ scrollToBottom src/components/StudyRooms/ChatInterface.tsx:100:29
 ❯ src/components/StudyRooms/ChatInterface.tsx:104:5
 ❯ commitHookEffectListMount node_modules/react-dom/cjs/react-dom.development.js:23189:26
 ❯ commitPassiveMountOnFiber node_modules/react-dom/cjs/react-dom.development.js:24970:11
 ❯ commitPassiveMountEffects_complete node_modules/react-dom/cjs/react-dom.development.js:24930:9
 ❯ commitPassiveMountEffects_begin node_modules/react-dom/cjs/react-dom.development.js:24917:7
 ❯ commitPassiveMountEffects node_modules/react-dom/cjs/react-dom.development.js:24905:3
 ❯ flushPassiveEffectsImpl node_modules/react-dom/cjs/react-dom.development.js:27078:3
 ❯ flushPassiveEffects node_modules/react-dom/cjs/react-dom.development.js:27023:14
 ❯ node_modules/react-dom/cjs/react-dom.development.js:26808:9
            </failure>
            <failure message="jest is not defined" type="ReferenceError">
ReferenceError: jest is not defined
 ❯ src/components/StudyRooms/__tests__/ChatInterface.test.tsx:84:5
            </failure>
        </testcase>
        <testcase classname="src/components/StudyRooms/__tests__/ChatInterface.test.tsx" name="ChatInterface Component &gt; Sending Messages &gt; enables send button when input has text" time="0.2029658">
            <system-err>
Error: Uncaught [TypeError: messagesEndRef.current?.scrollIntoView is not a function]
    at reportException (C:\Users\husey\kiro2\frontend\node_modules\jsdom\lib\jsdom\living\helpers\runtime-script-errors.js:66:24)
    at innerInvokeEventListeners (C:\Users\husey\kiro2\frontend\node_modules\jsdom\lib\jsdom\living\events\EventTarget-impl.js:353:9)
    at invokeEventListeners (C:\Users\husey\kiro2\frontend\node_modules\jsdom\lib\jsdom\living\events\EventTarget-impl.js:286:3)
    at HTMLUnknownElementImpl._dispatch (C:\Users\husey\kiro2\frontend\node_modules\jsdom\lib\jsdom\living\events\EventTarget-impl.js:233:9)
    at HTMLUnknownElementImpl.dispatchEvent (C:\Users\husey\kiro2\frontend\node_modules\jsdom\lib\jsdom\living\events\EventTarget-impl.js:104:17)
    at HTMLUnknownElement.dispatchEvent (C:\Users\husey\kiro2\frontend\node_modules\jsdom\lib\jsdom\living\generated\EventTarget.js:241:34)
    at Object.invokeGuardedCallbackDev (C:\Users\husey\kiro2\frontend\node_modules\react-dom\cjs\react-dom.development.js:4213:16)
    at invokeGuardedCallback (C:\Users\husey\kiro2\frontend\node_modules\react-dom\cjs\react-dom.development.js:4277:31)
    at reportUncaughtErrorInDEV (C:\Users\husey\kiro2\frontend\node_modules\react-dom\cjs\react-dom.development.js:22877:5)
    at captureCommitPhaseError (C:\Users\husey\kiro2\frontend\node_modules\react-dom\cjs\react-dom.development.js:27165:5) TypeError: messagesEndRef.current?.scrollIntoView is not a function
    at scrollToBottom [90m(C:\Users\husey\kiro2\frontend\[39msrc\components\StudyRooms\ChatInterface.tsx:100:29[90m)[39m
    at [90mC:\Users\husey\kiro2\frontend\[39msrc\components\StudyRooms\ChatInterface.tsx:104:5
    at commitHookEffectListMount [90m(C:\Users\husey\kiro2\frontend\[39mnode_modules\[4mreact-dom[24m\cjs\react-dom.development.js:23189:26[90m)[39m
    at commitPassiveMountOnFiber [90m(C:\Users\husey\kiro2\frontend\[39mnode_modules\[4mreact-dom[24m\cjs\react-dom.development.js:24970:11[90m)[39m
    at commitPassiveMountEffects_complete [90m(C:\Users\husey\kiro2\frontend\[39mnode_modules\[4mreact-dom[24m\cjs\react-dom.development.js:24930:9[90m)[39m
    at commitPassiveMountEffects_begin [90m(C:\Users\husey\kiro2\frontend\[39mnode_modules\[4mreact-dom[24m\cjs\react-dom.development.js:24917:7[90m)[39m
    at commitPassiveMountEffects [90m(C:\Users\husey\kiro2\frontend\[39mnode_modules\[4mreact-dom[24m\cjs\react-dom.development.js:24905:3[90m)[39m
    at flushPassiveEffectsImpl [90m(C:\Users\husey\kiro2\frontend\[39mnode_modules\[4mreact-dom[24m\cjs\react-dom.development.js:27078:3[90m)[39m
    at flushPassiveEffects [90m(C:\Users\husey\kiro2\frontend\[39mnode_modules\[4mreact-dom[24m\cjs\react-dom.development.js:27023:14[90m)[39m
    at [90mC:\Users\husey\kiro2\frontend\[39mnode_modules\[4mreact-dom[24m\cjs\react-dom.development.js:26808:9

            </system-err>
            <failure message="messagesEndRef.current?.scrollIntoView is not a function" type="TypeError">
TypeError: messagesEndRef.current?.scrollIntoView is not a function
 ❯ scrollToBottom src/components/StudyRooms/ChatInterface.tsx:100:29
 ❯ src/components/StudyRooms/ChatInterface.tsx:104:5
 ❯ commitHookEffectListMount node_modules/react-dom/cjs/react-dom.development.js:23189:26
 ❯ commitPassiveMountOnFiber node_modules/react-dom/cjs/react-dom.development.js:24970:11
 ❯ commitPassiveMountEffects_complete node_modules/react-dom/cjs/react-dom.development.js:24930:9
 ❯ commitPassiveMountEffects_begin node_modules/react-dom/cjs/react-dom.development.js:24917:7
 ❯ commitPassiveMountEffects node_modules/react-dom/cjs/react-dom.development.js:24905:3
 ❯ flushPassiveEffectsImpl node_modules/react-dom/cjs/react-dom.development.js:27078:3
 ❯ flushPassiveEffects node_modules/react-dom/cjs/react-dom.development.js:27023:14
 ❯ node_modules/react-dom/cjs/react-dom.development.js:26808:9
            </failure>
            <failure message="jest is not defined" type="ReferenceError">
ReferenceError: jest is not defined
 ❯ src/components/StudyRooms/__tests__/ChatInterface.test.tsx:84:5
            </failure>
        </testcase>
        <testcase classname="src/components/StudyRooms/__tests__/ChatInterface.test.tsx" name="ChatInterface Component &gt; Sending Messages &gt; trims whitespace from messages" time="0.1850946">
            <system-err>
Error: Uncaught [TypeError: messagesEndRef.current?.scrollIntoView is not a function]
    at reportException (C:\Users\husey\kiro2\frontend\node_modules\jsdom\lib\jsdom\living\helpers\runtime-script-errors.js:66:24)
    at innerInvokeEventListeners (C:\Users\husey\kiro2\frontend\node_modules\jsdom\lib\jsdom\living\events\EventTarget-impl.js:353:9)
    at invokeEventListeners (C:\Users\husey\kiro2\frontend\node_modules\jsdom\lib\jsdom\living\events\EventTarget-impl.js:286:3)
    at HTMLUnknownElementImpl._dispatch (C:\Users\husey\kiro2\frontend\node_modules\jsdom\lib\jsdom\living\events\EventTarget-impl.js:233:9)
    at HTMLUnknownElementImpl.dispatchEvent (C:\Users\husey\kiro2\frontend\node_modules\jsdom\lib\jsdom\living\events\EventTarget-impl.js:104:17)
    at HTMLUnknownElement.dispatchEvent (C:\Users\husey\kiro2\frontend\node_modules\jsdom\lib\jsdom\living\generated\EventTarget.js:241:34)
    at Object.invokeGuardedCallbackDev (C:\Users\husey\kiro2\frontend\node_modules\react-dom\cjs\react-dom.development.js:4213:16)
    at invokeGuardedCallback (C:\Users\husey\kiro2\frontend\node_modules\react-dom\cjs\react-dom.development.js:4277:31)
    at reportUncaughtErrorInDEV (C:\Users\husey\kiro2\frontend\node_modules\react-dom\cjs\react-dom.development.js:22877:5)
    at captureCommitPhaseError (C:\Users\husey\kiro2\frontend\node_modules\react-dom\cjs\react-dom.development.js:27165:5) TypeError: messagesEndRef.current?.scrollIntoView is not a function
    at scrollToBottom [90m(C:\Users\husey\kiro2\frontend\[39msrc\components\StudyRooms\ChatInterface.tsx:100:29[90m)[39m
    at [90mC:\Users\husey\kiro2\frontend\[39msrc\components\StudyRooms\ChatInterface.tsx:104:5
    at commitHookEffectListMount [90m(C:\Users\husey\kiro2\frontend\[39mnode_modules\[4mreact-dom[24m\cjs\react-dom.development.js:23189:26[90m)[39m
    at commitPassiveMountOnFiber [90m(C:\Users\husey\kiro2\frontend\[39mnode_modules\[4mreact-dom[24m\cjs\react-dom.development.js:24970:11[90m)[39m
    at commitPassiveMountEffects_complete [90m(C:\Users\husey\kiro2\frontend\[39mnode_modules\[4mreact-dom[24m\cjs\react-dom.development.js:24930:9[90m)[39m
    at commitPassiveMountEffects_begin [90m(C:\Users\husey\kiro2\frontend\[39mnode_modules\[4mreact-dom[24m\cjs\react-dom.development.js:24917:7[90m)[39m
    at commitPassiveMountEffects [90m(C:\Users\husey\kiro2\frontend\[39mnode_modules\[4mreact-dom[24m\cjs\react-dom.development.js:24905:3[90m)[39m
    at flushPassiveEffectsImpl [90m(C:\Users\husey\kiro2\frontend\[39mnode_modules\[4mreact-dom[24m\cjs\react-dom.development.js:27078:3[90m)[39m
    at flushPassiveEffects [90m(C:\Users\husey\kiro2\frontend\[39mnode_modules\[4mreact-dom[24m\cjs\react-dom.development.js:27023:14[90m)[39m
    at [90mC:\Users\husey\kiro2\frontend\[39mnode_modules\[4mreact-dom[24m\cjs\react-dom.development.js:26808:9

            </system-err>
            <failure message="messagesEndRef.current?.scrollIntoView is not a function" type="TypeError">
TypeError: messagesEndRef.current?.scrollIntoView is not a function
 ❯ scrollToBottom src/components/StudyRooms/ChatInterface.tsx:100:29
 ❯ src/components/StudyRooms/ChatInterface.tsx:104:5
 ❯ commitHookEffectListMount node_modules/react-dom/cjs/react-dom.development.js:23189:26
 ❯ commitPassiveMountOnFiber node_modules/react-dom/cjs/react-dom.development.js:24970:11
 ❯ commitPassiveMountEffects_complete node_modules/react-dom/cjs/react-dom.development.js:24930:9
 ❯ commitPassiveMountEffects_begin node_modules/react-dom/cjs/react-dom.development.js:24917:7
 ❯ commitPassiveMountEffects node_modules/react-dom/cjs/react-dom.development.js:24905:3
 ❯ flushPassiveEffectsImpl node_modules/react-dom/cjs/react-dom.development.js:27078:3
 ❯ flushPassiveEffects node_modules/react-dom/cjs/react-dom.development.js:27023:14
 ❯ node_modules/react-dom/cjs/react-dom.development.js:26808:9
            </failure>
            <failure message="jest is not defined" type="ReferenceError">
ReferenceError: jest is not defined
 ❯ src/components/StudyRooms/__tests__/ChatInterface.test.tsx:84:5
            </failure>
        </testcase>
        <testcase classname="src/components/StudyRooms/__tests__/ChatInterface.test.tsx" name="ChatInterface Component &gt; Message Replies &gt; shows reply preview when replying to a message" time="0.2206855">
            <system-err>
Error: Uncaught [TypeError: messagesEndRef.current?.scrollIntoView is not a function]
    at reportException (C:\Users\husey\kiro2\frontend\node_modules\jsdom\lib\jsdom\living\helpers\runtime-script-errors.js:66:24)
    at innerInvokeEventListeners (C:\Users\husey\kiro2\frontend\node_modules\jsdom\lib\jsdom\living\events\EventTarget-impl.js:353:9)
    at invokeEventListeners (C:\Users\husey\kiro2\frontend\node_modules\jsdom\lib\jsdom\living\events\EventTarget-impl.js:286:3)
    at HTMLUnknownElementImpl._dispatch (C:\Users\husey\kiro2\frontend\node_modules\jsdom\lib\jsdom\living\events\EventTarget-impl.js:233:9)
    at HTMLUnknownElementImpl.dispatchEvent (C:\Users\husey\kiro2\frontend\node_modules\jsdom\lib\jsdom\living\events\EventTarget-impl.js:104:17)
    at HTMLUnknownElement.dispatchEvent (C:\Users\husey\kiro2\frontend\node_modules\jsdom\lib\jsdom\living\generated\EventTarget.js:241:34)
    at Object.invokeGuardedCallbackDev (C:\Users\husey\kiro2\frontend\node_modules\react-dom\cjs\react-dom.development.js:4213:16)
    at invokeGuardedCallback (C:\Users\husey\kiro2\frontend\node_modules\react-dom\cjs\react-dom.development.js:4277:31)
    at reportUncaughtErrorInDEV (C:\Users\husey\kiro2\frontend\node_modules\react-dom\cjs\react-dom.development.js:22877:5)
    at captureCommitPhaseError (C:\Users\husey\kiro2\frontend\node_modules\react-dom\cjs\react-dom.development.js:27165:5) TypeError: messagesEndRef.current?.scrollIntoView is not a function
    at scrollToBottom [90m(C:\Users\husey\kiro2\frontend\[39msrc\components\StudyRooms\ChatInterface.tsx:100:29[90m)[39m
    at [90mC:\Users\husey\kiro2\frontend\[39msrc\components\StudyRooms\ChatInterface.tsx:104:5
    at commitHookEffectListMount [90m(C:\Users\husey\kiro2\frontend\[39mnode_modules\[4mreact-dom[24m\cjs\react-dom.development.js:23189:26[90m)[39m
    at commitPassiveMountOnFiber [90m(C:\Users\husey\kiro2\frontend\[39mnode_modules\[4mreact-dom[24m\cjs\react-dom.development.js:24970:11[90m)[39m
    at commitPassiveMountEffects_complete [90m(C:\Users\husey\kiro2\frontend\[39mnode_modules\[4mreact-dom[24m\cjs\react-dom.development.js:24930:9[90m)[39m
    at commitPassiveMountEffects_begin [90m(C:\Users\husey\kiro2\frontend\[39mnode_modules\[4mreact-dom[24m\cjs\react-dom.development.js:24917:7[90m)[39m
    at commitPassiveMountEffects [90m(C:\Users\husey\kiro2\frontend\[39mnode_modules\[4mreact-dom[24m\cjs\react-dom.development.js:24905:3[90m)[39m
    at flushPassiveEffectsImpl [90m(C:\Users\husey\kiro2\frontend\[39mnode_modules\[4mreact-dom[24m\cjs\react-dom.development.js:27078:3[90m)[39m
    at flushPassiveEffects [90m(C:\Users\husey\kiro2\frontend\[39mnode_modules\[4mreact-dom[24m\cjs\react-dom.development.js:27023:14[90m)[39m
    at [90mC:\Users\husey\kiro2\frontend\[39mnode_modules\[4mreact-dom[24m\cjs\react-dom.development.js:26808:9

            </system-err>
            <failure message="messagesEndRef.current?.scrollIntoView is not a function" type="TypeError">
TypeError: messagesEndRef.current?.scrollIntoView is not a function
 ❯ scrollToBottom src/components/StudyRooms/ChatInterface.tsx:100:29
 ❯ src/components/StudyRooms/ChatInterface.tsx:104:5
 ❯ commitHookEffectListMount node_modules/react-dom/cjs/react-dom.development.js:23189:26
 ❯ commitPassiveMountOnFiber node_modules/react-dom/cjs/react-dom.development.js:24970:11
 ❯ commitPassiveMountEffects_complete node_modules/react-dom/cjs/react-dom.development.js:24930:9
 ❯ commitPassiveMountEffects_begin node_modules/react-dom/cjs/react-dom.development.js:24917:7
 ❯ commitPassiveMountEffects node_modules/react-dom/cjs/react-dom.development.js:24905:3
 ❯ flushPassiveEffectsImpl node_modules/react-dom/cjs/react-dom.development.js:27078:3
 ❯ flushPassiveEffects node_modules/react-dom/cjs/react-dom.development.js:27023:14
 ❯ node_modules/react-dom/cjs/react-dom.development.js:26808:9
            </failure>
            <failure message="jest is not defined" type="ReferenceError">
ReferenceError: jest is not defined
 ❯ src/components/StudyRooms/__tests__/ChatInterface.test.tsx:84:5
            </failure>
        </testcase>
        <testcase classname="src/components/StudyRooms/__tests__/ChatInterface.test.tsx" name="ChatInterface Component &gt; Message Replies &gt; cancels reply when cancel button is clicked" time="0.1979749">
            <system-err>
Error: Uncaught [TypeError: messagesEndRef.current?.scrollIntoView is not a function]
    at reportException (C:\Users\husey\kiro2\frontend\node_modules\jsdom\lib\jsdom\living\helpers\runtime-script-errors.js:66:24)
    at innerInvokeEventListeners (C:\Users\husey\kiro2\frontend\node_modules\jsdom\lib\jsdom\living\events\EventTarget-impl.js:353:9)
    at invokeEventListeners (C:\Users\husey\kiro2\frontend\node_modules\jsdom\lib\jsdom\living\events\EventTarget-impl.js:286:3)
    at HTMLUnknownElementImpl._dispatch (C:\Users\husey\kiro2\frontend\node_modules\jsdom\lib\jsdom\living\events\EventTarget-impl.js:233:9)
    at HTMLUnknownElementImpl.dispatchEvent (C:\Users\husey\kiro2\frontend\node_modules\jsdom\lib\jsdom\living\events\EventTarget-impl.js:104:17)
    at HTMLUnknownElement.dispatchEvent (C:\Users\husey\kiro2\frontend\node_modules\jsdom\lib\jsdom\living\generated\EventTarget.js:241:34)
    at Object.invokeGuardedCallbackDev (C:\Users\husey\kiro2\frontend\node_modules\react-dom\cjs\react-dom.development.js:4213:16)
    at invokeGuardedCallback (C:\Users\husey\kiro2\frontend\node_modules\react-dom\cjs\react-dom.development.js:4277:31)
    at reportUncaughtErrorInDEV (C:\Users\husey\kiro2\frontend\node_modules\react-dom\cjs\react-dom.development.js:22877:5)
    at captureCommitPhaseError (C:\Users\husey\kiro2\frontend\node_modules\react-dom\cjs\react-dom.development.js:27165:5) TypeError: messagesEndRef.current?.scrollIntoView is not a function
    at scrollToBottom [90m(C:\Users\husey\kiro2\frontend\[39msrc\components\StudyRooms\ChatInterface.tsx:100:29[90m)[39m
    at [90mC:\Users\husey\kiro2\frontend\[39msrc\components\StudyRooms\ChatInterface.tsx:104:5
    at commitHookEffectListMount [90m(C:\Users\husey\kiro2\frontend\[39mnode_modules\[4mreact-dom[24m\cjs\react-dom.development.js:23189:26[90m)[39m
    at commitPassiveMountOnFiber [90m(C:\Users\husey\kiro2\frontend\[39mnode_modules\[4mreact-dom[24m\cjs\react-dom.development.js:24970:11[90m)[39m
    at commitPassiveMountEffects_complete [90m(C:\Users\husey\kiro2\frontend\[39mnode_modules\[4mreact-dom[24m\cjs\react-dom.development.js:24930:9[90m)[39m
    at commitPassiveMountEffects_begin [90m(C:\Users\husey\kiro2\frontend\[39mnode_modules\[4mreact-dom[24m\cjs\react-dom.development.js:24917:7[90m)[39m
    at commitPassiveMountEffects [90m(C:\Users\husey\kiro2\frontend\[39mnode_modules\[4mreact-dom[24m\cjs\react-dom.development.js:24905:3[90m)[39m
    at flushPassiveEffectsImpl [90m(C:\Users\husey\kiro2\frontend\[39mnode_modules\[4mreact-dom[24m\cjs\react-dom.development.js:27078:3[90m)[39m
    at flushPassiveEffects [90m(C:\Users\husey\kiro2\frontend\[39mnode_modules\[4mreact-dom[24m\cjs\react-dom.development.js:27023:14[90m)[39m
    at [90mC:\Users\husey\kiro2\frontend\[39mnode_modules\[4mreact-dom[24m\cjs\react-dom.development.js:26808:9

            </system-err>
            <failure message="messagesEndRef.current?.scrollIntoView is not a function" type="TypeError">
TypeError: messagesEndRef.current?.scrollIntoView is not a function
 ❯ scrollToBottom src/components/StudyRooms/ChatInterface.tsx:100:29
 ❯ src/components/StudyRooms/ChatInterface.tsx:104:5
 ❯ commitHookEffectListMount node_modules/react-dom/cjs/react-dom.development.js:23189:26
 ❯ commitPassiveMountOnFiber node_modules/react-dom/cjs/react-dom.development.js:24970:11
 ❯ commitPassiveMountEffects_complete node_modules/react-dom/cjs/react-dom.development.js:24930:9
 ❯ commitPassiveMountEffects_begin node_modules/react-dom/cjs/react-dom.development.js:24917:7
 ❯ commitPassiveMountEffects node_modules/react-dom/cjs/react-dom.development.js:24905:3
 ❯ flushPassiveEffectsImpl node_modules/react-dom/cjs/react-dom.development.js:27078:3
 ❯ flushPassiveEffects node_modules/react-dom/cjs/react-dom.development.js:27023:14
 ❯ node_modules/react-dom/cjs/react-dom.development.js:26808:9
            </failure>
            <failure message="jest is not defined" type="ReferenceError">
ReferenceError: jest is not defined
 ❯ src/components/StudyRooms/__tests__/ChatInterface.test.tsx:84:5
            </failure>
        </testcase>
        <testcase classname="src/components/StudyRooms/__tests__/ChatInterface.test.tsx" name="ChatInterface Component &gt; Message Replies &gt; sends message with reply_to_id when replying" time="0.1311845">
            <system-err>
Error: Uncaught [TypeError: messagesEndRef.current?.scrollIntoView is not a function]
    at reportException (C:\Users\husey\kiro2\frontend\node_modules\jsdom\lib\jsdom\living\helpers\runtime-script-errors.js:66:24)
    at innerInvokeEventListeners (C:\Users\husey\kiro2\frontend\node_modules\jsdom\lib\jsdom\living\events\EventTarget-impl.js:353:9)
    at invokeEventListeners (C:\Users\husey\kiro2\frontend\node_modules\jsdom\lib\jsdom\living\events\EventTarget-impl.js:286:3)
    at HTMLUnknownElementImpl._dispatch (C:\Users\husey\kiro2\frontend\node_modules\jsdom\lib\jsdom\living\events\EventTarget-impl.js:233:9)
    at HTMLUnknownElementImpl.dispatchEvent (C:\Users\husey\kiro2\frontend\node_modules\jsdom\lib\jsdom\living\events\EventTarget-impl.js:104:17)
    at HTMLUnknownElement.dispatchEvent (C:\Users\husey\kiro2\frontend\node_modules\jsdom\lib\jsdom\living\generated\EventTarget.js:241:34)
    at Object.invokeGuardedCallbackDev (C:\Users\husey\kiro2\frontend\node_modules\react-dom\cjs\react-dom.development.js:4213:16)
    at invokeGuardedCallback (C:\Users\husey\kiro2\frontend\node_modules\react-dom\cjs\react-dom.development.js:4277:31)
    at reportUncaughtErrorInDEV (C:\Users\husey\kiro2\frontend\node_modules\react-dom\cjs\react-dom.development.js:22877:5)
    at captureCommitPhaseError (C:\Users\husey\kiro2\frontend\node_modules\react-dom\cjs\react-dom.development.js:27165:5) TypeError: messagesEndRef.current?.scrollIntoView is not a function
    at scrollToBottom [90m(C:\Users\husey\kiro2\frontend\[39msrc\components\StudyRooms\ChatInterface.tsx:100:29[90m)[39m
    at [90mC:\Users\husey\kiro2\frontend\[39msrc\components\StudyRooms\ChatInterface.tsx:104:5
    at commitHookEffectListMount [90m(C:\Users\husey\kiro2\frontend\[39mnode_modules\[4mreact-dom[24m\cjs\react-dom.development.js:23189:26[90m)[39m
    at commitPassiveMountOnFiber [90m(C:\Users\husey\kiro2\frontend\[39mnode_modules\[4mreact-dom[24m\cjs\react-dom.development.js:24970:11[90m)[39m
    at commitPassiveMountEffects_complete [90m(C:\Users\husey\kiro2\frontend\[39mnode_modules\[4mreact-dom[24m\cjs\react-dom.development.js:24930:9[90m)[39m
    at commitPassiveMountEffects_begin [90m(C:\Users\husey\kiro2\frontend\[39mnode_modules\[4mreact-dom[24m\cjs\react-dom.development.js:24917:7[90m)[39m
    at commitPassiveMountEffects [90m(C:\Users\husey\kiro2\frontend\[39mnode_modules\[4mreact-dom[24m\cjs\react-dom.development.js:24905:3[90m)[39m
    at flushPassiveEffectsImpl [90m(C:\Users\husey\kiro2\frontend\[39mnode_modules\[4mreact-dom[24m\cjs\react-dom.development.js:27078:3[90m)[39m
    at flushPassiveEffects [90m(C:\Users\husey\kiro2\frontend\[39mnode_modules\[4mreact-dom[24m\cjs\react-dom.development.js:27023:14[90m)[39m
    at [90mC:\Users\husey\kiro2\frontend\[39mnode_modules\[4mreact-dom[24m\cjs\react-dom.development.js:26808:9

            </system-err>
            <failure message="messagesEndRef.current?.scrollIntoView is not a function" type="TypeError">
TypeError: messagesEndRef.current?.scrollIntoView is not a function
 ❯ scrollToBottom src/components/StudyRooms/ChatInterface.tsx:100:29
 ❯ src/components/StudyRooms/ChatInterface.tsx:104:5
 ❯ commitHookEffectListMount node_modules/react-dom/cjs/react-dom.development.js:23189:26
 ❯ commitPassiveMountOnFiber node_modules/react-dom/cjs/react-dom.development.js:24970:11
 ❯ commitPassiveMountEffects_complete node_modules/react-dom/cjs/react-dom.development.js:24930:9
 ❯ commitPassiveMountEffects_begin node_modules/react-dom/cjs/react-dom.development.js:24917:7
 ❯ commitPassiveMountEffects node_modules/react-dom/cjs/react-dom.development.js:24905:3
 ❯ flushPassiveEffectsImpl node_modules/react-dom/cjs/react-dom.development.js:27078:3
 ❯ flushPassiveEffects node_modules/react-dom/cjs/react-dom.development.js:27023:14
 ❯ node_modules/react-dom/cjs/react-dom.development.js:26808:9
            </failure>
            <failure message="jest is not defined" type="ReferenceError">
ReferenceError: jest is not defined
 ❯ src/components/StudyRooms/__tests__/ChatInterface.test.tsx:84:5
            </failure>
        </testcase>
        <testcase classname="src/components/StudyRooms/__tests__/ChatInterface.test.tsx" name="ChatInterface Component &gt; Message Replies &gt; displays reply preview in message" time="0.1277665">
            <system-err>
Error: Uncaught [TypeError: messagesEndRef.current?.scrollIntoView is not a function]
    at reportException (C:\Users\husey\kiro2\frontend\node_modules\jsdom\lib\jsdom\living\helpers\runtime-script-errors.js:66:24)
    at innerInvokeEventListeners (C:\Users\husey\kiro2\frontend\node_modules\jsdom\lib\jsdom\living\events\EventTarget-impl.js:353:9)
    at invokeEventListeners (C:\Users\husey\kiro2\frontend\node_modules\jsdom\lib\jsdom\living\events\EventTarget-impl.js:286:3)
    at HTMLUnknownElementImpl._dispatch (C:\Users\husey\kiro2\frontend\node_modules\jsdom\lib\jsdom\living\events\EventTarget-impl.js:233:9)
    at HTMLUnknownElementImpl.dispatchEvent (C:\Users\husey\kiro2\frontend\node_modules\jsdom\lib\jsdom\living\events\EventTarget-impl.js:104:17)
    at HTMLUnknownElement.dispatchEvent (C:\Users\husey\kiro2\frontend\node_modules\jsdom\lib\jsdom\living\generated\EventTarget.js:241:34)
    at Object.invokeGuardedCallbackDev (C:\Users\husey\kiro2\frontend\node_modules\react-dom\cjs\react-dom.development.js:4213:16)
    at invokeGuardedCallback (C:\Users\husey\kiro2\frontend\node_modules\react-dom\cjs\react-dom.development.js:4277:31)
    at reportUncaughtErrorInDEV (C:\Users\husey\kiro2\frontend\node_modules\react-dom\cjs\react-dom.development.js:22877:5)
    at captureCommitPhaseError (C:\Users\husey\kiro2\frontend\node_modules\react-dom\cjs\react-dom.development.js:27165:5) TypeError: messagesEndRef.current?.scrollIntoView is not a function
    at scrollToBottom [90m(C:\Users\husey\kiro2\frontend\[39msrc\components\StudyRooms\ChatInterface.tsx:100:29[90m)[39m
    at [90mC:\Users\husey\kiro2\frontend\[39msrc\components\StudyRooms\ChatInterface.tsx:104:5
    at commitHookEffectListMount [90m(C:\Users\husey\kiro2\frontend\[39mnode_modules\[4mreact-dom[24m\cjs\react-dom.development.js:23189:26[90m)[39m
    at commitPassiveMountOnFiber [90m(C:\Users\husey\kiro2\frontend\[39mnode_modules\[4mreact-dom[24m\cjs\react-dom.development.js:24970:11[90m)[39m
    at commitPassiveMountEffects_complete [90m(C:\Users\husey\kiro2\frontend\[39mnode_modules\[4mreact-dom[24m\cjs\react-dom.development.js:24930:9[90m)[39m
    at commitPassiveMountEffects_begin [90m(C:\Users\husey\kiro2\frontend\[39mnode_modules\[4mreact-dom[24m\cjs\react-dom.development.js:24917:7[90m)[39m
    at commitPassiveMountEffects [90m(C:\Users\husey\kiro2\frontend\[39mnode_modules\[4mreact-dom[24m\cjs\react-dom.development.js:24905:3[90m)[39m
    at flushPassiveEffectsImpl [90m(C:\Users\husey\kiro2\frontend\[39mnode_modules\[4mreact-dom[24m\cjs\react-dom.development.js:27078:3[90m)[39m
    at flushPassiveEffects [90m(C:\Users\husey\kiro2\frontend\[39mnode_modules\[4mreact-dom[24m\cjs\react-dom.development.js:27023:14[90m)[39m
    at [90mC:\Users\husey\kiro2\frontend\[39mnode_modules\[4mreact-dom[24m\cjs\react-dom.development.js:26808:9

            </system-err>
            <failure message="messagesEndRef.current?.scrollIntoView is not a function" type="TypeError">
TypeError: messagesEndRef.current?.scrollIntoView is not a function
 ❯ scrollToBottom src/components/StudyRooms/ChatInterface.tsx:100:29
 ❯ src/components/StudyRooms/ChatInterface.tsx:104:5
 ❯ commitHookEffectListMount node_modules/react-dom/cjs/react-dom.development.js:23189:26
 ❯ commitPassiveMountOnFiber node_modules/react-dom/cjs/react-dom.development.js:24970:11
 ❯ commitPassiveMountEffects_complete node_modules/react-dom/cjs/react-dom.development.js:24930:9
 ❯ commitPassiveMountEffects_begin node_modules/react-dom/cjs/react-dom.development.js:24917:7
 ❯ commitPassiveMountEffects node_modules/react-dom/cjs/react-dom.development.js:24905:3
 ❯ flushPassiveEffectsImpl node_modules/react-dom/cjs/react-dom.development.js:27078:3
 ❯ flushPassiveEffects node_modules/react-dom/cjs/react-dom.development.js:27023:14
 ❯ node_modules/react-dom/cjs/react-dom.development.js:26808:9
            </failure>
            <failure message="jest is not defined" type="ReferenceError">
ReferenceError: jest is not defined
 ❯ src/components/StudyRooms/__tests__/ChatInterface.test.tsx:84:5
            </failure>
        </testcase>
        <testcase classname="src/components/StudyRooms/__tests__/ChatInterface.test.tsx" name="ChatInterface Component &gt; Message Reactions &gt; displays reaction chips on messages" time="0.113361">
            <system-err>
Error: Uncaught [TypeError: messagesEndRef.current?.scrollIntoView is not a function]
    at reportException (C:\Users\husey\kiro2\frontend\node_modules\jsdom\lib\jsdom\living\helpers\runtime-script-errors.js:66:24)
    at innerInvokeEventListeners (C:\Users\husey\kiro2\frontend\node_modules\jsdom\lib\jsdom\living\events\EventTarget-impl.js:353:9)
    at invokeEventListeners (C:\Users\husey\kiro2\frontend\node_modules\jsdom\lib\jsdom\living\events\EventTarget-impl.js:286:3)
    at HTMLUnknownElementImpl._dispatch (C:\Users\husey\kiro2\frontend\node_modules\jsdom\lib\jsdom\living\events\EventTarget-impl.js:233:9)
    at HTMLUnknownElementImpl.dispatchEvent (C:\Users\husey\kiro2\frontend\node_modules\jsdom\lib\jsdom\living\events\EventTarget-impl.js:104:17)
    at HTMLUnknownElement.dispatchEvent (C:\Users\husey\kiro2\frontend\node_modules\jsdom\lib\jsdom\living\generated\EventTarget.js:241:34)
    at Object.invokeGuardedCallbackDev (C:\Users\husey\kiro2\frontend\node_modules\react-dom\cjs\react-dom.development.js:4213:16)
    at invokeGuardedCallback (C:\Users\husey\kiro2\frontend\node_modules\react-dom\cjs\react-dom.development.js:4277:31)
    at reportUncaughtErrorInDEV (C:\Users\husey\kiro2\frontend\node_modules\react-dom\cjs\react-dom.development.js:22877:5)
    at captureCommitPhaseError (C:\Users\husey\kiro2\frontend\node_modules\react-dom\cjs\react-dom.development.js:27165:5) TypeError: messagesEndRef.current?.scrollIntoView is not a function
    at scrollToBottom [90m(C:\Users\husey\kiro2\frontend\[39msrc\components\StudyRooms\ChatInterface.tsx:100:29[90m)[39m
    at [90mC:\Users\husey\kiro2\frontend\[39msrc\components\StudyRooms\ChatInterface.tsx:104:5
    at commitHookEffectListMount [90m(C:\Users\husey\kiro2\frontend\[39mnode_modules\[4mreact-dom[24m\cjs\react-dom.development.js:23189:26[90m)[39m
    at commitPassiveMountOnFiber [90m(C:\Users\husey\kiro2\frontend\[39mnode_modules\[4mreact-dom[24m\cjs\react-dom.development.js:24970:11[90m)[39m
    at commitPassiveMountEffects_complete [90m(C:\Users\husey\kiro2\frontend\[39mnode_modules\[4mreact-dom[24m\cjs\react-dom.development.js:24930:9[90m)[39m
    at commitPassiveMountEffects_begin [90m(C:\Users\husey\kiro2\frontend\[39mnode_modules\[4mreact-dom[24m\cjs\react-dom.development.js:24917:7[90m)[39m
    at commitPassiveMountEffects [90m(C:\Users\husey\kiro2\frontend\[39mnode_modules\[4mreact-dom[24m\cjs\react-dom.development.js:24905:3[90m)[39m
    at flushPassiveEffectsImpl [90m(C:\Users\husey\kiro2\frontend\[39mnode_modules\[4mreact-dom[24m\cjs\react-dom.development.js:27078:3[90m)[39m
    at flushPassiveEffects [90m(C:\Users\husey\kiro2\frontend\[39mnode_modules\[4mreact-dom[24m\cjs\react-dom.development.js:27023:14[90m)[39m
    at [90mC:\Users\husey\kiro2\frontend\[39mnode_modules\[4mreact-dom[24m\cjs\react-dom.development.js:26808:9

            </system-err>
            <failure message="messagesEndRef.current?.scrollIntoView is not a function" type="TypeError">
TypeError: messagesEndRef.current?.scrollIntoView is not a function
 ❯ scrollToBottom src/components/StudyRooms/ChatInterface.tsx:100:29
 ❯ src/components/StudyRooms/ChatInterface.tsx:104:5
 ❯ commitHookEffectListMount node_modules/react-dom/cjs/react-dom.development.js:23189:26
 ❯ commitPassiveMountOnFiber node_modules/react-dom/cjs/react-dom.development.js:24970:11
 ❯ commitPassiveMountEffects_complete node_modules/react-dom/cjs/react-dom.development.js:24930:9
 ❯ commitPassiveMountEffects_begin node_modules/react-dom/cjs/react-dom.development.js:24917:7
 ❯ commitPassiveMountEffects node_modules/react-dom/cjs/react-dom.development.js:24905:3
 ❯ flushPassiveEffectsImpl node_modules/react-dom/cjs/react-dom.development.js:27078:3
 ❯ flushPassiveEffects node_modules/react-dom/cjs/react-dom.development.js:27023:14
 ❯ node_modules/react-dom/cjs/react-dom.development.js:26808:9
            </failure>
            <failure message="jest is not defined" type="ReferenceError">
ReferenceError: jest is not defined
 ❯ src/components/StudyRooms/__tests__/ChatInterface.test.tsx:84:5
            </failure>
        </testcase>
        <testcase classname="src/components/StudyRooms/__tests__/ChatInterface.test.tsx" name="ChatInterface Component &gt; Message Reactions &gt; adds reaction when emoji is selected" time="0.1363863">
            <system-err>
Error: Uncaught [TypeError: messagesEndRef.current?.scrollIntoView is not a function]
    at reportException (C:\Users\husey\kiro2\frontend\node_modules\jsdom\lib\jsdom\living\helpers\runtime-script-errors.js:66:24)
    at innerInvokeEventListeners (C:\Users\husey\kiro2\frontend\node_modules\jsdom\lib\jsdom\living\events\EventTarget-impl.js:353:9)
    at invokeEventListeners (C:\Users\husey\kiro2\frontend\node_modules\jsdom\lib\jsdom\living\events\EventTarget-impl.js:286:3)
    at HTMLUnknownElementImpl._dispatch (C:\Users\husey\kiro2\frontend\node_modules\jsdom\lib\jsdom\living\events\EventTarget-impl.js:233:9)
    at HTMLUnknownElementImpl.dispatchEvent (C:\Users\husey\kiro2\frontend\node_modules\jsdom\lib\jsdom\living\events\EventTarget-impl.js:104:17)
    at HTMLUnknownElement.dispatchEvent (C:\Users\husey\kiro2\frontend\node_modules\jsdom\lib\jsdom\living\generated\EventTarget.js:241:34)
    at Object.invokeGuardedCallbackDev (C:\Users\husey\kiro2\frontend\node_modules\react-dom\cjs\react-dom.development.js:4213:16)
    at invokeGuardedCallback (C:\Users\husey\kiro2\frontend\node_modules\react-dom\cjs\react-dom.development.js:4277:31)
    at reportUncaughtErrorInDEV (C:\Users\husey\kiro2\frontend\node_modules\react-dom\cjs\react-dom.development.js:22877:5)
    at captureCommitPhaseError (C:\Users\husey\kiro2\frontend\node_modules\react-dom\cjs\react-dom.development.js:27165:5) TypeError: messagesEndRef.current?.scrollIntoView is not a function
    at scrollToBottom [90m(C:\Users\husey\kiro2\frontend\[39msrc\components\StudyRooms\ChatInterface.tsx:100:29[90m)[39m
    at [90mC:\Users\husey\kiro2\frontend\[39msrc\components\StudyRooms\ChatInterface.tsx:104:5
    at commitHookEffectListMount [90m(C:\Users\husey\kiro2\frontend\[39mnode_modules\[4mreact-dom[24m\cjs\react-dom.development.js:23189:26[90m)[39m
    at commitPassiveMountOnFiber [90m(C:\Users\husey\kiro2\frontend\[39mnode_modules\[4mreact-dom[24m\cjs\react-dom.development.js:24970:11[90m)[39m
    at commitPassiveMountEffects_complete [90m(C:\Users\husey\kiro2\frontend\[39mnode_modules\[4mreact-dom[24m\cjs\react-dom.development.js:24930:9[90m)[39m
    at commitPassiveMountEffects_begin [90m(C:\Users\husey\kiro2\frontend\[39mnode_modules\[4mreact-dom[24m\cjs\react-dom.development.js:24917:7[90m)[39m
    at commitPassiveMountEffects [90m(C:\Users\husey\kiro2\frontend\[39mnode_modules\[4mreact-dom[24m\cjs\react-dom.development.js:24905:3[90m)[39m
    at flushPassiveEffectsImpl [90m(C:\Users\husey\kiro2\frontend\[39mnode_modules\[4mreact-dom[24m\cjs\react-dom.development.js:27078:3[90m)[39m
    at flushPassiveEffects [90m(C:\Users\husey\kiro2\frontend\[39mnode_modules\[4mreact-dom[24m\cjs\react-dom.development.js:27023:14[90m)[39m
    at [90mC:\Users\husey\kiro2\frontend\[39mnode_modules\[4mreact-dom[24m\cjs\react-dom.development.js:26808:9

            </system-err>
            <failure message="messagesEndRef.current?.scrollIntoView is not a function" type="TypeError">
TypeError: messagesEndRef.current?.scrollIntoView is not a function
 ❯ scrollToBottom src/components/StudyRooms/ChatInterface.tsx:100:29
 ❯ src/components/StudyRooms/ChatInterface.tsx:104:5
 ❯ commitHookEffectListMount node_modules/react-dom/cjs/react-dom.development.js:23189:26
 ❯ commitPassiveMountOnFiber node_modules/react-dom/cjs/react-dom.development.js:24970:11
 ❯ commitPassiveMountEffects_complete node_modules/react-dom/cjs/react-dom.development.js:24930:9
 ❯ commitPassiveMountEffects_begin node_modules/react-dom/cjs/react-dom.development.js:24917:7
 ❯ commitPassiveMountEffects node_modules/react-dom/cjs/react-dom.development.js:24905:3
 ❯ flushPassiveEffectsImpl node_modules/react-dom/cjs/react-dom.development.js:27078:3
 ❯ flushPassiveEffects node_modules/react-dom/cjs/react-dom.development.js:27023:14
 ❯ node_modules/react-dom/cjs/react-dom.development.js:26808:9
            </failure>
            <failure message="jest is not defined" type="ReferenceError">
ReferenceError: jest is not defined
 ❯ src/components/StudyRooms/__tests__/ChatInterface.test.tsx:84:5
            </failure>
        </testcase>
        <testcase classname="src/components/StudyRooms/__tests__/ChatInterface.test.tsx" name="ChatInterface Component &gt; Message Reactions &gt; highlights reactions from current user" time="0.1550406">
            <system-err>
Error: Uncaught [TypeError: messagesEndRef.current?.scrollIntoView is not a function]
    at reportException (C:\Users\husey\kiro2\frontend\node_modules\jsdom\lib\jsdom\living\helpers\runtime-script-errors.js:66:24)
    at innerInvokeEventListeners (C:\Users\husey\kiro2\frontend\node_modules\jsdom\lib\jsdom\living\events\EventTarget-impl.js:353:9)
    at invokeEventListeners (C:\Users\husey\kiro2\frontend\node_modules\jsdom\lib\jsdom\living\events\EventTarget-impl.js:286:3)
    at HTMLUnknownElementImpl._dispatch (C:\Users\husey\kiro2\frontend\node_modules\jsdom\lib\jsdom\living\events\EventTarget-impl.js:233:9)
    at HTMLUnknownElementImpl.dispatchEvent (C:\Users\husey\kiro2\frontend\node_modules\jsdom\lib\jsdom\living\events\EventTarget-impl.js:104:17)
    at HTMLUnknownElement.dispatchEvent (C:\Users\husey\kiro2\frontend\node_modules\jsdom\lib\jsdom\living\generated\EventTarget.js:241:34)
    at Object.invokeGuardedCallbackDev (C:\Users\husey\kiro2\frontend\node_modules\react-dom\cjs\react-dom.development.js:4213:16)
    at invokeGuardedCallback (C:\Users\husey\kiro2\frontend\node_modules\react-dom\cjs\react-dom.development.js:4277:31)
    at reportUncaughtErrorInDEV (C:\Users\husey\kiro2\frontend\node_modules\react-dom\cjs\react-dom.development.js:22877:5)
    at captureCommitPhaseError (C:\Users\husey\kiro2\frontend\node_modules\react-dom\cjs\react-dom.development.js:27165:5) TypeError: messagesEndRef.current?.scrollIntoView is not a function
    at scrollToBottom [90m(C:\Users\husey\kiro2\frontend\[39msrc\components\StudyRooms\ChatInterface.tsx:100:29[90m)[39m
    at [90mC:\Users\husey\kiro2\frontend\[39msrc\components\StudyRooms\ChatInterface.tsx:104:5
    at commitHookEffectListMount [90m(C:\Users\husey\kiro2\frontend\[39mnode_modules\[4mreact-dom[24m\cjs\react-dom.development.js:23189:26[90m)[39m
    at commitPassiveMountOnFiber [90m(C:\Users\husey\kiro2\frontend\[39mnode_modules\[4mreact-dom[24m\cjs\react-dom.development.js:24970:11[90m)[39m
    at commitPassiveMountEffects_complete [90m(C:\Users\husey\kiro2\frontend\[39mnode_modules\[4mreact-dom[24m\cjs\react-dom.development.js:24930:9[90m)[39m
    at commitPassiveMountEffects_begin [90m(C:\Users\husey\kiro2\frontend\[39mnode_modules\[4mreact-dom[24m\cjs\react-dom.development.js:24917:7[90m)[39m
    at commitPassiveMountEffects [90m(C:\Users\husey\kiro2\frontend\[39mnode_modules\[4mreact-dom[24m\cjs\react-dom.development.js:24905:3[90m)[39m
    at flushPassiveEffectsImpl [90m(C:\Users\husey\kiro2\frontend\[39mnode_modules\[4mreact-dom[24m\cjs\react-dom.development.js:27078:3[90m)[39m
    at flushPassiveEffects [90m(C:\Users\husey\kiro2\frontend\[39mnode_modules\[4mreact-dom[24m\cjs\react-dom.development.js:27023:14[90m)[39m
    at [90mC:\Users\husey\kiro2\frontend\[39mnode_modules\[4mreact-dom[24m\cjs\react-dom.development.js:26808:9

            </system-err>
            <failure message="messagesEndRef.current?.scrollIntoView is not a function" type="TypeError">
TypeError: messagesEndRef.current?.scrollIntoView is not a function
 ❯ scrollToBottom src/components/StudyRooms/ChatInterface.tsx:100:29
 ❯ src/components/StudyRooms/ChatInterface.tsx:104:5
 ❯ commitHookEffectListMount node_modules/react-dom/cjs/react-dom.development.js:23189:26
 ❯ commitPassiveMountOnFiber node_modules/react-dom/cjs/react-dom.development.js:24970:11
 ❯ commitPassiveMountEffects_complete node_modules/react-dom/cjs/react-dom.development.js:24930:9
 ❯ commitPassiveMountEffects_begin node_modules/react-dom/cjs/react-dom.development.js:24917:7
 ❯ commitPassiveMountEffects node_modules/react-dom/cjs/react-dom.development.js:24905:3
 ❯ flushPassiveEffectsImpl node_modules/react-dom/cjs/react-dom.development.js:27078:3
 ❯ flushPassiveEffects node_modules/react-dom/cjs/react-dom.development.js:27023:14
 ❯ node_modules/react-dom/cjs/react-dom.development.js:26808:9
            </failure>
            <failure message="jest is not defined" type="ReferenceError">
ReferenceError: jest is not defined
 ❯ src/components/StudyRooms/__tests__/ChatInterface.test.tsx:84:5
            </failure>
        </testcase>
        <testcase classname="src/components/StudyRooms/__tests__/ChatInterface.test.tsx" name="ChatInterface Component &gt; Message Reactions &gt; shows reaction menu with multiple options" time="0.1353896">
            <system-err>
Error: Uncaught [TypeError: messagesEndRef.current?.scrollIntoView is not a function]
    at reportException (C:\Users\husey\kiro2\frontend\node_modules\jsdom\lib\jsdom\living\helpers\runtime-script-errors.js:66:24)
    at innerInvokeEventListeners (C:\Users\husey\kiro2\frontend\node_modules\jsdom\lib\jsdom\living\events\EventTarget-impl.js:353:9)
    at invokeEventListeners (C:\Users\husey\kiro2\frontend\node_modules\jsdom\lib\jsdom\living\events\EventTarget-impl.js:286:3)
    at HTMLUnknownElementImpl._dispatch (C:\Users\husey\kiro2\frontend\node_modules\jsdom\lib\jsdom\living\events\EventTarget-impl.js:233:9)
    at HTMLUnknownElementImpl.dispatchEvent (C:\Users\husey\kiro2\frontend\node_modules\jsdom\lib\jsdom\living\events\EventTarget-impl.js:104:17)
    at HTMLUnknownElement.dispatchEvent (C:\Users\husey\kiro2\frontend\node_modules\jsdom\lib\jsdom\living\generated\EventTarget.js:241:34)
    at Object.invokeGuardedCallbackDev (C:\Users\husey\kiro2\frontend\node_modules\react-dom\cjs\react-dom.development.js:4213:16)
    at invokeGuardedCallback (C:\Users\husey\kiro2\frontend\node_modules\react-dom\cjs\react-dom.development.js:4277:31)
    at reportUncaughtErrorInDEV (C:\Users\husey\kiro2\frontend\node_modules\react-dom\cjs\react-dom.development.js:22877:5)
    at captureCommitPhaseError (C:\Users\husey\kiro2\frontend\node_modules\react-dom\cjs\react-dom.development.js:27165:5) TypeError: messagesEndRef.current?.scrollIntoView is not a function
    at scrollToBottom [90m(C:\Users\husey\kiro2\frontend\[39msrc\components\StudyRooms\ChatInterface.tsx:100:29[90m)[39m
    at [90mC:\Users\husey\kiro2\frontend\[39msrc\components\StudyRooms\ChatInterface.tsx:104:5
    at commitHookEffectListMount [90m(C:\Users\husey\kiro2\frontend\[39mnode_modules\[4mreact-dom[24m\cjs\react-dom.development.js:23189:26[90m)[39m
    at commitPassiveMountOnFiber [90m(C:\Users\husey\kiro2\frontend\[39mnode_modules\[4mreact-dom[24m\cjs\react-dom.development.js:24970:11[90m)[39m
    at commitPassiveMountEffects_complete [90m(C:\Users\husey\kiro2\frontend\[39mnode_modules\[4mreact-dom[24m\cjs\react-dom.development.js:24930:9[90m)[39m
    at commitPassiveMountEffects_begin [90m(C:\Users\husey\kiro2\frontend\[39mnode_modules\[4mreact-dom[24m\cjs\react-dom.development.js:24917:7[90m)[39m
    at commitPassiveMountEffects [90m(C:\Users\husey\kiro2\frontend\[39mnode_modules\[4mreact-dom[24m\cjs\react-dom.development.js:24905:3[90m)[39m
    at flushPassiveEffectsImpl [90m(C:\Users\husey\kiro2\frontend\[39mnode_modules\[4mreact-dom[24m\cjs\react-dom.development.js:27078:3[90m)[39m
    at flushPassiveEffects [90m(C:\Users\husey\kiro2\frontend\[39mnode_modules\[4mreact-dom[24m\cjs\react-dom.development.js:27023:14[90m)[39m
    at [90mC:\Users\husey\kiro2\frontend\[39mnode_modules\[4mreact-dom[24m\cjs\react-dom.development.js:26808:9

            </system-err>
            <failure message="messagesEndRef.current?.scrollIntoView is not a function" type="TypeError">
TypeError: messagesEndRef.current?.scrollIntoView is not a function
 ❯ scrollToBottom src/components/StudyRooms/ChatInterface.tsx:100:29
 ❯ src/components/StudyRooms/ChatInterface.tsx:104:5
 ❯ commitHookEffectListMount node_modules/react-dom/cjs/react-dom.development.js:23189:26
 ❯ commitPassiveMountOnFiber node_modules/react-dom/cjs/react-dom.development.js:24970:11
 ❯ commitPassiveMountEffects_complete node_modules/react-dom/cjs/react-dom.development.js:24930:9
 ❯ commitPassiveMountEffects_begin node_modules/react-dom/cjs/react-dom.development.js:24917:7
 ❯ commitPassiveMountEffects node_modules/react-dom/cjs/react-dom.development.js:24905:3
 ❯ flushPassiveEffectsImpl node_modules/react-dom/cjs/react-dom.development.js:27078:3
 ❯ flushPassiveEffects node_modules/react-dom/cjs/react-dom.development.js:27023:14
 ❯ node_modules/react-dom/cjs/react-dom.development.js:26808:9
            </failure>
            <failure message="jest is not defined" type="ReferenceError">
ReferenceError: jest is not defined
 ❯ src/components/StudyRooms/__tests__/ChatInterface.test.tsx:84:5
            </failure>
        </testcase>
        <testcase classname="src/components/StudyRooms/__tests__/ChatInterface.test.tsx" name="ChatInterface Component &gt; File Upload &gt; opens file picker when attach button is clicked" time="0.147309">
            <system-err>
Error: Uncaught [TypeError: messagesEndRef.current?.scrollIntoView is not a function]
    at reportException (C:\Users\husey\kiro2\frontend\node_modules\jsdom\lib\jsdom\living\helpers\runtime-script-errors.js:66:24)
    at innerInvokeEventListeners (C:\Users\husey\kiro2\frontend\node_modules\jsdom\lib\jsdom\living\events\EventTarget-impl.js:353:9)
    at invokeEventListeners (C:\Users\husey\kiro2\frontend\node_modules\jsdom\lib\jsdom\living\events\EventTarget-impl.js:286:3)
    at HTMLUnknownElementImpl._dispatch (C:\Users\husey\kiro2\frontend\node_modules\jsdom\lib\jsdom\living\events\EventTarget-impl.js:233:9)
    at HTMLUnknownElementImpl.dispatchEvent (C:\Users\husey\kiro2\frontend\node_modules\jsdom\lib\jsdom\living\events\EventTarget-impl.js:104:17)
    at HTMLUnknownElement.dispatchEvent (C:\Users\husey\kiro2\frontend\node_modules\jsdom\lib\jsdom\living\generated\EventTarget.js:241:34)
    at Object.invokeGuardedCallbackDev (C:\Users\husey\kiro2\frontend\node_modules\react-dom\cjs\react-dom.development.js:4213:16)
    at invokeGuardedCallback (C:\Users\husey\kiro2\frontend\node_modules\react-dom\cjs\react-dom.development.js:4277:31)
    at reportUncaughtErrorInDEV (C:\Users\husey\kiro2\frontend\node_modules\react-dom\cjs\react-dom.development.js:22877:5)
    at captureCommitPhaseError (C:\Users\husey\kiro2\frontend\node_modules\react-dom\cjs\react-dom.development.js:27165:5) TypeError: messagesEndRef.current?.scrollIntoView is not a function
    at scrollToBottom [90m(C:\Users\husey\kiro2\frontend\[39msrc\components\StudyRooms\ChatInterface.tsx:100:29[90m)[39m
    at [90mC:\Users\husey\kiro2\frontend\[39msrc\components\StudyRooms\ChatInterface.tsx:104:5
    at commitHookEffectListMount [90m(C:\Users\husey\kiro2\frontend\[39mnode_modules\[4mreact-dom[24m\cjs\react-dom.development.js:23189:26[90m)[39m
    at commitPassiveMountOnFiber [90m(C:\Users\husey\kiro2\frontend\[39mnode_modules\[4mreact-dom[24m\cjs\react-dom.development.js:24970:11[90m)[39m
    at commitPassiveMountEffects_complete [90m(C:\Users\husey\kiro2\frontend\[39mnode_modules\[4mreact-dom[24m\cjs\react-dom.development.js:24930:9[90m)[39m
    at commitPassiveMountEffects_begin [90m(C:\Users\husey\kiro2\frontend\[39mnode_modules\[4mreact-dom[24m\cjs\react-dom.development.js:24917:7[90m)[39m
    at commitPassiveMountEffects [90m(C:\Users\husey\kiro2\frontend\[39mnode_modules\[4mreact-dom[24m\cjs\react-dom.development.js:24905:3[90m)[39m
    at flushPassiveEffectsImpl [90m(C:\Users\husey\kiro2\frontend\[39mnode_modules\[4mreact-dom[24m\cjs\react-dom.development.js:27078:3[90m)[39m
    at flushPassiveEffects [90m(C:\Users\husey\kiro2\frontend\[39mnode_modules\[4mreact-dom[24m\cjs\react-dom.development.js:27023:14[90m)[39m
    at [90mC:\Users\husey\kiro2\frontend\[39mnode_modules\[4mreact-dom[24m\cjs\react-dom.development.js:26808:9

            </system-err>
            <failure message="messagesEndRef.current?.scrollIntoView is not a function" type="TypeError">
TypeError: messagesEndRef.current?.scrollIntoView is not a function
 ❯ scrollToBottom src/components/StudyRooms/ChatInterface.tsx:100:29
 ❯ src/components/StudyRooms/ChatInterface.tsx:104:5
 ❯ commitHookEffectListMount node_modules/react-dom/cjs/react-dom.development.js:23189:26
 ❯ commitPassiveMountOnFiber node_modules/react-dom/cjs/react-dom.development.js:24970:11
 ❯ commitPassiveMountEffects_complete node_modules/react-dom/cjs/react-dom.development.js:24930:9
 ❯ commitPassiveMountEffects_begin node_modules/react-dom/cjs/react-dom.development.js:24917:7
 ❯ commitPassiveMountEffects node_modules/react-dom/cjs/react-dom.development.js:24905:3
 ❯ flushPassiveEffectsImpl node_modules/react-dom/cjs/react-dom.development.js:27078:3
 ❯ flushPassiveEffects node_modules/react-dom/cjs/react-dom.development.js:27023:14
 ❯ node_modules/react-dom/cjs/react-dom.development.js:26808:9
            </failure>
            <failure message="jest is not defined" type="ReferenceError">
ReferenceError: jest is not defined
 ❯ src/components/StudyRooms/__tests__/ChatInterface.test.tsx:84:5
            </failure>
        </testcase>
        <testcase classname="src/components/StudyRooms/__tests__/ChatInterface.test.tsx" name="ChatInterface Component &gt; File Upload &gt; uploads file when selected" time="0.2059532">
            <system-err>
Error: Uncaught [TypeError: messagesEndRef.current?.scrollIntoView is not a function]
    at reportException (C:\Users\husey\kiro2\frontend\node_modules\jsdom\lib\jsdom\living\helpers\runtime-script-errors.js:66:24)
    at innerInvokeEventListeners (C:\Users\husey\kiro2\frontend\node_modules\jsdom\lib\jsdom\living\events\EventTarget-impl.js:353:9)
    at invokeEventListeners (C:\Users\husey\kiro2\frontend\node_modules\jsdom\lib\jsdom\living\events\EventTarget-impl.js:286:3)
    at HTMLUnknownElementImpl._dispatch (C:\Users\husey\kiro2\frontend\node_modules\jsdom\lib\jsdom\living\events\EventTarget-impl.js:233:9)
    at HTMLUnknownElementImpl.dispatchEvent (C:\Users\husey\kiro2\frontend\node_modules\jsdom\lib\jsdom\living\events\EventTarget-impl.js:104:17)
    at HTMLUnknownElement.dispatchEvent (C:\Users\husey\kiro2\frontend\node_modules\jsdom\lib\jsdom\living\generated\EventTarget.js:241:34)
    at Object.invokeGuardedCallbackDev (C:\Users\husey\kiro2\frontend\node_modules\react-dom\cjs\react-dom.development.js:4213:16)
    at invokeGuardedCallback (C:\Users\husey\kiro2\frontend\node_modules\react-dom\cjs\react-dom.development.js:4277:31)
    at reportUncaughtErrorInDEV (C:\Users\husey\kiro2\frontend\node_modules\react-dom\cjs\react-dom.development.js:22877:5)
    at captureCommitPhaseError (C:\Users\husey\kiro2\frontend\node_modules\react-dom\cjs\react-dom.development.js:27165:5) TypeError: messagesEndRef.current?.scrollIntoView is not a function
    at scrollToBottom [90m(C:\Users\husey\kiro2\frontend\[39msrc\components\StudyRooms\ChatInterface.tsx:100:29[90m)[39m
    at [90mC:\Users\husey\kiro2\frontend\[39msrc\components\StudyRooms\ChatInterface.tsx:104:5
    at commitHookEffectListMount [90m(C:\Users\husey\kiro2\frontend\[39mnode_modules\[4mreact-dom[24m\cjs\react-dom.development.js:23189:26[90m)[39m
    at commitPassiveMountOnFiber [90m(C:\Users\husey\kiro2\frontend\[39mnode_modules\[4mreact-dom[24m\cjs\react-dom.development.js:24970:11[90m)[39m
    at commitPassiveMountEffects_complete [90m(C:\Users\husey\kiro2\frontend\[39mnode_modules\[4mreact-dom[24m\cjs\react-dom.development.js:24930:9[90m)[39m
    at commitPassiveMountEffects_begin [90m(C:\Users\husey\kiro2\frontend\[39mnode_modules\[4mreact-dom[24m\cjs\react-dom.development.js:24917:7[90m)[39m
    at commitPassiveMountEffects [90m(C:\Users\husey\kiro2\frontend\[39mnode_modules\[4mreact-dom[24m\cjs\react-dom.development.js:24905:3[90m)[39m
    at flushPassiveEffectsImpl [90m(C:\Users\husey\kiro2\frontend\[39mnode_modules\[4mreact-dom[24m\cjs\react-dom.development.js:27078:3[90m)[39m
    at flushPassiveEffects [90m(C:\Users\husey\kiro2\frontend\[39mnode_modules\[4mreact-dom[24m\cjs\react-dom.development.js:27023:14[90m)[39m
    at [90mC:\Users\husey\kiro2\frontend\[39mnode_modules\[4mreact-dom[24m\cjs\react-dom.development.js:26808:9

            </system-err>
            <failure message="messagesEndRef.current?.scrollIntoView is not a function" type="TypeError">
TypeError: messagesEndRef.current?.scrollIntoView is not a function
 ❯ scrollToBottom src/components/StudyRooms/ChatInterface.tsx:100:29
 ❯ src/components/StudyRooms/ChatInterface.tsx:104:5
 ❯ commitHookEffectListMount node_modules/react-dom/cjs/react-dom.development.js:23189:26
 ❯ commitPassiveMountOnFiber node_modules/react-dom/cjs/react-dom.development.js:24970:11
 ❯ commitPassiveMountEffects_complete node_modules/react-dom/cjs/react-dom.development.js:24930:9
 ❯ commitPassiveMountEffects_begin node_modules/react-dom/cjs/react-dom.development.js:24917:7
 ❯ commitPassiveMountEffects node_modules/react-dom/cjs/react-dom.development.js:24905:3
 ❯ flushPassiveEffectsImpl node_modules/react-dom/cjs/react-dom.development.js:27078:3
 ❯ flushPassiveEffects node_modules/react-dom/cjs/react-dom.development.js:27023:14
 ❯ node_modules/react-dom/cjs/react-dom.development.js:26808:9
            </failure>
            <failure message="jest is not defined" type="ReferenceError">
ReferenceError: jest is not defined
 ❯ src/components/StudyRooms/__tests__/ChatInterface.test.tsx:84:5
            </failure>
        </testcase>
        <testcase classname="src/components/StudyRooms/__tests__/ChatInterface.test.tsx" name="ChatInterface Component &gt; File Upload &gt; sends message after file upload" time="0.2267569">
            <system-err>
Error: Uncaught [TypeError: messagesEndRef.current?.scrollIntoView is not a function]
    at reportException (C:\Users\husey\kiro2\frontend\node_modules\jsdom\lib\jsdom\living\helpers\runtime-script-errors.js:66:24)
    at innerInvokeEventListeners (C:\Users\husey\kiro2\frontend\node_modules\jsdom\lib\jsdom\living\events\EventTarget-impl.js:353:9)
    at invokeEventListeners (C:\Users\husey\kiro2\frontend\node_modules\jsdom\lib\jsdom\living\events\EventTarget-impl.js:286:3)
    at HTMLUnknownElementImpl._dispatch (C:\Users\husey\kiro2\frontend\node_modules\jsdom\lib\jsdom\living\events\EventTarget-impl.js:233:9)
    at HTMLUnknownElementImpl.dispatchEvent (C:\Users\husey\kiro2\frontend\node_modules\jsdom\lib\jsdom\living\events\EventTarget-impl.js:104:17)
    at HTMLUnknownElement.dispatchEvent (C:\Users\husey\kiro2\frontend\node_modules\jsdom\lib\jsdom\living\generated\EventTarget.js:241:34)
    at Object.invokeGuardedCallbackDev (C:\Users\husey\kiro2\frontend\node_modules\react-dom\cjs\react-dom.development.js:4213:16)
    at invokeGuardedCallback (C:\Users\husey\kiro2\frontend\node_modules\react-dom\cjs\react-dom.development.js:4277:31)
    at reportUncaughtErrorInDEV (C:\Users\husey\kiro2\frontend\node_modules\react-dom\cjs\react-dom.development.js:22877:5)
    at captureCommitPhaseError (C:\Users\husey\kiro2\frontend\node_modules\react-dom\cjs\react-dom.development.js:27165:5) TypeError: messagesEndRef.current?.scrollIntoView is not a function
    at scrollToBottom [90m(C:\Users\husey\kiro2\frontend\[39msrc\components\StudyRooms\ChatInterface.tsx:100:29[90m)[39m
    at [90mC:\Users\husey\kiro2\frontend\[39msrc\components\StudyRooms\ChatInterface.tsx:104:5
    at commitHookEffectListMount [90m(C:\Users\husey\kiro2\frontend\[39mnode_modules\[4mreact-dom[24m\cjs\react-dom.development.js:23189:26[90m)[39m
    at commitPassiveMountOnFiber [90m(C:\Users\husey\kiro2\frontend\[39mnode_modules\[4mreact-dom[24m\cjs\react-dom.development.js:24970:11[90m)[39m
    at commitPassiveMountEffects_complete [90m(C:\Users\husey\kiro2\frontend\[39mnode_modules\[4mreact-dom[24m\cjs\react-dom.development.js:24930:9[90m)[39m
    at commitPassiveMountEffects_begin [90m(C:\Users\husey\kiro2\frontend\[39mnode_modules\[4mreact-dom[24m\cjs\react-dom.development.js:24917:7[90m)[39m
    at commitPassiveMountEffects [90m(C:\Users\husey\kiro2\frontend\[39mnode_modules\[4mreact-dom[24m\cjs\react-dom.development.js:24905:3[90m)[39m
    at flushPassiveEffectsImpl [90m(C:\Users\husey\kiro2\frontend\[39mnode_modules\[4mreact-dom[24m\cjs\react-dom.development.js:27078:3[90m)[39m
    at flushPassiveEffects [90m(C:\Users\husey\kiro2\frontend\[39mnode_modules\[4mreact-dom[24m\cjs\react-dom.development.js:27023:14[90m)[39m
    at [90mC:\Users\husey\kiro2\frontend\[39mnode_modules\[4mreact-dom[24m\cjs\react-dom.development.js:26808:9

            </system-err>
            <failure message="messagesEndRef.current?.scrollIntoView is not a function" type="TypeError">
TypeError: messagesEndRef.current?.scrollIntoView is not a function
 ❯ scrollToBottom src/components/StudyRooms/ChatInterface.tsx:100:29
 ❯ src/components/StudyRooms/ChatInterface.tsx:104:5
 ❯ commitHookEffectListMount node_modules/react-dom/cjs/react-dom.development.js:23189:26
 ❯ commitPassiveMountOnFiber node_modules/react-dom/cjs/react-dom.development.js:24970:11
 ❯ commitPassiveMountEffects_complete node_modules/react-dom/cjs/react-dom.development.js:24930:9
 ❯ commitPassiveMountEffects_begin node_modules/react-dom/cjs/react-dom.development.js:24917:7
 ❯ commitPassiveMountEffects node_modules/react-dom/cjs/react-dom.development.js:24905:3
 ❯ flushPassiveEffectsImpl node_modules/react-dom/cjs/react-dom.development.js:27078:3
 ❯ flushPassiveEffects node_modules/react-dom/cjs/react-dom.development.js:27023:14
 ❯ node_modules/react-dom/cjs/react-dom.development.js:26808:9
            </failure>
            <failure message="jest is not defined" type="ReferenceError">
ReferenceError: jest is not defined
 ❯ src/components/StudyRooms/__tests__/ChatInterface.test.tsx:84:5
            </failure>
        </testcase>
        <testcase classname="src/components/StudyRooms/__tests__/ChatInterface.test.tsx" name="ChatInterface Component &gt; File Upload &gt; detects image files and uses image message type" time="0.2425175">
            <system-err>
Error: Uncaught [TypeError: messagesEndRef.current?.scrollIntoView is not a function]
    at reportException (C:\Users\husey\kiro2\frontend\node_modules\jsdom\lib\jsdom\living\helpers\runtime-script-errors.js:66:24)
    at innerInvokeEventListeners (C:\Users\husey\kiro2\frontend\node_modules\jsdom\lib\jsdom\living\events\EventTarget-impl.js:353:9)
    at invokeEventListeners (C:\Users\husey\kiro2\frontend\node_modules\jsdom\lib\jsdom\living\events\EventTarget-impl.js:286:3)
    at HTMLUnknownElementImpl._dispatch (C:\Users\husey\kiro2\frontend\node_modules\jsdom\lib\jsdom\living\events\EventTarget-impl.js:233:9)
    at HTMLUnknownElementImpl.dispatchEvent (C:\Users\husey\kiro2\frontend\node_modules\jsdom\lib\jsdom\living\events\EventTarget-impl.js:104:17)
    at HTMLUnknownElement.dispatchEvent (C:\Users\husey\kiro2\frontend\node_modules\jsdom\lib\jsdom\living\generated\EventTarget.js:241:34)
    at Object.invokeGuardedCallbackDev (C:\Users\husey\kiro2\frontend\node_modules\react-dom\cjs\react-dom.development.js:4213:16)
    at invokeGuardedCallback (C:\Users\husey\kiro2\frontend\node_modules\react-dom\cjs\react-dom.development.js:4277:31)
    at reportUncaughtErrorInDEV (C:\Users\husey\kiro2\frontend\node_modules\react-dom\cjs\react-dom.development.js:22877:5)
    at captureCommitPhaseError (C:\Users\husey\kiro2\frontend\node_modules\react-dom\cjs\react-dom.development.js:27165:5) TypeError: messagesEndRef.current?.scrollIntoView is not a function
    at scrollToBottom [90m(C:\Users\husey\kiro2\frontend\[39msrc\components\StudyRooms\ChatInterface.tsx:100:29[90m)[39m
    at [90mC:\Users\husey\kiro2\frontend\[39msrc\components\StudyRooms\ChatInterface.tsx:104:5
    at commitHookEffectListMount [90m(C:\Users\husey\kiro2\frontend\[39mnode_modules\[4mreact-dom[24m\cjs\react-dom.development.js:23189:26[90m)[39m
    at commitPassiveMountOnFiber [90m(C:\Users\husey\kiro2\frontend\[39mnode_modules\[4mreact-dom[24m\cjs\react-dom.development.js:24970:11[90m)[39m
    at commitPassiveMountEffects_complete [90m(C:\Users\husey\kiro2\frontend\[39mnode_modules\[4mreact-dom[24m\cjs\react-dom.development.js:24930:9[90m)[39m
    at commitPassiveMountEffects_begin [90m(C:\Users\husey\kiro2\frontend\[39mnode_modules\[4mreact-dom[24m\cjs\react-dom.development.js:24917:7[90m)[39m
    at commitPassiveMountEffects [90m(C:\Users\husey\kiro2\frontend\[39mnode_modules\[4mreact-dom[24m\cjs\react-dom.development.js:24905:3[90m)[39m
    at flushPassiveEffectsImpl [90m(C:\Users\husey\kiro2\frontend\[39mnode_modules\[4mreact-dom[24m\cjs\react-dom.development.js:27078:3[90m)[39m
    at flushPassiveEffects [90m(C:\Users\husey\kiro2\frontend\[39mnode_modules\[4mreact-dom[24m\cjs\react-dom.development.js:27023:14[90m)[39m
    at [90mC:\Users\husey\kiro2\frontend\[39mnode_modules\[4mreact-dom[24m\cjs\react-dom.development.js:26808:9

            </system-err>
            <failure message="messagesEndRef.current?.scrollIntoView is not a function" type="TypeError">
TypeError: messagesEndRef.current?.scrollIntoView is not a function
 ❯ scrollToBottom src/components/StudyRooms/ChatInterface.tsx:100:29
 ❯ src/components/StudyRooms/ChatInterface.tsx:104:5
 ❯ commitHookEffectListMount node_modules/react-dom/cjs/react-dom.development.js:23189:26
 ❯ commitPassiveMountOnFiber node_modules/react-dom/cjs/react-dom.development.js:24970:11
 ❯ commitPassiveMountEffects_complete node_modules/react-dom/cjs/react-dom.development.js:24930:9
 ❯ commitPassiveMountEffects_begin node_modules/react-dom/cjs/react-dom.development.js:24917:7
 ❯ commitPassiveMountEffects node_modules/react-dom/cjs/react-dom.development.js:24905:3
 ❯ flushPassiveEffectsImpl node_modules/react-dom/cjs/react-dom.development.js:27078:3
 ❯ flushPassiveEffects node_modules/react-dom/cjs/react-dom.development.js:27023:14
 ❯ node_modules/react-dom/cjs/react-dom.development.js:26808:9
            </failure>
            <failure message="jest is not defined" type="ReferenceError">
ReferenceError: jest is not defined
 ❯ src/components/StudyRooms/__tests__/ChatInterface.test.tsx:84:5
            </failure>
        </testcase>
        <testcase classname="src/components/StudyRooms/__tests__/ChatInterface.test.tsx" name="ChatInterface Component &gt; Message Management &gt; allows deleting own messages" time="0.2007193">
            <system-err>
Error: Uncaught [TypeError: messagesEndRef.current?.scrollIntoView is not a function]
    at reportException (C:\Users\husey\kiro2\frontend\node_modules\jsdom\lib\jsdom\living\helpers\runtime-script-errors.js:66:24)
    at innerInvokeEventListeners (C:\Users\husey\kiro2\frontend\node_modules\jsdom\lib\jsdom\living\events\EventTarget-impl.js:353:9)
    at invokeEventListeners (C:\Users\husey\kiro2\frontend\node_modules\jsdom\lib\jsdom\living\events\EventTarget-impl.js:286:3)
    at HTMLUnknownElementImpl._dispatch (C:\Users\husey\kiro2\frontend\node_modules\jsdom\lib\jsdom\living\events\EventTarget-impl.js:233:9)
    at HTMLUnknownElementImpl.dispatchEvent (C:\Users\husey\kiro2\frontend\node_modules\jsdom\lib\jsdom\living\events\EventTarget-impl.js:104:17)
    at HTMLUnknownElement.dispatchEvent (C:\Users\husey\kiro2\frontend\node_modules\jsdom\lib\jsdom\living\generated\EventTarget.js:241:34)
    at Object.invokeGuardedCallbackDev (C:\Users\husey\kiro2\frontend\node_modules\react-dom\cjs\react-dom.development.js:4213:16)
    at invokeGuardedCallback (C:\Users\husey\kiro2\frontend\node_modules\react-dom\cjs\react-dom.development.js:4277:31)
    at reportUncaughtErrorInDEV (C:\Users\husey\kiro2\frontend\node_modules\react-dom\cjs\react-dom.development.js:22877:5)
    at captureCommitPhaseError (C:\Users\husey\kiro2\frontend\node_modules\react-dom\cjs\react-dom.development.js:27165:5) TypeError: messagesEndRef.current?.scrollIntoView is not a function
    at scrollToBottom [90m(C:\Users\husey\kiro2\frontend\[39msrc\components\StudyRooms\ChatInterface.tsx:100:29[90m)[39m
    at [90mC:\Users\husey\kiro2\frontend\[39msrc\components\StudyRooms\ChatInterface.tsx:104:5
    at commitHookEffectListMount [90m(C:\Users\husey\kiro2\frontend\[39mnode_modules\[4mreact-dom[24m\cjs\react-dom.development.js:23189:26[90m)[39m
    at commitPassiveMountOnFiber [90m(C:\Users\husey\kiro2\frontend\[39mnode_modules\[4mreact-dom[24m\cjs\react-dom.development.js:24970:11[90m)[39m
    at commitPassiveMountEffects_complete [90m(C:\Users\husey\kiro2\frontend\[39mnode_modules\[4mreact-dom[24m\cjs\react-dom.development.js:24930:9[90m)[39m
    at commitPassiveMountEffects_begin [90m(C:\Users\husey\kiro2\frontend\[39mnode_modules\[4mreact-dom[24m\cjs\react-dom.development.js:24917:7[90m)[39m
    at commitPassiveMountEffects [90m(C:\Users\husey\kiro2\frontend\[39mnode_modules\[4mreact-dom[24m\cjs\react-dom.development.js:24905:3[90m)[39m
    at flushPassiveEffectsImpl [90m(C:\Users\husey\kiro2\frontend\[39mnode_modules\[4mreact-dom[24m\cjs\react-dom.development.js:27078:3[90m)[39m
    at flushPassiveEffects [90m(C:\Users\husey\kiro2\frontend\[39mnode_modules\[4mreact-dom[24m\cjs\react-dom.development.js:27023:14[90m)[39m
    at [90mC:\Users\husey\kiro2\frontend\[39mnode_modules\[4mreact-dom[24m\cjs\react-dom.development.js:26808:9

            </system-err>
            <failure message="messagesEndRef.current?.scrollIntoView is not a function" type="TypeError">
TypeError: messagesEndRef.current?.scrollIntoView is not a function
 ❯ scrollToBottom src/components/StudyRooms/ChatInterface.tsx:100:29
 ❯ src/components/StudyRooms/ChatInterface.tsx:104:5
 ❯ commitHookEffectListMount node_modules/react-dom/cjs/react-dom.development.js:23189:26
 ❯ commitPassiveMountOnFiber node_modules/react-dom/cjs/react-dom.development.js:24970:11
 ❯ commitPassiveMountEffects_complete node_modules/react-dom/cjs/react-dom.development.js:24930:9
 ❯ commitPassiveMountEffects_begin node_modules/react-dom/cjs/react-dom.development.js:24917:7
 ❯ commitPassiveMountEffects node_modules/react-dom/cjs/react-dom.development.js:24905:3
 ❯ flushPassiveEffectsImpl node_modules/react-dom/cjs/react-dom.development.js:27078:3
 ❯ flushPassiveEffects node_modules/react-dom/cjs/react-dom.development.js:27023:14
 ❯ node_modules/react-dom/cjs/react-dom.development.js:26808:9
            </failure>
            <failure message="jest is not defined" type="ReferenceError">
ReferenceError: jest is not defined
 ❯ src/components/StudyRooms/__tests__/ChatInterface.test.tsx:84:5
            </failure>
        </testcase>
        <testcase classname="src/components/StudyRooms/__tests__/ChatInterface.test.tsx" name="ChatInterface Component &gt; Message Management &gt; does not show delete option for other users messages" time="0.1547253">
            <system-err>
Error: Uncaught [TypeError: messagesEndRef.current?.scrollIntoView is not a function]
    at reportException (C:\Users\husey\kiro2\frontend\node_modules\jsdom\lib\jsdom\living\helpers\runtime-script-errors.js:66:24)
    at innerInvokeEventListeners (C:\Users\husey\kiro2\frontend\node_modules\jsdom\lib\jsdom\living\events\EventTarget-impl.js:353:9)
    at invokeEventListeners (C:\Users\husey\kiro2\frontend\node_modules\jsdom\lib\jsdom\living\events\EventTarget-impl.js:286:3)
    at HTMLUnknownElementImpl._dispatch (C:\Users\husey\kiro2\frontend\node_modules\jsdom\lib\jsdom\living\events\EventTarget-impl.js:233:9)
    at HTMLUnknownElementImpl.dispatchEvent (C:\Users\husey\kiro2\frontend\node_modules\jsdom\lib\jsdom\living\events\EventTarget-impl.js:104:17)
    at HTMLUnknownElement.dispatchEvent (C:\Users\husey\kiro2\frontend\node_modules\jsdom\lib\jsdom\living\generated\EventTarget.js:241:34)
    at Object.invokeGuardedCallbackDev (C:\Users\husey\kiro2\frontend\node_modules\react-dom\cjs\react-dom.development.js:4213:16)
    at invokeGuardedCallback (C:\Users\husey\kiro2\frontend\node_modules\react-dom\cjs\react-dom.development.js:4277:31)
    at reportUncaughtErrorInDEV (C:\Users\husey\kiro2\frontend\node_modules\react-dom\cjs\react-dom.development.js:22877:5)
    at captureCommitPhaseError (C:\Users\husey\kiro2\frontend\node_modules\react-dom\cjs\react-dom.development.js:27165:5) TypeError: messagesEndRef.current?.scrollIntoView is not a function
    at scrollToBottom [90m(C:\Users\husey\kiro2\frontend\[39msrc\components\StudyRooms\ChatInterface.tsx:100:29[90m)[39m
    at [90mC:\Users\husey\kiro2\frontend\[39msrc\components\StudyRooms\ChatInterface.tsx:104:5
    at commitHookEffectListMount [90m(C:\Users\husey\kiro2\frontend\[39mnode_modules\[4mreact-dom[24m\cjs\react-dom.development.js:23189:26[90m)[39m
    at commitPassiveMountOnFiber [90m(C:\Users\husey\kiro2\frontend\[39mnode_modules\[4mreact-dom[24m\cjs\react-dom.development.js:24970:11[90m)[39m
    at commitPassiveMountEffects_complete [90m(C:\Users\husey\kiro2\frontend\[39mnode_modules\[4mreact-dom[24m\cjs\react-dom.development.js:24930:9[90m)[39m
    at commitPassiveMountEffects_begin [90m(C:\Users\husey\kiro2\frontend\[39mnode_modules\[4mreact-dom[24m\cjs\react-dom.development.js:24917:7[90m)[39m
    at commitPassiveMountEffects [90m(C:\Users\husey\kiro2\frontend\[39mnode_modules\[4mreact-dom[24m\cjs\react-dom.development.js:24905:3[90m)[39m
    at flushPassiveEffectsImpl [90m(C:\Users\husey\kiro2\frontend\[39mnode_modules\[4mreact-dom[24m\cjs\react-dom.development.js:27078:3[90m)[39m
    at flushPassiveEffects [90m(C:\Users\husey\kiro2\frontend\[39mnode_modules\[4mreact-dom[24m\cjs\react-dom.development.js:27023:14[90m)[39m
    at [90mC:\Users\husey\kiro2\frontend\[39mnode_modules\[4mreact-dom[24m\cjs\react-dom.development.js:26808:9

            </system-err>
            <failure message="messagesEndRef.current?.scrollIntoView is not a function" type="TypeError">
TypeError: messagesEndRef.current?.scrollIntoView is not a function
 ❯ scrollToBottom src/components/StudyRooms/ChatInterface.tsx:100:29
 ❯ src/components/StudyRooms/ChatInterface.tsx:104:5
 ❯ commitHookEffectListMount node_modules/react-dom/cjs/react-dom.development.js:23189:26
 ❯ commitPassiveMountOnFiber node_modules/react-dom/cjs/react-dom.development.js:24970:11
 ❯ commitPassiveMountEffects_complete node_modules/react-dom/cjs/react-dom.development.js:24930:9
 ❯ commitPassiveMountEffects_begin node_modules/react-dom/cjs/react-dom.development.js:24917:7
 ❯ commitPassiveMountEffects node_modules/react-dom/cjs/react-dom.development.js:24905:3
 ❯ flushPassiveEffectsImpl node_modules/react-dom/cjs/react-dom.development.js:27078:3
 ❯ flushPassiveEffects node_modules/react-dom/cjs/react-dom.development.js:27023:14
 ❯ node_modules/react-dom/cjs/react-dom.development.js:26808:9
            </failure>
            <failure message="jest is not defined" type="ReferenceError">
ReferenceError: jest is not defined
 ❯ src/components/StudyRooms/__tests__/ChatInterface.test.tsx:84:5
            </failure>
        </testcase>
        <testcase classname="src/components/StudyRooms/__tests__/ChatInterface.test.tsx" name="ChatInterface Component &gt; Message Management &gt; deletes message when confirmed" time="0.137378">
            <system-err>
Error: Uncaught [TypeError: messagesEndRef.current?.scrollIntoView is not a function]
    at reportException (C:\Users\husey\kiro2\frontend\node_modules\jsdom\lib\jsdom\living\helpers\runtime-script-errors.js:66:24)
    at innerInvokeEventListeners (C:\Users\husey\kiro2\frontend\node_modules\jsdom\lib\jsdom\living\events\EventTarget-impl.js:353:9)
    at invokeEventListeners (C:\Users\husey\kiro2\frontend\node_modules\jsdom\lib\jsdom\living\events\EventTarget-impl.js:286:3)
    at HTMLUnknownElementImpl._dispatch (C:\Users\husey\kiro2\frontend\node_modules\jsdom\lib\jsdom\living\events\EventTarget-impl.js:233:9)
    at HTMLUnknownElementImpl.dispatchEvent (C:\Users\husey\kiro2\frontend\node_modules\jsdom\lib\jsdom\living\events\EventTarget-impl.js:104:17)
    at HTMLUnknownElement.dispatchEvent (C:\Users\husey\kiro2\frontend\node_modules\jsdom\lib\jsdom\living\generated\EventTarget.js:241:34)
    at Object.invokeGuardedCallbackDev (C:\Users\husey\kiro2\frontend\node_modules\react-dom\cjs\react-dom.development.js:4213:16)
    at invokeGuardedCallback (C:\Users\husey\kiro2\frontend\node_modules\react-dom\cjs\react-dom.development.js:4277:31)
    at reportUncaughtErrorInDEV (C:\Users\husey\kiro2\frontend\node_modules\react-dom\cjs\react-dom.development.js:22877:5)
    at captureCommitPhaseError (C:\Users\husey\kiro2\frontend\node_modules\react-dom\cjs\react-dom.development.js:27165:5) TypeError: messagesEndRef.current?.scrollIntoView is not a function
    at scrollToBottom [90m(C:\Users\husey\kiro2\frontend\[39msrc\components\StudyRooms\ChatInterface.tsx:100:29[90m)[39m
    at [90mC:\Users\husey\kiro2\frontend\[39msrc\components\StudyRooms\ChatInterface.tsx:104:5
    at commitHookEffectListMount [90m(C:\Users\husey\kiro2\frontend\[39mnode_modules\[4mreact-dom[24m\cjs\react-dom.development.js:23189:26[90m)[39m
    at commitPassiveMountOnFiber [90m(C:\Users\husey\kiro2\frontend\[39mnode_modules\[4mreact-dom[24m\cjs\react-dom.development.js:24970:11[90m)[39m
    at commitPassiveMountEffects_complete [90m(C:\Users\husey\kiro2\frontend\[39mnode_modules\[4mreact-dom[24m\cjs\react-dom.development.js:24930:9[90m)[39m
    at commitPassiveMountEffects_begin [90m(C:\Users\husey\kiro2\frontend\[39mnode_modules\[4mreact-dom[24m\cjs\react-dom.development.js:24917:7[90m)[39m
    at commitPassiveMountEffects [90m(C:\Users\husey\kiro2\frontend\[39mnode_modules\[4mreact-dom[24m\cjs\react-dom.development.js:24905:3[90m)[39m
    at flushPassiveEffectsImpl [90m(C:\Users\husey\kiro2\frontend\[39mnode_modules\[4mreact-dom[24m\cjs\react-dom.development.js:27078:3[90m)[39m
    at flushPassiveEffects [90m(C:\Users\husey\kiro2\frontend\[39mnode_modules\[4mreact-dom[24m\cjs\react-dom.development.js:27023:14[90m)[39m
    at [90mC:\Users\husey\kiro2\frontend\[39mnode_modules\[4mreact-dom[24m\cjs\react-dom.development.js:26808:9

            </system-err>
            <failure message="messagesEndRef.current?.scrollIntoView is not a function" type="TypeError">
TypeError: messagesEndRef.current?.scrollIntoView is not a function
 ❯ scrollToBottom src/components/StudyRooms/ChatInterface.tsx:100:29
 ❯ src/components/StudyRooms/ChatInterface.tsx:104:5
 ❯ commitHookEffectListMount node_modules/react-dom/cjs/react-dom.development.js:23189:26
 ❯ commitPassiveMountOnFiber node_modules/react-dom/cjs/react-dom.development.js:24970:11
 ❯ commitPassiveMountEffects_complete node_modules/react-dom/cjs/react-dom.development.js:24930:9
 ❯ commitPassiveMountEffects_begin node_modules/react-dom/cjs/react-dom.development.js:24917:7
 ❯ commitPassiveMountEffects node_modules/react-dom/cjs/react-dom.development.js:24905:3
 ❯ flushPassiveEffectsImpl node_modules/react-dom/cjs/react-dom.development.js:27078:3
 ❯ flushPassiveEffects node_modules/react-dom/cjs/react-dom.development.js:27023:14
 ❯ node_modules/react-dom/cjs/react-dom.development.js:26808:9
            </failure>
            <failure message="jest is not defined" type="ReferenceError">
ReferenceError: jest is not defined
 ❯ src/components/StudyRooms/__tests__/ChatInterface.test.tsx:84:5
            </failure>
        </testcase>
        <testcase classname="src/components/StudyRooms/__tests__/ChatInterface.test.tsx" name="ChatInterface Component &gt; Message Management &gt; shows edited indicator on edited messages" time="0.1352298">
            <system-err>
Error: Uncaught [TypeError: messagesEndRef.current?.scrollIntoView is not a function]
    at reportException (C:\Users\husey\kiro2\frontend\node_modules\jsdom\lib\jsdom\living\helpers\runtime-script-errors.js:66:24)
    at innerInvokeEventListeners (C:\Users\husey\kiro2\frontend\node_modules\jsdom\lib\jsdom\living\events\EventTarget-impl.js:353:9)
    at invokeEventListeners (C:\Users\husey\kiro2\frontend\node_modules\jsdom\lib\jsdom\living\events\EventTarget-impl.js:286:3)
    at HTMLUnknownElementImpl._dispatch (C:\Users\husey\kiro2\frontend\node_modules\jsdom\lib\jsdom\living\events\EventTarget-impl.js:233:9)
    at HTMLUnknownElementImpl.dispatchEvent (C:\Users\husey\kiro2\frontend\node_modules\jsdom\lib\jsdom\living\events\EventTarget-impl.js:104:17)
    at HTMLUnknownElement.dispatchEvent (C:\Users\husey\kiro2\frontend\node_modules\jsdom\lib\jsdom\living\generated\EventTarget.js:241:34)
    at Object.invokeGuardedCallbackDev (C:\Users\husey\kiro2\frontend\node_modules\react-dom\cjs\react-dom.development.js:4213:16)
    at invokeGuardedCallback (C:\Users\husey\kiro2\frontend\node_modules\react-dom\cjs\react-dom.development.js:4277:31)
    at reportUncaughtErrorInDEV (C:\Users\husey\kiro2\frontend\node_modules\react-dom\cjs\react-dom.development.js:22877:5)
    at captureCommitPhaseError (C:\Users\husey\kiro2\frontend\node_modules\react-dom\cjs\react-dom.development.js:27165:5) TypeError: messagesEndRef.current?.scrollIntoView is not a function
    at scrollToBottom [90m(C:\Users\husey\kiro2\frontend\[39msrc\components\StudyRooms\ChatInterface.tsx:100:29[90m)[39m
    at [90mC:\Users\husey\kiro2\frontend\[39msrc\components\StudyRooms\ChatInterface.tsx:104:5
    at commitHookEffectListMount [90m(C:\Users\husey\kiro2\frontend\[39mnode_modules\[4mreact-dom[24m\cjs\react-dom.development.js:23189:26[90m)[39m
    at commitPassiveMountOnFiber [90m(C:\Users\husey\kiro2\frontend\[39mnode_modules\[4mreact-dom[24m\cjs\react-dom.development.js:24970:11[90m)[39m
    at commitPassiveMountEffects_complete [90m(C:\Users\husey\kiro2\frontend\[39mnode_modules\[4mreact-dom[24m\cjs\react-dom.development.js:24930:9[90m)[39m
    at commitPassiveMountEffects_begin [90m(C:\Users\husey\kiro2\frontend\[39mnode_modules\[4mreact-dom[24m\cjs\react-dom.development.js:24917:7[90m)[39m
    at commitPassiveMountEffects [90m(C:\Users\husey\kiro2\frontend\[39mnode_modules\[4mreact-dom[24m\cjs\react-dom.development.js:24905:3[90m)[39m
    at flushPassiveEffectsImpl [90m(C:\Users\husey\kiro2\frontend\[39mnode_modules\[4mreact-dom[24m\cjs\react-dom.development.js:27078:3[90m)[39m
    at flushPassiveEffects [90m(C:\Users\husey\kiro2\frontend\[39mnode_modules\[4mreact-dom[24m\cjs\react-dom.development.js:27023:14[90m)[39m
    at [90mC:\Users\husey\kiro2\frontend\[39mnode_modules\[4mreact-dom[24m\cjs\react-dom.development.js:26808:9

            </system-err>
            <failure message="messagesEndRef.current?.scrollIntoView is not a function" type="TypeError">
TypeError: messagesEndRef.current?.scrollIntoView is not a function
 ❯ scrollToBottom src/components/StudyRooms/ChatInterface.tsx:100:29
 ❯ src/components/StudyRooms/ChatInterface.tsx:104:5
 ❯ commitHookEffectListMount node_modules/react-dom/cjs/react-dom.development.js:23189:26
 ❯ commitPassiveMountOnFiber node_modules/react-dom/cjs/react-dom.development.js:24970:11
 ❯ commitPassiveMountEffects_complete node_modules/react-dom/cjs/react-dom.development.js:24930:9
 ❯ commitPassiveMountEffects_begin node_modules/react-dom/cjs/react-dom.development.js:24917:7
 ❯ commitPassiveMountEffects node_modules/react-dom/cjs/react-dom.development.js:24905:3
 ❯ flushPassiveEffectsImpl node_modules/react-dom/cjs/react-dom.development.js:27078:3
 ❯ flushPassiveEffects node_modules/react-dom/cjs/react-dom.development.js:27023:14
 ❯ node_modules/react-dom/cjs/react-dom.development.js:26808:9
            </failure>
            <failure message="jest is not defined" type="ReferenceError">
ReferenceError: jest is not defined
 ❯ src/components/StudyRooms/__tests__/ChatInterface.test.tsx:84:5
            </failure>
        </testcase>
        <testcase classname="src/components/StudyRooms/__tests__/ChatInterface.test.tsx" name="ChatInterface Component &gt; Message Types &gt; renders text messages correctly" time="0.1243096">
            <system-err>
Error: Uncaught [TypeError: messagesEndRef.current?.scrollIntoView is not a function]
    at reportException (C:\Users\husey\kiro2\frontend\node_modules\jsdom\lib\jsdom\living\helpers\runtime-script-errors.js:66:24)
    at innerInvokeEventListeners (C:\Users\husey\kiro2\frontend\node_modules\jsdom\lib\jsdom\living\events\EventTarget-impl.js:353:9)
    at invokeEventListeners (C:\Users\husey\kiro2\frontend\node_modules\jsdom\lib\jsdom\living\events\EventTarget-impl.js:286:3)
    at HTMLUnknownElementImpl._dispatch (C:\Users\husey\kiro2\frontend\node_modules\jsdom\lib\jsdom\living\events\EventTarget-impl.js:233:9)
    at HTMLUnknownElementImpl.dispatchEvent (C:\Users\husey\kiro2\frontend\node_modules\jsdom\lib\jsdom\living\events\EventTarget-impl.js:104:17)
    at HTMLUnknownElement.dispatchEvent (C:\Users\husey\kiro2\frontend\node_modules\jsdom\lib\jsdom\living\generated\EventTarget.js:241:34)
    at Object.invokeGuardedCallbackDev (C:\Users\husey\kiro2\frontend\node_modules\react-dom\cjs\react-dom.development.js:4213:16)
    at invokeGuardedCallback (C:\Users\husey\kiro2\frontend\node_modules\react-dom\cjs\react-dom.development.js:4277:31)
    at reportUncaughtErrorInDEV (C:\Users\husey\kiro2\frontend\node_modules\react-dom\cjs\react-dom.development.js:22877:5)
    at captureCommitPhaseError (C:\Users\husey\kiro2\frontend\node_modules\react-dom\cjs\react-dom.development.js:27165:5) TypeError: messagesEndRef.current?.scrollIntoView is not a function
    at scrollToBottom [90m(C:\Users\husey\kiro2\frontend\[39msrc\components\StudyRooms\ChatInterface.tsx:100:29[90m)[39m
    at [90mC:\Users\husey\kiro2\frontend\[39msrc\components\StudyRooms\ChatInterface.tsx:104:5
    at commitHookEffectListMount [90m(C:\Users\husey\kiro2\frontend\[39mnode_modules\[4mreact-dom[24m\cjs\react-dom.development.js:23189:26[90m)[39m
    at commitPassiveMountOnFiber [90m(C:\Users\husey\kiro2\frontend\[39mnode_modules\[4mreact-dom[24m\cjs\react-dom.development.js:24970:11[90m)[39m
    at commitPassiveMountEffects_complete [90m(C:\Users\husey\kiro2\frontend\[39mnode_modules\[4mreact-dom[24m\cjs\react-dom.development.js:24930:9[90m)[39m
    at commitPassiveMountEffects_begin [90m(C:\Users\husey\kiro2\frontend\[39mnode_modules\[4mreact-dom[24m\cjs\react-dom.development.js:24917:7[90m)[39m
    at commitPassiveMountEffects [90m(C:\Users\husey\kiro2\frontend\[39mnode_modules\[4mreact-dom[24m\cjs\react-dom.development.js:24905:3[90m)[39m
    at flushPassiveEffectsImpl [90m(C:\Users\husey\kiro2\frontend\[39mnode_modules\[4mreact-dom[24m\cjs\react-dom.development.js:27078:3[90m)[39m
    at flushPassiveEffects [90m(C:\Users\husey\kiro2\frontend\[39mnode_modules\[4mreact-dom[24m\cjs\react-dom.development.js:27023:14[90m)[39m
    at [90mC:\Users\husey\kiro2\frontend\[39mnode_modules\[4mreact-dom[24m\cjs\react-dom.development.js:26808:9

            </system-err>
            <failure message="messagesEndRef.current?.scrollIntoView is not a function" type="TypeError">
TypeError: messagesEndRef.current?.scrollIntoView is not a function
 ❯ scrollToBottom src/components/StudyRooms/ChatInterface.tsx:100:29
 ❯ src/components/StudyRooms/ChatInterface.tsx:104:5
 ❯ commitHookEffectListMount node_modules/react-dom/cjs/react-dom.development.js:23189:26
 ❯ commitPassiveMountOnFiber node_modules/react-dom/cjs/react-dom.development.js:24970:11
 ❯ commitPassiveMountEffects_complete node_modules/react-dom/cjs/react-dom.development.js:24930:9
 ❯ commitPassiveMountEffects_begin node_modules/react-dom/cjs/react-dom.development.js:24917:7
 ❯ commitPassiveMountEffects node_modules/react-dom/cjs/react-dom.development.js:24905:3
 ❯ flushPassiveEffectsImpl node_modules/react-dom/cjs/react-dom.development.js:27078:3
 ❯ flushPassiveEffects node_modules/react-dom/cjs/react-dom.development.js:27023:14
 ❯ node_modules/react-dom/cjs/react-dom.development.js:26808:9
            </failure>
            <failure message="jest is not defined" type="ReferenceError">
ReferenceError: jest is not defined
 ❯ src/components/StudyRooms/__tests__/ChatInterface.test.tsx:84:5
            </failure>
        </testcase>
        <testcase classname="src/components/StudyRooms/__tests__/ChatInterface.test.tsx" name="ChatInterface Component &gt; Message Types &gt; renders file messages with file info" time="0.1497062">
            <system-err>
Error: Uncaught [TypeError: messagesEndRef.current?.scrollIntoView is not a function]
    at reportException (C:\Users\husey\kiro2\frontend\node_modules\jsdom\lib\jsdom\living\helpers\runtime-script-errors.js:66:24)
    at innerInvokeEventListeners (C:\Users\husey\kiro2\frontend\node_modules\jsdom\lib\jsdom\living\events\EventTarget-impl.js:353:9)
    at invokeEventListeners (C:\Users\husey\kiro2\frontend\node_modules\jsdom\lib\jsdom\living\events\EventTarget-impl.js:286:3)
    at HTMLUnknownElementImpl._dispatch (C:\Users\husey\kiro2\frontend\node_modules\jsdom\lib\jsdom\living\events\EventTarget-impl.js:233:9)
    at HTMLUnknownElementImpl.dispatchEvent (C:\Users\husey\kiro2\frontend\node_modules\jsdom\lib\jsdom\living\events\EventTarget-impl.js:104:17)
    at HTMLUnknownElement.dispatchEvent (C:\Users\husey\kiro2\frontend\node_modules\jsdom\lib\jsdom\living\generated\EventTarget.js:241:34)
    at Object.invokeGuardedCallbackDev (C:\Users\husey\kiro2\frontend\node_modules\react-dom\cjs\react-dom.development.js:4213:16)
    at invokeGuardedCallback (C:\Users\husey\kiro2\frontend\node_modules\react-dom\cjs\react-dom.development.js:4277:31)
    at reportUncaughtErrorInDEV (C:\Users\husey\kiro2\frontend\node_modules\react-dom\cjs\react-dom.development.js:22877:5)
    at captureCommitPhaseError (C:\Users\husey\kiro2\frontend\node_modules\react-dom\cjs\react-dom.development.js:27165:5) TypeError: messagesEndRef.current?.scrollIntoView is not a function
    at scrollToBottom [90m(C:\Users\husey\kiro2\frontend\[39msrc\components\StudyRooms\ChatInterface.tsx:100:29[90m)[39m
    at [90mC:\Users\husey\kiro2\frontend\[39msrc\components\StudyRooms\ChatInterface.tsx:104:5
    at commitHookEffectListMount [90m(C:\Users\husey\kiro2\frontend\[39mnode_modules\[4mreact-dom[24m\cjs\react-dom.development.js:23189:26[90m)[39m
    at commitPassiveMountOnFiber [90m(C:\Users\husey\kiro2\frontend\[39mnode_modules\[4mreact-dom[24m\cjs\react-dom.development.js:24970:11[90m)[39m
    at commitPassiveMountEffects_complete [90m(C:\Users\husey\kiro2\frontend\[39mnode_modules\[4mreact-dom[24m\cjs\react-dom.development.js:24930:9[90m)[39m
    at commitPassiveMountEffects_begin [90m(C:\Users\husey\kiro2\frontend\[39mnode_modules\[4mreact-dom[24m\cjs\react-dom.development.js:24917:7[90m)[39m
    at commitPassiveMountEffects [90m(C:\Users\husey\kiro2\frontend\[39mnode_modules\[4mreact-dom[24m\cjs\react-dom.development.js:24905:3[90m)[39m
    at flushPassiveEffectsImpl [90m(C:\Users\husey\kiro2\frontend\[39mnode_modules\[4mreact-dom[24m\cjs\react-dom.development.js:27078:3[90m)[39m
    at flushPassiveEffects [90m(C:\Users\husey\kiro2\frontend\[39mnode_modules\[4mreact-dom[24m\cjs\react-dom.development.js:27023:14[90m)[39m
    at [90mC:\Users\husey\kiro2\frontend\[39mnode_modules\[4mreact-dom[24m\cjs\react-dom.development.js:26808:9

            </system-err>
            <failure message="messagesEndRef.current?.scrollIntoView is not a function" type="TypeError">
TypeError: messagesEndRef.current?.scrollIntoView is not a function
 ❯ scrollToBottom src/components/StudyRooms/ChatInterface.tsx:100:29
 ❯ src/components/StudyRooms/ChatInterface.tsx:104:5
 ❯ commitHookEffectListMount node_modules/react-dom/cjs/react-dom.development.js:23189:26
 ❯ commitPassiveMountOnFiber node_modules/react-dom/cjs/react-dom.development.js:24970:11
 ❯ commitPassiveMountEffects_complete node_modules/react-dom/cjs/react-dom.development.js:24930:9
 ❯ commitPassiveMountEffects_begin node_modules/react-dom/cjs/react-dom.development.js:24917:7
 ❯ commitPassiveMountEffects node_modules/react-dom/cjs/react-dom.development.js:24905:3
 ❯ flushPassiveEffectsImpl node_modules/react-dom/cjs/react-dom.development.js:27078:3
 ❯ flushPassiveEffects node_modules/react-dom/cjs/react-dom.development.js:27023:14
 ❯ node_modules/react-dom/cjs/react-dom.development.js:26808:9
            </failure>
            <failure message="jest is not defined" type="ReferenceError">
ReferenceError: jest is not defined
 ❯ src/components/StudyRooms/__tests__/ChatInterface.test.tsx:84:5
            </failure>
        </testcase>
        <testcase classname="src/components/StudyRooms/__tests__/ChatInterface.test.tsx" name="ChatInterface Component &gt; Message Types &gt; renders image messages with preview" time="0.1320353">
            <system-err>
Error: Uncaught [TypeError: messagesEndRef.current?.scrollIntoView is not a function]
    at reportException (C:\Users\husey\kiro2\frontend\node_modules\jsdom\lib\jsdom\living\helpers\runtime-script-errors.js:66:24)
    at innerInvokeEventListeners (C:\Users\husey\kiro2\frontend\node_modules\jsdom\lib\jsdom\living\events\EventTarget-impl.js:353:9)
    at invokeEventListeners (C:\Users\husey\kiro2\frontend\node_modules\jsdom\lib\jsdom\living\events\EventTarget-impl.js:286:3)
    at HTMLUnknownElementImpl._dispatch (C:\Users\husey\kiro2\frontend\node_modules\jsdom\lib\jsdom\living\events\EventTarget-impl.js:233:9)
    at HTMLUnknownElementImpl.dispatchEvent (C:\Users\husey\kiro2\frontend\node_modules\jsdom\lib\jsdom\living\events\EventTarget-impl.js:104:17)
    at HTMLUnknownElement.dispatchEvent (C:\Users\husey\kiro2\frontend\node_modules\jsdom\lib\jsdom\living\generated\EventTarget.js:241:34)
    at Object.invokeGuardedCallbackDev (C:\Users\husey\kiro2\frontend\node_modules\react-dom\cjs\react-dom.development.js:4213:16)
    at invokeGuardedCallback (C:\Users\husey\kiro2\frontend\node_modules\react-dom\cjs\react-dom.development.js:4277:31)
    at reportUncaughtErrorInDEV (C:\Users\husey\kiro2\frontend\node_modules\react-dom\cjs\react-dom.development.js:22877:5)
    at captureCommitPhaseError (C:\Users\husey\kiro2\frontend\node_modules\react-dom\cjs\react-dom.development.js:27165:5) TypeError: messagesEndRef.current?.scrollIntoView is not a function
    at scrollToBottom [90m(C:\Users\husey\kiro2\frontend\[39msrc\components\StudyRooms\ChatInterface.tsx:100:29[90m)[39m
    at [90mC:\Users\husey\kiro2\frontend\[39msrc\components\StudyRooms\ChatInterface.tsx:104:5
    at commitHookEffectListMount [90m(C:\Users\husey\kiro2\frontend\[39mnode_modules\[4mreact-dom[24m\cjs\react-dom.development.js:23189:26[90m)[39m
    at commitPassiveMountOnFiber [90m(C:\Users\husey\kiro2\frontend\[39mnode_modules\[4mreact-dom[24m\cjs\react-dom.development.js:24970:11[90m)[39m
    at commitPassiveMountEffects_complete [90m(C:\Users\husey\kiro2\frontend\[39mnode_modules\[4mreact-dom[24m\cjs\react-dom.development.js:24930:9[90m)[39m
    at commitPassiveMountEffects_begin [90m(C:\Users\husey\kiro2\frontend\[39mnode_modules\[4mreact-dom[24m\cjs\react-dom.development.js:24917:7[90m)[39m
    at commitPassiveMountEffects [90m(C:\Users\husey\kiro2\frontend\[39mnode_modules\[4mreact-dom[24m\cjs\react-dom.development.js:24905:3[90m)[39m
    at flushPassiveEffectsImpl [90m(C:\Users\husey\kiro2\frontend\[39mnode_modules\[4mreact-dom[24m\cjs\react-dom.development.js:27078:3[90m)[39m
    at flushPassiveEffects [90m(C:\Users\husey\kiro2\frontend\[39mnode_modules\[4mreact-dom[24m\cjs\react-dom.development.js:27023:14[90m)[39m
    at [90mC:\Users\husey\kiro2\frontend\[39mnode_modules\[4mreact-dom[24m\cjs\react-dom.development.js:26808:9

            </system-err>
            <failure message="messagesEndRef.current?.scrollIntoView is not a function" type="TypeError">
TypeError: messagesEndRef.current?.scrollIntoView is not a function
 ❯ scrollToBottom src/components/StudyRooms/ChatInterface.tsx:100:29
 ❯ src/components/StudyRooms/ChatInterface.tsx:104:5
 ❯ commitHookEffectListMount node_modules/react-dom/cjs/react-dom.development.js:23189:26
 ❯ commitPassiveMountOnFiber node_modules/react-dom/cjs/react-dom.development.js:24970:11
 ❯ commitPassiveMountEffects_complete node_modules/react-dom/cjs/react-dom.development.js:24930:9
 ❯ commitPassiveMountEffects_begin node_modules/react-dom/cjs/react-dom.development.js:24917:7
 ❯ commitPassiveMountEffects node_modules/react-dom/cjs/react-dom.development.js:24905:3
 ❯ flushPassiveEffectsImpl node_modules/react-dom/cjs/react-dom.development.js:27078:3
 ❯ flushPassiveEffects node_modules/react-dom/cjs/react-dom.development.js:27023:14
 ❯ node_modules/react-dom/cjs/react-dom.development.js:26808:9
            </failure>
            <failure message="jest is not defined" type="ReferenceError">
ReferenceError: jest is not defined
 ❯ src/components/StudyRooms/__tests__/ChatInterface.test.tsx:84:5
            </failure>
        </testcase>
        <testcase classname="src/components/StudyRooms/__tests__/ChatInterface.test.tsx" name="ChatInterface Component &gt; Message Types &gt; renders link messages with clickable link" time="0.1101376">
            <system-err>
Error: Uncaught [TypeError: messagesEndRef.current?.scrollIntoView is not a function]
    at reportException (C:\Users\husey\kiro2\frontend\node_modules\jsdom\lib\jsdom\living\helpers\runtime-script-errors.js:66:24)
    at innerInvokeEventListeners (C:\Users\husey\kiro2\frontend\node_modules\jsdom\lib\jsdom\living\events\EventTarget-impl.js:353:9)
    at invokeEventListeners (C:\Users\husey\kiro2\frontend\node_modules\jsdom\lib\jsdom\living\events\EventTarget-impl.js:286:3)
    at HTMLUnknownElementImpl._dispatch (C:\Users\husey\kiro2\frontend\node_modules\jsdom\lib\jsdom\living\events\EventTarget-impl.js:233:9)
    at HTMLUnknownElementImpl.dispatchEvent (C:\Users\husey\kiro2\frontend\node_modules\jsdom\lib\jsdom\living\events\EventTarget-impl.js:104:17)
    at HTMLUnknownElement.dispatchEvent (C:\Users\husey\kiro2\frontend\node_modules\jsdom\lib\jsdom\living\generated\EventTarget.js:241:34)
    at Object.invokeGuardedCallbackDev (C:\Users\husey\kiro2\frontend\node_modules\react-dom\cjs\react-dom.development.js:4213:16)
    at invokeGuardedCallback (C:\Users\husey\kiro2\frontend\node_modules\react-dom\cjs\react-dom.development.js:4277:31)
    at reportUncaughtErrorInDEV (C:\Users\husey\kiro2\frontend\node_modules\react-dom\cjs\react-dom.development.js:22877:5)
    at captureCommitPhaseError (C:\Users\husey\kiro2\frontend\node_modules\react-dom\cjs\react-dom.development.js:27165:5) TypeError: messagesEndRef.current?.scrollIntoView is not a function
    at scrollToBottom [90m(C:\Users\husey\kiro2\frontend\[39msrc\components\StudyRooms\ChatInterface.tsx:100:29[90m)[39m
    at [90mC:\Users\husey\kiro2\frontend\[39msrc\components\StudyRooms\ChatInterface.tsx:104:5
    at commitHookEffectListMount [90m(C:\Users\husey\kiro2\frontend\[39mnode_modules\[4mreact-dom[24m\cjs\react-dom.development.js:23189:26[90m)[39m
    at commitPassiveMountOnFiber [90m(C:\Users\husey\kiro2\frontend\[39mnode_modules\[4mreact-dom[24m\cjs\react-dom.development.js:24970:11[90m)[39m
    at commitPassiveMountEffects_complete [90m(C:\Users\husey\kiro2\frontend\[39mnode_modules\[4mreact-dom[24m\cjs\react-dom.development.js:24930:9[90m)[39m
    at commitPassiveMountEffects_begin [90m(C:\Users\husey\kiro2\frontend\[39mnode_modules\[4mreact-dom[24m\cjs\react-dom.development.js:24917:7[90m)[39m
    at commitPassiveMountEffects [90m(C:\Users\husey\kiro2\frontend\[39mnode_modules\[4mreact-dom[24m\cjs\react-dom.development.js:24905:3[90m)[39m
    at flushPassiveEffectsImpl [90m(C:\Users\husey\kiro2\frontend\[39mnode_modules\[4mreact-dom[24m\cjs\react-dom.development.js:27078:3[90m)[39m
    at flushPassiveEffects [90m(C:\Users\husey\kiro2\frontend\[39mnode_modules\[4mreact-dom[24m\cjs\react-dom.development.js:27023:14[90m)[39m
    at [90mC:\Users\husey\kiro2\frontend\[39mnode_modules\[4mreact-dom[24m\cjs\react-dom.development.js:26808:9

            </system-err>
            <failure message="messagesEndRef.current?.scrollIntoView is not a function" type="TypeError">
TypeError: messagesEndRef.current?.scrollIntoView is not a function
 ❯ scrollToBottom src/components/StudyRooms/ChatInterface.tsx:100:29
 ❯ src/components/StudyRooms/ChatInterface.tsx:104:5
 ❯ commitHookEffectListMount node_modules/react-dom/cjs/react-dom.development.js:23189:26
 ❯ commitPassiveMountOnFiber node_modules/react-dom/cjs/react-dom.development.js:24970:11
 ❯ commitPassiveMountEffects_complete node_modules/react-dom/cjs/react-dom.development.js:24930:9
 ❯ commitPassiveMountEffects_begin node_modules/react-dom/cjs/react-dom.development.js:24917:7
 ❯ commitPassiveMountEffects node_modules/react-dom/cjs/react-dom.development.js:24905:3
 ❯ flushPassiveEffectsImpl node_modules/react-dom/cjs/react-dom.development.js:27078:3
 ❯ flushPassiveEffects node_modules/react-dom/cjs/react-dom.development.js:27023:14
 ❯ node_modules/react-dom/cjs/react-dom.development.js:26808:9
            </failure>
            <failure message="jest is not defined" type="ReferenceError">
ReferenceError: jest is not defined
 ❯ src/components/StudyRooms/__tests__/ChatInterface.test.tsx:84:5
            </failure>
        </testcase>
        <testcase classname="src/components/StudyRooms/__tests__/ChatInterface.test.tsx" name="ChatInterface Component &gt; Message Types &gt; renders system messages with special styling" time="0.1173495">
            <system-err>
Error: Uncaught [TypeError: messagesEndRef.current?.scrollIntoView is not a function]
    at reportException (C:\Users\husey\kiro2\frontend\node_modules\jsdom\lib\jsdom\living\helpers\runtime-script-errors.js:66:24)
    at innerInvokeEventListeners (C:\Users\husey\kiro2\frontend\node_modules\jsdom\lib\jsdom\living\events\EventTarget-impl.js:353:9)
    at invokeEventListeners (C:\Users\husey\kiro2\frontend\node_modules\jsdom\lib\jsdom\living\events\EventTarget-impl.js:286:3)
    at HTMLUnknownElementImpl._dispatch (C:\Users\husey\kiro2\frontend\node_modules\jsdom\lib\jsdom\living\events\EventTarget-impl.js:233:9)
    at HTMLUnknownElementImpl.dispatchEvent (C:\Users\husey\kiro2\frontend\node_modules\jsdom\lib\jsdom\living\events\EventTarget-impl.js:104:17)
    at HTMLUnknownElement.dispatchEvent (C:\Users\husey\kiro2\frontend\node_modules\jsdom\lib\jsdom\living\generated\EventTarget.js:241:34)
    at Object.invokeGuardedCallbackDev (C:\Users\husey\kiro2\frontend\node_modules\react-dom\cjs\react-dom.development.js:4213:16)
    at invokeGuardedCallback (C:\Users\husey\kiro2\frontend\node_modules\react-dom\cjs\react-dom.development.js:4277:31)
    at reportUncaughtErrorInDEV (C:\Users\husey\kiro2\frontend\node_modules\react-dom\cjs\react-dom.development.js:22877:5)
    at captureCommitPhaseError (C:\Users\husey\kiro2\frontend\node_modules\react-dom\cjs\react-dom.development.js:27165:5) TypeError: messagesEndRef.current?.scrollIntoView is not a function
    at scrollToBottom [90m(C:\Users\husey\kiro2\frontend\[39msrc\components\StudyRooms\ChatInterface.tsx:100:29[90m)[39m
    at [90mC:\Users\husey\kiro2\frontend\[39msrc\components\StudyRooms\ChatInterface.tsx:104:5
    at commitHookEffectListMount [90m(C:\Users\husey\kiro2\frontend\[39mnode_modules\[4mreact-dom[24m\cjs\react-dom.development.js:23189:26[90m)[39m
    at commitPassiveMountOnFiber [90m(C:\Users\husey\kiro2\frontend\[39mnode_modules\[4mreact-dom[24m\cjs\react-dom.development.js:24970:11[90m)[39m
    at commitPassiveMountEffects_complete [90m(C:\Users\husey\kiro2\frontend\[39mnode_modules\[4mreact-dom[24m\cjs\react-dom.development.js:24930:9[90m)[39m
    at commitPassiveMountEffects_begin [90m(C:\Users\husey\kiro2\frontend\[39mnode_modules\[4mreact-dom[24m\cjs\react-dom.development.js:24917:7[90m)[39m
    at commitPassiveMountEffects [90m(C:\Users\husey\kiro2\frontend\[39mnode_modules\[4mreact-dom[24m\cjs\react-dom.development.js:24905:3[90m)[39m
    at flushPassiveEffectsImpl [90m(C:\Users\husey\kiro2\frontend\[39mnode_modules\[4mreact-dom[24m\cjs\react-dom.development.js:27078:3[90m)[39m
    at flushPassiveEffects [90m(C:\Users\husey\kiro2\frontend\[39mnode_modules\[4mreact-dom[24m\cjs\react-dom.development.js:27023:14[90m)[39m
    at [90mC:\Users\husey\kiro2\frontend\[39mnode_modules\[4mreact-dom[24m\cjs\react-dom.development.js:26808:9

            </system-err>
            <failure message="messagesEndRef.current?.scrollIntoView is not a function" type="TypeError">
TypeError: messagesEndRef.current?.scrollIntoView is not a function
 ❯ scrollToBottom src/components/StudyRooms/ChatInterface.tsx:100:29
 ❯ src/components/StudyRooms/ChatInterface.tsx:104:5
 ❯ commitHookEffectListMount node_modules/react-dom/cjs/react-dom.development.js:23189:26
 ❯ commitPassiveMountOnFiber node_modules/react-dom/cjs/react-dom.development.js:24970:11
 ❯ commitPassiveMountEffects_complete node_modules/react-dom/cjs/react-dom.development.js:24930:9
 ❯ commitPassiveMountEffects_begin node_modules/react-dom/cjs/react-dom.development.js:24917:7
 ❯ commitPassiveMountEffects node_modules/react-dom/cjs/react-dom.development.js:24905:3
 ❯ flushPassiveEffectsImpl node_modules/react-dom/cjs/react-dom.development.js:27078:3
 ❯ flushPassiveEffects node_modules/react-dom/cjs/react-dom.development.js:27023:14
 ❯ node_modules/react-dom/cjs/react-dom.development.js:26808:9
            </failure>
            <failure message="jest is not defined" type="ReferenceError">
ReferenceError: jest is not defined
 ❯ src/components/StudyRooms/__tests__/ChatInterface.test.tsx:84:5
            </failure>
        </testcase>
        <testcase classname="src/components/StudyRooms/__tests__/ChatInterface.test.tsx" name="ChatInterface Component &gt; Accessibility &gt; has proper ARIA labels" time="0.1076367">
            <system-err>
Error: Uncaught [TypeError: messagesEndRef.current?.scrollIntoView is not a function]
    at reportException (C:\Users\husey\kiro2\frontend\node_modules\jsdom\lib\jsdom\living\helpers\runtime-script-errors.js:66:24)
    at innerInvokeEventListeners (C:\Users\husey\kiro2\frontend\node_modules\jsdom\lib\jsdom\living\events\EventTarget-impl.js:353:9)
    at invokeEventListeners (C:\Users\husey\kiro2\frontend\node_modules\jsdom\lib\jsdom\living\events\EventTarget-impl.js:286:3)
    at HTMLUnknownElementImpl._dispatch (C:\Users\husey\kiro2\frontend\node_modules\jsdom\lib\jsdom\living\events\EventTarget-impl.js:233:9)
    at HTMLUnknownElementImpl.dispatchEvent (C:\Users\husey\kiro2\frontend\node_modules\jsdom\lib\jsdom\living\events\EventTarget-impl.js:104:17)
    at HTMLUnknownElement.dispatchEvent (C:\Users\husey\kiro2\frontend\node_modules\jsdom\lib\jsdom\living\generated\EventTarget.js:241:34)
    at Object.invokeGuardedCallbackDev (C:\Users\husey\kiro2\frontend\node_modules\react-dom\cjs\react-dom.development.js:4213:16)
    at invokeGuardedCallback (C:\Users\husey\kiro2\frontend\node_modules\react-dom\cjs\react-dom.development.js:4277:31)
    at reportUncaughtErrorInDEV (C:\Users\husey\kiro2\frontend\node_modules\react-dom\cjs\react-dom.development.js:22877:5)
    at captureCommitPhaseError (C:\Users\husey\kiro2\frontend\node_modules\react-dom\cjs\react-dom.development.js:27165:5) TypeError: messagesEndRef.current?.scrollIntoView is not a function
    at scrollToBottom [90m(C:\Users\husey\kiro2\frontend\[39msrc\components\StudyRooms\ChatInterface.tsx:100:29[90m)[39m
    at [90mC:\Users\husey\kiro2\frontend\[39msrc\components\StudyRooms\ChatInterface.tsx:104:5
    at commitHookEffectListMount [90m(C:\Users\husey\kiro2\frontend\[39mnode_modules\[4mreact-dom[24m\cjs\react-dom.development.js:23189:26[90m)[39m
    at commitPassiveMountOnFiber [90m(C:\Users\husey\kiro2\frontend\[39mnode_modules\[4mreact-dom[24m\cjs\react-dom.development.js:24970:11[90m)[39m
    at commitPassiveMountEffects_complete [90m(C:\Users\husey\kiro2\frontend\[39mnode_modules\[4mreact-dom[24m\cjs\react-dom.development.js:24930:9[90m)[39m
    at commitPassiveMountEffects_begin [90m(C:\Users\husey\kiro2\frontend\[39mnode_modules\[4mreact-dom[24m\cjs\react-dom.development.js:24917:7[90m)[39m
    at commitPassiveMountEffects [90m(C:\Users\husey\kiro2\frontend\[39mnode_modules\[4mreact-dom[24m\cjs\react-dom.development.js:24905:3[90m)[39m
    at flushPassiveEffectsImpl [90m(C:\Users\husey\kiro2\frontend\[39mnode_modules\[4mreact-dom[24m\cjs\react-dom.development.js:27078:3[90m)[39m
    at flushPassiveEffects [90m(C:\Users\husey\kiro2\frontend\[39mnode_modules\[4mreact-dom[24m\cjs\react-dom.development.js:27023:14[90m)[39m
    at [90mC:\Users\husey\kiro2\frontend\[39mnode_modules\[4mreact-dom[24m\cjs\react-dom.development.js:26808:9

            </system-err>
            <failure message="messagesEndRef.current?.scrollIntoView is not a function" type="TypeError">
TypeError: messagesEndRef.current?.scrollIntoView is not a function
 ❯ scrollToBottom src/components/StudyRooms/ChatInterface.tsx:100:29
 ❯ src/components/StudyRooms/ChatInterface.tsx:104:5
 ❯ commitHookEffectListMount node_modules/react-dom/cjs/react-dom.development.js:23189:26
 ❯ commitPassiveMountOnFiber node_modules/react-dom/cjs/react-dom.development.js:24970:11
 ❯ commitPassiveMountEffects_complete node_modules/react-dom/cjs/react-dom.development.js:24930:9
 ❯ commitPassiveMountEffects_begin node_modules/react-dom/cjs/react-dom.development.js:24917:7
 ❯ commitPassiveMountEffects node_modules/react-dom/cjs/react-dom.development.js:24905:3
 ❯ flushPassiveEffectsImpl node_modules/react-dom/cjs/react-dom.development.js:27078:3
 ❯ flushPassiveEffects node_modules/react-dom/cjs/react-dom.development.js:27023:14
 ❯ node_modules/react-dom/cjs/react-dom.development.js:26808:9
            </failure>
            <failure message="jest is not defined" type="ReferenceError">
ReferenceError: jest is not defined
 ❯ src/components/StudyRooms/__tests__/ChatInterface.test.tsx:84:5
            </failure>
        </testcase>
        <testcase classname="src/components/StudyRooms/__tests__/ChatInterface.test.tsx" name="ChatInterface Component &gt; Accessibility &gt; supports keyboard navigation" time="0.114837">
            <system-err>
Error: Uncaught [TypeError: messagesEndRef.current?.scrollIntoView is not a function]
    at reportException (C:\Users\husey\kiro2\frontend\node_modules\jsdom\lib\jsdom\living\helpers\runtime-script-errors.js:66:24)
    at innerInvokeEventListeners (C:\Users\husey\kiro2\frontend\node_modules\jsdom\lib\jsdom\living\events\EventTarget-impl.js:353:9)
    at invokeEventListeners (C:\Users\husey\kiro2\frontend\node_modules\jsdom\lib\jsdom\living\events\EventTarget-impl.js:286:3)
    at HTMLUnknownElementImpl._dispatch (C:\Users\husey\kiro2\frontend\node_modules\jsdom\lib\jsdom\living\events\EventTarget-impl.js:233:9)
    at HTMLUnknownElementImpl.dispatchEvent (C:\Users\husey\kiro2\frontend\node_modules\jsdom\lib\jsdom\living\events\EventTarget-impl.js:104:17)
    at HTMLUnknownElement.dispatchEvent (C:\Users\husey\kiro2\frontend\node_modules\jsdom\lib\jsdom\living\generated\EventTarget.js:241:34)
    at Object.invokeGuardedCallbackDev (C:\Users\husey\kiro2\frontend\node_modules\react-dom\cjs\react-dom.development.js:4213:16)
    at invokeGuardedCallback (C:\Users\husey\kiro2\frontend\node_modules\react-dom\cjs\react-dom.development.js:4277:31)
    at reportUncaughtErrorInDEV (C:\Users\husey\kiro2\frontend\node_modules\react-dom\cjs\react-dom.development.js:22877:5)
    at captureCommitPhaseError (C:\Users\husey\kiro2\frontend\node_modules\react-dom\cjs\react-dom.development.js:27165:5) TypeError: messagesEndRef.current?.scrollIntoView is not a function
    at scrollToBottom [90m(C:\Users\husey\kiro2\frontend\[39msrc\components\StudyRooms\ChatInterface.tsx:100:29[90m)[39m
    at [90mC:\Users\husey\kiro2\frontend\[39msrc\components\StudyRooms\ChatInterface.tsx:104:5
    at commitHookEffectListMount [90m(C:\Users\husey\kiro2\frontend\[39mnode_modules\[4mreact-dom[24m\cjs\react-dom.development.js:23189:26[90m)[39m
    at commitPassiveMountOnFiber [90m(C:\Users\husey\kiro2\frontend\[39mnode_modules\[4mreact-dom[24m\cjs\react-dom.development.js:24970:11[90m)[39m
    at commitPassiveMountEffects_complete [90m(C:\Users\husey\kiro2\frontend\[39mnode_modules\[4mreact-dom[24m\cjs\react-dom.development.js:24930:9[90m)[39m
    at commitPassiveMountEffects_begin [90m(C:\Users\husey\kiro2\frontend\[39mnode_modules\[4mreact-dom[24m\cjs\react-dom.development.js:24917:7[90m)[39m
    at commitPassiveMountEffects [90m(C:\Users\husey\kiro2\frontend\[39mnode_modules\[4mreact-dom[24m\cjs\react-dom.development.js:24905:3[90m)[39m
    at flushPassiveEffectsImpl [90m(C:\Users\husey\kiro2\frontend\[39mnode_modules\[4mreact-dom[24m\cjs\react-dom.development.js:27078:3[90m)[39m
    at flushPassiveEffects [90m(C:\Users\husey\kiro2\frontend\[39mnode_modules\[4mreact-dom[24m\cjs\react-dom.development.js:27023:14[90m)[39m
    at [90mC:\Users\husey\kiro2\frontend\[39mnode_modules\[4mreact-dom[24m\cjs\react-dom.development.js:26808:9

            </system-err>
            <failure message="messagesEndRef.current?.scrollIntoView is not a function" type="TypeError">
TypeError: messagesEndRef.current?.scrollIntoView is not a function
 ❯ scrollToBottom src/components/StudyRooms/ChatInterface.tsx:100:29
 ❯ src/components/StudyRooms/ChatInterface.tsx:104:5
 ❯ commitHookEffectListMount node_modules/react-dom/cjs/react-dom.development.js:23189:26
 ❯ commitPassiveMountOnFiber node_modules/react-dom/cjs/react-dom.development.js:24970:11
 ❯ commitPassiveMountEffects_complete node_modules/react-dom/cjs/react-dom.development.js:24930:9
 ❯ commitPassiveMountEffects_begin node_modules/react-dom/cjs/react-dom.development.js:24917:7
 ❯ commitPassiveMountEffects node_modules/react-dom/cjs/react-dom.development.js:24905:3
 ❯ flushPassiveEffectsImpl node_modules/react-dom/cjs/react-dom.development.js:27078:3
 ❯ flushPassiveEffects node_modules/react-dom/cjs/react-dom.development.js:27023:14
 ❯ node_modules/react-dom/cjs/react-dom.development.js:26808:9
            </failure>
            <failure message="jest is not defined" type="ReferenceError">
ReferenceError: jest is not defined
 ❯ src/components/StudyRooms/__tests__/ChatInterface.test.tsx:84:5
            </failure>
        </testcase>
        <testcase classname="src/components/StudyRooms/__tests__/ChatInterface.test.tsx" name="ChatInterface Component &gt; Error Handling &gt; handles message fetch errors" time="0.1343349">
            <system-err>
Error: Uncaught [TypeError: messagesEndRef.current?.scrollIntoView is not a function]
    at reportException (C:\Users\husey\kiro2\frontend\node_modules\jsdom\lib\jsdom\living\helpers\runtime-script-errors.js:66:24)
    at innerInvokeEventListeners (C:\Users\husey\kiro2\frontend\node_modules\jsdom\lib\jsdom\living\events\EventTarget-impl.js:353:9)
    at invokeEventListeners (C:\Users\husey\kiro2\frontend\node_modules\jsdom\lib\jsdom\living\events\EventTarget-impl.js:286:3)
    at HTMLUnknownElementImpl._dispatch (C:\Users\husey\kiro2\frontend\node_modules\jsdom\lib\jsdom\living\events\EventTarget-impl.js:233:9)
    at HTMLUnknownElementImpl.dispatchEvent (C:\Users\husey\kiro2\frontend\node_modules\jsdom\lib\jsdom\living\events\EventTarget-impl.js:104:17)
    at HTMLUnknownElement.dispatchEvent (C:\Users\husey\kiro2\frontend\node_modules\jsdom\lib\jsdom\living\generated\EventTarget.js:241:34)
    at Object.invokeGuardedCallbackDev (C:\Users\husey\kiro2\frontend\node_modules\react-dom\cjs\react-dom.development.js:4213:16)
    at invokeGuardedCallback (C:\Users\husey\kiro2\frontend\node_modules\react-dom\cjs\react-dom.development.js:4277:31)
    at reportUncaughtErrorInDEV (C:\Users\husey\kiro2\frontend\node_modules\react-dom\cjs\react-dom.development.js:22877:5)
    at captureCommitPhaseError (C:\Users\husey\kiro2\frontend\node_modules\react-dom\cjs\react-dom.development.js:27165:5) TypeError: messagesEndRef.current?.scrollIntoView is not a function
    at scrollToBottom [90m(C:\Users\husey\kiro2\frontend\[39msrc\components\StudyRooms\ChatInterface.tsx:100:29[90m)[39m
    at [90mC:\Users\husey\kiro2\frontend\[39msrc\components\StudyRooms\ChatInterface.tsx:104:5
    at commitHookEffectListMount [90m(C:\Users\husey\kiro2\frontend\[39mnode_modules\[4mreact-dom[24m\cjs\react-dom.development.js:23189:26[90m)[39m
    at commitPassiveMountOnFiber [90m(C:\Users\husey\kiro2\frontend\[39mnode_modules\[4mreact-dom[24m\cjs\react-dom.development.js:24970:11[90m)[39m
    at commitPassiveMountEffects_complete [90m(C:\Users\husey\kiro2\frontend\[39mnode_modules\[4mreact-dom[24m\cjs\react-dom.development.js:24930:9[90m)[39m
    at commitPassiveMountEffects_begin [90m(C:\Users\husey\kiro2\frontend\[39mnode_modules\[4mreact-dom[24m\cjs\react-dom.development.js:24917:7[90m)[39m
    at commitPassiveMountEffects [90m(C:\Users\husey\kiro2\frontend\[39mnode_modules\[4mreact-dom[24m\cjs\react-dom.development.js:24905:3[90m)[39m
    at flushPassiveEffectsImpl [90m(C:\Users\husey\kiro2\frontend\[39mnode_modules\[4mreact-dom[24m\cjs\react-dom.development.js:27078:3[90m)[39m
    at flushPassiveEffects [90m(C:\Users\husey\kiro2\frontend\[39mnode_modules\[4mreact-dom[24m\cjs\react-dom.development.js:27023:14[90m)[39m
    at [90mC:\Users\husey\kiro2\frontend\[39mnode_modules\[4mreact-dom[24m\cjs\react-dom.development.js:26808:9

            </system-err>
            <failure message="messagesEndRef.current?.scrollIntoView is not a function" type="TypeError">
TypeError: messagesEndRef.current?.scrollIntoView is not a function
 ❯ scrollToBottom src/components/StudyRooms/ChatInterface.tsx:100:29
 ❯ src/components/StudyRooms/ChatInterface.tsx:104:5
 ❯ commitHookEffectListMount node_modules/react-dom/cjs/react-dom.development.js:23189:26
 ❯ commitPassiveMountOnFiber node_modules/react-dom/cjs/react-dom.development.js:24970:11
 ❯ commitPassiveMountEffects_complete node_modules/react-dom/cjs/react-dom.development.js:24930:9
 ❯ commitPassiveMountEffects_begin node_modules/react-dom/cjs/react-dom.development.js:24917:7
 ❯ commitPassiveMountEffects node_modules/react-dom/cjs/react-dom.development.js:24905:3
 ❯ flushPassiveEffectsImpl node_modules/react-dom/cjs/react-dom.development.js:27078:3
 ❯ flushPassiveEffects node_modules/react-dom/cjs/react-dom.development.js:27023:14
 ❯ node_modules/react-dom/cjs/react-dom.development.js:26808:9
            </failure>
            <failure message="jest is not defined" type="ReferenceError">
ReferenceError: jest is not defined
 ❯ src/components/StudyRooms/__tests__/ChatInterface.test.tsx:84:5
            </failure>
        </testcase>
        <testcase classname="src/components/StudyRooms/__tests__/ChatInterface.test.tsx" name="ChatInterface Component &gt; Error Handling &gt; handles message send errors" time="0.1077902">
            <system-err>
Error: Uncaught [TypeError: messagesEndRef.current?.scrollIntoView is not a function]
    at reportException (C:\Users\husey\kiro2\frontend\node_modules\jsdom\lib\jsdom\living\helpers\runtime-script-errors.js:66:24)
    at innerInvokeEventListeners (C:\Users\husey\kiro2\frontend\node_modules\jsdom\lib\jsdom\living\events\EventTarget-impl.js:353:9)
    at invokeEventListeners (C:\Users\husey\kiro2\frontend\node_modules\jsdom\lib\jsdom\living\events\EventTarget-impl.js:286:3)
    at HTMLUnknownElementImpl._dispatch (C:\Users\husey\kiro2\frontend\node_modules\jsdom\lib\jsdom\living\events\EventTarget-impl.js:233:9)
    at HTMLUnknownElementImpl.dispatchEvent (C:\Users\husey\kiro2\frontend\node_modules\jsdom\lib\jsdom\living\events\EventTarget-impl.js:104:17)
    at HTMLUnknownElement.dispatchEvent (C:\Users\husey\kiro2\frontend\node_modules\jsdom\lib\jsdom\living\generated\EventTarget.js:241:34)
    at Object.invokeGuardedCallbackDev (C:\Users\husey\kiro2\frontend\node_modules\react-dom\cjs\react-dom.development.js:4213:16)
    at invokeGuardedCallback (C:\Users\husey\kiro2\frontend\node_modules\react-dom\cjs\react-dom.development.js:4277:31)
    at reportUncaughtErrorInDEV (C:\Users\husey\kiro2\frontend\node_modules\react-dom\cjs\react-dom.development.js:22877:5)
    at captureCommitPhaseError (C:\Users\husey\kiro2\frontend\node_modules\react-dom\cjs\react-dom.development.js:27165:5) TypeError: messagesEndRef.current?.scrollIntoView is not a function
    at scrollToBottom [90m(C:\Users\husey\kiro2\frontend\[39msrc\components\StudyRooms\ChatInterface.tsx:100:29[90m)[39m
    at [90mC:\Users\husey\kiro2\frontend\[39msrc\components\StudyRooms\ChatInterface.tsx:104:5
    at commitHookEffectListMount [90m(C:\Users\husey\kiro2\frontend\[39mnode_modules\[4mreact-dom[24m\cjs\react-dom.development.js:23189:26[90m)[39m
    at commitPassiveMountOnFiber [90m(C:\Users\husey\kiro2\frontend\[39mnode_modules\[4mreact-dom[24m\cjs\react-dom.development.js:24970:11[90m)[39m
    at commitPassiveMountEffects_complete [90m(C:\Users\husey\kiro2\frontend\[39mnode_modules\[4mreact-dom[24m\cjs\react-dom.development.js:24930:9[90m)[39m
    at commitPassiveMountEffects_begin [90m(C:\Users\husey\kiro2\frontend\[39mnode_modules\[4mreact-dom[24m\cjs\react-dom.development.js:24917:7[90m)[39m
    at commitPassiveMountEffects [90m(C:\Users\husey\kiro2\frontend\[39mnode_modules\[4mreact-dom[24m\cjs\react-dom.development.js:24905:3[90m)[39m
    at flushPassiveEffectsImpl [90m(C:\Users\husey\kiro2\frontend\[39mnode_modules\[4mreact-dom[24m\cjs\react-dom.development.js:27078:3[90m)[39m
    at flushPassiveEffects [90m(C:\Users\husey\kiro2\frontend\[39mnode_modules\[4mreact-dom[24m\cjs\react-dom.development.js:27023:14[90m)[39m
    at [90mC:\Users\husey\kiro2\frontend\[39mnode_modules\[4mreact-dom[24m\cjs\react-dom.development.js:26808:9

            </system-err>
            <failure message="messagesEndRef.current?.scrollIntoView is not a function" type="TypeError">
TypeError: messagesEndRef.current?.scrollIntoView is not a function
 ❯ scrollToBottom src/components/StudyRooms/ChatInterface.tsx:100:29
 ❯ src/components/StudyRooms/ChatInterface.tsx:104:5
 ❯ commitHookEffectListMount node_modules/react-dom/cjs/react-dom.development.js:23189:26
 ❯ commitPassiveMountOnFiber node_modules/react-dom/cjs/react-dom.development.js:24970:11
 ❯ commitPassiveMountEffects_complete node_modules/react-dom/cjs/react-dom.development.js:24930:9
 ❯ commitPassiveMountEffects_begin node_modules/react-dom/cjs/react-dom.development.js:24917:7
 ❯ commitPassiveMountEffects node_modules/react-dom/cjs/react-dom.development.js:24905:3
 ❯ flushPassiveEffectsImpl node_modules/react-dom/cjs/react-dom.development.js:27078:3
 ❯ flushPassiveEffects node_modules/react-dom/cjs/react-dom.development.js:27023:14
 ❯ node_modules/react-dom/cjs/react-dom.development.js:26808:9
            </failure>
            <failure message="jest is not defined" type="ReferenceError">
ReferenceError: jest is not defined
 ❯ src/components/StudyRooms/__tests__/ChatInterface.test.tsx:84:5
            </failure>
        </testcase>
        <testcase classname="src/components/StudyRooms/__tests__/ChatInterface.test.tsx" name="ChatInterface Component &gt; Error Handling &gt; handles file upload errors" time="0.1127398">
            <system-err>
Error: Uncaught [TypeError: messagesEndRef.current?.scrollIntoView is not a function]
    at reportException (C:\Users\husey\kiro2\frontend\node_modules\jsdom\lib\jsdom\living\helpers\runtime-script-errors.js:66:24)
    at innerInvokeEventListeners (C:\Users\husey\kiro2\frontend\node_modules\jsdom\lib\jsdom\living\events\EventTarget-impl.js:353:9)
    at invokeEventListeners (C:\Users\husey\kiro2\frontend\node_modules\jsdom\lib\jsdom\living\events\EventTarget-impl.js:286:3)
    at HTMLUnknownElementImpl._dispatch (C:\Users\husey\kiro2\frontend\node_modules\jsdom\lib\jsdom\living\events\EventTarget-impl.js:233:9)
    at HTMLUnknownElementImpl.dispatchEvent (C:\Users\husey\kiro2\frontend\node_modules\jsdom\lib\jsdom\living\events\EventTarget-impl.js:104:17)
    at HTMLUnknownElement.dispatchEvent (C:\Users\husey\kiro2\frontend\node_modules\jsdom\lib\jsdom\living\generated\EventTarget.js:241:34)
    at Object.invokeGuardedCallbackDev (C:\Users\husey\kiro2\frontend\node_modules\react-dom\cjs\react-dom.development.js:4213:16)
    at invokeGuardedCallback (C:\Users\husey\kiro2\frontend\node_modules\react-dom\cjs\react-dom.development.js:4277:31)
    at reportUncaughtErrorInDEV (C:\Users\husey\kiro2\frontend\node_modules\react-dom\cjs\react-dom.development.js:22877:5)
    at captureCommitPhaseError (C:\Users\husey\kiro2\frontend\node_modules\react-dom\cjs\react-dom.development.js:27165:5) TypeError: messagesEndRef.current?.scrollIntoView is not a function
    at scrollToBottom [90m(C:\Users\husey\kiro2\frontend\[39msrc\components\StudyRooms\ChatInterface.tsx:100:29[90m)[39m
    at [90mC:\Users\husey\kiro2\frontend\[39msrc\components\StudyRooms\ChatInterface.tsx:104:5
    at commitHookEffectListMount [90m(C:\Users\husey\kiro2\frontend\[39mnode_modules\[4mreact-dom[24m\cjs\react-dom.development.js:23189:26[90m)[39m
    at commitPassiveMountOnFiber [90m(C:\Users\husey\kiro2\frontend\[39mnode_modules\[4mreact-dom[24m\cjs\react-dom.development.js:24970:11[90m)[39m
    at commitPassiveMountEffects_complete [90m(C:\Users\husey\kiro2\frontend\[39mnode_modules\[4mreact-dom[24m\cjs\react-dom.development.js:24930:9[90m)[39m
    at commitPassiveMountEffects_begin [90m(C:\Users\husey\kiro2\frontend\[39mnode_modules\[4mreact-dom[24m\cjs\react-dom.development.js:24917:7[90m)[39m
    at commitPassiveMountEffects [90m(C:\Users\husey\kiro2\frontend\[39mnode_modules\[4mreact-dom[24m\cjs\react-dom.development.js:24905:3[90m)[39m
    at flushPassiveEffectsImpl [90m(C:\Users\husey\kiro2\frontend\[39mnode_modules\[4mreact-dom[24m\cjs\react-dom.development.js:27078:3[90m)[39m
    at flushPassiveEffects [90m(C:\Users\husey\kiro2\frontend\[39mnode_modules\[4mreact-dom[24m\cjs\react-dom.development.js:27023:14[90m)[39m
    at [90mC:\Users\husey\kiro2\frontend\[39mnode_modules\[4mreact-dom[24m\cjs\react-dom.development.js:26808:9

            </system-err>
            <failure message="messagesEndRef.current?.scrollIntoView is not a function" type="TypeError">
TypeError: messagesEndRef.current?.scrollIntoView is not a function
 ❯ scrollToBottom src/components/StudyRooms/ChatInterface.tsx:100:29
 ❯ src/components/StudyRooms/ChatInterface.tsx:104:5
 ❯ commitHookEffectListMount node_modules/react-dom/cjs/react-dom.development.js:23189:26
 ❯ commitPassiveMountOnFiber node_modules/react-dom/cjs/react-dom.development.js:24970:11
 ❯ commitPassiveMountEffects_complete node_modules/react-dom/cjs/react-dom.development.js:24930:9
 ❯ commitPassiveMountEffects_begin node_modules/react-dom/cjs/react-dom.development.js:24917:7
 ❯ commitPassiveMountEffects node_modules/react-dom/cjs/react-dom.development.js:24905:3
 ❯ flushPassiveEffectsImpl node_modules/react-dom/cjs/react-dom.development.js:27078:3
 ❯ flushPassiveEffects node_modules/react-dom/cjs/react-dom.development.js:27023:14
 ❯ node_modules/react-dom/cjs/react-dom.development.js:26808:9
            </failure>
            <failure message="jest is not defined" type="ReferenceError">
ReferenceError: jest is not defined
 ❯ src/components/StudyRooms/__tests__/ChatInterface.test.tsx:84:5
            </failure>
        </testcase>
    </testsuite>
    <testsuite name="src/components/StudyRooms/__tests__/CollaborativeWhiteboard.test.tsx" timestamp="2025-11-14T16:56:52.857Z" hostname="ates" tests="1" failures="1" errors="0" skipped="0" time="0">
        <testcase classname="src/components/StudyRooms/__tests__/CollaborativeWhiteboard.test.tsx" name="src/components/StudyRooms/__tests__/CollaborativeWhiteboard.test.tsx" time="0">
            <failure message="jest is not defined" type="ReferenceError">
ReferenceError: jest is not defined
 ❯ src/components/StudyRooms/__tests__/CollaborativeWhiteboard.test.tsx:75:14
            </failure>
        </testcase>
    </testsuite>
    <testsuite name="src/components/StudyRooms/__tests__/FileManager.test.tsx" timestamp="2025-11-14T16:56:52.859Z" hostname="ates" tests="28" failures="11" errors="0" skipped="0" time="38.9960053">
        <testcase classname="src/components/StudyRooms/__tests__/FileManager.test.tsx" name="FileManager Component &gt; Rendering &gt; renders file manager header" time="0.9770481">
        </testcase>
        <testcase classname="src/components/StudyRooms/__tests__/FileManager.test.tsx" name="FileManager Component &gt; Rendering &gt; loads and displays files" time="1.1485228">
        </testcase>
        <testcase classname="src/components/StudyRooms/__tests__/FileManager.test.tsx" name="FileManager Component &gt; Rendering &gt; shows loading state initially" time="0.1872642">
        </testcase>
        <testcase classname="src/components/StudyRooms/__tests__/FileManager.test.tsx" name="FileManager Component &gt; Rendering &gt; displays file metadata correctly" time="1.2955191">
            <failure message="Unable to find an element with the text: 1.00 MB. This could be because the text is broken up by multiple elements. In this case, you can provide a function for your text matcher to make your matcher more flexible.

Ignored nodes: comments, script, style
[36m&lt;body&gt;[39m
  [36m&lt;div&gt;[39m
    [36m&lt;div[39m
      [33mclass[39m=[32m&quot;MuiBox-root css-19kzrtu&quot;[39m
    [36m&gt;[39m
      [36m&lt;div[39m
        [33mclass[39m=[32m&quot;MuiBox-root css-v08z5u&quot;[39m
      [36m&gt;[39m
        [36m&lt;h5[39m
          [33mclass[39m=[32m&quot;MuiTypography-root MuiTypography-h5 css-bezmlo-MuiTypography-root&quot;[39m
        [36m&gt;[39m
          [0m📁 Dosyalar[0m
        [36m&lt;/h5&gt;[39m
        [36m&lt;div[39m
          [33mclass[39m=[32m&quot;MuiBox-root css-1i27l4i&quot;[39m
        [36m&gt;[39m
          [36m&lt;button[39m
            [33mclass[39m=[32m&quot;MuiButtonBase-root MuiIconButton-root MuiIconButton-colorPrimary MuiIconButton-sizeMedium css-1kuq5xv-MuiButtonBase-root-MuiIconButton-root&quot;[39m
            [33mtabindex[39m=[32m&quot;0&quot;[39m
            [33mtype[39m=[32m&quot;button&quot;[39m
          [36m&gt;[39m
            [36m&lt;svg[39m
              [33maria-hidden[39m=[32m&quot;true&quot;[39m
              [33mclass[39m=[32m&quot;MuiSvgIcon-root MuiSvgIcon-fontSizeMedium css-i4bv87-MuiSvgIcon-root&quot;[39m
              [33mdata-testid[39m=[32m&quot;GridViewIcon&quot;[39m
              [33mfocusable[39m=[32m&quot;false&quot;[39m
              [33mviewBox[39m=[32m&quot;0 0 24 24&quot;[39m
            [36m&gt;[39m
              [36m&lt;path[39m
                [33md[39m=[32m&quot;M3 3v8h8V3zm6 6H5V5h4zm-6 4v8h8v-8zm6 6H5v-4h4zm4-16v8h8V3zm6 6h-4V5h4zm-6 4v8h8v-8zm6 6h-4v-4h4z&quot;[39m
                [33mfill-rule[39m=[32m&quot;evenodd&quot;[39m
              [36m/&gt;[39m
            [36m&lt;/svg&gt;[39m
            [36m&lt;span[39m
              [33mclass[39m=[32m&quot;MuiTouchRipple-root css-8je8zh-MuiTouchRipple-root&quot;[39m
            [36m/&gt;[39m
          [36m&lt;/button&gt;[39m
          [36m&lt;button[39m
            [33mclass[39m=[32m&quot;MuiButtonBase-root MuiIconButton-root MuiIconButton-sizeMedium css-78trlr-MuiButtonBase-root-MuiIconButton-root&quot;[39m
            [33mtabindex[39m=[32m&quot;0&quot;[39m
            [33mtype[39m=[32m&quot;button&quot;[39m
          [36m&gt;[39m
            [36m&lt;svg[39m
              [33maria-hidden[39m=[32m&quot;true&quot;[39m
              [33mclass[39m=[32m&quot;MuiSvgIcon-root MuiSvgIcon-fontSizeMedium css-i4bv87-MuiSvgIcon-root&quot;[39m
              [33mdata-testid[39m=[32m&quot;ViewListIcon&quot;[39m
              [33mfocusable[39m=[32m&quot;false&quot;[39m
              [33mviewBox[39m=[32m&quot;0 0 24 24&quot;[39m
            [36m&gt;[39m
              [36m&lt;path[39m
                [33md[39m=[32m&quot;M3 14h4v-4H3zm0 5h4v-4H3zM3 9h4V5H3zm5 5h13v-4H8zm0 5h13v-4H8zM8 5v4h13V5z&quot;[39m
              [36m/&gt;[39m
            [36m&lt;/svg&gt;[39m
            [36m&lt;span[39m
              [33mclass[39m=[32m&quot;MuiTouchRipple-root css-8je8zh-MuiTouchRipple-root&quot;[39m
            [36m/&gt;[39m
          [36m&lt;/button&gt;[39m
          [36m&lt;input[39m
            [33mhidden[39m=[32m&quot;&quot;[39m
            [33mtype[39m=[32m&quot;file&quot;[39m
          [36m/&gt;[39m
          [36m&lt;button[39m
            [33mclass[39m=[32m&quot;MuiButtonBase-root MuiButton-root MuiButton-contained MuiButton-containedPrimary MuiButton-sizeMedium MuiButton-containedSizeMedium MuiButton-colorPrimary MuiButton-root MuiButton-contained MuiButton-containedPrimary MuiButton-sizeMedium MuiButton-containedSizeMedium MuiButton-colorPrimary css-sghohy-MuiButtonBase-root-MuiButton-root&quot;[39m
            [33mtabindex[39m=[32m&quot;0&quot;[39m
            [33mtype[39m=[32m&quot;button&quot;[39m
          [36m&gt;[39m
            [36m&lt;span[39m
              [33mclass[39m=[32m&quot;MuiButton-icon MuiButton-startIcon MuiButton-iconSizeMedium css-1d6wzja-MuiButton-startIcon&quot;[39m
            [36m&gt;[39m
              [36m&lt;svg[39m
                [33maria-hidden[39m=[32m&quot;true&quot;[39m
                [33mclass[39m=[32m&quot;MuiSvgIcon-root MuiSvgIcon-fontSizeMedium css-i4bv87-MuiSvgIcon-root&quot;[39m
                [33mdata-testid[39m=[32m&quot;CloudUploadIcon&quot;[39m
                [33mfocusable[39m=[32m&quot;false&quot;[39m
                [33mviewBox[39m=[32m&quot;0 0 24 24&quot;[39m
              [36m&gt;[39m
                [36m&lt;path[39m
                  [33md[39m=[32m&quot;M19.35 10.04C18.67 6.59 15.64 4 12 4 9.11 4 6.6 5.64 5.35 8.04 2.34 8.36 0 10.91 0 14c0 3.31 2.69 6 6 6h13c2.76 0 5-2.24 5-5 0-2.64-2.05-4.78-4.65-4.96M14 13v4h-4v-4H7l5-5 5 5z&quot;[39m
                [36m/&gt;[39m
              [36m&lt;/svg&gt;[39m
            [36m&lt;/span&gt;[39m
            [0mDosya Yükle[0m
            [36m&lt;span[39m
              [33mclass[39m=[32m&quot;MuiTouchRipple-root css-8je8zh-MuiTouchRipple-root&quot;[39m
            [36m/&gt;[39m
          [36m&lt;/button&gt;[39m
        [36m&lt;/div&gt;[39m
      [36m&lt;/div&gt;[39m
      [36m&lt;div[39m
        [33mclass[39m=[32m&quot;MuiBox-root css-1lwwoo2&quot;[39m
      [36m&gt;[39m
        [36m&lt;div[39m
          [33mclass[39m=[32m&quot;MuiFormControl-root MuiTextField-root css-18bz3y-MuiFormControl-root-MuiTextField-root&quot;[39m
        [36m&gt;[39m
          [36m&lt;div[39m
            [33mclass[39m=[32m&quot;MuiInputBase-root MuiOutlinedInput-root MuiInputBase-colorPrimary MuiInputBase-formControl MuiInputBase-sizeSmall css-9ddj71-MuiInputBase-root-MuiOutlinedInput-root&quot;[39m
          [36m&gt;[39m
            [36m&lt;input[39m
              [33maria-invalid[39m=[32m&quot;false&quot;[39m
              [33mclass[39m=[32m&quot;MuiInputBase-input MuiOutlinedInput-input MuiInputBase-inputSizeSmall css-1n4twyu-MuiInputBase-input-MuiOutlinedInput-input&quot;[39m
              [33mid[39m=[32m&quot;:rb:&quot;[39m
              [33mplaceholder[39m=[32m&quot;Dosya ara...&quot;[39m
              [33mtype[39m=[32m&quot;text&quot;[39m
              [33mvalue[39m=[32m&quot;&quot;[39m
            [36m/&gt;[39m
            [36m&lt;fieldset[39m
              [33maria-hidden[39m=[32m&quot;true&quot;[39m
              [33mclass[39m=[32m&quot;MuiOutlinedInput-notchedOutline css-r01yff-MuiNotchedOutlined-root-MuiOutlinedInput-notchedOutline&quot;[39m
            [36m&gt;[39m
              [36m&lt;legend[39m
                [33mclass[39m=[32m&quot;css-1whs34k-MuiNotchedOutlined-root&quot;[39m
              [36m&gt;[39m
                [36m&lt;span[39m
                  [33mclass[39m=[32m&quot;notranslate&quot;[39m
                [36m&gt;[39m
                  [0m​[0m
                [36m&lt;/span&gt;[39m
              [36m&lt;/legend&gt;[39m
            [36m&lt;/fieldset&gt;[39m
          [36m&lt;/div&gt;[39m
        [36m&lt;/div&gt;[39m
        [36m&lt;div[39m
          [33mclass[39m=[32m&quot;MuiBox-root css-1i27l4i&quot;[39m
        [36m&gt;[39m
          [36m&lt;div[39m
            [33mclass[39m=[32m&quot;MuiButtonBase-root MuiChip-root MuiChip-filled MuiChip-sizeMedium MuiChip-colorPrimary MuiChip-clickable MuiChip-clickableColorPrimary MuiChip-filledPrimary css-ljcuss-MuiButtonBase-root-MuiChip-root&quot;[39m
            [33mrole[39m=[32m&quot;button&quot;[39m
            [33mtabindex[39m=[32m&quot;0&quot;[39m
          [36m&gt;[39m
            [36m&lt;span[39m
              [33mclass[39m=[32m&quot;MuiChip-label MuiChip-labelMedium css-6od3lo-MuiChip-label&quot;[39m
            [36m&gt;[39m
              [0mTümü[0m
            [36m&lt;/span&gt;[39m
            [36m&lt;span[39m
              [33mclass[...

Ignored nodes: comments, script, style
[36m&lt;html&gt;[39m
  [36m&lt;head /&gt;[39m
  [36m&lt;body&gt;[39m
    [36m&lt;div&gt;[39m
      [36m&lt;div[39m
        [33mclass[39m=[32m&quot;MuiBox-root css-19kzrtu&quot;[39m
      [36m&gt;[39m
        [36m&lt;div[39m
          [33mclass[39m=[32m&quot;MuiBox-root css-v08z5u&quot;[39m
        [36m&gt;[39m
          [36m&lt;h5[39m
            [33mclass[39m=[32m&quot;MuiTypography-root MuiTypography-h5 css-bezmlo-MuiTypography-root&quot;[39m
          [36m&gt;[39m
            [0m📁 Dosyalar[0m
          [36m&lt;/h5&gt;[39m
          [36m&lt;div[39m
            [33mclass[39m=[32m&quot;MuiBox-root css-1i27l4i&quot;[39m
          [36m&gt;[39m
            [36m&lt;button[39m
              [33mclass[39m=[32m&quot;MuiButtonBase-root MuiIconButton-root MuiIconButton-colorPrimary MuiIconButton-sizeMedium css-1kuq5xv-MuiButtonBase-root-MuiIconButton-root&quot;[39m
              [33mtabindex[39m=[32m&quot;0&quot;[39m
              [33mtype[39m=[32m&quot;button&quot;[39m
            [36m&gt;[39m
              [36m&lt;svg[39m
                [33maria-hidden[39m=[32m&quot;true&quot;[39m
                [33mclass[39m=[32m&quot;MuiSvgIcon-root MuiSvgIcon-fontSizeMedium css-i4bv87-MuiSvgIcon-root&quot;[39m
                [33mdata-testid[39m=[32m&quot;GridViewIcon&quot;[39m
                [33mfocusable[39m=[32m&quot;false&quot;[39m
                [33mviewBox[39m=[32m&quot;0 0 24 24&quot;[39m
              [36m&gt;[39m
                [36m&lt;path[39m
                  [33md[39m=[32m&quot;M3 3v8h8V3zm6 6H5V5h4zm-6 4v8h8v-8zm6 6H5v-4h4zm4-16v8h8V3zm6 6h-4V5h4zm-6 4v8h8v-8zm6 6h-4v-4h4z&quot;[39m
                  [33mfill-rule[39m=[32m&quot;evenodd&quot;[39m
                [36m/&gt;[39m
              [36m&lt;/svg&gt;[39m
              [36m&lt;span[39m
                [33mclass[39m=[32m&quot;MuiTouchRipple-root css-8je8zh-MuiTouchRipple-root&quot;[39m
              [36m/&gt;[39m
            [36m&lt;/button&gt;[39m
            [36m&lt;button[39m
              [33mclass[39m=[32m&quot;MuiButtonBase-root MuiIconButton-root MuiIconButton-sizeMedium css-78trlr-MuiButtonBase-root-MuiIconButton-root&quot;[39m
              [33mtabindex[39m=[32m&quot;0&quot;[39m
              [33mtype[39m=[32m&quot;button&quot;[39m
            [36m&gt;[39m
              [36m&lt;svg[39m
                [33maria-hidden[39m=[32m&quot;true&quot;[39m
                [33mclass[39m=[32m&quot;MuiSvgIcon-root MuiSvgIcon-fontSizeMedium css-i4bv87-MuiSvgIcon-root&quot;[39m
                [33mdata-testid[39m=[32m&quot;ViewListIcon&quot;[39m
                [33mfocusable[39m=[32m&quot;false&quot;[39m
                [33mviewBox[39m=[32m&quot;0 0 24 24&quot;[39m
              [36m&gt;[39m
                [36m&lt;path[39m
                  [33md[39m=[32m&quot;M3 14h4v-4H3zm0 5h4v-4H3zM3 9h4V5H3zm5 5h13v-4H8zm0 5h13v-4H8zM8 5v4h13V5z&quot;[39m
                [36m/&gt;[39m
              [36m&lt;/svg&gt;[39m
              [36m&lt;span[39m
                [33mclass[39m=[32m&quot;MuiTouchRipple-root css-8je8zh-MuiTouchRipple-root&quot;[39m
              [36m/&gt;[39m
            [36m&lt;/button&gt;[39m
            [36m&lt;input[39m
              [33mhidden[39m=[32m&quot;&quot;[39m
              [33mtype[39m=[32m&quot;file&quot;[39m
            [36m/&gt;[39m
            [36m&lt;button[39m
              [33mclass[39m=[32m&quot;MuiButtonBase-root MuiButton-root MuiButton-contained MuiButton-containedPrimary MuiButton-sizeMedium MuiButton-containedSizeMedium MuiButton-colorPrimary MuiButton-root MuiButton-contained MuiButton-containedPrimary MuiButton-sizeMedium MuiButton-containedSizeMedium MuiButton-colorPrimary css-sghohy-MuiButtonBase-root-MuiButton-root&quot;[39m
              [33mtabindex[39m=[32m&quot;0&quot;[39m
              [33mtype[39m=[32m&quot;button&quot;[39m
            [36m&gt;[39m
              [36m&lt;span[39m
                [33mclass[39m=[32m&quot;MuiButton-icon MuiButton-startIcon MuiButton-iconSizeMedium css-1d6wzja-MuiButton-startIcon&quot;[39m
              [36m&gt;[39m
                [36m&lt;svg[39m
                  [33maria-hidden[39m=[32m&quot;true&quot;[39m
                  [33mclass[39m=[32m&quot;MuiSvgIcon-root MuiSvgIcon-fontSizeMedium css-i4bv87-MuiSvgIcon-root&quot;[39m
                  [33mdata-testid[39m=[32m&quot;CloudUploadIcon&quot;[39m
                  [33mfocusable[39m=[32m&quot;false&quot;[39m
                  [33mviewBox[39m=[32m&quot;0 0 24 24&quot;[39m
                [36m&gt;[39m
                  [36m&lt;path[39m
                    [33md[39m=[32m&quot;M19.35 10.04C18.67 6.59 15.64 4 12 4 9.11 4 6.6 5.64 5.35 8.04 2.34 8.36 0 10.91 0 14c0 3.31 2.69 6 6 6h13c2.76 0 5-2.24 5-5 0-2.64-2.05-4.78-4.65-4.96M14 13v4h-4v-4H7l5-5 5 5z&quot;[39m
                  [36m/&gt;[39m
                [36m&lt;/svg&gt;[39m
              [36m&lt;/span&gt;[39m
              [0mDosya Yükle[0m
              [36m&lt;span[39m
                [33mclass[39m=[32m&quot;MuiTouchRipple-root css-8je8zh-MuiTouchRipple-root&quot;[39m
              [36m/&gt;[39m
            [36m&lt;/button&gt;[39m
          [36m&lt;/div&gt;[39m
        [36m&lt;/div&gt;[39m
        [36m&lt;div[39m
          [33mclass[39m=[32m&quot;MuiBox-root css-1lwwoo2&quot;[39m
        [36m&gt;[39m
          [36m&lt;div[39m
            [33mclass[39m=[32m&quot;MuiFormControl-root MuiTextField-root css-18bz3y-MuiFormControl-root-MuiTextField-root&quot;[39m
          [36m&gt;[39m
            [36m&lt;div[39m
              [33mclass[39m=[32m&quot;MuiInputBase-root MuiOutlinedInput-root MuiInputBase-colorPrimary MuiInputBase-formControl MuiInputBase-sizeSmall css-9ddj71-MuiInputBase-root-MuiOutlinedInput-root&quot;[39m
            [36m&gt;[39m
              [36m&lt;input[39m
                [33maria-invalid[39m=[32m&quot;false&quot;[39m
                [33mclass[39m=[32m&quot;MuiInputBase-input MuiOutlinedInput-input MuiInputBase-inputSizeSmall css-1n4twyu-MuiInputBase-input-MuiOutlinedInput-input&quot;[39m
                [33mid[39m=[32m&quot;:rb:&quot;[39m
                [33mplaceholder[39m=[32m&quot;Dosya ara...&quot;[39m
                [33mtype[39m=[32m&quot;text&quot;[39m
                [33mvalue[39m=[32m&quot;&quot;[39m
              [36m/&gt;[39m
              [36m&lt;fieldset[39m
                [33maria-hidden[39m=[32m&quot;true&quot;[39m
                [33mclass[39m=[32m&quot;MuiOutlinedInput-notchedOutline css-r01yff-MuiNotchedOutlined-root-MuiOutlinedInput-notchedOutline&quot;[39m
              [36m&gt;[39m
                [36m&lt;legend[39m
                  [33mclass[39m=[32m&quot;css-1whs34k-MuiNotchedOutlined-root&quot;[39m
                [36m&gt;[39m
                  [36m&lt;span[39m
                    [33mclass[39m=[32m&quot;notranslate&quot;[39m
                  [36m&gt;[39m
                    [0m​[0m
                  [36m&lt;/span&gt;[39m
                [36m&lt;/legend&gt;[39m
              [36m&lt;/fieldset&gt;[39m
            [36m&lt;/div&gt;[39m
          [36m&lt;/div&gt;[39m
          [36m&lt;div[39m
            [33mclass[39m=[32m&quot;MuiBox-root css-1i27l4i&quot;[39m
          [36m&gt;[39m
            [36m&lt;div[39m
              [33mclass[39m=[32m&quot;MuiButtonBase-root MuiChip-root MuiChip-filled MuiChip-sizeMedium MuiChip-colorPrimary MuiChip-clickable MuiChip-clickableColorPrimary MuiChip-filledPrimary css-ljcuss-MuiButtonBase-root-MuiChip-root&quot;[39m
              [33mrole[39m=[32m&quot;button&quot;[39m
              [33mtabindex[39m=[32m&quot;..." type="TestingLibraryElementError">
TestingLibraryElementError: Unable to find an element with the text: 1.00 MB. This could be because the text is broken up by multiple elements. In this case, you can provide a function for your text matcher to make your matcher more flexible.

Ignored nodes: comments, script, style
&lt;body&gt;
  &lt;div&gt;
    &lt;div
      class=&quot;MuiBox-root css-19kzrtu&quot;
    &gt;
      &lt;div
        class=&quot;MuiBox-root css-v08z5u&quot;
      &gt;
        &lt;h5
          class=&quot;MuiTypography-root MuiTypography-h5 css-bezmlo-MuiTypography-root&quot;
        &gt;
          📁 Dosyalar
        &lt;/h5&gt;
        &lt;div
          class=&quot;MuiBox-root css-1i27l4i&quot;
        &gt;
          &lt;button
            class=&quot;MuiButtonBase-root MuiIconButton-root MuiIconButton-colorPrimary MuiIconButton-sizeMedium css-1kuq5xv-MuiButtonBase-root-MuiIconButton-root&quot;
            tabindex=&quot;0&quot;
            type=&quot;button&quot;
          &gt;
            &lt;svg
              aria-hidden=&quot;true&quot;
              class=&quot;MuiSvgIcon-root MuiSvgIcon-fontSizeMedium css-i4bv87-MuiSvgIcon-root&quot;
              data-testid=&quot;GridViewIcon&quot;
              focusable=&quot;false&quot;
              viewBox=&quot;0 0 24 24&quot;
            &gt;
              &lt;path
                d=&quot;M3 3v8h8V3zm6 6H5V5h4zm-6 4v8h8v-8zm6 6H5v-4h4zm4-16v8h8V3zm6 6h-4V5h4zm-6 4v8h8v-8zm6 6h-4v-4h4z&quot;
                fill-rule=&quot;evenodd&quot;
              /&gt;
            &lt;/svg&gt;
            &lt;span
              class=&quot;MuiTouchRipple-root css-8je8zh-MuiTouchRipple-root&quot;
            /&gt;
          &lt;/button&gt;
          &lt;button
            class=&quot;MuiButtonBase-root MuiIconButton-root MuiIconButton-sizeMedium css-78trlr-MuiButtonBase-root-MuiIconButton-root&quot;
            tabindex=&quot;0&quot;
            type=&quot;button&quot;
          &gt;
            &lt;svg
              aria-hidden=&quot;true&quot;
              class=&quot;MuiSvgIcon-root MuiSvgIcon-fontSizeMedium css-i4bv87-MuiSvgIcon-root&quot;
              data-testid=&quot;ViewListIcon&quot;
              focusable=&quot;false&quot;
              viewBox=&quot;0 0 24 24&quot;
            &gt;
              &lt;path
                d=&quot;M3 14h4v-4H3zm0 5h4v-4H3zM3 9h4V5H3zm5 5h13v-4H8zm0 5h13v-4H8zM8 5v4h13V5z&quot;
              /&gt;
            &lt;/svg&gt;
            &lt;span
              class=&quot;MuiTouchRipple-root css-8je8zh-MuiTouchRipple-root&quot;
            /&gt;
          &lt;/button&gt;
          &lt;input
            hidden=&quot;&quot;
            type=&quot;file&quot;
          /&gt;
          &lt;button
            class=&quot;MuiButtonBase-root MuiButton-root MuiButton-contained MuiButton-containedPrimary MuiButton-sizeMedium MuiButton-containedSizeMedium MuiButton-colorPrimary MuiButton-root MuiButton-contained MuiButton-containedPrimary MuiButton-sizeMedium MuiButton-containedSizeMedium MuiButton-colorPrimary css-sghohy-MuiButtonBase-root-MuiButton-root&quot;
            tabindex=&quot;0&quot;
            type=&quot;button&quot;
          &gt;
            &lt;span
              class=&quot;MuiButton-icon MuiButton-startIcon MuiButton-iconSizeMedium css-1d6wzja-MuiButton-startIcon&quot;
            &gt;
              &lt;svg
                aria-hidden=&quot;true&quot;
                class=&quot;MuiSvgIcon-root MuiSvgIcon-fontSizeMedium css-i4bv87-MuiSvgIcon-root&quot;
                data-testid=&quot;CloudUploadIcon&quot;
                focusable=&quot;false&quot;
                viewBox=&quot;0 0 24 24&quot;
              &gt;
                &lt;path
                  d=&quot;M19.35 10.04C18.67 6.59 15.64 4 12 4 9.11 4 6.6 5.64 5.35 8.04 2.34 8.36 0 10.91 0 14c0 3.31 2.69 6 6 6h13c2.76 0 5-2.24 5-5 0-2.64-2.05-4.78-4.65-4.96M14 13v4h-4v-4H7l5-5 5 5z&quot;
                /&gt;
              &lt;/svg&gt;
            &lt;/span&gt;
            Dosya Yükle
            &lt;span
              class=&quot;MuiTouchRipple-root css-8je8zh-MuiTouchRipple-root&quot;
            /&gt;
          &lt;/button&gt;
        &lt;/div&gt;
      &lt;/div&gt;
      &lt;div
        class=&quot;MuiBox-root css-1lwwoo2&quot;
      &gt;
        &lt;div
          class=&quot;MuiFormControl-root MuiTextField-root css-18bz3y-MuiFormControl-root-MuiTextField-root&quot;
        &gt;
          &lt;div
            class=&quot;MuiInputBase-root MuiOutlinedInput-root MuiInputBase-colorPrimary MuiInputBase-formControl MuiInputBase-sizeSmall css-9ddj71-MuiInputBase-root-MuiOutlinedInput-root&quot;
          &gt;
            &lt;input
              aria-invalid=&quot;false&quot;
              class=&quot;MuiInputBase-input MuiOutlinedInput-input MuiInputBase-inputSizeSmall css-1n4twyu-MuiInputBase-input-MuiOutlinedInput-input&quot;
              id=&quot;:rb:&quot;
              placeholder=&quot;Dosya ara...&quot;
              type=&quot;text&quot;
              value=&quot;&quot;
            /&gt;
            &lt;fieldset
              aria-hidden=&quot;true&quot;
              class=&quot;MuiOutlinedInput-notchedOutline css-r01yff-MuiNotchedOutlined-root-MuiOutlinedInput-notchedOutline&quot;
            &gt;
              &lt;legend
                class=&quot;css-1whs34k-MuiNotchedOutlined-root&quot;
              &gt;
                &lt;span
                  class=&quot;notranslate&quot;
                &gt;
                  ​
                &lt;/span&gt;
              &lt;/legend&gt;
            &lt;/fieldset&gt;
          &lt;/div&gt;
        &lt;/div&gt;
        &lt;div
          class=&quot;MuiBox-root css-1i27l4i&quot;
        &gt;
          &lt;div
            class=&quot;MuiButtonBase-root MuiChip-root MuiChip-filled MuiChip-sizeMedium MuiChip-colorPrimary MuiChip-clickable MuiChip-clickableColorPrimary MuiChip-filledPrimary css-ljcuss-MuiButtonBase-root-MuiChip-root&quot;
            role=&quot;button&quot;
            tabindex=&quot;0&quot;
          &gt;
            &lt;span
              class=&quot;MuiChip-label MuiChip-labelMedium css-6od3lo-MuiChip-label&quot;
            &gt;
              Tümü
            &lt;/span&gt;
            &lt;span
              class[...

Ignored nodes: comments, script, style
&lt;html&gt;
  &lt;head /&gt;
  &lt;body&gt;
    &lt;div&gt;
      &lt;div
        class=&quot;MuiBox-root css-19kzrtu&quot;
      &gt;
        &lt;div
          class=&quot;MuiBox-root css-v08z5u&quot;
        &gt;
          &lt;h5
            class=&quot;MuiTypography-root MuiTypography-h5 css-bezmlo-MuiTypography-root&quot;
          &gt;
            📁 Dosyalar
          &lt;/h5&gt;
          &lt;div
            class=&quot;MuiBox-root css-1i27l4i&quot;
          &gt;
            &lt;button
              class=&quot;MuiButtonBase-root MuiIconButton-root MuiIconButton-colorPrimary MuiIconButton-sizeMedium css-1kuq5xv-MuiButtonBase-root-MuiIconButton-root&quot;
              tabindex=&quot;0&quot;
              type=&quot;button&quot;
            &gt;
              &lt;svg
                aria-hidden=&quot;true&quot;
                class=&quot;MuiSvgIcon-root MuiSvgIcon-fontSizeMedium css-i4bv87-MuiSvgIcon-root&quot;
                data-testid=&quot;GridViewIcon&quot;
                focusable=&quot;false&quot;
                viewBox=&quot;0 0 24 24&quot;
              &gt;
                &lt;path
                  d=&quot;M3 3v8h8V3zm6 6H5V5h4zm-6 4v8h8v-8zm6 6H5v-4h4zm4-16v8h8V3zm6 6h-4V5h4zm-6 4v8h8v-8zm6 6h-4v-4h4z&quot;
                  fill-rule=&quot;evenodd&quot;
                /&gt;
              &lt;/svg&gt;
              &lt;span
                class=&quot;MuiTouchRipple-root css-8je8zh-MuiTouchRipple-root&quot;
              /&gt;
            &lt;/button&gt;
            &lt;button
              class=&quot;MuiButtonBase-root MuiIconButton-root MuiIconButton-sizeMedium css-78trlr-MuiButtonBase-root-MuiIconButton-root&quot;
              tabindex=&quot;0&quot;
              type=&quot;button&quot;
            &gt;
              &lt;svg
                aria-hidden=&quot;true&quot;
                class=&quot;MuiSvgIcon-root MuiSvgIcon-fontSizeMedium css-i4bv87-MuiSvgIcon-root&quot;
                data-testid=&quot;ViewListIcon&quot;
                focusable=&quot;false&quot;
                viewBox=&quot;0 0 24 24&quot;
              &gt;
                &lt;path
                  d=&quot;M3 14h4v-4H3zm0 5h4v-4H3zM3 9h4V5H3zm5 5h13v-4H8zm0 5h13v-4H8zM8 5v4h13V5z&quot;
                /&gt;
              &lt;/svg&gt;
              &lt;span
                class=&quot;MuiTouchRipple-root css-8je8zh-MuiTouchRipple-root&quot;
              /&gt;
            &lt;/button&gt;
            &lt;input
              hidden=&quot;&quot;
              type=&quot;file&quot;
            /&gt;
            &lt;button
              class=&quot;MuiButtonBase-root MuiButton-root MuiButton-contained MuiButton-containedPrimary MuiButton-sizeMedium MuiButton-containedSizeMedium MuiButton-colorPrimary MuiButton-root MuiButton-contained MuiButton-containedPrimary MuiButton-sizeMedium MuiButton-containedSizeMedium MuiButton-colorPrimary css-sghohy-MuiButtonBase-root-MuiButton-root&quot;
              tabindex=&quot;0&quot;
              type=&quot;button&quot;
            &gt;
              &lt;span
                class=&quot;MuiButton-icon MuiButton-startIcon MuiButton-iconSizeMedium css-1d6wzja-MuiButton-startIcon&quot;
              &gt;
                &lt;svg
                  aria-hidden=&quot;true&quot;
                  class=&quot;MuiSvgIcon-root MuiSvgIcon-fontSizeMedium css-i4bv87-MuiSvgIcon-root&quot;
                  data-testid=&quot;CloudUploadIcon&quot;
                  focusable=&quot;false&quot;
                  viewBox=&quot;0 0 24 24&quot;
                &gt;
                  &lt;path
                    d=&quot;M19.35 10.04C18.67 6.59 15.64 4 12 4 9.11 4 6.6 5.64 5.35 8.04 2.34 8.36 0 10.91 0 14c0 3.31 2.69 6 6 6h13c2.76 0 5-2.24 5-5 0-2.64-2.05-4.78-4.65-4.96M14 13v4h-4v-4H7l5-5 5 5z&quot;
                  /&gt;
                &lt;/svg&gt;
              &lt;/span&gt;
              Dosya Yükle
              &lt;span
                class=&quot;MuiTouchRipple-root css-8je8zh-MuiTouchRipple-root&quot;
              /&gt;
            &lt;/button&gt;
          &lt;/div&gt;
        &lt;/div&gt;
        &lt;div
          class=&quot;MuiBox-root css-1lwwoo2&quot;
        &gt;
          &lt;div
            class=&quot;MuiFormControl-root MuiTextField-root css-18bz3y-MuiFormControl-root-MuiTextField-root&quot;
          &gt;
            &lt;div
              class=&quot;MuiInputBase-root MuiOutlinedInput-root MuiInputBase-colorPrimary MuiInputBase-formControl MuiInputBase-sizeSmall css-9ddj71-MuiInputBase-root-MuiOutlinedInput-root&quot;
            &gt;
              &lt;input
                aria-invalid=&quot;false&quot;
                class=&quot;MuiInputBase-input MuiOutlinedInput-input MuiInputBase-inputSizeSmall css-1n4twyu-MuiInputBase-input-MuiOutlinedInput-input&quot;
                id=&quot;:rb:&quot;
                placeholder=&quot;Dosya ara...&quot;
                type=&quot;text&quot;
                value=&quot;&quot;
              /&gt;
              &lt;fieldset
                aria-hidden=&quot;true&quot;
                class=&quot;MuiOutlinedInput-notchedOutline css-r01yff-MuiNotchedOutlined-root-MuiOutlinedInput-notchedOutline&quot;
              &gt;
                &lt;legend
                  class=&quot;css-1whs34k-MuiNotchedOutlined-root&quot;
                &gt;
                  &lt;span
                    class=&quot;notranslate&quot;
                  &gt;
                    ​
                  &lt;/span&gt;
                &lt;/legend&gt;
              &lt;/fieldset&gt;
            &lt;/div&gt;
          &lt;/div&gt;
          &lt;div
            class=&quot;MuiBox-root css-1i27l4i&quot;
          &gt;
            &lt;div
              class=&quot;MuiButtonBase-root MuiChip-root MuiChip-filled MuiChip-sizeMedium MuiChip-colorPrimary MuiChip-clickable MuiChip-clickableColorPrimary MuiChip-filledPrimary css-ljcuss-MuiButtonBase-root-MuiChip-root&quot;
              role=&quot;button&quot;
              tabindex=&quot;...
 ❯ Proxy.waitForWrapper node_modules/@testing-library/react/node_modules/@testing-library/dom/dist/wait-for.js:163:27
 ❯ src/components/StudyRooms/__tests__/FileManager.test.tsx:84:13
            </failure>
        </testcase>
        <testcase classname="src/components/StudyRooms/__tests__/FileManager.test.tsx" name="FileManager Component &gt; View Modes &gt; defaults to grid view" time="0.3879543">
        </testcase>
        <testcase classname="src/components/StudyRooms/__tests__/FileManager.test.tsx" name="FileManager Component &gt; View Modes &gt; switches to list view when list icon is clicked" time="3.3151232">
            <failure message="Unable to find role=&quot;button&quot; and name `/list/i`

Ignored nodes: comments, script, style
[36m&lt;body&gt;[39m
  [36m&lt;div&gt;[39m
    [36m&lt;div[39m
      [33mclass[39m=[32m&quot;MuiBox-root css-19kzrtu&quot;[39m
    [36m&gt;[39m
      [36m&lt;div[39m
        [33mclass[39m=[32m&quot;MuiBox-root css-v08z5u&quot;[39m
      [36m&gt;[39m
        [36m&lt;h5[39m
          [33mclass[39m=[32m&quot;MuiTypography-root MuiTypography-h5 css-bezmlo-MuiTypography-root&quot;[39m
        [36m&gt;[39m
          [0m📁 Dosyalar[0m
        [36m&lt;/h5&gt;[39m
        [36m&lt;div[39m
          [33mclass[39m=[32m&quot;MuiBox-root css-1i27l4i&quot;[39m
        [36m&gt;[39m
          [36m&lt;button[39m
            [33mclass[39m=[32m&quot;MuiButtonBase-root MuiIconButton-root MuiIconButton-colorPrimary MuiIconButton-sizeMedium css-1kuq5xv-MuiButtonBase-root-MuiIconButton-root&quot;[39m
            [33mtabindex[39m=[32m&quot;0&quot;[39m
            [33mtype[39m=[32m&quot;button&quot;[39m
          [36m&gt;[39m
            [36m&lt;svg[39m
              [33maria-hidden[39m=[32m&quot;true&quot;[39m
              [33mclass[39m=[32m&quot;MuiSvgIcon-root MuiSvgIcon-fontSizeMedium css-i4bv87-MuiSvgIcon-root&quot;[39m
              [33mdata-testid[39m=[32m&quot;GridViewIcon&quot;[39m
              [33mfocusable[39m=[32m&quot;false&quot;[39m
              [33mviewBox[39m=[32m&quot;0 0 24 24&quot;[39m
            [36m&gt;[39m
              [36m&lt;path[39m
                [33md[39m=[32m&quot;M3 3v8h8V3zm6 6H5V5h4zm-6 4v8h8v-8zm6 6H5v-4h4zm4-16v8h8V3zm6 6h-4V5h4zm-6 4v8h8v-8zm6 6h-4v-4h4z&quot;[39m
                [33mfill-rule[39m=[32m&quot;evenodd&quot;[39m
              [36m/&gt;[39m
            [36m&lt;/svg&gt;[39m
            [36m&lt;span[39m
              [33mclass[39m=[32m&quot;MuiTouchRipple-root css-8je8zh-MuiTouchRipple-root&quot;[39m
            [36m/&gt;[39m
          [36m&lt;/button&gt;[39m
          [36m&lt;button[39m
            [33mclass[39m=[32m&quot;MuiButtonBase-root MuiIconButton-root MuiIconButton-sizeMedium css-78trlr-MuiButtonBase-root-MuiIconButton-root&quot;[39m
            [33mtabindex[39m=[32m&quot;0&quot;[39m
            [33mtype[39m=[32m&quot;button&quot;[39m
          [36m&gt;[39m
            [36m&lt;svg[39m
              [33maria-hidden[39m=[32m&quot;true&quot;[39m
              [33mclass[39m=[32m&quot;MuiSvgIcon-root MuiSvgIcon-fontSizeMedium css-i4bv87-MuiSvgIcon-root&quot;[39m
              [33mdata-testid[39m=[32m&quot;ViewListIcon&quot;[39m
              [33mfocusable[39m=[32m&quot;false&quot;[39m
              [33mviewBox[39m=[32m&quot;0 0 24 24&quot;[39m
            [36m&gt;[39m
              [36m&lt;path[39m
                [33md[39m=[32m&quot;M3 14h4v-4H3zm0 5h4v-4H3zM3 9h4V5H3zm5 5h13v-4H8zm0 5h13v-4H8zM8 5v4h13V5z&quot;[39m
              [36m/&gt;[39m
            [36m&lt;/svg&gt;[39m
            [36m&lt;span[39m
              [33mclass[39m=[32m&quot;MuiTouchRipple-root css-8je8zh-MuiTouchRipple-root&quot;[39m
            [36m/&gt;[39m
          [36m&lt;/button&gt;[39m
          [36m&lt;input[39m
            [33mhidden[39m=[32m&quot;&quot;[39m
            [33mtype[39m=[32m&quot;file&quot;[39m
          [36m/&gt;[39m
          [36m&lt;button[39m
            [33mclass[39m=[32m&quot;MuiButtonBase-root MuiButton-root MuiButton-contained MuiButton-containedPrimary MuiButton-sizeMedium MuiButton-containedSizeMedium MuiButton-colorPrimary MuiButton-root MuiButton-contained MuiButton-containedPrimary MuiButton-sizeMedium MuiButton-containedSizeMedium MuiButton-colorPrimary css-sghohy-MuiButtonBase-root-MuiButton-root&quot;[39m
            [33mtabindex[39m=[32m&quot;0&quot;[39m
            [33mtype[39m=[32m&quot;button&quot;[39m
          [36m&gt;[39m
            [36m&lt;span[39m
              [33mclass[39m=[32m&quot;MuiButton-icon MuiButton-startIcon MuiButton-iconSizeMedium css-1d6wzja-MuiButton-startIcon&quot;[39m
            [36m&gt;[39m
              [36m&lt;svg[39m
                [33maria-hidden[39m=[32m&quot;true&quot;[39m
                [33mclass[39m=[32m&quot;MuiSvgIcon-root MuiSvgIcon-fontSizeMedium css-i4bv87-MuiSvgIcon-root&quot;[39m
                [33mdata-testid[39m=[32m&quot;CloudUploadIcon&quot;[39m
                [33mfocusable[39m=[32m&quot;false&quot;[39m
                [33mviewBox[39m=[32m&quot;0 0 24 24&quot;[39m
              [36m&gt;[39m
                [36m&lt;path[39m
                  [33md[39m=[32m&quot;M19.35 10.04C18.67 6.59 15.64 4 12 4 9.11 4 6.6 5.64 5.35 8.04 2.34 8.36 0 10.91 0 14c0 3.31 2.69 6 6 6h13c2.76 0 5-2.24 5-5 0-2.64-2.05-4.78-4.65-4.96M14 13v4h-4v-4H7l5-5 5 5z&quot;[39m
                [36m/&gt;[39m
              [36m&lt;/svg&gt;[39m
            [36m&lt;/span&gt;[39m
            [0mDosya Yükle[0m
            [36m&lt;span[39m
              [33mclass[39m=[32m&quot;MuiTouchRipple-root css-8je8zh-MuiTouchRipple-root&quot;[39m
            [36m/&gt;[39m
          [36m&lt;/button&gt;[39m
        [36m&lt;/div&gt;[39m
      [36m&lt;/div&gt;[39m
      [36m&lt;div[39m
        [33mclass[39m=[32m&quot;MuiBox-root css-1lwwoo2&quot;[39m
      [36m&gt;[39m
        [36m&lt;div[39m
          [33mclass[39m=[32m&quot;MuiFormControl-root MuiTextField-root css-18bz3y-MuiFormControl-root-MuiTextField-root&quot;[39m
        [36m&gt;[39m
          [36m&lt;div[39m
            [33mclass[39m=[32m&quot;MuiInputBase-root MuiOutlinedInput-root MuiInputBase-colorPrimary MuiInputBase-formControl MuiInputBase-sizeSmall css-9ddj71-MuiInputBase-root-MuiOutlinedInput-root&quot;[39m
          [36m&gt;[39m
            [36m&lt;input[39m
              [33maria-invalid[39m=[32m&quot;false&quot;[39m
              [33mclass[39m=[32m&quot;MuiInputBase-input MuiOutlinedInput-input MuiInputBase-inputSizeSmall css-1n4twyu-MuiInputBase-input-MuiOutlinedInput-input&quot;[39m
              [33mid[39m=[32m&quot;:rl:&quot;[39m
              [33mplaceholder[39m=[32m&quot;Dosya ara...&quot;[39m
              [33mtype[39m=[32m&quot;text&quot;[39m
              [33mvalue[39m=[32m&quot;&quot;[39m
            [36m/&gt;[39m
            [36m&lt;fieldset[39m
              [33maria-hidden[39m=[32m&quot;true&quot;[39m
              [33mclass[39m=[32m&quot;MuiOutlinedInput-notchedOutline css-r01yff-MuiNotchedOutlined-root-MuiOutlinedInput-notchedOutline&quot;[39m
            [36m&gt;[39m
              [36m&lt;legend[39m
                [33mclass[39m=[32m&quot;css-1whs34k-MuiNotchedOutlined-root&quot;[39m
              [36m&gt;[39m
                [36m&lt;span[39m
                  [33mclass[39m=[32m&quot;notranslate&quot;[39m
                [36m&gt;[39m
                  [0m​[0m
                [36m&lt;/span&gt;[39m
              [36m&lt;/legend&gt;[39m
            [36m&lt;/fieldset&gt;[39m
          [36m&lt;/div&gt;[39m
        [36m&lt;/div&gt;[39m
        [36m&lt;div[39m
          [33mclass[39m=[32m&quot;MuiBox-root css-1i27l4i&quot;[39m
        [36m&gt;[39m
          [36m&lt;div[39m
            [33mclass[39m=[32m&quot;MuiButtonBase-root MuiChip-root MuiChip-filled MuiChip-sizeMedium MuiChip-colorPrimary MuiChip-clickable MuiChip-clickableColorPrimary MuiChip-filledPrimary css-ljcuss-MuiButtonBase-root-MuiChip-root&quot;[39m
            [33mrole[39m=[32m&quot;button&quot;[39m
            [33mtabindex[39m=[32m&quot;0&quot;[39m
          [36m&gt;[39m
            [36m&lt;span[39m
              [33mclass[39m=[32m&quot;MuiChip-label MuiChip-labelMedium css-6od3lo-MuiChip-label&quot;[39m
            [36m&gt;[39m
              [0mTümü[0m
            [36m&lt;/span&gt;[39m
            [36m&lt;span[39m
              [33mclass[39m=[32m&quot;MuiTouchRipple-root css-8je8zh-MuiTouchRipple-root&quot;[39m
            [36m/&gt;[39m
          [36m&lt;/div&gt;[39m
          [36m&lt;div[39m
            [33mclass[39m=[32m&quot;MuiButtonBase-root MuiChip-root MuiChip-filled MuiChip-sizeMedium MuiChip-colorDefault MuiChip-clickable MuiChip-clickableColorDefault MuiChip-filledDefault css-8m5rrr-MuiButtonBase-root-MuiChip-root&quot;[39m
            [33mrole[39m=[32m&quot;button&quot;[39m
            [33mtabindex[39m=[32m&quot;0&quot;[39m
          [36m&gt;[39m
            [36m&lt;svg[39m
              [33maria-hidden[39m=[32m&quot;true&quot;[39m
              [33mclass[39m=[32m&quot;MuiSvgIcon-root MuiSvgIcon-fontSizeMedium MuiChip-icon MuiChip-iconMedium MuiChip-iconColorDefault css-i4bv87-MuiSvgIcon-root&quot;[39m
              [33mdata-testid[39m=[32m&quot;DescriptionIcon&quot;[39m
              [33mfocusable[39m=[32m&quot;false&quot;[39m
              [33mviewBox[39m=[32m&quot;0 0 24 24&quot;[39m
            [36m&gt;[39m
              [36m&lt;path[39m
                [33md[39m=[32m&quot;M14 2H6c-1.1 0-1.99.9-1.99 2L4 20c0 1.1.89 2 1.99 2H18c1.1 0 2-.9 2-2V8zm2 16H8v-2h8zm0-4H8v-2h8zm-3-5V3.5L18.5 9z&quot;[39m
              [36m/&gt;[39m
            [36m&lt;/svg&gt;[39m
            [36m&lt;span[39m
              [33mclass[39m=[32m&quot;MuiChip-label MuiChip-labelMedium css-6od3lo-MuiChip-label&quot;[39m
            [36m&gt;[39m
              [0mDökümanlar[0m
            [36m&lt;/span&gt;[39m
            [36m&lt;span[39m
              [33mclass[39m=[32m&quot;MuiTouchRipple-root css-8je8zh-MuiTouchRipple-root&quot;[39m
            [36m/&gt;[39m
          [36m&lt;/div&gt;[39m
          [36m&lt;div[39m
            [33mclass[39m=[32m&quot;MuiButtonBase-root MuiChip-root MuiChip-filled MuiChip-sizeMedium MuiChip-colorDefault MuiChip-clickable MuiChip-clickableColorDefault MuiChip-filledDefault css-8m5rrr-MuiButtonBase-root-MuiChip-root&quot;[39m
            [33mrole[39m=[32m&quot;button&quot;[39m
            [33mtabindex[39m=[32m&quot;0&quot;[39m
          [36m&gt;[39m
            [36m&lt;svg[39m
              [33maria-hidden[39m=[32m&quot;true&quot;[39m
              [33mclass[39m=[32m&quot;MuiSvgIcon-root MuiSvgIcon-fontSizeMedium MuiChip-icon MuiChip-iconMedium MuiChip-iconColorDefault css-i4bv87-MuiSvgIcon-root&quot;[39m
              [33mdata-testid[39m=[32m&quot;ImageIcon&quot;[39m
              [33mfocusable[39m=[32m&quot;false&quot;[39m
              [33mviewBox[39m=[32m&quot;0 0 24 24&quot;[39m
            [36m&gt;[39m
              [36m&lt;path[39m
                [33md[39m=[32m&quot;M21 19V5c0-1.1-.9-2-2-2H5c-1.1 0-2 .9-2 2v14c0 1.1.9 2 2 2h14c1.1 0 2-.9 2-2M8.5 13.5l2.5 3.01L14.5 12l4.5 6H5z&quot;[39m
              [36m/&gt;[39m
            [36m&lt;/svg&gt;[39m
            [36m&lt;span[39m
              [33mclass[39m=[32m&quot;MuiChip-label MuiChip-labelMedium css-6od3lo-MuiChip-label&quot;[39m
            [36m&gt;[39m
              [0mResimler[0m
            [36m&lt;/span&gt;[39m
            [36m&lt;span[39m
              [33mclass[39m=[32m&quot;MuiTouchRipple-root css-8je8zh-MuiTouchRipple-root&quot;[39m
            [36m/&gt;[39m
          [36m&lt;/div&gt;[39m
          [36m&lt;div[39m
            [33mclass[39m=[32m&quot;MuiButtonBase-root MuiChip-root MuiChip-filled MuiChip-sizeMedium MuiChip-colorDefault MuiChip-clickable MuiChip-clickableColorDefault MuiChip-filledDefault css-8m5rrr-MuiButtonBase-root-MuiChip-root&quot;[39m
            [33mrole[39m=[32m&quot;button&quot;[39m
            [33mtabindex[39m=[32m&quot;0&quot;[39m
          [36m&gt;[39m
            [36m&lt;svg[39m
              [33maria-hidden[39m=[32m&quot;true&quot;[39m
              [33mclass[39m=[32m&quot;MuiSvgIcon-root MuiSvgIcon-fontSizeMedium MuiChip-icon MuiChip-iconMedium MuiChip-iconColorDefault css-i4bv87-MuiSvgIcon-root&quot;[39m
              [33mdata-testid[39m=[32m&quot;VideoLibraryIcon&quot;[39m
              [33mfocusable[39m=[32m&quot;false&quot;[39m
              [33mviewBox[39m=[32m&quot;0 0 24 24&quot;[39m
            [36m&gt;[39m
              [36m&lt;path[39m
                [33md[39m=[32m&quot;M4 6H2v14c0 1.1.9 2 2 2h14v-2H4zm16-4H8c-1.1 0-2 .9-2 2v12c0 1.1.9 2 2 2h12c1.1 0 2-.9 2-2V4c0-1.1-.9-2-2-2m-8 12.5v-9l6 4.5z&quot;[39m
              [36m/&gt;[39m
            [36m&lt;/svg&gt;[39m
            [36m&lt;span[39m
              [33mclass[39m=[32m&quot;MuiChip-label MuiChip-labelMedium css-6od3lo-MuiChip-label&quot;[39m
            [36m&gt;[39m
              [0mVideolar[0m
            [36m&lt;/span&gt;[39m
            [36m&lt;span[39m
              [33mclass[39m=[32m&quot;MuiTouchRipple-root css-8je8zh-MuiTouchRipple-root&quot;[39m
            [36m/&gt;[39m
          [36m&lt;/div&gt;[39m
        [36m&lt;/div&gt;[39m
      [36m&lt;/div&gt;[39m
      [36m&lt;div[39m
        [33mclass[39m=[32m&quot;MuiPaper-root MuiPaper-elevation MuiPaper-rounded MuiPaper-elevation1 css-1glcs1f-MuiPaper-root&quot;[39m
      [36m&gt;[39m
        [36m&lt;svg[39m
          [33maria-hidden[39m=[32m&quot;true&quot;[39m
          [33mclass[39m=[32m&quot;MuiSvgIcon-root MuiSvgIcon-fontSizeMedium css-11ndtqy-MuiSvgIcon-root&quot;[39m
          [33mdata-testid[39m=[32m&quot;FolderIcon&quot;[39m
          [33mfocusable[39m=[32m&quot;false&quot;[39m
          [33mviewBox[39m=[32m&quot;0 0 24 24&quot;[39m
        [36m&gt;[39m
          [36m&lt;path[39m
            [33md[39m=[32m&quot;M10 4H4c-1.1 0-1.99.9-1.99 2L2 18c0 1.1.9 2 2 2h16c1.1 0 2-.9 2-2V8c0-1.1-.9-2-2-2h-8z&quot;[39m
          [36m/&gt;[39m
        [36m&lt;/svg&gt;[39m
        [36m&lt;h6[39m
          [33mclass[39m=[32m&quot;MuiTypography-root MuiTypography-h6 css-1jgmn5n-MuiTypography-root&quot;[39m
        [36m&gt;[39m
          [0mHenüz dosya yok[0m
        [36m&lt;/h6&gt;[39m
        [36m&lt;p[39m
          [33mclass[39m=[32m&quot;MuiTypography-root MuiTypography-body1 css-1ts76t1-MuiTypography-root&quot;[39m
        [36m&gt;[39m
          [0mİlk dosyayı sen yükle![0m
        [36m&lt;/p&gt;[39m
      [36m&lt;/div&gt;[39m
    [36m&lt;/div&gt;[39m
  [36m&lt;/div&gt;[39m
[36m&lt;/body&gt;[39m

Ignored nodes: comments, script, style
[36m&lt;html&gt;[39m
  [36m&lt;head /&gt;[39m
  [36m&lt;body&gt;[39m
    [36m&lt;div&gt;[39m
      [36m&lt;div[39m
        [33mclass[39m=[32m&quot;MuiBox-root css-19kzrtu&quot;[39m
      [36m&gt;[39m
        [36m&lt;div[39m
          [33mclass[39m=[32m&quot;MuiBox-root css-v08z5u&quot;[39m
        [36m&gt;[39m
          [36m&lt;h5[39m
            [33mclass[39m=[32m&quot;MuiTypography-root MuiTypography-h5 css-bezmlo-MuiTypography-root&quot;[39m
          [36m&gt;[39m
            [0m📁 Dosyalar[0m
          [36m&lt;/h5&gt;[39m
          [36m&lt;div[39m
            [33mclass[39m=[32m&quot;MuiBox-root css-1i27l4i&quot;[39m
          [36m&gt;[39m
            [36m&lt;button[39m
              [33mclass[39m=[32m&quot;MuiButtonBase-root MuiIconButton-root MuiIconButton-colorPrimary MuiIconButton-sizeMedium css-1kuq5xv-MuiButtonBase-root-MuiIconButton-root&quot;[39m
              [33mtabindex[39m=[32m&quot;0&quot;[39m
              [33mtype[39m=[32m&quot;button&quot;[39m
            [36m&gt;[39m
              [36m&lt;svg[39m
                [33maria-hidden[39m=[32m&quot;true&quot;[39m
                [33mclass[39m=[32m&quot;MuiSvgIcon-root MuiSvgIcon-fontSizeMedium css-i4bv87-MuiSvgIcon-root&quot;[39m
                [33mdata-testid[39m=[32m&quot;GridViewIcon&quot;[39m
                [33mfocusable[39m=[32m&quot;false&quot;[39m
                [33mviewBox[39m=[32m&quot;0 0 24 24&quot;[39m
              [36m&gt;[39m
                [36m&lt;path[39m
                  [33md[39m=[32m&quot;M3 3v8h8V3zm6 6H5V5h4zm-6 4v8h8v-8zm6 6H5v-4h4zm4-16v8h8V3zm6 6h-4V5h4zm-6 4v8h8v-8zm6 6h-4v-4h4z&quot;[39m
                  [33mfill-rule[39m=[32m&quot;evenodd&quot;[39m
                [36m/&gt;[39m
              [36m&lt;/svg&gt;[39m
              [36m&lt;span[39m
                [33mclass[39m=[32m&quot;MuiTouchRipple-root css-8je8zh-MuiTouchRipple-root&quot;[39m
              [36m/&gt;[39m
            [36m&lt;/button&gt;[39m
            [36m&lt;button[39m
              [33mclass[39m=[32m&quot;MuiButtonBase-root MuiIconButton-root MuiIconButton-sizeMedium css-78trlr-MuiButtonBase-root-MuiIconButton-root&quot;[39m
              [33mtabindex[39m=[32m&quot;0&quot;[39m
              [33mtype[39m=[32m&quot;button&quot;[39m
            [36m&gt;[39m
              [36m&lt;svg[39m
                [33maria-hidden[39m=[32m&quot;true&quot;[39m
                [33mclass[39m=[32m&quot;MuiSvgIcon-root MuiSvgIcon-fontSizeMedium css-i4bv87-MuiSvgIcon-root&quot;[39m
                [33mdata-testid[39m=[32m&quot;ViewListIcon&quot;[39m
                [33mfocusable[39m=[32m&quot;false&quot;[39m
                [33mviewBox[39m=[32m&quot;0 0 24 24&quot;[39m
              [36m&gt;[39m
                [36m&lt;path[39m
                  [33md[39m=[32m&quot;M3 14h4v-4H3zm0 5h4v-4H3zM3 9h4V5H3zm5 5h13v-4H8zm0 5h13v-4H8zM8 5v4h13V5z&quot;[39m
                [36m/&gt;[39m
              [36m&lt;/svg&gt;[39m
              [36m&lt;span[39m
                [33mclass[39m=[32m&quot;MuiTouchRipple-root css-8je8zh-MuiTouchRipple-root&quot;[39m
              [36m/&gt;[39m
            [36m&lt;/button&gt;[39m
            [36m&lt;input[39m
              [33mhidden[39m=[32m&quot;&quot;[39m
              [33mtype[39m=[32m&quot;file&quot;[39m
            [36m/&gt;[39m
            [36m&lt;button[39m
              [33mclass[39m=[32m&quot;MuiButtonBase-root MuiButton-root MuiButton-contained MuiButton-containedPrimary MuiButton-sizeMedium MuiButton-containedSizeMedium MuiButton-colorPrimary MuiButton-root MuiButton-contained MuiButton-containedPrimary MuiButton-sizeMedium MuiButton-containedSizeMedium MuiButton-colorPrimary css-sghohy-MuiButtonBase-root-MuiButton-root&quot;[39m
              [33mtabindex[39m=[32m&quot;0&quot;[39m
              [33mtype[39m=[32m&quot;button&quot;[39m
            [36m&gt;[39m
              [36m&lt;span[39m
                [33mclass[39m=[32m&quot;MuiButton-icon MuiButton-startIcon MuiButton-iconSizeMedium css-1d6wzja-MuiButton-startIcon&quot;[39m
              [36m&gt;[39m
                [36m&lt;svg[39m
                  [33maria-hidden[39m=[32m&quot;true&quot;[39m
                  [33mclass[39m=[32m&quot;MuiSvgIcon-root MuiSvgIcon-fontSizeMedium css-i4bv87-MuiSvgIcon-root&quot;[39m
                  [33mdata-testid[39m=[32m&quot;CloudUploadIcon&quot;[39m
                  [33mfocusable[39m=[32m&quot;false&quot;[39m
                  [33mviewBox[39m=[32m&quot;0 0 24 24&quot;[39m
                [36m&gt;[39m
                  [36m&lt;path[39m
                    [33md[39m=[32m&quot;M19.35 10.04C18.67 6.59 15.64 4 12 4 9.11 4 6.6 5.64 5.35 8.04 2.34 8.36 0 10.91 0 14c0 3.31 2.69 6 6 6h13c2.76 0 5-2.24 5-5 0-2.64-2.05-4.78-4.65-4.96M14 13v4h-4v-4H7l5-5 5 5z&quot;[39m
                  [36m/&gt;[39m
                [36m&lt;/svg&gt;[39m
              [36m&lt;/span&gt;[39m
              [0mDosya Yükle[0m
              [36m&lt;span[39m
                [33mclass[39m=[32m&quot;MuiTouchRipple-root css-8je8zh-MuiTouchRipple-root&quot;[39m
              [36m/&gt;[39m
            [36m&lt;/button&gt;[39m
          [36m&lt;/div&gt;[39m
        [36m&lt;/div&gt;[39m
        [36m&lt;div[39m
          [33mclass[39m=[32m&quot;MuiBox-root css-1lwwoo2&quot;[39m
        [36m&gt;[39m
          [36m&lt;div[39m
            [33mclass[39m=[32m&quot;MuiFormControl-root MuiTextField-root css-18bz3y-MuiFormControl-root-MuiTextField-root&quot;[39m
          [36m&gt;[39m
            [36m&lt;div[39m
              [33mclass[39m=[32m&quot;MuiInputBase-root MuiOutlinedInput-root MuiInputBase-colorPrimary MuiInputBase-formControl MuiInputBase-sizeSmall css-9ddj71-MuiInputBase-root-MuiOutlinedInput-root&quot;[39m
            [36m&gt;[39m
              [36m&lt;input[39m
                [33maria-invalid[39m=[32m&quot;false&quot;[39m
                [33mclass[39m=[32m&quot;MuiInputBase-input MuiOutlinedInput-input MuiInputBase-inputSizeSmall css-1n4twyu-MuiInputBase-input-MuiOutlinedInput-input&quot;[39m
                [33mid[39m=[32m&quot;:rl:&quot;[39m
                [33mplaceholder[39m=[32m&quot;Dosya ara...&quot;[39m
                [33mtype[39m=[32m&quot;text&quot;[39m
                [33mvalue[39m=[32m&quot;&quot;[39m
              [36m/&gt;[39m
              [36m&lt;fieldset[39m
                [33maria-hidden[39m=[32m&quot;true&quot;[39m
                [33mclass[39m=[32m&quot;MuiOutlinedInput-notchedOutline css-r01yff-MuiNotchedOutlined-root-MuiOutlinedInput-notchedOutline&quot;[39m
              [36m&gt;[39m
                [36m&lt;legend[39m
                  [33mclass[39m=[32m&quot;css-1whs34k-MuiNotchedOutlined-root&quot;[39m
                [36m&gt;[39m
                  [36m&lt;span[39m
                    [33mclass[39m=[32m&quot;notranslate&quot;[39m
                  [36m&gt;[39m
                    [0m​[0m
                  [36m&lt;/span&gt;[39m
                [36m&lt;/legend&gt;[39m
              [36m&lt;/fieldset&gt;[39m
            [36m&lt;/div&gt;[39m
          [36m&lt;/div&gt;[39m
          [36m&lt;div[39m
            [33mclass[39m=[32m&quot;MuiBox-root css-1i27l4i&quot;[39m
          [36m&gt;[39m
            [36m&lt;div[39m
              [33mclass[39m=[32m&quot;MuiButtonBase-root MuiChip-root MuiChip-filled MuiChip-sizeMedium MuiChip-colorPrimary MuiChip-clickable MuiChip-clickableColorPrimary MuiChip-filledPrimary css-ljcuss-MuiButtonBase-root-MuiChip-root&quot;[39m
              [33mrole[39m=[32m&quot;button&quot;[39m
              [33mtabindex[39m=[32m&quot;..." type="TestingLibraryElementError">
TestingLibraryElementError: Unable to find role=&quot;button&quot; and name `/list/i`

Ignored nodes: comments, script, style
&lt;body&gt;
  &lt;div&gt;
    &lt;div
      class=&quot;MuiBox-root css-19kzrtu&quot;
    &gt;
      &lt;div
        class=&quot;MuiBox-root css-v08z5u&quot;
      &gt;
        &lt;h5
          class=&quot;MuiTypography-root MuiTypography-h5 css-bezmlo-MuiTypography-root&quot;
        &gt;
          📁 Dosyalar
        &lt;/h5&gt;
        &lt;div
          class=&quot;MuiBox-root css-1i27l4i&quot;
        &gt;
          &lt;button
            class=&quot;MuiButtonBase-root MuiIconButton-root MuiIconButton-colorPrimary MuiIconButton-sizeMedium css-1kuq5xv-MuiButtonBase-root-MuiIconButton-root&quot;
            tabindex=&quot;0&quot;
            type=&quot;button&quot;
          &gt;
            &lt;svg
              aria-hidden=&quot;true&quot;
              class=&quot;MuiSvgIcon-root MuiSvgIcon-fontSizeMedium css-i4bv87-MuiSvgIcon-root&quot;
              data-testid=&quot;GridViewIcon&quot;
              focusable=&quot;false&quot;
              viewBox=&quot;0 0 24 24&quot;
            &gt;
              &lt;path
                d=&quot;M3 3v8h8V3zm6 6H5V5h4zm-6 4v8h8v-8zm6 6H5v-4h4zm4-16v8h8V3zm6 6h-4V5h4zm-6 4v8h8v-8zm6 6h-4v-4h4z&quot;
                fill-rule=&quot;evenodd&quot;
              /&gt;
            &lt;/svg&gt;
            &lt;span
              class=&quot;MuiTouchRipple-root css-8je8zh-MuiTouchRipple-root&quot;
            /&gt;
          &lt;/button&gt;
          &lt;button
            class=&quot;MuiButtonBase-root MuiIconButton-root MuiIconButton-sizeMedium css-78trlr-MuiButtonBase-root-MuiIconButton-root&quot;
            tabindex=&quot;0&quot;
            type=&quot;button&quot;
          &gt;
            &lt;svg
              aria-hidden=&quot;true&quot;
              class=&quot;MuiSvgIcon-root MuiSvgIcon-fontSizeMedium css-i4bv87-MuiSvgIcon-root&quot;
              data-testid=&quot;ViewListIcon&quot;
              focusable=&quot;false&quot;
              viewBox=&quot;0 0 24 24&quot;
            &gt;
              &lt;path
                d=&quot;M3 14h4v-4H3zm0 5h4v-4H3zM3 9h4V5H3zm5 5h13v-4H8zm0 5h13v-4H8zM8 5v4h13V5z&quot;
              /&gt;
            &lt;/svg&gt;
            &lt;span
              class=&quot;MuiTouchRipple-root css-8je8zh-MuiTouchRipple-root&quot;
            /&gt;
          &lt;/button&gt;
          &lt;input
            hidden=&quot;&quot;
            type=&quot;file&quot;
          /&gt;
          &lt;button
            class=&quot;MuiButtonBase-root MuiButton-root MuiButton-contained MuiButton-containedPrimary MuiButton-sizeMedium MuiButton-containedSizeMedium MuiButton-colorPrimary MuiButton-root MuiButton-contained MuiButton-containedPrimary MuiButton-sizeMedium MuiButton-containedSizeMedium MuiButton-colorPrimary css-sghohy-MuiButtonBase-root-MuiButton-root&quot;
            tabindex=&quot;0&quot;
            type=&quot;button&quot;
          &gt;
            &lt;span
              class=&quot;MuiButton-icon MuiButton-startIcon MuiButton-iconSizeMedium css-1d6wzja-MuiButton-startIcon&quot;
            &gt;
              &lt;svg
                aria-hidden=&quot;true&quot;
                class=&quot;MuiSvgIcon-root MuiSvgIcon-fontSizeMedium css-i4bv87-MuiSvgIcon-root&quot;
                data-testid=&quot;CloudUploadIcon&quot;
                focusable=&quot;false&quot;
                viewBox=&quot;0 0 24 24&quot;
              &gt;
                &lt;path
                  d=&quot;M19.35 10.04C18.67 6.59 15.64 4 12 4 9.11 4 6.6 5.64 5.35 8.04 2.34 8.36 0 10.91 0 14c0 3.31 2.69 6 6 6h13c2.76 0 5-2.24 5-5 0-2.64-2.05-4.78-4.65-4.96M14 13v4h-4v-4H7l5-5 5 5z&quot;
                /&gt;
              &lt;/svg&gt;
            &lt;/span&gt;
            Dosya Yükle
            &lt;span
              class=&quot;MuiTouchRipple-root css-8je8zh-MuiTouchRipple-root&quot;
            /&gt;
          &lt;/button&gt;
        &lt;/div&gt;
      &lt;/div&gt;
      &lt;div
        class=&quot;MuiBox-root css-1lwwoo2&quot;
      &gt;
        &lt;div
          class=&quot;MuiFormControl-root MuiTextField-root css-18bz3y-MuiFormControl-root-MuiTextField-root&quot;
        &gt;
          &lt;div
            class=&quot;MuiInputBase-root MuiOutlinedInput-root MuiInputBase-colorPrimary MuiInputBase-formControl MuiInputBase-sizeSmall css-9ddj71-MuiInputBase-root-MuiOutlinedInput-root&quot;
          &gt;
            &lt;input
              aria-invalid=&quot;false&quot;
              class=&quot;MuiInputBase-input MuiOutlinedInput-input MuiInputBase-inputSizeSmall css-1n4twyu-MuiInputBase-input-MuiOutlinedInput-input&quot;
              id=&quot;:rl:&quot;
              placeholder=&quot;Dosya ara...&quot;
              type=&quot;text&quot;
              value=&quot;&quot;
            /&gt;
            &lt;fieldset
              aria-hidden=&quot;true&quot;
              class=&quot;MuiOutlinedInput-notchedOutline css-r01yff-MuiNotchedOutlined-root-MuiOutlinedInput-notchedOutline&quot;
            &gt;
              &lt;legend
                class=&quot;css-1whs34k-MuiNotchedOutlined-root&quot;
              &gt;
                &lt;span
                  class=&quot;notranslate&quot;
                &gt;
                  ​
                &lt;/span&gt;
              &lt;/legend&gt;
            &lt;/fieldset&gt;
          &lt;/div&gt;
        &lt;/div&gt;
        &lt;div
          class=&quot;MuiBox-root css-1i27l4i&quot;
        &gt;
          &lt;div
            class=&quot;MuiButtonBase-root MuiChip-root MuiChip-filled MuiChip-sizeMedium MuiChip-colorPrimary MuiChip-clickable MuiChip-clickableColorPrimary MuiChip-filledPrimary css-ljcuss-MuiButtonBase-root-MuiChip-root&quot;
            role=&quot;button&quot;
            tabindex=&quot;0&quot;
          &gt;
            &lt;span
              class=&quot;MuiChip-label MuiChip-labelMedium css-6od3lo-MuiChip-label&quot;
            &gt;
              Tümü
            &lt;/span&gt;
            &lt;span
              class=&quot;MuiTouchRipple-root css-8je8zh-MuiTouchRipple-root&quot;
            /&gt;
          &lt;/div&gt;
          &lt;div
            class=&quot;MuiButtonBase-root MuiChip-root MuiChip-filled MuiChip-sizeMedium MuiChip-colorDefault MuiChip-clickable MuiChip-clickableColorDefault MuiChip-filledDefault css-8m5rrr-MuiButtonBase-root-MuiChip-root&quot;
            role=&quot;button&quot;
            tabindex=&quot;0&quot;
          &gt;
            &lt;svg
              aria-hidden=&quot;true&quot;
              class=&quot;MuiSvgIcon-root MuiSvgIcon-fontSizeMedium MuiChip-icon MuiChip-iconMedium MuiChip-iconColorDefault css-i4bv87-MuiSvgIcon-root&quot;
              data-testid=&quot;DescriptionIcon&quot;
              focusable=&quot;false&quot;
              viewBox=&quot;0 0 24 24&quot;
            &gt;
              &lt;path
                d=&quot;M14 2H6c-1.1 0-1.99.9-1.99 2L4 20c0 1.1.89 2 1.99 2H18c1.1 0 2-.9 2-2V8zm2 16H8v-2h8zm0-4H8v-2h8zm-3-5V3.5L18.5 9z&quot;
              /&gt;
            &lt;/svg&gt;
            &lt;span
              class=&quot;MuiChip-label MuiChip-labelMedium css-6od3lo-MuiChip-label&quot;
            &gt;
              Dökümanlar
            &lt;/span&gt;
            &lt;span
              class=&quot;MuiTouchRipple-root css-8je8zh-MuiTouchRipple-root&quot;
            /&gt;
          &lt;/div&gt;
          &lt;div
            class=&quot;MuiButtonBase-root MuiChip-root MuiChip-filled MuiChip-sizeMedium MuiChip-colorDefault MuiChip-clickable MuiChip-clickableColorDefault MuiChip-filledDefault css-8m5rrr-MuiButtonBase-root-MuiChip-root&quot;
            role=&quot;button&quot;
            tabindex=&quot;0&quot;
          &gt;
            &lt;svg
              aria-hidden=&quot;true&quot;
              class=&quot;MuiSvgIcon-root MuiSvgIcon-fontSizeMedium MuiChip-icon MuiChip-iconMedium MuiChip-iconColorDefault css-i4bv87-MuiSvgIcon-root&quot;
              data-testid=&quot;ImageIcon&quot;
              focusable=&quot;false&quot;
              viewBox=&quot;0 0 24 24&quot;
            &gt;
              &lt;path
                d=&quot;M21 19V5c0-1.1-.9-2-2-2H5c-1.1 0-2 .9-2 2v14c0 1.1.9 2 2 2h14c1.1 0 2-.9 2-2M8.5 13.5l2.5 3.01L14.5 12l4.5 6H5z&quot;
              /&gt;
            &lt;/svg&gt;
            &lt;span
              class=&quot;MuiChip-label MuiChip-labelMedium css-6od3lo-MuiChip-label&quot;
            &gt;
              Resimler
            &lt;/span&gt;
            &lt;span
              class=&quot;MuiTouchRipple-root css-8je8zh-MuiTouchRipple-root&quot;
            /&gt;
          &lt;/div&gt;
          &lt;div
            class=&quot;MuiButtonBase-root MuiChip-root MuiChip-filled MuiChip-sizeMedium MuiChip-colorDefault MuiChip-clickable MuiChip-clickableColorDefault MuiChip-filledDefault css-8m5rrr-MuiButtonBase-root-MuiChip-root&quot;
            role=&quot;button&quot;
            tabindex=&quot;0&quot;
          &gt;
            &lt;svg
              aria-hidden=&quot;true&quot;
              class=&quot;MuiSvgIcon-root MuiSvgIcon-fontSizeMedium MuiChip-icon MuiChip-iconMedium MuiChip-iconColorDefault css-i4bv87-MuiSvgIcon-root&quot;
              data-testid=&quot;VideoLibraryIcon&quot;
              focusable=&quot;false&quot;
              viewBox=&quot;0 0 24 24&quot;
            &gt;
              &lt;path
                d=&quot;M4 6H2v14c0 1.1.9 2 2 2h14v-2H4zm16-4H8c-1.1 0-2 .9-2 2v12c0 1.1.9 2 2 2h12c1.1 0 2-.9 2-2V4c0-1.1-.9-2-2-2m-8 12.5v-9l6 4.5z&quot;
              /&gt;
            &lt;/svg&gt;
            &lt;span
              class=&quot;MuiChip-label MuiChip-labelMedium css-6od3lo-MuiChip-label&quot;
            &gt;
              Videolar
            &lt;/span&gt;
            &lt;span
              class=&quot;MuiTouchRipple-root css-8je8zh-MuiTouchRipple-root&quot;
            /&gt;
          &lt;/div&gt;
        &lt;/div&gt;
      &lt;/div&gt;
      &lt;div
        class=&quot;MuiPaper-root MuiPaper-elevation MuiPaper-rounded MuiPaper-elevation1 css-1glcs1f-MuiPaper-root&quot;
      &gt;
        &lt;svg
          aria-hidden=&quot;true&quot;
          class=&quot;MuiSvgIcon-root MuiSvgIcon-fontSizeMedium css-11ndtqy-MuiSvgIcon-root&quot;
          data-testid=&quot;FolderIcon&quot;
          focusable=&quot;false&quot;
          viewBox=&quot;0 0 24 24&quot;
        &gt;
          &lt;path
            d=&quot;M10 4H4c-1.1 0-1.99.9-1.99 2L2 18c0 1.1.9 2 2 2h16c1.1 0 2-.9 2-2V8c0-1.1-.9-2-2-2h-8z&quot;
          /&gt;
        &lt;/svg&gt;
        &lt;h6
          class=&quot;MuiTypography-root MuiTypography-h6 css-1jgmn5n-MuiTypography-root&quot;
        &gt;
          Henüz dosya yok
        &lt;/h6&gt;
        &lt;p
          class=&quot;MuiTypography-root MuiTypography-body1 css-1ts76t1-MuiTypography-root&quot;
        &gt;
          İlk dosyayı sen yükle!
        &lt;/p&gt;
      &lt;/div&gt;
    &lt;/div&gt;
  &lt;/div&gt;
&lt;/body&gt;

Ignored nodes: comments, script, style
&lt;html&gt;
  &lt;head /&gt;
  &lt;body&gt;
    &lt;div&gt;
      &lt;div
        class=&quot;MuiBox-root css-19kzrtu&quot;
      &gt;
        &lt;div
          class=&quot;MuiBox-root css-v08z5u&quot;
        &gt;
          &lt;h5
            class=&quot;MuiTypography-root MuiTypography-h5 css-bezmlo-MuiTypography-root&quot;
          &gt;
            📁 Dosyalar
          &lt;/h5&gt;
          &lt;div
            class=&quot;MuiBox-root css-1i27l4i&quot;
          &gt;
            &lt;button
              class=&quot;MuiButtonBase-root MuiIconButton-root MuiIconButton-colorPrimary MuiIconButton-sizeMedium css-1kuq5xv-MuiButtonBase-root-MuiIconButton-root&quot;
              tabindex=&quot;0&quot;
              type=&quot;button&quot;
            &gt;
              &lt;svg
                aria-hidden=&quot;true&quot;
                class=&quot;MuiSvgIcon-root MuiSvgIcon-fontSizeMedium css-i4bv87-MuiSvgIcon-root&quot;
                data-testid=&quot;GridViewIcon&quot;
                focusable=&quot;false&quot;
                viewBox=&quot;0 0 24 24&quot;
              &gt;
                &lt;path
                  d=&quot;M3 3v8h8V3zm6 6H5V5h4zm-6 4v8h8v-8zm6 6H5v-4h4zm4-16v8h8V3zm6 6h-4V5h4zm-6 4v8h8v-8zm6 6h-4v-4h4z&quot;
                  fill-rule=&quot;evenodd&quot;
                /&gt;
              &lt;/svg&gt;
              &lt;span
                class=&quot;MuiTouchRipple-root css-8je8zh-MuiTouchRipple-root&quot;
              /&gt;
            &lt;/button&gt;
            &lt;button
              class=&quot;MuiButtonBase-root MuiIconButton-root MuiIconButton-sizeMedium css-78trlr-MuiButtonBase-root-MuiIconButton-root&quot;
              tabindex=&quot;0&quot;
              type=&quot;button&quot;
            &gt;
              &lt;svg
                aria-hidden=&quot;true&quot;
                class=&quot;MuiSvgIcon-root MuiSvgIcon-fontSizeMedium css-i4bv87-MuiSvgIcon-root&quot;
                data-testid=&quot;ViewListIcon&quot;
                focusable=&quot;false&quot;
                viewBox=&quot;0 0 24 24&quot;
              &gt;
                &lt;path
                  d=&quot;M3 14h4v-4H3zm0 5h4v-4H3zM3 9h4V5H3zm5 5h13v-4H8zm0 5h13v-4H8zM8 5v4h13V5z&quot;
                /&gt;
              &lt;/svg&gt;
              &lt;span
                class=&quot;MuiTouchRipple-root css-8je8zh-MuiTouchRipple-root&quot;
              /&gt;
            &lt;/button&gt;
            &lt;input
              hidden=&quot;&quot;
              type=&quot;file&quot;
            /&gt;
            &lt;button
              class=&quot;MuiButtonBase-root MuiButton-root MuiButton-contained MuiButton-containedPrimary MuiButton-sizeMedium MuiButton-containedSizeMedium MuiButton-colorPrimary MuiButton-root MuiButton-contained MuiButton-containedPrimary MuiButton-sizeMedium MuiButton-containedSizeMedium MuiButton-colorPrimary css-sghohy-MuiButtonBase-root-MuiButton-root&quot;
              tabindex=&quot;0&quot;
              type=&quot;button&quot;
            &gt;
              &lt;span
                class=&quot;MuiButton-icon MuiButton-startIcon MuiButton-iconSizeMedium css-1d6wzja-MuiButton-startIcon&quot;
              &gt;
                &lt;svg
                  aria-hidden=&quot;true&quot;
                  class=&quot;MuiSvgIcon-root MuiSvgIcon-fontSizeMedium css-i4bv87-MuiSvgIcon-root&quot;
                  data-testid=&quot;CloudUploadIcon&quot;
                  focusable=&quot;false&quot;
                  viewBox=&quot;0 0 24 24&quot;
                &gt;
                  &lt;path
                    d=&quot;M19.35 10.04C18.67 6.59 15.64 4 12 4 9.11 4 6.6 5.64 5.35 8.04 2.34 8.36 0 10.91 0 14c0 3.31 2.69 6 6 6h13c2.76 0 5-2.24 5-5 0-2.64-2.05-4.78-4.65-4.96M14 13v4h-4v-4H7l5-5 5 5z&quot;
                  /&gt;
                &lt;/svg&gt;
              &lt;/span&gt;
              Dosya Yükle
              &lt;span
                class=&quot;MuiTouchRipple-root css-8je8zh-MuiTouchRipple-root&quot;
              /&gt;
            &lt;/button&gt;
          &lt;/div&gt;
        &lt;/div&gt;
        &lt;div
          class=&quot;MuiBox-root css-1lwwoo2&quot;
        &gt;
          &lt;div
            class=&quot;MuiFormControl-root MuiTextField-root css-18bz3y-MuiFormControl-root-MuiTextField-root&quot;
          &gt;
            &lt;div
              class=&quot;MuiInputBase-root MuiOutlinedInput-root MuiInputBase-colorPrimary MuiInputBase-formControl MuiInputBase-sizeSmall css-9ddj71-MuiInputBase-root-MuiOutlinedInput-root&quot;
            &gt;
              &lt;input
                aria-invalid=&quot;false&quot;
                class=&quot;MuiInputBase-input MuiOutlinedInput-input MuiInputBase-inputSizeSmall css-1n4twyu-MuiInputBase-input-MuiOutlinedInput-input&quot;
                id=&quot;:rl:&quot;
                placeholder=&quot;Dosya ara...&quot;
                type=&quot;text&quot;
                value=&quot;&quot;
              /&gt;
              &lt;fieldset
                aria-hidden=&quot;true&quot;
                class=&quot;MuiOutlinedInput-notchedOutline css-r01yff-MuiNotchedOutlined-root-MuiOutlinedInput-notchedOutline&quot;
              &gt;
                &lt;legend
                  class=&quot;css-1whs34k-MuiNotchedOutlined-root&quot;
                &gt;
                  &lt;span
                    class=&quot;notranslate&quot;
                  &gt;
                    ​
                  &lt;/span&gt;
                &lt;/legend&gt;
              &lt;/fieldset&gt;
            &lt;/div&gt;
          &lt;/div&gt;
          &lt;div
            class=&quot;MuiBox-root css-1i27l4i&quot;
          &gt;
            &lt;div
              class=&quot;MuiButtonBase-root MuiChip-root MuiChip-filled MuiChip-sizeMedium MuiChip-colorPrimary MuiChip-clickable MuiChip-clickableColorPrimary MuiChip-filledPrimary css-ljcuss-MuiButtonBase-root-MuiChip-root&quot;
              role=&quot;button&quot;
              tabindex=&quot;...
 ❯ Proxy.waitForWrapper node_modules/@testing-library/react/node_modules/@testing-library/dom/dist/wait-for.js:163:27
 ❯ src/components/StudyRooms/__tests__/FileManager.test.tsx:101:13
            </failure>
        </testcase>
        <testcase classname="src/components/StudyRooms/__tests__/FileManager.test.tsx" name="FileManager Component &gt; View Modes &gt; switches back to grid view" time="2.58186">
            <failure message="Unable to find role=&quot;button&quot; and name `/list/i`

Ignored nodes: comments, script, style
[36m&lt;body&gt;[39m
  [36m&lt;div&gt;[39m
    [36m&lt;div[39m
      [33mclass[39m=[32m&quot;MuiBox-root css-19kzrtu&quot;[39m
    [36m&gt;[39m
      [36m&lt;div[39m
        [33mclass[39m=[32m&quot;MuiBox-root css-v08z5u&quot;[39m
      [36m&gt;[39m
        [36m&lt;h5[39m
          [33mclass[39m=[32m&quot;MuiTypography-root MuiTypography-h5 css-bezmlo-MuiTypography-root&quot;[39m
        [36m&gt;[39m
          [0m📁 Dosyalar[0m
        [36m&lt;/h5&gt;[39m
        [36m&lt;div[39m
          [33mclass[39m=[32m&quot;MuiBox-root css-1i27l4i&quot;[39m
        [36m&gt;[39m
          [36m&lt;button[39m
            [33mclass[39m=[32m&quot;MuiButtonBase-root MuiIconButton-root MuiIconButton-colorPrimary MuiIconButton-sizeMedium css-1kuq5xv-MuiButtonBase-root-MuiIconButton-root&quot;[39m
            [33mtabindex[39m=[32m&quot;0&quot;[39m
            [33mtype[39m=[32m&quot;button&quot;[39m
          [36m&gt;[39m
            [36m&lt;svg[39m
              [33maria-hidden[39m=[32m&quot;true&quot;[39m
              [33mclass[39m=[32m&quot;MuiSvgIcon-root MuiSvgIcon-fontSizeMedium css-i4bv87-MuiSvgIcon-root&quot;[39m
              [33mdata-testid[39m=[32m&quot;GridViewIcon&quot;[39m
              [33mfocusable[39m=[32m&quot;false&quot;[39m
              [33mviewBox[39m=[32m&quot;0 0 24 24&quot;[39m
            [36m&gt;[39m
              [36m&lt;path[39m
                [33md[39m=[32m&quot;M3 3v8h8V3zm6 6H5V5h4zm-6 4v8h8v-8zm6 6H5v-4h4zm4-16v8h8V3zm6 6h-4V5h4zm-6 4v8h8v-8zm6 6h-4v-4h4z&quot;[39m
                [33mfill-rule[39m=[32m&quot;evenodd&quot;[39m
              [36m/&gt;[39m
            [36m&lt;/svg&gt;[39m
            [36m&lt;span[39m
              [33mclass[39m=[32m&quot;MuiTouchRipple-root css-8je8zh-MuiTouchRipple-root&quot;[39m
            [36m/&gt;[39m
          [36m&lt;/button&gt;[39m
          [36m&lt;button[39m
            [33mclass[39m=[32m&quot;MuiButtonBase-root MuiIconButton-root MuiIconButton-sizeMedium css-78trlr-MuiButtonBase-root-MuiIconButton-root&quot;[39m
            [33mtabindex[39m=[32m&quot;0&quot;[39m
            [33mtype[39m=[32m&quot;button&quot;[39m
          [36m&gt;[39m
            [36m&lt;svg[39m
              [33maria-hidden[39m=[32m&quot;true&quot;[39m
              [33mclass[39m=[32m&quot;MuiSvgIcon-root MuiSvgIcon-fontSizeMedium css-i4bv87-MuiSvgIcon-root&quot;[39m
              [33mdata-testid[39m=[32m&quot;ViewListIcon&quot;[39m
              [33mfocusable[39m=[32m&quot;false&quot;[39m
              [33mviewBox[39m=[32m&quot;0 0 24 24&quot;[39m
            [36m&gt;[39m
              [36m&lt;path[39m
                [33md[39m=[32m&quot;M3 14h4v-4H3zm0 5h4v-4H3zM3 9h4V5H3zm5 5h13v-4H8zm0 5h13v-4H8zM8 5v4h13V5z&quot;[39m
              [36m/&gt;[39m
            [36m&lt;/svg&gt;[39m
            [36m&lt;span[39m
              [33mclass[39m=[32m&quot;MuiTouchRipple-root css-8je8zh-MuiTouchRipple-root&quot;[39m
            [36m/&gt;[39m
          [36m&lt;/button&gt;[39m
          [36m&lt;input[39m
            [33mhidden[39m=[32m&quot;&quot;[39m
            [33mtype[39m=[32m&quot;file&quot;[39m
          [36m/&gt;[39m
          [36m&lt;button[39m
            [33mclass[39m=[32m&quot;MuiButtonBase-root MuiButton-root MuiButton-contained MuiButton-containedPrimary MuiButton-sizeMedium MuiButton-containedSizeMedium MuiButton-colorPrimary MuiButton-root MuiButton-contained MuiButton-containedPrimary MuiButton-sizeMedium MuiButton-containedSizeMedium MuiButton-colorPrimary css-sghohy-MuiButtonBase-root-MuiButton-root&quot;[39m
            [33mtabindex[39m=[32m&quot;0&quot;[39m
            [33mtype[39m=[32m&quot;button&quot;[39m
          [36m&gt;[39m
            [36m&lt;span[39m
              [33mclass[39m=[32m&quot;MuiButton-icon MuiButton-startIcon MuiButton-iconSizeMedium css-1d6wzja-MuiButton-startIcon&quot;[39m
            [36m&gt;[39m
              [36m&lt;svg[39m
                [33maria-hidden[39m=[32m&quot;true&quot;[39m
                [33mclass[39m=[32m&quot;MuiSvgIcon-root MuiSvgIcon-fontSizeMedium css-i4bv87-MuiSvgIcon-root&quot;[39m
                [33mdata-testid[39m=[32m&quot;CloudUploadIcon&quot;[39m
                [33mfocusable[39m=[32m&quot;false&quot;[39m
                [33mviewBox[39m=[32m&quot;0 0 24 24&quot;[39m
              [36m&gt;[39m
                [36m&lt;path[39m
                  [33md[39m=[32m&quot;M19.35 10.04C18.67 6.59 15.64 4 12 4 9.11 4 6.6 5.64 5.35 8.04 2.34 8.36 0 10.91 0 14c0 3.31 2.69 6 6 6h13c2.76 0 5-2.24 5-5 0-2.64-2.05-4.78-4.65-4.96M14 13v4h-4v-4H7l5-5 5 5z&quot;[39m
                [36m/&gt;[39m
              [36m&lt;/svg&gt;[39m
            [36m&lt;/span&gt;[39m
            [0mDosya Yükle[0m
            [36m&lt;span[39m
              [33mclass[39m=[32m&quot;MuiTouchRipple-root css-8je8zh-MuiTouchRipple-root&quot;[39m
            [36m/&gt;[39m
          [36m&lt;/button&gt;[39m
        [36m&lt;/div&gt;[39m
      [36m&lt;/div&gt;[39m
      [36m&lt;div[39m
        [33mclass[39m=[32m&quot;MuiBox-root css-1lwwoo2&quot;[39m
      [36m&gt;[39m
        [36m&lt;div[39m
          [33mclass[39m=[32m&quot;MuiFormControl-root MuiTextField-root css-18bz3y-MuiFormControl-root-MuiTextField-root&quot;[39m
        [36m&gt;[39m
          [36m&lt;div[39m
            [33mclass[39m=[32m&quot;MuiInputBase-root MuiOutlinedInput-root MuiInputBase-colorPrimary MuiInputBase-formControl MuiInputBase-sizeSmall css-9ddj71-MuiInputBase-root-MuiOutlinedInput-root&quot;[39m
          [36m&gt;[39m
            [36m&lt;input[39m
              [33maria-invalid[39m=[32m&quot;false&quot;[39m
              [33mclass[39m=[32m&quot;MuiInputBase-input MuiOutlinedInput-input MuiInputBase-inputSizeSmall css-1n4twyu-MuiInputBase-input-MuiOutlinedInput-input&quot;[39m
              [33mid[39m=[32m&quot;:ro:&quot;[39m
              [33mplaceholder[39m=[32m&quot;Dosya ara...&quot;[39m
              [33mtype[39m=[32m&quot;text&quot;[39m
              [33mvalue[39m=[32m&quot;&quot;[39m
            [36m/&gt;[39m
            [36m&lt;fieldset[39m
              [33maria-hidden[39m=[32m&quot;true&quot;[39m
              [33mclass[39m=[32m&quot;MuiOutlinedInput-notchedOutline css-r01yff-MuiNotchedOutlined-root-MuiOutlinedInput-notchedOutline&quot;[39m
            [36m&gt;[39m
              [36m&lt;legend[39m
                [33mclass[39m=[32m&quot;css-1whs34k-MuiNotchedOutlined-root&quot;[39m
              [36m&gt;[39m
                [36m&lt;span[39m
                  [33mclass[39m=[32m&quot;notranslate&quot;[39m
                [36m&gt;[39m
                  [0m​[0m
                [36m&lt;/span&gt;[39m
              [36m&lt;/legend&gt;[39m
            [36m&lt;/fieldset&gt;[39m
          [36m&lt;/div&gt;[39m
        [36m&lt;/div&gt;[39m
        [36m&lt;div[39m
          [33mclass[39m=[32m&quot;MuiBox-root css-1i27l4i&quot;[39m
        [36m&gt;[39m
          [36m&lt;div[39m
            [33mclass[39m=[32m&quot;MuiButtonBase-root MuiChip-root MuiChip-filled MuiChip-sizeMedium MuiChip-colorPrimary MuiChip-clickable MuiChip-clickableColorPrimary MuiChip-filledPrimary css-ljcuss-MuiButtonBase-root-MuiChip-root&quot;[39m
            [33mrole[39m=[32m&quot;button&quot;[39m
            [33mtabindex[39m=[32m&quot;0&quot;[39m
          [36m&gt;[39m
            [36m&lt;span[39m
              [33mclass[39m=[32m&quot;MuiChip-label MuiChip-labelMedium css-6od3lo-MuiChip-label&quot;[39m
            [36m&gt;[39m
              [0mTümü[0m
            [36m&lt;/span&gt;[39m
            [36m&lt;span[39m
              [33mclass[39m=[32m&quot;MuiTouchRipple-root css-8je8zh-MuiTouchRipple-root&quot;[39m
            [36m/&gt;[39m
          [36m&lt;/div&gt;[39m
          [36m&lt;div[39m
            [33mclass[39m=[32m&quot;MuiButtonBase-root MuiChip-root MuiChip-filled MuiChip-sizeMedium MuiChip-colorDefault MuiChip-clickable MuiChip-clickableColorDefault MuiChip-filledDefault css-8m5rrr-MuiButtonBase-root-MuiChip-root&quot;[39m
            [33mrole[39m=[32m&quot;button&quot;[39m
            [33mtabindex[39m=[32m&quot;0&quot;[39m
          [36m&gt;[39m
            [36m&lt;svg[39m
              [33maria-hidden[39m=[32m&quot;true&quot;[39m
              [33mclass[39m=[32m&quot;MuiSvgIcon-root MuiSvgIcon-fontSizeMedium MuiChip-icon MuiChip-iconMedium MuiChip-iconColorDefault css-i4bv87-MuiSvgIcon-root&quot;[39m
              [33mdata-testid[39m=[32m&quot;DescriptionIcon&quot;[39m
              [33mfocusable[39m=[32m&quot;false&quot;[39m
              [33mviewBox[39m=[32m&quot;0 0 24 24&quot;[39m
            [36m&gt;[39m
              [36m&lt;path[39m
                [33md[39m=[32m&quot;M14 2H6c-1.1 0-1.99.9-1.99 2L4 20c0 1.1.89 2 1.99 2H18c1.1 0 2-.9 2-2V8zm2 16H8v-2h8zm0-4H8v-2h8zm-3-5V3.5L18.5 9z&quot;[39m
              [36m/&gt;[39m
            [36m&lt;/svg&gt;[39m
            [36m&lt;span[39m
              [33mclass[39m=[32m&quot;MuiChip-label MuiChip-labelMedium css-6od3lo-MuiChip-label&quot;[39m
            [36m&gt;[39m
              [0mDökümanlar[0m
            [36m&lt;/span&gt;[39m
            [36m&lt;span[39m
              [33mclass[39m=[32m&quot;MuiTouchRipple-root css-8je8zh-MuiTouchRipple-root&quot;[39m
            [36m/&gt;[39m
          [36m&lt;/div&gt;[39m
          [36m&lt;div[39m
            [33mclass[39m=[32m&quot;MuiButtonBase-root MuiChip-root MuiChip-filled MuiChip-sizeMedium MuiChip-colorDefault MuiChip-clickable MuiChip-clickableColorDefault MuiChip-filledDefault css-8m5rrr-MuiButtonBase-root-MuiChip-root&quot;[39m
            [33mrole[39m=[32m&quot;button&quot;[39m
            [33mtabindex[39m=[32m&quot;0&quot;[39m
          [36m&gt;[39m
            [36m&lt;svg[39m
              [33maria-hidden[39m=[32m&quot;true&quot;[39m
              [33mclass[39m=[32m&quot;MuiSvgIcon-root MuiSvgIcon-fontSizeMedium MuiChip-icon MuiChip-iconMedium MuiChip-iconColorDefault css-i4bv87-MuiSvgIcon-root&quot;[39m
              [33mdata-testid[39m=[32m&quot;ImageIcon&quot;[39m
              [33mfocusable[39m=[32m&quot;false&quot;[39m
              [33mviewBox[39m=[32m&quot;0 0 24 24&quot;[39m
            [36m&gt;[39m
              [36m&lt;path[39m
                [33md[39m=[32m&quot;M21 19V5c0-1.1-.9-2-2-2H5c-1.1 0-2 .9-2 2v14c0 1.1.9 2 2 2h14c1.1 0 2-.9 2-2M8.5 13.5l2.5 3.01L14.5 12l4.5 6H5z&quot;[39m
              [36m/&gt;[39m
            [36m&lt;/svg&gt;[39m
            [36m&lt;span[39m
              [33mclass[39m=[32m&quot;MuiChip-label MuiChip-labelMedium css-6od3lo-MuiChip-label&quot;[39m
            [36m&gt;[39m
              [0mResimler[0m
            [36m&lt;/span&gt;[39m
            [36m&lt;span[39m
              [33mclass[39m=[32m&quot;MuiTouchRipple-root css-8je8zh-MuiTouchRipple-root&quot;[39m
            [36m/&gt;[39m
          [36m&lt;/div&gt;[39m
          [36m&lt;div[39m
            [33mclass[39m=[32m&quot;MuiButtonBase-root MuiChip-root MuiChip-filled MuiChip-sizeMedium MuiChip-colorDefault MuiChip-clickable MuiChip-clickableColorDefault MuiChip-filledDefault css-8m5rrr-MuiButtonBase-root-MuiChip-root&quot;[39m
            [33mrole[39m=[32m&quot;button&quot;[39m
            [33mtabindex[39m=[32m&quot;0&quot;[39m
          [36m&gt;[39m
            [36m&lt;svg[39m
              [33maria-hidden[39m=[32m&quot;true&quot;[39m
              [33mclass[39m=[32m&quot;MuiSvgIcon-root MuiSvgIcon-fontSizeMedium MuiChip-icon MuiChip-iconMedium MuiChip-iconColorDefault css-i4bv87-MuiSvgIcon-root&quot;[39m
              [33mdata-testid[39m=[32m&quot;VideoLibraryIcon&quot;[39m
              [33mfocusable[39m=[32m&quot;false&quot;[39m
              [33mviewBox[39m=[32m&quot;0 0 24 24&quot;[39m
            [36m&gt;[39m
              [36m&lt;path[39m
                [33md[39m=[32m&quot;M4 6H2v14c0 1.1.9 2 2 2h14v-2H4zm16-4H8c-1.1 0-2 .9-2 2v12c0 1.1.9 2 2 2h12c1.1 0 2-.9 2-2V4c0-1.1-.9-2-2-2m-8 12.5v-9l6 4.5z&quot;[39m
              [36m/&gt;[39m
            [36m&lt;/svg&gt;[39m
            [36m&lt;span[39m
              [33mclass[39m=[32m&quot;MuiChip-label MuiChip-labelMedium css-6od3lo-MuiChip-label&quot;[39m
            [36m&gt;[39m
              [0mVideolar[0m
            [36m&lt;/span&gt;[39m
            [36m&lt;span[39m
              [33mclass[39m=[32m&quot;MuiTouchRipple-root css-8je8zh-MuiTouchRipple-root&quot;[39m
            [36m/&gt;[39m
          [36m&lt;/div&gt;[39m
        [36m&lt;/div&gt;[39m
      [36m&lt;/div&gt;[39m
      [36m&lt;div[39m
        [33mclass[39m=[32m&quot;MuiPaper-root MuiPaper-elevation MuiPaper-rounded MuiPaper-elevation1 css-1glcs1f-MuiPaper-root&quot;[39m
      [36m&gt;[39m
        [36m&lt;svg[39m
          [33maria-hidden[39m=[32m&quot;true&quot;[39m
          [33mclass[39m=[32m&quot;MuiSvgIcon-root MuiSvgIcon-fontSizeMedium css-11ndtqy-MuiSvgIcon-root&quot;[39m
          [33mdata-testid[39m=[32m&quot;FolderIcon&quot;[39m
          [33mfocusable[39m=[32m&quot;false&quot;[39m
          [33mviewBox[39m=[32m&quot;0 0 24 24&quot;[39m
        [36m&gt;[39m
          [36m&lt;path[39m
            [33md[39m=[32m&quot;M10 4H4c-1.1 0-1.99.9-1.99 2L2 18c0 1.1.9 2 2 2h16c1.1 0 2-.9 2-2V8c0-1.1-.9-2-2-2h-8z&quot;[39m
          [36m/&gt;[39m
        [36m&lt;/svg&gt;[39m
        [36m&lt;h6[39m
          [33mclass[39m=[32m&quot;MuiTypography-root MuiTypography-h6 css-1jgmn5n-MuiTypography-root&quot;[39m
        [36m&gt;[39m
          [0mHenüz dosya yok[0m
        [36m&lt;/h6&gt;[39m
        [36m&lt;p[39m
          [33mclass[39m=[32m&quot;MuiTypography-root MuiTypography-body1 css-1ts76t1-MuiTypography-root&quot;[39m
        [36m&gt;[39m
          [0mİlk dosyayı sen yükle![0m
        [36m&lt;/p&gt;[39m
      [36m&lt;/div&gt;[39m
    [36m&lt;/div&gt;[39m
  [36m&lt;/div&gt;[39m
[36m&lt;/body&gt;[39m

Ignored nodes: comments, script, style
[36m&lt;html&gt;[39m
  [36m&lt;head /&gt;[39m
  [36m&lt;body&gt;[39m
    [36m&lt;div&gt;[39m
      [36m&lt;div[39m
        [33mclass[39m=[32m&quot;MuiBox-root css-19kzrtu&quot;[39m
      [36m&gt;[39m
        [36m&lt;div[39m
          [33mclass[39m=[32m&quot;MuiBox-root css-v08z5u&quot;[39m
        [36m&gt;[39m
          [36m&lt;h5[39m
            [33mclass[39m=[32m&quot;MuiTypography-root MuiTypography-h5 css-bezmlo-MuiTypography-root&quot;[39m
          [36m&gt;[39m
            [0m📁 Dosyalar[0m
          [36m&lt;/h5&gt;[39m
          [36m&lt;div[39m
            [33mclass[39m=[32m&quot;MuiBox-root css-1i27l4i&quot;[39m
          [36m&gt;[39m
            [36m&lt;button[39m
              [33mclass[39m=[32m&quot;MuiButtonBase-root MuiIconButton-root MuiIconButton-colorPrimary MuiIconButton-sizeMedium css-1kuq5xv-MuiButtonBase-root-MuiIconButton-root&quot;[39m
              [33mtabindex[39m=[32m&quot;0&quot;[39m
              [33mtype[39m=[32m&quot;button&quot;[39m
            [36m&gt;[39m
              [36m&lt;svg[39m
                [33maria-hidden[39m=[32m&quot;true&quot;[39m
                [33mclass[39m=[32m&quot;MuiSvgIcon-root MuiSvgIcon-fontSizeMedium css-i4bv87-MuiSvgIcon-root&quot;[39m
                [33mdata-testid[39m=[32m&quot;GridViewIcon&quot;[39m
                [33mfocusable[39m=[32m&quot;false&quot;[39m
                [33mviewBox[39m=[32m&quot;0 0 24 24&quot;[39m
              [36m&gt;[39m
                [36m&lt;path[39m
                  [33md[39m=[32m&quot;M3 3v8h8V3zm6 6H5V5h4zm-6 4v8h8v-8zm6 6H5v-4h4zm4-16v8h8V3zm6 6h-4V5h4zm-6 4v8h8v-8zm6 6h-4v-4h4z&quot;[39m
                  [33mfill-rule[39m=[32m&quot;evenodd&quot;[39m
                [36m/&gt;[39m
              [36m&lt;/svg&gt;[39m
              [36m&lt;span[39m
                [33mclass[39m=[32m&quot;MuiTouchRipple-root css-8je8zh-MuiTouchRipple-root&quot;[39m
              [36m/&gt;[39m
            [36m&lt;/button&gt;[39m
            [36m&lt;button[39m
              [33mclass[39m=[32m&quot;MuiButtonBase-root MuiIconButton-root MuiIconButton-sizeMedium css-78trlr-MuiButtonBase-root-MuiIconButton-root&quot;[39m
              [33mtabindex[39m=[32m&quot;0&quot;[39m
              [33mtype[39m=[32m&quot;button&quot;[39m
            [36m&gt;[39m
              [36m&lt;svg[39m
                [33maria-hidden[39m=[32m&quot;true&quot;[39m
                [33mclass[39m=[32m&quot;MuiSvgIcon-root MuiSvgIcon-fontSizeMedium css-i4bv87-MuiSvgIcon-root&quot;[39m
                [33mdata-testid[39m=[32m&quot;ViewListIcon&quot;[39m
                [33mfocusable[39m=[32m&quot;false&quot;[39m
                [33mviewBox[39m=[32m&quot;0 0 24 24&quot;[39m
              [36m&gt;[39m
                [36m&lt;path[39m
                  [33md[39m=[32m&quot;M3 14h4v-4H3zm0 5h4v-4H3zM3 9h4V5H3zm5 5h13v-4H8zm0 5h13v-4H8zM8 5v4h13V5z&quot;[39m
                [36m/&gt;[39m
              [36m&lt;/svg&gt;[39m
              [36m&lt;span[39m
                [33mclass[39m=[32m&quot;MuiTouchRipple-root css-8je8zh-MuiTouchRipple-root&quot;[39m
              [36m/&gt;[39m
            [36m&lt;/button&gt;[39m
            [36m&lt;input[39m
              [33mhidden[39m=[32m&quot;&quot;[39m
              [33mtype[39m=[32m&quot;file&quot;[39m
            [36m/&gt;[39m
            [36m&lt;button[39m
              [33mclass[39m=[32m&quot;MuiButtonBase-root MuiButton-root MuiButton-contained MuiButton-containedPrimary MuiButton-sizeMedium MuiButton-containedSizeMedium MuiButton-colorPrimary MuiButton-root MuiButton-contained MuiButton-containedPrimary MuiButton-sizeMedium MuiButton-containedSizeMedium MuiButton-colorPrimary css-sghohy-MuiButtonBase-root-MuiButton-root&quot;[39m
              [33mtabindex[39m=[32m&quot;0&quot;[39m
              [33mtype[39m=[32m&quot;button&quot;[39m
            [36m&gt;[39m
              [36m&lt;span[39m
                [33mclass[39m=[32m&quot;MuiButton-icon MuiButton-startIcon MuiButton-iconSizeMedium css-1d6wzja-MuiButton-startIcon&quot;[39m
              [36m&gt;[39m
                [36m&lt;svg[39m
                  [33maria-hidden[39m=[32m&quot;true&quot;[39m
                  [33mclass[39m=[32m&quot;MuiSvgIcon-root MuiSvgIcon-fontSizeMedium css-i4bv87-MuiSvgIcon-root&quot;[39m
                  [33mdata-testid[39m=[32m&quot;CloudUploadIcon&quot;[39m
                  [33mfocusable[39m=[32m&quot;false&quot;[39m
                  [33mviewBox[39m=[32m&quot;0 0 24 24&quot;[39m
                [36m&gt;[39m
                  [36m&lt;path[39m
                    [33md[39m=[32m&quot;M19.35 10.04C18.67 6.59 15.64 4 12 4 9.11 4 6.6 5.64 5.35 8.04 2.34 8.36 0 10.91 0 14c0 3.31 2.69 6 6 6h13c2.76 0 5-2.24 5-5 0-2.64-2.05-4.78-4.65-4.96M14 13v4h-4v-4H7l5-5 5 5z&quot;[39m
                  [36m/&gt;[39m
                [36m&lt;/svg&gt;[39m
              [36m&lt;/span&gt;[39m
              [0mDosya Yükle[0m
              [36m&lt;span[39m
                [33mclass[39m=[32m&quot;MuiTouchRipple-root css-8je8zh-MuiTouchRipple-root&quot;[39m
              [36m/&gt;[39m
            [36m&lt;/button&gt;[39m
          [36m&lt;/div&gt;[39m
        [36m&lt;/div&gt;[39m
        [36m&lt;div[39m
          [33mclass[39m=[32m&quot;MuiBox-root css-1lwwoo2&quot;[39m
        [36m&gt;[39m
          [36m&lt;div[39m
            [33mclass[39m=[32m&quot;MuiFormControl-root MuiTextField-root css-18bz3y-MuiFormControl-root-MuiTextField-root&quot;[39m
          [36m&gt;[39m
            [36m&lt;div[39m
              [33mclass[39m=[32m&quot;MuiInputBase-root MuiOutlinedInput-root MuiInputBase-colorPrimary MuiInputBase-formControl MuiInputBase-sizeSmall css-9ddj71-MuiInputBase-root-MuiOutlinedInput-root&quot;[39m
            [36m&gt;[39m
              [36m&lt;input[39m
                [33maria-invalid[39m=[32m&quot;false&quot;[39m
                [33mclass[39m=[32m&quot;MuiInputBase-input MuiOutlinedInput-input MuiInputBase-inputSizeSmall css-1n4twyu-MuiInputBase-input-MuiOutlinedInput-input&quot;[39m
                [33mid[39m=[32m&quot;:ro:&quot;[39m
                [33mplaceholder[39m=[32m&quot;Dosya ara...&quot;[39m
                [33mtype[39m=[32m&quot;text&quot;[39m
                [33mvalue[39m=[32m&quot;&quot;[39m
              [36m/&gt;[39m
              [36m&lt;fieldset[39m
                [33maria-hidden[39m=[32m&quot;true&quot;[39m
                [33mclass[39m=[32m&quot;MuiOutlinedInput-notchedOutline css-r01yff-MuiNotchedOutlined-root-MuiOutlinedInput-notchedOutline&quot;[39m
              [36m&gt;[39m
                [36m&lt;legend[39m
                  [33mclass[39m=[32m&quot;css-1whs34k-MuiNotchedOutlined-root&quot;[39m
                [36m&gt;[39m
                  [36m&lt;span[39m
                    [33mclass[39m=[32m&quot;notranslate&quot;[39m
                  [36m&gt;[39m
                    [0m​[0m
                  [36m&lt;/span&gt;[39m
                [36m&lt;/legend&gt;[39m
              [36m&lt;/fieldset&gt;[39m
            [36m&lt;/div&gt;[39m
          [36m&lt;/div&gt;[39m
          [36m&lt;div[39m
            [33mclass[39m=[32m&quot;MuiBox-root css-1i27l4i&quot;[39m
          [36m&gt;[39m
            [36m&lt;div[39m
              [33mclass[39m=[32m&quot;MuiButtonBase-root MuiChip-root MuiChip-filled MuiChip-sizeMedium MuiChip-colorPrimary MuiChip-clickable MuiChip-clickableColorPrimary MuiChip-filledPrimary css-ljcuss-MuiButtonBase-root-MuiChip-root&quot;[39m
              [33mrole[39m=[32m&quot;button&quot;[39m
              [33mtabindex[39m=[32m&quot;..." type="TestingLibraryElementError">
TestingLibraryElementError: Unable to find role=&quot;button&quot; and name `/list/i`

Ignored nodes: comments, script, style
&lt;body&gt;
  &lt;div&gt;
    &lt;div
      class=&quot;MuiBox-root css-19kzrtu&quot;
    &gt;
      &lt;div
        class=&quot;MuiBox-root css-v08z5u&quot;
      &gt;
        &lt;h5
          class=&quot;MuiTypography-root MuiTypography-h5 css-bezmlo-MuiTypography-root&quot;
        &gt;
          📁 Dosyalar
        &lt;/h5&gt;
        &lt;div
          class=&quot;MuiBox-root css-1i27l4i&quot;
        &gt;
          &lt;button
            class=&quot;MuiButtonBase-root MuiIconButton-root MuiIconButton-colorPrimary MuiIconButton-sizeMedium css-1kuq5xv-MuiButtonBase-root-MuiIconButton-root&quot;
            tabindex=&quot;0&quot;
            type=&quot;button&quot;
          &gt;
            &lt;svg
              aria-hidden=&quot;true&quot;
              class=&quot;MuiSvgIcon-root MuiSvgIcon-fontSizeMedium css-i4bv87-MuiSvgIcon-root&quot;
              data-testid=&quot;GridViewIcon&quot;
              focusable=&quot;false&quot;
              viewBox=&quot;0 0 24 24&quot;
            &gt;
              &lt;path
                d=&quot;M3 3v8h8V3zm6 6H5V5h4zm-6 4v8h8v-8zm6 6H5v-4h4zm4-16v8h8V3zm6 6h-4V5h4zm-6 4v8h8v-8zm6 6h-4v-4h4z&quot;
                fill-rule=&quot;evenodd&quot;
              /&gt;
            &lt;/svg&gt;
            &lt;span
              class=&quot;MuiTouchRipple-root css-8je8zh-MuiTouchRipple-root&quot;
            /&gt;
          &lt;/button&gt;
          &lt;button
            class=&quot;MuiButtonBase-root MuiIconButton-root MuiIconButton-sizeMedium css-78trlr-MuiButtonBase-root-MuiIconButton-root&quot;
            tabindex=&quot;0&quot;
            type=&quot;button&quot;
          &gt;
            &lt;svg
              aria-hidden=&quot;true&quot;
              class=&quot;MuiSvgIcon-root MuiSvgIcon-fontSizeMedium css-i4bv87-MuiSvgIcon-root&quot;
              data-testid=&quot;ViewListIcon&quot;
              focusable=&quot;false&quot;
              viewBox=&quot;0 0 24 24&quot;
            &gt;
              &lt;path
                d=&quot;M3 14h4v-4H3zm0 5h4v-4H3zM3 9h4V5H3zm5 5h13v-4H8zm0 5h13v-4H8zM8 5v4h13V5z&quot;
              /&gt;
            &lt;/svg&gt;
            &lt;span
              class=&quot;MuiTouchRipple-root css-8je8zh-MuiTouchRipple-root&quot;
            /&gt;
          &lt;/button&gt;
          &lt;input
            hidden=&quot;&quot;
            type=&quot;file&quot;
          /&gt;
          &lt;button
            class=&quot;MuiButtonBase-root MuiButton-root MuiButton-contained MuiButton-containedPrimary MuiButton-sizeMedium MuiButton-containedSizeMedium MuiButton-colorPrimary MuiButton-root MuiButton-contained MuiButton-containedPrimary MuiButton-sizeMedium MuiButton-containedSizeMedium MuiButton-colorPrimary css-sghohy-MuiButtonBase-root-MuiButton-root&quot;
            tabindex=&quot;0&quot;
            type=&quot;button&quot;
          &gt;
            &lt;span
              class=&quot;MuiButton-icon MuiButton-startIcon MuiButton-iconSizeMedium css-1d6wzja-MuiButton-startIcon&quot;
            &gt;
              &lt;svg
                aria-hidden=&quot;true&quot;
                class=&quot;MuiSvgIcon-root MuiSvgIcon-fontSizeMedium css-i4bv87-MuiSvgIcon-root&quot;
                data-testid=&quot;CloudUploadIcon&quot;
                focusable=&quot;false&quot;
                viewBox=&quot;0 0 24 24&quot;
              &gt;
                &lt;path
                  d=&quot;M19.35 10.04C18.67 6.59 15.64 4 12 4 9.11 4 6.6 5.64 5.35 8.04 2.34 8.36 0 10.91 0 14c0 3.31 2.69 6 6 6h13c2.76 0 5-2.24 5-5 0-2.64-2.05-4.78-4.65-4.96M14 13v4h-4v-4H7l5-5 5 5z&quot;
                /&gt;
              &lt;/svg&gt;
            &lt;/span&gt;
            Dosya Yükle
            &lt;span
              class=&quot;MuiTouchRipple-root css-8je8zh-MuiTouchRipple-root&quot;
            /&gt;
          &lt;/button&gt;
        &lt;/div&gt;
      &lt;/div&gt;
      &lt;div
        class=&quot;MuiBox-root css-1lwwoo2&quot;
      &gt;
        &lt;div
          class=&quot;MuiFormControl-root MuiTextField-root css-18bz3y-MuiFormControl-root-MuiTextField-root&quot;
        &gt;
          &lt;div
            class=&quot;MuiInputBase-root MuiOutlinedInput-root MuiInputBase-colorPrimary MuiInputBase-formControl MuiInputBase-sizeSmall css-9ddj71-MuiInputBase-root-MuiOutlinedInput-root&quot;
          &gt;
            &lt;input
              aria-invalid=&quot;false&quot;
              class=&quot;MuiInputBase-input MuiOutlinedInput-input MuiInputBase-inputSizeSmall css-1n4twyu-MuiInputBase-input-MuiOutlinedInput-input&quot;
              id=&quot;:ro:&quot;
              placeholder=&quot;Dosya ara...&quot;
              type=&quot;text&quot;
              value=&quot;&quot;
            /&gt;
            &lt;fieldset
              aria-hidden=&quot;true&quot;
              class=&quot;MuiOutlinedInput-notchedOutline css-r01yff-MuiNotchedOutlined-root-MuiOutlinedInput-notchedOutline&quot;
            &gt;
              &lt;legend
                class=&quot;css-1whs34k-MuiNotchedOutlined-root&quot;
              &gt;
                &lt;span
                  class=&quot;notranslate&quot;
                &gt;
                  ​
                &lt;/span&gt;
              &lt;/legend&gt;
            &lt;/fieldset&gt;
          &lt;/div&gt;
        &lt;/div&gt;
        &lt;div
          class=&quot;MuiBox-root css-1i27l4i&quot;
        &gt;
          &lt;div
            class=&quot;MuiButtonBase-root MuiChip-root MuiChip-filled MuiChip-sizeMedium MuiChip-colorPrimary MuiChip-clickable MuiChip-clickableColorPrimary MuiChip-filledPrimary css-ljcuss-MuiButtonBase-root-MuiChip-root&quot;
            role=&quot;button&quot;
            tabindex=&quot;0&quot;
          &gt;
            &lt;span
              class=&quot;MuiChip-label MuiChip-labelMedium css-6od3lo-MuiChip-label&quot;
            &gt;
              Tümü
            &lt;/span&gt;
            &lt;span
              class=&quot;MuiTouchRipple-root css-8je8zh-MuiTouchRipple-root&quot;
            /&gt;
          &lt;/div&gt;
          &lt;div
            class=&quot;MuiButtonBase-root MuiChip-root MuiChip-filled MuiChip-sizeMedium MuiChip-colorDefault MuiChip-clickable MuiChip-clickableColorDefault MuiChip-filledDefault css-8m5rrr-MuiButtonBase-root-MuiChip-root&quot;
            role=&quot;button&quot;
            tabindex=&quot;0&quot;
          &gt;
            &lt;svg
              aria-hidden=&quot;true&quot;
              class=&quot;MuiSvgIcon-root MuiSvgIcon-fontSizeMedium MuiChip-icon MuiChip-iconMedium MuiChip-iconColorDefault css-i4bv87-MuiSvgIcon-root&quot;
              data-testid=&quot;DescriptionIcon&quot;
              focusable=&quot;false&quot;
              viewBox=&quot;0 0 24 24&quot;
            &gt;
              &lt;path
                d=&quot;M14 2H6c-1.1 0-1.99.9-1.99 2L4 20c0 1.1.89 2 1.99 2H18c1.1 0 2-.9 2-2V8zm2 16H8v-2h8zm0-4H8v-2h8zm-3-5V3.5L18.5 9z&quot;
              /&gt;
            &lt;/svg&gt;
            &lt;span
              class=&quot;MuiChip-label MuiChip-labelMedium css-6od3lo-MuiChip-label&quot;
            &gt;
              Dökümanlar
            &lt;/span&gt;
            &lt;span
              class=&quot;MuiTouchRipple-root css-8je8zh-MuiTouchRipple-root&quot;
            /&gt;
          &lt;/div&gt;
          &lt;div
            class=&quot;MuiButtonBase-root MuiChip-root MuiChip-filled MuiChip-sizeMedium MuiChip-colorDefault MuiChip-clickable MuiChip-clickableColorDefault MuiChip-filledDefault css-8m5rrr-MuiButtonBase-root-MuiChip-root&quot;
            role=&quot;button&quot;
            tabindex=&quot;0&quot;
          &gt;
            &lt;svg
              aria-hidden=&quot;true&quot;
              class=&quot;MuiSvgIcon-root MuiSvgIcon-fontSizeMedium MuiChip-icon MuiChip-iconMedium MuiChip-iconColorDefault css-i4bv87-MuiSvgIcon-root&quot;
              data-testid=&quot;ImageIcon&quot;
              focusable=&quot;false&quot;
              viewBox=&quot;0 0 24 24&quot;
            &gt;
              &lt;path
                d=&quot;M21 19V5c0-1.1-.9-2-2-2H5c-1.1 0-2 .9-2 2v14c0 1.1.9 2 2 2h14c1.1 0 2-.9 2-2M8.5 13.5l2.5 3.01L14.5 12l4.5 6H5z&quot;
              /&gt;
            &lt;/svg&gt;
            &lt;span
              class=&quot;MuiChip-label MuiChip-labelMedium css-6od3lo-MuiChip-label&quot;
            &gt;
              Resimler
            &lt;/span&gt;
            &lt;span
              class=&quot;MuiTouchRipple-root css-8je8zh-MuiTouchRipple-root&quot;
            /&gt;
          &lt;/div&gt;
          &lt;div
            class=&quot;MuiButtonBase-root MuiChip-root MuiChip-filled MuiChip-sizeMedium MuiChip-colorDefault MuiChip-clickable MuiChip-clickableColorDefault MuiChip-filledDefault css-8m5rrr-MuiButtonBase-root-MuiChip-root&quot;
            role=&quot;button&quot;
            tabindex=&quot;0&quot;
          &gt;
            &lt;svg
              aria-hidden=&quot;true&quot;
              class=&quot;MuiSvgIcon-root MuiSvgIcon-fontSizeMedium MuiChip-icon MuiChip-iconMedium MuiChip-iconColorDefault css-i4bv87-MuiSvgIcon-root&quot;
              data-testid=&quot;VideoLibraryIcon&quot;
              focusable=&quot;false&quot;
              viewBox=&quot;0 0 24 24&quot;
            &gt;
              &lt;path
                d=&quot;M4 6H2v14c0 1.1.9 2 2 2h14v-2H4zm16-4H8c-1.1 0-2 .9-2 2v12c0 1.1.9 2 2 2h12c1.1 0 2-.9 2-2V4c0-1.1-.9-2-2-2m-8 12.5v-9l6 4.5z&quot;
              /&gt;
            &lt;/svg&gt;
            &lt;span
              class=&quot;MuiChip-label MuiChip-labelMedium css-6od3lo-MuiChip-label&quot;
            &gt;
              Videolar
            &lt;/span&gt;
            &lt;span
              class=&quot;MuiTouchRipple-root css-8je8zh-MuiTouchRipple-root&quot;
            /&gt;
          &lt;/div&gt;
        &lt;/div&gt;
      &lt;/div&gt;
      &lt;div
        class=&quot;MuiPaper-root MuiPaper-elevation MuiPaper-rounded MuiPaper-elevation1 css-1glcs1f-MuiPaper-root&quot;
      &gt;
        &lt;svg
          aria-hidden=&quot;true&quot;
          class=&quot;MuiSvgIcon-root MuiSvgIcon-fontSizeMedium css-11ndtqy-MuiSvgIcon-root&quot;
          data-testid=&quot;FolderIcon&quot;
          focusable=&quot;false&quot;
          viewBox=&quot;0 0 24 24&quot;
        &gt;
          &lt;path
            d=&quot;M10 4H4c-1.1 0-1.99.9-1.99 2L2 18c0 1.1.9 2 2 2h16c1.1 0 2-.9 2-2V8c0-1.1-.9-2-2-2h-8z&quot;
          /&gt;
        &lt;/svg&gt;
        &lt;h6
          class=&quot;MuiTypography-root MuiTypography-h6 css-1jgmn5n-MuiTypography-root&quot;
        &gt;
          Henüz dosya yok
        &lt;/h6&gt;
        &lt;p
          class=&quot;MuiTypography-root MuiTypography-body1 css-1ts76t1-MuiTypography-root&quot;
        &gt;
          İlk dosyayı sen yükle!
        &lt;/p&gt;
      &lt;/div&gt;
    &lt;/div&gt;
  &lt;/div&gt;
&lt;/body&gt;

Ignored nodes: comments, script, style
&lt;html&gt;
  &lt;head /&gt;
  &lt;body&gt;
    &lt;div&gt;
      &lt;div
        class=&quot;MuiBox-root css-19kzrtu&quot;
      &gt;
        &lt;div
          class=&quot;MuiBox-root css-v08z5u&quot;
        &gt;
          &lt;h5
            class=&quot;MuiTypography-root MuiTypography-h5 css-bezmlo-MuiTypography-root&quot;
          &gt;
            📁 Dosyalar
          &lt;/h5&gt;
          &lt;div
            class=&quot;MuiBox-root css-1i27l4i&quot;
          &gt;
            &lt;button
              class=&quot;MuiButtonBase-root MuiIconButton-root MuiIconButton-colorPrimary MuiIconButton-sizeMedium css-1kuq5xv-MuiButtonBase-root-MuiIconButton-root&quot;
              tabindex=&quot;0&quot;
              type=&quot;button&quot;
            &gt;
              &lt;svg
                aria-hidden=&quot;true&quot;
                class=&quot;MuiSvgIcon-root MuiSvgIcon-fontSizeMedium css-i4bv87-MuiSvgIcon-root&quot;
                data-testid=&quot;GridViewIcon&quot;
                focusable=&quot;false&quot;
                viewBox=&quot;0 0 24 24&quot;
              &gt;
                &lt;path
                  d=&quot;M3 3v8h8V3zm6 6H5V5h4zm-6 4v8h8v-8zm6 6H5v-4h4zm4-16v8h8V3zm6 6h-4V5h4zm-6 4v8h8v-8zm6 6h-4v-4h4z&quot;
                  fill-rule=&quot;evenodd&quot;
                /&gt;
              &lt;/svg&gt;
              &lt;span
                class=&quot;MuiTouchRipple-root css-8je8zh-MuiTouchRipple-root&quot;
              /&gt;
            &lt;/button&gt;
            &lt;button
              class=&quot;MuiButtonBase-root MuiIconButton-root MuiIconButton-sizeMedium css-78trlr-MuiButtonBase-root-MuiIconButton-root&quot;
              tabindex=&quot;0&quot;
              type=&quot;button&quot;
            &gt;
              &lt;svg
                aria-hidden=&quot;true&quot;
                class=&quot;MuiSvgIcon-root MuiSvgIcon-fontSizeMedium css-i4bv87-MuiSvgIcon-root&quot;
                data-testid=&quot;ViewListIcon&quot;
                focusable=&quot;false&quot;
                viewBox=&quot;0 0 24 24&quot;
              &gt;
                &lt;path
                  d=&quot;M3 14h4v-4H3zm0 5h4v-4H3zM3 9h4V5H3zm5 5h13v-4H8zm0 5h13v-4H8zM8 5v4h13V5z&quot;
                /&gt;
              &lt;/svg&gt;
              &lt;span
                class=&quot;MuiTouchRipple-root css-8je8zh-MuiTouchRipple-root&quot;
              /&gt;
            &lt;/button&gt;
            &lt;input
              hidden=&quot;&quot;
              type=&quot;file&quot;
            /&gt;
            &lt;button
              class=&quot;MuiButtonBase-root MuiButton-root MuiButton-contained MuiButton-containedPrimary MuiButton-sizeMedium MuiButton-containedSizeMedium MuiButton-colorPrimary MuiButton-root MuiButton-contained MuiButton-containedPrimary MuiButton-sizeMedium MuiButton-containedSizeMedium MuiButton-colorPrimary css-sghohy-MuiButtonBase-root-MuiButton-root&quot;
              tabindex=&quot;0&quot;
              type=&quot;button&quot;
            &gt;
              &lt;span
                class=&quot;MuiButton-icon MuiButton-startIcon MuiButton-iconSizeMedium css-1d6wzja-MuiButton-startIcon&quot;
              &gt;
                &lt;svg
                  aria-hidden=&quot;true&quot;
                  class=&quot;MuiSvgIcon-root MuiSvgIcon-fontSizeMedium css-i4bv87-MuiSvgIcon-root&quot;
                  data-testid=&quot;CloudUploadIcon&quot;
                  focusable=&quot;false&quot;
                  viewBox=&quot;0 0 24 24&quot;
                &gt;
                  &lt;path
                    d=&quot;M19.35 10.04C18.67 6.59 15.64 4 12 4 9.11 4 6.6 5.64 5.35 8.04 2.34 8.36 0 10.91 0 14c0 3.31 2.69 6 6 6h13c2.76 0 5-2.24 5-5 0-2.64-2.05-4.78-4.65-4.96M14 13v4h-4v-4H7l5-5 5 5z&quot;
                  /&gt;
                &lt;/svg&gt;
              &lt;/span&gt;
              Dosya Yükle
              &lt;span
                class=&quot;MuiTouchRipple-root css-8je8zh-MuiTouchRipple-root&quot;
              /&gt;
            &lt;/button&gt;
          &lt;/div&gt;
        &lt;/div&gt;
        &lt;div
          class=&quot;MuiBox-root css-1lwwoo2&quot;
        &gt;
          &lt;div
            class=&quot;MuiFormControl-root MuiTextField-root css-18bz3y-MuiFormControl-root-MuiTextField-root&quot;
          &gt;
            &lt;div
              class=&quot;MuiInputBase-root MuiOutlinedInput-root MuiInputBase-colorPrimary MuiInputBase-formControl MuiInputBase-sizeSmall css-9ddj71-MuiInputBase-root-MuiOutlinedInput-root&quot;
            &gt;
              &lt;input
                aria-invalid=&quot;false&quot;
                class=&quot;MuiInputBase-input MuiOutlinedInput-input MuiInputBase-inputSizeSmall css-1n4twyu-MuiInputBase-input-MuiOutlinedInput-input&quot;
                id=&quot;:ro:&quot;
                placeholder=&quot;Dosya ara...&quot;
                type=&quot;text&quot;
                value=&quot;&quot;
              /&gt;
              &lt;fieldset
                aria-hidden=&quot;true&quot;
                class=&quot;MuiOutlinedInput-notchedOutline css-r01yff-MuiNotchedOutlined-root-MuiOutlinedInput-notchedOutline&quot;
              &gt;
                &lt;legend
                  class=&quot;css-1whs34k-MuiNotchedOutlined-root&quot;
                &gt;
                  &lt;span
                    class=&quot;notranslate&quot;
                  &gt;
                    ​
                  &lt;/span&gt;
                &lt;/legend&gt;
              &lt;/fieldset&gt;
            &lt;/div&gt;
          &lt;/div&gt;
          &lt;div
            class=&quot;MuiBox-root css-1i27l4i&quot;
          &gt;
            &lt;div
              class=&quot;MuiButtonBase-root MuiChip-root MuiChip-filled MuiChip-sizeMedium MuiChip-colorPrimary MuiChip-clickable MuiChip-clickableColorPrimary MuiChip-filledPrimary css-ljcuss-MuiButtonBase-root-MuiChip-root&quot;
              role=&quot;button&quot;
              tabindex=&quot;...
 ❯ Proxy.waitForWrapper node_modules/@testing-library/react/node_modules/@testing-library/dom/dist/wait-for.js:163:27
 ❯ src/components/StudyRooms/__tests__/FileManager.test.tsx:110:13
            </failure>
        </testcase>
        <testcase classname="src/components/StudyRooms/__tests__/FileManager.test.tsx" name="FileManager Component &gt; File Upload &gt; uploads file when selected" time="0.3406882">
        </testcase>
        <testcase classname="src/components/StudyRooms/__tests__/FileManager.test.tsx" name="FileManager Component &gt; File Upload &gt; shows upload progress bar" time="1.2632517">
            <failure message="Unable to find an element with the text: /Yükleniyor/i. This could be because the text is broken up by multiple elements. In this case, you can provide a function for your text matcher to make your matcher more flexible.

Ignored nodes: comments, script, style
[36m&lt;body&gt;[39m
  [36m&lt;div&gt;[39m
    [36m&lt;div[39m
      [33mclass[39m=[32m&quot;MuiBox-root css-19kzrtu&quot;[39m
    [36m&gt;[39m
      [36m&lt;div[39m
        [33mclass[39m=[32m&quot;MuiBox-root css-v08z5u&quot;[39m
      [36m&gt;[39m
        [36m&lt;h5[39m
          [33mclass[39m=[32m&quot;MuiTypography-root MuiTypography-h5 css-bezmlo-MuiTypography-root&quot;[39m
        [36m&gt;[39m
          [0m📁 Dosyalar[0m
        [36m&lt;/h5&gt;[39m
        [36m&lt;div[39m
          [33mclass[39m=[32m&quot;MuiBox-root css-1i27l4i&quot;[39m
        [36m&gt;[39m
          [36m&lt;button[39m
            [33mclass[39m=[32m&quot;MuiButtonBase-root MuiIconButton-root MuiIconButton-colorPrimary MuiIconButton-sizeMedium css-1kuq5xv-MuiButtonBase-root-MuiIconButton-root&quot;[39m
            [33mtabindex[39m=[32m&quot;0&quot;[39m
            [33mtype[39m=[32m&quot;button&quot;[39m
          [36m&gt;[39m
            [36m&lt;svg[39m
              [33maria-hidden[39m=[32m&quot;true&quot;[39m
              [33mclass[39m=[32m&quot;MuiSvgIcon-root MuiSvgIcon-fontSizeMedium css-i4bv87-MuiSvgIcon-root&quot;[39m
              [33mdata-testid[39m=[32m&quot;GridViewIcon&quot;[39m
              [33mfocusable[39m=[32m&quot;false&quot;[39m
              [33mviewBox[39m=[32m&quot;0 0 24 24&quot;[39m
            [36m&gt;[39m
              [36m&lt;path[39m
                [33md[39m=[32m&quot;M3 3v8h8V3zm6 6H5V5h4zm-6 4v8h8v-8zm6 6H5v-4h4zm4-16v8h8V3zm6 6h-4V5h4zm-6 4v8h8v-8zm6 6h-4v-4h4z&quot;[39m
                [33mfill-rule[39m=[32m&quot;evenodd&quot;[39m
              [36m/&gt;[39m
            [36m&lt;/svg&gt;[39m
            [36m&lt;span[39m
              [33mclass[39m=[32m&quot;MuiTouchRipple-root css-8je8zh-MuiTouchRipple-root&quot;[39m
            [36m/&gt;[39m
          [36m&lt;/button&gt;[39m
          [36m&lt;button[39m
            [33mclass[39m=[32m&quot;MuiButtonBase-root MuiIconButton-root MuiIconButton-sizeMedium css-78trlr-MuiButtonBase-root-MuiIconButton-root&quot;[39m
            [33mtabindex[39m=[32m&quot;0&quot;[39m
            [33mtype[39m=[32m&quot;button&quot;[39m
          [36m&gt;[39m
            [36m&lt;svg[39m
              [33maria-hidden[39m=[32m&quot;true&quot;[39m
              [33mclass[39m=[32m&quot;MuiSvgIcon-root MuiSvgIcon-fontSizeMedium css-i4bv87-MuiSvgIcon-root&quot;[39m
              [33mdata-testid[39m=[32m&quot;ViewListIcon&quot;[39m
              [33mfocusable[39m=[32m&quot;false&quot;[39m
              [33mviewBox[39m=[32m&quot;0 0 24 24&quot;[39m
            [36m&gt;[39m
              [36m&lt;path[39m
                [33md[39m=[32m&quot;M3 14h4v-4H3zm0 5h4v-4H3zM3 9h4V5H3zm5 5h13v-4H8zm0 5h13v-4H8zM8 5v4h13V5z&quot;[39m
              [36m/&gt;[39m
            [36m&lt;/svg&gt;[39m
            [36m&lt;span[39m
              [33mclass[39m=[32m&quot;MuiTouchRipple-root css-8je8zh-MuiTouchRipple-root&quot;[39m
            [36m/&gt;[39m
          [36m&lt;/button&gt;[39m
          [36m&lt;input[39m
            [33mhidden[39m=[32m&quot;&quot;[39m
            [33mtype[39m=[32m&quot;file&quot;[39m
          [36m/&gt;[39m
          [36m&lt;button[39m
            [33mclass[39m=[32m&quot;MuiButtonBase-root MuiButton-root MuiButton-contained MuiButton-containedPrimary MuiButton-sizeMedium MuiButton-containedSizeMedium MuiButton-colorPrimary MuiButton-root MuiButton-contained MuiButton-containedPrimary MuiButton-sizeMedium MuiButton-containedSizeMedium MuiButton-colorPrimary css-sghohy-MuiButtonBase-root-MuiButton-root&quot;[39m
            [33mtabindex[39m=[32m&quot;0&quot;[39m
            [33mtype[39m=[32m&quot;button&quot;[39m
          [36m&gt;[39m
            [36m&lt;span[39m
              [33mclass[39m=[32m&quot;MuiButton-icon MuiButton-startIcon MuiButton-iconSizeMedium css-1d6wzja-MuiButton-startIcon&quot;[39m
            [36m&gt;[39m
              [36m&lt;svg[39m
                [33maria-hidden[39m=[32m&quot;true&quot;[39m
                [33mclass[39m=[32m&quot;MuiSvgIcon-root MuiSvgIcon-fontSizeMedium css-i4bv87-MuiSvgIcon-root&quot;[39m
                [33mdata-testid[39m=[32m&quot;CloudUploadIcon&quot;[39m
                [33mfocusable[39m=[32m&quot;false&quot;[39m
                [33mviewBox[39m=[32m&quot;0 0 24 24&quot;[39m
              [36m&gt;[39m
                [36m&lt;path[39m
                  [33md[39m=[32m&quot;M19.35 10.04C18.67 6.59 15.64 4 12 4 9.11 4 6.6 5.64 5.35 8.04 2.34 8.36 0 10.91 0 14c0 3.31 2.69 6 6 6h13c2.76 0 5-2.24 5-5 0-2.64-2.05-4.78-4.65-4.96M14 13v4h-4v-4H7l5-5 5 5z&quot;[39m
                [36m/&gt;[39m
              [36m&lt;/svg&gt;[39m
            [36m&lt;/span&gt;[39m
            [0mDosya Yükle[0m
            [36m&lt;span[39m
              [33mclass[39m=[32m&quot;MuiTouchRipple-root css-8je8zh-MuiTouchRipple-root&quot;[39m
            [36m/&gt;[39m
          [36m&lt;/button&gt;[39m
        [36m&lt;/div&gt;[39m
      [36m&lt;/div&gt;[39m
      [36m&lt;div[39m
        [33mclass[39m=[32m&quot;MuiBox-root css-1lwwoo2&quot;[39m
      [36m&gt;[39m
        [36m&lt;div[39m
          [33mclass[39m=[32m&quot;MuiFormControl-root MuiTextField-root css-18bz3y-MuiFormControl-root-MuiTextField-root&quot;[39m
        [36m&gt;[39m
          [36m&lt;div[39m
            [33mclass[39m=[32m&quot;MuiInputBase-root MuiOutlinedInput-root MuiInputBase-colorPrimary MuiInputBase-formControl MuiInputBase-sizeSmall css-9ddj71-MuiInputBase-root-MuiOutlinedInput-root&quot;[39m
          [36m&gt;[39m
            [36m&lt;input[39m
              [33maria-invalid[39m=[32m&quot;false&quot;[39m
              [33mclass[39m=[32m&quot;MuiInputBase-input MuiOutlinedInput-input MuiInputBase-inputSizeSmall css-1n4twyu-MuiInputBase-input-MuiOutlinedInput-input&quot;[39m
              [33mid[39m=[32m&quot;:rv:&quot;[39m
              [33mplaceholder[39m=[32m&quot;Dosya ara...&quot;[39m
              [33mtype[39m=[32m&quot;text&quot;[39m
              [33mvalue[39m=[32m&quot;&quot;[39m
            [36m/&gt;[39m
            [36m&lt;fieldset[39m
              [33maria-hidden[39m=[32m&quot;true&quot;[39m
              [33mclass[39m=[32m&quot;MuiOutlinedInput-notchedOutline css-r01yff-MuiNotchedOutlined-root-MuiOutlinedInput-notchedOutline&quot;[39m
            [36m&gt;[39m
              [36m&lt;legend[39m
                [33mclass[39m=[32m&quot;css-1whs34k-MuiNotchedOutlined-root&quot;[39m
              [36m&gt;[39m
                [36m&lt;span[39m
                  [33mclass[39m=[32m&quot;notranslate&quot;[39m
                [36m&gt;[39m
                  [0m​[0m
                [36m&lt;/span&gt;[39m
              [36m&lt;/legend&gt;[39m
            [36m&lt;/fieldset&gt;[39m
          [36m&lt;/div&gt;[39m
        [36m&lt;/div&gt;[39m
        [36m&lt;div[39m
          [33mclass[39m=[32m&quot;MuiBox-root css-1i27l4i&quot;[39m
        [36m&gt;[39m
          [36m&lt;div[39m
            [33mclass[39m=[32m&quot;MuiButtonBase-root MuiChip-root MuiChip-filled MuiChip-sizeMedium MuiChip-colorPrimary MuiChip-clickable MuiChip-clickableColorPrimary MuiChip-filledPrimary css-ljcuss-MuiButtonBase-root-MuiChip-root&quot;[39m
            [33mrole[39m=[32m&quot;button&quot;[39m
            [33mtabindex[39m=[32m&quot;0&quot;[39m
          [36m&gt;[39m
            [36m&lt;span[39m
              [33mclass[39m=[32m&quot;MuiChip-label MuiChip-labelMedium css-6od3lo-MuiChip-label&quot;[39m
            [36m&gt;[39m
              [0mTümü[0m
            [36m&lt;/span&gt;[39m
            [36m&lt;span[39m
              [33mclass[...

Ignored nodes: comments, script, style
[36m&lt;html&gt;[39m
  [36m&lt;head /&gt;[39m
  [36m&lt;body&gt;[39m
    [36m&lt;div&gt;[39m
      [36m&lt;div[39m
        [33mclass[39m=[32m&quot;MuiBox-root css-19kzrtu&quot;[39m
      [36m&gt;[39m
        [36m&lt;div[39m
          [33mclass[39m=[32m&quot;MuiBox-root css-v08z5u&quot;[39m
        [36m&gt;[39m
          [36m&lt;h5[39m
            [33mclass[39m=[32m&quot;MuiTypography-root MuiTypography-h5 css-bezmlo-MuiTypography-root&quot;[39m
          [36m&gt;[39m
            [0m📁 Dosyalar[0m
          [36m&lt;/h5&gt;[39m
          [36m&lt;div[39m
            [33mclass[39m=[32m&quot;MuiBox-root css-1i27l4i&quot;[39m
          [36m&gt;[39m
            [36m&lt;button[39m
              [33mclass[39m=[32m&quot;MuiButtonBase-root MuiIconButton-root MuiIconButton-colorPrimary MuiIconButton-sizeMedium css-1kuq5xv-MuiButtonBase-root-MuiIconButton-root&quot;[39m
              [33mtabindex[39m=[32m&quot;0&quot;[39m
              [33mtype[39m=[32m&quot;button&quot;[39m
            [36m&gt;[39m
              [36m&lt;svg[39m
                [33maria-hidden[39m=[32m&quot;true&quot;[39m
                [33mclass[39m=[32m&quot;MuiSvgIcon-root MuiSvgIcon-fontSizeMedium css-i4bv87-MuiSvgIcon-root&quot;[39m
                [33mdata-testid[39m=[32m&quot;GridViewIcon&quot;[39m
                [33mfocusable[39m=[32m&quot;false&quot;[39m
                [33mviewBox[39m=[32m&quot;0 0 24 24&quot;[39m
              [36m&gt;[39m
                [36m&lt;path[39m
                  [33md[39m=[32m&quot;M3 3v8h8V3zm6 6H5V5h4zm-6 4v8h8v-8zm6 6H5v-4h4zm4-16v8h8V3zm6 6h-4V5h4zm-6 4v8h8v-8zm6 6h-4v-4h4z&quot;[39m
                  [33mfill-rule[39m=[32m&quot;evenodd&quot;[39m
                [36m/&gt;[39m
              [36m&lt;/svg&gt;[39m
              [36m&lt;span[39m
                [33mclass[39m=[32m&quot;MuiTouchRipple-root css-8je8zh-MuiTouchRipple-root&quot;[39m
              [36m/&gt;[39m
            [36m&lt;/button&gt;[39m
            [36m&lt;button[39m
              [33mclass[39m=[32m&quot;MuiButtonBase-root MuiIconButton-root MuiIconButton-sizeMedium css-78trlr-MuiButtonBase-root-MuiIconButton-root&quot;[39m
              [33mtabindex[39m=[32m&quot;0&quot;[39m
              [33mtype[39m=[32m&quot;button&quot;[39m
            [36m&gt;[39m
              [36m&lt;svg[39m
                [33maria-hidden[39m=[32m&quot;true&quot;[39m
                [33mclass[39m=[32m&quot;MuiSvgIcon-root MuiSvgIcon-fontSizeMedium css-i4bv87-MuiSvgIcon-root&quot;[39m
                [33mdata-testid[39m=[32m&quot;ViewListIcon&quot;[39m
                [33mfocusable[39m=[32m&quot;false&quot;[39m
                [33mviewBox[39m=[32m&quot;0 0 24 24&quot;[39m
              [36m&gt;[39m
                [36m&lt;path[39m
                  [33md[39m=[32m&quot;M3 14h4v-4H3zm0 5h4v-4H3zM3 9h4V5H3zm5 5h13v-4H8zm0 5h13v-4H8zM8 5v4h13V5z&quot;[39m
                [36m/&gt;[39m
              [36m&lt;/svg&gt;[39m
              [36m&lt;span[39m
                [33mclass[39m=[32m&quot;MuiTouchRipple-root css-8je8zh-MuiTouchRipple-root&quot;[39m
              [36m/&gt;[39m
            [36m&lt;/button&gt;[39m
            [36m&lt;input[39m
              [33mhidden[39m=[32m&quot;&quot;[39m
              [33mtype[39m=[32m&quot;file&quot;[39m
            [36m/&gt;[39m
            [36m&lt;button[39m
              [33mclass[39m=[32m&quot;MuiButtonBase-root MuiButton-root MuiButton-contained MuiButton-containedPrimary MuiButton-sizeMedium MuiButton-containedSizeMedium MuiButton-colorPrimary MuiButton-root MuiButton-contained MuiButton-containedPrimary MuiButton-sizeMedium MuiButton-containedSizeMedium MuiButton-colorPrimary css-sghohy-MuiButtonBase-root-MuiButton-root&quot;[39m
              [33mtabindex[39m=[32m&quot;0&quot;[39m
              [33mtype[39m=[32m&quot;button&quot;[39m
            [36m&gt;[39m
              [36m&lt;span[39m
                [33mclass[39m=[32m&quot;MuiButton-icon MuiButton-startIcon MuiButton-iconSizeMedium css-1d6wzja-MuiButton-startIcon&quot;[39m
              [36m&gt;[39m
                [36m&lt;svg[39m
                  [33maria-hidden[39m=[32m&quot;true&quot;[39m
                  [33mclass[39m=[32m&quot;MuiSvgIcon-root MuiSvgIcon-fontSizeMedium css-i4bv87-MuiSvgIcon-root&quot;[39m
                  [33mdata-testid[39m=[32m&quot;CloudUploadIcon&quot;[39m
                  [33mfocusable[39m=[32m&quot;false&quot;[39m
                  [33mviewBox[39m=[32m&quot;0 0 24 24&quot;[39m
                [36m&gt;[39m
                  [36m&lt;path[39m
                    [33md[39m=[32m&quot;M19.35 10.04C18.67 6.59 15.64 4 12 4 9.11 4 6.6 5.64 5.35 8.04 2.34 8.36 0 10.91 0 14c0 3.31 2.69 6 6 6h13c2.76 0 5-2.24 5-5 0-2.64-2.05-4.78-4.65-4.96M14 13v4h-4v-4H7l5-5 5 5z&quot;[39m
                  [36m/&gt;[39m
                [36m&lt;/svg&gt;[39m
              [36m&lt;/span&gt;[39m
              [0mDosya Yükle[0m
              [36m&lt;span[39m
                [33mclass[39m=[32m&quot;MuiTouchRipple-root css-8je8zh-MuiTouchRipple-root&quot;[39m
              [36m/&gt;[39m
            [36m&lt;/button&gt;[39m
          [36m&lt;/div&gt;[39m
        [36m&lt;/div&gt;[39m
        [36m&lt;div[39m
          [33mclass[39m=[32m&quot;MuiBox-root css-1lwwoo2&quot;[39m
        [36m&gt;[39m
          [36m&lt;div[39m
            [33mclass[39m=[32m&quot;MuiFormControl-root MuiTextField-root css-18bz3y-MuiFormControl-root-MuiTextField-root&quot;[39m
          [36m&gt;[39m
            [36m&lt;div[39m
              [33mclass[39m=[32m&quot;MuiInputBase-root MuiOutlinedInput-root MuiInputBase-colorPrimary MuiInputBase-formControl MuiInputBase-sizeSmall css-9ddj71-MuiInputBase-root-MuiOutlinedInput-root&quot;[39m
            [36m&gt;[39m
              [36m&lt;input[39m
                [33maria-invalid[39m=[32m&quot;false&quot;[39m
                [33mclass[39m=[32m&quot;MuiInputBase-input MuiOutlinedInput-input MuiInputBase-inputSizeSmall css-1n4twyu-MuiInputBase-input-MuiOutlinedInput-input&quot;[39m
                [33mid[39m=[32m&quot;:rv:&quot;[39m
                [33mplaceholder[39m=[32m&quot;Dosya ara...&quot;[39m
                [33mtype[39m=[32m&quot;text&quot;[39m
                [33mvalue[39m=[32m&quot;&quot;[39m
              [36m/&gt;[39m
              [36m&lt;fieldset[39m
                [33maria-hidden[39m=[32m&quot;true&quot;[39m
                [33mclass[39m=[32m&quot;MuiOutlinedInput-notchedOutline css-r01yff-MuiNotchedOutlined-root-MuiOutlinedInput-notchedOutline&quot;[39m
              [36m&gt;[39m
                [36m&lt;legend[39m
                  [33mclass[39m=[32m&quot;css-1whs34k-MuiNotchedOutlined-root&quot;[39m
                [36m&gt;[39m
                  [36m&lt;span[39m
                    [33mclass[39m=[32m&quot;notranslate&quot;[39m
                  [36m&gt;[39m
                    [0m​[0m
                  [36m&lt;/span&gt;[39m
                [36m&lt;/legend&gt;[39m
              [36m&lt;/fieldset&gt;[39m
            [36m&lt;/div&gt;[39m
          [36m&lt;/div&gt;[39m
          [36m&lt;div[39m
            [33mclass[39m=[32m&quot;MuiBox-root css-1i27l4i&quot;[39m
          [36m&gt;[39m
            [36m&lt;div[39m
              [33mclass[39m=[32m&quot;MuiButtonBase-root MuiChip-root MuiChip-filled MuiChip-sizeMedium MuiChip-colorPrimary MuiChip-clickable MuiChip-clickableColorPrimary MuiChip-filledPrimary css-ljcuss-MuiButtonBase-root-MuiChip-root&quot;[39m
              [33mrole[39m=[32m&quot;button&quot;[39m
              [33mtabindex[39m=[32m&quot;..." type="TestingLibraryElementError">
TestingLibraryElementError: Unable to find an element with the text: /Yükleniyor/i. This could be because the text is broken up by multiple elements. In this case, you can provide a function for your text matcher to make your matcher more flexible.

Ignored nodes: comments, script, style
&lt;body&gt;
  &lt;div&gt;
    &lt;div
      class=&quot;MuiBox-root css-19kzrtu&quot;
    &gt;
      &lt;div
        class=&quot;MuiBox-root css-v08z5u&quot;
      &gt;
        &lt;h5
          class=&quot;MuiTypography-root MuiTypography-h5 css-bezmlo-MuiTypography-root&quot;
        &gt;
          📁 Dosyalar
        &lt;/h5&gt;
        &lt;div
          class=&quot;MuiBox-root css-1i27l4i&quot;
        &gt;
          &lt;button
            class=&quot;MuiButtonBase-root MuiIconButton-root MuiIconButton-colorPrimary MuiIconButton-sizeMedium css-1kuq5xv-MuiButtonBase-root-MuiIconButton-root&quot;
            tabindex=&quot;0&quot;
            type=&quot;button&quot;
          &gt;
            &lt;svg
              aria-hidden=&quot;true&quot;
              class=&quot;MuiSvgIcon-root MuiSvgIcon-fontSizeMedium css-i4bv87-MuiSvgIcon-root&quot;
              data-testid=&quot;GridViewIcon&quot;
              focusable=&quot;false&quot;
              viewBox=&quot;0 0 24 24&quot;
            &gt;
              &lt;path
                d=&quot;M3 3v8h8V3zm6 6H5V5h4zm-6 4v8h8v-8zm6 6H5v-4h4zm4-16v8h8V3zm6 6h-4V5h4zm-6 4v8h8v-8zm6 6h-4v-4h4z&quot;
                fill-rule=&quot;evenodd&quot;
              /&gt;
            &lt;/svg&gt;
            &lt;span
              class=&quot;MuiTouchRipple-root css-8je8zh-MuiTouchRipple-root&quot;
            /&gt;
          &lt;/button&gt;
          &lt;button
            class=&quot;MuiButtonBase-root MuiIconButton-root MuiIconButton-sizeMedium css-78trlr-MuiButtonBase-root-MuiIconButton-root&quot;
            tabindex=&quot;0&quot;
            type=&quot;button&quot;
          &gt;
            &lt;svg
              aria-hidden=&quot;true&quot;
              class=&quot;MuiSvgIcon-root MuiSvgIcon-fontSizeMedium css-i4bv87-MuiSvgIcon-root&quot;
              data-testid=&quot;ViewListIcon&quot;
              focusable=&quot;false&quot;
              viewBox=&quot;0 0 24 24&quot;
            &gt;
              &lt;path
                d=&quot;M3 14h4v-4H3zm0 5h4v-4H3zM3 9h4V5H3zm5 5h13v-4H8zm0 5h13v-4H8zM8 5v4h13V5z&quot;
              /&gt;
            &lt;/svg&gt;
            &lt;span
              class=&quot;MuiTouchRipple-root css-8je8zh-MuiTouchRipple-root&quot;
            /&gt;
          &lt;/button&gt;
          &lt;input
            hidden=&quot;&quot;
            type=&quot;file&quot;
          /&gt;
          &lt;button
            class=&quot;MuiButtonBase-root MuiButton-root MuiButton-contained MuiButton-containedPrimary MuiButton-sizeMedium MuiButton-containedSizeMedium MuiButton-colorPrimary MuiButton-root MuiButton-contained MuiButton-containedPrimary MuiButton-sizeMedium MuiButton-containedSizeMedium MuiButton-colorPrimary css-sghohy-MuiButtonBase-root-MuiButton-root&quot;
            tabindex=&quot;0&quot;
            type=&quot;button&quot;
          &gt;
            &lt;span
              class=&quot;MuiButton-icon MuiButton-startIcon MuiButton-iconSizeMedium css-1d6wzja-MuiButton-startIcon&quot;
            &gt;
              &lt;svg
                aria-hidden=&quot;true&quot;
                class=&quot;MuiSvgIcon-root MuiSvgIcon-fontSizeMedium css-i4bv87-MuiSvgIcon-root&quot;
                data-testid=&quot;CloudUploadIcon&quot;
                focusable=&quot;false&quot;
                viewBox=&quot;0 0 24 24&quot;
              &gt;
                &lt;path
                  d=&quot;M19.35 10.04C18.67 6.59 15.64 4 12 4 9.11 4 6.6 5.64 5.35 8.04 2.34 8.36 0 10.91 0 14c0 3.31 2.69 6 6 6h13c2.76 0 5-2.24 5-5 0-2.64-2.05-4.78-4.65-4.96M14 13v4h-4v-4H7l5-5 5 5z&quot;
                /&gt;
              &lt;/svg&gt;
            &lt;/span&gt;
            Dosya Yükle
            &lt;span
              class=&quot;MuiTouchRipple-root css-8je8zh-MuiTouchRipple-root&quot;
            /&gt;
          &lt;/button&gt;
        &lt;/div&gt;
      &lt;/div&gt;
      &lt;div
        class=&quot;MuiBox-root css-1lwwoo2&quot;
      &gt;
        &lt;div
          class=&quot;MuiFormControl-root MuiTextField-root css-18bz3y-MuiFormControl-root-MuiTextField-root&quot;
        &gt;
          &lt;div
            class=&quot;MuiInputBase-root MuiOutlinedInput-root MuiInputBase-colorPrimary MuiInputBase-formControl MuiInputBase-sizeSmall css-9ddj71-MuiInputBase-root-MuiOutlinedInput-root&quot;
          &gt;
            &lt;input
              aria-invalid=&quot;false&quot;
              class=&quot;MuiInputBase-input MuiOutlinedInput-input MuiInputBase-inputSizeSmall css-1n4twyu-MuiInputBase-input-MuiOutlinedInput-input&quot;
              id=&quot;:rv:&quot;
              placeholder=&quot;Dosya ara...&quot;
              type=&quot;text&quot;
              value=&quot;&quot;
            /&gt;
            &lt;fieldset
              aria-hidden=&quot;true&quot;
              class=&quot;MuiOutlinedInput-notchedOutline css-r01yff-MuiNotchedOutlined-root-MuiOutlinedInput-notchedOutline&quot;
            &gt;
              &lt;legend
                class=&quot;css-1whs34k-MuiNotchedOutlined-root&quot;
              &gt;
                &lt;span
                  class=&quot;notranslate&quot;
                &gt;
                  ​
                &lt;/span&gt;
              &lt;/legend&gt;
            &lt;/fieldset&gt;
          &lt;/div&gt;
        &lt;/div&gt;
        &lt;div
          class=&quot;MuiBox-root css-1i27l4i&quot;
        &gt;
          &lt;div
            class=&quot;MuiButtonBase-root MuiChip-root MuiChip-filled MuiChip-sizeMedium MuiChip-colorPrimary MuiChip-clickable MuiChip-clickableColorPrimary MuiChip-filledPrimary css-ljcuss-MuiButtonBase-root-MuiChip-root&quot;
            role=&quot;button&quot;
            tabindex=&quot;0&quot;
          &gt;
            &lt;span
              class=&quot;MuiChip-label MuiChip-labelMedium css-6od3lo-MuiChip-label&quot;
            &gt;
              Tümü
            &lt;/span&gt;
            &lt;span
              class[...

Ignored nodes: comments, script, style
&lt;html&gt;
  &lt;head /&gt;
  &lt;body&gt;
    &lt;div&gt;
      &lt;div
        class=&quot;MuiBox-root css-19kzrtu&quot;
      &gt;
        &lt;div
          class=&quot;MuiBox-root css-v08z5u&quot;
        &gt;
          &lt;h5
            class=&quot;MuiTypography-root MuiTypography-h5 css-bezmlo-MuiTypography-root&quot;
          &gt;
            📁 Dosyalar
          &lt;/h5&gt;
          &lt;div
            class=&quot;MuiBox-root css-1i27l4i&quot;
          &gt;
            &lt;button
              class=&quot;MuiButtonBase-root MuiIconButton-root MuiIconButton-colorPrimary MuiIconButton-sizeMedium css-1kuq5xv-MuiButtonBase-root-MuiIconButton-root&quot;
              tabindex=&quot;0&quot;
              type=&quot;button&quot;
            &gt;
              &lt;svg
                aria-hidden=&quot;true&quot;
                class=&quot;MuiSvgIcon-root MuiSvgIcon-fontSizeMedium css-i4bv87-MuiSvgIcon-root&quot;
                data-testid=&quot;GridViewIcon&quot;
                focusable=&quot;false&quot;
                viewBox=&quot;0 0 24 24&quot;
              &gt;
                &lt;path
                  d=&quot;M3 3v8h8V3zm6 6H5V5h4zm-6 4v8h8v-8zm6 6H5v-4h4zm4-16v8h8V3zm6 6h-4V5h4zm-6 4v8h8v-8zm6 6h-4v-4h4z&quot;
                  fill-rule=&quot;evenodd&quot;
                /&gt;
              &lt;/svg&gt;
              &lt;span
                class=&quot;MuiTouchRipple-root css-8je8zh-MuiTouchRipple-root&quot;
              /&gt;
            &lt;/button&gt;
            &lt;button
              class=&quot;MuiButtonBase-root MuiIconButton-root MuiIconButton-sizeMedium css-78trlr-MuiButtonBase-root-MuiIconButton-root&quot;
              tabindex=&quot;0&quot;
              type=&quot;button&quot;
            &gt;
              &lt;svg
                aria-hidden=&quot;true&quot;
                class=&quot;MuiSvgIcon-root MuiSvgIcon-fontSizeMedium css-i4bv87-MuiSvgIcon-root&quot;
                data-testid=&quot;ViewListIcon&quot;
                focusable=&quot;false&quot;
                viewBox=&quot;0 0 24 24&quot;
              &gt;
                &lt;path
                  d=&quot;M3 14h4v-4H3zm0 5h4v-4H3zM3 9h4V5H3zm5 5h13v-4H8zm0 5h13v-4H8zM8 5v4h13V5z&quot;
                /&gt;
              &lt;/svg&gt;
              &lt;span
                class=&quot;MuiTouchRipple-root css-8je8zh-MuiTouchRipple-root&quot;
              /&gt;
            &lt;/button&gt;
            &lt;input
              hidden=&quot;&quot;
              type=&quot;file&quot;
            /&gt;
            &lt;button
              class=&quot;MuiButtonBase-root MuiButton-root MuiButton-contained MuiButton-containedPrimary MuiButton-sizeMedium MuiButton-containedSizeMedium MuiButton-colorPrimary MuiButton-root MuiButton-contained MuiButton-containedPrimary MuiButton-sizeMedium MuiButton-containedSizeMedium MuiButton-colorPrimary css-sghohy-MuiButtonBase-root-MuiButton-root&quot;
              tabindex=&quot;0&quot;
              type=&quot;button&quot;
            &gt;
              &lt;span
                class=&quot;MuiButton-icon MuiButton-startIcon MuiButton-iconSizeMedium css-1d6wzja-MuiButton-startIcon&quot;
              &gt;
                &lt;svg
                  aria-hidden=&quot;true&quot;
                  class=&quot;MuiSvgIcon-root MuiSvgIcon-fontSizeMedium css-i4bv87-MuiSvgIcon-root&quot;
                  data-testid=&quot;CloudUploadIcon&quot;
                  focusable=&quot;false&quot;
                  viewBox=&quot;0 0 24 24&quot;
                &gt;
                  &lt;path
                    d=&quot;M19.35 10.04C18.67 6.59 15.64 4 12 4 9.11 4 6.6 5.64 5.35 8.04 2.34 8.36 0 10.91 0 14c0 3.31 2.69 6 6 6h13c2.76 0 5-2.24 5-5 0-2.64-2.05-4.78-4.65-4.96M14 13v4h-4v-4H7l5-5 5 5z&quot;
                  /&gt;
                &lt;/svg&gt;
              &lt;/span&gt;
              Dosya Yükle
              &lt;span
                class=&quot;MuiTouchRipple-root css-8je8zh-MuiTouchRipple-root&quot;
              /&gt;
            &lt;/button&gt;
          &lt;/div&gt;
        &lt;/div&gt;
        &lt;div
          class=&quot;MuiBox-root css-1lwwoo2&quot;
        &gt;
          &lt;div
            class=&quot;MuiFormControl-root MuiTextField-root css-18bz3y-MuiFormControl-root-MuiTextField-root&quot;
          &gt;
            &lt;div
              class=&quot;MuiInputBase-root MuiOutlinedInput-root MuiInputBase-colorPrimary MuiInputBase-formControl MuiInputBase-sizeSmall css-9ddj71-MuiInputBase-root-MuiOutlinedInput-root&quot;
            &gt;
              &lt;input
                aria-invalid=&quot;false&quot;
                class=&quot;MuiInputBase-input MuiOutlinedInput-input MuiInputBase-inputSizeSmall css-1n4twyu-MuiInputBase-input-MuiOutlinedInput-input&quot;
                id=&quot;:rv:&quot;
                placeholder=&quot;Dosya ara...&quot;
                type=&quot;text&quot;
                value=&quot;&quot;
              /&gt;
              &lt;fieldset
                aria-hidden=&quot;true&quot;
                class=&quot;MuiOutlinedInput-notchedOutline css-r01yff-MuiNotchedOutlined-root-MuiOutlinedInput-notchedOutline&quot;
              &gt;
                &lt;legend
                  class=&quot;css-1whs34k-MuiNotchedOutlined-root&quot;
                &gt;
                  &lt;span
                    class=&quot;notranslate&quot;
                  &gt;
                    ​
                  &lt;/span&gt;
                &lt;/legend&gt;
              &lt;/fieldset&gt;
            &lt;/div&gt;
          &lt;/div&gt;
          &lt;div
            class=&quot;MuiBox-root css-1i27l4i&quot;
          &gt;
            &lt;div
              class=&quot;MuiButtonBase-root MuiChip-root MuiChip-filled MuiChip-sizeMedium MuiChip-colorPrimary MuiChip-clickable MuiChip-clickableColorPrimary MuiChip-filledPrimary css-ljcuss-MuiButtonBase-root-MuiChip-root&quot;
              role=&quot;button&quot;
              tabindex=&quot;...
 ❯ Proxy.waitForWrapper node_modules/@testing-library/react/node_modules/@testing-library/dom/dist/wait-for.js:163:27
 ❯ src/components/StudyRooms/__tests__/FileManager.test.tsx:157:13
            </failure>
        </testcase>
        <testcase classname="src/components/StudyRooms/__tests__/FileManager.test.tsx" name="FileManager Component &gt; File Upload &gt; disables upload button while uploading" time="0.2632937">
        </testcase>
        <testcase classname="src/components/StudyRooms/__tests__/FileManager.test.tsx" name="FileManager Component &gt; File Upload &gt; handles upload errors" time="0.2593833">
        </testcase>
        <testcase classname="src/components/StudyRooms/__tests__/FileManager.test.tsx" name="FileManager Component &gt; File Filtering &gt; filters files by search query" time="0.5037941">
        </testcase>
        <testcase classname="src/components/StudyRooms/__tests__/FileManager.test.tsx" name="FileManager Component &gt; File Filtering &gt; filters files by type" time="0.3492791">
        </testcase>
        <testcase classname="src/components/StudyRooms/__tests__/FileManager.test.tsx" name="FileManager Component &gt; File Filtering &gt; shows all files when &quot;Tümü&quot; filter is selected" time="0.3138645">
        </testcase>
        <testcase classname="src/components/StudyRooms/__tests__/FileManager.test.tsx" name="FileManager Component &gt; File Actions &gt; downloads file when download button is clicked" time="4.6308298">
        </testcase>
        <testcase classname="src/components/StudyRooms/__tests__/FileManager.test.tsx" name="FileManager Component &gt; File Actions &gt; increments download count after download" time="4.3504233">
        </testcase>
        <testcase classname="src/components/StudyRooms/__tests__/FileManager.test.tsx" name="FileManager Component &gt; File Actions &gt; deletes file when delete is clicked" time="0.0025295">
            <failure message="jest is not defined" type="ReferenceError">
ReferenceError: jest is not defined
 ❯ src/components/StudyRooms/__tests__/FileManager.test.tsx:275:24
            </failure>
        </testcase>
        <testcase classname="src/components/StudyRooms/__tests__/FileManager.test.tsx" name="FileManager Component &gt; File Actions &gt; does not delete file when confirm is cancelled" time="0.0010969">
            <failure message="jest is not defined" type="ReferenceError">
ReferenceError: jest is not defined
 ❯ src/components/StudyRooms/__tests__/FileManager.test.tsx:295:24
            </failure>
        </testcase>
        <testcase classname="src/components/StudyRooms/__tests__/FileManager.test.tsx" name="FileManager Component &gt; File Actions &gt; only allows owner to delete files" time="4.0762843">
            <failure message="Unable to find role=&quot;button&quot; and name `/more/i`

Ignored nodes: comments, script, style
[36m&lt;body&gt;[39m
  [36m&lt;div&gt;[39m
    [36m&lt;div[39m
      [33mclass[39m=[32m&quot;MuiBox-root css-19kzrtu&quot;[39m
    [36m&gt;[39m
      [36m&lt;div[39m
        [33mclass[39m=[32m&quot;MuiBox-root css-v08z5u&quot;[39m
      [36m&gt;[39m
        [36m&lt;h5[39m
          [33mclass[39m=[32m&quot;MuiTypography-root MuiTypography-h5 css-bezmlo-MuiTypography-root&quot;[39m
        [36m&gt;[39m
          [0m📁 Dosyalar[0m
        [36m&lt;/h5&gt;[39m
        [36m&lt;div[39m
          [33mclass[39m=[32m&quot;MuiBox-root css-1i27l4i&quot;[39m
        [36m&gt;[39m
          [36m&lt;button[39m
            [33mclass[39m=[32m&quot;MuiButtonBase-root MuiIconButton-root MuiIconButton-colorPrimary MuiIconButton-sizeMedium css-1kuq5xv-MuiButtonBase-root-MuiIconButton-root&quot;[39m
            [33mtabindex[39m=[32m&quot;0&quot;[39m
            [33mtype[39m=[32m&quot;button&quot;[39m
          [36m&gt;[39m
            [36m&lt;svg[39m
              [33maria-hidden[39m=[32m&quot;true&quot;[39m
              [33mclass[39m=[32m&quot;MuiSvgIcon-root MuiSvgIcon-fontSizeMedium css-i4bv87-MuiSvgIcon-root&quot;[39m
              [33mdata-testid[39m=[32m&quot;GridViewIcon&quot;[39m
              [33mfocusable[39m=[32m&quot;false&quot;[39m
              [33mviewBox[39m=[32m&quot;0 0 24 24&quot;[39m
            [36m&gt;[39m
              [36m&lt;path[39m
                [33md[39m=[32m&quot;M3 3v8h8V3zm6 6H5V5h4zm-6 4v8h8v-8zm6 6H5v-4h4zm4-16v8h8V3zm6 6h-4V5h4zm-6 4v8h8v-8zm6 6h-4v-4h4z&quot;[39m
                [33mfill-rule[39m=[32m&quot;evenodd&quot;[39m
              [36m/&gt;[39m
            [36m&lt;/svg&gt;[39m
            [36m&lt;span[39m
              [33mclass[39m=[32m&quot;MuiTouchRipple-root css-8je8zh-MuiTouchRipple-root&quot;[39m
            [36m/&gt;[39m
          [36m&lt;/button&gt;[39m
          [36m&lt;button[39m
            [33mclass[39m=[32m&quot;MuiButtonBase-root MuiIconButton-root MuiIconButton-sizeMedium css-78trlr-MuiButtonBase-root-MuiIconButton-root&quot;[39m
            [33mtabindex[39m=[32m&quot;0&quot;[39m
            [33mtype[39m=[32m&quot;button&quot;[39m
          [36m&gt;[39m
            [36m&lt;svg[39m
              [33maria-hidden[39m=[32m&quot;true&quot;[39m
              [33mclass[39m=[32m&quot;MuiSvgIcon-root MuiSvgIcon-fontSizeMedium css-i4bv87-MuiSvgIcon-root&quot;[39m
              [33mdata-testid[39m=[32m&quot;ViewListIcon&quot;[39m
              [33mfocusable[39m=[32m&quot;false&quot;[39m
              [33mviewBox[39m=[32m&quot;0 0 24 24&quot;[39m
            [36m&gt;[39m
              [36m&lt;path[39m
                [33md[39m=[32m&quot;M3 14h4v-4H3zm0 5h4v-4H3zM3 9h4V5H3zm5 5h13v-4H8zm0 5h13v-4H8zM8 5v4h13V5z&quot;[39m
              [36m/&gt;[39m
            [36m&lt;/svg&gt;[39m
            [36m&lt;span[39m
              [33mclass[39m=[32m&quot;MuiTouchRipple-root css-8je8zh-MuiTouchRipple-root&quot;[39m
            [36m/&gt;[39m
          [36m&lt;/button&gt;[39m
          [36m&lt;input[39m
            [33mhidden[39m=[32m&quot;&quot;[39m
            [33mtype[39m=[32m&quot;file&quot;[39m
          [36m/&gt;[39m
          [36m&lt;button[39m
            [33mclass[39m=[32m&quot;MuiButtonBase-root MuiButton-root MuiButton-contained MuiButton-containedPrimary MuiButton-sizeMedium MuiButton-containedSizeMedium MuiButton-colorPrimary MuiButton-root MuiButton-contained MuiButton-containedPrimary MuiButton-sizeMedium MuiButton-containedSizeMedium MuiButton-colorPrimary css-sghohy-MuiButtonBase-root-MuiButton-root&quot;[39m
            [33mtabindex[39m=[32m&quot;0&quot;[39m
            [33mtype[39m=[32m&quot;button&quot;[39m
          [36m&gt;[39m
            [36m&lt;span[39m
              [33mclass[39m=[32m&quot;MuiButton-icon MuiButton-startIcon MuiButton-iconSizeMedium css-1d6wzja-MuiButton-startIcon&quot;[39m
            [36m&gt;[39m
              [36m&lt;svg[39m
                [33maria-hidden[39m=[32m&quot;true&quot;[39m
                [33mclass[39m=[32m&quot;MuiSvgIcon-root MuiSvgIcon-fontSizeMedium css-i4bv87-MuiSvgIcon-root&quot;[39m
                [33mdata-testid[39m=[32m&quot;CloudUploadIcon&quot;[39m
                [33mfocusable[39m=[32m&quot;false&quot;[39m
                [33mviewBox[39m=[32m&quot;0 0 24 24&quot;[39m
              [36m&gt;[39m
                [36m&lt;path[39m
                  [33md[39m=[32m&quot;M19.35 10.04C18.67 6.59 15.64 4 12 4 9.11 4 6.6 5.64 5.35 8.04 2.34 8.36 0 10.91 0 14c0 3.31 2.69 6 6 6h13c2.76 0 5-2.24 5-5 0-2.64-2.05-4.78-4.65-4.96M14 13v4h-4v-4H7l5-5 5 5z&quot;[39m
                [36m/&gt;[39m
              [36m&lt;/svg&gt;[39m
            [36m&lt;/span&gt;[39m
            [0mDosya Yükle[0m
            [36m&lt;span[39m
              [33mclass[39m=[32m&quot;MuiTouchRipple-root css-8je8zh-MuiTouchRipple-root&quot;[39m
            [36m/&gt;[39m
          [36m&lt;/button&gt;[39m
        [36m&lt;/div&gt;[39m
      [36m&lt;/div&gt;[39m
      [36m&lt;div[39m
        [33mclass[39m=[32m&quot;MuiBox-root css-1lwwoo2&quot;[39m
      [36m&gt;[39m
        [36m&lt;div[39m
          [33mclass[39m=[32m&quot;MuiFormControl-root MuiTextField-root css-18bz3y-MuiFormControl-root-MuiTextField-root&quot;[39m
        [36m&gt;[39m
          [36m&lt;div[39m
            [33mclass[39m=[32m&quot;MuiInputBase-root MuiOutlinedInput-root MuiInputBase-colorPrimary MuiInputBase-formControl MuiInputBase-sizeSmall css-9ddj71-MuiInputBase-root-MuiOutlinedInput-root&quot;[39m
          [36m&gt;[39m
            [36m&lt;input[39m
              [33maria-invalid[39m=[32m&quot;false&quot;[39m
              [33mclass[39m=[32m&quot;MuiInputBase-input MuiOutlinedInput-input MuiInputBase-inputSizeSmall css-1n4twyu-MuiInputBase-input-MuiOutlinedInput-input&quot;[39m
              [33mid[39m=[32m&quot;:r24:&quot;[39m
              [33mplaceholder[39m=[32m&quot;Dosya ara...&quot;[39m
              [33mtype[39m=[32m&quot;text&quot;[39m
              [33mvalue[39m=[32m&quot;&quot;[39m
            [36m/&gt;[39m
            [36m&lt;fieldset[39m
              [33maria-hidden[39m=[32m&quot;true&quot;[39m
              [33mclass[39m=[32m&quot;MuiOutlinedInput-notchedOutline css-r01yff-MuiNotchedOutlined-root-MuiOutlinedInput-notchedOutline&quot;[39m
            [36m&gt;[39m
              [36m&lt;legend[39m
                [33mclass[39m=[32m&quot;css-1whs34k-MuiNotchedOutlined-root&quot;[39m
              [36m&gt;[39m
                [36m&lt;span[39m
                  [33mclass[39m=[32m&quot;notranslate&quot;[39m
                [36m&gt;[39m
                  [0m​[0m
                [36m&lt;/span&gt;[39m
              [36m&lt;/legend&gt;[39m
            [36m&lt;/fieldset&gt;[39m
          [36m&lt;/div&gt;[39m
        [36m&lt;/div&gt;[39m
        [36m&lt;div[39m
          [33mclass[39m=[32m&quot;MuiBox-root css-1i27l4i&quot;[39m
        [36m&gt;[39m
          [36m&lt;div[39m
            [33mclass[39m=[32m&quot;MuiButtonBase-root MuiChip-root MuiChip-filled MuiChip-sizeMedium MuiChip-colorPrimary MuiChip-clickable MuiChip-clickableColorPrimary MuiChip-filledPrimary css-ljcuss-MuiButtonBase-root-MuiChip-root&quot;[39m
            [33mrole[39m=[32m&quot;button&quot;[39m
            [33mtabindex[39m=[32m&quot;0&quot;[39m
          [36m&gt;[39m
            [36m&lt;span[39m
              [33mclass[39m=[32m&quot;MuiChip-label MuiChip-labelMedium css-6od3lo-MuiChip-label&quot;[39m
            [36m&gt;[39m
              [0mTümü[0m
            [36m&lt;/span&gt;[39m
            [36m&lt;span[39m
              [33mclass...

Ignored nodes: comments, script, style
[36m&lt;html&gt;[39m
  [36m&lt;head /&gt;[39m
  [36m&lt;body&gt;[39m
    [36m&lt;div&gt;[39m
      [36m&lt;div[39m
        [33mclass[39m=[32m&quot;MuiBox-root css-19kzrtu&quot;[39m
      [36m&gt;[39m
        [36m&lt;div[39m
          [33mclass[39m=[32m&quot;MuiBox-root css-v08z5u&quot;[39m
        [36m&gt;[39m
          [36m&lt;h5[39m
            [33mclass[39m=[32m&quot;MuiTypography-root MuiTypography-h5 css-bezmlo-MuiTypography-root&quot;[39m
          [36m&gt;[39m
            [0m📁 Dosyalar[0m
          [36m&lt;/h5&gt;[39m
          [36m&lt;div[39m
            [33mclass[39m=[32m&quot;MuiBox-root css-1i27l4i&quot;[39m
          [36m&gt;[39m
            [36m&lt;button[39m
              [33mclass[39m=[32m&quot;MuiButtonBase-root MuiIconButton-root MuiIconButton-colorPrimary MuiIconButton-sizeMedium css-1kuq5xv-MuiButtonBase-root-MuiIconButton-root&quot;[39m
              [33mtabindex[39m=[32m&quot;0&quot;[39m
              [33mtype[39m=[32m&quot;button&quot;[39m
            [36m&gt;[39m
              [36m&lt;svg[39m
                [33maria-hidden[39m=[32m&quot;true&quot;[39m
                [33mclass[39m=[32m&quot;MuiSvgIcon-root MuiSvgIcon-fontSizeMedium css-i4bv87-MuiSvgIcon-root&quot;[39m
                [33mdata-testid[39m=[32m&quot;GridViewIcon&quot;[39m
                [33mfocusable[39m=[32m&quot;false&quot;[39m
                [33mviewBox[39m=[32m&quot;0 0 24 24&quot;[39m
              [36m&gt;[39m
                [36m&lt;path[39m
                  [33md[39m=[32m&quot;M3 3v8h8V3zm6 6H5V5h4zm-6 4v8h8v-8zm6 6H5v-4h4zm4-16v8h8V3zm6 6h-4V5h4zm-6 4v8h8v-8zm6 6h-4v-4h4z&quot;[39m
                  [33mfill-rule[39m=[32m&quot;evenodd&quot;[39m
                [36m/&gt;[39m
              [36m&lt;/svg&gt;[39m
              [36m&lt;span[39m
                [33mclass[39m=[32m&quot;MuiTouchRipple-root css-8je8zh-MuiTouchRipple-root&quot;[39m
              [36m/&gt;[39m
            [36m&lt;/button&gt;[39m
            [36m&lt;button[39m
              [33mclass[39m=[32m&quot;MuiButtonBase-root MuiIconButton-root MuiIconButton-sizeMedium css-78trlr-MuiButtonBase-root-MuiIconButton-root&quot;[39m
              [33mtabindex[39m=[32m&quot;0&quot;[39m
              [33mtype[39m=[32m&quot;button&quot;[39m
            [36m&gt;[39m
              [36m&lt;svg[39m
                [33maria-hidden[39m=[32m&quot;true&quot;[39m
                [33mclass[39m=[32m&quot;MuiSvgIcon-root MuiSvgIcon-fontSizeMedium css-i4bv87-MuiSvgIcon-root&quot;[39m
                [33mdata-testid[39m=[32m&quot;ViewListIcon&quot;[39m
                [33mfocusable[39m=[32m&quot;false&quot;[39m
                [33mviewBox[39m=[32m&quot;0 0 24 24&quot;[39m
              [36m&gt;[39m
                [36m&lt;path[39m
                  [33md[39m=[32m&quot;M3 14h4v-4H3zm0 5h4v-4H3zM3 9h4V5H3zm5 5h13v-4H8zm0 5h13v-4H8zM8 5v4h13V5z&quot;[39m
                [36m/&gt;[39m
              [36m&lt;/svg&gt;[39m
              [36m&lt;span[39m
                [33mclass[39m=[32m&quot;MuiTouchRipple-root css-8je8zh-MuiTouchRipple-root&quot;[39m
              [36m/&gt;[39m
            [36m&lt;/button&gt;[39m
            [36m&lt;input[39m
              [33mhidden[39m=[32m&quot;&quot;[39m
              [33mtype[39m=[32m&quot;file&quot;[39m
            [36m/&gt;[39m
            [36m&lt;button[39m
              [33mclass[39m=[32m&quot;MuiButtonBase-root MuiButton-root MuiButton-contained MuiButton-containedPrimary MuiButton-sizeMedium MuiButton-containedSizeMedium MuiButton-colorPrimary MuiButton-root MuiButton-contained MuiButton-containedPrimary MuiButton-sizeMedium MuiButton-containedSizeMedium MuiButton-colorPrimary css-sghohy-MuiButtonBase-root-MuiButton-root&quot;[39m
              [33mtabindex[39m=[32m&quot;0&quot;[39m
              [33mtype[39m=[32m&quot;button&quot;[39m
            [36m&gt;[39m
              [36m&lt;span[39m
                [33mclass[39m=[32m&quot;MuiButton-icon MuiButton-startIcon MuiButton-iconSizeMedium css-1d6wzja-MuiButton-startIcon&quot;[39m
              [36m&gt;[39m
                [36m&lt;svg[39m
                  [33maria-hidden[39m=[32m&quot;true&quot;[39m
                  [33mclass[39m=[32m&quot;MuiSvgIcon-root MuiSvgIcon-fontSizeMedium css-i4bv87-MuiSvgIcon-root&quot;[39m
                  [33mdata-testid[39m=[32m&quot;CloudUploadIcon&quot;[39m
                  [33mfocusable[39m=[32m&quot;false&quot;[39m
                  [33mviewBox[39m=[32m&quot;0 0 24 24&quot;[39m
                [36m&gt;[39m
                  [36m&lt;path[39m
                    [33md[39m=[32m&quot;M19.35 10.04C18.67 6.59 15.64 4 12 4 9.11 4 6.6 5.64 5.35 8.04 2.34 8.36 0 10.91 0 14c0 3.31 2.69 6 6 6h13c2.76 0 5-2.24 5-5 0-2.64-2.05-4.78-4.65-4.96M14 13v4h-4v-4H7l5-5 5 5z&quot;[39m
                  [36m/&gt;[39m
                [36m&lt;/svg&gt;[39m
              [36m&lt;/span&gt;[39m
              [0mDosya Yükle[0m
              [36m&lt;span[39m
                [33mclass[39m=[32m&quot;MuiTouchRipple-root css-8je8zh-MuiTouchRipple-root&quot;[39m
              [36m/&gt;[39m
            [36m&lt;/button&gt;[39m
          [36m&lt;/div&gt;[39m
        [36m&lt;/div&gt;[39m
        [36m&lt;div[39m
          [33mclass[39m=[32m&quot;MuiBox-root css-1lwwoo2&quot;[39m
        [36m&gt;[39m
          [36m&lt;div[39m
            [33mclass[39m=[32m&quot;MuiFormControl-root MuiTextField-root css-18bz3y-MuiFormControl-root-MuiTextField-root&quot;[39m
          [36m&gt;[39m
            [36m&lt;div[39m
              [33mclass[39m=[32m&quot;MuiInputBase-root MuiOutlinedInput-root MuiInputBase-colorPrimary MuiInputBase-formControl MuiInputBase-sizeSmall css-9ddj71-MuiInputBase-root-MuiOutlinedInput-root&quot;[39m
            [36m&gt;[39m
              [36m&lt;input[39m
                [33maria-invalid[39m=[32m&quot;false&quot;[39m
                [33mclass[39m=[32m&quot;MuiInputBase-input MuiOutlinedInput-input MuiInputBase-inputSizeSmall css-1n4twyu-MuiInputBase-input-MuiOutlinedInput-input&quot;[39m
                [33mid[39m=[32m&quot;:r24:&quot;[39m
                [33mplaceholder[39m=[32m&quot;Dosya ara...&quot;[39m
                [33mtype[39m=[32m&quot;text&quot;[39m
                [33mvalue[39m=[32m&quot;&quot;[39m
              [36m/&gt;[39m
              [36m&lt;fieldset[39m
                [33maria-hidden[39m=[32m&quot;true&quot;[39m
                [33mclass[39m=[32m&quot;MuiOutlinedInput-notchedOutline css-r01yff-MuiNotchedOutlined-root-MuiOutlinedInput-notchedOutline&quot;[39m
              [36m&gt;[39m
                [36m&lt;legend[39m
                  [33mclass[39m=[32m&quot;css-1whs34k-MuiNotchedOutlined-root&quot;[39m
                [36m&gt;[39m
                  [36m&lt;span[39m
                    [33mclass[39m=[32m&quot;notranslate&quot;[39m
                  [36m&gt;[39m
                    [0m​[0m
                  [36m&lt;/span&gt;[39m
                [36m&lt;/legend&gt;[39m
              [36m&lt;/fieldset&gt;[39m
            [36m&lt;/div&gt;[39m
          [36m&lt;/div&gt;[39m
          [36m&lt;div[39m
            [33mclass[39m=[32m&quot;MuiBox-root css-1i27l4i&quot;[39m
          [36m&gt;[39m
            [36m&lt;div[39m
              [33mclass[39m=[32m&quot;MuiButtonBase-root MuiChip-root MuiChip-filled MuiChip-sizeMedium MuiChip-colorPrimary MuiChip-clickable MuiChip-clickableColorPrimary MuiChip-filledPrimary css-ljcuss-MuiButtonBase-root-MuiChip-root&quot;[39m
              [33mrole[39m=[32m&quot;button&quot;[39m
              [33mtabindex[39m=[32m..." type="TestingLibraryElementError">
TestingLibraryElementError: Unable to find role=&quot;button&quot; and name `/more/i`

Ignored nodes: comments, script, style
&lt;body&gt;
  &lt;div&gt;
    &lt;div
      class=&quot;MuiBox-root css-19kzrtu&quot;
    &gt;
      &lt;div
        class=&quot;MuiBox-root css-v08z5u&quot;
      &gt;
        &lt;h5
          class=&quot;MuiTypography-root MuiTypography-h5 css-bezmlo-MuiTypography-root&quot;
        &gt;
          📁 Dosyalar
        &lt;/h5&gt;
        &lt;div
          class=&quot;MuiBox-root css-1i27l4i&quot;
        &gt;
          &lt;button
            class=&quot;MuiButtonBase-root MuiIconButton-root MuiIconButton-colorPrimary MuiIconButton-sizeMedium css-1kuq5xv-MuiButtonBase-root-MuiIconButton-root&quot;
            tabindex=&quot;0&quot;
            type=&quot;button&quot;
          &gt;
            &lt;svg
              aria-hidden=&quot;true&quot;
              class=&quot;MuiSvgIcon-root MuiSvgIcon-fontSizeMedium css-i4bv87-MuiSvgIcon-root&quot;
              data-testid=&quot;GridViewIcon&quot;
              focusable=&quot;false&quot;
              viewBox=&quot;0 0 24 24&quot;
            &gt;
              &lt;path
                d=&quot;M3 3v8h8V3zm6 6H5V5h4zm-6 4v8h8v-8zm6 6H5v-4h4zm4-16v8h8V3zm6 6h-4V5h4zm-6 4v8h8v-8zm6 6h-4v-4h4z&quot;
                fill-rule=&quot;evenodd&quot;
              /&gt;
            &lt;/svg&gt;
            &lt;span
              class=&quot;MuiTouchRipple-root css-8je8zh-MuiTouchRipple-root&quot;
            /&gt;
          &lt;/button&gt;
          &lt;button
            class=&quot;MuiButtonBase-root MuiIconButton-root MuiIconButton-sizeMedium css-78trlr-MuiButtonBase-root-MuiIconButton-root&quot;
            tabindex=&quot;0&quot;
            type=&quot;button&quot;
          &gt;
            &lt;svg
              aria-hidden=&quot;true&quot;
              class=&quot;MuiSvgIcon-root MuiSvgIcon-fontSizeMedium css-i4bv87-MuiSvgIcon-root&quot;
              data-testid=&quot;ViewListIcon&quot;
              focusable=&quot;false&quot;
              viewBox=&quot;0 0 24 24&quot;
            &gt;
              &lt;path
                d=&quot;M3 14h4v-4H3zm0 5h4v-4H3zM3 9h4V5H3zm5 5h13v-4H8zm0 5h13v-4H8zM8 5v4h13V5z&quot;
              /&gt;
            &lt;/svg&gt;
            &lt;span
              class=&quot;MuiTouchRipple-root css-8je8zh-MuiTouchRipple-root&quot;
            /&gt;
          &lt;/button&gt;
          &lt;input
            hidden=&quot;&quot;
            type=&quot;file&quot;
          /&gt;
          &lt;button
            class=&quot;MuiButtonBase-root MuiButton-root MuiButton-contained MuiButton-containedPrimary MuiButton-sizeMedium MuiButton-containedSizeMedium MuiButton-colorPrimary MuiButton-root MuiButton-contained MuiButton-containedPrimary MuiButton-sizeMedium MuiButton-containedSizeMedium MuiButton-colorPrimary css-sghohy-MuiButtonBase-root-MuiButton-root&quot;
            tabindex=&quot;0&quot;
            type=&quot;button&quot;
          &gt;
            &lt;span
              class=&quot;MuiButton-icon MuiButton-startIcon MuiButton-iconSizeMedium css-1d6wzja-MuiButton-startIcon&quot;
            &gt;
              &lt;svg
                aria-hidden=&quot;true&quot;
                class=&quot;MuiSvgIcon-root MuiSvgIcon-fontSizeMedium css-i4bv87-MuiSvgIcon-root&quot;
                data-testid=&quot;CloudUploadIcon&quot;
                focusable=&quot;false&quot;
                viewBox=&quot;0 0 24 24&quot;
              &gt;
                &lt;path
                  d=&quot;M19.35 10.04C18.67 6.59 15.64 4 12 4 9.11 4 6.6 5.64 5.35 8.04 2.34 8.36 0 10.91 0 14c0 3.31 2.69 6 6 6h13c2.76 0 5-2.24 5-5 0-2.64-2.05-4.78-4.65-4.96M14 13v4h-4v-4H7l5-5 5 5z&quot;
                /&gt;
              &lt;/svg&gt;
            &lt;/span&gt;
            Dosya Yükle
            &lt;span
              class=&quot;MuiTouchRipple-root css-8je8zh-MuiTouchRipple-root&quot;
            /&gt;
          &lt;/button&gt;
        &lt;/div&gt;
      &lt;/div&gt;
      &lt;div
        class=&quot;MuiBox-root css-1lwwoo2&quot;
      &gt;
        &lt;div
          class=&quot;MuiFormControl-root MuiTextField-root css-18bz3y-MuiFormControl-root-MuiTextField-root&quot;
        &gt;
          &lt;div
            class=&quot;MuiInputBase-root MuiOutlinedInput-root MuiInputBase-colorPrimary MuiInputBase-formControl MuiInputBase-sizeSmall css-9ddj71-MuiInputBase-root-MuiOutlinedInput-root&quot;
          &gt;
            &lt;input
              aria-invalid=&quot;false&quot;
              class=&quot;MuiInputBase-input MuiOutlinedInput-input MuiInputBase-inputSizeSmall css-1n4twyu-MuiInputBase-input-MuiOutlinedInput-input&quot;
              id=&quot;:r24:&quot;
              placeholder=&quot;Dosya ara...&quot;
              type=&quot;text&quot;
              value=&quot;&quot;
            /&gt;
            &lt;fieldset
              aria-hidden=&quot;true&quot;
              class=&quot;MuiOutlinedInput-notchedOutline css-r01yff-MuiNotchedOutlined-root-MuiOutlinedInput-notchedOutline&quot;
            &gt;
              &lt;legend
                class=&quot;css-1whs34k-MuiNotchedOutlined-root&quot;
              &gt;
                &lt;span
                  class=&quot;notranslate&quot;
                &gt;
                  ​
                &lt;/span&gt;
              &lt;/legend&gt;
            &lt;/fieldset&gt;
          &lt;/div&gt;
        &lt;/div&gt;
        &lt;div
          class=&quot;MuiBox-root css-1i27l4i&quot;
        &gt;
          &lt;div
            class=&quot;MuiButtonBase-root MuiChip-root MuiChip-filled MuiChip-sizeMedium MuiChip-colorPrimary MuiChip-clickable MuiChip-clickableColorPrimary MuiChip-filledPrimary css-ljcuss-MuiButtonBase-root-MuiChip-root&quot;
            role=&quot;button&quot;
            tabindex=&quot;0&quot;
          &gt;
            &lt;span
              class=&quot;MuiChip-label MuiChip-labelMedium css-6od3lo-MuiChip-label&quot;
            &gt;
              Tümü
            &lt;/span&gt;
            &lt;span
              class...

Ignored nodes: comments, script, style
&lt;html&gt;
  &lt;head /&gt;
  &lt;body&gt;
    &lt;div&gt;
      &lt;div
        class=&quot;MuiBox-root css-19kzrtu&quot;
      &gt;
        &lt;div
          class=&quot;MuiBox-root css-v08z5u&quot;
        &gt;
          &lt;h5
            class=&quot;MuiTypography-root MuiTypography-h5 css-bezmlo-MuiTypography-root&quot;
          &gt;
            📁 Dosyalar
          &lt;/h5&gt;
          &lt;div
            class=&quot;MuiBox-root css-1i27l4i&quot;
          &gt;
            &lt;button
              class=&quot;MuiButtonBase-root MuiIconButton-root MuiIconButton-colorPrimary MuiIconButton-sizeMedium css-1kuq5xv-MuiButtonBase-root-MuiIconButton-root&quot;
              tabindex=&quot;0&quot;
              type=&quot;button&quot;
            &gt;
              &lt;svg
                aria-hidden=&quot;true&quot;
                class=&quot;MuiSvgIcon-root MuiSvgIcon-fontSizeMedium css-i4bv87-MuiSvgIcon-root&quot;
                data-testid=&quot;GridViewIcon&quot;
                focusable=&quot;false&quot;
                viewBox=&quot;0 0 24 24&quot;
              &gt;
                &lt;path
                  d=&quot;M3 3v8h8V3zm6 6H5V5h4zm-6 4v8h8v-8zm6 6H5v-4h4zm4-16v8h8V3zm6 6h-4V5h4zm-6 4v8h8v-8zm6 6h-4v-4h4z&quot;
                  fill-rule=&quot;evenodd&quot;
                /&gt;
              &lt;/svg&gt;
              &lt;span
                class=&quot;MuiTouchRipple-root css-8je8zh-MuiTouchRipple-root&quot;
              /&gt;
            &lt;/button&gt;
            &lt;button
              class=&quot;MuiButtonBase-root MuiIconButton-root MuiIconButton-sizeMedium css-78trlr-MuiButtonBase-root-MuiIconButton-root&quot;
              tabindex=&quot;0&quot;
              type=&quot;button&quot;
            &gt;
              &lt;svg
                aria-hidden=&quot;true&quot;
                class=&quot;MuiSvgIcon-root MuiSvgIcon-fontSizeMedium css-i4bv87-MuiSvgIcon-root&quot;
                data-testid=&quot;ViewListIcon&quot;
                focusable=&quot;false&quot;
                viewBox=&quot;0 0 24 24&quot;
              &gt;
                &lt;path
                  d=&quot;M3 14h4v-4H3zm0 5h4v-4H3zM3 9h4V5H3zm5 5h13v-4H8zm0 5h13v-4H8zM8 5v4h13V5z&quot;
                /&gt;
              &lt;/svg&gt;
              &lt;span
                class=&quot;MuiTouchRipple-root css-8je8zh-MuiTouchRipple-root&quot;
              /&gt;
            &lt;/button&gt;
            &lt;input
              hidden=&quot;&quot;
              type=&quot;file&quot;
            /&gt;
            &lt;button
              class=&quot;MuiButtonBase-root MuiButton-root MuiButton-contained MuiButton-containedPrimary MuiButton-sizeMedium MuiButton-containedSizeMedium MuiButton-colorPrimary MuiButton-root MuiButton-contained MuiButton-containedPrimary MuiButton-sizeMedium MuiButton-containedSizeMedium MuiButton-colorPrimary css-sghohy-MuiButtonBase-root-MuiButton-root&quot;
              tabindex=&quot;0&quot;
              type=&quot;button&quot;
            &gt;
              &lt;span
                class=&quot;MuiButton-icon MuiButton-startIcon MuiButton-iconSizeMedium css-1d6wzja-MuiButton-startIcon&quot;
              &gt;
                &lt;svg
                  aria-hidden=&quot;true&quot;
                  class=&quot;MuiSvgIcon-root MuiSvgIcon-fontSizeMedium css-i4bv87-MuiSvgIcon-root&quot;
                  data-testid=&quot;CloudUploadIcon&quot;
                  focusable=&quot;false&quot;
                  viewBox=&quot;0 0 24 24&quot;
                &gt;
                  &lt;path
                    d=&quot;M19.35 10.04C18.67 6.59 15.64 4 12 4 9.11 4 6.6 5.64 5.35 8.04 2.34 8.36 0 10.91 0 14c0 3.31 2.69 6 6 6h13c2.76 0 5-2.24 5-5 0-2.64-2.05-4.78-4.65-4.96M14 13v4h-4v-4H7l5-5 5 5z&quot;
                  /&gt;
                &lt;/svg&gt;
              &lt;/span&gt;
              Dosya Yükle
              &lt;span
                class=&quot;MuiTouchRipple-root css-8je8zh-MuiTouchRipple-root&quot;
              /&gt;
            &lt;/button&gt;
          &lt;/div&gt;
        &lt;/div&gt;
        &lt;div
          class=&quot;MuiBox-root css-1lwwoo2&quot;
        &gt;
          &lt;div
            class=&quot;MuiFormControl-root MuiTextField-root css-18bz3y-MuiFormControl-root-MuiTextField-root&quot;
          &gt;
            &lt;div
              class=&quot;MuiInputBase-root MuiOutlinedInput-root MuiInputBase-colorPrimary MuiInputBase-formControl MuiInputBase-sizeSmall css-9ddj71-MuiInputBase-root-MuiOutlinedInput-root&quot;
            &gt;
              &lt;input
                aria-invalid=&quot;false&quot;
                class=&quot;MuiInputBase-input MuiOutlinedInput-input MuiInputBase-inputSizeSmall css-1n4twyu-MuiInputBase-input-MuiOutlinedInput-input&quot;
                id=&quot;:r24:&quot;
                placeholder=&quot;Dosya ara...&quot;
                type=&quot;text&quot;
                value=&quot;&quot;
              /&gt;
              &lt;fieldset
                aria-hidden=&quot;true&quot;
                class=&quot;MuiOutlinedInput-notchedOutline css-r01yff-MuiNotchedOutlined-root-MuiOutlinedInput-notchedOutline&quot;
              &gt;
                &lt;legend
                  class=&quot;css-1whs34k-MuiNotchedOutlined-root&quot;
                &gt;
                  &lt;span
                    class=&quot;notranslate&quot;
                  &gt;
                    ​
                  &lt;/span&gt;
                &lt;/legend&gt;
              &lt;/fieldset&gt;
            &lt;/div&gt;
          &lt;/div&gt;
          &lt;div
            class=&quot;MuiBox-root css-1i27l4i&quot;
          &gt;
            &lt;div
              class=&quot;MuiButtonBase-root MuiChip-root MuiChip-filled MuiChip-sizeMedium MuiChip-colorPrimary MuiChip-clickable MuiChip-clickableColorPrimary MuiChip-filledPrimary css-ljcuss-MuiButtonBase-root-MuiChip-root&quot;
              role=&quot;button&quot;
              tabindex=...
 ❯ Proxy.waitForWrapper node_modules/@testing-library/react/node_modules/@testing-library/dom/dist/wait-for.js:163:27
 ❯ src/components/StudyRooms/__tests__/FileManager.test.tsx:313:13
            </failure>
        </testcase>
        <testcase classname="src/components/StudyRooms/__tests__/FileManager.test.tsx" name="FileManager Component &gt; File Information &gt; shows file info dialog" time="4.0249558">
            <failure message="Unable to find role=&quot;button&quot; and name `/more/i`

Ignored nodes: comments, script, style
[36m&lt;body&gt;[39m
  [36m&lt;div&gt;[39m
    [36m&lt;div[39m
      [33mclass[39m=[32m&quot;MuiBox-root css-19kzrtu&quot;[39m
    [36m&gt;[39m
      [36m&lt;div[39m
        [33mclass[39m=[32m&quot;MuiBox-root css-v08z5u&quot;[39m
      [36m&gt;[39m
        [36m&lt;h5[39m
          [33mclass[39m=[32m&quot;MuiTypography-root MuiTypography-h5 css-bezmlo-MuiTypography-root&quot;[39m
        [36m&gt;[39m
          [0m📁 Dosyalar[0m
        [36m&lt;/h5&gt;[39m
        [36m&lt;div[39m
          [33mclass[39m=[32m&quot;MuiBox-root css-1i27l4i&quot;[39m
        [36m&gt;[39m
          [36m&lt;button[39m
            [33mclass[39m=[32m&quot;MuiButtonBase-root MuiIconButton-root MuiIconButton-colorPrimary MuiIconButton-sizeMedium css-1kuq5xv-MuiButtonBase-root-MuiIconButton-root&quot;[39m
            [33mtabindex[39m=[32m&quot;0&quot;[39m
            [33mtype[39m=[32m&quot;button&quot;[39m
          [36m&gt;[39m
            [36m&lt;svg[39m
              [33maria-hidden[39m=[32m&quot;true&quot;[39m
              [33mclass[39m=[32m&quot;MuiSvgIcon-root MuiSvgIcon-fontSizeMedium css-i4bv87-MuiSvgIcon-root&quot;[39m
              [33mdata-testid[39m=[32m&quot;GridViewIcon&quot;[39m
              [33mfocusable[39m=[32m&quot;false&quot;[39m
              [33mviewBox[39m=[32m&quot;0 0 24 24&quot;[39m
            [36m&gt;[39m
              [36m&lt;path[39m
                [33md[39m=[32m&quot;M3 3v8h8V3zm6 6H5V5h4zm-6 4v8h8v-8zm6 6H5v-4h4zm4-16v8h8V3zm6 6h-4V5h4zm-6 4v8h8v-8zm6 6h-4v-4h4z&quot;[39m
                [33mfill-rule[39m=[32m&quot;evenodd&quot;[39m
              [36m/&gt;[39m
            [36m&lt;/svg&gt;[39m
            [36m&lt;span[39m
              [33mclass[39m=[32m&quot;MuiTouchRipple-root css-8je8zh-MuiTouchRipple-root&quot;[39m
            [36m/&gt;[39m
          [36m&lt;/button&gt;[39m
          [36m&lt;button[39m
            [33mclass[39m=[32m&quot;MuiButtonBase-root MuiIconButton-root MuiIconButton-sizeMedium css-78trlr-MuiButtonBase-root-MuiIconButton-root&quot;[39m
            [33mtabindex[39m=[32m&quot;0&quot;[39m
            [33mtype[39m=[32m&quot;button&quot;[39m
          [36m&gt;[39m
            [36m&lt;svg[39m
              [33maria-hidden[39m=[32m&quot;true&quot;[39m
              [33mclass[39m=[32m&quot;MuiSvgIcon-root MuiSvgIcon-fontSizeMedium css-i4bv87-MuiSvgIcon-root&quot;[39m
              [33mdata-testid[39m=[32m&quot;ViewListIcon&quot;[39m
              [33mfocusable[39m=[32m&quot;false&quot;[39m
              [33mviewBox[39m=[32m&quot;0 0 24 24&quot;[39m
            [36m&gt;[39m
              [36m&lt;path[39m
                [33md[39m=[32m&quot;M3 14h4v-4H3zm0 5h4v-4H3zM3 9h4V5H3zm5 5h13v-4H8zm0 5h13v-4H8zM8 5v4h13V5z&quot;[39m
              [36m/&gt;[39m
            [36m&lt;/svg&gt;[39m
            [36m&lt;span[39m
              [33mclass[39m=[32m&quot;MuiTouchRipple-root css-8je8zh-MuiTouchRipple-root&quot;[39m
            [36m/&gt;[39m
          [36m&lt;/button&gt;[39m
          [36m&lt;input[39m
            [33mhidden[39m=[32m&quot;&quot;[39m
            [33mtype[39m=[32m&quot;file&quot;[39m
          [36m/&gt;[39m
          [36m&lt;button[39m
            [33mclass[39m=[32m&quot;MuiButtonBase-root MuiButton-root MuiButton-contained MuiButton-containedPrimary MuiButton-sizeMedium MuiButton-containedSizeMedium MuiButton-colorPrimary MuiButton-root MuiButton-contained MuiButton-containedPrimary MuiButton-sizeMedium MuiButton-containedSizeMedium MuiButton-colorPrimary css-sghohy-MuiButtonBase-root-MuiButton-root&quot;[39m
            [33mtabindex[39m=[32m&quot;0&quot;[39m
            [33mtype[39m=[32m&quot;button&quot;[39m
          [36m&gt;[39m
            [36m&lt;span[39m
              [33mclass[39m=[32m&quot;MuiButton-icon MuiButton-startIcon MuiButton-iconSizeMedium css-1d6wzja-MuiButton-startIcon&quot;[39m
            [36m&gt;[39m
              [36m&lt;svg[39m
                [33maria-hidden[39m=[32m&quot;true&quot;[39m
                [33mclass[39m=[32m&quot;MuiSvgIcon-root MuiSvgIcon-fontSizeMedium css-i4bv87-MuiSvgIcon-root&quot;[39m
                [33mdata-testid[39m=[32m&quot;CloudUploadIcon&quot;[39m
                [33mfocusable[39m=[32m&quot;false&quot;[39m
                [33mviewBox[39m=[32m&quot;0 0 24 24&quot;[39m
              [36m&gt;[39m
                [36m&lt;path[39m
                  [33md[39m=[32m&quot;M19.35 10.04C18.67 6.59 15.64 4 12 4 9.11 4 6.6 5.64 5.35 8.04 2.34 8.36 0 10.91 0 14c0 3.31 2.69 6 6 6h13c2.76 0 5-2.24 5-5 0-2.64-2.05-4.78-4.65-4.96M14 13v4h-4v-4H7l5-5 5 5z&quot;[39m
                [36m/&gt;[39m
              [36m&lt;/svg&gt;[39m
            [36m&lt;/span&gt;[39m
            [0mDosya Yükle[0m
            [36m&lt;span[39m
              [33mclass[39m=[32m&quot;MuiTouchRipple-root css-8je8zh-MuiTouchRipple-root&quot;[39m
            [36m/&gt;[39m
          [36m&lt;/button&gt;[39m
        [36m&lt;/div&gt;[39m
      [36m&lt;/div&gt;[39m
      [36m&lt;div[39m
        [33mclass[39m=[32m&quot;MuiBox-root css-1lwwoo2&quot;[39m
      [36m&gt;[39m
        [36m&lt;div[39m
          [33mclass[39m=[32m&quot;MuiFormControl-root MuiTextField-root css-18bz3y-MuiFormControl-root-MuiTextField-root&quot;[39m
        [36m&gt;[39m
          [36m&lt;div[39m
            [33mclass[39m=[32m&quot;MuiInputBase-root MuiOutlinedInput-root MuiInputBase-colorPrimary MuiInputBase-formControl MuiInputBase-sizeSmall css-9ddj71-MuiInputBase-root-MuiOutlinedInput-root&quot;[39m
          [36m&gt;[39m
            [36m&lt;input[39m
              [33maria-invalid[39m=[32m&quot;false&quot;[39m
              [33mclass[39m=[32m&quot;MuiInputBase-input MuiOutlinedInput-input MuiInputBase-inputSizeSmall css-1n4twyu-MuiInputBase-input-MuiOutlinedInput-input&quot;[39m
              [33mid[39m=[32m&quot;:r29:&quot;[39m
              [33mplaceholder[39m=[32m&quot;Dosya ara...&quot;[39m
              [33mtype[39m=[32m&quot;text&quot;[39m
              [33mvalue[39m=[32m&quot;&quot;[39m
            [36m/&gt;[39m
            [36m&lt;fieldset[39m
              [33maria-hidden[39m=[32m&quot;true&quot;[39m
              [33mclass[39m=[32m&quot;MuiOutlinedInput-notchedOutline css-r01yff-MuiNotchedOutlined-root-MuiOutlinedInput-notchedOutline&quot;[39m
            [36m&gt;[39m
              [36m&lt;legend[39m
                [33mclass[39m=[32m&quot;css-1whs34k-MuiNotchedOutlined-root&quot;[39m
              [36m&gt;[39m
                [36m&lt;span[39m
                  [33mclass[39m=[32m&quot;notranslate&quot;[39m
                [36m&gt;[39m
                  [0m​[0m
                [36m&lt;/span&gt;[39m
              [36m&lt;/legend&gt;[39m
            [36m&lt;/fieldset&gt;[39m
          [36m&lt;/div&gt;[39m
        [36m&lt;/div&gt;[39m
        [36m&lt;div[39m
          [33mclass[39m=[32m&quot;MuiBox-root css-1i27l4i&quot;[39m
        [36m&gt;[39m
          [36m&lt;div[39m
            [33mclass[39m=[32m&quot;MuiButtonBase-root MuiChip-root MuiChip-filled MuiChip-sizeMedium MuiChip-colorPrimary MuiChip-clickable MuiChip-clickableColorPrimary MuiChip-filledPrimary css-ljcuss-MuiButtonBase-root-MuiChip-root&quot;[39m
            [33mrole[39m=[32m&quot;button&quot;[39m
            [33mtabindex[39m=[32m&quot;0&quot;[39m
          [36m&gt;[39m
            [36m&lt;span[39m
              [33mclass[39m=[32m&quot;MuiChip-label MuiChip-labelMedium css-6od3lo-MuiChip-label&quot;[39m
            [36m&gt;[39m
              [0mTümü[0m
            [36m&lt;/span&gt;[39m
            [36m&lt;span[39m
              [33mclass...

Ignored nodes: comments, script, style
[36m&lt;html&gt;[39m
  [36m&lt;head /&gt;[39m
  [36m&lt;body&gt;[39m
    [36m&lt;div&gt;[39m
      [36m&lt;div[39m
        [33mclass[39m=[32m&quot;MuiBox-root css-19kzrtu&quot;[39m
      [36m&gt;[39m
        [36m&lt;div[39m
          [33mclass[39m=[32m&quot;MuiBox-root css-v08z5u&quot;[39m
        [36m&gt;[39m
          [36m&lt;h5[39m
            [33mclass[39m=[32m&quot;MuiTypography-root MuiTypography-h5 css-bezmlo-MuiTypography-root&quot;[39m
          [36m&gt;[39m
            [0m📁 Dosyalar[0m
          [36m&lt;/h5&gt;[39m
          [36m&lt;div[39m
            [33mclass[39m=[32m&quot;MuiBox-root css-1i27l4i&quot;[39m
          [36m&gt;[39m
            [36m&lt;button[39m
              [33mclass[39m=[32m&quot;MuiButtonBase-root MuiIconButton-root MuiIconButton-colorPrimary MuiIconButton-sizeMedium css-1kuq5xv-MuiButtonBase-root-MuiIconButton-root&quot;[39m
              [33mtabindex[39m=[32m&quot;0&quot;[39m
              [33mtype[39m=[32m&quot;button&quot;[39m
            [36m&gt;[39m
              [36m&lt;svg[39m
                [33maria-hidden[39m=[32m&quot;true&quot;[39m
                [33mclass[39m=[32m&quot;MuiSvgIcon-root MuiSvgIcon-fontSizeMedium css-i4bv87-MuiSvgIcon-root&quot;[39m
                [33mdata-testid[39m=[32m&quot;GridViewIcon&quot;[39m
                [33mfocusable[39m=[32m&quot;false&quot;[39m
                [33mviewBox[39m=[32m&quot;0 0 24 24&quot;[39m
              [36m&gt;[39m
                [36m&lt;path[39m
                  [33md[39m=[32m&quot;M3 3v8h8V3zm6 6H5V5h4zm-6 4v8h8v-8zm6 6H5v-4h4zm4-16v8h8V3zm6 6h-4V5h4zm-6 4v8h8v-8zm6 6h-4v-4h4z&quot;[39m
                  [33mfill-rule[39m=[32m&quot;evenodd&quot;[39m
                [36m/&gt;[39m
              [36m&lt;/svg&gt;[39m
              [36m&lt;span[39m
                [33mclass[39m=[32m&quot;MuiTouchRipple-root css-8je8zh-MuiTouchRipple-root&quot;[39m
              [36m/&gt;[39m
            [36m&lt;/button&gt;[39m
            [36m&lt;button[39m
              [33mclass[39m=[32m&quot;MuiButtonBase-root MuiIconButton-root MuiIconButton-sizeMedium css-78trlr-MuiButtonBase-root-MuiIconButton-root&quot;[39m
              [33mtabindex[39m=[32m&quot;0&quot;[39m
              [33mtype[39m=[32m&quot;button&quot;[39m
            [36m&gt;[39m
              [36m&lt;svg[39m
                [33maria-hidden[39m=[32m&quot;true&quot;[39m
                [33mclass[39m=[32m&quot;MuiSvgIcon-root MuiSvgIcon-fontSizeMedium css-i4bv87-MuiSvgIcon-root&quot;[39m
                [33mdata-testid[39m=[32m&quot;ViewListIcon&quot;[39m
                [33mfocusable[39m=[32m&quot;false&quot;[39m
                [33mviewBox[39m=[32m&quot;0 0 24 24&quot;[39m
              [36m&gt;[39m
                [36m&lt;path[39m
                  [33md[39m=[32m&quot;M3 14h4v-4H3zm0 5h4v-4H3zM3 9h4V5H3zm5 5h13v-4H8zm0 5h13v-4H8zM8 5v4h13V5z&quot;[39m
                [36m/&gt;[39m
              [36m&lt;/svg&gt;[39m
              [36m&lt;span[39m
                [33mclass[39m=[32m&quot;MuiTouchRipple-root css-8je8zh-MuiTouchRipple-root&quot;[39m
              [36m/&gt;[39m
            [36m&lt;/button&gt;[39m
            [36m&lt;input[39m
              [33mhidden[39m=[32m&quot;&quot;[39m
              [33mtype[39m=[32m&quot;file&quot;[39m
            [36m/&gt;[39m
            [36m&lt;button[39m
              [33mclass[39m=[32m&quot;MuiButtonBase-root MuiButton-root MuiButton-contained MuiButton-containedPrimary MuiButton-sizeMedium MuiButton-containedSizeMedium MuiButton-colorPrimary MuiButton-root MuiButton-contained MuiButton-containedPrimary MuiButton-sizeMedium MuiButton-containedSizeMedium MuiButton-colorPrimary css-sghohy-MuiButtonBase-root-MuiButton-root&quot;[39m
              [33mtabindex[39m=[32m&quot;0&quot;[39m
              [33mtype[39m=[32m&quot;button&quot;[39m
            [36m&gt;[39m
              [36m&lt;span[39m
                [33mclass[39m=[32m&quot;MuiButton-icon MuiButton-startIcon MuiButton-iconSizeMedium css-1d6wzja-MuiButton-startIcon&quot;[39m
              [36m&gt;[39m
                [36m&lt;svg[39m
                  [33maria-hidden[39m=[32m&quot;true&quot;[39m
                  [33mclass[39m=[32m&quot;MuiSvgIcon-root MuiSvgIcon-fontSizeMedium css-i4bv87-MuiSvgIcon-root&quot;[39m
                  [33mdata-testid[39m=[32m&quot;CloudUploadIcon&quot;[39m
                  [33mfocusable[39m=[32m&quot;false&quot;[39m
                  [33mviewBox[39m=[32m&quot;0 0 24 24&quot;[39m
                [36m&gt;[39m
                  [36m&lt;path[39m
                    [33md[39m=[32m&quot;M19.35 10.04C18.67 6.59 15.64 4 12 4 9.11 4 6.6 5.64 5.35 8.04 2.34 8.36 0 10.91 0 14c0 3.31 2.69 6 6 6h13c2.76 0 5-2.24 5-5 0-2.64-2.05-4.78-4.65-4.96M14 13v4h-4v-4H7l5-5 5 5z&quot;[39m
                  [36m/&gt;[39m
                [36m&lt;/svg&gt;[39m
              [36m&lt;/span&gt;[39m
              [0mDosya Yükle[0m
              [36m&lt;span[39m
                [33mclass[39m=[32m&quot;MuiTouchRipple-root css-8je8zh-MuiTouchRipple-root&quot;[39m
              [36m/&gt;[39m
            [36m&lt;/button&gt;[39m
          [36m&lt;/div&gt;[39m
        [36m&lt;/div&gt;[39m
        [36m&lt;div[39m
          [33mclass[39m=[32m&quot;MuiBox-root css-1lwwoo2&quot;[39m
        [36m&gt;[39m
          [36m&lt;div[39m
            [33mclass[39m=[32m&quot;MuiFormControl-root MuiTextField-root css-18bz3y-MuiFormControl-root-MuiTextField-root&quot;[39m
          [36m&gt;[39m
            [36m&lt;div[39m
              [33mclass[39m=[32m&quot;MuiInputBase-root MuiOutlinedInput-root MuiInputBase-colorPrimary MuiInputBase-formControl MuiInputBase-sizeSmall css-9ddj71-MuiInputBase-root-MuiOutlinedInput-root&quot;[39m
            [36m&gt;[39m
              [36m&lt;input[39m
                [33maria-invalid[39m=[32m&quot;false&quot;[39m
                [33mclass[39m=[32m&quot;MuiInputBase-input MuiOutlinedInput-input MuiInputBase-inputSizeSmall css-1n4twyu-MuiInputBase-input-MuiOutlinedInput-input&quot;[39m
                [33mid[39m=[32m&quot;:r29:&quot;[39m
                [33mplaceholder[39m=[32m&quot;Dosya ara...&quot;[39m
                [33mtype[39m=[32m&quot;text&quot;[39m
                [33mvalue[39m=[32m&quot;&quot;[39m
              [36m/&gt;[39m
              [36m&lt;fieldset[39m
                [33maria-hidden[39m=[32m&quot;true&quot;[39m
                [33mclass[39m=[32m&quot;MuiOutlinedInput-notchedOutline css-r01yff-MuiNotchedOutlined-root-MuiOutlinedInput-notchedOutline&quot;[39m
              [36m&gt;[39m
                [36m&lt;legend[39m
                  [33mclass[39m=[32m&quot;css-1whs34k-MuiNotchedOutlined-root&quot;[39m
                [36m&gt;[39m
                  [36m&lt;span[39m
                    [33mclass[39m=[32m&quot;notranslate&quot;[39m
                  [36m&gt;[39m
                    [0m​[0m
                  [36m&lt;/span&gt;[39m
                [36m&lt;/legend&gt;[39m
              [36m&lt;/fieldset&gt;[39m
            [36m&lt;/div&gt;[39m
          [36m&lt;/div&gt;[39m
          [36m&lt;div[39m
            [33mclass[39m=[32m&quot;MuiBox-root css-1i27l4i&quot;[39m
          [36m&gt;[39m
            [36m&lt;div[39m
              [33mclass[39m=[32m&quot;MuiButtonBase-root MuiChip-root MuiChip-filled MuiChip-sizeMedium MuiChip-colorPrimary MuiChip-clickable MuiChip-clickableColorPrimary MuiChip-filledPrimary css-ljcuss-MuiButtonBase-root-MuiChip-root&quot;[39m
              [33mrole[39m=[32m&quot;button&quot;[39m
              [33mtabindex[39m=[32m..." type="TestingLibraryElementError">
TestingLibraryElementError: Unable to find role=&quot;button&quot; and name `/more/i`

Ignored nodes: comments, script, style
&lt;body&gt;
  &lt;div&gt;
    &lt;div
      class=&quot;MuiBox-root css-19kzrtu&quot;
    &gt;
      &lt;div
        class=&quot;MuiBox-root css-v08z5u&quot;
      &gt;
        &lt;h5
          class=&quot;MuiTypography-root MuiTypography-h5 css-bezmlo-MuiTypography-root&quot;
        &gt;
          📁 Dosyalar
        &lt;/h5&gt;
        &lt;div
          class=&quot;MuiBox-root css-1i27l4i&quot;
        &gt;
          &lt;button
            class=&quot;MuiButtonBase-root MuiIconButton-root MuiIconButton-colorPrimary MuiIconButton-sizeMedium css-1kuq5xv-MuiButtonBase-root-MuiIconButton-root&quot;
            tabindex=&quot;0&quot;
            type=&quot;button&quot;
          &gt;
            &lt;svg
              aria-hidden=&quot;true&quot;
              class=&quot;MuiSvgIcon-root MuiSvgIcon-fontSizeMedium css-i4bv87-MuiSvgIcon-root&quot;
              data-testid=&quot;GridViewIcon&quot;
              focusable=&quot;false&quot;
              viewBox=&quot;0 0 24 24&quot;
            &gt;
              &lt;path
                d=&quot;M3 3v8h8V3zm6 6H5V5h4zm-6 4v8h8v-8zm6 6H5v-4h4zm4-16v8h8V3zm6 6h-4V5h4zm-6 4v8h8v-8zm6 6h-4v-4h4z&quot;
                fill-rule=&quot;evenodd&quot;
              /&gt;
            &lt;/svg&gt;
            &lt;span
              class=&quot;MuiTouchRipple-root css-8je8zh-MuiTouchRipple-root&quot;
            /&gt;
          &lt;/button&gt;
          &lt;button
            class=&quot;MuiButtonBase-root MuiIconButton-root MuiIconButton-sizeMedium css-78trlr-MuiButtonBase-root-MuiIconButton-root&quot;
            tabindex=&quot;0&quot;
            type=&quot;button&quot;
          &gt;
            &lt;svg
              aria-hidden=&quot;true&quot;
              class=&quot;MuiSvgIcon-root MuiSvgIcon-fontSizeMedium css-i4bv87-MuiSvgIcon-root&quot;
              data-testid=&quot;ViewListIcon&quot;
              focusable=&quot;false&quot;
              viewBox=&quot;0 0 24 24&quot;
            &gt;
              &lt;path
                d=&quot;M3 14h4v-4H3zm0 5h4v-4H3zM3 9h4V5H3zm5 5h13v-4H8zm0 5h13v-4H8zM8 5v4h13V5z&quot;
              /&gt;
            &lt;/svg&gt;
            &lt;span
              class=&quot;MuiTouchRipple-root css-8je8zh-MuiTouchRipple-root&quot;
            /&gt;
          &lt;/button&gt;
          &lt;input
            hidden=&quot;&quot;
            type=&quot;file&quot;
          /&gt;
          &lt;button
            class=&quot;MuiButtonBase-root MuiButton-root MuiButton-contained MuiButton-containedPrimary MuiButton-sizeMedium MuiButton-containedSizeMedium MuiButton-colorPrimary MuiButton-root MuiButton-contained MuiButton-containedPrimary MuiButton-sizeMedium MuiButton-containedSizeMedium MuiButton-colorPrimary css-sghohy-MuiButtonBase-root-MuiButton-root&quot;
            tabindex=&quot;0&quot;
            type=&quot;button&quot;
          &gt;
            &lt;span
              class=&quot;MuiButton-icon MuiButton-startIcon MuiButton-iconSizeMedium css-1d6wzja-MuiButton-startIcon&quot;
            &gt;
              &lt;svg
                aria-hidden=&quot;true&quot;
                class=&quot;MuiSvgIcon-root MuiSvgIcon-fontSizeMedium css-i4bv87-MuiSvgIcon-root&quot;
                data-testid=&quot;CloudUploadIcon&quot;
                focusable=&quot;false&quot;
                viewBox=&quot;0 0 24 24&quot;
              &gt;
                &lt;path
                  d=&quot;M19.35 10.04C18.67 6.59 15.64 4 12 4 9.11 4 6.6 5.64 5.35 8.04 2.34 8.36 0 10.91 0 14c0 3.31 2.69 6 6 6h13c2.76 0 5-2.24 5-5 0-2.64-2.05-4.78-4.65-4.96M14 13v4h-4v-4H7l5-5 5 5z&quot;
                /&gt;
              &lt;/svg&gt;
            &lt;/span&gt;
            Dosya Yükle
            &lt;span
              class=&quot;MuiTouchRipple-root css-8je8zh-MuiTouchRipple-root&quot;
            /&gt;
          &lt;/button&gt;
        &lt;/div&gt;
      &lt;/div&gt;
      &lt;div
        class=&quot;MuiBox-root css-1lwwoo2&quot;
      &gt;
        &lt;div
          class=&quot;MuiFormControl-root MuiTextField-root css-18bz3y-MuiFormControl-root-MuiTextField-root&quot;
        &gt;
          &lt;div
            class=&quot;MuiInputBase-root MuiOutlinedInput-root MuiInputBase-colorPrimary MuiInputBase-formControl MuiInputBase-sizeSmall css-9ddj71-MuiInputBase-root-MuiOutlinedInput-root&quot;
          &gt;
            &lt;input
              aria-invalid=&quot;false&quot;
              class=&quot;MuiInputBase-input MuiOutlinedInput-input MuiInputBase-inputSizeSmall css-1n4twyu-MuiInputBase-input-MuiOutlinedInput-input&quot;
              id=&quot;:r29:&quot;
              placeholder=&quot;Dosya ara...&quot;
              type=&quot;text&quot;
              value=&quot;&quot;
            /&gt;
            &lt;fieldset
              aria-hidden=&quot;true&quot;
              class=&quot;MuiOutlinedInput-notchedOutline css-r01yff-MuiNotchedOutlined-root-MuiOutlinedInput-notchedOutline&quot;
            &gt;
              &lt;legend
                class=&quot;css-1whs34k-MuiNotchedOutlined-root&quot;
              &gt;
                &lt;span
                  class=&quot;notranslate&quot;
                &gt;
                  ​
                &lt;/span&gt;
              &lt;/legend&gt;
            &lt;/fieldset&gt;
          &lt;/div&gt;
        &lt;/div&gt;
        &lt;div
          class=&quot;MuiBox-root css-1i27l4i&quot;
        &gt;
          &lt;div
            class=&quot;MuiButtonBase-root MuiChip-root MuiChip-filled MuiChip-sizeMedium MuiChip-colorPrimary MuiChip-clickable MuiChip-clickableColorPrimary MuiChip-filledPrimary css-ljcuss-MuiButtonBase-root-MuiChip-root&quot;
            role=&quot;button&quot;
            tabindex=&quot;0&quot;
          &gt;
            &lt;span
              class=&quot;MuiChip-label MuiChip-labelMedium css-6od3lo-MuiChip-label&quot;
            &gt;
              Tümü
            &lt;/span&gt;
            &lt;span
              class...

Ignored nodes: comments, script, style
&lt;html&gt;
  &lt;head /&gt;
  &lt;body&gt;
    &lt;div&gt;
      &lt;div
        class=&quot;MuiBox-root css-19kzrtu&quot;
      &gt;
        &lt;div
          class=&quot;MuiBox-root css-v08z5u&quot;
        &gt;
          &lt;h5
            class=&quot;MuiTypography-root MuiTypography-h5 css-bezmlo-MuiTypography-root&quot;
          &gt;
            📁 Dosyalar
          &lt;/h5&gt;
          &lt;div
            class=&quot;MuiBox-root css-1i27l4i&quot;
          &gt;
            &lt;button
              class=&quot;MuiButtonBase-root MuiIconButton-root MuiIconButton-colorPrimary MuiIconButton-sizeMedium css-1kuq5xv-MuiButtonBase-root-MuiIconButton-root&quot;
              tabindex=&quot;0&quot;
              type=&quot;button&quot;
            &gt;
              &lt;svg
                aria-hidden=&quot;true&quot;
                class=&quot;MuiSvgIcon-root MuiSvgIcon-fontSizeMedium css-i4bv87-MuiSvgIcon-root&quot;
                data-testid=&quot;GridViewIcon&quot;
                focusable=&quot;false&quot;
                viewBox=&quot;0 0 24 24&quot;
              &gt;
                &lt;path
                  d=&quot;M3 3v8h8V3zm6 6H5V5h4zm-6 4v8h8v-8zm6 6H5v-4h4zm4-16v8h8V3zm6 6h-4V5h4zm-6 4v8h8v-8zm6 6h-4v-4h4z&quot;
                  fill-rule=&quot;evenodd&quot;
                /&gt;
              &lt;/svg&gt;
              &lt;span
                class=&quot;MuiTouchRipple-root css-8je8zh-MuiTouchRipple-root&quot;
              /&gt;
            &lt;/button&gt;
            &lt;button
              class=&quot;MuiButtonBase-root MuiIconButton-root MuiIconButton-sizeMedium css-78trlr-MuiButtonBase-root-MuiIconButton-root&quot;
              tabindex=&quot;0&quot;
              type=&quot;button&quot;
            &gt;
              &lt;svg
                aria-hidden=&quot;true&quot;
                class=&quot;MuiSvgIcon-root MuiSvgIcon-fontSizeMedium css-i4bv87-MuiSvgIcon-root&quot;
                data-testid=&quot;ViewListIcon&quot;
                focusable=&quot;false&quot;
                viewBox=&quot;0 0 24 24&quot;
              &gt;
                &lt;path
                  d=&quot;M3 14h4v-4H3zm0 5h4v-4H3zM3 9h4V5H3zm5 5h13v-4H8zm0 5h13v-4H8zM8 5v4h13V5z&quot;
                /&gt;
              &lt;/svg&gt;
              &lt;span
                class=&quot;MuiTouchRipple-root css-8je8zh-MuiTouchRipple-root&quot;
              /&gt;
            &lt;/button&gt;
            &lt;input
              hidden=&quot;&quot;
              type=&quot;file&quot;
            /&gt;
            &lt;button
              class=&quot;MuiButtonBase-root MuiButton-root MuiButton-contained MuiButton-containedPrimary MuiButton-sizeMedium MuiButton-containedSizeMedium MuiButton-colorPrimary MuiButton-root MuiButton-contained MuiButton-containedPrimary MuiButton-sizeMedium MuiButton-containedSizeMedium MuiButton-colorPrimary css-sghohy-MuiButtonBase-root-MuiButton-root&quot;
              tabindex=&quot;0&quot;
              type=&quot;button&quot;
            &gt;
              &lt;span
                class=&quot;MuiButton-icon MuiButton-startIcon MuiButton-iconSizeMedium css-1d6wzja-MuiButton-startIcon&quot;
              &gt;
                &lt;svg
                  aria-hidden=&quot;true&quot;
                  class=&quot;MuiSvgIcon-root MuiSvgIcon-fontSizeMedium css-i4bv87-MuiSvgIcon-root&quot;
                  data-testid=&quot;CloudUploadIcon&quot;
                  focusable=&quot;false&quot;
                  viewBox=&quot;0 0 24 24&quot;
                &gt;
                  &lt;path
                    d=&quot;M19.35 10.04C18.67 6.59 15.64 4 12 4 9.11 4 6.6 5.64 5.35 8.04 2.34 8.36 0 10.91 0 14c0 3.31 2.69 6 6 6h13c2.76 0 5-2.24 5-5 0-2.64-2.05-4.78-4.65-4.96M14 13v4h-4v-4H7l5-5 5 5z&quot;
                  /&gt;
                &lt;/svg&gt;
              &lt;/span&gt;
              Dosya Yükle
              &lt;span
                class=&quot;MuiTouchRipple-root css-8je8zh-MuiTouchRipple-root&quot;
              /&gt;
            &lt;/button&gt;
          &lt;/div&gt;
        &lt;/div&gt;
        &lt;div
          class=&quot;MuiBox-root css-1lwwoo2&quot;
        &gt;
          &lt;div
            class=&quot;MuiFormControl-root MuiTextField-root css-18bz3y-MuiFormControl-root-MuiTextField-root&quot;
          &gt;
            &lt;div
              class=&quot;MuiInputBase-root MuiOutlinedInput-root MuiInputBase-colorPrimary MuiInputBase-formControl MuiInputBase-sizeSmall css-9ddj71-MuiInputBase-root-MuiOutlinedInput-root&quot;
            &gt;
              &lt;input
                aria-invalid=&quot;false&quot;
                class=&quot;MuiInputBase-input MuiOutlinedInput-input MuiInputBase-inputSizeSmall css-1n4twyu-MuiInputBase-input-MuiOutlinedInput-input&quot;
                id=&quot;:r29:&quot;
                placeholder=&quot;Dosya ara...&quot;
                type=&quot;text&quot;
                value=&quot;&quot;
              /&gt;
              &lt;fieldset
                aria-hidden=&quot;true&quot;
                class=&quot;MuiOutlinedInput-notchedOutline css-r01yff-MuiNotchedOutlined-root-MuiOutlinedInput-notchedOutline&quot;
              &gt;
                &lt;legend
                  class=&quot;css-1whs34k-MuiNotchedOutlined-root&quot;
                &gt;
                  &lt;span
                    class=&quot;notranslate&quot;
                  &gt;
                    ​
                  &lt;/span&gt;
                &lt;/legend&gt;
              &lt;/fieldset&gt;
            &lt;/div&gt;
          &lt;/div&gt;
          &lt;div
            class=&quot;MuiBox-root css-1i27l4i&quot;
          &gt;
            &lt;div
              class=&quot;MuiButtonBase-root MuiChip-root MuiChip-filled MuiChip-sizeMedium MuiChip-colorPrimary MuiChip-clickable MuiChip-clickableColorPrimary MuiChip-filledPrimary css-ljcuss-MuiButtonBase-root-MuiChip-root&quot;
              role=&quot;button&quot;
              tabindex=...
 ❯ Proxy.waitForWrapper node_modules/@testing-library/react/node_modules/@testing-library/dom/dist/wait-for.js:163:27
 ❯ src/components/StudyRooms/__tests__/FileManager.test.tsx:326:13
            </failure>
        </testcase>
        <testcase classname="src/components/StudyRooms/__tests__/FileManager.test.tsx" name="FileManager Component &gt; File Information &gt; closes info dialog when close button is clicked" time="3.9750868">
            <failure message="Unable to find role=&quot;button&quot; and name `/more/i`

Ignored nodes: comments, script, style
[36m&lt;body&gt;[39m
  [36m&lt;div&gt;[39m
    [36m&lt;div[39m
      [33mclass[39m=[32m&quot;MuiBox-root css-19kzrtu&quot;[39m
    [36m&gt;[39m
      [36m&lt;div[39m
        [33mclass[39m=[32m&quot;MuiBox-root css-v08z5u&quot;[39m
      [36m&gt;[39m
        [36m&lt;h5[39m
          [33mclass[39m=[32m&quot;MuiTypography-root MuiTypography-h5 css-bezmlo-MuiTypography-root&quot;[39m
        [36m&gt;[39m
          [0m📁 Dosyalar[0m
        [36m&lt;/h5&gt;[39m
        [36m&lt;div[39m
          [33mclass[39m=[32m&quot;MuiBox-root css-1i27l4i&quot;[39m
        [36m&gt;[39m
          [36m&lt;button[39m
            [33mclass[39m=[32m&quot;MuiButtonBase-root MuiIconButton-root MuiIconButton-colorPrimary MuiIconButton-sizeMedium css-1kuq5xv-MuiButtonBase-root-MuiIconButton-root&quot;[39m
            [33mtabindex[39m=[32m&quot;0&quot;[39m
            [33mtype[39m=[32m&quot;button&quot;[39m
          [36m&gt;[39m
            [36m&lt;svg[39m
              [33maria-hidden[39m=[32m&quot;true&quot;[39m
              [33mclass[39m=[32m&quot;MuiSvgIcon-root MuiSvgIcon-fontSizeMedium css-i4bv87-MuiSvgIcon-root&quot;[39m
              [33mdata-testid[39m=[32m&quot;GridViewIcon&quot;[39m
              [33mfocusable[39m=[32m&quot;false&quot;[39m
              [33mviewBox[39m=[32m&quot;0 0 24 24&quot;[39m
            [36m&gt;[39m
              [36m&lt;path[39m
                [33md[39m=[32m&quot;M3 3v8h8V3zm6 6H5V5h4zm-6 4v8h8v-8zm6 6H5v-4h4zm4-16v8h8V3zm6 6h-4V5h4zm-6 4v8h8v-8zm6 6h-4v-4h4z&quot;[39m
                [33mfill-rule[39m=[32m&quot;evenodd&quot;[39m
              [36m/&gt;[39m
            [36m&lt;/svg&gt;[39m
            [36m&lt;span[39m
              [33mclass[39m=[32m&quot;MuiTouchRipple-root css-8je8zh-MuiTouchRipple-root&quot;[39m
            [36m/&gt;[39m
          [36m&lt;/button&gt;[39m
          [36m&lt;button[39m
            [33mclass[39m=[32m&quot;MuiButtonBase-root MuiIconButton-root MuiIconButton-sizeMedium css-78trlr-MuiButtonBase-root-MuiIconButton-root&quot;[39m
            [33mtabindex[39m=[32m&quot;0&quot;[39m
            [33mtype[39m=[32m&quot;button&quot;[39m
          [36m&gt;[39m
            [36m&lt;svg[39m
              [33maria-hidden[39m=[32m&quot;true&quot;[39m
              [33mclass[39m=[32m&quot;MuiSvgIcon-root MuiSvgIcon-fontSizeMedium css-i4bv87-MuiSvgIcon-root&quot;[39m
              [33mdata-testid[39m=[32m&quot;ViewListIcon&quot;[39m
              [33mfocusable[39m=[32m&quot;false&quot;[39m
              [33mviewBox[39m=[32m&quot;0 0 24 24&quot;[39m
            [36m&gt;[39m
              [36m&lt;path[39m
                [33md[39m=[32m&quot;M3 14h4v-4H3zm0 5h4v-4H3zM3 9h4V5H3zm5 5h13v-4H8zm0 5h13v-4H8zM8 5v4h13V5z&quot;[39m
              [36m/&gt;[39m
            [36m&lt;/svg&gt;[39m
            [36m&lt;span[39m
              [33mclass[39m=[32m&quot;MuiTouchRipple-root css-8je8zh-MuiTouchRipple-root&quot;[39m
            [36m/&gt;[39m
          [36m&lt;/button&gt;[39m
          [36m&lt;input[39m
            [33mhidden[39m=[32m&quot;&quot;[39m
            [33mtype[39m=[32m&quot;file&quot;[39m
          [36m/&gt;[39m
          [36m&lt;button[39m
            [33mclass[39m=[32m&quot;MuiButtonBase-root MuiButton-root MuiButton-contained MuiButton-containedPrimary MuiButton-sizeMedium MuiButton-containedSizeMedium MuiButton-colorPrimary MuiButton-root MuiButton-contained MuiButton-containedPrimary MuiButton-sizeMedium MuiButton-containedSizeMedium MuiButton-colorPrimary css-sghohy-MuiButtonBase-root-MuiButton-root&quot;[39m
            [33mtabindex[39m=[32m&quot;0&quot;[39m
            [33mtype[39m=[32m&quot;button&quot;[39m
          [36m&gt;[39m
            [36m&lt;span[39m
              [33mclass[39m=[32m&quot;MuiButton-icon MuiButton-startIcon MuiButton-iconSizeMedium css-1d6wzja-MuiButton-startIcon&quot;[39m
            [36m&gt;[39m
              [36m&lt;svg[39m
                [33maria-hidden[39m=[32m&quot;true&quot;[39m
                [33mclass[39m=[32m&quot;MuiSvgIcon-root MuiSvgIcon-fontSizeMedium css-i4bv87-MuiSvgIcon-root&quot;[39m
                [33mdata-testid[39m=[32m&quot;CloudUploadIcon&quot;[39m
                [33mfocusable[39m=[32m&quot;false&quot;[39m
                [33mviewBox[39m=[32m&quot;0 0 24 24&quot;[39m
              [36m&gt;[39m
                [36m&lt;path[39m
                  [33md[39m=[32m&quot;M19.35 10.04C18.67 6.59 15.64 4 12 4 9.11 4 6.6 5.64 5.35 8.04 2.34 8.36 0 10.91 0 14c0 3.31 2.69 6 6 6h13c2.76 0 5-2.24 5-5 0-2.64-2.05-4.78-4.65-4.96M14 13v4h-4v-4H7l5-5 5 5z&quot;[39m
                [36m/&gt;[39m
              [36m&lt;/svg&gt;[39m
            [36m&lt;/span&gt;[39m
            [0mDosya Yükle[0m
            [36m&lt;span[39m
              [33mclass[39m=[32m&quot;MuiTouchRipple-root css-8je8zh-MuiTouchRipple-root&quot;[39m
            [36m/&gt;[39m
          [36m&lt;/button&gt;[39m
        [36m&lt;/div&gt;[39m
      [36m&lt;/div&gt;[39m
      [36m&lt;div[39m
        [33mclass[39m=[32m&quot;MuiBox-root css-1lwwoo2&quot;[39m
      [36m&gt;[39m
        [36m&lt;div[39m
          [33mclass[39m=[32m&quot;MuiFormControl-root MuiTextField-root css-18bz3y-MuiFormControl-root-MuiTextField-root&quot;[39m
        [36m&gt;[39m
          [36m&lt;div[39m
            [33mclass[39m=[32m&quot;MuiInputBase-root MuiOutlinedInput-root MuiInputBase-colorPrimary MuiInputBase-formControl MuiInputBase-sizeSmall css-9ddj71-MuiInputBase-root-MuiOutlinedInput-root&quot;[39m
          [36m&gt;[39m
            [36m&lt;input[39m
              [33maria-invalid[39m=[32m&quot;false&quot;[39m
              [33mclass[39m=[32m&quot;MuiInputBase-input MuiOutlinedInput-input MuiInputBase-inputSizeSmall css-1n4twyu-MuiInputBase-input-MuiOutlinedInput-input&quot;[39m
              [33mid[39m=[32m&quot;:r2e:&quot;[39m
              [33mplaceholder[39m=[32m&quot;Dosya ara...&quot;[39m
              [33mtype[39m=[32m&quot;text&quot;[39m
              [33mvalue[39m=[32m&quot;&quot;[39m
            [36m/&gt;[39m
            [36m&lt;fieldset[39m
              [33maria-hidden[39m=[32m&quot;true&quot;[39m
              [33mclass[39m=[32m&quot;MuiOutlinedInput-notchedOutline css-r01yff-MuiNotchedOutlined-root-MuiOutlinedInput-notchedOutline&quot;[39m
            [36m&gt;[39m
              [36m&lt;legend[39m
                [33mclass[39m=[32m&quot;css-1whs34k-MuiNotchedOutlined-root&quot;[39m
              [36m&gt;[39m
                [36m&lt;span[39m
                  [33mclass[39m=[32m&quot;notranslate&quot;[39m
                [36m&gt;[39m
                  [0m​[0m
                [36m&lt;/span&gt;[39m
              [36m&lt;/legend&gt;[39m
            [36m&lt;/fieldset&gt;[39m
          [36m&lt;/div&gt;[39m
        [36m&lt;/div&gt;[39m
        [36m&lt;div[39m
          [33mclass[39m=[32m&quot;MuiBox-root css-1i27l4i&quot;[39m
        [36m&gt;[39m
          [36m&lt;div[39m
            [33mclass[39m=[32m&quot;MuiButtonBase-root MuiChip-root MuiChip-filled MuiChip-sizeMedium MuiChip-colorPrimary MuiChip-clickable MuiChip-clickableColorPrimary MuiChip-filledPrimary css-ljcuss-MuiButtonBase-root-MuiChip-root&quot;[39m
            [33mrole[39m=[32m&quot;button&quot;[39m
            [33mtabindex[39m=[32m&quot;0&quot;[39m
          [36m&gt;[39m
            [36m&lt;span[39m
              [33mclass[39m=[32m&quot;MuiChip-label MuiChip-labelMedium css-6od3lo-MuiChip-label&quot;[39m
            [36m&gt;[39m
              [0mTümü[0m
            [36m&lt;/span&gt;[39m
            [36m&lt;span[39m
              [33mclass...

Ignored nodes: comments, script, style
[36m&lt;html&gt;[39m
  [36m&lt;head /&gt;[39m
  [36m&lt;body&gt;[39m
    [36m&lt;div&gt;[39m
      [36m&lt;div[39m
        [33mclass[39m=[32m&quot;MuiBox-root css-19kzrtu&quot;[39m
      [36m&gt;[39m
        [36m&lt;div[39m
          [33mclass[39m=[32m&quot;MuiBox-root css-v08z5u&quot;[39m
        [36m&gt;[39m
          [36m&lt;h5[39m
            [33mclass[39m=[32m&quot;MuiTypography-root MuiTypography-h5 css-bezmlo-MuiTypography-root&quot;[39m
          [36m&gt;[39m
            [0m📁 Dosyalar[0m
          [36m&lt;/h5&gt;[39m
          [36m&lt;div[39m
            [33mclass[39m=[32m&quot;MuiBox-root css-1i27l4i&quot;[39m
          [36m&gt;[39m
            [36m&lt;button[39m
              [33mclass[39m=[32m&quot;MuiButtonBase-root MuiIconButton-root MuiIconButton-colorPrimary MuiIconButton-sizeMedium css-1kuq5xv-MuiButtonBase-root-MuiIconButton-root&quot;[39m
              [33mtabindex[39m=[32m&quot;0&quot;[39m
              [33mtype[39m=[32m&quot;button&quot;[39m
            [36m&gt;[39m
              [36m&lt;svg[39m
                [33maria-hidden[39m=[32m&quot;true&quot;[39m
                [33mclass[39m=[32m&quot;MuiSvgIcon-root MuiSvgIcon-fontSizeMedium css-i4bv87-MuiSvgIcon-root&quot;[39m
                [33mdata-testid[39m=[32m&quot;GridViewIcon&quot;[39m
                [33mfocusable[39m=[32m&quot;false&quot;[39m
                [33mviewBox[39m=[32m&quot;0 0 24 24&quot;[39m
              [36m&gt;[39m
                [36m&lt;path[39m
                  [33md[39m=[32m&quot;M3 3v8h8V3zm6 6H5V5h4zm-6 4v8h8v-8zm6 6H5v-4h4zm4-16v8h8V3zm6 6h-4V5h4zm-6 4v8h8v-8zm6 6h-4v-4h4z&quot;[39m
                  [33mfill-rule[39m=[32m&quot;evenodd&quot;[39m
                [36m/&gt;[39m
              [36m&lt;/svg&gt;[39m
              [36m&lt;span[39m
                [33mclass[39m=[32m&quot;MuiTouchRipple-root css-8je8zh-MuiTouchRipple-root&quot;[39m
              [36m/&gt;[39m
            [36m&lt;/button&gt;[39m
            [36m&lt;button[39m
              [33mclass[39m=[32m&quot;MuiButtonBase-root MuiIconButton-root MuiIconButton-sizeMedium css-78trlr-MuiButtonBase-root-MuiIconButton-root&quot;[39m
              [33mtabindex[39m=[32m&quot;0&quot;[39m
              [33mtype[39m=[32m&quot;button&quot;[39m
            [36m&gt;[39m
              [36m&lt;svg[39m
                [33maria-hidden[39m=[32m&quot;true&quot;[39m
                [33mclass[39m=[32m&quot;MuiSvgIcon-root MuiSvgIcon-fontSizeMedium css-i4bv87-MuiSvgIcon-root&quot;[39m
                [33mdata-testid[39m=[32m&quot;ViewListIcon&quot;[39m
                [33mfocusable[39m=[32m&quot;false&quot;[39m
                [33mviewBox[39m=[32m&quot;0 0 24 24&quot;[39m
              [36m&gt;[39m
                [36m&lt;path[39m
                  [33md[39m=[32m&quot;M3 14h4v-4H3zm0 5h4v-4H3zM3 9h4V5H3zm5 5h13v-4H8zm0 5h13v-4H8zM8 5v4h13V5z&quot;[39m
                [36m/&gt;[39m
              [36m&lt;/svg&gt;[39m
              [36m&lt;span[39m
                [33mclass[39m=[32m&quot;MuiTouchRipple-root css-8je8zh-MuiTouchRipple-root&quot;[39m
              [36m/&gt;[39m
            [36m&lt;/button&gt;[39m
            [36m&lt;input[39m
              [33mhidden[39m=[32m&quot;&quot;[39m
              [33mtype[39m=[32m&quot;file&quot;[39m
            [36m/&gt;[39m
            [36m&lt;button[39m
              [33mclass[39m=[32m&quot;MuiButtonBase-root MuiButton-root MuiButton-contained MuiButton-containedPrimary MuiButton-sizeMedium MuiButton-containedSizeMedium MuiButton-colorPrimary MuiButton-root MuiButton-contained MuiButton-containedPrimary MuiButton-sizeMedium MuiButton-containedSizeMedium MuiButton-colorPrimary css-sghohy-MuiButtonBase-root-MuiButton-root&quot;[39m
              [33mtabindex[39m=[32m&quot;0&quot;[39m
              [33mtype[39m=[32m&quot;button&quot;[39m
            [36m&gt;[39m
              [36m&lt;span[39m
                [33mclass[39m=[32m&quot;MuiButton-icon MuiButton-startIcon MuiButton-iconSizeMedium css-1d6wzja-MuiButton-startIcon&quot;[39m
              [36m&gt;[39m
                [36m&lt;svg[39m
                  [33maria-hidden[39m=[32m&quot;true&quot;[39m
                  [33mclass[39m=[32m&quot;MuiSvgIcon-root MuiSvgIcon-fontSizeMedium css-i4bv87-MuiSvgIcon-root&quot;[39m
                  [33mdata-testid[39m=[32m&quot;CloudUploadIcon&quot;[39m
                  [33mfocusable[39m=[32m&quot;false&quot;[39m
                  [33mviewBox[39m=[32m&quot;0 0 24 24&quot;[39m
                [36m&gt;[39m
                  [36m&lt;path[39m
                    [33md[39m=[32m&quot;M19.35 10.04C18.67 6.59 15.64 4 12 4 9.11 4 6.6 5.64 5.35 8.04 2.34 8.36 0 10.91 0 14c0 3.31 2.69 6 6 6h13c2.76 0 5-2.24 5-5 0-2.64-2.05-4.78-4.65-4.96M14 13v4h-4v-4H7l5-5 5 5z&quot;[39m
                  [36m/&gt;[39m
                [36m&lt;/svg&gt;[39m
              [36m&lt;/span&gt;[39m
              [0mDosya Yükle[0m
              [36m&lt;span[39m
                [33mclass[39m=[32m&quot;MuiTouchRipple-root css-8je8zh-MuiTouchRipple-root&quot;[39m
              [36m/&gt;[39m
            [36m&lt;/button&gt;[39m
          [36m&lt;/div&gt;[39m
        [36m&lt;/div&gt;[39m
        [36m&lt;div[39m
          [33mclass[39m=[32m&quot;MuiBox-root css-1lwwoo2&quot;[39m
        [36m&gt;[39m
          [36m&lt;div[39m
            [33mclass[39m=[32m&quot;MuiFormControl-root MuiTextField-root css-18bz3y-MuiFormControl-root-MuiTextField-root&quot;[39m
          [36m&gt;[39m
            [36m&lt;div[39m
              [33mclass[39m=[32m&quot;MuiInputBase-root MuiOutlinedInput-root MuiInputBase-colorPrimary MuiInputBase-formControl MuiInputBase-sizeSmall css-9ddj71-MuiInputBase-root-MuiOutlinedInput-root&quot;[39m
            [36m&gt;[39m
              [36m&lt;input[39m
                [33maria-invalid[39m=[32m&quot;false&quot;[39m
                [33mclass[39m=[32m&quot;MuiInputBase-input MuiOutlinedInput-input MuiInputBase-inputSizeSmall css-1n4twyu-MuiInputBase-input-MuiOutlinedInput-input&quot;[39m
                [33mid[39m=[32m&quot;:r2e:&quot;[39m
                [33mplaceholder[39m=[32m&quot;Dosya ara...&quot;[39m
                [33mtype[39m=[32m&quot;text&quot;[39m
                [33mvalue[39m=[32m&quot;&quot;[39m
              [36m/&gt;[39m
              [36m&lt;fieldset[39m
                [33maria-hidden[39m=[32m&quot;true&quot;[39m
                [33mclass[39m=[32m&quot;MuiOutlinedInput-notchedOutline css-r01yff-MuiNotchedOutlined-root-MuiOutlinedInput-notchedOutline&quot;[39m
              [36m&gt;[39m
                [36m&lt;legend[39m
                  [33mclass[39m=[32m&quot;css-1whs34k-MuiNotchedOutlined-root&quot;[39m
                [36m&gt;[39m
                  [36m&lt;span[39m
                    [33mclass[39m=[32m&quot;notranslate&quot;[39m
                  [36m&gt;[39m
                    [0m​[0m
                  [36m&lt;/span&gt;[39m
                [36m&lt;/legend&gt;[39m
              [36m&lt;/fieldset&gt;[39m
            [36m&lt;/div&gt;[39m
          [36m&lt;/div&gt;[39m
          [36m&lt;div[39m
            [33mclass[39m=[32m&quot;MuiBox-root css-1i27l4i&quot;[39m
          [36m&gt;[39m
            [36m&lt;div[39m
              [33mclass[39m=[32m&quot;MuiButtonBase-root MuiChip-root MuiChip-filled MuiChip-sizeMedium MuiChip-colorPrimary MuiChip-clickable MuiChip-clickableColorPrimary MuiChip-filledPrimary css-ljcuss-MuiButtonBase-root-MuiChip-root&quot;[39m
              [33mrole[39m=[32m&quot;button&quot;[39m
              [33mtabindex[39m=[32m..." type="TestingLibraryElementError">
TestingLibraryElementError: Unable to find role=&quot;button&quot; and name `/more/i`

Ignored nodes: comments, script, style
&lt;body&gt;
  &lt;div&gt;
    &lt;div
      class=&quot;MuiBox-root css-19kzrtu&quot;
    &gt;
      &lt;div
        class=&quot;MuiBox-root css-v08z5u&quot;
      &gt;
        &lt;h5
          class=&quot;MuiTypography-root MuiTypography-h5 css-bezmlo-MuiTypography-root&quot;
        &gt;
          📁 Dosyalar
        &lt;/h5&gt;
        &lt;div
          class=&quot;MuiBox-root css-1i27l4i&quot;
        &gt;
          &lt;button
            class=&quot;MuiButtonBase-root MuiIconButton-root MuiIconButton-colorPrimary MuiIconButton-sizeMedium css-1kuq5xv-MuiButtonBase-root-MuiIconButton-root&quot;
            tabindex=&quot;0&quot;
            type=&quot;button&quot;
          &gt;
            &lt;svg
              aria-hidden=&quot;true&quot;
              class=&quot;MuiSvgIcon-root MuiSvgIcon-fontSizeMedium css-i4bv87-MuiSvgIcon-root&quot;
              data-testid=&quot;GridViewIcon&quot;
              focusable=&quot;false&quot;
              viewBox=&quot;0 0 24 24&quot;
            &gt;
              &lt;path
                d=&quot;M3 3v8h8V3zm6 6H5V5h4zm-6 4v8h8v-8zm6 6H5v-4h4zm4-16v8h8V3zm6 6h-4V5h4zm-6 4v8h8v-8zm6 6h-4v-4h4z&quot;
                fill-rule=&quot;evenodd&quot;
              /&gt;
            &lt;/svg&gt;
            &lt;span
              class=&quot;MuiTouchRipple-root css-8je8zh-MuiTouchRipple-root&quot;
            /&gt;
          &lt;/button&gt;
          &lt;button
            class=&quot;MuiButtonBase-root MuiIconButton-root MuiIconButton-sizeMedium css-78trlr-MuiButtonBase-root-MuiIconButton-root&quot;
            tabindex=&quot;0&quot;
            type=&quot;button&quot;
          &gt;
            &lt;svg
              aria-hidden=&quot;true&quot;
              class=&quot;MuiSvgIcon-root MuiSvgIcon-fontSizeMedium css-i4bv87-MuiSvgIcon-root&quot;
              data-testid=&quot;ViewListIcon&quot;
              focusable=&quot;false&quot;
              viewBox=&quot;0 0 24 24&quot;
            &gt;
              &lt;path
                d=&quot;M3 14h4v-4H3zm0 5h4v-4H3zM3 9h4V5H3zm5 5h13v-4H8zm0 5h13v-4H8zM8 5v4h13V5z&quot;
              /&gt;
            &lt;/svg&gt;
            &lt;span
              class=&quot;MuiTouchRipple-root css-8je8zh-MuiTouchRipple-root&quot;
            /&gt;
          &lt;/button&gt;
          &lt;input
            hidden=&quot;&quot;
            type=&quot;file&quot;
          /&gt;
          &lt;button
            class=&quot;MuiButtonBase-root MuiButton-root MuiButton-contained MuiButton-containedPrimary MuiButton-sizeMedium MuiButton-containedSizeMedium MuiButton-colorPrimary MuiButton-root MuiButton-contained MuiButton-containedPrimary MuiButton-sizeMedium MuiButton-containedSizeMedium MuiButton-colorPrimary css-sghohy-MuiButtonBase-root-MuiButton-root&quot;
            tabindex=&quot;0&quot;
            type=&quot;button&quot;
          &gt;
            &lt;span
              class=&quot;MuiButton-icon MuiButton-startIcon MuiButton-iconSizeMedium css-1d6wzja-MuiButton-startIcon&quot;
            &gt;
              &lt;svg
                aria-hidden=&quot;true&quot;
                class=&quot;MuiSvgIcon-root MuiSvgIcon-fontSizeMedium css-i4bv87-MuiSvgIcon-root&quot;
                data-testid=&quot;CloudUploadIcon&quot;
                focusable=&quot;false&quot;
                viewBox=&quot;0 0 24 24&quot;
              &gt;
                &lt;path
                  d=&quot;M19.35 10.04C18.67 6.59 15.64 4 12 4 9.11 4 6.6 5.64 5.35 8.04 2.34 8.36 0 10.91 0 14c0 3.31 2.69 6 6 6h13c2.76 0 5-2.24 5-5 0-2.64-2.05-4.78-4.65-4.96M14 13v4h-4v-4H7l5-5 5 5z&quot;
                /&gt;
              &lt;/svg&gt;
            &lt;/span&gt;
            Dosya Yükle
            &lt;span
              class=&quot;MuiTouchRipple-root css-8je8zh-MuiTouchRipple-root&quot;
            /&gt;
          &lt;/button&gt;
        &lt;/div&gt;
      &lt;/div&gt;
      &lt;div
        class=&quot;MuiBox-root css-1lwwoo2&quot;
      &gt;
        &lt;div
          class=&quot;MuiFormControl-root MuiTextField-root css-18bz3y-MuiFormControl-root-MuiTextField-root&quot;
        &gt;
          &lt;div
            class=&quot;MuiInputBase-root MuiOutlinedInput-root MuiInputBase-colorPrimary MuiInputBase-formControl MuiInputBase-sizeSmall css-9ddj71-MuiInputBase-root-MuiOutlinedInput-root&quot;
          &gt;
            &lt;input
              aria-invalid=&quot;false&quot;
              class=&quot;MuiInputBase-input MuiOutlinedInput-input MuiInputBase-inputSizeSmall css-1n4twyu-MuiInputBase-input-MuiOutlinedInput-input&quot;
              id=&quot;:r2e:&quot;
              placeholder=&quot;Dosya ara...&quot;
              type=&quot;text&quot;
              value=&quot;&quot;
            /&gt;
            &lt;fieldset
              aria-hidden=&quot;true&quot;
              class=&quot;MuiOutlinedInput-notchedOutline css-r01yff-MuiNotchedOutlined-root-MuiOutlinedInput-notchedOutline&quot;
            &gt;
              &lt;legend
                class=&quot;css-1whs34k-MuiNotchedOutlined-root&quot;
              &gt;
                &lt;span
                  class=&quot;notranslate&quot;
                &gt;
                  ​
                &lt;/span&gt;
              &lt;/legend&gt;
            &lt;/fieldset&gt;
          &lt;/div&gt;
        &lt;/div&gt;
        &lt;div
          class=&quot;MuiBox-root css-1i27l4i&quot;
        &gt;
          &lt;div
            class=&quot;MuiButtonBase-root MuiChip-root MuiChip-filled MuiChip-sizeMedium MuiChip-colorPrimary MuiChip-clickable MuiChip-clickableColorPrimary MuiChip-filledPrimary css-ljcuss-MuiButtonBase-root-MuiChip-root&quot;
            role=&quot;button&quot;
            tabindex=&quot;0&quot;
          &gt;
            &lt;span
              class=&quot;MuiChip-label MuiChip-labelMedium css-6od3lo-MuiChip-label&quot;
            &gt;
              Tümü
            &lt;/span&gt;
            &lt;span
              class...

Ignored nodes: comments, script, style
&lt;html&gt;
  &lt;head /&gt;
  &lt;body&gt;
    &lt;div&gt;
      &lt;div
        class=&quot;MuiBox-root css-19kzrtu&quot;
      &gt;
        &lt;div
          class=&quot;MuiBox-root css-v08z5u&quot;
        &gt;
          &lt;h5
            class=&quot;MuiTypography-root MuiTypography-h5 css-bezmlo-MuiTypography-root&quot;
          &gt;
            📁 Dosyalar
          &lt;/h5&gt;
          &lt;div
            class=&quot;MuiBox-root css-1i27l4i&quot;
          &gt;
            &lt;button
              class=&quot;MuiButtonBase-root MuiIconButton-root MuiIconButton-colorPrimary MuiIconButton-sizeMedium css-1kuq5xv-MuiButtonBase-root-MuiIconButton-root&quot;
              tabindex=&quot;0&quot;
              type=&quot;button&quot;
            &gt;
              &lt;svg
                aria-hidden=&quot;true&quot;
                class=&quot;MuiSvgIcon-root MuiSvgIcon-fontSizeMedium css-i4bv87-MuiSvgIcon-root&quot;
                data-testid=&quot;GridViewIcon&quot;
                focusable=&quot;false&quot;
                viewBox=&quot;0 0 24 24&quot;
              &gt;
                &lt;path
                  d=&quot;M3 3v8h8V3zm6 6H5V5h4zm-6 4v8h8v-8zm6 6H5v-4h4zm4-16v8h8V3zm6 6h-4V5h4zm-6 4v8h8v-8zm6 6h-4v-4h4z&quot;
                  fill-rule=&quot;evenodd&quot;
                /&gt;
              &lt;/svg&gt;
              &lt;span
                class=&quot;MuiTouchRipple-root css-8je8zh-MuiTouchRipple-root&quot;
              /&gt;
            &lt;/button&gt;
            &lt;button
              class=&quot;MuiButtonBase-root MuiIconButton-root MuiIconButton-sizeMedium css-78trlr-MuiButtonBase-root-MuiIconButton-root&quot;
              tabindex=&quot;0&quot;
              type=&quot;button&quot;
            &gt;
              &lt;svg
                aria-hidden=&quot;true&quot;
                class=&quot;MuiSvgIcon-root MuiSvgIcon-fontSizeMedium css-i4bv87-MuiSvgIcon-root&quot;
                data-testid=&quot;ViewListIcon&quot;
                focusable=&quot;false&quot;
                viewBox=&quot;0 0 24 24&quot;
              &gt;
                &lt;path
                  d=&quot;M3 14h4v-4H3zm0 5h4v-4H3zM3 9h4V5H3zm5 5h13v-4H8zm0 5h13v-4H8zM8 5v4h13V5z&quot;
                /&gt;
              &lt;/svg&gt;
              &lt;span
                class=&quot;MuiTouchRipple-root css-8je8zh-MuiTouchRipple-root&quot;
              /&gt;
            &lt;/button&gt;
            &lt;input
              hidden=&quot;&quot;
              type=&quot;file&quot;
            /&gt;
            &lt;button
              class=&quot;MuiButtonBase-root MuiButton-root MuiButton-contained MuiButton-containedPrimary MuiButton-sizeMedium MuiButton-containedSizeMedium MuiButton-colorPrimary MuiButton-root MuiButton-contained MuiButton-containedPrimary MuiButton-sizeMedium MuiButton-containedSizeMedium MuiButton-colorPrimary css-sghohy-MuiButtonBase-root-MuiButton-root&quot;
              tabindex=&quot;0&quot;
              type=&quot;button&quot;
            &gt;
              &lt;span
                class=&quot;MuiButton-icon MuiButton-startIcon MuiButton-iconSizeMedium css-1d6wzja-MuiButton-startIcon&quot;
              &gt;
                &lt;svg
                  aria-hidden=&quot;true&quot;
                  class=&quot;MuiSvgIcon-root MuiSvgIcon-fontSizeMedium css-i4bv87-MuiSvgIcon-root&quot;
                  data-testid=&quot;CloudUploadIcon&quot;
                  focusable=&quot;false&quot;
                  viewBox=&quot;0 0 24 24&quot;
                &gt;
                  &lt;path
                    d=&quot;M19.35 10.04C18.67 6.59 15.64 4 12 4 9.11 4 6.6 5.64 5.35 8.04 2.34 8.36 0 10.91 0 14c0 3.31 2.69 6 6 6h13c2.76 0 5-2.24 5-5 0-2.64-2.05-4.78-4.65-4.96M14 13v4h-4v-4H7l5-5 5 5z&quot;
                  /&gt;
                &lt;/svg&gt;
              &lt;/span&gt;
              Dosya Yükle
              &lt;span
                class=&quot;MuiTouchRipple-root css-8je8zh-MuiTouchRipple-root&quot;
              /&gt;
            &lt;/button&gt;
          &lt;/div&gt;
        &lt;/div&gt;
        &lt;div
          class=&quot;MuiBox-root css-1lwwoo2&quot;
        &gt;
          &lt;div
            class=&quot;MuiFormControl-root MuiTextField-root css-18bz3y-MuiFormControl-root-MuiTextField-root&quot;
          &gt;
            &lt;div
              class=&quot;MuiInputBase-root MuiOutlinedInput-root MuiInputBase-colorPrimary MuiInputBase-formControl MuiInputBase-sizeSmall css-9ddj71-MuiInputBase-root-MuiOutlinedInput-root&quot;
            &gt;
              &lt;input
                aria-invalid=&quot;false&quot;
                class=&quot;MuiInputBase-input MuiOutlinedInput-input MuiInputBase-inputSizeSmall css-1n4twyu-MuiInputBase-input-MuiOutlinedInput-input&quot;
                id=&quot;:r2e:&quot;
                placeholder=&quot;Dosya ara...&quot;
                type=&quot;text&quot;
                value=&quot;&quot;
              /&gt;
              &lt;fieldset
                aria-hidden=&quot;true&quot;
                class=&quot;MuiOutlinedInput-notchedOutline css-r01yff-MuiNotchedOutlined-root-MuiOutlinedInput-notchedOutline&quot;
              &gt;
                &lt;legend
                  class=&quot;css-1whs34k-MuiNotchedOutlined-root&quot;
                &gt;
                  &lt;span
                    class=&quot;notranslate&quot;
                  &gt;
                    ​
                  &lt;/span&gt;
                &lt;/legend&gt;
              &lt;/fieldset&gt;
            &lt;/div&gt;
          &lt;/div&gt;
          &lt;div
            class=&quot;MuiBox-root css-1i27l4i&quot;
          &gt;
            &lt;div
              class=&quot;MuiButtonBase-root MuiChip-root MuiChip-filled MuiChip-sizeMedium MuiChip-colorPrimary MuiChip-clickable MuiChip-clickableColorPrimary MuiChip-filledPrimary css-ljcuss-MuiButtonBase-root-MuiChip-root&quot;
              role=&quot;button&quot;
              tabindex=...
 ❯ Proxy.waitForWrapper node_modules/@testing-library/react/node_modules/@testing-library/dom/dist/wait-for.js:163:27
 ❯ src/components/StudyRooms/__tests__/FileManager.test.tsx:344:13
            </failure>
        </testcase>
        <testcase classname="src/components/StudyRooms/__tests__/FileManager.test.tsx" name="FileManager Component &gt; File Versions &gt; shows versions dialog for versioned files" time="3.7053166">
            <failure message="Unable to find role=&quot;button&quot; and name `/more/i`

Ignored nodes: comments, script, style
[36m&lt;body&gt;[39m
  [36m&lt;div&gt;[39m
    [36m&lt;div[39m
      [33mclass[39m=[32m&quot;MuiBox-root css-19kzrtu&quot;[39m
    [36m&gt;[39m
      [36m&lt;div[39m
        [33mclass[39m=[32m&quot;MuiBox-root css-v08z5u&quot;[39m
      [36m&gt;[39m
        [36m&lt;h5[39m
          [33mclass[39m=[32m&quot;MuiTypography-root MuiTypography-h5 css-bezmlo-MuiTypography-root&quot;[39m
        [36m&gt;[39m
          [0m📁 Dosyalar[0m
        [36m&lt;/h5&gt;[39m
        [36m&lt;div[39m
          [33mclass[39m=[32m&quot;MuiBox-root css-1i27l4i&quot;[39m
        [36m&gt;[39m
          [36m&lt;button[39m
            [33mclass[39m=[32m&quot;MuiButtonBase-root MuiIconButton-root MuiIconButton-colorPrimary MuiIconButton-sizeMedium css-1kuq5xv-MuiButtonBase-root-MuiIconButton-root&quot;[39m
            [33mtabindex[39m=[32m&quot;0&quot;[39m
            [33mtype[39m=[32m&quot;button&quot;[39m
          [36m&gt;[39m
            [36m&lt;svg[39m
              [33maria-hidden[39m=[32m&quot;true&quot;[39m
              [33mclass[39m=[32m&quot;MuiSvgIcon-root MuiSvgIcon-fontSizeMedium css-i4bv87-MuiSvgIcon-root&quot;[39m
              [33mdata-testid[39m=[32m&quot;GridViewIcon&quot;[39m
              [33mfocusable[39m=[32m&quot;false&quot;[39m
              [33mviewBox[39m=[32m&quot;0 0 24 24&quot;[39m
            [36m&gt;[39m
              [36m&lt;path[39m
                [33md[39m=[32m&quot;M3 3v8h8V3zm6 6H5V5h4zm-6 4v8h8v-8zm6 6H5v-4h4zm4-16v8h8V3zm6 6h-4V5h4zm-6 4v8h8v-8zm6 6h-4v-4h4z&quot;[39m
                [33mfill-rule[39m=[32m&quot;evenodd&quot;[39m
              [36m/&gt;[39m
            [36m&lt;/svg&gt;[39m
            [36m&lt;span[39m
              [33mclass[39m=[32m&quot;MuiTouchRipple-root css-8je8zh-MuiTouchRipple-root&quot;[39m
            [36m/&gt;[39m
          [36m&lt;/button&gt;[39m
          [36m&lt;button[39m
            [33mclass[39m=[32m&quot;MuiButtonBase-root MuiIconButton-root MuiIconButton-sizeMedium css-78trlr-MuiButtonBase-root-MuiIconButton-root&quot;[39m
            [33mtabindex[39m=[32m&quot;0&quot;[39m
            [33mtype[39m=[32m&quot;button&quot;[39m
          [36m&gt;[39m
            [36m&lt;svg[39m
              [33maria-hidden[39m=[32m&quot;true&quot;[39m
              [33mclass[39m=[32m&quot;MuiSvgIcon-root MuiSvgIcon-fontSizeMedium css-i4bv87-MuiSvgIcon-root&quot;[39m
              [33mdata-testid[39m=[32m&quot;ViewListIcon&quot;[39m
              [33mfocusable[39m=[32m&quot;false&quot;[39m
              [33mviewBox[39m=[32m&quot;0 0 24 24&quot;[39m
            [36m&gt;[39m
              [36m&lt;path[39m
                [33md[39m=[32m&quot;M3 14h4v-4H3zm0 5h4v-4H3zM3 9h4V5H3zm5 5h13v-4H8zm0 5h13v-4H8zM8 5v4h13V5z&quot;[39m
              [36m/&gt;[39m
            [36m&lt;/svg&gt;[39m
            [36m&lt;span[39m
              [33mclass[39m=[32m&quot;MuiTouchRipple-root css-8je8zh-MuiTouchRipple-root&quot;[39m
            [36m/&gt;[39m
          [36m&lt;/button&gt;[39m
          [36m&lt;input[39m
            [33mhidden[39m=[32m&quot;&quot;[39m
            [33mtype[39m=[32m&quot;file&quot;[39m
          [36m/&gt;[39m
          [36m&lt;button[39m
            [33mclass[39m=[32m&quot;MuiButtonBase-root MuiButton-root MuiButton-contained MuiButton-containedPrimary MuiButton-sizeMedium MuiButton-containedSizeMedium MuiButton-colorPrimary MuiButton-root MuiButton-contained MuiButton-containedPrimary MuiButton-sizeMedium MuiButton-containedSizeMedium MuiButton-colorPrimary css-sghohy-MuiButtonBase-root-MuiButton-root&quot;[39m
            [33mtabindex[39m=[32m&quot;0&quot;[39m
            [33mtype[39m=[32m&quot;button&quot;[39m
          [36m&gt;[39m
            [36m&lt;span[39m
              [33mclass[39m=[32m&quot;MuiButton-icon MuiButton-startIcon MuiButton-iconSizeMedium css-1d6wzja-MuiButton-startIcon&quot;[39m
            [36m&gt;[39m
              [36m&lt;svg[39m
                [33maria-hidden[39m=[32m&quot;true&quot;[39m
                [33mclass[39m=[32m&quot;MuiSvgIcon-root MuiSvgIcon-fontSizeMedium css-i4bv87-MuiSvgIcon-root&quot;[39m
                [33mdata-testid[39m=[32m&quot;CloudUploadIcon&quot;[39m
                [33mfocusable[39m=[32m&quot;false&quot;[39m
                [33mviewBox[39m=[32m&quot;0 0 24 24&quot;[39m
              [36m&gt;[39m
                [36m&lt;path[39m
                  [33md[39m=[32m&quot;M19.35 10.04C18.67 6.59 15.64 4 12 4 9.11 4 6.6 5.64 5.35 8.04 2.34 8.36 0 10.91 0 14c0 3.31 2.69 6 6 6h13c2.76 0 5-2.24 5-5 0-2.64-2.05-4.78-4.65-4.96M14 13v4h-4v-4H7l5-5 5 5z&quot;[39m
                [36m/&gt;[39m
              [36m&lt;/svg&gt;[39m
            [36m&lt;/span&gt;[39m
            [0mDosya Yükle[0m
            [36m&lt;span[39m
              [33mclass[39m=[32m&quot;MuiTouchRipple-root css-8je8zh-MuiTouchRipple-root&quot;[39m
            [36m/&gt;[39m
          [36m&lt;/button&gt;[39m
        [36m&lt;/div&gt;[39m
      [36m&lt;/div&gt;[39m
      [36m&lt;div[39m
        [33mclass[39m=[32m&quot;MuiBox-root css-1lwwoo2&quot;[39m
      [36m&gt;[39m
        [36m&lt;div[39m
          [33mclass[39m=[32m&quot;MuiFormControl-root MuiTextField-root css-18bz3y-MuiFormControl-root-MuiTextField-root&quot;[39m
        [36m&gt;[39m
          [36m&lt;div[39m
            [33mclass[39m=[32m&quot;MuiInputBase-root MuiOutlinedInput-root MuiInputBase-colorPrimary MuiInputBase-formControl MuiInputBase-sizeSmall css-9ddj71-MuiInputBase-root-MuiOutlinedInput-root&quot;[39m
          [36m&gt;[39m
            [36m&lt;input[39m
              [33maria-invalid[39m=[32m&quot;false&quot;[39m
              [33mclass[39m=[32m&quot;MuiInputBase-input MuiOutlinedInput-input MuiInputBase-inputSizeSmall css-1n4twyu-MuiInputBase-input-MuiOutlinedInput-input&quot;[39m
              [33mid[39m=[32m&quot;:r2j:&quot;[39m
              [33mplaceholder[39m=[32m&quot;Dosya ara...&quot;[39m
              [33mtype[39m=[32m&quot;text&quot;[39m
              [33mvalue[39m=[32m&quot;&quot;[39m
            [36m/&gt;[39m
            [36m&lt;fieldset[39m
              [33maria-hidden[39m=[32m&quot;true&quot;[39m
              [33mclass[39m=[32m&quot;MuiOutlinedInput-notchedOutline css-r01yff-MuiNotchedOutlined-root-MuiOutlinedInput-notchedOutline&quot;[39m
            [36m&gt;[39m
              [36m&lt;legend[39m
                [33mclass[39m=[32m&quot;css-1whs34k-MuiNotchedOutlined-root&quot;[39m
              [36m&gt;[39m
                [36m&lt;span[39m
                  [33mclass[39m=[32m&quot;notranslate&quot;[39m
                [36m&gt;[39m
                  [0m​[0m
                [36m&lt;/span&gt;[39m
              [36m&lt;/legend&gt;[39m
            [36m&lt;/fieldset&gt;[39m
          [36m&lt;/div&gt;[39m
        [36m&lt;/div&gt;[39m
        [36m&lt;div[39m
          [33mclass[39m=[32m&quot;MuiBox-root css-1i27l4i&quot;[39m
        [36m&gt;[39m
          [36m&lt;div[39m
            [33mclass[39m=[32m&quot;MuiButtonBase-root MuiChip-root MuiChip-filled MuiChip-sizeMedium MuiChip-colorPrimary MuiChip-clickable MuiChip-clickableColorPrimary MuiChip-filledPrimary css-ljcuss-MuiButtonBase-root-MuiChip-root&quot;[39m
            [33mrole[39m=[32m&quot;button&quot;[39m
            [33mtabindex[39m=[32m&quot;0&quot;[39m
          [36m&gt;[39m
            [36m&lt;span[39m
              [33mclass[39m=[32m&quot;MuiChip-label MuiChip-labelMedium css-6od3lo-MuiChip-label&quot;[39m
            [36m&gt;[39m
              [0mTümü[0m
            [36m&lt;/span&gt;[39m
            [36m&lt;span[39m
              [33mclass...

Ignored nodes: comments, script, style
[36m&lt;html&gt;[39m
  [36m&lt;head /&gt;[39m
  [36m&lt;body&gt;[39m
    [36m&lt;div&gt;[39m
      [36m&lt;div[39m
        [33mclass[39m=[32m&quot;MuiBox-root css-19kzrtu&quot;[39m
      [36m&gt;[39m
        [36m&lt;div[39m
          [33mclass[39m=[32m&quot;MuiBox-root css-v08z5u&quot;[39m
        [36m&gt;[39m
          [36m&lt;h5[39m
            [33mclass[39m=[32m&quot;MuiTypography-root MuiTypography-h5 css-bezmlo-MuiTypography-root&quot;[39m
          [36m&gt;[39m
            [0m📁 Dosyalar[0m
          [36m&lt;/h5&gt;[39m
          [36m&lt;div[39m
            [33mclass[39m=[32m&quot;MuiBox-root css-1i27l4i&quot;[39m
          [36m&gt;[39m
            [36m&lt;button[39m
              [33mclass[39m=[32m&quot;MuiButtonBase-root MuiIconButton-root MuiIconButton-colorPrimary MuiIconButton-sizeMedium css-1kuq5xv-MuiButtonBase-root-MuiIconButton-root&quot;[39m
              [33mtabindex[39m=[32m&quot;0&quot;[39m
              [33mtype[39m=[32m&quot;button&quot;[39m
            [36m&gt;[39m
              [36m&lt;svg[39m
                [33maria-hidden[39m=[32m&quot;true&quot;[39m
                [33mclass[39m=[32m&quot;MuiSvgIcon-root MuiSvgIcon-fontSizeMedium css-i4bv87-MuiSvgIcon-root&quot;[39m
                [33mdata-testid[39m=[32m&quot;GridViewIcon&quot;[39m
                [33mfocusable[39m=[32m&quot;false&quot;[39m
                [33mviewBox[39m=[32m&quot;0 0 24 24&quot;[39m
              [36m&gt;[39m
                [36m&lt;path[39m
                  [33md[39m=[32m&quot;M3 3v8h8V3zm6 6H5V5h4zm-6 4v8h8v-8zm6 6H5v-4h4zm4-16v8h8V3zm6 6h-4V5h4zm-6 4v8h8v-8zm6 6h-4v-4h4z&quot;[39m
                  [33mfill-rule[39m=[32m&quot;evenodd&quot;[39m
                [36m/&gt;[39m
              [36m&lt;/svg&gt;[39m
              [36m&lt;span[39m
                [33mclass[39m=[32m&quot;MuiTouchRipple-root css-8je8zh-MuiTouchRipple-root&quot;[39m
              [36m/&gt;[39m
            [36m&lt;/button&gt;[39m
            [36m&lt;button[39m
              [33mclass[39m=[32m&quot;MuiButtonBase-root MuiIconButton-root MuiIconButton-sizeMedium css-78trlr-MuiButtonBase-root-MuiIconButton-root&quot;[39m
              [33mtabindex[39m=[32m&quot;0&quot;[39m
              [33mtype[39m=[32m&quot;button&quot;[39m
            [36m&gt;[39m
              [36m&lt;svg[39m
                [33maria-hidden[39m=[32m&quot;true&quot;[39m
                [33mclass[39m=[32m&quot;MuiSvgIcon-root MuiSvgIcon-fontSizeMedium css-i4bv87-MuiSvgIcon-root&quot;[39m
                [33mdata-testid[39m=[32m&quot;ViewListIcon&quot;[39m
                [33mfocusable[39m=[32m&quot;false&quot;[39m
                [33mviewBox[39m=[32m&quot;0 0 24 24&quot;[39m
              [36m&gt;[39m
                [36m&lt;path[39m
                  [33md[39m=[32m&quot;M3 14h4v-4H3zm0 5h4v-4H3zM3 9h4V5H3zm5 5h13v-4H8zm0 5h13v-4H8zM8 5v4h13V5z&quot;[39m
                [36m/&gt;[39m
              [36m&lt;/svg&gt;[39m
              [36m&lt;span[39m
                [33mclass[39m=[32m&quot;MuiTouchRipple-root css-8je8zh-MuiTouchRipple-root&quot;[39m
              [36m/&gt;[39m
            [36m&lt;/button&gt;[39m
            [36m&lt;input[39m
              [33mhidden[39m=[32m&quot;&quot;[39m
              [33mtype[39m=[32m&quot;file&quot;[39m
            [36m/&gt;[39m
            [36m&lt;button[39m
              [33mclass[39m=[32m&quot;MuiButtonBase-root MuiButton-root MuiButton-contained MuiButton-containedPrimary MuiButton-sizeMedium MuiButton-containedSizeMedium MuiButton-colorPrimary MuiButton-root MuiButton-contained MuiButton-containedPrimary MuiButton-sizeMedium MuiButton-containedSizeMedium MuiButton-colorPrimary css-sghohy-MuiButtonBase-root-MuiButton-root&quot;[39m
              [33mtabindex[39m=[32m&quot;0&quot;[39m
              [33mtype[39m=[32m&quot;button&quot;[39m
            [36m&gt;[39m
              [36m&lt;span[39m
                [33mclass[39m=[32m&quot;MuiButton-icon MuiButton-startIcon MuiButton-iconSizeMedium css-1d6wzja-MuiButton-startIcon&quot;[39m
              [36m&gt;[39m
                [36m&lt;svg[39m
                  [33maria-hidden[39m=[32m&quot;true&quot;[39m
                  [33mclass[39m=[32m&quot;MuiSvgIcon-root MuiSvgIcon-fontSizeMedium css-i4bv87-MuiSvgIcon-root&quot;[39m
                  [33mdata-testid[39m=[32m&quot;CloudUploadIcon&quot;[39m
                  [33mfocusable[39m=[32m&quot;false&quot;[39m
                  [33mviewBox[39m=[32m&quot;0 0 24 24&quot;[39m
                [36m&gt;[39m
                  [36m&lt;path[39m
                    [33md[39m=[32m&quot;M19.35 10.04C18.67 6.59 15.64 4 12 4 9.11 4 6.6 5.64 5.35 8.04 2.34 8.36 0 10.91 0 14c0 3.31 2.69 6 6 6h13c2.76 0 5-2.24 5-5 0-2.64-2.05-4.78-4.65-4.96M14 13v4h-4v-4H7l5-5 5 5z&quot;[39m
                  [36m/&gt;[39m
                [36m&lt;/svg&gt;[39m
              [36m&lt;/span&gt;[39m
              [0mDosya Yükle[0m
              [36m&lt;span[39m
                [33mclass[39m=[32m&quot;MuiTouchRipple-root css-8je8zh-MuiTouchRipple-root&quot;[39m
              [36m/&gt;[39m
            [36m&lt;/button&gt;[39m
          [36m&lt;/div&gt;[39m
        [36m&lt;/div&gt;[39m
        [36m&lt;div[39m
          [33mclass[39m=[32m&quot;MuiBox-root css-1lwwoo2&quot;[39m
        [36m&gt;[39m
          [36m&lt;div[39m
            [33mclass[39m=[32m&quot;MuiFormControl-root MuiTextField-root css-18bz3y-MuiFormControl-root-MuiTextField-root&quot;[39m
          [36m&gt;[39m
            [36m&lt;div[39m
              [33mclass[39m=[32m&quot;MuiInputBase-root MuiOutlinedInput-root MuiInputBase-colorPrimary MuiInputBase-formControl MuiInputBase-sizeSmall css-9ddj71-MuiInputBase-root-MuiOutlinedInput-root&quot;[39m
            [36m&gt;[39m
              [36m&lt;input[39m
                [33maria-invalid[39m=[32m&quot;false&quot;[39m
                [33mclass[39m=[32m&quot;MuiInputBase-input MuiOutlinedInput-input MuiInputBase-inputSizeSmall css-1n4twyu-MuiInputBase-input-MuiOutlinedInput-input&quot;[39m
                [33mid[39m=[32m&quot;:r2j:&quot;[39m
                [33mplaceholder[39m=[32m&quot;Dosya ara...&quot;[39m
                [33mtype[39m=[32m&quot;text&quot;[39m
                [33mvalue[39m=[32m&quot;&quot;[39m
              [36m/&gt;[39m
              [36m&lt;fieldset[39m
                [33maria-hidden[39m=[32m&quot;true&quot;[39m
                [33mclass[39m=[32m&quot;MuiOutlinedInput-notchedOutline css-r01yff-MuiNotchedOutlined-root-MuiOutlinedInput-notchedOutline&quot;[39m
              [36m&gt;[39m
                [36m&lt;legend[39m
                  [33mclass[39m=[32m&quot;css-1whs34k-MuiNotchedOutlined-root&quot;[39m
                [36m&gt;[39m
                  [36m&lt;span[39m
                    [33mclass[39m=[32m&quot;notranslate&quot;[39m
                  [36m&gt;[39m
                    [0m​[0m
                  [36m&lt;/span&gt;[39m
                [36m&lt;/legend&gt;[39m
              [36m&lt;/fieldset&gt;[39m
            [36m&lt;/div&gt;[39m
          [36m&lt;/div&gt;[39m
          [36m&lt;div[39m
            [33mclass[39m=[32m&quot;MuiBox-root css-1i27l4i&quot;[39m
          [36m&gt;[39m
            [36m&lt;div[39m
              [33mclass[39m=[32m&quot;MuiButtonBase-root MuiChip-root MuiChip-filled MuiChip-sizeMedium MuiChip-colorPrimary MuiChip-clickable MuiChip-clickableColorPrimary MuiChip-filledPrimary css-ljcuss-MuiButtonBase-root-MuiChip-root&quot;[39m
              [33mrole[39m=[32m&quot;button&quot;[39m
              [33mtabindex[39m=[32m..." type="TestingLibraryElementError">
TestingLibraryElementError: Unable to find role=&quot;button&quot; and name `/more/i`

Ignored nodes: comments, script, style
&lt;body&gt;
  &lt;div&gt;
    &lt;div
      class=&quot;MuiBox-root css-19kzrtu&quot;
    &gt;
      &lt;div
        class=&quot;MuiBox-root css-v08z5u&quot;
      &gt;
        &lt;h5
          class=&quot;MuiTypography-root MuiTypography-h5 css-bezmlo-MuiTypography-root&quot;
        &gt;
          📁 Dosyalar
        &lt;/h5&gt;
        &lt;div
          class=&quot;MuiBox-root css-1i27l4i&quot;
        &gt;
          &lt;button
            class=&quot;MuiButtonBase-root MuiIconButton-root MuiIconButton-colorPrimary MuiIconButton-sizeMedium css-1kuq5xv-MuiButtonBase-root-MuiIconButton-root&quot;
            tabindex=&quot;0&quot;
            type=&quot;button&quot;
          &gt;
            &lt;svg
              aria-hidden=&quot;true&quot;
              class=&quot;MuiSvgIcon-root MuiSvgIcon-fontSizeMedium css-i4bv87-MuiSvgIcon-root&quot;
              data-testid=&quot;GridViewIcon&quot;
              focusable=&quot;false&quot;
              viewBox=&quot;0 0 24 24&quot;
            &gt;
              &lt;path
                d=&quot;M3 3v8h8V3zm6 6H5V5h4zm-6 4v8h8v-8zm6 6H5v-4h4zm4-16v8h8V3zm6 6h-4V5h4zm-6 4v8h8v-8zm6 6h-4v-4h4z&quot;
                fill-rule=&quot;evenodd&quot;
              /&gt;
            &lt;/svg&gt;
            &lt;span
              class=&quot;MuiTouchRipple-root css-8je8zh-MuiTouchRipple-root&quot;
            /&gt;
          &lt;/button&gt;
          &lt;button
            class=&quot;MuiButtonBase-root MuiIconButton-root MuiIconButton-sizeMedium css-78trlr-MuiButtonBase-root-MuiIconButton-root&quot;
            tabindex=&quot;0&quot;
            type=&quot;button&quot;
          &gt;
            &lt;svg
              aria-hidden=&quot;true&quot;
              class=&quot;MuiSvgIcon-root MuiSvgIcon-fontSizeMedium css-i4bv87-MuiSvgIcon-root&quot;
              data-testid=&quot;ViewListIcon&quot;
              focusable=&quot;false&quot;
              viewBox=&quot;0 0 24 24&quot;
            &gt;
              &lt;path
                d=&quot;M3 14h4v-4H3zm0 5h4v-4H3zM3 9h4V5H3zm5 5h13v-4H8zm0 5h13v-4H8zM8 5v4h13V5z&quot;
              /&gt;
            &lt;/svg&gt;
            &lt;span
              class=&quot;MuiTouchRipple-root css-8je8zh-MuiTouchRipple-root&quot;
            /&gt;
          &lt;/button&gt;
          &lt;input
            hidden=&quot;&quot;
            type=&quot;file&quot;
          /&gt;
          &lt;button
            class=&quot;MuiButtonBase-root MuiButton-root MuiButton-contained MuiButton-containedPrimary MuiButton-sizeMedium MuiButton-containedSizeMedium MuiButton-colorPrimary MuiButton-root MuiButton-contained MuiButton-containedPrimary MuiButton-sizeMedium MuiButton-containedSizeMedium MuiButton-colorPrimary css-sghohy-MuiButtonBase-root-MuiButton-root&quot;
            tabindex=&quot;0&quot;
            type=&quot;button&quot;
          &gt;
            &lt;span
              class=&quot;MuiButton-icon MuiButton-startIcon MuiButton-iconSizeMedium css-1d6wzja-MuiButton-startIcon&quot;
            &gt;
              &lt;svg
                aria-hidden=&quot;true&quot;
                class=&quot;MuiSvgIcon-root MuiSvgIcon-fontSizeMedium css-i4bv87-MuiSvgIcon-root&quot;
                data-testid=&quot;CloudUploadIcon&quot;
                focusable=&quot;false&quot;
                viewBox=&quot;0 0 24 24&quot;
              &gt;
                &lt;path
                  d=&quot;M19.35 10.04C18.67 6.59 15.64 4 12 4 9.11 4 6.6 5.64 5.35 8.04 2.34 8.36 0 10.91 0 14c0 3.31 2.69 6 6 6h13c2.76 0 5-2.24 5-5 0-2.64-2.05-4.78-4.65-4.96M14 13v4h-4v-4H7l5-5 5 5z&quot;
                /&gt;
              &lt;/svg&gt;
            &lt;/span&gt;
            Dosya Yükle
            &lt;span
              class=&quot;MuiTouchRipple-root css-8je8zh-MuiTouchRipple-root&quot;
            /&gt;
          &lt;/button&gt;
        &lt;/div&gt;
      &lt;/div&gt;
      &lt;div
        class=&quot;MuiBox-root css-1lwwoo2&quot;
      &gt;
        &lt;div
          class=&quot;MuiFormControl-root MuiTextField-root css-18bz3y-MuiFormControl-root-MuiTextField-root&quot;
        &gt;
          &lt;div
            class=&quot;MuiInputBase-root MuiOutlinedInput-root MuiInputBase-colorPrimary MuiInputBase-formControl MuiInputBase-sizeSmall css-9ddj71-MuiInputBase-root-MuiOutlinedInput-root&quot;
          &gt;
            &lt;input
              aria-invalid=&quot;false&quot;
              class=&quot;MuiInputBase-input MuiOutlinedInput-input MuiInputBase-inputSizeSmall css-1n4twyu-MuiInputBase-input-MuiOutlinedInput-input&quot;
              id=&quot;:r2j:&quot;
              placeholder=&quot;Dosya ara...&quot;
              type=&quot;text&quot;
              value=&quot;&quot;
            /&gt;
            &lt;fieldset
              aria-hidden=&quot;true&quot;
              class=&quot;MuiOutlinedInput-notchedOutline css-r01yff-MuiNotchedOutlined-root-MuiOutlinedInput-notchedOutline&quot;
            &gt;
              &lt;legend
                class=&quot;css-1whs34k-MuiNotchedOutlined-root&quot;
              &gt;
                &lt;span
                  class=&quot;notranslate&quot;
                &gt;
                  ​
                &lt;/span&gt;
              &lt;/legend&gt;
            &lt;/fieldset&gt;
          &lt;/div&gt;
        &lt;/div&gt;
        &lt;div
          class=&quot;MuiBox-root css-1i27l4i&quot;
        &gt;
          &lt;div
            class=&quot;MuiButtonBase-root MuiChip-root MuiChip-filled MuiChip-sizeMedium MuiChip-colorPrimary MuiChip-clickable MuiChip-clickableColorPrimary MuiChip-filledPrimary css-ljcuss-MuiButtonBase-root-MuiChip-root&quot;
            role=&quot;button&quot;
            tabindex=&quot;0&quot;
          &gt;
            &lt;span
              class=&quot;MuiChip-label MuiChip-labelMedium css-6od3lo-MuiChip-label&quot;
            &gt;
              Tümü
            &lt;/span&gt;
            &lt;span
              class...

Ignored nodes: comments, script, style
&lt;html&gt;
  &lt;head /&gt;
  &lt;body&gt;
    &lt;div&gt;
      &lt;div
        class=&quot;MuiBox-root css-19kzrtu&quot;
      &gt;
        &lt;div
          class=&quot;MuiBox-root css-v08z5u&quot;
        &gt;
          &lt;h5
            class=&quot;MuiTypography-root MuiTypography-h5 css-bezmlo-MuiTypography-root&quot;
          &gt;
            📁 Dosyalar
          &lt;/h5&gt;
          &lt;div
            class=&quot;MuiBox-root css-1i27l4i&quot;
          &gt;
            &lt;button
              class=&quot;MuiButtonBase-root MuiIconButton-root MuiIconButton-colorPrimary MuiIconButton-sizeMedium css-1kuq5xv-MuiButtonBase-root-MuiIconButton-root&quot;
              tabindex=&quot;0&quot;
              type=&quot;button&quot;
            &gt;
              &lt;svg
                aria-hidden=&quot;true&quot;
                class=&quot;MuiSvgIcon-root MuiSvgIcon-fontSizeMedium css-i4bv87-MuiSvgIcon-root&quot;
                data-testid=&quot;GridViewIcon&quot;
                focusable=&quot;false&quot;
                viewBox=&quot;0 0 24 24&quot;
              &gt;
                &lt;path
                  d=&quot;M3 3v8h8V3zm6 6H5V5h4zm-6 4v8h8v-8zm6 6H5v-4h4zm4-16v8h8V3zm6 6h-4V5h4zm-6 4v8h8v-8zm6 6h-4v-4h4z&quot;
                  fill-rule=&quot;evenodd&quot;
                /&gt;
              &lt;/svg&gt;
              &lt;span
                class=&quot;MuiTouchRipple-root css-8je8zh-MuiTouchRipple-root&quot;
              /&gt;
            &lt;/button&gt;
            &lt;button
              class=&quot;MuiButtonBase-root MuiIconButton-root MuiIconButton-sizeMedium css-78trlr-MuiButtonBase-root-MuiIconButton-root&quot;
              tabindex=&quot;0&quot;
              type=&quot;button&quot;
            &gt;
              &lt;svg
                aria-hidden=&quot;true&quot;
                class=&quot;MuiSvgIcon-root MuiSvgIcon-fontSizeMedium css-i4bv87-MuiSvgIcon-root&quot;
                data-testid=&quot;ViewListIcon&quot;
                focusable=&quot;false&quot;
                viewBox=&quot;0 0 24 24&quot;
              &gt;
                &lt;path
                  d=&quot;M3 14h4v-4H3zm0 5h4v-4H3zM3 9h4V5H3zm5 5h13v-4H8zm0 5h13v-4H8zM8 5v4h13V5z&quot;
                /&gt;
              &lt;/svg&gt;
              &lt;span
                class=&quot;MuiTouchRipple-root css-8je8zh-MuiTouchRipple-root&quot;
              /&gt;
            &lt;/button&gt;
            &lt;input
              hidden=&quot;&quot;
              type=&quot;file&quot;
            /&gt;
            &lt;button
              class=&quot;MuiButtonBase-root MuiButton-root MuiButton-contained MuiButton-containedPrimary MuiButton-sizeMedium MuiButton-containedSizeMedium MuiButton-colorPrimary MuiButton-root MuiButton-contained MuiButton-containedPrimary MuiButton-sizeMedium MuiButton-containedSizeMedium MuiButton-colorPrimary css-sghohy-MuiButtonBase-root-MuiButton-root&quot;
              tabindex=&quot;0&quot;
              type=&quot;button&quot;
            &gt;
              &lt;span
                class=&quot;MuiButton-icon MuiButton-startIcon MuiButton-iconSizeMedium css-1d6wzja-MuiButton-startIcon&quot;
              &gt;
                &lt;svg
                  aria-hidden=&quot;true&quot;
                  class=&quot;MuiSvgIcon-root MuiSvgIcon-fontSizeMedium css-i4bv87-MuiSvgIcon-root&quot;
                  data-testid=&quot;CloudUploadIcon&quot;
                  focusable=&quot;false&quot;
                  viewBox=&quot;0 0 24 24&quot;
                &gt;
                  &lt;path
                    d=&quot;M19.35 10.04C18.67 6.59 15.64 4 12 4 9.11 4 6.6 5.64 5.35 8.04 2.34 8.36 0 10.91 0 14c0 3.31 2.69 6 6 6h13c2.76 0 5-2.24 5-5 0-2.64-2.05-4.78-4.65-4.96M14 13v4h-4v-4H7l5-5 5 5z&quot;
                  /&gt;
                &lt;/svg&gt;
              &lt;/span&gt;
              Dosya Yükle
              &lt;span
                class=&quot;MuiTouchRipple-root css-8je8zh-MuiTouchRipple-root&quot;
              /&gt;
            &lt;/button&gt;
          &lt;/div&gt;
        &lt;/div&gt;
        &lt;div
          class=&quot;MuiBox-root css-1lwwoo2&quot;
        &gt;
          &lt;div
            class=&quot;MuiFormControl-root MuiTextField-root css-18bz3y-MuiFormControl-root-MuiTextField-root&quot;
          &gt;
            &lt;div
              class=&quot;MuiInputBase-root MuiOutlinedInput-root MuiInputBase-colorPrimary MuiInputBase-formControl MuiInputBase-sizeSmall css-9ddj71-MuiInputBase-root-MuiOutlinedInput-root&quot;
            &gt;
              &lt;input
                aria-invalid=&quot;false&quot;
                class=&quot;MuiInputBase-input MuiOutlinedInput-input MuiInputBase-inputSizeSmall css-1n4twyu-MuiInputBase-input-MuiOutlinedInput-input&quot;
                id=&quot;:r2j:&quot;
                placeholder=&quot;Dosya ara...&quot;
                type=&quot;text&quot;
                value=&quot;&quot;
              /&gt;
              &lt;fieldset
                aria-hidden=&quot;true&quot;
                class=&quot;MuiOutlinedInput-notchedOutline css-r01yff-MuiNotchedOutlined-root-MuiOutlinedInput-notchedOutline&quot;
              &gt;
                &lt;legend
                  class=&quot;css-1whs34k-MuiNotchedOutlined-root&quot;
                &gt;
                  &lt;span
                    class=&quot;notranslate&quot;
                  &gt;
                    ​
                  &lt;/span&gt;
                &lt;/legend&gt;
              &lt;/fieldset&gt;
            &lt;/div&gt;
          &lt;/div&gt;
          &lt;div
            class=&quot;MuiBox-root css-1i27l4i&quot;
          &gt;
            &lt;div
              class=&quot;MuiButtonBase-root MuiChip-root MuiChip-filled MuiChip-sizeMedium MuiChip-colorPrimary MuiChip-clickable MuiChip-clickableColorPrimary MuiChip-filledPrimary css-ljcuss-MuiButtonBase-root-MuiChip-root&quot;
              role=&quot;button&quot;
              tabindex=...
 ❯ Proxy.waitForWrapper node_modules/@testing-library/react/node_modules/@testing-library/dom/dist/wait-for.js:163:27
 ❯ src/components/StudyRooms/__tests__/FileManager.test.tsx:373:13
            </failure>
        </testcase>
        <testcase classname="src/components/StudyRooms/__tests__/FileManager.test.tsx" name="FileManager Component &gt; Empty State &gt; shows empty state when no files" time="0.2393294">
        </testcase>
        <testcase classname="src/components/StudyRooms/__tests__/FileManager.test.tsx" name="FileManager Component &gt; Empty State &gt; shows empty state when filter returns no results" time="0.2293293">
        </testcase>
        <testcase classname="src/components/StudyRooms/__tests__/FileManager.test.tsx" name="FileManager Component &gt; Error Handling &gt; handles file fetch errors" time="0.1437987">
        </testcase>
        <testcase classname="src/components/StudyRooms/__tests__/FileManager.test.tsx" name="FileManager Component &gt; Error Handling &gt; handles delete errors" time="0.001816">
            <failure message="jest is not defined" type="ReferenceError">
ReferenceError: jest is not defined
 ❯ src/components/StudyRooms/__tests__/FileManager.test.tsx:429:24
            </failure>
        </testcase>
        <testcase classname="src/components/StudyRooms/__tests__/FileManager.test.tsx" name="FileManager Component &gt; Accessibility &gt; has proper ARIA labels" time="0.1772859">
        </testcase>
        <testcase classname="src/components/StudyRooms/__tests__/FileManager.test.tsx" name="FileManager Component &gt; Accessibility &gt; supports keyboard navigation" time="0.23893">
        </testcase>
    </testsuite>
    <testsuite name="src/components/StudyRooms/__tests__/StudyRoomList.test.tsx" timestamp="2025-11-14T16:56:52.875Z" hostname="ates" tests="28" failures="8" errors="0" skipped="0" time="34.1520518">
        <testcase classname="src/components/StudyRooms/__tests__/StudyRoomList.test.tsx" name="StudyRoomList Component &gt; Rendering &gt; renders the component with title" time="1.1845318">
        </testcase>
        <testcase classname="src/components/StudyRooms/__tests__/StudyRoomList.test.tsx" name="StudyRoomList Component &gt; Rendering &gt; displays loading state initially" time="0.3015848">
        </testcase>
        <testcase classname="src/components/StudyRooms/__tests__/StudyRoomList.test.tsx" name="StudyRoomList Component &gt; Rendering &gt; renders room list after data is loaded" time="1.4026517">
        </testcase>
        <testcase classname="src/components/StudyRooms/__tests__/StudyRoomList.test.tsx" name="StudyRoomList Component &gt; Rendering &gt; displays room cards with correct information" time="0.6521169">
        </testcase>
        <testcase classname="src/components/StudyRooms/__tests__/StudyRoomList.test.tsx" name="StudyRoomList Component &gt; Rendering &gt; shows video indicator for rooms with active video" time="0.4089877">
        </testcase>
        <testcase classname="src/components/StudyRooms/__tests__/StudyRoomList.test.tsx" name="StudyRoomList Component &gt; Rendering &gt; shows unread message badge" time="0.4295598">
        </testcase>
        <testcase classname="src/components/StudyRooms/__tests__/StudyRoomList.test.tsx" name="StudyRoomList Component &gt; Tabs &gt; renders all three tabs" time="0.280668">
        </testcase>
        <testcase classname="src/components/StudyRooms/__tests__/StudyRoomList.test.tsx" name="StudyRoomList Component &gt; Tabs &gt; fetches different data when switching tabs" time="0.9266156">
        </testcase>
        <testcase classname="src/components/StudyRooms/__tests__/StudyRoomList.test.tsx" name="StudyRoomList Component &gt; Filtering &gt; filters rooms by search query" time="0.6718119">
        </testcase>
        <testcase classname="src/components/StudyRooms/__tests__/StudyRoomList.test.tsx" name="StudyRoomList Component &gt; Filtering &gt; filters rooms by subject" time="0.5414708">
            <failure message="Found a label with the text of: Ders, however no form control was found associated to that label. Make sure you&apos;re using the &quot;for&quot; attribute or &quot;aria-labelledby&quot; attribute correctly.

Ignored nodes: comments, script, style
[36m&lt;body&gt;[39m
  [36m&lt;div&gt;[39m
    [36m&lt;div[39m
      [33mclass[39m=[32m&quot;MuiBox-root css-19kzrtu&quot;[39m
    [36m&gt;[39m
      [36m&lt;div[39m
        [33mclass[39m=[32m&quot;MuiBox-root css-v08z5u&quot;[39m
      [36m&gt;[39m
        [36m&lt;h1[39m
          [33mclass[39m=[32m&quot;MuiTypography-root MuiTypography-h4 css-1313egv-MuiTypography-root&quot;[39m
        [36m&gt;[39m
          [0m📚 Grup Çalışma Odaları[0m
        [36m&lt;/h1&gt;[39m
        [36m&lt;button[39m
          [33mclass[39m=[32m&quot;MuiButtonBase-root MuiButton-root MuiButton-contained MuiButton-containedPrimary MuiButton-sizeMedium MuiButton-containedSizeMedium MuiButton-colorPrimary MuiButton-root MuiButton-contained MuiButton-containedPrimary MuiButton-sizeMedium MuiButton-containedSizeMedium MuiButton-colorPrimary css-36m6dh-MuiButtonBase-root-MuiButton-root&quot;[39m
          [33mtabindex[39m=[32m&quot;0&quot;[39m
          [33mtype[39m=[32m&quot;button&quot;[39m
        [36m&gt;[39m
          [36m&lt;span[39m
            [33mclass[39m=[32m&quot;MuiButton-icon MuiButton-startIcon MuiButton-iconSizeMedium css-1d6wzja-MuiButton-startIcon&quot;[39m
          [36m&gt;[39m
            [36m&lt;svg[39m
              [33maria-hidden[39m=[32m&quot;true&quot;[39m
              [33mclass[39m=[32m&quot;MuiSvgIcon-root MuiSvgIcon-fontSizeMedium css-i4bv87-MuiSvgIcon-root&quot;[39m
              [33mdata-testid[39m=[32m&quot;AddIcon&quot;[39m
              [33mfocusable[39m=[32m&quot;false&quot;[39m
              [33mviewBox[39m=[32m&quot;0 0 24 24&quot;[39m
            [36m&gt;[39m
              [36m&lt;path[39m
                [33md[39m=[32m&quot;M19 13h-6v6h-2v-6H5v-2h6V5h2v6h6z&quot;[39m
              [36m/&gt;[39m
            [36m&lt;/svg&gt;[39m
          [36m&lt;/span&gt;[39m
          [0mYeni Oda Oluştur[0m
          [36m&lt;span[39m
            [33mclass[39m=[32m&quot;MuiTouchRipple-root css-8je8zh-MuiTouchRipple-root&quot;[39m
          [36m/&gt;[39m
        [36m&lt;/button&gt;[39m
      [36m&lt;/div&gt;[39m
      [36m&lt;div[39m
        [33mclass[39m=[32m&quot;MuiTabs-root css-68gvqn-MuiTabs-root&quot;[39m
      [36m&gt;[39m
        [36m&lt;div[39m
          [33mclass[39m=[32m&quot;MuiTabs-scroller MuiTabs-fixed css-jpln7h-MuiTabs-scroller&quot;[39m
          [33mstyle[39m=[32m&quot;overflow: hidden; margin-bottom: 0px;&quot;[39m
        [36m&gt;[39m
          [36m&lt;div[39m
            [33mclass[39m=[32m&quot;MuiTabs-flexContainer css-heg063-MuiTabs-flexContainer&quot;[39m
            [33mrole[39m=[32m&quot;tablist&quot;[39m
          [36m&gt;[39m
            [36m&lt;button[39m
              [33maria-selected[39m=[32m&quot;true&quot;[39m
              [33mclass[39m=[32m&quot;MuiButtonBase-root MuiTab-root MuiTab-textColorPrimary Mui-selected css-1h9z7r5-MuiButtonBase-root-MuiTab-root&quot;[39m
              [33mrole[39m=[32m&quot;tab&quot;[39m
              [33mtabindex[39m=[32m&quot;0&quot;[39m
              [33mtype[39m=[32m&quot;button&quot;[39m
            [36m&gt;[39m
              [0mTüm Odalar[0m
              [36m&lt;span[39m
                [33mclass[39m=[32m&quot;MuiTouchRipple-root css-8je8zh-MuiTouchRipple-root&quot;[39m
              [36m/&gt;[39m
            [36m&lt;/button&gt;[39m
            [36m&lt;button[39m
              [33maria-selected[39m=[32m&quot;false&quot;[39m
              [33mclass[39m=[32m&quot;MuiButtonBase-root MuiTab-root MuiTab-textColorPrimary css-1h9z7r5-MuiButtonBase-root-MuiTab-root&quot;[39m
              [33mrole[39m=[32m&quot;tab&quot;[39m
              [33mtabindex[39m=[32m&quot;-1&quot;[39m
              [33mtype[39m=[32m&quot;button&quot;[39m
            [36m&gt;[39m
              [0mBenim Odalarım[0m
              [36m&lt;span[39m
                [33mclass[39m=[32m&quot;MuiTouchRipple-root css-8je8zh-MuiTouchRipple-root&quot;[39m
              [36m/&gt;[39m
            [36m&lt;/button&gt;[39m
            [36m&lt;button[39m
              [33maria-selected[39m=[32m&quot;false&quot;[39m
              [33mclass[39m=[32m&quot;MuiButtonBase-root MuiTab-root MuiTab-textColorPrimary css-1h9z7r5-MuiButtonBase-root-MuiTab-root&quot;[39m
              [33mrole[39m=[32m&quot;tab&quot;[39m
              [33mtabindex[39m=[32m&quot;-1&quot;[39m
              [33mtype[39m=[32m&quot;button&quot;[39m
            [36m&gt;[39m
              [0mKatıldığım Odalar[0m
              [36m&lt;span[39m
                [33mclass[39m=[32m&quot;MuiTouchRipple-root css-8je8zh-MuiTouchRipple-root&quot;[39m
              [36m/&gt;[39m
            [36m&lt;/button&gt;[39m
          [36m&lt;/div&gt;[39m
          [36m&lt;span[39m
            [33mclass[39m=[32m&quot;MuiTabs-indicator css-1aquho2-MuiTabs-indicator&quot;[39m
            [33mstyle[39m=[32m&quot;left: 0px; width: 0px;&quot;[39m
          [36m/&gt;[39m
        [36m&lt;/div&gt;[39m
      [36m&lt;/div&gt;[39m
      [36m&lt;div[39m
        [33mclass[39m=[32m&quot;MuiBox-root css-1lwwoo2&quot;[39m
      [36m&gt;[39m
        [36m&lt;div[39m
          [33mclass[39m=[32m&quot;MuiFormControl-root MuiTextField-root css-psptp-MuiFormControl-root-MuiTextField-root&quot;[39m
        [36m&gt;[39m
          [36m&lt;div[39m
            [33mclass[39m=[32m&quot;MuiInputBase-root MuiOutlinedInput-root MuiInputBase-colorPrimary MuiInputBase-formControl MuiInputBase-adornedStart css-1q6at85-MuiInputBase-root-MuiOutlinedInput-root&quot;[39m
          [36m&gt;[39m
            [36m&lt;svg[39m
              [33maria-hidden[39m=[32m&quot;true&quot;[39m
              [33mclass[39m=[32m&quot;MuiSvgIcon-root MuiSvgIcon-fontSizeMedium css-12di0er-MuiSvgIcon-root&quot;[39m
              [33mdata-testid[39m=[32m&quot;SearchIcon&quot;[39m
              [33mfocusable[39m=[32m&quot;false&quot;[39m
              [33mviewBox[39m=[32m&quot;0 0 24 24&quot;[39m
            [36m&gt;[39m
              [36m&lt;path[39m
                [33md[39m=[32m&quot;M15.5 14h-.79l-.28-.27C15.41 12.59 16 11.11 16 9.5 16 5.91 13.09 3 9.5 3S3 5.91 3 9.5 5.91 16 9.5 16c1.61 0 3.09-.59 4.23-1.57l.27.28v.79l5 4.99L20.49 19zm-6 0C7.01 14 5 11.99 5 9.5S7.01 5 9.5 5 14 7.01 14 9.5 11.99 14 9.5 14&quot;[39m
              [36m/&gt;[39m
            [36m&lt;/svg&gt;[39m
            [36m&lt;input[39m
              [33maria-invalid[39m=[32m&quot;false&quot;[39m
              [33mclass[39m=[32m&quot;MuiInputBase-input MuiOutlinedInput-input MuiInputBase-inputAdornedStart css-1o9s3wi-MuiInputBase-input-MuiOutlinedInput-input&quot;[39m
              [33mid[39m=[32m&quot;:r14:&quot;[39m
              [33mplaceholder[39m=[32m&quot;Oda ara...&quot;[39m
              [33mtype[39m=[32m&quot;text&quot;[39m
              [33mvalue[39m=[32m&quot;&quot;[39m
            [36m/&gt;[39m
            [36m&lt;fieldset[39m
              [33maria-hidden[39m=[32m&quot;true&quot;[39m
              [33mclass[39m=[32m&quot;MuiOutlinedInput-notchedOutline css-r01yff-MuiNotchedOutlined-root-MuiOutlinedInput-notchedOutline&quot;[39m
            [36m&gt;[39m
              [36m&lt;legend[39m
                [33mclass[39m=[32m&quot;css-1whs34k-MuiNotchedOutlined-root&quot;[39m
              [36m&gt;[39m
                [36m&lt;span[39m
                  [33mclass[39m=[32m&quot;notranslate&quot;[39m
                [36m&gt;[39m
                  [0m​[0m
                [36m&lt;/span&gt;[39m
              [36m&lt;/legend&gt;[39m
            [36m&lt;/fieldset&gt;[39m
          [36m&lt;/div&gt;[39m
        [36m&lt;/div&gt;[39m
        [36m&lt;div[39m
        ..." type="TestingLibraryElementError">
TestingLibraryElementError: Found a label with the text of: Ders, however no form control was found associated to that label. Make sure you&apos;re using the &quot;for&quot; attribute or &quot;aria-labelledby&quot; attribute correctly.

Ignored nodes: comments, script, style
&lt;body&gt;
  &lt;div&gt;
    &lt;div
      class=&quot;MuiBox-root css-19kzrtu&quot;
    &gt;
      &lt;div
        class=&quot;MuiBox-root css-v08z5u&quot;
      &gt;
        &lt;h1
          class=&quot;MuiTypography-root MuiTypography-h4 css-1313egv-MuiTypography-root&quot;
        &gt;
          📚 Grup Çalışma Odaları
        &lt;/h1&gt;
        &lt;button
          class=&quot;MuiButtonBase-root MuiButton-root MuiButton-contained MuiButton-containedPrimary MuiButton-sizeMedium MuiButton-containedSizeMedium MuiButton-colorPrimary MuiButton-root MuiButton-contained MuiButton-containedPrimary MuiButton-sizeMedium MuiButton-containedSizeMedium MuiButton-colorPrimary css-36m6dh-MuiButtonBase-root-MuiButton-root&quot;
          tabindex=&quot;0&quot;
          type=&quot;button&quot;
        &gt;
          &lt;span
            class=&quot;MuiButton-icon MuiButton-startIcon MuiButton-iconSizeMedium css-1d6wzja-MuiButton-startIcon&quot;
          &gt;
            &lt;svg
              aria-hidden=&quot;true&quot;
              class=&quot;MuiSvgIcon-root MuiSvgIcon-fontSizeMedium css-i4bv87-MuiSvgIcon-root&quot;
              data-testid=&quot;AddIcon&quot;
              focusable=&quot;false&quot;
              viewBox=&quot;0 0 24 24&quot;
            &gt;
              &lt;path
                d=&quot;M19 13h-6v6h-2v-6H5v-2h6V5h2v6h6z&quot;
              /&gt;
            &lt;/svg&gt;
          &lt;/span&gt;
          Yeni Oda Oluştur
          &lt;span
            class=&quot;MuiTouchRipple-root css-8je8zh-MuiTouchRipple-root&quot;
          /&gt;
        &lt;/button&gt;
      &lt;/div&gt;
      &lt;div
        class=&quot;MuiTabs-root css-68gvqn-MuiTabs-root&quot;
      &gt;
        &lt;div
          class=&quot;MuiTabs-scroller MuiTabs-fixed css-jpln7h-MuiTabs-scroller&quot;
          style=&quot;overflow: hidden; margin-bottom: 0px;&quot;
        &gt;
          &lt;div
            class=&quot;MuiTabs-flexContainer css-heg063-MuiTabs-flexContainer&quot;
            role=&quot;tablist&quot;
          &gt;
            &lt;button
              aria-selected=&quot;true&quot;
              class=&quot;MuiButtonBase-root MuiTab-root MuiTab-textColorPrimary Mui-selected css-1h9z7r5-MuiButtonBase-root-MuiTab-root&quot;
              role=&quot;tab&quot;
              tabindex=&quot;0&quot;
              type=&quot;button&quot;
            &gt;
              Tüm Odalar
              &lt;span
                class=&quot;MuiTouchRipple-root css-8je8zh-MuiTouchRipple-root&quot;
              /&gt;
            &lt;/button&gt;
            &lt;button
              aria-selected=&quot;false&quot;
              class=&quot;MuiButtonBase-root MuiTab-root MuiTab-textColorPrimary css-1h9z7r5-MuiButtonBase-root-MuiTab-root&quot;
              role=&quot;tab&quot;
              tabindex=&quot;-1&quot;
              type=&quot;button&quot;
            &gt;
              Benim Odalarım
              &lt;span
                class=&quot;MuiTouchRipple-root css-8je8zh-MuiTouchRipple-root&quot;
              /&gt;
            &lt;/button&gt;
            &lt;button
              aria-selected=&quot;false&quot;
              class=&quot;MuiButtonBase-root MuiTab-root MuiTab-textColorPrimary css-1h9z7r5-MuiButtonBase-root-MuiTab-root&quot;
              role=&quot;tab&quot;
              tabindex=&quot;-1&quot;
              type=&quot;button&quot;
            &gt;
              Katıldığım Odalar
              &lt;span
                class=&quot;MuiTouchRipple-root css-8je8zh-MuiTouchRipple-root&quot;
              /&gt;
            &lt;/button&gt;
          &lt;/div&gt;
          &lt;span
            class=&quot;MuiTabs-indicator css-1aquho2-MuiTabs-indicator&quot;
            style=&quot;left: 0px; width: 0px;&quot;
          /&gt;
        &lt;/div&gt;
      &lt;/div&gt;
      &lt;div
        class=&quot;MuiBox-root css-1lwwoo2&quot;
      &gt;
        &lt;div
          class=&quot;MuiFormControl-root MuiTextField-root css-psptp-MuiFormControl-root-MuiTextField-root&quot;
        &gt;
          &lt;div
            class=&quot;MuiInputBase-root MuiOutlinedInput-root MuiInputBase-colorPrimary MuiInputBase-formControl MuiInputBase-adornedStart css-1q6at85-MuiInputBase-root-MuiOutlinedInput-root&quot;
          &gt;
            &lt;svg
              aria-hidden=&quot;true&quot;
              class=&quot;MuiSvgIcon-root MuiSvgIcon-fontSizeMedium css-12di0er-MuiSvgIcon-root&quot;
              data-testid=&quot;SearchIcon&quot;
              focusable=&quot;false&quot;
              viewBox=&quot;0 0 24 24&quot;
            &gt;
              &lt;path
                d=&quot;M15.5 14h-.79l-.28-.27C15.41 12.59 16 11.11 16 9.5 16 5.91 13.09 3 9.5 3S3 5.91 3 9.5 5.91 16 9.5 16c1.61 0 3.09-.59 4.23-1.57l.27.28v.79l5 4.99L20.49 19zm-6 0C7.01 14 5 11.99 5 9.5S7.01 5 9.5 5 14 7.01 14 9.5 11.99 14 9.5 14&quot;
              /&gt;
            &lt;/svg&gt;
            &lt;input
              aria-invalid=&quot;false&quot;
              class=&quot;MuiInputBase-input MuiOutlinedInput-input MuiInputBase-inputAdornedStart css-1o9s3wi-MuiInputBase-input-MuiOutlinedInput-input&quot;
              id=&quot;:r14:&quot;
              placeholder=&quot;Oda ara...&quot;
              type=&quot;text&quot;
              value=&quot;&quot;
            /&gt;
            &lt;fieldset
              aria-hidden=&quot;true&quot;
              class=&quot;MuiOutlinedInput-notchedOutline css-r01yff-MuiNotchedOutlined-root-MuiOutlinedInput-notchedOutline&quot;
            &gt;
              &lt;legend
                class=&quot;css-1whs34k-MuiNotchedOutlined-root&quot;
              &gt;
                &lt;span
                  class=&quot;notranslate&quot;
                &gt;
                  ​
                &lt;/span&gt;
              &lt;/legend&gt;
            &lt;/fieldset&gt;
          &lt;/div&gt;
        &lt;/div&gt;
        &lt;div
        ...
 ❯ Object.getElementError node_modules/@testing-library/react/node_modules/@testing-library/dom/dist/config.js:37:19
 ❯ getAllByLabelText node_modules/@testing-library/react/node_modules/@testing-library/dom/dist/queries/label-text.js:108:40
 ❯ node_modules/@testing-library/react/node_modules/@testing-library/dom/dist/query-helpers.js:52:17
 ❯ node_modules/@testing-library/react/node_modules/@testing-library/dom/dist/query-helpers.js:95:19
 ❯ src/components/StudyRooms/__tests__/StudyRoomList.test.tsx:172:36
            </failure>
        </testcase>
        <testcase classname="src/components/StudyRooms/__tests__/StudyRoomList.test.tsx" name="StudyRoomList Component &gt; Filtering &gt; filters rooms by visibility" time="0.5008792">
            <failure message="Found a label with the text of: Gizlilik, however no form control was found associated to that label. Make sure you&apos;re using the &quot;for&quot; attribute or &quot;aria-labelledby&quot; attribute correctly.

Ignored nodes: comments, script, style
[36m&lt;body&gt;[39m
  [36m&lt;div&gt;[39m
    [36m&lt;div[39m
      [33mclass[39m=[32m&quot;MuiBox-root css-19kzrtu&quot;[39m
    [36m&gt;[39m
      [36m&lt;div[39m
        [33mclass[39m=[32m&quot;MuiBox-root css-v08z5u&quot;[39m
      [36m&gt;[39m
        [36m&lt;h1[39m
          [33mclass[39m=[32m&quot;MuiTypography-root MuiTypography-h4 css-1313egv-MuiTypography-root&quot;[39m
        [36m&gt;[39m
          [0m📚 Grup Çalışma Odaları[0m
        [36m&lt;/h1&gt;[39m
        [36m&lt;button[39m
          [33mclass[39m=[32m&quot;MuiButtonBase-root MuiButton-root MuiButton-contained MuiButton-containedPrimary MuiButton-sizeMedium MuiButton-containedSizeMedium MuiButton-colorPrimary MuiButton-root MuiButton-contained MuiButton-containedPrimary MuiButton-sizeMedium MuiButton-containedSizeMedium MuiButton-colorPrimary css-36m6dh-MuiButtonBase-root-MuiButton-root&quot;[39m
          [33mtabindex[39m=[32m&quot;0&quot;[39m
          [33mtype[39m=[32m&quot;button&quot;[39m
        [36m&gt;[39m
          [36m&lt;span[39m
            [33mclass[39m=[32m&quot;MuiButton-icon MuiButton-startIcon MuiButton-iconSizeMedium css-1d6wzja-MuiButton-startIcon&quot;[39m
          [36m&gt;[39m
            [36m&lt;svg[39m
              [33maria-hidden[39m=[32m&quot;true&quot;[39m
              [33mclass[39m=[32m&quot;MuiSvgIcon-root MuiSvgIcon-fontSizeMedium css-i4bv87-MuiSvgIcon-root&quot;[39m
              [33mdata-testid[39m=[32m&quot;AddIcon&quot;[39m
              [33mfocusable[39m=[32m&quot;false&quot;[39m
              [33mviewBox[39m=[32m&quot;0 0 24 24&quot;[39m
            [36m&gt;[39m
              [36m&lt;path[39m
                [33md[39m=[32m&quot;M19 13h-6v6h-2v-6H5v-2h6V5h2v6h6z&quot;[39m
              [36m/&gt;[39m
            [36m&lt;/svg&gt;[39m
          [36m&lt;/span&gt;[39m
          [0mYeni Oda Oluştur[0m
          [36m&lt;span[39m
            [33mclass[39m=[32m&quot;MuiTouchRipple-root css-8je8zh-MuiTouchRipple-root&quot;[39m
          [36m/&gt;[39m
        [36m&lt;/button&gt;[39m
      [36m&lt;/div&gt;[39m
      [36m&lt;div[39m
        [33mclass[39m=[32m&quot;MuiTabs-root css-68gvqn-MuiTabs-root&quot;[39m
      [36m&gt;[39m
        [36m&lt;div[39m
          [33mclass[39m=[32m&quot;MuiTabs-scroller MuiTabs-fixed css-jpln7h-MuiTabs-scroller&quot;[39m
          [33mstyle[39m=[32m&quot;overflow: hidden; margin-bottom: 0px;&quot;[39m
        [36m&gt;[39m
          [36m&lt;div[39m
            [33mclass[39m=[32m&quot;MuiTabs-flexContainer css-heg063-MuiTabs-flexContainer&quot;[39m
            [33mrole[39m=[32m&quot;tablist&quot;[39m
          [36m&gt;[39m
            [36m&lt;button[39m
              [33maria-selected[39m=[32m&quot;true&quot;[39m
              [33mclass[39m=[32m&quot;MuiButtonBase-root MuiTab-root MuiTab-textColorPrimary Mui-selected css-1h9z7r5-MuiButtonBase-root-MuiTab-root&quot;[39m
              [33mrole[39m=[32m&quot;tab&quot;[39m
              [33mtabindex[39m=[32m&quot;0&quot;[39m
              [33mtype[39m=[32m&quot;button&quot;[39m
            [36m&gt;[39m
              [0mTüm Odalar[0m
              [36m&lt;span[39m
                [33mclass[39m=[32m&quot;MuiTouchRipple-root css-8je8zh-MuiTouchRipple-root&quot;[39m
              [36m/&gt;[39m
            [36m&lt;/button&gt;[39m
            [36m&lt;button[39m
              [33maria-selected[39m=[32m&quot;false&quot;[39m
              [33mclass[39m=[32m&quot;MuiButtonBase-root MuiTab-root MuiTab-textColorPrimary css-1h9z7r5-MuiButtonBase-root-MuiTab-root&quot;[39m
              [33mrole[39m=[32m&quot;tab&quot;[39m
              [33mtabindex[39m=[32m&quot;-1&quot;[39m
              [33mtype[39m=[32m&quot;button&quot;[39m
            [36m&gt;[39m
              [0mBenim Odalarım[0m
              [36m&lt;span[39m
                [33mclass[39m=[32m&quot;MuiTouchRipple-root css-8je8zh-MuiTouchRipple-root&quot;[39m
              [36m/&gt;[39m
            [36m&lt;/button&gt;[39m
            [36m&lt;button[39m
              [33maria-selected[39m=[32m&quot;false&quot;[39m
              [33mclass[39m=[32m&quot;MuiButtonBase-root MuiTab-root MuiTab-textColorPrimary css-1h9z7r5-MuiButtonBase-root-MuiTab-root&quot;[39m
              [33mrole[39m=[32m&quot;tab&quot;[39m
              [33mtabindex[39m=[32m&quot;-1&quot;[39m
              [33mtype[39m=[32m&quot;button&quot;[39m
            [36m&gt;[39m
              [0mKatıldığım Odalar[0m
              [36m&lt;span[39m
                [33mclass[39m=[32m&quot;MuiTouchRipple-root css-8je8zh-MuiTouchRipple-root&quot;[39m
              [36m/&gt;[39m
            [36m&lt;/button&gt;[39m
          [36m&lt;/div&gt;[39m
          [36m&lt;span[39m
            [33mclass[39m=[32m&quot;MuiTabs-indicator css-1aquho2-MuiTabs-indicator&quot;[39m
            [33mstyle[39m=[32m&quot;left: 0px; width: 0px;&quot;[39m
          [36m/&gt;[39m
        [36m&lt;/div&gt;[39m
      [36m&lt;/div&gt;[39m
      [36m&lt;div[39m
        [33mclass[39m=[32m&quot;MuiBox-root css-1lwwoo2&quot;[39m
      [36m&gt;[39m
        [36m&lt;div[39m
          [33mclass[39m=[32m&quot;MuiFormControl-root MuiTextField-root css-psptp-MuiFormControl-root-MuiTextField-root&quot;[39m
        [36m&gt;[39m
          [36m&lt;div[39m
            [33mclass[39m=[32m&quot;MuiInputBase-root MuiOutlinedInput-root MuiInputBase-colorPrimary MuiInputBase-formControl MuiInputBase-adornedStart css-1q6at85-MuiInputBase-root-MuiOutlinedInput-root&quot;[39m
          [36m&gt;[39m
            [36m&lt;svg[39m
              [33maria-hidden[39m=[32m&quot;true&quot;[39m
              [33mclass[39m=[32m&quot;MuiSvgIcon-root MuiSvgIcon-fontSizeMedium css-12di0er-MuiSvgIcon-root&quot;[39m
              [33mdata-testid[39m=[32m&quot;SearchIcon&quot;[39m
              [33mfocusable[39m=[32m&quot;false&quot;[39m
              [33mviewBox[39m=[32m&quot;0 0 24 24&quot;[39m
            [36m&gt;[39m
              [36m&lt;path[39m
                [33md[39m=[32m&quot;M15.5 14h-.79l-.28-.27C15.41 12.59 16 11.11 16 9.5 16 5.91 13.09 3 9.5 3S3 5.91 3 9.5 5.91 16 9.5 16c1.61 0 3.09-.59 4.23-1.57l.27.28v.79l5 4.99L20.49 19zm-6 0C7.01 14 5 11.99 5 9.5S7.01 5 9.5 5 14 7.01 14 9.5 11.99 14 9.5 14&quot;[39m
              [36m/&gt;[39m
            [36m&lt;/svg&gt;[39m
            [36m&lt;input[39m
              [33maria-invalid[39m=[32m&quot;false&quot;[39m
              [33mclass[39m=[32m&quot;MuiInputBase-input MuiOutlinedInput-input MuiInputBase-inputAdornedStart css-1o9s3wi-MuiInputBase-input-MuiOutlinedInput-input&quot;[39m
              [33mid[39m=[32m&quot;:r18:&quot;[39m
              [33mplaceholder[39m=[32m&quot;Oda ara...&quot;[39m
              [33mtype[39m=[32m&quot;text&quot;[39m
              [33mvalue[39m=[32m&quot;&quot;[39m
            [36m/&gt;[39m
            [36m&lt;fieldset[39m
              [33maria-hidden[39m=[32m&quot;true&quot;[39m
              [33mclass[39m=[32m&quot;MuiOutlinedInput-notchedOutline css-r01yff-MuiNotchedOutlined-root-MuiOutlinedInput-notchedOutline&quot;[39m
            [36m&gt;[39m
              [36m&lt;legend[39m
                [33mclass[39m=[32m&quot;css-1whs34k-MuiNotchedOutlined-root&quot;[39m
              [36m&gt;[39m
                [36m&lt;span[39m
                  [33mclass[39m=[32m&quot;notranslate&quot;[39m
                [36m&gt;[39m
                  [0m​[0m
                [36m&lt;/span&gt;[39m
              [36m&lt;/legend&gt;[39m
            [36m&lt;/fieldset&gt;[39m
          [36m&lt;/div&gt;[39m
        [36m&lt;/div&gt;[39m
        [36m&lt;div[39m
        ..." type="TestingLibraryElementError">
TestingLibraryElementError: Found a label with the text of: Gizlilik, however no form control was found associated to that label. Make sure you&apos;re using the &quot;for&quot; attribute or &quot;aria-labelledby&quot; attribute correctly.

Ignored nodes: comments, script, style
&lt;body&gt;
  &lt;div&gt;
    &lt;div
      class=&quot;MuiBox-root css-19kzrtu&quot;
    &gt;
      &lt;div
        class=&quot;MuiBox-root css-v08z5u&quot;
      &gt;
        &lt;h1
          class=&quot;MuiTypography-root MuiTypography-h4 css-1313egv-MuiTypography-root&quot;
        &gt;
          📚 Grup Çalışma Odaları
        &lt;/h1&gt;
        &lt;button
          class=&quot;MuiButtonBase-root MuiButton-root MuiButton-contained MuiButton-containedPrimary MuiButton-sizeMedium MuiButton-containedSizeMedium MuiButton-colorPrimary MuiButton-root MuiButton-contained MuiButton-containedPrimary MuiButton-sizeMedium MuiButton-containedSizeMedium MuiButton-colorPrimary css-36m6dh-MuiButtonBase-root-MuiButton-root&quot;
          tabindex=&quot;0&quot;
          type=&quot;button&quot;
        &gt;
          &lt;span
            class=&quot;MuiButton-icon MuiButton-startIcon MuiButton-iconSizeMedium css-1d6wzja-MuiButton-startIcon&quot;
          &gt;
            &lt;svg
              aria-hidden=&quot;true&quot;
              class=&quot;MuiSvgIcon-root MuiSvgIcon-fontSizeMedium css-i4bv87-MuiSvgIcon-root&quot;
              data-testid=&quot;AddIcon&quot;
              focusable=&quot;false&quot;
              viewBox=&quot;0 0 24 24&quot;
            &gt;
              &lt;path
                d=&quot;M19 13h-6v6h-2v-6H5v-2h6V5h2v6h6z&quot;
              /&gt;
            &lt;/svg&gt;
          &lt;/span&gt;
          Yeni Oda Oluştur
          &lt;span
            class=&quot;MuiTouchRipple-root css-8je8zh-MuiTouchRipple-root&quot;
          /&gt;
        &lt;/button&gt;
      &lt;/div&gt;
      &lt;div
        class=&quot;MuiTabs-root css-68gvqn-MuiTabs-root&quot;
      &gt;
        &lt;div
          class=&quot;MuiTabs-scroller MuiTabs-fixed css-jpln7h-MuiTabs-scroller&quot;
          style=&quot;overflow: hidden; margin-bottom: 0px;&quot;
        &gt;
          &lt;div
            class=&quot;MuiTabs-flexContainer css-heg063-MuiTabs-flexContainer&quot;
            role=&quot;tablist&quot;
          &gt;
            &lt;button
              aria-selected=&quot;true&quot;
              class=&quot;MuiButtonBase-root MuiTab-root MuiTab-textColorPrimary Mui-selected css-1h9z7r5-MuiButtonBase-root-MuiTab-root&quot;
              role=&quot;tab&quot;
              tabindex=&quot;0&quot;
              type=&quot;button&quot;
            &gt;
              Tüm Odalar
              &lt;span
                class=&quot;MuiTouchRipple-root css-8je8zh-MuiTouchRipple-root&quot;
              /&gt;
            &lt;/button&gt;
            &lt;button
              aria-selected=&quot;false&quot;
              class=&quot;MuiButtonBase-root MuiTab-root MuiTab-textColorPrimary css-1h9z7r5-MuiButtonBase-root-MuiTab-root&quot;
              role=&quot;tab&quot;
              tabindex=&quot;-1&quot;
              type=&quot;button&quot;
            &gt;
              Benim Odalarım
              &lt;span
                class=&quot;MuiTouchRipple-root css-8je8zh-MuiTouchRipple-root&quot;
              /&gt;
            &lt;/button&gt;
            &lt;button
              aria-selected=&quot;false&quot;
              class=&quot;MuiButtonBase-root MuiTab-root MuiTab-textColorPrimary css-1h9z7r5-MuiButtonBase-root-MuiTab-root&quot;
              role=&quot;tab&quot;
              tabindex=&quot;-1&quot;
              type=&quot;button&quot;
            &gt;
              Katıldığım Odalar
              &lt;span
                class=&quot;MuiTouchRipple-root css-8je8zh-MuiTouchRipple-root&quot;
              /&gt;
            &lt;/button&gt;
          &lt;/div&gt;
          &lt;span
            class=&quot;MuiTabs-indicator css-1aquho2-MuiTabs-indicator&quot;
            style=&quot;left: 0px; width: 0px;&quot;
          /&gt;
        &lt;/div&gt;
      &lt;/div&gt;
      &lt;div
        class=&quot;MuiBox-root css-1lwwoo2&quot;
      &gt;
        &lt;div
          class=&quot;MuiFormControl-root MuiTextField-root css-psptp-MuiFormControl-root-MuiTextField-root&quot;
        &gt;
          &lt;div
            class=&quot;MuiInputBase-root MuiOutlinedInput-root MuiInputBase-colorPrimary MuiInputBase-formControl MuiInputBase-adornedStart css-1q6at85-MuiInputBase-root-MuiOutlinedInput-root&quot;
          &gt;
            &lt;svg
              aria-hidden=&quot;true&quot;
              class=&quot;MuiSvgIcon-root MuiSvgIcon-fontSizeMedium css-12di0er-MuiSvgIcon-root&quot;
              data-testid=&quot;SearchIcon&quot;
              focusable=&quot;false&quot;
              viewBox=&quot;0 0 24 24&quot;
            &gt;
              &lt;path
                d=&quot;M15.5 14h-.79l-.28-.27C15.41 12.59 16 11.11 16 9.5 16 5.91 13.09 3 9.5 3S3 5.91 3 9.5 5.91 16 9.5 16c1.61 0 3.09-.59 4.23-1.57l.27.28v.79l5 4.99L20.49 19zm-6 0C7.01 14 5 11.99 5 9.5S7.01 5 9.5 5 14 7.01 14 9.5 11.99 14 9.5 14&quot;
              /&gt;
            &lt;/svg&gt;
            &lt;input
              aria-invalid=&quot;false&quot;
              class=&quot;MuiInputBase-input MuiOutlinedInput-input MuiInputBase-inputAdornedStart css-1o9s3wi-MuiInputBase-input-MuiOutlinedInput-input&quot;
              id=&quot;:r18:&quot;
              placeholder=&quot;Oda ara...&quot;
              type=&quot;text&quot;
              value=&quot;&quot;
            /&gt;
            &lt;fieldset
              aria-hidden=&quot;true&quot;
              class=&quot;MuiOutlinedInput-notchedOutline css-r01yff-MuiNotchedOutlined-root-MuiOutlinedInput-notchedOutline&quot;
            &gt;
              &lt;legend
                class=&quot;css-1whs34k-MuiNotchedOutlined-root&quot;
              &gt;
                &lt;span
                  class=&quot;notranslate&quot;
                &gt;
                  ​
                &lt;/span&gt;
              &lt;/legend&gt;
            &lt;/fieldset&gt;
          &lt;/div&gt;
        &lt;/div&gt;
        &lt;div
        ...
 ❯ Object.getElementError node_modules/@testing-library/react/node_modules/@testing-library/dom/dist/config.js:37:19
 ❯ getAllByLabelText node_modules/@testing-library/react/node_modules/@testing-library/dom/dist/queries/label-text.js:108:40
 ❯ node_modules/@testing-library/react/node_modules/@testing-library/dom/dist/query-helpers.js:52:17
 ❯ node_modules/@testing-library/react/node_modules/@testing-library/dom/dist/query-helpers.js:95:19
 ❯ src/components/StudyRooms/__tests__/StudyRoomList.test.tsx:189:39
            </failure>
        </testcase>
        <testcase classname="src/components/StudyRooms/__tests__/StudyRoomList.test.tsx" name="StudyRoomList Component &gt; Filtering &gt; combines multiple filters" time="0.6247075">
            <failure message="Found a label with the text of: Ders, however no form control was found associated to that label. Make sure you&apos;re using the &quot;for&quot; attribute or &quot;aria-labelledby&quot; attribute correctly.

Ignored nodes: comments, script, style
[36m&lt;body&gt;[39m
  [36m&lt;div&gt;[39m
    [36m&lt;div[39m
      [33mclass[39m=[32m&quot;MuiBox-root css-19kzrtu&quot;[39m
    [36m&gt;[39m
      [36m&lt;div[39m
        [33mclass[39m=[32m&quot;MuiBox-root css-v08z5u&quot;[39m
      [36m&gt;[39m
        [36m&lt;h1[39m
          [33mclass[39m=[32m&quot;MuiTypography-root MuiTypography-h4 css-1313egv-MuiTypography-root&quot;[39m
        [36m&gt;[39m
          [0m📚 Grup Çalışma Odaları[0m
        [36m&lt;/h1&gt;[39m
        [36m&lt;button[39m
          [33mclass[39m=[32m&quot;MuiButtonBase-root MuiButton-root MuiButton-contained MuiButton-containedPrimary MuiButton-sizeMedium MuiButton-containedSizeMedium MuiButton-colorPrimary MuiButton-root MuiButton-contained MuiButton-containedPrimary MuiButton-sizeMedium MuiButton-containedSizeMedium MuiButton-colorPrimary css-36m6dh-MuiButtonBase-root-MuiButton-root&quot;[39m
          [33mtabindex[39m=[32m&quot;0&quot;[39m
          [33mtype[39m=[32m&quot;button&quot;[39m
        [36m&gt;[39m
          [36m&lt;span[39m
            [33mclass[39m=[32m&quot;MuiButton-icon MuiButton-startIcon MuiButton-iconSizeMedium css-1d6wzja-MuiButton-startIcon&quot;[39m
          [36m&gt;[39m
            [36m&lt;svg[39m
              [33maria-hidden[39m=[32m&quot;true&quot;[39m
              [33mclass[39m=[32m&quot;MuiSvgIcon-root MuiSvgIcon-fontSizeMedium css-i4bv87-MuiSvgIcon-root&quot;[39m
              [33mdata-testid[39m=[32m&quot;AddIcon&quot;[39m
              [33mfocusable[39m=[32m&quot;false&quot;[39m
              [33mviewBox[39m=[32m&quot;0 0 24 24&quot;[39m
            [36m&gt;[39m
              [36m&lt;path[39m
                [33md[39m=[32m&quot;M19 13h-6v6h-2v-6H5v-2h6V5h2v6h6z&quot;[39m
              [36m/&gt;[39m
            [36m&lt;/svg&gt;[39m
          [36m&lt;/span&gt;[39m
          [0mYeni Oda Oluştur[0m
          [36m&lt;span[39m
            [33mclass[39m=[32m&quot;MuiTouchRipple-root css-8je8zh-MuiTouchRipple-root&quot;[39m
          [36m/&gt;[39m
        [36m&lt;/button&gt;[39m
      [36m&lt;/div&gt;[39m
      [36m&lt;div[39m
        [33mclass[39m=[32m&quot;MuiTabs-root css-68gvqn-MuiTabs-root&quot;[39m
      [36m&gt;[39m
        [36m&lt;div[39m
          [33mclass[39m=[32m&quot;MuiTabs-scroller MuiTabs-fixed css-jpln7h-MuiTabs-scroller&quot;[39m
          [33mstyle[39m=[32m&quot;overflow: hidden; margin-bottom: 0px;&quot;[39m
        [36m&gt;[39m
          [36m&lt;div[39m
            [33mclass[39m=[32m&quot;MuiTabs-flexContainer css-heg063-MuiTabs-flexContainer&quot;[39m
            [33mrole[39m=[32m&quot;tablist&quot;[39m
          [36m&gt;[39m
            [36m&lt;button[39m
              [33maria-selected[39m=[32m&quot;true&quot;[39m
              [33mclass[39m=[32m&quot;MuiButtonBase-root MuiTab-root MuiTab-textColorPrimary Mui-selected css-1h9z7r5-MuiButtonBase-root-MuiTab-root&quot;[39m
              [33mrole[39m=[32m&quot;tab&quot;[39m
              [33mtabindex[39m=[32m&quot;0&quot;[39m
              [33mtype[39m=[32m&quot;button&quot;[39m
            [36m&gt;[39m
              [0mTüm Odalar[0m
              [36m&lt;span[39m
                [33mclass[39m=[32m&quot;MuiTouchRipple-root css-8je8zh-MuiTouchRipple-root&quot;[39m
              [36m/&gt;[39m
            [36m&lt;/button&gt;[39m
            [36m&lt;button[39m
              [33maria-selected[39m=[32m&quot;false&quot;[39m
              [33mclass[39m=[32m&quot;MuiButtonBase-root MuiTab-root MuiTab-textColorPrimary css-1h9z7r5-MuiButtonBase-root-MuiTab-root&quot;[39m
              [33mrole[39m=[32m&quot;tab&quot;[39m
              [33mtabindex[39m=[32m&quot;-1&quot;[39m
              [33mtype[39m=[32m&quot;button&quot;[39m
            [36m&gt;[39m
              [0mBenim Odalarım[0m
              [36m&lt;span[39m
                [33mclass[39m=[32m&quot;MuiTouchRipple-root css-8je8zh-MuiTouchRipple-root&quot;[39m
              [36m/&gt;[39m
            [36m&lt;/button&gt;[39m
            [36m&lt;button[39m
              [33maria-selected[39m=[32m&quot;false&quot;[39m
              [33mclass[39m=[32m&quot;MuiButtonBase-root MuiTab-root MuiTab-textColorPrimary css-1h9z7r5-MuiButtonBase-root-MuiTab-root&quot;[39m
              [33mrole[39m=[32m&quot;tab&quot;[39m
              [33mtabindex[39m=[32m&quot;-1&quot;[39m
              [33mtype[39m=[32m&quot;button&quot;[39m
            [36m&gt;[39m
              [0mKatıldığım Odalar[0m
              [36m&lt;span[39m
                [33mclass[39m=[32m&quot;MuiTouchRipple-root css-8je8zh-MuiTouchRipple-root&quot;[39m
              [36m/&gt;[39m
            [36m&lt;/button&gt;[39m
          [36m&lt;/div&gt;[39m
          [36m&lt;span[39m
            [33mclass[39m=[32m&quot;MuiTabs-indicator css-1aquho2-MuiTabs-indicator&quot;[39m
            [33mstyle[39m=[32m&quot;left: 0px; width: 0px;&quot;[39m
          [36m/&gt;[39m
        [36m&lt;/div&gt;[39m
      [36m&lt;/div&gt;[39m
      [36m&lt;div[39m
        [33mclass[39m=[32m&quot;MuiBox-root css-1lwwoo2&quot;[39m
      [36m&gt;[39m
        [36m&lt;div[39m
          [33mclass[39m=[32m&quot;MuiFormControl-root MuiTextField-root css-psptp-MuiFormControl-root-MuiTextField-root&quot;[39m
        [36m&gt;[39m
          [36m&lt;div[39m
            [33mclass[39m=[32m&quot;MuiInputBase-root MuiOutlinedInput-root MuiInputBase-colorPrimary MuiInputBase-formControl MuiInputBase-adornedStart css-1q6at85-MuiInputBase-root-MuiOutlinedInput-root&quot;[39m
          [36m&gt;[39m
            [36m&lt;svg[39m
              [33maria-hidden[39m=[32m&quot;true&quot;[39m
              [33mclass[39m=[32m&quot;MuiSvgIcon-root MuiSvgIcon-fontSizeMedium css-12di0er-MuiSvgIcon-root&quot;[39m
              [33mdata-testid[39m=[32m&quot;SearchIcon&quot;[39m
              [33mfocusable[39m=[32m&quot;false&quot;[39m
              [33mviewBox[39m=[32m&quot;0 0 24 24&quot;[39m
            [36m&gt;[39m
              [36m&lt;path[39m
                [33md[39m=[32m&quot;M15.5 14h-.79l-.28-.27C15.41 12.59 16 11.11 16 9.5 16 5.91 13.09 3 9.5 3S3 5.91 3 9.5 5.91 16 9.5 16c1.61 0 3.09-.59 4.23-1.57l.27.28v.79l5 4.99L20.49 19zm-6 0C7.01 14 5 11.99 5 9.5S7.01 5 9.5 5 14 7.01 14 9.5 11.99 14 9.5 14&quot;[39m
              [36m/&gt;[39m
            [36m&lt;/svg&gt;[39m
            [36m&lt;input[39m
              [33maria-invalid[39m=[32m&quot;false&quot;[39m
              [33mclass[39m=[32m&quot;MuiInputBase-input MuiOutlinedInput-input MuiInputBase-inputAdornedStart css-1o9s3wi-MuiInputBase-input-MuiOutlinedInput-input&quot;[39m
              [33mid[39m=[32m&quot;:r1c:&quot;[39m
              [33mplaceholder[39m=[32m&quot;Oda ara...&quot;[39m
              [33mtype[39m=[32m&quot;text&quot;[39m
              [33mvalue[39m=[32m&quot;TYT&quot;[39m
            [36m/&gt;[39m
            [36m&lt;fieldset[39m
              [33maria-hidden[39m=[32m&quot;true&quot;[39m
              [33mclass[39m=[32m&quot;MuiOutlinedInput-notchedOutline css-r01yff-MuiNotchedOutlined-root-MuiOutlinedInput-notchedOutline&quot;[39m
            [36m&gt;[39m
              [36m&lt;legend[39m
                [33mclass[39m=[32m&quot;css-1whs34k-MuiNotchedOutlined-root&quot;[39m
              [36m&gt;[39m
                [36m&lt;span[39m
                  [33mclass[39m=[32m&quot;notranslate&quot;[39m
                [36m&gt;[39m
                  [0m​[0m
                [36m&lt;/span&gt;[39m
              [36m&lt;/legend&gt;[39m
            [36m&lt;/fieldset&gt;[39m
          [36m&lt;/div&gt;[39m
        [36m&lt;/div&gt;[39m
        [36m&lt;div[39m
     ..." type="TestingLibraryElementError">
TestingLibraryElementError: Found a label with the text of: Ders, however no form control was found associated to that label. Make sure you&apos;re using the &quot;for&quot; attribute or &quot;aria-labelledby&quot; attribute correctly.

Ignored nodes: comments, script, style
&lt;body&gt;
  &lt;div&gt;
    &lt;div
      class=&quot;MuiBox-root css-19kzrtu&quot;
    &gt;
      &lt;div
        class=&quot;MuiBox-root css-v08z5u&quot;
      &gt;
        &lt;h1
          class=&quot;MuiTypography-root MuiTypography-h4 css-1313egv-MuiTypography-root&quot;
        &gt;
          📚 Grup Çalışma Odaları
        &lt;/h1&gt;
        &lt;button
          class=&quot;MuiButtonBase-root MuiButton-root MuiButton-contained MuiButton-containedPrimary MuiButton-sizeMedium MuiButton-containedSizeMedium MuiButton-colorPrimary MuiButton-root MuiButton-contained MuiButton-containedPrimary MuiButton-sizeMedium MuiButton-containedSizeMedium MuiButton-colorPrimary css-36m6dh-MuiButtonBase-root-MuiButton-root&quot;
          tabindex=&quot;0&quot;
          type=&quot;button&quot;
        &gt;
          &lt;span
            class=&quot;MuiButton-icon MuiButton-startIcon MuiButton-iconSizeMedium css-1d6wzja-MuiButton-startIcon&quot;
          &gt;
            &lt;svg
              aria-hidden=&quot;true&quot;
              class=&quot;MuiSvgIcon-root MuiSvgIcon-fontSizeMedium css-i4bv87-MuiSvgIcon-root&quot;
              data-testid=&quot;AddIcon&quot;
              focusable=&quot;false&quot;
              viewBox=&quot;0 0 24 24&quot;
            &gt;
              &lt;path
                d=&quot;M19 13h-6v6h-2v-6H5v-2h6V5h2v6h6z&quot;
              /&gt;
            &lt;/svg&gt;
          &lt;/span&gt;
          Yeni Oda Oluştur
          &lt;span
            class=&quot;MuiTouchRipple-root css-8je8zh-MuiTouchRipple-root&quot;
          /&gt;
        &lt;/button&gt;
      &lt;/div&gt;
      &lt;div
        class=&quot;MuiTabs-root css-68gvqn-MuiTabs-root&quot;
      &gt;
        &lt;div
          class=&quot;MuiTabs-scroller MuiTabs-fixed css-jpln7h-MuiTabs-scroller&quot;
          style=&quot;overflow: hidden; margin-bottom: 0px;&quot;
        &gt;
          &lt;div
            class=&quot;MuiTabs-flexContainer css-heg063-MuiTabs-flexContainer&quot;
            role=&quot;tablist&quot;
          &gt;
            &lt;button
              aria-selected=&quot;true&quot;
              class=&quot;MuiButtonBase-root MuiTab-root MuiTab-textColorPrimary Mui-selected css-1h9z7r5-MuiButtonBase-root-MuiTab-root&quot;
              role=&quot;tab&quot;
              tabindex=&quot;0&quot;
              type=&quot;button&quot;
            &gt;
              Tüm Odalar
              &lt;span
                class=&quot;MuiTouchRipple-root css-8je8zh-MuiTouchRipple-root&quot;
              /&gt;
            &lt;/button&gt;
            &lt;button
              aria-selected=&quot;false&quot;
              class=&quot;MuiButtonBase-root MuiTab-root MuiTab-textColorPrimary css-1h9z7r5-MuiButtonBase-root-MuiTab-root&quot;
              role=&quot;tab&quot;
              tabindex=&quot;-1&quot;
              type=&quot;button&quot;
            &gt;
              Benim Odalarım
              &lt;span
                class=&quot;MuiTouchRipple-root css-8je8zh-MuiTouchRipple-root&quot;
              /&gt;
            &lt;/button&gt;
            &lt;button
              aria-selected=&quot;false&quot;
              class=&quot;MuiButtonBase-root MuiTab-root MuiTab-textColorPrimary css-1h9z7r5-MuiButtonBase-root-MuiTab-root&quot;
              role=&quot;tab&quot;
              tabindex=&quot;-1&quot;
              type=&quot;button&quot;
            &gt;
              Katıldığım Odalar
              &lt;span
                class=&quot;MuiTouchRipple-root css-8je8zh-MuiTouchRipple-root&quot;
              /&gt;
            &lt;/button&gt;
          &lt;/div&gt;
          &lt;span
            class=&quot;MuiTabs-indicator css-1aquho2-MuiTabs-indicator&quot;
            style=&quot;left: 0px; width: 0px;&quot;
          /&gt;
        &lt;/div&gt;
      &lt;/div&gt;
      &lt;div
        class=&quot;MuiBox-root css-1lwwoo2&quot;
      &gt;
        &lt;div
          class=&quot;MuiFormControl-root MuiTextField-root css-psptp-MuiFormControl-root-MuiTextField-root&quot;
        &gt;
          &lt;div
            class=&quot;MuiInputBase-root MuiOutlinedInput-root MuiInputBase-colorPrimary MuiInputBase-formControl MuiInputBase-adornedStart css-1q6at85-MuiInputBase-root-MuiOutlinedInput-root&quot;
          &gt;
            &lt;svg
              aria-hidden=&quot;true&quot;
              class=&quot;MuiSvgIcon-root MuiSvgIcon-fontSizeMedium css-12di0er-MuiSvgIcon-root&quot;
              data-testid=&quot;SearchIcon&quot;
              focusable=&quot;false&quot;
              viewBox=&quot;0 0 24 24&quot;
            &gt;
              &lt;path
                d=&quot;M15.5 14h-.79l-.28-.27C15.41 12.59 16 11.11 16 9.5 16 5.91 13.09 3 9.5 3S3 5.91 3 9.5 5.91 16 9.5 16c1.61 0 3.09-.59 4.23-1.57l.27.28v.79l5 4.99L20.49 19zm-6 0C7.01 14 5 11.99 5 9.5S7.01 5 9.5 5 14 7.01 14 9.5 11.99 14 9.5 14&quot;
              /&gt;
            &lt;/svg&gt;
            &lt;input
              aria-invalid=&quot;false&quot;
              class=&quot;MuiInputBase-input MuiOutlinedInput-input MuiInputBase-inputAdornedStart css-1o9s3wi-MuiInputBase-input-MuiOutlinedInput-input&quot;
              id=&quot;:r1c:&quot;
              placeholder=&quot;Oda ara...&quot;
              type=&quot;text&quot;
              value=&quot;TYT&quot;
            /&gt;
            &lt;fieldset
              aria-hidden=&quot;true&quot;
              class=&quot;MuiOutlinedInput-notchedOutline css-r01yff-MuiNotchedOutlined-root-MuiOutlinedInput-notchedOutline&quot;
            &gt;
              &lt;legend
                class=&quot;css-1whs34k-MuiNotchedOutlined-root&quot;
              &gt;
                &lt;span
                  class=&quot;notranslate&quot;
                &gt;
                  ​
                &lt;/span&gt;
              &lt;/legend&gt;
            &lt;/fieldset&gt;
          &lt;/div&gt;
        &lt;/div&gt;
        &lt;div
     ...
 ❯ Object.getElementError node_modules/@testing-library/react/node_modules/@testing-library/dom/dist/config.js:37:19
 ❯ getAllByLabelText node_modules/@testing-library/react/node_modules/@testing-library/dom/dist/queries/label-text.js:108:40
 ❯ node_modules/@testing-library/react/node_modules/@testing-library/dom/dist/query-helpers.js:52:17
 ❯ node_modules/@testing-library/react/node_modules/@testing-library/dom/dist/query-helpers.js:95:19
 ❯ src/components/StudyRooms/__tests__/StudyRoomList.test.tsx:210:36
            </failure>
        </testcase>
        <testcase classname="src/components/StudyRooms/__tests__/StudyRoomList.test.tsx" name="StudyRoomList Component &gt; Room Creation &gt; opens create dialog when button is clicked" time="3.615762">
        </testcase>
        <testcase classname="src/components/StudyRooms/__tests__/StudyRoomList.test.tsx" name="StudyRoomList Component &gt; Room Creation &gt; validates required fields in create dialog" time="3.4034045">
        </testcase>
        <testcase classname="src/components/StudyRooms/__tests__/StudyRoomList.test.tsx" name="StudyRoomList Component &gt; Room Creation &gt; enables create button when name is filled" time="3.3415723">
            <failure message="Unable to find a label with the text of: Oda Adı

Ignored nodes: comments, script, style
[36m&lt;body[39m
  [33mstyle[39m=[32m&quot;padding-right: 1024px; overflow: hidden;&quot;[39m
[36m&gt;[39m
  [36m&lt;div[39m
    [33maria-hidden[39m=[32m&quot;true&quot;[39m
  [36m&gt;[39m
    [36m&lt;div[39m
      [33mclass[39m=[32m&quot;MuiBox-root css-19kzrtu&quot;[39m
    [36m&gt;[39m
      [36m&lt;div[39m
        [33mclass[39m=[32m&quot;MuiBox-root css-v08z5u&quot;[39m
      [36m&gt;[39m
        [36m&lt;h1[39m
          [33mclass[39m=[32m&quot;MuiTypography-root MuiTypography-h4 css-1313egv-MuiTypography-root&quot;[39m
        [36m&gt;[39m
          [0m📚 Grup Çalışma Odaları[0m
        [36m&lt;/h1&gt;[39m
        [36m&lt;button[39m
          [33mclass[39m=[32m&quot;MuiButtonBase-root MuiButton-root MuiButton-contained MuiButton-containedPrimary MuiButton-sizeMedium MuiButton-containedSizeMedium MuiButton-colorPrimary MuiButton-root MuiButton-contained MuiButton-containedPrimary MuiButton-sizeMedium MuiButton-containedSizeMedium MuiButton-colorPrimary css-36m6dh-MuiButtonBase-root-MuiButton-root&quot;[39m
          [33mtabindex[39m=[32m&quot;0&quot;[39m
          [33mtype[39m=[32m&quot;button&quot;[39m
        [36m&gt;[39m
          [36m&lt;span[39m
            [33mclass[39m=[32m&quot;MuiButton-icon MuiButton-startIcon MuiButton-iconSizeMedium css-1d6wzja-MuiButton-startIcon&quot;[39m
          [36m&gt;[39m
            [36m&lt;svg[39m
              [33maria-hidden[39m=[32m&quot;true&quot;[39m
              [33mclass[39m=[32m&quot;MuiSvgIcon-root MuiSvgIcon-fontSizeMedium css-i4bv87-MuiSvgIcon-root&quot;[39m
              [33mdata-testid[39m=[32m&quot;AddIcon&quot;[39m
              [33mfocusable[39m=[32m&quot;false&quot;[39m
              [33mviewBox[39m=[32m&quot;0 0 24 24&quot;[39m
            [36m&gt;[39m
              [36m&lt;path[39m
                [33md[39m=[32m&quot;M19 13h-6v6h-2v-6H5v-2h6V5h2v6h6z&quot;[39m
              [36m/&gt;[39m
            [36m&lt;/svg&gt;[39m
          [36m&lt;/span&gt;[39m
          [0mYeni Oda Oluştur[0m
          [36m&lt;span[39m
            [33mclass[39m=[32m&quot;MuiTouchRipple-root css-8je8zh-MuiTouchRipple-root&quot;[39m
          [36m/&gt;[39m
        [36m&lt;/button&gt;[39m
      [36m&lt;/div&gt;[39m
      [36m&lt;div[39m
        [33mclass[39m=[32m&quot;MuiTabs-root css-68gvqn-MuiTabs-root&quot;[39m
      [36m&gt;[39m
        [36m&lt;div[39m
          [33mclass[39m=[32m&quot;MuiTabs-scroller MuiTabs-fixed css-jpln7h-MuiTabs-scroller&quot;[39m
          [33mstyle[39m=[32m&quot;overflow: hidden; margin-bottom: 0px;&quot;[39m
        [36m&gt;[39m
          [36m&lt;div[39m
            [33mclass[39m=[32m&quot;MuiTabs-flexContainer css-heg063-MuiTabs-flexContainer&quot;[39m
            [33mrole[39m=[32m&quot;tablist&quot;[39m
          [36m&gt;[39m
            [36m&lt;button[39m
              [33maria-selected[39m=[32m&quot;true&quot;[39m
              [33mclass[39m=[32m&quot;MuiButtonBase-root MuiTab-root MuiTab-textColorPrimary Mui-selected css-1h9z7r5-MuiButtonBase-root-MuiTab-root&quot;[39m
              [33mrole[39m=[32m&quot;tab&quot;[39m
              [33mtabindex[39m=[32m&quot;0&quot;[39m
              [33mtype[39m=[32m&quot;button&quot;[39m
            [36m&gt;[39m
              [0mTüm Odalar[0m
              [36m&lt;span[39m
                [33mclass[39m=[32m&quot;MuiTouchRipple-root css-8je8zh-MuiTouchRipple-root&quot;[39m
              [36m/&gt;[39m
            [36m&lt;/button&gt;[39m
            [36m&lt;button[39m
              [33maria-selected[39m=[32m&quot;false&quot;[39m
              [33mclass[39m=[32m&quot;MuiButtonBase-root MuiTab-root MuiTab-textColorPrimary css-1h9z7r5-MuiButtonBase-root-MuiTab-root&quot;[39m
              [33mrole[39m=[32m&quot;tab&quot;[39m
              [33mtabindex[39m=[32m&quot;-1&quot;[39m
              [33mtype[39m=[32m&quot;button&quot;[39m
            [36m&gt;[39m
              [0mBenim Odalarım[0m
              [36m&lt;span[39m
                [33mclass[39m=[32m&quot;MuiTouchRipple-root css-8je8zh-MuiTouchRipple-root&quot;[39m
              [36m/&gt;[39m
            [36m&lt;/button&gt;[39m
            [36m&lt;button[39m
              [33maria-selected[39m=[32m&quot;false&quot;[39m
              [33mclass[39m=[32m&quot;MuiButtonBase-root MuiTab-root MuiTab-textColorPrimary css-1h9z7r5-MuiButtonBase-root-MuiTab-root&quot;[39m
              [33mrole[39m=[32m&quot;tab&quot;[39m
              [33mtabindex[39m=[32m&quot;-1&quot;[39m
              [33mtype[39m=[32m&quot;button&quot;[39m
            [36m&gt;[39m
              [0mKatıldığım Odalar[0m
              [36m&lt;span[39m
                [33mclass[39m=[32m&quot;MuiTouchRipple-root css-8je8zh-MuiTouchRipple-root&quot;[39m
              [36m/&gt;[39m
            [36m&lt;/button&gt;[39m
          [36m&lt;/div&gt;[39m
          [36m&lt;span[39m
            [33mclass[39m=[32m&quot;MuiTabs-indicator css-1aquho2-MuiTabs-indicator&quot;[39m
            [33mstyle[39m=[32m&quot;left: 0px; width: 0px;&quot;[39m
          [36m/&gt;[39m
        [36m&lt;/div&gt;[39m
      [36m&lt;/div&gt;[39m
      [36m&lt;div[39m
        [33mclass[39m=[32m&quot;MuiBox-root css-1lwwoo2&quot;[39m
      [36m&gt;[39m
        [36m&lt;div[39m
          [33mclass[39m=[32m&quot;MuiFormControl-root MuiTextField-root css-psptp-MuiFormControl-root-MuiTextField-root&quot;[39m
        [36m&gt;[39m
          [36m&lt;div[39m
            [33mclass[39m=[32m&quot;MuiInputBase-root MuiOutlinedInput-root MuiInputBase-colorPrimary MuiInputBase-formControl MuiInputBase-adornedStart css-1q6at85-MuiInputBase-root-MuiOutlinedInput-root&quot;[39m
          [36m&gt;[39m
            [36m&lt;svg[39m
              [33maria-hidden[39m=[32m&quot;true&quot;[39m
              [33mclass[39m=[32m&quot;MuiSvgIcon-root MuiSvgIcon-fontSizeMedium css-12di0er-MuiSvgIcon-root&quot;[39m
              [33mdata-testid[39m=[32m&quot;SearchIcon&quot;[39m
              [33mfocusable[39m=[32m&quot;false&quot;[39m
              [33mviewBox[39m=[32m&quot;0 0 24 24&quot;[39m
            [36m&gt;[39m
              [36m&lt;path[39m
                [33md[39m=[32m&quot;M15.5 14h-.79l-.28-.27C15.41 12.59 16 11.11 16 9.5 16 5.91 13.09 3 9.5 3S3 5.91 3 9.5 5.91 16 9.5 16c1.61 0 3.09-.59 4.23-1.57l.27.28v.79l5 4.99L20.49 19zm-6 0C7.01 14 5 11.99 5 9.5S7.01 5 9.5 5 14 7.01 14 9.5 11.99 14 9.5 14&quot;[39m
              [36m/&gt;[39m
            [36m&lt;/svg&gt;[39m
            [36m&lt;input[39m
              [33maria-invalid[39m=[32m&quot;false&quot;[39m
              [33mclass[39m=[32m&quot;MuiInputBase-input MuiOutlinedInput-input MuiInputBase-inputAdornedStart css-1o9s3wi-MuiInputBase-input-MuiOutlinedInput-input&quot;[39m
              [33mid[39m=[32m&quot;:r24:&quot;[39m
              [33mplaceholder[39m=[32m&quot;Oda ara...&quot;[39m
              [33mtype[39m=[32m&quot;text&quot;[39m
              [33mvalue[39m=[32m&quot;&quot;[39m
            [36m/&gt;[39m
            [36m&lt;fieldset[39m
              [33maria-hidden[39m=[32m&quot;true&quot;[39m
              [33mclass[39m=[32m&quot;MuiOutlinedInput-notchedOutline css-r01yff-MuiNotchedOutlined-root-MuiOutlinedInput-notchedOutline&quot;[39m
            [36m&gt;[39m
              [36m&lt;legend[39m
                [33mclass[39m=[32m&quot;css-1whs34k-MuiNotchedOutlined-root&quot;[39m
              [36m&gt;[39m
                [36m&lt;span[39m
                  [33mclass[39m=[32m&quot;notranslate&quot;[39m
                [36m&gt;[39m
                  [0m​[0m
                [36m&lt;/span&gt;[39m
             ...

Ignored nodes: comments, script, style
[36m&lt;html&gt;[39m
  [36m&lt;head /&gt;[39m
  [36m&lt;body[39m
    [33mstyle[39m=[32m&quot;padding-right: 1024px; overflow: hidden;&quot;[39m
  [36m&gt;[39m
    [36m&lt;div[39m
      [33maria-hidden[39m=[32m&quot;true&quot;[39m
    [36m&gt;[39m
      [36m&lt;div[39m
        [33mclass[39m=[32m&quot;MuiBox-root css-19kzrtu&quot;[39m
      [36m&gt;[39m
        [36m&lt;div[39m
          [33mclass[39m=[32m&quot;MuiBox-root css-v08z5u&quot;[39m
        [36m&gt;[39m
          [36m&lt;h1[39m
            [33mclass[39m=[32m&quot;MuiTypography-root MuiTypography-h4 css-1313egv-MuiTypography-root&quot;[39m
          [36m&gt;[39m
            [0m📚 Grup Çalışma Odaları[0m
          [36m&lt;/h1&gt;[39m
          [36m&lt;button[39m
            [33mclass[39m=[32m&quot;MuiButtonBase-root MuiButton-root MuiButton-contained MuiButton-containedPrimary MuiButton-sizeMedium MuiButton-containedSizeMedium MuiButton-colorPrimary MuiButton-root MuiButton-contained MuiButton-containedPrimary MuiButton-sizeMedium MuiButton-containedSizeMedium MuiButton-colorPrimary css-36m6dh-MuiButtonBase-root-MuiButton-root&quot;[39m
            [33mtabindex[39m=[32m&quot;0&quot;[39m
            [33mtype[39m=[32m&quot;button&quot;[39m
          [36m&gt;[39m
            [36m&lt;span[39m
              [33mclass[39m=[32m&quot;MuiButton-icon MuiButton-startIcon MuiButton-iconSizeMedium css-1d6wzja-MuiButton-startIcon&quot;[39m
            [36m&gt;[39m
              [36m&lt;svg[39m
                [33maria-hidden[39m=[32m&quot;true&quot;[39m
                [33mclass[39m=[32m&quot;MuiSvgIcon-root MuiSvgIcon-fontSizeMedium css-i4bv87-MuiSvgIcon-root&quot;[39m
                [33mdata-testid[39m=[32m&quot;AddIcon&quot;[39m
                [33mfocusable[39m=[32m&quot;false&quot;[39m
                [33mviewBox[39m=[32m&quot;0 0 24 24&quot;[39m
              [36m&gt;[39m
                [36m&lt;path[39m
                  [33md[39m=[32m&quot;M19 13h-6v6h-2v-6H5v-2h6V5h2v6h6z&quot;[39m
                [36m/&gt;[39m
              [36m&lt;/svg&gt;[39m
            [36m&lt;/span&gt;[39m
            [0mYeni Oda Oluştur[0m
            [36m&lt;span[39m
              [33mclass[39m=[32m&quot;MuiTouchRipple-root css-8je8zh-MuiTouchRipple-root&quot;[39m
            [36m/&gt;[39m
          [36m&lt;/button&gt;[39m
        [36m&lt;/div&gt;[39m
        [36m&lt;div[39m
          [33mclass[39m=[32m&quot;MuiTabs-root css-68gvqn-MuiTabs-root&quot;[39m
        [36m&gt;[39m
          [36m&lt;div[39m
            [33mclass[39m=[32m&quot;MuiTabs-scroller MuiTabs-fixed css-jpln7h-MuiTabs-scroller&quot;[39m
            [33mstyle[39m=[32m&quot;overflow: hidden; margin-bottom: 0px;&quot;[39m
          [36m&gt;[39m
            [36m&lt;div[39m
              [33mclass[39m=[32m&quot;MuiTabs-flexContainer css-heg063-MuiTabs-flexContainer&quot;[39m
              [33mrole[39m=[32m&quot;tablist&quot;[39m
            [36m&gt;[39m
              [36m&lt;button[39m
                [33maria-selected[39m=[32m&quot;true&quot;[39m
                [33mclass[39m=[32m&quot;MuiButtonBase-root MuiTab-root MuiTab-textColorPrimary Mui-selected css-1h9z7r5-MuiButtonBase-root-MuiTab-root&quot;[39m
                [33mrole[39m=[32m&quot;tab&quot;[39m
                [33mtabindex[39m=[32m&quot;0&quot;[39m
                [33mtype[39m=[32m&quot;button&quot;[39m
              [36m&gt;[39m
                [0mTüm Odalar[0m
                [36m&lt;span[39m
                  [33mclass[39m=[32m&quot;MuiTouchRipple-root css-8je8zh-MuiTouchRipple-root&quot;[39m
                [36m/&gt;[39m
              [36m&lt;/button&gt;[39m
              [36m&lt;button[39m
                [33maria-selected[39m=[32m&quot;false&quot;[39m
                [33mclass[39m=[32m&quot;MuiButtonBase-root MuiTab-root MuiTab-textColorPrimary css-1h9z7r5-MuiButtonBase-root-MuiTab-root&quot;[39m
                [33mrole[39m=[32m&quot;tab&quot;[39m
                [33mtabindex[39m=[32m&quot;-1&quot;[39m
                [33mtype[39m=[32m&quot;button&quot;[39m
              [36m&gt;[39m
                [0mBenim Odalarım[0m
                [36m&lt;span[39m
                  [33mclass[39m=[32m&quot;MuiTouchRipple-root css-8je8zh-MuiTouchRipple-root&quot;[39m
                [36m/&gt;[39m
              [36m&lt;/button&gt;[39m
              [36m&lt;button[39m
                [33maria-selected[39m=[32m&quot;false&quot;[39m
                [33mclass[39m=[32m&quot;MuiButtonBase-root MuiTab-root MuiTab-textColorPrimary css-1h9z7r5-MuiButtonBase-root-MuiTab-root&quot;[39m
                [33mrole[39m=[32m&quot;tab&quot;[39m
                [33mtabindex[39m=[32m&quot;-1&quot;[39m
                [33mtype[39m=[32m&quot;button&quot;[39m
              [36m&gt;[39m
                [0mKatıldığım Odalar[0m
                [36m&lt;span[39m
                  [33mclass[39m=[32m&quot;MuiTouchRipple-root css-8je8zh-MuiTouchRipple-root&quot;[39m
                [36m/&gt;[39m
              [36m&lt;/button&gt;[39m
            [36m&lt;/div&gt;[39m
            [36m&lt;span[39m
              [33mclass[39m=[32m&quot;MuiTabs-indicator css-1aquho2-MuiTabs-indicator&quot;[39m
              [33mstyle[39m=[32m&quot;left: 0px; width: 0px;&quot;[39m
            [36m/&gt;[39m
          [36m&lt;/div&gt;[39m
        [36m&lt;/div&gt;[39m
        [36m&lt;div[39m
          [33mclass[39m=[32m&quot;MuiBox-root css-1lwwoo2&quot;[39m
        [36m&gt;[39m
          [36m&lt;div[39m
            [33mclass[39m=[32m&quot;MuiFormControl-root MuiTextField-root css-psptp-MuiFormControl-root-MuiTextField-root&quot;[39m
          [36m&gt;[39m
            [36m&lt;div[39m
              [33mclass[39m=[32m&quot;MuiInputBase-root MuiOutlinedInput-root MuiInputBase-colorPrimary MuiInputBase-formControl MuiInputBase-adornedStart css-1q6at85-MuiInputBase-root-MuiOutlinedInput-root&quot;[39m
            [36m&gt;[39m
              [36m&lt;svg[39m
                [33maria-hidden[39m=[32m&quot;true&quot;[39m
                [33mclass[39m=[32m&quot;MuiSvgIcon-root MuiSvgIcon-fontSizeMedium css-12di0er-MuiSvgIcon-root&quot;[39m
                [33mdata-testid[39m=[32m&quot;SearchIcon&quot;[39m
                [33mfocusable[39m=[32m&quot;false&quot;[39m
                [33mviewBox[39m=[32m&quot;0 0 24 24&quot;[39m
              [36m&gt;[39m
                [36m&lt;path[39m
                  [33md[39m=[32m&quot;M15.5 14h-.79l-.28-.27C15.41 12.59 16 11.11 16 9.5 16 5.91 13.09 3 9.5 3S3 5.91 3 9.5 5.91 16 9.5 16c1.61 0 3.09-.59 4.23-1.57l.27.28v.79l5 4.99L20.49 19zm-6 0C7.01 14 5 11.99 5 9.5S7.01 5 9.5 5 14 7.01 14 9.5 11.99 14 9.5 14&quot;[39m
                [36m/&gt;[39m
              [36m&lt;/svg&gt;[39m
              [36m&lt;input[39m
                [33maria-invalid[39m=[32m&quot;false&quot;[39m
                [33mclass[39m=[32m&quot;MuiInputBase-input MuiOutlinedInput-input MuiInputBase-inputAdornedStart css-1o9s3wi-MuiInputBase-input-MuiOutlinedInput-input&quot;[39m
                [33mid[39m=[32m&quot;:r24:&quot;[39m
                [33mplaceholder[39m=[32m&quot;Oda ara...&quot;[39m
                [33mtype[39m=[32m&quot;text&quot;[39m
                [33mvalue[39m=[32m&quot;&quot;[39m
              [36m/&gt;[39m
              [36m&lt;fieldset[39m
                [33maria-hidden[39m=[32m&quot;true&quot;[39m
                [33mclass[39m=[32m&quot;MuiOutlinedInput-notchedOutline css-r01yff-MuiNotchedOutlined-root-MuiOutlinedInput-notchedOutline&quot;[39m
              [36m&gt;[39m
                [36m&lt;legend[39m
 ..." type="TestingLibraryElementError">
TestingLibraryElementError: Unable to find a label with the text of: Oda Adı

Ignored nodes: comments, script, style
&lt;body
  style=&quot;padding-right: 1024px; overflow: hidden;&quot;
&gt;
  &lt;div
    aria-hidden=&quot;true&quot;
  &gt;
    &lt;div
      class=&quot;MuiBox-root css-19kzrtu&quot;
    &gt;
      &lt;div
        class=&quot;MuiBox-root css-v08z5u&quot;
      &gt;
        &lt;h1
          class=&quot;MuiTypography-root MuiTypography-h4 css-1313egv-MuiTypography-root&quot;
        &gt;
          📚 Grup Çalışma Odaları
        &lt;/h1&gt;
        &lt;button
          class=&quot;MuiButtonBase-root MuiButton-root MuiButton-contained MuiButton-containedPrimary MuiButton-sizeMedium MuiButton-containedSizeMedium MuiButton-colorPrimary MuiButton-root MuiButton-contained MuiButton-containedPrimary MuiButton-sizeMedium MuiButton-containedSizeMedium MuiButton-colorPrimary css-36m6dh-MuiButtonBase-root-MuiButton-root&quot;
          tabindex=&quot;0&quot;
          type=&quot;button&quot;
        &gt;
          &lt;span
            class=&quot;MuiButton-icon MuiButton-startIcon MuiButton-iconSizeMedium css-1d6wzja-MuiButton-startIcon&quot;
          &gt;
            &lt;svg
              aria-hidden=&quot;true&quot;
              class=&quot;MuiSvgIcon-root MuiSvgIcon-fontSizeMedium css-i4bv87-MuiSvgIcon-root&quot;
              data-testid=&quot;AddIcon&quot;
              focusable=&quot;false&quot;
              viewBox=&quot;0 0 24 24&quot;
            &gt;
              &lt;path
                d=&quot;M19 13h-6v6h-2v-6H5v-2h6V5h2v6h6z&quot;
              /&gt;
            &lt;/svg&gt;
          &lt;/span&gt;
          Yeni Oda Oluştur
          &lt;span
            class=&quot;MuiTouchRipple-root css-8je8zh-MuiTouchRipple-root&quot;
          /&gt;
        &lt;/button&gt;
      &lt;/div&gt;
      &lt;div
        class=&quot;MuiTabs-root css-68gvqn-MuiTabs-root&quot;
      &gt;
        &lt;div
          class=&quot;MuiTabs-scroller MuiTabs-fixed css-jpln7h-MuiTabs-scroller&quot;
          style=&quot;overflow: hidden; margin-bottom: 0px;&quot;
        &gt;
          &lt;div
            class=&quot;MuiTabs-flexContainer css-heg063-MuiTabs-flexContainer&quot;
            role=&quot;tablist&quot;
          &gt;
            &lt;button
              aria-selected=&quot;true&quot;
              class=&quot;MuiButtonBase-root MuiTab-root MuiTab-textColorPrimary Mui-selected css-1h9z7r5-MuiButtonBase-root-MuiTab-root&quot;
              role=&quot;tab&quot;
              tabindex=&quot;0&quot;
              type=&quot;button&quot;
            &gt;
              Tüm Odalar
              &lt;span
                class=&quot;MuiTouchRipple-root css-8je8zh-MuiTouchRipple-root&quot;
              /&gt;
            &lt;/button&gt;
            &lt;button
              aria-selected=&quot;false&quot;
              class=&quot;MuiButtonBase-root MuiTab-root MuiTab-textColorPrimary css-1h9z7r5-MuiButtonBase-root-MuiTab-root&quot;
              role=&quot;tab&quot;
              tabindex=&quot;-1&quot;
              type=&quot;button&quot;
            &gt;
              Benim Odalarım
              &lt;span
                class=&quot;MuiTouchRipple-root css-8je8zh-MuiTouchRipple-root&quot;
              /&gt;
            &lt;/button&gt;
            &lt;button
              aria-selected=&quot;false&quot;
              class=&quot;MuiButtonBase-root MuiTab-root MuiTab-textColorPrimary css-1h9z7r5-MuiButtonBase-root-MuiTab-root&quot;
              role=&quot;tab&quot;
              tabindex=&quot;-1&quot;
              type=&quot;button&quot;
            &gt;
              Katıldığım Odalar
              &lt;span
                class=&quot;MuiTouchRipple-root css-8je8zh-MuiTouchRipple-root&quot;
              /&gt;
            &lt;/button&gt;
          &lt;/div&gt;
          &lt;span
            class=&quot;MuiTabs-indicator css-1aquho2-MuiTabs-indicator&quot;
            style=&quot;left: 0px; width: 0px;&quot;
          /&gt;
        &lt;/div&gt;
      &lt;/div&gt;
      &lt;div
        class=&quot;MuiBox-root css-1lwwoo2&quot;
      &gt;
        &lt;div
          class=&quot;MuiFormControl-root MuiTextField-root css-psptp-MuiFormControl-root-MuiTextField-root&quot;
        &gt;
          &lt;div
            class=&quot;MuiInputBase-root MuiOutlinedInput-root MuiInputBase-colorPrimary MuiInputBase-formControl MuiInputBase-adornedStart css-1q6at85-MuiInputBase-root-MuiOutlinedInput-root&quot;
          &gt;
            &lt;svg
              aria-hidden=&quot;true&quot;
              class=&quot;MuiSvgIcon-root MuiSvgIcon-fontSizeMedium css-12di0er-MuiSvgIcon-root&quot;
              data-testid=&quot;SearchIcon&quot;
              focusable=&quot;false&quot;
              viewBox=&quot;0 0 24 24&quot;
            &gt;
              &lt;path
                d=&quot;M15.5 14h-.79l-.28-.27C15.41 12.59 16 11.11 16 9.5 16 5.91 13.09 3 9.5 3S3 5.91 3 9.5 5.91 16 9.5 16c1.61 0 3.09-.59 4.23-1.57l.27.28v.79l5 4.99L20.49 19zm-6 0C7.01 14 5 11.99 5 9.5S7.01 5 9.5 5 14 7.01 14 9.5 11.99 14 9.5 14&quot;
              /&gt;
            &lt;/svg&gt;
            &lt;input
              aria-invalid=&quot;false&quot;
              class=&quot;MuiInputBase-input MuiOutlinedInput-input MuiInputBase-inputAdornedStart css-1o9s3wi-MuiInputBase-input-MuiOutlinedInput-input&quot;
              id=&quot;:r24:&quot;
              placeholder=&quot;Oda ara...&quot;
              type=&quot;text&quot;
              value=&quot;&quot;
            /&gt;
            &lt;fieldset
              aria-hidden=&quot;true&quot;
              class=&quot;MuiOutlinedInput-notchedOutline css-r01yff-MuiNotchedOutlined-root-MuiOutlinedInput-notchedOutline&quot;
            &gt;
              &lt;legend
                class=&quot;css-1whs34k-MuiNotchedOutlined-root&quot;
              &gt;
                &lt;span
                  class=&quot;notranslate&quot;
                &gt;
                  ​
                &lt;/span&gt;
             ...

Ignored nodes: comments, script, style
&lt;html&gt;
  &lt;head /&gt;
  &lt;body
    style=&quot;padding-right: 1024px; overflow: hidden;&quot;
  &gt;
    &lt;div
      aria-hidden=&quot;true&quot;
    &gt;
      &lt;div
        class=&quot;MuiBox-root css-19kzrtu&quot;
      &gt;
        &lt;div
          class=&quot;MuiBox-root css-v08z5u&quot;
        &gt;
          &lt;h1
            class=&quot;MuiTypography-root MuiTypography-h4 css-1313egv-MuiTypography-root&quot;
          &gt;
            📚 Grup Çalışma Odaları
          &lt;/h1&gt;
          &lt;button
            class=&quot;MuiButtonBase-root MuiButton-root MuiButton-contained MuiButton-containedPrimary MuiButton-sizeMedium MuiButton-containedSizeMedium MuiButton-colorPrimary MuiButton-root MuiButton-contained MuiButton-containedPrimary MuiButton-sizeMedium MuiButton-containedSizeMedium MuiButton-colorPrimary css-36m6dh-MuiButtonBase-root-MuiButton-root&quot;
            tabindex=&quot;0&quot;
            type=&quot;button&quot;
          &gt;
            &lt;span
              class=&quot;MuiButton-icon MuiButton-startIcon MuiButton-iconSizeMedium css-1d6wzja-MuiButton-startIcon&quot;
            &gt;
              &lt;svg
                aria-hidden=&quot;true&quot;
                class=&quot;MuiSvgIcon-root MuiSvgIcon-fontSizeMedium css-i4bv87-MuiSvgIcon-root&quot;
                data-testid=&quot;AddIcon&quot;
                focusable=&quot;false&quot;
                viewBox=&quot;0 0 24 24&quot;
              &gt;
                &lt;path
                  d=&quot;M19 13h-6v6h-2v-6H5v-2h6V5h2v6h6z&quot;
                /&gt;
              &lt;/svg&gt;
            &lt;/span&gt;
            Yeni Oda Oluştur
            &lt;span
              class=&quot;MuiTouchRipple-root css-8je8zh-MuiTouchRipple-root&quot;
            /&gt;
          &lt;/button&gt;
        &lt;/div&gt;
        &lt;div
          class=&quot;MuiTabs-root css-68gvqn-MuiTabs-root&quot;
        &gt;
          &lt;div
            class=&quot;MuiTabs-scroller MuiTabs-fixed css-jpln7h-MuiTabs-scroller&quot;
            style=&quot;overflow: hidden; margin-bottom: 0px;&quot;
          &gt;
            &lt;div
              class=&quot;MuiTabs-flexContainer css-heg063-MuiTabs-flexContainer&quot;
              role=&quot;tablist&quot;
            &gt;
              &lt;button
                aria-selected=&quot;true&quot;
                class=&quot;MuiButtonBase-root MuiTab-root MuiTab-textColorPrimary Mui-selected css-1h9z7r5-MuiButtonBase-root-MuiTab-root&quot;
                role=&quot;tab&quot;
                tabindex=&quot;0&quot;
                type=&quot;button&quot;
              &gt;
                Tüm Odalar
                &lt;span
                  class=&quot;MuiTouchRipple-root css-8je8zh-MuiTouchRipple-root&quot;
                /&gt;
              &lt;/button&gt;
              &lt;button
                aria-selected=&quot;false&quot;
                class=&quot;MuiButtonBase-root MuiTab-root MuiTab-textColorPrimary css-1h9z7r5-MuiButtonBase-root-MuiTab-root&quot;
                role=&quot;tab&quot;
                tabindex=&quot;-1&quot;
                type=&quot;button&quot;
              &gt;
                Benim Odalarım
                &lt;span
                  class=&quot;MuiTouchRipple-root css-8je8zh-MuiTouchRipple-root&quot;
                /&gt;
              &lt;/button&gt;
              &lt;button
                aria-selected=&quot;false&quot;
                class=&quot;MuiButtonBase-root MuiTab-root MuiTab-textColorPrimary css-1h9z7r5-MuiButtonBase-root-MuiTab-root&quot;
                role=&quot;tab&quot;
                tabindex=&quot;-1&quot;
                type=&quot;button&quot;
              &gt;
                Katıldığım Odalar
                &lt;span
                  class=&quot;MuiTouchRipple-root css-8je8zh-MuiTouchRipple-root&quot;
                /&gt;
              &lt;/button&gt;
            &lt;/div&gt;
            &lt;span
              class=&quot;MuiTabs-indicator css-1aquho2-MuiTabs-indicator&quot;
              style=&quot;left: 0px; width: 0px;&quot;
            /&gt;
          &lt;/div&gt;
        &lt;/div&gt;
        &lt;div
          class=&quot;MuiBox-root css-1lwwoo2&quot;
        &gt;
          &lt;div
            class=&quot;MuiFormControl-root MuiTextField-root css-psptp-MuiFormControl-root-MuiTextField-root&quot;
          &gt;
            &lt;div
              class=&quot;MuiInputBase-root MuiOutlinedInput-root MuiInputBase-colorPrimary MuiInputBase-formControl MuiInputBase-adornedStart css-1q6at85-MuiInputBase-root-MuiOutlinedInput-root&quot;
            &gt;
              &lt;svg
                aria-hidden=&quot;true&quot;
                class=&quot;MuiSvgIcon-root MuiSvgIcon-fontSizeMedium css-12di0er-MuiSvgIcon-root&quot;
                data-testid=&quot;SearchIcon&quot;
                focusable=&quot;false&quot;
                viewBox=&quot;0 0 24 24&quot;
              &gt;
                &lt;path
                  d=&quot;M15.5 14h-.79l-.28-.27C15.41 12.59 16 11.11 16 9.5 16 5.91 13.09 3 9.5 3S3 5.91 3 9.5 5.91 16 9.5 16c1.61 0 3.09-.59 4.23-1.57l.27.28v.79l5 4.99L20.49 19zm-6 0C7.01 14 5 11.99 5 9.5S7.01 5 9.5 5 14 7.01 14 9.5 11.99 14 9.5 14&quot;
                /&gt;
              &lt;/svg&gt;
              &lt;input
                aria-invalid=&quot;false&quot;
                class=&quot;MuiInputBase-input MuiOutlinedInput-input MuiInputBase-inputAdornedStart css-1o9s3wi-MuiInputBase-input-MuiOutlinedInput-input&quot;
                id=&quot;:r24:&quot;
                placeholder=&quot;Oda ara...&quot;
                type=&quot;text&quot;
                value=&quot;&quot;
              /&gt;
              &lt;fieldset
                aria-hidden=&quot;true&quot;
                class=&quot;MuiOutlinedInput-notchedOutline css-r01yff-MuiNotchedOutlined-root-MuiOutlinedInput-notchedOutline&quot;
              &gt;
                &lt;legend
 ...
 ❯ Proxy.waitForWrapper node_modules/@testing-library/react/node_modules/@testing-library/dom/dist/wait-for.js:163:27
 ❯ src/components/StudyRooms/__tests__/StudyRoomList.test.tsx:249:13
            </failure>
        </testcase>
        <testcase classname="src/components/StudyRooms/__tests__/StudyRoomList.test.tsx" name="StudyRoomList Component &gt; Room Creation &gt; creates room with correct data" time="2.7649781">
            <failure message="Unable to find a label with the text of: Oda Adı

Ignored nodes: comments, script, style
[36m&lt;body[39m
  [33mstyle[39m=[32m&quot;padding-right: 1024px; overflow: hidden;&quot;[39m
[36m&gt;[39m
  [36m&lt;div[39m
    [33maria-hidden[39m=[32m&quot;true&quot;[39m
  [36m&gt;[39m
    [36m&lt;div[39m
      [33mclass[39m=[32m&quot;MuiBox-root css-19kzrtu&quot;[39m
    [36m&gt;[39m
      [36m&lt;div[39m
        [33mclass[39m=[32m&quot;MuiBox-root css-v08z5u&quot;[39m
      [36m&gt;[39m
        [36m&lt;h1[39m
          [33mclass[39m=[32m&quot;MuiTypography-root MuiTypography-h4 css-1313egv-MuiTypography-root&quot;[39m
        [36m&gt;[39m
          [0m📚 Grup Çalışma Odaları[0m
        [36m&lt;/h1&gt;[39m
        [36m&lt;button[39m
          [33mclass[39m=[32m&quot;MuiButtonBase-root MuiButton-root MuiButton-contained MuiButton-containedPrimary MuiButton-sizeMedium MuiButton-containedSizeMedium MuiButton-colorPrimary MuiButton-root MuiButton-contained MuiButton-containedPrimary MuiButton-sizeMedium MuiButton-containedSizeMedium MuiButton-colorPrimary css-36m6dh-MuiButtonBase-root-MuiButton-root&quot;[39m
          [33mtabindex[39m=[32m&quot;0&quot;[39m
          [33mtype[39m=[32m&quot;button&quot;[39m
        [36m&gt;[39m
          [36m&lt;span[39m
            [33mclass[39m=[32m&quot;MuiButton-icon MuiButton-startIcon MuiButton-iconSizeMedium css-1d6wzja-MuiButton-startIcon&quot;[39m
          [36m&gt;[39m
            [36m&lt;svg[39m
              [33maria-hidden[39m=[32m&quot;true&quot;[39m
              [33mclass[39m=[32m&quot;MuiSvgIcon-root MuiSvgIcon-fontSizeMedium css-i4bv87-MuiSvgIcon-root&quot;[39m
              [33mdata-testid[39m=[32m&quot;AddIcon&quot;[39m
              [33mfocusable[39m=[32m&quot;false&quot;[39m
              [33mviewBox[39m=[32m&quot;0 0 24 24&quot;[39m
            [36m&gt;[39m
              [36m&lt;path[39m
                [33md[39m=[32m&quot;M19 13h-6v6h-2v-6H5v-2h6V5h2v6h6z&quot;[39m
              [36m/&gt;[39m
            [36m&lt;/svg&gt;[39m
          [36m&lt;/span&gt;[39m
          [0mYeni Oda Oluştur[0m
          [36m&lt;span[39m
            [33mclass[39m=[32m&quot;MuiTouchRipple-root css-8je8zh-MuiTouchRipple-root&quot;[39m
          [36m/&gt;[39m
        [36m&lt;/button&gt;[39m
      [36m&lt;/div&gt;[39m
      [36m&lt;div[39m
        [33mclass[39m=[32m&quot;MuiTabs-root css-68gvqn-MuiTabs-root&quot;[39m
      [36m&gt;[39m
        [36m&lt;div[39m
          [33mclass[39m=[32m&quot;MuiTabs-scroller MuiTabs-fixed css-jpln7h-MuiTabs-scroller&quot;[39m
          [33mstyle[39m=[32m&quot;overflow: hidden; margin-bottom: 0px;&quot;[39m
        [36m&gt;[39m
          [36m&lt;div[39m
            [33mclass[39m=[32m&quot;MuiTabs-flexContainer css-heg063-MuiTabs-flexContainer&quot;[39m
            [33mrole[39m=[32m&quot;tablist&quot;[39m
          [36m&gt;[39m
            [36m&lt;button[39m
              [33maria-selected[39m=[32m&quot;true&quot;[39m
              [33mclass[39m=[32m&quot;MuiButtonBase-root MuiTab-root MuiTab-textColorPrimary Mui-selected css-1h9z7r5-MuiButtonBase-root-MuiTab-root&quot;[39m
              [33mrole[39m=[32m&quot;tab&quot;[39m
              [33mtabindex[39m=[32m&quot;0&quot;[39m
              [33mtype[39m=[32m&quot;button&quot;[39m
            [36m&gt;[39m
              [0mTüm Odalar[0m
              [36m&lt;span[39m
                [33mclass[39m=[32m&quot;MuiTouchRipple-root css-8je8zh-MuiTouchRipple-root&quot;[39m
              [36m/&gt;[39m
            [36m&lt;/button&gt;[39m
            [36m&lt;button[39m
              [33maria-selected[39m=[32m&quot;false&quot;[39m
              [33mclass[39m=[32m&quot;MuiButtonBase-root MuiTab-root MuiTab-textColorPrimary css-1h9z7r5-MuiButtonBase-root-MuiTab-root&quot;[39m
              [33mrole[39m=[32m&quot;tab&quot;[39m
              [33mtabindex[39m=[32m&quot;-1&quot;[39m
              [33mtype[39m=[32m&quot;button&quot;[39m
            [36m&gt;[39m
              [0mBenim Odalarım[0m
              [36m&lt;span[39m
                [33mclass[39m=[32m&quot;MuiTouchRipple-root css-8je8zh-MuiTouchRipple-root&quot;[39m
              [36m/&gt;[39m
            [36m&lt;/button&gt;[39m
            [36m&lt;button[39m
              [33maria-selected[39m=[32m&quot;false&quot;[39m
              [33mclass[39m=[32m&quot;MuiButtonBase-root MuiTab-root MuiTab-textColorPrimary css-1h9z7r5-MuiButtonBase-root-MuiTab-root&quot;[39m
              [33mrole[39m=[32m&quot;tab&quot;[39m
              [33mtabindex[39m=[32m&quot;-1&quot;[39m
              [33mtype[39m=[32m&quot;button&quot;[39m
            [36m&gt;[39m
              [0mKatıldığım Odalar[0m
              [36m&lt;span[39m
                [33mclass[39m=[32m&quot;MuiTouchRipple-root css-8je8zh-MuiTouchRipple-root&quot;[39m
              [36m/&gt;[39m
            [36m&lt;/button&gt;[39m
          [36m&lt;/div&gt;[39m
          [36m&lt;span[39m
            [33mclass[39m=[32m&quot;MuiTabs-indicator css-1aquho2-MuiTabs-indicator&quot;[39m
            [33mstyle[39m=[32m&quot;left: 0px; width: 0px;&quot;[39m
          [36m/&gt;[39m
        [36m&lt;/div&gt;[39m
      [36m&lt;/div&gt;[39m
      [36m&lt;div[39m
        [33mclass[39m=[32m&quot;MuiBox-root css-1lwwoo2&quot;[39m
      [36m&gt;[39m
        [36m&lt;div[39m
          [33mclass[39m=[32m&quot;MuiFormControl-root MuiTextField-root css-psptp-MuiFormControl-root-MuiTextField-root&quot;[39m
        [36m&gt;[39m
          [36m&lt;div[39m
            [33mclass[39m=[32m&quot;MuiInputBase-root MuiOutlinedInput-root MuiInputBase-colorPrimary MuiInputBase-formControl MuiInputBase-adornedStart css-1q6at85-MuiInputBase-root-MuiOutlinedInput-root&quot;[39m
          [36m&gt;[39m
            [36m&lt;svg[39m
              [33maria-hidden[39m=[32m&quot;true&quot;[39m
              [33mclass[39m=[32m&quot;MuiSvgIcon-root MuiSvgIcon-fontSizeMedium css-12di0er-MuiSvgIcon-root&quot;[39m
              [33mdata-testid[39m=[32m&quot;SearchIcon&quot;[39m
              [33mfocusable[39m=[32m&quot;false&quot;[39m
              [33mviewBox[39m=[32m&quot;0 0 24 24&quot;[39m
            [36m&gt;[39m
              [36m&lt;path[39m
                [33md[39m=[32m&quot;M15.5 14h-.79l-.28-.27C15.41 12.59 16 11.11 16 9.5 16 5.91 13.09 3 9.5 3S3 5.91 3 9.5 5.91 16 9.5 16c1.61 0 3.09-.59 4.23-1.57l.27.28v.79l5 4.99L20.49 19zm-6 0C7.01 14 5 11.99 5 9.5S7.01 5 9.5 5 14 7.01 14 9.5 11.99 14 9.5 14&quot;[39m
              [36m/&gt;[39m
            [36m&lt;/svg&gt;[39m
            [36m&lt;input[39m
              [33maria-invalid[39m=[32m&quot;false&quot;[39m
              [33mclass[39m=[32m&quot;MuiInputBase-input MuiOutlinedInput-input MuiInputBase-inputAdornedStart css-1o9s3wi-MuiInputBase-input-MuiOutlinedInput-input&quot;[39m
              [33mid[39m=[32m&quot;:r2e:&quot;[39m
              [33mplaceholder[39m=[32m&quot;Oda ara...&quot;[39m
              [33mtype[39m=[32m&quot;text&quot;[39m
              [33mvalue[39m=[32m&quot;&quot;[39m
            [36m/&gt;[39m
            [36m&lt;fieldset[39m
              [33maria-hidden[39m=[32m&quot;true&quot;[39m
              [33mclass[39m=[32m&quot;MuiOutlinedInput-notchedOutline css-r01yff-MuiNotchedOutlined-root-MuiOutlinedInput-notchedOutline&quot;[39m
            [36m&gt;[39m
              [36m&lt;legend[39m
                [33mclass[39m=[32m&quot;css-1whs34k-MuiNotchedOutlined-root&quot;[39m
              [36m&gt;[39m
                [36m&lt;span[39m
                  [33mclass[39m=[32m&quot;notranslate&quot;[39m
                [36m&gt;[39m
                  [0m​[0m
                [36m&lt;/span&gt;[39m
             ...

Ignored nodes: comments, script, style
[36m&lt;html&gt;[39m
  [36m&lt;head /&gt;[39m
  [36m&lt;body[39m
    [33mstyle[39m=[32m&quot;padding-right: 1024px; overflow: hidden;&quot;[39m
  [36m&gt;[39m
    [36m&lt;div[39m
      [33maria-hidden[39m=[32m&quot;true&quot;[39m
    [36m&gt;[39m
      [36m&lt;div[39m
        [33mclass[39m=[32m&quot;MuiBox-root css-19kzrtu&quot;[39m
      [36m&gt;[39m
        [36m&lt;div[39m
          [33mclass[39m=[32m&quot;MuiBox-root css-v08z5u&quot;[39m
        [36m&gt;[39m
          [36m&lt;h1[39m
            [33mclass[39m=[32m&quot;MuiTypography-root MuiTypography-h4 css-1313egv-MuiTypography-root&quot;[39m
          [36m&gt;[39m
            [0m📚 Grup Çalışma Odaları[0m
          [36m&lt;/h1&gt;[39m
          [36m&lt;button[39m
            [33mclass[39m=[32m&quot;MuiButtonBase-root MuiButton-root MuiButton-contained MuiButton-containedPrimary MuiButton-sizeMedium MuiButton-containedSizeMedium MuiButton-colorPrimary MuiButton-root MuiButton-contained MuiButton-containedPrimary MuiButton-sizeMedium MuiButton-containedSizeMedium MuiButton-colorPrimary css-36m6dh-MuiButtonBase-root-MuiButton-root&quot;[39m
            [33mtabindex[39m=[32m&quot;0&quot;[39m
            [33mtype[39m=[32m&quot;button&quot;[39m
          [36m&gt;[39m
            [36m&lt;span[39m
              [33mclass[39m=[32m&quot;MuiButton-icon MuiButton-startIcon MuiButton-iconSizeMedium css-1d6wzja-MuiButton-startIcon&quot;[39m
            [36m&gt;[39m
              [36m&lt;svg[39m
                [33maria-hidden[39m=[32m&quot;true&quot;[39m
                [33mclass[39m=[32m&quot;MuiSvgIcon-root MuiSvgIcon-fontSizeMedium css-i4bv87-MuiSvgIcon-root&quot;[39m
                [33mdata-testid[39m=[32m&quot;AddIcon&quot;[39m
                [33mfocusable[39m=[32m&quot;false&quot;[39m
                [33mviewBox[39m=[32m&quot;0 0 24 24&quot;[39m
              [36m&gt;[39m
                [36m&lt;path[39m
                  [33md[39m=[32m&quot;M19 13h-6v6h-2v-6H5v-2h6V5h2v6h6z&quot;[39m
                [36m/&gt;[39m
              [36m&lt;/svg&gt;[39m
            [36m&lt;/span&gt;[39m
            [0mYeni Oda Oluştur[0m
            [36m&lt;span[39m
              [33mclass[39m=[32m&quot;MuiTouchRipple-root css-8je8zh-MuiTouchRipple-root&quot;[39m
            [36m/&gt;[39m
          [36m&lt;/button&gt;[39m
        [36m&lt;/div&gt;[39m
        [36m&lt;div[39m
          [33mclass[39m=[32m&quot;MuiTabs-root css-68gvqn-MuiTabs-root&quot;[39m
        [36m&gt;[39m
          [36m&lt;div[39m
            [33mclass[39m=[32m&quot;MuiTabs-scroller MuiTabs-fixed css-jpln7h-MuiTabs-scroller&quot;[39m
            [33mstyle[39m=[32m&quot;overflow: hidden; margin-bottom: 0px;&quot;[39m
          [36m&gt;[39m
            [36m&lt;div[39m
              [33mclass[39m=[32m&quot;MuiTabs-flexContainer css-heg063-MuiTabs-flexContainer&quot;[39m
              [33mrole[39m=[32m&quot;tablist&quot;[39m
            [36m&gt;[39m
              [36m&lt;button[39m
                [33maria-selected[39m=[32m&quot;true&quot;[39m
                [33mclass[39m=[32m&quot;MuiButtonBase-root MuiTab-root MuiTab-textColorPrimary Mui-selected css-1h9z7r5-MuiButtonBase-root-MuiTab-root&quot;[39m
                [33mrole[39m=[32m&quot;tab&quot;[39m
                [33mtabindex[39m=[32m&quot;0&quot;[39m
                [33mtype[39m=[32m&quot;button&quot;[39m
              [36m&gt;[39m
                [0mTüm Odalar[0m
                [36m&lt;span[39m
                  [33mclass[39m=[32m&quot;MuiTouchRipple-root css-8je8zh-MuiTouchRipple-root&quot;[39m
                [36m/&gt;[39m
              [36m&lt;/button&gt;[39m
              [36m&lt;button[39m
                [33maria-selected[39m=[32m&quot;false&quot;[39m
                [33mclass[39m=[32m&quot;MuiButtonBase-root MuiTab-root MuiTab-textColorPrimary css-1h9z7r5-MuiButtonBase-root-MuiTab-root&quot;[39m
                [33mrole[39m=[32m&quot;tab&quot;[39m
                [33mtabindex[39m=[32m&quot;-1&quot;[39m
                [33mtype[39m=[32m&quot;button&quot;[39m
              [36m&gt;[39m
                [0mBenim Odalarım[0m
                [36m&lt;span[39m
                  [33mclass[39m=[32m&quot;MuiTouchRipple-root css-8je8zh-MuiTouchRipple-root&quot;[39m
                [36m/&gt;[39m
              [36m&lt;/button&gt;[39m
              [36m&lt;button[39m
                [33maria-selected[39m=[32m&quot;false&quot;[39m
                [33mclass[39m=[32m&quot;MuiButtonBase-root MuiTab-root MuiTab-textColorPrimary css-1h9z7r5-MuiButtonBase-root-MuiTab-root&quot;[39m
                [33mrole[39m=[32m&quot;tab&quot;[39m
                [33mtabindex[39m=[32m&quot;-1&quot;[39m
                [33mtype[39m=[32m&quot;button&quot;[39m
              [36m&gt;[39m
                [0mKatıldığım Odalar[0m
                [36m&lt;span[39m
                  [33mclass[39m=[32m&quot;MuiTouchRipple-root css-8je8zh-MuiTouchRipple-root&quot;[39m
                [36m/&gt;[39m
              [36m&lt;/button&gt;[39m
            [36m&lt;/div&gt;[39m
            [36m&lt;span[39m
              [33mclass[39m=[32m&quot;MuiTabs-indicator css-1aquho2-MuiTabs-indicator&quot;[39m
              [33mstyle[39m=[32m&quot;left: 0px; width: 0px;&quot;[39m
            [36m/&gt;[39m
          [36m&lt;/div&gt;[39m
        [36m&lt;/div&gt;[39m
        [36m&lt;div[39m
          [33mclass[39m=[32m&quot;MuiBox-root css-1lwwoo2&quot;[39m
        [36m&gt;[39m
          [36m&lt;div[39m
            [33mclass[39m=[32m&quot;MuiFormControl-root MuiTextField-root css-psptp-MuiFormControl-root-MuiTextField-root&quot;[39m
          [36m&gt;[39m
            [36m&lt;div[39m
              [33mclass[39m=[32m&quot;MuiInputBase-root MuiOutlinedInput-root MuiInputBase-colorPrimary MuiInputBase-formControl MuiInputBase-adornedStart css-1q6at85-MuiInputBase-root-MuiOutlinedInput-root&quot;[39m
            [36m&gt;[39m
              [36m&lt;svg[39m
                [33maria-hidden[39m=[32m&quot;true&quot;[39m
                [33mclass[39m=[32m&quot;MuiSvgIcon-root MuiSvgIcon-fontSizeMedium css-12di0er-MuiSvgIcon-root&quot;[39m
                [33mdata-testid[39m=[32m&quot;SearchIcon&quot;[39m
                [33mfocusable[39m=[32m&quot;false&quot;[39m
                [33mviewBox[39m=[32m&quot;0 0 24 24&quot;[39m
              [36m&gt;[39m
                [36m&lt;path[39m
                  [33md[39m=[32m&quot;M15.5 14h-.79l-.28-.27C15.41 12.59 16 11.11 16 9.5 16 5.91 13.09 3 9.5 3S3 5.91 3 9.5 5.91 16 9.5 16c1.61 0 3.09-.59 4.23-1.57l.27.28v.79l5 4.99L20.49 19zm-6 0C7.01 14 5 11.99 5 9.5S7.01 5 9.5 5 14 7.01 14 9.5 11.99 14 9.5 14&quot;[39m
                [36m/&gt;[39m
              [36m&lt;/svg&gt;[39m
              [36m&lt;input[39m
                [33maria-invalid[39m=[32m&quot;false&quot;[39m
                [33mclass[39m=[32m&quot;MuiInputBase-input MuiOutlinedInput-input MuiInputBase-inputAdornedStart css-1o9s3wi-MuiInputBase-input-MuiOutlinedInput-input&quot;[39m
                [33mid[39m=[32m&quot;:r2e:&quot;[39m
                [33mplaceholder[39m=[32m&quot;Oda ara...&quot;[39m
                [33mtype[39m=[32m&quot;text&quot;[39m
                [33mvalue[39m=[32m&quot;&quot;[39m
              [36m/&gt;[39m
              [36m&lt;fieldset[39m
                [33maria-hidden[39m=[32m&quot;true&quot;[39m
                [33mclass[39m=[32m&quot;MuiOutlinedInput-notchedOutline css-r01yff-MuiNotchedOutlined-root-MuiOutlinedInput-notchedOutline&quot;[39m
              [36m&gt;[39m
                [36m&lt;legend[39m
 ..." type="TestingLibraryElementError">
TestingLibraryElementError: Unable to find a label with the text of: Oda Adı

Ignored nodes: comments, script, style
&lt;body
  style=&quot;padding-right: 1024px; overflow: hidden;&quot;
&gt;
  &lt;div
    aria-hidden=&quot;true&quot;
  &gt;
    &lt;div
      class=&quot;MuiBox-root css-19kzrtu&quot;
    &gt;
      &lt;div
        class=&quot;MuiBox-root css-v08z5u&quot;
      &gt;
        &lt;h1
          class=&quot;MuiTypography-root MuiTypography-h4 css-1313egv-MuiTypography-root&quot;
        &gt;
          📚 Grup Çalışma Odaları
        &lt;/h1&gt;
        &lt;button
          class=&quot;MuiButtonBase-root MuiButton-root MuiButton-contained MuiButton-containedPrimary MuiButton-sizeMedium MuiButton-containedSizeMedium MuiButton-colorPrimary MuiButton-root MuiButton-contained MuiButton-containedPrimary MuiButton-sizeMedium MuiButton-containedSizeMedium MuiButton-colorPrimary css-36m6dh-MuiButtonBase-root-MuiButton-root&quot;
          tabindex=&quot;0&quot;
          type=&quot;button&quot;
        &gt;
          &lt;span
            class=&quot;MuiButton-icon MuiButton-startIcon MuiButton-iconSizeMedium css-1d6wzja-MuiButton-startIcon&quot;
          &gt;
            &lt;svg
              aria-hidden=&quot;true&quot;
              class=&quot;MuiSvgIcon-root MuiSvgIcon-fontSizeMedium css-i4bv87-MuiSvgIcon-root&quot;
              data-testid=&quot;AddIcon&quot;
              focusable=&quot;false&quot;
              viewBox=&quot;0 0 24 24&quot;
            &gt;
              &lt;path
                d=&quot;M19 13h-6v6h-2v-6H5v-2h6V5h2v6h6z&quot;
              /&gt;
            &lt;/svg&gt;
          &lt;/span&gt;
          Yeni Oda Oluştur
          &lt;span
            class=&quot;MuiTouchRipple-root css-8je8zh-MuiTouchRipple-root&quot;
          /&gt;
        &lt;/button&gt;
      &lt;/div&gt;
      &lt;div
        class=&quot;MuiTabs-root css-68gvqn-MuiTabs-root&quot;
      &gt;
        &lt;div
          class=&quot;MuiTabs-scroller MuiTabs-fixed css-jpln7h-MuiTabs-scroller&quot;
          style=&quot;overflow: hidden; margin-bottom: 0px;&quot;
        &gt;
          &lt;div
            class=&quot;MuiTabs-flexContainer css-heg063-MuiTabs-flexContainer&quot;
            role=&quot;tablist&quot;
          &gt;
            &lt;button
              aria-selected=&quot;true&quot;
              class=&quot;MuiButtonBase-root MuiTab-root MuiTab-textColorPrimary Mui-selected css-1h9z7r5-MuiButtonBase-root-MuiTab-root&quot;
              role=&quot;tab&quot;
              tabindex=&quot;0&quot;
              type=&quot;button&quot;
            &gt;
              Tüm Odalar
              &lt;span
                class=&quot;MuiTouchRipple-root css-8je8zh-MuiTouchRipple-root&quot;
              /&gt;
            &lt;/button&gt;
            &lt;button
              aria-selected=&quot;false&quot;
              class=&quot;MuiButtonBase-root MuiTab-root MuiTab-textColorPrimary css-1h9z7r5-MuiButtonBase-root-MuiTab-root&quot;
              role=&quot;tab&quot;
              tabindex=&quot;-1&quot;
              type=&quot;button&quot;
            &gt;
              Benim Odalarım
              &lt;span
                class=&quot;MuiTouchRipple-root css-8je8zh-MuiTouchRipple-root&quot;
              /&gt;
            &lt;/button&gt;
            &lt;button
              aria-selected=&quot;false&quot;
              class=&quot;MuiButtonBase-root MuiTab-root MuiTab-textColorPrimary css-1h9z7r5-MuiButtonBase-root-MuiTab-root&quot;
              role=&quot;tab&quot;
              tabindex=&quot;-1&quot;
              type=&quot;button&quot;
            &gt;
              Katıldığım Odalar
              &lt;span
                class=&quot;MuiTouchRipple-root css-8je8zh-MuiTouchRipple-root&quot;
              /&gt;
            &lt;/button&gt;
          &lt;/div&gt;
          &lt;span
            class=&quot;MuiTabs-indicator css-1aquho2-MuiTabs-indicator&quot;
            style=&quot;left: 0px; width: 0px;&quot;
          /&gt;
        &lt;/div&gt;
      &lt;/div&gt;
      &lt;div
        class=&quot;MuiBox-root css-1lwwoo2&quot;
      &gt;
        &lt;div
          class=&quot;MuiFormControl-root MuiTextField-root css-psptp-MuiFormControl-root-MuiTextField-root&quot;
        &gt;
          &lt;div
            class=&quot;MuiInputBase-root MuiOutlinedInput-root MuiInputBase-colorPrimary MuiInputBase-formControl MuiInputBase-adornedStart css-1q6at85-MuiInputBase-root-MuiOutlinedInput-root&quot;
          &gt;
            &lt;svg
              aria-hidden=&quot;true&quot;
              class=&quot;MuiSvgIcon-root MuiSvgIcon-fontSizeMedium css-12di0er-MuiSvgIcon-root&quot;
              data-testid=&quot;SearchIcon&quot;
              focusable=&quot;false&quot;
              viewBox=&quot;0 0 24 24&quot;
            &gt;
              &lt;path
                d=&quot;M15.5 14h-.79l-.28-.27C15.41 12.59 16 11.11 16 9.5 16 5.91 13.09 3 9.5 3S3 5.91 3 9.5 5.91 16 9.5 16c1.61 0 3.09-.59 4.23-1.57l.27.28v.79l5 4.99L20.49 19zm-6 0C7.01 14 5 11.99 5 9.5S7.01 5 9.5 5 14 7.01 14 9.5 11.99 14 9.5 14&quot;
              /&gt;
            &lt;/svg&gt;
            &lt;input
              aria-invalid=&quot;false&quot;
              class=&quot;MuiInputBase-input MuiOutlinedInput-input MuiInputBase-inputAdornedStart css-1o9s3wi-MuiInputBase-input-MuiOutlinedInput-input&quot;
              id=&quot;:r2e:&quot;
              placeholder=&quot;Oda ara...&quot;
              type=&quot;text&quot;
              value=&quot;&quot;
            /&gt;
            &lt;fieldset
              aria-hidden=&quot;true&quot;
              class=&quot;MuiOutlinedInput-notchedOutline css-r01yff-MuiNotchedOutlined-root-MuiOutlinedInput-notchedOutline&quot;
            &gt;
              &lt;legend
                class=&quot;css-1whs34k-MuiNotchedOutlined-root&quot;
              &gt;
                &lt;span
                  class=&quot;notranslate&quot;
                &gt;
                  ​
                &lt;/span&gt;
             ...

Ignored nodes: comments, script, style
&lt;html&gt;
  &lt;head /&gt;
  &lt;body
    style=&quot;padding-right: 1024px; overflow: hidden;&quot;
  &gt;
    &lt;div
      aria-hidden=&quot;true&quot;
    &gt;
      &lt;div
        class=&quot;MuiBox-root css-19kzrtu&quot;
      &gt;
        &lt;div
          class=&quot;MuiBox-root css-v08z5u&quot;
        &gt;
          &lt;h1
            class=&quot;MuiTypography-root MuiTypography-h4 css-1313egv-MuiTypography-root&quot;
          &gt;
            📚 Grup Çalışma Odaları
          &lt;/h1&gt;
          &lt;button
            class=&quot;MuiButtonBase-root MuiButton-root MuiButton-contained MuiButton-containedPrimary MuiButton-sizeMedium MuiButton-containedSizeMedium MuiButton-colorPrimary MuiButton-root MuiButton-contained MuiButton-containedPrimary MuiButton-sizeMedium MuiButton-containedSizeMedium MuiButton-colorPrimary css-36m6dh-MuiButtonBase-root-MuiButton-root&quot;
            tabindex=&quot;0&quot;
            type=&quot;button&quot;
          &gt;
            &lt;span
              class=&quot;MuiButton-icon MuiButton-startIcon MuiButton-iconSizeMedium css-1d6wzja-MuiButton-startIcon&quot;
            &gt;
              &lt;svg
                aria-hidden=&quot;true&quot;
                class=&quot;MuiSvgIcon-root MuiSvgIcon-fontSizeMedium css-i4bv87-MuiSvgIcon-root&quot;
                data-testid=&quot;AddIcon&quot;
                focusable=&quot;false&quot;
                viewBox=&quot;0 0 24 24&quot;
              &gt;
                &lt;path
                  d=&quot;M19 13h-6v6h-2v-6H5v-2h6V5h2v6h6z&quot;
                /&gt;
              &lt;/svg&gt;
            &lt;/span&gt;
            Yeni Oda Oluştur
            &lt;span
              class=&quot;MuiTouchRipple-root css-8je8zh-MuiTouchRipple-root&quot;
            /&gt;
          &lt;/button&gt;
        &lt;/div&gt;
        &lt;div
          class=&quot;MuiTabs-root css-68gvqn-MuiTabs-root&quot;
        &gt;
          &lt;div
            class=&quot;MuiTabs-scroller MuiTabs-fixed css-jpln7h-MuiTabs-scroller&quot;
            style=&quot;overflow: hidden; margin-bottom: 0px;&quot;
          &gt;
            &lt;div
              class=&quot;MuiTabs-flexContainer css-heg063-MuiTabs-flexContainer&quot;
              role=&quot;tablist&quot;
            &gt;
              &lt;button
                aria-selected=&quot;true&quot;
                class=&quot;MuiButtonBase-root MuiTab-root MuiTab-textColorPrimary Mui-selected css-1h9z7r5-MuiButtonBase-root-MuiTab-root&quot;
                role=&quot;tab&quot;
                tabindex=&quot;0&quot;
                type=&quot;button&quot;
              &gt;
                Tüm Odalar
                &lt;span
                  class=&quot;MuiTouchRipple-root css-8je8zh-MuiTouchRipple-root&quot;
                /&gt;
              &lt;/button&gt;
              &lt;button
                aria-selected=&quot;false&quot;
                class=&quot;MuiButtonBase-root MuiTab-root MuiTab-textColorPrimary css-1h9z7r5-MuiButtonBase-root-MuiTab-root&quot;
                role=&quot;tab&quot;
                tabindex=&quot;-1&quot;
                type=&quot;button&quot;
              &gt;
                Benim Odalarım
                &lt;span
                  class=&quot;MuiTouchRipple-root css-8je8zh-MuiTouchRipple-root&quot;
                /&gt;
              &lt;/button&gt;
              &lt;button
                aria-selected=&quot;false&quot;
                class=&quot;MuiButtonBase-root MuiTab-root MuiTab-textColorPrimary css-1h9z7r5-MuiButtonBase-root-MuiTab-root&quot;
                role=&quot;tab&quot;
                tabindex=&quot;-1&quot;
                type=&quot;button&quot;
              &gt;
                Katıldığım Odalar
                &lt;span
                  class=&quot;MuiTouchRipple-root css-8je8zh-MuiTouchRipple-root&quot;
                /&gt;
              &lt;/button&gt;
            &lt;/div&gt;
            &lt;span
              class=&quot;MuiTabs-indicator css-1aquho2-MuiTabs-indicator&quot;
              style=&quot;left: 0px; width: 0px;&quot;
            /&gt;
          &lt;/div&gt;
        &lt;/div&gt;
        &lt;div
          class=&quot;MuiBox-root css-1lwwoo2&quot;
        &gt;
          &lt;div
            class=&quot;MuiFormControl-root MuiTextField-root css-psptp-MuiFormControl-root-MuiTextField-root&quot;
          &gt;
            &lt;div
              class=&quot;MuiInputBase-root MuiOutlinedInput-root MuiInputBase-colorPrimary MuiInputBase-formControl MuiInputBase-adornedStart css-1q6at85-MuiInputBase-root-MuiOutlinedInput-root&quot;
            &gt;
              &lt;svg
                aria-hidden=&quot;true&quot;
                class=&quot;MuiSvgIcon-root MuiSvgIcon-fontSizeMedium css-12di0er-MuiSvgIcon-root&quot;
                data-testid=&quot;SearchIcon&quot;
                focusable=&quot;false&quot;
                viewBox=&quot;0 0 24 24&quot;
              &gt;
                &lt;path
                  d=&quot;M15.5 14h-.79l-.28-.27C15.41 12.59 16 11.11 16 9.5 16 5.91 13.09 3 9.5 3S3 5.91 3 9.5 5.91 16 9.5 16c1.61 0 3.09-.59 4.23-1.57l.27.28v.79l5 4.99L20.49 19zm-6 0C7.01 14 5 11.99 5 9.5S7.01 5 9.5 5 14 7.01 14 9.5 11.99 14 9.5 14&quot;
                /&gt;
              &lt;/svg&gt;
              &lt;input
                aria-invalid=&quot;false&quot;
                class=&quot;MuiInputBase-input MuiOutlinedInput-input MuiInputBase-inputAdornedStart css-1o9s3wi-MuiInputBase-input-MuiOutlinedInput-input&quot;
                id=&quot;:r2e:&quot;
                placeholder=&quot;Oda ara...&quot;
                type=&quot;text&quot;
                value=&quot;&quot;
              /&gt;
              &lt;fieldset
                aria-hidden=&quot;true&quot;
                class=&quot;MuiOutlinedInput-notchedOutline css-r01yff-MuiNotchedOutlined-root-MuiOutlinedInput-notchedOutline&quot;
              &gt;
                &lt;legend
 ...
 ❯ Proxy.waitForWrapper node_modules/@testing-library/react/node_modules/@testing-library/dom/dist/wait-for.js:163:27
 ❯ src/components/StudyRooms/__tests__/StudyRoomList.test.tsx:265:13
            </failure>
        </testcase>
        <testcase classname="src/components/StudyRooms/__tests__/StudyRoomList.test.tsx" name="StudyRoomList Component &gt; Room Creation &gt; shows password field when password visibility is selected" time="2.9056599">
            <failure message="Found a label with the text of: Gizlilik, however no form control was found associated to that label. Make sure you&apos;re using the &quot;for&quot; attribute or &quot;aria-labelledby&quot; attribute correctly.

Ignored nodes: comments, script, style
[36m&lt;body[39m
  [33mstyle[39m=[32m&quot;padding-right: 1024px; overflow: hidden;&quot;[39m
[36m&gt;[39m
  [36m&lt;div[39m
    [33maria-hidden[39m=[32m&quot;true&quot;[39m
  [36m&gt;[39m
    [36m&lt;div[39m
      [33mclass[39m=[32m&quot;MuiBox-root css-19kzrtu&quot;[39m
    [36m&gt;[39m
      [36m&lt;div[39m
        [33mclass[39m=[32m&quot;MuiBox-root css-v08z5u&quot;[39m
      [36m&gt;[39m
        [36m&lt;h1[39m
          [33mclass[39m=[32m&quot;MuiTypography-root MuiTypography-h4 css-1313egv-MuiTypography-root&quot;[39m
        [36m&gt;[39m
          [0m📚 Grup Çalışma Odaları[0m
        [36m&lt;/h1&gt;[39m
        [36m&lt;button[39m
          [33mclass[39m=[32m&quot;MuiButtonBase-root MuiButton-root MuiButton-contained MuiButton-containedPrimary MuiButton-sizeMedium MuiButton-containedSizeMedium MuiButton-colorPrimary MuiButton-root MuiButton-contained MuiButton-containedPrimary MuiButton-sizeMedium MuiButton-containedSizeMedium MuiButton-colorPrimary css-36m6dh-MuiButtonBase-root-MuiButton-root&quot;[39m
          [33mtabindex[39m=[32m&quot;0&quot;[39m
          [33mtype[39m=[32m&quot;button&quot;[39m
        [36m&gt;[39m
          [36m&lt;span[39m
            [33mclass[39m=[32m&quot;MuiButton-icon MuiButton-startIcon MuiButton-iconSizeMedium css-1d6wzja-MuiButton-startIcon&quot;[39m
          [36m&gt;[39m
            [36m&lt;svg[39m
              [33maria-hidden[39m=[32m&quot;true&quot;[39m
              [33mclass[39m=[32m&quot;MuiSvgIcon-root MuiSvgIcon-fontSizeMedium css-i4bv87-MuiSvgIcon-root&quot;[39m
              [33mdata-testid[39m=[32m&quot;AddIcon&quot;[39m
              [33mfocusable[39m=[32m&quot;false&quot;[39m
              [33mviewBox[39m=[32m&quot;0 0 24 24&quot;[39m
            [36m&gt;[39m
              [36m&lt;path[39m
                [33md[39m=[32m&quot;M19 13h-6v6h-2v-6H5v-2h6V5h2v6h6z&quot;[39m
              [36m/&gt;[39m
            [36m&lt;/svg&gt;[39m
          [36m&lt;/span&gt;[39m
          [0mYeni Oda Oluştur[0m
          [36m&lt;span[39m
            [33mclass[39m=[32m&quot;MuiTouchRipple-root css-8je8zh-MuiTouchRipple-root&quot;[39m
          [36m/&gt;[39m
        [36m&lt;/button&gt;[39m
      [36m&lt;/div&gt;[39m
      [36m&lt;div[39m
        [33mclass[39m=[32m&quot;MuiTabs-root css-68gvqn-MuiTabs-root&quot;[39m
      [36m&gt;[39m
        [36m&lt;div[39m
          [33mclass[39m=[32m&quot;MuiTabs-scroller MuiTabs-fixed css-jpln7h-MuiTabs-scroller&quot;[39m
          [33mstyle[39m=[32m&quot;overflow: hidden; margin-bottom: 0px;&quot;[39m
        [36m&gt;[39m
          [36m&lt;div[39m
            [33mclass[39m=[32m&quot;MuiTabs-flexContainer css-heg063-MuiTabs-flexContainer&quot;[39m
            [33mrole[39m=[32m&quot;tablist&quot;[39m
          [36m&gt;[39m
            [36m&lt;button[39m
              [33maria-selected[39m=[32m&quot;true&quot;[39m
              [33mclass[39m=[32m&quot;MuiButtonBase-root MuiTab-root MuiTab-textColorPrimary Mui-selected css-1h9z7r5-MuiButtonBase-root-MuiTab-root&quot;[39m
              [33mrole[39m=[32m&quot;tab&quot;[39m
              [33mtabindex[39m=[32m&quot;0&quot;[39m
              [33mtype[39m=[32m&quot;button&quot;[39m
            [36m&gt;[39m
              [0mTüm Odalar[0m
              [36m&lt;span[39m
                [33mclass[39m=[32m&quot;MuiTouchRipple-root css-8je8zh-MuiTouchRipple-root&quot;[39m
              [36m/&gt;[39m
            [36m&lt;/button&gt;[39m
            [36m&lt;button[39m
              [33maria-selected[39m=[32m&quot;false&quot;[39m
              [33mclass[39m=[32m&quot;MuiButtonBase-root MuiTab-root MuiTab-textColorPrimary css-1h9z7r5-MuiButtonBase-root-MuiTab-root&quot;[39m
              [33mrole[39m=[32m&quot;tab&quot;[39m
              [33mtabindex[39m=[32m&quot;-1&quot;[39m
              [33mtype[39m=[32m&quot;button&quot;[39m
            [36m&gt;[39m
              [0mBenim Odalarım[0m
              [36m&lt;span[39m
                [33mclass[39m=[32m&quot;MuiTouchRipple-root css-8je8zh-MuiTouchRipple-root&quot;[39m
              [36m/&gt;[39m
            [36m&lt;/button&gt;[39m
            [36m&lt;button[39m
              [33maria-selected[39m=[32m&quot;false&quot;[39m
              [33mclass[39m=[32m&quot;MuiButtonBase-root MuiTab-root MuiTab-textColorPrimary css-1h9z7r5-MuiButtonBase-root-MuiTab-root&quot;[39m
              [33mrole[39m=[32m&quot;tab&quot;[39m
              [33mtabindex[39m=[32m&quot;-1&quot;[39m
              [33mtype[39m=[32m&quot;button&quot;[39m
            [36m&gt;[39m
              [0mKatıldığım Odalar[0m
              [36m&lt;span[39m
                [33mclass[39m=[32m&quot;MuiTouchRipple-root css-8je8zh-MuiTouchRipple-root&quot;[39m
              [36m/&gt;[39m
            [36m&lt;/button&gt;[39m
          [36m&lt;/div&gt;[39m
          [36m&lt;span[39m
            [33mclass[39m=[32m&quot;MuiTabs-indicator css-1aquho2-MuiTabs-indicator&quot;[39m
            [33mstyle[39m=[32m&quot;left: 0px; width: 0px;&quot;[39m
          [36m/&gt;[39m
        [36m&lt;/div&gt;[39m
      [36m&lt;/div&gt;[39m
      [36m&lt;div[39m
        [33mclass[39m=[32m&quot;MuiBox-root css-1lwwoo2&quot;[39m
      [36m&gt;[39m
        [36m&lt;div[39m
          [33mclass[39m=[32m&quot;MuiFormControl-root MuiTextField-root css-psptp-MuiFormControl-root-MuiTextField-root&quot;[39m
        [36m&gt;[39m
          [36m&lt;div[39m
            [33mclass[39m=[32m&quot;MuiInputBase-root MuiOutlinedInput-root MuiInputBase-colorPrimary MuiInputBase-formControl MuiInputBase-adornedStart css-1q6at85-MuiInputBase-root-MuiOutlinedInput-root&quot;[39m
          [36m&gt;[39m
            [36m&lt;svg[39m
              [33maria-hidden[39m=[32m&quot;true&quot;[39m
              [33mclass[39m=[32m&quot;MuiSvgIcon-root MuiSvgIcon-fontSizeMedium css-12di0er-MuiSvgIcon-root&quot;[39m
              [33mdata-testid[39m=[32m&quot;SearchIcon&quot;[39m
              [33mfocusable[39m=[32m&quot;false&quot;[39m
              [33mviewBox[39m=[32m&quot;0 0 24 24&quot;[39m
            [36m&gt;[39m
              [36m&lt;path[39m
                [33md[39m=[32m&quot;M15.5 14h-.79l-.28-.27C15.41 12.59 16 11.11 16 9.5 16 5.91 13.09 3 9.5 3S3 5.91 3 9.5 5.91 16 9.5 16c1.61 0 3.09-.59 4.23-1.57l.27.28v.79l5 4.99L20.49 19zm-6 0C7.01 14 5 11.99 5 9.5S7.01 5 9.5 5 14 7.01 14 9.5 11.99 14 9.5 14&quot;[39m
              [36m/&gt;[39m
            [36m&lt;/svg&gt;[39m
            [36m&lt;input[39m
              [33maria-invalid[39m=[32m&quot;false&quot;[39m
              [33mclass[39m=[32m&quot;MuiInputBase-input MuiOutlinedInput-input MuiInputBase-inputAdornedStart css-1o9s3wi-MuiInputBase-input-MuiOutlinedInput-input&quot;[39m
              [33mid[39m=[32m&quot;:r2o:&quot;[39m
              [33mplaceholder[39m=[32m&quot;Oda ara...&quot;[39m
              [33mtype[39m=[32m&quot;text&quot;[39m
              [33mvalue[39m=[32m&quot;&quot;[39m
            [36m/&gt;[39m
            [36m&lt;fieldset[39m
              [33maria-hidden[39m=[32m&quot;true&quot;[39m
              [33mclass[39m=[32m&quot;MuiOutlinedInput-notchedOutline css-r01yff-MuiNotchedOutlined-root-MuiOutlinedInput-notchedOutline&quot;[39m
            [36m&gt;[39m
              [36m&lt;legend[39m
                [33mclass[39m=[32m&quot;css-1whs34k-MuiNotchedOutlined-root&quot;[39m
              [36m&gt;[39m
                [36m&lt;span[39m
                  [33mclass[39m=[32m&quot;notranslate&quot;[39m
                [36m&gt;[39m
                  [0m​[0m
                [36m&lt;/span&gt;[39m
             ...

Ignored nodes: comments, script, style
[36m&lt;html&gt;[39m
  [36m&lt;head /&gt;[39m
  [36m&lt;body[39m
    [33mstyle[39m=[32m&quot;padding-right: 1024px; overflow: hidden;&quot;[39m
  [36m&gt;[39m
    [36m&lt;div[39m
      [33maria-hidden[39m=[32m&quot;true&quot;[39m
    [36m&gt;[39m
      [36m&lt;div[39m
        [33mclass[39m=[32m&quot;MuiBox-root css-19kzrtu&quot;[39m
      [36m&gt;[39m
        [36m&lt;div[39m
          [33mclass[39m=[32m&quot;MuiBox-root css-v08z5u&quot;[39m
        [36m&gt;[39m
          [36m&lt;h1[39m
            [33mclass[39m=[32m&quot;MuiTypography-root MuiTypography-h4 css-1313egv-MuiTypography-root&quot;[39m
          [36m&gt;[39m
            [0m📚 Grup Çalışma Odaları[0m
          [36m&lt;/h1&gt;[39m
          [36m&lt;button[39m
            [33mclass[39m=[32m&quot;MuiButtonBase-root MuiButton-root MuiButton-contained MuiButton-containedPrimary MuiButton-sizeMedium MuiButton-containedSizeMedium MuiButton-colorPrimary MuiButton-root MuiButton-contained MuiButton-containedPrimary MuiButton-sizeMedium MuiButton-containedSizeMedium MuiButton-colorPrimary css-36m6dh-MuiButtonBase-root-MuiButton-root&quot;[39m
            [33mtabindex[39m=[32m&quot;0&quot;[39m
            [33mtype[39m=[32m&quot;button&quot;[39m
          [36m&gt;[39m
            [36m&lt;span[39m
              [33mclass[39m=[32m&quot;MuiButton-icon MuiButton-startIcon MuiButton-iconSizeMedium css-1d6wzja-MuiButton-startIcon&quot;[39m
            [36m&gt;[39m
              [36m&lt;svg[39m
                [33maria-hidden[39m=[32m&quot;true&quot;[39m
                [33mclass[39m=[32m&quot;MuiSvgIcon-root MuiSvgIcon-fontSizeMedium css-i4bv87-MuiSvgIcon-root&quot;[39m
                [33mdata-testid[39m=[32m&quot;AddIcon&quot;[39m
                [33mfocusable[39m=[32m&quot;false&quot;[39m
                [33mviewBox[39m=[32m&quot;0 0 24 24&quot;[39m
              [36m&gt;[39m
                [36m&lt;path[39m
                  [33md[39m=[32m&quot;M19 13h-6v6h-2v-6H5v-2h6V5h2v6h6z&quot;[39m
                [36m/&gt;[39m
              [36m&lt;/svg&gt;[39m
            [36m&lt;/span&gt;[39m
            [0mYeni Oda Oluştur[0m
            [36m&lt;span[39m
              [33mclass[39m=[32m&quot;MuiTouchRipple-root css-8je8zh-MuiTouchRipple-root&quot;[39m
            [36m/&gt;[39m
          [36m&lt;/button&gt;[39m
        [36m&lt;/div&gt;[39m
        [36m&lt;div[39m
          [33mclass[39m=[32m&quot;MuiTabs-root css-68gvqn-MuiTabs-root&quot;[39m
        [36m&gt;[39m
          [36m&lt;div[39m
            [33mclass[39m=[32m&quot;MuiTabs-scroller MuiTabs-fixed css-jpln7h-MuiTabs-scroller&quot;[39m
            [33mstyle[39m=[32m&quot;overflow: hidden; margin-bottom: 0px;&quot;[39m
          [36m&gt;[39m
            [36m&lt;div[39m
              [33mclass[39m=[32m&quot;MuiTabs-flexContainer css-heg063-MuiTabs-flexContainer&quot;[39m
              [33mrole[39m=[32m&quot;tablist&quot;[39m
            [36m&gt;[39m
              [36m&lt;button[39m
                [33maria-selected[39m=[32m&quot;true&quot;[39m
                [33mclass[39m=[32m&quot;MuiButtonBase-root MuiTab-root MuiTab-textColorPrimary Mui-selected css-1h9z7r5-MuiButtonBase-root-MuiTab-root&quot;[39m
                [33mrole[39m=[32m&quot;tab&quot;[39m
                [33mtabindex[39m=[32m&quot;0&quot;[39m
                [33mtype[39m=[32m&quot;button&quot;[39m
              [36m&gt;[39m
                [0mTüm Odalar[0m
                [36m&lt;span[39m
                  [33mclass[39m=[32m&quot;MuiTouchRipple-root css-8je8zh-MuiTouchRipple-root&quot;[39m
                [36m/&gt;[39m
              [36m&lt;/button&gt;[39m
              [36m&lt;button[39m
                [33maria-selected[39m=[32m&quot;false&quot;[39m
                [33mclass[39m=[32m&quot;MuiButtonBase-root MuiTab-root MuiTab-textColorPrimary css-1h9z7r5-MuiButtonBase-root-MuiTab-root&quot;[39m
                [33mrole[39m=[32m&quot;tab&quot;[39m
                [33mtabindex[39m=[32m&quot;-1&quot;[39m
                [33mtype[39m=[32m&quot;button&quot;[39m
              [36m&gt;[39m
                [0mBenim Odalarım[0m
                [36m&lt;span[39m
                  [33mclass[39m=[32m&quot;MuiTouchRipple-root css-8je8zh-MuiTouchRipple-root&quot;[39m
                [36m/&gt;[39m
              [36m&lt;/button&gt;[39m
              [36m&lt;button[39m
                [33maria-selected[39m=[32m&quot;false&quot;[39m
                [33mclass[39m=[32m&quot;MuiButtonBase-root MuiTab-root MuiTab-textColorPrimary css-1h9z7r5-MuiButtonBase-root-MuiTab-root&quot;[39m
                [33mrole[39m=[32m&quot;tab&quot;[39m
                [33mtabindex[39m=[32m&quot;-1&quot;[39m
                [33mtype[39m=[32m&quot;button&quot;[39m
              [36m&gt;[39m
                [0mKatıldığım Odalar[0m
                [36m&lt;span[39m
                  [33mclass[39m=[32m&quot;MuiTouchRipple-root css-8je8zh-MuiTouchRipple-root&quot;[39m
                [36m/&gt;[39m
              [36m&lt;/button&gt;[39m
            [36m&lt;/div&gt;[39m
            [36m&lt;span[39m
              [33mclass[39m=[32m&quot;MuiTabs-indicator css-1aquho2-MuiTabs-indicator&quot;[39m
              [33mstyle[39m=[32m&quot;left: 0px; width: 0px;&quot;[39m
            [36m/&gt;[39m
          [36m&lt;/div&gt;[39m
        [36m&lt;/div&gt;[39m
        [36m&lt;div[39m
          [33mclass[39m=[32m&quot;MuiBox-root css-1lwwoo2&quot;[39m
        [36m&gt;[39m
          [36m&lt;div[39m
            [33mclass[39m=[32m&quot;MuiFormControl-root MuiTextField-root css-psptp-MuiFormControl-root-MuiTextField-root&quot;[39m
          [36m&gt;[39m
            [36m&lt;div[39m
              [33mclass[39m=[32m&quot;MuiInputBase-root MuiOutlinedInput-root MuiInputBase-colorPrimary MuiInputBase-formControl MuiInputBase-adornedStart css-1q6at85-MuiInputBase-root-MuiOutlinedInput-root&quot;[39m
            [36m&gt;[39m
              [36m&lt;svg[39m
                [33maria-hidden[39m=[32m&quot;true&quot;[39m
                [33mclass[39m=[32m&quot;MuiSvgIcon-root MuiSvgIcon-fontSizeMedium css-12di0er-MuiSvgIcon-root&quot;[39m
                [33mdata-testid[39m=[32m&quot;SearchIcon&quot;[39m
                [33mfocusable[39m=[32m&quot;false&quot;[39m
                [33mviewBox[39m=[32m&quot;0 0 24 24&quot;[39m
              [36m&gt;[39m
                [36m&lt;path[39m
                  [33md[39m=[32m&quot;M15.5 14h-.79l-.28-.27C15.41 12.59 16 11.11 16 9.5 16 5.91 13.09 3 9.5 3S3 5.91 3 9.5 5.91 16 9.5 16c1.61 0 3.09-.59 4.23-1.57l.27.28v.79l5 4.99L20.49 19zm-6 0C7.01 14 5 11.99 5 9.5S7.01 5 9.5 5 14 7.01 14 9.5 11.99 14 9.5 14&quot;[39m
                [36m/&gt;[39m
              [36m&lt;/svg&gt;[39m
              [36m&lt;input[39m
                [33maria-invalid[39m=[32m&quot;false&quot;[39m
                [33mclass[39m=[32m&quot;MuiInputBase-input MuiOutlinedInput-input MuiInputBase-inputAdornedStart css-1o9s3wi-MuiInputBase-input-MuiOutlinedInput-input&quot;[39m
                [33mid[39m=[32m&quot;:r2o:&quot;[39m
                [33mplaceholder[39m=[32m&quot;Oda ara...&quot;[39m
                [33mtype[39m=[32m&quot;text&quot;[39m
                [33mvalue[39m=[32m&quot;&quot;[39m
              [36m/&gt;[39m
              [36m&lt;fieldset[39m
                [33maria-hidden[39m=[32m&quot;true&quot;[39m
                [33mclass[39m=[32m&quot;MuiOutlinedInput-notchedOutline css-r01yff-MuiNotchedOutlined-root-MuiOutlinedInput-notchedOutline&quot;[39m
              [36m&gt;[39m
                [36m&lt;legend[39m
 ..." type="TestingLibraryElementError">
TestingLibraryElementError: Found a label with the text of: Gizlilik, however no form control was found associated to that label. Make sure you&apos;re using the &quot;for&quot; attribute or &quot;aria-labelledby&quot; attribute correctly.

Ignored nodes: comments, script, style
&lt;body
  style=&quot;padding-right: 1024px; overflow: hidden;&quot;
&gt;
  &lt;div
    aria-hidden=&quot;true&quot;
  &gt;
    &lt;div
      class=&quot;MuiBox-root css-19kzrtu&quot;
    &gt;
      &lt;div
        class=&quot;MuiBox-root css-v08z5u&quot;
      &gt;
        &lt;h1
          class=&quot;MuiTypography-root MuiTypography-h4 css-1313egv-MuiTypography-root&quot;
        &gt;
          📚 Grup Çalışma Odaları
        &lt;/h1&gt;
        &lt;button
          class=&quot;MuiButtonBase-root MuiButton-root MuiButton-contained MuiButton-containedPrimary MuiButton-sizeMedium MuiButton-containedSizeMedium MuiButton-colorPrimary MuiButton-root MuiButton-contained MuiButton-containedPrimary MuiButton-sizeMedium MuiButton-containedSizeMedium MuiButton-colorPrimary css-36m6dh-MuiButtonBase-root-MuiButton-root&quot;
          tabindex=&quot;0&quot;
          type=&quot;button&quot;
        &gt;
          &lt;span
            class=&quot;MuiButton-icon MuiButton-startIcon MuiButton-iconSizeMedium css-1d6wzja-MuiButton-startIcon&quot;
          &gt;
            &lt;svg
              aria-hidden=&quot;true&quot;
              class=&quot;MuiSvgIcon-root MuiSvgIcon-fontSizeMedium css-i4bv87-MuiSvgIcon-root&quot;
              data-testid=&quot;AddIcon&quot;
              focusable=&quot;false&quot;
              viewBox=&quot;0 0 24 24&quot;
            &gt;
              &lt;path
                d=&quot;M19 13h-6v6h-2v-6H5v-2h6V5h2v6h6z&quot;
              /&gt;
            &lt;/svg&gt;
          &lt;/span&gt;
          Yeni Oda Oluştur
          &lt;span
            class=&quot;MuiTouchRipple-root css-8je8zh-MuiTouchRipple-root&quot;
          /&gt;
        &lt;/button&gt;
      &lt;/div&gt;
      &lt;div
        class=&quot;MuiTabs-root css-68gvqn-MuiTabs-root&quot;
      &gt;
        &lt;div
          class=&quot;MuiTabs-scroller MuiTabs-fixed css-jpln7h-MuiTabs-scroller&quot;
          style=&quot;overflow: hidden; margin-bottom: 0px;&quot;
        &gt;
          &lt;div
            class=&quot;MuiTabs-flexContainer css-heg063-MuiTabs-flexContainer&quot;
            role=&quot;tablist&quot;
          &gt;
            &lt;button
              aria-selected=&quot;true&quot;
              class=&quot;MuiButtonBase-root MuiTab-root MuiTab-textColorPrimary Mui-selected css-1h9z7r5-MuiButtonBase-root-MuiTab-root&quot;
              role=&quot;tab&quot;
              tabindex=&quot;0&quot;
              type=&quot;button&quot;
            &gt;
              Tüm Odalar
              &lt;span
                class=&quot;MuiTouchRipple-root css-8je8zh-MuiTouchRipple-root&quot;
              /&gt;
            &lt;/button&gt;
            &lt;button
              aria-selected=&quot;false&quot;
              class=&quot;MuiButtonBase-root MuiTab-root MuiTab-textColorPrimary css-1h9z7r5-MuiButtonBase-root-MuiTab-root&quot;
              role=&quot;tab&quot;
              tabindex=&quot;-1&quot;
              type=&quot;button&quot;
            &gt;
              Benim Odalarım
              &lt;span
                class=&quot;MuiTouchRipple-root css-8je8zh-MuiTouchRipple-root&quot;
              /&gt;
            &lt;/button&gt;
            &lt;button
              aria-selected=&quot;false&quot;
              class=&quot;MuiButtonBase-root MuiTab-root MuiTab-textColorPrimary css-1h9z7r5-MuiButtonBase-root-MuiTab-root&quot;
              role=&quot;tab&quot;
              tabindex=&quot;-1&quot;
              type=&quot;button&quot;
            &gt;
              Katıldığım Odalar
              &lt;span
                class=&quot;MuiTouchRipple-root css-8je8zh-MuiTouchRipple-root&quot;
              /&gt;
            &lt;/button&gt;
          &lt;/div&gt;
          &lt;span
            class=&quot;MuiTabs-indicator css-1aquho2-MuiTabs-indicator&quot;
            style=&quot;left: 0px; width: 0px;&quot;
          /&gt;
        &lt;/div&gt;
      &lt;/div&gt;
      &lt;div
        class=&quot;MuiBox-root css-1lwwoo2&quot;
      &gt;
        &lt;div
          class=&quot;MuiFormControl-root MuiTextField-root css-psptp-MuiFormControl-root-MuiTextField-root&quot;
        &gt;
          &lt;div
            class=&quot;MuiInputBase-root MuiOutlinedInput-root MuiInputBase-colorPrimary MuiInputBase-formControl MuiInputBase-adornedStart css-1q6at85-MuiInputBase-root-MuiOutlinedInput-root&quot;
          &gt;
            &lt;svg
              aria-hidden=&quot;true&quot;
              class=&quot;MuiSvgIcon-root MuiSvgIcon-fontSizeMedium css-12di0er-MuiSvgIcon-root&quot;
              data-testid=&quot;SearchIcon&quot;
              focusable=&quot;false&quot;
              viewBox=&quot;0 0 24 24&quot;
            &gt;
              &lt;path
                d=&quot;M15.5 14h-.79l-.28-.27C15.41 12.59 16 11.11 16 9.5 16 5.91 13.09 3 9.5 3S3 5.91 3 9.5 5.91 16 9.5 16c1.61 0 3.09-.59 4.23-1.57l.27.28v.79l5 4.99L20.49 19zm-6 0C7.01 14 5 11.99 5 9.5S7.01 5 9.5 5 14 7.01 14 9.5 11.99 14 9.5 14&quot;
              /&gt;
            &lt;/svg&gt;
            &lt;input
              aria-invalid=&quot;false&quot;
              class=&quot;MuiInputBase-input MuiOutlinedInput-input MuiInputBase-inputAdornedStart css-1o9s3wi-MuiInputBase-input-MuiOutlinedInput-input&quot;
              id=&quot;:r2o:&quot;
              placeholder=&quot;Oda ara...&quot;
              type=&quot;text&quot;
              value=&quot;&quot;
            /&gt;
            &lt;fieldset
              aria-hidden=&quot;true&quot;
              class=&quot;MuiOutlinedInput-notchedOutline css-r01yff-MuiNotchedOutlined-root-MuiOutlinedInput-notchedOutline&quot;
            &gt;
              &lt;legend
                class=&quot;css-1whs34k-MuiNotchedOutlined-root&quot;
              &gt;
                &lt;span
                  class=&quot;notranslate&quot;
                &gt;
                  ​
                &lt;/span&gt;
             ...

Ignored nodes: comments, script, style
&lt;html&gt;
  &lt;head /&gt;
  &lt;body
    style=&quot;padding-right: 1024px; overflow: hidden;&quot;
  &gt;
    &lt;div
      aria-hidden=&quot;true&quot;
    &gt;
      &lt;div
        class=&quot;MuiBox-root css-19kzrtu&quot;
      &gt;
        &lt;div
          class=&quot;MuiBox-root css-v08z5u&quot;
        &gt;
          &lt;h1
            class=&quot;MuiTypography-root MuiTypography-h4 css-1313egv-MuiTypography-root&quot;
          &gt;
            📚 Grup Çalışma Odaları
          &lt;/h1&gt;
          &lt;button
            class=&quot;MuiButtonBase-root MuiButton-root MuiButton-contained MuiButton-containedPrimary MuiButton-sizeMedium MuiButton-containedSizeMedium MuiButton-colorPrimary MuiButton-root MuiButton-contained MuiButton-containedPrimary MuiButton-sizeMedium MuiButton-containedSizeMedium MuiButton-colorPrimary css-36m6dh-MuiButtonBase-root-MuiButton-root&quot;
            tabindex=&quot;0&quot;
            type=&quot;button&quot;
          &gt;
            &lt;span
              class=&quot;MuiButton-icon MuiButton-startIcon MuiButton-iconSizeMedium css-1d6wzja-MuiButton-startIcon&quot;
            &gt;
              &lt;svg
                aria-hidden=&quot;true&quot;
                class=&quot;MuiSvgIcon-root MuiSvgIcon-fontSizeMedium css-i4bv87-MuiSvgIcon-root&quot;
                data-testid=&quot;AddIcon&quot;
                focusable=&quot;false&quot;
                viewBox=&quot;0 0 24 24&quot;
              &gt;
                &lt;path
                  d=&quot;M19 13h-6v6h-2v-6H5v-2h6V5h2v6h6z&quot;
                /&gt;
              &lt;/svg&gt;
            &lt;/span&gt;
            Yeni Oda Oluştur
            &lt;span
              class=&quot;MuiTouchRipple-root css-8je8zh-MuiTouchRipple-root&quot;
            /&gt;
          &lt;/button&gt;
        &lt;/div&gt;
        &lt;div
          class=&quot;MuiTabs-root css-68gvqn-MuiTabs-root&quot;
        &gt;
          &lt;div
            class=&quot;MuiTabs-scroller MuiTabs-fixed css-jpln7h-MuiTabs-scroller&quot;
            style=&quot;overflow: hidden; margin-bottom: 0px;&quot;
          &gt;
            &lt;div
              class=&quot;MuiTabs-flexContainer css-heg063-MuiTabs-flexContainer&quot;
              role=&quot;tablist&quot;
            &gt;
              &lt;button
                aria-selected=&quot;true&quot;
                class=&quot;MuiButtonBase-root MuiTab-root MuiTab-textColorPrimary Mui-selected css-1h9z7r5-MuiButtonBase-root-MuiTab-root&quot;
                role=&quot;tab&quot;
                tabindex=&quot;0&quot;
                type=&quot;button&quot;
              &gt;
                Tüm Odalar
                &lt;span
                  class=&quot;MuiTouchRipple-root css-8je8zh-MuiTouchRipple-root&quot;
                /&gt;
              &lt;/button&gt;
              &lt;button
                aria-selected=&quot;false&quot;
                class=&quot;MuiButtonBase-root MuiTab-root MuiTab-textColorPrimary css-1h9z7r5-MuiButtonBase-root-MuiTab-root&quot;
                role=&quot;tab&quot;
                tabindex=&quot;-1&quot;
                type=&quot;button&quot;
              &gt;
                Benim Odalarım
                &lt;span
                  class=&quot;MuiTouchRipple-root css-8je8zh-MuiTouchRipple-root&quot;
                /&gt;
              &lt;/button&gt;
              &lt;button
                aria-selected=&quot;false&quot;
                class=&quot;MuiButtonBase-root MuiTab-root MuiTab-textColorPrimary css-1h9z7r5-MuiButtonBase-root-MuiTab-root&quot;
                role=&quot;tab&quot;
                tabindex=&quot;-1&quot;
                type=&quot;button&quot;
              &gt;
                Katıldığım Odalar
                &lt;span
                  class=&quot;MuiTouchRipple-root css-8je8zh-MuiTouchRipple-root&quot;
                /&gt;
              &lt;/button&gt;
            &lt;/div&gt;
            &lt;span
              class=&quot;MuiTabs-indicator css-1aquho2-MuiTabs-indicator&quot;
              style=&quot;left: 0px; width: 0px;&quot;
            /&gt;
          &lt;/div&gt;
        &lt;/div&gt;
        &lt;div
          class=&quot;MuiBox-root css-1lwwoo2&quot;
        &gt;
          &lt;div
            class=&quot;MuiFormControl-root MuiTextField-root css-psptp-MuiFormControl-root-MuiTextField-root&quot;
          &gt;
            &lt;div
              class=&quot;MuiInputBase-root MuiOutlinedInput-root MuiInputBase-colorPrimary MuiInputBase-formControl MuiInputBase-adornedStart css-1q6at85-MuiInputBase-root-MuiOutlinedInput-root&quot;
            &gt;
              &lt;svg
                aria-hidden=&quot;true&quot;
                class=&quot;MuiSvgIcon-root MuiSvgIcon-fontSizeMedium css-12di0er-MuiSvgIcon-root&quot;
                data-testid=&quot;SearchIcon&quot;
                focusable=&quot;false&quot;
                viewBox=&quot;0 0 24 24&quot;
              &gt;
                &lt;path
                  d=&quot;M15.5 14h-.79l-.28-.27C15.41 12.59 16 11.11 16 9.5 16 5.91 13.09 3 9.5 3S3 5.91 3 9.5 5.91 16 9.5 16c1.61 0 3.09-.59 4.23-1.57l.27.28v.79l5 4.99L20.49 19zm-6 0C7.01 14 5 11.99 5 9.5S7.01 5 9.5 5 14 7.01 14 9.5 11.99 14 9.5 14&quot;
                /&gt;
              &lt;/svg&gt;
              &lt;input
                aria-invalid=&quot;false&quot;
                class=&quot;MuiInputBase-input MuiOutlinedInput-input MuiInputBase-inputAdornedStart css-1o9s3wi-MuiInputBase-input-MuiOutlinedInput-input&quot;
                id=&quot;:r2o:&quot;
                placeholder=&quot;Oda ara...&quot;
                type=&quot;text&quot;
                value=&quot;&quot;
              /&gt;
              &lt;fieldset
                aria-hidden=&quot;true&quot;
                class=&quot;MuiOutlinedInput-notchedOutline css-r01yff-MuiNotchedOutlined-root-MuiOutlinedInput-notchedOutline&quot;
              &gt;
                &lt;legend
 ...
 ❯ Proxy.waitForWrapper node_modules/@testing-library/react/node_modules/@testing-library/dom/dist/wait-for.js:163:27
 ❯ src/components/StudyRooms/__tests__/StudyRoomList.test.tsx:285:13
            </failure>
        </testcase>
        <testcase classname="src/components/StudyRooms/__tests__/StudyRoomList.test.tsx" name="StudyRoomList Component &gt; Room Creation &gt; closes dialog on cancel" time="3.2932596">
        </testcase>
        <testcase classname="src/components/StudyRooms/__tests__/StudyRoomList.test.tsx" name="StudyRoomList Component &gt; Room Joining &gt; calls onRoomSelect when join button is clicked for public room" time="0.4164927">
        </testcase>
        <testcase classname="src/components/StudyRooms/__tests__/StudyRoomList.test.tsx" name="StudyRoomList Component &gt; Room Joining &gt; prompts for password when joining password-protected room" time="0.4287542">
        </testcase>
        <testcase classname="src/components/StudyRooms/__tests__/StudyRoomList.test.tsx" name="StudyRoomList Component &gt; Room Joining &gt; disables join button for full rooms" time="0.342692">
        </testcase>
        <testcase classname="src/components/StudyRooms/__tests__/StudyRoomList.test.tsx" name="StudyRoomList Component &gt; Empty State &gt; displays empty state when no rooms exist" time="0.3179154">
        </testcase>
        <testcase classname="src/components/StudyRooms/__tests__/StudyRoomList.test.tsx" name="StudyRoomList Component &gt; Empty State &gt; displays empty state when filters return no results" time="0.5185873">
        </testcase>
        <testcase classname="src/components/StudyRooms/__tests__/StudyRoomList.test.tsx" name="StudyRoomList Component &gt; Error Handling &gt; handles API errors gracefully" time="0.2365241">
        </testcase>
        <testcase classname="src/components/StudyRooms/__tests__/StudyRoomList.test.tsx" name="StudyRoomList Component &gt; Error Handling &gt; handles room creation errors" time="2.6676706">
            <failure message="Unable to find a label with the text of: Oda Adı

Ignored nodes: comments, script, style
[36m&lt;body[39m
  [33mstyle[39m=[32m&quot;padding-right: 1024px; overflow: hidden;&quot;[39m
[36m&gt;[39m
  [36m&lt;div[39m
    [33maria-hidden[39m=[32m&quot;true&quot;[39m
  [36m&gt;[39m
    [36m&lt;div[39m
      [33mclass[39m=[32m&quot;MuiBox-root css-19kzrtu&quot;[39m
    [36m&gt;[39m
      [36m&lt;div[39m
        [33mclass[39m=[32m&quot;MuiBox-root css-v08z5u&quot;[39m
      [36m&gt;[39m
        [36m&lt;h1[39m
          [33mclass[39m=[32m&quot;MuiTypography-root MuiTypography-h4 css-1313egv-MuiTypography-root&quot;[39m
        [36m&gt;[39m
          [0m📚 Grup Çalışma Odaları[0m
        [36m&lt;/h1&gt;[39m
        [36m&lt;button[39m
          [33mclass[39m=[32m&quot;MuiButtonBase-root MuiButton-root MuiButton-contained MuiButton-containedPrimary MuiButton-sizeMedium MuiButton-containedSizeMedium MuiButton-colorPrimary MuiButton-root MuiButton-contained MuiButton-containedPrimary MuiButton-sizeMedium MuiButton-containedSizeMedium MuiButton-colorPrimary css-36m6dh-MuiButtonBase-root-MuiButton-root&quot;[39m
          [33mtabindex[39m=[32m&quot;0&quot;[39m
          [33mtype[39m=[32m&quot;button&quot;[39m
        [36m&gt;[39m
          [36m&lt;span[39m
            [33mclass[39m=[32m&quot;MuiButton-icon MuiButton-startIcon MuiButton-iconSizeMedium css-1d6wzja-MuiButton-startIcon&quot;[39m
          [36m&gt;[39m
            [36m&lt;svg[39m
              [33maria-hidden[39m=[32m&quot;true&quot;[39m
              [33mclass[39m=[32m&quot;MuiSvgIcon-root MuiSvgIcon-fontSizeMedium css-i4bv87-MuiSvgIcon-root&quot;[39m
              [33mdata-testid[39m=[32m&quot;AddIcon&quot;[39m
              [33mfocusable[39m=[32m&quot;false&quot;[39m
              [33mviewBox[39m=[32m&quot;0 0 24 24&quot;[39m
            [36m&gt;[39m
              [36m&lt;path[39m
                [33md[39m=[32m&quot;M19 13h-6v6h-2v-6H5v-2h6V5h2v6h6z&quot;[39m
              [36m/&gt;[39m
            [36m&lt;/svg&gt;[39m
          [36m&lt;/span&gt;[39m
          [0mYeni Oda Oluştur[0m
          [36m&lt;span[39m
            [33mclass[39m=[32m&quot;MuiTouchRipple-root css-8je8zh-MuiTouchRipple-root&quot;[39m
          [36m/&gt;[39m
        [36m&lt;/button&gt;[39m
      [36m&lt;/div&gt;[39m
      [36m&lt;div[39m
        [33mclass[39m=[32m&quot;MuiTabs-root css-68gvqn-MuiTabs-root&quot;[39m
      [36m&gt;[39m
        [36m&lt;div[39m
          [33mclass[39m=[32m&quot;MuiTabs-scroller MuiTabs-fixed css-jpln7h-MuiTabs-scroller&quot;[39m
          [33mstyle[39m=[32m&quot;overflow: hidden; margin-bottom: 0px;&quot;[39m
        [36m&gt;[39m
          [36m&lt;div[39m
            [33mclass[39m=[32m&quot;MuiTabs-flexContainer css-heg063-MuiTabs-flexContainer&quot;[39m
            [33mrole[39m=[32m&quot;tablist&quot;[39m
          [36m&gt;[39m
            [36m&lt;button[39m
              [33maria-selected[39m=[32m&quot;true&quot;[39m
              [33mclass[39m=[32m&quot;MuiButtonBase-root MuiTab-root MuiTab-textColorPrimary Mui-selected css-1h9z7r5-MuiButtonBase-root-MuiTab-root&quot;[39m
              [33mrole[39m=[32m&quot;tab&quot;[39m
              [33mtabindex[39m=[32m&quot;0&quot;[39m
              [33mtype[39m=[32m&quot;button&quot;[39m
            [36m&gt;[39m
              [0mTüm Odalar[0m
              [36m&lt;span[39m
                [33mclass[39m=[32m&quot;MuiTouchRipple-root css-8je8zh-MuiTouchRipple-root&quot;[39m
              [36m/&gt;[39m
            [36m&lt;/button&gt;[39m
            [36m&lt;button[39m
              [33maria-selected[39m=[32m&quot;false&quot;[39m
              [33mclass[39m=[32m&quot;MuiButtonBase-root MuiTab-root MuiTab-textColorPrimary css-1h9z7r5-MuiButtonBase-root-MuiTab-root&quot;[39m
              [33mrole[39m=[32m&quot;tab&quot;[39m
              [33mtabindex[39m=[32m&quot;-1&quot;[39m
              [33mtype[39m=[32m&quot;button&quot;[39m
            [36m&gt;[39m
              [0mBenim Odalarım[0m
              [36m&lt;span[39m
                [33mclass[39m=[32m&quot;MuiTouchRipple-root css-8je8zh-MuiTouchRipple-root&quot;[39m
              [36m/&gt;[39m
            [36m&lt;/button&gt;[39m
            [36m&lt;button[39m
              [33maria-selected[39m=[32m&quot;false&quot;[39m
              [33mclass[39m=[32m&quot;MuiButtonBase-root MuiTab-root MuiTab-textColorPrimary css-1h9z7r5-MuiButtonBase-root-MuiTab-root&quot;[39m
              [33mrole[39m=[32m&quot;tab&quot;[39m
              [33mtabindex[39m=[32m&quot;-1&quot;[39m
              [33mtype[39m=[32m&quot;button&quot;[39m
            [36m&gt;[39m
              [0mKatıldığım Odalar[0m
              [36m&lt;span[39m
                [33mclass[39m=[32m&quot;MuiTouchRipple-root css-8je8zh-MuiTouchRipple-root&quot;[39m
              [36m/&gt;[39m
            [36m&lt;/button&gt;[39m
          [36m&lt;/div&gt;[39m
          [36m&lt;span[39m
            [33mclass[39m=[32m&quot;MuiTabs-indicator css-1aquho2-MuiTabs-indicator&quot;[39m
            [33mstyle[39m=[32m&quot;left: 0px; width: 0px;&quot;[39m
          [36m/&gt;[39m
        [36m&lt;/div&gt;[39m
      [36m&lt;/div&gt;[39m
      [36m&lt;div[39m
        [33mclass[39m=[32m&quot;MuiBox-root css-1lwwoo2&quot;[39m
      [36m&gt;[39m
        [36m&lt;div[39m
          [33mclass[39m=[32m&quot;MuiFormControl-root MuiTextField-root css-psptp-MuiFormControl-root-MuiTextField-root&quot;[39m
        [36m&gt;[39m
          [36m&lt;div[39m
            [33mclass[39m=[32m&quot;MuiInputBase-root MuiOutlinedInput-root MuiInputBase-colorPrimary MuiInputBase-formControl MuiInputBase-adornedStart css-1q6at85-MuiInputBase-root-MuiOutlinedInput-root&quot;[39m
          [36m&gt;[39m
            [36m&lt;svg[39m
              [33maria-hidden[39m=[32m&quot;true&quot;[39m
              [33mclass[39m=[32m&quot;MuiSvgIcon-root MuiSvgIcon-fontSizeMedium css-12di0er-MuiSvgIcon-root&quot;[39m
              [33mdata-testid[39m=[32m&quot;SearchIcon&quot;[39m
              [33mfocusable[39m=[32m&quot;false&quot;[39m
              [33mviewBox[39m=[32m&quot;0 0 24 24&quot;[39m
            [36m&gt;[39m
              [36m&lt;path[39m
                [33md[39m=[32m&quot;M15.5 14h-.79l-.28-.27C15.41 12.59 16 11.11 16 9.5 16 5.91 13.09 3 9.5 3S3 5.91 3 9.5 5.91 16 9.5 16c1.61 0 3.09-.59 4.23-1.57l.27.28v.79l5 4.99L20.49 19zm-6 0C7.01 14 5 11.99 5 9.5S7.01 5 9.5 5 14 7.01 14 9.5 11.99 14 9.5 14&quot;[39m
              [36m/&gt;[39m
            [36m&lt;/svg&gt;[39m
            [36m&lt;input[39m
              [33maria-invalid[39m=[32m&quot;false&quot;[39m
              [33mclass[39m=[32m&quot;MuiInputBase-input MuiOutlinedInput-input MuiInputBase-inputAdornedStart css-1o9s3wi-MuiInputBase-input-MuiOutlinedInput-input&quot;[39m
              [33mid[39m=[32m&quot;:r44:&quot;[39m
              [33mplaceholder[39m=[32m&quot;Oda ara...&quot;[39m
              [33mtype[39m=[32m&quot;text&quot;[39m
              [33mvalue[39m=[32m&quot;&quot;[39m
            [36m/&gt;[39m
            [36m&lt;fieldset[39m
              [33maria-hidden[39m=[32m&quot;true&quot;[39m
              [33mclass[39m=[32m&quot;MuiOutlinedInput-notchedOutline css-r01yff-MuiNotchedOutlined-root-MuiOutlinedInput-notchedOutline&quot;[39m
            [36m&gt;[39m
              [36m&lt;legend[39m
                [33mclass[39m=[32m&quot;css-1whs34k-MuiNotchedOutlined-root&quot;[39m
              [36m&gt;[39m
                [36m&lt;span[39m
                  [33mclass[39m=[32m&quot;notranslate&quot;[39m
                [36m&gt;[39m
                  [0m​[0m
                [36m&lt;/span&gt;[39m
             ...

Ignored nodes: comments, script, style
[36m&lt;html&gt;[39m
  [36m&lt;head /&gt;[39m
  [36m&lt;body[39m
    [33mstyle[39m=[32m&quot;padding-right: 1024px; overflow: hidden;&quot;[39m
  [36m&gt;[39m
    [36m&lt;div[39m
      [33maria-hidden[39m=[32m&quot;true&quot;[39m
    [36m&gt;[39m
      [36m&lt;div[39m
        [33mclass[39m=[32m&quot;MuiBox-root css-19kzrtu&quot;[39m
      [36m&gt;[39m
        [36m&lt;div[39m
          [33mclass[39m=[32m&quot;MuiBox-root css-v08z5u&quot;[39m
        [36m&gt;[39m
          [36m&lt;h1[39m
            [33mclass[39m=[32m&quot;MuiTypography-root MuiTypography-h4 css-1313egv-MuiTypography-root&quot;[39m
          [36m&gt;[39m
            [0m📚 Grup Çalışma Odaları[0m
          [36m&lt;/h1&gt;[39m
          [36m&lt;button[39m
            [33mclass[39m=[32m&quot;MuiButtonBase-root MuiButton-root MuiButton-contained MuiButton-containedPrimary MuiButton-sizeMedium MuiButton-containedSizeMedium MuiButton-colorPrimary MuiButton-root MuiButton-contained MuiButton-containedPrimary MuiButton-sizeMedium MuiButton-containedSizeMedium MuiButton-colorPrimary css-36m6dh-MuiButtonBase-root-MuiButton-root&quot;[39m
            [33mtabindex[39m=[32m&quot;0&quot;[39m
            [33mtype[39m=[32m&quot;button&quot;[39m
          [36m&gt;[39m
            [36m&lt;span[39m
              [33mclass[39m=[32m&quot;MuiButton-icon MuiButton-startIcon MuiButton-iconSizeMedium css-1d6wzja-MuiButton-startIcon&quot;[39m
            [36m&gt;[39m
              [36m&lt;svg[39m
                [33maria-hidden[39m=[32m&quot;true&quot;[39m
                [33mclass[39m=[32m&quot;MuiSvgIcon-root MuiSvgIcon-fontSizeMedium css-i4bv87-MuiSvgIcon-root&quot;[39m
                [33mdata-testid[39m=[32m&quot;AddIcon&quot;[39m
                [33mfocusable[39m=[32m&quot;false&quot;[39m
                [33mviewBox[39m=[32m&quot;0 0 24 24&quot;[39m
              [36m&gt;[39m
                [36m&lt;path[39m
                  [33md[39m=[32m&quot;M19 13h-6v6h-2v-6H5v-2h6V5h2v6h6z&quot;[39m
                [36m/&gt;[39m
              [36m&lt;/svg&gt;[39m
            [36m&lt;/span&gt;[39m
            [0mYeni Oda Oluştur[0m
            [36m&lt;span[39m
              [33mclass[39m=[32m&quot;MuiTouchRipple-root css-8je8zh-MuiTouchRipple-root&quot;[39m
            [36m/&gt;[39m
          [36m&lt;/button&gt;[39m
        [36m&lt;/div&gt;[39m
        [36m&lt;div[39m
          [33mclass[39m=[32m&quot;MuiTabs-root css-68gvqn-MuiTabs-root&quot;[39m
        [36m&gt;[39m
          [36m&lt;div[39m
            [33mclass[39m=[32m&quot;MuiTabs-scroller MuiTabs-fixed css-jpln7h-MuiTabs-scroller&quot;[39m
            [33mstyle[39m=[32m&quot;overflow: hidden; margin-bottom: 0px;&quot;[39m
          [36m&gt;[39m
            [36m&lt;div[39m
              [33mclass[39m=[32m&quot;MuiTabs-flexContainer css-heg063-MuiTabs-flexContainer&quot;[39m
              [33mrole[39m=[32m&quot;tablist&quot;[39m
            [36m&gt;[39m
              [36m&lt;button[39m
                [33maria-selected[39m=[32m&quot;true&quot;[39m
                [33mclass[39m=[32m&quot;MuiButtonBase-root MuiTab-root MuiTab-textColorPrimary Mui-selected css-1h9z7r5-MuiButtonBase-root-MuiTab-root&quot;[39m
                [33mrole[39m=[32m&quot;tab&quot;[39m
                [33mtabindex[39m=[32m&quot;0&quot;[39m
                [33mtype[39m=[32m&quot;button&quot;[39m
              [36m&gt;[39m
                [0mTüm Odalar[0m
                [36m&lt;span[39m
                  [33mclass[39m=[32m&quot;MuiTouchRipple-root css-8je8zh-MuiTouchRipple-root&quot;[39m
                [36m/&gt;[39m
              [36m&lt;/button&gt;[39m
              [36m&lt;button[39m
                [33maria-selected[39m=[32m&quot;false&quot;[39m
                [33mclass[39m=[32m&quot;MuiButtonBase-root MuiTab-root MuiTab-textColorPrimary css-1h9z7r5-MuiButtonBase-root-MuiTab-root&quot;[39m
                [33mrole[39m=[32m&quot;tab&quot;[39m
                [33mtabindex[39m=[32m&quot;-1&quot;[39m
                [33mtype[39m=[32m&quot;button&quot;[39m
              [36m&gt;[39m
                [0mBenim Odalarım[0m
                [36m&lt;span[39m
                  [33mclass[39m=[32m&quot;MuiTouchRipple-root css-8je8zh-MuiTouchRipple-root&quot;[39m
                [36m/&gt;[39m
              [36m&lt;/button&gt;[39m
              [36m&lt;button[39m
                [33maria-selected[39m=[32m&quot;false&quot;[39m
                [33mclass[39m=[32m&quot;MuiButtonBase-root MuiTab-root MuiTab-textColorPrimary css-1h9z7r5-MuiButtonBase-root-MuiTab-root&quot;[39m
                [33mrole[39m=[32m&quot;tab&quot;[39m
                [33mtabindex[39m=[32m&quot;-1&quot;[39m
                [33mtype[39m=[32m&quot;button&quot;[39m
              [36m&gt;[39m
                [0mKatıldığım Odalar[0m
                [36m&lt;span[39m
                  [33mclass[39m=[32m&quot;MuiTouchRipple-root css-8je8zh-MuiTouchRipple-root&quot;[39m
                [36m/&gt;[39m
              [36m&lt;/button&gt;[39m
            [36m&lt;/div&gt;[39m
            [36m&lt;span[39m
              [33mclass[39m=[32m&quot;MuiTabs-indicator css-1aquho2-MuiTabs-indicator&quot;[39m
              [33mstyle[39m=[32m&quot;left: 0px; width: 0px;&quot;[39m
            [36m/&gt;[39m
          [36m&lt;/div&gt;[39m
        [36m&lt;/div&gt;[39m
        [36m&lt;div[39m
          [33mclass[39m=[32m&quot;MuiBox-root css-1lwwoo2&quot;[39m
        [36m&gt;[39m
          [36m&lt;div[39m
            [33mclass[39m=[32m&quot;MuiFormControl-root MuiTextField-root css-psptp-MuiFormControl-root-MuiTextField-root&quot;[39m
          [36m&gt;[39m
            [36m&lt;div[39m
              [33mclass[39m=[32m&quot;MuiInputBase-root MuiOutlinedInput-root MuiInputBase-colorPrimary MuiInputBase-formControl MuiInputBase-adornedStart css-1q6at85-MuiInputBase-root-MuiOutlinedInput-root&quot;[39m
            [36m&gt;[39m
              [36m&lt;svg[39m
                [33maria-hidden[39m=[32m&quot;true&quot;[39m
                [33mclass[39m=[32m&quot;MuiSvgIcon-root MuiSvgIcon-fontSizeMedium css-12di0er-MuiSvgIcon-root&quot;[39m
                [33mdata-testid[39m=[32m&quot;SearchIcon&quot;[39m
                [33mfocusable[39m=[32m&quot;false&quot;[39m
                [33mviewBox[39m=[32m&quot;0 0 24 24&quot;[39m
              [36m&gt;[39m
                [36m&lt;path[39m
                  [33md[39m=[32m&quot;M15.5 14h-.79l-.28-.27C15.41 12.59 16 11.11 16 9.5 16 5.91 13.09 3 9.5 3S3 5.91 3 9.5 5.91 16 9.5 16c1.61 0 3.09-.59 4.23-1.57l.27.28v.79l5 4.99L20.49 19zm-6 0C7.01 14 5 11.99 5 9.5S7.01 5 9.5 5 14 7.01 14 9.5 11.99 14 9.5 14&quot;[39m
                [36m/&gt;[39m
              [36m&lt;/svg&gt;[39m
              [36m&lt;input[39m
                [33maria-invalid[39m=[32m&quot;false&quot;[39m
                [33mclass[39m=[32m&quot;MuiInputBase-input MuiOutlinedInput-input MuiInputBase-inputAdornedStart css-1o9s3wi-MuiInputBase-input-MuiOutlinedInput-input&quot;[39m
                [33mid[39m=[32m&quot;:r44:&quot;[39m
                [33mplaceholder[39m=[32m&quot;Oda ara...&quot;[39m
                [33mtype[39m=[32m&quot;text&quot;[39m
                [33mvalue[39m=[32m&quot;&quot;[39m
              [36m/&gt;[39m
              [36m&lt;fieldset[39m
                [33maria-hidden[39m=[32m&quot;true&quot;[39m
                [33mclass[39m=[32m&quot;MuiOutlinedInput-notchedOutline css-r01yff-MuiNotchedOutlined-root-MuiOutlinedInput-notchedOutline&quot;[39m
              [36m&gt;[39m
                [36m&lt;legend[39m
 ..." type="TestingLibraryElementError">
TestingLibraryElementError: Unable to find a label with the text of: Oda Adı

Ignored nodes: comments, script, style
&lt;body
  style=&quot;padding-right: 1024px; overflow: hidden;&quot;
&gt;
  &lt;div
    aria-hidden=&quot;true&quot;
  &gt;
    &lt;div
      class=&quot;MuiBox-root css-19kzrtu&quot;
    &gt;
      &lt;div
        class=&quot;MuiBox-root css-v08z5u&quot;
      &gt;
        &lt;h1
          class=&quot;MuiTypography-root MuiTypography-h4 css-1313egv-MuiTypography-root&quot;
        &gt;
          📚 Grup Çalışma Odaları
        &lt;/h1&gt;
        &lt;button
          class=&quot;MuiButtonBase-root MuiButton-root MuiButton-contained MuiButton-containedPrimary MuiButton-sizeMedium MuiButton-containedSizeMedium MuiButton-colorPrimary MuiButton-root MuiButton-contained MuiButton-containedPrimary MuiButton-sizeMedium MuiButton-containedSizeMedium MuiButton-colorPrimary css-36m6dh-MuiButtonBase-root-MuiButton-root&quot;
          tabindex=&quot;0&quot;
          type=&quot;button&quot;
        &gt;
          &lt;span
            class=&quot;MuiButton-icon MuiButton-startIcon MuiButton-iconSizeMedium css-1d6wzja-MuiButton-startIcon&quot;
          &gt;
            &lt;svg
              aria-hidden=&quot;true&quot;
              class=&quot;MuiSvgIcon-root MuiSvgIcon-fontSizeMedium css-i4bv87-MuiSvgIcon-root&quot;
              data-testid=&quot;AddIcon&quot;
              focusable=&quot;false&quot;
              viewBox=&quot;0 0 24 24&quot;
            &gt;
              &lt;path
                d=&quot;M19 13h-6v6h-2v-6H5v-2h6V5h2v6h6z&quot;
              /&gt;
            &lt;/svg&gt;
          &lt;/span&gt;
          Yeni Oda Oluştur
          &lt;span
            class=&quot;MuiTouchRipple-root css-8je8zh-MuiTouchRipple-root&quot;
          /&gt;
        &lt;/button&gt;
      &lt;/div&gt;
      &lt;div
        class=&quot;MuiTabs-root css-68gvqn-MuiTabs-root&quot;
      &gt;
        &lt;div
          class=&quot;MuiTabs-scroller MuiTabs-fixed css-jpln7h-MuiTabs-scroller&quot;
          style=&quot;overflow: hidden; margin-bottom: 0px;&quot;
        &gt;
          &lt;div
            class=&quot;MuiTabs-flexContainer css-heg063-MuiTabs-flexContainer&quot;
            role=&quot;tablist&quot;
          &gt;
            &lt;button
              aria-selected=&quot;true&quot;
              class=&quot;MuiButtonBase-root MuiTab-root MuiTab-textColorPrimary Mui-selected css-1h9z7r5-MuiButtonBase-root-MuiTab-root&quot;
              role=&quot;tab&quot;
              tabindex=&quot;0&quot;
              type=&quot;button&quot;
            &gt;
              Tüm Odalar
              &lt;span
                class=&quot;MuiTouchRipple-root css-8je8zh-MuiTouchRipple-root&quot;
              /&gt;
            &lt;/button&gt;
            &lt;button
              aria-selected=&quot;false&quot;
              class=&quot;MuiButtonBase-root MuiTab-root MuiTab-textColorPrimary css-1h9z7r5-MuiButtonBase-root-MuiTab-root&quot;
              role=&quot;tab&quot;
              tabindex=&quot;-1&quot;
              type=&quot;button&quot;
            &gt;
              Benim Odalarım
              &lt;span
                class=&quot;MuiTouchRipple-root css-8je8zh-MuiTouchRipple-root&quot;
              /&gt;
            &lt;/button&gt;
            &lt;button
              aria-selected=&quot;false&quot;
              class=&quot;MuiButtonBase-root MuiTab-root MuiTab-textColorPrimary css-1h9z7r5-MuiButtonBase-root-MuiTab-root&quot;
              role=&quot;tab&quot;
              tabindex=&quot;-1&quot;
              type=&quot;button&quot;
            &gt;
              Katıldığım Odalar
              &lt;span
                class=&quot;MuiTouchRipple-root css-8je8zh-MuiTouchRipple-root&quot;
              /&gt;
            &lt;/button&gt;
          &lt;/div&gt;
          &lt;span
            class=&quot;MuiTabs-indicator css-1aquho2-MuiTabs-indicator&quot;
            style=&quot;left: 0px; width: 0px;&quot;
          /&gt;
        &lt;/div&gt;
      &lt;/div&gt;
      &lt;div
        class=&quot;MuiBox-root css-1lwwoo2&quot;
      &gt;
        &lt;div
          class=&quot;MuiFormControl-root MuiTextField-root css-psptp-MuiFormControl-root-MuiTextField-root&quot;
        &gt;
          &lt;div
            class=&quot;MuiInputBase-root MuiOutlinedInput-root MuiInputBase-colorPrimary MuiInputBase-formControl MuiInputBase-adornedStart css-1q6at85-MuiInputBase-root-MuiOutlinedInput-root&quot;
          &gt;
            &lt;svg
              aria-hidden=&quot;true&quot;
              class=&quot;MuiSvgIcon-root MuiSvgIcon-fontSizeMedium css-12di0er-MuiSvgIcon-root&quot;
              data-testid=&quot;SearchIcon&quot;
              focusable=&quot;false&quot;
              viewBox=&quot;0 0 24 24&quot;
            &gt;
              &lt;path
                d=&quot;M15.5 14h-.79l-.28-.27C15.41 12.59 16 11.11 16 9.5 16 5.91 13.09 3 9.5 3S3 5.91 3 9.5 5.91 16 9.5 16c1.61 0 3.09-.59 4.23-1.57l.27.28v.79l5 4.99L20.49 19zm-6 0C7.01 14 5 11.99 5 9.5S7.01 5 9.5 5 14 7.01 14 9.5 11.99 14 9.5 14&quot;
              /&gt;
            &lt;/svg&gt;
            &lt;input
              aria-invalid=&quot;false&quot;
              class=&quot;MuiInputBase-input MuiOutlinedInput-input MuiInputBase-inputAdornedStart css-1o9s3wi-MuiInputBase-input-MuiOutlinedInput-input&quot;
              id=&quot;:r44:&quot;
              placeholder=&quot;Oda ara...&quot;
              type=&quot;text&quot;
              value=&quot;&quot;
            /&gt;
            &lt;fieldset
              aria-hidden=&quot;true&quot;
              class=&quot;MuiOutlinedInput-notchedOutline css-r01yff-MuiNotchedOutlined-root-MuiOutlinedInput-notchedOutline&quot;
            &gt;
              &lt;legend
                class=&quot;css-1whs34k-MuiNotchedOutlined-root&quot;
              &gt;
                &lt;span
                  class=&quot;notranslate&quot;
                &gt;
                  ​
                &lt;/span&gt;
             ...

Ignored nodes: comments, script, style
&lt;html&gt;
  &lt;head /&gt;
  &lt;body
    style=&quot;padding-right: 1024px; overflow: hidden;&quot;
  &gt;
    &lt;div
      aria-hidden=&quot;true&quot;
    &gt;
      &lt;div
        class=&quot;MuiBox-root css-19kzrtu&quot;
      &gt;
        &lt;div
          class=&quot;MuiBox-root css-v08z5u&quot;
        &gt;
          &lt;h1
            class=&quot;MuiTypography-root MuiTypography-h4 css-1313egv-MuiTypography-root&quot;
          &gt;
            📚 Grup Çalışma Odaları
          &lt;/h1&gt;
          &lt;button
            class=&quot;MuiButtonBase-root MuiButton-root MuiButton-contained MuiButton-containedPrimary MuiButton-sizeMedium MuiButton-containedSizeMedium MuiButton-colorPrimary MuiButton-root MuiButton-contained MuiButton-containedPrimary MuiButton-sizeMedium MuiButton-containedSizeMedium MuiButton-colorPrimary css-36m6dh-MuiButtonBase-root-MuiButton-root&quot;
            tabindex=&quot;0&quot;
            type=&quot;button&quot;
          &gt;
            &lt;span
              class=&quot;MuiButton-icon MuiButton-startIcon MuiButton-iconSizeMedium css-1d6wzja-MuiButton-startIcon&quot;
            &gt;
              &lt;svg
                aria-hidden=&quot;true&quot;
                class=&quot;MuiSvgIcon-root MuiSvgIcon-fontSizeMedium css-i4bv87-MuiSvgIcon-root&quot;
                data-testid=&quot;AddIcon&quot;
                focusable=&quot;false&quot;
                viewBox=&quot;0 0 24 24&quot;
              &gt;
                &lt;path
                  d=&quot;M19 13h-6v6h-2v-6H5v-2h6V5h2v6h6z&quot;
                /&gt;
              &lt;/svg&gt;
            &lt;/span&gt;
            Yeni Oda Oluştur
            &lt;span
              class=&quot;MuiTouchRipple-root css-8je8zh-MuiTouchRipple-root&quot;
            /&gt;
          &lt;/button&gt;
        &lt;/div&gt;
        &lt;div
          class=&quot;MuiTabs-root css-68gvqn-MuiTabs-root&quot;
        &gt;
          &lt;div
            class=&quot;MuiTabs-scroller MuiTabs-fixed css-jpln7h-MuiTabs-scroller&quot;
            style=&quot;overflow: hidden; margin-bottom: 0px;&quot;
          &gt;
            &lt;div
              class=&quot;MuiTabs-flexContainer css-heg063-MuiTabs-flexContainer&quot;
              role=&quot;tablist&quot;
            &gt;
              &lt;button
                aria-selected=&quot;true&quot;
                class=&quot;MuiButtonBase-root MuiTab-root MuiTab-textColorPrimary Mui-selected css-1h9z7r5-MuiButtonBase-root-MuiTab-root&quot;
                role=&quot;tab&quot;
                tabindex=&quot;0&quot;
                type=&quot;button&quot;
              &gt;
                Tüm Odalar
                &lt;span
                  class=&quot;MuiTouchRipple-root css-8je8zh-MuiTouchRipple-root&quot;
                /&gt;
              &lt;/button&gt;
              &lt;button
                aria-selected=&quot;false&quot;
                class=&quot;MuiButtonBase-root MuiTab-root MuiTab-textColorPrimary css-1h9z7r5-MuiButtonBase-root-MuiTab-root&quot;
                role=&quot;tab&quot;
                tabindex=&quot;-1&quot;
                type=&quot;button&quot;
              &gt;
                Benim Odalarım
                &lt;span
                  class=&quot;MuiTouchRipple-root css-8je8zh-MuiTouchRipple-root&quot;
                /&gt;
              &lt;/button&gt;
              &lt;button
                aria-selected=&quot;false&quot;
                class=&quot;MuiButtonBase-root MuiTab-root MuiTab-textColorPrimary css-1h9z7r5-MuiButtonBase-root-MuiTab-root&quot;
                role=&quot;tab&quot;
                tabindex=&quot;-1&quot;
                type=&quot;button&quot;
              &gt;
                Katıldığım Odalar
                &lt;span
                  class=&quot;MuiTouchRipple-root css-8je8zh-MuiTouchRipple-root&quot;
                /&gt;
              &lt;/button&gt;
            &lt;/div&gt;
            &lt;span
              class=&quot;MuiTabs-indicator css-1aquho2-MuiTabs-indicator&quot;
              style=&quot;left: 0px; width: 0px;&quot;
            /&gt;
          &lt;/div&gt;
        &lt;/div&gt;
        &lt;div
          class=&quot;MuiBox-root css-1lwwoo2&quot;
        &gt;
          &lt;div
            class=&quot;MuiFormControl-root MuiTextField-root css-psptp-MuiFormControl-root-MuiTextField-root&quot;
          &gt;
            &lt;div
              class=&quot;MuiInputBase-root MuiOutlinedInput-root MuiInputBase-colorPrimary MuiInputBase-formControl MuiInputBase-adornedStart css-1q6at85-MuiInputBase-root-MuiOutlinedInput-root&quot;
            &gt;
              &lt;svg
                aria-hidden=&quot;true&quot;
                class=&quot;MuiSvgIcon-root MuiSvgIcon-fontSizeMedium css-12di0er-MuiSvgIcon-root&quot;
                data-testid=&quot;SearchIcon&quot;
                focusable=&quot;false&quot;
                viewBox=&quot;0 0 24 24&quot;
              &gt;
                &lt;path
                  d=&quot;M15.5 14h-.79l-.28-.27C15.41 12.59 16 11.11 16 9.5 16 5.91 13.09 3 9.5 3S3 5.91 3 9.5 5.91 16 9.5 16c1.61 0 3.09-.59 4.23-1.57l.27.28v.79l5 4.99L20.49 19zm-6 0C7.01 14 5 11.99 5 9.5S7.01 5 9.5 5 14 7.01 14 9.5 11.99 14 9.5 14&quot;
                /&gt;
              &lt;/svg&gt;
              &lt;input
                aria-invalid=&quot;false&quot;
                class=&quot;MuiInputBase-input MuiOutlinedInput-input MuiInputBase-inputAdornedStart css-1o9s3wi-MuiInputBase-input-MuiOutlinedInput-input&quot;
                id=&quot;:r44:&quot;
                placeholder=&quot;Oda ara...&quot;
                type=&quot;text&quot;
                value=&quot;&quot;
              /&gt;
              &lt;fieldset
                aria-hidden=&quot;true&quot;
                class=&quot;MuiOutlinedInput-notchedOutline css-r01yff-MuiNotchedOutlined-root-MuiOutlinedInput-notchedOutline&quot;
              &gt;
                &lt;legend
 ...
 ❯ Proxy.waitForWrapper node_modules/@testing-library/react/node_modules/@testing-library/dom/dist/wait-for.js:163:27
 ❯ src/components/StudyRooms/__tests__/StudyRoomList.test.tsx:413:13
            </failure>
        </testcase>
        <testcase classname="src/components/StudyRooms/__tests__/StudyRoomList.test.tsx" name="StudyRoomList Component &gt; Error Handling &gt; handles join room errors with alert" time="0.4246987">
        </testcase>
        <testcase classname="src/components/StudyRooms/__tests__/StudyRoomList.test.tsx" name="StudyRoomList Component &gt; Accessibility &gt; has proper ARIA labels" time="1.2428994">
            <failure message="Found a label with the text of: Ders, however no form control was found associated to that label. Make sure you&apos;re using the &quot;for&quot; attribute or &quot;aria-labelledby&quot; attribute correctly.

Ignored nodes: comments, script, style
[36m&lt;body[39m
  [33mstyle[39m=[32m&quot;&quot;[39m
[36m&gt;[39m
  [36m&lt;div&gt;[39m
    [36m&lt;div[39m
      [33mclass[39m=[32m&quot;MuiBox-root css-19kzrtu&quot;[39m
    [36m&gt;[39m
      [36m&lt;div[39m
        [33mclass[39m=[32m&quot;MuiBox-root css-v08z5u&quot;[39m
      [36m&gt;[39m
        [36m&lt;h1[39m
          [33mclass[39m=[32m&quot;MuiTypography-root MuiTypography-h4 css-1313egv-MuiTypography-root&quot;[39m
        [36m&gt;[39m
          [0m📚 Grup Çalışma Odaları[0m
        [36m&lt;/h1&gt;[39m
        [36m&lt;button[39m
          [33mclass[39m=[32m&quot;MuiButtonBase-root MuiButton-root MuiButton-contained MuiButton-containedPrimary MuiButton-sizeMedium MuiButton-containedSizeMedium MuiButton-colorPrimary MuiButton-root MuiButton-contained MuiButton-containedPrimary MuiButton-sizeMedium MuiButton-containedSizeMedium MuiButton-colorPrimary css-36m6dh-MuiButtonBase-root-MuiButton-root&quot;[39m
          [33mtabindex[39m=[32m&quot;0&quot;[39m
          [33mtype[39m=[32m&quot;button&quot;[39m
        [36m&gt;[39m
          [36m&lt;span[39m
            [33mclass[39m=[32m&quot;MuiButton-icon MuiButton-startIcon MuiButton-iconSizeMedium css-1d6wzja-MuiButton-startIcon&quot;[39m
          [36m&gt;[39m
            [36m&lt;svg[39m
              [33maria-hidden[39m=[32m&quot;true&quot;[39m
              [33mclass[39m=[32m&quot;MuiSvgIcon-root MuiSvgIcon-fontSizeMedium css-i4bv87-MuiSvgIcon-root&quot;[39m
              [33mdata-testid[39m=[32m&quot;AddIcon&quot;[39m
              [33mfocusable[39m=[32m&quot;false&quot;[39m
              [33mviewBox[39m=[32m&quot;0 0 24 24&quot;[39m
            [36m&gt;[39m
              [36m&lt;path[39m
                [33md[39m=[32m&quot;M19 13h-6v6h-2v-6H5v-2h6V5h2v6h6z&quot;[39m
              [36m/&gt;[39m
            [36m&lt;/svg&gt;[39m
          [36m&lt;/span&gt;[39m
          [0mYeni Oda Oluştur[0m
          [36m&lt;span[39m
            [33mclass[39m=[32m&quot;MuiTouchRipple-root css-8je8zh-MuiTouchRipple-root&quot;[39m
          [36m/&gt;[39m
        [36m&lt;/button&gt;[39m
      [36m&lt;/div&gt;[39m
      [36m&lt;div[39m
        [33mclass[39m=[32m&quot;MuiTabs-root css-68gvqn-MuiTabs-root&quot;[39m
      [36m&gt;[39m
        [36m&lt;div[39m
          [33mclass[39m=[32m&quot;MuiTabs-scroller MuiTabs-fixed css-jpln7h-MuiTabs-scroller&quot;[39m
          [33mstyle[39m=[32m&quot;overflow: hidden; margin-bottom: 0px;&quot;[39m
        [36m&gt;[39m
          [36m&lt;div[39m
            [33mclass[39m=[32m&quot;MuiTabs-flexContainer css-heg063-MuiTabs-flexContainer&quot;[39m
            [33mrole[39m=[32m&quot;tablist&quot;[39m
          [36m&gt;[39m
            [36m&lt;button[39m
              [33maria-selected[39m=[32m&quot;true&quot;[39m
              [33mclass[39m=[32m&quot;MuiButtonBase-root MuiTab-root MuiTab-textColorPrimary Mui-selected css-1h9z7r5-MuiButtonBase-root-MuiTab-root&quot;[39m
              [33mrole[39m=[32m&quot;tab&quot;[39m
              [33mtabindex[39m=[32m&quot;0&quot;[39m
              [33mtype[39m=[32m&quot;button&quot;[39m
            [36m&gt;[39m
              [0mTüm Odalar[0m
              [36m&lt;span[39m
                [33mclass[39m=[32m&quot;MuiTouchRipple-root css-8je8zh-MuiTouchRipple-root&quot;[39m
              [36m/&gt;[39m
            [36m&lt;/button&gt;[39m
            [36m&lt;button[39m
              [33maria-selected[39m=[32m&quot;false&quot;[39m
              [33mclass[39m=[32m&quot;MuiButtonBase-root MuiTab-root MuiTab-textColorPrimary css-1h9z7r5-MuiButtonBase-root-MuiTab-root&quot;[39m
              [33mrole[39m=[32m&quot;tab&quot;[39m
              [33mtabindex[39m=[32m&quot;-1&quot;[39m
              [33mtype[39m=[32m&quot;button&quot;[39m
            [36m&gt;[39m
              [0mBenim Odalarım[0m
              [36m&lt;span[39m
                [33mclass[39m=[32m&quot;MuiTouchRipple-root css-8je8zh-MuiTouchRipple-root&quot;[39m
              [36m/&gt;[39m
            [36m&lt;/button&gt;[39m
            [36m&lt;button[39m
              [33maria-selected[39m=[32m&quot;false&quot;[39m
              [33mclass[39m=[32m&quot;MuiButtonBase-root MuiTab-root MuiTab-textColorPrimary css-1h9z7r5-MuiButtonBase-root-MuiTab-root&quot;[39m
              [33mrole[39m=[32m&quot;tab&quot;[39m
              [33mtabindex[39m=[32m&quot;-1&quot;[39m
              [33mtype[39m=[32m&quot;button&quot;[39m
            [36m&gt;[39m
              [0mKatıldığım Odalar[0m
              [36m&lt;span[39m
                [33mclass[39m=[32m&quot;MuiTouchRipple-root css-8je8zh-MuiTouchRipple-root&quot;[39m
              [36m/&gt;[39m
            [36m&lt;/button&gt;[39m
          [36m&lt;/div&gt;[39m
          [36m&lt;span[39m
            [33mclass[39m=[32m&quot;MuiTabs-indicator css-1aquho2-MuiTabs-indicator&quot;[39m
            [33mstyle[39m=[32m&quot;left: 0px; width: 0px;&quot;[39m
          [36m/&gt;[39m
        [36m&lt;/div&gt;[39m
      [36m&lt;/div&gt;[39m
      [36m&lt;div[39m
        [33mclass[39m=[32m&quot;MuiBox-root css-1lwwoo2&quot;[39m
      [36m&gt;[39m
        [36m&lt;div[39m
          [33mclass[39m=[32m&quot;MuiFormControl-root MuiTextField-root css-psptp-MuiFormControl-root-MuiTextField-root&quot;[39m
        [36m&gt;[39m
          [36m&lt;div[39m
            [33mclass[39m=[32m&quot;MuiInputBase-root MuiOutlinedInput-root MuiInputBase-colorPrimary MuiInputBase-formControl MuiInputBase-adornedStart css-1q6at85-MuiInputBase-root-MuiOutlinedInput-root&quot;[39m
          [36m&gt;[39m
            [36m&lt;svg[39m
              [33maria-hidden[39m=[32m&quot;true&quot;[39m
              [33mclass[39m=[32m&quot;MuiSvgIcon-root MuiSvgIcon-fontSizeMedium css-12di0er-MuiSvgIcon-root&quot;[39m
              [33mdata-testid[39m=[32m&quot;SearchIcon&quot;[39m
              [33mfocusable[39m=[32m&quot;false&quot;[39m
              [33mviewBox[39m=[32m&quot;0 0 24 24&quot;[39m
            [36m&gt;[39m
              [36m&lt;path[39m
                [33md[39m=[32m&quot;M15.5 14h-.79l-.28-.27C15.41 12.59 16 11.11 16 9.5 16 5.91 13.09 3 9.5 3S3 5.91 3 9.5 5.91 16 9.5 16c1.61 0 3.09-.59 4.23-1.57l.27.28v.79l5 4.99L20.49 19zm-6 0C7.01 14 5 11.99 5 9.5S7.01 5 9.5 5 14 7.01 14 9.5 11.99 14 9.5 14&quot;[39m
              [36m/&gt;[39m
            [36m&lt;/svg&gt;[39m
            [36m&lt;input[39m
              [33maria-invalid[39m=[32m&quot;false&quot;[39m
              [33mclass[39m=[32m&quot;MuiInputBase-input MuiOutlinedInput-input MuiInputBase-inputAdornedStart css-1o9s3wi-MuiInputBase-input-MuiOutlinedInput-input&quot;[39m
              [33mid[39m=[32m&quot;:r4i:&quot;[39m
              [33mplaceholder[39m=[32m&quot;Oda ara...&quot;[39m
              [33mtype[39m=[32m&quot;text&quot;[39m
              [33mvalue[39m=[32m&quot;&quot;[39m
            [36m/&gt;[39m
            [36m&lt;fieldset[39m
              [33maria-hidden[39m=[32m&quot;true&quot;[39m
              [33mclass[39m=[32m&quot;MuiOutlinedInput-notchedOutline css-r01yff-MuiNotchedOutlined-root-MuiOutlinedInput-notchedOutline&quot;[39m
            [36m&gt;[39m
              [36m&lt;legend[39m
                [33mclass[39m=[32m&quot;css-1whs34k-MuiNotchedOutlined-root&quot;[39m
              [36m&gt;[39m
                [36m&lt;span[39m
                  [33mclass[39m=[32m&quot;notranslate&quot;[39m
                [36m&gt;[39m
                  [0m​[0m
                [36m&lt;/span&gt;[39m
              [36m&lt;/legend&gt;[39m
            [36m&lt;/fieldset&gt;[39m
          [36m&lt;/div&gt;[39m
        [36m&lt;...

Ignored nodes: comments, script, style
[36m&lt;html&gt;[39m
  [36m&lt;head /&gt;[39m
  [36m&lt;body[39m
    [33mstyle[39m=[32m&quot;&quot;[39m
  [36m&gt;[39m
    [36m&lt;div&gt;[39m
      [36m&lt;div[39m
        [33mclass[39m=[32m&quot;MuiBox-root css-19kzrtu&quot;[39m
      [36m&gt;[39m
        [36m&lt;div[39m
          [33mclass[39m=[32m&quot;MuiBox-root css-v08z5u&quot;[39m
        [36m&gt;[39m
          [36m&lt;h1[39m
            [33mclass[39m=[32m&quot;MuiTypography-root MuiTypography-h4 css-1313egv-MuiTypography-root&quot;[39m
          [36m&gt;[39m
            [0m📚 Grup Çalışma Odaları[0m
          [36m&lt;/h1&gt;[39m
          [36m&lt;button[39m
            [33mclass[39m=[32m&quot;MuiButtonBase-root MuiButton-root MuiButton-contained MuiButton-containedPrimary MuiButton-sizeMedium MuiButton-containedSizeMedium MuiButton-colorPrimary MuiButton-root MuiButton-contained MuiButton-containedPrimary MuiButton-sizeMedium MuiButton-containedSizeMedium MuiButton-colorPrimary css-36m6dh-MuiButtonBase-root-MuiButton-root&quot;[39m
            [33mtabindex[39m=[32m&quot;0&quot;[39m
            [33mtype[39m=[32m&quot;button&quot;[39m
          [36m&gt;[39m
            [36m&lt;span[39m
              [33mclass[39m=[32m&quot;MuiButton-icon MuiButton-startIcon MuiButton-iconSizeMedium css-1d6wzja-MuiButton-startIcon&quot;[39m
            [36m&gt;[39m
              [36m&lt;svg[39m
                [33maria-hidden[39m=[32m&quot;true&quot;[39m
                [33mclass[39m=[32m&quot;MuiSvgIcon-root MuiSvgIcon-fontSizeMedium css-i4bv87-MuiSvgIcon-root&quot;[39m
                [33mdata-testid[39m=[32m&quot;AddIcon&quot;[39m
                [33mfocusable[39m=[32m&quot;false&quot;[39m
                [33mviewBox[39m=[32m&quot;0 0 24 24&quot;[39m
              [36m&gt;[39m
                [36m&lt;path[39m
                  [33md[39m=[32m&quot;M19 13h-6v6h-2v-6H5v-2h6V5h2v6h6z&quot;[39m
                [36m/&gt;[39m
              [36m&lt;/svg&gt;[39m
            [36m&lt;/span&gt;[39m
            [0mYeni Oda Oluştur[0m
            [36m&lt;span[39m
              [33mclass[39m=[32m&quot;MuiTouchRipple-root css-8je8zh-MuiTouchRipple-root&quot;[39m
            [36m/&gt;[39m
          [36m&lt;/button&gt;[39m
        [36m&lt;/div&gt;[39m
        [36m&lt;div[39m
          [33mclass[39m=[32m&quot;MuiTabs-root css-68gvqn-MuiTabs-root&quot;[39m
        [36m&gt;[39m
          [36m&lt;div[39m
            [33mclass[39m=[32m&quot;MuiTabs-scroller MuiTabs-fixed css-jpln7h-MuiTabs-scroller&quot;[39m
            [33mstyle[39m=[32m&quot;overflow: hidden; margin-bottom: 0px;&quot;[39m
          [36m&gt;[39m
            [36m&lt;div[39m
              [33mclass[39m=[32m&quot;MuiTabs-flexContainer css-heg063-MuiTabs-flexContainer&quot;[39m
              [33mrole[39m=[32m&quot;tablist&quot;[39m
            [36m&gt;[39m
              [36m&lt;button[39m
                [33maria-selected[39m=[32m&quot;true&quot;[39m
                [33mclass[39m=[32m&quot;MuiButtonBase-root MuiTab-root MuiTab-textColorPrimary Mui-selected css-1h9z7r5-MuiButtonBase-root-MuiTab-root&quot;[39m
                [33mrole[39m=[32m&quot;tab&quot;[39m
                [33mtabindex[39m=[32m&quot;0&quot;[39m
                [33mtype[39m=[32m&quot;button&quot;[39m
              [36m&gt;[39m
                [0mTüm Odalar[0m
                [36m&lt;span[39m
                  [33mclass[39m=[32m&quot;MuiTouchRipple-root css-8je8zh-MuiTouchRipple-root&quot;[39m
                [36m/&gt;[39m
              [36m&lt;/button&gt;[39m
              [36m&lt;button[39m
                [33maria-selected[39m=[32m&quot;false&quot;[39m
                [33mclass[39m=[32m&quot;MuiButtonBase-root MuiTab-root MuiTab-textColorPrimary css-1h9z7r5-MuiButtonBase-root-MuiTab-root&quot;[39m
                [33mrole[39m=[32m&quot;tab&quot;[39m
                [33mtabindex[39m=[32m&quot;-1&quot;[39m
                [33mtype[39m=[32m&quot;button&quot;[39m
              [36m&gt;[39m
                [0mBenim Odalarım[0m
                [36m&lt;span[39m
                  [33mclass[39m=[32m&quot;MuiTouchRipple-root css-8je8zh-MuiTouchRipple-root&quot;[39m
                [36m/&gt;[39m
              [36m&lt;/button&gt;[39m
              [36m&lt;button[39m
                [33maria-selected[39m=[32m&quot;false&quot;[39m
                [33mclass[39m=[32m&quot;MuiButtonBase-root MuiTab-root MuiTab-textColorPrimary css-1h9z7r5-MuiButtonBase-root-MuiTab-root&quot;[39m
                [33mrole[39m=[32m&quot;tab&quot;[39m
                [33mtabindex[39m=[32m&quot;-1&quot;[39m
                [33mtype[39m=[32m&quot;button&quot;[39m
              [36m&gt;[39m
                [0mKatıldığım Odalar[0m
                [36m&lt;span[39m
                  [33mclass[39m=[32m&quot;MuiTouchRipple-root css-8je8zh-MuiTouchRipple-root&quot;[39m
                [36m/&gt;[39m
              [36m&lt;/button&gt;[39m
            [36m&lt;/div&gt;[39m
            [36m&lt;span[39m
              [33mclass[39m=[32m&quot;MuiTabs-indicator css-1aquho2-MuiTabs-indicator&quot;[39m
              [33mstyle[39m=[32m&quot;left: 0px; width: 0px;&quot;[39m
            [36m/&gt;[39m
          [36m&lt;/div&gt;[39m
        [36m&lt;/div&gt;[39m
        [36m&lt;div[39m
          [33mclass[39m=[32m&quot;MuiBox-root css-1lwwoo2&quot;[39m
        [36m&gt;[39m
          [36m&lt;div[39m
            [33mclass[39m=[32m&quot;MuiFormControl-root MuiTextField-root css-psptp-MuiFormControl-root-MuiTextField-root&quot;[39m
          [36m&gt;[39m
            [36m&lt;div[39m
              [33mclass[39m=[32m&quot;MuiInputBase-root MuiOutlinedInput-root MuiInputBase-colorPrimary MuiInputBase-formControl MuiInputBase-adornedStart css-1q6at85-MuiInputBase-root-MuiOutlinedInput-root&quot;[39m
            [36m&gt;[39m
              [36m&lt;svg[39m
                [33maria-hidden[39m=[32m&quot;true&quot;[39m
                [33mclass[39m=[32m&quot;MuiSvgIcon-root MuiSvgIcon-fontSizeMedium css-12di0er-MuiSvgIcon-root&quot;[39m
                [33mdata-testid[39m=[32m&quot;SearchIcon&quot;[39m
                [33mfocusable[39m=[32m&quot;false&quot;[39m
                [33mviewBox[39m=[32m&quot;0 0 24 24&quot;[39m
              [36m&gt;[39m
                [36m&lt;path[39m
                  [33md[39m=[32m&quot;M15.5 14h-.79l-.28-.27C15.41 12.59 16 11.11 16 9.5 16 5.91 13.09 3 9.5 3S3 5.91 3 9.5 5.91 16 9.5 16c1.61 0 3.09-.59 4.23-1.57l.27.28v.79l5 4.99L20.49 19zm-6 0C7.01 14 5 11.99 5 9.5S7.01 5 9.5 5 14 7.01 14 9.5 11.99 14 9.5 14&quot;[39m
                [36m/&gt;[39m
              [36m&lt;/svg&gt;[39m
              [36m&lt;input[39m
                [33maria-invalid[39m=[32m&quot;false&quot;[39m
                [33mclass[39m=[32m&quot;MuiInputBase-input MuiOutlinedInput-input MuiInputBase-inputAdornedStart css-1o9s3wi-MuiInputBase-input-MuiOutlinedInput-input&quot;[39m
                [33mid[39m=[32m&quot;:r4i:&quot;[39m
                [33mplaceholder[39m=[32m&quot;Oda ara...&quot;[39m
                [33mtype[39m=[32m&quot;text&quot;[39m
                [33mvalue[39m=[32m&quot;&quot;[39m
              [36m/&gt;[39m
              [36m&lt;fieldset[39m
                [33maria-hidden[39m=[32m&quot;true&quot;[39m
                [33mclass[39m=[32m&quot;MuiOutlinedInput-notchedOutline css-r01yff-MuiNotchedOutlined-root-MuiOutlinedInput-notchedOutline&quot;[39m
              [36m&gt;[39m
                [36m&lt;legend[39m
                  [33mclass[39m=[32m&quot;css-1whs34k-MuiNotchedOutlined-root&quot;[39m
                [3..." type="TestingLibraryElementError">
TestingLibraryElementError: Found a label with the text of: Ders, however no form control was found associated to that label. Make sure you&apos;re using the &quot;for&quot; attribute or &quot;aria-labelledby&quot; attribute correctly.

Ignored nodes: comments, script, style
&lt;body
  style=&quot;&quot;
&gt;
  &lt;div&gt;
    &lt;div
      class=&quot;MuiBox-root css-19kzrtu&quot;
    &gt;
      &lt;div
        class=&quot;MuiBox-root css-v08z5u&quot;
      &gt;
        &lt;h1
          class=&quot;MuiTypography-root MuiTypography-h4 css-1313egv-MuiTypography-root&quot;
        &gt;
          📚 Grup Çalışma Odaları
        &lt;/h1&gt;
        &lt;button
          class=&quot;MuiButtonBase-root MuiButton-root MuiButton-contained MuiButton-containedPrimary MuiButton-sizeMedium MuiButton-containedSizeMedium MuiButton-colorPrimary MuiButton-root MuiButton-contained MuiButton-containedPrimary MuiButton-sizeMedium MuiButton-containedSizeMedium MuiButton-colorPrimary css-36m6dh-MuiButtonBase-root-MuiButton-root&quot;
          tabindex=&quot;0&quot;
          type=&quot;button&quot;
        &gt;
          &lt;span
            class=&quot;MuiButton-icon MuiButton-startIcon MuiButton-iconSizeMedium css-1d6wzja-MuiButton-startIcon&quot;
          &gt;
            &lt;svg
              aria-hidden=&quot;true&quot;
              class=&quot;MuiSvgIcon-root MuiSvgIcon-fontSizeMedium css-i4bv87-MuiSvgIcon-root&quot;
              data-testid=&quot;AddIcon&quot;
              focusable=&quot;false&quot;
              viewBox=&quot;0 0 24 24&quot;
            &gt;
              &lt;path
                d=&quot;M19 13h-6v6h-2v-6H5v-2h6V5h2v6h6z&quot;
              /&gt;
            &lt;/svg&gt;
          &lt;/span&gt;
          Yeni Oda Oluştur
          &lt;span
            class=&quot;MuiTouchRipple-root css-8je8zh-MuiTouchRipple-root&quot;
          /&gt;
        &lt;/button&gt;
      &lt;/div&gt;
      &lt;div
        class=&quot;MuiTabs-root css-68gvqn-MuiTabs-root&quot;
      &gt;
        &lt;div
          class=&quot;MuiTabs-scroller MuiTabs-fixed css-jpln7h-MuiTabs-scroller&quot;
          style=&quot;overflow: hidden; margin-bottom: 0px;&quot;
        &gt;
          &lt;div
            class=&quot;MuiTabs-flexContainer css-heg063-MuiTabs-flexContainer&quot;
            role=&quot;tablist&quot;
          &gt;
            &lt;button
              aria-selected=&quot;true&quot;
              class=&quot;MuiButtonBase-root MuiTab-root MuiTab-textColorPrimary Mui-selected css-1h9z7r5-MuiButtonBase-root-MuiTab-root&quot;
              role=&quot;tab&quot;
              tabindex=&quot;0&quot;
              type=&quot;button&quot;
            &gt;
              Tüm Odalar
              &lt;span
                class=&quot;MuiTouchRipple-root css-8je8zh-MuiTouchRipple-root&quot;
              /&gt;
            &lt;/button&gt;
            &lt;button
              aria-selected=&quot;false&quot;
              class=&quot;MuiButtonBase-root MuiTab-root MuiTab-textColorPrimary css-1h9z7r5-MuiButtonBase-root-MuiTab-root&quot;
              role=&quot;tab&quot;
              tabindex=&quot;-1&quot;
              type=&quot;button&quot;
            &gt;
              Benim Odalarım
              &lt;span
                class=&quot;MuiTouchRipple-root css-8je8zh-MuiTouchRipple-root&quot;
              /&gt;
            &lt;/button&gt;
            &lt;button
              aria-selected=&quot;false&quot;
              class=&quot;MuiButtonBase-root MuiTab-root MuiTab-textColorPrimary css-1h9z7r5-MuiButtonBase-root-MuiTab-root&quot;
              role=&quot;tab&quot;
              tabindex=&quot;-1&quot;
              type=&quot;button&quot;
            &gt;
              Katıldığım Odalar
              &lt;span
                class=&quot;MuiTouchRipple-root css-8je8zh-MuiTouchRipple-root&quot;
              /&gt;
            &lt;/button&gt;
          &lt;/div&gt;
          &lt;span
            class=&quot;MuiTabs-indicator css-1aquho2-MuiTabs-indicator&quot;
            style=&quot;left: 0px; width: 0px;&quot;
          /&gt;
        &lt;/div&gt;
      &lt;/div&gt;
      &lt;div
        class=&quot;MuiBox-root css-1lwwoo2&quot;
      &gt;
        &lt;div
          class=&quot;MuiFormControl-root MuiTextField-root css-psptp-MuiFormControl-root-MuiTextField-root&quot;
        &gt;
          &lt;div
            class=&quot;MuiInputBase-root MuiOutlinedInput-root MuiInputBase-colorPrimary MuiInputBase-formControl MuiInputBase-adornedStart css-1q6at85-MuiInputBase-root-MuiOutlinedInput-root&quot;
          &gt;
            &lt;svg
              aria-hidden=&quot;true&quot;
              class=&quot;MuiSvgIcon-root MuiSvgIcon-fontSizeMedium css-12di0er-MuiSvgIcon-root&quot;
              data-testid=&quot;SearchIcon&quot;
              focusable=&quot;false&quot;
              viewBox=&quot;0 0 24 24&quot;
            &gt;
              &lt;path
                d=&quot;M15.5 14h-.79l-.28-.27C15.41 12.59 16 11.11 16 9.5 16 5.91 13.09 3 9.5 3S3 5.91 3 9.5 5.91 16 9.5 16c1.61 0 3.09-.59 4.23-1.57l.27.28v.79l5 4.99L20.49 19zm-6 0C7.01 14 5 11.99 5 9.5S7.01 5 9.5 5 14 7.01 14 9.5 11.99 14 9.5 14&quot;
              /&gt;
            &lt;/svg&gt;
            &lt;input
              aria-invalid=&quot;false&quot;
              class=&quot;MuiInputBase-input MuiOutlinedInput-input MuiInputBase-inputAdornedStart css-1o9s3wi-MuiInputBase-input-MuiOutlinedInput-input&quot;
              id=&quot;:r4i:&quot;
              placeholder=&quot;Oda ara...&quot;
              type=&quot;text&quot;
              value=&quot;&quot;
            /&gt;
            &lt;fieldset
              aria-hidden=&quot;true&quot;
              class=&quot;MuiOutlinedInput-notchedOutline css-r01yff-MuiNotchedOutlined-root-MuiOutlinedInput-notchedOutline&quot;
            &gt;
              &lt;legend
                class=&quot;css-1whs34k-MuiNotchedOutlined-root&quot;
              &gt;
                &lt;span
                  class=&quot;notranslate&quot;
                &gt;
                  ​
                &lt;/span&gt;
              &lt;/legend&gt;
            &lt;/fieldset&gt;
          &lt;/div&gt;
        &lt;...

Ignored nodes: comments, script, style
&lt;html&gt;
  &lt;head /&gt;
  &lt;body
    style=&quot;&quot;
  &gt;
    &lt;div&gt;
      &lt;div
        class=&quot;MuiBox-root css-19kzrtu&quot;
      &gt;
        &lt;div
          class=&quot;MuiBox-root css-v08z5u&quot;
        &gt;
          &lt;h1
            class=&quot;MuiTypography-root MuiTypography-h4 css-1313egv-MuiTypography-root&quot;
          &gt;
            📚 Grup Çalışma Odaları
          &lt;/h1&gt;
          &lt;button
            class=&quot;MuiButtonBase-root MuiButton-root MuiButton-contained MuiButton-containedPrimary MuiButton-sizeMedium MuiButton-containedSizeMedium MuiButton-colorPrimary MuiButton-root MuiButton-contained MuiButton-containedPrimary MuiButton-sizeMedium MuiButton-containedSizeMedium MuiButton-colorPrimary css-36m6dh-MuiButtonBase-root-MuiButton-root&quot;
            tabindex=&quot;0&quot;
            type=&quot;button&quot;
          &gt;
            &lt;span
              class=&quot;MuiButton-icon MuiButton-startIcon MuiButton-iconSizeMedium css-1d6wzja-MuiButton-startIcon&quot;
            &gt;
              &lt;svg
                aria-hidden=&quot;true&quot;
                class=&quot;MuiSvgIcon-root MuiSvgIcon-fontSizeMedium css-i4bv87-MuiSvgIcon-root&quot;
                data-testid=&quot;AddIcon&quot;
                focusable=&quot;false&quot;
                viewBox=&quot;0 0 24 24&quot;
              &gt;
                &lt;path
                  d=&quot;M19 13h-6v6h-2v-6H5v-2h6V5h2v6h6z&quot;
                /&gt;
              &lt;/svg&gt;
            &lt;/span&gt;
            Yeni Oda Oluştur
            &lt;span
              class=&quot;MuiTouchRipple-root css-8je8zh-MuiTouchRipple-root&quot;
            /&gt;
          &lt;/button&gt;
        &lt;/div&gt;
        &lt;div
          class=&quot;MuiTabs-root css-68gvqn-MuiTabs-root&quot;
        &gt;
          &lt;div
            class=&quot;MuiTabs-scroller MuiTabs-fixed css-jpln7h-MuiTabs-scroller&quot;
            style=&quot;overflow: hidden; margin-bottom: 0px;&quot;
          &gt;
            &lt;div
              class=&quot;MuiTabs-flexContainer css-heg063-MuiTabs-flexContainer&quot;
              role=&quot;tablist&quot;
            &gt;
              &lt;button
                aria-selected=&quot;true&quot;
                class=&quot;MuiButtonBase-root MuiTab-root MuiTab-textColorPrimary Mui-selected css-1h9z7r5-MuiButtonBase-root-MuiTab-root&quot;
                role=&quot;tab&quot;
                tabindex=&quot;0&quot;
                type=&quot;button&quot;
              &gt;
                Tüm Odalar
                &lt;span
                  class=&quot;MuiTouchRipple-root css-8je8zh-MuiTouchRipple-root&quot;
                /&gt;
              &lt;/button&gt;
              &lt;button
                aria-selected=&quot;false&quot;
                class=&quot;MuiButtonBase-root MuiTab-root MuiTab-textColorPrimary css-1h9z7r5-MuiButtonBase-root-MuiTab-root&quot;
                role=&quot;tab&quot;
                tabindex=&quot;-1&quot;
                type=&quot;button&quot;
              &gt;
                Benim Odalarım
                &lt;span
                  class=&quot;MuiTouchRipple-root css-8je8zh-MuiTouchRipple-root&quot;
                /&gt;
              &lt;/button&gt;
              &lt;button
                aria-selected=&quot;false&quot;
                class=&quot;MuiButtonBase-root MuiTab-root MuiTab-textColorPrimary css-1h9z7r5-MuiButtonBase-root-MuiTab-root&quot;
                role=&quot;tab&quot;
                tabindex=&quot;-1&quot;
                type=&quot;button&quot;
              &gt;
                Katıldığım Odalar
                &lt;span
                  class=&quot;MuiTouchRipple-root css-8je8zh-MuiTouchRipple-root&quot;
                /&gt;
              &lt;/button&gt;
            &lt;/div&gt;
            &lt;span
              class=&quot;MuiTabs-indicator css-1aquho2-MuiTabs-indicator&quot;
              style=&quot;left: 0px; width: 0px;&quot;
            /&gt;
          &lt;/div&gt;
        &lt;/div&gt;
        &lt;div
          class=&quot;MuiBox-root css-1lwwoo2&quot;
        &gt;
          &lt;div
            class=&quot;MuiFormControl-root MuiTextField-root css-psptp-MuiFormControl-root-MuiTextField-root&quot;
          &gt;
            &lt;div
              class=&quot;MuiInputBase-root MuiOutlinedInput-root MuiInputBase-colorPrimary MuiInputBase-formControl MuiInputBase-adornedStart css-1q6at85-MuiInputBase-root-MuiOutlinedInput-root&quot;
            &gt;
              &lt;svg
                aria-hidden=&quot;true&quot;
                class=&quot;MuiSvgIcon-root MuiSvgIcon-fontSizeMedium css-12di0er-MuiSvgIcon-root&quot;
                data-testid=&quot;SearchIcon&quot;
                focusable=&quot;false&quot;
                viewBox=&quot;0 0 24 24&quot;
              &gt;
                &lt;path
                  d=&quot;M15.5 14h-.79l-.28-.27C15.41 12.59 16 11.11 16 9.5 16 5.91 13.09 3 9.5 3S3 5.91 3 9.5 5.91 16 9.5 16c1.61 0 3.09-.59 4.23-1.57l.27.28v.79l5 4.99L20.49 19zm-6 0C7.01 14 5 11.99 5 9.5S7.01 5 9.5 5 14 7.01 14 9.5 11.99 14 9.5 14&quot;
                /&gt;
              &lt;/svg&gt;
              &lt;input
                aria-invalid=&quot;false&quot;
                class=&quot;MuiInputBase-input MuiOutlinedInput-input MuiInputBase-inputAdornedStart css-1o9s3wi-MuiInputBase-input-MuiOutlinedInput-input&quot;
                id=&quot;:r4i:&quot;
                placeholder=&quot;Oda ara...&quot;
                type=&quot;text&quot;
                value=&quot;&quot;
              /&gt;
              &lt;fieldset
                aria-hidden=&quot;true&quot;
                class=&quot;MuiOutlinedInput-notchedOutline css-r01yff-MuiNotchedOutlined-root-MuiOutlinedInput-notchedOutline&quot;
              &gt;
                &lt;legend
                  class=&quot;css-1whs34k-MuiNotchedOutlined-root&quot;
                ...
 ❯ Proxy.waitForWrapper node_modules/@testing-library/react/node_modules/@testing-library/dom/dist/wait-for.js:163:27
 ❯ src/components/StudyRooms/__tests__/StudyRoomList.test.tsx:446:13
            </failure>
        </testcase>
        <testcase classname="src/components/StudyRooms/__tests__/StudyRoomList.test.tsx" name="StudyRoomList Component &gt; Accessibility &gt; supports keyboard navigation" time="0.2936481">
        </testcase>
    </testsuite>
    <testsuite name="src/components/StudyRooms/__tests__/StudyRoomView.test.tsx" timestamp="2025-11-14T16:56:52.890Z" hostname="ates" tests="1" failures="1" errors="0" skipped="0" time="0">
        <testcase classname="src/components/StudyRooms/__tests__/StudyRoomView.test.tsx" name="src/components/StudyRooms/__tests__/StudyRoomView.test.tsx" time="0">
            <failure message="[vitest] vi.mock(&quot;../ChatInterface&quot;, factory?: () =&gt; unknown) is not returning an object. Did you mean to return an object with a &quot;default&quot; key?" type="TypeError">
TypeError: [vitest] vi.mock(&quot;../ChatInterface&quot;, factory?: () =&gt; unknown) is not returning an object. Did you mean to return an object with a &quot;default&quot; key?
            </failure>
        </testcase>
    </testsuite>
    <testsuite name="src/components/StudyRooms/__tests__/VideoConference.test.tsx" timestamp="2025-11-14T16:56:52.890Z" hostname="ates" tests="34" failures="12" errors="0" skipped="0" time="16.8031723">
        <testcase classname="src/components/StudyRooms/__tests__/VideoConference.test.tsx" name="VideoConference Component - Rendering &gt; renders video conference interface" time="0.8163557">
        </testcase>
        <testcase classname="src/components/StudyRooms/__tests__/VideoConference.test.tsx" name="VideoConference Component - Rendering &gt; displays control buttons" time="1.4665771">
        </testcase>
        <testcase classname="src/components/StudyRooms/__tests__/VideoConference.test.tsx" name="VideoConference Component - Rendering &gt; shows participants badge with count" time="0.2020754">
        </testcase>
        <testcase classname="src/components/StudyRooms/__tests__/VideoConference.test.tsx" name="VideoConference Component - Media Initialization &gt; initializes media on mount" time="0.1865824">
        </testcase>
        <testcase classname="src/components/StudyRooms/__tests__/VideoConference.test.tsx" name="VideoConference Component - Media Initialization &gt; joins room after media initialization" time="0.2482073">
        </testcase>
        <testcase classname="src/components/StudyRooms/__tests__/VideoConference.test.tsx" name="VideoConference Component - Media Initialization &gt; handles media access error" time="0.1511026">
            <system-err>
Error: Not implemented: window.alert
    at module.exports (C:\Users\husey\kiro2\frontend\node_modules\jsdom\lib\jsdom\browser\not-implemented.js:9:17)
    at C:\Users\husey\kiro2\frontend\node_modules\jsdom\lib\jsdom\browser\Window.js:898:7
    at mockCall (file:///C:/Users/husey/kiro2/frontend/node_modules/@vitest/spy/dist/index.js:96:15)
    at bound  (file:///C:/Users/husey/kiro2/frontend/node_modules/tinyspy/dist/index.js:47:103)
    at initializeMedia (C:\Users\husey\kiro2\frontend\src\components\StudyRooms\VideoConference.tsx:144:7) [90mundefined[39m

            </system-err>
        </testcase>
        <testcase classname="src/components/StudyRooms/__tests__/VideoConference.test.tsx" name="VideoConference Component - WebSocket &gt; connects to WebSocket on mount" time="1.1739315">
            <failure message="[Function MockWebSocket] is not a spy or a call to a spy!

Ignored nodes: comments, script, style
[36m&lt;html&gt;[39m
  [36m&lt;head /&gt;[39m
  [36m&lt;body&gt;[39m
    [36m&lt;div&gt;[39m
      [36m&lt;div[39m
        [33mclass[39m=[32m&quot;MuiBox-root css-skdys5&quot;[39m
      [36m&gt;[39m
        [36m&lt;div[39m
          [33mclass[39m=[32m&quot;MuiBox-root css-y35rq&quot;[39m
        [36m&gt;[39m
          [36m&lt;div[39m
            [33mclass[39m=[32m&quot;MuiGrid-root MuiGrid-container MuiGrid-spacing-xs-2 css-1jhdk57-MuiGrid-root&quot;[39m
          [36m&gt;[39m
            [36m&lt;div[39m
              [33mclass[39m=[32m&quot;MuiGrid-root MuiGrid-item MuiGrid-grid-xs-12 MuiGrid-grid-md-6 css-1fyyp8j-MuiGrid-root&quot;[39m
            [36m&gt;[39m
              [36m&lt;div[39m
                [33mclass[39m=[32m&quot;MuiPaper-root MuiPaper-elevation MuiPaper-rounded MuiPaper-elevation1 css-1m7c5ai-MuiPaper-root&quot;[39m
              [36m&gt;[39m
                [36m&lt;video[39m
                  [33mautoplay[39m=[32m&quot;&quot;[39m
                  [33mplaysinline[39m=[32m&quot;&quot;[39m
                  [33mstyle[39m=[32m&quot;width: 100%; height: 100%; object-fit: cover; transform: scaleX(-1);&quot;[39m
                [36m/&gt;[39m
                [36m&lt;div[39m
                  [33mclass[39m=[32m&quot;MuiBox-root css-11mvzea&quot;[39m
                [36m&gt;[39m
                  [36m&lt;div[39m
                    [33mclass[39m=[32m&quot;MuiChip-root MuiChip-filled MuiChip-sizeSmall MuiChip-colorDefault MuiChip-filledDefault css-pxq7id-MuiChip-root&quot;[39m
                  [36m&gt;[39m
                    [36m&lt;span[39m
                      [33mclass[39m=[32m&quot;MuiChip-label MuiChip-labelSmall css-wjsjww-MuiChip-label&quot;[39m
                    [36m&gt;[39m
                      [0mTest User (Ben)[0m
                    [36m&lt;/span&gt;[39m
                  [36m&lt;/div&gt;[39m
                [36m&lt;/div&gt;[39m
              [36m&lt;/div&gt;[39m
            [36m&lt;/div&gt;[39m
          [36m&lt;/div&gt;[39m
        [36m&lt;/div&gt;[39m
        [36m&lt;div[39m
          [33mclass[39m=[32m&quot;MuiPaper-root MuiPaper-elevation MuiPaper-rounded MuiPaper-elevation1 css-9t2818-MuiPaper-root&quot;[39m
        [36m&gt;[39m
          [36m&lt;button[39m
            [33maria-label[39m=[32m&quot;Mikrofonu Kapat&quot;[39m
            [33mclass[39m=[32m&quot;MuiButtonBase-root MuiIconButton-root MuiIconButton-sizeMedium css-t8hj4q-MuiButtonBase-root-MuiIconButton-root&quot;[39m
            [33mdata-mui-internal-clone-element[39m=[32m&quot;true&quot;[39m
            [33mtabindex[39m=[32m&quot;0&quot;[39m
            [33mtype[39m=[32m&quot;button&quot;[39m
          [36m&gt;[39m
            [36m&lt;svg[39m
              [33maria-hidden[39m=[32m&quot;true&quot;[39m
              [33mclass[39m=[32m&quot;MuiSvgIcon-root MuiSvgIcon-fontSizeMedium css-i4bv87-MuiSvgIcon-root&quot;[39m
              [33mdata-testid[39m=[32m&quot;MicIcon&quot;[39m
              [33mfocusable[39m=[32m&quot;false&quot;[39m
              [33mviewBox[39m=[32m&quot;0 0 24 24&quot;[39m
            [36m&gt;[39m
              [36m&lt;path[39m
                [33md[39m=[32m&quot;M12 14c1.66 0 2.99-1.34 2.99-3L15 5c0-1.66-1.34-3-3-3S9 3.34 9 5v6c0 1.66 1.34 3 3 3m5.3-3c0 3-2.54 5.1-5.3 5.1S6.7 14 6.7 11H5c0 3.41 2.72 6.23 6 6.72V21h2v-3.28c3.28-.48 6-3.3 6-6.72z&quot;[39m
              [36m/&gt;[39m
            [36m&lt;/svg&gt;[39m
            [36m&lt;span[39m
              [33mclass[39m=[32m&quot;MuiTouchRipple-root css-8je8zh-MuiTouchRipple-root&quot;[39m
            [36m/&gt;[39m
          [36m&lt;/button&gt;[39m
          [36m&lt;button[39m
            [33maria-label[39m=[32m&quot;Kamerayı Kapat&quot;[39m
            [33mclass[39m=[32m&quot;MuiButtonBase-root MuiIconButton-root MuiIconButton-sizeMedium css-t8hj4q-MuiButtonBase-root-MuiIconButton-root&quot;[39m
            [33mdata-mui-internal-clone-element[39m=[32m&quot;true&quot;[39m
            [33mtabindex[39m=[32m&quot;0&quot;[39m
            [33mtype[39m=[32m&quot;button&quot;[39m
          [36m&gt;[39m
            [36m&lt;svg[39m
              [33maria-hidden[39m=[32m&quot;true&quot;[39m
              [33mclass[39m=[32m&quot;MuiSvgIcon-root MuiSvgIcon-fontSizeMedium css-i4bv87-MuiSvgIcon-root&quot;[39m
              [33mdata-testid[39m=[32m&quot;VideocamIcon&quot;[39m
              [33mfocusable[39m=[32m&quot;false&quot;[39m
              [33mviewBox[39m=[32m&quot;0 0 24 24&quot;[39m
            [36m&gt;[39m
              [36m&lt;path[39m
                [33md[39m=[32m&quot;M17 10.5V7c0-.55-.45-1-1-1H4c-.55 0-1 .45-1 1v10c0 .55.45 1 1 1h12c.55 0 1-.45 1-1v-3.5l4 4v-11z&quot;[39m
              [36m/&gt;[39m
            [36m&lt;/svg&gt;[39m
            [36m&lt;span[39m
              [33mclass[39m=[32m&quot;MuiTouchRipple-root css-8je8zh-MuiTouchRipple-root&quot;[39m
            [36m/&gt;[39m
          [36m&lt;/button&gt;[39m
          [36m&lt;button[39m
            [33maria-label[39m=[32m&quot;Ekran Paylaş&quot;[39m
            [33mclass[39m=[32m&quot;MuiButtonBase-root MuiIconButton-root MuiIconButton-sizeMedium css-qrq853-MuiButtonBase-root-MuiIconButton-root&quot;[39m
            [33mdata-mui-internal-clone-element[39m=[32m&quot;true&quot;[39m
            [33mtabindex[39m=[32m&quot;0&quot;[39m
            [33mtype[39m=[32m&quot;button&quot;[39m
          [36m&gt;[39m
            [36m&lt;svg[39m
              [33maria-hidden[39m=[32m&quot;true&quot;[39m
              [33mclass[39m=[32m&quot;MuiSvgIcon-root MuiSvgIcon-fontSizeMedium css-i4bv87-MuiSvgIcon-root&quot;[39m
              [33mdata-testid[39m=[32m&quot;ScreenShareIcon&quot;[39m
              [33mfocusable[39m=[32m&quot;false&quot;[39m
              [33mviewBox[39m=[32m&quot;0 0 24 24&quot;[39m
            [36m&gt;[39m
              [36m&lt;path[39m
                [33md[39m=[32m&quot;M20 18c1.1 0 1.99-.9 1.99-2L22 6c0-1.11-.9-2-2-2H4c-1.11 0-2 .89-2 2v10c0 1.1.89 2 2 2H0v2h24v-2zm-7-3.53v-2.19c-2.78 0-4.61.85-6 2.72.56-2.67 2.11-5.33 6-5.87V7l4 3.73z&quot;[39m
              [36m/&gt;[39m
            [36m&lt;/svg&gt;[39m
            [36m&lt;span[39m
              [33mclass[39m=[32m&quot;MuiTouchRipple-root css-8je8zh-MuiTouchRipple-root&quot;[39m
            [36m/&gt;[39m
          [36m&lt;/button&gt;[39m
          [36m&lt;button[39m
            [33maria-label[39m=[32m&quot;Kayıt Başlat&quot;[39m
            [33mclass[39m=[32m&quot;MuiButtonBase-root MuiIconButton-root MuiIconButton-sizeMedium css-qrq853-MuiButtonBase-root-MuiIconButton-root&quot;[39m
            [33mdata-mui-internal-clone-element[39m=[32m&quot;true&quot;[39m
            [33mtabindex[39m=[32m&quot;0&quot;[39m
            [33mtype[39m=[32m&quot;button&quot;[39m
          [36m&gt;[39m
            [36m&lt;svg[39m
              [33maria-hidden[39m=[32m&quot;true&quot;[39m
              [33mclass[39m=[32m&quot;MuiSvgIcon-root MuiSvgIcon-fontSizeMedium css-i4bv87-MuiSvgIcon-root&quot;[39m
              [33mdata-testid[39m=[32m&quot;FiberManualRecordIcon&quot;[39m
              [33mfocusable[39m=[32m&quot;false&quot;[39m
              [33mviewBox[39m=[32m&quot;0 0 24 24&quot;[39m
            [36m&gt;[39m
              [36m&lt;circle[39m
                [33mcx[39m=[32m&quot;12&quot;[39m
                [33mcy[39m=[32m&quot;12&quot;[39m
                [33mr[39m=[32m&quot;8&quot;[39m
              [36m/&gt;[39m
            [36m&lt;/svg&gt;[39m
            [36m&lt;span[39m
              [33mclass[39m=[32m&quot;MuiTouchRipple-root css-8je8zh-MuiTouchRipple-root&quot;[39m
       ..." type="TypeError">
TypeError: [Function MockWebSocket] is not a spy or a call to a spy!

Ignored nodes: comments, script, style
&lt;html&gt;
  &lt;head /&gt;
  &lt;body&gt;
    &lt;div&gt;
      &lt;div
        class=&quot;MuiBox-root css-skdys5&quot;
      &gt;
        &lt;div
          class=&quot;MuiBox-root css-y35rq&quot;
        &gt;
          &lt;div
            class=&quot;MuiGrid-root MuiGrid-container MuiGrid-spacing-xs-2 css-1jhdk57-MuiGrid-root&quot;
          &gt;
            &lt;div
              class=&quot;MuiGrid-root MuiGrid-item MuiGrid-grid-xs-12 MuiGrid-grid-md-6 css-1fyyp8j-MuiGrid-root&quot;
            &gt;
              &lt;div
                class=&quot;MuiPaper-root MuiPaper-elevation MuiPaper-rounded MuiPaper-elevation1 css-1m7c5ai-MuiPaper-root&quot;
              &gt;
                &lt;video
                  autoplay=&quot;&quot;
                  playsinline=&quot;&quot;
                  style=&quot;width: 100%; height: 100%; object-fit: cover; transform: scaleX(-1);&quot;
                /&gt;
                &lt;div
                  class=&quot;MuiBox-root css-11mvzea&quot;
                &gt;
                  &lt;div
                    class=&quot;MuiChip-root MuiChip-filled MuiChip-sizeSmall MuiChip-colorDefault MuiChip-filledDefault css-pxq7id-MuiChip-root&quot;
                  &gt;
                    &lt;span
                      class=&quot;MuiChip-label MuiChip-labelSmall css-wjsjww-MuiChip-label&quot;
                    &gt;
                      Test User (Ben)
                    &lt;/span&gt;
                  &lt;/div&gt;
                &lt;/div&gt;
              &lt;/div&gt;
            &lt;/div&gt;
          &lt;/div&gt;
        &lt;/div&gt;
        &lt;div
          class=&quot;MuiPaper-root MuiPaper-elevation MuiPaper-rounded MuiPaper-elevation1 css-9t2818-MuiPaper-root&quot;
        &gt;
          &lt;button
            aria-label=&quot;Mikrofonu Kapat&quot;
            class=&quot;MuiButtonBase-root MuiIconButton-root MuiIconButton-sizeMedium css-t8hj4q-MuiButtonBase-root-MuiIconButton-root&quot;
            data-mui-internal-clone-element=&quot;true&quot;
            tabindex=&quot;0&quot;
            type=&quot;button&quot;
          &gt;
            &lt;svg
              aria-hidden=&quot;true&quot;
              class=&quot;MuiSvgIcon-root MuiSvgIcon-fontSizeMedium css-i4bv87-MuiSvgIcon-root&quot;
              data-testid=&quot;MicIcon&quot;
              focusable=&quot;false&quot;
              viewBox=&quot;0 0 24 24&quot;
            &gt;
              &lt;path
                d=&quot;M12 14c1.66 0 2.99-1.34 2.99-3L15 5c0-1.66-1.34-3-3-3S9 3.34 9 5v6c0 1.66 1.34 3 3 3m5.3-3c0 3-2.54 5.1-5.3 5.1S6.7 14 6.7 11H5c0 3.41 2.72 6.23 6 6.72V21h2v-3.28c3.28-.48 6-3.3 6-6.72z&quot;
              /&gt;
            &lt;/svg&gt;
            &lt;span
              class=&quot;MuiTouchRipple-root css-8je8zh-MuiTouchRipple-root&quot;
            /&gt;
          &lt;/button&gt;
          &lt;button
            aria-label=&quot;Kamerayı Kapat&quot;
            class=&quot;MuiButtonBase-root MuiIconButton-root MuiIconButton-sizeMedium css-t8hj4q-MuiButtonBase-root-MuiIconButton-root&quot;
            data-mui-internal-clone-element=&quot;true&quot;
            tabindex=&quot;0&quot;
            type=&quot;button&quot;
          &gt;
            &lt;svg
              aria-hidden=&quot;true&quot;
              class=&quot;MuiSvgIcon-root MuiSvgIcon-fontSizeMedium css-i4bv87-MuiSvgIcon-root&quot;
              data-testid=&quot;VideocamIcon&quot;
              focusable=&quot;false&quot;
              viewBox=&quot;0 0 24 24&quot;
            &gt;
              &lt;path
                d=&quot;M17 10.5V7c0-.55-.45-1-1-1H4c-.55 0-1 .45-1 1v10c0 .55.45 1 1 1h12c.55 0 1-.45 1-1v-3.5l4 4v-11z&quot;
              /&gt;
            &lt;/svg&gt;
            &lt;span
              class=&quot;MuiTouchRipple-root css-8je8zh-MuiTouchRipple-root&quot;
            /&gt;
          &lt;/button&gt;
          &lt;button
            aria-label=&quot;Ekran Paylaş&quot;
            class=&quot;MuiButtonBase-root MuiIconButton-root MuiIconButton-sizeMedium css-qrq853-MuiButtonBase-root-MuiIconButton-root&quot;
            data-mui-internal-clone-element=&quot;true&quot;
            tabindex=&quot;0&quot;
            type=&quot;button&quot;
          &gt;
            &lt;svg
              aria-hidden=&quot;true&quot;
              class=&quot;MuiSvgIcon-root MuiSvgIcon-fontSizeMedium css-i4bv87-MuiSvgIcon-root&quot;
              data-testid=&quot;ScreenShareIcon&quot;
              focusable=&quot;false&quot;
              viewBox=&quot;0 0 24 24&quot;
            &gt;
              &lt;path
                d=&quot;M20 18c1.1 0 1.99-.9 1.99-2L22 6c0-1.11-.9-2-2-2H4c-1.11 0-2 .89-2 2v10c0 1.1.89 2 2 2H0v2h24v-2zm-7-3.53v-2.19c-2.78 0-4.61.85-6 2.72.56-2.67 2.11-5.33 6-5.87V7l4 3.73z&quot;
              /&gt;
            &lt;/svg&gt;
            &lt;span
              class=&quot;MuiTouchRipple-root css-8je8zh-MuiTouchRipple-root&quot;
            /&gt;
          &lt;/button&gt;
          &lt;button
            aria-label=&quot;Kayıt Başlat&quot;
            class=&quot;MuiButtonBase-root MuiIconButton-root MuiIconButton-sizeMedium css-qrq853-MuiButtonBase-root-MuiIconButton-root&quot;
            data-mui-internal-clone-element=&quot;true&quot;
            tabindex=&quot;0&quot;
            type=&quot;button&quot;
          &gt;
            &lt;svg
              aria-hidden=&quot;true&quot;
              class=&quot;MuiSvgIcon-root MuiSvgIcon-fontSizeMedium css-i4bv87-MuiSvgIcon-root&quot;
              data-testid=&quot;FiberManualRecordIcon&quot;
              focusable=&quot;false&quot;
              viewBox=&quot;0 0 24 24&quot;
            &gt;
              &lt;circle
                cx=&quot;12&quot;
                cy=&quot;12&quot;
                r=&quot;8&quot;
              /&gt;
            &lt;/svg&gt;
            &lt;span
              class=&quot;MuiTouchRipple-root css-8je8zh-MuiTouchRipple-root&quot;
       ...
 ❯ src/components/StudyRooms/__tests__/VideoConference.test.tsx:287:32
 ❯ runWithExpensiveErrorDiagnosticsDisabled node_modules/@testing-library/react/node_modules/@testing-library/dom/dist/config.js:47:12
 ❯ checkCallback node_modules/@testing-library/react/node_modules/@testing-library/dom/dist/wait-for.js:124:77
 ❯ Timeout.checkRealTimersCallback node_modules/@testing-library/react/node_modules/@testing-library/dom/dist/wait-for.js:118:16
            </failure>
        </testcase>
        <testcase classname="src/components/StudyRooms/__tests__/VideoConference.test.tsx" name="VideoConference Component - WebSocket &gt; handles participants update message" time="0.1643932">
            <failure message="Cannot read properties of undefined (reading &apos;instances&apos;)" type="TypeError">
TypeError: Cannot read properties of undefined (reading &apos;instances&apos;)
 ❯ src/components/StudyRooms/__tests__/VideoConference.test.tsx:301:47
            </failure>
        </testcase>
        <testcase classname="src/components/StudyRooms/__tests__/VideoConference.test.tsx" name="VideoConference Component - Audio/Video Controls &gt; toggles microphone mute" time="0.9891833">
        </testcase>
        <testcase classname="src/components/StudyRooms/__tests__/VideoConference.test.tsx" name="VideoConference Component - Audio/Video Controls &gt; toggles video on/off" time="1.0857714">
        </testcase>
        <testcase classname="src/components/StudyRooms/__tests__/VideoConference.test.tsx" name="VideoConference Component - Audio/Video Controls &gt; displays muted indicator when muted" time="0.5493237">
        </testcase>
        <testcase classname="src/components/StudyRooms/__tests__/VideoConference.test.tsx" name="VideoConference Component - Audio/Video Controls &gt; displays avatar when video is disabled" time="0.5925447">
        </testcase>
        <testcase classname="src/components/StudyRooms/__tests__/VideoConference.test.tsx" name="VideoConference Component - Screen Sharing &gt; starts screen sharing" time="0.6630441">
        </testcase>
        <testcase classname="src/components/StudyRooms/__tests__/VideoConference.test.tsx" name="VideoConference Component - Screen Sharing &gt; stops screen sharing" time="1.0120064">
        </testcase>
        <testcase classname="src/components/StudyRooms/__tests__/VideoConference.test.tsx" name="VideoConference Component - Screen Sharing &gt; handles screen sharing error" time="0.6001247">
        </testcase>
        <testcase classname="src/components/StudyRooms/__tests__/VideoConference.test.tsx" name="VideoConference Component - Recording &gt; starts recording" time="0.5788927">
        </testcase>
        <testcase classname="src/components/StudyRooms/__tests__/VideoConference.test.tsx" name="VideoConference Component - Recording &gt; stops recording" time="0.5788777">
        </testcase>
        <testcase classname="src/components/StudyRooms/__tests__/VideoConference.test.tsx" name="VideoConference Component - Recording &gt; handles recording start error" time="0.5110513">
            <system-err>
Error: Not implemented: window.alert
    at module.exports (C:\Users\husey\kiro2\frontend\node_modules\jsdom\lib\jsdom\browser\not-implemented.js:9:17)
    at C:\Users\husey\kiro2\frontend\node_modules\jsdom\lib\jsdom\browser\Window.js:898:7
    at initializeMedia (C:\Users\husey\kiro2\frontend\src\components\StudyRooms\VideoConference.tsx:144:7) [90mundefined[39m

            </system-err>
        </testcase>
        <testcase classname="src/components/StudyRooms/__tests__/VideoConference.test.tsx" name="VideoConference Component - Participant Management &gt; opens participants dialog" time="1.1686958">
            <failure message="Unable to find role=&quot;button&quot; and name `/Katılımcılar/i`

Ignored nodes: comments, script, style
[36m&lt;body&gt;[39m
  [36m&lt;div&gt;[39m
    [36m&lt;div[39m
      [33mclass[39m=[32m&quot;MuiBox-root css-skdys5&quot;[39m
    [36m&gt;[39m
      [36m&lt;div[39m
        [33mclass[39m=[32m&quot;MuiBox-root css-y35rq&quot;[39m
      [36m&gt;[39m
        [36m&lt;div[39m
          [33mclass[39m=[32m&quot;MuiGrid-root MuiGrid-container MuiGrid-spacing-xs-2 css-1jhdk57-MuiGrid-root&quot;[39m
        [36m&gt;[39m
          [36m&lt;div[39m
            [33mclass[39m=[32m&quot;MuiGrid-root MuiGrid-item MuiGrid-grid-xs-12 MuiGrid-grid-md-6 css-1fyyp8j-MuiGrid-root&quot;[39m
          [36m&gt;[39m
            [36m&lt;div[39m
              [33mclass[39m=[32m&quot;MuiPaper-root MuiPaper-elevation MuiPaper-rounded MuiPaper-elevation1 css-1m7c5ai-MuiPaper-root&quot;[39m
            [36m&gt;[39m
              [36m&lt;video[39m
                [33mautoplay[39m=[32m&quot;&quot;[39m
                [33mplaysinline[39m=[32m&quot;&quot;[39m
                [33mstyle[39m=[32m&quot;width: 100%; height: 100%; object-fit: cover; transform: scaleX(-1);&quot;[39m
              [36m/&gt;[39m
              [36m&lt;div[39m
                [33mclass[39m=[32m&quot;MuiBox-root css-11mvzea&quot;[39m
              [36m&gt;[39m
                [36m&lt;div[39m
                  [33mclass[39m=[32m&quot;MuiChip-root MuiChip-filled MuiChip-sizeSmall MuiChip-colorDefault MuiChip-filledDefault css-pxq7id-MuiChip-root&quot;[39m
                [36m&gt;[39m
                  [36m&lt;span[39m
                    [33mclass[39m=[32m&quot;MuiChip-label MuiChip-labelSmall css-wjsjww-MuiChip-label&quot;[39m
                  [36m&gt;[39m
                    [0mTest User (Ben)[0m
                  [36m&lt;/span&gt;[39m
                [36m&lt;/div&gt;[39m
              [36m&lt;/div&gt;[39m
            [36m&lt;/div&gt;[39m
          [36m&lt;/div&gt;[39m
        [36m&lt;/div&gt;[39m
      [36m&lt;/div&gt;[39m
      [36m&lt;div[39m
        [33mclass[39m=[32m&quot;MuiPaper-root MuiPaper-elevation MuiPaper-rounded MuiPaper-elevation1 css-9t2818-MuiPaper-root&quot;[39m
      [36m&gt;[39m
        [36m&lt;button[39m
          [33maria-label[39m=[32m&quot;Mikrofonu Kapat&quot;[39m
          [33mclass[39m=[32m&quot;MuiButtonBase-root MuiIconButton-root MuiIconButton-sizeMedium css-t8hj4q-MuiButtonBase-root-MuiIconButton-root&quot;[39m
          [33mdata-mui-internal-clone-element[39m=[32m&quot;true&quot;[39m
          [33mtabindex[39m=[32m&quot;0&quot;[39m
          [33mtype[39m=[32m&quot;button&quot;[39m
        [36m&gt;[39m
          [36m&lt;svg[39m
            [33maria-hidden[39m=[32m&quot;true&quot;[39m
            [33mclass[39m=[32m&quot;MuiSvgIcon-root MuiSvgIcon-fontSizeMedium css-i4bv87-MuiSvgIcon-root&quot;[39m
            [33mdata-testid[39m=[32m&quot;MicIcon&quot;[39m
            [33mfocusable[39m=[32m&quot;false&quot;[39m
            [33mviewBox[39m=[32m&quot;0 0 24 24&quot;[39m
          [36m&gt;[39m
            [36m&lt;path[39m
              [33md[39m=[32m&quot;M12 14c1.66 0 2.99-1.34 2.99-3L15 5c0-1.66-1.34-3-3-3S9 3.34 9 5v6c0 1.66 1.34 3 3 3m5.3-3c0 3-2.54 5.1-5.3 5.1S6.7 14 6.7 11H5c0 3.41 2.72 6.23 6 6.72V21h2v-3.28c3.28-.48 6-3.3 6-6.72z&quot;[39m
            [36m/&gt;[39m
          [36m&lt;/svg&gt;[39m
          [36m&lt;span[39m
            [33mclass[39m=[32m&quot;MuiTouchRipple-root css-8je8zh-MuiTouchRipple-root&quot;[39m
          [36m/&gt;[39m
        [36m&lt;/button&gt;[39m
        [36m&lt;button[39m
          [33maria-label[39m=[32m&quot;Kamerayı Kapat&quot;[39m
          [33mclass[39m=[32m&quot;MuiButtonBase-root MuiIconButton-root MuiIconButton-sizeMedium css-t8hj4q-MuiButtonBase-root-MuiIconButton-root&quot;[39m
          [33mdata-mui-internal-clone-element[39m=[32m&quot;true&quot;[39m
          [33mtabindex[39m=[32m&quot;0&quot;[39m
          [33mtype[39m=[32m&quot;button&quot;[39m
        [36m&gt;[39m
          [36m&lt;svg[39m
            [33maria-hidden[39m=[32m&quot;true&quot;[39m
            [33mclass[39m=[32m&quot;MuiSvgIcon-root MuiSvgIcon-fontSizeMedium css-i4bv87-MuiSvgIcon-root&quot;[39m
            [33mdata-testid[39m=[32m&quot;VideocamIcon&quot;[39m
            [33mfocusable[39m=[32m&quot;false&quot;[39m
            [33mviewBox[39m=[32m&quot;0 0 24 24&quot;[39m
          [36m&gt;[39m
            [36m&lt;path[39m
              [33md[39m=[32m&quot;M17 10.5V7c0-.55-.45-1-1-1H4c-.55 0-1 .45-1 1v10c0 .55.45 1 1 1h12c.55 0 1-.45 1-1v-3.5l4 4v-11z&quot;[39m
            [36m/&gt;[39m
          [36m&lt;/svg&gt;[39m
          [36m&lt;span[39m
            [33mclass[39m=[32m&quot;MuiTouchRipple-root css-8je8zh-MuiTouchRipple-root&quot;[39m
          [36m/&gt;[39m
        [36m&lt;/button&gt;[39m
        [36m&lt;button[39m
          [33maria-label[39m=[32m&quot;Ekran Paylaş&quot;[39m
          [33mclass[39m=[32m&quot;MuiButtonBase-root MuiIconButton-root MuiIconButton-sizeMedium css-qrq853-MuiButtonBase-root-MuiIconButton-root&quot;[39m
          [33mdata-mui-internal-clone-element[39m=[32m&quot;true&quot;[39m
          [33mtabindex[39m=[32m&quot;0&quot;[39m
          [33mtype[39m=[32m&quot;button&quot;[39m
        [36m&gt;[39m
          [36m&lt;svg[39m
            [33maria-hidden[39m=[32m&quot;true&quot;[39m
            [33mclass[39m=[32m&quot;MuiSvgIcon-root MuiSvgIcon-fontSizeMedium css-i4bv87-MuiSvgIcon-root&quot;[39m
            [33mdata-testid[39m=[32m&quot;ScreenShareIcon&quot;[39m
            [33mfocusable[39m=[32m&quot;false&quot;[39m
            [33mviewBox[39m=[32m&quot;0 0 24 24&quot;[39m
          [36m&gt;[39m
            [36m&lt;path[39m
              [33md[39m=[32m&quot;M20 18c1.1 0 1.99-.9 1.99-2L22 6c0-1.11-.9-2-2-2H4c-1.11 0-2 .89-2 2v10c0 1.1.89 2 2 2H0v2h24v-2zm-7-3.53v-2.19c-2.78 0-4.61.85-6 2.72.56-2.67 2.11-5.33 6-5.87V7l4 3.73z&quot;[39m
            [36m/&gt;[39m
          [36m&lt;/svg&gt;[39m
          [36m&lt;span[39m
            [33mclass[39m=[32m&quot;MuiTouchRipple-root css-8je8zh-MuiTouchRipple-root&quot;[39m
          [36m/&gt;[39m
        [36m&lt;/button&gt;[39m
        [36m&lt;button[39m
          [33maria-label[39m=[32m&quot;Kayıt Başlat&quot;[39m
          [33mclass[39m=[32m&quot;MuiButtonBase-root MuiIconButton-root MuiIconButton-sizeMedium css-qrq853-MuiButtonBase-root-MuiIconButton-root&quot;[39m
          [33mdata-mui-internal-clone-element[39m=[32m&quot;true&quot;[39m
          [33mtabindex[39m=[32m&quot;0&quot;[39m
          [33mtype[39m=[32m&quot;button&quot;[39m
        [36m&gt;[39m
          [36m&lt;svg[39m
            [33maria-hidden[39m=[32m&quot;true&quot;[39m
            [33mclass[39m=[32m&quot;MuiSvgIcon-root MuiSvgIcon-fontSizeMedium css-i4bv87-MuiSvgIcon-root&quot;[39m
            [33mdata-testid[39m=[32m&quot;FiberManualRecordIcon&quot;[39m
            [33mfocusable[39m=[32m&quot;false&quot;[39m
            [33mviewBox[39m=[32m&quot;0 0 24 24&quot;[39m
          [36m&gt;[39m
            [36m&lt;circle[39m
              [33mcx[39m=[32m&quot;12&quot;[39m
              [33mcy[39m=[32m&quot;12&quot;[39m
              [33mr[39m=[32m&quot;8&quot;[39m
            [36m/&gt;[39m
          [36m&lt;/svg&gt;[39m
          [36m&lt;span[39m
            [33mclass[39m=[32m&quot;MuiTouchRipple-root css-8je8zh-MuiTouchRipple-root&quot;[39m
          [36m/&gt;[39m
        [36m&lt;/button&gt;[39m
        [36m&lt;span[39m
          [33maria-label[39m=[32m&quot;Katılımcılar&quot;[39m
          [33mclass[39m=[32m&quot;MuiBadge-root css-1c32n2y-MuiBadge-root&quot;[39m
          [33mdata-mui-internal-clone-element[39m=[32m&quot;true&quot;[39m
        [36m&gt;[39m
          [36m&lt;button[39m
            [33mclass[39m=[32m&quot;MuiButtonBase-root MuiIconButton-root MuiIconButton-sizeMedium css-78trlr-MuiButtonBase-root-MuiIconButton-root&quot;[39m
            [33mtabindex[39m=[32m&quot;0&quot;[39m
            [33mtype[39m=[32m&quot;button&quot;[39m
          [36m&gt;[39m
            [36m&lt;svg[39m
              [33maria-hidden[39m=[32m&quot;true&quot;[39m
              [33mclass[39m=[32m&quot;MuiSvgIcon-root MuiSvgIcon-fontSizeMedium css-i4bv87-MuiSvgIcon-root&quot;[39m
              [33mdata-testid[39m=[32m&quot;PeopleAltIcon&quot;[39m
              [33mfocusable[39m=[32m&quot;false&quot;[39m
              [33mviewBox[39m=[32m&quot;0 0 24 24&quot;[39m
            [36m&gt;[39m
              [36m&lt;path[39m
                [33md[39m=[32m&quot;M16.67 13.13C18.04 14.06 19 15.32 19 17v3h4v-3c0-2.18-3.57-3.47-6.33-3.87&quot;[39m
                [33mfill-rule[39m=[32m&quot;evenodd&quot;[39m
              [36m/&gt;[39m
              [36m&lt;circle[39m
                [33mcx[39m=[32m&quot;9&quot;[39m
                [33mcy[39m=[32m&quot;8&quot;[39m
                [33mfill-rule[39m=[32m&quot;evenodd&quot;[39m
                [33mr[39m=[32m&quot;4&quot;[39m
              [36m/&gt;[39m
              [36m&lt;path[39m
                [33md[39m=[32m&quot;M15 12c2.21 0 4-1.79 4-4s-1.79-4-4-4c-.47 0-.91.1-1.33.24C14.5 5.27 15 6.58 15 8s-.5 2.73-1.33 3.76c.42.14.86.24 1.33.24m-6 1c-2.67 0-8 1.34-8 4v3h16v-3c0-2.66-5.33-4-8-4&quot;[39m
                [33mfill-rule[39m=[32m&quot;evenodd&quot;[39m
              [36m/&gt;[39m
            [36m&lt;/svg&gt;[39m
            [36m&lt;span[39m
              [33mclass[39m=[32m&quot;MuiTouchRipple-root css-8je8zh-MuiTouchRipple-root&quot;[39m
            [36m/&gt;[39m
          [36m&lt;/button&gt;[39m
          [36m&lt;span[39m
            [33mclass[39m=[32m&quot;MuiBadge-badge MuiBadge-standard MuiBadge-anchorOriginTopRight MuiBadge-anchorOriginTopRightRectangular MuiBadge-overlapRectangular MuiBadge-colorPrimary css-zza0ns-MuiBadge-badge&quot;[39m
          [36m&gt;[39m
            [0m1[0m
          [36m&lt;/span&gt;[39m
        [36m&lt;/span&gt;[39m
        [36m&lt;div[39m
          [33mclass[39m=[32m&quot;MuiBox-root css-1rr4qq7&quot;[39m
        [36m/&gt;[39m
        [36m&lt;button[39m
          [33maria-label[39m=[32m&quot;Aramayı Bitir&quot;[39m
          [33mclass[39m=[32m&quot;MuiButtonBase-root MuiIconButton-root MuiIconButton-sizeMedium css-1it0c0m-MuiButtonBase-root-MuiIconButton-root&quot;[39m
          [33mdata-mui-internal-clone-element[39m=[32m&quot;true&quot;[39m
          [33mtabindex[39m=[32m&quot;0&quot;[39m
          [33mtype[39m=[32m&quot;button&quot;[39m
        [36m&gt;[39m
          [36m&lt;svg[39m
            [33maria-hidden[39m=[32m&quot;true&quot;[39m
            [33mclass[39m=[32m&quot;MuiSvgIcon-root MuiSvgIcon-fontSizeMedium css-i4bv87-MuiSvgIcon-root&quot;[39m
            [33mdata-testid[39m=[32m&quot;CallEndIcon&quot;[39m
            [33mfocusable[39m=[32m&quot;false&quot;[39m
            [33mviewBox[39m=[32m&quot;0 0 24 24&quot;[39m
          [36m&gt;[39m
            [36m&lt;path[39m
              [33md[39m=[32m&quot;M12 9c-1.6 0-3.15.25-4.6.72v3.1c0 .39-.23.74-.56.9-.98.49-1.87 1.12-2.66 1.85-.18.18-.43.28-.7.28-.28 0-.53-.11-.71-.29L.29 13.08c-.18-.17-.29-.42-.29-.7 0-.28.11-.53.29-.71C3.34 8.78 7.46 7 12 7s8.66 1.78 11.71 4.67c.18.18.29.43.29.71 0 .28-.11.53-.29.71l-2.48 2.48c-.18.18-.43.29-.71.29-.27 0-.52-.11-.7-.28-.79-.74-1.69-1.36-2.67-1.85-.33-.16-.56-.5-.56-.9v-3.1C15.15 9.25 13.6 9 12 9&quot;[39m
            [36m/&gt;[39m
          [36m&lt;/svg&gt;[39m
          [36m&lt;span[39m
            [33mclass[39m=[32m&quot;MuiTouchRipple-root css-8je8zh-MuiTouchRipple-root&quot;[39m
          [36m/&gt;[39m
        [36m&lt;/button&gt;[39m
      [36m&lt;/div&gt;[39m
    [36m&lt;/div&gt;[39m
  [36m&lt;/div&gt;[39m
[36m&lt;/body&gt;[39m

Ignored nodes: comments, script, style
[36m&lt;body&gt;[39m
  [36m&lt;div&gt;[39m
    [36m&lt;div[39m
      [33mclass[39m=[32m&quot;MuiBox-root css-skdys5&quot;[39m
    [36m&gt;[39m
      [36m&lt;div[39m
        [33mclass[39m=[32m&quot;MuiBox-root css-y35rq&quot;[39m
      [36m&gt;[39m
        [36m&lt;div[39m
          [33mclass[39m=[32m&quot;MuiGrid-root MuiGrid-container MuiGrid-spacing-xs-2 css-1jhdk57-MuiGrid-root&quot;[39m
        [36m&gt;[39m
          [36m&lt;div[39m
            [33mclass[39m=[32m&quot;MuiGrid-root MuiGrid-item MuiGrid-grid-xs-12 MuiGrid-grid-md-6 css-1fyyp8j-MuiGrid-root&quot;[39m
          [36m&gt;[39m
            [36m&lt;div[39m
              [33mclass[39m=[32m&quot;MuiPaper-root MuiPaper-elevation MuiPaper-rounded MuiPaper-elevation1 css-1m7c5ai-MuiPaper-root&quot;[39m
            [36m&gt;[39m
              [36m&lt;video[39m
                [33mautoplay[39m=[32m&quot;&quot;[39m
                [33mplaysinline[39m=[32m&quot;&quot;[39m
                [33mstyle[39m=[32m&quot;width: 100%; height: 100%; object-fit: cover; transform: scaleX(-1);&quot;[39m
              [36m/&gt;[39m
              [36m&lt;div[39m
                [33mclass[39m=[32m&quot;MuiBox-root css-11mvzea&quot;[39m
              [36m&gt;[39m
                [36m&lt;div[39m
                  [33mclass[39m=[32m&quot;MuiChip-root MuiChip-filled MuiChip-sizeSmall MuiChip-colorDefault MuiChip-filledDefault css-pxq7id-MuiChip-root&quot;[39m
                [36m&gt;[39m
                  [36m&lt;span[39m
                    [33mclass[39m=[32m&quot;MuiChip-label MuiChip-labelSmall css-wjsjww-MuiChip-label&quot;[39m
                  [36m&gt;[39m
                    [0mTest User (Ben)[0m
                  [36m&lt;/span&gt;[39m
                [36m&lt;/div&gt;[39m
              [36m&lt;/div&gt;[39m
            [36m&lt;/div&gt;[39m
          [36m&lt;/div&gt;[39m
        [36m&lt;/div&gt;[39m
      [36m&lt;/div&gt;[39m
      [36m&lt;div[39m
        [33mclass[39m=[32m&quot;MuiPaper-root MuiPaper-elevation MuiPaper-rounded MuiPaper-elevation1 css-9t2818-MuiPaper-root&quot;[39m
      [36m&gt;[39m
        [36m&lt;button[39m
          [33maria-label[39m=[32m&quot;Mikrofonu Kapat&quot;[39m
          [33mclass[39m=[32m&quot;MuiButtonBase-root MuiIconButton-root MuiIconButton-sizeMedium css-t8hj4q-MuiButtonBase-root-MuiIconButton-root&quot;[39m
          [33mdata-mui-internal-clone-element[39m=[32m&quot;true&quot;[39m
          [33mtabindex[39m=[32m&quot;0&quot;[39m
          [33mtype[39m=[32m&quot;button&quot;[39m
        [36m&gt;[39m
          [36m&lt;svg[39m
            [33maria-hidden[39m=[32m&quot;true&quot;[39m
            [33mclass[39m=[32m&quot;MuiSvgIcon-root MuiSvgIcon-fontSizeMedium css-i4bv87-MuiSvgIcon-root&quot;[39m
            [33mdata-testid[39m=[32m&quot;MicIcon&quot;[39m
            [33mfocusable[39m=[32m&quot;false&quot;[39m
            [33mviewBox[39m=[32m&quot;0 0 24 24&quot;[39m
          [36m&gt;[39m
            [36m&lt;path[39m
              [33md[39m=[32m&quot;M12 14c1.66 0 2.99-1.34 2.99-3L15 5c0-1.66-1.34-3-3-3S9 3.34 9 5v6c0 1.66 1.34 3 3 3m5.3-3c0 3-2.54 5.1-5.3 5.1S6.7 14 6.7 11H5c0 3.41 2.72 6.23 6 6.72V21h2v-3.28c3.28-.48 6-3.3 6-6.72z&quot;[39m
            [36m/&gt;[39m
          [36m&lt;/svg&gt;[39m
          [36m&lt;span[39m
            [33mclass[39m=[32m&quot;MuiTouchRipple-root css-8je8zh-MuiTouchRipple-root&quot;[39m
          [36m/&gt;[39m
        [36m&lt;/button&gt;[39m
        [36m&lt;button[39m
          [33maria-label[39m=[32m&quot;Kamerayı Kapat&quot;[39m
          [33mclass[39m=[32m&quot;MuiButtonBase-root MuiIconButton-root MuiIconButton-sizeMedium css-t8hj4q-MuiButtonBase-root-MuiIconButton-root&quot;[39m
          [33mdata-mui-internal-clone-element[39m=[32m&quot;true&quot;[39m
          [33mtabindex[39m=[32m&quot;0&quot;[39m
          [33mtype[39m=[32m&quot;button&quot;[39m
        [36m&gt;[39m
          [36m&lt;svg[39m
            [33maria-hidden[39m=[32m&quot;true&quot;[39m
            [33mclass[39m=[32m&quot;MuiSvgIcon-root MuiSvgIcon-fontSizeMedium css-i4bv87-MuiSvgIcon-root&quot;[39m
            [33mdata-testid[39m=[32m&quot;VideocamIcon&quot;[39m
            [33mfocusable[39m=[32m&quot;false&quot;[39m
            [33mviewBox[39m=[32m&quot;0 0 24 24&quot;[39m
          [36m&gt;[39m
            [36m&lt;path[39m
              [33md[39m=[32m&quot;M17 10.5V7c0-.55-.45-1-1-1H4c-.55 0-1 .45-1 1v10c0 .55.45 1 1 1h12c.55 0 1-.45 1-1v-3.5l4 4v-11z&quot;[39m
            [36m/&gt;[39m
          [36m&lt;/svg&gt;[39m
          [36m&lt;span[39m
            [33mclass[39m=[32m&quot;MuiTouchRipple-root css-8je8zh-MuiTouchRipple-root&quot;[39m
          [36m/&gt;[39m
        [36m&lt;/button&gt;[39m
        [36m&lt;button[39m
          [33maria-label[39m=[32m&quot;Ekran Paylaş&quot;[39m
          [33mclass[39m=[32m&quot;MuiButtonBase-root MuiIconButton-root MuiIconButton-sizeMedium css-qrq853-MuiButtonBase-root-MuiIconButton-root&quot;[39m
          [33mdata-mui-internal-clone-element[39m=[32m&quot;true&quot;[39m
          [33mtabindex[39m=[32m&quot;0&quot;[39m
          [33mtype[39m=[32m&quot;button&quot;[39m
        [36m&gt;[39m
          [36m&lt;svg[39m
            [33maria-hidden[39m=[32m&quot;true&quot;[39m
            [33mclass[39m=[32m&quot;MuiSvgIcon-root MuiSvgIcon-fontSizeMedium css-i4bv87-MuiSvgIcon-root&quot;[39m
            [33mdata-testid[39m=[32m&quot;ScreenShareIcon&quot;[39m
            [33mfocusable[39m=[32m&quot;false&quot;[39m
            [33mviewBox[39m=[32m&quot;0 0 24 24&quot;[39m
          [36m&gt;[39m
            [36m&lt;path[39m
              [33md[39m=[32m&quot;M20 18c1.1 0 1.99-.9 1.99-2L22 6c0-1.11-.9-2-2-2H4c-1.11 0-2 .89-2 2v10c0 1.1.89 2 2 2H0v2h24v-2zm-7-3.53v-2.19c-2.78 0-4.61.85-6 2.72.56-2.67 2.11-5.33 6-5.87V7l4 3.73z&quot;[39m
            [36m/&gt;[39m
          [36m&lt;/svg&gt;[39m
          [36m&lt;span[39m
            [33mclass[39m=[32m&quot;MuiTouchRipple-root css-8je8zh-MuiTouchRipple-root&quot;[39m
          [36m/&gt;[39m
        [36m&lt;/button&gt;[39m
        [36m&lt;button[39m
          [33maria-label[39m=[32m&quot;Kayıt Başlat&quot;[39m
          [33mclass[39m=[32m&quot;MuiButtonBase-root MuiIconButton-root MuiIconButton-sizeMedium css-qrq853-MuiButtonBase-root-MuiIconButton-root&quot;[39m
          [33mdata-mui-internal-clone-element[39m=[32m&quot;true&quot;[39m
          [33mtabindex[39m=[32m&quot;0&quot;[39m
          [33mtype[39m=[32m&quot;button&quot;[39m
        [36m&gt;[39m
          [36m&lt;svg[39m
            [33maria-hidden[39m=[32m&quot;true&quot;[39m
            [33mclass[39m=[32m&quot;MuiSvgIcon-root MuiSvgIcon-fontSizeMedium css-i4bv87-MuiSvgIcon-root&quot;[39m
            [33mdata-testid[39m=[32m&quot;FiberManualRecordIcon&quot;[39m
            [33mfocusable[39m=[32m&quot;false&quot;[39m
            [33mviewBox[39m=[32m&quot;0 0 24 24&quot;[39m
          [36m&gt;[39m
            [36m&lt;circle[39m
              [33mcx[39m=[32m&quot;12&quot;[39m
              [33mcy[39m=[32m&quot;12&quot;[39m
              [33mr[39m=[32m&quot;8&quot;[39m
            [36m/&gt;[39m
          [36m&lt;/svg&gt;[39m
          [36m&lt;span[39m
            [33mclass[39m=[32m&quot;MuiTouchRipple-root css-8je8zh-MuiTouchRipple-root&quot;[39m
          [36m/&gt;[39m
        [36m&lt;/button&gt;[39m
        [36m&lt;span[39m
          [33maria-label[39m=[32m&quot;Katılımcılar&quot;[39m
          [33mclass[39m=[32m&quot;MuiBadge-root css-1c32n2y-MuiBadge-root&quot;[39m
          [33mdata-mui-internal-clone-element[39m=[32m&quot;true&quot;[39m
        [36m&gt;[39m
          [36m&lt;button[39m
            [33mclass[39m=[32m&quot;MuiButtonBase-root MuiIconButton-root MuiIconButton-sizeMedium css-78trlr-MuiButtonBase-root-MuiIconButton-root&quot;[39m
            [33mtabindex[39m=[32m&quot;0&quot;[39m
            [33mtype[39m=[32m&quot;button&quot;[39m
          [36m&gt;[39m
            [36m&lt;svg[39m
              [33maria-hidden[39m=[32m&quot;true&quot;[39m
              [33mclass[39m=[32m&quot;MuiSvgIcon-root MuiSvgIcon-fontSizeMedium css-i4bv87-MuiSvgIcon-root&quot;[39m
              [33mdata-testid[39m=[32m&quot;PeopleAltIcon&quot;[39m
              [33mfocusable[39m=[32m&quot;false&quot;[39m
              [33mviewBox[39m=[32m&quot;0 0 24 24&quot;[39m
            [36m&gt;[39m
              [36m&lt;path[39m
                [33md[39m=[32m&quot;M16.67 13.13C18.04 14.06 19 15.32 19 17v3h4v-3c0-2.18-3.57-3.47-6.33-3.87&quot;[39m
                [33mfill-rule[39m=[32m&quot;evenodd&quot;[39m
              [36m/&gt;[39m
              [36m&lt;circle[39m
                [33mcx[39m=[32m&quot;9&quot;[39m
                [33mcy[39m=[32m&quot;8&quot;[39m
                [33mfill-rule[39m=[32m&quot;evenodd&quot;[39m
                [33mr[39m=[32m&quot;4&quot;[39m
              [36m/&gt;[39m
              [36m&lt;path[39m
                [33md[39m=[32m&quot;M15 12c2.21 0 4-1.79 4-4s-1.79-4-4-4c-.47 0-.91.1-1.33.24C14.5 5.27 15 6.58 15 8s-.5 2.73-1.33 3.76c.42.14.86.24 1.33.24m-6 1c-2.67 0-8 1.34-8 4v3h16v-3c0-2.66-5.33-4-8-4&quot;[39m
                [33mfill-rule[39m=[32m&quot;evenodd&quot;[39m
              [36m/&gt;[39m
            [36m&lt;/svg&gt;[39m
            [36m&lt;span[39m
              [33mclass[39m=[32m&quot;MuiTouchRipple-root css-8je8zh-MuiTouchRipple-root&quot;[39m
            [36m/&gt;[39m
          [36m&lt;/button&gt;[39m
          [36m&lt;span[39m
            [33mclass[39m=[32m&quot;MuiBadge-badge MuiBadge-standard MuiBadge-anchorOriginTopRight MuiBadge-anchorOriginTopRightRectangular MuiBadge-overlapRectangular MuiBadge-colorPrimary css-zza0ns-MuiBadge-badge&quot;[39m
          [36m&gt;[39m
            [0m1[0m
          [36m&lt;/span&gt;[39m
        [36m&lt;/span&gt;[39m
        [36m&lt;div[39m
          [33mclass[39m=[32m&quot;MuiBox-root css-1rr4qq7&quot;[39m
        [36m/&gt;[39m
        [36m&lt;button[39m
          [33maria-label[39m=[32m&quot;Aramayı Bitir&quot;[39m
          [33mclass[39m=[32m&quot;MuiButtonBase-root MuiIconButton-root MuiIconButton-sizeMedium css-1it0c0m-MuiButtonBase-root-MuiIconButton-root&quot;[39m
          [33mdata-mui-internal-clone-element[39m=[32m&quot;true&quot;[39m
          [33mtabindex[39m=[32m&quot;0&quot;[39m
          [33mtype[39m=[32m&quot;button&quot;[39m
        [36m&gt;[39m
          [36m&lt;svg[39m
            [33maria-hidden[39m=[32m&quot;true&quot;[39m
            [33mclass[39m=[32m&quot;MuiSvgIcon-root MuiSvgIcon-fontSizeMedium css-i4bv87-MuiSvgIcon-root&quot;[39m
            [33mdata-testid[39m=[32m&quot;CallEndIcon&quot;[39m
            [33mfocusable[39m=[32m&quot;false&quot;[39m
            [33mviewBox[39m=[32m&quot;0 0 24 24&quot;[39m
          [36m&gt;[39m
            [36m&lt;path[39m
              [33md[39m=[32m&quot;M12 9c-1.6 0-3.15.25-4.6.72v3.1c0 .39-.23.74-.56.9-.98.49-1.87 1.12-2.66 1.85-.18.18-.43.28-.7.28-.28 0-.53-.11-.71-.29L.29 13.08c-.18-.17-.29-.42-.29-.7 0-.28.11-.53.29-.71C3.34 8.78 7.46 7 12 7s8.66 1.78 11.71 4.67c.18.18.29.43.29.71 0 .28-.11.53-.29.71l-2.48 2.48c-.18.18-.43.29-.71.29-.27 0-.52-.11-.7-.28-.79-.74-1.69-1.36-2.67-1.85-.33-.16-.56-.5-.56-.9v-3.1C15.15 9.25 13.6 9 12 9&quot;[39m
            [36m/&gt;[39m
          [36m&lt;/svg&gt;[39m
          [36m&lt;span[39m
            [33mclass[39m=[32m&quot;MuiTouchRipple-root css-8je8zh-MuiTouchRipple-root&quot;[39m
          [36m/&gt;[39m
        [36m&lt;/button&gt;[39m
      [36m&lt;/div&gt;[39m
    [36m&lt;/div&gt;[39m
  [36m&lt;/div&gt;[39m
[36m&lt;/body&gt;[39m" type="TestingLibraryElementError">
TestingLibraryElementError: Unable to find role=&quot;button&quot; and name `/Katılımcılar/i`

Ignored nodes: comments, script, style
&lt;body&gt;
  &lt;div&gt;
    &lt;div
      class=&quot;MuiBox-root css-skdys5&quot;
    &gt;
      &lt;div
        class=&quot;MuiBox-root css-y35rq&quot;
      &gt;
        &lt;div
          class=&quot;MuiGrid-root MuiGrid-container MuiGrid-spacing-xs-2 css-1jhdk57-MuiGrid-root&quot;
        &gt;
          &lt;div
            class=&quot;MuiGrid-root MuiGrid-item MuiGrid-grid-xs-12 MuiGrid-grid-md-6 css-1fyyp8j-MuiGrid-root&quot;
          &gt;
            &lt;div
              class=&quot;MuiPaper-root MuiPaper-elevation MuiPaper-rounded MuiPaper-elevation1 css-1m7c5ai-MuiPaper-root&quot;
            &gt;
              &lt;video
                autoplay=&quot;&quot;
                playsinline=&quot;&quot;
                style=&quot;width: 100%; height: 100%; object-fit: cover; transform: scaleX(-1);&quot;
              /&gt;
              &lt;div
                class=&quot;MuiBox-root css-11mvzea&quot;
              &gt;
                &lt;div
                  class=&quot;MuiChip-root MuiChip-filled MuiChip-sizeSmall MuiChip-colorDefault MuiChip-filledDefault css-pxq7id-MuiChip-root&quot;
                &gt;
                  &lt;span
                    class=&quot;MuiChip-label MuiChip-labelSmall css-wjsjww-MuiChip-label&quot;
                  &gt;
                    Test User (Ben)
                  &lt;/span&gt;
                &lt;/div&gt;
              &lt;/div&gt;
            &lt;/div&gt;
          &lt;/div&gt;
        &lt;/div&gt;
      &lt;/div&gt;
      &lt;div
        class=&quot;MuiPaper-root MuiPaper-elevation MuiPaper-rounded MuiPaper-elevation1 css-9t2818-MuiPaper-root&quot;
      &gt;
        &lt;button
          aria-label=&quot;Mikrofonu Kapat&quot;
          class=&quot;MuiButtonBase-root MuiIconButton-root MuiIconButton-sizeMedium css-t8hj4q-MuiButtonBase-root-MuiIconButton-root&quot;
          data-mui-internal-clone-element=&quot;true&quot;
          tabindex=&quot;0&quot;
          type=&quot;button&quot;
        &gt;
          &lt;svg
            aria-hidden=&quot;true&quot;
            class=&quot;MuiSvgIcon-root MuiSvgIcon-fontSizeMedium css-i4bv87-MuiSvgIcon-root&quot;
            data-testid=&quot;MicIcon&quot;
            focusable=&quot;false&quot;
            viewBox=&quot;0 0 24 24&quot;
          &gt;
            &lt;path
              d=&quot;M12 14c1.66 0 2.99-1.34 2.99-3L15 5c0-1.66-1.34-3-3-3S9 3.34 9 5v6c0 1.66 1.34 3 3 3m5.3-3c0 3-2.54 5.1-5.3 5.1S6.7 14 6.7 11H5c0 3.41 2.72 6.23 6 6.72V21h2v-3.28c3.28-.48 6-3.3 6-6.72z&quot;
            /&gt;
          &lt;/svg&gt;
          &lt;span
            class=&quot;MuiTouchRipple-root css-8je8zh-MuiTouchRipple-root&quot;
          /&gt;
        &lt;/button&gt;
        &lt;button
          aria-label=&quot;Kamerayı Kapat&quot;
          class=&quot;MuiButtonBase-root MuiIconButton-root MuiIconButton-sizeMedium css-t8hj4q-MuiButtonBase-root-MuiIconButton-root&quot;
          data-mui-internal-clone-element=&quot;true&quot;
          tabindex=&quot;0&quot;
          type=&quot;button&quot;
        &gt;
          &lt;svg
            aria-hidden=&quot;true&quot;
            class=&quot;MuiSvgIcon-root MuiSvgIcon-fontSizeMedium css-i4bv87-MuiSvgIcon-root&quot;
            data-testid=&quot;VideocamIcon&quot;
            focusable=&quot;false&quot;
            viewBox=&quot;0 0 24 24&quot;
          &gt;
            &lt;path
              d=&quot;M17 10.5V7c0-.55-.45-1-1-1H4c-.55 0-1 .45-1 1v10c0 .55.45 1 1 1h12c.55 0 1-.45 1-1v-3.5l4 4v-11z&quot;
            /&gt;
          &lt;/svg&gt;
          &lt;span
            class=&quot;MuiTouchRipple-root css-8je8zh-MuiTouchRipple-root&quot;
          /&gt;
        &lt;/button&gt;
        &lt;button
          aria-label=&quot;Ekran Paylaş&quot;
          class=&quot;MuiButtonBase-root MuiIconButton-root MuiIconButton-sizeMedium css-qrq853-MuiButtonBase-root-MuiIconButton-root&quot;
          data-mui-internal-clone-element=&quot;true&quot;
          tabindex=&quot;0&quot;
          type=&quot;button&quot;
        &gt;
          &lt;svg
            aria-hidden=&quot;true&quot;
            class=&quot;MuiSvgIcon-root MuiSvgIcon-fontSizeMedium css-i4bv87-MuiSvgIcon-root&quot;
            data-testid=&quot;ScreenShareIcon&quot;
            focusable=&quot;false&quot;
            viewBox=&quot;0 0 24 24&quot;
          &gt;
            &lt;path
              d=&quot;M20 18c1.1 0 1.99-.9 1.99-2L22 6c0-1.11-.9-2-2-2H4c-1.11 0-2 .89-2 2v10c0 1.1.89 2 2 2H0v2h24v-2zm-7-3.53v-2.19c-2.78 0-4.61.85-6 2.72.56-2.67 2.11-5.33 6-5.87V7l4 3.73z&quot;
            /&gt;
          &lt;/svg&gt;
          &lt;span
            class=&quot;MuiTouchRipple-root css-8je8zh-MuiTouchRipple-root&quot;
          /&gt;
        &lt;/button&gt;
        &lt;button
          aria-label=&quot;Kayıt Başlat&quot;
          class=&quot;MuiButtonBase-root MuiIconButton-root MuiIconButton-sizeMedium css-qrq853-MuiButtonBase-root-MuiIconButton-root&quot;
          data-mui-internal-clone-element=&quot;true&quot;
          tabindex=&quot;0&quot;
          type=&quot;button&quot;
        &gt;
          &lt;svg
            aria-hidden=&quot;true&quot;
            class=&quot;MuiSvgIcon-root MuiSvgIcon-fontSizeMedium css-i4bv87-MuiSvgIcon-root&quot;
            data-testid=&quot;FiberManualRecordIcon&quot;
            focusable=&quot;false&quot;
            viewBox=&quot;0 0 24 24&quot;
          &gt;
            &lt;circle
              cx=&quot;12&quot;
              cy=&quot;12&quot;
              r=&quot;8&quot;
            /&gt;
          &lt;/svg&gt;
          &lt;span
            class=&quot;MuiTouchRipple-root css-8je8zh-MuiTouchRipple-root&quot;
          /&gt;
        &lt;/button&gt;
        &lt;span
          aria-label=&quot;Katılımcılar&quot;
          class=&quot;MuiBadge-root css-1c32n2y-MuiBadge-root&quot;
          data-mui-internal-clone-element=&quot;true&quot;
        &gt;
          &lt;button
            class=&quot;MuiButtonBase-root MuiIconButton-root MuiIconButton-sizeMedium css-78trlr-MuiButtonBase-root-MuiIconButton-root&quot;
            tabindex=&quot;0&quot;
            type=&quot;button&quot;
          &gt;
            &lt;svg
              aria-hidden=&quot;true&quot;
              class=&quot;MuiSvgIcon-root MuiSvgIcon-fontSizeMedium css-i4bv87-MuiSvgIcon-root&quot;
              data-testid=&quot;PeopleAltIcon&quot;
              focusable=&quot;false&quot;
              viewBox=&quot;0 0 24 24&quot;
            &gt;
              &lt;path
                d=&quot;M16.67 13.13C18.04 14.06 19 15.32 19 17v3h4v-3c0-2.18-3.57-3.47-6.33-3.87&quot;
                fill-rule=&quot;evenodd&quot;
              /&gt;
              &lt;circle
                cx=&quot;9&quot;
                cy=&quot;8&quot;
                fill-rule=&quot;evenodd&quot;
                r=&quot;4&quot;
              /&gt;
              &lt;path
                d=&quot;M15 12c2.21 0 4-1.79 4-4s-1.79-4-4-4c-.47 0-.91.1-1.33.24C14.5 5.27 15 6.58 15 8s-.5 2.73-1.33 3.76c.42.14.86.24 1.33.24m-6 1c-2.67 0-8 1.34-8 4v3h16v-3c0-2.66-5.33-4-8-4&quot;
                fill-rule=&quot;evenodd&quot;
              /&gt;
            &lt;/svg&gt;
            &lt;span
              class=&quot;MuiTouchRipple-root css-8je8zh-MuiTouchRipple-root&quot;
            /&gt;
          &lt;/button&gt;
          &lt;span
            class=&quot;MuiBadge-badge MuiBadge-standard MuiBadge-anchorOriginTopRight MuiBadge-anchorOriginTopRightRectangular MuiBadge-overlapRectangular MuiBadge-colorPrimary css-zza0ns-MuiBadge-badge&quot;
          &gt;
            1
          &lt;/span&gt;
        &lt;/span&gt;
        &lt;div
          class=&quot;MuiBox-root css-1rr4qq7&quot;
        /&gt;
        &lt;button
          aria-label=&quot;Aramayı Bitir&quot;
          class=&quot;MuiButtonBase-root MuiIconButton-root MuiIconButton-sizeMedium css-1it0c0m-MuiButtonBase-root-MuiIconButton-root&quot;
          data-mui-internal-clone-element=&quot;true&quot;
          tabindex=&quot;0&quot;
          type=&quot;button&quot;
        &gt;
          &lt;svg
            aria-hidden=&quot;true&quot;
            class=&quot;MuiSvgIcon-root MuiSvgIcon-fontSizeMedium css-i4bv87-MuiSvgIcon-root&quot;
            data-testid=&quot;CallEndIcon&quot;
            focusable=&quot;false&quot;
            viewBox=&quot;0 0 24 24&quot;
          &gt;
            &lt;path
              d=&quot;M12 9c-1.6 0-3.15.25-4.6.72v3.1c0 .39-.23.74-.56.9-.98.49-1.87 1.12-2.66 1.85-.18.18-.43.28-.7.28-.28 0-.53-.11-.71-.29L.29 13.08c-.18-.17-.29-.42-.29-.7 0-.28.11-.53.29-.71C3.34 8.78 7.46 7 12 7s8.66 1.78 11.71 4.67c.18.18.29.43.29.71 0 .28-.11.53-.29.71l-2.48 2.48c-.18.18-.43.29-.71.29-.27 0-.52-.11-.7-.28-.79-.74-1.69-1.36-2.67-1.85-.33-.16-.56-.5-.56-.9v-3.1C15.15 9.25 13.6 9 12 9&quot;
            /&gt;
          &lt;/svg&gt;
          &lt;span
            class=&quot;MuiTouchRipple-root css-8je8zh-MuiTouchRipple-root&quot;
          /&gt;
        &lt;/button&gt;
      &lt;/div&gt;
    &lt;/div&gt;
  &lt;/div&gt;
&lt;/body&gt;

Ignored nodes: comments, script, style
&lt;body&gt;
  &lt;div&gt;
    &lt;div
      class=&quot;MuiBox-root css-skdys5&quot;
    &gt;
      &lt;div
        class=&quot;MuiBox-root css-y35rq&quot;
      &gt;
        &lt;div
          class=&quot;MuiGrid-root MuiGrid-container MuiGrid-spacing-xs-2 css-1jhdk57-MuiGrid-root&quot;
        &gt;
          &lt;div
            class=&quot;MuiGrid-root MuiGrid-item MuiGrid-grid-xs-12 MuiGrid-grid-md-6 css-1fyyp8j-MuiGrid-root&quot;
          &gt;
            &lt;div
              class=&quot;MuiPaper-root MuiPaper-elevation MuiPaper-rounded MuiPaper-elevation1 css-1m7c5ai-MuiPaper-root&quot;
            &gt;
              &lt;video
                autoplay=&quot;&quot;
                playsinline=&quot;&quot;
                style=&quot;width: 100%; height: 100%; object-fit: cover; transform: scaleX(-1);&quot;
              /&gt;
              &lt;div
                class=&quot;MuiBox-root css-11mvzea&quot;
              &gt;
                &lt;div
                  class=&quot;MuiChip-root MuiChip-filled MuiChip-sizeSmall MuiChip-colorDefault MuiChip-filledDefault css-pxq7id-MuiChip-root&quot;
                &gt;
                  &lt;span
                    class=&quot;MuiChip-label MuiChip-labelSmall css-wjsjww-MuiChip-label&quot;
                  &gt;
                    Test User (Ben)
                  &lt;/span&gt;
                &lt;/div&gt;
              &lt;/div&gt;
            &lt;/div&gt;
          &lt;/div&gt;
        &lt;/div&gt;
      &lt;/div&gt;
      &lt;div
        class=&quot;MuiPaper-root MuiPaper-elevation MuiPaper-rounded MuiPaper-elevation1 css-9t2818-MuiPaper-root&quot;
      &gt;
        &lt;button
          aria-label=&quot;Mikrofonu Kapat&quot;
          class=&quot;MuiButtonBase-root MuiIconButton-root MuiIconButton-sizeMedium css-t8hj4q-MuiButtonBase-root-MuiIconButton-root&quot;
          data-mui-internal-clone-element=&quot;true&quot;
          tabindex=&quot;0&quot;
          type=&quot;button&quot;
        &gt;
          &lt;svg
            aria-hidden=&quot;true&quot;
            class=&quot;MuiSvgIcon-root MuiSvgIcon-fontSizeMedium css-i4bv87-MuiSvgIcon-root&quot;
            data-testid=&quot;MicIcon&quot;
            focusable=&quot;false&quot;
            viewBox=&quot;0 0 24 24&quot;
          &gt;
            &lt;path
              d=&quot;M12 14c1.66 0 2.99-1.34 2.99-3L15 5c0-1.66-1.34-3-3-3S9 3.34 9 5v6c0 1.66 1.34 3 3 3m5.3-3c0 3-2.54 5.1-5.3 5.1S6.7 14 6.7 11H5c0 3.41 2.72 6.23 6 6.72V21h2v-3.28c3.28-.48 6-3.3 6-6.72z&quot;
            /&gt;
          &lt;/svg&gt;
          &lt;span
            class=&quot;MuiTouchRipple-root css-8je8zh-MuiTouchRipple-root&quot;
          /&gt;
        &lt;/button&gt;
        &lt;button
          aria-label=&quot;Kamerayı Kapat&quot;
          class=&quot;MuiButtonBase-root MuiIconButton-root MuiIconButton-sizeMedium css-t8hj4q-MuiButtonBase-root-MuiIconButton-root&quot;
          data-mui-internal-clone-element=&quot;true&quot;
          tabindex=&quot;0&quot;
          type=&quot;button&quot;
        &gt;
          &lt;svg
            aria-hidden=&quot;true&quot;
            class=&quot;MuiSvgIcon-root MuiSvgIcon-fontSizeMedium css-i4bv87-MuiSvgIcon-root&quot;
            data-testid=&quot;VideocamIcon&quot;
            focusable=&quot;false&quot;
            viewBox=&quot;0 0 24 24&quot;
          &gt;
            &lt;path
              d=&quot;M17 10.5V7c0-.55-.45-1-1-1H4c-.55 0-1 .45-1 1v10c0 .55.45 1 1 1h12c.55 0 1-.45 1-1v-3.5l4 4v-11z&quot;
            /&gt;
          &lt;/svg&gt;
          &lt;span
            class=&quot;MuiTouchRipple-root css-8je8zh-MuiTouchRipple-root&quot;
          /&gt;
        &lt;/button&gt;
        &lt;button
          aria-label=&quot;Ekran Paylaş&quot;
          class=&quot;MuiButtonBase-root MuiIconButton-root MuiIconButton-sizeMedium css-qrq853-MuiButtonBase-root-MuiIconButton-root&quot;
          data-mui-internal-clone-element=&quot;true&quot;
          tabindex=&quot;0&quot;
          type=&quot;button&quot;
        &gt;
          &lt;svg
            aria-hidden=&quot;true&quot;
            class=&quot;MuiSvgIcon-root MuiSvgIcon-fontSizeMedium css-i4bv87-MuiSvgIcon-root&quot;
            data-testid=&quot;ScreenShareIcon&quot;
            focusable=&quot;false&quot;
            viewBox=&quot;0 0 24 24&quot;
          &gt;
            &lt;path
              d=&quot;M20 18c1.1 0 1.99-.9 1.99-2L22 6c0-1.11-.9-2-2-2H4c-1.11 0-2 .89-2 2v10c0 1.1.89 2 2 2H0v2h24v-2zm-7-3.53v-2.19c-2.78 0-4.61.85-6 2.72.56-2.67 2.11-5.33 6-5.87V7l4 3.73z&quot;
            /&gt;
          &lt;/svg&gt;
          &lt;span
            class=&quot;MuiTouchRipple-root css-8je8zh-MuiTouchRipple-root&quot;
          /&gt;
        &lt;/button&gt;
        &lt;button
          aria-label=&quot;Kayıt Başlat&quot;
          class=&quot;MuiButtonBase-root MuiIconButton-root MuiIconButton-sizeMedium css-qrq853-MuiButtonBase-root-MuiIconButton-root&quot;
          data-mui-internal-clone-element=&quot;true&quot;
          tabindex=&quot;0&quot;
          type=&quot;button&quot;
        &gt;
          &lt;svg
            aria-hidden=&quot;true&quot;
            class=&quot;MuiSvgIcon-root MuiSvgIcon-fontSizeMedium css-i4bv87-MuiSvgIcon-root&quot;
            data-testid=&quot;FiberManualRecordIcon&quot;
            focusable=&quot;false&quot;
            viewBox=&quot;0 0 24 24&quot;
          &gt;
            &lt;circle
              cx=&quot;12&quot;
              cy=&quot;12&quot;
              r=&quot;8&quot;
            /&gt;
          &lt;/svg&gt;
          &lt;span
            class=&quot;MuiTouchRipple-root css-8je8zh-MuiTouchRipple-root&quot;
          /&gt;
        &lt;/button&gt;
        &lt;span
          aria-label=&quot;Katılımcılar&quot;
          class=&quot;MuiBadge-root css-1c32n2y-MuiBadge-root&quot;
          data-mui-internal-clone-element=&quot;true&quot;
        &gt;
          &lt;button
            class=&quot;MuiButtonBase-root MuiIconButton-root MuiIconButton-sizeMedium css-78trlr-MuiButtonBase-root-MuiIconButton-root&quot;
            tabindex=&quot;0&quot;
            type=&quot;button&quot;
          &gt;
            &lt;svg
              aria-hidden=&quot;true&quot;
              class=&quot;MuiSvgIcon-root MuiSvgIcon-fontSizeMedium css-i4bv87-MuiSvgIcon-root&quot;
              data-testid=&quot;PeopleAltIcon&quot;
              focusable=&quot;false&quot;
              viewBox=&quot;0 0 24 24&quot;
            &gt;
              &lt;path
                d=&quot;M16.67 13.13C18.04 14.06 19 15.32 19 17v3h4v-3c0-2.18-3.57-3.47-6.33-3.87&quot;
                fill-rule=&quot;evenodd&quot;
              /&gt;
              &lt;circle
                cx=&quot;9&quot;
                cy=&quot;8&quot;
                fill-rule=&quot;evenodd&quot;
                r=&quot;4&quot;
              /&gt;
              &lt;path
                d=&quot;M15 12c2.21 0 4-1.79 4-4s-1.79-4-4-4c-.47 0-.91.1-1.33.24C14.5 5.27 15 6.58 15 8s-.5 2.73-1.33 3.76c.42.14.86.24 1.33.24m-6 1c-2.67 0-8 1.34-8 4v3h16v-3c0-2.66-5.33-4-8-4&quot;
                fill-rule=&quot;evenodd&quot;
              /&gt;
            &lt;/svg&gt;
            &lt;span
              class=&quot;MuiTouchRipple-root css-8je8zh-MuiTouchRipple-root&quot;
            /&gt;
          &lt;/button&gt;
          &lt;span
            class=&quot;MuiBadge-badge MuiBadge-standard MuiBadge-anchorOriginTopRight MuiBadge-anchorOriginTopRightRectangular MuiBadge-overlapRectangular MuiBadge-colorPrimary css-zza0ns-MuiBadge-badge&quot;
          &gt;
            1
          &lt;/span&gt;
        &lt;/span&gt;
        &lt;div
          class=&quot;MuiBox-root css-1rr4qq7&quot;
        /&gt;
        &lt;button
          aria-label=&quot;Aramayı Bitir&quot;
          class=&quot;MuiButtonBase-root MuiIconButton-root MuiIconButton-sizeMedium css-1it0c0m-MuiButtonBase-root-MuiIconButton-root&quot;
          data-mui-internal-clone-element=&quot;true&quot;
          tabindex=&quot;0&quot;
          type=&quot;button&quot;
        &gt;
          &lt;svg
            aria-hidden=&quot;true&quot;
            class=&quot;MuiSvgIcon-root MuiSvgIcon-fontSizeMedium css-i4bv87-MuiSvgIcon-root&quot;
            data-testid=&quot;CallEndIcon&quot;
            focusable=&quot;false&quot;
            viewBox=&quot;0 0 24 24&quot;
          &gt;
            &lt;path
              d=&quot;M12 9c-1.6 0-3.15.25-4.6.72v3.1c0 .39-.23.74-.56.9-.98.49-1.87 1.12-2.66 1.85-.18.18-.43.28-.7.28-.28 0-.53-.11-.71-.29L.29 13.08c-.18-.17-.29-.42-.29-.7 0-.28.11-.53.29-.71C3.34 8.78 7.46 7 12 7s8.66 1.78 11.71 4.67c.18.18.29.43.29.71 0 .28-.11.53-.29.71l-2.48 2.48c-.18.18-.43.29-.71.29-.27 0-.52-.11-.7-.28-.79-.74-1.69-1.36-2.67-1.85-.33-.16-.56-.5-.56-.9v-3.1C15.15 9.25 13.6 9 12 9&quot;
            /&gt;
          &lt;/svg&gt;
          &lt;span
            class=&quot;MuiTouchRipple-root css-8je8zh-MuiTouchRipple-root&quot;
          /&gt;
        &lt;/button&gt;
      &lt;/div&gt;
    &lt;/div&gt;
  &lt;/div&gt;
&lt;/body&gt;
 ❯ waitForWrapper node_modules/@testing-library/react/node_modules/@testing-library/dom/dist/wait-for.js:163:27
 ❯ node_modules/@testing-library/react/node_modules/@testing-library/dom/dist/query-helpers.js:86:33
 ❯ src/components/StudyRooms/__tests__/VideoConference.test.tsx:528:45
            </failure>
        </testcase>
        <testcase classname="src/components/StudyRooms/__tests__/VideoConference.test.tsx" name="VideoConference Component - Participant Management &gt; displays participants in dialog" time="0.1129566">
            <failure message="Cannot read properties of undefined (reading &apos;instances&apos;)" type="TypeError">
TypeError: Cannot read properties of undefined (reading &apos;instances&apos;)
 ❯ src/components/StudyRooms/__tests__/VideoConference.test.tsx:540:47
            </failure>
        </testcase>
        <testcase classname="src/components/StudyRooms/__tests__/VideoConference.test.tsx" name="VideoConference Component - Participant Management &gt; pins participant video" time="0.1662738">
            <failure message="Cannot read properties of undefined (reading &apos;instances&apos;)" type="TypeError">
TypeError: Cannot read properties of undefined (reading &apos;instances&apos;)
 ❯ src/components/StudyRooms/__tests__/VideoConference.test.tsx:579:47
            </failure>
        </testcase>
        <testcase classname="src/components/StudyRooms/__tests__/VideoConference.test.tsx" name="VideoConference Component - WebRTC Connections &gt; creates peer connection when user joins" time="0.119095">
            <failure message="Cannot read properties of undefined (reading &apos;instances&apos;)" type="TypeError">
TypeError: Cannot read properties of undefined (reading &apos;instances&apos;)
 ❯ src/components/StudyRooms/__tests__/VideoConference.test.tsx:622:47
            </failure>
        </testcase>
        <testcase classname="src/components/StudyRooms/__tests__/VideoConference.test.tsx" name="VideoConference Component - WebRTC Connections &gt; handles offer from remote peer" time="0.1229608">
            <failure message="Cannot read properties of undefined (reading &apos;instances&apos;)" type="TypeError">
TypeError: Cannot read properties of undefined (reading &apos;instances&apos;)
 ❯ src/components/StudyRooms/__tests__/VideoConference.test.tsx:639:47
            </failure>
        </testcase>
        <testcase classname="src/components/StudyRooms/__tests__/VideoConference.test.tsx" name="VideoConference Component - WebRTC Connections &gt; handles answer from remote peer" time="0.1226515">
            <failure message="Cannot read properties of undefined (reading &apos;instances&apos;)" type="TypeError">
TypeError: Cannot read properties of undefined (reading &apos;instances&apos;)
 ❯ src/components/StudyRooms/__tests__/VideoConference.test.tsx:656:47
            </failure>
        </testcase>
        <testcase classname="src/components/StudyRooms/__tests__/VideoConference.test.tsx" name="VideoConference Component - WebRTC Connections &gt; handles ICE candidate" time="0.1390942">
            <failure message="Cannot read properties of undefined (reading &apos;instances&apos;)" type="TypeError">
TypeError: Cannot read properties of undefined (reading &apos;instances&apos;)
 ❯ src/components/StudyRooms/__tests__/VideoConference.test.tsx:686:47
            </failure>
        </testcase>
        <testcase classname="src/components/StudyRooms/__tests__/VideoConference.test.tsx" name="VideoConference Component - WebRTC Connections &gt; closes peer connection when user leaves" time="0.1300946">
            <failure message="Cannot read properties of undefined (reading &apos;instances&apos;)" type="TypeError">
TypeError: Cannot read properties of undefined (reading &apos;instances&apos;)
 ❯ src/components/StudyRooms/__tests__/VideoConference.test.tsx:716:47
            </failure>
        </testcase>
        <testcase classname="src/components/StudyRooms/__tests__/VideoConference.test.tsx" name="VideoConference Component - Leave Conference &gt; leaves conference when leave button clicked" time="0.5549945">
        </testcase>
        <testcase classname="src/components/StudyRooms/__tests__/VideoConference.test.tsx" name="VideoConference Component - Leave Conference &gt; handles leave error gracefully" time="0.4724494">
            <system-err>
Error: Not implemented: window.alert
    at module.exports (C:\Users\husey\kiro2\frontend\node_modules\jsdom\lib\jsdom\browser\not-implemented.js:9:17)
    at C:\Users\husey\kiro2\frontend\node_modules\jsdom\lib\jsdom\browser\Window.js:898:7
    at initializeMedia (C:\Users\husey\kiro2\frontend\src\components\StudyRooms\VideoConference.tsx:144:7) [90mundefined[39m

            </system-err>
        </testcase>
        <testcase classname="src/components/StudyRooms/__tests__/VideoConference.test.tsx" name="VideoConference Component - Leave Conference &gt; cleans up resources on unmount" time="0.1529492">
        </testcase>
        <testcase classname="src/components/StudyRooms/__tests__/VideoConference.test.tsx" name="VideoConference Component - Error Handling &gt; handles media initialization error" time="0.1508851">
            <system-err>
Error: Not implemented: window.alert
    at module.exports (C:\Users\husey\kiro2\frontend\node_modules\jsdom\lib\jsdom\browser\not-implemented.js:9:17)
    at C:\Users\husey\kiro2\frontend\node_modules\jsdom\lib\jsdom\browser\Window.js:898:7
    at mockCall (file:///C:/Users/husey/kiro2/frontend/node_modules/@vitest/spy/dist/index.js:96:15)
    at bound  (file:///C:/Users/husey/kiro2/frontend/node_modules/tinyspy/dist/index.js:47:103)
    at initializeMedia (C:\Users\husey\kiro2\frontend\src\components\StudyRooms\VideoConference.tsx:144:7)
    at runNextTicks (node:internal/process/task_queues:65:5)
    at processTimers (node:internal/timers:520:9) [90mundefined[39m

            </system-err>
        </testcase>
        <testcase classname="src/components/StudyRooms/__tests__/VideoConference.test.tsx" name="VideoConference Component - Error Handling &gt; handles WebSocket error" time="0.1281029">
            <failure message="Cannot read properties of undefined (reading &apos;instances&apos;)" type="TypeError">
TypeError: Cannot read properties of undefined (reading &apos;instances&apos;)
 ❯ src/components/StudyRooms/__tests__/VideoConference.test.tsx:827:47
            </failure>
        </testcase>
        <testcase classname="src/components/StudyRooms/__tests__/VideoConference.test.tsx" name="VideoConference Component - Error Handling &gt; handles unknown WebSocket message type" time="0.1298972">
            <failure message="Cannot read properties of undefined (reading &apos;instances&apos;)" type="TypeError">
TypeError: Cannot read properties of undefined (reading &apos;instances&apos;)
 ❯ src/components/StudyRooms/__tests__/VideoConference.test.tsx:847:47
            </failure>
        </testcase>
        <testcase classname="src/components/StudyRooms/__tests__/VideoConference.test.tsx" name="VideoConference Component - Accessibility &gt; has accessible button labels" time="0.6425901">
        </testcase>
        <testcase classname="src/components/StudyRooms/__tests__/VideoConference.test.tsx" name="VideoConference Component - Accessibility &gt; updates button labels when state changes" time="0.9060925">
        </testcase>
    </testsuite>
    <testsuite name="src/components/UniversityAdvisory/__tests__/ProgramSearch.test.tsx" timestamp="2025-11-14T16:56:52.904Z" hostname="ates" tests="42" failures="15" errors="0" skipped="0" time="15.2598696">
        <testcase classname="src/components/UniversityAdvisory/__tests__/ProgramSearch.test.tsx" name="ProgramSearch - Rendering &gt; renders search header" time="0.1883625">
        </testcase>
        <testcase classname="src/components/UniversityAdvisory/__tests__/ProgramSearch.test.tsx" name="ProgramSearch - Rendering &gt; renders all filter inputs" time="0.1483118">
        </testcase>
        <testcase classname="src/components/UniversityAdvisory/__tests__/ProgramSearch.test.tsx" name="ProgramSearch - Rendering &gt; renders search and clear buttons" time="0.1017293">
            <failure message="Unable to find an element with the text: Ara. This could be because the text is broken up by multiple elements. In this case, you can provide a function for your text matcher to make your matcher more flexible.

Ignored nodes: comments, script, style
[36m&lt;body&gt;[39m
  [36m&lt;div&gt;[39m
    [36m&lt;div[39m
      [33mclass[39m=[32m&quot;program-search&quot;[39m
    [36m&gt;[39m
      [36m&lt;div[39m
        [33mclass[39m=[32m&quot;search-header&quot;[39m
      [36m&gt;[39m
        [36m&lt;h2&gt;[39m
          [0mÜniversite Programları Arama[0m
        [36m&lt;/h2&gt;[39m
      [36m&lt;/div&gt;[39m
      [36m&lt;div[39m
        [33mclass[39m=[32m&quot;search-filters&quot;[39m
      [36m&gt;[39m
        [36m&lt;div[39m
          [33mclass[39m=[32m&quot;filter-row&quot;[39m
        [36m&gt;[39m
          [36m&lt;div[39m
            [33mclass[39m=[32m&quot;filter-group&quot;[39m
          [36m&gt;[39m
            [36m&lt;label[39m
              [33mfor[39m=[32m&quot;year&quot;[39m
            [36m&gt;[39m
              [0mYıl[0m
            [36m&lt;/label&gt;[39m
            [36m&lt;select[39m
              [33mid[39m=[32m&quot;year&quot;[39m
            [36m&gt;[39m
              [36m&lt;option[39m
                [33mvalue[39m=[32m&quot;2024&quot;[39m
              [36m&gt;[39m
                [0m2024[0m
              [36m&lt;/option&gt;[39m
              [36m&lt;option[39m
                [33mvalue[39m=[32m&quot;2023&quot;[39m
              [36m&gt;[39m
                [0m2023[0m
              [36m&lt;/option&gt;[39m
              [36m&lt;option[39m
                [33mvalue[39m=[32m&quot;2022&quot;[39m
              [36m&gt;[39m
                [0m2022[0m
              [36m&lt;/option&gt;[39m
            [36m&lt;/select&gt;[39m
          [36m&lt;/div&gt;[39m
          [36m&lt;div[39m
            [33mclass[39m=[32m&quot;filter-group&quot;[39m
          [36m&gt;[39m
            [36m&lt;label[39m
              [33mfor[39m=[32m&quot;scoreType&quot;[39m
            [36m&gt;[39m
              [0mPuan Türü[0m
            [36m&lt;/label&gt;[39m
            [36m&lt;select[39m
              [33mid[39m=[32m&quot;scoreType&quot;[39m
            [36m&gt;[39m
              [36m&lt;option[39m
                [33mvalue[39m=[32m&quot;SAY&quot;[39m
              [36m&gt;[39m
                [0mSAY (Sayısal)[0m
              [36m&lt;/option&gt;[39m
              [36m&lt;option[39m
                [33mvalue[39m=[32m&quot;EA&quot;[39m
              [36m&gt;[39m
                [0mEA (Eşit Ağırlık)[0m
              [36m&lt;/option&gt;[39m
              [36m&lt;option[39m
                [33mvalue[39m=[32m&quot;SOZ&quot;[39m
              [36m&gt;[39m
                [0mSÖZ (Sözel)[0m
              [36m&lt;/option&gt;[39m
              [36m&lt;option[39m
                [33mvalue[39m=[32m&quot;DIL&quot;[39m
              [36m&gt;[39m
                [0mDİL (Dil)[0m
              [36m&lt;/option&gt;[39m
            [36m&lt;/select&gt;[39m
          [36m&lt;/div&gt;[39m
          [36m&lt;div[39m
            [33mclass[39m=[32m&quot;filter-group&quot;[39m
          [36m&gt;[39m
            [36m&lt;label[39m
              [33mfor[39m=[32m&quot;minScore&quot;[39m
            [36m&gt;[39m
              [0mMin. Taban Puan[0m
            [36m&lt;/label&gt;[39m
            [36m&lt;input[39m
              [33mid[39m=[32m&quot;minScore&quot;[39m
              [33mplaceholder[39m=[32m&quot;Örn: 300&quot;[39m
              [33mstep[39m=[32m&quot;0.01&quot;[39m
              [33mtype[39m=[32m&quot;number&quot;[39m
              [33mvalue[39m=[32m&quot;&quot;[39m
            [36m/&gt;[39m
          [36m&lt;/div&gt;[39m
          [36m&lt;div[39m
            [33mclass[39m=[32m&quot;filter-group&quot;[39m
          [36m&gt;[39m
            [36m&lt;label[39m
              [33mfor[39m=[32m&quot;maxScore&quot;[39m
            [36m&gt;[39m
              [0mMax. Taban Puan[0m
            [36m&lt;/label&gt;[39m
            [36m&lt;input[39m
              [33mid[39m=[32m&quot;maxScore&quot;[39m
              [33mplaceholder[39m=[32m&quot;Örn: 500&quot;[39m
              [33mstep[39m=[32m&quot;0.01&quot;[39m
              [33mtype[39m=[32m&quot;number&quot;[39m
              [33mvalue[39m=[32m&quot;&quot;[39m
            [36m/&gt;[39m
          [36m&lt;/div&gt;[39m
        [36m&lt;/div&gt;[39m
        [36m&lt;div[39m
          [33mclass[39m=[32m&quot;filter-row&quot;[39m
        [36m&gt;[39m
          [36m&lt;div[39m
            [33mclass[39m=[32m&quot;filter-group&quot;[39m
          [36m&gt;[39m
            [36m&lt;label[39m
              [33mfor[39m=[32m&quot;city&quot;[39m
            [36m&gt;[39m
              [0mŞehir[0m
            [36m&lt;/label&gt;[39m
            [36m&lt;select[39m
              [33mid[39m=[32m&quot;city&quot;[39m
            [36m&gt;[39m
              [36m&lt;option[39m
                [33mvalue[39m=[32m&quot;&quot;[39m
              [36m&gt;[39m
                [0mTümü[0m
              [36m&lt;/option&gt;[39m
            [36m&lt;/select&gt;[39m
          [36m&lt;/div&gt;[39m
          [36m&lt;div[39m
            [33mclass[39m=[32m&quot;filter-group&quot;[39m
          [36m&gt;[39m
            [36m&lt;label[39m
              [33mfor[39m=[32m&quot;universityType&quot;[39m
            [36m&gt;[39m
              [0mÜniversite Türü[0m
            [36m&lt;/label&gt;[39m
            [36m&lt;select[39m
              [33mid[39m=[32m&quot;universityType&quot;[39m
            [36m&gt;[39m
              [36m&lt;option[39m
                [33mvalue[39m=[32m&quot;&quot;[39m
              [36m&gt;[39m
                [0mTümü[0m
              [36m&lt;/option&gt;[39m
              [36m&lt;option[39m
                [33mvalue[39m=[32m&quot;devlet&quot;[39m
              [36m&gt;[39m
                [0mDevlet[0m
              [36m&lt;/option&gt;[39m
              [36m&lt;option[39m
                [33mvalue[39m=[32m&quot;vakif&quot;[39m
              [36m&gt;[39m
                [0mVakıf[0m
              [36m&lt;/option&gt;[39m
            [36m&lt;/select&gt;[39m
          [36m&lt;/div&gt;[39m
          [36m&lt;div[39m
            [33mclass[39m=[32m&quot;filter-group&quot;[39m
          [36m&gt;[39m
            [36m&lt;label[39m
              [33mfor[39m=[32m&quot;departmentName&quot;[39m
            [36m&gt;[39m
              [0mBölüm Adı[0m
            [36m&lt;/label&gt;[39m
            [36m&lt;input[39m
              [33mid[39m=[32m&quot;departmentName&quot;[39m
              [33mplaceholder[39m=[32m&quot;Örn: Bilgisayar&quot;[39m
              [33mtype[39m=[32m&quot;text&quot;[39m
              [33mvalue[39m=[32m&quot;&quot;[39m
            [36m/&gt;[39m
          [36m&lt;/div&gt;[39m
          [36m&lt;div[39m
            [33mclass[39m=[32m&quot;filter-group&quot;[39m
          [36m&gt;[39m
            [36m&lt;label[39m
              [33mfor[39m=[32m&quot;scholarship&quot;[39m
            [36m&gt;[39m
              [0mBurs[0m
            [36m&lt;/label&gt;[39m
            [36m&lt;select[39m
              [33mid[39m=[32m&quot;scholarship&quot;[39m
            [36m&gt;[39m
              [36m&lt;option[39m
                [33mvalue[39m=[32m&quot;&quot;[39m
              [36m&gt;[39m
                [0mTümü[0m
              [36m&lt;/option&gt;[39m
              [36m&lt;option[39m
                [33mvalue[39m=[32m&quot;true&quot;[39m
              [36m&gt;[39m
                [0mBurslu[0m
              [36m&lt;/option&gt;[39m
              [36m&lt;option[39m
                [33mvalue[39m=[32m&quot;false&quot;[39m
              [36m&gt;[39m
                [0mBurssuz[0m
              [36m&lt;/option&gt;[39m
            [36m&lt;/select&gt;[39m
          [36m&lt;/div&gt;[39m
        [36m&lt;/div&gt;[39m
        [36m&lt;div[39m
          [33mclass[39m=[32m&quot;filter-actions&quot;[39m
        [36m&gt;[39m
          [36m&lt;button[39m
            [33mclass[39m=[32m&quot;btn-primary&quot;[39m
            [33mdisabled[39m=[32m&quot;&quot;[39m
          [36m&gt;[39m
            [0mAranıyor...[0m
          [36m&lt;/button&gt;[39m
          [36m&lt;button[39m
            [33mclass[39m=[32m&quot;btn-secondary&quot;[39m
          [36m&gt;[39m
            [0mFiltreleri Temizle[0m
          [36m&lt;/button&gt;[39m
        [36m&lt;/div&gt;[39m
      [36m&lt;/div&gt;[39m
      [36m&lt;div[39m
        [33mclass[39m=[32m&quot;search-results&quot;[39m
      [36m&gt;[39m
        [36m&lt;div[39m
          [33mclass[39m=[32m&quot;results-header&quot;[39m
        [36m&gt;[39m
          [36m&lt;h3&gt;[39m
            [0m0[0m
            [0m Program Bulundu[0m
          [36m&lt;/h3&gt;[39m
        [36m&lt;/div&gt;[39m
        [36m&lt;div[39m
          [33mclass[39m=[32m&quot;loading&quot;[39m
        [36m&gt;[39m
          [0mProgramlar yükleniyor...[0m
        [36m&lt;/div&gt;[39m
      [36m&lt;/div&gt;[39m
    [36m&lt;/div&gt;[39m
  [36m&lt;/div&gt;[39m
[36m&lt;/body&gt;[39m" type="TestingLibraryElementError">
TestingLibraryElementError: Unable to find an element with the text: Ara. This could be because the text is broken up by multiple elements. In this case, you can provide a function for your text matcher to make your matcher more flexible.

Ignored nodes: comments, script, style
&lt;body&gt;
  &lt;div&gt;
    &lt;div
      class=&quot;program-search&quot;
    &gt;
      &lt;div
        class=&quot;search-header&quot;
      &gt;
        &lt;h2&gt;
          Üniversite Programları Arama
        &lt;/h2&gt;
      &lt;/div&gt;
      &lt;div
        class=&quot;search-filters&quot;
      &gt;
        &lt;div
          class=&quot;filter-row&quot;
        &gt;
          &lt;div
            class=&quot;filter-group&quot;
          &gt;
            &lt;label
              for=&quot;year&quot;
            &gt;
              Yıl
            &lt;/label&gt;
            &lt;select
              id=&quot;year&quot;
            &gt;
              &lt;option
                value=&quot;2024&quot;
              &gt;
                2024
              &lt;/option&gt;
              &lt;option
                value=&quot;2023&quot;
              &gt;
                2023
              &lt;/option&gt;
              &lt;option
                value=&quot;2022&quot;
              &gt;
                2022
              &lt;/option&gt;
            &lt;/select&gt;
          &lt;/div&gt;
          &lt;div
            class=&quot;filter-group&quot;
          &gt;
            &lt;label
              for=&quot;scoreType&quot;
            &gt;
              Puan Türü
            &lt;/label&gt;
            &lt;select
              id=&quot;scoreType&quot;
            &gt;
              &lt;option
                value=&quot;SAY&quot;
              &gt;
                SAY (Sayısal)
              &lt;/option&gt;
              &lt;option
                value=&quot;EA&quot;
              &gt;
                EA (Eşit Ağırlık)
              &lt;/option&gt;
              &lt;option
                value=&quot;SOZ&quot;
              &gt;
                SÖZ (Sözel)
              &lt;/option&gt;
              &lt;option
                value=&quot;DIL&quot;
              &gt;
                DİL (Dil)
              &lt;/option&gt;
            &lt;/select&gt;
          &lt;/div&gt;
          &lt;div
            class=&quot;filter-group&quot;
          &gt;
            &lt;label
              for=&quot;minScore&quot;
            &gt;
              Min. Taban Puan
            &lt;/label&gt;
            &lt;input
              id=&quot;minScore&quot;
              placeholder=&quot;Örn: 300&quot;
              step=&quot;0.01&quot;
              type=&quot;number&quot;
              value=&quot;&quot;
            /&gt;
          &lt;/div&gt;
          &lt;div
            class=&quot;filter-group&quot;
          &gt;
            &lt;label
              for=&quot;maxScore&quot;
            &gt;
              Max. Taban Puan
            &lt;/label&gt;
            &lt;input
              id=&quot;maxScore&quot;
              placeholder=&quot;Örn: 500&quot;
              step=&quot;0.01&quot;
              type=&quot;number&quot;
              value=&quot;&quot;
            /&gt;
          &lt;/div&gt;
        &lt;/div&gt;
        &lt;div
          class=&quot;filter-row&quot;
        &gt;
          &lt;div
            class=&quot;filter-group&quot;
          &gt;
            &lt;label
              for=&quot;city&quot;
            &gt;
              Şehir
            &lt;/label&gt;
            &lt;select
              id=&quot;city&quot;
            &gt;
              &lt;option
                value=&quot;&quot;
              &gt;
                Tümü
              &lt;/option&gt;
            &lt;/select&gt;
          &lt;/div&gt;
          &lt;div
            class=&quot;filter-group&quot;
          &gt;
            &lt;label
              for=&quot;universityType&quot;
            &gt;
              Üniversite Türü
            &lt;/label&gt;
            &lt;select
              id=&quot;universityType&quot;
            &gt;
              &lt;option
                value=&quot;&quot;
              &gt;
                Tümü
              &lt;/option&gt;
              &lt;option
                value=&quot;devlet&quot;
              &gt;
                Devlet
              &lt;/option&gt;
              &lt;option
                value=&quot;vakif&quot;
              &gt;
                Vakıf
              &lt;/option&gt;
            &lt;/select&gt;
          &lt;/div&gt;
          &lt;div
            class=&quot;filter-group&quot;
          &gt;
            &lt;label
              for=&quot;departmentName&quot;
            &gt;
              Bölüm Adı
            &lt;/label&gt;
            &lt;input
              id=&quot;departmentName&quot;
              placeholder=&quot;Örn: Bilgisayar&quot;
              type=&quot;text&quot;
              value=&quot;&quot;
            /&gt;
          &lt;/div&gt;
          &lt;div
            class=&quot;filter-group&quot;
          &gt;
            &lt;label
              for=&quot;scholarship&quot;
            &gt;
              Burs
            &lt;/label&gt;
            &lt;select
              id=&quot;scholarship&quot;
            &gt;
              &lt;option
                value=&quot;&quot;
              &gt;
                Tümü
              &lt;/option&gt;
              &lt;option
                value=&quot;true&quot;
              &gt;
                Burslu
              &lt;/option&gt;
              &lt;option
                value=&quot;false&quot;
              &gt;
                Burssuz
              &lt;/option&gt;
            &lt;/select&gt;
          &lt;/div&gt;
        &lt;/div&gt;
        &lt;div
          class=&quot;filter-actions&quot;
        &gt;
          &lt;button
            class=&quot;btn-primary&quot;
            disabled=&quot;&quot;
          &gt;
            Aranıyor...
          &lt;/button&gt;
          &lt;button
            class=&quot;btn-secondary&quot;
          &gt;
            Filtreleri Temizle
          &lt;/button&gt;
        &lt;/div&gt;
      &lt;/div&gt;
      &lt;div
        class=&quot;search-results&quot;
      &gt;
        &lt;div
          class=&quot;results-header&quot;
        &gt;
          &lt;h3&gt;
            0
             Program Bulundu
          &lt;/h3&gt;
        &lt;/div&gt;
        &lt;div
          class=&quot;loading&quot;
        &gt;
          Programlar yükleniyor...
        &lt;/div&gt;
      &lt;/div&gt;
    &lt;/div&gt;
  &lt;/div&gt;
&lt;/body&gt;
 ❯ Object.getElementError node_modules/@testing-library/react/node_modules/@testing-library/dom/dist/config.js:37:19
 ❯ node_modules/@testing-library/react/node_modules/@testing-library/dom/dist/query-helpers.js:76:38
 ❯ node_modules/@testing-library/react/node_modules/@testing-library/dom/dist/query-helpers.js:52:17
 ❯ node_modules/@testing-library/react/node_modules/@testing-library/dom/dist/query-helpers.js:95:19
 ❯ src/components/UniversityAdvisory/__tests__/ProgramSearch.test.tsx:98:19
            </failure>
        </testcase>
        <testcase classname="src/components/UniversityAdvisory/__tests__/ProgramSearch.test.tsx" name="ProgramSearch - Rendering &gt; shows results count" time="0.1601325">
        </testcase>
        <testcase classname="src/components/UniversityAdvisory/__tests__/ProgramSearch.test.tsx" name="ProgramSearch - Data Loading &gt; loads cities on mount" time="0.0505242">
        </testcase>
        <testcase classname="src/components/UniversityAdvisory/__tests__/ProgramSearch.test.tsx" name="ProgramSearch - Data Loading &gt; performs initial search on mount" time="0.0468018">
        </testcase>
        <testcase classname="src/components/UniversityAdvisory/__tests__/ProgramSearch.test.tsx" name="ProgramSearch - Data Loading &gt; displays loading state during search" time="0.0613923">
        </testcase>
        <testcase classname="src/components/UniversityAdvisory/__tests__/ProgramSearch.test.tsx" name="ProgramSearch - Data Loading &gt; displays programs after loading" time="1.0995541">
            <failure message="Unable to find an element with the text: Bilgisayar Mühendisliği. This could be because the text is broken up by multiple elements. In this case, you can provide a function for your text matcher to make your matcher more flexible.

Ignored nodes: comments, script, style
[36m&lt;body&gt;[39m
  [36m&lt;div&gt;[39m
    [36m&lt;div[39m
      [33mclass[39m=[32m&quot;program-search&quot;[39m
    [36m&gt;[39m
      [36m&lt;div[39m
        [33mclass[39m=[32m&quot;search-header&quot;[39m
      [36m&gt;[39m
        [36m&lt;h2&gt;[39m
          [0mÜniversite Programları Arama[0m
        [36m&lt;/h2&gt;[39m
      [36m&lt;/div&gt;[39m
      [36m&lt;div[39m
        [33mclass[39m=[32m&quot;search-filters&quot;[39m
      [36m&gt;[39m
        [36m&lt;div[39m
          [33mclass[39m=[32m&quot;filter-row&quot;[39m
        [36m&gt;[39m
          [36m&lt;div[39m
            [33mclass[39m=[32m&quot;filter-group&quot;[39m
          [36m&gt;[39m
            [36m&lt;label[39m
              [33mfor[39m=[32m&quot;year&quot;[39m
            [36m&gt;[39m
              [0mYıl[0m
            [36m&lt;/label&gt;[39m
            [36m&lt;select[39m
              [33mid[39m=[32m&quot;year&quot;[39m
            [36m&gt;[39m
              [36m&lt;option[39m
                [33mvalue[39m=[32m&quot;2024&quot;[39m
              [36m&gt;[39m
                [0m2024[0m
              [36m&lt;/option&gt;[39m
              [36m&lt;option[39m
                [33mvalue[39m=[32m&quot;2023&quot;[39m
              [36m&gt;[39m
                [0m2023[0m
              [36m&lt;/option&gt;[39m
              [36m&lt;option[39m
                [33mvalue[39m=[32m&quot;2022&quot;[39m
              [36m&gt;[39m
                [0m2022[0m
              [36m&lt;/option&gt;[39m
            [36m&lt;/select&gt;[39m
          [36m&lt;/div&gt;[39m
          [36m&lt;div[39m
            [33mclass[39m=[32m&quot;filter-group&quot;[39m
          [36m&gt;[39m
            [36m&lt;label[39m
              [33mfor[39m=[32m&quot;scoreType&quot;[39m
            [36m&gt;[39m
              [0mPuan Türü[0m
            [36m&lt;/label&gt;[39m
            [36m&lt;select[39m
              [33mid[39m=[32m&quot;scoreType&quot;[39m
            [36m&gt;[39m
              [36m&lt;option[39m
                [33mvalue[39m=[32m&quot;SAY&quot;[39m
              [36m&gt;[39m
                [0mSAY (Sayısal)[0m
              [36m&lt;/option&gt;[39m
              [36m&lt;option[39m
                [33mvalue[39m=[32m&quot;EA&quot;[39m
              [36m&gt;[39m
                [0mEA (Eşit Ağırlık)[0m
              [36m&lt;/option&gt;[39m
              [36m&lt;option[39m
                [33mvalue[39m=[32m&quot;SOZ&quot;[39m
              [36m&gt;[39m
                [0mSÖZ (Sözel)[0m
              [36m&lt;/option&gt;[39m
              [36m&lt;option[39m
                [33mvalue[39m=[32m&quot;DIL&quot;[39m
              [36m&gt;[39m
                [0mDİL (Dil)[0m
              [36m&lt;/option&gt;[39m
            [36m&lt;/select&gt;[39m
          [36m&lt;/div&gt;[39m
          [36m&lt;div[39m
            [33mclass[39m=[32m&quot;filter-group&quot;[39m
          [36m&gt;[39m
            [36m&lt;label[39m
              [33mfor[39m=[32m&quot;minScore&quot;[39m
            [36m&gt;[39m
              [0mMin. Taban Puan[0m
            [36m&lt;/label&gt;[39m
            [36m&lt;input[39m
              [33mid[39m=[32m&quot;minScore&quot;[39m
              [33mplaceholder[39m=[32m&quot;Örn: 300&quot;[39m
              [33mstep[39m=[32m&quot;0.01&quot;[39m
              [33mtype[39m=[32m&quot;number&quot;[39m
              [33mvalue[39m=[32m&quot;&quot;[39m
            [36m/&gt;[39m
          [36m&lt;/div&gt;[39m
          [36m&lt;div[39m
            [33mclass[39m=[32m&quot;filter-group&quot;[39m
          [36m&gt;[39m
            [36m&lt;label[39m
              [33mfor[39m=[32m&quot;maxScore&quot;[39m
            [36m&gt;[39m
              [0mMax. Taban Puan[0m
            [36m&lt;/label&gt;[39m
            [36m&lt;input[39m
              [33mid[39m=[32m&quot;maxScore&quot;[39m
              [33mplaceholder[39m=[32m&quot;Örn: 500&quot;[39m
              [33mstep[39m=[32m&quot;0.01&quot;[39m
              [33mtype[39m=[32m&quot;number&quot;[39m
              [33mvalue[39m=[32m&quot;&quot;[39m
            [36m/&gt;[39m
          [36m&lt;/div&gt;[39m
        [36m&lt;/div&gt;[39m
        [36m&lt;div[39m
          [33mclass[39m=[32m&quot;filter-row&quot;[39m
        [36m&gt;[39m
          [36m&lt;div[39m
            [33mclass[39m=[32m&quot;filter-group&quot;[39m
          [36m&gt;[39m
            [36m&lt;label[39m
              [33mfor[39m=[32m&quot;city&quot;[39m
            [36m&gt;[39m
              [0mŞehir[0m
            [36m&lt;/label&gt;[39m
            [36m&lt;select[39m
              [33mid[39m=[32m&quot;city&quot;[39m
            [36m&gt;[39m
              [36m&lt;option[39m
                [33mvalue[39m=[32m&quot;&quot;[39m
              [36m&gt;[39m
                [0mTümü[0m
              [36m&lt;/option&gt;[39m
              [36m&lt;option[39m
                [33mvalue[39m=[32m&quot;İstanbul&quot;[39m
              [36m&gt;[39m
                [0mİstanbul[0m
              [36m&lt;/option&gt;[39m
              [36m&lt;option[39m
                [33mvalue[39m=[32m&quot;Ankara&quot;[39m
              [36m&gt;[39m
                [0mAnkara[0m
              [36m&lt;/option&gt;[39m
              [36m&lt;option[39m
                [33mvalue[39m=[32m&quot;İzmir&quot;[39m
              [36m&gt;[39m
                [0mİzmir[0m
              [36m&lt;/option&gt;[39m
              [36m&lt;option[39m
                [33mvalue[39m=[32m&quot;Bursa&quot;[39m
              [36m&gt;[39m
                [0mBursa[0m
              [36m&lt;/option&gt;[39m
            [36m&lt;/select&gt;[39m
          [36m&lt;/div&gt;[39m
          [36m&lt;div[39m
            [33mclass[39m=[32m&quot;filter-group&quot;[39m
          [36m&gt;[39m
            [36m&lt;label[39m
              [33mfor[39m=[32m&quot;universityType&quot;[39m
            [36m&gt;[39m
              [0mÜniversite Türü[0m
            [36m&lt;/label&gt;[39m
            [36m&lt;select[39m
              [33mid[39m=[32m&quot;universityType&quot;[39m
            [36m&gt;[39m
              [36m&lt;option[39m
                [33mvalue[39m=[32m&quot;&quot;[39m
              [36m&gt;[39m
                [0mTümü[0m
              [36m&lt;/option&gt;[39m
              [36m&lt;option[39m
                [33mvalue[39m=[32m&quot;devlet&quot;[39m
              [36m&gt;[39m
                [0mDevlet[0m
              [36m&lt;/option&gt;[39m
              [36m&lt;option[39m
                [33mvalue[39m=[32m&quot;vakif&quot;[39m
              [36m&gt;[39m
                [0mVakıf[0m
              [36m&lt;/option&gt;[39m
            [36m&lt;/select&gt;[39m
          [36m&lt;/div&gt;[39m
          [36m&lt;div[39m
            [33mclass[39m=[32m&quot;filter-group&quot;[39m
          [36m&gt;[39m
            [36m&lt;label[39m
              [33mfor[39m=[32m&quot;departmentName&quot;[39m
            [36m&gt;[39m
              [0mBölüm Adı[0m
            [36m&lt;/label&gt;[39m
            [36m&lt;input[39m
              [33mid[39m=[32m&quot;departmentName&quot;[39m
              [33mplaceholder[39m=[32m&quot;Örn: Bilgisayar&quot;[39m
              [33mtype[39m=[32m&quot;text&quot;[39m
              [33mvalue[39m=[32m&quot;&quot;[39m
            [36m/&gt;[39m
          [36m&lt;/div&gt;[39m
          [36m&lt;div[39m
            [33mclass[39m=[32m&quot;filter-group&quot;[39m
          [36m&gt;[39m
            [36m&lt;label[39m
              [33mfor[39m=[32m&quot;scholarship&quot;[39m
            [36m&gt;[39m
              [0mBurs[0m
            [36m&lt;/label&gt;[39m
            [36m&lt;select[39m
              [33mid[39m=[32m&quot;scholarship&quot;[39m
            [36m&gt;[39m
              [36m&lt;option[39m
                [33mvalue[39m=[32m&quot;&quot;[39m
              [36m&gt;[39m
                [0mTümü[0m
              [36m&lt;/option&gt;[39m
              [36m&lt;option[39m
                [33mvalue[39m=[32m&quot;true&quot;[39m
              [36m&gt;[39m
                [0mBurslu[0m
              [36m&lt;/option&gt;[39m
              [36m&lt;option[39m
                [33mvalue[39m=[32m&quot;false&quot;[39m
              [36m&gt;[39m
                [0mBurssuz[0m
              [36m&lt;/option&gt;[39m
            [36m&lt;/select&gt;[39m
          [36m&lt;/div&gt;[39m
        [36m&lt;/div&gt;[39m
        [36m&lt;div[39m
          [33mclass[39m=[32m&quot;filter-actions&quot;[39m
        [36m&gt;[39m
          [36m&lt;button[39m
            [33mclass[39m=[32m&quot;btn-primary&quot;[39m
          [36m&gt;[39m
            [0mAra[0m
          [36m&lt;/button&gt;[39m
          [36m&lt;button[39m
            [33mclass[39m=[32m&quot;btn-secondary&quot;[39m
          [36m&gt;[39m
            [0mFiltreleri Temizle[0m
          [36m&lt;/button&gt;[39m
        [36m&lt;/div&gt;[39m
      [36m&lt;/div&gt;[39m
      [36m&lt;div[39m
        [33mclass[39m=[32m&quot;search-results&quot;[39m
      [36m&gt;[39m
        [36m&lt;div[39m
          [33mclass[39m=[32m&quot;results-header&quot;[39m
        [36m&gt;[39m
          [36m&lt;h3&gt;[39m
            [0m3[0m
            [0m Program Bulundu[0m
          [36m&lt;/h3&gt;[39m
        [36m&lt;/div&gt;[39m
        [36m&lt;div[39m
          [33mclass[39m=[32m&quot;programs-list&quot;[39m
        [36m&gt;[39m
          [36m&lt;div[39m
            [33mclass[39m=[32m&quot;program-card&quot;[39m
          [36m&gt;[39m
            [36m&lt;div[39m
              [33mclass[39m=[32m&quot;program-header&quot;[39m
            [36m&gt;[39m
              [36m&lt;h4 /&gt;[39m
            [36m&lt;/div&gt;[39m
            [36m&lt;div[39m
              [33mclass[39m=[32m&quot;program-university&quot;[39m
            [36m&gt;[39m
              [0m - [0m
              [0mİstanbul[0m
            [36m&lt;/div&gt;[39m
            [36m&lt;div[39m
              [33mclass[39m=[32m&quot;program-scores&quot;[39m
            [36m&gt;[39m
              [36m&lt;div[39m
                [33mclass[39m=[32m&quot;score-item&quot;[39m
              [36m&gt;[39m
                [36m&lt;span[39m
                  [33mclass[39m=[32m&quot;score-label&quot;[39m
                [36m&gt;[39m
                  [0mTaban Puan:[0m
                [36m&lt;/span&gt;[39m
                [36m&lt;span[39m
                  [33mclass[39m=[32m&quot;score-value&quot;[39m
                [36m&gt;[39m
                  [0mN/A[0m
                [36m&lt;/span&gt;[39m
              [36m&lt;/div&gt;[39m
              [36m&lt;div[39m
                [33mclass[39m=[32m&quot;score-item&quot;[39m
              [36m&gt;[39m
                [36m&lt;span[39m
                  [33mclass[39m=[32m&quot;score-label&quot;[39m
                [36m&gt;[39m
                  [0mTavan Puan:[0m
                [36m&lt;/span&gt;[39m
                [36m&lt;span[39m
                  [33mclass[39m=[32m&quot;score-value&quot;[39m
                [36m&gt;[39m
                  [0mN/A[0m
                [36m&lt;/span&gt;[39m
              [36m&lt;/div&gt;[39m
              [36m&lt;div[39m
                [33mclass[39m=[32m&quot;score-item&quot;[39m
              [36m&gt;[39m
                [36m&lt;span[39m
                  [33mclass[39m=[32m&quot;score-label&quot;[39m
                [36m&gt;[39m
                  [0mOrtalama:[0m
                [36m&lt;/span&gt;[39m
                [36m&lt;span[39m
                  [33mclass[39m=[32m&quot;score-value&quot;[39m
                [36m&gt;[39m
                  [0mN/A[0m
                [36m&lt;/span&gt;[39m
              [36m&lt;/div&gt;[39m
            [36m&lt;/div&gt;[39m
            [36m&lt;div[39m
              [33mclass[39m=[32m&quot;program-quota&quot;[39m
            [36m&gt;[39m
              [36m&lt;div[39m
                [33mclass[39m=[32m&quot;quota-item&quot;[39m
              [36m&gt;[39m
                [36m&lt;span[39m
                  [33mclass[39m=[32m&quot;quota-label&quot;[39m
                [36m&gt;[39m
                  [0mKontenjan:[0m
                [36m&lt;/span&gt;[39m
                [36m&lt;span[39m
                  [33mclass[39m=[32m&quot;quota-value&quot;[39m
                [36m&gt;[39m
                  [0mN/A[0m
                [36m&lt;/span&gt;[39m
              [36m&lt;/div&gt;[39m
              [36m&lt;div[39m
                [33mclass[39m=[32m&quot;quota-item&quot;[39m
              [36m&gt;[39m
                [36m&lt;span[39m
                  [33mclass[39m=[32m&quot;quota-label&quot;[39m
                [36m&gt;[39m
                  [0mYerleşen:[0m
                [36m&lt;/span&gt;[39m
                [36m&lt;span[39m
                  [33mclass[39m=[32m&quot;quota-value&quot;[39m
                [36m&gt;[39m
                  [0mN/A[0m
                [36m&lt;/span&gt;[39m
              [36m&lt;/div&gt;[39m
            [36m&lt;/div&gt;[39m
          [36m&lt;/div&gt;[39m
          [36m&lt;div[39m
            [33mclass[39m=[32m&quot;program-card&quot;[39m
          [36m&gt;[39m
            [36m&lt;div[39m
              [33mclass[39m=[32m&quot;program-header&quot;[39m
            [36m&gt;[39m
              [36m&lt;h4 /&gt;[39m
            [36m&lt;/div&gt;[39m
            [36m&lt;div[39m
              [33mclass[39m=[32m&quot;program-university&quot;[39m
            [36m&gt;[39m
              [0m - [0m
              [0mAnkara[0m
            [36m&lt;/div&gt;[39m
            [36m&lt;div[39m
              [33mclass[39m=[32m&quot;program-scores&quot;[39m
            [36m&gt;[39m
              [36m&lt;div[39m
                [33mclass[39m=[32m&quot;score-item&quot;[39m
              [36m&gt;[39m
                [36m&lt;span[39m
                  [33mclass[39m=[32m&quot;score-label&quot;[39m
                [36m&gt;[39m
                  [0mTaban Puan:[0m
                [36m&lt;/span&gt;[39m
                [36m&lt;span[39m
                  [33mclass[39m=[32m&quot;score-value&quot;[39m
                [36m&gt;[39m
                  [0mN/A[0m
                [36m&lt;/span&gt;[39m
              [36m&lt;/div&gt;[39m
              [36m&lt;div[39m
                [33mclass[39m=[32m&quot;score-item&quot;[39m
              [36m&gt;[39m
                [36m&lt;span[39m
                  [33mclass[39m=[32m&quot;score-label&quot;[39m
                [36m&gt;[39m
                  [0mTavan Puan:[0m
                [36m&lt;/span&gt;[39m
                [36m&lt;span[39m
                  [33mclass[39m=[32m&quot;score-value&quot;[39m
                [36m&gt;[39m
                  [0mN/A[0m
                [36m&lt;/span&gt;[39m
              [36m&lt;/div&gt;[39m
              [36m&lt;div[39m
                [33mclass[39m=[32m&quot;score-item&quot;[39m
              [36m&gt;[39m
                [36m&lt;span[39m
                  [33mclass[39m=[32m&quot;score-label&quot;[39m
                [36m&gt;[39m
                  [0mOrtalama:[0m
                [36m&lt;/span&gt;[39m
                [36m&lt;span[39m
                  [33mclass[39m=[32m&quot;score-value&quot;[39m
                [36m&gt;[39m
                  [0mN/A[0m
                [36m&lt;/span&gt;[39m
              [36m&lt;/div&gt;[39m
            [36m&lt;/div&gt;[39m
            [36m&lt;div[39m
              [33mclass[39m=[32m&quot;program-quota&quot;[39m
            [36m&gt;[39m
              [36m&lt;div[39m
                [33mclass[39m=[32m&quot;quota-item&quot;[39m
              [36m&gt;[39m
                [36m&lt;span[39m
                  [33mclass[39m=[32m&quot;quota-label&quot;[39m
                [36m&gt;[39m
                  [0mKontenjan:[0m
                [36m&lt;/span&gt;[39m
                [36m&lt;span[39m
                  [33mclass[39m=[32m&quot;quota-value&quot;[39m
                [36m&gt;[39m
                  [0mN/A[0m
                [36m&lt;/span&gt;[39m
              [36m&lt;/div&gt;[39m
              [36m&lt;div[39m
                [33mclass[39m=[32m&quot;quota-item&quot;[39m
              [36m&gt;[39m
                [36m&lt;span[39m
                  [33mclass[39m=[32m&quot;quota-label&quot;[39m
                [36m&gt;[39m
                  [0mYerleşen:[0m
                [36m&lt;/span&gt;[39m
                [36m&lt;span[39m
                  [33mclass[39m=[32m&quot;quota-value&quot;[39m
                [36m&gt;[39m
                  [0mN/A[0m
                [36m&lt;/span&gt;[39m
              [36m&lt;/div&gt;[39m
            [36m&lt;/div&gt;[39m
          [36m&lt;/div&gt;[39m
          [36m&lt;div[39m
            [33mclass[39m=[32m&quot;program-card&quot;[39m
          [36m&gt;[39m
            [36m&lt;div[39m
              [33mclass[39m=[32m&quot;program-header&quot;[39m
            [36m&gt;[39m
              [36m&lt;h4 /&gt;[39m
              [36m&lt;span[39m
                [33mclass[39m=[32m&quot;scholarship-badge&quot;[39m
              [36m&gt;[39m
                [0mBurslu[0m
              [36m&lt;/span&gt;[39m
            [36m&lt;/div&gt;[39m
            [36m&lt;div[39m
              [33mclass[39m=[32m&quot;program-university&quot;[39m
            [36m&gt;[39m
              [0m - [0m
              [0mAnkara[0m
            [36m&lt;/div&gt;[39m
            [36m&lt;div[39m
              [33mclass[39m=[32m&quot;program-scores&quot;[39m
            [36m&gt;[39m
              [36m&lt;div[39m
                [33mclass[39m=[32m&quot;score-item&quot;[39m
              [36m&gt;[39m
                [36m&lt;span[39m
                  [33mclass[39m=[32m&quot;score-label&quot;[39m
                [36m&gt;[39m
                  [0mTaban Puan:[0m
                [36m&lt;/span&gt;[39m
                [36m&lt;span[39m
                  [33mclass[39m=[32m&quot;score-value&quot;[39m
                [36m&gt;[39m
                  [0mN/A[0m
                [36m&lt;/span&gt;[39m
              [36m&lt;/div&gt;[39m
              [36m&lt;div[39m
                [33mclass[39m=[32m&quot;score-item&quot;[39m
              [36m&gt;[39m
                [36m&lt;span[39m
                  [33mclass[39m=[32m&quot;score-label&quot;[39m
                [36m&gt;[39m
                  [0mTavan Puan:[0m
                [36m&lt;/span&gt;[39m
                [36m&lt;span[39m
                  [33mclass[39m=[32m&quot;score-value&quot;[39m
                [36m&gt;[39m
                  [0mN/A[0m
                [36m&lt;/span&gt;[39m
              [36m&lt;/div&gt;[39m
              [36m&lt;div[39m
                [33mclass[39m=[32m&quot;score-item&quot;[39m
              [36m&gt;[39m
                [36m&lt;span[39m
                  [33mclass[39m=[32m&quot;score-label&quot;[39m
                [36m&gt;[39m
                  [0mOrtalama:[0m
                [36m&lt;/span&gt;[39m
                [36m&lt;span[39m
                  [33mclass[39m=[32m&quot;score-value&quot;[39m
                [36m&gt;[39m
                  [0mN/A[0m
                [36m&lt;/span&gt;[39m
              [36m&lt;/div&gt;[39m
            [36m&lt;/div&gt;[39m
            [36m&lt;div[39m
              [33mclass[39m=[32m&quot;program-quota&quot;[39m
            [36m&gt;[39m
              [36m&lt;div[39m
                [33mclass[39m=[32m&quot;quota-item&quot;[39m
              [36m&gt;[39m
                [36m&lt;span[39m
                  [33mclass[39m=[32m&quot;quota-label&quot;[39m
                [36m&gt;[39m
                  [0mKontenjan:[0m
                [36m&lt;/span&gt;[39m
                [36m&lt;span[39m
                  [33mclass[39m=[32m&quot;quota-value&quot;[39m
                [36m&gt;[39m
                  [0mN/A[0m
                [36m&lt;/span&gt;[39m
              [36m&lt;/div&gt;[39m
              [36m&lt;div[39m
                [33mclass[39m=[32m&quot;quota-item&quot;[39m
              [36m&gt;[39m
                [36m&lt;span[39m
                  [33mclass[39m=[32m&quot;quota-label&quot;[39m
                [36m&gt;[39m
                  [0mYerleşen:[0m
                [36m&lt;/span&gt;[39m
                [36m&lt;span[39m
                  [33mclass[39m=[32m&quot;quota-value&quot;[39m
                [36m&gt;[39m
                  [0mN/A[0m
                [36m&lt;/span&gt;[39m
              [36m&lt;/div&gt;[39m
            [36m&lt;/div&gt;[39m
          [36m&lt;/div&gt;[39m
        [36m&lt;/div&gt;[39m
      [36m&lt;/div&gt;[39m
    [36m&lt;/div&gt;[39m
  [36m&lt;/div&gt;[39m
[36m&lt;/body&gt;[39m

Ignored nodes: comments, script, style
[36m&lt;html&gt;[39m
  [36m&lt;head /&gt;[39m
  [36m&lt;body&gt;[39m
    [36m&lt;div&gt;[39m
      [36m&lt;div[39m
        [33mclass[39m=[32m&quot;program-search&quot;[39m
      [36m&gt;[39m
        [36m&lt;div[39m
          [33mclass[39m=[32m&quot;search-header&quot;[39m
        [36m&gt;[39m
          [36m&lt;h2&gt;[39m
            [0mÜniversite Programları Arama[0m
          [36m&lt;/h2&gt;[39m
        [36m&lt;/div&gt;[39m
        [36m&lt;div[39m
          [33mclass[39m=[32m&quot;search-filters&quot;[39m
        [36m&gt;[39m
          [36m&lt;div[39m
            [33mclass[39m=[32m&quot;filter-row&quot;[39m
          [36m&gt;[39m
            [36m&lt;div[39m
              [33mclass[39m=[32m&quot;filter-group&quot;[39m
            [36m&gt;[39m
              [36m&lt;label[39m
                [33mfor[39m=[32m&quot;year&quot;[39m
              [36m&gt;[39m
                [0mYıl[0m
              [36m&lt;/label&gt;[39m
              [36m&lt;select[39m
                [33mid[39m=[32m&quot;year&quot;[39m
              [36m&gt;[39m
                [36m&lt;option[39m
                  [33mvalue[39m=[32m&quot;2024&quot;[39m
                [36m&gt;[39m
                  [0m2024[0m
                [36m&lt;/option&gt;[39m
                [36m&lt;option[39m
                  [33mvalue[39m=[32m&quot;2023&quot;[39m
                [36m&gt;[39m
                  [0m2023[0m
                [36m&lt;/option&gt;[39m
                [36m&lt;option[39m
                  [33mvalue[39m=[32m&quot;2022&quot;[39m
                [36m&gt;[39m
                  [0m2022[0m
                [36m&lt;/option&gt;[39m
              [36m&lt;/select&gt;[39m
            [36m&lt;/div&gt;[39m
            [36m&lt;div[39m
              [33mclass[39m=[32m&quot;filter-group&quot;[39m
            [36m&gt;[39m
              [36m&lt;label[39m
                [33mfor[39m=[32m&quot;scoreType&quot;[39m
              [36m&gt;[39m
                [0mPuan Türü[0m
              [36m&lt;/label&gt;[39m
              [36m&lt;select[39m
                [33mid[39m=[32m&quot;scoreType&quot;[39m
              [36m&gt;[39m
                [36m&lt;option[39m
                  [33mvalue[39m=[32m&quot;SAY&quot;[39m
                [36m&gt;[39m
                  [0mSAY (Sayısal)[0m
                [36m&lt;/option&gt;[39m
                [36m&lt;option[39m
                  [33mvalue[39m=[32m&quot;EA&quot;[39m
                [36m&gt;[39m
                  [0mEA (Eşit Ağırlık)[0m
                [36m&lt;/option&gt;[39m
                [36m&lt;option[39m
                  [33mvalue[39m=[32m&quot;SOZ&quot;[39m
                [36m&gt;[39m
                  [0mSÖZ (Sözel)[0m
                [36m&lt;/option&gt;[39m
                [36m&lt;option[39m
                  [33mvalue[39m=[32m&quot;DIL&quot;[39m
                [36m&gt;[39m
                  [0mDİL (Dil)[0m
                [36m&lt;/option&gt;[39m
              [36m&lt;/select&gt;[39m
            [36m&lt;/div&gt;[39m
            [36m&lt;div[39m
              [33mclass[39m=[32m&quot;filter-group&quot;[39m
            [36m&gt;[39m
              [36m&lt;label[39m
                [33mfor[39m=[32m&quot;minScore&quot;[39m
              [36m&gt;[39m
                [0mMin. Taban Puan[0m
              [36m&lt;/label&gt;[39m
              [36m&lt;input[39m
                [33mid[39m=[32m&quot;minScore&quot;[39m
                [33mplaceholder[39m=[32m&quot;Örn: 300&quot;[39m
                [33mstep[39m=[32m&quot;0.01&quot;[39m
                [33mtype[39m=[32m&quot;number&quot;[39m
                [33mvalue[39m=[32m&quot;&quot;[39m
              [36m/&gt;[39m
            [36m&lt;/div&gt;[39m
            [36m&lt;div[39m
              [33mclass[39m=[32m&quot;filter-group&quot;[39m
            [36m&gt;[39m
              [36m&lt;label[39m
                [33mfor[39m=[32m&quot;maxScore&quot;[39m
              [36m&gt;[39m
                [0mMax. Taban Puan[0m
              [36m&lt;/label&gt;[39m
              [36m&lt;input[39m
                [33mid[39m=[32m&quot;maxScore&quot;[39m
                [33mplaceholder[39m=[32m&quot;Örn: 500&quot;[39m
                [33mstep[39m=[32m&quot;0.01&quot;[39m
                [33mtype[39m=[32m&quot;number&quot;[39m
                [33mvalue[39m=[32m&quot;&quot;[39m
              [36m/&gt;[39m
            [36m&lt;/div&gt;[39m
          [36m&lt;/div&gt;[39m
          [36m&lt;div[39m
            [33mclass[39m=[32m&quot;filter-row&quot;[39m
          [36m&gt;[39m
            [36m&lt;div[39m
              [33mclass[39m=[32m&quot;filter-group&quot;[39m
            [36m&gt;[39m
              [36m&lt;label[39m
                [33mfor[39m=[32m&quot;city&quot;[39m
              [36m&gt;[39m
                [0mŞehir[0m
              [36m&lt;/label&gt;[39m
              [36m&lt;select[39m
                [33mid[39m=[32m&quot;city&quot;[39m
              [36m&gt;[39m
                [36m&lt;option[39m
                  [33mvalue[39m=[32m&quot;&quot;[39m
                [36m&gt;[39m
                  [0mTümü[0m
                [36m&lt;/option&gt;[39m
                [36m&lt;option[39m
                  [33mvalue[39m=[32m&quot;İstanbul&quot;[39m
                [36m&gt;[39m
                  [0mİstanbul[0m
                [36m&lt;/option&gt;[39m
                [36m&lt;option[39m
                  [33mvalue[39m=[32m&quot;Ankara&quot;[39m
                [36m&gt;[39m
                  [0mAnkara[0m
                [36m&lt;/option&gt;[39m
                [36m&lt;option[39m
                  [33mvalue[39m=[32m&quot;İzmir&quot;[39m
                [36m&gt;[39m
                  [0mİzmir[0m
                [36m&lt;/option&gt;[39m
                [36m&lt;option[39m
                  [33mvalue[39m=[32m&quot;Bursa&quot;[39m
                [36m&gt;[39m
                  [0mBursa[0m
                [36m&lt;/option&gt;[39m
              [36m&lt;/select&gt;[39m
            [36m&lt;/div&gt;[39m
            [36m&lt;div[39m
              [33mclass[39m=[32m&quot;filter-group&quot;[39m
            [36m&gt;[39m
              [36m&lt;label[39m
                [33mfor[39m=[32m&quot;universityType&quot;[39m
              [36m&gt;[39m
                [0mÜniversite Türü[0m
              [36m&lt;/label&gt;[39m
              [36m&lt;select[39m
                [33mid[39m=[32m&quot;universityType&quot;[39m
              [36m&gt;[39m
                [36m&lt;option[39m
                  [33mvalue[39m=[32m&quot;&quot;[39m
                [36m&gt;[39m
                  [0mTümü[0m
                [36m&lt;/option&gt;[39m
                [36m&lt;option[39m
                  [33mvalue[39m=[32m&quot;devlet&quot;[39m
                [36m&gt;[39m
                  [0mDevlet[0m
                [36m&lt;/option&gt;[39m
                [36m&lt;option[39m
                  [33mvalue[39m=[32m&quot;vakif&quot;[39m
                [36m&gt;[39m
                  [0mVakıf[0m
                [36m&lt;/option&gt;[39m
              [36m&lt;/select&gt;[39m
            [36m&lt;/div&gt;[39m
            [36m&lt;div[39m
              [33mclass[39m=[32m&quot;filter-group&quot;[39m
            [36m&gt;[39m
              [36m&lt;label[39m
                [33mfor[39m=[32m&quot;departmentName&quot;[39m
              [36m&gt;[39m
                [0mBölüm Adı[0m
              [36m&lt;/label&gt;[39m
              [36m&lt;input[39m
                [33mid[39m=[32m&quot;departmentName&quot;[39m
                [33mplaceholder[39m=[32m&quot;Örn: Bilgisayar&quot;[39m
                [33mtype[39m=[32m&quot;text&quot;[39m
                [33mvalue[39m=[32m&quot;&quot;[39m
              [36m/&gt;[39m
            [36m&lt;/div&gt;[39m
            [36m&lt;div[39m
              [33mclass[39m=[32m&quot;filter-group&quot;[39m
            [36m&gt;[39m
              [36m&lt;label[39m
                [33mfor[39m=[32m&quot;scholarship&quot;[39m
              [36m&gt;[39m
                [0mBurs[0m
              [36m&lt;/label&gt;[39m
              [36m&lt;select[39m
                [33mid[39m=[32m&quot;scholarship&quot;[39m
              [36m&gt;[39m
                [36m&lt;option[39m
                  [33mvalue[39m=[32m&quot;&quot;[39m
                [36m&gt;[39m
                  [0mTümü[0m
                [36m&lt;/option&gt;[39m
                [36m&lt;option[39m
                  [33mvalue[39m=[32m&quot;true&quot;[39m
                [36m&gt;[39m
                  [0mBurslu[0m
                [36m&lt;/option&gt;[39m
                [36m&lt;option[39m
                  [33mvalue[39m=[32m&quot;false&quot;[39m
                [36m&gt;[39m
                  [0mBurssuz[0m
                [36m&lt;/option&gt;[39m
              [36m&lt;/select&gt;[39m
            [36m&lt;/div&gt;[39m
          [36m&lt;/div&gt;[39m
          [36m&lt;div[39m
            [33mclass[39m=[32m&quot;filter-actions&quot;[39m
          [36m&gt;[39m
            [36m&lt;button[39m
              [33mclass[39m=[32m&quot;btn-primary&quot;[39m
            [36m&gt;[39m
              [0mAra[0m
            [36m&lt;/button&gt;[39m
            [36m&lt;button[39m
              [33mclass[39m=[32m&quot;btn-secondary&quot;[39m
            [36m&gt;[39m
              [0mFiltreleri Temizle[0m
            [36m&lt;/button&gt;[39m
          [36m&lt;/div&gt;[39m
        [36m&lt;/div&gt;[39m
        [36m&lt;div[39m
          [33mclass[39m=[32m&quot;search-results&quot;[39m
        [36m&gt;[39m
          [36m&lt;div[39m
            [33mclass[39m=[32m&quot;results-header&quot;[39m
          [36m&gt;[39m
            [36m&lt;h3&gt;[39m
              [0m3[0m
              [0m Program Bulundu[0m
            [36m&lt;/h3&gt;[39m
          [36m&lt;/div&gt;[39m
          [36m&lt;div[39m
            [33mclass[39m=[32m&quot;programs-list&quot;[39m
          [36m&gt;[39m
            [36m&lt;div[39m
              [33mclass[39m=[32m&quot;program-card&quot;[39m
            [36m&gt;[39m
              [36m&lt;div[39m
                [33mclass[39m=[32m&quot;program-header&quot;[39m
              [36m&gt;[39m
                [36m&lt;h4 /&gt;[39m
              [36m&lt;/div&gt;[39m
              [36m&lt;div[39m
                [33mclass[39m=[32m&quot;program-university&quot;[39m
              [36m&gt;[39m
                [0m - [0m
                [0mİstanbul[0m
              [36m&lt;/div&gt;[39m
              [36m&lt;div[39m
                [33mclass[39m=[32m&quot;program-scores&quot;[39m
              [36m&gt;[39m
                [36m&lt;div[39m
                  [33mclass[39m=[32m&quot;score-item&quot;[39m
                [36m&gt;[39m
                  [36m&lt;span[39m
                    [33mclass[39m=[32m&quot;score-label&quot;[39m
                  [36m&gt;[39m
                    [0mTaban Puan:[0m
                  [36m&lt;/span&gt;[39m
                  [36m&lt;span[39m
                    [33mclass[39m=[32m&quot;score-value&quot;[39m
                  [36m&gt;[39m
                    [0mN/A[0m
                  [36m&lt;/span&gt;[39m
                [36m&lt;/div&gt;[39m
                [36m&lt;div[39m
                  [33mclass[39m=[32m&quot;score-item&quot;[39m
                [36m&gt;[39m
                  [36m&lt;span[39m
                    [33mclass[39m=[32m&quot;score-label&quot;[39m
                  [36m&gt;[39m
                    [0mTavan Puan:[0m
                  [36m&lt;/span&gt;[39m
                  [36m&lt;span[39m
                    [33mclass[39m=[32m&quot;score-value&quot;[39m
                  [36m&gt;[39m
                    [0mN/A[0m
                  [36m&lt;/span&gt;[39m
                [36m&lt;/div&gt;[39m
                [36m&lt;div[39m
                  [33mclass[39m=[32m&quot;score-item&quot;[39m
                [36m&gt;[39m
                  [36m&lt;span[39m
                    [33mclass[39m=[32m&quot;score-label&quot;[39m
                  [36m&gt;[39m
                    [0mOrtalama:[0m
                  [36m&lt;/span&gt;[39m
                  [36m&lt;span[39m
                    [33mclass[39m=[32m&quot;score-value&quot;[39m
                  [36m&gt;[39m
                    [0mN/A[0m
                  [36m&lt;/span&gt;[39m
                [36m&lt;/div&gt;[39m
              [36m&lt;/div&gt;[39m
              [36m&lt;div[39m
                [33mclass[39m=[32m&quot;program-quota&quot;[39m
              [36m&gt;[39m
                [36m&lt;div[39m
                  [33mclass[39m=[32m&quot;quota-item&quot;[39m
                [36m&gt;[39m
                  [36m&lt;span[39m
                    [33mclass[39m=[32m&quot;quota-label&quot;[39m
                  [36m&gt;[39m
                    [0mKontenjan:[0m
                  [36m&lt;/span&gt;[39m
                  [36m&lt;span[39m
                    [33mclass[39m=[32m&quot;quota-value&quot;[39m
                  [36m&gt;[39m
                    [0mN/A[0m
                  [36m&lt;/span&gt;[39m
                [36m&lt;/div&gt;[39m
                [36m&lt;div[39m
                  [33mclass[39m=[32m&quot;quota-item&quot;[39m
                [36m&gt;[39m
                  [36m&lt;span[39m
                    [33mclass[39m=[32m&quot;quota-label&quot;[39m
                  [36m&gt;[39m
                    [0mYerleşen:[0m
                  [36m&lt;/span&gt;[39m
                  [36m&lt;span[39m
                    [33mclass[39m=[32m&quot;quota-value&quot;[39m
                  [36m&gt;[39m
                    [0mN/A[0m
                  [36m&lt;/span&gt;[39m
                [36m&lt;/div&gt;[39m
              [36m&lt;/div&gt;[39m
            [36m&lt;/div&gt;[39m
            [36m&lt;div[39m
              [33mclass[39m=[32m&quot;program-card&quot;[39m
            [36m&gt;[39m
              [36m&lt;div[39m
                [33mclass[39m=[32m&quot;program-header&quot;[39m
              [36m&gt;[39m
                [36m&lt;h4 /&gt;[39m
              [36m&lt;/div&gt;[39m
              [36m&lt;div[39m
                [33mclass[39m=[32m&quot;program-university&quot;[39m
              [36m&gt;[39m
                [0m - [0m
                [0mAnkara[0m
              [36m&lt;/div&gt;[39m
              [36m&lt;div[39m
                [33mclass[39m=[32m&quot;program-scores&quot;[39m
              [36m&gt;[39m
                [36m&lt;div[39m
                  [33mclass[39m=[32m&quot;score-item&quot;[39m
                [36m&gt;[39m
                  [36m&lt;span[39m
                    [33mclass[39m=[32m&quot;score-label&quot;[39m
                  [36m&gt;[39m
                    [0mTaban Puan:[0m
                  [36m&lt;/span&gt;[39m
                  [36m&lt;span[39m
                    [33mclass[39m=[32m&quot;score-value&quot;[39m
                  [36m&gt;[39m
                    [0mN/A[0m
                  [36m&lt;/span&gt;[39m
                [36m&lt;/div&gt;[39m
                [36m&lt;div[39m
                  [33mclass[39m=[32m&quot;score-item&quot;[39m
                [36m&gt;[39m
                  [36m&lt;span[39m
                    [33mclass[39m=[32m&quot;score-label&quot;[39m
                  [36m&gt;[39m
                    [0mTavan Puan:[0m
                  [36m&lt;/span&gt;[39m
                  [36m&lt;span[39m
                    [33mclass[39m=[32m&quot;score-value&quot;[39m
                  [36m&gt;[39m
                    [0mN/A[0m
                  [36m&lt;/span&gt;[39m
                [36m&lt;/div&gt;[39m
                [36m&lt;div[39m
                  [33mclass[39m=[32m&quot;score-item&quot;[39m
                [36m&gt;[39m
                  [36m&lt;span[39m
                    [33mclass[39m=[32m&quot;score-label&quot;[39m
                  [36m&gt;[39m
                    [0mOrtalama:[0m
                  [36m&lt;/span&gt;[39m
                  [36m&lt;span[39m
                    [33mclass[39m=[32m&quot;score-value&quot;[39m
                  [36m&gt;[39m
                    [0mN/A[0m
                  [36m&lt;/span&gt;[39m
                [36m&lt;/div&gt;[39m
              [36m&lt;/div&gt;[39m
              [36m&lt;div[39m
                [33mclass[39m=[32m&quot;program-quota&quot;[39m
              [36m&gt;[39m
                [36m&lt;div[39m
                  [33mclass[39m=[32m&quot;quota-item&quot;[39m
                [36m&gt;[39m
                  [36m&lt;span[39m
                    [33mclass[39m=[32m&quot;quota-label&quot;[39m
                  [36m&gt;[39m
                    [0mKontenjan:[0m
                  [36m&lt;/span&gt;[39m
                  [36m&lt;span[39m
                    [33mclass[39m=[32m&quot;quota-value&quot;[39m
                  [36m&gt;[39m
                    [0mN/A[0m
                  [36m&lt;/span&gt;[39m
                [36m&lt;/div&gt;[39m
                [36m&lt;div[39m
                  [33mclass[39m=[32m&quot;quota-item&quot;[39m
                [36m&gt;[39m
                  [36m&lt;span[39m
                    [33mclass[39m=[32m&quot;quota-label&quot;[39m
                  [36m&gt;[39m
                    [0mYerleşen:[0m
                  [36m&lt;/span&gt;[39m
                  [36m&lt;span[39m
                    [33mclass[39m=[32m&quot;quota-value&quot;[39m
                  [36m&gt;[39m
                    [0mN/A[0m
                  [36m&lt;/span&gt;[39m
                [36m&lt;/div&gt;[39m
              [36m&lt;/div&gt;[39m
            [36m&lt;/div&gt;[39m
            [36m&lt;div[39m
              [33mclass[39m=[32m&quot;program-card&quot;[39m
            [36m&gt;[39m
              [36m&lt;div[39m
                [33mclass[39m=[32m&quot;program-header&quot;[39m
              [36m&gt;[39m
                [36m&lt;h4 /&gt;[39m
                [36m&lt;span[39m
                  [33mclass[39m=[32m&quot;scholarship-badge&quot;[39m
                [36m&gt;[39m
                  [0mBurslu[0m
                [36m&lt;/span&gt;[39m
              [36m&lt;/div&gt;[39m
              [36m&lt;div[39m
                [33mclass[39m=[32m&quot;program-university&quot;[39m
              [36m&gt;[39m
                [0m - [0m
                [0mAnkara[0m
              [36m&lt;/div&gt;[39m
              [36m&lt;div[39m
                [33mclass[39m=[32m&quot;program-scores&quot;[39m
              [36m&gt;[39m
                [36m&lt;div[39m
                  [33mclass[39m=[32m&quot;score-item&quot;[39m
                [36m&gt;[39m
                  [36m&lt;span[39m
                    [33mclass[39m=[32m&quot;score-label&quot;[39m
                  [36m&gt;[39m
                    [0mTaban Puan:[0m
                  [36m&lt;/span&gt;[39m
                  [36m&lt;span[39m
                    [33mclass[39m=[32m&quot;score-value&quot;[39m
                  [36m&gt;[39m
                    [0mN/A[0m
                  [36m&lt;/span&gt;[39m
                [36m&lt;/div&gt;[39m
                [36m&lt;div[39m
                  [33mclass[39m=[32m&quot;score-item&quot;[39m
                [36m&gt;[39m
                  [36m&lt;span[39m
                    [33mclass[39m=[32m&quot;score-label&quot;[39m
                  [36m&gt;[39m
                    [0mTavan Puan:[0m
                  [36m&lt;/span&gt;[39m
                  [36m&lt;span[39m
                    [33mclass[39m=[32m&quot;score-value&quot;[39m
                  [36m&gt;[39m
                    [0mN/A[0m
                  [36m&lt;/span&gt;[39m
                [36m&lt;/div&gt;[39m
                [36m&lt;div[39m
                  [33mclass[39m=[32m&quot;score-item&quot;[39m
                [36m&gt;[39m
                  [36m&lt;span[39m
                    [33mclass[39m=[32m&quot;score-label&quot;[39m
                  [36m&gt;[39m
                    [0mOrtalama:[0m
                  [36m&lt;/span&gt;[39m
                  [36m&lt;span[39m
                    [33mclass[39m=[32m&quot;score-value&quot;[39m
                  [36m&gt;[39m
                    [0mN/A[0m
                  [36m&lt;/span&gt;[39m
                [36m&lt;/div&gt;[39m
              [36m&lt;/div&gt;[39m
              [36m&lt;div[39m
                [33mclass[39m=[32m&quot;program-quota&quot;[39m
              [36m&gt;[39m
                [36m&lt;div[39m
                  [33mclass[39m=[32m&quot;quota-item&quot;[39m
                [36m&gt;[39m
                  [36m&lt;span[39m
                    [33mclass[39m=[32m&quot;quota-label&quot;[39m
                  [36m&gt;[39m
                    [0mKontenjan:[0m
                  [36m&lt;/span&gt;[39m
                  [36m&lt;span[39m
                    [33mclass[39m=[32m&quot;quota-value&quot;[39m
                  [36m&gt;[39m
                    [0mN/A[0m
                  [36m&lt;/span&gt;[39m
                [36m&lt;/div&gt;[39m
                [36m&lt;div[39m
                  [33mclass[39m=[32m&quot;quota-item&quot;[39m
                [36m&gt;[39m
                  [36m&lt;span[39m
                    [33mclass[39m=[32m&quot;quota-label&quot;[39m
                  [36m&gt;[39m
                    [0mYerleşen:[0m
                  [36m&lt;/span&gt;[39m
                  [36m&lt;span[39m
                    [33mclass[39m=[32m&quot;quota-value&quot;[39m
                  [36m&gt;[39m
                    [0mN/A[0m
                  [36m&lt;/span&gt;[39m
                [36m&lt;/div&gt;[39m
              [36m&lt;/div&gt;[39m
            [36m&lt;/div&gt;[39m
          [36m&lt;/div&gt;[39m
        [36m&lt;/div&gt;[39m
      [36m&lt;/div&gt;[39m
    [36m&lt;/div&gt;[39m
  [36m&lt;/body&gt;[39m
[36m&lt;/html&gt;[39m" type="TestingLibraryElementError">
TestingLibraryElementError: Unable to find an element with the text: Bilgisayar Mühendisliği. This could be because the text is broken up by multiple elements. In this case, you can provide a function for your text matcher to make your matcher more flexible.

Ignored nodes: comments, script, style
&lt;body&gt;
  &lt;div&gt;
    &lt;div
      class=&quot;program-search&quot;
    &gt;
      &lt;div
        class=&quot;search-header&quot;
      &gt;
        &lt;h2&gt;
          Üniversite Programları Arama
        &lt;/h2&gt;
      &lt;/div&gt;
      &lt;div
        class=&quot;search-filters&quot;
      &gt;
        &lt;div
          class=&quot;filter-row&quot;
        &gt;
          &lt;div
            class=&quot;filter-group&quot;
          &gt;
            &lt;label
              for=&quot;year&quot;
            &gt;
              Yıl
            &lt;/label&gt;
            &lt;select
              id=&quot;year&quot;
            &gt;
              &lt;option
                value=&quot;2024&quot;
              &gt;
                2024
              &lt;/option&gt;
              &lt;option
                value=&quot;2023&quot;
              &gt;
                2023
              &lt;/option&gt;
              &lt;option
                value=&quot;2022&quot;
              &gt;
                2022
              &lt;/option&gt;
            &lt;/select&gt;
          &lt;/div&gt;
          &lt;div
            class=&quot;filter-group&quot;
          &gt;
            &lt;label
              for=&quot;scoreType&quot;
            &gt;
              Puan Türü
            &lt;/label&gt;
            &lt;select
              id=&quot;scoreType&quot;
            &gt;
              &lt;option
                value=&quot;SAY&quot;
              &gt;
                SAY (Sayısal)
              &lt;/option&gt;
              &lt;option
                value=&quot;EA&quot;
              &gt;
                EA (Eşit Ağırlık)
              &lt;/option&gt;
              &lt;option
                value=&quot;SOZ&quot;
              &gt;
                SÖZ (Sözel)
              &lt;/option&gt;
              &lt;option
                value=&quot;DIL&quot;
              &gt;
                DİL (Dil)
              &lt;/option&gt;
            &lt;/select&gt;
          &lt;/div&gt;
          &lt;div
            class=&quot;filter-group&quot;
          &gt;
            &lt;label
              for=&quot;minScore&quot;
            &gt;
              Min. Taban Puan
            &lt;/label&gt;
            &lt;input
              id=&quot;minScore&quot;
              placeholder=&quot;Örn: 300&quot;
              step=&quot;0.01&quot;
              type=&quot;number&quot;
              value=&quot;&quot;
            /&gt;
          &lt;/div&gt;
          &lt;div
            class=&quot;filter-group&quot;
          &gt;
            &lt;label
              for=&quot;maxScore&quot;
            &gt;
              Max. Taban Puan
            &lt;/label&gt;
            &lt;input
              id=&quot;maxScore&quot;
              placeholder=&quot;Örn: 500&quot;
              step=&quot;0.01&quot;
              type=&quot;number&quot;
              value=&quot;&quot;
            /&gt;
          &lt;/div&gt;
        &lt;/div&gt;
        &lt;div
          class=&quot;filter-row&quot;
        &gt;
          &lt;div
            class=&quot;filter-group&quot;
          &gt;
            &lt;label
              for=&quot;city&quot;
            &gt;
              Şehir
            &lt;/label&gt;
            &lt;select
              id=&quot;city&quot;
            &gt;
              &lt;option
                value=&quot;&quot;
              &gt;
                Tümü
              &lt;/option&gt;
              &lt;option
                value=&quot;İstanbul&quot;
              &gt;
                İstanbul
              &lt;/option&gt;
              &lt;option
                value=&quot;Ankara&quot;
              &gt;
                Ankara
              &lt;/option&gt;
              &lt;option
                value=&quot;İzmir&quot;
              &gt;
                İzmir
              &lt;/option&gt;
              &lt;option
                value=&quot;Bursa&quot;
              &gt;
                Bursa
              &lt;/option&gt;
            &lt;/select&gt;
          &lt;/div&gt;
          &lt;div
            class=&quot;filter-group&quot;
          &gt;
            &lt;label
              for=&quot;universityType&quot;
            &gt;
              Üniversite Türü
            &lt;/label&gt;
            &lt;select
              id=&quot;universityType&quot;
            &gt;
              &lt;option
                value=&quot;&quot;
              &gt;
                Tümü
              &lt;/option&gt;
              &lt;option
                value=&quot;devlet&quot;
              &gt;
                Devlet
              &lt;/option&gt;
              &lt;option
                value=&quot;vakif&quot;
              &gt;
                Vakıf
              &lt;/option&gt;
            &lt;/select&gt;
          &lt;/div&gt;
          &lt;div
            class=&quot;filter-group&quot;
          &gt;
            &lt;label
              for=&quot;departmentName&quot;
            &gt;
              Bölüm Adı
            &lt;/label&gt;
            &lt;input
              id=&quot;departmentName&quot;
              placeholder=&quot;Örn: Bilgisayar&quot;
              type=&quot;text&quot;
              value=&quot;&quot;
            /&gt;
          &lt;/div&gt;
          &lt;div
            class=&quot;filter-group&quot;
          &gt;
            &lt;label
              for=&quot;scholarship&quot;
            &gt;
              Burs
            &lt;/label&gt;
            &lt;select
              id=&quot;scholarship&quot;
            &gt;
              &lt;option
                value=&quot;&quot;
              &gt;
                Tümü
              &lt;/option&gt;
              &lt;option
                value=&quot;true&quot;
              &gt;
                Burslu
              &lt;/option&gt;
              &lt;option
                value=&quot;false&quot;
              &gt;
                Burssuz
              &lt;/option&gt;
            &lt;/select&gt;
          &lt;/div&gt;
        &lt;/div&gt;
        &lt;div
          class=&quot;filter-actions&quot;
        &gt;
          &lt;button
            class=&quot;btn-primary&quot;
          &gt;
            Ara
          &lt;/button&gt;
          &lt;button
            class=&quot;btn-secondary&quot;
          &gt;
            Filtreleri Temizle
          &lt;/button&gt;
        &lt;/div&gt;
      &lt;/div&gt;
      &lt;div
        class=&quot;search-results&quot;
      &gt;
        &lt;div
          class=&quot;results-header&quot;
        &gt;
          &lt;h3&gt;
            3
             Program Bulundu
          &lt;/h3&gt;
        &lt;/div&gt;
        &lt;div
          class=&quot;programs-list&quot;
        &gt;
          &lt;div
            class=&quot;program-card&quot;
          &gt;
            &lt;div
              class=&quot;program-header&quot;
            &gt;
              &lt;h4 /&gt;
            &lt;/div&gt;
            &lt;div
              class=&quot;program-university&quot;
            &gt;
               - 
              İstanbul
            &lt;/div&gt;
            &lt;div
              class=&quot;program-scores&quot;
            &gt;
              &lt;div
                class=&quot;score-item&quot;
              &gt;
                &lt;span
                  class=&quot;score-label&quot;
                &gt;
                  Taban Puan:
                &lt;/span&gt;
                &lt;span
                  class=&quot;score-value&quot;
                &gt;
                  N/A
                &lt;/span&gt;
              &lt;/div&gt;
              &lt;div
                class=&quot;score-item&quot;
              &gt;
                &lt;span
                  class=&quot;score-label&quot;
                &gt;
                  Tavan Puan:
                &lt;/span&gt;
                &lt;span
                  class=&quot;score-value&quot;
                &gt;
                  N/A
                &lt;/span&gt;
              &lt;/div&gt;
              &lt;div
                class=&quot;score-item&quot;
              &gt;
                &lt;span
                  class=&quot;score-label&quot;
                &gt;
                  Ortalama:
                &lt;/span&gt;
                &lt;span
                  class=&quot;score-value&quot;
                &gt;
                  N/A
                &lt;/span&gt;
              &lt;/div&gt;
            &lt;/div&gt;
            &lt;div
              class=&quot;program-quota&quot;
            &gt;
              &lt;div
                class=&quot;quota-item&quot;
              &gt;
                &lt;span
                  class=&quot;quota-label&quot;
                &gt;
                  Kontenjan:
                &lt;/span&gt;
                &lt;span
                  class=&quot;quota-value&quot;
                &gt;
                  N/A
                &lt;/span&gt;
              &lt;/div&gt;
              &lt;div
                class=&quot;quota-item&quot;
              &gt;
                &lt;span
                  class=&quot;quota-label&quot;
                &gt;
                  Yerleşen:
                &lt;/span&gt;
                &lt;span
                  class=&quot;quota-value&quot;
                &gt;
                  N/A
                &lt;/span&gt;
              &lt;/div&gt;
            &lt;/div&gt;
          &lt;/div&gt;
          &lt;div
            class=&quot;program-card&quot;
          &gt;
            &lt;div
              class=&quot;program-header&quot;
            &gt;
              &lt;h4 /&gt;
            &lt;/div&gt;
            &lt;div
              class=&quot;program-university&quot;
            &gt;
               - 
              Ankara
            &lt;/div&gt;
            &lt;div
              class=&quot;program-scores&quot;
            &gt;
              &lt;div
                class=&quot;score-item&quot;
              &gt;
                &lt;span
                  class=&quot;score-label&quot;
                &gt;
                  Taban Puan:
                &lt;/span&gt;
                &lt;span
                  class=&quot;score-value&quot;
                &gt;
                  N/A
                &lt;/span&gt;
              &lt;/div&gt;
              &lt;div
                class=&quot;score-item&quot;
              &gt;
                &lt;span
                  class=&quot;score-label&quot;
                &gt;
                  Tavan Puan:
                &lt;/span&gt;
                &lt;span
                  class=&quot;score-value&quot;
                &gt;
                  N/A
                &lt;/span&gt;
              &lt;/div&gt;
              &lt;div
                class=&quot;score-item&quot;
              &gt;
                &lt;span
                  class=&quot;score-label&quot;
                &gt;
                  Ortalama:
                &lt;/span&gt;
                &lt;span
                  class=&quot;score-value&quot;
                &gt;
                  N/A
                &lt;/span&gt;
              &lt;/div&gt;
            &lt;/div&gt;
            &lt;div
              class=&quot;program-quota&quot;
            &gt;
              &lt;div
                class=&quot;quota-item&quot;
              &gt;
                &lt;span
                  class=&quot;quota-label&quot;
                &gt;
                  Kontenjan:
                &lt;/span&gt;
                &lt;span
                  class=&quot;quota-value&quot;
                &gt;
                  N/A
                &lt;/span&gt;
              &lt;/div&gt;
              &lt;div
                class=&quot;quota-item&quot;
              &gt;
                &lt;span
                  class=&quot;quota-label&quot;
                &gt;
                  Yerleşen:
                &lt;/span&gt;
                &lt;span
                  class=&quot;quota-value&quot;
                &gt;
                  N/A
                &lt;/span&gt;
              &lt;/div&gt;
            &lt;/div&gt;
          &lt;/div&gt;
          &lt;div
            class=&quot;program-card&quot;
          &gt;
            &lt;div
              class=&quot;program-header&quot;
            &gt;
              &lt;h4 /&gt;
              &lt;span
                class=&quot;scholarship-badge&quot;
              &gt;
                Burslu
              &lt;/span&gt;
            &lt;/div&gt;
            &lt;div
              class=&quot;program-university&quot;
            &gt;
               - 
              Ankara
            &lt;/div&gt;
            &lt;div
              class=&quot;program-scores&quot;
            &gt;
              &lt;div
                class=&quot;score-item&quot;
              &gt;
                &lt;span
                  class=&quot;score-label&quot;
                &gt;
                  Taban Puan:
                &lt;/span&gt;
                &lt;span
                  class=&quot;score-value&quot;
                &gt;
                  N/A
                &lt;/span&gt;
              &lt;/div&gt;
              &lt;div
                class=&quot;score-item&quot;
              &gt;
                &lt;span
                  class=&quot;score-label&quot;
                &gt;
                  Tavan Puan:
                &lt;/span&gt;
                &lt;span
                  class=&quot;score-value&quot;
                &gt;
                  N/A
                &lt;/span&gt;
              &lt;/div&gt;
              &lt;div
                class=&quot;score-item&quot;
              &gt;
                &lt;span
                  class=&quot;score-label&quot;
                &gt;
                  Ortalama:
                &lt;/span&gt;
                &lt;span
                  class=&quot;score-value&quot;
                &gt;
                  N/A
                &lt;/span&gt;
              &lt;/div&gt;
            &lt;/div&gt;
            &lt;div
              class=&quot;program-quota&quot;
            &gt;
              &lt;div
                class=&quot;quota-item&quot;
              &gt;
                &lt;span
                  class=&quot;quota-label&quot;
                &gt;
                  Kontenjan:
                &lt;/span&gt;
                &lt;span
                  class=&quot;quota-value&quot;
                &gt;
                  N/A
                &lt;/span&gt;
              &lt;/div&gt;
              &lt;div
                class=&quot;quota-item&quot;
              &gt;
                &lt;span
                  class=&quot;quota-label&quot;
                &gt;
                  Yerleşen:
                &lt;/span&gt;
                &lt;span
                  class=&quot;quota-value&quot;
                &gt;
                  N/A
                &lt;/span&gt;
              &lt;/div&gt;
            &lt;/div&gt;
          &lt;/div&gt;
        &lt;/div&gt;
      &lt;/div&gt;
    &lt;/div&gt;
  &lt;/div&gt;
&lt;/body&gt;

Ignored nodes: comments, script, style
&lt;html&gt;
  &lt;head /&gt;
  &lt;body&gt;
    &lt;div&gt;
      &lt;div
        class=&quot;program-search&quot;
      &gt;
        &lt;div
          class=&quot;search-header&quot;
        &gt;
          &lt;h2&gt;
            Üniversite Programları Arama
          &lt;/h2&gt;
        &lt;/div&gt;
        &lt;div
          class=&quot;search-filters&quot;
        &gt;
          &lt;div
            class=&quot;filter-row&quot;
          &gt;
            &lt;div
              class=&quot;filter-group&quot;
            &gt;
              &lt;label
                for=&quot;year&quot;
              &gt;
                Yıl
              &lt;/label&gt;
              &lt;select
                id=&quot;year&quot;
              &gt;
                &lt;option
                  value=&quot;2024&quot;
                &gt;
                  2024
                &lt;/option&gt;
                &lt;option
                  value=&quot;2023&quot;
                &gt;
                  2023
                &lt;/option&gt;
                &lt;option
                  value=&quot;2022&quot;
                &gt;
                  2022
                &lt;/option&gt;
              &lt;/select&gt;
            &lt;/div&gt;
            &lt;div
              class=&quot;filter-group&quot;
            &gt;
              &lt;label
                for=&quot;scoreType&quot;
              &gt;
                Puan Türü
              &lt;/label&gt;
              &lt;select
                id=&quot;scoreType&quot;
              &gt;
                &lt;option
                  value=&quot;SAY&quot;
                &gt;
                  SAY (Sayısal)
                &lt;/option&gt;
                &lt;option
                  value=&quot;EA&quot;
                &gt;
                  EA (Eşit Ağırlık)
                &lt;/option&gt;
                &lt;option
                  value=&quot;SOZ&quot;
                &gt;
                  SÖZ (Sözel)
                &lt;/option&gt;
                &lt;option
                  value=&quot;DIL&quot;
                &gt;
                  DİL (Dil)
                &lt;/option&gt;
              &lt;/select&gt;
            &lt;/div&gt;
            &lt;div
              class=&quot;filter-group&quot;
            &gt;
              &lt;label
                for=&quot;minScore&quot;
              &gt;
                Min. Taban Puan
              &lt;/label&gt;
              &lt;input
                id=&quot;minScore&quot;
                placeholder=&quot;Örn: 300&quot;
                step=&quot;0.01&quot;
                type=&quot;number&quot;
                value=&quot;&quot;
              /&gt;
            &lt;/div&gt;
            &lt;div
              class=&quot;filter-group&quot;
            &gt;
              &lt;label
                for=&quot;maxScore&quot;
              &gt;
                Max. Taban Puan
              &lt;/label&gt;
              &lt;input
                id=&quot;maxScore&quot;
                placeholder=&quot;Örn: 500&quot;
                step=&quot;0.01&quot;
                type=&quot;number&quot;
                value=&quot;&quot;
              /&gt;
            &lt;/div&gt;
          &lt;/div&gt;
          &lt;div
            class=&quot;filter-row&quot;
          &gt;
            &lt;div
              class=&quot;filter-group&quot;
            &gt;
              &lt;label
                for=&quot;city&quot;
              &gt;
                Şehir
              &lt;/label&gt;
              &lt;select
                id=&quot;city&quot;
              &gt;
                &lt;option
                  value=&quot;&quot;
                &gt;
                  Tümü
                &lt;/option&gt;
                &lt;option
                  value=&quot;İstanbul&quot;
                &gt;
                  İstanbul
                &lt;/option&gt;
                &lt;option
                  value=&quot;Ankara&quot;
                &gt;
                  Ankara
                &lt;/option&gt;
                &lt;option
                  value=&quot;İzmir&quot;
                &gt;
                  İzmir
                &lt;/option&gt;
                &lt;option
                  value=&quot;Bursa&quot;
                &gt;
                  Bursa
                &lt;/option&gt;
              &lt;/select&gt;
            &lt;/div&gt;
            &lt;div
              class=&quot;filter-group&quot;
            &gt;
              &lt;label
                for=&quot;universityType&quot;
              &gt;
                Üniversite Türü
              &lt;/label&gt;
              &lt;select
                id=&quot;universityType&quot;
              &gt;
                &lt;option
                  value=&quot;&quot;
                &gt;
                  Tümü
                &lt;/option&gt;
                &lt;option
                  value=&quot;devlet&quot;
                &gt;
                  Devlet
                &lt;/option&gt;
                &lt;option
                  value=&quot;vakif&quot;
                &gt;
                  Vakıf
                &lt;/option&gt;
              &lt;/select&gt;
            &lt;/div&gt;
            &lt;div
              class=&quot;filter-group&quot;
            &gt;
              &lt;label
                for=&quot;departmentName&quot;
              &gt;
                Bölüm Adı
              &lt;/label&gt;
              &lt;input
                id=&quot;departmentName&quot;
                placeholder=&quot;Örn: Bilgisayar&quot;
                type=&quot;text&quot;
                value=&quot;&quot;
              /&gt;
            &lt;/div&gt;
            &lt;div
              class=&quot;filter-group&quot;
            &gt;
              &lt;label
                for=&quot;scholarship&quot;
              &gt;
                Burs
              &lt;/label&gt;
              &lt;select
                id=&quot;scholarship&quot;
              &gt;
                &lt;option
                  value=&quot;&quot;
                &gt;
                  Tümü
                &lt;/option&gt;
                &lt;option
                  value=&quot;true&quot;
                &gt;
                  Burslu
                &lt;/option&gt;
                &lt;option
                  value=&quot;false&quot;
                &gt;
                  Burssuz
                &lt;/option&gt;
              &lt;/select&gt;
            &lt;/div&gt;
          &lt;/div&gt;
          &lt;div
            class=&quot;filter-actions&quot;
          &gt;
            &lt;button
              class=&quot;btn-primary&quot;
            &gt;
              Ara
            &lt;/button&gt;
            &lt;button
              class=&quot;btn-secondary&quot;
            &gt;
              Filtreleri Temizle
            &lt;/button&gt;
          &lt;/div&gt;
        &lt;/div&gt;
        &lt;div
          class=&quot;search-results&quot;
        &gt;
          &lt;div
            class=&quot;results-header&quot;
          &gt;
            &lt;h3&gt;
              3
               Program Bulundu
            &lt;/h3&gt;
          &lt;/div&gt;
          &lt;div
            class=&quot;programs-list&quot;
          &gt;
            &lt;div
              class=&quot;program-card&quot;
            &gt;
              &lt;div
                class=&quot;program-header&quot;
              &gt;
                &lt;h4 /&gt;
              &lt;/div&gt;
              &lt;div
                class=&quot;program-university&quot;
              &gt;
                 - 
                İstanbul
              &lt;/div&gt;
              &lt;div
                class=&quot;program-scores&quot;
              &gt;
                &lt;div
                  class=&quot;score-item&quot;
                &gt;
                  &lt;span
                    class=&quot;score-label&quot;
                  &gt;
                    Taban Puan:
                  &lt;/span&gt;
                  &lt;span
                    class=&quot;score-value&quot;
                  &gt;
                    N/A
                  &lt;/span&gt;
                &lt;/div&gt;
                &lt;div
                  class=&quot;score-item&quot;
                &gt;
                  &lt;span
                    class=&quot;score-label&quot;
                  &gt;
                    Tavan Puan:
                  &lt;/span&gt;
                  &lt;span
                    class=&quot;score-value&quot;
                  &gt;
                    N/A
                  &lt;/span&gt;
                &lt;/div&gt;
                &lt;div
                  class=&quot;score-item&quot;
                &gt;
                  &lt;span
                    class=&quot;score-label&quot;
                  &gt;
                    Ortalama:
                  &lt;/span&gt;
                  &lt;span
                    class=&quot;score-value&quot;
                  &gt;
                    N/A
                  &lt;/span&gt;
                &lt;/div&gt;
              &lt;/div&gt;
              &lt;div
                class=&quot;program-quota&quot;
              &gt;
                &lt;div
                  class=&quot;quota-item&quot;
                &gt;
                  &lt;span
                    class=&quot;quota-label&quot;
                  &gt;
                    Kontenjan:
                  &lt;/span&gt;
                  &lt;span
                    class=&quot;quota-value&quot;
                  &gt;
                    N/A
                  &lt;/span&gt;
                &lt;/div&gt;
                &lt;div
                  class=&quot;quota-item&quot;
                &gt;
                  &lt;span
                    class=&quot;quota-label&quot;
                  &gt;
                    Yerleşen:
                  &lt;/span&gt;
                  &lt;span
                    class=&quot;quota-value&quot;
                  &gt;
                    N/A
                  &lt;/span&gt;
                &lt;/div&gt;
              &lt;/div&gt;
            &lt;/div&gt;
            &lt;div
              class=&quot;program-card&quot;
            &gt;
              &lt;div
                class=&quot;program-header&quot;
              &gt;
                &lt;h4 /&gt;
              &lt;/div&gt;
              &lt;div
                class=&quot;program-university&quot;
              &gt;
                 - 
                Ankara
              &lt;/div&gt;
              &lt;div
                class=&quot;program-scores&quot;
              &gt;
                &lt;div
                  class=&quot;score-item&quot;
                &gt;
                  &lt;span
                    class=&quot;score-label&quot;
                  &gt;
                    Taban Puan:
                  &lt;/span&gt;
                  &lt;span
                    class=&quot;score-value&quot;
                  &gt;
                    N/A
                  &lt;/span&gt;
                &lt;/div&gt;
                &lt;div
                  class=&quot;score-item&quot;
                &gt;
                  &lt;span
                    class=&quot;score-label&quot;
                  &gt;
                    Tavan Puan:
                  &lt;/span&gt;
                  &lt;span
                    class=&quot;score-value&quot;
                  &gt;
                    N/A
                  &lt;/span&gt;
                &lt;/div&gt;
                &lt;div
                  class=&quot;score-item&quot;
                &gt;
                  &lt;span
                    class=&quot;score-label&quot;
                  &gt;
                    Ortalama:
                  &lt;/span&gt;
                  &lt;span
                    class=&quot;score-value&quot;
                  &gt;
                    N/A
                  &lt;/span&gt;
                &lt;/div&gt;
              &lt;/div&gt;
              &lt;div
                class=&quot;program-quota&quot;
              &gt;
                &lt;div
                  class=&quot;quota-item&quot;
                &gt;
                  &lt;span
                    class=&quot;quota-label&quot;
                  &gt;
                    Kontenjan:
                  &lt;/span&gt;
                  &lt;span
                    class=&quot;quota-value&quot;
                  &gt;
                    N/A
                  &lt;/span&gt;
                &lt;/div&gt;
                &lt;div
                  class=&quot;quota-item&quot;
                &gt;
                  &lt;span
                    class=&quot;quota-label&quot;
                  &gt;
                    Yerleşen:
                  &lt;/span&gt;
                  &lt;span
                    class=&quot;quota-value&quot;
                  &gt;
                    N/A
                  &lt;/span&gt;
                &lt;/div&gt;
              &lt;/div&gt;
            &lt;/div&gt;
            &lt;div
              class=&quot;program-card&quot;
            &gt;
              &lt;div
                class=&quot;program-header&quot;
              &gt;
                &lt;h4 /&gt;
                &lt;span
                  class=&quot;scholarship-badge&quot;
                &gt;
                  Burslu
                &lt;/span&gt;
              &lt;/div&gt;
              &lt;div
                class=&quot;program-university&quot;
              &gt;
                 - 
                Ankara
              &lt;/div&gt;
              &lt;div
                class=&quot;program-scores&quot;
              &gt;
                &lt;div
                  class=&quot;score-item&quot;
                &gt;
                  &lt;span
                    class=&quot;score-label&quot;
                  &gt;
                    Taban Puan:
                  &lt;/span&gt;
                  &lt;span
                    class=&quot;score-value&quot;
                  &gt;
                    N/A
                  &lt;/span&gt;
                &lt;/div&gt;
                &lt;div
                  class=&quot;score-item&quot;
                &gt;
                  &lt;span
                    class=&quot;score-label&quot;
                  &gt;
                    Tavan Puan:
                  &lt;/span&gt;
                  &lt;span
                    class=&quot;score-value&quot;
                  &gt;
                    N/A
                  &lt;/span&gt;
                &lt;/div&gt;
                &lt;div
                  class=&quot;score-item&quot;
                &gt;
                  &lt;span
                    class=&quot;score-label&quot;
                  &gt;
                    Ortalama:
                  &lt;/span&gt;
                  &lt;span
                    class=&quot;score-value&quot;
                  &gt;
                    N/A
                  &lt;/span&gt;
                &lt;/div&gt;
              &lt;/div&gt;
              &lt;div
                class=&quot;program-quota&quot;
              &gt;
                &lt;div
                  class=&quot;quota-item&quot;
                &gt;
                  &lt;span
                    class=&quot;quota-label&quot;
                  &gt;
                    Kontenjan:
                  &lt;/span&gt;
                  &lt;span
                    class=&quot;quota-value&quot;
                  &gt;
                    N/A
                  &lt;/span&gt;
                &lt;/div&gt;
                &lt;div
                  class=&quot;quota-item&quot;
                &gt;
                  &lt;span
                    class=&quot;quota-label&quot;
                  &gt;
                    Yerleşen:
                  &lt;/span&gt;
                  &lt;span
                    class=&quot;quota-value&quot;
                  &gt;
                    N/A
                  &lt;/span&gt;
                &lt;/div&gt;
              &lt;/div&gt;
            &lt;/div&gt;
          &lt;/div&gt;
        &lt;/div&gt;
      &lt;/div&gt;
    &lt;/div&gt;
  &lt;/body&gt;
&lt;/html&gt;
 ❯ waitForWrapper node_modules/@testing-library/react/node_modules/@testing-library/dom/dist/wait-for.js:163:27
 ❯ src/components/UniversityAdvisory/__tests__/ProgramSearch.test.tsx:165:11
            </failure>
        </testcase>
        <testcase classname="src/components/UniversityAdvisory/__tests__/ProgramSearch.test.tsx" name="ProgramSearch - Data Loading &gt; handles API errors gracefully" time="0.0344213">
        </testcase>
        <testcase classname="src/components/UniversityAdvisory/__tests__/ProgramSearch.test.tsx" name="ProgramSearch - Filters &gt; has default year 2024" time="0.0343483">
        </testcase>
        <testcase classname="src/components/UniversityAdvisory/__tests__/ProgramSearch.test.tsx" name="ProgramSearch - Filters &gt; has default score type SAY" time="0.0277001">
        </testcase>
        <testcase classname="src/components/UniversityAdvisory/__tests__/ProgramSearch.test.tsx" name="ProgramSearch - Filters &gt; changes year filter" time="0.0511646">
        </testcase>
        <testcase classname="src/components/UniversityAdvisory/__tests__/ProgramSearch.test.tsx" name="ProgramSearch - Filters &gt; changes score type filter" time="0.0465616">
        </testcase>
        <testcase classname="src/components/UniversityAdvisory/__tests__/ProgramSearch.test.tsx" name="ProgramSearch - Filters &gt; sets min score" time="0.0417368">
        </testcase>
        <testcase classname="src/components/UniversityAdvisory/__tests__/ProgramSearch.test.tsx" name="ProgramSearch - Filters &gt; sets max score" time="0.0499451">
        </testcase>
        <testcase classname="src/components/UniversityAdvisory/__tests__/ProgramSearch.test.tsx" name="ProgramSearch - Filters &gt; selects city" time="0.1338347">
        </testcase>
        <testcase classname="src/components/UniversityAdvisory/__tests__/ProgramSearch.test.tsx" name="ProgramSearch - Filters &gt; selects university type" time="0.0453261">
        </testcase>
        <testcase classname="src/components/UniversityAdvisory/__tests__/ProgramSearch.test.tsx" name="ProgramSearch - Filters &gt; enters department name" time="0.0358722">
        </testcase>
        <testcase classname="src/components/UniversityAdvisory/__tests__/ProgramSearch.test.tsx" name="ProgramSearch - Filters &gt; selects scholarship filter" time="0.0342976">
        </testcase>
        <testcase classname="src/components/UniversityAdvisory/__tests__/ProgramSearch.test.tsx" name="ProgramSearch - Search Button &gt; triggers search when clicked" time="0.0605298">
        </testcase>
        <testcase classname="src/components/UniversityAdvisory/__tests__/ProgramSearch.test.tsx" name="ProgramSearch - Search Button &gt; includes filters in search request" time="0.100706">
        </testcase>
        <testcase classname="src/components/UniversityAdvisory/__tests__/ProgramSearch.test.tsx" name="ProgramSearch - Search Button &gt; disables button during search" time="0.0369973">
        </testcase>
        <testcase classname="src/components/UniversityAdvisory/__tests__/ProgramSearch.test.tsx" name="ProgramSearch - Clear Filters &gt; clears all filters" time="0.124902">
        </testcase>
        <testcase classname="src/components/UniversityAdvisory/__tests__/ProgramSearch.test.tsx" name="ProgramSearch - Program Display &gt; displays program name" time="1.0259921">
            <system-err>
Error: Uncaught [Error: Objects are not valid as a React child (found: object with keys {id, programName, universityName, departmentName, city, year, scoreType, baseScore, topScore, medianScore, totalQuota, filledQuota, acceptanceRate, scholarship, tuitionFee}). If you meant to render a collection of children, use an array instead.]
    at reportException (C:\Users\husey\kiro2\frontend\node_modules\jsdom\lib\jsdom\living\helpers\runtime-script-errors.js:66:24)
    at innerInvokeEventListeners (C:\Users\husey\kiro2\frontend\node_modules\jsdom\lib\jsdom\living\events\EventTarget-impl.js:353:9)
    at invokeEventListeners (C:\Users\husey\kiro2\frontend\node_modules\jsdom\lib\jsdom\living\events\EventTarget-impl.js:286:3)
    at HTMLUnknownElementImpl._dispatch (C:\Users\husey\kiro2\frontend\node_modules\jsdom\lib\jsdom\living\events\EventTarget-impl.js:233:9)
    at HTMLUnknownElementImpl.dispatchEvent (C:\Users\husey\kiro2\frontend\node_modules\jsdom\lib\jsdom\living\events\EventTarget-impl.js:104:17)
    at HTMLUnknownElement.dispatchEvent (C:\Users\husey\kiro2\frontend\node_modules\jsdom\lib\jsdom\living\generated\EventTarget.js:241:34)
    at Object.invokeGuardedCallbackDev (C:\Users\husey\kiro2\frontend\node_modules\react-dom\cjs\react-dom.development.js:4213:16)
    at invokeGuardedCallback (C:\Users\husey\kiro2\frontend\node_modules\react-dom\cjs\react-dom.development.js:4277:31)
    at beginWork$1 (C:\Users\husey\kiro2\frontend\node_modules\react-dom\cjs\react-dom.development.js:27490:7)
    at performUnitOfWork (C:\Users\husey\kiro2\frontend\node_modules\react-dom\cjs\react-dom.development.js:26599:12) Error: Objects are not valid as a React child (found: object with keys {id, programName, universityName, departmentName, city, year, scoreType, baseScore, topScore, medianScore, totalQuota, filledQuota, acceptanceRate, scholarship, tuitionFee}). If you meant to render a collection of children, use an array instead.
    at throwOnInvalidObjectType [90m(C:\Users\husey\kiro2\frontend\[39mnode_modules\[4mreact-dom[24m\cjs\react-dom.development.js:13123:9[90m)[39m
    at reconcileChildFibers [90m(C:\Users\husey\kiro2\frontend\[39mnode_modules\[4mreact-dom[24m\cjs\react-dom.development.js:14064:7[90m)[39m
    at reconcileChildren [90m(C:\Users\husey\kiro2\frontend\[39mnode_modules\[4mreact-dom[24m\cjs\react-dom.development.js:19186:28[90m)[39m
    at updateHostComponent [90m(C:\Users\husey\kiro2\frontend\[39mnode_modules\[4mreact-dom[24m\cjs\react-dom.development.js:19953:3[90m)[39m
    at beginWork [90m(C:\Users\husey\kiro2\frontend\[39mnode_modules\[4mreact-dom[24m\cjs\react-dom.development.js:21657:14[90m)[39m
    at HTMLUnknownElement.callCallback [90m(C:\Users\husey\kiro2\frontend\[39mnode_modules\[4mreact-dom[24m\cjs\react-dom.development.js:4164:14[90m)[39m
    at HTMLUnknownElement.callTheUserObjectsOperation [90m(C:\Users\husey\kiro2\frontend\[39mnode_modules\[4mjsdom[24m\lib\jsdom\living\generated\EventListener.js:26:30[90m)[39m
    at innerInvokeEventListeners [90m(C:\Users\husey\kiro2\frontend\[39mnode_modules\[4mjsdom[24m\lib\jsdom\living\events\EventTarget-impl.js:350:25[90m)[39m
    at invokeEventListeners [90m(C:\Users\husey\kiro2\frontend\[39mnode_modules\[4mjsdom[24m\lib\jsdom\living\events\EventTarget-impl.js:286:3[90m)[39m
    at HTMLUnknownElementImpl._dispatch [90m(C:\Users\husey\kiro2\frontend\[39mnode_modules\[4mjsdom[24m\lib\jsdom\living\events\EventTarget-impl.js:233:9[90m)[39m
Error: Uncaught [Error: Objects are not valid as a React child (found: object with keys {id, programName, universityName, departmentName, city, year, scoreType, baseScore, topScore, medianScore, totalQuota, filledQuota, acceptanceRate, scholarship, tuitionFee}). If you meant to render a collection of children, use an array instead.]
    at reportException (C:\Users\husey\kiro2\frontend\node_modules\jsdom\lib\jsdom\living\helpers\runtime-script-errors.js:66:24)
    at innerInvokeEventListeners (C:\Users\husey\kiro2\frontend\node_modules\jsdom\lib\jsdom\living\events\EventTarget-impl.js:353:9)
    at invokeEventListeners (C:\Users\husey\kiro2\frontend\node_modules\jsdom\lib\jsdom\living\events\EventTarget-impl.js:286:3)
    at HTMLUnknownElementImpl._dispatch (C:\Users\husey\kiro2\frontend\node_modules\jsdom\lib\jsdom\living\events\EventTarget-impl.js:233:9)
    at HTMLUnknownElementImpl.dispatchEvent (C:\Users\husey\kiro2\frontend\node_modules\jsdom\lib\jsdom\living\events\EventTarget-impl.js:104:17)
    at HTMLUnknownElement.dispatchEvent (C:\Users\husey\kiro2\frontend\node_modules\jsdom\lib\jsdom\living\generated\EventTarget.js:241:34)
    at Object.invokeGuardedCallbackDev (C:\Users\husey\kiro2\frontend\node_modules\react-dom\cjs\react-dom.development.js:4213:16)
    at invokeGuardedCallback (C:\Users\husey\kiro2\frontend\node_modules\react-dom\cjs\react-dom.development.js:4277:31)
    at beginWork$1 (C:\Users\husey\kiro2\frontend\node_modules\react-dom\cjs\react-dom.development.js:27490:7)
    at performUnitOfWork (C:\Users\husey\kiro2\frontend\node_modules\react-dom\cjs\react-dom.development.js:26599:12) Error: Objects are not valid as a React child (found: object with keys {id, programName, universityName, departmentName, city, year, scoreType, baseScore, topScore, medianScore, totalQuota, filledQuota, acceptanceRate, scholarship, tuitionFee}). If you meant to render a collection of children, use an array instead.
    at throwOnInvalidObjectType [90m(C:\Users\husey\kiro2\frontend\[39mnode_modules\[4mreact-dom[24m\cjs\react-dom.development.js:13123:9[90m)[39m
    at reconcileChildFibers [90m(C:\Users\husey\kiro2\frontend\[39mnode_modules\[4mreact-dom[24m\cjs\react-dom.development.js:14064:7[90m)[39m
    at reconcileChildren [90m(C:\Users\husey\kiro2\frontend\[39mnode_modules\[4mreact-dom[24m\cjs\react-dom.development.js:19186:28[90m)[39m
    at updateHostComponent [90m(C:\Users\husey\kiro2\frontend\[39mnode_modules\[4mreact-dom[24m\cjs\react-dom.development.js:19953:3[90m)[39m
    at beginWork [90m(C:\Users\husey\kiro2\frontend\[39mnode_modules\[4mreact-dom[24m\cjs\react-dom.development.js:21657:14[90m)[39m
    at HTMLUnknownElement.callCallback [90m(C:\Users\husey\kiro2\frontend\[39mnode_modules\[4mreact-dom[24m\cjs\react-dom.development.js:4164:14[90m)[39m
    at HTMLUnknownElement.callTheUserObjectsOperation [90m(C:\Users\husey\kiro2\frontend\[39mnode_modules\[4mjsdom[24m\lib\jsdom\living\generated\EventListener.js:26:30[90m)[39m
    at innerInvokeEventListeners [90m(C:\Users\husey\kiro2\frontend\[39mnode_modules\[4mjsdom[24m\lib\jsdom\living\events\EventTarget-impl.js:350:25[90m)[39m
    at invokeEventListeners [90m(C:\Users\husey\kiro2\frontend\[39mnode_modules\[4mjsdom[24m\lib\jsdom\living\events\EventTarget-impl.js:286:3[90m)[39m
    at HTMLUnknownElementImpl._dispatch [90m(C:\Users\husey\kiro2\frontend\[39mnode_modules\[4mjsdom[24m\lib\jsdom\living\events\EventTarget-impl.js:233:9[90m)[39m
Error: Uncaught [Error: Objects are not valid as a React child (found: object with keys {id, programName, universityName, departmentName, city, year, scoreType, baseScore, topScore, medianScore, totalQuota, filledQuota, acceptanceRate, scholarship, tuitionFee}). If you meant to render a collection of children, use an array instead.]
    at reportException (C:\Users\husey\kiro2\frontend\node_modules\jsdom\lib\jsdom\living\helpers\runtime-script-errors.js:66:24)
    at innerInvokeEventListeners (C:\Users\husey\kiro2\frontend\node_modules\jsdom\lib\jsdom\living\events\EventTarget-impl.js:353:9)
    at invokeEventListeners (C:\Users\husey\kiro2\frontend\node_modules\jsdom\lib\jsdom\living\events\EventTarget-impl.js:286:3)
    at HTMLUnknownElementImpl._dispatch (C:\Users\husey\kiro2\frontend\node_modules\jsdom\lib\jsdom\living\events\EventTarget-impl.js:233:9)
    at HTMLUnknownElementImpl.dispatchEvent (C:\Users\husey\kiro2\frontend\node_modules\jsdom\lib\jsdom\living\events\EventTarget-impl.js:104:17)
    at HTMLUnknownElement.dispatchEvent (C:\Users\husey\kiro2\frontend\node_modules\jsdom\lib\jsdom\living\generated\EventTarget.js:241:34)
    at Object.invokeGuardedCallbackDev (C:\Users\husey\kiro2\frontend\node_modules\react-dom\cjs\react-dom.development.js:4213:16)
    at invokeGuardedCallback (C:\Users\husey\kiro2\frontend\node_modules\react-dom\cjs\react-dom.development.js:4277:31)
    at beginWork$1 (C:\Users\husey\kiro2\frontend\node_modules\react-dom\cjs\react-dom.development.js:27490:7)
    at performUnitOfWork (C:\Users\husey\kiro2\frontend\node_modules\react-dom\cjs\react-dom.development.js:26599:12) Error: Objects are not valid as a React child (found: object with keys {id, programName, universityName, departmentName, city, year, scoreType, baseScore, topScore, medianScore, totalQuota, filledQuota, acceptanceRate, scholarship, tuitionFee}). If you meant to render a collection of children, use an array instead.
    at throwOnInvalidObjectType [90m(C:\Users\husey\kiro2\frontend\[39mnode_modules\[4mreact-dom[24m\cjs\react-dom.development.js:13123:9[90m)[39m
    at reconcileChildFibers [90m(C:\Users\husey\kiro2\frontend\[39mnode_modules\[4mreact-dom[24m\cjs\react-dom.development.js:14064:7[90m)[39m
    at reconcileChildren [90m(C:\Users\husey\kiro2\frontend\[39mnode_modules\[4mreact-dom[24m\cjs\react-dom.development.js:19186:28[90m)[39m
    at updateHostComponent [90m(C:\Users\husey\kiro2\frontend\[39mnode_modules\[4mreact-dom[24m\cjs\react-dom.development.js:19953:3[90m)[39m
    at beginWork [90m(C:\Users\husey\kiro2\frontend\[39mnode_modules\[4mreact-dom[24m\cjs\react-dom.development.js:21657:14[90m)[39m
    at HTMLUnknownElement.callCallback [90m(C:\Users\husey\kiro2\frontend\[39mnode_modules\[4mreact-dom[24m\cjs\react-dom.development.js:4164:14[90m)[39m
    at HTMLUnknownElement.callTheUserObjectsOperation [90m(C:\Users\husey\kiro2\frontend\[39mnode_modules\[4mjsdom[24m\lib\jsdom\living\generated\EventListener.js:26:30[90m)[39m
    at innerInvokeEventListeners [90m(C:\Users\husey\kiro2\frontend\[39mnode_modules\[4mjsdom[24m\lib\jsdom\living\events\EventTarget-impl.js:350:25[90m)[39m
    at invokeEventListeners [90m(C:\Users\husey\kiro2\frontend\[39mnode_modules\[4mjsdom[24m\lib\jsdom\living\events\EventTarget-impl.js:286:3[90m)[39m
    at HTMLUnknownElementImpl._dispatch [90m(C:\Users\husey\kiro2\frontend\[39mnode_modules\[4mjsdom[24m\lib\jsdom\living\events\EventTarget-impl.js:233:9[90m)[39m
Error: Uncaught [Error: Objects are not valid as a React child (found: object with keys {id, programName, universityName, departmentName, city, year, scoreType, baseScore, topScore, medianScore, totalQuota, filledQuota, acceptanceRate, scholarship, tuitionFee}). If you meant to render a collection of children, use an array instead.]
    at reportException (C:\Users\husey\kiro2\frontend\node_modules\jsdom\lib\jsdom\living\helpers\runtime-script-errors.js:66:24)
    at innerInvokeEventListeners (C:\Users\husey\kiro2\frontend\node_modules\jsdom\lib\jsdom\living\events\EventTarget-impl.js:353:9)
    at invokeEventListeners (C:\Users\husey\kiro2\frontend\node_modules\jsdom\lib\jsdom\living\events\EventTarget-impl.js:286:3)
    at HTMLUnknownElementImpl._dispatch (C:\Users\husey\kiro2\frontend\node_modules\jsdom\lib\jsdom\living\events\EventTarget-impl.js:233:9)
    at HTMLUnknownElementImpl.dispatchEvent (C:\Users\husey\kiro2\frontend\node_modules\jsdom\lib\jsdom\living\events\EventTarget-impl.js:104:17)
    at HTMLUnknownElement.dispatchEvent (C:\Users\husey\kiro2\frontend\node_modules\jsdom\lib\jsdom\living\generated\EventTarget.js:241:34)
    at Object.invokeGuardedCallbackDev (C:\Users\husey\kiro2\frontend\node_modules\react-dom\cjs\react-dom.development.js:4213:16)
    at invokeGuardedCallback (C:\Users\husey\kiro2\frontend\node_modules\react-dom\cjs\react-dom.development.js:4277:31)
    at beginWork$1 (C:\Users\husey\kiro2\frontend\node_modules\react-dom\cjs\react-dom.development.js:27490:7)
    at performUnitOfWork (C:\Users\husey\kiro2\frontend\node_modules\react-dom\cjs\react-dom.development.js:26599:12) Error: Objects are not valid as a React child (found: object with keys {id, programName, universityName, departmentName, city, year, scoreType, baseScore, topScore, medianScore, totalQuota, filledQuota, acceptanceRate, scholarship, tuitionFee}). If you meant to render a collection of children, use an array instead.
    at throwOnInvalidObjectType [90m(C:\Users\husey\kiro2\frontend\[39mnode_modules\[4mreact-dom[24m\cjs\react-dom.development.js:13123:9[90m)[39m
    at reconcileChildFibers [90m(C:\Users\husey\kiro2\frontend\[39mnode_modules\[4mreact-dom[24m\cjs\react-dom.development.js:14064:7[90m)[39m
    at reconcileChildren [90m(C:\Users\husey\kiro2\frontend\[39mnode_modules\[4mreact-dom[24m\cjs\react-dom.development.js:19186:28[90m)[39m
    at updateHostComponent [90m(C:\Users\husey\kiro2\frontend\[39mnode_modules\[4mreact-dom[24m\cjs\react-dom.development.js:19953:3[90m)[39m
    at beginWork [90m(C:\Users\husey\kiro2\frontend\[39mnode_modules\[4mreact-dom[24m\cjs\react-dom.development.js:21657:14[90m)[39m
    at HTMLUnknownElement.callCallback [90m(C:\Users\husey\kiro2\frontend\[39mnode_modules\[4mreact-dom[24m\cjs\react-dom.development.js:4164:14[90m)[39m
    at HTMLUnknownElement.callTheUserObjectsOperation [90m(C:\Users\husey\kiro2\frontend\[39mnode_modules\[4mjsdom[24m\lib\jsdom\living\generated\EventListener.js:26:30[90m)[39m
    at innerInvokeEventListeners [90m(C:\Users\husey\kiro2\frontend\[39mnode_modules\[4mjsdom[24m\lib\jsdom\living\events\EventTarget-impl.js:350:25[90m)[39m
    at invokeEventListeners [90m(C:\Users\husey\kiro2\frontend\[39mnode_modules\[4mjsdom[24m\lib\jsdom\living\events\EventTarget-impl.js:286:3[90m)[39m
    at HTMLUnknownElementImpl._dispatch [90m(C:\Users\husey\kiro2\frontend\[39mnode_modules\[4mjsdom[24m\lib\jsdom\living\events\EventTarget-impl.js:233:9[90m)[39m
Error: Uncaught [Error: Objects are not valid as a React child (found: object with keys {id, programName, universityName, departmentName, city, year, scoreType, baseScore, topScore, medianScore, totalQuota, filledQuota, acceptanceRate, scholarship, tuitionFee}). If you meant to render a collection of children, use an array instead.]
    at reportException (C:\Users\husey\kiro2\frontend\node_modules\jsdom\lib\jsdom\living\helpers\runtime-script-errors.js:66:24)
    at innerInvokeEventListeners (C:\Users\husey\kiro2\frontend\node_modules\jsdom\lib\jsdom\living\events\EventTarget-impl.js:353:9)
    at invokeEventListeners (C:\Users\husey\kiro2\frontend\node_modules\jsdom\lib\jsdom\living\events\EventTarget-impl.js:286:3)
    at HTMLUnknownElementImpl._dispatch (C:\Users\husey\kiro2\frontend\node_modules\jsdom\lib\jsdom\living\events\EventTarget-impl.js:233:9)
    at HTMLUnknownElementImpl.dispatchEvent (C:\Users\husey\kiro2\frontend\node_modules\jsdom\lib\jsdom\living\events\EventTarget-impl.js:104:17)
    at HTMLUnknownElement.dispatchEvent (C:\Users\husey\kiro2\frontend\node_modules\jsdom\lib\jsdom\living\generated\EventTarget.js:241:34)
    at Object.invokeGuardedCallbackDev (C:\Users\husey\kiro2\frontend\node_modules\react-dom\cjs\react-dom.development.js:4213:16)
    at invokeGuardedCallback (C:\Users\husey\kiro2\frontend\node_modules\react-dom\cjs\react-dom.development.js:4277:31)
    at beginWork$1 (C:\Users\husey\kiro2\frontend\node_modules\react-dom\cjs\react-dom.development.js:27490:7)
    at performUnitOfWork (C:\Users\husey\kiro2\frontend\node_modules\react-dom\cjs\react-dom.development.js:26599:12) Error: Objects are not valid as a React child (found: object with keys {id, programName, universityName, departmentName, city, year, scoreType, baseScore, topScore, medianScore, totalQuota, filledQuota, acceptanceRate, scholarship, tuitionFee}). If you meant to render a collection of children, use an array instead.
    at throwOnInvalidObjectType [90m(C:\Users\husey\kiro2\frontend\[39mnode_modules\[4mreact-dom[24m\cjs\react-dom.development.js:13123:9[90m)[39m
    at reconcileChildFibers [90m(C:\Users\husey\kiro2\frontend\[39mnode_modules\[4mreact-dom[24m\cjs\react-dom.development.js:14064:7[90m)[39m
    at reconcileChildren [90m(C:\Users\husey\kiro2\frontend\[39mnode_modules\[4mreact-dom[24m\cjs\react-dom.development.js:19186:28[90m)[39m
    at updateHostComponent [90m(C:\Users\husey\kiro2\frontend\[39mnode_modules\[4mreact-dom[24m\cjs\react-dom.development.js:19953:3[90m)[39m
    at beginWork [90m(C:\Users\husey\kiro2\frontend\[39mnode_modules\[4mreact-dom[24m\cjs\react-dom.development.js:21657:14[90m)[39m
    at HTMLUnknownElement.callCallback [90m(C:\Users\husey\kiro2\frontend\[39mnode_modules\[4mreact-dom[24m\cjs\react-dom.development.js:4164:14[90m)[39m
    at HTMLUnknownElement.callTheUserObjectsOperation [90m(C:\Users\husey\kiro2\frontend\[39mnode_modules\[4mjsdom[24m\lib\jsdom\living\generated\EventListener.js:26:30[90m)[39m
    at innerInvokeEventListeners [90m(C:\Users\husey\kiro2\frontend\[39mnode_modules\[4mjsdom[24m\lib\jsdom\living\events\EventTarget-impl.js:350:25[90m)[39m
    at invokeEventListeners [90m(C:\Users\husey\kiro2\frontend\[39mnode_modules\[4mjsdom[24m\lib\jsdom\living\events\EventTarget-impl.js:286:3[90m)[39m
    at HTMLUnknownElementImpl._dispatch [90m(C:\Users\husey\kiro2\frontend\[39mnode_modules\[4mjsdom[24m\lib\jsdom\living\events\EventTarget-impl.js:233:9[90m)[39m
Error: Uncaught [Error: Objects are not valid as a React child (found: object with keys {id, programName, universityName, departmentName, city, year, scoreType, baseScore, topScore, medianScore, totalQuota, filledQuota, acceptanceRate, scholarship, tuitionFee}). If you meant to render a collection of children, use an array instead.]
    at reportException (C:\Users\husey\kiro2\frontend\node_modules\jsdom\lib\jsdom\living\helpers\runtime-script-errors.js:66:24)
    at innerInvokeEventListeners (C:\Users\husey\kiro2\frontend\node_modules\jsdom\lib\jsdom\living\events\EventTarget-impl.js:353:9)
    at invokeEventListeners (C:\Users\husey\kiro2\frontend\node_modules\jsdom\lib\jsdom\living\events\EventTarget-impl.js:286:3)
    at HTMLUnknownElementImpl._dispatch (C:\Users\husey\kiro2\frontend\node_modules\jsdom\lib\jsdom\living\events\EventTarget-impl.js:233:9)
    at HTMLUnknownElementImpl.dispatchEvent (C:\Users\husey\kiro2\frontend\node_modules\jsdom\lib\jsdom\living\events\EventTarget-impl.js:104:17)
    at HTMLUnknownElement.dispatchEvent (C:\Users\husey\kiro2\frontend\node_modules\jsdom\lib\jsdom\living\generated\EventTarget.js:241:34)
    at Object.invokeGuardedCallbackDev (C:\Users\husey\kiro2\frontend\node_modules\react-dom\cjs\react-dom.development.js:4213:16)
    at invokeGuardedCallback (C:\Users\husey\kiro2\frontend\node_modules\react-dom\cjs\react-dom.development.js:4277:31)
    at beginWork$1 (C:\Users\husey\kiro2\frontend\node_modules\react-dom\cjs\react-dom.development.js:27490:7)
    at performUnitOfWork (C:\Users\husey\kiro2\frontend\node_modules\react-dom\cjs\react-dom.development.js:26599:12) Error: Objects are not valid as a React child (found: object with keys {id, programName, universityName, departmentName, city, year, scoreType, baseScore, topScore, medianScore, totalQuota, filledQuota, acceptanceRate, scholarship, tuitionFee}). If you meant to render a collection of children, use an array instead.
    at throwOnInvalidObjectType [90m(C:\Users\husey\kiro2\frontend\[39mnode_modules\[4mreact-dom[24m\cjs\react-dom.development.js:13123:9[90m)[39m
    at reconcileChildFibers [90m(C:\Users\husey\kiro2\frontend\[39mnode_modules\[4mreact-dom[24m\cjs\react-dom.development.js:14064:7[90m)[39m
    at reconcileChildren [90m(C:\Users\husey\kiro2\frontend\[39mnode_modules\[4mreact-dom[24m\cjs\react-dom.development.js:19186:28[90m)[39m
    at updateHostComponent [90m(C:\Users\husey\kiro2\frontend\[39mnode_modules\[4mreact-dom[24m\cjs\react-dom.development.js:19953:3[90m)[39m
    at beginWork [90m(C:\Users\husey\kiro2\frontend\[39mnode_modules\[4mreact-dom[24m\cjs\react-dom.development.js:21657:14[90m)[39m
    at HTMLUnknownElement.callCallback [90m(C:\Users\husey\kiro2\frontend\[39mnode_modules\[4mreact-dom[24m\cjs\react-dom.development.js:4164:14[90m)[39m
    at HTMLUnknownElement.callTheUserObjectsOperation [90m(C:\Users\husey\kiro2\frontend\[39mnode_modules\[4mjsdom[24m\lib\jsdom\living\generated\EventListener.js:26:30[90m)[39m
    at innerInvokeEventListeners [90m(C:\Users\husey\kiro2\frontend\[39mnode_modules\[4mjsdom[24m\lib\jsdom\living\events\EventTarget-impl.js:350:25[90m)[39m
    at invokeEventListeners [90m(C:\Users\husey\kiro2\frontend\[39mnode_modules\[4mjsdom[24m\lib\jsdom\living\events\EventTarget-impl.js:286:3[90m)[39m
    at HTMLUnknownElementImpl._dispatch [90m(C:\Users\husey\kiro2\frontend\[39mnode_modules\[4mjsdom[24m\lib\jsdom\living\events\EventTarget-impl.js:233:9[90m)[39m

            </system-err>
            <failure message="Unable to find an element with the text: Bilgisayar Mühendisliği. This could be because the text is broken up by multiple elements. In this case, you can provide a function for your text matcher to make your matcher more flexible.

Ignored nodes: comments, script, style
[36m&lt;body&gt;[39m
  [36m&lt;div /&gt;[39m
[36m&lt;/body&gt;[39m

Ignored nodes: comments, script, style
[36m&lt;html&gt;[39m
  [36m&lt;head /&gt;[39m
  [36m&lt;body&gt;[39m
    [36m&lt;div /&gt;[39m
  [36m&lt;/body&gt;[39m
[36m&lt;/html&gt;[39m" type="TestingLibraryElementError">
TestingLibraryElementError: Unable to find an element with the text: Bilgisayar Mühendisliği. This could be because the text is broken up by multiple elements. In this case, you can provide a function for your text matcher to make your matcher more flexible.

Ignored nodes: comments, script, style
&lt;body&gt;
  &lt;div /&gt;
&lt;/body&gt;

Ignored nodes: comments, script, style
&lt;html&gt;
  &lt;head /&gt;
  &lt;body&gt;
    &lt;div /&gt;
  &lt;/body&gt;
&lt;/html&gt;
 ❯ waitForWrapper node_modules/@testing-library/react/node_modules/@testing-library/dom/dist/wait-for.js:163:27
 ❯ src/components/UniversityAdvisory/__tests__/ProgramSearch.test.tsx:383:11
            </failure>
        </testcase>
        <testcase classname="src/components/UniversityAdvisory/__tests__/ProgramSearch.test.tsx" name="ProgramSearch - Program Display &gt; displays university and city" time="1.0193158">
            <system-err>
Error: Uncaught [Error: Objects are not valid as a React child (found: object with keys {id, programName, universityName, departmentName, city, year, scoreType, baseScore, topScore, medianScore, totalQuota, filledQuota, acceptanceRate, scholarship, tuitionFee}). If you meant to render a collection of children, use an array instead.]
    at reportException (C:\Users\husey\kiro2\frontend\node_modules\jsdom\lib\jsdom\living\helpers\runtime-script-errors.js:66:24)
    at innerInvokeEventListeners (C:\Users\husey\kiro2\frontend\node_modules\jsdom\lib\jsdom\living\events\EventTarget-impl.js:353:9)
    at invokeEventListeners (C:\Users\husey\kiro2\frontend\node_modules\jsdom\lib\jsdom\living\events\EventTarget-impl.js:286:3)
    at HTMLUnknownElementImpl._dispatch (C:\Users\husey\kiro2\frontend\node_modules\jsdom\lib\jsdom\living\events\EventTarget-impl.js:233:9)
    at HTMLUnknownElementImpl.dispatchEvent (C:\Users\husey\kiro2\frontend\node_modules\jsdom\lib\jsdom\living\events\EventTarget-impl.js:104:17)
    at HTMLUnknownElement.dispatchEvent (C:\Users\husey\kiro2\frontend\node_modules\jsdom\lib\jsdom\living\generated\EventTarget.js:241:34)
    at Object.invokeGuardedCallbackDev (C:\Users\husey\kiro2\frontend\node_modules\react-dom\cjs\react-dom.development.js:4213:16)
    at invokeGuardedCallback (C:\Users\husey\kiro2\frontend\node_modules\react-dom\cjs\react-dom.development.js:4277:31)
    at beginWork$1 (C:\Users\husey\kiro2\frontend\node_modules\react-dom\cjs\react-dom.development.js:27490:7)
    at performUnitOfWork (C:\Users\husey\kiro2\frontend\node_modules\react-dom\cjs\react-dom.development.js:26599:12) Error: Objects are not valid as a React child (found: object with keys {id, programName, universityName, departmentName, city, year, scoreType, baseScore, topScore, medianScore, totalQuota, filledQuota, acceptanceRate, scholarship, tuitionFee}). If you meant to render a collection of children, use an array instead.
    at throwOnInvalidObjectType [90m(C:\Users\husey\kiro2\frontend\[39mnode_modules\[4mreact-dom[24m\cjs\react-dom.development.js:13123:9[90m)[39m
    at reconcileChildFibers [90m(C:\Users\husey\kiro2\frontend\[39mnode_modules\[4mreact-dom[24m\cjs\react-dom.development.js:14064:7[90m)[39m
    at reconcileChildren [90m(C:\Users\husey\kiro2\frontend\[39mnode_modules\[4mreact-dom[24m\cjs\react-dom.development.js:19186:28[90m)[39m
    at updateHostComponent [90m(C:\Users\husey\kiro2\frontend\[39mnode_modules\[4mreact-dom[24m\cjs\react-dom.development.js:19953:3[90m)[39m
    at beginWork [90m(C:\Users\husey\kiro2\frontend\[39mnode_modules\[4mreact-dom[24m\cjs\react-dom.development.js:21657:14[90m)[39m
    at HTMLUnknownElement.callCallback [90m(C:\Users\husey\kiro2\frontend\[39mnode_modules\[4mreact-dom[24m\cjs\react-dom.development.js:4164:14[90m)[39m
    at HTMLUnknownElement.callTheUserObjectsOperation [90m(C:\Users\husey\kiro2\frontend\[39mnode_modules\[4mjsdom[24m\lib\jsdom\living\generated\EventListener.js:26:30[90m)[39m
    at innerInvokeEventListeners [90m(C:\Users\husey\kiro2\frontend\[39mnode_modules\[4mjsdom[24m\lib\jsdom\living\events\EventTarget-impl.js:350:25[90m)[39m
    at invokeEventListeners [90m(C:\Users\husey\kiro2\frontend\[39mnode_modules\[4mjsdom[24m\lib\jsdom\living\events\EventTarget-impl.js:286:3[90m)[39m
    at HTMLUnknownElementImpl._dispatch [90m(C:\Users\husey\kiro2\frontend\[39mnode_modules\[4mjsdom[24m\lib\jsdom\living\events\EventTarget-impl.js:233:9[90m)[39m
Error: Uncaught [Error: Objects are not valid as a React child (found: object with keys {id, programName, universityName, departmentName, city, year, scoreType, baseScore, topScore, medianScore, totalQuota, filledQuota, acceptanceRate, scholarship, tuitionFee}). If you meant to render a collection of children, use an array instead.]
    at reportException (C:\Users\husey\kiro2\frontend\node_modules\jsdom\lib\jsdom\living\helpers\runtime-script-errors.js:66:24)
    at innerInvokeEventListeners (C:\Users\husey\kiro2\frontend\node_modules\jsdom\lib\jsdom\living\events\EventTarget-impl.js:353:9)
    at invokeEventListeners (C:\Users\husey\kiro2\frontend\node_modules\jsdom\lib\jsdom\living\events\EventTarget-impl.js:286:3)
    at HTMLUnknownElementImpl._dispatch (C:\Users\husey\kiro2\frontend\node_modules\jsdom\lib\jsdom\living\events\EventTarget-impl.js:233:9)
    at HTMLUnknownElementImpl.dispatchEvent (C:\Users\husey\kiro2\frontend\node_modules\jsdom\lib\jsdom\living\events\EventTarget-impl.js:104:17)
    at HTMLUnknownElement.dispatchEvent (C:\Users\husey\kiro2\frontend\node_modules\jsdom\lib\jsdom\living\generated\EventTarget.js:241:34)
    at Object.invokeGuardedCallbackDev (C:\Users\husey\kiro2\frontend\node_modules\react-dom\cjs\react-dom.development.js:4213:16)
    at invokeGuardedCallback (C:\Users\husey\kiro2\frontend\node_modules\react-dom\cjs\react-dom.development.js:4277:31)
    at beginWork$1 (C:\Users\husey\kiro2\frontend\node_modules\react-dom\cjs\react-dom.development.js:27490:7)
    at performUnitOfWork (C:\Users\husey\kiro2\frontend\node_modules\react-dom\cjs\react-dom.development.js:26599:12) Error: Objects are not valid as a React child (found: object with keys {id, programName, universityName, departmentName, city, year, scoreType, baseScore, topScore, medianScore, totalQuota, filledQuota, acceptanceRate, scholarship, tuitionFee}). If you meant to render a collection of children, use an array instead.
    at throwOnInvalidObjectType [90m(C:\Users\husey\kiro2\frontend\[39mnode_modules\[4mreact-dom[24m\cjs\react-dom.development.js:13123:9[90m)[39m
    at reconcileChildFibers [90m(C:\Users\husey\kiro2\frontend\[39mnode_modules\[4mreact-dom[24m\cjs\react-dom.development.js:14064:7[90m)[39m
    at reconcileChildren [90m(C:\Users\husey\kiro2\frontend\[39mnode_modules\[4mreact-dom[24m\cjs\react-dom.development.js:19186:28[90m)[39m
    at updateHostComponent [90m(C:\Users\husey\kiro2\frontend\[39mnode_modules\[4mreact-dom[24m\cjs\react-dom.development.js:19953:3[90m)[39m
    at beginWork [90m(C:\Users\husey\kiro2\frontend\[39mnode_modules\[4mreact-dom[24m\cjs\react-dom.development.js:21657:14[90m)[39m
    at HTMLUnknownElement.callCallback [90m(C:\Users\husey\kiro2\frontend\[39mnode_modules\[4mreact-dom[24m\cjs\react-dom.development.js:4164:14[90m)[39m
    at HTMLUnknownElement.callTheUserObjectsOperation [90m(C:\Users\husey\kiro2\frontend\[39mnode_modules\[4mjsdom[24m\lib\jsdom\living\generated\EventListener.js:26:30[90m)[39m
    at innerInvokeEventListeners [90m(C:\Users\husey\kiro2\frontend\[39mnode_modules\[4mjsdom[24m\lib\jsdom\living\events\EventTarget-impl.js:350:25[90m)[39m
    at invokeEventListeners [90m(C:\Users\husey\kiro2\frontend\[39mnode_modules\[4mjsdom[24m\lib\jsdom\living\events\EventTarget-impl.js:286:3[90m)[39m
    at HTMLUnknownElementImpl._dispatch [90m(C:\Users\husey\kiro2\frontend\[39mnode_modules\[4mjsdom[24m\lib\jsdom\living\events\EventTarget-impl.js:233:9[90m)[39m
Error: Uncaught [Error: Objects are not valid as a React child (found: object with keys {id, programName, universityName, departmentName, city, year, scoreType, baseScore, topScore, medianScore, totalQuota, filledQuota, acceptanceRate, scholarship, tuitionFee}). If you meant to render a collection of children, use an array instead.]
    at reportException (C:\Users\husey\kiro2\frontend\node_modules\jsdom\lib\jsdom\living\helpers\runtime-script-errors.js:66:24)
    at innerInvokeEventListeners (C:\Users\husey\kiro2\frontend\node_modules\jsdom\lib\jsdom\living\events\EventTarget-impl.js:353:9)
    at invokeEventListeners (C:\Users\husey\kiro2\frontend\node_modules\jsdom\lib\jsdom\living\events\EventTarget-impl.js:286:3)
    at HTMLUnknownElementImpl._dispatch (C:\Users\husey\kiro2\frontend\node_modules\jsdom\lib\jsdom\living\events\EventTarget-impl.js:233:9)
    at HTMLUnknownElementImpl.dispatchEvent (C:\Users\husey\kiro2\frontend\node_modules\jsdom\lib\jsdom\living\events\EventTarget-impl.js:104:17)
    at HTMLUnknownElement.dispatchEvent (C:\Users\husey\kiro2\frontend\node_modules\jsdom\lib\jsdom\living\generated\EventTarget.js:241:34)
    at Object.invokeGuardedCallbackDev (C:\Users\husey\kiro2\frontend\node_modules\react-dom\cjs\react-dom.development.js:4213:16)
    at invokeGuardedCallback (C:\Users\husey\kiro2\frontend\node_modules\react-dom\cjs\react-dom.development.js:4277:31)
    at beginWork$1 (C:\Users\husey\kiro2\frontend\node_modules\react-dom\cjs\react-dom.development.js:27490:7)
    at performUnitOfWork (C:\Users\husey\kiro2\frontend\node_modules\react-dom\cjs\react-dom.development.js:26599:12) Error: Objects are not valid as a React child (found: object with keys {id, programName, universityName, departmentName, city, year, scoreType, baseScore, topScore, medianScore, totalQuota, filledQuota, acceptanceRate, scholarship, tuitionFee}). If you meant to render a collection of children, use an array instead.
    at throwOnInvalidObjectType [90m(C:\Users\husey\kiro2\frontend\[39mnode_modules\[4mreact-dom[24m\cjs\react-dom.development.js:13123:9[90m)[39m
    at reconcileChildFibers [90m(C:\Users\husey\kiro2\frontend\[39mnode_modules\[4mreact-dom[24m\cjs\react-dom.development.js:14064:7[90m)[39m
    at reconcileChildren [90m(C:\Users\husey\kiro2\frontend\[39mnode_modules\[4mreact-dom[24m\cjs\react-dom.development.js:19186:28[90m)[39m
    at updateHostComponent [90m(C:\Users\husey\kiro2\frontend\[39mnode_modules\[4mreact-dom[24m\cjs\react-dom.development.js:19953:3[90m)[39m
    at beginWork [90m(C:\Users\husey\kiro2\frontend\[39mnode_modules\[4mreact-dom[24m\cjs\react-dom.development.js:21657:14[90m)[39m
    at HTMLUnknownElement.callCallback [90m(C:\Users\husey\kiro2\frontend\[39mnode_modules\[4mreact-dom[24m\cjs\react-dom.development.js:4164:14[90m)[39m
    at HTMLUnknownElement.callTheUserObjectsOperation [90m(C:\Users\husey\kiro2\frontend\[39mnode_modules\[4mjsdom[24m\lib\jsdom\living\generated\EventListener.js:26:30[90m)[39m
    at innerInvokeEventListeners [90m(C:\Users\husey\kiro2\frontend\[39mnode_modules\[4mjsdom[24m\lib\jsdom\living\events\EventTarget-impl.js:350:25[90m)[39m
    at invokeEventListeners [90m(C:\Users\husey\kiro2\frontend\[39mnode_modules\[4mjsdom[24m\lib\jsdom\living\events\EventTarget-impl.js:286:3[90m)[39m
    at HTMLUnknownElementImpl._dispatch [90m(C:\Users\husey\kiro2\frontend\[39mnode_modules\[4mjsdom[24m\lib\jsdom\living\events\EventTarget-impl.js:233:9[90m)[39m
Error: Uncaught [Error: Objects are not valid as a React child (found: object with keys {id, programName, universityName, departmentName, city, year, scoreType, baseScore, topScore, medianScore, totalQuota, filledQuota, acceptanceRate, scholarship, tuitionFee}). If you meant to render a collection of children, use an array instead.]
    at reportException (C:\Users\husey\kiro2\frontend\node_modules\jsdom\lib\jsdom\living\helpers\runtime-script-errors.js:66:24)
    at innerInvokeEventListeners (C:\Users\husey\kiro2\frontend\node_modules\jsdom\lib\jsdom\living\events\EventTarget-impl.js:353:9)
    at invokeEventListeners (C:\Users\husey\kiro2\frontend\node_modules\jsdom\lib\jsdom\living\events\EventTarget-impl.js:286:3)
    at HTMLUnknownElementImpl._dispatch (C:\Users\husey\kiro2\frontend\node_modules\jsdom\lib\jsdom\living\events\EventTarget-impl.js:233:9)
    at HTMLUnknownElementImpl.dispatchEvent (C:\Users\husey\kiro2\frontend\node_modules\jsdom\lib\jsdom\living\events\EventTarget-impl.js:104:17)
    at HTMLUnknownElement.dispatchEvent (C:\Users\husey\kiro2\frontend\node_modules\jsdom\lib\jsdom\living\generated\EventTarget.js:241:34)
    at Object.invokeGuardedCallbackDev (C:\Users\husey\kiro2\frontend\node_modules\react-dom\cjs\react-dom.development.js:4213:16)
    at invokeGuardedCallback (C:\Users\husey\kiro2\frontend\node_modules\react-dom\cjs\react-dom.development.js:4277:31)
    at beginWork$1 (C:\Users\husey\kiro2\frontend\node_modules\react-dom\cjs\react-dom.development.js:27490:7)
    at performUnitOfWork (C:\Users\husey\kiro2\frontend\node_modules\react-dom\cjs\react-dom.development.js:26599:12) Error: Objects are not valid as a React child (found: object with keys {id, programName, universityName, departmentName, city, year, scoreType, baseScore, topScore, medianScore, totalQuota, filledQuota, acceptanceRate, scholarship, tuitionFee}). If you meant to render a collection of children, use an array instead.
    at throwOnInvalidObjectType [90m(C:\Users\husey\kiro2\frontend\[39mnode_modules\[4mreact-dom[24m\cjs\react-dom.development.js:13123:9[90m)[39m
    at reconcileChildFibers [90m(C:\Users\husey\kiro2\frontend\[39mnode_modules\[4mreact-dom[24m\cjs\react-dom.development.js:14064:7[90m)[39m
    at reconcileChildren [90m(C:\Users\husey\kiro2\frontend\[39mnode_modules\[4mreact-dom[24m\cjs\react-dom.development.js:19186:28[90m)[39m
    at updateHostComponent [90m(C:\Users\husey\kiro2\frontend\[39mnode_modules\[4mreact-dom[24m\cjs\react-dom.development.js:19953:3[90m)[39m
    at beginWork [90m(C:\Users\husey\kiro2\frontend\[39mnode_modules\[4mreact-dom[24m\cjs\react-dom.development.js:21657:14[90m)[39m
    at HTMLUnknownElement.callCallback [90m(C:\Users\husey\kiro2\frontend\[39mnode_modules\[4mreact-dom[24m\cjs\react-dom.development.js:4164:14[90m)[39m
    at HTMLUnknownElement.callTheUserObjectsOperation [90m(C:\Users\husey\kiro2\frontend\[39mnode_modules\[4mjsdom[24m\lib\jsdom\living\generated\EventListener.js:26:30[90m)[39m
    at innerInvokeEventListeners [90m(C:\Users\husey\kiro2\frontend\[39mnode_modules\[4mjsdom[24m\lib\jsdom\living\events\EventTarget-impl.js:350:25[90m)[39m
    at invokeEventListeners [90m(C:\Users\husey\kiro2\frontend\[39mnode_modules\[4mjsdom[24m\lib\jsdom\living\events\EventTarget-impl.js:286:3[90m)[39m
    at HTMLUnknownElementImpl._dispatch [90m(C:\Users\husey\kiro2\frontend\[39mnode_modules\[4mjsdom[24m\lib\jsdom\living\events\EventTarget-impl.js:233:9[90m)[39m
Error: Uncaught [Error: Objects are not valid as a React child (found: object with keys {id, programName, universityName, departmentName, city, year, scoreType, baseScore, topScore, medianScore, totalQuota, filledQuota, acceptanceRate, scholarship, tuitionFee}). If you meant to render a collection of children, use an array instead.]
    at reportException (C:\Users\husey\kiro2\frontend\node_modules\jsdom\lib\jsdom\living\helpers\runtime-script-errors.js:66:24)
    at innerInvokeEventListeners (C:\Users\husey\kiro2\frontend\node_modules\jsdom\lib\jsdom\living\events\EventTarget-impl.js:353:9)
    at invokeEventListeners (C:\Users\husey\kiro2\frontend\node_modules\jsdom\lib\jsdom\living\events\EventTarget-impl.js:286:3)
    at HTMLUnknownElementImpl._dispatch (C:\Users\husey\kiro2\frontend\node_modules\jsdom\lib\jsdom\living\events\EventTarget-impl.js:233:9)
    at HTMLUnknownElementImpl.dispatchEvent (C:\Users\husey\kiro2\frontend\node_modules\jsdom\lib\jsdom\living\events\EventTarget-impl.js:104:17)
    at HTMLUnknownElement.dispatchEvent (C:\Users\husey\kiro2\frontend\node_modules\jsdom\lib\jsdom\living\generated\EventTarget.js:241:34)
    at Object.invokeGuardedCallbackDev (C:\Users\husey\kiro2\frontend\node_modules\react-dom\cjs\react-dom.development.js:4213:16)
    at invokeGuardedCallback (C:\Users\husey\kiro2\frontend\node_modules\react-dom\cjs\react-dom.development.js:4277:31)
    at beginWork$1 (C:\Users\husey\kiro2\frontend\node_modules\react-dom\cjs\react-dom.development.js:27490:7)
    at performUnitOfWork (C:\Users\husey\kiro2\frontend\node_modules\react-dom\cjs\react-dom.development.js:26599:12) Error: Objects are not valid as a React child (found: object with keys {id, programName, universityName, departmentName, city, year, scoreType, baseScore, topScore, medianScore, totalQuota, filledQuota, acceptanceRate, scholarship, tuitionFee}). If you meant to render a collection of children, use an array instead.
    at throwOnInvalidObjectType [90m(C:\Users\husey\kiro2\frontend\[39mnode_modules\[4mreact-dom[24m\cjs\react-dom.development.js:13123:9[90m)[39m
    at reconcileChildFibers [90m(C:\Users\husey\kiro2\frontend\[39mnode_modules\[4mreact-dom[24m\cjs\react-dom.development.js:14064:7[90m)[39m
    at reconcileChildren [90m(C:\Users\husey\kiro2\frontend\[39mnode_modules\[4mreact-dom[24m\cjs\react-dom.development.js:19186:28[90m)[39m
    at updateHostComponent [90m(C:\Users\husey\kiro2\frontend\[39mnode_modules\[4mreact-dom[24m\cjs\react-dom.development.js:19953:3[90m)[39m
    at beginWork [90m(C:\Users\husey\kiro2\frontend\[39mnode_modules\[4mreact-dom[24m\cjs\react-dom.development.js:21657:14[90m)[39m
    at HTMLUnknownElement.callCallback [90m(C:\Users\husey\kiro2\frontend\[39mnode_modules\[4mreact-dom[24m\cjs\react-dom.development.js:4164:14[90m)[39m
    at HTMLUnknownElement.callTheUserObjectsOperation [90m(C:\Users\husey\kiro2\frontend\[39mnode_modules\[4mjsdom[24m\lib\jsdom\living\generated\EventListener.js:26:30[90m)[39m
    at innerInvokeEventListeners [90m(C:\Users\husey\kiro2\frontend\[39mnode_modules\[4mjsdom[24m\lib\jsdom\living\events\EventTarget-impl.js:350:25[90m)[39m
    at invokeEventListeners [90m(C:\Users\husey\kiro2\frontend\[39mnode_modules\[4mjsdom[24m\lib\jsdom\living\events\EventTarget-impl.js:286:3[90m)[39m
    at HTMLUnknownElementImpl._dispatch [90m(C:\Users\husey\kiro2\frontend\[39mnode_modules\[4mjsdom[24m\lib\jsdom\living\events\EventTarget-impl.js:233:9[90m)[39m
Error: Uncaught [Error: Objects are not valid as a React child (found: object with keys {id, programName, universityName, departmentName, city, year, scoreType, baseScore, topScore, medianScore, totalQuota, filledQuota, acceptanceRate, scholarship, tuitionFee}). If you meant to render a collection of children, use an array instead.]
    at reportException (C:\Users\husey\kiro2\frontend\node_modules\jsdom\lib\jsdom\living\helpers\runtime-script-errors.js:66:24)
    at innerInvokeEventListeners (C:\Users\husey\kiro2\frontend\node_modules\jsdom\lib\jsdom\living\events\EventTarget-impl.js:353:9)
    at invokeEventListeners (C:\Users\husey\kiro2\frontend\node_modules\jsdom\lib\jsdom\living\events\EventTarget-impl.js:286:3)
    at HTMLUnknownElementImpl._dispatch (C:\Users\husey\kiro2\frontend\node_modules\jsdom\lib\jsdom\living\events\EventTarget-impl.js:233:9)
    at HTMLUnknownElementImpl.dispatchEvent (C:\Users\husey\kiro2\frontend\node_modules\jsdom\lib\jsdom\living\events\EventTarget-impl.js:104:17)
    at HTMLUnknownElement.dispatchEvent (C:\Users\husey\kiro2\frontend\node_modules\jsdom\lib\jsdom\living\generated\EventTarget.js:241:34)
    at Object.invokeGuardedCallbackDev (C:\Users\husey\kiro2\frontend\node_modules\react-dom\cjs\react-dom.development.js:4213:16)
    at invokeGuardedCallback (C:\Users\husey\kiro2\frontend\node_modules\react-dom\cjs\react-dom.development.js:4277:31)
    at beginWork$1 (C:\Users\husey\kiro2\frontend\node_modules\react-dom\cjs\react-dom.development.js:27490:7)
    at performUnitOfWork (C:\Users\husey\kiro2\frontend\node_modules\react-dom\cjs\react-dom.development.js:26599:12) Error: Objects are not valid as a React child (found: object with keys {id, programName, universityName, departmentName, city, year, scoreType, baseScore, topScore, medianScore, totalQuota, filledQuota, acceptanceRate, scholarship, tuitionFee}). If you meant to render a collection of children, use an array instead.
    at throwOnInvalidObjectType [90m(C:\Users\husey\kiro2\frontend\[39mnode_modules\[4mreact-dom[24m\cjs\react-dom.development.js:13123:9[90m)[39m
    at reconcileChildFibers [90m(C:\Users\husey\kiro2\frontend\[39mnode_modules\[4mreact-dom[24m\cjs\react-dom.development.js:14064:7[90m)[39m
    at reconcileChildren [90m(C:\Users\husey\kiro2\frontend\[39mnode_modules\[4mreact-dom[24m\cjs\react-dom.development.js:19186:28[90m)[39m
    at updateHostComponent [90m(C:\Users\husey\kiro2\frontend\[39mnode_modules\[4mreact-dom[24m\cjs\react-dom.development.js:19953:3[90m)[39m
    at beginWork [90m(C:\Users\husey\kiro2\frontend\[39mnode_modules\[4mreact-dom[24m\cjs\react-dom.development.js:21657:14[90m)[39m
    at HTMLUnknownElement.callCallback [90m(C:\Users\husey\kiro2\frontend\[39mnode_modules\[4mreact-dom[24m\cjs\react-dom.development.js:4164:14[90m)[39m
    at HTMLUnknownElement.callTheUserObjectsOperation [90m(C:\Users\husey\kiro2\frontend\[39mnode_modules\[4mjsdom[24m\lib\jsdom\living\generated\EventListener.js:26:30[90m)[39m
    at innerInvokeEventListeners [90m(C:\Users\husey\kiro2\frontend\[39mnode_modules\[4mjsdom[24m\lib\jsdom\living\events\EventTarget-impl.js:350:25[90m)[39m
    at invokeEventListeners [90m(C:\Users\husey\kiro2\frontend\[39mnode_modules\[4mjsdom[24m\lib\jsdom\living\events\EventTarget-impl.js:286:3[90m)[39m
    at HTMLUnknownElementImpl._dispatch [90m(C:\Users\husey\kiro2\frontend\[39mnode_modules\[4mjsdom[24m\lib\jsdom\living\events\EventTarget-impl.js:233:9[90m)[39m

            </system-err>
            <failure message="Unable to find an element with the text: /İTÜ - İstanbul/. This could be because the text is broken up by multiple elements. In this case, you can provide a function for your text matcher to make your matcher more flexible.

Ignored nodes: comments, script, style
[36m&lt;body&gt;[39m
  [36m&lt;div /&gt;[39m
[36m&lt;/body&gt;[39m

Ignored nodes: comments, script, style
[36m&lt;html&gt;[39m
  [36m&lt;head /&gt;[39m
  [36m&lt;body&gt;[39m
    [36m&lt;div /&gt;[39m
  [36m&lt;/body&gt;[39m
[36m&lt;/html&gt;[39m" type="TestingLibraryElementError">
TestingLibraryElementError: Unable to find an element with the text: /İTÜ - İstanbul/. This could be because the text is broken up by multiple elements. In this case, you can provide a function for your text matcher to make your matcher more flexible.

Ignored nodes: comments, script, style
&lt;body&gt;
  &lt;div /&gt;
&lt;/body&gt;

Ignored nodes: comments, script, style
&lt;html&gt;
  &lt;head /&gt;
  &lt;body&gt;
    &lt;div /&gt;
  &lt;/body&gt;
&lt;/html&gt;
 ❯ waitForWrapper node_modules/@testing-library/react/node_modules/@testing-library/dom/dist/wait-for.js:163:27
 ❯ src/components/UniversityAdvisory/__tests__/ProgramSearch.test.tsx:391:11
            </failure>
        </testcase>
        <testcase classname="src/components/UniversityAdvisory/__tests__/ProgramSearch.test.tsx" name="ProgramSearch - Program Display &gt; displays base score" time="1.0168828">
            <system-err>
Error: Uncaught [Error: Objects are not valid as a React child (found: object with keys {id, programName, universityName, departmentName, city, year, scoreType, baseScore, topScore, medianScore, totalQuota, filledQuota, acceptanceRate, scholarship, tuitionFee}). If you meant to render a collection of children, use an array instead.]
    at reportException (C:\Users\husey\kiro2\frontend\node_modules\jsdom\lib\jsdom\living\helpers\runtime-script-errors.js:66:24)
    at innerInvokeEventListeners (C:\Users\husey\kiro2\frontend\node_modules\jsdom\lib\jsdom\living\events\EventTarget-impl.js:353:9)
    at invokeEventListeners (C:\Users\husey\kiro2\frontend\node_modules\jsdom\lib\jsdom\living\events\EventTarget-impl.js:286:3)
    at HTMLUnknownElementImpl._dispatch (C:\Users\husey\kiro2\frontend\node_modules\jsdom\lib\jsdom\living\events\EventTarget-impl.js:233:9)
    at HTMLUnknownElementImpl.dispatchEvent (C:\Users\husey\kiro2\frontend\node_modules\jsdom\lib\jsdom\living\events\EventTarget-impl.js:104:17)
    at HTMLUnknownElement.dispatchEvent (C:\Users\husey\kiro2\frontend\node_modules\jsdom\lib\jsdom\living\generated\EventTarget.js:241:34)
    at Object.invokeGuardedCallbackDev (C:\Users\husey\kiro2\frontend\node_modules\react-dom\cjs\react-dom.development.js:4213:16)
    at invokeGuardedCallback (C:\Users\husey\kiro2\frontend\node_modules\react-dom\cjs\react-dom.development.js:4277:31)
    at beginWork$1 (C:\Users\husey\kiro2\frontend\node_modules\react-dom\cjs\react-dom.development.js:27490:7)
    at performUnitOfWork (C:\Users\husey\kiro2\frontend\node_modules\react-dom\cjs\react-dom.development.js:26599:12) Error: Objects are not valid as a React child (found: object with keys {id, programName, universityName, departmentName, city, year, scoreType, baseScore, topScore, medianScore, totalQuota, filledQuota, acceptanceRate, scholarship, tuitionFee}). If you meant to render a collection of children, use an array instead.
    at throwOnInvalidObjectType [90m(C:\Users\husey\kiro2\frontend\[39mnode_modules\[4mreact-dom[24m\cjs\react-dom.development.js:13123:9[90m)[39m
    at reconcileChildFibers [90m(C:\Users\husey\kiro2\frontend\[39mnode_modules\[4mreact-dom[24m\cjs\react-dom.development.js:14064:7[90m)[39m
    at reconcileChildren [90m(C:\Users\husey\kiro2\frontend\[39mnode_modules\[4mreact-dom[24m\cjs\react-dom.development.js:19186:28[90m)[39m
    at updateHostComponent [90m(C:\Users\husey\kiro2\frontend\[39mnode_modules\[4mreact-dom[24m\cjs\react-dom.development.js:19953:3[90m)[39m
    at beginWork [90m(C:\Users\husey\kiro2\frontend\[39mnode_modules\[4mreact-dom[24m\cjs\react-dom.development.js:21657:14[90m)[39m
    at HTMLUnknownElement.callCallback [90m(C:\Users\husey\kiro2\frontend\[39mnode_modules\[4mreact-dom[24m\cjs\react-dom.development.js:4164:14[90m)[39m
    at HTMLUnknownElement.callTheUserObjectsOperation [90m(C:\Users\husey\kiro2\frontend\[39mnode_modules\[4mjsdom[24m\lib\jsdom\living\generated\EventListener.js:26:30[90m)[39m
    at innerInvokeEventListeners [90m(C:\Users\husey\kiro2\frontend\[39mnode_modules\[4mjsdom[24m\lib\jsdom\living\events\EventTarget-impl.js:350:25[90m)[39m
    at invokeEventListeners [90m(C:\Users\husey\kiro2\frontend\[39mnode_modules\[4mjsdom[24m\lib\jsdom\living\events\EventTarget-impl.js:286:3[90m)[39m
    at HTMLUnknownElementImpl._dispatch [90m(C:\Users\husey\kiro2\frontend\[39mnode_modules\[4mjsdom[24m\lib\jsdom\living\events\EventTarget-impl.js:233:9[90m)[39m
Error: Uncaught [Error: Objects are not valid as a React child (found: object with keys {id, programName, universityName, departmentName, city, year, scoreType, baseScore, topScore, medianScore, totalQuota, filledQuota, acceptanceRate, scholarship, tuitionFee}). If you meant to render a collection of children, use an array instead.]
    at reportException (C:\Users\husey\kiro2\frontend\node_modules\jsdom\lib\jsdom\living\helpers\runtime-script-errors.js:66:24)
    at innerInvokeEventListeners (C:\Users\husey\kiro2\frontend\node_modules\jsdom\lib\jsdom\living\events\EventTarget-impl.js:353:9)
    at invokeEventListeners (C:\Users\husey\kiro2\frontend\node_modules\jsdom\lib\jsdom\living\events\EventTarget-impl.js:286:3)
    at HTMLUnknownElementImpl._dispatch (C:\Users\husey\kiro2\frontend\node_modules\jsdom\lib\jsdom\living\events\EventTarget-impl.js:233:9)
    at HTMLUnknownElementImpl.dispatchEvent (C:\Users\husey\kiro2\frontend\node_modules\jsdom\lib\jsdom\living\events\EventTarget-impl.js:104:17)
    at HTMLUnknownElement.dispatchEvent (C:\Users\husey\kiro2\frontend\node_modules\jsdom\lib\jsdom\living\generated\EventTarget.js:241:34)
    at Object.invokeGuardedCallbackDev (C:\Users\husey\kiro2\frontend\node_modules\react-dom\cjs\react-dom.development.js:4213:16)
    at invokeGuardedCallback (C:\Users\husey\kiro2\frontend\node_modules\react-dom\cjs\react-dom.development.js:4277:31)
    at beginWork$1 (C:\Users\husey\kiro2\frontend\node_modules\react-dom\cjs\react-dom.development.js:27490:7)
    at performUnitOfWork (C:\Users\husey\kiro2\frontend\node_modules\react-dom\cjs\react-dom.development.js:26599:12) Error: Objects are not valid as a React child (found: object with keys {id, programName, universityName, departmentName, city, year, scoreType, baseScore, topScore, medianScore, totalQuota, filledQuota, acceptanceRate, scholarship, tuitionFee}). If you meant to render a collection of children, use an array instead.
    at throwOnInvalidObjectType [90m(C:\Users\husey\kiro2\frontend\[39mnode_modules\[4mreact-dom[24m\cjs\react-dom.development.js:13123:9[90m)[39m
    at reconcileChildFibers [90m(C:\Users\husey\kiro2\frontend\[39mnode_modules\[4mreact-dom[24m\cjs\react-dom.development.js:14064:7[90m)[39m
    at reconcileChildren [90m(C:\Users\husey\kiro2\frontend\[39mnode_modules\[4mreact-dom[24m\cjs\react-dom.development.js:19186:28[90m)[39m
    at updateHostComponent [90m(C:\Users\husey\kiro2\frontend\[39mnode_modules\[4mreact-dom[24m\cjs\react-dom.development.js:19953:3[90m)[39m
    at beginWork [90m(C:\Users\husey\kiro2\frontend\[39mnode_modules\[4mreact-dom[24m\cjs\react-dom.development.js:21657:14[90m)[39m
    at HTMLUnknownElement.callCallback [90m(C:\Users\husey\kiro2\frontend\[39mnode_modules\[4mreact-dom[24m\cjs\react-dom.development.js:4164:14[90m)[39m
    at HTMLUnknownElement.callTheUserObjectsOperation [90m(C:\Users\husey\kiro2\frontend\[39mnode_modules\[4mjsdom[24m\lib\jsdom\living\generated\EventListener.js:26:30[90m)[39m
    at innerInvokeEventListeners [90m(C:\Users\husey\kiro2\frontend\[39mnode_modules\[4mjsdom[24m\lib\jsdom\living\events\EventTarget-impl.js:350:25[90m)[39m
    at invokeEventListeners [90m(C:\Users\husey\kiro2\frontend\[39mnode_modules\[4mjsdom[24m\lib\jsdom\living\events\EventTarget-impl.js:286:3[90m)[39m
    at HTMLUnknownElementImpl._dispatch [90m(C:\Users\husey\kiro2\frontend\[39mnode_modules\[4mjsdom[24m\lib\jsdom\living\events\EventTarget-impl.js:233:9[90m)[39m
Error: Uncaught [Error: Objects are not valid as a React child (found: object with keys {id, programName, universityName, departmentName, city, year, scoreType, baseScore, topScore, medianScore, totalQuota, filledQuota, acceptanceRate, scholarship, tuitionFee}). If you meant to render a collection of children, use an array instead.]
    at reportException (C:\Users\husey\kiro2\frontend\node_modules\jsdom\lib\jsdom\living\helpers\runtime-script-errors.js:66:24)
    at innerInvokeEventListeners (C:\Users\husey\kiro2\frontend\node_modules\jsdom\lib\jsdom\living\events\EventTarget-impl.js:353:9)
    at invokeEventListeners (C:\Users\husey\kiro2\frontend\node_modules\jsdom\lib\jsdom\living\events\EventTarget-impl.js:286:3)
    at HTMLUnknownElementImpl._dispatch (C:\Users\husey\kiro2\frontend\node_modules\jsdom\lib\jsdom\living\events\EventTarget-impl.js:233:9)
    at HTMLUnknownElementImpl.dispatchEvent (C:\Users\husey\kiro2\frontend\node_modules\jsdom\lib\jsdom\living\events\EventTarget-impl.js:104:17)
    at HTMLUnknownElement.dispatchEvent (C:\Users\husey\kiro2\frontend\node_modules\jsdom\lib\jsdom\living\generated\EventTarget.js:241:34)
    at Object.invokeGuardedCallbackDev (C:\Users\husey\kiro2\frontend\node_modules\react-dom\cjs\react-dom.development.js:4213:16)
    at invokeGuardedCallback (C:\Users\husey\kiro2\frontend\node_modules\react-dom\cjs\react-dom.development.js:4277:31)
    at beginWork$1 (C:\Users\husey\kiro2\frontend\node_modules\react-dom\cjs\react-dom.development.js:27490:7)
    at performUnitOfWork (C:\Users\husey\kiro2\frontend\node_modules\react-dom\cjs\react-dom.development.js:26599:12) Error: Objects are not valid as a React child (found: object with keys {id, programName, universityName, departmentName, city, year, scoreType, baseScore, topScore, medianScore, totalQuota, filledQuota, acceptanceRate, scholarship, tuitionFee}). If you meant to render a collection of children, use an array instead.
    at throwOnInvalidObjectType [90m(C:\Users\husey\kiro2\frontend\[39mnode_modules\[4mreact-dom[24m\cjs\react-dom.development.js:13123:9[90m)[39m
    at reconcileChildFibers [90m(C:\Users\husey\kiro2\frontend\[39mnode_modules\[4mreact-dom[24m\cjs\react-dom.development.js:14064:7[90m)[39m
    at reconcileChildren [90m(C:\Users\husey\kiro2\frontend\[39mnode_modules\[4mreact-dom[24m\cjs\react-dom.development.js:19186:28[90m)[39m
    at updateHostComponent [90m(C:\Users\husey\kiro2\frontend\[39mnode_modules\[4mreact-dom[24m\cjs\react-dom.development.js:19953:3[90m)[39m
    at beginWork [90m(C:\Users\husey\kiro2\frontend\[39mnode_modules\[4mreact-dom[24m\cjs\react-dom.development.js:21657:14[90m)[39m
    at HTMLUnknownElement.callCallback [90m(C:\Users\husey\kiro2\frontend\[39mnode_modules\[4mreact-dom[24m\cjs\react-dom.development.js:4164:14[90m)[39m
    at HTMLUnknownElement.callTheUserObjectsOperation [90m(C:\Users\husey\kiro2\frontend\[39mnode_modules\[4mjsdom[24m\lib\jsdom\living\generated\EventListener.js:26:30[90m)[39m
    at innerInvokeEventListeners [90m(C:\Users\husey\kiro2\frontend\[39mnode_modules\[4mjsdom[24m\lib\jsdom\living\events\EventTarget-impl.js:350:25[90m)[39m
    at invokeEventListeners [90m(C:\Users\husey\kiro2\frontend\[39mnode_modules\[4mjsdom[24m\lib\jsdom\living\events\EventTarget-impl.js:286:3[90m)[39m
    at HTMLUnknownElementImpl._dispatch [90m(C:\Users\husey\kiro2\frontend\[39mnode_modules\[4mjsdom[24m\lib\jsdom\living\events\EventTarget-impl.js:233:9[90m)[39m
Error: Uncaught [Error: Objects are not valid as a React child (found: object with keys {id, programName, universityName, departmentName, city, year, scoreType, baseScore, topScore, medianScore, totalQuota, filledQuota, acceptanceRate, scholarship, tuitionFee}). If you meant to render a collection of children, use an array instead.]
    at reportException (C:\Users\husey\kiro2\frontend\node_modules\jsdom\lib\jsdom\living\helpers\runtime-script-errors.js:66:24)
    at innerInvokeEventListeners (C:\Users\husey\kiro2\frontend\node_modules\jsdom\lib\jsdom\living\events\EventTarget-impl.js:353:9)
    at invokeEventListeners (C:\Users\husey\kiro2\frontend\node_modules\jsdom\lib\jsdom\living\events\EventTarget-impl.js:286:3)
    at HTMLUnknownElementImpl._dispatch (C:\Users\husey\kiro2\frontend\node_modules\jsdom\lib\jsdom\living\events\EventTarget-impl.js:233:9)
    at HTMLUnknownElementImpl.dispatchEvent (C:\Users\husey\kiro2\frontend\node_modules\jsdom\lib\jsdom\living\events\EventTarget-impl.js:104:17)
    at HTMLUnknownElement.dispatchEvent (C:\Users\husey\kiro2\frontend\node_modules\jsdom\lib\jsdom\living\generated\EventTarget.js:241:34)
    at Object.invokeGuardedCallbackDev (C:\Users\husey\kiro2\frontend\node_modules\react-dom\cjs\react-dom.development.js:4213:16)
    at invokeGuardedCallback (C:\Users\husey\kiro2\frontend\node_modules\react-dom\cjs\react-dom.development.js:4277:31)
    at beginWork$1 (C:\Users\husey\kiro2\frontend\node_modules\react-dom\cjs\react-dom.development.js:27490:7)
    at performUnitOfWork (C:\Users\husey\kiro2\frontend\node_modules\react-dom\cjs\react-dom.development.js:26599:12) Error: Objects are not valid as a React child (found: object with keys {id, programName, universityName, departmentName, city, year, scoreType, baseScore, topScore, medianScore, totalQuota, filledQuota, acceptanceRate, scholarship, tuitionFee}). If you meant to render a collection of children, use an array instead.
    at throwOnInvalidObjectType [90m(C:\Users\husey\kiro2\frontend\[39mnode_modules\[4mreact-dom[24m\cjs\react-dom.development.js:13123:9[90m)[39m
    at reconcileChildFibers [90m(C:\Users\husey\kiro2\frontend\[39mnode_modules\[4mreact-dom[24m\cjs\react-dom.development.js:14064:7[90m)[39m
    at reconcileChildren [90m(C:\Users\husey\kiro2\frontend\[39mnode_modules\[4mreact-dom[24m\cjs\react-dom.development.js:19186:28[90m)[39m
    at updateHostComponent [90m(C:\Users\husey\kiro2\frontend\[39mnode_modules\[4mreact-dom[24m\cjs\react-dom.development.js:19953:3[90m)[39m
    at beginWork [90m(C:\Users\husey\kiro2\frontend\[39mnode_modules\[4mreact-dom[24m\cjs\react-dom.development.js:21657:14[90m)[39m
    at HTMLUnknownElement.callCallback [90m(C:\Users\husey\kiro2\frontend\[39mnode_modules\[4mreact-dom[24m\cjs\react-dom.development.js:4164:14[90m)[39m
    at HTMLUnknownElement.callTheUserObjectsOperation [90m(C:\Users\husey\kiro2\frontend\[39mnode_modules\[4mjsdom[24m\lib\jsdom\living\generated\EventListener.js:26:30[90m)[39m
    at innerInvokeEventListeners [90m(C:\Users\husey\kiro2\frontend\[39mnode_modules\[4mjsdom[24m\lib\jsdom\living\events\EventTarget-impl.js:350:25[90m)[39m
    at invokeEventListeners [90m(C:\Users\husey\kiro2\frontend\[39mnode_modules\[4mjsdom[24m\lib\jsdom\living\events\EventTarget-impl.js:286:3[90m)[39m
    at HTMLUnknownElementImpl._dispatch [90m(C:\Users\husey\kiro2\frontend\[39mnode_modules\[4mjsdom[24m\lib\jsdom\living\events\EventTarget-impl.js:233:9[90m)[39m
Error: Uncaught [Error: Objects are not valid as a React child (found: object with keys {id, programName, universityName, departmentName, city, year, scoreType, baseScore, topScore, medianScore, totalQuota, filledQuota, acceptanceRate, scholarship, tuitionFee}). If you meant to render a collection of children, use an array instead.]
    at reportException (C:\Users\husey\kiro2\frontend\node_modules\jsdom\lib\jsdom\living\helpers\runtime-script-errors.js:66:24)
    at innerInvokeEventListeners (C:\Users\husey\kiro2\frontend\node_modules\jsdom\lib\jsdom\living\events\EventTarget-impl.js:353:9)
    at invokeEventListeners (C:\Users\husey\kiro2\frontend\node_modules\jsdom\lib\jsdom\living\events\EventTarget-impl.js:286:3)
    at HTMLUnknownElementImpl._dispatch (C:\Users\husey\kiro2\frontend\node_modules\jsdom\lib\jsdom\living\events\EventTarget-impl.js:233:9)
    at HTMLUnknownElementImpl.dispatchEvent (C:\Users\husey\kiro2\frontend\node_modules\jsdom\lib\jsdom\living\events\EventTarget-impl.js:104:17)
    at HTMLUnknownElement.dispatchEvent (C:\Users\husey\kiro2\frontend\node_modules\jsdom\lib\jsdom\living\generated\EventTarget.js:241:34)
    at Object.invokeGuardedCallbackDev (C:\Users\husey\kiro2\frontend\node_modules\react-dom\cjs\react-dom.development.js:4213:16)
    at invokeGuardedCallback (C:\Users\husey\kiro2\frontend\node_modules\react-dom\cjs\react-dom.development.js:4277:31)
    at beginWork$1 (C:\Users\husey\kiro2\frontend\node_modules\react-dom\cjs\react-dom.development.js:27490:7)
    at performUnitOfWork (C:\Users\husey\kiro2\frontend\node_modules\react-dom\cjs\react-dom.development.js:26599:12) Error: Objects are not valid as a React child (found: object with keys {id, programName, universityName, departmentName, city, year, scoreType, baseScore, topScore, medianScore, totalQuota, filledQuota, acceptanceRate, scholarship, tuitionFee}). If you meant to render a collection of children, use an array instead.
    at throwOnInvalidObjectType [90m(C:\Users\husey\kiro2\frontend\[39mnode_modules\[4mreact-dom[24m\cjs\react-dom.development.js:13123:9[90m)[39m
    at reconcileChildFibers [90m(C:\Users\husey\kiro2\frontend\[39mnode_modules\[4mreact-dom[24m\cjs\react-dom.development.js:14064:7[90m)[39m
    at reconcileChildren [90m(C:\Users\husey\kiro2\frontend\[39mnode_modules\[4mreact-dom[24m\cjs\react-dom.development.js:19186:28[90m)[39m
    at updateHostComponent [90m(C:\Users\husey\kiro2\frontend\[39mnode_modules\[4mreact-dom[24m\cjs\react-dom.development.js:19953:3[90m)[39m
    at beginWork [90m(C:\Users\husey\kiro2\frontend\[39mnode_modules\[4mreact-dom[24m\cjs\react-dom.development.js:21657:14[90m)[39m
    at HTMLUnknownElement.callCallback [90m(C:\Users\husey\kiro2\frontend\[39mnode_modules\[4mreact-dom[24m\cjs\react-dom.development.js:4164:14[90m)[39m
    at HTMLUnknownElement.callTheUserObjectsOperation [90m(C:\Users\husey\kiro2\frontend\[39mnode_modules\[4mjsdom[24m\lib\jsdom\living\generated\EventListener.js:26:30[90m)[39m
    at innerInvokeEventListeners [90m(C:\Users\husey\kiro2\frontend\[39mnode_modules\[4mjsdom[24m\lib\jsdom\living\events\EventTarget-impl.js:350:25[90m)[39m
    at invokeEventListeners [90m(C:\Users\husey\kiro2\frontend\[39mnode_modules\[4mjsdom[24m\lib\jsdom\living\events\EventTarget-impl.js:286:3[90m)[39m
    at HTMLUnknownElementImpl._dispatch [90m(C:\Users\husey\kiro2\frontend\[39mnode_modules\[4mjsdom[24m\lib\jsdom\living\events\EventTarget-impl.js:233:9[90m)[39m
Error: Uncaught [Error: Objects are not valid as a React child (found: object with keys {id, programName, universityName, departmentName, city, year, scoreType, baseScore, topScore, medianScore, totalQuota, filledQuota, acceptanceRate, scholarship, tuitionFee}). If you meant to render a collection of children, use an array instead.]
    at reportException (C:\Users\husey\kiro2\frontend\node_modules\jsdom\lib\jsdom\living\helpers\runtime-script-errors.js:66:24)
    at innerInvokeEventListeners (C:\Users\husey\kiro2\frontend\node_modules\jsdom\lib\jsdom\living\events\EventTarget-impl.js:353:9)
    at invokeEventListeners (C:\Users\husey\kiro2\frontend\node_modules\jsdom\lib\jsdom\living\events\EventTarget-impl.js:286:3)
    at HTMLUnknownElementImpl._dispatch (C:\Users\husey\kiro2\frontend\node_modules\jsdom\lib\jsdom\living\events\EventTarget-impl.js:233:9)
    at HTMLUnknownElementImpl.dispatchEvent (C:\Users\husey\kiro2\frontend\node_modules\jsdom\lib\jsdom\living\events\EventTarget-impl.js:104:17)
    at HTMLUnknownElement.dispatchEvent (C:\Users\husey\kiro2\frontend\node_modules\jsdom\lib\jsdom\living\generated\EventTarget.js:241:34)
    at Object.invokeGuardedCallbackDev (C:\Users\husey\kiro2\frontend\node_modules\react-dom\cjs\react-dom.development.js:4213:16)
    at invokeGuardedCallback (C:\Users\husey\kiro2\frontend\node_modules\react-dom\cjs\react-dom.development.js:4277:31)
    at beginWork$1 (C:\Users\husey\kiro2\frontend\node_modules\react-dom\cjs\react-dom.development.js:27490:7)
    at performUnitOfWork (C:\Users\husey\kiro2\frontend\node_modules\react-dom\cjs\react-dom.development.js:26599:12) Error: Objects are not valid as a React child (found: object with keys {id, programName, universityName, departmentName, city, year, scoreType, baseScore, topScore, medianScore, totalQuota, filledQuota, acceptanceRate, scholarship, tuitionFee}). If you meant to render a collection of children, use an array instead.
    at throwOnInvalidObjectType [90m(C:\Users\husey\kiro2\frontend\[39mnode_modules\[4mreact-dom[24m\cjs\react-dom.development.js:13123:9[90m)[39m
    at reconcileChildFibers [90m(C:\Users\husey\kiro2\frontend\[39mnode_modules\[4mreact-dom[24m\cjs\react-dom.development.js:14064:7[90m)[39m
    at reconcileChildren [90m(C:\Users\husey\kiro2\frontend\[39mnode_modules\[4mreact-dom[24m\cjs\react-dom.development.js:19186:28[90m)[39m
    at updateHostComponent [90m(C:\Users\husey\kiro2\frontend\[39mnode_modules\[4mreact-dom[24m\cjs\react-dom.development.js:19953:3[90m)[39m
    at beginWork [90m(C:\Users\husey\kiro2\frontend\[39mnode_modules\[4mreact-dom[24m\cjs\react-dom.development.js:21657:14[90m)[39m
    at HTMLUnknownElement.callCallback [90m(C:\Users\husey\kiro2\frontend\[39mnode_modules\[4mreact-dom[24m\cjs\react-dom.development.js:4164:14[90m)[39m
    at HTMLUnknownElement.callTheUserObjectsOperation [90m(C:\Users\husey\kiro2\frontend\[39mnode_modules\[4mjsdom[24m\lib\jsdom\living\generated\EventListener.js:26:30[90m)[39m
    at innerInvokeEventListeners [90m(C:\Users\husey\kiro2\frontend\[39mnode_modules\[4mjsdom[24m\lib\jsdom\living\events\EventTarget-impl.js:350:25[90m)[39m
    at invokeEventListeners [90m(C:\Users\husey\kiro2\frontend\[39mnode_modules\[4mjsdom[24m\lib\jsdom\living\events\EventTarget-impl.js:286:3[90m)[39m
    at HTMLUnknownElementImpl._dispatch [90m(C:\Users\husey\kiro2\frontend\[39mnode_modules\[4mjsdom[24m\lib\jsdom\living\events\EventTarget-impl.js:233:9[90m)[39m

            </system-err>
            <failure message="Unable to find an element with the text: 485.50. This could be because the text is broken up by multiple elements. In this case, you can provide a function for your text matcher to make your matcher more flexible.

Ignored nodes: comments, script, style
[36m&lt;body&gt;[39m
  [36m&lt;div /&gt;[39m
[36m&lt;/body&gt;[39m

Ignored nodes: comments, script, style
[36m&lt;html&gt;[39m
  [36m&lt;head /&gt;[39m
  [36m&lt;body&gt;[39m
    [36m&lt;div /&gt;[39m
  [36m&lt;/body&gt;[39m
[36m&lt;/html&gt;[39m" type="TestingLibraryElementError">
TestingLibraryElementError: Unable to find an element with the text: 485.50. This could be because the text is broken up by multiple elements. In this case, you can provide a function for your text matcher to make your matcher more flexible.

Ignored nodes: comments, script, style
&lt;body&gt;
  &lt;div /&gt;
&lt;/body&gt;

Ignored nodes: comments, script, style
&lt;html&gt;
  &lt;head /&gt;
  &lt;body&gt;
    &lt;div /&gt;
  &lt;/body&gt;
&lt;/html&gt;
 ❯ waitForWrapper node_modules/@testing-library/react/node_modules/@testing-library/dom/dist/wait-for.js:163:27
 ❯ src/components/UniversityAdvisory/__tests__/ProgramSearch.test.tsx:399:11
            </failure>
        </testcase>
        <testcase classname="src/components/UniversityAdvisory/__tests__/ProgramSearch.test.tsx" name="ProgramSearch - Program Display &gt; displays top score" time="1.0142088">
            <system-err>
Error: Uncaught [Error: Objects are not valid as a React child (found: object with keys {id, programName, universityName, departmentName, city, year, scoreType, baseScore, topScore, medianScore, totalQuota, filledQuota, acceptanceRate, scholarship, tuitionFee}). If you meant to render a collection of children, use an array instead.]
    at reportException (C:\Users\husey\kiro2\frontend\node_modules\jsdom\lib\jsdom\living\helpers\runtime-script-errors.js:66:24)
    at innerInvokeEventListeners (C:\Users\husey\kiro2\frontend\node_modules\jsdom\lib\jsdom\living\events\EventTarget-impl.js:353:9)
    at invokeEventListeners (C:\Users\husey\kiro2\frontend\node_modules\jsdom\lib\jsdom\living\events\EventTarget-impl.js:286:3)
    at HTMLUnknownElementImpl._dispatch (C:\Users\husey\kiro2\frontend\node_modules\jsdom\lib\jsdom\living\events\EventTarget-impl.js:233:9)
    at HTMLUnknownElementImpl.dispatchEvent (C:\Users\husey\kiro2\frontend\node_modules\jsdom\lib\jsdom\living\events\EventTarget-impl.js:104:17)
    at HTMLUnknownElement.dispatchEvent (C:\Users\husey\kiro2\frontend\node_modules\jsdom\lib\jsdom\living\generated\EventTarget.js:241:34)
    at Object.invokeGuardedCallbackDev (C:\Users\husey\kiro2\frontend\node_modules\react-dom\cjs\react-dom.development.js:4213:16)
    at invokeGuardedCallback (C:\Users\husey\kiro2\frontend\node_modules\react-dom\cjs\react-dom.development.js:4277:31)
    at beginWork$1 (C:\Users\husey\kiro2\frontend\node_modules\react-dom\cjs\react-dom.development.js:27490:7)
    at performUnitOfWork (C:\Users\husey\kiro2\frontend\node_modules\react-dom\cjs\react-dom.development.js:26599:12) Error: Objects are not valid as a React child (found: object with keys {id, programName, universityName, departmentName, city, year, scoreType, baseScore, topScore, medianScore, totalQuota, filledQuota, acceptanceRate, scholarship, tuitionFee}). If you meant to render a collection of children, use an array instead.
    at throwOnInvalidObjectType [90m(C:\Users\husey\kiro2\frontend\[39mnode_modules\[4mreact-dom[24m\cjs\react-dom.development.js:13123:9[90m)[39m
    at reconcileChildFibers [90m(C:\Users\husey\kiro2\frontend\[39mnode_modules\[4mreact-dom[24m\cjs\react-dom.development.js:14064:7[90m)[39m
    at reconcileChildren [90m(C:\Users\husey\kiro2\frontend\[39mnode_modules\[4mreact-dom[24m\cjs\react-dom.development.js:19186:28[90m)[39m
    at updateHostComponent [90m(C:\Users\husey\kiro2\frontend\[39mnode_modules\[4mreact-dom[24m\cjs\react-dom.development.js:19953:3[90m)[39m
    at beginWork [90m(C:\Users\husey\kiro2\frontend\[39mnode_modules\[4mreact-dom[24m\cjs\react-dom.development.js:21657:14[90m)[39m
    at HTMLUnknownElement.callCallback [90m(C:\Users\husey\kiro2\frontend\[39mnode_modules\[4mreact-dom[24m\cjs\react-dom.development.js:4164:14[90m)[39m
    at HTMLUnknownElement.callTheUserObjectsOperation [90m(C:\Users\husey\kiro2\frontend\[39mnode_modules\[4mjsdom[24m\lib\jsdom\living\generated\EventListener.js:26:30[90m)[39m
    at innerInvokeEventListeners [90m(C:\Users\husey\kiro2\frontend\[39mnode_modules\[4mjsdom[24m\lib\jsdom\living\events\EventTarget-impl.js:350:25[90m)[39m
    at invokeEventListeners [90m(C:\Users\husey\kiro2\frontend\[39mnode_modules\[4mjsdom[24m\lib\jsdom\living\events\EventTarget-impl.js:286:3[90m)[39m
    at HTMLUnknownElementImpl._dispatch [90m(C:\Users\husey\kiro2\frontend\[39mnode_modules\[4mjsdom[24m\lib\jsdom\living\events\EventTarget-impl.js:233:9[90m)[39m
Error: Uncaught [Error: Objects are not valid as a React child (found: object with keys {id, programName, universityName, departmentName, city, year, scoreType, baseScore, topScore, medianScore, totalQuota, filledQuota, acceptanceRate, scholarship, tuitionFee}). If you meant to render a collection of children, use an array instead.]
    at reportException (C:\Users\husey\kiro2\frontend\node_modules\jsdom\lib\jsdom\living\helpers\runtime-script-errors.js:66:24)
    at innerInvokeEventListeners (C:\Users\husey\kiro2\frontend\node_modules\jsdom\lib\jsdom\living\events\EventTarget-impl.js:353:9)
    at invokeEventListeners (C:\Users\husey\kiro2\frontend\node_modules\jsdom\lib\jsdom\living\events\EventTarget-impl.js:286:3)
    at HTMLUnknownElementImpl._dispatch (C:\Users\husey\kiro2\frontend\node_modules\jsdom\lib\jsdom\living\events\EventTarget-impl.js:233:9)
    at HTMLUnknownElementImpl.dispatchEvent (C:\Users\husey\kiro2\frontend\node_modules\jsdom\lib\jsdom\living\events\EventTarget-impl.js:104:17)
    at HTMLUnknownElement.dispatchEvent (C:\Users\husey\kiro2\frontend\node_modules\jsdom\lib\jsdom\living\generated\EventTarget.js:241:34)
    at Object.invokeGuardedCallbackDev (C:\Users\husey\kiro2\frontend\node_modules\react-dom\cjs\react-dom.development.js:4213:16)
    at invokeGuardedCallback (C:\Users\husey\kiro2\frontend\node_modules\react-dom\cjs\react-dom.development.js:4277:31)
    at beginWork$1 (C:\Users\husey\kiro2\frontend\node_modules\react-dom\cjs\react-dom.development.js:27490:7)
    at performUnitOfWork (C:\Users\husey\kiro2\frontend\node_modules\react-dom\cjs\react-dom.development.js:26599:12) Error: Objects are not valid as a React child (found: object with keys {id, programName, universityName, departmentName, city, year, scoreType, baseScore, topScore, medianScore, totalQuota, filledQuota, acceptanceRate, scholarship, tuitionFee}). If you meant to render a collection of children, use an array instead.
    at throwOnInvalidObjectType [90m(C:\Users\husey\kiro2\frontend\[39mnode_modules\[4mreact-dom[24m\cjs\react-dom.development.js:13123:9[90m)[39m
    at reconcileChildFibers [90m(C:\Users\husey\kiro2\frontend\[39mnode_modules\[4mreact-dom[24m\cjs\react-dom.development.js:14064:7[90m)[39m
    at reconcileChildren [90m(C:\Users\husey\kiro2\frontend\[39mnode_modules\[4mreact-dom[24m\cjs\react-dom.development.js:19186:28[90m)[39m
    at updateHostComponent [90m(C:\Users\husey\kiro2\frontend\[39mnode_modules\[4mreact-dom[24m\cjs\react-dom.development.js:19953:3[90m)[39m
    at beginWork [90m(C:\Users\husey\kiro2\frontend\[39mnode_modules\[4mreact-dom[24m\cjs\react-dom.development.js:21657:14[90m)[39m
    at HTMLUnknownElement.callCallback [90m(C:\Users\husey\kiro2\frontend\[39mnode_modules\[4mreact-dom[24m\cjs\react-dom.development.js:4164:14[90m)[39m
    at HTMLUnknownElement.callTheUserObjectsOperation [90m(C:\Users\husey\kiro2\frontend\[39mnode_modules\[4mjsdom[24m\lib\jsdom\living\generated\EventListener.js:26:30[90m)[39m
    at innerInvokeEventListeners [90m(C:\Users\husey\kiro2\frontend\[39mnode_modules\[4mjsdom[24m\lib\jsdom\living\events\EventTarget-impl.js:350:25[90m)[39m
    at invokeEventListeners [90m(C:\Users\husey\kiro2\frontend\[39mnode_modules\[4mjsdom[24m\lib\jsdom\living\events\EventTarget-impl.js:286:3[90m)[39m
    at HTMLUnknownElementImpl._dispatch [90m(C:\Users\husey\kiro2\frontend\[39mnode_modules\[4mjsdom[24m\lib\jsdom\living\events\EventTarget-impl.js:233:9[90m)[39m
Error: Uncaught [Error: Objects are not valid as a React child (found: object with keys {id, programName, universityName, departmentName, city, year, scoreType, baseScore, topScore, medianScore, totalQuota, filledQuota, acceptanceRate, scholarship, tuitionFee}). If you meant to render a collection of children, use an array instead.]
    at reportException (C:\Users\husey\kiro2\frontend\node_modules\jsdom\lib\jsdom\living\helpers\runtime-script-errors.js:66:24)
    at innerInvokeEventListeners (C:\Users\husey\kiro2\frontend\node_modules\jsdom\lib\jsdom\living\events\EventTarget-impl.js:353:9)
    at invokeEventListeners (C:\Users\husey\kiro2\frontend\node_modules\jsdom\lib\jsdom\living\events\EventTarget-impl.js:286:3)
    at HTMLUnknownElementImpl._dispatch (C:\Users\husey\kiro2\frontend\node_modules\jsdom\lib\jsdom\living\events\EventTarget-impl.js:233:9)
    at HTMLUnknownElementImpl.dispatchEvent (C:\Users\husey\kiro2\frontend\node_modules\jsdom\lib\jsdom\living\events\EventTarget-impl.js:104:17)
    at HTMLUnknownElement.dispatchEvent (C:\Users\husey\kiro2\frontend\node_modules\jsdom\lib\jsdom\living\generated\EventTarget.js:241:34)
    at Object.invokeGuardedCallbackDev (C:\Users\husey\kiro2\frontend\node_modules\react-dom\cjs\react-dom.development.js:4213:16)
    at invokeGuardedCallback (C:\Users\husey\kiro2\frontend\node_modules\react-dom\cjs\react-dom.development.js:4277:31)
    at beginWork$1 (C:\Users\husey\kiro2\frontend\node_modules\react-dom\cjs\react-dom.development.js:27490:7)
    at performUnitOfWork (C:\Users\husey\kiro2\frontend\node_modules\react-dom\cjs\react-dom.development.js:26599:12) Error: Objects are not valid as a React child (found: object with keys {id, programName, universityName, departmentName, city, year, scoreType, baseScore, topScore, medianScore, totalQuota, filledQuota, acceptanceRate, scholarship, tuitionFee}). If you meant to render a collection of children, use an array instead.
    at throwOnInvalidObjectType [90m(C:\Users\husey\kiro2\frontend\[39mnode_modules\[4mreact-dom[24m\cjs\react-dom.development.js:13123:9[90m)[39m
    at reconcileChildFibers [90m(C:\Users\husey\kiro2\frontend\[39mnode_modules\[4mreact-dom[24m\cjs\react-dom.development.js:14064:7[90m)[39m
    at reconcileChildren [90m(C:\Users\husey\kiro2\frontend\[39mnode_modules\[4mreact-dom[24m\cjs\react-dom.development.js:19186:28[90m)[39m
    at updateHostComponent [90m(C:\Users\husey\kiro2\frontend\[39mnode_modules\[4mreact-dom[24m\cjs\react-dom.development.js:19953:3[90m)[39m
    at beginWork [90m(C:\Users\husey\kiro2\frontend\[39mnode_modules\[4mreact-dom[24m\cjs\react-dom.development.js:21657:14[90m)[39m
    at HTMLUnknownElement.callCallback [90m(C:\Users\husey\kiro2\frontend\[39mnode_modules\[4mreact-dom[24m\cjs\react-dom.development.js:4164:14[90m)[39m
    at HTMLUnknownElement.callTheUserObjectsOperation [90m(C:\Users\husey\kiro2\frontend\[39mnode_modules\[4mjsdom[24m\lib\jsdom\living\generated\EventListener.js:26:30[90m)[39m
    at innerInvokeEventListeners [90m(C:\Users\husey\kiro2\frontend\[39mnode_modules\[4mjsdom[24m\lib\jsdom\living\events\EventTarget-impl.js:350:25[90m)[39m
    at invokeEventListeners [90m(C:\Users\husey\kiro2\frontend\[39mnode_modules\[4mjsdom[24m\lib\jsdom\living\events\EventTarget-impl.js:286:3[90m)[39m
    at HTMLUnknownElementImpl._dispatch [90m(C:\Users\husey\kiro2\frontend\[39mnode_modules\[4mjsdom[24m\lib\jsdom\living\events\EventTarget-impl.js:233:9[90m)[39m
Error: Uncaught [Error: Objects are not valid as a React child (found: object with keys {id, programName, universityName, departmentName, city, year, scoreType, baseScore, topScore, medianScore, totalQuota, filledQuota, acceptanceRate, scholarship, tuitionFee}). If you meant to render a collection of children, use an array instead.]
    at reportException (C:\Users\husey\kiro2\frontend\node_modules\jsdom\lib\jsdom\living\helpers\runtime-script-errors.js:66:24)
    at innerInvokeEventListeners (C:\Users\husey\kiro2\frontend\node_modules\jsdom\lib\jsdom\living\events\EventTarget-impl.js:353:9)
    at invokeEventListeners (C:\Users\husey\kiro2\frontend\node_modules\jsdom\lib\jsdom\living\events\EventTarget-impl.js:286:3)
    at HTMLUnknownElementImpl._dispatch (C:\Users\husey\kiro2\frontend\node_modules\jsdom\lib\jsdom\living\events\EventTarget-impl.js:233:9)
    at HTMLUnknownElementImpl.dispatchEvent (C:\Users\husey\kiro2\frontend\node_modules\jsdom\lib\jsdom\living\events\EventTarget-impl.js:104:17)
    at HTMLUnknownElement.dispatchEvent (C:\Users\husey\kiro2\frontend\node_modules\jsdom\lib\jsdom\living\generated\EventTarget.js:241:34)
    at Object.invokeGuardedCallbackDev (C:\Users\husey\kiro2\frontend\node_modules\react-dom\cjs\react-dom.development.js:4213:16)
    at invokeGuardedCallback (C:\Users\husey\kiro2\frontend\node_modules\react-dom\cjs\react-dom.development.js:4277:31)
    at beginWork$1 (C:\Users\husey\kiro2\frontend\node_modules\react-dom\cjs\react-dom.development.js:27490:7)
    at performUnitOfWork (C:\Users\husey\kiro2\frontend\node_modules\react-dom\cjs\react-dom.development.js:26599:12) Error: Objects are not valid as a React child (found: object with keys {id, programName, universityName, departmentName, city, year, scoreType, baseScore, topScore, medianScore, totalQuota, filledQuota, acceptanceRate, scholarship, tuitionFee}). If you meant to render a collection of children, use an array instead.
    at throwOnInvalidObjectType [90m(C:\Users\husey\kiro2\frontend\[39mnode_modules\[4mreact-dom[24m\cjs\react-dom.development.js:13123:9[90m)[39m
    at reconcileChildFibers [90m(C:\Users\husey\kiro2\frontend\[39mnode_modules\[4mreact-dom[24m\cjs\react-dom.development.js:14064:7[90m)[39m
    at reconcileChildren [90m(C:\Users\husey\kiro2\frontend\[39mnode_modules\[4mreact-dom[24m\cjs\react-dom.development.js:19186:28[90m)[39m
    at updateHostComponent [90m(C:\Users\husey\kiro2\frontend\[39mnode_modules\[4mreact-dom[24m\cjs\react-dom.development.js:19953:3[90m)[39m
    at beginWork [90m(C:\Users\husey\kiro2\frontend\[39mnode_modules\[4mreact-dom[24m\cjs\react-dom.development.js:21657:14[90m)[39m
    at HTMLUnknownElement.callCallback [90m(C:\Users\husey\kiro2\frontend\[39mnode_modules\[4mreact-dom[24m\cjs\react-dom.development.js:4164:14[90m)[39m
    at HTMLUnknownElement.callTheUserObjectsOperation [90m(C:\Users\husey\kiro2\frontend\[39mnode_modules\[4mjsdom[24m\lib\jsdom\living\generated\EventListener.js:26:30[90m)[39m
    at innerInvokeEventListeners [90m(C:\Users\husey\kiro2\frontend\[39mnode_modules\[4mjsdom[24m\lib\jsdom\living\events\EventTarget-impl.js:350:25[90m)[39m
    at invokeEventListeners [90m(C:\Users\husey\kiro2\frontend\[39mnode_modules\[4mjsdom[24m\lib\jsdom\living\events\EventTarget-impl.js:286:3[90m)[39m
    at HTMLUnknownElementImpl._dispatch [90m(C:\Users\husey\kiro2\frontend\[39mnode_modules\[4mjsdom[24m\lib\jsdom\living\events\EventTarget-impl.js:233:9[90m)[39m
Error: Uncaught [Error: Objects are not valid as a React child (found: object with keys {id, programName, universityName, departmentName, city, year, scoreType, baseScore, topScore, medianScore, totalQuota, filledQuota, acceptanceRate, scholarship, tuitionFee}). If you meant to render a collection of children, use an array instead.]
    at reportException (C:\Users\husey\kiro2\frontend\node_modules\jsdom\lib\jsdom\living\helpers\runtime-script-errors.js:66:24)
    at innerInvokeEventListeners (C:\Users\husey\kiro2\frontend\node_modules\jsdom\lib\jsdom\living\events\EventTarget-impl.js:353:9)
    at invokeEventListeners (C:\Users\husey\kiro2\frontend\node_modules\jsdom\lib\jsdom\living\events\EventTarget-impl.js:286:3)
    at HTMLUnknownElementImpl._dispatch (C:\Users\husey\kiro2\frontend\node_modules\jsdom\lib\jsdom\living\events\EventTarget-impl.js:233:9)
    at HTMLUnknownElementImpl.dispatchEvent (C:\Users\husey\kiro2\frontend\node_modules\jsdom\lib\jsdom\living\events\EventTarget-impl.js:104:17)
    at HTMLUnknownElement.dispatchEvent (C:\Users\husey\kiro2\frontend\node_modules\jsdom\lib\jsdom\living\generated\EventTarget.js:241:34)
    at Object.invokeGuardedCallbackDev (C:\Users\husey\kiro2\frontend\node_modules\react-dom\cjs\react-dom.development.js:4213:16)
    at invokeGuardedCallback (C:\Users\husey\kiro2\frontend\node_modules\react-dom\cjs\react-dom.development.js:4277:31)
    at beginWork$1 (C:\Users\husey\kiro2\frontend\node_modules\react-dom\cjs\react-dom.development.js:27490:7)
    at performUnitOfWork (C:\Users\husey\kiro2\frontend\node_modules\react-dom\cjs\react-dom.development.js:26599:12) Error: Objects are not valid as a React child (found: object with keys {id, programName, universityName, departmentName, city, year, scoreType, baseScore, topScore, medianScore, totalQuota, filledQuota, acceptanceRate, scholarship, tuitionFee}). If you meant to render a collection of children, use an array instead.
    at throwOnInvalidObjectType [90m(C:\Users\husey\kiro2\frontend\[39mnode_modules\[4mreact-dom[24m\cjs\react-dom.development.js:13123:9[90m)[39m
    at reconcileChildFibers [90m(C:\Users\husey\kiro2\frontend\[39mnode_modules\[4mreact-dom[24m\cjs\react-dom.development.js:14064:7[90m)[39m
    at reconcileChildren [90m(C:\Users\husey\kiro2\frontend\[39mnode_modules\[4mreact-dom[24m\cjs\react-dom.development.js:19186:28[90m)[39m
    at updateHostComponent [90m(C:\Users\husey\kiro2\frontend\[39mnode_modules\[4mreact-dom[24m\cjs\react-dom.development.js:19953:3[90m)[39m
    at beginWork [90m(C:\Users\husey\kiro2\frontend\[39mnode_modules\[4mreact-dom[24m\cjs\react-dom.development.js:21657:14[90m)[39m
    at HTMLUnknownElement.callCallback [90m(C:\Users\husey\kiro2\frontend\[39mnode_modules\[4mreact-dom[24m\cjs\react-dom.development.js:4164:14[90m)[39m
    at HTMLUnknownElement.callTheUserObjectsOperation [90m(C:\Users\husey\kiro2\frontend\[39mnode_modules\[4mjsdom[24m\lib\jsdom\living\generated\EventListener.js:26:30[90m)[39m
    at innerInvokeEventListeners [90m(C:\Users\husey\kiro2\frontend\[39mnode_modules\[4mjsdom[24m\lib\jsdom\living\events\EventTarget-impl.js:350:25[90m)[39m
    at invokeEventListeners [90m(C:\Users\husey\kiro2\frontend\[39mnode_modules\[4mjsdom[24m\lib\jsdom\living\events\EventTarget-impl.js:286:3[90m)[39m
    at HTMLUnknownElementImpl._dispatch [90m(C:\Users\husey\kiro2\frontend\[39mnode_modules\[4mjsdom[24m\lib\jsdom\living\events\EventTarget-impl.js:233:9[90m)[39m
Error: Uncaught [Error: Objects are not valid as a React child (found: object with keys {id, programName, universityName, departmentName, city, year, scoreType, baseScore, topScore, medianScore, totalQuota, filledQuota, acceptanceRate, scholarship, tuitionFee}). If you meant to render a collection of children, use an array instead.]
    at reportException (C:\Users\husey\kiro2\frontend\node_modules\jsdom\lib\jsdom\living\helpers\runtime-script-errors.js:66:24)
    at innerInvokeEventListeners (C:\Users\husey\kiro2\frontend\node_modules\jsdom\lib\jsdom\living\events\EventTarget-impl.js:353:9)
    at invokeEventListeners (C:\Users\husey\kiro2\frontend\node_modules\jsdom\lib\jsdom\living\events\EventTarget-impl.js:286:3)
    at HTMLUnknownElementImpl._dispatch (C:\Users\husey\kiro2\frontend\node_modules\jsdom\lib\jsdom\living\events\EventTarget-impl.js:233:9)
    at HTMLUnknownElementImpl.dispatchEvent (C:\Users\husey\kiro2\frontend\node_modules\jsdom\lib\jsdom\living\events\EventTarget-impl.js:104:17)
    at HTMLUnknownElement.dispatchEvent (C:\Users\husey\kiro2\frontend\node_modules\jsdom\lib\jsdom\living\generated\EventTarget.js:241:34)
    at Object.invokeGuardedCallbackDev (C:\Users\husey\kiro2\frontend\node_modules\react-dom\cjs\react-dom.development.js:4213:16)
    at invokeGuardedCallback (C:\Users\husey\kiro2\frontend\node_modules\react-dom\cjs\react-dom.development.js:4277:31)
    at beginWork$1 (C:\Users\husey\kiro2\frontend\node_modules\react-dom\cjs\react-dom.development.js:27490:7)
    at performUnitOfWork (C:\Users\husey\kiro2\frontend\node_modules\react-dom\cjs\react-dom.development.js:26599:12) Error: Objects are not valid as a React child (found: object with keys {id, programName, universityName, departmentName, city, year, scoreType, baseScore, topScore, medianScore, totalQuota, filledQuota, acceptanceRate, scholarship, tuitionFee}). If you meant to render a collection of children, use an array instead.
    at throwOnInvalidObjectType [90m(C:\Users\husey\kiro2\frontend\[39mnode_modules\[4mreact-dom[24m\cjs\react-dom.development.js:13123:9[90m)[39m
    at reconcileChildFibers [90m(C:\Users\husey\kiro2\frontend\[39mnode_modules\[4mreact-dom[24m\cjs\react-dom.development.js:14064:7[90m)[39m
    at reconcileChildren [90m(C:\Users\husey\kiro2\frontend\[39mnode_modules\[4mreact-dom[24m\cjs\react-dom.development.js:19186:28[90m)[39m
    at updateHostComponent [90m(C:\Users\husey\kiro2\frontend\[39mnode_modules\[4mreact-dom[24m\cjs\react-dom.development.js:19953:3[90m)[39m
    at beginWork [90m(C:\Users\husey\kiro2\frontend\[39mnode_modules\[4mreact-dom[24m\cjs\react-dom.development.js:21657:14[90m)[39m
    at HTMLUnknownElement.callCallback [90m(C:\Users\husey\kiro2\frontend\[39mnode_modules\[4mreact-dom[24m\cjs\react-dom.development.js:4164:14[90m)[39m
    at HTMLUnknownElement.callTheUserObjectsOperation [90m(C:\Users\husey\kiro2\frontend\[39mnode_modules\[4mjsdom[24m\lib\jsdom\living\generated\EventListener.js:26:30[90m)[39m
    at innerInvokeEventListeners [90m(C:\Users\husey\kiro2\frontend\[39mnode_modules\[4mjsdom[24m\lib\jsdom\living\events\EventTarget-impl.js:350:25[90m)[39m
    at invokeEventListeners [90m(C:\Users\husey\kiro2\frontend\[39mnode_modules\[4mjsdom[24m\lib\jsdom\living\events\EventTarget-impl.js:286:3[90m)[39m
    at HTMLUnknownElementImpl._dispatch [90m(C:\Users\husey\kiro2\frontend\[39mnode_modules\[4mjsdom[24m\lib\jsdom\living\events\EventTarget-impl.js:233:9[90m)[39m

            </system-err>
            <failure message="Unable to find an element with the text: 520.30. This could be because the text is broken up by multiple elements. In this case, you can provide a function for your text matcher to make your matcher more flexible.

Ignored nodes: comments, script, style
[36m&lt;body&gt;[39m
  [36m&lt;div /&gt;[39m
[36m&lt;/body&gt;[39m

Ignored nodes: comments, script, style
[36m&lt;html&gt;[39m
  [36m&lt;head /&gt;[39m
  [36m&lt;body&gt;[39m
    [36m&lt;div /&gt;[39m
  [36m&lt;/body&gt;[39m
[36m&lt;/html&gt;[39m" type="TestingLibraryElementError">
TestingLibraryElementError: Unable to find an element with the text: 520.30. This could be because the text is broken up by multiple elements. In this case, you can provide a function for your text matcher to make your matcher more flexible.

Ignored nodes: comments, script, style
&lt;body&gt;
  &lt;div /&gt;
&lt;/body&gt;

Ignored nodes: comments, script, style
&lt;html&gt;
  &lt;head /&gt;
  &lt;body&gt;
    &lt;div /&gt;
  &lt;/body&gt;
&lt;/html&gt;
 ❯ waitForWrapper node_modules/@testing-library/react/node_modules/@testing-library/dom/dist/wait-for.js:163:27
 ❯ src/components/UniversityAdvisory/__tests__/ProgramSearch.test.tsx:407:11
            </failure>
        </testcase>
        <testcase classname="src/components/UniversityAdvisory/__tests__/ProgramSearch.test.tsx" name="ProgramSearch - Program Display &gt; displays median score" time="1.0133029">
            <system-err>
Error: Uncaught [Error: Objects are not valid as a React child (found: object with keys {id, programName, universityName, departmentName, city, year, scoreType, baseScore, topScore, medianScore, totalQuota, filledQuota, acceptanceRate, scholarship, tuitionFee}). If you meant to render a collection of children, use an array instead.]
    at reportException (C:\Users\husey\kiro2\frontend\node_modules\jsdom\lib\jsdom\living\helpers\runtime-script-errors.js:66:24)
    at innerInvokeEventListeners (C:\Users\husey\kiro2\frontend\node_modules\jsdom\lib\jsdom\living\events\EventTarget-impl.js:353:9)
    at invokeEventListeners (C:\Users\husey\kiro2\frontend\node_modules\jsdom\lib\jsdom\living\events\EventTarget-impl.js:286:3)
    at HTMLUnknownElementImpl._dispatch (C:\Users\husey\kiro2\frontend\node_modules\jsdom\lib\jsdom\living\events\EventTarget-impl.js:233:9)
    at HTMLUnknownElementImpl.dispatchEvent (C:\Users\husey\kiro2\frontend\node_modules\jsdom\lib\jsdom\living\events\EventTarget-impl.js:104:17)
    at HTMLUnknownElement.dispatchEvent (C:\Users\husey\kiro2\frontend\node_modules\jsdom\lib\jsdom\living\generated\EventTarget.js:241:34)
    at Object.invokeGuardedCallbackDev (C:\Users\husey\kiro2\frontend\node_modules\react-dom\cjs\react-dom.development.js:4213:16)
    at invokeGuardedCallback (C:\Users\husey\kiro2\frontend\node_modules\react-dom\cjs\react-dom.development.js:4277:31)
    at beginWork$1 (C:\Users\husey\kiro2\frontend\node_modules\react-dom\cjs\react-dom.development.js:27490:7)
    at performUnitOfWork (C:\Users\husey\kiro2\frontend\node_modules\react-dom\cjs\react-dom.development.js:26599:12) Error: Objects are not valid as a React child (found: object with keys {id, programName, universityName, departmentName, city, year, scoreType, baseScore, topScore, medianScore, totalQuota, filledQuota, acceptanceRate, scholarship, tuitionFee}). If you meant to render a collection of children, use an array instead.
    at throwOnInvalidObjectType [90m(C:\Users\husey\kiro2\frontend\[39mnode_modules\[4mreact-dom[24m\cjs\react-dom.development.js:13123:9[90m)[39m
    at reconcileChildFibers [90m(C:\Users\husey\kiro2\frontend\[39mnode_modules\[4mreact-dom[24m\cjs\react-dom.development.js:14064:7[90m)[39m
    at reconcileChildren [90m(C:\Users\husey\kiro2\frontend\[39mnode_modules\[4mreact-dom[24m\cjs\react-dom.development.js:19186:28[90m)[39m
    at updateHostComponent [90m(C:\Users\husey\kiro2\frontend\[39mnode_modules\[4mreact-dom[24m\cjs\react-dom.development.js:19953:3[90m)[39m
    at beginWork [90m(C:\Users\husey\kiro2\frontend\[39mnode_modules\[4mreact-dom[24m\cjs\react-dom.development.js:21657:14[90m)[39m
    at HTMLUnknownElement.callCallback [90m(C:\Users\husey\kiro2\frontend\[39mnode_modules\[4mreact-dom[24m\cjs\react-dom.development.js:4164:14[90m)[39m
    at HTMLUnknownElement.callTheUserObjectsOperation [90m(C:\Users\husey\kiro2\frontend\[39mnode_modules\[4mjsdom[24m\lib\jsdom\living\generated\EventListener.js:26:30[90m)[39m
    at innerInvokeEventListeners [90m(C:\Users\husey\kiro2\frontend\[39mnode_modules\[4mjsdom[24m\lib\jsdom\living\events\EventTarget-impl.js:350:25[90m)[39m
    at invokeEventListeners [90m(C:\Users\husey\kiro2\frontend\[39mnode_modules\[4mjsdom[24m\lib\jsdom\living\events\EventTarget-impl.js:286:3[90m)[39m
    at HTMLUnknownElementImpl._dispatch [90m(C:\Users\husey\kiro2\frontend\[39mnode_modules\[4mjsdom[24m\lib\jsdom\living\events\EventTarget-impl.js:233:9[90m)[39m
Error: Uncaught [Error: Objects are not valid as a React child (found: object with keys {id, programName, universityName, departmentName, city, year, scoreType, baseScore, topScore, medianScore, totalQuota, filledQuota, acceptanceRate, scholarship, tuitionFee}). If you meant to render a collection of children, use an array instead.]
    at reportException (C:\Users\husey\kiro2\frontend\node_modules\jsdom\lib\jsdom\living\helpers\runtime-script-errors.js:66:24)
    at innerInvokeEventListeners (C:\Users\husey\kiro2\frontend\node_modules\jsdom\lib\jsdom\living\events\EventTarget-impl.js:353:9)
    at invokeEventListeners (C:\Users\husey\kiro2\frontend\node_modules\jsdom\lib\jsdom\living\events\EventTarget-impl.js:286:3)
    at HTMLUnknownElementImpl._dispatch (C:\Users\husey\kiro2\frontend\node_modules\jsdom\lib\jsdom\living\events\EventTarget-impl.js:233:9)
    at HTMLUnknownElementImpl.dispatchEvent (C:\Users\husey\kiro2\frontend\node_modules\jsdom\lib\jsdom\living\events\EventTarget-impl.js:104:17)
    at HTMLUnknownElement.dispatchEvent (C:\Users\husey\kiro2\frontend\node_modules\jsdom\lib\jsdom\living\generated\EventTarget.js:241:34)
    at Object.invokeGuardedCallbackDev (C:\Users\husey\kiro2\frontend\node_modules\react-dom\cjs\react-dom.development.js:4213:16)
    at invokeGuardedCallback (C:\Users\husey\kiro2\frontend\node_modules\react-dom\cjs\react-dom.development.js:4277:31)
    at beginWork$1 (C:\Users\husey\kiro2\frontend\node_modules\react-dom\cjs\react-dom.development.js:27490:7)
    at performUnitOfWork (C:\Users\husey\kiro2\frontend\node_modules\react-dom\cjs\react-dom.development.js:26599:12) Error: Objects are not valid as a React child (found: object with keys {id, programName, universityName, departmentName, city, year, scoreType, baseScore, topScore, medianScore, totalQuota, filledQuota, acceptanceRate, scholarship, tuitionFee}). If you meant to render a collection of children, use an array instead.
    at throwOnInvalidObjectType [90m(C:\Users\husey\kiro2\frontend\[39mnode_modules\[4mreact-dom[24m\cjs\react-dom.development.js:13123:9[90m)[39m
    at reconcileChildFibers [90m(C:\Users\husey\kiro2\frontend\[39mnode_modules\[4mreact-dom[24m\cjs\react-dom.development.js:14064:7[90m)[39m
    at reconcileChildren [90m(C:\Users\husey\kiro2\frontend\[39mnode_modules\[4mreact-dom[24m\cjs\react-dom.development.js:19186:28[90m)[39m
    at updateHostComponent [90m(C:\Users\husey\kiro2\frontend\[39mnode_modules\[4mreact-dom[24m\cjs\react-dom.development.js:19953:3[90m)[39m
    at beginWork [90m(C:\Users\husey\kiro2\frontend\[39mnode_modules\[4mreact-dom[24m\cjs\react-dom.development.js:21657:14[90m)[39m
    at HTMLUnknownElement.callCallback [90m(C:\Users\husey\kiro2\frontend\[39mnode_modules\[4mreact-dom[24m\cjs\react-dom.development.js:4164:14[90m)[39m
    at HTMLUnknownElement.callTheUserObjectsOperation [90m(C:\Users\husey\kiro2\frontend\[39mnode_modules\[4mjsdom[24m\lib\jsdom\living\generated\EventListener.js:26:30[90m)[39m
    at innerInvokeEventListeners [90m(C:\Users\husey\kiro2\frontend\[39mnode_modules\[4mjsdom[24m\lib\jsdom\living\events\EventTarget-impl.js:350:25[90m)[39m
    at invokeEventListeners [90m(C:\Users\husey\kiro2\frontend\[39mnode_modules\[4mjsdom[24m\lib\jsdom\living\events\EventTarget-impl.js:286:3[90m)[39m
    at HTMLUnknownElementImpl._dispatch [90m(C:\Users\husey\kiro2\frontend\[39mnode_modules\[4mjsdom[24m\lib\jsdom\living\events\EventTarget-impl.js:233:9[90m)[39m
Error: Uncaught [Error: Objects are not valid as a React child (found: object with keys {id, programName, universityName, departmentName, city, year, scoreType, baseScore, topScore, medianScore, totalQuota, filledQuota, acceptanceRate, scholarship, tuitionFee}). If you meant to render a collection of children, use an array instead.]
    at reportException (C:\Users\husey\kiro2\frontend\node_modules\jsdom\lib\jsdom\living\helpers\runtime-script-errors.js:66:24)
    at innerInvokeEventListeners (C:\Users\husey\kiro2\frontend\node_modules\jsdom\lib\jsdom\living\events\EventTarget-impl.js:353:9)
    at invokeEventListeners (C:\Users\husey\kiro2\frontend\node_modules\jsdom\lib\jsdom\living\events\EventTarget-impl.js:286:3)
    at HTMLUnknownElementImpl._dispatch (C:\Users\husey\kiro2\frontend\node_modules\jsdom\lib\jsdom\living\events\EventTarget-impl.js:233:9)
    at HTMLUnknownElementImpl.dispatchEvent (C:\Users\husey\kiro2\frontend\node_modules\jsdom\lib\jsdom\living\events\EventTarget-impl.js:104:17)
    at HTMLUnknownElement.dispatchEvent (C:\Users\husey\kiro2\frontend\node_modules\jsdom\lib\jsdom\living\generated\EventTarget.js:241:34)
    at Object.invokeGuardedCallbackDev (C:\Users\husey\kiro2\frontend\node_modules\react-dom\cjs\react-dom.development.js:4213:16)
    at invokeGuardedCallback (C:\Users\husey\kiro2\frontend\node_modules\react-dom\cjs\react-dom.development.js:4277:31)
    at beginWork$1 (C:\Users\husey\kiro2\frontend\node_modules\react-dom\cjs\react-dom.development.js:27490:7)
    at performUnitOfWork (C:\Users\husey\kiro2\frontend\node_modules\react-dom\cjs\react-dom.development.js:26599:12) Error: Objects are not valid as a React child (found: object with keys {id, programName, universityName, departmentName, city, year, scoreType, baseScore, topScore, medianScore, totalQuota, filledQuota, acceptanceRate, scholarship, tuitionFee}). If you meant to render a collection of children, use an array instead.
    at throwOnInvalidObjectType [90m(C:\Users\husey\kiro2\frontend\[39mnode_modules\[4mreact-dom[24m\cjs\react-dom.development.js:13123:9[90m)[39m
    at reconcileChildFibers [90m(C:\Users\husey\kiro2\frontend\[39mnode_modules\[4mreact-dom[24m\cjs\react-dom.development.js:14064:7[90m)[39m
    at reconcileChildren [90m(C:\Users\husey\kiro2\frontend\[39mnode_modules\[4mreact-dom[24m\cjs\react-dom.development.js:19186:28[90m)[39m
    at updateHostComponent [90m(C:\Users\husey\kiro2\frontend\[39mnode_modules\[4mreact-dom[24m\cjs\react-dom.development.js:19953:3[90m)[39m
    at beginWork [90m(C:\Users\husey\kiro2\frontend\[39mnode_modules\[4mreact-dom[24m\cjs\react-dom.development.js:21657:14[90m)[39m
    at HTMLUnknownElement.callCallback [90m(C:\Users\husey\kiro2\frontend\[39mnode_modules\[4mreact-dom[24m\cjs\react-dom.development.js:4164:14[90m)[39m
    at HTMLUnknownElement.callTheUserObjectsOperation [90m(C:\Users\husey\kiro2\frontend\[39mnode_modules\[4mjsdom[24m\lib\jsdom\living\generated\EventListener.js:26:30[90m)[39m
    at innerInvokeEventListeners [90m(C:\Users\husey\kiro2\frontend\[39mnode_modules\[4mjsdom[24m\lib\jsdom\living\events\EventTarget-impl.js:350:25[90m)[39m
    at invokeEventListeners [90m(C:\Users\husey\kiro2\frontend\[39mnode_modules\[4mjsdom[24m\lib\jsdom\living\events\EventTarget-impl.js:286:3[90m)[39m
    at HTMLUnknownElementImpl._dispatch [90m(C:\Users\husey\kiro2\frontend\[39mnode_modules\[4mjsdom[24m\lib\jsdom\living\events\EventTarget-impl.js:233:9[90m)[39m
Error: Uncaught [Error: Objects are not valid as a React child (found: object with keys {id, programName, universityName, departmentName, city, year, scoreType, baseScore, topScore, medianScore, totalQuota, filledQuota, acceptanceRate, scholarship, tuitionFee}). If you meant to render a collection of children, use an array instead.]
    at reportException (C:\Users\husey\kiro2\frontend\node_modules\jsdom\lib\jsdom\living\helpers\runtime-script-errors.js:66:24)
    at innerInvokeEventListeners (C:\Users\husey\kiro2\frontend\node_modules\jsdom\lib\jsdom\living\events\EventTarget-impl.js:353:9)
    at invokeEventListeners (C:\Users\husey\kiro2\frontend\node_modules\jsdom\lib\jsdom\living\events\EventTarget-impl.js:286:3)
    at HTMLUnknownElementImpl._dispatch (C:\Users\husey\kiro2\frontend\node_modules\jsdom\lib\jsdom\living\events\EventTarget-impl.js:233:9)
    at HTMLUnknownElementImpl.dispatchEvent (C:\Users\husey\kiro2\frontend\node_modules\jsdom\lib\jsdom\living\events\EventTarget-impl.js:104:17)
    at HTMLUnknownElement.dispatchEvent (C:\Users\husey\kiro2\frontend\node_modules\jsdom\lib\jsdom\living\generated\EventTarget.js:241:34)
    at Object.invokeGuardedCallbackDev (C:\Users\husey\kiro2\frontend\node_modules\react-dom\cjs\react-dom.development.js:4213:16)
    at invokeGuardedCallback (C:\Users\husey\kiro2\frontend\node_modules\react-dom\cjs\react-dom.development.js:4277:31)
    at beginWork$1 (C:\Users\husey\kiro2\frontend\node_modules\react-dom\cjs\react-dom.development.js:27490:7)
    at performUnitOfWork (C:\Users\husey\kiro2\frontend\node_modules\react-dom\cjs\react-dom.development.js:26599:12) Error: Objects are not valid as a React child (found: object with keys {id, programName, universityName, departmentName, city, year, scoreType, baseScore, topScore, medianScore, totalQuota, filledQuota, acceptanceRate, scholarship, tuitionFee}). If you meant to render a collection of children, use an array instead.
    at throwOnInvalidObjectType [90m(C:\Users\husey\kiro2\frontend\[39mnode_modules\[4mreact-dom[24m\cjs\react-dom.development.js:13123:9[90m)[39m
    at reconcileChildFibers [90m(C:\Users\husey\kiro2\frontend\[39mnode_modules\[4mreact-dom[24m\cjs\react-dom.development.js:14064:7[90m)[39m
    at reconcileChildren [90m(C:\Users\husey\kiro2\frontend\[39mnode_modules\[4mreact-dom[24m\cjs\react-dom.development.js:19186:28[90m)[39m
    at updateHostComponent [90m(C:\Users\husey\kiro2\frontend\[39mnode_modules\[4mreact-dom[24m\cjs\react-dom.development.js:19953:3[90m)[39m
    at beginWork [90m(C:\Users\husey\kiro2\frontend\[39mnode_modules\[4mreact-dom[24m\cjs\react-dom.development.js:21657:14[90m)[39m
    at HTMLUnknownElement.callCallback [90m(C:\Users\husey\kiro2\frontend\[39mnode_modules\[4mreact-dom[24m\cjs\react-dom.development.js:4164:14[90m)[39m
    at HTMLUnknownElement.callTheUserObjectsOperation [90m(C:\Users\husey\kiro2\frontend\[39mnode_modules\[4mjsdom[24m\lib\jsdom\living\generated\EventListener.js:26:30[90m)[39m
    at innerInvokeEventListeners [90m(C:\Users\husey\kiro2\frontend\[39mnode_modules\[4mjsdom[24m\lib\jsdom\living\events\EventTarget-impl.js:350:25[90m)[39m
    at invokeEventListeners [90m(C:\Users\husey\kiro2\frontend\[39mnode_modules\[4mjsdom[24m\lib\jsdom\living\events\EventTarget-impl.js:286:3[90m)[39m
    at HTMLUnknownElementImpl._dispatch [90m(C:\Users\husey\kiro2\frontend\[39mnode_modules\[4mjsdom[24m\lib\jsdom\living\events\EventTarget-impl.js:233:9[90m)[39m
Error: Uncaught [Error: Objects are not valid as a React child (found: object with keys {id, programName, universityName, departmentName, city, year, scoreType, baseScore, topScore, medianScore, totalQuota, filledQuota, acceptanceRate, scholarship, tuitionFee}). If you meant to render a collection of children, use an array instead.]
    at reportException (C:\Users\husey\kiro2\frontend\node_modules\jsdom\lib\jsdom\living\helpers\runtime-script-errors.js:66:24)
    at innerInvokeEventListeners (C:\Users\husey\kiro2\frontend\node_modules\jsdom\lib\jsdom\living\events\EventTarget-impl.js:353:9)
    at invokeEventListeners (C:\Users\husey\kiro2\frontend\node_modules\jsdom\lib\jsdom\living\events\EventTarget-impl.js:286:3)
    at HTMLUnknownElementImpl._dispatch (C:\Users\husey\kiro2\frontend\node_modules\jsdom\lib\jsdom\living\events\EventTarget-impl.js:233:9)
    at HTMLUnknownElementImpl.dispatchEvent (C:\Users\husey\kiro2\frontend\node_modules\jsdom\lib\jsdom\living\events\EventTarget-impl.js:104:17)
    at HTMLUnknownElement.dispatchEvent (C:\Users\husey\kiro2\frontend\node_modules\jsdom\lib\jsdom\living\generated\EventTarget.js:241:34)
    at Object.invokeGuardedCallbackDev (C:\Users\husey\kiro2\frontend\node_modules\react-dom\cjs\react-dom.development.js:4213:16)
    at invokeGuardedCallback (C:\Users\husey\kiro2\frontend\node_modules\react-dom\cjs\react-dom.development.js:4277:31)
    at beginWork$1 (C:\Users\husey\kiro2\frontend\node_modules\react-dom\cjs\react-dom.development.js:27490:7)
    at performUnitOfWork (C:\Users\husey\kiro2\frontend\node_modules\react-dom\cjs\react-dom.development.js:26599:12) Error: Objects are not valid as a React child (found: object with keys {id, programName, universityName, departmentName, city, year, scoreType, baseScore, topScore, medianScore, totalQuota, filledQuota, acceptanceRate, scholarship, tuitionFee}). If you meant to render a collection of children, use an array instead.
    at throwOnInvalidObjectType [90m(C:\Users\husey\kiro2\frontend\[39mnode_modules\[4mreact-dom[24m\cjs\react-dom.development.js:13123:9[90m)[39m
    at reconcileChildFibers [90m(C:\Users\husey\kiro2\frontend\[39mnode_modules\[4mreact-dom[24m\cjs\react-dom.development.js:14064:7[90m)[39m
    at reconcileChildren [90m(C:\Users\husey\kiro2\frontend\[39mnode_modules\[4mreact-dom[24m\cjs\react-dom.development.js:19186:28[90m)[39m
    at updateHostComponent [90m(C:\Users\husey\kiro2\frontend\[39mnode_modules\[4mreact-dom[24m\cjs\react-dom.development.js:19953:3[90m)[39m
    at beginWork [90m(C:\Users\husey\kiro2\frontend\[39mnode_modules\[4mreact-dom[24m\cjs\react-dom.development.js:21657:14[90m)[39m
    at HTMLUnknownElement.callCallback [90m(C:\Users\husey\kiro2\frontend\[39mnode_modules\[4mreact-dom[24m\cjs\react-dom.development.js:4164:14[90m)[39m
    at HTMLUnknownElement.callTheUserObjectsOperation [90m(C:\Users\husey\kiro2\frontend\[39mnode_modules\[4mjsdom[24m\lib\jsdom\living\generated\EventListener.js:26:30[90m)[39m
    at innerInvokeEventListeners [90m(C:\Users\husey\kiro2\frontend\[39mnode_modules\[4mjsdom[24m\lib\jsdom\living\events\EventTarget-impl.js:350:25[90m)[39m
    at invokeEventListeners [90m(C:\Users\husey\kiro2\frontend\[39mnode_modules\[4mjsdom[24m\lib\jsdom\living\events\EventTarget-impl.js:286:3[90m)[39m
    at HTMLUnknownElementImpl._dispatch [90m(C:\Users\husey\kiro2\frontend\[39mnode_modules\[4mjsdom[24m\lib\jsdom\living\events\EventTarget-impl.js:233:9[90m)[39m
Error: Uncaught [Error: Objects are not valid as a React child (found: object with keys {id, programName, universityName, departmentName, city, year, scoreType, baseScore, topScore, medianScore, totalQuota, filledQuota, acceptanceRate, scholarship, tuitionFee}). If you meant to render a collection of children, use an array instead.]
    at reportException (C:\Users\husey\kiro2\frontend\node_modules\jsdom\lib\jsdom\living\helpers\runtime-script-errors.js:66:24)
    at innerInvokeEventListeners (C:\Users\husey\kiro2\frontend\node_modules\jsdom\lib\jsdom\living\events\EventTarget-impl.js:353:9)
    at invokeEventListeners (C:\Users\husey\kiro2\frontend\node_modules\jsdom\lib\jsdom\living\events\EventTarget-impl.js:286:3)
    at HTMLUnknownElementImpl._dispatch (C:\Users\husey\kiro2\frontend\node_modules\jsdom\lib\jsdom\living\events\EventTarget-impl.js:233:9)
    at HTMLUnknownElementImpl.dispatchEvent (C:\Users\husey\kiro2\frontend\node_modules\jsdom\lib\jsdom\living\events\EventTarget-impl.js:104:17)
    at HTMLUnknownElement.dispatchEvent (C:\Users\husey\kiro2\frontend\node_modules\jsdom\lib\jsdom\living\generated\EventTarget.js:241:34)
    at Object.invokeGuardedCallbackDev (C:\Users\husey\kiro2\frontend\node_modules\react-dom\cjs\react-dom.development.js:4213:16)
    at invokeGuardedCallback (C:\Users\husey\kiro2\frontend\node_modules\react-dom\cjs\react-dom.development.js:4277:31)
    at beginWork$1 (C:\Users\husey\kiro2\frontend\node_modules\react-dom\cjs\react-dom.development.js:27490:7)
    at performUnitOfWork (C:\Users\husey\kiro2\frontend\node_modules\react-dom\cjs\react-dom.development.js:26599:12) Error: Objects are not valid as a React child (found: object with keys {id, programName, universityName, departmentName, city, year, scoreType, baseScore, topScore, medianScore, totalQuota, filledQuota, acceptanceRate, scholarship, tuitionFee}). If you meant to render a collection of children, use an array instead.
    at throwOnInvalidObjectType [90m(C:\Users\husey\kiro2\frontend\[39mnode_modules\[4mreact-dom[24m\cjs\react-dom.development.js:13123:9[90m)[39m
    at reconcileChildFibers [90m(C:\Users\husey\kiro2\frontend\[39mnode_modules\[4mreact-dom[24m\cjs\react-dom.development.js:14064:7[90m)[39m
    at reconcileChildren [90m(C:\Users\husey\kiro2\frontend\[39mnode_modules\[4mreact-dom[24m\cjs\react-dom.development.js:19186:28[90m)[39m
    at updateHostComponent [90m(C:\Users\husey\kiro2\frontend\[39mnode_modules\[4mreact-dom[24m\cjs\react-dom.development.js:19953:3[90m)[39m
    at beginWork [90m(C:\Users\husey\kiro2\frontend\[39mnode_modules\[4mreact-dom[24m\cjs\react-dom.development.js:21657:14[90m)[39m
    at HTMLUnknownElement.callCallback [90m(C:\Users\husey\kiro2\frontend\[39mnode_modules\[4mreact-dom[24m\cjs\react-dom.development.js:4164:14[90m)[39m
    at HTMLUnknownElement.callTheUserObjectsOperation [90m(C:\Users\husey\kiro2\frontend\[39mnode_modules\[4mjsdom[24m\lib\jsdom\living\generated\EventListener.js:26:30[90m)[39m
    at innerInvokeEventListeners [90m(C:\Users\husey\kiro2\frontend\[39mnode_modules\[4mjsdom[24m\lib\jsdom\living\events\EventTarget-impl.js:350:25[90m)[39m
    at invokeEventListeners [90m(C:\Users\husey\kiro2\frontend\[39mnode_modules\[4mjsdom[24m\lib\jsdom\living\events\EventTarget-impl.js:286:3[90m)[39m
    at HTMLUnknownElementImpl._dispatch [90m(C:\Users\husey\kiro2\frontend\[39mnode_modules\[4mjsdom[24m\lib\jsdom\living\events\EventTarget-impl.js:233:9[90m)[39m

            </system-err>
            <failure message="Unable to find an element with the text: 502.15. This could be because the text is broken up by multiple elements. In this case, you can provide a function for your text matcher to make your matcher more flexible.

Ignored nodes: comments, script, style
[36m&lt;body&gt;[39m
  [36m&lt;div /&gt;[39m
[36m&lt;/body&gt;[39m

Ignored nodes: comments, script, style
[36m&lt;html&gt;[39m
  [36m&lt;head /&gt;[39m
  [36m&lt;body&gt;[39m
    [36m&lt;div /&gt;[39m
  [36m&lt;/body&gt;[39m
[36m&lt;/html&gt;[39m" type="TestingLibraryElementError">
TestingLibraryElementError: Unable to find an element with the text: 502.15. This could be because the text is broken up by multiple elements. In this case, you can provide a function for your text matcher to make your matcher more flexible.

Ignored nodes: comments, script, style
&lt;body&gt;
  &lt;div /&gt;
&lt;/body&gt;

Ignored nodes: comments, script, style
&lt;html&gt;
  &lt;head /&gt;
  &lt;body&gt;
    &lt;div /&gt;
  &lt;/body&gt;
&lt;/html&gt;
 ❯ waitForWrapper node_modules/@testing-library/react/node_modules/@testing-library/dom/dist/wait-for.js:163:27
 ❯ src/components/UniversityAdvisory/__tests__/ProgramSearch.test.tsx:415:11
            </failure>
        </testcase>
        <testcase classname="src/components/UniversityAdvisory/__tests__/ProgramSearch.test.tsx" name="ProgramSearch - Program Display &gt; displays quota information" time="1.015744">
            <system-err>
Error: Uncaught [Error: Objects are not valid as a React child (found: object with keys {id, programName, universityName, departmentName, city, year, scoreType, baseScore, topScore, medianScore, totalQuota, filledQuota, acceptanceRate, scholarship, tuitionFee}). If you meant to render a collection of children, use an array instead.]
    at reportException (C:\Users\husey\kiro2\frontend\node_modules\jsdom\lib\jsdom\living\helpers\runtime-script-errors.js:66:24)
    at innerInvokeEventListeners (C:\Users\husey\kiro2\frontend\node_modules\jsdom\lib\jsdom\living\events\EventTarget-impl.js:353:9)
    at invokeEventListeners (C:\Users\husey\kiro2\frontend\node_modules\jsdom\lib\jsdom\living\events\EventTarget-impl.js:286:3)
    at HTMLUnknownElementImpl._dispatch (C:\Users\husey\kiro2\frontend\node_modules\jsdom\lib\jsdom\living\events\EventTarget-impl.js:233:9)
    at HTMLUnknownElementImpl.dispatchEvent (C:\Users\husey\kiro2\frontend\node_modules\jsdom\lib\jsdom\living\events\EventTarget-impl.js:104:17)
    at HTMLUnknownElement.dispatchEvent (C:\Users\husey\kiro2\frontend\node_modules\jsdom\lib\jsdom\living\generated\EventTarget.js:241:34)
    at Object.invokeGuardedCallbackDev (C:\Users\husey\kiro2\frontend\node_modules\react-dom\cjs\react-dom.development.js:4213:16)
    at invokeGuardedCallback (C:\Users\husey\kiro2\frontend\node_modules\react-dom\cjs\react-dom.development.js:4277:31)
    at beginWork$1 (C:\Users\husey\kiro2\frontend\node_modules\react-dom\cjs\react-dom.development.js:27490:7)
    at performUnitOfWork (C:\Users\husey\kiro2\frontend\node_modules\react-dom\cjs\react-dom.development.js:26599:12) Error: Objects are not valid as a React child (found: object with keys {id, programName, universityName, departmentName, city, year, scoreType, baseScore, topScore, medianScore, totalQuota, filledQuota, acceptanceRate, scholarship, tuitionFee}). If you meant to render a collection of children, use an array instead.
    at throwOnInvalidObjectType [90m(C:\Users\husey\kiro2\frontend\[39mnode_modules\[4mreact-dom[24m\cjs\react-dom.development.js:13123:9[90m)[39m
    at reconcileChildFibers [90m(C:\Users\husey\kiro2\frontend\[39mnode_modules\[4mreact-dom[24m\cjs\react-dom.development.js:14064:7[90m)[39m
    at reconcileChildren [90m(C:\Users\husey\kiro2\frontend\[39mnode_modules\[4mreact-dom[24m\cjs\react-dom.development.js:19186:28[90m)[39m
    at updateHostComponent [90m(C:\Users\husey\kiro2\frontend\[39mnode_modules\[4mreact-dom[24m\cjs\react-dom.development.js:19953:3[90m)[39m
    at beginWork [90m(C:\Users\husey\kiro2\frontend\[39mnode_modules\[4mreact-dom[24m\cjs\react-dom.development.js:21657:14[90m)[39m
    at HTMLUnknownElement.callCallback [90m(C:\Users\husey\kiro2\frontend\[39mnode_modules\[4mreact-dom[24m\cjs\react-dom.development.js:4164:14[90m)[39m
    at HTMLUnknownElement.callTheUserObjectsOperation [90m(C:\Users\husey\kiro2\frontend\[39mnode_modules\[4mjsdom[24m\lib\jsdom\living\generated\EventListener.js:26:30[90m)[39m
    at innerInvokeEventListeners [90m(C:\Users\husey\kiro2\frontend\[39mnode_modules\[4mjsdom[24m\lib\jsdom\living\events\EventTarget-impl.js:350:25[90m)[39m
    at invokeEventListeners [90m(C:\Users\husey\kiro2\frontend\[39mnode_modules\[4mjsdom[24m\lib\jsdom\living\events\EventTarget-impl.js:286:3[90m)[39m
    at HTMLUnknownElementImpl._dispatch [90m(C:\Users\husey\kiro2\frontend\[39mnode_modules\[4mjsdom[24m\lib\jsdom\living\events\EventTarget-impl.js:233:9[90m)[39m
Error: Uncaught [Error: Objects are not valid as a React child (found: object with keys {id, programName, universityName, departmentName, city, year, scoreType, baseScore, topScore, medianScore, totalQuota, filledQuota, acceptanceRate, scholarship, tuitionFee}). If you meant to render a collection of children, use an array instead.]
    at reportException (C:\Users\husey\kiro2\frontend\node_modules\jsdom\lib\jsdom\living\helpers\runtime-script-errors.js:66:24)
    at innerInvokeEventListeners (C:\Users\husey\kiro2\frontend\node_modules\jsdom\lib\jsdom\living\events\EventTarget-impl.js:353:9)
    at invokeEventListeners (C:\Users\husey\kiro2\frontend\node_modules\jsdom\lib\jsdom\living\events\EventTarget-impl.js:286:3)
    at HTMLUnknownElementImpl._dispatch (C:\Users\husey\kiro2\frontend\node_modules\jsdom\lib\jsdom\living\events\EventTarget-impl.js:233:9)
    at HTMLUnknownElementImpl.dispatchEvent (C:\Users\husey\kiro2\frontend\node_modules\jsdom\lib\jsdom\living\events\EventTarget-impl.js:104:17)
    at HTMLUnknownElement.dispatchEvent (C:\Users\husey\kiro2\frontend\node_modules\jsdom\lib\jsdom\living\generated\EventTarget.js:241:34)
    at Object.invokeGuardedCallbackDev (C:\Users\husey\kiro2\frontend\node_modules\react-dom\cjs\react-dom.development.js:4213:16)
    at invokeGuardedCallback (C:\Users\husey\kiro2\frontend\node_modules\react-dom\cjs\react-dom.development.js:4277:31)
    at beginWork$1 (C:\Users\husey\kiro2\frontend\node_modules\react-dom\cjs\react-dom.development.js:27490:7)
    at performUnitOfWork (C:\Users\husey\kiro2\frontend\node_modules\react-dom\cjs\react-dom.development.js:26599:12) Error: Objects are not valid as a React child (found: object with keys {id, programName, universityName, departmentName, city, year, scoreType, baseScore, topScore, medianScore, totalQuota, filledQuota, acceptanceRate, scholarship, tuitionFee}). If you meant to render a collection of children, use an array instead.
    at throwOnInvalidObjectType [90m(C:\Users\husey\kiro2\frontend\[39mnode_modules\[4mreact-dom[24m\cjs\react-dom.development.js:13123:9[90m)[39m
    at reconcileChildFibers [90m(C:\Users\husey\kiro2\frontend\[39mnode_modules\[4mreact-dom[24m\cjs\react-dom.development.js:14064:7[90m)[39m
    at reconcileChildren [90m(C:\Users\husey\kiro2\frontend\[39mnode_modules\[4mreact-dom[24m\cjs\react-dom.development.js:19186:28[90m)[39m
    at updateHostComponent [90m(C:\Users\husey\kiro2\frontend\[39mnode_modules\[4mreact-dom[24m\cjs\react-dom.development.js:19953:3[90m)[39m
    at beginWork [90m(C:\Users\husey\kiro2\frontend\[39mnode_modules\[4mreact-dom[24m\cjs\react-dom.development.js:21657:14[90m)[39m
    at HTMLUnknownElement.callCallback [90m(C:\Users\husey\kiro2\frontend\[39mnode_modules\[4mreact-dom[24m\cjs\react-dom.development.js:4164:14[90m)[39m
    at HTMLUnknownElement.callTheUserObjectsOperation [90m(C:\Users\husey\kiro2\frontend\[39mnode_modules\[4mjsdom[24m\lib\jsdom\living\generated\EventListener.js:26:30[90m)[39m
    at innerInvokeEventListeners [90m(C:\Users\husey\kiro2\frontend\[39mnode_modules\[4mjsdom[24m\lib\jsdom\living\events\EventTarget-impl.js:350:25[90m)[39m
    at invokeEventListeners [90m(C:\Users\husey\kiro2\frontend\[39mnode_modules\[4mjsdom[24m\lib\jsdom\living\events\EventTarget-impl.js:286:3[90m)[39m
    at HTMLUnknownElementImpl._dispatch [90m(C:\Users\husey\kiro2\frontend\[39mnode_modules\[4mjsdom[24m\lib\jsdom\living\events\EventTarget-impl.js:233:9[90m)[39m
Error: Uncaught [Error: Objects are not valid as a React child (found: object with keys {id, programName, universityName, departmentName, city, year, scoreType, baseScore, topScore, medianScore, totalQuota, filledQuota, acceptanceRate, scholarship, tuitionFee}). If you meant to render a collection of children, use an array instead.]
    at reportException (C:\Users\husey\kiro2\frontend\node_modules\jsdom\lib\jsdom\living\helpers\runtime-script-errors.js:66:24)
    at innerInvokeEventListeners (C:\Users\husey\kiro2\frontend\node_modules\jsdom\lib\jsdom\living\events\EventTarget-impl.js:353:9)
    at invokeEventListeners (C:\Users\husey\kiro2\frontend\node_modules\jsdom\lib\jsdom\living\events\EventTarget-impl.js:286:3)
    at HTMLUnknownElementImpl._dispatch (C:\Users\husey\kiro2\frontend\node_modules\jsdom\lib\jsdom\living\events\EventTarget-impl.js:233:9)
    at HTMLUnknownElementImpl.dispatchEvent (C:\Users\husey\kiro2\frontend\node_modules\jsdom\lib\jsdom\living\events\EventTarget-impl.js:104:17)
    at HTMLUnknownElement.dispatchEvent (C:\Users\husey\kiro2\frontend\node_modules\jsdom\lib\jsdom\living\generated\EventTarget.js:241:34)
    at Object.invokeGuardedCallbackDev (C:\Users\husey\kiro2\frontend\node_modules\react-dom\cjs\react-dom.development.js:4213:16)
    at invokeGuardedCallback (C:\Users\husey\kiro2\frontend\node_modules\react-dom\cjs\react-dom.development.js:4277:31)
    at beginWork$1 (C:\Users\husey\kiro2\frontend\node_modules\react-dom\cjs\react-dom.development.js:27490:7)
    at performUnitOfWork (C:\Users\husey\kiro2\frontend\node_modules\react-dom\cjs\react-dom.development.js:26599:12) Error: Objects are not valid as a React child (found: object with keys {id, programName, universityName, departmentName, city, year, scoreType, baseScore, topScore, medianScore, totalQuota, filledQuota, acceptanceRate, scholarship, tuitionFee}). If you meant to render a collection of children, use an array instead.
    at throwOnInvalidObjectType [90m(C:\Users\husey\kiro2\frontend\[39mnode_modules\[4mreact-dom[24m\cjs\react-dom.development.js:13123:9[90m)[39m
    at reconcileChildFibers [90m(C:\Users\husey\kiro2\frontend\[39mnode_modules\[4mreact-dom[24m\cjs\react-dom.development.js:14064:7[90m)[39m
    at reconcileChildren [90m(C:\Users\husey\kiro2\frontend\[39mnode_modules\[4mreact-dom[24m\cjs\react-dom.development.js:19186:28[90m)[39m
    at updateHostComponent [90m(C:\Users\husey\kiro2\frontend\[39mnode_modules\[4mreact-dom[24m\cjs\react-dom.development.js:19953:3[90m)[39m
    at beginWork [90m(C:\Users\husey\kiro2\frontend\[39mnode_modules\[4mreact-dom[24m\cjs\react-dom.development.js:21657:14[90m)[39m
    at HTMLUnknownElement.callCallback [90m(C:\Users\husey\kiro2\frontend\[39mnode_modules\[4mreact-dom[24m\cjs\react-dom.development.js:4164:14[90m)[39m
    at HTMLUnknownElement.callTheUserObjectsOperation [90m(C:\Users\husey\kiro2\frontend\[39mnode_modules\[4mjsdom[24m\lib\jsdom\living\generated\EventListener.js:26:30[90m)[39m
    at innerInvokeEventListeners [90m(C:\Users\husey\kiro2\frontend\[39mnode_modules\[4mjsdom[24m\lib\jsdom\living\events\EventTarget-impl.js:350:25[90m)[39m
    at invokeEventListeners [90m(C:\Users\husey\kiro2\frontend\[39mnode_modules\[4mjsdom[24m\lib\jsdom\living\events\EventTarget-impl.js:286:3[90m)[39m
    at HTMLUnknownElementImpl._dispatch [90m(C:\Users\husey\kiro2\frontend\[39mnode_modules\[4mjsdom[24m\lib\jsdom\living\events\EventTarget-impl.js:233:9[90m)[39m
Error: Uncaught [Error: Objects are not valid as a React child (found: object with keys {id, programName, universityName, departmentName, city, year, scoreType, baseScore, topScore, medianScore, totalQuota, filledQuota, acceptanceRate, scholarship, tuitionFee}). If you meant to render a collection of children, use an array instead.]
    at reportException (C:\Users\husey\kiro2\frontend\node_modules\jsdom\lib\jsdom\living\helpers\runtime-script-errors.js:66:24)
    at innerInvokeEventListeners (C:\Users\husey\kiro2\frontend\node_modules\jsdom\lib\jsdom\living\events\EventTarget-impl.js:353:9)
    at invokeEventListeners (C:\Users\husey\kiro2\frontend\node_modules\jsdom\lib\jsdom\living\events\EventTarget-impl.js:286:3)
    at HTMLUnknownElementImpl._dispatch (C:\Users\husey\kiro2\frontend\node_modules\jsdom\lib\jsdom\living\events\EventTarget-impl.js:233:9)
    at HTMLUnknownElementImpl.dispatchEvent (C:\Users\husey\kiro2\frontend\node_modules\jsdom\lib\jsdom\living\events\EventTarget-impl.js:104:17)
    at HTMLUnknownElement.dispatchEvent (C:\Users\husey\kiro2\frontend\node_modules\jsdom\lib\jsdom\living\generated\EventTarget.js:241:34)
    at Object.invokeGuardedCallbackDev (C:\Users\husey\kiro2\frontend\node_modules\react-dom\cjs\react-dom.development.js:4213:16)
    at invokeGuardedCallback (C:\Users\husey\kiro2\frontend\node_modules\react-dom\cjs\react-dom.development.js:4277:31)
    at beginWork$1 (C:\Users\husey\kiro2\frontend\node_modules\react-dom\cjs\react-dom.development.js:27490:7)
    at performUnitOfWork (C:\Users\husey\kiro2\frontend\node_modules\react-dom\cjs\react-dom.development.js:26599:12) Error: Objects are not valid as a React child (found: object with keys {id, programName, universityName, departmentName, city, year, scoreType, baseScore, topScore, medianScore, totalQuota, filledQuota, acceptanceRate, scholarship, tuitionFee}). If you meant to render a collection of children, use an array instead.
    at throwOnInvalidObjectType [90m(C:\Users\husey\kiro2\frontend\[39mnode_modules\[4mreact-dom[24m\cjs\react-dom.development.js:13123:9[90m)[39m
    at reconcileChildFibers [90m(C:\Users\husey\kiro2\frontend\[39mnode_modules\[4mreact-dom[24m\cjs\react-dom.development.js:14064:7[90m)[39m
    at reconcileChildren [90m(C:\Users\husey\kiro2\frontend\[39mnode_modules\[4mreact-dom[24m\cjs\react-dom.development.js:19186:28[90m)[39m
    at updateHostComponent [90m(C:\Users\husey\kiro2\frontend\[39mnode_modules\[4mreact-dom[24m\cjs\react-dom.development.js:19953:3[90m)[39m
    at beginWork [90m(C:\Users\husey\kiro2\frontend\[39mnode_modules\[4mreact-dom[24m\cjs\react-dom.development.js:21657:14[90m)[39m
    at HTMLUnknownElement.callCallback [90m(C:\Users\husey\kiro2\frontend\[39mnode_modules\[4mreact-dom[24m\cjs\react-dom.development.js:4164:14[90m)[39m
    at HTMLUnknownElement.callTheUserObjectsOperation [90m(C:\Users\husey\kiro2\frontend\[39mnode_modules\[4mjsdom[24m\lib\jsdom\living\generated\EventListener.js:26:30[90m)[39m
    at innerInvokeEventListeners [90m(C:\Users\husey\kiro2\frontend\[39mnode_modules\[4mjsdom[24m\lib\jsdom\living\events\EventTarget-impl.js:350:25[90m)[39m
    at invokeEventListeners [90m(C:\Users\husey\kiro2\frontend\[39mnode_modules\[4mjsdom[24m\lib\jsdom\living\events\EventTarget-impl.js:286:3[90m)[39m
    at HTMLUnknownElementImpl._dispatch [90m(C:\Users\husey\kiro2\frontend\[39mnode_modules\[4mjsdom[24m\lib\jsdom\living\events\EventTarget-impl.js:233:9[90m)[39m
Error: Uncaught [Error: Objects are not valid as a React child (found: object with keys {id, programName, universityName, departmentName, city, year, scoreType, baseScore, topScore, medianScore, totalQuota, filledQuota, acceptanceRate, scholarship, tuitionFee}). If you meant to render a collection of children, use an array instead.]
    at reportException (C:\Users\husey\kiro2\frontend\node_modules\jsdom\lib\jsdom\living\helpers\runtime-script-errors.js:66:24)
    at innerInvokeEventListeners (C:\Users\husey\kiro2\frontend\node_modules\jsdom\lib\jsdom\living\events\EventTarget-impl.js:353:9)
    at invokeEventListeners (C:\Users\husey\kiro2\frontend\node_modules\jsdom\lib\jsdom\living\events\EventTarget-impl.js:286:3)
    at HTMLUnknownElementImpl._dispatch (C:\Users\husey\kiro2\frontend\node_modules\jsdom\lib\jsdom\living\events\EventTarget-impl.js:233:9)
    at HTMLUnknownElementImpl.dispatchEvent (C:\Users\husey\kiro2\frontend\node_modules\jsdom\lib\jsdom\living\events\EventTarget-impl.js:104:17)
    at HTMLUnknownElement.dispatchEvent (C:\Users\husey\kiro2\frontend\node_modules\jsdom\lib\jsdom\living\generated\EventTarget.js:241:34)
    at Object.invokeGuardedCallbackDev (C:\Users\husey\kiro2\frontend\node_modules\react-dom\cjs\react-dom.development.js:4213:16)
    at invokeGuardedCallback (C:\Users\husey\kiro2\frontend\node_modules\react-dom\cjs\react-dom.development.js:4277:31)
    at beginWork$1 (C:\Users\husey\kiro2\frontend\node_modules\react-dom\cjs\react-dom.development.js:27490:7)
    at performUnitOfWork (C:\Users\husey\kiro2\frontend\node_modules\react-dom\cjs\react-dom.development.js:26599:12) Error: Objects are not valid as a React child (found: object with keys {id, programName, universityName, departmentName, city, year, scoreType, baseScore, topScore, medianScore, totalQuota, filledQuota, acceptanceRate, scholarship, tuitionFee}). If you meant to render a collection of children, use an array instead.
    at throwOnInvalidObjectType [90m(C:\Users\husey\kiro2\frontend\[39mnode_modules\[4mreact-dom[24m\cjs\react-dom.development.js:13123:9[90m)[39m
    at reconcileChildFibers [90m(C:\Users\husey\kiro2\frontend\[39mnode_modules\[4mreact-dom[24m\cjs\react-dom.development.js:14064:7[90m)[39m
    at reconcileChildren [90m(C:\Users\husey\kiro2\frontend\[39mnode_modules\[4mreact-dom[24m\cjs\react-dom.development.js:19186:28[90m)[39m
    at updateHostComponent [90m(C:\Users\husey\kiro2\frontend\[39mnode_modules\[4mreact-dom[24m\cjs\react-dom.development.js:19953:3[90m)[39m
    at beginWork [90m(C:\Users\husey\kiro2\frontend\[39mnode_modules\[4mreact-dom[24m\cjs\react-dom.development.js:21657:14[90m)[39m
    at HTMLUnknownElement.callCallback [90m(C:\Users\husey\kiro2\frontend\[39mnode_modules\[4mreact-dom[24m\cjs\react-dom.development.js:4164:14[90m)[39m
    at HTMLUnknownElement.callTheUserObjectsOperation [90m(C:\Users\husey\kiro2\frontend\[39mnode_modules\[4mjsdom[24m\lib\jsdom\living\generated\EventListener.js:26:30[90m)[39m
    at innerInvokeEventListeners [90m(C:\Users\husey\kiro2\frontend\[39mnode_modules\[4mjsdom[24m\lib\jsdom\living\events\EventTarget-impl.js:350:25[90m)[39m
    at invokeEventListeners [90m(C:\Users\husey\kiro2\frontend\[39mnode_modules\[4mjsdom[24m\lib\jsdom\living\events\EventTarget-impl.js:286:3[90m)[39m
    at HTMLUnknownElementImpl._dispatch [90m(C:\Users\husey\kiro2\frontend\[39mnode_modules\[4mjsdom[24m\lib\jsdom\living\events\EventTarget-impl.js:233:9[90m)[39m
Error: Uncaught [Error: Objects are not valid as a React child (found: object with keys {id, programName, universityName, departmentName, city, year, scoreType, baseScore, topScore, medianScore, totalQuota, filledQuota, acceptanceRate, scholarship, tuitionFee}). If you meant to render a collection of children, use an array instead.]
    at reportException (C:\Users\husey\kiro2\frontend\node_modules\jsdom\lib\jsdom\living\helpers\runtime-script-errors.js:66:24)
    at innerInvokeEventListeners (C:\Users\husey\kiro2\frontend\node_modules\jsdom\lib\jsdom\living\events\EventTarget-impl.js:353:9)
    at invokeEventListeners (C:\Users\husey\kiro2\frontend\node_modules\jsdom\lib\jsdom\living\events\EventTarget-impl.js:286:3)
    at HTMLUnknownElementImpl._dispatch (C:\Users\husey\kiro2\frontend\node_modules\jsdom\lib\jsdom\living\events\EventTarget-impl.js:233:9)
    at HTMLUnknownElementImpl.dispatchEvent (C:\Users\husey\kiro2\frontend\node_modules\jsdom\lib\jsdom\living\events\EventTarget-impl.js:104:17)
    at HTMLUnknownElement.dispatchEvent (C:\Users\husey\kiro2\frontend\node_modules\jsdom\lib\jsdom\living\generated\EventTarget.js:241:34)
    at Object.invokeGuardedCallbackDev (C:\Users\husey\kiro2\frontend\node_modules\react-dom\cjs\react-dom.development.js:4213:16)
    at invokeGuardedCallback (C:\Users\husey\kiro2\frontend\node_modules\react-dom\cjs\react-dom.development.js:4277:31)
    at beginWork$1 (C:\Users\husey\kiro2\frontend\node_modules\react-dom\cjs\react-dom.development.js:27490:7)
    at performUnitOfWork (C:\Users\husey\kiro2\frontend\node_modules\react-dom\cjs\react-dom.development.js:26599:12) Error: Objects are not valid as a React child (found: object with keys {id, programName, universityName, departmentName, city, year, scoreType, baseScore, topScore, medianScore, totalQuota, filledQuota, acceptanceRate, scholarship, tuitionFee}). If you meant to render a collection of children, use an array instead.
    at throwOnInvalidObjectType [90m(C:\Users\husey\kiro2\frontend\[39mnode_modules\[4mreact-dom[24m\cjs\react-dom.development.js:13123:9[90m)[39m
    at reconcileChildFibers [90m(C:\Users\husey\kiro2\frontend\[39mnode_modules\[4mreact-dom[24m\cjs\react-dom.development.js:14064:7[90m)[39m
    at reconcileChildren [90m(C:\Users\husey\kiro2\frontend\[39mnode_modules\[4mreact-dom[24m\cjs\react-dom.development.js:19186:28[90m)[39m
    at updateHostComponent [90m(C:\Users\husey\kiro2\frontend\[39mnode_modules\[4mreact-dom[24m\cjs\react-dom.development.js:19953:3[90m)[39m
    at beginWork [90m(C:\Users\husey\kiro2\frontend\[39mnode_modules\[4mreact-dom[24m\cjs\react-dom.development.js:21657:14[90m)[39m
    at HTMLUnknownElement.callCallback [90m(C:\Users\husey\kiro2\frontend\[39mnode_modules\[4mreact-dom[24m\cjs\react-dom.development.js:4164:14[90m)[39m
    at HTMLUnknownElement.callTheUserObjectsOperation [90m(C:\Users\husey\kiro2\frontend\[39mnode_modules\[4mjsdom[24m\lib\jsdom\living\generated\EventListener.js:26:30[90m)[39m
    at innerInvokeEventListeners [90m(C:\Users\husey\kiro2\frontend\[39mnode_modules\[4mjsdom[24m\lib\jsdom\living\events\EventTarget-impl.js:350:25[90m)[39m
    at invokeEventListeners [90m(C:\Users\husey\kiro2\frontend\[39mnode_modules\[4mjsdom[24m\lib\jsdom\living\events\EventTarget-impl.js:286:3[90m)[39m
    at HTMLUnknownElementImpl._dispatch [90m(C:\Users\husey\kiro2\frontend\[39mnode_modules\[4mjsdom[24m\lib\jsdom\living\events\EventTarget-impl.js:233:9[90m)[39m

            </system-err>
            <failure message="Unable to find an element with the text: 120. This could be because the text is broken up by multiple elements. In this case, you can provide a function for your text matcher to make your matcher more flexible.

Ignored nodes: comments, script, style
[36m&lt;body&gt;[39m
  [36m&lt;div /&gt;[39m
[36m&lt;/body&gt;[39m

Ignored nodes: comments, script, style
[36m&lt;html&gt;[39m
  [36m&lt;head /&gt;[39m
  [36m&lt;body&gt;[39m
    [36m&lt;div /&gt;[39m
  [36m&lt;/body&gt;[39m
[36m&lt;/html&gt;[39m" type="TestingLibraryElementError">
TestingLibraryElementError: Unable to find an element with the text: 120. This could be because the text is broken up by multiple elements. In this case, you can provide a function for your text matcher to make your matcher more flexible.

Ignored nodes: comments, script, style
&lt;body&gt;
  &lt;div /&gt;
&lt;/body&gt;

Ignored nodes: comments, script, style
&lt;html&gt;
  &lt;head /&gt;
  &lt;body&gt;
    &lt;div /&gt;
  &lt;/body&gt;
&lt;/html&gt;
 ❯ waitForWrapper node_modules/@testing-library/react/node_modules/@testing-library/dom/dist/wait-for.js:163:27
 ❯ src/components/UniversityAdvisory/__tests__/ProgramSearch.test.tsx:423:11
            </failure>
        </testcase>
        <testcase classname="src/components/UniversityAdvisory/__tests__/ProgramSearch.test.tsx" name="ProgramSearch - Program Display &gt; displays acceptance rate" time="1.0144544">
            <system-err>
Error: Uncaught [Error: Objects are not valid as a React child (found: object with keys {id, programName, universityName, departmentName, city, year, scoreType, baseScore, topScore, medianScore, totalQuota, filledQuota, acceptanceRate, scholarship, tuitionFee}). If you meant to render a collection of children, use an array instead.]
    at reportException (C:\Users\husey\kiro2\frontend\node_modules\jsdom\lib\jsdom\living\helpers\runtime-script-errors.js:66:24)
    at innerInvokeEventListeners (C:\Users\husey\kiro2\frontend\node_modules\jsdom\lib\jsdom\living\events\EventTarget-impl.js:353:9)
    at invokeEventListeners (C:\Users\husey\kiro2\frontend\node_modules\jsdom\lib\jsdom\living\events\EventTarget-impl.js:286:3)
    at HTMLUnknownElementImpl._dispatch (C:\Users\husey\kiro2\frontend\node_modules\jsdom\lib\jsdom\living\events\EventTarget-impl.js:233:9)
    at HTMLUnknownElementImpl.dispatchEvent (C:\Users\husey\kiro2\frontend\node_modules\jsdom\lib\jsdom\living\events\EventTarget-impl.js:104:17)
    at HTMLUnknownElement.dispatchEvent (C:\Users\husey\kiro2\frontend\node_modules\jsdom\lib\jsdom\living\generated\EventTarget.js:241:34)
    at Object.invokeGuardedCallbackDev (C:\Users\husey\kiro2\frontend\node_modules\react-dom\cjs\react-dom.development.js:4213:16)
    at invokeGuardedCallback (C:\Users\husey\kiro2\frontend\node_modules\react-dom\cjs\react-dom.development.js:4277:31)
    at beginWork$1 (C:\Users\husey\kiro2\frontend\node_modules\react-dom\cjs\react-dom.development.js:27490:7)
    at performUnitOfWork (C:\Users\husey\kiro2\frontend\node_modules\react-dom\cjs\react-dom.development.js:26599:12) Error: Objects are not valid as a React child (found: object with keys {id, programName, universityName, departmentName, city, year, scoreType, baseScore, topScore, medianScore, totalQuota, filledQuota, acceptanceRate, scholarship, tuitionFee}). If you meant to render a collection of children, use an array instead.
    at throwOnInvalidObjectType [90m(C:\Users\husey\kiro2\frontend\[39mnode_modules\[4mreact-dom[24m\cjs\react-dom.development.js:13123:9[90m)[39m
    at reconcileChildFibers [90m(C:\Users\husey\kiro2\frontend\[39mnode_modules\[4mreact-dom[24m\cjs\react-dom.development.js:14064:7[90m)[39m
    at reconcileChildren [90m(C:\Users\husey\kiro2\frontend\[39mnode_modules\[4mreact-dom[24m\cjs\react-dom.development.js:19186:28[90m)[39m
    at updateHostComponent [90m(C:\Users\husey\kiro2\frontend\[39mnode_modules\[4mreact-dom[24m\cjs\react-dom.development.js:19953:3[90m)[39m
    at beginWork [90m(C:\Users\husey\kiro2\frontend\[39mnode_modules\[4mreact-dom[24m\cjs\react-dom.development.js:21657:14[90m)[39m
    at HTMLUnknownElement.callCallback [90m(C:\Users\husey\kiro2\frontend\[39mnode_modules\[4mreact-dom[24m\cjs\react-dom.development.js:4164:14[90m)[39m
    at HTMLUnknownElement.callTheUserObjectsOperation [90m(C:\Users\husey\kiro2\frontend\[39mnode_modules\[4mjsdom[24m\lib\jsdom\living\generated\EventListener.js:26:30[90m)[39m
    at innerInvokeEventListeners [90m(C:\Users\husey\kiro2\frontend\[39mnode_modules\[4mjsdom[24m\lib\jsdom\living\events\EventTarget-impl.js:350:25[90m)[39m
    at invokeEventListeners [90m(C:\Users\husey\kiro2\frontend\[39mnode_modules\[4mjsdom[24m\lib\jsdom\living\events\EventTarget-impl.js:286:3[90m)[39m
    at HTMLUnknownElementImpl._dispatch [90m(C:\Users\husey\kiro2\frontend\[39mnode_modules\[4mjsdom[24m\lib\jsdom\living\events\EventTarget-impl.js:233:9[90m)[39m
Error: Uncaught [Error: Objects are not valid as a React child (found: object with keys {id, programName, universityName, departmentName, city, year, scoreType, baseScore, topScore, medianScore, totalQuota, filledQuota, acceptanceRate, scholarship, tuitionFee}). If you meant to render a collection of children, use an array instead.]
    at reportException (C:\Users\husey\kiro2\frontend\node_modules\jsdom\lib\jsdom\living\helpers\runtime-script-errors.js:66:24)
    at innerInvokeEventListeners (C:\Users\husey\kiro2\frontend\node_modules\jsdom\lib\jsdom\living\events\EventTarget-impl.js:353:9)
    at invokeEventListeners (C:\Users\husey\kiro2\frontend\node_modules\jsdom\lib\jsdom\living\events\EventTarget-impl.js:286:3)
    at HTMLUnknownElementImpl._dispatch (C:\Users\husey\kiro2\frontend\node_modules\jsdom\lib\jsdom\living\events\EventTarget-impl.js:233:9)
    at HTMLUnknownElementImpl.dispatchEvent (C:\Users\husey\kiro2\frontend\node_modules\jsdom\lib\jsdom\living\events\EventTarget-impl.js:104:17)
    at HTMLUnknownElement.dispatchEvent (C:\Users\husey\kiro2\frontend\node_modules\jsdom\lib\jsdom\living\generated\EventTarget.js:241:34)
    at Object.invokeGuardedCallbackDev (C:\Users\husey\kiro2\frontend\node_modules\react-dom\cjs\react-dom.development.js:4213:16)
    at invokeGuardedCallback (C:\Users\husey\kiro2\frontend\node_modules\react-dom\cjs\react-dom.development.js:4277:31)
    at beginWork$1 (C:\Users\husey\kiro2\frontend\node_modules\react-dom\cjs\react-dom.development.js:27490:7)
    at performUnitOfWork (C:\Users\husey\kiro2\frontend\node_modules\react-dom\cjs\react-dom.development.js:26599:12) Error: Objects are not valid as a React child (found: object with keys {id, programName, universityName, departmentName, city, year, scoreType, baseScore, topScore, medianScore, totalQuota, filledQuota, acceptanceRate, scholarship, tuitionFee}). If you meant to render a collection of children, use an array instead.
    at throwOnInvalidObjectType [90m(C:\Users\husey\kiro2\frontend\[39mnode_modules\[4mreact-dom[24m\cjs\react-dom.development.js:13123:9[90m)[39m
    at reconcileChildFibers [90m(C:\Users\husey\kiro2\frontend\[39mnode_modules\[4mreact-dom[24m\cjs\react-dom.development.js:14064:7[90m)[39m
    at reconcileChildren [90m(C:\Users\husey\kiro2\frontend\[39mnode_modules\[4mreact-dom[24m\cjs\react-dom.development.js:19186:28[90m)[39m
    at updateHostComponent [90m(C:\Users\husey\kiro2\frontend\[39mnode_modules\[4mreact-dom[24m\cjs\react-dom.development.js:19953:3[90m)[39m
    at beginWork [90m(C:\Users\husey\kiro2\frontend\[39mnode_modules\[4mreact-dom[24m\cjs\react-dom.development.js:21657:14[90m)[39m
    at HTMLUnknownElement.callCallback [90m(C:\Users\husey\kiro2\frontend\[39mnode_modules\[4mreact-dom[24m\cjs\react-dom.development.js:4164:14[90m)[39m
    at HTMLUnknownElement.callTheUserObjectsOperation [90m(C:\Users\husey\kiro2\frontend\[39mnode_modules\[4mjsdom[24m\lib\jsdom\living\generated\EventListener.js:26:30[90m)[39m
    at innerInvokeEventListeners [90m(C:\Users\husey\kiro2\frontend\[39mnode_modules\[4mjsdom[24m\lib\jsdom\living\events\EventTarget-impl.js:350:25[90m)[39m
    at invokeEventListeners [90m(C:\Users\husey\kiro2\frontend\[39mnode_modules\[4mjsdom[24m\lib\jsdom\living\events\EventTarget-impl.js:286:3[90m)[39m
    at HTMLUnknownElementImpl._dispatch [90m(C:\Users\husey\kiro2\frontend\[39mnode_modules\[4mjsdom[24m\lib\jsdom\living\events\EventTarget-impl.js:233:9[90m)[39m
Error: Uncaught [Error: Objects are not valid as a React child (found: object with keys {id, programName, universityName, departmentName, city, year, scoreType, baseScore, topScore, medianScore, totalQuota, filledQuota, acceptanceRate, scholarship, tuitionFee}). If you meant to render a collection of children, use an array instead.]
    at reportException (C:\Users\husey\kiro2\frontend\node_modules\jsdom\lib\jsdom\living\helpers\runtime-script-errors.js:66:24)
    at innerInvokeEventListeners (C:\Users\husey\kiro2\frontend\node_modules\jsdom\lib\jsdom\living\events\EventTarget-impl.js:353:9)
    at invokeEventListeners (C:\Users\husey\kiro2\frontend\node_modules\jsdom\lib\jsdom\living\events\EventTarget-impl.js:286:3)
    at HTMLUnknownElementImpl._dispatch (C:\Users\husey\kiro2\frontend\node_modules\jsdom\lib\jsdom\living\events\EventTarget-impl.js:233:9)
    at HTMLUnknownElementImpl.dispatchEvent (C:\Users\husey\kiro2\frontend\node_modules\jsdom\lib\jsdom\living\events\EventTarget-impl.js:104:17)
    at HTMLUnknownElement.dispatchEvent (C:\Users\husey\kiro2\frontend\node_modules\jsdom\lib\jsdom\living\generated\EventTarget.js:241:34)
    at Object.invokeGuardedCallbackDev (C:\Users\husey\kiro2\frontend\node_modules\react-dom\cjs\react-dom.development.js:4213:16)
    at invokeGuardedCallback (C:\Users\husey\kiro2\frontend\node_modules\react-dom\cjs\react-dom.development.js:4277:31)
    at beginWork$1 (C:\Users\husey\kiro2\frontend\node_modules\react-dom\cjs\react-dom.development.js:27490:7)
    at performUnitOfWork (C:\Users\husey\kiro2\frontend\node_modules\react-dom\cjs\react-dom.development.js:26599:12) Error: Objects are not valid as a React child (found: object with keys {id, programName, universityName, departmentName, city, year, scoreType, baseScore, topScore, medianScore, totalQuota, filledQuota, acceptanceRate, scholarship, tuitionFee}). If you meant to render a collection of children, use an array instead.
    at throwOnInvalidObjectType [90m(C:\Users\husey\kiro2\frontend\[39mnode_modules\[4mreact-dom[24m\cjs\react-dom.development.js:13123:9[90m)[39m
    at reconcileChildFibers [90m(C:\Users\husey\kiro2\frontend\[39mnode_modules\[4mreact-dom[24m\cjs\react-dom.development.js:14064:7[90m)[39m
    at reconcileChildren [90m(C:\Users\husey\kiro2\frontend\[39mnode_modules\[4mreact-dom[24m\cjs\react-dom.development.js:19186:28[90m)[39m
    at updateHostComponent [90m(C:\Users\husey\kiro2\frontend\[39mnode_modules\[4mreact-dom[24m\cjs\react-dom.development.js:19953:3[90m)[39m
    at beginWork [90m(C:\Users\husey\kiro2\frontend\[39mnode_modules\[4mreact-dom[24m\cjs\react-dom.development.js:21657:14[90m)[39m
    at HTMLUnknownElement.callCallback [90m(C:\Users\husey\kiro2\frontend\[39mnode_modules\[4mreact-dom[24m\cjs\react-dom.development.js:4164:14[90m)[39m
    at HTMLUnknownElement.callTheUserObjectsOperation [90m(C:\Users\husey\kiro2\frontend\[39mnode_modules\[4mjsdom[24m\lib\jsdom\living\generated\EventListener.js:26:30[90m)[39m
    at innerInvokeEventListeners [90m(C:\Users\husey\kiro2\frontend\[39mnode_modules\[4mjsdom[24m\lib\jsdom\living\events\EventTarget-impl.js:350:25[90m)[39m
    at invokeEventListeners [90m(C:\Users\husey\kiro2\frontend\[39mnode_modules\[4mjsdom[24m\lib\jsdom\living\events\EventTarget-impl.js:286:3[90m)[39m
    at HTMLUnknownElementImpl._dispatch [90m(C:\Users\husey\kiro2\frontend\[39mnode_modules\[4mjsdom[24m\lib\jsdom\living\events\EventTarget-impl.js:233:9[90m)[39m
Error: Uncaught [Error: Objects are not valid as a React child (found: object with keys {id, programName, universityName, departmentName, city, year, scoreType, baseScore, topScore, medianScore, totalQuota, filledQuota, acceptanceRate, scholarship, tuitionFee}). If you meant to render a collection of children, use an array instead.]
    at reportException (C:\Users\husey\kiro2\frontend\node_modules\jsdom\lib\jsdom\living\helpers\runtime-script-errors.js:66:24)
    at innerInvokeEventListeners (C:\Users\husey\kiro2\frontend\node_modules\jsdom\lib\jsdom\living\events\EventTarget-impl.js:353:9)
    at invokeEventListeners (C:\Users\husey\kiro2\frontend\node_modules\jsdom\lib\jsdom\living\events\EventTarget-impl.js:286:3)
    at HTMLUnknownElementImpl._dispatch (C:\Users\husey\kiro2\frontend\node_modules\jsdom\lib\jsdom\living\events\EventTarget-impl.js:233:9)
    at HTMLUnknownElementImpl.dispatchEvent (C:\Users\husey\kiro2\frontend\node_modules\jsdom\lib\jsdom\living\events\EventTarget-impl.js:104:17)
    at HTMLUnknownElement.dispatchEvent (C:\Users\husey\kiro2\frontend\node_modules\jsdom\lib\jsdom\living\generated\EventTarget.js:241:34)
    at Object.invokeGuardedCallbackDev (C:\Users\husey\kiro2\frontend\node_modules\react-dom\cjs\react-dom.development.js:4213:16)
    at invokeGuardedCallback (C:\Users\husey\kiro2\frontend\node_modules\react-dom\cjs\react-dom.development.js:4277:31)
    at beginWork$1 (C:\Users\husey\kiro2\frontend\node_modules\react-dom\cjs\react-dom.development.js:27490:7)
    at performUnitOfWork (C:\Users\husey\kiro2\frontend\node_modules\react-dom\cjs\react-dom.development.js:26599:12) Error: Objects are not valid as a React child (found: object with keys {id, programName, universityName, departmentName, city, year, scoreType, baseScore, topScore, medianScore, totalQuota, filledQuota, acceptanceRate, scholarship, tuitionFee}). If you meant to render a collection of children, use an array instead.
    at throwOnInvalidObjectType [90m(C:\Users\husey\kiro2\frontend\[39mnode_modules\[4mreact-dom[24m\cjs\react-dom.development.js:13123:9[90m)[39m
    at reconcileChildFibers [90m(C:\Users\husey\kiro2\frontend\[39mnode_modules\[4mreact-dom[24m\cjs\react-dom.development.js:14064:7[90m)[39m
    at reconcileChildren [90m(C:\Users\husey\kiro2\frontend\[39mnode_modules\[4mreact-dom[24m\cjs\react-dom.development.js:19186:28[90m)[39m
    at updateHostComponent [90m(C:\Users\husey\kiro2\frontend\[39mnode_modules\[4mreact-dom[24m\cjs\react-dom.development.js:19953:3[90m)[39m
    at beginWork [90m(C:\Users\husey\kiro2\frontend\[39mnode_modules\[4mreact-dom[24m\cjs\react-dom.development.js:21657:14[90m)[39m
    at HTMLUnknownElement.callCallback [90m(C:\Users\husey\kiro2\frontend\[39mnode_modules\[4mreact-dom[24m\cjs\react-dom.development.js:4164:14[90m)[39m
    at HTMLUnknownElement.callTheUserObjectsOperation [90m(C:\Users\husey\kiro2\frontend\[39mnode_modules\[4mjsdom[24m\lib\jsdom\living\generated\EventListener.js:26:30[90m)[39m
    at innerInvokeEventListeners [90m(C:\Users\husey\kiro2\frontend\[39mnode_modules\[4mjsdom[24m\lib\jsdom\living\events\EventTarget-impl.js:350:25[90m)[39m
    at invokeEventListeners [90m(C:\Users\husey\kiro2\frontend\[39mnode_modules\[4mjsdom[24m\lib\jsdom\living\events\EventTarget-impl.js:286:3[90m)[39m
    at HTMLUnknownElementImpl._dispatch [90m(C:\Users\husey\kiro2\frontend\[39mnode_modules\[4mjsdom[24m\lib\jsdom\living\events\EventTarget-impl.js:233:9[90m)[39m
Error: Uncaught [Error: Objects are not valid as a React child (found: object with keys {id, programName, universityName, departmentName, city, year, scoreType, baseScore, topScore, medianScore, totalQuota, filledQuota, acceptanceRate, scholarship, tuitionFee}). If you meant to render a collection of children, use an array instead.]
    at reportException (C:\Users\husey\kiro2\frontend\node_modules\jsdom\lib\jsdom\living\helpers\runtime-script-errors.js:66:24)
    at innerInvokeEventListeners (C:\Users\husey\kiro2\frontend\node_modules\jsdom\lib\jsdom\living\events\EventTarget-impl.js:353:9)
    at invokeEventListeners (C:\Users\husey\kiro2\frontend\node_modules\jsdom\lib\jsdom\living\events\EventTarget-impl.js:286:3)
    at HTMLUnknownElementImpl._dispatch (C:\Users\husey\kiro2\frontend\node_modules\jsdom\lib\jsdom\living\events\EventTarget-impl.js:233:9)
    at HTMLUnknownElementImpl.dispatchEvent (C:\Users\husey\kiro2\frontend\node_modules\jsdom\lib\jsdom\living\events\EventTarget-impl.js:104:17)
    at HTMLUnknownElement.dispatchEvent (C:\Users\husey\kiro2\frontend\node_modules\jsdom\lib\jsdom\living\generated\EventTarget.js:241:34)
    at Object.invokeGuardedCallbackDev (C:\Users\husey\kiro2\frontend\node_modules\react-dom\cjs\react-dom.development.js:4213:16)
    at invokeGuardedCallback (C:\Users\husey\kiro2\frontend\node_modules\react-dom\cjs\react-dom.development.js:4277:31)
    at beginWork$1 (C:\Users\husey\kiro2\frontend\node_modules\react-dom\cjs\react-dom.development.js:27490:7)
    at performUnitOfWork (C:\Users\husey\kiro2\frontend\node_modules\react-dom\cjs\react-dom.development.js:26599:12) Error: Objects are not valid as a React child (found: object with keys {id, programName, universityName, departmentName, city, year, scoreType, baseScore, topScore, medianScore, totalQuota, filledQuota, acceptanceRate, scholarship, tuitionFee}). If you meant to render a collection of children, use an array instead.
    at throwOnInvalidObjectType [90m(C:\Users\husey\kiro2\frontend\[39mnode_modules\[4mreact-dom[24m\cjs\react-dom.development.js:13123:9[90m)[39m
    at reconcileChildFibers [90m(C:\Users\husey\kiro2\frontend\[39mnode_modules\[4mreact-dom[24m\cjs\react-dom.development.js:14064:7[90m)[39m
    at reconcileChildren [90m(C:\Users\husey\kiro2\frontend\[39mnode_modules\[4mreact-dom[24m\cjs\react-dom.development.js:19186:28[90m)[39m
    at updateHostComponent [90m(C:\Users\husey\kiro2\frontend\[39mnode_modules\[4mreact-dom[24m\cjs\react-dom.development.js:19953:3[90m)[39m
    at beginWork [90m(C:\Users\husey\kiro2\frontend\[39mnode_modules\[4mreact-dom[24m\cjs\react-dom.development.js:21657:14[90m)[39m
    at HTMLUnknownElement.callCallback [90m(C:\Users\husey\kiro2\frontend\[39mnode_modules\[4mreact-dom[24m\cjs\react-dom.development.js:4164:14[90m)[39m
    at HTMLUnknownElement.callTheUserObjectsOperation [90m(C:\Users\husey\kiro2\frontend\[39mnode_modules\[4mjsdom[24m\lib\jsdom\living\generated\EventListener.js:26:30[90m)[39m
    at innerInvokeEventListeners [90m(C:\Users\husey\kiro2\frontend\[39mnode_modules\[4mjsdom[24m\lib\jsdom\living\events\EventTarget-impl.js:350:25[90m)[39m
    at invokeEventListeners [90m(C:\Users\husey\kiro2\frontend\[39mnode_modules\[4mjsdom[24m\lib\jsdom\living\events\EventTarget-impl.js:286:3[90m)[39m
    at HTMLUnknownElementImpl._dispatch [90m(C:\Users\husey\kiro2\frontend\[39mnode_modules\[4mjsdom[24m\lib\jsdom\living\events\EventTarget-impl.js:233:9[90m)[39m
Error: Uncaught [Error: Objects are not valid as a React child (found: object with keys {id, programName, universityName, departmentName, city, year, scoreType, baseScore, topScore, medianScore, totalQuota, filledQuota, acceptanceRate, scholarship, tuitionFee}). If you meant to render a collection of children, use an array instead.]
    at reportException (C:\Users\husey\kiro2\frontend\node_modules\jsdom\lib\jsdom\living\helpers\runtime-script-errors.js:66:24)
    at innerInvokeEventListeners (C:\Users\husey\kiro2\frontend\node_modules\jsdom\lib\jsdom\living\events\EventTarget-impl.js:353:9)
    at invokeEventListeners (C:\Users\husey\kiro2\frontend\node_modules\jsdom\lib\jsdom\living\events\EventTarget-impl.js:286:3)
    at HTMLUnknownElementImpl._dispatch (C:\Users\husey\kiro2\frontend\node_modules\jsdom\lib\jsdom\living\events\EventTarget-impl.js:233:9)
    at HTMLUnknownElementImpl.dispatchEvent (C:\Users\husey\kiro2\frontend\node_modules\jsdom\lib\jsdom\living\events\EventTarget-impl.js:104:17)
    at HTMLUnknownElement.dispatchEvent (C:\Users\husey\kiro2\frontend\node_modules\jsdom\lib\jsdom\living\generated\EventTarget.js:241:34)
    at Object.invokeGuardedCallbackDev (C:\Users\husey\kiro2\frontend\node_modules\react-dom\cjs\react-dom.development.js:4213:16)
    at invokeGuardedCallback (C:\Users\husey\kiro2\frontend\node_modules\react-dom\cjs\react-dom.development.js:4277:31)
    at beginWork$1 (C:\Users\husey\kiro2\frontend\node_modules\react-dom\cjs\react-dom.development.js:27490:7)
    at performUnitOfWork (C:\Users\husey\kiro2\frontend\node_modules\react-dom\cjs\react-dom.development.js:26599:12) Error: Objects are not valid as a React child (found: object with keys {id, programName, universityName, departmentName, city, year, scoreType, baseScore, topScore, medianScore, totalQuota, filledQuota, acceptanceRate, scholarship, tuitionFee}). If you meant to render a collection of children, use an array instead.
    at throwOnInvalidObjectType [90m(C:\Users\husey\kiro2\frontend\[39mnode_modules\[4mreact-dom[24m\cjs\react-dom.development.js:13123:9[90m)[39m
    at reconcileChildFibers [90m(C:\Users\husey\kiro2\frontend\[39mnode_modules\[4mreact-dom[24m\cjs\react-dom.development.js:14064:7[90m)[39m
    at reconcileChildren [90m(C:\Users\husey\kiro2\frontend\[39mnode_modules\[4mreact-dom[24m\cjs\react-dom.development.js:19186:28[90m)[39m
    at updateHostComponent [90m(C:\Users\husey\kiro2\frontend\[39mnode_modules\[4mreact-dom[24m\cjs\react-dom.development.js:19953:3[90m)[39m
    at beginWork [90m(C:\Users\husey\kiro2\frontend\[39mnode_modules\[4mreact-dom[24m\cjs\react-dom.development.js:21657:14[90m)[39m
    at HTMLUnknownElement.callCallback [90m(C:\Users\husey\kiro2\frontend\[39mnode_modules\[4mreact-dom[24m\cjs\react-dom.development.js:4164:14[90m)[39m
    at HTMLUnknownElement.callTheUserObjectsOperation [90m(C:\Users\husey\kiro2\frontend\[39mnode_modules\[4mjsdom[24m\lib\jsdom\living\generated\EventListener.js:26:30[90m)[39m
    at innerInvokeEventListeners [90m(C:\Users\husey\kiro2\frontend\[39mnode_modules\[4mjsdom[24m\lib\jsdom\living\events\EventTarget-impl.js:350:25[90m)[39m
    at invokeEventListeners [90m(C:\Users\husey\kiro2\frontend\[39mnode_modules\[4mjsdom[24m\lib\jsdom\living\events\EventTarget-impl.js:286:3[90m)[39m
    at HTMLUnknownElementImpl._dispatch [90m(C:\Users\husey\kiro2\frontend\[39mnode_modules\[4mjsdom[24m\lib\jsdom\living\events\EventTarget-impl.js:233:9[90m)[39m

            </system-err>
            <failure message="Unable to find an element with the text: 100.0%. This could be because the text is broken up by multiple elements. In this case, you can provide a function for your text matcher to make your matcher more flexible.

Ignored nodes: comments, script, style
[36m&lt;body&gt;[39m
  [36m&lt;div /&gt;[39m
[36m&lt;/body&gt;[39m

Ignored nodes: comments, script, style
[36m&lt;html&gt;[39m
  [36m&lt;head /&gt;[39m
  [36m&lt;body&gt;[39m
    [36m&lt;div /&gt;[39m
  [36m&lt;/body&gt;[39m
[36m&lt;/html&gt;[39m" type="TestingLibraryElementError">
TestingLibraryElementError: Unable to find an element with the text: 100.0%. This could be because the text is broken up by multiple elements. In this case, you can provide a function for your text matcher to make your matcher more flexible.

Ignored nodes: comments, script, style
&lt;body&gt;
  &lt;div /&gt;
&lt;/body&gt;

Ignored nodes: comments, script, style
&lt;html&gt;
  &lt;head /&gt;
  &lt;body&gt;
    &lt;div /&gt;
  &lt;/body&gt;
&lt;/html&gt;
 ❯ waitForWrapper node_modules/@testing-library/react/node_modules/@testing-library/dom/dist/wait-for.js:163:27
 ❯ src/components/UniversityAdvisory/__tests__/ProgramSearch.test.tsx:431:11
            </failure>
        </testcase>
        <testcase classname="src/components/UniversityAdvisory/__tests__/ProgramSearch.test.tsx" name="ProgramSearch - Program Display &gt; shows scholarship badge for scholarship programs" time="0.0482063">
            <system-err>
Error: Uncaught [Error: Objects are not valid as a React child (found: object with keys {id, programName, universityName, departmentName, city, year, scoreType, baseScore, topScore, medianScore, totalQuota, filledQuota, acceptanceRate, scholarship, tuitionFee}). If you meant to render a collection of children, use an array instead.]
    at reportException (C:\Users\husey\kiro2\frontend\node_modules\jsdom\lib\jsdom\living\helpers\runtime-script-errors.js:66:24)
    at innerInvokeEventListeners (C:\Users\husey\kiro2\frontend\node_modules\jsdom\lib\jsdom\living\events\EventTarget-impl.js:353:9)
    at invokeEventListeners (C:\Users\husey\kiro2\frontend\node_modules\jsdom\lib\jsdom\living\events\EventTarget-impl.js:286:3)
    at HTMLUnknownElementImpl._dispatch (C:\Users\husey\kiro2\frontend\node_modules\jsdom\lib\jsdom\living\events\EventTarget-impl.js:233:9)
    at HTMLUnknownElementImpl.dispatchEvent (C:\Users\husey\kiro2\frontend\node_modules\jsdom\lib\jsdom\living\events\EventTarget-impl.js:104:17)
    at HTMLUnknownElement.dispatchEvent (C:\Users\husey\kiro2\frontend\node_modules\jsdom\lib\jsdom\living\generated\EventTarget.js:241:34)
    at Object.invokeGuardedCallbackDev (C:\Users\husey\kiro2\frontend\node_modules\react-dom\cjs\react-dom.development.js:4213:16)
    at invokeGuardedCallback (C:\Users\husey\kiro2\frontend\node_modules\react-dom\cjs\react-dom.development.js:4277:31)
    at beginWork$1 (C:\Users\husey\kiro2\frontend\node_modules\react-dom\cjs\react-dom.development.js:27490:7)
    at performUnitOfWork (C:\Users\husey\kiro2\frontend\node_modules\react-dom\cjs\react-dom.development.js:26599:12) Error: Objects are not valid as a React child (found: object with keys {id, programName, universityName, departmentName, city, year, scoreType, baseScore, topScore, medianScore, totalQuota, filledQuota, acceptanceRate, scholarship, tuitionFee}). If you meant to render a collection of children, use an array instead.
    at throwOnInvalidObjectType [90m(C:\Users\husey\kiro2\frontend\[39mnode_modules\[4mreact-dom[24m\cjs\react-dom.development.js:13123:9[90m)[39m
    at reconcileChildFibers [90m(C:\Users\husey\kiro2\frontend\[39mnode_modules\[4mreact-dom[24m\cjs\react-dom.development.js:14064:7[90m)[39m
    at reconcileChildren [90m(C:\Users\husey\kiro2\frontend\[39mnode_modules\[4mreact-dom[24m\cjs\react-dom.development.js:19186:28[90m)[39m
    at updateHostComponent [90m(C:\Users\husey\kiro2\frontend\[39mnode_modules\[4mreact-dom[24m\cjs\react-dom.development.js:19953:3[90m)[39m
    at beginWork [90m(C:\Users\husey\kiro2\frontend\[39mnode_modules\[4mreact-dom[24m\cjs\react-dom.development.js:21657:14[90m)[39m
    at HTMLUnknownElement.callCallback [90m(C:\Users\husey\kiro2\frontend\[39mnode_modules\[4mreact-dom[24m\cjs\react-dom.development.js:4164:14[90m)[39m
    at HTMLUnknownElement.callTheUserObjectsOperation [90m(C:\Users\husey\kiro2\frontend\[39mnode_modules\[4mjsdom[24m\lib\jsdom\living\generated\EventListener.js:26:30[90m)[39m
    at innerInvokeEventListeners [90m(C:\Users\husey\kiro2\frontend\[39mnode_modules\[4mjsdom[24m\lib\jsdom\living\events\EventTarget-impl.js:350:25[90m)[39m
    at invokeEventListeners [90m(C:\Users\husey\kiro2\frontend\[39mnode_modules\[4mjsdom[24m\lib\jsdom\living\events\EventTarget-impl.js:286:3[90m)[39m
    at HTMLUnknownElementImpl._dispatch [90m(C:\Users\husey\kiro2\frontend\[39mnode_modules\[4mjsdom[24m\lib\jsdom\living\events\EventTarget-impl.js:233:9[90m)[39m
Error: Uncaught [Error: Objects are not valid as a React child (found: object with keys {id, programName, universityName, departmentName, city, year, scoreType, baseScore, topScore, medianScore, totalQuota, filledQuota, acceptanceRate, scholarship, tuitionFee}). If you meant to render a collection of children, use an array instead.]
    at reportException (C:\Users\husey\kiro2\frontend\node_modules\jsdom\lib\jsdom\living\helpers\runtime-script-errors.js:66:24)
    at innerInvokeEventListeners (C:\Users\husey\kiro2\frontend\node_modules\jsdom\lib\jsdom\living\events\EventTarget-impl.js:353:9)
    at invokeEventListeners (C:\Users\husey\kiro2\frontend\node_modules\jsdom\lib\jsdom\living\events\EventTarget-impl.js:286:3)
    at HTMLUnknownElementImpl._dispatch (C:\Users\husey\kiro2\frontend\node_modules\jsdom\lib\jsdom\living\events\EventTarget-impl.js:233:9)
    at HTMLUnknownElementImpl.dispatchEvent (C:\Users\husey\kiro2\frontend\node_modules\jsdom\lib\jsdom\living\events\EventTarget-impl.js:104:17)
    at HTMLUnknownElement.dispatchEvent (C:\Users\husey\kiro2\frontend\node_modules\jsdom\lib\jsdom\living\generated\EventTarget.js:241:34)
    at Object.invokeGuardedCallbackDev (C:\Users\husey\kiro2\frontend\node_modules\react-dom\cjs\react-dom.development.js:4213:16)
    at invokeGuardedCallback (C:\Users\husey\kiro2\frontend\node_modules\react-dom\cjs\react-dom.development.js:4277:31)
    at beginWork$1 (C:\Users\husey\kiro2\frontend\node_modules\react-dom\cjs\react-dom.development.js:27490:7)
    at performUnitOfWork (C:\Users\husey\kiro2\frontend\node_modules\react-dom\cjs\react-dom.development.js:26599:12) Error: Objects are not valid as a React child (found: object with keys {id, programName, universityName, departmentName, city, year, scoreType, baseScore, topScore, medianScore, totalQuota, filledQuota, acceptanceRate, scholarship, tuitionFee}). If you meant to render a collection of children, use an array instead.
    at throwOnInvalidObjectType [90m(C:\Users\husey\kiro2\frontend\[39mnode_modules\[4mreact-dom[24m\cjs\react-dom.development.js:13123:9[90m)[39m
    at reconcileChildFibers [90m(C:\Users\husey\kiro2\frontend\[39mnode_modules\[4mreact-dom[24m\cjs\react-dom.development.js:14064:7[90m)[39m
    at reconcileChildren [90m(C:\Users\husey\kiro2\frontend\[39mnode_modules\[4mreact-dom[24m\cjs\react-dom.development.js:19186:28[90m)[39m
    at updateHostComponent [90m(C:\Users\husey\kiro2\frontend\[39mnode_modules\[4mreact-dom[24m\cjs\react-dom.development.js:19953:3[90m)[39m
    at beginWork [90m(C:\Users\husey\kiro2\frontend\[39mnode_modules\[4mreact-dom[24m\cjs\react-dom.development.js:21657:14[90m)[39m
    at HTMLUnknownElement.callCallback [90m(C:\Users\husey\kiro2\frontend\[39mnode_modules\[4mreact-dom[24m\cjs\react-dom.development.js:4164:14[90m)[39m
    at HTMLUnknownElement.callTheUserObjectsOperation [90m(C:\Users\husey\kiro2\frontend\[39mnode_modules\[4mjsdom[24m\lib\jsdom\living\generated\EventListener.js:26:30[90m)[39m
    at innerInvokeEventListeners [90m(C:\Users\husey\kiro2\frontend\[39mnode_modules\[4mjsdom[24m\lib\jsdom\living\events\EventTarget-impl.js:350:25[90m)[39m
    at invokeEventListeners [90m(C:\Users\husey\kiro2\frontend\[39mnode_modules\[4mjsdom[24m\lib\jsdom\living\events\EventTarget-impl.js:286:3[90m)[39m
    at HTMLUnknownElementImpl._dispatch [90m(C:\Users\husey\kiro2\frontend\[39mnode_modules\[4mjsdom[24m\lib\jsdom\living\events\EventTarget-impl.js:233:9[90m)[39m
Error: Uncaught [Error: Objects are not valid as a React child (found: object with keys {id, programName, universityName, departmentName, city, year, scoreType, baseScore, topScore, medianScore, totalQuota, filledQuota, acceptanceRate, scholarship, tuitionFee}). If you meant to render a collection of children, use an array instead.]
    at reportException (C:\Users\husey\kiro2\frontend\node_modules\jsdom\lib\jsdom\living\helpers\runtime-script-errors.js:66:24)
    at innerInvokeEventListeners (C:\Users\husey\kiro2\frontend\node_modules\jsdom\lib\jsdom\living\events\EventTarget-impl.js:353:9)
    at invokeEventListeners (C:\Users\husey\kiro2\frontend\node_modules\jsdom\lib\jsdom\living\events\EventTarget-impl.js:286:3)
    at HTMLUnknownElementImpl._dispatch (C:\Users\husey\kiro2\frontend\node_modules\jsdom\lib\jsdom\living\events\EventTarget-impl.js:233:9)
    at HTMLUnknownElementImpl.dispatchEvent (C:\Users\husey\kiro2\frontend\node_modules\jsdom\lib\jsdom\living\events\EventTarget-impl.js:104:17)
    at HTMLUnknownElement.dispatchEvent (C:\Users\husey\kiro2\frontend\node_modules\jsdom\lib\jsdom\living\generated\EventTarget.js:241:34)
    at Object.invokeGuardedCallbackDev (C:\Users\husey\kiro2\frontend\node_modules\react-dom\cjs\react-dom.development.js:4213:16)
    at invokeGuardedCallback (C:\Users\husey\kiro2\frontend\node_modules\react-dom\cjs\react-dom.development.js:4277:31)
    at beginWork$1 (C:\Users\husey\kiro2\frontend\node_modules\react-dom\cjs\react-dom.development.js:27490:7)
    at performUnitOfWork (C:\Users\husey\kiro2\frontend\node_modules\react-dom\cjs\react-dom.development.js:26599:12) Error: Objects are not valid as a React child (found: object with keys {id, programName, universityName, departmentName, city, year, scoreType, baseScore, topScore, medianScore, totalQuota, filledQuota, acceptanceRate, scholarship, tuitionFee}). If you meant to render a collection of children, use an array instead.
    at throwOnInvalidObjectType [90m(C:\Users\husey\kiro2\frontend\[39mnode_modules\[4mreact-dom[24m\cjs\react-dom.development.js:13123:9[90m)[39m
    at reconcileChildFibers [90m(C:\Users\husey\kiro2\frontend\[39mnode_modules\[4mreact-dom[24m\cjs\react-dom.development.js:14064:7[90m)[39m
    at reconcileChildren [90m(C:\Users\husey\kiro2\frontend\[39mnode_modules\[4mreact-dom[24m\cjs\react-dom.development.js:19186:28[90m)[39m
    at updateHostComponent [90m(C:\Users\husey\kiro2\frontend\[39mnode_modules\[4mreact-dom[24m\cjs\react-dom.development.js:19953:3[90m)[39m
    at beginWork [90m(C:\Users\husey\kiro2\frontend\[39mnode_modules\[4mreact-dom[24m\cjs\react-dom.development.js:21657:14[90m)[39m
    at HTMLUnknownElement.callCallback [90m(C:\Users\husey\kiro2\frontend\[39mnode_modules\[4mreact-dom[24m\cjs\react-dom.development.js:4164:14[90m)[39m
    at HTMLUnknownElement.callTheUserObjectsOperation [90m(C:\Users\husey\kiro2\frontend\[39mnode_modules\[4mjsdom[24m\lib\jsdom\living\generated\EventListener.js:26:30[90m)[39m
    at innerInvokeEventListeners [90m(C:\Users\husey\kiro2\frontend\[39mnode_modules\[4mjsdom[24m\lib\jsdom\living\events\EventTarget-impl.js:350:25[90m)[39m
    at invokeEventListeners [90m(C:\Users\husey\kiro2\frontend\[39mnode_modules\[4mjsdom[24m\lib\jsdom\living\events\EventTarget-impl.js:286:3[90m)[39m
    at HTMLUnknownElementImpl._dispatch [90m(C:\Users\husey\kiro2\frontend\[39mnode_modules\[4mjsdom[24m\lib\jsdom\living\events\EventTarget-impl.js:233:9[90m)[39m
Error: Uncaught [Error: Objects are not valid as a React child (found: object with keys {id, programName, universityName, departmentName, city, year, scoreType, baseScore, topScore, medianScore, totalQuota, filledQuota, acceptanceRate, scholarship, tuitionFee}). If you meant to render a collection of children, use an array instead.]
    at reportException (C:\Users\husey\kiro2\frontend\node_modules\jsdom\lib\jsdom\living\helpers\runtime-script-errors.js:66:24)
    at innerInvokeEventListeners (C:\Users\husey\kiro2\frontend\node_modules\jsdom\lib\jsdom\living\events\EventTarget-impl.js:353:9)
    at invokeEventListeners (C:\Users\husey\kiro2\frontend\node_modules\jsdom\lib\jsdom\living\events\EventTarget-impl.js:286:3)
    at HTMLUnknownElementImpl._dispatch (C:\Users\husey\kiro2\frontend\node_modules\jsdom\lib\jsdom\living\events\EventTarget-impl.js:233:9)
    at HTMLUnknownElementImpl.dispatchEvent (C:\Users\husey\kiro2\frontend\node_modules\jsdom\lib\jsdom\living\events\EventTarget-impl.js:104:17)
    at HTMLUnknownElement.dispatchEvent (C:\Users\husey\kiro2\frontend\node_modules\jsdom\lib\jsdom\living\generated\EventTarget.js:241:34)
    at Object.invokeGuardedCallbackDev (C:\Users\husey\kiro2\frontend\node_modules\react-dom\cjs\react-dom.development.js:4213:16)
    at invokeGuardedCallback (C:\Users\husey\kiro2\frontend\node_modules\react-dom\cjs\react-dom.development.js:4277:31)
    at beginWork$1 (C:\Users\husey\kiro2\frontend\node_modules\react-dom\cjs\react-dom.development.js:27490:7)
    at performUnitOfWork (C:\Users\husey\kiro2\frontend\node_modules\react-dom\cjs\react-dom.development.js:26599:12) Error: Objects are not valid as a React child (found: object with keys {id, programName, universityName, departmentName, city, year, scoreType, baseScore, topScore, medianScore, totalQuota, filledQuota, acceptanceRate, scholarship, tuitionFee}). If you meant to render a collection of children, use an array instead.
    at throwOnInvalidObjectType [90m(C:\Users\husey\kiro2\frontend\[39mnode_modules\[4mreact-dom[24m\cjs\react-dom.development.js:13123:9[90m)[39m
    at reconcileChildFibers [90m(C:\Users\husey\kiro2\frontend\[39mnode_modules\[4mreact-dom[24m\cjs\react-dom.development.js:14064:7[90m)[39m
    at reconcileChildren [90m(C:\Users\husey\kiro2\frontend\[39mnode_modules\[4mreact-dom[24m\cjs\react-dom.development.js:19186:28[90m)[39m
    at updateHostComponent [90m(C:\Users\husey\kiro2\frontend\[39mnode_modules\[4mreact-dom[24m\cjs\react-dom.development.js:19953:3[90m)[39m
    at beginWork [90m(C:\Users\husey\kiro2\frontend\[39mnode_modules\[4mreact-dom[24m\cjs\react-dom.development.js:21657:14[90m)[39m
    at HTMLUnknownElement.callCallback [90m(C:\Users\husey\kiro2\frontend\[39mnode_modules\[4mreact-dom[24m\cjs\react-dom.development.js:4164:14[90m)[39m
    at HTMLUnknownElement.callTheUserObjectsOperation [90m(C:\Users\husey\kiro2\frontend\[39mnode_modules\[4mjsdom[24m\lib\jsdom\living\generated\EventListener.js:26:30[90m)[39m
    at innerInvokeEventListeners [90m(C:\Users\husey\kiro2\frontend\[39mnode_modules\[4mjsdom[24m\lib\jsdom\living\events\EventTarget-impl.js:350:25[90m)[39m
    at invokeEventListeners [90m(C:\Users\husey\kiro2\frontend\[39mnode_modules\[4mjsdom[24m\lib\jsdom\living\events\EventTarget-impl.js:286:3[90m)[39m
    at HTMLUnknownElementImpl._dispatch [90m(C:\Users\husey\kiro2\frontend\[39mnode_modules\[4mjsdom[24m\lib\jsdom\living\events\EventTarget-impl.js:233:9[90m)[39m
Error: Uncaught [Error: Objects are not valid as a React child (found: object with keys {id, programName, universityName, departmentName, city, year, scoreType, baseScore, topScore, medianScore, totalQuota, filledQuota, acceptanceRate, scholarship, tuitionFee}). If you meant to render a collection of children, use an array instead.]
    at reportException (C:\Users\husey\kiro2\frontend\node_modules\jsdom\lib\jsdom\living\helpers\runtime-script-errors.js:66:24)
    at innerInvokeEventListeners (C:\Users\husey\kiro2\frontend\node_modules\jsdom\lib\jsdom\living\events\EventTarget-impl.js:353:9)
    at invokeEventListeners (C:\Users\husey\kiro2\frontend\node_modules\jsdom\lib\jsdom\living\events\EventTarget-impl.js:286:3)
    at HTMLUnknownElementImpl._dispatch (C:\Users\husey\kiro2\frontend\node_modules\jsdom\lib\jsdom\living\events\EventTarget-impl.js:233:9)
    at HTMLUnknownElementImpl.dispatchEvent (C:\Users\husey\kiro2\frontend\node_modules\jsdom\lib\jsdom\living\events\EventTarget-impl.js:104:17)
    at HTMLUnknownElement.dispatchEvent (C:\Users\husey\kiro2\frontend\node_modules\jsdom\lib\jsdom\living\generated\EventTarget.js:241:34)
    at Object.invokeGuardedCallbackDev (C:\Users\husey\kiro2\frontend\node_modules\react-dom\cjs\react-dom.development.js:4213:16)
    at invokeGuardedCallback (C:\Users\husey\kiro2\frontend\node_modules\react-dom\cjs\react-dom.development.js:4277:31)
    at beginWork$1 (C:\Users\husey\kiro2\frontend\node_modules\react-dom\cjs\react-dom.development.js:27490:7)
    at performUnitOfWork (C:\Users\husey\kiro2\frontend\node_modules\react-dom\cjs\react-dom.development.js:26599:12) Error: Objects are not valid as a React child (found: object with keys {id, programName, universityName, departmentName, city, year, scoreType, baseScore, topScore, medianScore, totalQuota, filledQuota, acceptanceRate, scholarship, tuitionFee}). If you meant to render a collection of children, use an array instead.
    at throwOnInvalidObjectType [90m(C:\Users\husey\kiro2\frontend\[39mnode_modules\[4mreact-dom[24m\cjs\react-dom.development.js:13123:9[90m)[39m
    at reconcileChildFibers [90m(C:\Users\husey\kiro2\frontend\[39mnode_modules\[4mreact-dom[24m\cjs\react-dom.development.js:14064:7[90m)[39m
    at reconcileChildren [90m(C:\Users\husey\kiro2\frontend\[39mnode_modules\[4mreact-dom[24m\cjs\react-dom.development.js:19186:28[90m)[39m
    at updateHostComponent [90m(C:\Users\husey\kiro2\frontend\[39mnode_modules\[4mreact-dom[24m\cjs\react-dom.development.js:19953:3[90m)[39m
    at beginWork [90m(C:\Users\husey\kiro2\frontend\[39mnode_modules\[4mreact-dom[24m\cjs\react-dom.development.js:21657:14[90m)[39m
    at HTMLUnknownElement.callCallback [90m(C:\Users\husey\kiro2\frontend\[39mnode_modules\[4mreact-dom[24m\cjs\react-dom.development.js:4164:14[90m)[39m
    at HTMLUnknownElement.callTheUserObjectsOperation [90m(C:\Users\husey\kiro2\frontend\[39mnode_modules\[4mjsdom[24m\lib\jsdom\living\generated\EventListener.js:26:30[90m)[39m
    at innerInvokeEventListeners [90m(C:\Users\husey\kiro2\frontend\[39mnode_modules\[4mjsdom[24m\lib\jsdom\living\events\EventTarget-impl.js:350:25[90m)[39m
    at invokeEventListeners [90m(C:\Users\husey\kiro2\frontend\[39mnode_modules\[4mjsdom[24m\lib\jsdom\living\events\EventTarget-impl.js:286:3[90m)[39m
    at HTMLUnknownElementImpl._dispatch [90m(C:\Users\husey\kiro2\frontend\[39mnode_modules\[4mjsdom[24m\lib\jsdom\living\events\EventTarget-impl.js:233:9[90m)[39m
Error: Uncaught [Error: Objects are not valid as a React child (found: object with keys {id, programName, universityName, departmentName, city, year, scoreType, baseScore, topScore, medianScore, totalQuota, filledQuota, acceptanceRate, scholarship, tuitionFee}). If you meant to render a collection of children, use an array instead.]
    at reportException (C:\Users\husey\kiro2\frontend\node_modules\jsdom\lib\jsdom\living\helpers\runtime-script-errors.js:66:24)
    at innerInvokeEventListeners (C:\Users\husey\kiro2\frontend\node_modules\jsdom\lib\jsdom\living\events\EventTarget-impl.js:353:9)
    at invokeEventListeners (C:\Users\husey\kiro2\frontend\node_modules\jsdom\lib\jsdom\living\events\EventTarget-impl.js:286:3)
    at HTMLUnknownElementImpl._dispatch (C:\Users\husey\kiro2\frontend\node_modules\jsdom\lib\jsdom\living\events\EventTarget-impl.js:233:9)
    at HTMLUnknownElementImpl.dispatchEvent (C:\Users\husey\kiro2\frontend\node_modules\jsdom\lib\jsdom\living\events\EventTarget-impl.js:104:17)
    at HTMLUnknownElement.dispatchEvent (C:\Users\husey\kiro2\frontend\node_modules\jsdom\lib\jsdom\living\generated\EventTarget.js:241:34)
    at Object.invokeGuardedCallbackDev (C:\Users\husey\kiro2\frontend\node_modules\react-dom\cjs\react-dom.development.js:4213:16)
    at invokeGuardedCallback (C:\Users\husey\kiro2\frontend\node_modules\react-dom\cjs\react-dom.development.js:4277:31)
    at beginWork$1 (C:\Users\husey\kiro2\frontend\node_modules\react-dom\cjs\react-dom.development.js:27490:7)
    at performUnitOfWork (C:\Users\husey\kiro2\frontend\node_modules\react-dom\cjs\react-dom.development.js:26599:12) Error: Objects are not valid as a React child (found: object with keys {id, programName, universityName, departmentName, city, year, scoreType, baseScore, topScore, medianScore, totalQuota, filledQuota, acceptanceRate, scholarship, tuitionFee}). If you meant to render a collection of children, use an array instead.
    at throwOnInvalidObjectType [90m(C:\Users\husey\kiro2\frontend\[39mnode_modules\[4mreact-dom[24m\cjs\react-dom.development.js:13123:9[90m)[39m
    at reconcileChildFibers [90m(C:\Users\husey\kiro2\frontend\[39mnode_modules\[4mreact-dom[24m\cjs\react-dom.development.js:14064:7[90m)[39m
    at reconcileChildren [90m(C:\Users\husey\kiro2\frontend\[39mnode_modules\[4mreact-dom[24m\cjs\react-dom.development.js:19186:28[90m)[39m
    at updateHostComponent [90m(C:\Users\husey\kiro2\frontend\[39mnode_modules\[4mreact-dom[24m\cjs\react-dom.development.js:19953:3[90m)[39m
    at beginWork [90m(C:\Users\husey\kiro2\frontend\[39mnode_modules\[4mreact-dom[24m\cjs\react-dom.development.js:21657:14[90m)[39m
    at HTMLUnknownElement.callCallback [90m(C:\Users\husey\kiro2\frontend\[39mnode_modules\[4mreact-dom[24m\cjs\react-dom.development.js:4164:14[90m)[39m
    at HTMLUnknownElement.callTheUserObjectsOperation [90m(C:\Users\husey\kiro2\frontend\[39mnode_modules\[4mjsdom[24m\lib\jsdom\living\generated\EventListener.js:26:30[90m)[39m
    at innerInvokeEventListeners [90m(C:\Users\husey\kiro2\frontend\[39mnode_modules\[4mjsdom[24m\lib\jsdom\living\events\EventTarget-impl.js:350:25[90m)[39m
    at invokeEventListeners [90m(C:\Users\husey\kiro2\frontend\[39mnode_modules\[4mjsdom[24m\lib\jsdom\living\events\EventTarget-impl.js:286:3[90m)[39m
    at HTMLUnknownElementImpl._dispatch [90m(C:\Users\husey\kiro2\frontend\[39mnode_modules\[4mjsdom[24m\lib\jsdom\living\events\EventTarget-impl.js:233:9[90m)[39m

            </system-err>
        </testcase>
        <testcase classname="src/components/UniversityAdvisory/__tests__/ProgramSearch.test.tsx" name="ProgramSearch - Program Display &gt; displays tuition fee when available" time="1.0105969">
            <system-err>
Error: Uncaught [Error: Objects are not valid as a React child (found: object with keys {id, programName, universityName, departmentName, city, year, scoreType, baseScore, topScore, medianScore, totalQuota, filledQuota, acceptanceRate, scholarship, tuitionFee}). If you meant to render a collection of children, use an array instead.]
    at reportException (C:\Users\husey\kiro2\frontend\node_modules\jsdom\lib\jsdom\living\helpers\runtime-script-errors.js:66:24)
    at innerInvokeEventListeners (C:\Users\husey\kiro2\frontend\node_modules\jsdom\lib\jsdom\living\events\EventTarget-impl.js:353:9)
    at invokeEventListeners (C:\Users\husey\kiro2\frontend\node_modules\jsdom\lib\jsdom\living\events\EventTarget-impl.js:286:3)
    at HTMLUnknownElementImpl._dispatch (C:\Users\husey\kiro2\frontend\node_modules\jsdom\lib\jsdom\living\events\EventTarget-impl.js:233:9)
    at HTMLUnknownElementImpl.dispatchEvent (C:\Users\husey\kiro2\frontend\node_modules\jsdom\lib\jsdom\living\events\EventTarget-impl.js:104:17)
    at HTMLUnknownElement.dispatchEvent (C:\Users\husey\kiro2\frontend\node_modules\jsdom\lib\jsdom\living\generated\EventTarget.js:241:34)
    at Object.invokeGuardedCallbackDev (C:\Users\husey\kiro2\frontend\node_modules\react-dom\cjs\react-dom.development.js:4213:16)
    at invokeGuardedCallback (C:\Users\husey\kiro2\frontend\node_modules\react-dom\cjs\react-dom.development.js:4277:31)
    at beginWork$1 (C:\Users\husey\kiro2\frontend\node_modules\react-dom\cjs\react-dom.development.js:27490:7)
    at performUnitOfWork (C:\Users\husey\kiro2\frontend\node_modules\react-dom\cjs\react-dom.development.js:26599:12) Error: Objects are not valid as a React child (found: object with keys {id, programName, universityName, departmentName, city, year, scoreType, baseScore, topScore, medianScore, totalQuota, filledQuota, acceptanceRate, scholarship, tuitionFee}). If you meant to render a collection of children, use an array instead.
    at throwOnInvalidObjectType [90m(C:\Users\husey\kiro2\frontend\[39mnode_modules\[4mreact-dom[24m\cjs\react-dom.development.js:13123:9[90m)[39m
    at reconcileChildFibers [90m(C:\Users\husey\kiro2\frontend\[39mnode_modules\[4mreact-dom[24m\cjs\react-dom.development.js:14064:7[90m)[39m
    at reconcileChildren [90m(C:\Users\husey\kiro2\frontend\[39mnode_modules\[4mreact-dom[24m\cjs\react-dom.development.js:19186:28[90m)[39m
    at updateHostComponent [90m(C:\Users\husey\kiro2\frontend\[39mnode_modules\[4mreact-dom[24m\cjs\react-dom.development.js:19953:3[90m)[39m
    at beginWork [90m(C:\Users\husey\kiro2\frontend\[39mnode_modules\[4mreact-dom[24m\cjs\react-dom.development.js:21657:14[90m)[39m
    at HTMLUnknownElement.callCallback [90m(C:\Users\husey\kiro2\frontend\[39mnode_modules\[4mreact-dom[24m\cjs\react-dom.development.js:4164:14[90m)[39m
    at HTMLUnknownElement.callTheUserObjectsOperation [90m(C:\Users\husey\kiro2\frontend\[39mnode_modules\[4mjsdom[24m\lib\jsdom\living\generated\EventListener.js:26:30[90m)[39m
    at innerInvokeEventListeners [90m(C:\Users\husey\kiro2\frontend\[39mnode_modules\[4mjsdom[24m\lib\jsdom\living\events\EventTarget-impl.js:350:25[90m)[39m
    at invokeEventListeners [90m(C:\Users\husey\kiro2\frontend\[39mnode_modules\[4mjsdom[24m\lib\jsdom\living\events\EventTarget-impl.js:286:3[90m)[39m
    at HTMLUnknownElementImpl._dispatch [90m(C:\Users\husey\kiro2\frontend\[39mnode_modules\[4mjsdom[24m\lib\jsdom\living\events\EventTarget-impl.js:233:9[90m)[39m
Error: Uncaught [Error: Objects are not valid as a React child (found: object with keys {id, programName, universityName, departmentName, city, year, scoreType, baseScore, topScore, medianScore, totalQuota, filledQuota, acceptanceRate, scholarship, tuitionFee}). If you meant to render a collection of children, use an array instead.]
    at reportException (C:\Users\husey\kiro2\frontend\node_modules\jsdom\lib\jsdom\living\helpers\runtime-script-errors.js:66:24)
    at innerInvokeEventListeners (C:\Users\husey\kiro2\frontend\node_modules\jsdom\lib\jsdom\living\events\EventTarget-impl.js:353:9)
    at invokeEventListeners (C:\Users\husey\kiro2\frontend\node_modules\jsdom\lib\jsdom\living\events\EventTarget-impl.js:286:3)
    at HTMLUnknownElementImpl._dispatch (C:\Users\husey\kiro2\frontend\node_modules\jsdom\lib\jsdom\living\events\EventTarget-impl.js:233:9)
    at HTMLUnknownElementImpl.dispatchEvent (C:\Users\husey\kiro2\frontend\node_modules\jsdom\lib\jsdom\living\events\EventTarget-impl.js:104:17)
    at HTMLUnknownElement.dispatchEvent (C:\Users\husey\kiro2\frontend\node_modules\jsdom\lib\jsdom\living\generated\EventTarget.js:241:34)
    at Object.invokeGuardedCallbackDev (C:\Users\husey\kiro2\frontend\node_modules\react-dom\cjs\react-dom.development.js:4213:16)
    at invokeGuardedCallback (C:\Users\husey\kiro2\frontend\node_modules\react-dom\cjs\react-dom.development.js:4277:31)
    at beginWork$1 (C:\Users\husey\kiro2\frontend\node_modules\react-dom\cjs\react-dom.development.js:27490:7)
    at performUnitOfWork (C:\Users\husey\kiro2\frontend\node_modules\react-dom\cjs\react-dom.development.js:26599:12) Error: Objects are not valid as a React child (found: object with keys {id, programName, universityName, departmentName, city, year, scoreType, baseScore, topScore, medianScore, totalQuota, filledQuota, acceptanceRate, scholarship, tuitionFee}). If you meant to render a collection of children, use an array instead.
    at throwOnInvalidObjectType [90m(C:\Users\husey\kiro2\frontend\[39mnode_modules\[4mreact-dom[24m\cjs\react-dom.development.js:13123:9[90m)[39m
    at reconcileChildFibers [90m(C:\Users\husey\kiro2\frontend\[39mnode_modules\[4mreact-dom[24m\cjs\react-dom.development.js:14064:7[90m)[39m
    at reconcileChildren [90m(C:\Users\husey\kiro2\frontend\[39mnode_modules\[4mreact-dom[24m\cjs\react-dom.development.js:19186:28[90m)[39m
    at updateHostComponent [90m(C:\Users\husey\kiro2\frontend\[39mnode_modules\[4mreact-dom[24m\cjs\react-dom.development.js:19953:3[90m)[39m
    at beginWork [90m(C:\Users\husey\kiro2\frontend\[39mnode_modules\[4mreact-dom[24m\cjs\react-dom.development.js:21657:14[90m)[39m
    at HTMLUnknownElement.callCallback [90m(C:\Users\husey\kiro2\frontend\[39mnode_modules\[4mreact-dom[24m\cjs\react-dom.development.js:4164:14[90m)[39m
    at HTMLUnknownElement.callTheUserObjectsOperation [90m(C:\Users\husey\kiro2\frontend\[39mnode_modules\[4mjsdom[24m\lib\jsdom\living\generated\EventListener.js:26:30[90m)[39m
    at innerInvokeEventListeners [90m(C:\Users\husey\kiro2\frontend\[39mnode_modules\[4mjsdom[24m\lib\jsdom\living\events\EventTarget-impl.js:350:25[90m)[39m
    at invokeEventListeners [90m(C:\Users\husey\kiro2\frontend\[39mnode_modules\[4mjsdom[24m\lib\jsdom\living\events\EventTarget-impl.js:286:3[90m)[39m
    at HTMLUnknownElementImpl._dispatch [90m(C:\Users\husey\kiro2\frontend\[39mnode_modules\[4mjsdom[24m\lib\jsdom\living\events\EventTarget-impl.js:233:9[90m)[39m
Error: Uncaught [Error: Objects are not valid as a React child (found: object with keys {id, programName, universityName, departmentName, city, year, scoreType, baseScore, topScore, medianScore, totalQuota, filledQuota, acceptanceRate, scholarship, tuitionFee}). If you meant to render a collection of children, use an array instead.]
    at reportException (C:\Users\husey\kiro2\frontend\node_modules\jsdom\lib\jsdom\living\helpers\runtime-script-errors.js:66:24)
    at innerInvokeEventListeners (C:\Users\husey\kiro2\frontend\node_modules\jsdom\lib\jsdom\living\events\EventTarget-impl.js:353:9)
    at invokeEventListeners (C:\Users\husey\kiro2\frontend\node_modules\jsdom\lib\jsdom\living\events\EventTarget-impl.js:286:3)
    at HTMLUnknownElementImpl._dispatch (C:\Users\husey\kiro2\frontend\node_modules\jsdom\lib\jsdom\living\events\EventTarget-impl.js:233:9)
    at HTMLUnknownElementImpl.dispatchEvent (C:\Users\husey\kiro2\frontend\node_modules\jsdom\lib\jsdom\living\events\EventTarget-impl.js:104:17)
    at HTMLUnknownElement.dispatchEvent (C:\Users\husey\kiro2\frontend\node_modules\jsdom\lib\jsdom\living\generated\EventTarget.js:241:34)
    at Object.invokeGuardedCallbackDev (C:\Users\husey\kiro2\frontend\node_modules\react-dom\cjs\react-dom.development.js:4213:16)
    at invokeGuardedCallback (C:\Users\husey\kiro2\frontend\node_modules\react-dom\cjs\react-dom.development.js:4277:31)
    at beginWork$1 (C:\Users\husey\kiro2\frontend\node_modules\react-dom\cjs\react-dom.development.js:27490:7)
    at performUnitOfWork (C:\Users\husey\kiro2\frontend\node_modules\react-dom\cjs\react-dom.development.js:26599:12) Error: Objects are not valid as a React child (found: object with keys {id, programName, universityName, departmentName, city, year, scoreType, baseScore, topScore, medianScore, totalQuota, filledQuota, acceptanceRate, scholarship, tuitionFee}). If you meant to render a collection of children, use an array instead.
    at throwOnInvalidObjectType [90m(C:\Users\husey\kiro2\frontend\[39mnode_modules\[4mreact-dom[24m\cjs\react-dom.development.js:13123:9[90m)[39m
    at reconcileChildFibers [90m(C:\Users\husey\kiro2\frontend\[39mnode_modules\[4mreact-dom[24m\cjs\react-dom.development.js:14064:7[90m)[39m
    at reconcileChildren [90m(C:\Users\husey\kiro2\frontend\[39mnode_modules\[4mreact-dom[24m\cjs\react-dom.development.js:19186:28[90m)[39m
    at updateHostComponent [90m(C:\Users\husey\kiro2\frontend\[39mnode_modules\[4mreact-dom[24m\cjs\react-dom.development.js:19953:3[90m)[39m
    at beginWork [90m(C:\Users\husey\kiro2\frontend\[39mnode_modules\[4mreact-dom[24m\cjs\react-dom.development.js:21657:14[90m)[39m
    at HTMLUnknownElement.callCallback [90m(C:\Users\husey\kiro2\frontend\[39mnode_modules\[4mreact-dom[24m\cjs\react-dom.development.js:4164:14[90m)[39m
    at HTMLUnknownElement.callTheUserObjectsOperation [90m(C:\Users\husey\kiro2\frontend\[39mnode_modules\[4mjsdom[24m\lib\jsdom\living\generated\EventListener.js:26:30[90m)[39m
    at innerInvokeEventListeners [90m(C:\Users\husey\kiro2\frontend\[39mnode_modules\[4mjsdom[24m\lib\jsdom\living\events\EventTarget-impl.js:350:25[90m)[39m
    at invokeEventListeners [90m(C:\Users\husey\kiro2\frontend\[39mnode_modules\[4mjsdom[24m\lib\jsdom\living\events\EventTarget-impl.js:286:3[90m)[39m
    at HTMLUnknownElementImpl._dispatch [90m(C:\Users\husey\kiro2\frontend\[39mnode_modules\[4mjsdom[24m\lib\jsdom\living\events\EventTarget-impl.js:233:9[90m)[39m
Error: Uncaught [Error: Objects are not valid as a React child (found: object with keys {id, programName, universityName, departmentName, city, year, scoreType, baseScore, topScore, medianScore, totalQuota, filledQuota, acceptanceRate, scholarship, tuitionFee}). If you meant to render a collection of children, use an array instead.]
    at reportException (C:\Users\husey\kiro2\frontend\node_modules\jsdom\lib\jsdom\living\helpers\runtime-script-errors.js:66:24)
    at innerInvokeEventListeners (C:\Users\husey\kiro2\frontend\node_modules\jsdom\lib\jsdom\living\events\EventTarget-impl.js:353:9)
    at invokeEventListeners (C:\Users\husey\kiro2\frontend\node_modules\jsdom\lib\jsdom\living\events\EventTarget-impl.js:286:3)
    at HTMLUnknownElementImpl._dispatch (C:\Users\husey\kiro2\frontend\node_modules\jsdom\lib\jsdom\living\events\EventTarget-impl.js:233:9)
    at HTMLUnknownElementImpl.dispatchEvent (C:\Users\husey\kiro2\frontend\node_modules\jsdom\lib\jsdom\living\events\EventTarget-impl.js:104:17)
    at HTMLUnknownElement.dispatchEvent (C:\Users\husey\kiro2\frontend\node_modules\jsdom\lib\jsdom\living\generated\EventTarget.js:241:34)
    at Object.invokeGuardedCallbackDev (C:\Users\husey\kiro2\frontend\node_modules\react-dom\cjs\react-dom.development.js:4213:16)
    at invokeGuardedCallback (C:\Users\husey\kiro2\frontend\node_modules\react-dom\cjs\react-dom.development.js:4277:31)
    at beginWork$1 (C:\Users\husey\kiro2\frontend\node_modules\react-dom\cjs\react-dom.development.js:27490:7)
    at performUnitOfWork (C:\Users\husey\kiro2\frontend\node_modules\react-dom\cjs\react-dom.development.js:26599:12) Error: Objects are not valid as a React child (found: object with keys {id, programName, universityName, departmentName, city, year, scoreType, baseScore, topScore, medianScore, totalQuota, filledQuota, acceptanceRate, scholarship, tuitionFee}). If you meant to render a collection of children, use an array instead.
    at throwOnInvalidObjectType [90m(C:\Users\husey\kiro2\frontend\[39mnode_modules\[4mreact-dom[24m\cjs\react-dom.development.js:13123:9[90m)[39m
    at reconcileChildFibers [90m(C:\Users\husey\kiro2\frontend\[39mnode_modules\[4mreact-dom[24m\cjs\react-dom.development.js:14064:7[90m)[39m
    at reconcileChildren [90m(C:\Users\husey\kiro2\frontend\[39mnode_modules\[4mreact-dom[24m\cjs\react-dom.development.js:19186:28[90m)[39m
    at updateHostComponent [90m(C:\Users\husey\kiro2\frontend\[39mnode_modules\[4mreact-dom[24m\cjs\react-dom.development.js:19953:3[90m)[39m
    at beginWork [90m(C:\Users\husey\kiro2\frontend\[39mnode_modules\[4mreact-dom[24m\cjs\react-dom.development.js:21657:14[90m)[39m
    at HTMLUnknownElement.callCallback [90m(C:\Users\husey\kiro2\frontend\[39mnode_modules\[4mreact-dom[24m\cjs\react-dom.development.js:4164:14[90m)[39m
    at HTMLUnknownElement.callTheUserObjectsOperation [90m(C:\Users\husey\kiro2\frontend\[39mnode_modules\[4mjsdom[24m\lib\jsdom\living\generated\EventListener.js:26:30[90m)[39m
    at innerInvokeEventListeners [90m(C:\Users\husey\kiro2\frontend\[39mnode_modules\[4mjsdom[24m\lib\jsdom\living\events\EventTarget-impl.js:350:25[90m)[39m
    at invokeEventListeners [90m(C:\Users\husey\kiro2\frontend\[39mnode_modules\[4mjsdom[24m\lib\jsdom\living\events\EventTarget-impl.js:286:3[90m)[39m
    at HTMLUnknownElementImpl._dispatch [90m(C:\Users\husey\kiro2\frontend\[39mnode_modules\[4mjsdom[24m\lib\jsdom\living\events\EventTarget-impl.js:233:9[90m)[39m
Error: Uncaught [Error: Objects are not valid as a React child (found: object with keys {id, programName, universityName, departmentName, city, year, scoreType, baseScore, topScore, medianScore, totalQuota, filledQuota, acceptanceRate, scholarship, tuitionFee}). If you meant to render a collection of children, use an array instead.]
    at reportException (C:\Users\husey\kiro2\frontend\node_modules\jsdom\lib\jsdom\living\helpers\runtime-script-errors.js:66:24)
    at innerInvokeEventListeners (C:\Users\husey\kiro2\frontend\node_modules\jsdom\lib\jsdom\living\events\EventTarget-impl.js:353:9)
    at invokeEventListeners (C:\Users\husey\kiro2\frontend\node_modules\jsdom\lib\jsdom\living\events\EventTarget-impl.js:286:3)
    at HTMLUnknownElementImpl._dispatch (C:\Users\husey\kiro2\frontend\node_modules\jsdom\lib\jsdom\living\events\EventTarget-impl.js:233:9)
    at HTMLUnknownElementImpl.dispatchEvent (C:\Users\husey\kiro2\frontend\node_modules\jsdom\lib\jsdom\living\events\EventTarget-impl.js:104:17)
    at HTMLUnknownElement.dispatchEvent (C:\Users\husey\kiro2\frontend\node_modules\jsdom\lib\jsdom\living\generated\EventTarget.js:241:34)
    at Object.invokeGuardedCallbackDev (C:\Users\husey\kiro2\frontend\node_modules\react-dom\cjs\react-dom.development.js:4213:16)
    at invokeGuardedCallback (C:\Users\husey\kiro2\frontend\node_modules\react-dom\cjs\react-dom.development.js:4277:31)
    at beginWork$1 (C:\Users\husey\kiro2\frontend\node_modules\react-dom\cjs\react-dom.development.js:27490:7)
    at performUnitOfWork (C:\Users\husey\kiro2\frontend\node_modules\react-dom\cjs\react-dom.development.js:26599:12) Error: Objects are not valid as a React child (found: object with keys {id, programName, universityName, departmentName, city, year, scoreType, baseScore, topScore, medianScore, totalQuota, filledQuota, acceptanceRate, scholarship, tuitionFee}). If you meant to render a collection of children, use an array instead.
    at throwOnInvalidObjectType [90m(C:\Users\husey\kiro2\frontend\[39mnode_modules\[4mreact-dom[24m\cjs\react-dom.development.js:13123:9[90m)[39m
    at reconcileChildFibers [90m(C:\Users\husey\kiro2\frontend\[39mnode_modules\[4mreact-dom[24m\cjs\react-dom.development.js:14064:7[90m)[39m
    at reconcileChildren [90m(C:\Users\husey\kiro2\frontend\[39mnode_modules\[4mreact-dom[24m\cjs\react-dom.development.js:19186:28[90m)[39m
    at updateHostComponent [90m(C:\Users\husey\kiro2\frontend\[39mnode_modules\[4mreact-dom[24m\cjs\react-dom.development.js:19953:3[90m)[39m
    at beginWork [90m(C:\Users\husey\kiro2\frontend\[39mnode_modules\[4mreact-dom[24m\cjs\react-dom.development.js:21657:14[90m)[39m
    at HTMLUnknownElement.callCallback [90m(C:\Users\husey\kiro2\frontend\[39mnode_modules\[4mreact-dom[24m\cjs\react-dom.development.js:4164:14[90m)[39m
    at HTMLUnknownElement.callTheUserObjectsOperation [90m(C:\Users\husey\kiro2\frontend\[39mnode_modules\[4mjsdom[24m\lib\jsdom\living\generated\EventListener.js:26:30[90m)[39m
    at innerInvokeEventListeners [90m(C:\Users\husey\kiro2\frontend\[39mnode_modules\[4mjsdom[24m\lib\jsdom\living\events\EventTarget-impl.js:350:25[90m)[39m
    at invokeEventListeners [90m(C:\Users\husey\kiro2\frontend\[39mnode_modules\[4mjsdom[24m\lib\jsdom\living\events\EventTarget-impl.js:286:3[90m)[39m
    at HTMLUnknownElementImpl._dispatch [90m(C:\Users\husey\kiro2\frontend\[39mnode_modules\[4mjsdom[24m\lib\jsdom\living\events\EventTarget-impl.js:233:9[90m)[39m
Error: Uncaught [Error: Objects are not valid as a React child (found: object with keys {id, programName, universityName, departmentName, city, year, scoreType, baseScore, topScore, medianScore, totalQuota, filledQuota, acceptanceRate, scholarship, tuitionFee}). If you meant to render a collection of children, use an array instead.]
    at reportException (C:\Users\husey\kiro2\frontend\node_modules\jsdom\lib\jsdom\living\helpers\runtime-script-errors.js:66:24)
    at innerInvokeEventListeners (C:\Users\husey\kiro2\frontend\node_modules\jsdom\lib\jsdom\living\events\EventTarget-impl.js:353:9)
    at invokeEventListeners (C:\Users\husey\kiro2\frontend\node_modules\jsdom\lib\jsdom\living\events\EventTarget-impl.js:286:3)
    at HTMLUnknownElementImpl._dispatch (C:\Users\husey\kiro2\frontend\node_modules\jsdom\lib\jsdom\living\events\EventTarget-impl.js:233:9)
    at HTMLUnknownElementImpl.dispatchEvent (C:\Users\husey\kiro2\frontend\node_modules\jsdom\lib\jsdom\living\events\EventTarget-impl.js:104:17)
    at HTMLUnknownElement.dispatchEvent (C:\Users\husey\kiro2\frontend\node_modules\jsdom\lib\jsdom\living\generated\EventTarget.js:241:34)
    at Object.invokeGuardedCallbackDev (C:\Users\husey\kiro2\frontend\node_modules\react-dom\cjs\react-dom.development.js:4213:16)
    at invokeGuardedCallback (C:\Users\husey\kiro2\frontend\node_modules\react-dom\cjs\react-dom.development.js:4277:31)
    at beginWork$1 (C:\Users\husey\kiro2\frontend\node_modules\react-dom\cjs\react-dom.development.js:27490:7)
    at performUnitOfWork (C:\Users\husey\kiro2\frontend\node_modules\react-dom\cjs\react-dom.development.js:26599:12) Error: Objects are not valid as a React child (found: object with keys {id, programName, universityName, departmentName, city, year, scoreType, baseScore, topScore, medianScore, totalQuota, filledQuota, acceptanceRate, scholarship, tuitionFee}). If you meant to render a collection of children, use an array instead.
    at throwOnInvalidObjectType [90m(C:\Users\husey\kiro2\frontend\[39mnode_modules\[4mreact-dom[24m\cjs\react-dom.development.js:13123:9[90m)[39m
    at reconcileChildFibers [90m(C:\Users\husey\kiro2\frontend\[39mnode_modules\[4mreact-dom[24m\cjs\react-dom.development.js:14064:7[90m)[39m
    at reconcileChildren [90m(C:\Users\husey\kiro2\frontend\[39mnode_modules\[4mreact-dom[24m\cjs\react-dom.development.js:19186:28[90m)[39m
    at updateHostComponent [90m(C:\Users\husey\kiro2\frontend\[39mnode_modules\[4mreact-dom[24m\cjs\react-dom.development.js:19953:3[90m)[39m
    at beginWork [90m(C:\Users\husey\kiro2\frontend\[39mnode_modules\[4mreact-dom[24m\cjs\react-dom.development.js:21657:14[90m)[39m
    at HTMLUnknownElement.callCallback [90m(C:\Users\husey\kiro2\frontend\[39mnode_modules\[4mreact-dom[24m\cjs\react-dom.development.js:4164:14[90m)[39m
    at HTMLUnknownElement.callTheUserObjectsOperation [90m(C:\Users\husey\kiro2\frontend\[39mnode_modules\[4mjsdom[24m\lib\jsdom\living\generated\EventListener.js:26:30[90m)[39m
    at innerInvokeEventListeners [90m(C:\Users\husey\kiro2\frontend\[39mnode_modules\[4mjsdom[24m\lib\jsdom\living\events\EventTarget-impl.js:350:25[90m)[39m
    at invokeEventListeners [90m(C:\Users\husey\kiro2\frontend\[39mnode_modules\[4mjsdom[24m\lib\jsdom\living\events\EventTarget-impl.js:286:3[90m)[39m
    at HTMLUnknownElementImpl._dispatch [90m(C:\Users\husey\kiro2\frontend\[39mnode_modules\[4mjsdom[24m\lib\jsdom\living\events\EventTarget-impl.js:233:9[90m)[39m

            </system-err>
            <failure message="Unable to find an element with the text: /150.000 TL\/yıl/. This could be because the text is broken up by multiple elements. In this case, you can provide a function for your text matcher to make your matcher more flexible.

Ignored nodes: comments, script, style
[36m&lt;body&gt;[39m
  [36m&lt;div /&gt;[39m
[36m&lt;/body&gt;[39m

Ignored nodes: comments, script, style
[36m&lt;html&gt;[39m
  [36m&lt;head /&gt;[39m
  [36m&lt;body&gt;[39m
    [36m&lt;div /&gt;[39m
  [36m&lt;/body&gt;[39m
[36m&lt;/html&gt;[39m" type="TestingLibraryElementError">
TestingLibraryElementError: Unable to find an element with the text: /150.000 TL\/yıl/. This could be because the text is broken up by multiple elements. In this case, you can provide a function for your text matcher to make your matcher more flexible.

Ignored nodes: comments, script, style
&lt;body&gt;
  &lt;div /&gt;
&lt;/body&gt;

Ignored nodes: comments, script, style
&lt;html&gt;
  &lt;head /&gt;
  &lt;body&gt;
    &lt;div /&gt;
  &lt;/body&gt;
&lt;/html&gt;
 ❯ waitForWrapper node_modules/@testing-library/react/node_modules/@testing-library/dom/dist/wait-for.js:163:27
 ❯ src/components/UniversityAdvisory/__tests__/ProgramSearch.test.tsx:447:11
            </failure>
        </testcase>
        <testcase classname="src/components/UniversityAdvisory/__tests__/ProgramSearch.test.tsx" name="ProgramSearch - Program Display &gt; calls onSelectProgram when program clicked" time="1.017991">
            <system-err>
Error: Uncaught [Error: Objects are not valid as a React child (found: object with keys {id, programName, universityName, departmentName, city, year, scoreType, baseScore, topScore, medianScore, totalQuota, filledQuota, acceptanceRate, scholarship, tuitionFee}). If you meant to render a collection of children, use an array instead.]
    at reportException (C:\Users\husey\kiro2\frontend\node_modules\jsdom\lib\jsdom\living\helpers\runtime-script-errors.js:66:24)
    at innerInvokeEventListeners (C:\Users\husey\kiro2\frontend\node_modules\jsdom\lib\jsdom\living\events\EventTarget-impl.js:353:9)
    at invokeEventListeners (C:\Users\husey\kiro2\frontend\node_modules\jsdom\lib\jsdom\living\events\EventTarget-impl.js:286:3)
    at HTMLUnknownElementImpl._dispatch (C:\Users\husey\kiro2\frontend\node_modules\jsdom\lib\jsdom\living\events\EventTarget-impl.js:233:9)
    at HTMLUnknownElementImpl.dispatchEvent (C:\Users\husey\kiro2\frontend\node_modules\jsdom\lib\jsdom\living\events\EventTarget-impl.js:104:17)
    at HTMLUnknownElement.dispatchEvent (C:\Users\husey\kiro2\frontend\node_modules\jsdom\lib\jsdom\living\generated\EventTarget.js:241:34)
    at Object.invokeGuardedCallbackDev (C:\Users\husey\kiro2\frontend\node_modules\react-dom\cjs\react-dom.development.js:4213:16)
    at invokeGuardedCallback (C:\Users\husey\kiro2\frontend\node_modules\react-dom\cjs\react-dom.development.js:4277:31)
    at beginWork$1 (C:\Users\husey\kiro2\frontend\node_modules\react-dom\cjs\react-dom.development.js:27490:7)
    at performUnitOfWork (C:\Users\husey\kiro2\frontend\node_modules\react-dom\cjs\react-dom.development.js:26599:12) Error: Objects are not valid as a React child (found: object with keys {id, programName, universityName, departmentName, city, year, scoreType, baseScore, topScore, medianScore, totalQuota, filledQuota, acceptanceRate, scholarship, tuitionFee}). If you meant to render a collection of children, use an array instead.
    at throwOnInvalidObjectType [90m(C:\Users\husey\kiro2\frontend\[39mnode_modules\[4mreact-dom[24m\cjs\react-dom.development.js:13123:9[90m)[39m
    at reconcileChildFibers [90m(C:\Users\husey\kiro2\frontend\[39mnode_modules\[4mreact-dom[24m\cjs\react-dom.development.js:14064:7[90m)[39m
    at reconcileChildren [90m(C:\Users\husey\kiro2\frontend\[39mnode_modules\[4mreact-dom[24m\cjs\react-dom.development.js:19186:28[90m)[39m
    at updateHostComponent [90m(C:\Users\husey\kiro2\frontend\[39mnode_modules\[4mreact-dom[24m\cjs\react-dom.development.js:19953:3[90m)[39m
    at beginWork [90m(C:\Users\husey\kiro2\frontend\[39mnode_modules\[4mreact-dom[24m\cjs\react-dom.development.js:21657:14[90m)[39m
    at HTMLUnknownElement.callCallback [90m(C:\Users\husey\kiro2\frontend\[39mnode_modules\[4mreact-dom[24m\cjs\react-dom.development.js:4164:14[90m)[39m
    at HTMLUnknownElement.callTheUserObjectsOperation [90m(C:\Users\husey\kiro2\frontend\[39mnode_modules\[4mjsdom[24m\lib\jsdom\living\generated\EventListener.js:26:30[90m)[39m
    at innerInvokeEventListeners [90m(C:\Users\husey\kiro2\frontend\[39mnode_modules\[4mjsdom[24m\lib\jsdom\living\events\EventTarget-impl.js:350:25[90m)[39m
    at invokeEventListeners [90m(C:\Users\husey\kiro2\frontend\[39mnode_modules\[4mjsdom[24m\lib\jsdom\living\events\EventTarget-impl.js:286:3[90m)[39m
    at HTMLUnknownElementImpl._dispatch [90m(C:\Users\husey\kiro2\frontend\[39mnode_modules\[4mjsdom[24m\lib\jsdom\living\events\EventTarget-impl.js:233:9[90m)[39m
Error: Uncaught [Error: Objects are not valid as a React child (found: object with keys {id, programName, universityName, departmentName, city, year, scoreType, baseScore, topScore, medianScore, totalQuota, filledQuota, acceptanceRate, scholarship, tuitionFee}). If you meant to render a collection of children, use an array instead.]
    at reportException (C:\Users\husey\kiro2\frontend\node_modules\jsdom\lib\jsdom\living\helpers\runtime-script-errors.js:66:24)
    at innerInvokeEventListeners (C:\Users\husey\kiro2\frontend\node_modules\jsdom\lib\jsdom\living\events\EventTarget-impl.js:353:9)
    at invokeEventListeners (C:\Users\husey\kiro2\frontend\node_modules\jsdom\lib\jsdom\living\events\EventTarget-impl.js:286:3)
    at HTMLUnknownElementImpl._dispatch (C:\Users\husey\kiro2\frontend\node_modules\jsdom\lib\jsdom\living\events\EventTarget-impl.js:233:9)
    at HTMLUnknownElementImpl.dispatchEvent (C:\Users\husey\kiro2\frontend\node_modules\jsdom\lib\jsdom\living\events\EventTarget-impl.js:104:17)
    at HTMLUnknownElement.dispatchEvent (C:\Users\husey\kiro2\frontend\node_modules\jsdom\lib\jsdom\living\generated\EventTarget.js:241:34)
    at Object.invokeGuardedCallbackDev (C:\Users\husey\kiro2\frontend\node_modules\react-dom\cjs\react-dom.development.js:4213:16)
    at invokeGuardedCallback (C:\Users\husey\kiro2\frontend\node_modules\react-dom\cjs\react-dom.development.js:4277:31)
    at beginWork$1 (C:\Users\husey\kiro2\frontend\node_modules\react-dom\cjs\react-dom.development.js:27490:7)
    at performUnitOfWork (C:\Users\husey\kiro2\frontend\node_modules\react-dom\cjs\react-dom.development.js:26599:12) Error: Objects are not valid as a React child (found: object with keys {id, programName, universityName, departmentName, city, year, scoreType, baseScore, topScore, medianScore, totalQuota, filledQuota, acceptanceRate, scholarship, tuitionFee}). If you meant to render a collection of children, use an array instead.
    at throwOnInvalidObjectType [90m(C:\Users\husey\kiro2\frontend\[39mnode_modules\[4mreact-dom[24m\cjs\react-dom.development.js:13123:9[90m)[39m
    at reconcileChildFibers [90m(C:\Users\husey\kiro2\frontend\[39mnode_modules\[4mreact-dom[24m\cjs\react-dom.development.js:14064:7[90m)[39m
    at reconcileChildren [90m(C:\Users\husey\kiro2\frontend\[39mnode_modules\[4mreact-dom[24m\cjs\react-dom.development.js:19186:28[90m)[39m
    at updateHostComponent [90m(C:\Users\husey\kiro2\frontend\[39mnode_modules\[4mreact-dom[24m\cjs\react-dom.development.js:19953:3[90m)[39m
    at beginWork [90m(C:\Users\husey\kiro2\frontend\[39mnode_modules\[4mreact-dom[24m\cjs\react-dom.development.js:21657:14[90m)[39m
    at HTMLUnknownElement.callCallback [90m(C:\Users\husey\kiro2\frontend\[39mnode_modules\[4mreact-dom[24m\cjs\react-dom.development.js:4164:14[90m)[39m
    at HTMLUnknownElement.callTheUserObjectsOperation [90m(C:\Users\husey\kiro2\frontend\[39mnode_modules\[4mjsdom[24m\lib\jsdom\living\generated\EventListener.js:26:30[90m)[39m
    at innerInvokeEventListeners [90m(C:\Users\husey\kiro2\frontend\[39mnode_modules\[4mjsdom[24m\lib\jsdom\living\events\EventTarget-impl.js:350:25[90m)[39m
    at invokeEventListeners [90m(C:\Users\husey\kiro2\frontend\[39mnode_modules\[4mjsdom[24m\lib\jsdom\living\events\EventTarget-impl.js:286:3[90m)[39m
    at HTMLUnknownElementImpl._dispatch [90m(C:\Users\husey\kiro2\frontend\[39mnode_modules\[4mjsdom[24m\lib\jsdom\living\events\EventTarget-impl.js:233:9[90m)[39m
Error: Uncaught [Error: Objects are not valid as a React child (found: object with keys {id, programName, universityName, departmentName, city, year, scoreType, baseScore, topScore, medianScore, totalQuota, filledQuota, acceptanceRate, scholarship, tuitionFee}). If you meant to render a collection of children, use an array instead.]
    at reportException (C:\Users\husey\kiro2\frontend\node_modules\jsdom\lib\jsdom\living\helpers\runtime-script-errors.js:66:24)
    at innerInvokeEventListeners (C:\Users\husey\kiro2\frontend\node_modules\jsdom\lib\jsdom\living\events\EventTarget-impl.js:353:9)
    at invokeEventListeners (C:\Users\husey\kiro2\frontend\node_modules\jsdom\lib\jsdom\living\events\EventTarget-impl.js:286:3)
    at HTMLUnknownElementImpl._dispatch (C:\Users\husey\kiro2\frontend\node_modules\jsdom\lib\jsdom\living\events\EventTarget-impl.js:233:9)
    at HTMLUnknownElementImpl.dispatchEvent (C:\Users\husey\kiro2\frontend\node_modules\jsdom\lib\jsdom\living\events\EventTarget-impl.js:104:17)
    at HTMLUnknownElement.dispatchEvent (C:\Users\husey\kiro2\frontend\node_modules\jsdom\lib\jsdom\living\generated\EventTarget.js:241:34)
    at Object.invokeGuardedCallbackDev (C:\Users\husey\kiro2\frontend\node_modules\react-dom\cjs\react-dom.development.js:4213:16)
    at invokeGuardedCallback (C:\Users\husey\kiro2\frontend\node_modules\react-dom\cjs\react-dom.development.js:4277:31)
    at beginWork$1 (C:\Users\husey\kiro2\frontend\node_modules\react-dom\cjs\react-dom.development.js:27490:7)
    at performUnitOfWork (C:\Users\husey\kiro2\frontend\node_modules\react-dom\cjs\react-dom.development.js:26599:12) Error: Objects are not valid as a React child (found: object with keys {id, programName, universityName, departmentName, city, year, scoreType, baseScore, topScore, medianScore, totalQuota, filledQuota, acceptanceRate, scholarship, tuitionFee}). If you meant to render a collection of children, use an array instead.
    at throwOnInvalidObjectType [90m(C:\Users\husey\kiro2\frontend\[39mnode_modules\[4mreact-dom[24m\cjs\react-dom.development.js:13123:9[90m)[39m
    at reconcileChildFibers [90m(C:\Users\husey\kiro2\frontend\[39mnode_modules\[4mreact-dom[24m\cjs\react-dom.development.js:14064:7[90m)[39m
    at reconcileChildren [90m(C:\Users\husey\kiro2\frontend\[39mnode_modules\[4mreact-dom[24m\cjs\react-dom.development.js:19186:28[90m)[39m
    at updateHostComponent [90m(C:\Users\husey\kiro2\frontend\[39mnode_modules\[4mreact-dom[24m\cjs\react-dom.development.js:19953:3[90m)[39m
    at beginWork [90m(C:\Users\husey\kiro2\frontend\[39mnode_modules\[4mreact-dom[24m\cjs\react-dom.development.js:21657:14[90m)[39m
    at HTMLUnknownElement.callCallback [90m(C:\Users\husey\kiro2\frontend\[39mnode_modules\[4mreact-dom[24m\cjs\react-dom.development.js:4164:14[90m)[39m
    at HTMLUnknownElement.callTheUserObjectsOperation [90m(C:\Users\husey\kiro2\frontend\[39mnode_modules\[4mjsdom[24m\lib\jsdom\living\generated\EventListener.js:26:30[90m)[39m
    at innerInvokeEventListeners [90m(C:\Users\husey\kiro2\frontend\[39mnode_modules\[4mjsdom[24m\lib\jsdom\living\events\EventTarget-impl.js:350:25[90m)[39m
    at invokeEventListeners [90m(C:\Users\husey\kiro2\frontend\[39mnode_modules\[4mjsdom[24m\lib\jsdom\living\events\EventTarget-impl.js:286:3[90m)[39m
    at HTMLUnknownElementImpl._dispatch [90m(C:\Users\husey\kiro2\frontend\[39mnode_modules\[4mjsdom[24m\lib\jsdom\living\events\EventTarget-impl.js:233:9[90m)[39m
Error: Uncaught [Error: Objects are not valid as a React child (found: object with keys {id, programName, universityName, departmentName, city, year, scoreType, baseScore, topScore, medianScore, totalQuota, filledQuota, acceptanceRate, scholarship, tuitionFee}). If you meant to render a collection of children, use an array instead.]
    at reportException (C:\Users\husey\kiro2\frontend\node_modules\jsdom\lib\jsdom\living\helpers\runtime-script-errors.js:66:24)
    at innerInvokeEventListeners (C:\Users\husey\kiro2\frontend\node_modules\jsdom\lib\jsdom\living\events\EventTarget-impl.js:353:9)
    at invokeEventListeners (C:\Users\husey\kiro2\frontend\node_modules\jsdom\lib\jsdom\living\events\EventTarget-impl.js:286:3)
    at HTMLUnknownElementImpl._dispatch (C:\Users\husey\kiro2\frontend\node_modules\jsdom\lib\jsdom\living\events\EventTarget-impl.js:233:9)
    at HTMLUnknownElementImpl.dispatchEvent (C:\Users\husey\kiro2\frontend\node_modules\jsdom\lib\jsdom\living\events\EventTarget-impl.js:104:17)
    at HTMLUnknownElement.dispatchEvent (C:\Users\husey\kiro2\frontend\node_modules\jsdom\lib\jsdom\living\generated\EventTarget.js:241:34)
    at Object.invokeGuardedCallbackDev (C:\Users\husey\kiro2\frontend\node_modules\react-dom\cjs\react-dom.development.js:4213:16)
    at invokeGuardedCallback (C:\Users\husey\kiro2\frontend\node_modules\react-dom\cjs\react-dom.development.js:4277:31)
    at beginWork$1 (C:\Users\husey\kiro2\frontend\node_modules\react-dom\cjs\react-dom.development.js:27490:7)
    at performUnitOfWork (C:\Users\husey\kiro2\frontend\node_modules\react-dom\cjs\react-dom.development.js:26599:12) Error: Objects are not valid as a React child (found: object with keys {id, programName, universityName, departmentName, city, year, scoreType, baseScore, topScore, medianScore, totalQuota, filledQuota, acceptanceRate, scholarship, tuitionFee}). If you meant to render a collection of children, use an array instead.
    at throwOnInvalidObjectType [90m(C:\Users\husey\kiro2\frontend\[39mnode_modules\[4mreact-dom[24m\cjs\react-dom.development.js:13123:9[90m)[39m
    at reconcileChildFibers [90m(C:\Users\husey\kiro2\frontend\[39mnode_modules\[4mreact-dom[24m\cjs\react-dom.development.js:14064:7[90m)[39m
    at reconcileChildren [90m(C:\Users\husey\kiro2\frontend\[39mnode_modules\[4mreact-dom[24m\cjs\react-dom.development.js:19186:28[90m)[39m
    at updateHostComponent [90m(C:\Users\husey\kiro2\frontend\[39mnode_modules\[4mreact-dom[24m\cjs\react-dom.development.js:19953:3[90m)[39m
    at beginWork [90m(C:\Users\husey\kiro2\frontend\[39mnode_modules\[4mreact-dom[24m\cjs\react-dom.development.js:21657:14[90m)[39m
    at HTMLUnknownElement.callCallback [90m(C:\Users\husey\kiro2\frontend\[39mnode_modules\[4mreact-dom[24m\cjs\react-dom.development.js:4164:14[90m)[39m
    at HTMLUnknownElement.callTheUserObjectsOperation [90m(C:\Users\husey\kiro2\frontend\[39mnode_modules\[4mjsdom[24m\lib\jsdom\living\generated\EventListener.js:26:30[90m)[39m
    at innerInvokeEventListeners [90m(C:\Users\husey\kiro2\frontend\[39mnode_modules\[4mjsdom[24m\lib\jsdom\living\events\EventTarget-impl.js:350:25[90m)[39m
    at invokeEventListeners [90m(C:\Users\husey\kiro2\frontend\[39mnode_modules\[4mjsdom[24m\lib\jsdom\living\events\EventTarget-impl.js:286:3[90m)[39m
    at HTMLUnknownElementImpl._dispatch [90m(C:\Users\husey\kiro2\frontend\[39mnode_modules\[4mjsdom[24m\lib\jsdom\living\events\EventTarget-impl.js:233:9[90m)[39m
Error: Uncaught [Error: Objects are not valid as a React child (found: object with keys {id, programName, universityName, departmentName, city, year, scoreType, baseScore, topScore, medianScore, totalQuota, filledQuota, acceptanceRate, scholarship, tuitionFee}). If you meant to render a collection of children, use an array instead.]
    at reportException (C:\Users\husey\kiro2\frontend\node_modules\jsdom\lib\jsdom\living\helpers\runtime-script-errors.js:66:24)
    at innerInvokeEventListeners (C:\Users\husey\kiro2\frontend\node_modules\jsdom\lib\jsdom\living\events\EventTarget-impl.js:353:9)
    at invokeEventListeners (C:\Users\husey\kiro2\frontend\node_modules\jsdom\lib\jsdom\living\events\EventTarget-impl.js:286:3)
    at HTMLUnknownElementImpl._dispatch (C:\Users\husey\kiro2\frontend\node_modules\jsdom\lib\jsdom\living\events\EventTarget-impl.js:233:9)
    at HTMLUnknownElementImpl.dispatchEvent (C:\Users\husey\kiro2\frontend\node_modules\jsdom\lib\jsdom\living\events\EventTarget-impl.js:104:17)
    at HTMLUnknownElement.dispatchEvent (C:\Users\husey\kiro2\frontend\node_modules\jsdom\lib\jsdom\living\generated\EventTarget.js:241:34)
    at Object.invokeGuardedCallbackDev (C:\Users\husey\kiro2\frontend\node_modules\react-dom\cjs\react-dom.development.js:4213:16)
    at invokeGuardedCallback (C:\Users\husey\kiro2\frontend\node_modules\react-dom\cjs\react-dom.development.js:4277:31)
    at beginWork$1 (C:\Users\husey\kiro2\frontend\node_modules\react-dom\cjs\react-dom.development.js:27490:7)
    at performUnitOfWork (C:\Users\husey\kiro2\frontend\node_modules\react-dom\cjs\react-dom.development.js:26599:12) Error: Objects are not valid as a React child (found: object with keys {id, programName, universityName, departmentName, city, year, scoreType, baseScore, topScore, medianScore, totalQuota, filledQuota, acceptanceRate, scholarship, tuitionFee}). If you meant to render a collection of children, use an array instead.
    at throwOnInvalidObjectType [90m(C:\Users\husey\kiro2\frontend\[39mnode_modules\[4mreact-dom[24m\cjs\react-dom.development.js:13123:9[90m)[39m
    at reconcileChildFibers [90m(C:\Users\husey\kiro2\frontend\[39mnode_modules\[4mreact-dom[24m\cjs\react-dom.development.js:14064:7[90m)[39m
    at reconcileChildren [90m(C:\Users\husey\kiro2\frontend\[39mnode_modules\[4mreact-dom[24m\cjs\react-dom.development.js:19186:28[90m)[39m
    at updateHostComponent [90m(C:\Users\husey\kiro2\frontend\[39mnode_modules\[4mreact-dom[24m\cjs\react-dom.development.js:19953:3[90m)[39m
    at beginWork [90m(C:\Users\husey\kiro2\frontend\[39mnode_modules\[4mreact-dom[24m\cjs\react-dom.development.js:21657:14[90m)[39m
    at HTMLUnknownElement.callCallback [90m(C:\Users\husey\kiro2\frontend\[39mnode_modules\[4mreact-dom[24m\cjs\react-dom.development.js:4164:14[90m)[39m
    at HTMLUnknownElement.callTheUserObjectsOperation [90m(C:\Users\husey\kiro2\frontend\[39mnode_modules\[4mjsdom[24m\lib\jsdom\living\generated\EventListener.js:26:30[90m)[39m
    at innerInvokeEventListeners [90m(C:\Users\husey\kiro2\frontend\[39mnode_modules\[4mjsdom[24m\lib\jsdom\living\events\EventTarget-impl.js:350:25[90m)[39m
    at invokeEventListeners [90m(C:\Users\husey\kiro2\frontend\[39mnode_modules\[4mjsdom[24m\lib\jsdom\living\events\EventTarget-impl.js:286:3[90m)[39m
    at HTMLUnknownElementImpl._dispatch [90m(C:\Users\husey\kiro2\frontend\[39mnode_modules\[4mjsdom[24m\lib\jsdom\living\events\EventTarget-impl.js:233:9[90m)[39m
Error: Uncaught [Error: Objects are not valid as a React child (found: object with keys {id, programName, universityName, departmentName, city, year, scoreType, baseScore, topScore, medianScore, totalQuota, filledQuota, acceptanceRate, scholarship, tuitionFee}). If you meant to render a collection of children, use an array instead.]
    at reportException (C:\Users\husey\kiro2\frontend\node_modules\jsdom\lib\jsdom\living\helpers\runtime-script-errors.js:66:24)
    at innerInvokeEventListeners (C:\Users\husey\kiro2\frontend\node_modules\jsdom\lib\jsdom\living\events\EventTarget-impl.js:353:9)
    at invokeEventListeners (C:\Users\husey\kiro2\frontend\node_modules\jsdom\lib\jsdom\living\events\EventTarget-impl.js:286:3)
    at HTMLUnknownElementImpl._dispatch (C:\Users\husey\kiro2\frontend\node_modules\jsdom\lib\jsdom\living\events\EventTarget-impl.js:233:9)
    at HTMLUnknownElementImpl.dispatchEvent (C:\Users\husey\kiro2\frontend\node_modules\jsdom\lib\jsdom\living\events\EventTarget-impl.js:104:17)
    at HTMLUnknownElement.dispatchEvent (C:\Users\husey\kiro2\frontend\node_modules\jsdom\lib\jsdom\living\generated\EventTarget.js:241:34)
    at Object.invokeGuardedCallbackDev (C:\Users\husey\kiro2\frontend\node_modules\react-dom\cjs\react-dom.development.js:4213:16)
    at invokeGuardedCallback (C:\Users\husey\kiro2\frontend\node_modules\react-dom\cjs\react-dom.development.js:4277:31)
    at beginWork$1 (C:\Users\husey\kiro2\frontend\node_modules\react-dom\cjs\react-dom.development.js:27490:7)
    at performUnitOfWork (C:\Users\husey\kiro2\frontend\node_modules\react-dom\cjs\react-dom.development.js:26599:12) Error: Objects are not valid as a React child (found: object with keys {id, programName, universityName, departmentName, city, year, scoreType, baseScore, topScore, medianScore, totalQuota, filledQuota, acceptanceRate, scholarship, tuitionFee}). If you meant to render a collection of children, use an array instead.
    at throwOnInvalidObjectType [90m(C:\Users\husey\kiro2\frontend\[39mnode_modules\[4mreact-dom[24m\cjs\react-dom.development.js:13123:9[90m)[39m
    at reconcileChildFibers [90m(C:\Users\husey\kiro2\frontend\[39mnode_modules\[4mreact-dom[24m\cjs\react-dom.development.js:14064:7[90m)[39m
    at reconcileChildren [90m(C:\Users\husey\kiro2\frontend\[39mnode_modules\[4mreact-dom[24m\cjs\react-dom.development.js:19186:28[90m)[39m
    at updateHostComponent [90m(C:\Users\husey\kiro2\frontend\[39mnode_modules\[4mreact-dom[24m\cjs\react-dom.development.js:19953:3[90m)[39m
    at beginWork [90m(C:\Users\husey\kiro2\frontend\[39mnode_modules\[4mreact-dom[24m\cjs\react-dom.development.js:21657:14[90m)[39m
    at HTMLUnknownElement.callCallback [90m(C:\Users\husey\kiro2\frontend\[39mnode_modules\[4mreact-dom[24m\cjs\react-dom.development.js:4164:14[90m)[39m
    at HTMLUnknownElement.callTheUserObjectsOperation [90m(C:\Users\husey\kiro2\frontend\[39mnode_modules\[4mjsdom[24m\lib\jsdom\living\generated\EventListener.js:26:30[90m)[39m
    at innerInvokeEventListeners [90m(C:\Users\husey\kiro2\frontend\[39mnode_modules\[4mjsdom[24m\lib\jsdom\living\events\EventTarget-impl.js:350:25[90m)[39m
    at invokeEventListeners [90m(C:\Users\husey\kiro2\frontend\[39mnode_modules\[4mjsdom[24m\lib\jsdom\living\events\EventTarget-impl.js:286:3[90m)[39m
    at HTMLUnknownElementImpl._dispatch [90m(C:\Users\husey\kiro2\frontend\[39mnode_modules\[4mjsdom[24m\lib\jsdom\living\events\EventTarget-impl.js:233:9[90m)[39m

            </system-err>
            <failure message="Unable to find an element with the text: Bilgisayar Mühendisliği. This could be because the text is broken up by multiple elements. In this case, you can provide a function for your text matcher to make your matcher more flexible.

Ignored nodes: comments, script, style
[36m&lt;body&gt;[39m
  [36m&lt;div /&gt;[39m
[36m&lt;/body&gt;[39m

Ignored nodes: comments, script, style
[36m&lt;html&gt;[39m
  [36m&lt;head /&gt;[39m
  [36m&lt;body&gt;[39m
    [36m&lt;div /&gt;[39m
  [36m&lt;/body&gt;[39m
[36m&lt;/html&gt;[39m" type="TestingLibraryElementError">
TestingLibraryElementError: Unable to find an element with the text: Bilgisayar Mühendisliği. This could be because the text is broken up by multiple elements. In this case, you can provide a function for your text matcher to make your matcher more flexible.

Ignored nodes: comments, script, style
&lt;body&gt;
  &lt;div /&gt;
&lt;/body&gt;

Ignored nodes: comments, script, style
&lt;html&gt;
  &lt;head /&gt;
  &lt;body&gt;
    &lt;div /&gt;
  &lt;/body&gt;
&lt;/html&gt;
 ❯ waitForWrapper node_modules/@testing-library/react/node_modules/@testing-library/dom/dist/wait-for.js:163:27
 ❯ src/components/UniversityAdvisory/__tests__/ProgramSearch.test.tsx:456:11
            </failure>
        </testcase>
        <testcase classname="src/components/UniversityAdvisory/__tests__/ProgramSearch.test.tsx" name="ProgramSearch - Empty State &gt; shows empty state when no programs found" time="1.0156211">
            <system-err>
Error: Uncaught [Error: Objects are not valid as a React child (found: object with keys {id, programName, universityName, departmentName, city, year, scoreType, baseScore, topScore, medianScore, totalQuota, filledQuota, acceptanceRate, scholarship, tuitionFee}). If you meant to render a collection of children, use an array instead.]
    at reportException (C:\Users\husey\kiro2\frontend\node_modules\jsdom\lib\jsdom\living\helpers\runtime-script-errors.js:66:24)
    at innerInvokeEventListeners (C:\Users\husey\kiro2\frontend\node_modules\jsdom\lib\jsdom\living\events\EventTarget-impl.js:353:9)
    at invokeEventListeners (C:\Users\husey\kiro2\frontend\node_modules\jsdom\lib\jsdom\living\events\EventTarget-impl.js:286:3)
    at HTMLUnknownElementImpl._dispatch (C:\Users\husey\kiro2\frontend\node_modules\jsdom\lib\jsdom\living\events\EventTarget-impl.js:233:9)
    at HTMLUnknownElementImpl.dispatchEvent (C:\Users\husey\kiro2\frontend\node_modules\jsdom\lib\jsdom\living\events\EventTarget-impl.js:104:17)
    at HTMLUnknownElement.dispatchEvent (C:\Users\husey\kiro2\frontend\node_modules\jsdom\lib\jsdom\living\generated\EventTarget.js:241:34)
    at Object.invokeGuardedCallbackDev (C:\Users\husey\kiro2\frontend\node_modules\react-dom\cjs\react-dom.development.js:4213:16)
    at invokeGuardedCallback (C:\Users\husey\kiro2\frontend\node_modules\react-dom\cjs\react-dom.development.js:4277:31)
    at beginWork$1 (C:\Users\husey\kiro2\frontend\node_modules\react-dom\cjs\react-dom.development.js:27490:7)
    at performUnitOfWork (C:\Users\husey\kiro2\frontend\node_modules\react-dom\cjs\react-dom.development.js:26599:12) Error: Objects are not valid as a React child (found: object with keys {id, programName, universityName, departmentName, city, year, scoreType, baseScore, topScore, medianScore, totalQuota, filledQuota, acceptanceRate, scholarship, tuitionFee}). If you meant to render a collection of children, use an array instead.
    at throwOnInvalidObjectType [90m(C:\Users\husey\kiro2\frontend\[39mnode_modules\[4mreact-dom[24m\cjs\react-dom.development.js:13123:9[90m)[39m
    at reconcileChildFibers [90m(C:\Users\husey\kiro2\frontend\[39mnode_modules\[4mreact-dom[24m\cjs\react-dom.development.js:14064:7[90m)[39m
    at reconcileChildren [90m(C:\Users\husey\kiro2\frontend\[39mnode_modules\[4mreact-dom[24m\cjs\react-dom.development.js:19186:28[90m)[39m
    at updateHostComponent [90m(C:\Users\husey\kiro2\frontend\[39mnode_modules\[4mreact-dom[24m\cjs\react-dom.development.js:19953:3[90m)[39m
    at beginWork [90m(C:\Users\husey\kiro2\frontend\[39mnode_modules\[4mreact-dom[24m\cjs\react-dom.development.js:21657:14[90m)[39m
    at HTMLUnknownElement.callCallback [90m(C:\Users\husey\kiro2\frontend\[39mnode_modules\[4mreact-dom[24m\cjs\react-dom.development.js:4164:14[90m)[39m
    at HTMLUnknownElement.callTheUserObjectsOperation [90m(C:\Users\husey\kiro2\frontend\[39mnode_modules\[4mjsdom[24m\lib\jsdom\living\generated\EventListener.js:26:30[90m)[39m
    at innerInvokeEventListeners [90m(C:\Users\husey\kiro2\frontend\[39mnode_modules\[4mjsdom[24m\lib\jsdom\living\events\EventTarget-impl.js:350:25[90m)[39m
    at invokeEventListeners [90m(C:\Users\husey\kiro2\frontend\[39mnode_modules\[4mjsdom[24m\lib\jsdom\living\events\EventTarget-impl.js:286:3[90m)[39m
    at HTMLUnknownElementImpl._dispatch [90m(C:\Users\husey\kiro2\frontend\[39mnode_modules\[4mjsdom[24m\lib\jsdom\living\events\EventTarget-impl.js:233:9[90m)[39m
Error: Uncaught [Error: Objects are not valid as a React child (found: object with keys {id, programName, universityName, departmentName, city, year, scoreType, baseScore, topScore, medianScore, totalQuota, filledQuota, acceptanceRate, scholarship, tuitionFee}). If you meant to render a collection of children, use an array instead.]
    at reportException (C:\Users\husey\kiro2\frontend\node_modules\jsdom\lib\jsdom\living\helpers\runtime-script-errors.js:66:24)
    at innerInvokeEventListeners (C:\Users\husey\kiro2\frontend\node_modules\jsdom\lib\jsdom\living\events\EventTarget-impl.js:353:9)
    at invokeEventListeners (C:\Users\husey\kiro2\frontend\node_modules\jsdom\lib\jsdom\living\events\EventTarget-impl.js:286:3)
    at HTMLUnknownElementImpl._dispatch (C:\Users\husey\kiro2\frontend\node_modules\jsdom\lib\jsdom\living\events\EventTarget-impl.js:233:9)
    at HTMLUnknownElementImpl.dispatchEvent (C:\Users\husey\kiro2\frontend\node_modules\jsdom\lib\jsdom\living\events\EventTarget-impl.js:104:17)
    at HTMLUnknownElement.dispatchEvent (C:\Users\husey\kiro2\frontend\node_modules\jsdom\lib\jsdom\living\generated\EventTarget.js:241:34)
    at Object.invokeGuardedCallbackDev (C:\Users\husey\kiro2\frontend\node_modules\react-dom\cjs\react-dom.development.js:4213:16)
    at invokeGuardedCallback (C:\Users\husey\kiro2\frontend\node_modules\react-dom\cjs\react-dom.development.js:4277:31)
    at beginWork$1 (C:\Users\husey\kiro2\frontend\node_modules\react-dom\cjs\react-dom.development.js:27490:7)
    at performUnitOfWork (C:\Users\husey\kiro2\frontend\node_modules\react-dom\cjs\react-dom.development.js:26599:12) Error: Objects are not valid as a React child (found: object with keys {id, programName, universityName, departmentName, city, year, scoreType, baseScore, topScore, medianScore, totalQuota, filledQuota, acceptanceRate, scholarship, tuitionFee}). If you meant to render a collection of children, use an array instead.
    at throwOnInvalidObjectType [90m(C:\Users\husey\kiro2\frontend\[39mnode_modules\[4mreact-dom[24m\cjs\react-dom.development.js:13123:9[90m)[39m
    at reconcileChildFibers [90m(C:\Users\husey\kiro2\frontend\[39mnode_modules\[4mreact-dom[24m\cjs\react-dom.development.js:14064:7[90m)[39m
    at reconcileChildren [90m(C:\Users\husey\kiro2\frontend\[39mnode_modules\[4mreact-dom[24m\cjs\react-dom.development.js:19186:28[90m)[39m
    at updateHostComponent [90m(C:\Users\husey\kiro2\frontend\[39mnode_modules\[4mreact-dom[24m\cjs\react-dom.development.js:19953:3[90m)[39m
    at beginWork [90m(C:\Users\husey\kiro2\frontend\[39mnode_modules\[4mreact-dom[24m\cjs\react-dom.development.js:21657:14[90m)[39m
    at HTMLUnknownElement.callCallback [90m(C:\Users\husey\kiro2\frontend\[39mnode_modules\[4mreact-dom[24m\cjs\react-dom.development.js:4164:14[90m)[39m
    at HTMLUnknownElement.callTheUserObjectsOperation [90m(C:\Users\husey\kiro2\frontend\[39mnode_modules\[4mjsdom[24m\lib\jsdom\living\generated\EventListener.js:26:30[90m)[39m
    at innerInvokeEventListeners [90m(C:\Users\husey\kiro2\frontend\[39mnode_modules\[4mjsdom[24m\lib\jsdom\living\events\EventTarget-impl.js:350:25[90m)[39m
    at invokeEventListeners [90m(C:\Users\husey\kiro2\frontend\[39mnode_modules\[4mjsdom[24m\lib\jsdom\living\events\EventTarget-impl.js:286:3[90m)[39m
    at HTMLUnknownElementImpl._dispatch [90m(C:\Users\husey\kiro2\frontend\[39mnode_modules\[4mjsdom[24m\lib\jsdom\living\events\EventTarget-impl.js:233:9[90m)[39m
Error: Uncaught [Error: Objects are not valid as a React child (found: object with keys {id, programName, universityName, departmentName, city, year, scoreType, baseScore, topScore, medianScore, totalQuota, filledQuota, acceptanceRate, scholarship, tuitionFee}). If you meant to render a collection of children, use an array instead.]
    at reportException (C:\Users\husey\kiro2\frontend\node_modules\jsdom\lib\jsdom\living\helpers\runtime-script-errors.js:66:24)
    at innerInvokeEventListeners (C:\Users\husey\kiro2\frontend\node_modules\jsdom\lib\jsdom\living\events\EventTarget-impl.js:353:9)
    at invokeEventListeners (C:\Users\husey\kiro2\frontend\node_modules\jsdom\lib\jsdom\living\events\EventTarget-impl.js:286:3)
    at HTMLUnknownElementImpl._dispatch (C:\Users\husey\kiro2\frontend\node_modules\jsdom\lib\jsdom\living\events\EventTarget-impl.js:233:9)
    at HTMLUnknownElementImpl.dispatchEvent (C:\Users\husey\kiro2\frontend\node_modules\jsdom\lib\jsdom\living\events\EventTarget-impl.js:104:17)
    at HTMLUnknownElement.dispatchEvent (C:\Users\husey\kiro2\frontend\node_modules\jsdom\lib\jsdom\living\generated\EventTarget.js:241:34)
    at Object.invokeGuardedCallbackDev (C:\Users\husey\kiro2\frontend\node_modules\react-dom\cjs\react-dom.development.js:4213:16)
    at invokeGuardedCallback (C:\Users\husey\kiro2\frontend\node_modules\react-dom\cjs\react-dom.development.js:4277:31)
    at beginWork$1 (C:\Users\husey\kiro2\frontend\node_modules\react-dom\cjs\react-dom.development.js:27490:7)
    at performUnitOfWork (C:\Users\husey\kiro2\frontend\node_modules\react-dom\cjs\react-dom.development.js:26599:12) Error: Objects are not valid as a React child (found: object with keys {id, programName, universityName, departmentName, city, year, scoreType, baseScore, topScore, medianScore, totalQuota, filledQuota, acceptanceRate, scholarship, tuitionFee}). If you meant to render a collection of children, use an array instead.
    at throwOnInvalidObjectType [90m(C:\Users\husey\kiro2\frontend\[39mnode_modules\[4mreact-dom[24m\cjs\react-dom.development.js:13123:9[90m)[39m
    at reconcileChildFibers [90m(C:\Users\husey\kiro2\frontend\[39mnode_modules\[4mreact-dom[24m\cjs\react-dom.development.js:14064:7[90m)[39m
    at reconcileChildren [90m(C:\Users\husey\kiro2\frontend\[39mnode_modules\[4mreact-dom[24m\cjs\react-dom.development.js:19186:28[90m)[39m
    at updateHostComponent [90m(C:\Users\husey\kiro2\frontend\[39mnode_modules\[4mreact-dom[24m\cjs\react-dom.development.js:19953:3[90m)[39m
    at beginWork [90m(C:\Users\husey\kiro2\frontend\[39mnode_modules\[4mreact-dom[24m\cjs\react-dom.development.js:21657:14[90m)[39m
    at HTMLUnknownElement.callCallback [90m(C:\Users\husey\kiro2\frontend\[39mnode_modules\[4mreact-dom[24m\cjs\react-dom.development.js:4164:14[90m)[39m
    at HTMLUnknownElement.callTheUserObjectsOperation [90m(C:\Users\husey\kiro2\frontend\[39mnode_modules\[4mjsdom[24m\lib\jsdom\living\generated\EventListener.js:26:30[90m)[39m
    at innerInvokeEventListeners [90m(C:\Users\husey\kiro2\frontend\[39mnode_modules\[4mjsdom[24m\lib\jsdom\living\events\EventTarget-impl.js:350:25[90m)[39m
    at invokeEventListeners [90m(C:\Users\husey\kiro2\frontend\[39mnode_modules\[4mjsdom[24m\lib\jsdom\living\events\EventTarget-impl.js:286:3[90m)[39m
    at HTMLUnknownElementImpl._dispatch [90m(C:\Users\husey\kiro2\frontend\[39mnode_modules\[4mjsdom[24m\lib\jsdom\living\events\EventTarget-impl.js:233:9[90m)[39m
Error: Uncaught [Error: Objects are not valid as a React child (found: object with keys {id, programName, universityName, departmentName, city, year, scoreType, baseScore, topScore, medianScore, totalQuota, filledQuota, acceptanceRate, scholarship, tuitionFee}). If you meant to render a collection of children, use an array instead.]
    at reportException (C:\Users\husey\kiro2\frontend\node_modules\jsdom\lib\jsdom\living\helpers\runtime-script-errors.js:66:24)
    at innerInvokeEventListeners (C:\Users\husey\kiro2\frontend\node_modules\jsdom\lib\jsdom\living\events\EventTarget-impl.js:353:9)
    at invokeEventListeners (C:\Users\husey\kiro2\frontend\node_modules\jsdom\lib\jsdom\living\events\EventTarget-impl.js:286:3)
    at HTMLUnknownElementImpl._dispatch (C:\Users\husey\kiro2\frontend\node_modules\jsdom\lib\jsdom\living\events\EventTarget-impl.js:233:9)
    at HTMLUnknownElementImpl.dispatchEvent (C:\Users\husey\kiro2\frontend\node_modules\jsdom\lib\jsdom\living\events\EventTarget-impl.js:104:17)
    at HTMLUnknownElement.dispatchEvent (C:\Users\husey\kiro2\frontend\node_modules\jsdom\lib\jsdom\living\generated\EventTarget.js:241:34)
    at Object.invokeGuardedCallbackDev (C:\Users\husey\kiro2\frontend\node_modules\react-dom\cjs\react-dom.development.js:4213:16)
    at invokeGuardedCallback (C:\Users\husey\kiro2\frontend\node_modules\react-dom\cjs\react-dom.development.js:4277:31)
    at beginWork$1 (C:\Users\husey\kiro2\frontend\node_modules\react-dom\cjs\react-dom.development.js:27490:7)
    at performUnitOfWork (C:\Users\husey\kiro2\frontend\node_modules\react-dom\cjs\react-dom.development.js:26599:12) Error: Objects are not valid as a React child (found: object with keys {id, programName, universityName, departmentName, city, year, scoreType, baseScore, topScore, medianScore, totalQuota, filledQuota, acceptanceRate, scholarship, tuitionFee}). If you meant to render a collection of children, use an array instead.
    at throwOnInvalidObjectType [90m(C:\Users\husey\kiro2\frontend\[39mnode_modules\[4mreact-dom[24m\cjs\react-dom.development.js:13123:9[90m)[39m
    at reconcileChildFibers [90m(C:\Users\husey\kiro2\frontend\[39mnode_modules\[4mreact-dom[24m\cjs\react-dom.development.js:14064:7[90m)[39m
    at reconcileChildren [90m(C:\Users\husey\kiro2\frontend\[39mnode_modules\[4mreact-dom[24m\cjs\react-dom.development.js:19186:28[90m)[39m
    at updateHostComponent [90m(C:\Users\husey\kiro2\frontend\[39mnode_modules\[4mreact-dom[24m\cjs\react-dom.development.js:19953:3[90m)[39m
    at beginWork [90m(C:\Users\husey\kiro2\frontend\[39mnode_modules\[4mreact-dom[24m\cjs\react-dom.development.js:21657:14[90m)[39m
    at HTMLUnknownElement.callCallback [90m(C:\Users\husey\kiro2\frontend\[39mnode_modules\[4mreact-dom[24m\cjs\react-dom.development.js:4164:14[90m)[39m
    at HTMLUnknownElement.callTheUserObjectsOperation [90m(C:\Users\husey\kiro2\frontend\[39mnode_modules\[4mjsdom[24m\lib\jsdom\living\generated\EventListener.js:26:30[90m)[39m
    at innerInvokeEventListeners [90m(C:\Users\husey\kiro2\frontend\[39mnode_modules\[4mjsdom[24m\lib\jsdom\living\events\EventTarget-impl.js:350:25[90m)[39m
    at invokeEventListeners [90m(C:\Users\husey\kiro2\frontend\[39mnode_modules\[4mjsdom[24m\lib\jsdom\living\events\EventTarget-impl.js:286:3[90m)[39m
    at HTMLUnknownElementImpl._dispatch [90m(C:\Users\husey\kiro2\frontend\[39mnode_modules\[4mjsdom[24m\lib\jsdom\living\events\EventTarget-impl.js:233:9[90m)[39m
Error: Uncaught [Error: Objects are not valid as a React child (found: object with keys {id, programName, universityName, departmentName, city, year, scoreType, baseScore, topScore, medianScore, totalQuota, filledQuota, acceptanceRate, scholarship, tuitionFee}). If you meant to render a collection of children, use an array instead.]
    at reportException (C:\Users\husey\kiro2\frontend\node_modules\jsdom\lib\jsdom\living\helpers\runtime-script-errors.js:66:24)
    at innerInvokeEventListeners (C:\Users\husey\kiro2\frontend\node_modules\jsdom\lib\jsdom\living\events\EventTarget-impl.js:353:9)
    at invokeEventListeners (C:\Users\husey\kiro2\frontend\node_modules\jsdom\lib\jsdom\living\events\EventTarget-impl.js:286:3)
    at HTMLUnknownElementImpl._dispatch (C:\Users\husey\kiro2\frontend\node_modules\jsdom\lib\jsdom\living\events\EventTarget-impl.js:233:9)
    at HTMLUnknownElementImpl.dispatchEvent (C:\Users\husey\kiro2\frontend\node_modules\jsdom\lib\jsdom\living\events\EventTarget-impl.js:104:17)
    at HTMLUnknownElement.dispatchEvent (C:\Users\husey\kiro2\frontend\node_modules\jsdom\lib\jsdom\living\generated\EventTarget.js:241:34)
    at Object.invokeGuardedCallbackDev (C:\Users\husey\kiro2\frontend\node_modules\react-dom\cjs\react-dom.development.js:4213:16)
    at invokeGuardedCallback (C:\Users\husey\kiro2\frontend\node_modules\react-dom\cjs\react-dom.development.js:4277:31)
    at beginWork$1 (C:\Users\husey\kiro2\frontend\node_modules\react-dom\cjs\react-dom.development.js:27490:7)
    at performUnitOfWork (C:\Users\husey\kiro2\frontend\node_modules\react-dom\cjs\react-dom.development.js:26599:12) Error: Objects are not valid as a React child (found: object with keys {id, programName, universityName, departmentName, city, year, scoreType, baseScore, topScore, medianScore, totalQuota, filledQuota, acceptanceRate, scholarship, tuitionFee}). If you meant to render a collection of children, use an array instead.
    at throwOnInvalidObjectType [90m(C:\Users\husey\kiro2\frontend\[39mnode_modules\[4mreact-dom[24m\cjs\react-dom.development.js:13123:9[90m)[39m
    at reconcileChildFibers [90m(C:\Users\husey\kiro2\frontend\[39mnode_modules\[4mreact-dom[24m\cjs\react-dom.development.js:14064:7[90m)[39m
    at reconcileChildren [90m(C:\Users\husey\kiro2\frontend\[39mnode_modules\[4mreact-dom[24m\cjs\react-dom.development.js:19186:28[90m)[39m
    at updateHostComponent [90m(C:\Users\husey\kiro2\frontend\[39mnode_modules\[4mreact-dom[24m\cjs\react-dom.development.js:19953:3[90m)[39m
    at beginWork [90m(C:\Users\husey\kiro2\frontend\[39mnode_modules\[4mreact-dom[24m\cjs\react-dom.development.js:21657:14[90m)[39m
    at HTMLUnknownElement.callCallback [90m(C:\Users\husey\kiro2\frontend\[39mnode_modules\[4mreact-dom[24m\cjs\react-dom.development.js:4164:14[90m)[39m
    at HTMLUnknownElement.callTheUserObjectsOperation [90m(C:\Users\husey\kiro2\frontend\[39mnode_modules\[4mjsdom[24m\lib\jsdom\living\generated\EventListener.js:26:30[90m)[39m
    at innerInvokeEventListeners [90m(C:\Users\husey\kiro2\frontend\[39mnode_modules\[4mjsdom[24m\lib\jsdom\living\events\EventTarget-impl.js:350:25[90m)[39m
    at invokeEventListeners [90m(C:\Users\husey\kiro2\frontend\[39mnode_modules\[4mjsdom[24m\lib\jsdom\living\events\EventTarget-impl.js:286:3[90m)[39m
    at HTMLUnknownElementImpl._dispatch [90m(C:\Users\husey\kiro2\frontend\[39mnode_modules\[4mjsdom[24m\lib\jsdom\living\events\EventTarget-impl.js:233:9[90m)[39m
Error: Uncaught [Error: Objects are not valid as a React child (found: object with keys {id, programName, universityName, departmentName, city, year, scoreType, baseScore, topScore, medianScore, totalQuota, filledQuota, acceptanceRate, scholarship, tuitionFee}). If you meant to render a collection of children, use an array instead.]
    at reportException (C:\Users\husey\kiro2\frontend\node_modules\jsdom\lib\jsdom\living\helpers\runtime-script-errors.js:66:24)
    at innerInvokeEventListeners (C:\Users\husey\kiro2\frontend\node_modules\jsdom\lib\jsdom\living\events\EventTarget-impl.js:353:9)
    at invokeEventListeners (C:\Users\husey\kiro2\frontend\node_modules\jsdom\lib\jsdom\living\events\EventTarget-impl.js:286:3)
    at HTMLUnknownElementImpl._dispatch (C:\Users\husey\kiro2\frontend\node_modules\jsdom\lib\jsdom\living\events\EventTarget-impl.js:233:9)
    at HTMLUnknownElementImpl.dispatchEvent (C:\Users\husey\kiro2\frontend\node_modules\jsdom\lib\jsdom\living\events\EventTarget-impl.js:104:17)
    at HTMLUnknownElement.dispatchEvent (C:\Users\husey\kiro2\frontend\node_modules\jsdom\lib\jsdom\living\generated\EventTarget.js:241:34)
    at Object.invokeGuardedCallbackDev (C:\Users\husey\kiro2\frontend\node_modules\react-dom\cjs\react-dom.development.js:4213:16)
    at invokeGuardedCallback (C:\Users\husey\kiro2\frontend\node_modules\react-dom\cjs\react-dom.development.js:4277:31)
    at beginWork$1 (C:\Users\husey\kiro2\frontend\node_modules\react-dom\cjs\react-dom.development.js:27490:7)
    at performUnitOfWork (C:\Users\husey\kiro2\frontend\node_modules\react-dom\cjs\react-dom.development.js:26599:12) Error: Objects are not valid as a React child (found: object with keys {id, programName, universityName, departmentName, city, year, scoreType, baseScore, topScore, medianScore, totalQuota, filledQuota, acceptanceRate, scholarship, tuitionFee}). If you meant to render a collection of children, use an array instead.
    at throwOnInvalidObjectType [90m(C:\Users\husey\kiro2\frontend\[39mnode_modules\[4mreact-dom[24m\cjs\react-dom.development.js:13123:9[90m)[39m
    at reconcileChildFibers [90m(C:\Users\husey\kiro2\frontend\[39mnode_modules\[4mreact-dom[24m\cjs\react-dom.development.js:14064:7[90m)[39m
    at reconcileChildren [90m(C:\Users\husey\kiro2\frontend\[39mnode_modules\[4mreact-dom[24m\cjs\react-dom.development.js:19186:28[90m)[39m
    at updateHostComponent [90m(C:\Users\husey\kiro2\frontend\[39mnode_modules\[4mreact-dom[24m\cjs\react-dom.development.js:19953:3[90m)[39m
    at beginWork [90m(C:\Users\husey\kiro2\frontend\[39mnode_modules\[4mreact-dom[24m\cjs\react-dom.development.js:21657:14[90m)[39m
    at HTMLUnknownElement.callCallback [90m(C:\Users\husey\kiro2\frontend\[39mnode_modules\[4mreact-dom[24m\cjs\react-dom.development.js:4164:14[90m)[39m
    at HTMLUnknownElement.callTheUserObjectsOperation [90m(C:\Users\husey\kiro2\frontend\[39mnode_modules\[4mjsdom[24m\lib\jsdom\living\generated\EventListener.js:26:30[90m)[39m
    at innerInvokeEventListeners [90m(C:\Users\husey\kiro2\frontend\[39mnode_modules\[4mjsdom[24m\lib\jsdom\living\events\EventTarget-impl.js:350:25[90m)[39m
    at invokeEventListeners [90m(C:\Users\husey\kiro2\frontend\[39mnode_modules\[4mjsdom[24m\lib\jsdom\living\events\EventTarget-impl.js:286:3[90m)[39m
    at HTMLUnknownElementImpl._dispatch [90m(C:\Users\husey\kiro2\frontend\[39mnode_modules\[4mjsdom[24m\lib\jsdom\living\events\EventTarget-impl.js:233:9[90m)[39m

            </system-err>
            <failure message="Unable to find an element with the text: Filtrelere uygun program bulunamadı. This could be because the text is broken up by multiple elements. In this case, you can provide a function for your text matcher to make your matcher more flexible.

Ignored nodes: comments, script, style
[36m&lt;body&gt;[39m
  [36m&lt;div /&gt;[39m
[36m&lt;/body&gt;[39m

Ignored nodes: comments, script, style
[36m&lt;html&gt;[39m
  [36m&lt;head /&gt;[39m
  [36m&lt;body&gt;[39m
    [36m&lt;div /&gt;[39m
  [36m&lt;/body&gt;[39m
[36m&lt;/html&gt;[39m" type="TestingLibraryElementError">
TestingLibraryElementError: Unable to find an element with the text: Filtrelere uygun program bulunamadı. This could be because the text is broken up by multiple elements. In this case, you can provide a function for your text matcher to make your matcher more flexible.

Ignored nodes: comments, script, style
&lt;body&gt;
  &lt;div /&gt;
&lt;/body&gt;

Ignored nodes: comments, script, style
&lt;html&gt;
  &lt;head /&gt;
  &lt;body&gt;
    &lt;div /&gt;
  &lt;/body&gt;
&lt;/html&gt;
 ❯ waitForWrapper node_modules/@testing-library/react/node_modules/@testing-library/dom/dist/wait-for.js:163:27
 ❯ src/components/UniversityAdvisory/__tests__/ProgramSearch.test.tsx:480:11
            </failure>
        </testcase>
        <testcase classname="src/components/UniversityAdvisory/__tests__/ProgramSearch.test.tsx" name="ProgramSearch - Empty State &gt; shows 0 Program Bulundu" time="0.0253559">
        </testcase>
        <testcase classname="src/components/UniversityAdvisory/__tests__/ProgramSearch.test.tsx" name="ProgramSearch - Score Types &gt; shows all score type options" time="0.0584872">
        </testcase>
        <testcase classname="src/components/UniversityAdvisory/__tests__/ProgramSearch.test.tsx" name="ProgramSearch - University Types &gt; shows university type options" time="0.0423609">
        </testcase>
        <testcase classname="src/components/UniversityAdvisory/__tests__/ProgramSearch.test.tsx" name="ProgramSearch - Cities Loading &gt; displays loaded cities in dropdown" time="0.0563511">
            <failure message="Unable to find an element with the text: İstanbul. This could be because the text is broken up by multiple elements. In this case, you can provide a function for your text matcher to make your matcher more flexible.

Ignored nodes: comments, script, style
[36m&lt;body&gt;[39m
  [36m&lt;div&gt;[39m
    [36m&lt;div[39m
      [33mclass[39m=[32m&quot;program-search&quot;[39m
    [36m&gt;[39m
      [36m&lt;div[39m
        [33mclass[39m=[32m&quot;search-header&quot;[39m
      [36m&gt;[39m
        [36m&lt;h2&gt;[39m
          [0mÜniversite Programları Arama[0m
        [36m&lt;/h2&gt;[39m
      [36m&lt;/div&gt;[39m
      [36m&lt;div[39m
        [33mclass[39m=[32m&quot;search-filters&quot;[39m
      [36m&gt;[39m
        [36m&lt;div[39m
          [33mclass[39m=[32m&quot;filter-row&quot;[39m
        [36m&gt;[39m
          [36m&lt;div[39m
            [33mclass[39m=[32m&quot;filter-group&quot;[39m
          [36m&gt;[39m
            [36m&lt;label[39m
              [33mfor[39m=[32m&quot;year&quot;[39m
            [36m&gt;[39m
              [0mYıl[0m
            [36m&lt;/label&gt;[39m
            [36m&lt;select[39m
              [33mid[39m=[32m&quot;year&quot;[39m
            [36m&gt;[39m
              [36m&lt;option[39m
                [33mvalue[39m=[32m&quot;2024&quot;[39m
              [36m&gt;[39m
                [0m2024[0m
              [36m&lt;/option&gt;[39m
              [36m&lt;option[39m
                [33mvalue[39m=[32m&quot;2023&quot;[39m
              [36m&gt;[39m
                [0m2023[0m
              [36m&lt;/option&gt;[39m
              [36m&lt;option[39m
                [33mvalue[39m=[32m&quot;2022&quot;[39m
              [36m&gt;[39m
                [0m2022[0m
              [36m&lt;/option&gt;[39m
            [36m&lt;/select&gt;[39m
          [36m&lt;/div&gt;[39m
          [36m&lt;div[39m
            [33mclass[39m=[32m&quot;filter-group&quot;[39m
          [36m&gt;[39m
            [36m&lt;label[39m
              [33mfor[39m=[32m&quot;scoreType&quot;[39m
            [36m&gt;[39m
              [0mPuan Türü[0m
            [36m&lt;/label&gt;[39m
            [36m&lt;select[39m
              [33mid[39m=[32m&quot;scoreType&quot;[39m
            [36m&gt;[39m
              [36m&lt;option[39m
                [33mvalue[39m=[32m&quot;SAY&quot;[39m
              [36m&gt;[39m
                [0mSAY (Sayısal)[0m
              [36m&lt;/option&gt;[39m
              [36m&lt;option[39m
                [33mvalue[39m=[32m&quot;EA&quot;[39m
              [36m&gt;[39m
                [0mEA (Eşit Ağırlık)[0m
              [36m&lt;/option&gt;[39m
              [36m&lt;option[39m
                [33mvalue[39m=[32m&quot;SOZ&quot;[39m
              [36m&gt;[39m
                [0mSÖZ (Sözel)[0m
              [36m&lt;/option&gt;[39m
              [36m&lt;option[39m
                [33mvalue[39m=[32m&quot;DIL&quot;[39m
              [36m&gt;[39m
                [0mDİL (Dil)[0m
              [36m&lt;/option&gt;[39m
            [36m&lt;/select&gt;[39m
          [36m&lt;/div&gt;[39m
          [36m&lt;div[39m
            [33mclass[39m=[32m&quot;filter-group&quot;[39m
          [36m&gt;[39m
            [36m&lt;label[39m
              [33mfor[39m=[32m&quot;minScore&quot;[39m
            [36m&gt;[39m
              [0mMin. Taban Puan[0m
            [36m&lt;/label&gt;[39m
            [36m&lt;input[39m
              [33mid[39m=[32m&quot;minScore&quot;[39m
              [33mplaceholder[39m=[32m&quot;Örn: 300&quot;[39m
              [33mstep[39m=[32m&quot;0.01&quot;[39m
              [33mtype[39m=[32m&quot;number&quot;[39m
              [33mvalue[39m=[32m&quot;&quot;[39m
            [36m/&gt;[39m
          [36m&lt;/div&gt;[39m
          [36m&lt;div[39m
            [33mclass[39m=[32m&quot;filter-group&quot;[39m
          [36m&gt;[39m
            [36m&lt;label[39m
              [33mfor[39m=[32m&quot;maxScore&quot;[39m
            [36m&gt;[39m
              [0mMax. Taban Puan[0m
            [36m&lt;/label&gt;[39m
            [36m&lt;input[39m
              [33mid[39m=[32m&quot;maxScore&quot;[39m
              [33mplaceholder[39m=[32m&quot;Örn: 500&quot;[39m
              [33mstep[39m=[32m&quot;0.01&quot;[39m
              [33mtype[39m=[32m&quot;number&quot;[39m
              [33mvalue[39m=[32m&quot;&quot;[39m
            [36m/&gt;[39m
          [36m&lt;/div&gt;[39m
        [36m&lt;/div&gt;[39m
        [36m&lt;div[39m
          [33mclass[39m=[32m&quot;filter-row&quot;[39m
        [36m&gt;[39m
          [36m&lt;div[39m
            [33mclass[39m=[32m&quot;filter-group&quot;[39m
          [36m&gt;[39m
            [36m&lt;label[39m
              [33mfor[39m=[32m&quot;city&quot;[39m
            [36m&gt;[39m
              [0mŞehir[0m
            [36m&lt;/label&gt;[39m
            [36m&lt;select[39m
              [33mid[39m=[32m&quot;city&quot;[39m
            [36m&gt;[39m
              [36m&lt;option[39m
                [33mvalue[39m=[32m&quot;&quot;[39m
              [36m&gt;[39m
                [0mTümü[0m
              [36m&lt;/option&gt;[39m
            [36m&lt;/select&gt;[39m
          [36m&lt;/div&gt;[39m
          [36m&lt;div[39m
            [33mclass[39m=[32m&quot;filter-group&quot;[39m
          [36m&gt;[39m
            [36m&lt;label[39m
              [33mfor[39m=[32m&quot;universityType&quot;[39m
            [36m&gt;[39m
              [0mÜniversite Türü[0m
            [36m&lt;/label&gt;[39m
            [36m&lt;select[39m
              [33mid[39m=[32m&quot;universityType&quot;[39m
            [36m&gt;[39m
              [36m&lt;option[39m
                [33mvalue[39m=[32m&quot;&quot;[39m
              [36m&gt;[39m
                [0mTümü[0m
              [36m&lt;/option&gt;[39m
              [36m&lt;option[39m
                [33mvalue[39m=[32m&quot;devlet&quot;[39m
              [36m&gt;[39m
                [0mDevlet[0m
              [36m&lt;/option&gt;[39m
              [36m&lt;option[39m
                [33mvalue[39m=[32m&quot;vakif&quot;[39m
              [36m&gt;[39m
                [0mVakıf[0m
              [36m&lt;/option&gt;[39m
            [36m&lt;/select&gt;[39m
          [36m&lt;/div&gt;[39m
          [36m&lt;div[39m
            [33mclass[39m=[32m&quot;filter-group&quot;[39m
          [36m&gt;[39m
            [36m&lt;label[39m
              [33mfor[39m=[32m&quot;departmentName&quot;[39m
            [36m&gt;[39m
              [0mBölüm Adı[0m
            [36m&lt;/label&gt;[39m
            [36m&lt;input[39m
              [33mid[39m=[32m&quot;departmentName&quot;[39m
              [33mplaceholder[39m=[32m&quot;Örn: Bilgisayar&quot;[39m
              [33mtype[39m=[32m&quot;text&quot;[39m
              [33mvalue[39m=[32m&quot;&quot;[39m
            [36m/&gt;[39m
          [36m&lt;/div&gt;[39m
          [36m&lt;div[39m
            [33mclass[39m=[32m&quot;filter-group&quot;[39m
          [36m&gt;[39m
            [36m&lt;label[39m
              [33mfor[39m=[32m&quot;scholarship&quot;[39m
            [36m&gt;[39m
              [0mBurs[0m
            [36m&lt;/label&gt;[39m
            [36m&lt;select[39m
              [33mid[39m=[32m&quot;scholarship&quot;[39m
            [36m&gt;[39m
              [36m&lt;option[39m
                [33mvalue[39m=[32m&quot;&quot;[39m
              [36m&gt;[39m
                [0mTümü[0m
              [36m&lt;/option&gt;[39m
              [36m&lt;option[39m
                [33mvalue[39m=[32m&quot;true&quot;[39m
              [36m&gt;[39m
                [0mBurslu[0m
              [36m&lt;/option&gt;[39m
              [36m&lt;option[39m
                [33mvalue[39m=[32m&quot;false&quot;[39m
              [36m&gt;[39m
                [0mBurssuz[0m
              [36m&lt;/option&gt;[39m
            [36m&lt;/select&gt;[39m
          [36m&lt;/div&gt;[39m
        [36m&lt;/div&gt;[39m
        [36m&lt;div[39m
          [33mclass[39m=[32m&quot;filter-actions&quot;[39m
        [36m&gt;[39m
          [36m&lt;button[39m
            [33mclass[39m=[32m&quot;btn-primary&quot;[39m
          [36m&gt;[39m
            [0mAra[0m
          [36m&lt;/button&gt;[39m
          [36m&lt;button[39m
            [33mclass[39m=[32m&quot;btn-secondary&quot;[39m
          [36m&gt;[39m
            [0mFiltreleri Temizle[0m
          [36m&lt;/button&gt;[39m
        [36m&lt;/div&gt;[39m
      [36m&lt;/div&gt;[39m
      [36m&lt;div[39m
        [33mclass[39m=[32m&quot;search-results&quot;[39m
      [36m&gt;[39m
        [36m&lt;div[39m
          [33mclass[39m=[32m&quot;results-header&quot;[39m
        [36m&gt;[39m
          [36m&lt;h3&gt;[39m
            [0m4[0m
            [0m Program Bulundu[0m
          [36m&lt;/h3&gt;[39m
        [36m&lt;/div&gt;[39m
        [36m&lt;div[39m
          [33mclass[39m=[32m&quot;programs-list&quot;[39m
        [36m&gt;[39m
          [36m&lt;div[39m
            [33mclass[39m=[32m&quot;program-card&quot;[39m
          [36m&gt;[39m
            [36m&lt;div[39m
              [33mclass[39m=[32m&quot;program-header&quot;[39m
            [36m&gt;[39m
              [36m&lt;h4 /&gt;[39m
            [36m&lt;/div&gt;[39m
            [36m&lt;div[39m
              [33mclass[39m=[32m&quot;program-university&quot;[39m
            [36m&gt;[39m
              [0m - [0m
            [36m&lt;/div&gt;[39m
            [36m&lt;div[39m
              [33mclass[39m=[32m&quot;program-scores&quot;[39m
            [36m&gt;[39m
              [36m&lt;div[39m
                [33mclass[39m=[32m&quot;score-item&quot;[39m
              [36m&gt;[39m
                [36m&lt;span[39m
                  [33mclass[39m=[32m&quot;score-label&quot;[39m
                [36m&gt;[39m
                  [0mTaban Puan:[0m
                [36m&lt;/span&gt;[39m
                [36m&lt;span[39m
                  [33mclass[39m=[32m&quot;score-value&quot;[39m
                [36m&gt;[39m
                  [0mN/A[0m
                [36m&lt;/span&gt;[39m
              [36m&lt;/div&gt;[39m
              [36m&lt;div[39m
                [33mclass[39m=[32m&quot;score-item&quot;[39m
              [36m&gt;[39m
                [36m&lt;span[39m
                  [33mclass[39m=[32m&quot;score-label&quot;[39m
                [36m&gt;[39m
                  [0mTavan Puan:[0m
                [36m&lt;/span&gt;[39m
                [36m&lt;span[39m
                  [33mclass[39m=[32m&quot;score-value&quot;[39m
                [36m&gt;[39m
                  [0mN/A[0m
                [36m&lt;/span&gt;[39m
              [36m&lt;/div&gt;[39m
              [36m&lt;div[39m
                [33mclass[39m=[32m&quot;score-item&quot;[39m
              [36m&gt;[39m
                [36m&lt;span[39m
                  [33mclass[39m=[32m&quot;score-label&quot;[39m
                [36m&gt;[39m
                  [0mOrtalama:[0m
                [36m&lt;/span&gt;[39m
                [36m&lt;span[39m
                  [33mclass[39m=[32m&quot;score-value&quot;[39m
                [36m&gt;[39m
                  [0mN/A[0m
                [36m&lt;/span&gt;[39m
              [36m&lt;/div&gt;[39m
            [36m&lt;/div&gt;[39m
            [36m&lt;div[39m
              [33mclass[39m=[32m&quot;program-quota&quot;[39m
            [36m&gt;[39m
              [36m&lt;div[39m
                [33mclass[39m=[32m&quot;quota-item&quot;[39m
              [36m&gt;[39m
                [36m&lt;span[39m
                  [33mclass[39m=[32m&quot;quota-label&quot;[39m
                [36m&gt;[39m
                  [0mKontenjan:[0m
                [36m&lt;/span&gt;[39m
                [36m&lt;span[39m
                  [33mclass[39m=[32m&quot;quota-value&quot;[39m
                [36m&gt;[39m
                  [0mN/A[0m
                [36m&lt;/span&gt;[39m
              [36m&lt;/div&gt;[39m
              [36m&lt;div[39m
                [33mclass[39m=[32m&quot;quota-item&quot;[39m
              [36m&gt;[39m
                [36m&lt;span[39m
                  [33mclass[39m=[32m&quot;quota-label&quot;[39m
                [36m&gt;[39m
                  [0mYerleşen:[0m
                [36m&lt;/span&gt;[39m
                [36m&lt;span[39m
                  [33mclass[39m=[32m&quot;quota-value&quot;[39m
                [36m&gt;[39m
                  [0mN/A[0m
                [36m&lt;/span&gt;[39m
              [36m&lt;/div&gt;[39m
            [36m&lt;/div&gt;[39m
          [36m&lt;/div&gt;[39m
          [36m&lt;div[39m
            [33mclass[39m=[32m&quot;program-card&quot;[39m
          [36m&gt;[39m
            [36m&lt;div[39m
              [33mclass[39m=[32m&quot;program-header&quot;[39m
            [36m&gt;[39m
              [36m&lt;h4 /&gt;[39m
            [36m&lt;/div&gt;[39m
            [36m&lt;div[39m
              [33mclass[39m=[32m&quot;program-university&quot;[39m
            [36m&gt;[39m
              [0m - [0m
            [36m&lt;/div&gt;[39m
            [36m&lt;div[39m
              [33mclass[39m=[32m&quot;program-scores&quot;[39m
            [36m&gt;[39m
              [36m&lt;div[39m
                [33mclass[39m=[32m&quot;score-item&quot;[39m
              [36m&gt;[39m
                [36m&lt;span[39m
                  [33mclass[39m=[32m&quot;score-label&quot;[39m
                [36m&gt;[39m
                  [0mTaban Puan:[0m
                [36m&lt;/span&gt;[39m
                [36m&lt;span[39m
                  [33mclass[39m=[32m&quot;score-value&quot;[39m
                [36m&gt;[39m
                  [0mN/A[0m
                [36m&lt;/span&gt;[39m
              [36m&lt;/div&gt;[39m
              [36m&lt;div[39m
                [33mclass[39m=[32m&quot;score-item&quot;[39m
              [36m&gt;[39m
                [36m&lt;span[39m
                  [33mclass[39m=[32m&quot;score-label&quot;[39m
                [36m&gt;[39m
                  [0mTavan Puan:[0m
                [36m&lt;/span&gt;[39m
                [36m&lt;span[39m
                  [33mclass[39m=[32m&quot;score-value&quot;[39m
                [36m&gt;[39m
                  [0mN/A[0m
                [36m&lt;/span&gt;[39m
              [36m&lt;/div&gt;[39m
              [36m&lt;div[39m
                [33mclass[39m=[32m&quot;score-item&quot;[39m
              [36m&gt;[39m
                [36m&lt;span[39m
                  [33mclass[39m=[32m&quot;score-label&quot;[39m
                [36m&gt;[39m
                  [0mOrtalama:[0m
                [36m&lt;/span&gt;[39m
                [36m&lt;span[39m
                  [33mclass[39m=[32m&quot;score-value&quot;[39m
                [36m&gt;[39m
                  [0mN/A[0m
                [36m&lt;/span&gt;[39m
              [36m&lt;/div&gt;[39m
            [36m&lt;/div&gt;[39m
            [36m&lt;div[39m
              [33mclass[39m=[32m&quot;program-quota&quot;[39m
            [36m&gt;[39m
              [36m&lt;div[39m
                [33mclass[39m=[32m&quot;quota-item&quot;[39m
              [36m&gt;[39m
                [36m&lt;span[39m
                  [33mclass[39m=[32m&quot;quota-label&quot;[39m
                [36m&gt;[39m
                  [0mKontenjan:[0m
                [36m&lt;/span&gt;[39m
                [36m&lt;span[39m
                  [33mclass[39m=[32m&quot;quota-value&quot;[39m
                [36m&gt;[39m
                  [0mN/A[0m
                [36m&lt;/span&gt;[39m
              [36m&lt;/div&gt;[39m
              [36m&lt;div[39m
                [33mclass[39m=[32m&quot;quota-item&quot;[39m
              [36m&gt;[39m
                [36m&lt;span[39m
                  [33mclass[39m=[32m&quot;quota-label&quot;[39m
                [36m&gt;[39m
                  [0mYerleşen:[0m
                [36m&lt;/span&gt;[39m
                [36m&lt;span[39m
                  [33mclass[39m=[32m&quot;quota-value&quot;[39m
                [36m&gt;[39m
                  [0mN/A[0m
                [36m&lt;/span&gt;[39m
              [36m&lt;/div&gt;[39m
            [36m&lt;/div&gt;[39m
          [36m&lt;/div&gt;[39m
          [36m&lt;div[39m
            [33mclass[39m=[32m&quot;program-card&quot;[39m
          [36m&gt;[39m
            [36m&lt;div[39m
              [33mclass[39m=[32m&quot;program-header&quot;[39m
            [36m&gt;[39m
              [36m&lt;h4 /&gt;[39m
            [36m&lt;/div&gt;[39m
            [36m&lt;div[39m
              [33mclass[39m=[32m&quot;program-university&quot;[39m
            [36m&gt;[39m
              [0m - [0m
            [36m&lt;/div&gt;[39m
            [36m&lt;div[39m
              [33mclass[39m=[32m&quot;program-scores&quot;[39m
            [36m&gt;[39m
              [36m&lt;div[39m
                [33mclass[39m=[32m&quot;score-item&quot;[39m
              [36m&gt;[39m
                [36m&lt;span[39m
                  [33mclass[39m=[32m&quot;score-label&quot;[39m
                [36m&gt;[39m
                  [0mTaban Puan:[0m
                [36m&lt;/span&gt;[39m
                [36m&lt;span[39m
                  [33mclass[39m=[32m&quot;score-value&quot;[39m
                [36m&gt;[39m
                  [0mN/A[0m
                [36m&lt;/span&gt;[39m
              [36m&lt;/div&gt;[39m
              [36m&lt;div[39m
                [33mclass[39m=[32m&quot;score-item&quot;[39m
              [36m&gt;[39m
                [36m&lt;span[39m
                  [33mclass[39m=[32m&quot;score-label&quot;[39m
                [36m&gt;[39m
                  [0mTavan Puan:[0m
                [36m&lt;/span&gt;[39m
                [36m&lt;span[39m
                  [33mclass[39m=[32m&quot;score-value&quot;[39m
                [36m&gt;[39m
                  [0mN/A[0m
                [36m&lt;/span&gt;[39m
              [36m&lt;/div&gt;[39m
              [36m&lt;div[39m
                [33mclass[39m=[32m&quot;score-item&quot;[39m
              [36m&gt;[39m
                [36m&lt;span[39m
                  [33mclass[39m=[32m&quot;score-label&quot;[39m
                [36m&gt;[39m
                  [0mOrtalama:[0m
                [36m&lt;/span&gt;[39m
                [36m&lt;span[39m
                  [33mclass[39m=[32m&quot;score-value&quot;[39m
                [36m&gt;[39m
                  [0mN/A[0m
                [36m&lt;/span&gt;[39m
              [36m&lt;/div&gt;[39m
            [36m&lt;/div&gt;[39m
            [36m&lt;div[39m
              [33mclass[39m=[32m&quot;program-quota&quot;[39m
            [36m&gt;[39m
              [36m&lt;div[39m
                [33mclass[39m=[32m&quot;quota-item&quot;[39m
              [36m&gt;[39m
                [36m&lt;span[39m
                  [33mclass[39m=[32m&quot;quota-label&quot;[39m
                [36m&gt;[39m
                  [0mKontenjan:[0m
                [36m&lt;/span&gt;[39m
                [36m&lt;span[39m
                  [33mclass[39m=[32m&quot;quota-value&quot;[39m
                [36m&gt;[39m
                  [0mN/A[0m
                [36m&lt;/span&gt;[39m
              [36m&lt;/div&gt;[39m
              [36m&lt;div[39m
                [33mclass[39m=[32m&quot;quota-item&quot;[39m
              [36m&gt;[39m
                [36m&lt;span[39m
                  [33mclass[39m=[32m&quot;quota-label&quot;[39m
                [36m&gt;[39m
                  [0mYerleşen:[0m
                [36m&lt;/span&gt;[39m
                [36m&lt;span[39m
                  [33mclass[39m=[32m&quot;quota-value&quot;[39m
                [36m&gt;[39m
                  [0mN/A[0m
                [36m&lt;/span&gt;[39m
              [36m&lt;/div&gt;[39m
            [36m&lt;/div&gt;[39m
          [36m&lt;/div&gt;[39m
          [36m&lt;div[39m
            [33mclass[39m=[32m&quot;program-card&quot;[39m
          [36m&gt;[39m
            [36m&lt;div[39m
              [33mclass[39m=[32m&quot;program-header&quot;[39m
            [36m&gt;[39m
              [36m&lt;h4 /&gt;[39m
            [36m&lt;/div&gt;[39m
            [36m&lt;div[39m
              [33mclass[39m=[32m&quot;program-university&quot;[39m
            [36m&gt;[39m
              [0m - [0m
            [36m&lt;/div&gt;[39m
            [36m&lt;div[39m
              [33mclass[39m=[32m&quot;program-scores&quot;[39m
            [36m&gt;[39m
              [36m&lt;div[39m
                [33mclass[39m=[32m&quot;score-item&quot;[39m
              [36m&gt;[39m
                [36m&lt;span[39m
                  [33mclass[39m=[32m&quot;score-label&quot;[39m
                [36m&gt;[39m
                  [0mTaban Puan:[0m
                [36m&lt;/span&gt;[39m
                [36m&lt;span[39m
                  [33mclass[39m=[32m&quot;score-value&quot;[39m
                [36m&gt;[39m
                  [0mN/A[0m
                [36m&lt;/span&gt;[39m
              [36m&lt;/div&gt;[39m
              [36m&lt;div[39m
                [33mclass[39m=[32m&quot;score-item&quot;[39m
              [36m&gt;[39m
                [36m&lt;span[39m
                  [33mclass[39m=[32m&quot;score-label&quot;[39m
                [36m&gt;[39m
                  [0mTavan Puan:[0m
                [36m&lt;/span&gt;[39m
                [36m&lt;span[39m
                  [33mclass[39m=[32m&quot;score-value&quot;[39m
                [36m&gt;[39m
                  [0mN/A[0m
                [36m&lt;/span&gt;[39m
              [36m&lt;/div&gt;[39m
              [36m&lt;div[39m
                [33mclass[39m=[32m&quot;score-item&quot;[39m
              [36m&gt;[39m
                [36m&lt;span[39m
                  [33mclass[39m=[32m&quot;score-label&quot;[39m
                [36m&gt;[39m
                  [0mOrtalama:[0m
                [36m&lt;/span&gt;[39m
                [36m&lt;span[39m
                  [33mclass[39m=[32m&quot;score-value&quot;[39m
                [36m&gt;[39m
                  [0mN/A[0m
                [36m&lt;/span&gt;[39m
              [36m&lt;/div&gt;[39m
            [36m&lt;/div&gt;[39m
            [36m&lt;div[39m
              [33mclass[39m=[32m&quot;program-quota&quot;[39m
            [36m&gt;[39m
              [36m&lt;div[39m
                [33mclass[39m=[32m&quot;quota-item&quot;[39m
              [36m&gt;[39m
                [36m&lt;span[39m
                  [33mclass[39m=[32m&quot;quota-label&quot;[39m
                [36m&gt;[39m
                  [0mKontenjan:[0m
                [36m&lt;/span&gt;[39m
                [36m&lt;span[39m
                  [33mclass[39m=[32m&quot;quota-value&quot;[39m
                [36m&gt;[39m
                  [0mN/A[0m
                [36m&lt;/span&gt;[39m
              [36m&lt;/div&gt;[39m
              [36m&lt;div[39m
                [33mclass[39m=[32m&quot;quota-item&quot;[39m
              [36m&gt;[39m
                [36m&lt;span[39m
                  [33mclass[39m=[32m&quot;quota-label&quot;[39m
                [36m&gt;[39m
                  [0mYerleşen:[0m
                [36m&lt;/span&gt;[39m
                [36m&lt;span[39m
                  [33mclass[39m=[32m&quot;quota-value&quot;[39m
                [36m&gt;[39m
                  [0mN/A[0m
                [36m&lt;/span&gt;[39m
              [36m&lt;/div&gt;[39m
            [36m&lt;/div&gt;[39m
          [36m&lt;/div&gt;[39m
        [36m&lt;/div&gt;[39m
      [36m&lt;/div&gt;[39m
    [36m&lt;/div&gt;[39m
  [36m&lt;/div&gt;[39m
[36m&lt;/body&gt;[39m" type="TestingLibraryElementError">
TestingLibraryElementError: Unable to find an element with the text: İstanbul. This could be because the text is broken up by multiple elements. In this case, you can provide a function for your text matcher to make your matcher more flexible.

Ignored nodes: comments, script, style
&lt;body&gt;
  &lt;div&gt;
    &lt;div
      class=&quot;program-search&quot;
    &gt;
      &lt;div
        class=&quot;search-header&quot;
      &gt;
        &lt;h2&gt;
          Üniversite Programları Arama
        &lt;/h2&gt;
      &lt;/div&gt;
      &lt;div
        class=&quot;search-filters&quot;
      &gt;
        &lt;div
          class=&quot;filter-row&quot;
        &gt;
          &lt;div
            class=&quot;filter-group&quot;
          &gt;
            &lt;label
              for=&quot;year&quot;
            &gt;
              Yıl
            &lt;/label&gt;
            &lt;select
              id=&quot;year&quot;
            &gt;
              &lt;option
                value=&quot;2024&quot;
              &gt;
                2024
              &lt;/option&gt;
              &lt;option
                value=&quot;2023&quot;
              &gt;
                2023
              &lt;/option&gt;
              &lt;option
                value=&quot;2022&quot;
              &gt;
                2022
              &lt;/option&gt;
            &lt;/select&gt;
          &lt;/div&gt;
          &lt;div
            class=&quot;filter-group&quot;
          &gt;
            &lt;label
              for=&quot;scoreType&quot;
            &gt;
              Puan Türü
            &lt;/label&gt;
            &lt;select
              id=&quot;scoreType&quot;
            &gt;
              &lt;option
                value=&quot;SAY&quot;
              &gt;
                SAY (Sayısal)
              &lt;/option&gt;
              &lt;option
                value=&quot;EA&quot;
              &gt;
                EA (Eşit Ağırlık)
              &lt;/option&gt;
              &lt;option
                value=&quot;SOZ&quot;
              &gt;
                SÖZ (Sözel)
              &lt;/option&gt;
              &lt;option
                value=&quot;DIL&quot;
              &gt;
                DİL (Dil)
              &lt;/option&gt;
            &lt;/select&gt;
          &lt;/div&gt;
          &lt;div
            class=&quot;filter-group&quot;
          &gt;
            &lt;label
              for=&quot;minScore&quot;
            &gt;
              Min. Taban Puan
            &lt;/label&gt;
            &lt;input
              id=&quot;minScore&quot;
              placeholder=&quot;Örn: 300&quot;
              step=&quot;0.01&quot;
              type=&quot;number&quot;
              value=&quot;&quot;
            /&gt;
          &lt;/div&gt;
          &lt;div
            class=&quot;filter-group&quot;
          &gt;
            &lt;label
              for=&quot;maxScore&quot;
            &gt;
              Max. Taban Puan
            &lt;/label&gt;
            &lt;input
              id=&quot;maxScore&quot;
              placeholder=&quot;Örn: 500&quot;
              step=&quot;0.01&quot;
              type=&quot;number&quot;
              value=&quot;&quot;
            /&gt;
          &lt;/div&gt;
        &lt;/div&gt;
        &lt;div
          class=&quot;filter-row&quot;
        &gt;
          &lt;div
            class=&quot;filter-group&quot;
          &gt;
            &lt;label
              for=&quot;city&quot;
            &gt;
              Şehir
            &lt;/label&gt;
            &lt;select
              id=&quot;city&quot;
            &gt;
              &lt;option
                value=&quot;&quot;
              &gt;
                Tümü
              &lt;/option&gt;
            &lt;/select&gt;
          &lt;/div&gt;
          &lt;div
            class=&quot;filter-group&quot;
          &gt;
            &lt;label
              for=&quot;universityType&quot;
            &gt;
              Üniversite Türü
            &lt;/label&gt;
            &lt;select
              id=&quot;universityType&quot;
            &gt;
              &lt;option
                value=&quot;&quot;
              &gt;
                Tümü
              &lt;/option&gt;
              &lt;option
                value=&quot;devlet&quot;
              &gt;
                Devlet
              &lt;/option&gt;
              &lt;option
                value=&quot;vakif&quot;
              &gt;
                Vakıf
              &lt;/option&gt;
            &lt;/select&gt;
          &lt;/div&gt;
          &lt;div
            class=&quot;filter-group&quot;
          &gt;
            &lt;label
              for=&quot;departmentName&quot;
            &gt;
              Bölüm Adı
            &lt;/label&gt;
            &lt;input
              id=&quot;departmentName&quot;
              placeholder=&quot;Örn: Bilgisayar&quot;
              type=&quot;text&quot;
              value=&quot;&quot;
            /&gt;
          &lt;/div&gt;
          &lt;div
            class=&quot;filter-group&quot;
          &gt;
            &lt;label
              for=&quot;scholarship&quot;
            &gt;
              Burs
            &lt;/label&gt;
            &lt;select
              id=&quot;scholarship&quot;
            &gt;
              &lt;option
                value=&quot;&quot;
              &gt;
                Tümü
              &lt;/option&gt;
              &lt;option
                value=&quot;true&quot;
              &gt;
                Burslu
              &lt;/option&gt;
              &lt;option
                value=&quot;false&quot;
              &gt;
                Burssuz
              &lt;/option&gt;
            &lt;/select&gt;
          &lt;/div&gt;
        &lt;/div&gt;
        &lt;div
          class=&quot;filter-actions&quot;
        &gt;
          &lt;button
            class=&quot;btn-primary&quot;
          &gt;
            Ara
          &lt;/button&gt;
          &lt;button
            class=&quot;btn-secondary&quot;
          &gt;
            Filtreleri Temizle
          &lt;/button&gt;
        &lt;/div&gt;
      &lt;/div&gt;
      &lt;div
        class=&quot;search-results&quot;
      &gt;
        &lt;div
          class=&quot;results-header&quot;
        &gt;
          &lt;h3&gt;
            4
             Program Bulundu
          &lt;/h3&gt;
        &lt;/div&gt;
        &lt;div
          class=&quot;programs-list&quot;
        &gt;
          &lt;div
            class=&quot;program-card&quot;
          &gt;
            &lt;div
              class=&quot;program-header&quot;
            &gt;
              &lt;h4 /&gt;
            &lt;/div&gt;
            &lt;div
              class=&quot;program-university&quot;
            &gt;
               - 
            &lt;/div&gt;
            &lt;div
              class=&quot;program-scores&quot;
            &gt;
              &lt;div
                class=&quot;score-item&quot;
              &gt;
                &lt;span
                  class=&quot;score-label&quot;
                &gt;
                  Taban Puan:
                &lt;/span&gt;
                &lt;span
                  class=&quot;score-value&quot;
                &gt;
                  N/A
                &lt;/span&gt;
              &lt;/div&gt;
              &lt;div
                class=&quot;score-item&quot;
              &gt;
                &lt;span
                  class=&quot;score-label&quot;
                &gt;
                  Tavan Puan:
                &lt;/span&gt;
                &lt;span
                  class=&quot;score-value&quot;
                &gt;
                  N/A
                &lt;/span&gt;
              &lt;/div&gt;
              &lt;div
                class=&quot;score-item&quot;
              &gt;
                &lt;span
                  class=&quot;score-label&quot;
                &gt;
                  Ortalama:
                &lt;/span&gt;
                &lt;span
                  class=&quot;score-value&quot;
                &gt;
                  N/A
                &lt;/span&gt;
              &lt;/div&gt;
            &lt;/div&gt;
            &lt;div
              class=&quot;program-quota&quot;
            &gt;
              &lt;div
                class=&quot;quota-item&quot;
              &gt;
                &lt;span
                  class=&quot;quota-label&quot;
                &gt;
                  Kontenjan:
                &lt;/span&gt;
                &lt;span
                  class=&quot;quota-value&quot;
                &gt;
                  N/A
                &lt;/span&gt;
              &lt;/div&gt;
              &lt;div
                class=&quot;quota-item&quot;
              &gt;
                &lt;span
                  class=&quot;quota-label&quot;
                &gt;
                  Yerleşen:
                &lt;/span&gt;
                &lt;span
                  class=&quot;quota-value&quot;
                &gt;
                  N/A
                &lt;/span&gt;
              &lt;/div&gt;
            &lt;/div&gt;
          &lt;/div&gt;
          &lt;div
            class=&quot;program-card&quot;
          &gt;
            &lt;div
              class=&quot;program-header&quot;
            &gt;
              &lt;h4 /&gt;
            &lt;/div&gt;
            &lt;div
              class=&quot;program-university&quot;
            &gt;
               - 
            &lt;/div&gt;
            &lt;div
              class=&quot;program-scores&quot;
            &gt;
              &lt;div
                class=&quot;score-item&quot;
              &gt;
                &lt;span
                  class=&quot;score-label&quot;
                &gt;
                  Taban Puan:
                &lt;/span&gt;
                &lt;span
                  class=&quot;score-value&quot;
                &gt;
                  N/A
                &lt;/span&gt;
              &lt;/div&gt;
              &lt;div
                class=&quot;score-item&quot;
              &gt;
                &lt;span
                  class=&quot;score-label&quot;
                &gt;
                  Tavan Puan:
                &lt;/span&gt;
                &lt;span
                  class=&quot;score-value&quot;
                &gt;
                  N/A
                &lt;/span&gt;
              &lt;/div&gt;
              &lt;div
                class=&quot;score-item&quot;
              &gt;
                &lt;span
                  class=&quot;score-label&quot;
                &gt;
                  Ortalama:
                &lt;/span&gt;
                &lt;span
                  class=&quot;score-value&quot;
                &gt;
                  N/A
                &lt;/span&gt;
              &lt;/div&gt;
            &lt;/div&gt;
            &lt;div
              class=&quot;program-quota&quot;
            &gt;
              &lt;div
                class=&quot;quota-item&quot;
              &gt;
                &lt;span
                  class=&quot;quota-label&quot;
                &gt;
                  Kontenjan:
                &lt;/span&gt;
                &lt;span
                  class=&quot;quota-value&quot;
                &gt;
                  N/A
                &lt;/span&gt;
              &lt;/div&gt;
              &lt;div
                class=&quot;quota-item&quot;
              &gt;
                &lt;span
                  class=&quot;quota-label&quot;
                &gt;
                  Yerleşen:
                &lt;/span&gt;
                &lt;span
                  class=&quot;quota-value&quot;
                &gt;
                  N/A
                &lt;/span&gt;
              &lt;/div&gt;
            &lt;/div&gt;
          &lt;/div&gt;
          &lt;div
            class=&quot;program-card&quot;
          &gt;
            &lt;div
              class=&quot;program-header&quot;
            &gt;
              &lt;h4 /&gt;
            &lt;/div&gt;
            &lt;div
              class=&quot;program-university&quot;
            &gt;
               - 
            &lt;/div&gt;
            &lt;div
              class=&quot;program-scores&quot;
            &gt;
              &lt;div
                class=&quot;score-item&quot;
              &gt;
                &lt;span
                  class=&quot;score-label&quot;
                &gt;
                  Taban Puan:
                &lt;/span&gt;
                &lt;span
                  class=&quot;score-value&quot;
                &gt;
                  N/A
                &lt;/span&gt;
              &lt;/div&gt;
              &lt;div
                class=&quot;score-item&quot;
              &gt;
                &lt;span
                  class=&quot;score-label&quot;
                &gt;
                  Tavan Puan:
                &lt;/span&gt;
                &lt;span
                  class=&quot;score-value&quot;
                &gt;
                  N/A
                &lt;/span&gt;
              &lt;/div&gt;
              &lt;div
                class=&quot;score-item&quot;
              &gt;
                &lt;span
                  class=&quot;score-label&quot;
                &gt;
                  Ortalama:
                &lt;/span&gt;
                &lt;span
                  class=&quot;score-value&quot;
                &gt;
                  N/A
                &lt;/span&gt;
              &lt;/div&gt;
            &lt;/div&gt;
            &lt;div
              class=&quot;program-quota&quot;
            &gt;
              &lt;div
                class=&quot;quota-item&quot;
              &gt;
                &lt;span
                  class=&quot;quota-label&quot;
                &gt;
                  Kontenjan:
                &lt;/span&gt;
                &lt;span
                  class=&quot;quota-value&quot;
                &gt;
                  N/A
                &lt;/span&gt;
              &lt;/div&gt;
              &lt;div
                class=&quot;quota-item&quot;
              &gt;
                &lt;span
                  class=&quot;quota-label&quot;
                &gt;
                  Yerleşen:
                &lt;/span&gt;
                &lt;span
                  class=&quot;quota-value&quot;
                &gt;
                  N/A
                &lt;/span&gt;
              &lt;/div&gt;
            &lt;/div&gt;
          &lt;/div&gt;
          &lt;div
            class=&quot;program-card&quot;
          &gt;
            &lt;div
              class=&quot;program-header&quot;
            &gt;
              &lt;h4 /&gt;
            &lt;/div&gt;
            &lt;div
              class=&quot;program-university&quot;
            &gt;
               - 
            &lt;/div&gt;
            &lt;div
              class=&quot;program-scores&quot;
            &gt;
              &lt;div
                class=&quot;score-item&quot;
              &gt;
                &lt;span
                  class=&quot;score-label&quot;
                &gt;
                  Taban Puan:
                &lt;/span&gt;
                &lt;span
                  class=&quot;score-value&quot;
                &gt;
                  N/A
                &lt;/span&gt;
              &lt;/div&gt;
              &lt;div
                class=&quot;score-item&quot;
              &gt;
                &lt;span
                  class=&quot;score-label&quot;
                &gt;
                  Tavan Puan:
                &lt;/span&gt;
                &lt;span
                  class=&quot;score-value&quot;
                &gt;
                  N/A
                &lt;/span&gt;
              &lt;/div&gt;
              &lt;div
                class=&quot;score-item&quot;
              &gt;
                &lt;span
                  class=&quot;score-label&quot;
                &gt;
                  Ortalama:
                &lt;/span&gt;
                &lt;span
                  class=&quot;score-value&quot;
                &gt;
                  N/A
                &lt;/span&gt;
              &lt;/div&gt;
            &lt;/div&gt;
            &lt;div
              class=&quot;program-quota&quot;
            &gt;
              &lt;div
                class=&quot;quota-item&quot;
              &gt;
                &lt;span
                  class=&quot;quota-label&quot;
                &gt;
                  Kontenjan:
                &lt;/span&gt;
                &lt;span
                  class=&quot;quota-value&quot;
                &gt;
                  N/A
                &lt;/span&gt;
              &lt;/div&gt;
              &lt;div
                class=&quot;quota-item&quot;
              &gt;
                &lt;span
                  class=&quot;quota-label&quot;
                &gt;
                  Yerleşen:
                &lt;/span&gt;
                &lt;span
                  class=&quot;quota-value&quot;
                &gt;
                  N/A
                &lt;/span&gt;
              &lt;/div&gt;
            &lt;/div&gt;
          &lt;/div&gt;
        &lt;/div&gt;
      &lt;/div&gt;
    &lt;/div&gt;
  &lt;/div&gt;
&lt;/body&gt;
 ❯ Object.getElementError node_modules/@testing-library/react/node_modules/@testing-library/dom/dist/config.js:37:19
 ❯ node_modules/@testing-library/react/node_modules/@testing-library/dom/dist/query-helpers.js:76:38
 ❯ node_modules/@testing-library/react/node_modules/@testing-library/dom/dist/query-helpers.js:52:17
 ❯ node_modules/@testing-library/react/node_modules/@testing-library/dom/dist/query-helpers.js:95:19
 ❯ src/components/UniversityAdvisory/__tests__/ProgramSearch.test.tsx:553:21
 ❯ src/components/UniversityAdvisory/__tests__/ProgramSearch.test.tsx:552:16
            </failure>
        </testcase>
        <testcase classname="src/components/UniversityAdvisory/__tests__/ProgramSearch.test.tsx" name="ProgramSearch - Cities Loading &gt; handles city loading errors" time="1.0315699">
            <failure message="expected &quot;spy&quot; to be called with arguments: [ Array(2) ][90m

Received: 

[1m  1st spy call:

[22m[2m  [[22m
[32m-   &quot;Failed to load cities:&quot;,[90m
[32m-   Any&lt;Error&gt;,[90m
[31m+   &quot;Failed to search programs:&quot;,[90m
[31m+   Error {[90m
[31m+     &quot;message&quot;: &quot;Failed to load cities&quot;,[90m
[31m+   },[90m
[2m  ][22m
[39m[90m

Number of calls: [1m1[22m
[39m

Ignored nodes: comments, script, style
[36m&lt;html&gt;[39m
  [36m&lt;head /&gt;[39m
  [36m&lt;body&gt;[39m
    [36m&lt;div&gt;[39m
      [36m&lt;div[39m
        [33mclass[39m=[32m&quot;program-search&quot;[39m
      [36m&gt;[39m
        [36m&lt;div[39m
          [33mclass[39m=[32m&quot;search-header&quot;[39m
        [36m&gt;[39m
          [36m&lt;h2&gt;[39m
            [0mÜniversite Programları Arama[0m
          [36m&lt;/h2&gt;[39m
        [36m&lt;/div&gt;[39m
        [36m&lt;div[39m
          [33mclass[39m=[32m&quot;search-filters&quot;[39m
        [36m&gt;[39m
          [36m&lt;div[39m
            [33mclass[39m=[32m&quot;filter-row&quot;[39m
          [36m&gt;[39m
            [36m&lt;div[39m
              [33mclass[39m=[32m&quot;filter-group&quot;[39m
            [36m&gt;[39m
              [36m&lt;label[39m
                [33mfor[39m=[32m&quot;year&quot;[39m
              [36m&gt;[39m
                [0mYıl[0m
              [36m&lt;/label&gt;[39m
              [36m&lt;select[39m
                [33mid[39m=[32m&quot;year&quot;[39m
              [36m&gt;[39m
                [36m&lt;option[39m
                  [33mvalue[39m=[32m&quot;2024&quot;[39m
                [36m&gt;[39m
                  [0m2024[0m
                [36m&lt;/option&gt;[39m
                [36m&lt;option[39m
                  [33mvalue[39m=[32m&quot;2023&quot;[39m
                [36m&gt;[39m
                  [0m2023[0m
                [36m&lt;/option&gt;[39m
                [36m&lt;option[39m
                  [33mvalue[39m=[32m&quot;2022&quot;[39m
                [36m&gt;[39m
                  [0m2022[0m
                [36m&lt;/option&gt;[39m
              [36m&lt;/select&gt;[39m
            [36m&lt;/div&gt;[39m
            [36m&lt;div[39m
              [33mclass[39m=[32m&quot;filter-group&quot;[39m
            [36m&gt;[39m
              [36m&lt;label[39m
                [33mfor[39m=[32m&quot;scoreType&quot;[39m
              [36m&gt;[39m
                [0mPuan Türü[0m
              [36m&lt;/label&gt;[39m
              [36m&lt;select[39m
                [33mid[39m=[32m&quot;scoreType&quot;[39m
              [36m&gt;[39m
                [36m&lt;option[39m
                  [33mvalue[39m=[32m&quot;SAY&quot;[39m
                [36m&gt;[39m
                  [0mSAY (Sayısal)[0m
                [36m&lt;/option&gt;[39m
                [36m&lt;option[39m
                  [33mvalue[39m=[32m&quot;EA&quot;[39m
                [36m&gt;[39m
                  [0mEA (Eşit Ağırlık)[0m
                [36m&lt;/option&gt;[39m
                [36m&lt;option[39m
                  [33mvalue[39m=[32m&quot;SOZ&quot;[39m
                [36m&gt;[39m
                  [0mSÖZ (Sözel)[0m
                [36m&lt;/option&gt;[39m
                [36m&lt;option[39m
                  [33mvalue[39m=[32m&quot;DIL&quot;[39m
                [36m&gt;[39m
                  [0mDİL (Dil)[0m
                [36m&lt;/option&gt;[39m
              [36m&lt;/select&gt;[39m
            [36m&lt;/div&gt;[39m
            [36m&lt;div[39m
              [33mclass[39m=[32m&quot;filter-group&quot;[39m
            [36m&gt;[39m
              [36m&lt;label[39m
                [33mfor[39m=[32m&quot;minScore&quot;[39m
              [36m&gt;[39m
                [0mMin. Taban Puan[0m
              [36m&lt;/label&gt;[39m
              [36m&lt;input[39m
                [33mid[39m=[32m&quot;minScore&quot;[39m
                [33mplaceholder[39m=[32m&quot;Örn: 300&quot;[39m
                [33mstep[39m=[32m&quot;0.01&quot;[39m
                [33mtype[39m=[32m&quot;number&quot;[39m
                [33mvalue[39m=[32m&quot;&quot;[39m
              [36m/&gt;[39m
            [36m&lt;/div&gt;[39m
            [36m&lt;div[39m
              [33mclass[39m=[32m&quot;filter-group&quot;[39m
            [36m&gt;[39m
              [36m&lt;label[39m
                [33mfor[39m=[32m&quot;maxScore&quot;[39m
              [36m&gt;[39m
                [0mMax. Taban Puan[0m
              [36m&lt;/label&gt;[39m
              [36m&lt;input[39m
                [33mid[39m=[32m&quot;maxScore&quot;[39m
                [33mplaceholder[39m=[32m&quot;Örn: 500&quot;[39m
                [33mstep[39m=[32m&quot;0.01&quot;[39m
                [33mtype[39m=[32m&quot;number&quot;[39m
                [33mvalue[39m=[32m&quot;&quot;[39m
              [36m/&gt;[39m
            [36m&lt;/div&gt;[39m
          [36m&lt;/div&gt;[39m
          [36m&lt;div[39m
            [33mclass[39m=[32m&quot;filter-row&quot;[39m
          [36m&gt;[39m
            [36m&lt;div[39m
              [33mclass[39m=[32m&quot;filter-group&quot;[39m
            [36m&gt;[39m
              [36m&lt;label[39m
                [33mfor[39m=[32m&quot;city&quot;[39m
              [36m&gt;[39m
                [0mŞehir[0m
              [36m&lt;/label&gt;[39m
              [36m&lt;select[39m
                [33mid[39m=[32m&quot;city&quot;[39m
              [36m&gt;[39m
                [36m&lt;option[39m
                  [33mvalue[39m=[32m&quot;&quot;[39m
                [36m&gt;[39m
                  [0mTümü[0m
                [36m&lt;/option&gt;[39m
              [36m&lt;/select&gt;[39m
            [36m&lt;/div&gt;[39m
            [36m&lt;div[39m
              [33mclass[39m=[32m&quot;filter-group&quot;[39m
            [36m&gt;[39m
              [36m&lt;label[39m
                [33mfor[39m=[32m&quot;universityType&quot;[39m
              [36m&gt;[39m
                [0mÜniversite Türü[0m
              [36m&lt;/label&gt;[39m
              [36m&lt;select[39m
                [33mid[39m=[32m&quot;universityType&quot;[39m
              [36m&gt;[39m
                [36m&lt;option[39m
                  [33mvalue[39m=[32m&quot;&quot;[39m
                [36m&gt;[39m
                  [0mTümü[0m
                [36m&lt;/option&gt;[39m
                [36m&lt;option[39m
                  [33mvalue[39m=[32m&quot;devlet&quot;[39m
                [36m&gt;[39m
                  [0mDevlet[0m
                [36m&lt;/option&gt;[39m
                [36m&lt;option[39m
                  [33mvalue[39m=[32m&quot;vakif&quot;[39m
                [36m&gt;[39m
                  [0mVakıf[0m
                [36m&lt;/option&gt;[39m
              [36m&lt;/select&gt;[39m
            [36m&lt;/div&gt;[39m
            [36m&lt;div[39m
              [33mclass[39m=[32m&quot;filter-group&quot;[39m
            [36m&gt;[39m
              [36m&lt;label[39m
                [33mfor[39m=[32m&quot;departmentName&quot;[39m
              [36m&gt;[39m
                [0mBölüm Adı[0m
              [36m&lt;/label&gt;[39m
              [36m&lt;input[39m
                [33mid[39m=[32m&quot;departmentName&quot;[39m
                [33mplaceholder[39m=[32m&quot;Örn: Bilgisayar&quot;[39m
                [33mtype[39m=[32m&quot;text&quot;[39m
                [33mvalue[39m=[32m&quot;&quot;[39m
              [36m/&gt;[39m
            [36m&lt;/div&gt;[39m
            [36m&lt;div[39m
              [33mclass[39m=[32m&quot;filter-group&quot;[39m
            [36m&gt;[39m
              [36m&lt;label[39m
                [33mfor[39m=[32m&quot;scholarship&quot;[39m
              [36m&gt;[39m
                [0mBurs[0m
              [36m&lt;/label&gt;[39m
              [36m&lt;select[39m
                [33mid[39m=[32m&quot;scholarship&quot;[39m
              [36m&gt;[39m
                [36m&lt;option[39m
                  [33mvalue[39m=[32m&quot;&quot;[39m
                [36m&gt;[39m
                  [0mTümü[0m
                [36m&lt;/option&gt;[39m
                [36m&lt;option[39m
                  [33mvalue[39m=[32m&quot;true&quot;[39m
                [36m&gt;[39m
                  [0mBurslu[0m
                [36m&lt;/option&gt;[39m
                [36m&lt;option[39m
                  [33mvalue[39m=[32m&quot;false&quot;[39m
                [36m&gt;[39m
                  [0mBurssuz[0m
                [36m&lt;/option&gt;[39m
              [36m&lt;/select&gt;[39m
            [36m&lt;/div&gt;[39m
          [36m&lt;/div&gt;[39m
          [36m&lt;div[39m
            [33mclass[39m=[32m&quot;filter-actions&quot;[39m
          [36m&gt;[39m
            [36m&lt;button[39m
              [33mclass[39m=[32m&quot;btn-primary&quot;[39m
            [36m&gt;[39m
              [0mAra[0m
            [36m&lt;/button&gt;[39m
            [36m&lt;button[39m
              [33mclass[39m=[32m&quot;btn-secondary&quot;[39m
            [36m&gt;[39m
              [0mFiltreleri Temizle[0m
            [36m&lt;/button&gt;[39m
          [36m&lt;/div&gt;[39m
        [36m&lt;/div&gt;[39m
        [36m&lt;div[39m
          [33mclass[39m=[32m&quot;search-results&quot;[39m
        [36m&gt;[39m
          [36m&lt;div[39m
            [33mclass[39m=[32m&quot;results-header&quot;[39m
          [36m&gt;[39m
            [36m&lt;h3&gt;[39m
              [0m0[0m
              [0m Program Bulundu[0m
            [36m&lt;/h3&gt;[39m
          [36m&lt;/div&gt;[39m
          [36m&lt;div[39m
            [33mclass[39m=[32m&quot;empty-state&quot;[39m
          [36m&gt;[39m
            [0mFiltrelere uygun program bulunamadı[0m
          [36m&lt;/div&gt;[39m
        [36m&lt;/div&gt;[39m
      [36m&lt;/div&gt;[39m
    [36m&lt;/div&gt;[39m
  [36m&lt;/body&gt;[39m
[36m&lt;/html&gt;[39m" type="AssertionError">
AssertionError: expected &quot;spy&quot; to be called with arguments: [ Array(2) ]

Received: 

  1st spy call:

  [
-   &quot;Failed to load cities:&quot;,
-   Any&lt;Error&gt;,
+   &quot;Failed to search programs:&quot;,
+   Error {
+     &quot;message&quot;: &quot;Failed to load cities&quot;,
+   },
  ]


Number of calls: 1


Ignored nodes: comments, script, style
&lt;html&gt;
  &lt;head /&gt;
  &lt;body&gt;
    &lt;div&gt;
      &lt;div
        class=&quot;program-search&quot;
      &gt;
        &lt;div
          class=&quot;search-header&quot;
        &gt;
          &lt;h2&gt;
            Üniversite Programları Arama
          &lt;/h2&gt;
        &lt;/div&gt;
        &lt;div
          class=&quot;search-filters&quot;
        &gt;
          &lt;div
            class=&quot;filter-row&quot;
          &gt;
            &lt;div
              class=&quot;filter-group&quot;
            &gt;
              &lt;label
                for=&quot;year&quot;
              &gt;
                Yıl
              &lt;/label&gt;
              &lt;select
                id=&quot;year&quot;
              &gt;
                &lt;option
                  value=&quot;2024&quot;
                &gt;
                  2024
                &lt;/option&gt;
                &lt;option
                  value=&quot;2023&quot;
                &gt;
                  2023
                &lt;/option&gt;
                &lt;option
                  value=&quot;2022&quot;
                &gt;
                  2022
                &lt;/option&gt;
              &lt;/select&gt;
            &lt;/div&gt;
            &lt;div
              class=&quot;filter-group&quot;
            &gt;
              &lt;label
                for=&quot;scoreType&quot;
              &gt;
                Puan Türü
              &lt;/label&gt;
              &lt;select
                id=&quot;scoreType&quot;
              &gt;
                &lt;option
                  value=&quot;SAY&quot;
                &gt;
                  SAY (Sayısal)
                &lt;/option&gt;
                &lt;option
                  value=&quot;EA&quot;
                &gt;
                  EA (Eşit Ağırlık)
                &lt;/option&gt;
                &lt;option
                  value=&quot;SOZ&quot;
                &gt;
                  SÖZ (Sözel)
                &lt;/option&gt;
                &lt;option
                  value=&quot;DIL&quot;
                &gt;
                  DİL (Dil)
                &lt;/option&gt;
              &lt;/select&gt;
            &lt;/div&gt;
            &lt;div
              class=&quot;filter-group&quot;
            &gt;
              &lt;label
                for=&quot;minScore&quot;
              &gt;
                Min. Taban Puan
              &lt;/label&gt;
              &lt;input
                id=&quot;minScore&quot;
                placeholder=&quot;Örn: 300&quot;
                step=&quot;0.01&quot;
                type=&quot;number&quot;
                value=&quot;&quot;
              /&gt;
            &lt;/div&gt;
            &lt;div
              class=&quot;filter-group&quot;
            &gt;
              &lt;label
                for=&quot;maxScore&quot;
              &gt;
                Max. Taban Puan
              &lt;/label&gt;
              &lt;input
                id=&quot;maxScore&quot;
                placeholder=&quot;Örn: 500&quot;
                step=&quot;0.01&quot;
                type=&quot;number&quot;
                value=&quot;&quot;
              /&gt;
            &lt;/div&gt;
          &lt;/div&gt;
          &lt;div
            class=&quot;filter-row&quot;
          &gt;
            &lt;div
              class=&quot;filter-group&quot;
            &gt;
              &lt;label
                for=&quot;city&quot;
              &gt;
                Şehir
              &lt;/label&gt;
              &lt;select
                id=&quot;city&quot;
              &gt;
                &lt;option
                  value=&quot;&quot;
                &gt;
                  Tümü
                &lt;/option&gt;
              &lt;/select&gt;
            &lt;/div&gt;
            &lt;div
              class=&quot;filter-group&quot;
            &gt;
              &lt;label
                for=&quot;universityType&quot;
              &gt;
                Üniversite Türü
              &lt;/label&gt;
              &lt;select
                id=&quot;universityType&quot;
              &gt;
                &lt;option
                  value=&quot;&quot;
                &gt;
                  Tümü
                &lt;/option&gt;
                &lt;option
                  value=&quot;devlet&quot;
                &gt;
                  Devlet
                &lt;/option&gt;
                &lt;option
                  value=&quot;vakif&quot;
                &gt;
                  Vakıf
                &lt;/option&gt;
              &lt;/select&gt;
            &lt;/div&gt;
            &lt;div
              class=&quot;filter-group&quot;
            &gt;
              &lt;label
                for=&quot;departmentName&quot;
              &gt;
                Bölüm Adı
              &lt;/label&gt;
              &lt;input
                id=&quot;departmentName&quot;
                placeholder=&quot;Örn: Bilgisayar&quot;
                type=&quot;text&quot;
                value=&quot;&quot;
              /&gt;
            &lt;/div&gt;
            &lt;div
              class=&quot;filter-group&quot;
            &gt;
              &lt;label
                for=&quot;scholarship&quot;
              &gt;
                Burs
              &lt;/label&gt;
              &lt;select
                id=&quot;scholarship&quot;
              &gt;
                &lt;option
                  value=&quot;&quot;
                &gt;
                  Tümü
                &lt;/option&gt;
                &lt;option
                  value=&quot;true&quot;
                &gt;
                  Burslu
                &lt;/option&gt;
                &lt;option
                  value=&quot;false&quot;
                &gt;
                  Burssuz
                &lt;/option&gt;
              &lt;/select&gt;
            &lt;/div&gt;
          &lt;/div&gt;
          &lt;div
            class=&quot;filter-actions&quot;
          &gt;
            &lt;button
              class=&quot;btn-primary&quot;
            &gt;
              Ara
            &lt;/button&gt;
            &lt;button
              class=&quot;btn-secondary&quot;
            &gt;
              Filtreleri Temizle
            &lt;/button&gt;
          &lt;/div&gt;
        &lt;/div&gt;
        &lt;div
          class=&quot;search-results&quot;
        &gt;
          &lt;div
            class=&quot;results-header&quot;
          &gt;
            &lt;h3&gt;
              0
               Program Bulundu
            &lt;/h3&gt;
          &lt;/div&gt;
          &lt;div
            class=&quot;empty-state&quot;
          &gt;
            Filtrelere uygun program bulunamadı
          &lt;/div&gt;
        &lt;/div&gt;
      &lt;/div&gt;
    &lt;/div&gt;
  &lt;/body&gt;
&lt;/html&gt;
 ❯ src/components/UniversityAdvisory/__tests__/ProgramSearch.test.tsx:567:26
 ❯ runWithExpensiveErrorDiagnosticsDisabled node_modules/@testing-library/react/node_modules/@testing-library/dom/dist/config.js:47:12
 ❯ checkCallback node_modules/@testing-library/react/node_modules/@testing-library/dom/dist/wait-for.js:124:77
 ❯ Timeout.checkRealTimersCallback node_modules/@testing-library/react/node_modules/@testing-library/dom/dist/wait-for.js:118:16
            </failure>
        </testcase>
        <testcase classname="src/components/UniversityAdvisory/__tests__/ProgramSearch.test.tsx" name="ProgramSearch - Edge Cases &gt; handles missing score values" time="0.0651991">
        </testcase>
        <testcase classname="src/components/UniversityAdvisory/__tests__/ProgramSearch.test.tsx" name="ProgramSearch - Edge Cases &gt; handles missing quota values" time="1.0157397">
            <system-err>
Error: Uncaught [Error: Objects are not valid as a React child (found: object with keys {id, programName, universityName, departmentName, city, year, scoreType, baseScore, topScore, medianScore, totalQuota, filledQuota, acceptanceRate, scholarship, tuitionFee}). If you meant to render a collection of children, use an array instead.]
    at reportException (C:\Users\husey\kiro2\frontend\node_modules\jsdom\lib\jsdom\living\helpers\runtime-script-errors.js:66:24)
    at innerInvokeEventListeners (C:\Users\husey\kiro2\frontend\node_modules\jsdom\lib\jsdom\living\events\EventTarget-impl.js:353:9)
    at invokeEventListeners (C:\Users\husey\kiro2\frontend\node_modules\jsdom\lib\jsdom\living\events\EventTarget-impl.js:286:3)
    at HTMLUnknownElementImpl._dispatch (C:\Users\husey\kiro2\frontend\node_modules\jsdom\lib\jsdom\living\events\EventTarget-impl.js:233:9)
    at HTMLUnknownElementImpl.dispatchEvent (C:\Users\husey\kiro2\frontend\node_modules\jsdom\lib\jsdom\living\events\EventTarget-impl.js:104:17)
    at HTMLUnknownElement.dispatchEvent (C:\Users\husey\kiro2\frontend\node_modules\jsdom\lib\jsdom\living\generated\EventTarget.js:241:34)
    at Object.invokeGuardedCallbackDev (C:\Users\husey\kiro2\frontend\node_modules\react-dom\cjs\react-dom.development.js:4213:16)
    at invokeGuardedCallback (C:\Users\husey\kiro2\frontend\node_modules\react-dom\cjs\react-dom.development.js:4277:31)
    at beginWork$1 (C:\Users\husey\kiro2\frontend\node_modules\react-dom\cjs\react-dom.development.js:27490:7)
    at performUnitOfWork (C:\Users\husey\kiro2\frontend\node_modules\react-dom\cjs\react-dom.development.js:26599:12) Error: Objects are not valid as a React child (found: object with keys {id, programName, universityName, departmentName, city, year, scoreType, baseScore, topScore, medianScore, totalQuota, filledQuota, acceptanceRate, scholarship, tuitionFee}). If you meant to render a collection of children, use an array instead.
    at throwOnInvalidObjectType [90m(C:\Users\husey\kiro2\frontend\[39mnode_modules\[4mreact-dom[24m\cjs\react-dom.development.js:13123:9[90m)[39m
    at reconcileChildFibers [90m(C:\Users\husey\kiro2\frontend\[39mnode_modules\[4mreact-dom[24m\cjs\react-dom.development.js:14064:7[90m)[39m
    at reconcileChildren [90m(C:\Users\husey\kiro2\frontend\[39mnode_modules\[4mreact-dom[24m\cjs\react-dom.development.js:19186:28[90m)[39m
    at updateHostComponent [90m(C:\Users\husey\kiro2\frontend\[39mnode_modules\[4mreact-dom[24m\cjs\react-dom.development.js:19953:3[90m)[39m
    at beginWork [90m(C:\Users\husey\kiro2\frontend\[39mnode_modules\[4mreact-dom[24m\cjs\react-dom.development.js:21657:14[90m)[39m
    at HTMLUnknownElement.callCallback [90m(C:\Users\husey\kiro2\frontend\[39mnode_modules\[4mreact-dom[24m\cjs\react-dom.development.js:4164:14[90m)[39m
    at HTMLUnknownElement.callTheUserObjectsOperation [90m(C:\Users\husey\kiro2\frontend\[39mnode_modules\[4mjsdom[24m\lib\jsdom\living\generated\EventListener.js:26:30[90m)[39m
    at innerInvokeEventListeners [90m(C:\Users\husey\kiro2\frontend\[39mnode_modules\[4mjsdom[24m\lib\jsdom\living\events\EventTarget-impl.js:350:25[90m)[39m
    at invokeEventListeners [90m(C:\Users\husey\kiro2\frontend\[39mnode_modules\[4mjsdom[24m\lib\jsdom\living\events\EventTarget-impl.js:286:3[90m)[39m
    at HTMLUnknownElementImpl._dispatch [90m(C:\Users\husey\kiro2\frontend\[39mnode_modules\[4mjsdom[24m\lib\jsdom\living\events\EventTarget-impl.js:233:9[90m)[39m
Error: Uncaught [Error: Objects are not valid as a React child (found: object with keys {id, programName, universityName, departmentName, city, year, scoreType, baseScore, topScore, medianScore, totalQuota, filledQuota, acceptanceRate, scholarship, tuitionFee}). If you meant to render a collection of children, use an array instead.]
    at reportException (C:\Users\husey\kiro2\frontend\node_modules\jsdom\lib\jsdom\living\helpers\runtime-script-errors.js:66:24)
    at innerInvokeEventListeners (C:\Users\husey\kiro2\frontend\node_modules\jsdom\lib\jsdom\living\events\EventTarget-impl.js:353:9)
    at invokeEventListeners (C:\Users\husey\kiro2\frontend\node_modules\jsdom\lib\jsdom\living\events\EventTarget-impl.js:286:3)
    at HTMLUnknownElementImpl._dispatch (C:\Users\husey\kiro2\frontend\node_modules\jsdom\lib\jsdom\living\events\EventTarget-impl.js:233:9)
    at HTMLUnknownElementImpl.dispatchEvent (C:\Users\husey\kiro2\frontend\node_modules\jsdom\lib\jsdom\living\events\EventTarget-impl.js:104:17)
    at HTMLUnknownElement.dispatchEvent (C:\Users\husey\kiro2\frontend\node_modules\jsdom\lib\jsdom\living\generated\EventTarget.js:241:34)
    at Object.invokeGuardedCallbackDev (C:\Users\husey\kiro2\frontend\node_modules\react-dom\cjs\react-dom.development.js:4213:16)
    at invokeGuardedCallback (C:\Users\husey\kiro2\frontend\node_modules\react-dom\cjs\react-dom.development.js:4277:31)
    at beginWork$1 (C:\Users\husey\kiro2\frontend\node_modules\react-dom\cjs\react-dom.development.js:27490:7)
    at performUnitOfWork (C:\Users\husey\kiro2\frontend\node_modules\react-dom\cjs\react-dom.development.js:26599:12) Error: Objects are not valid as a React child (found: object with keys {id, programName, universityName, departmentName, city, year, scoreType, baseScore, topScore, medianScore, totalQuota, filledQuota, acceptanceRate, scholarship, tuitionFee}). If you meant to render a collection of children, use an array instead.
    at throwOnInvalidObjectType [90m(C:\Users\husey\kiro2\frontend\[39mnode_modules\[4mreact-dom[24m\cjs\react-dom.development.js:13123:9[90m)[39m
    at reconcileChildFibers [90m(C:\Users\husey\kiro2\frontend\[39mnode_modules\[4mreact-dom[24m\cjs\react-dom.development.js:14064:7[90m)[39m
    at reconcileChildren [90m(C:\Users\husey\kiro2\frontend\[39mnode_modules\[4mreact-dom[24m\cjs\react-dom.development.js:19186:28[90m)[39m
    at updateHostComponent [90m(C:\Users\husey\kiro2\frontend\[39mnode_modules\[4mreact-dom[24m\cjs\react-dom.development.js:19953:3[90m)[39m
    at beginWork [90m(C:\Users\husey\kiro2\frontend\[39mnode_modules\[4mreact-dom[24m\cjs\react-dom.development.js:21657:14[90m)[39m
    at HTMLUnknownElement.callCallback [90m(C:\Users\husey\kiro2\frontend\[39mnode_modules\[4mreact-dom[24m\cjs\react-dom.development.js:4164:14[90m)[39m
    at HTMLUnknownElement.callTheUserObjectsOperation [90m(C:\Users\husey\kiro2\frontend\[39mnode_modules\[4mjsdom[24m\lib\jsdom\living\generated\EventListener.js:26:30[90m)[39m
    at innerInvokeEventListeners [90m(C:\Users\husey\kiro2\frontend\[39mnode_modules\[4mjsdom[24m\lib\jsdom\living\events\EventTarget-impl.js:350:25[90m)[39m
    at invokeEventListeners [90m(C:\Users\husey\kiro2\frontend\[39mnode_modules\[4mjsdom[24m\lib\jsdom\living\events\EventTarget-impl.js:286:3[90m)[39m
    at HTMLUnknownElementImpl._dispatch [90m(C:\Users\husey\kiro2\frontend\[39mnode_modules\[4mjsdom[24m\lib\jsdom\living\events\EventTarget-impl.js:233:9[90m)[39m

            </system-err>
            <failure message="Unable to find an element with the text: N/A. This could be because the text is broken up by multiple elements. In this case, you can provide a function for your text matcher to make your matcher more flexible.

Ignored nodes: comments, script, style
[36m&lt;body&gt;[39m
  [36m&lt;div /&gt;[39m
[36m&lt;/body&gt;[39m

Ignored nodes: comments, script, style
[36m&lt;html&gt;[39m
  [36m&lt;head /&gt;[39m
  [36m&lt;body&gt;[39m
    [36m&lt;div /&gt;[39m
  [36m&lt;/body&gt;[39m
[36m&lt;/html&gt;[39m" type="TestingLibraryElementError">
TestingLibraryElementError: Unable to find an element with the text: N/A. This could be because the text is broken up by multiple elements. In this case, you can provide a function for your text matcher to make your matcher more flexible.

Ignored nodes: comments, script, style
&lt;body&gt;
  &lt;div /&gt;
&lt;/body&gt;

Ignored nodes: comments, script, style
&lt;html&gt;
  &lt;head /&gt;
  &lt;body&gt;
    &lt;div /&gt;
  &lt;/body&gt;
&lt;/html&gt;
 ❯ waitForWrapper node_modules/@testing-library/react/node_modules/@testing-library/dom/dist/wait-for.js:163:27
 ❯ src/components/UniversityAdvisory/__tests__/ProgramSearch.test.tsx:610:11
            </failure>
        </testcase>
        <testcase classname="src/components/UniversityAdvisory/__tests__/ProgramSearch.test.tsx" name="ProgramSearch - Edge Cases &gt; does not display tuition fee when null" time="0.0306609">
            <system-err>
Error: Uncaught [Error: Objects are not valid as a React child (found: object with keys {id, programName, universityName, departmentName, city, year, scoreType, baseScore, topScore, medianScore, totalQuota, filledQuota, acceptanceRate, scholarship, tuitionFee}). If you meant to render a collection of children, use an array instead.]
    at reportException (C:\Users\husey\kiro2\frontend\node_modules\jsdom\lib\jsdom\living\helpers\runtime-script-errors.js:66:24)
    at innerInvokeEventListeners (C:\Users\husey\kiro2\frontend\node_modules\jsdom\lib\jsdom\living\events\EventTarget-impl.js:353:9)
    at invokeEventListeners (C:\Users\husey\kiro2\frontend\node_modules\jsdom\lib\jsdom\living\events\EventTarget-impl.js:286:3)
    at HTMLUnknownElementImpl._dispatch (C:\Users\husey\kiro2\frontend\node_modules\jsdom\lib\jsdom\living\events\EventTarget-impl.js:233:9)
    at HTMLUnknownElementImpl.dispatchEvent (C:\Users\husey\kiro2\frontend\node_modules\jsdom\lib\jsdom\living\events\EventTarget-impl.js:104:17)
    at HTMLUnknownElement.dispatchEvent (C:\Users\husey\kiro2\frontend\node_modules\jsdom\lib\jsdom\living\generated\EventTarget.js:241:34)
    at Object.invokeGuardedCallbackDev (C:\Users\husey\kiro2\frontend\node_modules\react-dom\cjs\react-dom.development.js:4213:16)
    at invokeGuardedCallback (C:\Users\husey\kiro2\frontend\node_modules\react-dom\cjs\react-dom.development.js:4277:31)
    at beginWork$1 (C:\Users\husey\kiro2\frontend\node_modules\react-dom\cjs\react-dom.development.js:27490:7)
    at performUnitOfWork (C:\Users\husey\kiro2\frontend\node_modules\react-dom\cjs\react-dom.development.js:26599:12) Error: Objects are not valid as a React child (found: object with keys {id, programName, universityName, departmentName, city, year, scoreType, baseScore, topScore, medianScore, totalQuota, filledQuota, acceptanceRate, scholarship, tuitionFee}). If you meant to render a collection of children, use an array instead.
    at throwOnInvalidObjectType [90m(C:\Users\husey\kiro2\frontend\[39mnode_modules\[4mreact-dom[24m\cjs\react-dom.development.js:13123:9[90m)[39m
    at reconcileChildFibers [90m(C:\Users\husey\kiro2\frontend\[39mnode_modules\[4mreact-dom[24m\cjs\react-dom.development.js:14064:7[90m)[39m
    at reconcileChildren [90m(C:\Users\husey\kiro2\frontend\[39mnode_modules\[4mreact-dom[24m\cjs\react-dom.development.js:19186:28[90m)[39m
    at updateHostComponent [90m(C:\Users\husey\kiro2\frontend\[39mnode_modules\[4mreact-dom[24m\cjs\react-dom.development.js:19953:3[90m)[39m
    at beginWork [90m(C:\Users\husey\kiro2\frontend\[39mnode_modules\[4mreact-dom[24m\cjs\react-dom.development.js:21657:14[90m)[39m
    at HTMLUnknownElement.callCallback [90m(C:\Users\husey\kiro2\frontend\[39mnode_modules\[4mreact-dom[24m\cjs\react-dom.development.js:4164:14[90m)[39m
    at HTMLUnknownElement.callTheUserObjectsOperation [90m(C:\Users\husey\kiro2\frontend\[39mnode_modules\[4mjsdom[24m\lib\jsdom\living\generated\EventListener.js:26:30[90m)[39m
    at innerInvokeEventListeners [90m(C:\Users\husey\kiro2\frontend\[39mnode_modules\[4mjsdom[24m\lib\jsdom\living\events\EventTarget-impl.js:350:25[90m)[39m
    at invokeEventListeners [90m(C:\Users\husey\kiro2\frontend\[39mnode_modules\[4mjsdom[24m\lib\jsdom\living\events\EventTarget-impl.js:286:3[90m)[39m
    at HTMLUnknownElementImpl._dispatch [90m(C:\Users\husey\kiro2\frontend\[39mnode_modules\[4mjsdom[24m\lib\jsdom\living\events\EventTarget-impl.js:233:9[90m)[39m
Error: Uncaught [Error: Objects are not valid as a React child (found: object with keys {id, programName, universityName, departmentName, city, year, scoreType, baseScore, topScore, medianScore, totalQuota, filledQuota, acceptanceRate, scholarship, tuitionFee}). If you meant to render a collection of children, use an array instead.]
    at reportException (C:\Users\husey\kiro2\frontend\node_modules\jsdom\lib\jsdom\living\helpers\runtime-script-errors.js:66:24)
    at innerInvokeEventListeners (C:\Users\husey\kiro2\frontend\node_modules\jsdom\lib\jsdom\living\events\EventTarget-impl.js:353:9)
    at invokeEventListeners (C:\Users\husey\kiro2\frontend\node_modules\jsdom\lib\jsdom\living\events\EventTarget-impl.js:286:3)
    at HTMLUnknownElementImpl._dispatch (C:\Users\husey\kiro2\frontend\node_modules\jsdom\lib\jsdom\living\events\EventTarget-impl.js:233:9)
    at HTMLUnknownElementImpl.dispatchEvent (C:\Users\husey\kiro2\frontend\node_modules\jsdom\lib\jsdom\living\events\EventTarget-impl.js:104:17)
    at HTMLUnknownElement.dispatchEvent (C:\Users\husey\kiro2\frontend\node_modules\jsdom\lib\jsdom\living\generated\EventTarget.js:241:34)
    at Object.invokeGuardedCallbackDev (C:\Users\husey\kiro2\frontend\node_modules\react-dom\cjs\react-dom.development.js:4213:16)
    at invokeGuardedCallback (C:\Users\husey\kiro2\frontend\node_modules\react-dom\cjs\react-dom.development.js:4277:31)
    at beginWork$1 (C:\Users\husey\kiro2\frontend\node_modules\react-dom\cjs\react-dom.development.js:27490:7)
    at performUnitOfWork (C:\Users\husey\kiro2\frontend\node_modules\react-dom\cjs\react-dom.development.js:26599:12) Error: Objects are not valid as a React child (found: object with keys {id, programName, universityName, departmentName, city, year, scoreType, baseScore, topScore, medianScore, totalQuota, filledQuota, acceptanceRate, scholarship, tuitionFee}). If you meant to render a collection of children, use an array instead.
    at throwOnInvalidObjectType [90m(C:\Users\husey\kiro2\frontend\[39mnode_modules\[4mreact-dom[24m\cjs\react-dom.development.js:13123:9[90m)[39m
    at reconcileChildFibers [90m(C:\Users\husey\kiro2\frontend\[39mnode_modules\[4mreact-dom[24m\cjs\react-dom.development.js:14064:7[90m)[39m
    at reconcileChildren [90m(C:\Users\husey\kiro2\frontend\[39mnode_modules\[4mreact-dom[24m\cjs\react-dom.development.js:19186:28[90m)[39m
    at updateHostComponent [90m(C:\Users\husey\kiro2\frontend\[39mnode_modules\[4mreact-dom[24m\cjs\react-dom.development.js:19953:3[90m)[39m
    at beginWork [90m(C:\Users\husey\kiro2\frontend\[39mnode_modules\[4mreact-dom[24m\cjs\react-dom.development.js:21657:14[90m)[39m
    at HTMLUnknownElement.callCallback [90m(C:\Users\husey\kiro2\frontend\[39mnode_modules\[4mreact-dom[24m\cjs\react-dom.development.js:4164:14[90m)[39m
    at HTMLUnknownElement.callTheUserObjectsOperation [90m(C:\Users\husey\kiro2\frontend\[39mnode_modules\[4mjsdom[24m\lib\jsdom\living\generated\EventListener.js:26:30[90m)[39m
    at innerInvokeEventListeners [90m(C:\Users\husey\kiro2\frontend\[39mnode_modules\[4mjsdom[24m\lib\jsdom\living\events\EventTarget-impl.js:350:25[90m)[39m
    at invokeEventListeners [90m(C:\Users\husey\kiro2\frontend\[39mnode_modules\[4mjsdom[24m\lib\jsdom\living\events\EventTarget-impl.js:286:3[90m)[39m
    at HTMLUnknownElementImpl._dispatch [90m(C:\Users\husey\kiro2\frontend\[39mnode_modules\[4mjsdom[24m\lib\jsdom\living\events\EventTarget-impl.js:233:9[90m)[39m

            </system-err>
        </testcase>
    </testsuite>
    <testsuite name="src/components/TeacherPool/__tests__/TeacherPool.test.tsx" timestamp="2025-11-14T16:56:52.929Z" hostname="ates" tests="36" failures="29" errors="0" skipped="0" time="28.3845267">
        <testcase classname="src/components/TeacherPool/__tests__/TeacherPool.test.tsx" name="TeacherPool - Rendering &gt; renders search interface" time="0.1962854">
        </testcase>
        <testcase classname="src/components/TeacherPool/__tests__/TeacherPool.test.tsx" name="TeacherPool - Rendering &gt; displays search filters" time="1.0909085">
            <failure message="Found a label with the text of: /Ders/i, however no form control was found associated to that label. Make sure you&apos;re using the &quot;for&quot; attribute or &quot;aria-labelledby&quot; attribute correctly.

Ignored nodes: comments, script, style
[36m&lt;body&gt;[39m
  [36m&lt;div&gt;[39m
    [36m&lt;div[39m
      [33mclass[39m=[32m&quot;teacher-pool&quot;[39m
    [36m&gt;[39m
      [36m&lt;div[39m
        [33mclass[39m=[32m&quot;teacher-pool-header&quot;[39m
      [36m&gt;[39m
        [36m&lt;h1&gt;[39m
          [0mÖğretmen Havuzu[0m
        [36m&lt;/h1&gt;[39m
        [36m&lt;div[39m
          [33mclass[39m=[32m&quot;view-tabs&quot;[39m
        [36m&gt;[39m
          [36m&lt;button[39m
            [33mclass[39m=[32m&quot;active&quot;[39m
          [36m&gt;[39m
            [0mÖğretmen Ara[0m
          [36m&lt;/button&gt;[39m
          [36m&lt;button[39m
            [33mclass[39m=[32m&quot;&quot;[39m
          [36m&gt;[39m
            [0mRandevularım[0m
          [36m&lt;/button&gt;[39m
        [36m&lt;/div&gt;[39m
      [36m&lt;/div&gt;[39m
      [36m&lt;div[39m
        [33mclass[39m=[32m&quot;search-view&quot;[39m
      [36m&gt;[39m
        [36m&lt;div[39m
          [33mclass[39m=[32m&quot;search-filters&quot;[39m
        [36m&gt;[39m
          [36m&lt;h3&gt;[39m
            [0mFiltreler[0m
          [36m&lt;/h3&gt;[39m
          [36m&lt;div[39m
            [33mclass[39m=[32m&quot;filter-group&quot;[39m
          [36m&gt;[39m
            [36m&lt;label&gt;[39m
              [0mDers:[0m
            [36m&lt;/label&gt;[39m
            [36m&lt;select&gt;[39m
              [36m&lt;option[39m
                [33mvalue[39m=[32m&quot;&quot;[39m
              [36m&gt;[39m
                [0mTümü[0m
              [36m&lt;/option&gt;[39m
              [36m&lt;option[39m
                [33mvalue[39m=[32m&quot;mathematics&quot;[39m
              [36m&gt;[39m
                [0mMatematik[0m
              [36m&lt;/option&gt;[39m
              [36m&lt;option[39m
                [33mvalue[39m=[32m&quot;physics&quot;[39m
              [36m&gt;[39m
                [0mFizik[0m
              [36m&lt;/option&gt;[39m
              [36m&lt;option[39m
                [33mvalue[39m=[32m&quot;chemistry&quot;[39m
              [36m&gt;[39m
                [0mKimya[0m
              [36m&lt;/option&gt;[39m
              [36m&lt;option[39m
                [33mvalue[39m=[32m&quot;biology&quot;[39m
              [36m&gt;[39m
                [0mBiyoloji[0m
              [36m&lt;/option&gt;[39m
              [36m&lt;option[39m
                [33mvalue[39m=[32m&quot;turkish&quot;[39m
              [36m&gt;[39m
                [0mTürkçe[0m
              [36m&lt;/option&gt;[39m
              [36m&lt;option[39m
                [33mvalue[39m=[32m&quot;history&quot;[39m
              [36m&gt;[39m
                [0mTarih[0m
              [36m&lt;/option&gt;[39m
              [36m&lt;option[39m
                [33mvalue[39m=[32m&quot;geography&quot;[39m
              [36m&gt;[39m
                [0mCoğrafya[0m
              [36m&lt;/option&gt;[39m
              [36m&lt;option[39m
                [33mvalue[39m=[32m&quot;english&quot;[39m
              [36m&gt;[39m
                [0mİngilizce[0m
              [36m&lt;/option&gt;[39m
            [36m&lt;/select&gt;[39m
          [36m&lt;/div&gt;[39m
          [36m&lt;div[39m
            [33mclass[39m=[32m&quot;filter-group&quot;[39m
          [36m&gt;[39m
            [36m&lt;label&gt;[39m
              [0mŞehir:[0m
            [36m&lt;/label&gt;[39m
            [36m&lt;input[39m
              [33mplaceholder[39m=[32m&quot;İstanbul, Ankara...&quot;[39m
              [33mtype[39m=[32m&quot;text&quot;[39m
              [33mvalue[39m=[32m&quot;&quot;[39m
            [36m/&gt;[39m
          [36m&lt;/div&gt;[39m
          [36m&lt;div[39m
            [33mclass[39m=[32m&quot;filter-group&quot;[39m
          [36m&gt;[39m
            [36m&lt;label&gt;[39m
              [0mMinimum Puan:[0m
            [36m&lt;/label&gt;[39m
            [36m&lt;input[39m
              [33mmax[39m=[32m&quot;5&quot;[39m
              [33mmin[39m=[32m&quot;0&quot;[39m
              [33mstep[39m=[32m&quot;0.5&quot;[39m
              [33mtype[39m=[32m&quot;number&quot;[39m
              [33mvalue[39m=[32m&quot;0&quot;[39m
            [36m/&gt;[39m
          [36m&lt;/div&gt;[39m
          [36m&lt;div[39m
            [33mclass[39m=[32m&quot;filter-group&quot;[39m
          [36m&gt;[39m
            [36m&lt;label&gt;[39m
              [0mMax Ücret (₺/saat):[0m
            [36m&lt;/label&gt;[39m
            [36m&lt;input[39m
              [33mmin[39m=[32m&quot;0&quot;[39m
              [33mtype[39m=[32m&quot;number&quot;[39m
              [33mvalue[39m=[32m&quot;0&quot;[39m
            [36m/&gt;[39m
          [36m&lt;/div&gt;[39m
          [36m&lt;div[39m
            [33mclass[39m=[32m&quot;filter-group checkbox&quot;[39m
          [36m&gt;[39m
            [36m&lt;label&gt;[39m
              [36m&lt;input[39m
                [33mtype[39m=[32m&quot;checkbox&quot;[39m
              [36m/&gt;[39m
              [0mSadece Online[0m
            [36m&lt;/label&gt;[39m
          [36m&lt;/div&gt;[39m
          [36m&lt;button[39m
            [33mclass[39m=[32m&quot;btn-search&quot;[39m
          [36m&gt;[39m
            [0mAra[0m
          [36m&lt;/button&gt;[39m
        [36m&lt;/div&gt;[39m
        [36m&lt;div[39m
          [33mclass[39m=[32m&quot;teacher-list&quot;[39m
        [36m&gt;[39m
          [36m&lt;div[39m
            [33mclass[39m=[32m&quot;teacher-card&quot;[39m
          [36m&gt;[39m
            [36m&lt;div[39m
              [33mclass[39m=[32m&quot;teacher-avatar&quot;[39m
            [36m&gt;[39m
              [36m&lt;div[39m
                [33mclass[39m=[32m&quot;avatar-placeholder&quot;[39m
              [36m&gt;[39m
                [0mD[0m
              [36m&lt;/div&gt;[39m
            [36m&lt;/div&gt;[39m
            [36m&lt;div[39m
              [33mclass[39m=[32m&quot;teacher-info&quot;[39m
            [36m&gt;[39m
              [36m&lt;h3&gt;[39m
                [0mDr. Ahmet Yılmaz[0m
              [36m&lt;/h3&gt;[39m
              [36m&lt;p[39m
                [33mclass[39m=[32m&quot;teacher-title&quot;[39m
              [36m&gt;[39m
                [0mDoktor[0m
              [36m&lt;/p&gt;[39m
              [36m&lt;p[39m
                [33mclass[39m=[32m&quot;teacher-bio&quot;[39m
              [36m&gt;[39m
                [0mMatematik eğitimi uzmanı[0m
                [0m...[0m
              [36m&lt;/p&gt;[39m
              [36m&lt;div[39m
                [33mclass[39m=[32m&quot;teacher-meta&quot;[39m
              [36m&gt;[39m
                [36m&lt;span[39m
                  [33mclass[39m=[32m&quot;rating&quot;[39m
                [36m&gt;[39m
                  [0m⭐ [0m
                  [0m4.8[0m
                  [0m ([0m
                  [0m120[0m
                  [0m)[0m
                [36m&lt;/span&gt;[39m
                [36m&lt;span[39m
                  [33mclass[39m=[32m&quot;experience&quot;[39m
                [36m&gt;[39m
                  [0m15[0m
                  [0m yıl[0m
                [36m&lt;/span&gt;[39m
                [36m&lt;span[39m
                  [33mclass[39m=[32m&quot;location&quot;[39m
                [36m&gt;[39m
                  [0m📍 [0m
                  [0mİstanbul[0m
                [36m&lt;/span&gt;[39m
              [36m&lt;/div&gt;[39m
              [36m&lt;div[39m
                [33mclass[39m=[32m&quot;teacher-rate&quot;[39m
              [36m&gt;[39m
                [36m&lt;strong&gt;[39m
                  [0m300[0m
                  [0m [0m
                  [0mTRY[0m
                [36m&lt;/strong&gt;[39m
                [0m / saat[0m
              [36m&lt;/div&gt;[39m
            [36m&lt;/div&gt;[39m
          [36m&lt;/div&gt;[39m
          [36m&lt;div[39m
            [33mclass[39m=[32m&quot;teacher-card&quot;[39m
          [36m&gt;[39m
            [36m&lt;div[39m
              [33mclass[39m=[32m&quot;teacher-avatar&quot;[39m
            [36m&gt;[39m
              [36m&lt;div[39m
                [33mclass[39m=[32m&quot;avatar-placeholder&quot;[39m
              [36m&gt;[39m
                [0mP[0m
              [36m&lt;/div&gt;[39m
            [36m&lt;/div&gt;[39m
            [36m&lt;div[39m
              [33mclass[39m=[32m&quot;teacher-info&quot;[39m
            [36m&gt;[39m
              [36m&lt;h3&gt;[39m
                [0mProf. Ayşe Demir[0m
              [36m&lt;/h3&gt;[39m
              [36m&lt;p[39m
                [33mclass[39m=[32m&quot;teacher-title&quot;[39m
              [36m&gt;[39m
                [0mProfesör[0m
              [36m&lt;/p&gt;[39m
              [36m&lt;p[39m
                [33mclass[39m=[32m&quot;teacher-bio&quot;[39m
              [36m&gt;[39m
                [0mFizik eğitimi[0m
                [0m...[0m
              [36m&lt;/p&gt;[39m
              [36m&lt;div[39m
                [33mclass[39m=[32m&quot;teacher-meta&quot;[39m
              [36m&gt;[39m
                [36m&lt;span[39m
                  [33mclass[39m=[32m&quot;rating&quot;[39m
                [36m&gt;[39m
                  [0m⭐ [0m
                  [0m4.9[0m
                  [0m ([0m
                  [0m200[0m
                  [0m)[0m
                [36m&lt;/span&gt;[39m
                [36m&lt;span[39m
                  [33mclass[39m=[32m&quot;experience&quot;[39m
                [36m&gt;[39m
                  [0m20[0m
                  [0m yıl[0m
                [36m&lt;/span&gt;[39m
                [36m&lt;span[39m
                  [33mclass[39m=[32m&quot;location&quot;[39m
                [36m&gt;[39m
                  [0m📍 [0m
                  [0mAnkara[0m
                [36m&lt;/span&gt;[39m
              [36m&lt;/div&gt;[39m
              [36m&lt;div[39m
                [33mclass[39m=[32m&quot;teacher-rate&quot;[39m
              [36m&gt;[39m
                [36m&lt;strong&gt;[39m
                  [0m350[0m
                  [0m [0m
                  [0mTRY[0m
                [36m&lt;/strong&gt;[39m
                [0m / saat[0m
              [36m&lt;/div&gt;[39m
            [36m&lt;/div&gt;[39m
          [36m&lt;/div&gt;[39m
        [36m&lt;/div&gt;[39m
      [36m&lt;/div&gt;[39m
    [36m&lt;/div&gt;[39m
  [36m&lt;/div&gt;[39m
[36m&lt;/body&gt;[39m

Ignored nodes: comments, script, style
[36m&lt;html&gt;[39m
  [36m&lt;head /&gt;[39m
  [36m&lt;body&gt;[39m
    [36m&lt;div&gt;[39m
      [36m&lt;div[39m
        [33mclass[39m=[32m&quot;teacher-pool&quot;[39m
      [36m&gt;[39m
        [36m&lt;div[39m
          [33mclass[39m=[32m&quot;teacher-pool-header&quot;[39m
        [36m&gt;[39m
          [36m&lt;h1&gt;[39m
            [0mÖğretmen Havuzu[0m
          [36m&lt;/h1&gt;[39m
          [36m&lt;div[39m
            [33mclass[39m=[32m&quot;view-tabs&quot;[39m
          [36m&gt;[39m
            [36m&lt;button[39m
              [33mclass[39m=[32m&quot;active&quot;[39m
            [36m&gt;[39m
              [0mÖğretmen Ara[0m
            [36m&lt;/button&gt;[39m
            [36m&lt;button[39m
              [33mclass[39m=[32m&quot;&quot;[39m
            [36m&gt;[39m
              [0mRandevularım[0m
            [36m&lt;/button&gt;[39m
          [36m&lt;/div&gt;[39m
        [36m&lt;/div&gt;[39m
        [36m&lt;div[39m
          [33mclass[39m=[32m&quot;search-view&quot;[39m
        [36m&gt;[39m
          [36m&lt;div[39m
            [33mclass[39m=[32m&quot;search-filters&quot;[39m
          [36m&gt;[39m
            [36m&lt;h3&gt;[39m
              [0mFiltreler[0m
            [36m&lt;/h3&gt;[39m
            [36m&lt;div[39m
              [33mclass[39m=[32m&quot;filter-group&quot;[39m
            [36m&gt;[39m
              [36m&lt;label&gt;[39m
                [0mDers:[0m
              [36m&lt;/label&gt;[39m
              [36m&lt;select&gt;[39m
                [36m&lt;option[39m
                  [33mvalue[39m=[32m&quot;&quot;[39m
                [36m&gt;[39m
                  [0mTümü[0m
                [36m&lt;/option&gt;[39m
                [36m&lt;option[39m
                  [33mvalue[39m=[32m&quot;mathematics&quot;[39m
                [36m&gt;[39m
                  [0mMatematik[0m
                [36m&lt;/option&gt;[39m
                [36m&lt;option[39m
                  [33mvalue[39m=[32m&quot;physics&quot;[39m
                [36m&gt;[39m
                  [0mFizik[0m
                [36m&lt;/option&gt;[39m
                [36m&lt;option[39m
                  [33mvalue[39m=[32m&quot;chemistry&quot;[39m
                [36m&gt;[39m
                  [0mKimya[0m
                [36m&lt;/option&gt;[39m
                [36m&lt;option[39m
                  [33mvalue[39m=[32m&quot;biology&quot;[39m
                [36m&gt;[39m
                  [0mBiyoloji[0m
                [36m&lt;/option&gt;[39m
                [36m&lt;option[39m
                  [33mvalue[39m=[32m&quot;turkish&quot;[39m
                [36m&gt;[39m
                  [0mTürkçe[0m
                [36m&lt;/option&gt;[39m
                [36m&lt;option[39m
                  [33mvalue[39m=[32m&quot;history&quot;[39m
                [36m&gt;[39m
                  [0mTarih[0m
                [36m&lt;/option&gt;[39m
                [36m&lt;option[39m
                  [33mvalue[39m=[32m&quot;geography&quot;[39m
                [36m&gt;[39m
                  [0mCoğrafya[0m
                [36m&lt;/option&gt;[39m
                [36m&lt;option[39m
                  [33mvalue[39m=[32m&quot;english&quot;[39m
                [36m&gt;[39m
                  [0mİngilizce[0m
                [36m&lt;/option&gt;[39m
              [36m&lt;/select&gt;[39m
            [36m&lt;/div&gt;[39m
            [36m&lt;div[39m
              [33mclass[39m=[32m&quot;filter-group&quot;[39m
            [36m&gt;[39m
              [36m&lt;label&gt;[39m
                [0mŞehir:[0m
              [36m&lt;/label&gt;[39m
              [36m&lt;input[39m
                [33mplaceholder[39m=[32m&quot;İstanbul, Ankara...&quot;[39m
                [33mtype[39m=[32m&quot;text&quot;[39m
                [33mvalue[39m=[32m&quot;&quot;[39m
              [36m/&gt;[39m
            [36m&lt;/div&gt;[39m
            [36m&lt;div[39m
              [33mclass[39m=[32m&quot;filter-group&quot;[39m
            [36m&gt;[39m
              [36m&lt;label&gt;[39m
                [0mMinimum Puan:[0m
              [36m&lt;/label&gt;[39m
              [36m&lt;input[39m
                [33mmax[39m=[32m&quot;5&quot;[39m
                [33mmin[39m=[32m&quot;0&quot;[39m
                [33mstep[39m=[32m&quot;0.5&quot;[39m
                [33mtype[39m=[32m&quot;number&quot;[39m
                [33mvalue[39m=[32m&quot;0&quot;[39m
              [36m/&gt;[39m
            [36m&lt;/div&gt;[39m
            [36m&lt;div[39m
              [33mclass[39m=[32m&quot;filter-group&quot;[39m
            [36m&gt;[39m
              [36m&lt;label&gt;[39m
                [0mMax Ücret (₺/saat):[0m
              [36m&lt;/label&gt;[39m
              [36m&lt;input[39m
                [33mmin[39m=[32m&quot;0&quot;[39m
                [33mtype[39m=[32m&quot;number&quot;[39m
                [33mvalue[39m=[32m&quot;0&quot;[39m
              [36m/&gt;[39m
            [36m&lt;/div&gt;[39m
            [36m&lt;div[39m
              [33mclass[39m=[32m&quot;filter-group checkbox&quot;[39m
            [36m&gt;[39m
              [36m&lt;label&gt;[39m
                [36m&lt;input[39m
                  [33mtype[39m=[32m&quot;checkbox&quot;[39m
                [36m/&gt;[39m
                [0mSadece Online[0m
              [36m&lt;/label&gt;[39m
            [36m&lt;/div&gt;[39m
            [36m&lt;button[39m
              [33mclass[39m=[32m&quot;btn-search&quot;[39m
            [36m&gt;[39m
              [0mAra[0m
            [36m&lt;/button&gt;[39m
          [36m&lt;/div&gt;[39m
          [36m&lt;div[39m
            [33mclass[39m=[32m&quot;teacher-list&quot;[39m
          [36m&gt;[39m
            [36m&lt;div[39m
              [33mclass[39m=[32m&quot;teacher-card&quot;[39m
            [36m&gt;[39m
              [36m&lt;div[39m
                [33mclass[39m=[32m&quot;teacher-avatar&quot;[39m
              [36m&gt;[39m
                [36m&lt;div[39m
                  [33mclass[39m=[32m&quot;avatar-placeholder&quot;[39m
                [36m&gt;[39m
                  [0mD[0m
                [36m&lt;/div&gt;[39m
              [36m&lt;/div&gt;[39m
              [36m&lt;div[39m
                [33mclass[39m=[32m&quot;teacher-info&quot;[39m
              [36m&gt;[39m
                [36m&lt;h3&gt;[39m
                  [0mDr. Ahmet Yılmaz[0m
                [36m&lt;/h3&gt;[39m
                [36m&lt;p[39m
                  [33mclass[39m=[32m&quot;teacher-title&quot;[39m
                [36m&gt;[39m
                  [0mDoktor[0m
                [36m&lt;/p&gt;[39m
                [36m&lt;p[39m
                  [33mclass[39m=[32m&quot;teacher-bio&quot;[39m
                [36m&gt;[39m
                  [0mMatematik eğitimi uzmanı[0m
                  [0m...[0m
                [36m&lt;/p&gt;[39m
                [36m&lt;div[39m
                  [33mclass[39m=[32m&quot;teacher-meta&quot;[39m
                [36m&gt;[39m
                  [36m&lt;span[39m
                    [33mclass[39m=[32m&quot;rating&quot;[39m
                  [36m&gt;[39m
                    [0m⭐ [0m
                    [0m4.8[0m
                    [0m ([0m
                    [0m120[0m
                    [0m)[0m
                  [36m&lt;/span&gt;[39m
                  [36m&lt;span[39m
                    [33mclass[39m=[32m&quot;experience&quot;[39m
                  [36m&gt;[39m
                    [0m15[0m
                    [0m yıl[0m
                  [36m&lt;/span&gt;[39m
                  [36m&lt;span[39m
                    [33mclass[39m=[32m&quot;location&quot;[39m
                  [36m&gt;[39m
                    [0m📍 [0m
                    [0mİstanbul[0m
                  [36m&lt;/span&gt;[39m
                [36m&lt;/div&gt;[39m
                [36m&lt;div[39m
                  [33mclass[39m=[32m&quot;teacher-rate&quot;[39m
                [36m&gt;[39m
                  [36m&lt;strong&gt;[39m
                    [0m300[0m
                    [0m [0m
                    [0mTRY[0m
                  [36m&lt;/strong&gt;[39m
                  [0m / saat[0m
                [36m&lt;/div&gt;[39m
              [36m&lt;/div&gt;[39m
            [36m&lt;/div&gt;[39m
            [36m&lt;div[39m
              [33mclass[39m=[32m&quot;teacher-card&quot;[39m
            [36m&gt;[39m
              [36m&lt;div[39m
                [33mclass[39m=[32m&quot;teacher-avatar&quot;[39m
              [36m&gt;[39m
                [36m&lt;div[39m
                  [33mclass[39m=[32m&quot;avatar-placeholder&quot;[39m
                [36m&gt;[39m
                  [0mP[0m
                [36m&lt;/div&gt;[39m
              [36m&lt;/div&gt;[39m
              [36m&lt;div[39m
                [33mclass[39m=[32m&quot;teacher-info&quot;[39m
              [36m&gt;[39m
                [36m&lt;h3&gt;[39m
                  [0mProf. Ayşe Demir[0m
                [36m&lt;/h3&gt;[39m
                [36m&lt;p[39m
                  [33mclass[39m=[32m&quot;teacher-title&quot;[39m
                [36m&gt;[39m
                  [0mProfesör[0m
                [36m&lt;/p&gt;[39m
                [36m&lt;p[39m
                  [33mclass[39m=[32m&quot;teacher-bio&quot;[39m
                [36m&gt;[39m
                  [0mFizik eğitimi[0m
                  [0m...[0m
                [36m&lt;/p&gt;[39m
                [36m&lt;div[39m
                  [33mclass[39m=[32m&quot;teacher-meta&quot;[39m
                [36m&gt;[39m
                  [36m&lt;span[39m
                    [33mclass[39m=[32m&quot;rating&quot;[39m
                  [36m&gt;[39m
                    [0m⭐ [0m
                    [0m4.9[0m
                    [0m ([0m
                    [0m200[0m
                    [0m)[0m
                  [36m&lt;/span&gt;[39m
                  [36m&lt;span[39m
                    [33mclass[39m=[32m&quot;experience&quot;[39m
                  [36m&gt;[39m
                    [0m20[0m
                    [0m yıl[0m
                  [36m&lt;/span&gt;[39m
                  [36m&lt;span[39m
                    [33mclass[39m=[32m&quot;location&quot;[39m
                  [36m&gt;[39m
                    [0m📍 [0m
                    [0mAnkara[0m
                  [36m&lt;/span&gt;[39m
                [36m&lt;/div&gt;[39m
                [36m&lt;div[39m
                  [33mclass[39m=[32m&quot;teacher-rate&quot;[39m
                [36m&gt;[39m
                  [36m&lt;strong&gt;[39m
                    [0m350[0m
                    [0m [0m
                    [0mTRY[0m
                  [36m&lt;/strong&gt;[39m
                  [0m / saat[0m
                [36m&lt;/div&gt;[39m
              [36m&lt;/div&gt;[39m
            [36m&lt;/div&gt;[39m
          [36m&lt;/div&gt;[39m
        [36m&lt;/div&gt;[39m
      [36m&lt;/div&gt;[39m
    [36m&lt;/div&gt;[39m
  [36m&lt;/body&gt;[39m
[36m&lt;/html&gt;[39m" type="TestingLibraryElementError">
TestingLibraryElementError: Found a label with the text of: /Ders/i, however no form control was found associated to that label. Make sure you&apos;re using the &quot;for&quot; attribute or &quot;aria-labelledby&quot; attribute correctly.

Ignored nodes: comments, script, style
&lt;body&gt;
  &lt;div&gt;
    &lt;div
      class=&quot;teacher-pool&quot;
    &gt;
      &lt;div
        class=&quot;teacher-pool-header&quot;
      &gt;
        &lt;h1&gt;
          Öğretmen Havuzu
        &lt;/h1&gt;
        &lt;div
          class=&quot;view-tabs&quot;
        &gt;
          &lt;button
            class=&quot;active&quot;
          &gt;
            Öğretmen Ara
          &lt;/button&gt;
          &lt;button
            class=&quot;&quot;
          &gt;
            Randevularım
          &lt;/button&gt;
        &lt;/div&gt;
      &lt;/div&gt;
      &lt;div
        class=&quot;search-view&quot;
      &gt;
        &lt;div
          class=&quot;search-filters&quot;
        &gt;
          &lt;h3&gt;
            Filtreler
          &lt;/h3&gt;
          &lt;div
            class=&quot;filter-group&quot;
          &gt;
            &lt;label&gt;
              Ders:
            &lt;/label&gt;
            &lt;select&gt;
              &lt;option
                value=&quot;&quot;
              &gt;
                Tümü
              &lt;/option&gt;
              &lt;option
                value=&quot;mathematics&quot;
              &gt;
                Matematik
              &lt;/option&gt;
              &lt;option
                value=&quot;physics&quot;
              &gt;
                Fizik
              &lt;/option&gt;
              &lt;option
                value=&quot;chemistry&quot;
              &gt;
                Kimya
              &lt;/option&gt;
              &lt;option
                value=&quot;biology&quot;
              &gt;
                Biyoloji
              &lt;/option&gt;
              &lt;option
                value=&quot;turkish&quot;
              &gt;
                Türkçe
              &lt;/option&gt;
              &lt;option
                value=&quot;history&quot;
              &gt;
                Tarih
              &lt;/option&gt;
              &lt;option
                value=&quot;geography&quot;
              &gt;
                Coğrafya
              &lt;/option&gt;
              &lt;option
                value=&quot;english&quot;
              &gt;
                İngilizce
              &lt;/option&gt;
            &lt;/select&gt;
          &lt;/div&gt;
          &lt;div
            class=&quot;filter-group&quot;
          &gt;
            &lt;label&gt;
              Şehir:
            &lt;/label&gt;
            &lt;input
              placeholder=&quot;İstanbul, Ankara...&quot;
              type=&quot;text&quot;
              value=&quot;&quot;
            /&gt;
          &lt;/div&gt;
          &lt;div
            class=&quot;filter-group&quot;
          &gt;
            &lt;label&gt;
              Minimum Puan:
            &lt;/label&gt;
            &lt;input
              max=&quot;5&quot;
              min=&quot;0&quot;
              step=&quot;0.5&quot;
              type=&quot;number&quot;
              value=&quot;0&quot;
            /&gt;
          &lt;/div&gt;
          &lt;div
            class=&quot;filter-group&quot;
          &gt;
            &lt;label&gt;
              Max Ücret (₺/saat):
            &lt;/label&gt;
            &lt;input
              min=&quot;0&quot;
              type=&quot;number&quot;
              value=&quot;0&quot;
            /&gt;
          &lt;/div&gt;
          &lt;div
            class=&quot;filter-group checkbox&quot;
          &gt;
            &lt;label&gt;
              &lt;input
                type=&quot;checkbox&quot;
              /&gt;
              Sadece Online
            &lt;/label&gt;
          &lt;/div&gt;
          &lt;button
            class=&quot;btn-search&quot;
          &gt;
            Ara
          &lt;/button&gt;
        &lt;/div&gt;
        &lt;div
          class=&quot;teacher-list&quot;
        &gt;
          &lt;div
            class=&quot;teacher-card&quot;
          &gt;
            &lt;div
              class=&quot;teacher-avatar&quot;
            &gt;
              &lt;div
                class=&quot;avatar-placeholder&quot;
              &gt;
                D
              &lt;/div&gt;
            &lt;/div&gt;
            &lt;div
              class=&quot;teacher-info&quot;
            &gt;
              &lt;h3&gt;
                Dr. Ahmet Yılmaz
              &lt;/h3&gt;
              &lt;p
                class=&quot;teacher-title&quot;
              &gt;
                Doktor
              &lt;/p&gt;
              &lt;p
                class=&quot;teacher-bio&quot;
              &gt;
                Matematik eğitimi uzmanı
                ...
              &lt;/p&gt;
              &lt;div
                class=&quot;teacher-meta&quot;
              &gt;
                &lt;span
                  class=&quot;rating&quot;
                &gt;
                  ⭐ 
                  4.8
                   (
                  120
                  )
                &lt;/span&gt;
                &lt;span
                  class=&quot;experience&quot;
                &gt;
                  15
                   yıl
                &lt;/span&gt;
                &lt;span
                  class=&quot;location&quot;
                &gt;
                  📍 
                  İstanbul
                &lt;/span&gt;
              &lt;/div&gt;
              &lt;div
                class=&quot;teacher-rate&quot;
              &gt;
                &lt;strong&gt;
                  300
                   
                  TRY
                &lt;/strong&gt;
                 / saat
              &lt;/div&gt;
            &lt;/div&gt;
          &lt;/div&gt;
          &lt;div
            class=&quot;teacher-card&quot;
          &gt;
            &lt;div
              class=&quot;teacher-avatar&quot;
            &gt;
              &lt;div
                class=&quot;avatar-placeholder&quot;
              &gt;
                P
              &lt;/div&gt;
            &lt;/div&gt;
            &lt;div
              class=&quot;teacher-info&quot;
            &gt;
              &lt;h3&gt;
                Prof. Ayşe Demir
              &lt;/h3&gt;
              &lt;p
                class=&quot;teacher-title&quot;
              &gt;
                Profesör
              &lt;/p&gt;
              &lt;p
                class=&quot;teacher-bio&quot;
              &gt;
                Fizik eğitimi
                ...
              &lt;/p&gt;
              &lt;div
                class=&quot;teacher-meta&quot;
              &gt;
                &lt;span
                  class=&quot;rating&quot;
                &gt;
                  ⭐ 
                  4.9
                   (
                  200
                  )
                &lt;/span&gt;
                &lt;span
                  class=&quot;experience&quot;
                &gt;
                  20
                   yıl
                &lt;/span&gt;
                &lt;span
                  class=&quot;location&quot;
                &gt;
                  📍 
                  Ankara
                &lt;/span&gt;
              &lt;/div&gt;
              &lt;div
                class=&quot;teacher-rate&quot;
              &gt;
                &lt;strong&gt;
                  350
                   
                  TRY
                &lt;/strong&gt;
                 / saat
              &lt;/div&gt;
            &lt;/div&gt;
          &lt;/div&gt;
        &lt;/div&gt;
      &lt;/div&gt;
    &lt;/div&gt;
  &lt;/div&gt;
&lt;/body&gt;

Ignored nodes: comments, script, style
&lt;html&gt;
  &lt;head /&gt;
  &lt;body&gt;
    &lt;div&gt;
      &lt;div
        class=&quot;teacher-pool&quot;
      &gt;
        &lt;div
          class=&quot;teacher-pool-header&quot;
        &gt;
          &lt;h1&gt;
            Öğretmen Havuzu
          &lt;/h1&gt;
          &lt;div
            class=&quot;view-tabs&quot;
          &gt;
            &lt;button
              class=&quot;active&quot;
            &gt;
              Öğretmen Ara
            &lt;/button&gt;
            &lt;button
              class=&quot;&quot;
            &gt;
              Randevularım
            &lt;/button&gt;
          &lt;/div&gt;
        &lt;/div&gt;
        &lt;div
          class=&quot;search-view&quot;
        &gt;
          &lt;div
            class=&quot;search-filters&quot;
          &gt;
            &lt;h3&gt;
              Filtreler
            &lt;/h3&gt;
            &lt;div
              class=&quot;filter-group&quot;
            &gt;
              &lt;label&gt;
                Ders:
              &lt;/label&gt;
              &lt;select&gt;
                &lt;option
                  value=&quot;&quot;
                &gt;
                  Tümü
                &lt;/option&gt;
                &lt;option
                  value=&quot;mathematics&quot;
                &gt;
                  Matematik
                &lt;/option&gt;
                &lt;option
                  value=&quot;physics&quot;
                &gt;
                  Fizik
                &lt;/option&gt;
                &lt;option
                  value=&quot;chemistry&quot;
                &gt;
                  Kimya
                &lt;/option&gt;
                &lt;option
                  value=&quot;biology&quot;
                &gt;
                  Biyoloji
                &lt;/option&gt;
                &lt;option
                  value=&quot;turkish&quot;
                &gt;
                  Türkçe
                &lt;/option&gt;
                &lt;option
                  value=&quot;history&quot;
                &gt;
                  Tarih
                &lt;/option&gt;
                &lt;option
                  value=&quot;geography&quot;
                &gt;
                  Coğrafya
                &lt;/option&gt;
                &lt;option
                  value=&quot;english&quot;
                &gt;
                  İngilizce
                &lt;/option&gt;
              &lt;/select&gt;
            &lt;/div&gt;
            &lt;div
              class=&quot;filter-group&quot;
            &gt;
              &lt;label&gt;
                Şehir:
              &lt;/label&gt;
              &lt;input
                placeholder=&quot;İstanbul, Ankara...&quot;
                type=&quot;text&quot;
                value=&quot;&quot;
              /&gt;
            &lt;/div&gt;
            &lt;div
              class=&quot;filter-group&quot;
            &gt;
              &lt;label&gt;
                Minimum Puan:
              &lt;/label&gt;
              &lt;input
                max=&quot;5&quot;
                min=&quot;0&quot;
                step=&quot;0.5&quot;
                type=&quot;number&quot;
                value=&quot;0&quot;
              /&gt;
            &lt;/div&gt;
            &lt;div
              class=&quot;filter-group&quot;
            &gt;
              &lt;label&gt;
                Max Ücret (₺/saat):
              &lt;/label&gt;
              &lt;input
                min=&quot;0&quot;
                type=&quot;number&quot;
                value=&quot;0&quot;
              /&gt;
            &lt;/div&gt;
            &lt;div
              class=&quot;filter-group checkbox&quot;
            &gt;
              &lt;label&gt;
                &lt;input
                  type=&quot;checkbox&quot;
                /&gt;
                Sadece Online
              &lt;/label&gt;
            &lt;/div&gt;
            &lt;button
              class=&quot;btn-search&quot;
            &gt;
              Ara
            &lt;/button&gt;
          &lt;/div&gt;
          &lt;div
            class=&quot;teacher-list&quot;
          &gt;
            &lt;div
              class=&quot;teacher-card&quot;
            &gt;
              &lt;div
                class=&quot;teacher-avatar&quot;
              &gt;
                &lt;div
                  class=&quot;avatar-placeholder&quot;
                &gt;
                  D
                &lt;/div&gt;
              &lt;/div&gt;
              &lt;div
                class=&quot;teacher-info&quot;
              &gt;
                &lt;h3&gt;
                  Dr. Ahmet Yılmaz
                &lt;/h3&gt;
                &lt;p
                  class=&quot;teacher-title&quot;
                &gt;
                  Doktor
                &lt;/p&gt;
                &lt;p
                  class=&quot;teacher-bio&quot;
                &gt;
                  Matematik eğitimi uzmanı
                  ...
                &lt;/p&gt;
                &lt;div
                  class=&quot;teacher-meta&quot;
                &gt;
                  &lt;span
                    class=&quot;rating&quot;
                  &gt;
                    ⭐ 
                    4.8
                     (
                    120
                    )
                  &lt;/span&gt;
                  &lt;span
                    class=&quot;experience&quot;
                  &gt;
                    15
                     yıl
                  &lt;/span&gt;
                  &lt;span
                    class=&quot;location&quot;
                  &gt;
                    📍 
                    İstanbul
                  &lt;/span&gt;
                &lt;/div&gt;
                &lt;div
                  class=&quot;teacher-rate&quot;
                &gt;
                  &lt;strong&gt;
                    300
                     
                    TRY
                  &lt;/strong&gt;
                   / saat
                &lt;/div&gt;
              &lt;/div&gt;
            &lt;/div&gt;
            &lt;div
              class=&quot;teacher-card&quot;
            &gt;
              &lt;div
                class=&quot;teacher-avatar&quot;
              &gt;
                &lt;div
                  class=&quot;avatar-placeholder&quot;
                &gt;
                  P
                &lt;/div&gt;
              &lt;/div&gt;
              &lt;div
                class=&quot;teacher-info&quot;
              &gt;
                &lt;h3&gt;
                  Prof. Ayşe Demir
                &lt;/h3&gt;
                &lt;p
                  class=&quot;teacher-title&quot;
                &gt;
                  Profesör
                &lt;/p&gt;
                &lt;p
                  class=&quot;teacher-bio&quot;
                &gt;
                  Fizik eğitimi
                  ...
                &lt;/p&gt;
                &lt;div
                  class=&quot;teacher-meta&quot;
                &gt;
                  &lt;span
                    class=&quot;rating&quot;
                  &gt;
                    ⭐ 
                    4.9
                     (
                    200
                    )
                  &lt;/span&gt;
                  &lt;span
                    class=&quot;experience&quot;
                  &gt;
                    20
                     yıl
                  &lt;/span&gt;
                  &lt;span
                    class=&quot;location&quot;
                  &gt;
                    📍 
                    Ankara
                  &lt;/span&gt;
                &lt;/div&gt;
                &lt;div
                  class=&quot;teacher-rate&quot;
                &gt;
                  &lt;strong&gt;
                    350
                     
                    TRY
                  &lt;/strong&gt;
                   / saat
                &lt;/div&gt;
              &lt;/div&gt;
            &lt;/div&gt;
          &lt;/div&gt;
        &lt;/div&gt;
      &lt;/div&gt;
    &lt;/div&gt;
  &lt;/body&gt;
&lt;/html&gt;
 ❯ waitForWrapper node_modules/@testing-library/react/node_modules/@testing-library/dom/dist/wait-for.js:163:27
 ❯ src/components/TeacherPool/__tests__/TeacherPool.test.tsx:119:11
            </failure>
        </testcase>
        <testcase classname="src/components/TeacherPool/__tests__/TeacherPool.test.tsx" name="TeacherPool - Rendering &gt; shows view mode tabs" time="1.0569646">
            <failure message="Found multiple elements with the text: /Ara/i

Here are the matching elements:

Ignored nodes: comments, script, style
[36m&lt;button[39m
  [33mclass[39m=[32m&quot;active&quot;[39m
[36m&gt;[39m
  [0mÖğretmen Ara[0m
[36m&lt;/button&gt;[39m

Ignored nodes: comments, script, style
[36m&lt;button[39m
  [33mclass[39m=[32m&quot;btn-search&quot;[39m
[36m&gt;[39m
  [0mAra[0m
[36m&lt;/button&gt;[39m

Ignored nodes: comments, script, style
[36m&lt;span[39m
  [33mclass[39m=[32m&quot;location&quot;[39m
[36m&gt;[39m
  [0m📍 [0m
  [0mAnkara[0m
[36m&lt;/span&gt;[39m

(If this is intentional, then use the `*AllBy*` variant of the query (like `queryAllByText`, `getAllByText`, or `findAllByText`)).

Ignored nodes: comments, script, style
[36m&lt;body&gt;[39m
  [36m&lt;div&gt;[39m
    [36m&lt;div[39m
      [33mclass[39m=[32m&quot;teacher-pool&quot;[39m
    [36m&gt;[39m
      [36m&lt;div[39m
        [33mclass[39m=[32m&quot;teacher-pool-header&quot;[39m
      [36m&gt;[39m
        [36m&lt;h1&gt;[39m
          [0mÖğretmen Havuzu[0m
        [36m&lt;/h1&gt;[39m
        [36m&lt;div[39m
          [33mclass[39m=[32m&quot;view-tabs&quot;[39m
        [36m&gt;[39m
          [36m&lt;button[39m
            [33mclass[39m=[32m&quot;active&quot;[39m
          [36m&gt;[39m
            [0mÖğretmen Ara[0m
          [36m&lt;/button&gt;[39m
          [36m&lt;button[39m
            [33mclass[39m=[32m&quot;&quot;[39m
          [36m&gt;[39m
            [0mRandevularım[0m
          [36m&lt;/button&gt;[39m
        [36m&lt;/div&gt;[39m
      [36m&lt;/div&gt;[39m
      [36m&lt;div[39m
        [33mclass[39m=[32m&quot;search-view&quot;[39m
      [36m&gt;[39m
        [36m&lt;div[39m
          [33mclass[39m=[32m&quot;search-filters&quot;[39m
        [36m&gt;[39m
          [36m&lt;h3&gt;[39m
            [0mFiltreler[0m
          [36m&lt;/h3&gt;[39m
          [36m&lt;div[39m
            [33mclass[39m=[32m&quot;filter-group&quot;[39m
          [36m&gt;[39m
            [36m&lt;label&gt;[39m
              [0mDers:[0m
            [36m&lt;/label&gt;[39m
            [36m&lt;select&gt;[39m
              [36m&lt;option[39m
                [33mvalue[39m=[32m&quot;&quot;[39m
              [36m&gt;[39m
                [0mTümü[0m
              [36m&lt;/option&gt;[39m
              [36m&lt;option[39m
                [33mvalue[39m=[32m&quot;mathematics&quot;[39m
              [36m&gt;[39m
                [0mMatematik[0m
              [36m&lt;/option&gt;[39m
              [36m&lt;option[39m
                [33mvalue[39m=[32m&quot;physics&quot;[39m
              [36m&gt;[39m
                [0mFizik[0m
              [36m&lt;/option&gt;[39m
              [36m&lt;option[39m
                [33mvalue[39m=[32m&quot;chemistry&quot;[39m
              [36m&gt;[39m
                [0mKimya[0m
              [36m&lt;/option&gt;[39m
              [36m&lt;option[39m
                [33mvalue[39m=[32m&quot;biology&quot;[39m
              [36m&gt;[39m
                [0mBiyoloji[0m
              [36m&lt;/option&gt;[39m
              [36m&lt;option[39m
                [33mvalue[39m=[32m&quot;turkish&quot;[39m
              [36m&gt;[39m
                [0mTürkçe[0m
              [36m&lt;/option&gt;[39m
              [36m&lt;option[39m
                [33mvalue[39m=[32m&quot;history&quot;[39m
              [36m&gt;[39m
                [0mTarih[0m
              [36m&lt;/option&gt;[39m
              [36m&lt;option[39m
                [33mvalue[39m=[32m&quot;geography&quot;[39m
              [36m&gt;[39m
                [0mCoğrafya[0m
              [36m&lt;/option&gt;[39m
              [36m&lt;option[39m
                [33mvalue[39m=[32m&quot;english&quot;[39m
              [36m&gt;[39m
                [0mİngilizce[0m
              [36m&lt;/option&gt;[39m
            [36m&lt;/select&gt;[39m
          [36m&lt;/div&gt;[39m
          [36m&lt;div[39m
            [33mclass[39m=[32m&quot;filter-group&quot;[39m
          [36m&gt;[39m
            [36m&lt;label&gt;[39m
              [0mŞehir:[0m
            [36m&lt;/label&gt;[39m
            [36m&lt;input[39m
              [33mplaceholder[39m=[32m&quot;İstanbul, Ankara...&quot;[39m
              [33mtype[39m=[32m&quot;text&quot;[39m
              [33mvalue[39m=[32m&quot;&quot;[39m
            [36m/&gt;[39m
          [36m&lt;/div&gt;[39m
          [36m&lt;div[39m
            [33mclass[39m=[32m&quot;filter-group&quot;[39m
          [36m&gt;[39m
            [36m&lt;label&gt;[39m
              [0mMinimum Puan:[0m
            [36m&lt;/label&gt;[39m
            [36m&lt;input[39m
              [33mmax[39m=[32m&quot;5&quot;[39m
              [33mmin[39m=[32m&quot;0&quot;[39m
              [33mstep[39m=[32m&quot;0.5&quot;[39m
              [33mtype[39m=[32m&quot;number&quot;[39m
              [33mvalue[39m=[32m&quot;0&quot;[39m
            [36m/&gt;[39m
          [36m&lt;/div&gt;[39m
          [36m&lt;div[39m
            [33mclass[39m=[32m&quot;filter-group&quot;[39m
          [36m&gt;[39m
            [36m&lt;label&gt;[39m
              [0mMax Ücret (₺/saat):[0m
            [36m&lt;/label&gt;[39m
            [36m&lt;input[39m
              [33mmin[39m=[32m&quot;0&quot;[39m
              [33mtype[39m=[32m&quot;number&quot;[39m
              [33mvalue[39m=[32m&quot;0&quot;[39m
            [36m/&gt;[39m
          [36m&lt;/div&gt;[39m
          [36m&lt;div[39m
            [33mclass[39m=[32m&quot;filter-group checkbox&quot;[39m
          [36m&gt;[39m
            [36m&lt;label&gt;[39m
              [36m&lt;input[39m
                [33mtype[39m=[32m&quot;checkbox&quot;[39m
              [36m/&gt;[39m
              [0mSadece Online[0m
            [36m&lt;/label&gt;[39m
          [36m&lt;/div&gt;[39m
          [36m&lt;button[39m
            [33mclass[39m=[32m&quot;btn-search&quot;[39m
          [36m&gt;[39m
            [0mAra[0m
          [36m&lt;/button&gt;[39m
        [36m&lt;/div&gt;[39m
        [36m&lt;div[39m
          [33mclass[39m=[32m&quot;teacher-list&quot;[39m
        [36m&gt;[39m
          [36m&lt;div[39m
            [33mclass[39m=[32m&quot;teacher-card&quot;[39m
          [36m&gt;[39m
            [36m&lt;div[39m
              [33mclass[39m=[32m&quot;teacher-avatar&quot;[39m
            [36m&gt;[39m
              [36m&lt;div[39m
                [33mclass[39m=[32m&quot;avatar-placeholder&quot;[39m
              [36m&gt;[39m
                [0mD[0m
              [36m&lt;/div&gt;[39m
            [36m&lt;/div&gt;[39m
            [36m&lt;div[39m
              [33mclass[39m=[32m&quot;teacher-info&quot;[39m
            [36m&gt;[39m
              [36m&lt;h3&gt;[39m
                [0mDr. Ahmet Yılmaz[0m
              [36m&lt;/h3&gt;[39m
              [36m&lt;p[39m
                [33mclass[39m=[32m&quot;teacher-title&quot;[39m
              [36m&gt;[39m
                [0mDoktor[0m
              [36m&lt;/p&gt;[39m
              [36m&lt;p[39m
                [33mclass[39m=[32m&quot;teacher-bio&quot;[39m
              [36m&gt;[39m
                [0mMatematik eğitimi uzmanı[0m
                [0m...[0m
              [36m&lt;/p&gt;[39m
              [36m&lt;div[39m
                [33mclass[39m=[32m&quot;teacher-meta&quot;[39m
              [36m&gt;[39m
                [36m&lt;span[39m
                  [33mclass[39m=[32m&quot;rating&quot;[39m
                [36m&gt;[39m
                  [0m⭐ [0m
                  [0m4.8[0m
                  [0m ([0m
                  [0m120[0m
                  [0m)[0m
                [36m&lt;/span&gt;[39m
                [36m&lt;span[39m
                  [33mclass[39m=[32m&quot;experience&quot;[39m
                [36m&gt;[39m
                  [0m15[0m
                  [0m yıl[0m
                [36m&lt;/span&gt;[39m
                [36m&lt;span[39m
                  [33mclass[39m=[32m&quot;location&quot;[39m
                [36m&gt;[39m
                  [0m📍 [0m
                  [0mİstanbul[0m
                [36m&lt;/span&gt;[39m
              [36m&lt;/div&gt;[39m
              [36m&lt;div[39m
                [33mclass[39m=[32m&quot;teacher-rate&quot;[39m
              [36m&gt;[39m
                [36m&lt;strong&gt;[39m
                  [0m300[0m
                  [0m [0m
                  [0mTRY[0m
                [36m&lt;/strong&gt;[39m
                [0m / saat[0m
              [36m&lt;/div&gt;[39m
            [36m&lt;/div&gt;[39m
          [36m&lt;/div&gt;[39m
          [36m&lt;div[39m
            [33mclass[39m=[32m&quot;teacher-card&quot;[39m
          [36m&gt;[39m
            [36m&lt;div[39m
              [33mclass[39m=[32m&quot;teacher-avatar&quot;[39m
            [36m&gt;[39m
              [36m&lt;div[39m
                [33mclass[39m=[32m&quot;avatar-placeholder&quot;[39m
              [36m&gt;[39m
                [0mP[0m
              [36m&lt;/div&gt;[39m
            [36m&lt;/div&gt;[39m
            [36m&lt;div[39m
              [33mclass[39m=[32m&quot;teacher-info&quot;[39m
            [36m&gt;[39m
              [36m&lt;h3&gt;[39m
                [0mProf. Ayşe Demir[0m
              [36m&lt;/h3&gt;[39m
              [36m&lt;p[39m
                [33mclass[39m=[32m&quot;teacher-title&quot;[39m
              [36m&gt;[39m
                [0mProfesör[0m
              [36m&lt;/p&gt;[39m
              [36m&lt;p[39m
                [33mclass[39m=[32m&quot;teacher-bio&quot;[39m
              [36m&gt;[39m
                [0mFizik eğitimi[0m
                [0m...[0m
              [36m&lt;/p&gt;[39m
              [36m&lt;div[39m
                [33mclass[39m=[32m&quot;teacher-meta&quot;[39m
              [36m&gt;[39m
                [36m&lt;span[39m
                  [33mclass[39m=[32m&quot;rating&quot;[39m
                [36m&gt;[39m
                  [0m⭐ [0m
                  [0m4.9[0m
                  [0m ([0m
                  [0m200[0m
                  [0m)[0m
                [36m&lt;/span&gt;[39m
                [36m&lt;span[39m
                  [33mclass[39m=[32m&quot;experience&quot;[39m
                [36m&gt;[39m
                  [0m20[0m
                  [0m yıl[0m
                [36m&lt;/span&gt;[39m
                [36m&lt;span[39m
                  [33mclass[39m=[32m&quot;location&quot;[39m
                [36m&gt;[39m
                  [0m📍 [0m
                  [0mAnkara[0m
                [36m&lt;/span&gt;[39m
              [36m&lt;/div&gt;[39m
              [36m&lt;div[39m
                [33mclass[39m=[32m&quot;teacher-rate&quot;[39m
              [36m&gt;[39m
                [36m&lt;strong&gt;[39m
                  [0m350[0m
                  [0m [0m
                  [0mTRY[0m
                [36m&lt;/strong&gt;[39m
                [0m / saat[0m
              [36m&lt;/div&gt;[39m
            [36m&lt;/div&gt;[39m
          [36m&lt;/div&gt;[39m
        [36m&lt;/div&gt;[39m
      [36m&lt;/div&gt;[39m
    [36m&lt;/div&gt;[39m
  [36m&lt;/div&gt;[39m
[36m&lt;/body&gt;[39m

Ignored nodes: comments, script, style
[36m&lt;html&gt;[39m
  [36m&lt;head /&gt;[39m
  [36m&lt;body&gt;[39m
    [36m&lt;div&gt;[39m
      [36m&lt;div[39m
        [33mclass[39m=[32m&quot;teacher-pool&quot;[39m
      [36m&gt;[39m
        [36m&lt;div[39m
          [33mclass[39m=[32m&quot;teacher-pool-header&quot;[39m
        [36m&gt;[39m
          [36m&lt;h1&gt;[39m
            [0mÖğretmen Havuzu[0m
          [36m&lt;/h1&gt;[39m
          [36m&lt;div[39m
            [33mclass[39m=[32m&quot;view-tabs&quot;[39m
          [36m&gt;[39m
            [36m&lt;button[39m
              [33mclass[39m=[32m&quot;active&quot;[39m
            [36m&gt;[39m
              [0mÖğretmen Ara[0m
            [36m&lt;/button&gt;[39m
            [36m&lt;button[39m
              [33mclass[39m=[32m&quot;&quot;[39m
            [36m&gt;[39m
              [0mRandevularım[0m
            [36m&lt;/button&gt;[39m
          [36m&lt;/div&gt;[39m
        [36m&lt;/div&gt;[39m
        [36m&lt;div[39m
          [33mclass[39m=[32m&quot;search-view&quot;[39m
        [36m&gt;[39m
          [36m&lt;div[39m
            [33mclass[39m=[32m&quot;search-filters&quot;[39m
          [36m&gt;[39m
            [36m&lt;h3&gt;[39m
              [0mFiltreler[0m
            [36m&lt;/h3&gt;[39m
            [36m&lt;div[39m
              [33mclass[39m=[32m&quot;filter-group&quot;[39m
            [36m&gt;[39m
              [36m&lt;label&gt;[39m
                [0mDers:[0m
              [36m&lt;/label&gt;[39m
              [36m&lt;select&gt;[39m
                [36m&lt;option[39m
                  [33mvalue[39m=[32m&quot;&quot;[39m
                [36m&gt;[39m
                  [0mTümü[0m
                [36m&lt;/option&gt;[39m
                [36m&lt;option[39m
                  [33mvalue[39m=[32m&quot;mathematics&quot;[39m
                [36m&gt;[39m
                  [0mMatematik[0m
                [36m&lt;/option&gt;[39m
                [36m&lt;option[39m
                  [33mvalue[39m=[32m&quot;physics&quot;[39m
                [36m&gt;[39m
                  [0mFizik[0m
                [36m&lt;/option&gt;[39m
                [36m&lt;option[39m
                  [33mvalue[39m=[32m&quot;chemistry&quot;[39m
                [36m&gt;[39m
                  [0mKimya[0m
                [36m&lt;/option&gt;[39m
                [36m&lt;option[39m
                  [33mvalue[39m=[32m&quot;biology&quot;[39m
                [36m&gt;[39m
                  [0mBiyoloji[0m
                [36m&lt;/option&gt;[39m
                [36m&lt;option[39m
                  [33mvalue[39m=[32m&quot;turkish&quot;[39m
                [36m&gt;[39m
                  [0mTürkçe[0m
                [36m&lt;/option&gt;[39m
                [36m&lt;option[39m
                  [33mvalue[39m=[32m&quot;history&quot;[39m
                [36m&gt;[39m
                  [0mTarih[0m
                [36m&lt;/option&gt;[39m
                [36m&lt;option[39m
                  [33mvalue[39m=[32m&quot;geography&quot;[39m
                [36m&gt;[39m
                  [0mCoğrafya[0m
                [36m&lt;/option&gt;[39m
                [36m&lt;option[39m
                  [33mvalue[39m=[32m&quot;english&quot;[39m
                [36m&gt;[39m
                  [0mİngilizce[0m
                [36m&lt;/option&gt;[39m
              [36m&lt;/select&gt;[39m
            [36m&lt;/div&gt;[39m
            [36m&lt;div[39m
              [33mclass[39m=[32m&quot;filter-group&quot;[39m
            [36m&gt;[39m
              [36m&lt;label&gt;[39m
                [0mŞehir:[0m
              [36m&lt;/label&gt;[39m
              [36m&lt;input[39m
                [33mplaceholder[39m=[32m&quot;İstanbul, Ankara...&quot;[39m
                [33mtype[39m=[32m&quot;text&quot;[39m
                [33mvalue[39m=[32m&quot;&quot;[39m
              [36m/&gt;[39m
            [36m&lt;/div&gt;[39m
            [36m&lt;div[39m
              [33mclass[39m=[32m&quot;filter-group&quot;[39m
            [36m&gt;[39m
              [36m&lt;label&gt;[39m
                [0mMinimum Puan:[0m
              [36m&lt;/label&gt;[39m
              [36m&lt;input[39m
                [33mmax[39m=[32m&quot;5&quot;[39m
                [33mmin[39m=[32m&quot;0&quot;[39m
                [33mstep[39m=[32m&quot;0.5&quot;[39m
                [33mtype[39m=[32m&quot;number&quot;[39m
                [33mvalue[39m=[32m&quot;0&quot;[39m
              [36m/&gt;[39m
            [36m&lt;/div&gt;[39m
            [36m&lt;div[39m
              [33mclass[39m=[32m&quot;filter-group&quot;[39m
            [36m&gt;[39m
              [36m&lt;label&gt;[39m
                [0mMax Ücret (₺/saat):[0m
              [36m&lt;/label&gt;[39m
              [36m&lt;input[39m
                [33mmin[39m=[32m&quot;0&quot;[39m
                [33mtype[39m=[32m&quot;number&quot;[39m
                [33mvalue[39m=[32m&quot;0&quot;[39m
              [36m/&gt;[39m
            [36m&lt;/div&gt;[39m
            [36m&lt;div[39m
              [33mclass[39m=[32m&quot;filter-group checkbox&quot;[39m
            [36m&gt;[39m
              [36m&lt;label&gt;[39m
                [36m&lt;input[39m
                  [33mtype[39m=[32m&quot;checkbox&quot;[39m
                [36m/&gt;[39m
                [0mSadece Online[0m
              [36m&lt;/label&gt;[39m
            [36m&lt;/div&gt;[39m
            [36m&lt;button[39m
              [33mclass[39m=[32m&quot;btn-search&quot;[39m
            [36m&gt;[39m
              [0mAra[0m
            [36m&lt;/button&gt;[39m
          [36m&lt;/div&gt;[39m
          [36m&lt;div[39m
            [33mclass[39m=[32m&quot;teacher-list&quot;[39m
          [36m&gt;[39m
            [36m&lt;div[39m
              [33mclass[39m=[32m&quot;teacher-card&quot;[39m
            [36m&gt;[39m
              [36m&lt;div[39m
                [33mclass[39m=[32m&quot;teacher-avatar&quot;[39m
              [36m&gt;[39m
                [36m&lt;div[39m
                  [33mclass[39m=[32m&quot;avatar-placeholder&quot;[39m
                [36m&gt;[39m
                  [0mD[0m
                [36m&lt;/div&gt;[39m
              [36m&lt;/div&gt;[39m
              [36m&lt;div[39m
                [33mclass[39m=[32m&quot;teacher-info&quot;[39m
              [36m&gt;[39m
                [36m&lt;h3&gt;[39m
                  [0mDr. Ahmet Yılmaz[0m
                [36m&lt;/h3&gt;[39m
                [36m&lt;p[39m
                  [33mclass[39m=[32m&quot;teacher-title&quot;[39m
                [36m&gt;[39m
                  [0mDoktor[0m
                [36m&lt;/p&gt;[39m
                [36m&lt;p[39m
                  [33mclass[39m=[32m&quot;teacher-bio&quot;[39m
                [36m&gt;[39m
                  [0mMatematik eğitimi uzmanı[0m
                  [0m...[0m
                [36m&lt;/p&gt;[39m
                [36m&lt;div[39m
                  [33mclass[39m=[32m&quot;teacher-meta&quot;[39m
                [36m&gt;[39m
                  [36m&lt;span[39m
                    [33mclass[39m=[32m&quot;rating&quot;[39m
                  [36m&gt;[39m
                    [0m⭐ [0m
                    [0m4.8[0m
                    [0m ([0m
                    [0m120[0m
                    [0m)[0m
                  [36m&lt;/span&gt;[39m
                  [36m&lt;span[39m
                    [33mclass[39m=[32m&quot;experience&quot;[39m
                  [36m&gt;[39m
                    [0m15[0m
                    [0m yıl[0m
                  [36m&lt;/span&gt;[39m
                  [36m&lt;span[39m
                    [33mclass[39m=[32m&quot;location&quot;[39m
                  [36m&gt;[39m
                    [0m📍 [0m
                    [0mİstanbul[0m
                  [36m&lt;/span&gt;[39m
                [36m&lt;/div&gt;[39m
                [36m&lt;div[39m
                  [33mclass[39m=[32m&quot;teacher-rate&quot;[39m
                [36m&gt;[39m
                  [36m&lt;strong&gt;[39m
                    [0m300[0m
                    [0m [0m
                    [0mTRY[0m
                  [36m&lt;/strong&gt;[39m
                  [0m / saat[0m
                [36m&lt;/div&gt;[39m
              [36m&lt;/div&gt;[39m
            [36m&lt;/div&gt;[39m
            [36m&lt;div[39m
              [33mclass[39m=[32m&quot;teacher-card&quot;[39m
            [36m&gt;[39m
              [36m&lt;div[39m
                [33mclass[39m=[32m&quot;teacher-avatar&quot;[39m
              [36m&gt;[39m
                [36m&lt;div[39m
                  [33mclass[39m=[32m&quot;avatar-placeholder&quot;[39m
                [36m&gt;[39m
                  [0mP[0m
                [36m&lt;/div&gt;[39m
              [36m&lt;/div&gt;[39m
              [36m&lt;div[39m
                [33mclass[39m=[32m&quot;teacher-info&quot;[39m
              [36m&gt;[39m
                [36m&lt;h3&gt;[39m
                  [0mProf. Ayşe Demir[0m
                [36m&lt;/h3&gt;[39m
                [36m&lt;p[39m
                  [33mclass[39m=[32m&quot;teacher-title&quot;[39m
                [36m&gt;[39m
                  [0mProfesör[0m
                [36m&lt;/p&gt;[39m
                [36m&lt;p[39m
                  [33mclass[39m=[32m&quot;teacher-bio&quot;[39m
                [36m&gt;[39m
                  [0mFizik eğitimi[0m
                  [0m...[0m
                [36m&lt;/p&gt;[39m
                [36m&lt;div[39m
                  [33mclass[39m=[32m&quot;teacher-meta&quot;[39m
                [36m&gt;[39m
                  [36m&lt;span[39m
                    [33mclass[39m=[32m&quot;rating&quot;[39m
                  [36m&gt;[39m
                    [0m⭐ [0m
                    [0m4.9[0m
                    [0m ([0m
                    [0m200[0m
                    [0m)[0m
                  [36m&lt;/span&gt;[39m
                  [36m&lt;span[39m
                    [33mclass[39m=[32m&quot;experience&quot;[39m
                  [36m&gt;[39m
                    [0m20[0m
                    [0m yıl[0m
                  [36m&lt;/span&gt;[39m
                  [36m&lt;span[39m
                    [33mclass[39m=[32m&quot;location&quot;[39m
                  [36m&gt;[39m
                    [0m📍 [0m
                    [0mAnkara[0m
                  [36m&lt;/span&gt;[39m
                [36m&lt;/div&gt;[39m
                [36m&lt;div[39m
                  [33mclass[39m=[32m&quot;teacher-rate&quot;[39m
                [36m&gt;[39m
                  [36m&lt;strong&gt;[39m
                    [0m350[0m
                    [0m [0m
                    [0mTRY[0m
                  [36m&lt;/strong&gt;[39m
                  [0m / saat[0m
                [36m&lt;/div&gt;[39m
              [36m&lt;/div&gt;[39m
            [36m&lt;/div&gt;[39m
          [36m&lt;/div&gt;[39m
        [36m&lt;/div&gt;[39m
      [36m&lt;/div&gt;[39m
    [36m&lt;/div&gt;[39m
  [36m&lt;/body&gt;[39m
[36m&lt;/html&gt;[39m" type="TestingLibraryElementError">
TestingLibraryElementError: Found multiple elements with the text: /Ara/i

Here are the matching elements:

Ignored nodes: comments, script, style
&lt;button
  class=&quot;active&quot;
&gt;
  Öğretmen Ara
&lt;/button&gt;

Ignored nodes: comments, script, style
&lt;button
  class=&quot;btn-search&quot;
&gt;
  Ara
&lt;/button&gt;

Ignored nodes: comments, script, style
&lt;span
  class=&quot;location&quot;
&gt;
  📍 
  Ankara
&lt;/span&gt;

(If this is intentional, then use the `*AllBy*` variant of the query (like `queryAllByText`, `getAllByText`, or `findAllByText`)).

Ignored nodes: comments, script, style
&lt;body&gt;
  &lt;div&gt;
    &lt;div
      class=&quot;teacher-pool&quot;
    &gt;
      &lt;div
        class=&quot;teacher-pool-header&quot;
      &gt;
        &lt;h1&gt;
          Öğretmen Havuzu
        &lt;/h1&gt;
        &lt;div
          class=&quot;view-tabs&quot;
        &gt;
          &lt;button
            class=&quot;active&quot;
          &gt;
            Öğretmen Ara
          &lt;/button&gt;
          &lt;button
            class=&quot;&quot;
          &gt;
            Randevularım
          &lt;/button&gt;
        &lt;/div&gt;
      &lt;/div&gt;
      &lt;div
        class=&quot;search-view&quot;
      &gt;
        &lt;div
          class=&quot;search-filters&quot;
        &gt;
          &lt;h3&gt;
            Filtreler
          &lt;/h3&gt;
          &lt;div
            class=&quot;filter-group&quot;
          &gt;
            &lt;label&gt;
              Ders:
            &lt;/label&gt;
            &lt;select&gt;
              &lt;option
                value=&quot;&quot;
              &gt;
                Tümü
              &lt;/option&gt;
              &lt;option
                value=&quot;mathematics&quot;
              &gt;
                Matematik
              &lt;/option&gt;
              &lt;option
                value=&quot;physics&quot;
              &gt;
                Fizik
              &lt;/option&gt;
              &lt;option
                value=&quot;chemistry&quot;
              &gt;
                Kimya
              &lt;/option&gt;
              &lt;option
                value=&quot;biology&quot;
              &gt;
                Biyoloji
              &lt;/option&gt;
              &lt;option
                value=&quot;turkish&quot;
              &gt;
                Türkçe
              &lt;/option&gt;
              &lt;option
                value=&quot;history&quot;
              &gt;
                Tarih
              &lt;/option&gt;
              &lt;option
                value=&quot;geography&quot;
              &gt;
                Coğrafya
              &lt;/option&gt;
              &lt;option
                value=&quot;english&quot;
              &gt;
                İngilizce
              &lt;/option&gt;
            &lt;/select&gt;
          &lt;/div&gt;
          &lt;div
            class=&quot;filter-group&quot;
          &gt;
            &lt;label&gt;
              Şehir:
            &lt;/label&gt;
            &lt;input
              placeholder=&quot;İstanbul, Ankara...&quot;
              type=&quot;text&quot;
              value=&quot;&quot;
            /&gt;
          &lt;/div&gt;
          &lt;div
            class=&quot;filter-group&quot;
          &gt;
            &lt;label&gt;
              Minimum Puan:
            &lt;/label&gt;
            &lt;input
              max=&quot;5&quot;
              min=&quot;0&quot;
              step=&quot;0.5&quot;
              type=&quot;number&quot;
              value=&quot;0&quot;
            /&gt;
          &lt;/div&gt;
          &lt;div
            class=&quot;filter-group&quot;
          &gt;
            &lt;label&gt;
              Max Ücret (₺/saat):
            &lt;/label&gt;
            &lt;input
              min=&quot;0&quot;
              type=&quot;number&quot;
              value=&quot;0&quot;
            /&gt;
          &lt;/div&gt;
          &lt;div
            class=&quot;filter-group checkbox&quot;
          &gt;
            &lt;label&gt;
              &lt;input
                type=&quot;checkbox&quot;
              /&gt;
              Sadece Online
            &lt;/label&gt;
          &lt;/div&gt;
          &lt;button
            class=&quot;btn-search&quot;
          &gt;
            Ara
          &lt;/button&gt;
        &lt;/div&gt;
        &lt;div
          class=&quot;teacher-list&quot;
        &gt;
          &lt;div
            class=&quot;teacher-card&quot;
          &gt;
            &lt;div
              class=&quot;teacher-avatar&quot;
            &gt;
              &lt;div
                class=&quot;avatar-placeholder&quot;
              &gt;
                D
              &lt;/div&gt;
            &lt;/div&gt;
            &lt;div
              class=&quot;teacher-info&quot;
            &gt;
              &lt;h3&gt;
                Dr. Ahmet Yılmaz
              &lt;/h3&gt;
              &lt;p
                class=&quot;teacher-title&quot;
              &gt;
                Doktor
              &lt;/p&gt;
              &lt;p
                class=&quot;teacher-bio&quot;
              &gt;
                Matematik eğitimi uzmanı
                ...
              &lt;/p&gt;
              &lt;div
                class=&quot;teacher-meta&quot;
              &gt;
                &lt;span
                  class=&quot;rating&quot;
                &gt;
                  ⭐ 
                  4.8
                   (
                  120
                  )
                &lt;/span&gt;
                &lt;span
                  class=&quot;experience&quot;
                &gt;
                  15
                   yıl
                &lt;/span&gt;
                &lt;span
                  class=&quot;location&quot;
                &gt;
                  📍 
                  İstanbul
                &lt;/span&gt;
              &lt;/div&gt;
              &lt;div
                class=&quot;teacher-rate&quot;
              &gt;
                &lt;strong&gt;
                  300
                   
                  TRY
                &lt;/strong&gt;
                 / saat
              &lt;/div&gt;
            &lt;/div&gt;
          &lt;/div&gt;
          &lt;div
            class=&quot;teacher-card&quot;
          &gt;
            &lt;div
              class=&quot;teacher-avatar&quot;
            &gt;
              &lt;div
                class=&quot;avatar-placeholder&quot;
              &gt;
                P
              &lt;/div&gt;
            &lt;/div&gt;
            &lt;div
              class=&quot;teacher-info&quot;
            &gt;
              &lt;h3&gt;
                Prof. Ayşe Demir
              &lt;/h3&gt;
              &lt;p
                class=&quot;teacher-title&quot;
              &gt;
                Profesör
              &lt;/p&gt;
              &lt;p
                class=&quot;teacher-bio&quot;
              &gt;
                Fizik eğitimi
                ...
              &lt;/p&gt;
              &lt;div
                class=&quot;teacher-meta&quot;
              &gt;
                &lt;span
                  class=&quot;rating&quot;
                &gt;
                  ⭐ 
                  4.9
                   (
                  200
                  )
                &lt;/span&gt;
                &lt;span
                  class=&quot;experience&quot;
                &gt;
                  20
                   yıl
                &lt;/span&gt;
                &lt;span
                  class=&quot;location&quot;
                &gt;
                  📍 
                  Ankara
                &lt;/span&gt;
              &lt;/div&gt;
              &lt;div
                class=&quot;teacher-rate&quot;
              &gt;
                &lt;strong&gt;
                  350
                   
                  TRY
                &lt;/strong&gt;
                 / saat
              &lt;/div&gt;
            &lt;/div&gt;
          &lt;/div&gt;
        &lt;/div&gt;
      &lt;/div&gt;
    &lt;/div&gt;
  &lt;/div&gt;
&lt;/body&gt;

Ignored nodes: comments, script, style
&lt;html&gt;
  &lt;head /&gt;
  &lt;body&gt;
    &lt;div&gt;
      &lt;div
        class=&quot;teacher-pool&quot;
      &gt;
        &lt;div
          class=&quot;teacher-pool-header&quot;
        &gt;
          &lt;h1&gt;
            Öğretmen Havuzu
          &lt;/h1&gt;
          &lt;div
            class=&quot;view-tabs&quot;
          &gt;
            &lt;button
              class=&quot;active&quot;
            &gt;
              Öğretmen Ara
            &lt;/button&gt;
            &lt;button
              class=&quot;&quot;
            &gt;
              Randevularım
            &lt;/button&gt;
          &lt;/div&gt;
        &lt;/div&gt;
        &lt;div
          class=&quot;search-view&quot;
        &gt;
          &lt;div
            class=&quot;search-filters&quot;
          &gt;
            &lt;h3&gt;
              Filtreler
            &lt;/h3&gt;
            &lt;div
              class=&quot;filter-group&quot;
            &gt;
              &lt;label&gt;
                Ders:
              &lt;/label&gt;
              &lt;select&gt;
                &lt;option
                  value=&quot;&quot;
                &gt;
                  Tümü
                &lt;/option&gt;
                &lt;option
                  value=&quot;mathematics&quot;
                &gt;
                  Matematik
                &lt;/option&gt;
                &lt;option
                  value=&quot;physics&quot;
                &gt;
                  Fizik
                &lt;/option&gt;
                &lt;option
                  value=&quot;chemistry&quot;
                &gt;
                  Kimya
                &lt;/option&gt;
                &lt;option
                  value=&quot;biology&quot;
                &gt;
                  Biyoloji
                &lt;/option&gt;
                &lt;option
                  value=&quot;turkish&quot;
                &gt;
                  Türkçe
                &lt;/option&gt;
                &lt;option
                  value=&quot;history&quot;
                &gt;
                  Tarih
                &lt;/option&gt;
                &lt;option
                  value=&quot;geography&quot;
                &gt;
                  Coğrafya
                &lt;/option&gt;
                &lt;option
                  value=&quot;english&quot;
                &gt;
                  İngilizce
                &lt;/option&gt;
              &lt;/select&gt;
            &lt;/div&gt;
            &lt;div
              class=&quot;filter-group&quot;
            &gt;
              &lt;label&gt;
                Şehir:
              &lt;/label&gt;
              &lt;input
                placeholder=&quot;İstanbul, Ankara...&quot;
                type=&quot;text&quot;
                value=&quot;&quot;
              /&gt;
            &lt;/div&gt;
            &lt;div
              class=&quot;filter-group&quot;
            &gt;
              &lt;label&gt;
                Minimum Puan:
              &lt;/label&gt;
              &lt;input
                max=&quot;5&quot;
                min=&quot;0&quot;
                step=&quot;0.5&quot;
                type=&quot;number&quot;
                value=&quot;0&quot;
              /&gt;
            &lt;/div&gt;
            &lt;div
              class=&quot;filter-group&quot;
            &gt;
              &lt;label&gt;
                Max Ücret (₺/saat):
              &lt;/label&gt;
              &lt;input
                min=&quot;0&quot;
                type=&quot;number&quot;
                value=&quot;0&quot;
              /&gt;
            &lt;/div&gt;
            &lt;div
              class=&quot;filter-group checkbox&quot;
            &gt;
              &lt;label&gt;
                &lt;input
                  type=&quot;checkbox&quot;
                /&gt;
                Sadece Online
              &lt;/label&gt;
            &lt;/div&gt;
            &lt;button
              class=&quot;btn-search&quot;
            &gt;
              Ara
            &lt;/button&gt;
          &lt;/div&gt;
          &lt;div
            class=&quot;teacher-list&quot;
          &gt;
            &lt;div
              class=&quot;teacher-card&quot;
            &gt;
              &lt;div
                class=&quot;teacher-avatar&quot;
              &gt;
                &lt;div
                  class=&quot;avatar-placeholder&quot;
                &gt;
                  D
                &lt;/div&gt;
              &lt;/div&gt;
              &lt;div
                class=&quot;teacher-info&quot;
              &gt;
                &lt;h3&gt;
                  Dr. Ahmet Yılmaz
                &lt;/h3&gt;
                &lt;p
                  class=&quot;teacher-title&quot;
                &gt;
                  Doktor
                &lt;/p&gt;
                &lt;p
                  class=&quot;teacher-bio&quot;
                &gt;
                  Matematik eğitimi uzmanı
                  ...
                &lt;/p&gt;
                &lt;div
                  class=&quot;teacher-meta&quot;
                &gt;
                  &lt;span
                    class=&quot;rating&quot;
                  &gt;
                    ⭐ 
                    4.8
                     (
                    120
                    )
                  &lt;/span&gt;
                  &lt;span
                    class=&quot;experience&quot;
                  &gt;
                    15
                     yıl
                  &lt;/span&gt;
                  &lt;span
                    class=&quot;location&quot;
                  &gt;
                    📍 
                    İstanbul
                  &lt;/span&gt;
                &lt;/div&gt;
                &lt;div
                  class=&quot;teacher-rate&quot;
                &gt;
                  &lt;strong&gt;
                    300
                     
                    TRY
                  &lt;/strong&gt;
                   / saat
                &lt;/div&gt;
              &lt;/div&gt;
            &lt;/div&gt;
            &lt;div
              class=&quot;teacher-card&quot;
            &gt;
              &lt;div
                class=&quot;teacher-avatar&quot;
              &gt;
                &lt;div
                  class=&quot;avatar-placeholder&quot;
                &gt;
                  P
                &lt;/div&gt;
              &lt;/div&gt;
              &lt;div
                class=&quot;teacher-info&quot;
              &gt;
                &lt;h3&gt;
                  Prof. Ayşe Demir
                &lt;/h3&gt;
                &lt;p
                  class=&quot;teacher-title&quot;
                &gt;
                  Profesör
                &lt;/p&gt;
                &lt;p
                  class=&quot;teacher-bio&quot;
                &gt;
                  Fizik eğitimi
                  ...
                &lt;/p&gt;
                &lt;div
                  class=&quot;teacher-meta&quot;
                &gt;
                  &lt;span
                    class=&quot;rating&quot;
                  &gt;
                    ⭐ 
                    4.9
                     (
                    200
                    )
                  &lt;/span&gt;
                  &lt;span
                    class=&quot;experience&quot;
                  &gt;
                    20
                     yıl
                  &lt;/span&gt;
                  &lt;span
                    class=&quot;location&quot;
                  &gt;
                    📍 
                    Ankara
                  &lt;/span&gt;
                &lt;/div&gt;
                &lt;div
                  class=&quot;teacher-rate&quot;
                &gt;
                  &lt;strong&gt;
                    350
                     
                    TRY
                  &lt;/strong&gt;
                   / saat
                &lt;/div&gt;
              &lt;/div&gt;
            &lt;/div&gt;
          &lt;/div&gt;
        &lt;/div&gt;
      &lt;/div&gt;
    &lt;/div&gt;
  &lt;/body&gt;
&lt;/html&gt;
 ❯ waitForWrapper node_modules/@testing-library/react/node_modules/@testing-library/dom/dist/wait-for.js:163:27
 ❯ src/components/TeacherPool/__tests__/TeacherPool.test.tsx:128:11
            </failure>
        </testcase>
        <testcase classname="src/components/TeacherPool/__tests__/TeacherPool.test.tsx" name="TeacherPool - Teacher Search &gt; searches teachers on mount" time="0.0298405">
        </testcase>
        <testcase classname="src/components/TeacherPool/__tests__/TeacherPool.test.tsx" name="TeacherPool - Teacher Search &gt; displays teacher cards" time="0.0635878">
        </testcase>
        <testcase classname="src/components/TeacherPool/__tests__/TeacherPool.test.tsx" name="TeacherPool - Teacher Search &gt; displays teacher ratings" time="1.041261">
            <failure message="Unable to find an element with the text: 4.8. This could be because the text is broken up by multiple elements. In this case, you can provide a function for your text matcher to make your matcher more flexible.

Ignored nodes: comments, script, style
[36m&lt;body&gt;[39m
  [36m&lt;div&gt;[39m
    [36m&lt;div[39m
      [33mclass[39m=[32m&quot;teacher-pool&quot;[39m
    [36m&gt;[39m
      [36m&lt;div[39m
        [33mclass[39m=[32m&quot;teacher-pool-header&quot;[39m
      [36m&gt;[39m
        [36m&lt;h1&gt;[39m
          [0mÖğretmen Havuzu[0m
        [36m&lt;/h1&gt;[39m
        [36m&lt;div[39m
          [33mclass[39m=[32m&quot;view-tabs&quot;[39m
        [36m&gt;[39m
          [36m&lt;button[39m
            [33mclass[39m=[32m&quot;active&quot;[39m
          [36m&gt;[39m
            [0mÖğretmen Ara[0m
          [36m&lt;/button&gt;[39m
          [36m&lt;button[39m
            [33mclass[39m=[32m&quot;&quot;[39m
          [36m&gt;[39m
            [0mRandevularım[0m
          [36m&lt;/button&gt;[39m
        [36m&lt;/div&gt;[39m
      [36m&lt;/div&gt;[39m
      [36m&lt;div[39m
        [33mclass[39m=[32m&quot;search-view&quot;[39m
      [36m&gt;[39m
        [36m&lt;div[39m
          [33mclass[39m=[32m&quot;search-filters&quot;[39m
        [36m&gt;[39m
          [36m&lt;h3&gt;[39m
            [0mFiltreler[0m
          [36m&lt;/h3&gt;[39m
          [36m&lt;div[39m
            [33mclass[39m=[32m&quot;filter-group&quot;[39m
          [36m&gt;[39m
            [36m&lt;label&gt;[39m
              [0mDers:[0m
            [36m&lt;/label&gt;[39m
            [36m&lt;select&gt;[39m
              [36m&lt;option[39m
                [33mvalue[39m=[32m&quot;&quot;[39m
              [36m&gt;[39m
                [0mTümü[0m
              [36m&lt;/option&gt;[39m
              [36m&lt;option[39m
                [33mvalue[39m=[32m&quot;mathematics&quot;[39m
              [36m&gt;[39m
                [0mMatematik[0m
              [36m&lt;/option&gt;[39m
              [36m&lt;option[39m
                [33mvalue[39m=[32m&quot;physics&quot;[39m
              [36m&gt;[39m
                [0mFizik[0m
              [36m&lt;/option&gt;[39m
              [36m&lt;option[39m
                [33mvalue[39m=[32m&quot;chemistry&quot;[39m
              [36m&gt;[39m
                [0mKimya[0m
              [36m&lt;/option&gt;[39m
              [36m&lt;option[39m
                [33mvalue[39m=[32m&quot;biology&quot;[39m
              [36m&gt;[39m
                [0mBiyoloji[0m
              [36m&lt;/option&gt;[39m
              [36m&lt;option[39m
                [33mvalue[39m=[32m&quot;turkish&quot;[39m
              [36m&gt;[39m
                [0mTürkçe[0m
              [36m&lt;/option&gt;[39m
              [36m&lt;option[39m
                [33mvalue[39m=[32m&quot;history&quot;[39m
              [36m&gt;[39m
                [0mTarih[0m
              [36m&lt;/option&gt;[39m
              [36m&lt;option[39m
                [33mvalue[39m=[32m&quot;geography&quot;[39m
              [36m&gt;[39m
                [0mCoğrafya[0m
              [36m&lt;/option&gt;[39m
              [36m&lt;option[39m
                [33mvalue[39m=[32m&quot;english&quot;[39m
              [36m&gt;[39m
                [0mİngilizce[0m
              [36m&lt;/option&gt;[39m
            [36m&lt;/select&gt;[39m
          [36m&lt;/div&gt;[39m
          [36m&lt;div[39m
            [33mclass[39m=[32m&quot;filter-group&quot;[39m
          [36m&gt;[39m
            [36m&lt;label&gt;[39m
              [0mŞehir:[0m
            [36m&lt;/label&gt;[39m
            [36m&lt;input[39m
              [33mplaceholder[39m=[32m&quot;İstanbul, Ankara...&quot;[39m
              [33mtype[39m=[32m&quot;text&quot;[39m
              [33mvalue[39m=[32m&quot;&quot;[39m
            [36m/&gt;[39m
          [36m&lt;/div&gt;[39m
          [36m&lt;div[39m
            [33mclass[39m=[32m&quot;filter-group&quot;[39m
          [36m&gt;[39m
            [36m&lt;label&gt;[39m
              [0mMinimum Puan:[0m
            [36m&lt;/label&gt;[39m
            [36m&lt;input[39m
              [33mmax[39m=[32m&quot;5&quot;[39m
              [33mmin[39m=[32m&quot;0&quot;[39m
              [33mstep[39m=[32m&quot;0.5&quot;[39m
              [33mtype[39m=[32m&quot;number&quot;[39m
              [33mvalue[39m=[32m&quot;0&quot;[39m
            [36m/&gt;[39m
          [36m&lt;/div&gt;[39m
          [36m&lt;div[39m
            [33mclass[39m=[32m&quot;filter-group&quot;[39m
          [36m&gt;[39m
            [36m&lt;label&gt;[39m
              [0mMax Ücret (₺/saat):[0m
            [36m&lt;/label&gt;[39m
            [36m&lt;input[39m
              [33mmin[39m=[32m&quot;0&quot;[39m
              [33mtype[39m=[32m&quot;number&quot;[39m
              [33mvalue[39m=[32m&quot;0&quot;[39m
            [36m/&gt;[39m
          [36m&lt;/div&gt;[39m
          [36m&lt;div[39m
            [33mclass[39m=[32m&quot;filter-group checkbox&quot;[39m
          [36m&gt;[39m
            [36m&lt;label&gt;[39m
              [36m&lt;input[39m
                [33mtype[39m=[32m&quot;checkbox&quot;[39m
              [36m/&gt;[39m
              [0mSadece Online[0m
            [36m&lt;/label&gt;[39m
          [36m&lt;/div&gt;[39m
          [36m&lt;button[39m
            [33mclass[39m=[32m&quot;btn-search&quot;[39m
          [36m&gt;[39m
            [0mAra[0m
          [36m&lt;/button&gt;[39m
        [36m&lt;/div&gt;[39m
        [36m&lt;div[39m
          [33mclass[39m=[32m&quot;teacher-list&quot;[39m
        [36m&gt;[39m
          [36m&lt;div[39m
            [33mclass[39m=[32m&quot;teacher-card&quot;[39m
          [36m&gt;[39m
            [36m&lt;div[39m
              [33mclass[39m=[32m&quot;teacher-avatar&quot;[39m
            [36m&gt;[39m
              [36m&lt;div[39m
                [33mclass[39m=[32m&quot;avatar-placeholder&quot;[39m
              [36m&gt;[39m
                [0mD[0m
              [36m&lt;/div&gt;[39m
            [36m&lt;/div&gt;[39m
            [36m&lt;div[39m
              [33mclass[39m=[32m&quot;teacher-info&quot;[39m
            [36m&gt;[39m
              [36m&lt;h3&gt;[39m
                [0mDr. Ahmet Yılmaz[0m
              [36m&lt;/h3&gt;[39m
              [36m&lt;p[39m
                [33mclass[39m=[32m&quot;teacher-title&quot;[39m
              [36m&gt;[39m
                [0mDoktor[0m
              [36m&lt;/p&gt;[39m
              [36m&lt;p[39m
                [33mclass[39m=[32m&quot;teacher-bio&quot;[39m
              [36m&gt;[39m
                [0mMatematik eğitimi uzmanı[0m
                [0m...[0m
              [36m&lt;/p&gt;[39m
              [36m&lt;div[39m
                [33mclass[39m=[32m&quot;teacher-meta&quot;[39m
              [36m&gt;[39m
                [36m&lt;span[39m
                  [33mclass[39m=[32m&quot;rating&quot;[39m
                [36m&gt;[39m
                  [0m⭐ [0m
                  [0m4.8[0m
                  [0m ([0m
                  [0m120[0m
                  [0m)[0m
                [36m&lt;/span&gt;[39m
                [36m&lt;span[39m
                  [33mclass[39m=[32m&quot;experience&quot;[39m
                [36m&gt;[39m
                  [0m15[0m
                  [0m yıl[0m
                [36m&lt;/span&gt;[39m
                [36m&lt;span[39m
                  [33mclass[39m=[32m&quot;location&quot;[39m
                [36m&gt;[39m
                  [0m📍 [0m
                  [0mİstanbul[0m
                [36m&lt;/span&gt;[39m
              [36m&lt;/div&gt;[39m
              [36m&lt;div[39m
                [33mclass[39m=[32m&quot;teacher-rate&quot;[39m
              [36m&gt;[39m
                [36m&lt;strong&gt;[39m
                  [0m300[0m
                  [0m [0m
                  [0mTRY[0m
                [36m&lt;/strong&gt;[39m
                [0m / saat[0m
              [36m&lt;/div&gt;[39m
            [36m&lt;/div&gt;[39m
          [36m&lt;/div&gt;[39m
          [36m&lt;div[39m
            [33mclass[39m=[32m&quot;teacher-card&quot;[39m
          [36m&gt;[39m
            [36m&lt;div[39m
              [33mclass[39m=[32m&quot;teacher-avatar&quot;[39m
            [36m&gt;[39m
              [36m&lt;div[39m
                [33mclass[39m=[32m&quot;avatar-placeholder&quot;[39m
              [36m&gt;[39m
                [0mP[0m
              [36m&lt;/div&gt;[39m
            [36m&lt;/div&gt;[39m
            [36m&lt;div[39m
              [33mclass[39m=[32m&quot;teacher-info&quot;[39m
            [36m&gt;[39m
              [36m&lt;h3&gt;[39m
                [0mProf. Ayşe Demir[0m
              [36m&lt;/h3&gt;[39m
              [36m&lt;p[39m
                [33mclass[39m=[32m&quot;teacher-title&quot;[39m
              [36m&gt;[39m
                [0mProfesör[0m
              [36m&lt;/p&gt;[39m
              [36m&lt;p[39m
                [33mclass[39m=[32m&quot;teacher-bio&quot;[39m
              [36m&gt;[39m
                [0mFizik eğitimi[0m
                [0m...[0m
              [36m&lt;/p&gt;[39m
              [36m&lt;div[39m
                [33mclass[39m=[32m&quot;teacher-meta&quot;[39m
              [36m&gt;[39m
                [36m&lt;span[39m
                  [33mclass[39m=[32m&quot;rating&quot;[39m
                [36m&gt;[39m
                  [0m⭐ [0m
                  [0m4.9[0m
                  [0m ([0m
                  [0m200[0m
                  [0m)[0m
                [36m&lt;/span&gt;[39m
                [36m&lt;span[39m
                  [33mclass[39m=[32m&quot;experience&quot;[39m
                [36m&gt;[39m
                  [0m20[0m
                  [0m yıl[0m
                [36m&lt;/span&gt;[39m
                [36m&lt;span[39m
                  [33mclass[39m=[32m&quot;location&quot;[39m
                [36m&gt;[39m
                  [0m📍 [0m
                  [0mAnkara[0m
                [36m&lt;/span&gt;[39m
              [36m&lt;/div&gt;[39m
              [36m&lt;div[39m
                [33mclass[39m=[32m&quot;teacher-rate&quot;[39m
              [36m&gt;[39m
                [36m&lt;strong&gt;[39m
                  [0m350[0m
                  [0m [0m
                  [0mTRY[0m
                [36m&lt;/strong&gt;[39m
                [0m / saat[0m
              [36m&lt;/div&gt;[39m
            [36m&lt;/div&gt;[39m
          [36m&lt;/div&gt;[39m
        [36m&lt;/div&gt;[39m
      [36m&lt;/div&gt;[39m
    [36m&lt;/div&gt;[39m
  [36m&lt;/div&gt;[39m
[36m&lt;/body&gt;[39m

Ignored nodes: comments, script, style
[36m&lt;html&gt;[39m
  [36m&lt;head /&gt;[39m
  [36m&lt;body&gt;[39m
    [36m&lt;div&gt;[39m
      [36m&lt;div[39m
        [33mclass[39m=[32m&quot;teacher-pool&quot;[39m
      [36m&gt;[39m
        [36m&lt;div[39m
          [33mclass[39m=[32m&quot;teacher-pool-header&quot;[39m
        [36m&gt;[39m
          [36m&lt;h1&gt;[39m
            [0mÖğretmen Havuzu[0m
          [36m&lt;/h1&gt;[39m
          [36m&lt;div[39m
            [33mclass[39m=[32m&quot;view-tabs&quot;[39m
          [36m&gt;[39m
            [36m&lt;button[39m
              [33mclass[39m=[32m&quot;active&quot;[39m
            [36m&gt;[39m
              [0mÖğretmen Ara[0m
            [36m&lt;/button&gt;[39m
            [36m&lt;button[39m
              [33mclass[39m=[32m&quot;&quot;[39m
            [36m&gt;[39m
              [0mRandevularım[0m
            [36m&lt;/button&gt;[39m
          [36m&lt;/div&gt;[39m
        [36m&lt;/div&gt;[39m
        [36m&lt;div[39m
          [33mclass[39m=[32m&quot;search-view&quot;[39m
        [36m&gt;[39m
          [36m&lt;div[39m
            [33mclass[39m=[32m&quot;search-filters&quot;[39m
          [36m&gt;[39m
            [36m&lt;h3&gt;[39m
              [0mFiltreler[0m
            [36m&lt;/h3&gt;[39m
            [36m&lt;div[39m
              [33mclass[39m=[32m&quot;filter-group&quot;[39m
            [36m&gt;[39m
              [36m&lt;label&gt;[39m
                [0mDers:[0m
              [36m&lt;/label&gt;[39m
              [36m&lt;select&gt;[39m
                [36m&lt;option[39m
                  [33mvalue[39m=[32m&quot;&quot;[39m
                [36m&gt;[39m
                  [0mTümü[0m
                [36m&lt;/option&gt;[39m
                [36m&lt;option[39m
                  [33mvalue[39m=[32m&quot;mathematics&quot;[39m
                [36m&gt;[39m
                  [0mMatematik[0m
                [36m&lt;/option&gt;[39m
                [36m&lt;option[39m
                  [33mvalue[39m=[32m&quot;physics&quot;[39m
                [36m&gt;[39m
                  [0mFizik[0m
                [36m&lt;/option&gt;[39m
                [36m&lt;option[39m
                  [33mvalue[39m=[32m&quot;chemistry&quot;[39m
                [36m&gt;[39m
                  [0mKimya[0m
                [36m&lt;/option&gt;[39m
                [36m&lt;option[39m
                  [33mvalue[39m=[32m&quot;biology&quot;[39m
                [36m&gt;[39m
                  [0mBiyoloji[0m
                [36m&lt;/option&gt;[39m
                [36m&lt;option[39m
                  [33mvalue[39m=[32m&quot;turkish&quot;[39m
                [36m&gt;[39m
                  [0mTürkçe[0m
                [36m&lt;/option&gt;[39m
                [36m&lt;option[39m
                  [33mvalue[39m=[32m&quot;history&quot;[39m
                [36m&gt;[39m
                  [0mTarih[0m
                [36m&lt;/option&gt;[39m
                [36m&lt;option[39m
                  [33mvalue[39m=[32m&quot;geography&quot;[39m
                [36m&gt;[39m
                  [0mCoğrafya[0m
                [36m&lt;/option&gt;[39m
                [36m&lt;option[39m
                  [33mvalue[39m=[32m&quot;english&quot;[39m
                [36m&gt;[39m
                  [0mİngilizce[0m
                [36m&lt;/option&gt;[39m
              [36m&lt;/select&gt;[39m
            [36m&lt;/div&gt;[39m
            [36m&lt;div[39m
              [33mclass[39m=[32m&quot;filter-group&quot;[39m
            [36m&gt;[39m
              [36m&lt;label&gt;[39m
                [0mŞehir:[0m
              [36m&lt;/label&gt;[39m
              [36m&lt;input[39m
                [33mplaceholder[39m=[32m&quot;İstanbul, Ankara...&quot;[39m
                [33mtype[39m=[32m&quot;text&quot;[39m
                [33mvalue[39m=[32m&quot;&quot;[39m
              [36m/&gt;[39m
            [36m&lt;/div&gt;[39m
            [36m&lt;div[39m
              [33mclass[39m=[32m&quot;filter-group&quot;[39m
            [36m&gt;[39m
              [36m&lt;label&gt;[39m
                [0mMinimum Puan:[0m
              [36m&lt;/label&gt;[39m
              [36m&lt;input[39m
                [33mmax[39m=[32m&quot;5&quot;[39m
                [33mmin[39m=[32m&quot;0&quot;[39m
                [33mstep[39m=[32m&quot;0.5&quot;[39m
                [33mtype[39m=[32m&quot;number&quot;[39m
                [33mvalue[39m=[32m&quot;0&quot;[39m
              [36m/&gt;[39m
            [36m&lt;/div&gt;[39m
            [36m&lt;div[39m
              [33mclass[39m=[32m&quot;filter-group&quot;[39m
            [36m&gt;[39m
              [36m&lt;label&gt;[39m
                [0mMax Ücret (₺/saat):[0m
              [36m&lt;/label&gt;[39m
              [36m&lt;input[39m
                [33mmin[39m=[32m&quot;0&quot;[39m
                [33mtype[39m=[32m&quot;number&quot;[39m
                [33mvalue[39m=[32m&quot;0&quot;[39m
              [36m/&gt;[39m
            [36m&lt;/div&gt;[39m
            [36m&lt;div[39m
              [33mclass[39m=[32m&quot;filter-group checkbox&quot;[39m
            [36m&gt;[39m
              [36m&lt;label&gt;[39m
                [36m&lt;input[39m
                  [33mtype[39m=[32m&quot;checkbox&quot;[39m
                [36m/&gt;[39m
                [0mSadece Online[0m
              [36m&lt;/label&gt;[39m
            [36m&lt;/div&gt;[39m
            [36m&lt;button[39m
              [33mclass[39m=[32m&quot;btn-search&quot;[39m
            [36m&gt;[39m
              [0mAra[0m
            [36m&lt;/button&gt;[39m
          [36m&lt;/div&gt;[39m
          [36m&lt;div[39m
            [33mclass[39m=[32m&quot;teacher-list&quot;[39m
          [36m&gt;[39m
            [36m&lt;div[39m
              [33mclass[39m=[32m&quot;teacher-card&quot;[39m
            [36m&gt;[39m
              [36m&lt;div[39m
                [33mclass[39m=[32m&quot;teacher-avatar&quot;[39m
              [36m&gt;[39m
                [36m&lt;div[39m
                  [33mclass[39m=[32m&quot;avatar-placeholder&quot;[39m
                [36m&gt;[39m
                  [0mD[0m
                [36m&lt;/div&gt;[39m
              [36m&lt;/div&gt;[39m
              [36m&lt;div[39m
                [33mclass[39m=[32m&quot;teacher-info&quot;[39m
              [36m&gt;[39m
                [36m&lt;h3&gt;[39m
                  [0mDr. Ahmet Yılmaz[0m
                [36m&lt;/h3&gt;[39m
                [36m&lt;p[39m
                  [33mclass[39m=[32m&quot;teacher-title&quot;[39m
                [36m&gt;[39m
                  [0mDoktor[0m
                [36m&lt;/p&gt;[39m
                [36m&lt;p[39m
                  [33mclass[39m=[32m&quot;teacher-bio&quot;[39m
                [36m&gt;[39m
                  [0mMatematik eğitimi uzmanı[0m
                  [0m...[0m
                [36m&lt;/p&gt;[39m
                [36m&lt;div[39m
                  [33mclass[39m=[32m&quot;teacher-meta&quot;[39m
                [36m&gt;[39m
                  [36m&lt;span[39m
                    [33mclass[39m=[32m&quot;rating&quot;[39m
                  [36m&gt;[39m
                    [0m⭐ [0m
                    [0m4.8[0m
                    [0m ([0m
                    [0m120[0m
                    [0m)[0m
                  [36m&lt;/span&gt;[39m
                  [36m&lt;span[39m
                    [33mclass[39m=[32m&quot;experience&quot;[39m
                  [36m&gt;[39m
                    [0m15[0m
                    [0m yıl[0m
                  [36m&lt;/span&gt;[39m
                  [36m&lt;span[39m
                    [33mclass[39m=[32m&quot;location&quot;[39m
                  [36m&gt;[39m
                    [0m📍 [0m
                    [0mİstanbul[0m
                  [36m&lt;/span&gt;[39m
                [36m&lt;/div&gt;[39m
                [36m&lt;div[39m
                  [33mclass[39m=[32m&quot;teacher-rate&quot;[39m
                [36m&gt;[39m
                  [36m&lt;strong&gt;[39m
                    [0m300[0m
                    [0m [0m
                    [0mTRY[0m
                  [36m&lt;/strong&gt;[39m
                  [0m / saat[0m
                [36m&lt;/div&gt;[39m
              [36m&lt;/div&gt;[39m
            [36m&lt;/div&gt;[39m
            [36m&lt;div[39m
              [33mclass[39m=[32m&quot;teacher-card&quot;[39m
            [36m&gt;[39m
              [36m&lt;div[39m
                [33mclass[39m=[32m&quot;teacher-avatar&quot;[39m
              [36m&gt;[39m
                [36m&lt;div[39m
                  [33mclass[39m=[32m&quot;avatar-placeholder&quot;[39m
                [36m&gt;[39m
                  [0mP[0m
                [36m&lt;/div&gt;[39m
              [36m&lt;/div&gt;[39m
              [36m&lt;div[39m
                [33mclass[39m=[32m&quot;teacher-info&quot;[39m
              [36m&gt;[39m
                [36m&lt;h3&gt;[39m
                  [0mProf. Ayşe Demir[0m
                [36m&lt;/h3&gt;[39m
                [36m&lt;p[39m
                  [33mclass[39m=[32m&quot;teacher-title&quot;[39m
                [36m&gt;[39m
                  [0mProfesör[0m
                [36m&lt;/p&gt;[39m
                [36m&lt;p[39m
                  [33mclass[39m=[32m&quot;teacher-bio&quot;[39m
                [36m&gt;[39m
                  [0mFizik eğitimi[0m
                  [0m...[0m
                [36m&lt;/p&gt;[39m
                [36m&lt;div[39m
                  [33mclass[39m=[32m&quot;teacher-meta&quot;[39m
                [36m&gt;[39m
                  [36m&lt;span[39m
                    [33mclass[39m=[32m&quot;rating&quot;[39m
                  [36m&gt;[39m
                    [0m⭐ [0m
                    [0m4.9[0m
                    [0m ([0m
                    [0m200[0m
                    [0m)[0m
                  [36m&lt;/span&gt;[39m
                  [36m&lt;span[39m
                    [33mclass[39m=[32m&quot;experience&quot;[39m
                  [36m&gt;[39m
                    [0m20[0m
                    [0m yıl[0m
                  [36m&lt;/span&gt;[39m
                  [36m&lt;span[39m
                    [33mclass[39m=[32m&quot;location&quot;[39m
                  [36m&gt;[39m
                    [0m📍 [0m
                    [0mAnkara[0m
                  [36m&lt;/span&gt;[39m
                [36m&lt;/div&gt;[39m
                [36m&lt;div[39m
                  [33mclass[39m=[32m&quot;teacher-rate&quot;[39m
                [36m&gt;[39m
                  [36m&lt;strong&gt;[39m
                    [0m350[0m
                    [0m [0m
                    [0mTRY[0m
                  [36m&lt;/strong&gt;[39m
                  [0m / saat[0m
                [36m&lt;/div&gt;[39m
              [36m&lt;/div&gt;[39m
            [36m&lt;/div&gt;[39m
          [36m&lt;/div&gt;[39m
        [36m&lt;/div&gt;[39m
      [36m&lt;/div&gt;[39m
    [36m&lt;/div&gt;[39m
  [36m&lt;/body&gt;[39m
[36m&lt;/html&gt;[39m" type="TestingLibraryElementError">
TestingLibraryElementError: Unable to find an element with the text: 4.8. This could be because the text is broken up by multiple elements. In this case, you can provide a function for your text matcher to make your matcher more flexible.

Ignored nodes: comments, script, style
&lt;body&gt;
  &lt;div&gt;
    &lt;div
      class=&quot;teacher-pool&quot;
    &gt;
      &lt;div
        class=&quot;teacher-pool-header&quot;
      &gt;
        &lt;h1&gt;
          Öğretmen Havuzu
        &lt;/h1&gt;
        &lt;div
          class=&quot;view-tabs&quot;
        &gt;
          &lt;button
            class=&quot;active&quot;
          &gt;
            Öğretmen Ara
          &lt;/button&gt;
          &lt;button
            class=&quot;&quot;
          &gt;
            Randevularım
          &lt;/button&gt;
        &lt;/div&gt;
      &lt;/div&gt;
      &lt;div
        class=&quot;search-view&quot;
      &gt;
        &lt;div
          class=&quot;search-filters&quot;
        &gt;
          &lt;h3&gt;
            Filtreler
          &lt;/h3&gt;
          &lt;div
            class=&quot;filter-group&quot;
          &gt;
            &lt;label&gt;
              Ders:
            &lt;/label&gt;
            &lt;select&gt;
              &lt;option
                value=&quot;&quot;
              &gt;
                Tümü
              &lt;/option&gt;
              &lt;option
                value=&quot;mathematics&quot;
              &gt;
                Matematik
              &lt;/option&gt;
              &lt;option
                value=&quot;physics&quot;
              &gt;
                Fizik
              &lt;/option&gt;
              &lt;option
                value=&quot;chemistry&quot;
              &gt;
                Kimya
              &lt;/option&gt;
              &lt;option
                value=&quot;biology&quot;
              &gt;
                Biyoloji
              &lt;/option&gt;
              &lt;option
                value=&quot;turkish&quot;
              &gt;
                Türkçe
              &lt;/option&gt;
              &lt;option
                value=&quot;history&quot;
              &gt;
                Tarih
              &lt;/option&gt;
              &lt;option
                value=&quot;geography&quot;
              &gt;
                Coğrafya
              &lt;/option&gt;
              &lt;option
                value=&quot;english&quot;
              &gt;
                İngilizce
              &lt;/option&gt;
            &lt;/select&gt;
          &lt;/div&gt;
          &lt;div
            class=&quot;filter-group&quot;
          &gt;
            &lt;label&gt;
              Şehir:
            &lt;/label&gt;
            &lt;input
              placeholder=&quot;İstanbul, Ankara...&quot;
              type=&quot;text&quot;
              value=&quot;&quot;
            /&gt;
          &lt;/div&gt;
          &lt;div
            class=&quot;filter-group&quot;
          &gt;
            &lt;label&gt;
              Minimum Puan:
            &lt;/label&gt;
            &lt;input
              max=&quot;5&quot;
              min=&quot;0&quot;
              step=&quot;0.5&quot;
              type=&quot;number&quot;
              value=&quot;0&quot;
            /&gt;
          &lt;/div&gt;
          &lt;div
            class=&quot;filter-group&quot;
          &gt;
            &lt;label&gt;
              Max Ücret (₺/saat):
            &lt;/label&gt;
            &lt;input
              min=&quot;0&quot;
              type=&quot;number&quot;
              value=&quot;0&quot;
            /&gt;
          &lt;/div&gt;
          &lt;div
            class=&quot;filter-group checkbox&quot;
          &gt;
            &lt;label&gt;
              &lt;input
                type=&quot;checkbox&quot;
              /&gt;
              Sadece Online
            &lt;/label&gt;
          &lt;/div&gt;
          &lt;button
            class=&quot;btn-search&quot;
          &gt;
            Ara
          &lt;/button&gt;
        &lt;/div&gt;
        &lt;div
          class=&quot;teacher-list&quot;
        &gt;
          &lt;div
            class=&quot;teacher-card&quot;
          &gt;
            &lt;div
              class=&quot;teacher-avatar&quot;
            &gt;
              &lt;div
                class=&quot;avatar-placeholder&quot;
              &gt;
                D
              &lt;/div&gt;
            &lt;/div&gt;
            &lt;div
              class=&quot;teacher-info&quot;
            &gt;
              &lt;h3&gt;
                Dr. Ahmet Yılmaz
              &lt;/h3&gt;
              &lt;p
                class=&quot;teacher-title&quot;
              &gt;
                Doktor
              &lt;/p&gt;
              &lt;p
                class=&quot;teacher-bio&quot;
              &gt;
                Matematik eğitimi uzmanı
                ...
              &lt;/p&gt;
              &lt;div
                class=&quot;teacher-meta&quot;
              &gt;
                &lt;span
                  class=&quot;rating&quot;
                &gt;
                  ⭐ 
                  4.8
                   (
                  120
                  )
                &lt;/span&gt;
                &lt;span
                  class=&quot;experience&quot;
                &gt;
                  15
                   yıl
                &lt;/span&gt;
                &lt;span
                  class=&quot;location&quot;
                &gt;
                  📍 
                  İstanbul
                &lt;/span&gt;
              &lt;/div&gt;
              &lt;div
                class=&quot;teacher-rate&quot;
              &gt;
                &lt;strong&gt;
                  300
                   
                  TRY
                &lt;/strong&gt;
                 / saat
              &lt;/div&gt;
            &lt;/div&gt;
          &lt;/div&gt;
          &lt;div
            class=&quot;teacher-card&quot;
          &gt;
            &lt;div
              class=&quot;teacher-avatar&quot;
            &gt;
              &lt;div
                class=&quot;avatar-placeholder&quot;
              &gt;
                P
              &lt;/div&gt;
            &lt;/div&gt;
            &lt;div
              class=&quot;teacher-info&quot;
            &gt;
              &lt;h3&gt;
                Prof. Ayşe Demir
              &lt;/h3&gt;
              &lt;p
                class=&quot;teacher-title&quot;
              &gt;
                Profesör
              &lt;/p&gt;
              &lt;p
                class=&quot;teacher-bio&quot;
              &gt;
                Fizik eğitimi
                ...
              &lt;/p&gt;
              &lt;div
                class=&quot;teacher-meta&quot;
              &gt;
                &lt;span
                  class=&quot;rating&quot;
                &gt;
                  ⭐ 
                  4.9
                   (
                  200
                  )
                &lt;/span&gt;
                &lt;span
                  class=&quot;experience&quot;
                &gt;
                  20
                   yıl
                &lt;/span&gt;
                &lt;span
                  class=&quot;location&quot;
                &gt;
                  📍 
                  Ankara
                &lt;/span&gt;
              &lt;/div&gt;
              &lt;div
                class=&quot;teacher-rate&quot;
              &gt;
                &lt;strong&gt;
                  350
                   
                  TRY
                &lt;/strong&gt;
                 / saat
              &lt;/div&gt;
            &lt;/div&gt;
          &lt;/div&gt;
        &lt;/div&gt;
      &lt;/div&gt;
    &lt;/div&gt;
  &lt;/div&gt;
&lt;/body&gt;

Ignored nodes: comments, script, style
&lt;html&gt;
  &lt;head /&gt;
  &lt;body&gt;
    &lt;div&gt;
      &lt;div
        class=&quot;teacher-pool&quot;
      &gt;
        &lt;div
          class=&quot;teacher-pool-header&quot;
        &gt;
          &lt;h1&gt;
            Öğretmen Havuzu
          &lt;/h1&gt;
          &lt;div
            class=&quot;view-tabs&quot;
          &gt;
            &lt;button
              class=&quot;active&quot;
            &gt;
              Öğretmen Ara
            &lt;/button&gt;
            &lt;button
              class=&quot;&quot;
            &gt;
              Randevularım
            &lt;/button&gt;
          &lt;/div&gt;
        &lt;/div&gt;
        &lt;div
          class=&quot;search-view&quot;
        &gt;
          &lt;div
            class=&quot;search-filters&quot;
          &gt;
            &lt;h3&gt;
              Filtreler
            &lt;/h3&gt;
            &lt;div
              class=&quot;filter-group&quot;
            &gt;
              &lt;label&gt;
                Ders:
              &lt;/label&gt;
              &lt;select&gt;
                &lt;option
                  value=&quot;&quot;
                &gt;
                  Tümü
                &lt;/option&gt;
                &lt;option
                  value=&quot;mathematics&quot;
                &gt;
                  Matematik
                &lt;/option&gt;
                &lt;option
                  value=&quot;physics&quot;
                &gt;
                  Fizik
                &lt;/option&gt;
                &lt;option
                  value=&quot;chemistry&quot;
                &gt;
                  Kimya
                &lt;/option&gt;
                &lt;option
                  value=&quot;biology&quot;
                &gt;
                  Biyoloji
                &lt;/option&gt;
                &lt;option
                  value=&quot;turkish&quot;
                &gt;
                  Türkçe
                &lt;/option&gt;
                &lt;option
                  value=&quot;history&quot;
                &gt;
                  Tarih
                &lt;/option&gt;
                &lt;option
                  value=&quot;geography&quot;
                &gt;
                  Coğrafya
                &lt;/option&gt;
                &lt;option
                  value=&quot;english&quot;
                &gt;
                  İngilizce
                &lt;/option&gt;
              &lt;/select&gt;
            &lt;/div&gt;
            &lt;div
              class=&quot;filter-group&quot;
            &gt;
              &lt;label&gt;
                Şehir:
              &lt;/label&gt;
              &lt;input
                placeholder=&quot;İstanbul, Ankara...&quot;
                type=&quot;text&quot;
                value=&quot;&quot;
              /&gt;
            &lt;/div&gt;
            &lt;div
              class=&quot;filter-group&quot;
            &gt;
              &lt;label&gt;
                Minimum Puan:
              &lt;/label&gt;
              &lt;input
                max=&quot;5&quot;
                min=&quot;0&quot;
                step=&quot;0.5&quot;
                type=&quot;number&quot;
                value=&quot;0&quot;
              /&gt;
            &lt;/div&gt;
            &lt;div
              class=&quot;filter-group&quot;
            &gt;
              &lt;label&gt;
                Max Ücret (₺/saat):
              &lt;/label&gt;
              &lt;input
                min=&quot;0&quot;
                type=&quot;number&quot;
                value=&quot;0&quot;
              /&gt;
            &lt;/div&gt;
            &lt;div
              class=&quot;filter-group checkbox&quot;
            &gt;
              &lt;label&gt;
                &lt;input
                  type=&quot;checkbox&quot;
                /&gt;
                Sadece Online
              &lt;/label&gt;
            &lt;/div&gt;
            &lt;button
              class=&quot;btn-search&quot;
            &gt;
              Ara
            &lt;/button&gt;
          &lt;/div&gt;
          &lt;div
            class=&quot;teacher-list&quot;
          &gt;
            &lt;div
              class=&quot;teacher-card&quot;
            &gt;
              &lt;div
                class=&quot;teacher-avatar&quot;
              &gt;
                &lt;div
                  class=&quot;avatar-placeholder&quot;
                &gt;
                  D
                &lt;/div&gt;
              &lt;/div&gt;
              &lt;div
                class=&quot;teacher-info&quot;
              &gt;
                &lt;h3&gt;
                  Dr. Ahmet Yılmaz
                &lt;/h3&gt;
                &lt;p
                  class=&quot;teacher-title&quot;
                &gt;
                  Doktor
                &lt;/p&gt;
                &lt;p
                  class=&quot;teacher-bio&quot;
                &gt;
                  Matematik eğitimi uzmanı
                  ...
                &lt;/p&gt;
                &lt;div
                  class=&quot;teacher-meta&quot;
                &gt;
                  &lt;span
                    class=&quot;rating&quot;
                  &gt;
                    ⭐ 
                    4.8
                     (
                    120
                    )
                  &lt;/span&gt;
                  &lt;span
                    class=&quot;experience&quot;
                  &gt;
                    15
                     yıl
                  &lt;/span&gt;
                  &lt;span
                    class=&quot;location&quot;
                  &gt;
                    📍 
                    İstanbul
                  &lt;/span&gt;
                &lt;/div&gt;
                &lt;div
                  class=&quot;teacher-rate&quot;
                &gt;
                  &lt;strong&gt;
                    300
                     
                    TRY
                  &lt;/strong&gt;
                   / saat
                &lt;/div&gt;
              &lt;/div&gt;
            &lt;/div&gt;
            &lt;div
              class=&quot;teacher-card&quot;
            &gt;
              &lt;div
                class=&quot;teacher-avatar&quot;
              &gt;
                &lt;div
                  class=&quot;avatar-placeholder&quot;
                &gt;
                  P
                &lt;/div&gt;
              &lt;/div&gt;
              &lt;div
                class=&quot;teacher-info&quot;
              &gt;
                &lt;h3&gt;
                  Prof. Ayşe Demir
                &lt;/h3&gt;
                &lt;p
                  class=&quot;teacher-title&quot;
                &gt;
                  Profesör
                &lt;/p&gt;
                &lt;p
                  class=&quot;teacher-bio&quot;
                &gt;
                  Fizik eğitimi
                  ...
                &lt;/p&gt;
                &lt;div
                  class=&quot;teacher-meta&quot;
                &gt;
                  &lt;span
                    class=&quot;rating&quot;
                  &gt;
                    ⭐ 
                    4.9
                     (
                    200
                    )
                  &lt;/span&gt;
                  &lt;span
                    class=&quot;experience&quot;
                  &gt;
                    20
                     yıl
                  &lt;/span&gt;
                  &lt;span
                    class=&quot;location&quot;
                  &gt;
                    📍 
                    Ankara
                  &lt;/span&gt;
                &lt;/div&gt;
                &lt;div
                  class=&quot;teacher-rate&quot;
                &gt;
                  &lt;strong&gt;
                    350
                     
                    TRY
                  &lt;/strong&gt;
                   / saat
                &lt;/div&gt;
              &lt;/div&gt;
            &lt;/div&gt;
          &lt;/div&gt;
        &lt;/div&gt;
      &lt;/div&gt;
    &lt;/div&gt;
  &lt;/body&gt;
&lt;/html&gt;
 ❯ waitForWrapper node_modules/@testing-library/react/node_modules/@testing-library/dom/dist/wait-for.js:163:27
 ❯ src/components/TeacherPool/__tests__/TeacherPool.test.tsx:163:11
            </failure>
        </testcase>
        <testcase classname="src/components/TeacherPool/__tests__/TeacherPool.test.tsx" name="TeacherPool - Teacher Search &gt; displays hourly rates" time="1.0412198">
            <failure message="Unable to find an element with the text: /300 TRY\/saat/i. This could be because the text is broken up by multiple elements. In this case, you can provide a function for your text matcher to make your matcher more flexible.

Ignored nodes: comments, script, style
[36m&lt;body&gt;[39m
  [36m&lt;div&gt;[39m
    [36m&lt;div[39m
      [33mclass[39m=[32m&quot;teacher-pool&quot;[39m
    [36m&gt;[39m
      [36m&lt;div[39m
        [33mclass[39m=[32m&quot;teacher-pool-header&quot;[39m
      [36m&gt;[39m
        [36m&lt;h1&gt;[39m
          [0mÖğretmen Havuzu[0m
        [36m&lt;/h1&gt;[39m
        [36m&lt;div[39m
          [33mclass[39m=[32m&quot;view-tabs&quot;[39m
        [36m&gt;[39m
          [36m&lt;button[39m
            [33mclass[39m=[32m&quot;active&quot;[39m
          [36m&gt;[39m
            [0mÖğretmen Ara[0m
          [36m&lt;/button&gt;[39m
          [36m&lt;button[39m
            [33mclass[39m=[32m&quot;&quot;[39m
          [36m&gt;[39m
            [0mRandevularım[0m
          [36m&lt;/button&gt;[39m
        [36m&lt;/div&gt;[39m
      [36m&lt;/div&gt;[39m
      [36m&lt;div[39m
        [33mclass[39m=[32m&quot;search-view&quot;[39m
      [36m&gt;[39m
        [36m&lt;div[39m
          [33mclass[39m=[32m&quot;search-filters&quot;[39m
        [36m&gt;[39m
          [36m&lt;h3&gt;[39m
            [0mFiltreler[0m
          [36m&lt;/h3&gt;[39m
          [36m&lt;div[39m
            [33mclass[39m=[32m&quot;filter-group&quot;[39m
          [36m&gt;[39m
            [36m&lt;label&gt;[39m
              [0mDers:[0m
            [36m&lt;/label&gt;[39m
            [36m&lt;select&gt;[39m
              [36m&lt;option[39m
                [33mvalue[39m=[32m&quot;&quot;[39m
              [36m&gt;[39m
                [0mTümü[0m
              [36m&lt;/option&gt;[39m
              [36m&lt;option[39m
                [33mvalue[39m=[32m&quot;mathematics&quot;[39m
              [36m&gt;[39m
                [0mMatematik[0m
              [36m&lt;/option&gt;[39m
              [36m&lt;option[39m
                [33mvalue[39m=[32m&quot;physics&quot;[39m
              [36m&gt;[39m
                [0mFizik[0m
              [36m&lt;/option&gt;[39m
              [36m&lt;option[39m
                [33mvalue[39m=[32m&quot;chemistry&quot;[39m
              [36m&gt;[39m
                [0mKimya[0m
              [36m&lt;/option&gt;[39m
              [36m&lt;option[39m
                [33mvalue[39m=[32m&quot;biology&quot;[39m
              [36m&gt;[39m
                [0mBiyoloji[0m
              [36m&lt;/option&gt;[39m
              [36m&lt;option[39m
                [33mvalue[39m=[32m&quot;turkish&quot;[39m
              [36m&gt;[39m
                [0mTürkçe[0m
              [36m&lt;/option&gt;[39m
              [36m&lt;option[39m
                [33mvalue[39m=[32m&quot;history&quot;[39m
              [36m&gt;[39m
                [0mTarih[0m
              [36m&lt;/option&gt;[39m
              [36m&lt;option[39m
                [33mvalue[39m=[32m&quot;geography&quot;[39m
              [36m&gt;[39m
                [0mCoğrafya[0m
              [36m&lt;/option&gt;[39m
              [36m&lt;option[39m
                [33mvalue[39m=[32m&quot;english&quot;[39m
              [36m&gt;[39m
                [0mİngilizce[0m
              [36m&lt;/option&gt;[39m
            [36m&lt;/select&gt;[39m
          [36m&lt;/div&gt;[39m
          [36m&lt;div[39m
            [33mclass[39m=[32m&quot;filter-group&quot;[39m
          [36m&gt;[39m
            [36m&lt;label&gt;[39m
              [0mŞehir:[0m
            [36m&lt;/label&gt;[39m
            [36m&lt;input[39m
              [33mplaceholder[39m=[32m&quot;İstanbul, Ankara...&quot;[39m
              [33mtype[39m=[32m&quot;text&quot;[39m
              [33mvalue[39m=[32m&quot;&quot;[39m
            [36m/&gt;[39m
          [36m&lt;/div&gt;[39m
          [36m&lt;div[39m
            [33mclass[39m=[32m&quot;filter-group&quot;[39m
          [36m&gt;[39m
            [36m&lt;label&gt;[39m
              [0mMinimum Puan:[0m
            [36m&lt;/label&gt;[39m
            [36m&lt;input[39m
              [33mmax[39m=[32m&quot;5&quot;[39m
              [33mmin[39m=[32m&quot;0&quot;[39m
              [33mstep[39m=[32m&quot;0.5&quot;[39m
              [33mtype[39m=[32m&quot;number&quot;[39m
              [33mvalue[39m=[32m&quot;0&quot;[39m
            [36m/&gt;[39m
          [36m&lt;/div&gt;[39m
          [36m&lt;div[39m
            [33mclass[39m=[32m&quot;filter-group&quot;[39m
          [36m&gt;[39m
            [36m&lt;label&gt;[39m
              [0mMax Ücret (₺/saat):[0m
            [36m&lt;/label&gt;[39m
            [36m&lt;input[39m
              [33mmin[39m=[32m&quot;0&quot;[39m
              [33mtype[39m=[32m&quot;number&quot;[39m
              [33mvalue[39m=[32m&quot;0&quot;[39m
            [36m/&gt;[39m
          [36m&lt;/div&gt;[39m
          [36m&lt;div[39m
            [33mclass[39m=[32m&quot;filter-group checkbox&quot;[39m
          [36m&gt;[39m
            [36m&lt;label&gt;[39m
              [36m&lt;input[39m
                [33mtype[39m=[32m&quot;checkbox&quot;[39m
              [36m/&gt;[39m
              [0mSadece Online[0m
            [36m&lt;/label&gt;[39m
          [36m&lt;/div&gt;[39m
          [36m&lt;button[39m
            [33mclass[39m=[32m&quot;btn-search&quot;[39m
          [36m&gt;[39m
            [0mAra[0m
          [36m&lt;/button&gt;[39m
        [36m&lt;/div&gt;[39m
        [36m&lt;div[39m
          [33mclass[39m=[32m&quot;teacher-list&quot;[39m
        [36m&gt;[39m
          [36m&lt;div[39m
            [33mclass[39m=[32m&quot;teacher-card&quot;[39m
          [36m&gt;[39m
            [36m&lt;div[39m
              [33mclass[39m=[32m&quot;teacher-avatar&quot;[39m
            [36m&gt;[39m
              [36m&lt;div[39m
                [33mclass[39m=[32m&quot;avatar-placeholder&quot;[39m
              [36m&gt;[39m
                [0mD[0m
              [36m&lt;/div&gt;[39m
            [36m&lt;/div&gt;[39m
            [36m&lt;div[39m
              [33mclass[39m=[32m&quot;teacher-info&quot;[39m
            [36m&gt;[39m
              [36m&lt;h3&gt;[39m
                [0mDr. Ahmet Yılmaz[0m
              [36m&lt;/h3&gt;[39m
              [36m&lt;p[39m
                [33mclass[39m=[32m&quot;teacher-title&quot;[39m
              [36m&gt;[39m
                [0mDoktor[0m
              [36m&lt;/p&gt;[39m
              [36m&lt;p[39m
                [33mclass[39m=[32m&quot;teacher-bio&quot;[39m
              [36m&gt;[39m
                [0mMatematik eğitimi uzmanı[0m
                [0m...[0m
              [36m&lt;/p&gt;[39m
              [36m&lt;div[39m
                [33mclass[39m=[32m&quot;teacher-meta&quot;[39m
              [36m&gt;[39m
                [36m&lt;span[39m
                  [33mclass[39m=[32m&quot;rating&quot;[39m
                [36m&gt;[39m
                  [0m⭐ [0m
                  [0m4.8[0m
                  [0m ([0m
                  [0m120[0m
                  [0m)[0m
                [36m&lt;/span&gt;[39m
                [36m&lt;span[39m
                  [33mclass[39m=[32m&quot;experience&quot;[39m
                [36m&gt;[39m
                  [0m15[0m
                  [0m yıl[0m
                [36m&lt;/span&gt;[39m
                [36m&lt;span[39m
                  [33mclass[39m=[32m&quot;location&quot;[39m
                [36m&gt;[39m
                  [0m📍 [0m
                  [0mİstanbul[0m
                [36m&lt;/span&gt;[39m
              [36m&lt;/div&gt;[39m
              [36m&lt;div[39m
                [33mclass[39m=[32m&quot;teacher-rate&quot;[39m
              [36m&gt;[39m
                [36m&lt;strong&gt;[39m
                  [0m300[0m
                  [0m [0m
                  [0mTRY[0m
                [36m&lt;/strong&gt;[39m
                [0m / saat[0m
              [36m&lt;/div&gt;[39m
            [36m&lt;/div&gt;[39m
          [36m&lt;/div&gt;[39m
          [36m&lt;div[39m
            [33mclass[39m=[32m&quot;teacher-card&quot;[39m
          [36m&gt;[39m
            [36m&lt;div[39m
              [33mclass[39m=[32m&quot;teacher-avatar&quot;[39m
            [36m&gt;[39m
              [36m&lt;div[39m
                [33mclass[39m=[32m&quot;avatar-placeholder&quot;[39m
              [36m&gt;[39m
                [0mP[0m
              [36m&lt;/div&gt;[39m
            [36m&lt;/div&gt;[39m
            [36m&lt;div[39m
              [33mclass[39m=[32m&quot;teacher-info&quot;[39m
            [36m&gt;[39m
              [36m&lt;h3&gt;[39m
                [0mProf. Ayşe Demir[0m
              [36m&lt;/h3&gt;[39m
              [36m&lt;p[39m
                [33mclass[39m=[32m&quot;teacher-title&quot;[39m
              [36m&gt;[39m
                [0mProfesör[0m
              [36m&lt;/p&gt;[39m
              [36m&lt;p[39m
                [33mclass[39m=[32m&quot;teacher-bio&quot;[39m
              [36m&gt;[39m
                [0mFizik eğitimi[0m
                [0m...[0m
              [36m&lt;/p&gt;[39m
              [36m&lt;div[39m
                [33mclass[39m=[32m&quot;teacher-meta&quot;[39m
              [36m&gt;[39m
                [36m&lt;span[39m
                  [33mclass[39m=[32m&quot;rating&quot;[39m
                [36m&gt;[39m
                  [0m⭐ [0m
                  [0m4.9[0m
                  [0m ([0m
                  [0m200[0m
                  [0m)[0m
                [36m&lt;/span&gt;[39m
                [36m&lt;span[39m
                  [33mclass[39m=[32m&quot;experience&quot;[39m
                [36m&gt;[39m
                  [0m20[0m
                  [0m yıl[0m
                [36m&lt;/span&gt;[39m
                [36m&lt;span[39m
                  [33mclass[39m=[32m&quot;location&quot;[39m
                [36m&gt;[39m
                  [0m📍 [0m
                  [0mAnkara[0m
                [36m&lt;/span&gt;[39m
              [36m&lt;/div&gt;[39m
              [36m&lt;div[39m
                [33mclass[39m=[32m&quot;teacher-rate&quot;[39m
              [36m&gt;[39m
                [36m&lt;strong&gt;[39m
                  [0m350[0m
                  [0m [0m
                  [0mTRY[0m
                [36m&lt;/strong&gt;[39m
                [0m / saat[0m
              [36m&lt;/div&gt;[39m
            [36m&lt;/div&gt;[39m
          [36m&lt;/div&gt;[39m
        [36m&lt;/div&gt;[39m
      [36m&lt;/div&gt;[39m
    [36m&lt;/div&gt;[39m
  [36m&lt;/div&gt;[39m
[36m&lt;/body&gt;[39m

Ignored nodes: comments, script, style
[36m&lt;html&gt;[39m
  [36m&lt;head /&gt;[39m
  [36m&lt;body&gt;[39m
    [36m&lt;div&gt;[39m
      [36m&lt;div[39m
        [33mclass[39m=[32m&quot;teacher-pool&quot;[39m
      [36m&gt;[39m
        [36m&lt;div[39m
          [33mclass[39m=[32m&quot;teacher-pool-header&quot;[39m
        [36m&gt;[39m
          [36m&lt;h1&gt;[39m
            [0mÖğretmen Havuzu[0m
          [36m&lt;/h1&gt;[39m
          [36m&lt;div[39m
            [33mclass[39m=[32m&quot;view-tabs&quot;[39m
          [36m&gt;[39m
            [36m&lt;button[39m
              [33mclass[39m=[32m&quot;active&quot;[39m
            [36m&gt;[39m
              [0mÖğretmen Ara[0m
            [36m&lt;/button&gt;[39m
            [36m&lt;button[39m
              [33mclass[39m=[32m&quot;&quot;[39m
            [36m&gt;[39m
              [0mRandevularım[0m
            [36m&lt;/button&gt;[39m
          [36m&lt;/div&gt;[39m
        [36m&lt;/div&gt;[39m
        [36m&lt;div[39m
          [33mclass[39m=[32m&quot;search-view&quot;[39m
        [36m&gt;[39m
          [36m&lt;div[39m
            [33mclass[39m=[32m&quot;search-filters&quot;[39m
          [36m&gt;[39m
            [36m&lt;h3&gt;[39m
              [0mFiltreler[0m
            [36m&lt;/h3&gt;[39m
            [36m&lt;div[39m
              [33mclass[39m=[32m&quot;filter-group&quot;[39m
            [36m&gt;[39m
              [36m&lt;label&gt;[39m
                [0mDers:[0m
              [36m&lt;/label&gt;[39m
              [36m&lt;select&gt;[39m
                [36m&lt;option[39m
                  [33mvalue[39m=[32m&quot;&quot;[39m
                [36m&gt;[39m
                  [0mTümü[0m
                [36m&lt;/option&gt;[39m
                [36m&lt;option[39m
                  [33mvalue[39m=[32m&quot;mathematics&quot;[39m
                [36m&gt;[39m
                  [0mMatematik[0m
                [36m&lt;/option&gt;[39m
                [36m&lt;option[39m
                  [33mvalue[39m=[32m&quot;physics&quot;[39m
                [36m&gt;[39m
                  [0mFizik[0m
                [36m&lt;/option&gt;[39m
                [36m&lt;option[39m
                  [33mvalue[39m=[32m&quot;chemistry&quot;[39m
                [36m&gt;[39m
                  [0mKimya[0m
                [36m&lt;/option&gt;[39m
                [36m&lt;option[39m
                  [33mvalue[39m=[32m&quot;biology&quot;[39m
                [36m&gt;[39m
                  [0mBiyoloji[0m
                [36m&lt;/option&gt;[39m
                [36m&lt;option[39m
                  [33mvalue[39m=[32m&quot;turkish&quot;[39m
                [36m&gt;[39m
                  [0mTürkçe[0m
                [36m&lt;/option&gt;[39m
                [36m&lt;option[39m
                  [33mvalue[39m=[32m&quot;history&quot;[39m
                [36m&gt;[39m
                  [0mTarih[0m
                [36m&lt;/option&gt;[39m
                [36m&lt;option[39m
                  [33mvalue[39m=[32m&quot;geography&quot;[39m
                [36m&gt;[39m
                  [0mCoğrafya[0m
                [36m&lt;/option&gt;[39m
                [36m&lt;option[39m
                  [33mvalue[39m=[32m&quot;english&quot;[39m
                [36m&gt;[39m
                  [0mİngilizce[0m
                [36m&lt;/option&gt;[39m
              [36m&lt;/select&gt;[39m
            [36m&lt;/div&gt;[39m
            [36m&lt;div[39m
              [33mclass[39m=[32m&quot;filter-group&quot;[39m
            [36m&gt;[39m
              [36m&lt;label&gt;[39m
                [0mŞehir:[0m
              [36m&lt;/label&gt;[39m
              [36m&lt;input[39m
                [33mplaceholder[39m=[32m&quot;İstanbul, Ankara...&quot;[39m
                [33mtype[39m=[32m&quot;text&quot;[39m
                [33mvalue[39m=[32m&quot;&quot;[39m
              [36m/&gt;[39m
            [36m&lt;/div&gt;[39m
            [36m&lt;div[39m
              [33mclass[39m=[32m&quot;filter-group&quot;[39m
            [36m&gt;[39m
              [36m&lt;label&gt;[39m
                [0mMinimum Puan:[0m
              [36m&lt;/label&gt;[39m
              [36m&lt;input[39m
                [33mmax[39m=[32m&quot;5&quot;[39m
                [33mmin[39m=[32m&quot;0&quot;[39m
                [33mstep[39m=[32m&quot;0.5&quot;[39m
                [33mtype[39m=[32m&quot;number&quot;[39m
                [33mvalue[39m=[32m&quot;0&quot;[39m
              [36m/&gt;[39m
            [36m&lt;/div&gt;[39m
            [36m&lt;div[39m
              [33mclass[39m=[32m&quot;filter-group&quot;[39m
            [36m&gt;[39m
              [36m&lt;label&gt;[39m
                [0mMax Ücret (₺/saat):[0m
              [36m&lt;/label&gt;[39m
              [36m&lt;input[39m
                [33mmin[39m=[32m&quot;0&quot;[39m
                [33mtype[39m=[32m&quot;number&quot;[39m
                [33mvalue[39m=[32m&quot;0&quot;[39m
              [36m/&gt;[39m
            [36m&lt;/div&gt;[39m
            [36m&lt;div[39m
              [33mclass[39m=[32m&quot;filter-group checkbox&quot;[39m
            [36m&gt;[39m
              [36m&lt;label&gt;[39m
                [36m&lt;input[39m
                  [33mtype[39m=[32m&quot;checkbox&quot;[39m
                [36m/&gt;[39m
                [0mSadece Online[0m
              [36m&lt;/label&gt;[39m
            [36m&lt;/div&gt;[39m
            [36m&lt;button[39m
              [33mclass[39m=[32m&quot;btn-search&quot;[39m
            [36m&gt;[39m
              [0mAra[0m
            [36m&lt;/button&gt;[39m
          [36m&lt;/div&gt;[39m
          [36m&lt;div[39m
            [33mclass[39m=[32m&quot;teacher-list&quot;[39m
          [36m&gt;[39m
            [36m&lt;div[39m
              [33mclass[39m=[32m&quot;teacher-card&quot;[39m
            [36m&gt;[39m
              [36m&lt;div[39m
                [33mclass[39m=[32m&quot;teacher-avatar&quot;[39m
              [36m&gt;[39m
                [36m&lt;div[39m
                  [33mclass[39m=[32m&quot;avatar-placeholder&quot;[39m
                [36m&gt;[39m
                  [0mD[0m
                [36m&lt;/div&gt;[39m
              [36m&lt;/div&gt;[39m
              [36m&lt;div[39m
                [33mclass[39m=[32m&quot;teacher-info&quot;[39m
              [36m&gt;[39m
                [36m&lt;h3&gt;[39m
                  [0mDr. Ahmet Yılmaz[0m
                [36m&lt;/h3&gt;[39m
                [36m&lt;p[39m
                  [33mclass[39m=[32m&quot;teacher-title&quot;[39m
                [36m&gt;[39m
                  [0mDoktor[0m
                [36m&lt;/p&gt;[39m
                [36m&lt;p[39m
                  [33mclass[39m=[32m&quot;teacher-bio&quot;[39m
                [36m&gt;[39m
                  [0mMatematik eğitimi uzmanı[0m
                  [0m...[0m
                [36m&lt;/p&gt;[39m
                [36m&lt;div[39m
                  [33mclass[39m=[32m&quot;teacher-meta&quot;[39m
                [36m&gt;[39m
                  [36m&lt;span[39m
                    [33mclass[39m=[32m&quot;rating&quot;[39m
                  [36m&gt;[39m
                    [0m⭐ [0m
                    [0m4.8[0m
                    [0m ([0m
                    [0m120[0m
                    [0m)[0m
                  [36m&lt;/span&gt;[39m
                  [36m&lt;span[39m
                    [33mclass[39m=[32m&quot;experience&quot;[39m
                  [36m&gt;[39m
                    [0m15[0m
                    [0m yıl[0m
                  [36m&lt;/span&gt;[39m
                  [36m&lt;span[39m
                    [33mclass[39m=[32m&quot;location&quot;[39m
                  [36m&gt;[39m
                    [0m📍 [0m
                    [0mİstanbul[0m
                  [36m&lt;/span&gt;[39m
                [36m&lt;/div&gt;[39m
                [36m&lt;div[39m
                  [33mclass[39m=[32m&quot;teacher-rate&quot;[39m
                [36m&gt;[39m
                  [36m&lt;strong&gt;[39m
                    [0m300[0m
                    [0m [0m
                    [0mTRY[0m
                  [36m&lt;/strong&gt;[39m
                  [0m / saat[0m
                [36m&lt;/div&gt;[39m
              [36m&lt;/div&gt;[39m
            [36m&lt;/div&gt;[39m
            [36m&lt;div[39m
              [33mclass[39m=[32m&quot;teacher-card&quot;[39m
            [36m&gt;[39m
              [36m&lt;div[39m
                [33mclass[39m=[32m&quot;teacher-avatar&quot;[39m
              [36m&gt;[39m
                [36m&lt;div[39m
                  [33mclass[39m=[32m&quot;avatar-placeholder&quot;[39m
                [36m&gt;[39m
                  [0mP[0m
                [36m&lt;/div&gt;[39m
              [36m&lt;/div&gt;[39m
              [36m&lt;div[39m
                [33mclass[39m=[32m&quot;teacher-info&quot;[39m
              [36m&gt;[39m
                [36m&lt;h3&gt;[39m
                  [0mProf. Ayşe Demir[0m
                [36m&lt;/h3&gt;[39m
                [36m&lt;p[39m
                  [33mclass[39m=[32m&quot;teacher-title&quot;[39m
                [36m&gt;[39m
                  [0mProfesör[0m
                [36m&lt;/p&gt;[39m
                [36m&lt;p[39m
                  [33mclass[39m=[32m&quot;teacher-bio&quot;[39m
                [36m&gt;[39m
                  [0mFizik eğitimi[0m
                  [0m...[0m
                [36m&lt;/p&gt;[39m
                [36m&lt;div[39m
                  [33mclass[39m=[32m&quot;teacher-meta&quot;[39m
                [36m&gt;[39m
                  [36m&lt;span[39m
                    [33mclass[39m=[32m&quot;rating&quot;[39m
                  [36m&gt;[39m
                    [0m⭐ [0m
                    [0m4.9[0m
                    [0m ([0m
                    [0m200[0m
                    [0m)[0m
                  [36m&lt;/span&gt;[39m
                  [36m&lt;span[39m
                    [33mclass[39m=[32m&quot;experience&quot;[39m
                  [36m&gt;[39m
                    [0m20[0m
                    [0m yıl[0m
                  [36m&lt;/span&gt;[39m
                  [36m&lt;span[39m
                    [33mclass[39m=[32m&quot;location&quot;[39m
                  [36m&gt;[39m
                    [0m📍 [0m
                    [0mAnkara[0m
                  [36m&lt;/span&gt;[39m
                [36m&lt;/div&gt;[39m
                [36m&lt;div[39m
                  [33mclass[39m=[32m&quot;teacher-rate&quot;[39m
                [36m&gt;[39m
                  [36m&lt;strong&gt;[39m
                    [0m350[0m
                    [0m [0m
                    [0mTRY[0m
                  [36m&lt;/strong&gt;[39m
                  [0m / saat[0m
                [36m&lt;/div&gt;[39m
              [36m&lt;/div&gt;[39m
            [36m&lt;/div&gt;[39m
          [36m&lt;/div&gt;[39m
        [36m&lt;/div&gt;[39m
      [36m&lt;/div&gt;[39m
    [36m&lt;/div&gt;[39m
  [36m&lt;/body&gt;[39m
[36m&lt;/html&gt;[39m" type="TestingLibraryElementError">
TestingLibraryElementError: Unable to find an element with the text: /300 TRY\/saat/i. This could be because the text is broken up by multiple elements. In this case, you can provide a function for your text matcher to make your matcher more flexible.

Ignored nodes: comments, script, style
&lt;body&gt;
  &lt;div&gt;
    &lt;div
      class=&quot;teacher-pool&quot;
    &gt;
      &lt;div
        class=&quot;teacher-pool-header&quot;
      &gt;
        &lt;h1&gt;
          Öğretmen Havuzu
        &lt;/h1&gt;
        &lt;div
          class=&quot;view-tabs&quot;
        &gt;
          &lt;button
            class=&quot;active&quot;
          &gt;
            Öğretmen Ara
          &lt;/button&gt;
          &lt;button
            class=&quot;&quot;
          &gt;
            Randevularım
          &lt;/button&gt;
        &lt;/div&gt;
      &lt;/div&gt;
      &lt;div
        class=&quot;search-view&quot;
      &gt;
        &lt;div
          class=&quot;search-filters&quot;
        &gt;
          &lt;h3&gt;
            Filtreler
          &lt;/h3&gt;
          &lt;div
            class=&quot;filter-group&quot;
          &gt;
            &lt;label&gt;
              Ders:
            &lt;/label&gt;
            &lt;select&gt;
              &lt;option
                value=&quot;&quot;
              &gt;
                Tümü
              &lt;/option&gt;
              &lt;option
                value=&quot;mathematics&quot;
              &gt;
                Matematik
              &lt;/option&gt;
              &lt;option
                value=&quot;physics&quot;
              &gt;
                Fizik
              &lt;/option&gt;
              &lt;option
                value=&quot;chemistry&quot;
              &gt;
                Kimya
              &lt;/option&gt;
              &lt;option
                value=&quot;biology&quot;
              &gt;
                Biyoloji
              &lt;/option&gt;
              &lt;option
                value=&quot;turkish&quot;
              &gt;
                Türkçe
              &lt;/option&gt;
              &lt;option
                value=&quot;history&quot;
              &gt;
                Tarih
              &lt;/option&gt;
              &lt;option
                value=&quot;geography&quot;
              &gt;
                Coğrafya
              &lt;/option&gt;
              &lt;option
                value=&quot;english&quot;
              &gt;
                İngilizce
              &lt;/option&gt;
            &lt;/select&gt;
          &lt;/div&gt;
          &lt;div
            class=&quot;filter-group&quot;
          &gt;
            &lt;label&gt;
              Şehir:
            &lt;/label&gt;
            &lt;input
              placeholder=&quot;İstanbul, Ankara...&quot;
              type=&quot;text&quot;
              value=&quot;&quot;
            /&gt;
          &lt;/div&gt;
          &lt;div
            class=&quot;filter-group&quot;
          &gt;
            &lt;label&gt;
              Minimum Puan:
            &lt;/label&gt;
            &lt;input
              max=&quot;5&quot;
              min=&quot;0&quot;
              step=&quot;0.5&quot;
              type=&quot;number&quot;
              value=&quot;0&quot;
            /&gt;
          &lt;/div&gt;
          &lt;div
            class=&quot;filter-group&quot;
          &gt;
            &lt;label&gt;
              Max Ücret (₺/saat):
            &lt;/label&gt;
            &lt;input
              min=&quot;0&quot;
              type=&quot;number&quot;
              value=&quot;0&quot;
            /&gt;
          &lt;/div&gt;
          &lt;div
            class=&quot;filter-group checkbox&quot;
          &gt;
            &lt;label&gt;
              &lt;input
                type=&quot;checkbox&quot;
              /&gt;
              Sadece Online
            &lt;/label&gt;
          &lt;/div&gt;
          &lt;button
            class=&quot;btn-search&quot;
          &gt;
            Ara
          &lt;/button&gt;
        &lt;/div&gt;
        &lt;div
          class=&quot;teacher-list&quot;
        &gt;
          &lt;div
            class=&quot;teacher-card&quot;
          &gt;
            &lt;div
              class=&quot;teacher-avatar&quot;
            &gt;
              &lt;div
                class=&quot;avatar-placeholder&quot;
              &gt;
                D
              &lt;/div&gt;
            &lt;/div&gt;
            &lt;div
              class=&quot;teacher-info&quot;
            &gt;
              &lt;h3&gt;
                Dr. Ahmet Yılmaz
              &lt;/h3&gt;
              &lt;p
                class=&quot;teacher-title&quot;
              &gt;
                Doktor
              &lt;/p&gt;
              &lt;p
                class=&quot;teacher-bio&quot;
              &gt;
                Matematik eğitimi uzmanı
                ...
              &lt;/p&gt;
              &lt;div
                class=&quot;teacher-meta&quot;
              &gt;
                &lt;span
                  class=&quot;rating&quot;
                &gt;
                  ⭐ 
                  4.8
                   (
                  120
                  )
                &lt;/span&gt;
                &lt;span
                  class=&quot;experience&quot;
                &gt;
                  15
                   yıl
                &lt;/span&gt;
                &lt;span
                  class=&quot;location&quot;
                &gt;
                  📍 
                  İstanbul
                &lt;/span&gt;
              &lt;/div&gt;
              &lt;div
                class=&quot;teacher-rate&quot;
              &gt;
                &lt;strong&gt;
                  300
                   
                  TRY
                &lt;/strong&gt;
                 / saat
              &lt;/div&gt;
            &lt;/div&gt;
          &lt;/div&gt;
          &lt;div
            class=&quot;teacher-card&quot;
          &gt;
            &lt;div
              class=&quot;teacher-avatar&quot;
            &gt;
              &lt;div
                class=&quot;avatar-placeholder&quot;
              &gt;
                P
              &lt;/div&gt;
            &lt;/div&gt;
            &lt;div
              class=&quot;teacher-info&quot;
            &gt;
              &lt;h3&gt;
                Prof. Ayşe Demir
              &lt;/h3&gt;
              &lt;p
                class=&quot;teacher-title&quot;
              &gt;
                Profesör
              &lt;/p&gt;
              &lt;p
                class=&quot;teacher-bio&quot;
              &gt;
                Fizik eğitimi
                ...
              &lt;/p&gt;
              &lt;div
                class=&quot;teacher-meta&quot;
              &gt;
                &lt;span
                  class=&quot;rating&quot;
                &gt;
                  ⭐ 
                  4.9
                   (
                  200
                  )
                &lt;/span&gt;
                &lt;span
                  class=&quot;experience&quot;
                &gt;
                  20
                   yıl
                &lt;/span&gt;
                &lt;span
                  class=&quot;location&quot;
                &gt;
                  📍 
                  Ankara
                &lt;/span&gt;
              &lt;/div&gt;
              &lt;div
                class=&quot;teacher-rate&quot;
              &gt;
                &lt;strong&gt;
                  350
                   
                  TRY
                &lt;/strong&gt;
                 / saat
              &lt;/div&gt;
            &lt;/div&gt;
          &lt;/div&gt;
        &lt;/div&gt;
      &lt;/div&gt;
    &lt;/div&gt;
  &lt;/div&gt;
&lt;/body&gt;

Ignored nodes: comments, script, style
&lt;html&gt;
  &lt;head /&gt;
  &lt;body&gt;
    &lt;div&gt;
      &lt;div
        class=&quot;teacher-pool&quot;
      &gt;
        &lt;div
          class=&quot;teacher-pool-header&quot;
        &gt;
          &lt;h1&gt;
            Öğretmen Havuzu
          &lt;/h1&gt;
          &lt;div
            class=&quot;view-tabs&quot;
          &gt;
            &lt;button
              class=&quot;active&quot;
            &gt;
              Öğretmen Ara
            &lt;/button&gt;
            &lt;button
              class=&quot;&quot;
            &gt;
              Randevularım
            &lt;/button&gt;
          &lt;/div&gt;
        &lt;/div&gt;
        &lt;div
          class=&quot;search-view&quot;
        &gt;
          &lt;div
            class=&quot;search-filters&quot;
          &gt;
            &lt;h3&gt;
              Filtreler
            &lt;/h3&gt;
            &lt;div
              class=&quot;filter-group&quot;
            &gt;
              &lt;label&gt;
                Ders:
              &lt;/label&gt;
              &lt;select&gt;
                &lt;option
                  value=&quot;&quot;
                &gt;
                  Tümü
                &lt;/option&gt;
                &lt;option
                  value=&quot;mathematics&quot;
                &gt;
                  Matematik
                &lt;/option&gt;
                &lt;option
                  value=&quot;physics&quot;
                &gt;
                  Fizik
                &lt;/option&gt;
                &lt;option
                  value=&quot;chemistry&quot;
                &gt;
                  Kimya
                &lt;/option&gt;
                &lt;option
                  value=&quot;biology&quot;
                &gt;
                  Biyoloji
                &lt;/option&gt;
                &lt;option
                  value=&quot;turkish&quot;
                &gt;
                  Türkçe
                &lt;/option&gt;
                &lt;option
                  value=&quot;history&quot;
                &gt;
                  Tarih
                &lt;/option&gt;
                &lt;option
                  value=&quot;geography&quot;
                &gt;
                  Coğrafya
                &lt;/option&gt;
                &lt;option
                  value=&quot;english&quot;
                &gt;
                  İngilizce
                &lt;/option&gt;
              &lt;/select&gt;
            &lt;/div&gt;
            &lt;div
              class=&quot;filter-group&quot;
            &gt;
              &lt;label&gt;
                Şehir:
              &lt;/label&gt;
              &lt;input
                placeholder=&quot;İstanbul, Ankara...&quot;
                type=&quot;text&quot;
                value=&quot;&quot;
              /&gt;
            &lt;/div&gt;
            &lt;div
              class=&quot;filter-group&quot;
            &gt;
              &lt;label&gt;
                Minimum Puan:
              &lt;/label&gt;
              &lt;input
                max=&quot;5&quot;
                min=&quot;0&quot;
                step=&quot;0.5&quot;
                type=&quot;number&quot;
                value=&quot;0&quot;
              /&gt;
            &lt;/div&gt;
            &lt;div
              class=&quot;filter-group&quot;
            &gt;
              &lt;label&gt;
                Max Ücret (₺/saat):
              &lt;/label&gt;
              &lt;input
                min=&quot;0&quot;
                type=&quot;number&quot;
                value=&quot;0&quot;
              /&gt;
            &lt;/div&gt;
            &lt;div
              class=&quot;filter-group checkbox&quot;
            &gt;
              &lt;label&gt;
                &lt;input
                  type=&quot;checkbox&quot;
                /&gt;
                Sadece Online
              &lt;/label&gt;
            &lt;/div&gt;
            &lt;button
              class=&quot;btn-search&quot;
            &gt;
              Ara
            &lt;/button&gt;
          &lt;/div&gt;
          &lt;div
            class=&quot;teacher-list&quot;
          &gt;
            &lt;div
              class=&quot;teacher-card&quot;
            &gt;
              &lt;div
                class=&quot;teacher-avatar&quot;
              &gt;
                &lt;div
                  class=&quot;avatar-placeholder&quot;
                &gt;
                  D
                &lt;/div&gt;
              &lt;/div&gt;
              &lt;div
                class=&quot;teacher-info&quot;
              &gt;
                &lt;h3&gt;
                  Dr. Ahmet Yılmaz
                &lt;/h3&gt;
                &lt;p
                  class=&quot;teacher-title&quot;
                &gt;
                  Doktor
                &lt;/p&gt;
                &lt;p
                  class=&quot;teacher-bio&quot;
                &gt;
                  Matematik eğitimi uzmanı
                  ...
                &lt;/p&gt;
                &lt;div
                  class=&quot;teacher-meta&quot;
                &gt;
                  &lt;span
                    class=&quot;rating&quot;
                  &gt;
                    ⭐ 
                    4.8
                     (
                    120
                    )
                  &lt;/span&gt;
                  &lt;span
                    class=&quot;experience&quot;
                  &gt;
                    15
                     yıl
                  &lt;/span&gt;
                  &lt;span
                    class=&quot;location&quot;
                  &gt;
                    📍 
                    İstanbul
                  &lt;/span&gt;
                &lt;/div&gt;
                &lt;div
                  class=&quot;teacher-rate&quot;
                &gt;
                  &lt;strong&gt;
                    300
                     
                    TRY
                  &lt;/strong&gt;
                   / saat
                &lt;/div&gt;
              &lt;/div&gt;
            &lt;/div&gt;
            &lt;div
              class=&quot;teacher-card&quot;
            &gt;
              &lt;div
                class=&quot;teacher-avatar&quot;
              &gt;
                &lt;div
                  class=&quot;avatar-placeholder&quot;
                &gt;
                  P
                &lt;/div&gt;
              &lt;/div&gt;
              &lt;div
                class=&quot;teacher-info&quot;
              &gt;
                &lt;h3&gt;
                  Prof. Ayşe Demir
                &lt;/h3&gt;
                &lt;p
                  class=&quot;teacher-title&quot;
                &gt;
                  Profesör
                &lt;/p&gt;
                &lt;p
                  class=&quot;teacher-bio&quot;
                &gt;
                  Fizik eğitimi
                  ...
                &lt;/p&gt;
                &lt;div
                  class=&quot;teacher-meta&quot;
                &gt;
                  &lt;span
                    class=&quot;rating&quot;
                  &gt;
                    ⭐ 
                    4.9
                     (
                    200
                    )
                  &lt;/span&gt;
                  &lt;span
                    class=&quot;experience&quot;
                  &gt;
                    20
                     yıl
                  &lt;/span&gt;
                  &lt;span
                    class=&quot;location&quot;
                  &gt;
                    📍 
                    Ankara
                  &lt;/span&gt;
                &lt;/div&gt;
                &lt;div
                  class=&quot;teacher-rate&quot;
                &gt;
                  &lt;strong&gt;
                    350
                     
                    TRY
                  &lt;/strong&gt;
                   / saat
                &lt;/div&gt;
              &lt;/div&gt;
            &lt;/div&gt;
          &lt;/div&gt;
        &lt;/div&gt;
      &lt;/div&gt;
    &lt;/div&gt;
  &lt;/body&gt;
&lt;/html&gt;
 ❯ waitForWrapper node_modules/@testing-library/react/node_modules/@testing-library/dom/dist/wait-for.js:163:27
 ❯ src/components/TeacherPool/__tests__/TeacherPool.test.tsx:171:11
            </failure>
        </testcase>
        <testcase classname="src/components/TeacherPool/__tests__/TeacherPool.test.tsx" name="TeacherPool - Teacher Search &gt; shows experience years" time="0.0458111">
        </testcase>
        <testcase classname="src/components/TeacherPool/__tests__/TeacherPool.test.tsx" name="TeacherPool - Teacher Search &gt; displays location" time="0.0603001">
        </testcase>
        <testcase classname="src/components/TeacherPool/__tests__/TeacherPool.test.tsx" name="TeacherPool - Search Filters &gt; filters by subject" time="1.0439406">
            <failure message="Found a label with the text of: /Ders/i, however no form control was found associated to that label. Make sure you&apos;re using the &quot;for&quot; attribute or &quot;aria-labelledby&quot; attribute correctly.

Ignored nodes: comments, script, style
[36m&lt;body&gt;[39m
  [36m&lt;div&gt;[39m
    [36m&lt;div[39m
      [33mclass[39m=[32m&quot;teacher-pool&quot;[39m
    [36m&gt;[39m
      [36m&lt;div[39m
        [33mclass[39m=[32m&quot;teacher-pool-header&quot;[39m
      [36m&gt;[39m
        [36m&lt;h1&gt;[39m
          [0mÖğretmen Havuzu[0m
        [36m&lt;/h1&gt;[39m
        [36m&lt;div[39m
          [33mclass[39m=[32m&quot;view-tabs&quot;[39m
        [36m&gt;[39m
          [36m&lt;button[39m
            [33mclass[39m=[32m&quot;active&quot;[39m
          [36m&gt;[39m
            [0mÖğretmen Ara[0m
          [36m&lt;/button&gt;[39m
          [36m&lt;button[39m
            [33mclass[39m=[32m&quot;&quot;[39m
          [36m&gt;[39m
            [0mRandevularım[0m
          [36m&lt;/button&gt;[39m
        [36m&lt;/div&gt;[39m
      [36m&lt;/div&gt;[39m
      [36m&lt;div[39m
        [33mclass[39m=[32m&quot;search-view&quot;[39m
      [36m&gt;[39m
        [36m&lt;div[39m
          [33mclass[39m=[32m&quot;search-filters&quot;[39m
        [36m&gt;[39m
          [36m&lt;h3&gt;[39m
            [0mFiltreler[0m
          [36m&lt;/h3&gt;[39m
          [36m&lt;div[39m
            [33mclass[39m=[32m&quot;filter-group&quot;[39m
          [36m&gt;[39m
            [36m&lt;label&gt;[39m
              [0mDers:[0m
            [36m&lt;/label&gt;[39m
            [36m&lt;select&gt;[39m
              [36m&lt;option[39m
                [33mvalue[39m=[32m&quot;&quot;[39m
              [36m&gt;[39m
                [0mTümü[0m
              [36m&lt;/option&gt;[39m
              [36m&lt;option[39m
                [33mvalue[39m=[32m&quot;mathematics&quot;[39m
              [36m&gt;[39m
                [0mMatematik[0m
              [36m&lt;/option&gt;[39m
              [36m&lt;option[39m
                [33mvalue[39m=[32m&quot;physics&quot;[39m
              [36m&gt;[39m
                [0mFizik[0m
              [36m&lt;/option&gt;[39m
              [36m&lt;option[39m
                [33mvalue[39m=[32m&quot;chemistry&quot;[39m
              [36m&gt;[39m
                [0mKimya[0m
              [36m&lt;/option&gt;[39m
              [36m&lt;option[39m
                [33mvalue[39m=[32m&quot;biology&quot;[39m
              [36m&gt;[39m
                [0mBiyoloji[0m
              [36m&lt;/option&gt;[39m
              [36m&lt;option[39m
                [33mvalue[39m=[32m&quot;turkish&quot;[39m
              [36m&gt;[39m
                [0mTürkçe[0m
              [36m&lt;/option&gt;[39m
              [36m&lt;option[39m
                [33mvalue[39m=[32m&quot;history&quot;[39m
              [36m&gt;[39m
                [0mTarih[0m
              [36m&lt;/option&gt;[39m
              [36m&lt;option[39m
                [33mvalue[39m=[32m&quot;geography&quot;[39m
              [36m&gt;[39m
                [0mCoğrafya[0m
              [36m&lt;/option&gt;[39m
              [36m&lt;option[39m
                [33mvalue[39m=[32m&quot;english&quot;[39m
              [36m&gt;[39m
                [0mİngilizce[0m
              [36m&lt;/option&gt;[39m
            [36m&lt;/select&gt;[39m
          [36m&lt;/div&gt;[39m
          [36m&lt;div[39m
            [33mclass[39m=[32m&quot;filter-group&quot;[39m
          [36m&gt;[39m
            [36m&lt;label&gt;[39m
              [0mŞehir:[0m
            [36m&lt;/label&gt;[39m
            [36m&lt;input[39m
              [33mplaceholder[39m=[32m&quot;İstanbul, Ankara...&quot;[39m
              [33mtype[39m=[32m&quot;text&quot;[39m
              [33mvalue[39m=[32m&quot;&quot;[39m
            [36m/&gt;[39m
          [36m&lt;/div&gt;[39m
          [36m&lt;div[39m
            [33mclass[39m=[32m&quot;filter-group&quot;[39m
          [36m&gt;[39m
            [36m&lt;label&gt;[39m
              [0mMinimum Puan:[0m
            [36m&lt;/label&gt;[39m
            [36m&lt;input[39m
              [33mmax[39m=[32m&quot;5&quot;[39m
              [33mmin[39m=[32m&quot;0&quot;[39m
              [33mstep[39m=[32m&quot;0.5&quot;[39m
              [33mtype[39m=[32m&quot;number&quot;[39m
              [33mvalue[39m=[32m&quot;0&quot;[39m
            [36m/&gt;[39m
          [36m&lt;/div&gt;[39m
          [36m&lt;div[39m
            [33mclass[39m=[32m&quot;filter-group&quot;[39m
          [36m&gt;[39m
            [36m&lt;label&gt;[39m
              [0mMax Ücret (₺/saat):[0m
            [36m&lt;/label&gt;[39m
            [36m&lt;input[39m
              [33mmin[39m=[32m&quot;0&quot;[39m
              [33mtype[39m=[32m&quot;number&quot;[39m
              [33mvalue[39m=[32m&quot;0&quot;[39m
            [36m/&gt;[39m
          [36m&lt;/div&gt;[39m
          [36m&lt;div[39m
            [33mclass[39m=[32m&quot;filter-group checkbox&quot;[39m
          [36m&gt;[39m
            [36m&lt;label&gt;[39m
              [36m&lt;input[39m
                [33mtype[39m=[32m&quot;checkbox&quot;[39m
              [36m/&gt;[39m
              [0mSadece Online[0m
            [36m&lt;/label&gt;[39m
          [36m&lt;/div&gt;[39m
          [36m&lt;button[39m
            [33mclass[39m=[32m&quot;btn-search&quot;[39m
          [36m&gt;[39m
            [0mAra[0m
          [36m&lt;/button&gt;[39m
        [36m&lt;/div&gt;[39m
        [36m&lt;div[39m
          [33mclass[39m=[32m&quot;teacher-list&quot;[39m
        [36m&gt;[39m
          [36m&lt;div[39m
            [33mclass[39m=[32m&quot;teacher-card&quot;[39m
          [36m&gt;[39m
            [36m&lt;div[39m
              [33mclass[39m=[32m&quot;teacher-avatar&quot;[39m
            [36m&gt;[39m
              [36m&lt;div[39m
                [33mclass[39m=[32m&quot;avatar-placeholder&quot;[39m
              [36m&gt;[39m
                [0mD[0m
              [36m&lt;/div&gt;[39m
            [36m&lt;/div&gt;[39m
            [36m&lt;div[39m
              [33mclass[39m=[32m&quot;teacher-info&quot;[39m
            [36m&gt;[39m
              [36m&lt;h3&gt;[39m
                [0mDr. Ahmet Yılmaz[0m
              [36m&lt;/h3&gt;[39m
              [36m&lt;p[39m
                [33mclass[39m=[32m&quot;teacher-title&quot;[39m
              [36m&gt;[39m
                [0mDoktor[0m
              [36m&lt;/p&gt;[39m
              [36m&lt;p[39m
                [33mclass[39m=[32m&quot;teacher-bio&quot;[39m
              [36m&gt;[39m
                [0mMatematik eğitimi uzmanı[0m
                [0m...[0m
              [36m&lt;/p&gt;[39m
              [36m&lt;div[39m
                [33mclass[39m=[32m&quot;teacher-meta&quot;[39m
              [36m&gt;[39m
                [36m&lt;span[39m
                  [33mclass[39m=[32m&quot;rating&quot;[39m
                [36m&gt;[39m
                  [0m⭐ [0m
                  [0m4.8[0m
                  [0m ([0m
                  [0m120[0m
                  [0m)[0m
                [36m&lt;/span&gt;[39m
                [36m&lt;span[39m
                  [33mclass[39m=[32m&quot;experience&quot;[39m
                [36m&gt;[39m
                  [0m15[0m
                  [0m yıl[0m
                [36m&lt;/span&gt;[39m
                [36m&lt;span[39m
                  [33mclass[39m=[32m&quot;location&quot;[39m
                [36m&gt;[39m
                  [0m📍 [0m
                  [0mİstanbul[0m
                [36m&lt;/span&gt;[39m
              [36m&lt;/div&gt;[39m
              [36m&lt;div[39m
                [33mclass[39m=[32m&quot;teacher-rate&quot;[39m
              [36m&gt;[39m
                [36m&lt;strong&gt;[39m
                  [0m300[0m
                  [0m [0m
                  [0mTRY[0m
                [36m&lt;/strong&gt;[39m
                [0m / saat[0m
              [36m&lt;/div&gt;[39m
            [36m&lt;/div&gt;[39m
          [36m&lt;/div&gt;[39m
          [36m&lt;div[39m
            [33mclass[39m=[32m&quot;teacher-card&quot;[39m
          [36m&gt;[39m
            [36m&lt;div[39m
              [33mclass[39m=[32m&quot;teacher-avatar&quot;[39m
            [36m&gt;[39m
              [36m&lt;div[39m
                [33mclass[39m=[32m&quot;avatar-placeholder&quot;[39m
              [36m&gt;[39m
                [0mP[0m
              [36m&lt;/div&gt;[39m
            [36m&lt;/div&gt;[39m
            [36m&lt;div[39m
              [33mclass[39m=[32m&quot;teacher-info&quot;[39m
            [36m&gt;[39m
              [36m&lt;h3&gt;[39m
                [0mProf. Ayşe Demir[0m
              [36m&lt;/h3&gt;[39m
              [36m&lt;p[39m
                [33mclass[39m=[32m&quot;teacher-title&quot;[39m
              [36m&gt;[39m
                [0mProfesör[0m
              [36m&lt;/p&gt;[39m
              [36m&lt;p[39m
                [33mclass[39m=[32m&quot;teacher-bio&quot;[39m
              [36m&gt;[39m
                [0mFizik eğitimi[0m
                [0m...[0m
              [36m&lt;/p&gt;[39m
              [36m&lt;div[39m
                [33mclass[39m=[32m&quot;teacher-meta&quot;[39m
              [36m&gt;[39m
                [36m&lt;span[39m
                  [33mclass[39m=[32m&quot;rating&quot;[39m
                [36m&gt;[39m
                  [0m⭐ [0m
                  [0m4.9[0m
                  [0m ([0m
                  [0m200[0m
                  [0m)[0m
                [36m&lt;/span&gt;[39m
                [36m&lt;span[39m
                  [33mclass[39m=[32m&quot;experience&quot;[39m
                [36m&gt;[39m
                  [0m20[0m
                  [0m yıl[0m
                [36m&lt;/span&gt;[39m
                [36m&lt;span[39m
                  [33mclass[39m=[32m&quot;location&quot;[39m
                [36m&gt;[39m
                  [0m📍 [0m
                  [0mAnkara[0m
                [36m&lt;/span&gt;[39m
              [36m&lt;/div&gt;[39m
              [36m&lt;div[39m
                [33mclass[39m=[32m&quot;teacher-rate&quot;[39m
              [36m&gt;[39m
                [36m&lt;strong&gt;[39m
                  [0m350[0m
                  [0m [0m
                  [0mTRY[0m
                [36m&lt;/strong&gt;[39m
                [0m / saat[0m
              [36m&lt;/div&gt;[39m
            [36m&lt;/div&gt;[39m
          [36m&lt;/div&gt;[39m
        [36m&lt;/div&gt;[39m
      [36m&lt;/div&gt;[39m
    [36m&lt;/div&gt;[39m
  [36m&lt;/div&gt;[39m
[36m&lt;/body&gt;[39m

Ignored nodes: comments, script, style
[36m&lt;html&gt;[39m
  [36m&lt;head /&gt;[39m
  [36m&lt;body&gt;[39m
    [36m&lt;div&gt;[39m
      [36m&lt;div[39m
        [33mclass[39m=[32m&quot;teacher-pool&quot;[39m
      [36m&gt;[39m
        [36m&lt;div[39m
          [33mclass[39m=[32m&quot;teacher-pool-header&quot;[39m
        [36m&gt;[39m
          [36m&lt;h1&gt;[39m
            [0mÖğretmen Havuzu[0m
          [36m&lt;/h1&gt;[39m
          [36m&lt;div[39m
            [33mclass[39m=[32m&quot;view-tabs&quot;[39m
          [36m&gt;[39m
            [36m&lt;button[39m
              [33mclass[39m=[32m&quot;active&quot;[39m
            [36m&gt;[39m
              [0mÖğretmen Ara[0m
            [36m&lt;/button&gt;[39m
            [36m&lt;button[39m
              [33mclass[39m=[32m&quot;&quot;[39m
            [36m&gt;[39m
              [0mRandevularım[0m
            [36m&lt;/button&gt;[39m
          [36m&lt;/div&gt;[39m
        [36m&lt;/div&gt;[39m
        [36m&lt;div[39m
          [33mclass[39m=[32m&quot;search-view&quot;[39m
        [36m&gt;[39m
          [36m&lt;div[39m
            [33mclass[39m=[32m&quot;search-filters&quot;[39m
          [36m&gt;[39m
            [36m&lt;h3&gt;[39m
              [0mFiltreler[0m
            [36m&lt;/h3&gt;[39m
            [36m&lt;div[39m
              [33mclass[39m=[32m&quot;filter-group&quot;[39m
            [36m&gt;[39m
              [36m&lt;label&gt;[39m
                [0mDers:[0m
              [36m&lt;/label&gt;[39m
              [36m&lt;select&gt;[39m
                [36m&lt;option[39m
                  [33mvalue[39m=[32m&quot;&quot;[39m
                [36m&gt;[39m
                  [0mTümü[0m
                [36m&lt;/option&gt;[39m
                [36m&lt;option[39m
                  [33mvalue[39m=[32m&quot;mathematics&quot;[39m
                [36m&gt;[39m
                  [0mMatematik[0m
                [36m&lt;/option&gt;[39m
                [36m&lt;option[39m
                  [33mvalue[39m=[32m&quot;physics&quot;[39m
                [36m&gt;[39m
                  [0mFizik[0m
                [36m&lt;/option&gt;[39m
                [36m&lt;option[39m
                  [33mvalue[39m=[32m&quot;chemistry&quot;[39m
                [36m&gt;[39m
                  [0mKimya[0m
                [36m&lt;/option&gt;[39m
                [36m&lt;option[39m
                  [33mvalue[39m=[32m&quot;biology&quot;[39m
                [36m&gt;[39m
                  [0mBiyoloji[0m
                [36m&lt;/option&gt;[39m
                [36m&lt;option[39m
                  [33mvalue[39m=[32m&quot;turkish&quot;[39m
                [36m&gt;[39m
                  [0mTürkçe[0m
                [36m&lt;/option&gt;[39m
                [36m&lt;option[39m
                  [33mvalue[39m=[32m&quot;history&quot;[39m
                [36m&gt;[39m
                  [0mTarih[0m
                [36m&lt;/option&gt;[39m
                [36m&lt;option[39m
                  [33mvalue[39m=[32m&quot;geography&quot;[39m
                [36m&gt;[39m
                  [0mCoğrafya[0m
                [36m&lt;/option&gt;[39m
                [36m&lt;option[39m
                  [33mvalue[39m=[32m&quot;english&quot;[39m
                [36m&gt;[39m
                  [0mİngilizce[0m
                [36m&lt;/option&gt;[39m
              [36m&lt;/select&gt;[39m
            [36m&lt;/div&gt;[39m
            [36m&lt;div[39m
              [33mclass[39m=[32m&quot;filter-group&quot;[39m
            [36m&gt;[39m
              [36m&lt;label&gt;[39m
                [0mŞehir:[0m
              [36m&lt;/label&gt;[39m
              [36m&lt;input[39m
                [33mplaceholder[39m=[32m&quot;İstanbul, Ankara...&quot;[39m
                [33mtype[39m=[32m&quot;text&quot;[39m
                [33mvalue[39m=[32m&quot;&quot;[39m
              [36m/&gt;[39m
            [36m&lt;/div&gt;[39m
            [36m&lt;div[39m
              [33mclass[39m=[32m&quot;filter-group&quot;[39m
            [36m&gt;[39m
              [36m&lt;label&gt;[39m
                [0mMinimum Puan:[0m
              [36m&lt;/label&gt;[39m
              [36m&lt;input[39m
                [33mmax[39m=[32m&quot;5&quot;[39m
                [33mmin[39m=[32m&quot;0&quot;[39m
                [33mstep[39m=[32m&quot;0.5&quot;[39m
                [33mtype[39m=[32m&quot;number&quot;[39m
                [33mvalue[39m=[32m&quot;0&quot;[39m
              [36m/&gt;[39m
            [36m&lt;/div&gt;[39m
            [36m&lt;div[39m
              [33mclass[39m=[32m&quot;filter-group&quot;[39m
            [36m&gt;[39m
              [36m&lt;label&gt;[39m
                [0mMax Ücret (₺/saat):[0m
              [36m&lt;/label&gt;[39m
              [36m&lt;input[39m
                [33mmin[39m=[32m&quot;0&quot;[39m
                [33mtype[39m=[32m&quot;number&quot;[39m
                [33mvalue[39m=[32m&quot;0&quot;[39m
              [36m/&gt;[39m
            [36m&lt;/div&gt;[39m
            [36m&lt;div[39m
              [33mclass[39m=[32m&quot;filter-group checkbox&quot;[39m
            [36m&gt;[39m
              [36m&lt;label&gt;[39m
                [36m&lt;input[39m
                  [33mtype[39m=[32m&quot;checkbox&quot;[39m
                [36m/&gt;[39m
                [0mSadece Online[0m
              [36m&lt;/label&gt;[39m
            [36m&lt;/div&gt;[39m
            [36m&lt;button[39m
              [33mclass[39m=[32m&quot;btn-search&quot;[39m
            [36m&gt;[39m
              [0mAra[0m
            [36m&lt;/button&gt;[39m
          [36m&lt;/div&gt;[39m
          [36m&lt;div[39m
            [33mclass[39m=[32m&quot;teacher-list&quot;[39m
          [36m&gt;[39m
            [36m&lt;div[39m
              [33mclass[39m=[32m&quot;teacher-card&quot;[39m
            [36m&gt;[39m
              [36m&lt;div[39m
                [33mclass[39m=[32m&quot;teacher-avatar&quot;[39m
              [36m&gt;[39m
                [36m&lt;div[39m
                  [33mclass[39m=[32m&quot;avatar-placeholder&quot;[39m
                [36m&gt;[39m
                  [0mD[0m
                [36m&lt;/div&gt;[39m
              [36m&lt;/div&gt;[39m
              [36m&lt;div[39m
                [33mclass[39m=[32m&quot;teacher-info&quot;[39m
              [36m&gt;[39m
                [36m&lt;h3&gt;[39m
                  [0mDr. Ahmet Yılmaz[0m
                [36m&lt;/h3&gt;[39m
                [36m&lt;p[39m
                  [33mclass[39m=[32m&quot;teacher-title&quot;[39m
                [36m&gt;[39m
                  [0mDoktor[0m
                [36m&lt;/p&gt;[39m
                [36m&lt;p[39m
                  [33mclass[39m=[32m&quot;teacher-bio&quot;[39m
                [36m&gt;[39m
                  [0mMatematik eğitimi uzmanı[0m
                  [0m...[0m
                [36m&lt;/p&gt;[39m
                [36m&lt;div[39m
                  [33mclass[39m=[32m&quot;teacher-meta&quot;[39m
                [36m&gt;[39m
                  [36m&lt;span[39m
                    [33mclass[39m=[32m&quot;rating&quot;[39m
                  [36m&gt;[39m
                    [0m⭐ [0m
                    [0m4.8[0m
                    [0m ([0m
                    [0m120[0m
                    [0m)[0m
                  [36m&lt;/span&gt;[39m
                  [36m&lt;span[39m
                    [33mclass[39m=[32m&quot;experience&quot;[39m
                  [36m&gt;[39m
                    [0m15[0m
                    [0m yıl[0m
                  [36m&lt;/span&gt;[39m
                  [36m&lt;span[39m
                    [33mclass[39m=[32m&quot;location&quot;[39m
                  [36m&gt;[39m
                    [0m📍 [0m
                    [0mİstanbul[0m
                  [36m&lt;/span&gt;[39m
                [36m&lt;/div&gt;[39m
                [36m&lt;div[39m
                  [33mclass[39m=[32m&quot;teacher-rate&quot;[39m
                [36m&gt;[39m
                  [36m&lt;strong&gt;[39m
                    [0m300[0m
                    [0m [0m
                    [0mTRY[0m
                  [36m&lt;/strong&gt;[39m
                  [0m / saat[0m
                [36m&lt;/div&gt;[39m
              [36m&lt;/div&gt;[39m
            [36m&lt;/div&gt;[39m
            [36m&lt;div[39m
              [33mclass[39m=[32m&quot;teacher-card&quot;[39m
            [36m&gt;[39m
              [36m&lt;div[39m
                [33mclass[39m=[32m&quot;teacher-avatar&quot;[39m
              [36m&gt;[39m
                [36m&lt;div[39m
                  [33mclass[39m=[32m&quot;avatar-placeholder&quot;[39m
                [36m&gt;[39m
                  [0mP[0m
                [36m&lt;/div&gt;[39m
              [36m&lt;/div&gt;[39m
              [36m&lt;div[39m
                [33mclass[39m=[32m&quot;teacher-info&quot;[39m
              [36m&gt;[39m
                [36m&lt;h3&gt;[39m
                  [0mProf. Ayşe Demir[0m
                [36m&lt;/h3&gt;[39m
                [36m&lt;p[39m
                  [33mclass[39m=[32m&quot;teacher-title&quot;[39m
                [36m&gt;[39m
                  [0mProfesör[0m
                [36m&lt;/p&gt;[39m
                [36m&lt;p[39m
                  [33mclass[39m=[32m&quot;teacher-bio&quot;[39m
                [36m&gt;[39m
                  [0mFizik eğitimi[0m
                  [0m...[0m
                [36m&lt;/p&gt;[39m
                [36m&lt;div[39m
                  [33mclass[39m=[32m&quot;teacher-meta&quot;[39m
                [36m&gt;[39m
                  [36m&lt;span[39m
                    [33mclass[39m=[32m&quot;rating&quot;[39m
                  [36m&gt;[39m
                    [0m⭐ [0m
                    [0m4.9[0m
                    [0m ([0m
                    [0m200[0m
                    [0m)[0m
                  [36m&lt;/span&gt;[39m
                  [36m&lt;span[39m
                    [33mclass[39m=[32m&quot;experience&quot;[39m
                  [36m&gt;[39m
                    [0m20[0m
                    [0m yıl[0m
                  [36m&lt;/span&gt;[39m
                  [36m&lt;span[39m
                    [33mclass[39m=[32m&quot;location&quot;[39m
                  [36m&gt;[39m
                    [0m📍 [0m
                    [0mAnkara[0m
                  [36m&lt;/span&gt;[39m
                [36m&lt;/div&gt;[39m
                [36m&lt;div[39m
                  [33mclass[39m=[32m&quot;teacher-rate&quot;[39m
                [36m&gt;[39m
                  [36m&lt;strong&gt;[39m
                    [0m350[0m
                    [0m [0m
                    [0mTRY[0m
                  [36m&lt;/strong&gt;[39m
                  [0m / saat[0m
                [36m&lt;/div&gt;[39m
              [36m&lt;/div&gt;[39m
            [36m&lt;/div&gt;[39m
          [36m&lt;/div&gt;[39m
        [36m&lt;/div&gt;[39m
      [36m&lt;/div&gt;[39m
    [36m&lt;/div&gt;[39m
  [36m&lt;/body&gt;[39m
[36m&lt;/html&gt;[39m" type="TestingLibraryElementError">
TestingLibraryElementError: Found a label with the text of: /Ders/i, however no form control was found associated to that label. Make sure you&apos;re using the &quot;for&quot; attribute or &quot;aria-labelledby&quot; attribute correctly.

Ignored nodes: comments, script, style
&lt;body&gt;
  &lt;div&gt;
    &lt;div
      class=&quot;teacher-pool&quot;
    &gt;
      &lt;div
        class=&quot;teacher-pool-header&quot;
      &gt;
        &lt;h1&gt;
          Öğretmen Havuzu
        &lt;/h1&gt;
        &lt;div
          class=&quot;view-tabs&quot;
        &gt;
          &lt;button
            class=&quot;active&quot;
          &gt;
            Öğretmen Ara
          &lt;/button&gt;
          &lt;button
            class=&quot;&quot;
          &gt;
            Randevularım
          &lt;/button&gt;
        &lt;/div&gt;
      &lt;/div&gt;
      &lt;div
        class=&quot;search-view&quot;
      &gt;
        &lt;div
          class=&quot;search-filters&quot;
        &gt;
          &lt;h3&gt;
            Filtreler
          &lt;/h3&gt;
          &lt;div
            class=&quot;filter-group&quot;
          &gt;
            &lt;label&gt;
              Ders:
            &lt;/label&gt;
            &lt;select&gt;
              &lt;option
                value=&quot;&quot;
              &gt;
                Tümü
              &lt;/option&gt;
              &lt;option
                value=&quot;mathematics&quot;
              &gt;
                Matematik
              &lt;/option&gt;
              &lt;option
                value=&quot;physics&quot;
              &gt;
                Fizik
              &lt;/option&gt;
              &lt;option
                value=&quot;chemistry&quot;
              &gt;
                Kimya
              &lt;/option&gt;
              &lt;option
                value=&quot;biology&quot;
              &gt;
                Biyoloji
              &lt;/option&gt;
              &lt;option
                value=&quot;turkish&quot;
              &gt;
                Türkçe
              &lt;/option&gt;
              &lt;option
                value=&quot;history&quot;
              &gt;
                Tarih
              &lt;/option&gt;
              &lt;option
                value=&quot;geography&quot;
              &gt;
                Coğrafya
              &lt;/option&gt;
              &lt;option
                value=&quot;english&quot;
              &gt;
                İngilizce
              &lt;/option&gt;
            &lt;/select&gt;
          &lt;/div&gt;
          &lt;div
            class=&quot;filter-group&quot;
          &gt;
            &lt;label&gt;
              Şehir:
            &lt;/label&gt;
            &lt;input
              placeholder=&quot;İstanbul, Ankara...&quot;
              type=&quot;text&quot;
              value=&quot;&quot;
            /&gt;
          &lt;/div&gt;
          &lt;div
            class=&quot;filter-group&quot;
          &gt;
            &lt;label&gt;
              Minimum Puan:
            &lt;/label&gt;
            &lt;input
              max=&quot;5&quot;
              min=&quot;0&quot;
              step=&quot;0.5&quot;
              type=&quot;number&quot;
              value=&quot;0&quot;
            /&gt;
          &lt;/div&gt;
          &lt;div
            class=&quot;filter-group&quot;
          &gt;
            &lt;label&gt;
              Max Ücret (₺/saat):
            &lt;/label&gt;
            &lt;input
              min=&quot;0&quot;
              type=&quot;number&quot;
              value=&quot;0&quot;
            /&gt;
          &lt;/div&gt;
          &lt;div
            class=&quot;filter-group checkbox&quot;
          &gt;
            &lt;label&gt;
              &lt;input
                type=&quot;checkbox&quot;
              /&gt;
              Sadece Online
            &lt;/label&gt;
          &lt;/div&gt;
          &lt;button
            class=&quot;btn-search&quot;
          &gt;
            Ara
          &lt;/button&gt;
        &lt;/div&gt;
        &lt;div
          class=&quot;teacher-list&quot;
        &gt;
          &lt;div
            class=&quot;teacher-card&quot;
          &gt;
            &lt;div
              class=&quot;teacher-avatar&quot;
            &gt;
              &lt;div
                class=&quot;avatar-placeholder&quot;
              &gt;
                D
              &lt;/div&gt;
            &lt;/div&gt;
            &lt;div
              class=&quot;teacher-info&quot;
            &gt;
              &lt;h3&gt;
                Dr. Ahmet Yılmaz
              &lt;/h3&gt;
              &lt;p
                class=&quot;teacher-title&quot;
              &gt;
                Doktor
              &lt;/p&gt;
              &lt;p
                class=&quot;teacher-bio&quot;
              &gt;
                Matematik eğitimi uzmanı
                ...
              &lt;/p&gt;
              &lt;div
                class=&quot;teacher-meta&quot;
              &gt;
                &lt;span
                  class=&quot;rating&quot;
                &gt;
                  ⭐ 
                  4.8
                   (
                  120
                  )
                &lt;/span&gt;
                &lt;span
                  class=&quot;experience&quot;
                &gt;
                  15
                   yıl
                &lt;/span&gt;
                &lt;span
                  class=&quot;location&quot;
                &gt;
                  📍 
                  İstanbul
                &lt;/span&gt;
              &lt;/div&gt;
              &lt;div
                class=&quot;teacher-rate&quot;
              &gt;
                &lt;strong&gt;
                  300
                   
                  TRY
                &lt;/strong&gt;
                 / saat
              &lt;/div&gt;
            &lt;/div&gt;
          &lt;/div&gt;
          &lt;div
            class=&quot;teacher-card&quot;
          &gt;
            &lt;div
              class=&quot;teacher-avatar&quot;
            &gt;
              &lt;div
                class=&quot;avatar-placeholder&quot;
              &gt;
                P
              &lt;/div&gt;
            &lt;/div&gt;
            &lt;div
              class=&quot;teacher-info&quot;
            &gt;
              &lt;h3&gt;
                Prof. Ayşe Demir
              &lt;/h3&gt;
              &lt;p
                class=&quot;teacher-title&quot;
              &gt;
                Profesör
              &lt;/p&gt;
              &lt;p
                class=&quot;teacher-bio&quot;
              &gt;
                Fizik eğitimi
                ...
              &lt;/p&gt;
              &lt;div
                class=&quot;teacher-meta&quot;
              &gt;
                &lt;span
                  class=&quot;rating&quot;
                &gt;
                  ⭐ 
                  4.9
                   (
                  200
                  )
                &lt;/span&gt;
                &lt;span
                  class=&quot;experience&quot;
                &gt;
                  20
                   yıl
                &lt;/span&gt;
                &lt;span
                  class=&quot;location&quot;
                &gt;
                  📍 
                  Ankara
                &lt;/span&gt;
              &lt;/div&gt;
              &lt;div
                class=&quot;teacher-rate&quot;
              &gt;
                &lt;strong&gt;
                  350
                   
                  TRY
                &lt;/strong&gt;
                 / saat
              &lt;/div&gt;
            &lt;/div&gt;
          &lt;/div&gt;
        &lt;/div&gt;
      &lt;/div&gt;
    &lt;/div&gt;
  &lt;/div&gt;
&lt;/body&gt;

Ignored nodes: comments, script, style
&lt;html&gt;
  &lt;head /&gt;
  &lt;body&gt;
    &lt;div&gt;
      &lt;div
        class=&quot;teacher-pool&quot;
      &gt;
        &lt;div
          class=&quot;teacher-pool-header&quot;
        &gt;
          &lt;h1&gt;
            Öğretmen Havuzu
          &lt;/h1&gt;
          &lt;div
            class=&quot;view-tabs&quot;
          &gt;
            &lt;button
              class=&quot;active&quot;
            &gt;
              Öğretmen Ara
            &lt;/button&gt;
            &lt;button
              class=&quot;&quot;
            &gt;
              Randevularım
            &lt;/button&gt;
          &lt;/div&gt;
        &lt;/div&gt;
        &lt;div
          class=&quot;search-view&quot;
        &gt;
          &lt;div
            class=&quot;search-filters&quot;
          &gt;
            &lt;h3&gt;
              Filtreler
            &lt;/h3&gt;
            &lt;div
              class=&quot;filter-group&quot;
            &gt;
              &lt;label&gt;
                Ders:
              &lt;/label&gt;
              &lt;select&gt;
                &lt;option
                  value=&quot;&quot;
                &gt;
                  Tümü
                &lt;/option&gt;
                &lt;option
                  value=&quot;mathematics&quot;
                &gt;
                  Matematik
                &lt;/option&gt;
                &lt;option
                  value=&quot;physics&quot;
                &gt;
                  Fizik
                &lt;/option&gt;
                &lt;option
                  value=&quot;chemistry&quot;
                &gt;
                  Kimya
                &lt;/option&gt;
                &lt;option
                  value=&quot;biology&quot;
                &gt;
                  Biyoloji
                &lt;/option&gt;
                &lt;option
                  value=&quot;turkish&quot;
                &gt;
                  Türkçe
                &lt;/option&gt;
                &lt;option
                  value=&quot;history&quot;
                &gt;
                  Tarih
                &lt;/option&gt;
                &lt;option
                  value=&quot;geography&quot;
                &gt;
                  Coğrafya
                &lt;/option&gt;
                &lt;option
                  value=&quot;english&quot;
                &gt;
                  İngilizce
                &lt;/option&gt;
              &lt;/select&gt;
            &lt;/div&gt;
            &lt;div
              class=&quot;filter-group&quot;
            &gt;
              &lt;label&gt;
                Şehir:
              &lt;/label&gt;
              &lt;input
                placeholder=&quot;İstanbul, Ankara...&quot;
                type=&quot;text&quot;
                value=&quot;&quot;
              /&gt;
            &lt;/div&gt;
            &lt;div
              class=&quot;filter-group&quot;
            &gt;
              &lt;label&gt;
                Minimum Puan:
              &lt;/label&gt;
              &lt;input
                max=&quot;5&quot;
                min=&quot;0&quot;
                step=&quot;0.5&quot;
                type=&quot;number&quot;
                value=&quot;0&quot;
              /&gt;
            &lt;/div&gt;
            &lt;div
              class=&quot;filter-group&quot;
            &gt;
              &lt;label&gt;
                Max Ücret (₺/saat):
              &lt;/label&gt;
              &lt;input
                min=&quot;0&quot;
                type=&quot;number&quot;
                value=&quot;0&quot;
              /&gt;
            &lt;/div&gt;
            &lt;div
              class=&quot;filter-group checkbox&quot;
            &gt;
              &lt;label&gt;
                &lt;input
                  type=&quot;checkbox&quot;
                /&gt;
                Sadece Online
              &lt;/label&gt;
            &lt;/div&gt;
            &lt;button
              class=&quot;btn-search&quot;
            &gt;
              Ara
            &lt;/button&gt;
          &lt;/div&gt;
          &lt;div
            class=&quot;teacher-list&quot;
          &gt;
            &lt;div
              class=&quot;teacher-card&quot;
            &gt;
              &lt;div
                class=&quot;teacher-avatar&quot;
              &gt;
                &lt;div
                  class=&quot;avatar-placeholder&quot;
                &gt;
                  D
                &lt;/div&gt;
              &lt;/div&gt;
              &lt;div
                class=&quot;teacher-info&quot;
              &gt;
                &lt;h3&gt;
                  Dr. Ahmet Yılmaz
                &lt;/h3&gt;
                &lt;p
                  class=&quot;teacher-title&quot;
                &gt;
                  Doktor
                &lt;/p&gt;
                &lt;p
                  class=&quot;teacher-bio&quot;
                &gt;
                  Matematik eğitimi uzmanı
                  ...
                &lt;/p&gt;
                &lt;div
                  class=&quot;teacher-meta&quot;
                &gt;
                  &lt;span
                    class=&quot;rating&quot;
                  &gt;
                    ⭐ 
                    4.8
                     (
                    120
                    )
                  &lt;/span&gt;
                  &lt;span
                    class=&quot;experience&quot;
                  &gt;
                    15
                     yıl
                  &lt;/span&gt;
                  &lt;span
                    class=&quot;location&quot;
                  &gt;
                    📍 
                    İstanbul
                  &lt;/span&gt;
                &lt;/div&gt;
                &lt;div
                  class=&quot;teacher-rate&quot;
                &gt;
                  &lt;strong&gt;
                    300
                     
                    TRY
                  &lt;/strong&gt;
                   / saat
                &lt;/div&gt;
              &lt;/div&gt;
            &lt;/div&gt;
            &lt;div
              class=&quot;teacher-card&quot;
            &gt;
              &lt;div
                class=&quot;teacher-avatar&quot;
              &gt;
                &lt;div
                  class=&quot;avatar-placeholder&quot;
                &gt;
                  P
                &lt;/div&gt;
              &lt;/div&gt;
              &lt;div
                class=&quot;teacher-info&quot;
              &gt;
                &lt;h3&gt;
                  Prof. Ayşe Demir
                &lt;/h3&gt;
                &lt;p
                  class=&quot;teacher-title&quot;
                &gt;
                  Profesör
                &lt;/p&gt;
                &lt;p
                  class=&quot;teacher-bio&quot;
                &gt;
                  Fizik eğitimi
                  ...
                &lt;/p&gt;
                &lt;div
                  class=&quot;teacher-meta&quot;
                &gt;
                  &lt;span
                    class=&quot;rating&quot;
                  &gt;
                    ⭐ 
                    4.9
                     (
                    200
                    )
                  &lt;/span&gt;
                  &lt;span
                    class=&quot;experience&quot;
                  &gt;
                    20
                     yıl
                  &lt;/span&gt;
                  &lt;span
                    class=&quot;location&quot;
                  &gt;
                    📍 
                    Ankara
                  &lt;/span&gt;
                &lt;/div&gt;
                &lt;div
                  class=&quot;teacher-rate&quot;
                &gt;
                  &lt;strong&gt;
                    350
                     
                    TRY
                  &lt;/strong&gt;
                   / saat
                &lt;/div&gt;
              &lt;/div&gt;
            &lt;/div&gt;
          &lt;/div&gt;
        &lt;/div&gt;
      &lt;/div&gt;
    &lt;/div&gt;
  &lt;/body&gt;
&lt;/html&gt;
 ❯ waitForWrapper node_modules/@testing-library/react/node_modules/@testing-library/dom/dist/wait-for.js:163:27
 ❯ src/components/TeacherPool/__tests__/TeacherPool.test.tsx:205:11
            </failure>
        </testcase>
        <testcase classname="src/components/TeacherPool/__tests__/TeacherPool.test.tsx" name="TeacherPool - Search Filters &gt; filters by city" time="1.0288624">
            <failure message="Found a label with the text of: /Şehir/i, however no form control was found associated to that label. Make sure you&apos;re using the &quot;for&quot; attribute or &quot;aria-labelledby&quot; attribute correctly.

Ignored nodes: comments, script, style
[36m&lt;body&gt;[39m
  [36m&lt;div&gt;[39m
    [36m&lt;div[39m
      [33mclass[39m=[32m&quot;teacher-pool&quot;[39m
    [36m&gt;[39m
      [36m&lt;div[39m
        [33mclass[39m=[32m&quot;teacher-pool-header&quot;[39m
      [36m&gt;[39m
        [36m&lt;h1&gt;[39m
          [0mÖğretmen Havuzu[0m
        [36m&lt;/h1&gt;[39m
        [36m&lt;div[39m
          [33mclass[39m=[32m&quot;view-tabs&quot;[39m
        [36m&gt;[39m
          [36m&lt;button[39m
            [33mclass[39m=[32m&quot;active&quot;[39m
          [36m&gt;[39m
            [0mÖğretmen Ara[0m
          [36m&lt;/button&gt;[39m
          [36m&lt;button[39m
            [33mclass[39m=[32m&quot;&quot;[39m
          [36m&gt;[39m
            [0mRandevularım[0m
          [36m&lt;/button&gt;[39m
        [36m&lt;/div&gt;[39m
      [36m&lt;/div&gt;[39m
      [36m&lt;div[39m
        [33mclass[39m=[32m&quot;search-view&quot;[39m
      [36m&gt;[39m
        [36m&lt;div[39m
          [33mclass[39m=[32m&quot;search-filters&quot;[39m
        [36m&gt;[39m
          [36m&lt;h3&gt;[39m
            [0mFiltreler[0m
          [36m&lt;/h3&gt;[39m
          [36m&lt;div[39m
            [33mclass[39m=[32m&quot;filter-group&quot;[39m
          [36m&gt;[39m
            [36m&lt;label&gt;[39m
              [0mDers:[0m
            [36m&lt;/label&gt;[39m
            [36m&lt;select&gt;[39m
              [36m&lt;option[39m
                [33mvalue[39m=[32m&quot;&quot;[39m
              [36m&gt;[39m
                [0mTümü[0m
              [36m&lt;/option&gt;[39m
              [36m&lt;option[39m
                [33mvalue[39m=[32m&quot;mathematics&quot;[39m
              [36m&gt;[39m
                [0mMatematik[0m
              [36m&lt;/option&gt;[39m
              [36m&lt;option[39m
                [33mvalue[39m=[32m&quot;physics&quot;[39m
              [36m&gt;[39m
                [0mFizik[0m
              [36m&lt;/option&gt;[39m
              [36m&lt;option[39m
                [33mvalue[39m=[32m&quot;chemistry&quot;[39m
              [36m&gt;[39m
                [0mKimya[0m
              [36m&lt;/option&gt;[39m
              [36m&lt;option[39m
                [33mvalue[39m=[32m&quot;biology&quot;[39m
              [36m&gt;[39m
                [0mBiyoloji[0m
              [36m&lt;/option&gt;[39m
              [36m&lt;option[39m
                [33mvalue[39m=[32m&quot;turkish&quot;[39m
              [36m&gt;[39m
                [0mTürkçe[0m
              [36m&lt;/option&gt;[39m
              [36m&lt;option[39m
                [33mvalue[39m=[32m&quot;history&quot;[39m
              [36m&gt;[39m
                [0mTarih[0m
              [36m&lt;/option&gt;[39m
              [36m&lt;option[39m
                [33mvalue[39m=[32m&quot;geography&quot;[39m
              [36m&gt;[39m
                [0mCoğrafya[0m
              [36m&lt;/option&gt;[39m
              [36m&lt;option[39m
                [33mvalue[39m=[32m&quot;english&quot;[39m
              [36m&gt;[39m
                [0mİngilizce[0m
              [36m&lt;/option&gt;[39m
            [36m&lt;/select&gt;[39m
          [36m&lt;/div&gt;[39m
          [36m&lt;div[39m
            [33mclass[39m=[32m&quot;filter-group&quot;[39m
          [36m&gt;[39m
            [36m&lt;label&gt;[39m
              [0mŞehir:[0m
            [36m&lt;/label&gt;[39m
            [36m&lt;input[39m
              [33mplaceholder[39m=[32m&quot;İstanbul, Ankara...&quot;[39m
              [33mtype[39m=[32m&quot;text&quot;[39m
              [33mvalue[39m=[32m&quot;&quot;[39m
            [36m/&gt;[39m
          [36m&lt;/div&gt;[39m
          [36m&lt;div[39m
            [33mclass[39m=[32m&quot;filter-group&quot;[39m
          [36m&gt;[39m
            [36m&lt;label&gt;[39m
              [0mMinimum Puan:[0m
            [36m&lt;/label&gt;[39m
            [36m&lt;input[39m
              [33mmax[39m=[32m&quot;5&quot;[39m
              [33mmin[39m=[32m&quot;0&quot;[39m
              [33mstep[39m=[32m&quot;0.5&quot;[39m
              [33mtype[39m=[32m&quot;number&quot;[39m
              [33mvalue[39m=[32m&quot;0&quot;[39m
            [36m/&gt;[39m
          [36m&lt;/div&gt;[39m
          [36m&lt;div[39m
            [33mclass[39m=[32m&quot;filter-group&quot;[39m
          [36m&gt;[39m
            [36m&lt;label&gt;[39m
              [0mMax Ücret (₺/saat):[0m
            [36m&lt;/label&gt;[39m
            [36m&lt;input[39m
              [33mmin[39m=[32m&quot;0&quot;[39m
              [33mtype[39m=[32m&quot;number&quot;[39m
              [33mvalue[39m=[32m&quot;0&quot;[39m
            [36m/&gt;[39m
          [36m&lt;/div&gt;[39m
          [36m&lt;div[39m
            [33mclass[39m=[32m&quot;filter-group checkbox&quot;[39m
          [36m&gt;[39m
            [36m&lt;label&gt;[39m
              [36m&lt;input[39m
                [33mtype[39m=[32m&quot;checkbox&quot;[39m
              [36m/&gt;[39m
              [0mSadece Online[0m
            [36m&lt;/label&gt;[39m
          [36m&lt;/div&gt;[39m
          [36m&lt;button[39m
            [33mclass[39m=[32m&quot;btn-search&quot;[39m
          [36m&gt;[39m
            [0mAra[0m
          [36m&lt;/button&gt;[39m
        [36m&lt;/div&gt;[39m
        [36m&lt;div[39m
          [33mclass[39m=[32m&quot;teacher-list&quot;[39m
        [36m&gt;[39m
          [36m&lt;div[39m
            [33mclass[39m=[32m&quot;teacher-card&quot;[39m
          [36m&gt;[39m
            [36m&lt;div[39m
              [33mclass[39m=[32m&quot;teacher-avatar&quot;[39m
            [36m&gt;[39m
              [36m&lt;div[39m
                [33mclass[39m=[32m&quot;avatar-placeholder&quot;[39m
              [36m&gt;[39m
                [0mD[0m
              [36m&lt;/div&gt;[39m
            [36m&lt;/div&gt;[39m
            [36m&lt;div[39m
              [33mclass[39m=[32m&quot;teacher-info&quot;[39m
            [36m&gt;[39m
              [36m&lt;h3&gt;[39m
                [0mDr. Ahmet Yılmaz[0m
              [36m&lt;/h3&gt;[39m
              [36m&lt;p[39m
                [33mclass[39m=[32m&quot;teacher-title&quot;[39m
              [36m&gt;[39m
                [0mDoktor[0m
              [36m&lt;/p&gt;[39m
              [36m&lt;p[39m
                [33mclass[39m=[32m&quot;teacher-bio&quot;[39m
              [36m&gt;[39m
                [0mMatematik eğitimi uzmanı[0m
                [0m...[0m
              [36m&lt;/p&gt;[39m
              [36m&lt;div[39m
                [33mclass[39m=[32m&quot;teacher-meta&quot;[39m
              [36m&gt;[39m
                [36m&lt;span[39m
                  [33mclass[39m=[32m&quot;rating&quot;[39m
                [36m&gt;[39m
                  [0m⭐ [0m
                  [0m4.8[0m
                  [0m ([0m
                  [0m120[0m
                  [0m)[0m
                [36m&lt;/span&gt;[39m
                [36m&lt;span[39m
                  [33mclass[39m=[32m&quot;experience&quot;[39m
                [36m&gt;[39m
                  [0m15[0m
                  [0m yıl[0m
                [36m&lt;/span&gt;[39m
                [36m&lt;span[39m
                  [33mclass[39m=[32m&quot;location&quot;[39m
                [36m&gt;[39m
                  [0m📍 [0m
                  [0mİstanbul[0m
                [36m&lt;/span&gt;[39m
              [36m&lt;/div&gt;[39m
              [36m&lt;div[39m
                [33mclass[39m=[32m&quot;teacher-rate&quot;[39m
              [36m&gt;[39m
                [36m&lt;strong&gt;[39m
                  [0m300[0m
                  [0m [0m
                  [0mTRY[0m
                [36m&lt;/strong&gt;[39m
                [0m / saat[0m
              [36m&lt;/div&gt;[39m
            [36m&lt;/div&gt;[39m
          [36m&lt;/div&gt;[39m
          [36m&lt;div[39m
            [33mclass[39m=[32m&quot;teacher-card&quot;[39m
          [36m&gt;[39m
            [36m&lt;div[39m
              [33mclass[39m=[32m&quot;teacher-avatar&quot;[39m
            [36m&gt;[39m
              [36m&lt;div[39m
                [33mclass[39m=[32m&quot;avatar-placeholder&quot;[39m
              [36m&gt;[39m
                [0mP[0m
              [36m&lt;/div&gt;[39m
            [36m&lt;/div&gt;[39m
            [36m&lt;div[39m
              [33mclass[39m=[32m&quot;teacher-info&quot;[39m
            [36m&gt;[39m
              [36m&lt;h3&gt;[39m
                [0mProf. Ayşe Demir[0m
              [36m&lt;/h3&gt;[39m
              [36m&lt;p[39m
                [33mclass[39m=[32m&quot;teacher-title&quot;[39m
              [36m&gt;[39m
                [0mProfesör[0m
              [36m&lt;/p&gt;[39m
              [36m&lt;p[39m
                [33mclass[39m=[32m&quot;teacher-bio&quot;[39m
              [36m&gt;[39m
                [0mFizik eğitimi[0m
                [0m...[0m
              [36m&lt;/p&gt;[39m
              [36m&lt;div[39m
                [33mclass[39m=[32m&quot;teacher-meta&quot;[39m
              [36m&gt;[39m
                [36m&lt;span[39m
                  [33mclass[39m=[32m&quot;rating&quot;[39m
                [36m&gt;[39m
                  [0m⭐ [0m
                  [0m4.9[0m
                  [0m ([0m
                  [0m200[0m
                  [0m)[0m
                [36m&lt;/span&gt;[39m
                [36m&lt;span[39m
                  [33mclass[39m=[32m&quot;experience&quot;[39m
                [36m&gt;[39m
                  [0m20[0m
                  [0m yıl[0m
                [36m&lt;/span&gt;[39m
                [36m&lt;span[39m
                  [33mclass[39m=[32m&quot;location&quot;[39m
                [36m&gt;[39m
                  [0m📍 [0m
                  [0mAnkara[0m
                [36m&lt;/span&gt;[39m
              [36m&lt;/div&gt;[39m
              [36m&lt;div[39m
                [33mclass[39m=[32m&quot;teacher-rate&quot;[39m
              [36m&gt;[39m
                [36m&lt;strong&gt;[39m
                  [0m350[0m
                  [0m [0m
                  [0mTRY[0m
                [36m&lt;/strong&gt;[39m
                [0m / saat[0m
              [36m&lt;/div&gt;[39m
            [36m&lt;/div&gt;[39m
          [36m&lt;/div&gt;[39m
        [36m&lt;/div&gt;[39m
      [36m&lt;/div&gt;[39m
    [36m&lt;/div&gt;[39m
  [36m&lt;/div&gt;[39m
[36m&lt;/body&gt;[39m

Ignored nodes: comments, script, style
[36m&lt;html&gt;[39m
  [36m&lt;head /&gt;[39m
  [36m&lt;body&gt;[39m
    [36m&lt;div&gt;[39m
      [36m&lt;div[39m
        [33mclass[39m=[32m&quot;teacher-pool&quot;[39m
      [36m&gt;[39m
        [36m&lt;div[39m
          [33mclass[39m=[32m&quot;teacher-pool-header&quot;[39m
        [36m&gt;[39m
          [36m&lt;h1&gt;[39m
            [0mÖğretmen Havuzu[0m
          [36m&lt;/h1&gt;[39m
          [36m&lt;div[39m
            [33mclass[39m=[32m&quot;view-tabs&quot;[39m
          [36m&gt;[39m
            [36m&lt;button[39m
              [33mclass[39m=[32m&quot;active&quot;[39m
            [36m&gt;[39m
              [0mÖğretmen Ara[0m
            [36m&lt;/button&gt;[39m
            [36m&lt;button[39m
              [33mclass[39m=[32m&quot;&quot;[39m
            [36m&gt;[39m
              [0mRandevularım[0m
            [36m&lt;/button&gt;[39m
          [36m&lt;/div&gt;[39m
        [36m&lt;/div&gt;[39m
        [36m&lt;div[39m
          [33mclass[39m=[32m&quot;search-view&quot;[39m
        [36m&gt;[39m
          [36m&lt;div[39m
            [33mclass[39m=[32m&quot;search-filters&quot;[39m
          [36m&gt;[39m
            [36m&lt;h3&gt;[39m
              [0mFiltreler[0m
            [36m&lt;/h3&gt;[39m
            [36m&lt;div[39m
              [33mclass[39m=[32m&quot;filter-group&quot;[39m
            [36m&gt;[39m
              [36m&lt;label&gt;[39m
                [0mDers:[0m
              [36m&lt;/label&gt;[39m
              [36m&lt;select&gt;[39m
                [36m&lt;option[39m
                  [33mvalue[39m=[32m&quot;&quot;[39m
                [36m&gt;[39m
                  [0mTümü[0m
                [36m&lt;/option&gt;[39m
                [36m&lt;option[39m
                  [33mvalue[39m=[32m&quot;mathematics&quot;[39m
                [36m&gt;[39m
                  [0mMatematik[0m
                [36m&lt;/option&gt;[39m
                [36m&lt;option[39m
                  [33mvalue[39m=[32m&quot;physics&quot;[39m
                [36m&gt;[39m
                  [0mFizik[0m
                [36m&lt;/option&gt;[39m
                [36m&lt;option[39m
                  [33mvalue[39m=[32m&quot;chemistry&quot;[39m
                [36m&gt;[39m
                  [0mKimya[0m
                [36m&lt;/option&gt;[39m
                [36m&lt;option[39m
                  [33mvalue[39m=[32m&quot;biology&quot;[39m
                [36m&gt;[39m
                  [0mBiyoloji[0m
                [36m&lt;/option&gt;[39m
                [36m&lt;option[39m
                  [33mvalue[39m=[32m&quot;turkish&quot;[39m
                [36m&gt;[39m
                  [0mTürkçe[0m
                [36m&lt;/option&gt;[39m
                [36m&lt;option[39m
                  [33mvalue[39m=[32m&quot;history&quot;[39m
                [36m&gt;[39m
                  [0mTarih[0m
                [36m&lt;/option&gt;[39m
                [36m&lt;option[39m
                  [33mvalue[39m=[32m&quot;geography&quot;[39m
                [36m&gt;[39m
                  [0mCoğrafya[0m
                [36m&lt;/option&gt;[39m
                [36m&lt;option[39m
                  [33mvalue[39m=[32m&quot;english&quot;[39m
                [36m&gt;[39m
                  [0mİngilizce[0m
                [36m&lt;/option&gt;[39m
              [36m&lt;/select&gt;[39m
            [36m&lt;/div&gt;[39m
            [36m&lt;div[39m
              [33mclass[39m=[32m&quot;filter-group&quot;[39m
            [36m&gt;[39m
              [36m&lt;label&gt;[39m
                [0mŞehir:[0m
              [36m&lt;/label&gt;[39m
              [36m&lt;input[39m
                [33mplaceholder[39m=[32m&quot;İstanbul, Ankara...&quot;[39m
                [33mtype[39m=[32m&quot;text&quot;[39m
                [33mvalue[39m=[32m&quot;&quot;[39m
              [36m/&gt;[39m
            [36m&lt;/div&gt;[39m
            [36m&lt;div[39m
              [33mclass[39m=[32m&quot;filter-group&quot;[39m
            [36m&gt;[39m
              [36m&lt;label&gt;[39m
                [0mMinimum Puan:[0m
              [36m&lt;/label&gt;[39m
              [36m&lt;input[39m
                [33mmax[39m=[32m&quot;5&quot;[39m
                [33mmin[39m=[32m&quot;0&quot;[39m
                [33mstep[39m=[32m&quot;0.5&quot;[39m
                [33mtype[39m=[32m&quot;number&quot;[39m
                [33mvalue[39m=[32m&quot;0&quot;[39m
              [36m/&gt;[39m
            [36m&lt;/div&gt;[39m
            [36m&lt;div[39m
              [33mclass[39m=[32m&quot;filter-group&quot;[39m
            [36m&gt;[39m
              [36m&lt;label&gt;[39m
                [0mMax Ücret (₺/saat):[0m
              [36m&lt;/label&gt;[39m
              [36m&lt;input[39m
                [33mmin[39m=[32m&quot;0&quot;[39m
                [33mtype[39m=[32m&quot;number&quot;[39m
                [33mvalue[39m=[32m&quot;0&quot;[39m
              [36m/&gt;[39m
            [36m&lt;/div&gt;[39m
            [36m&lt;div[39m
              [33mclass[39m=[32m&quot;filter-group checkbox&quot;[39m
            [36m&gt;[39m
              [36m&lt;label&gt;[39m
                [36m&lt;input[39m
                  [33mtype[39m=[32m&quot;checkbox&quot;[39m
                [36m/&gt;[39m
                [0mSadece Online[0m
              [36m&lt;/label&gt;[39m
            [36m&lt;/div&gt;[39m
            [36m&lt;button[39m
              [33mclass[39m=[32m&quot;btn-search&quot;[39m
            [36m&gt;[39m
              [0mAra[0m
            [36m&lt;/button&gt;[39m
          [36m&lt;/div&gt;[39m
          [36m&lt;div[39m
            [33mclass[39m=[32m&quot;teacher-list&quot;[39m
          [36m&gt;[39m
            [36m&lt;div[39m
              [33mclass[39m=[32m&quot;teacher-card&quot;[39m
            [36m&gt;[39m
              [36m&lt;div[39m
                [33mclass[39m=[32m&quot;teacher-avatar&quot;[39m
              [36m&gt;[39m
                [36m&lt;div[39m
                  [33mclass[39m=[32m&quot;avatar-placeholder&quot;[39m
                [36m&gt;[39m
                  [0mD[0m
                [36m&lt;/div&gt;[39m
              [36m&lt;/div&gt;[39m
              [36m&lt;div[39m
                [33mclass[39m=[32m&quot;teacher-info&quot;[39m
              [36m&gt;[39m
                [36m&lt;h3&gt;[39m
                  [0mDr. Ahmet Yılmaz[0m
                [36m&lt;/h3&gt;[39m
                [36m&lt;p[39m
                  [33mclass[39m=[32m&quot;teacher-title&quot;[39m
                [36m&gt;[39m
                  [0mDoktor[0m
                [36m&lt;/p&gt;[39m
                [36m&lt;p[39m
                  [33mclass[39m=[32m&quot;teacher-bio&quot;[39m
                [36m&gt;[39m
                  [0mMatematik eğitimi uzmanı[0m
                  [0m...[0m
                [36m&lt;/p&gt;[39m
                [36m&lt;div[39m
                  [33mclass[39m=[32m&quot;teacher-meta&quot;[39m
                [36m&gt;[39m
                  [36m&lt;span[39m
                    [33mclass[39m=[32m&quot;rating&quot;[39m
                  [36m&gt;[39m
                    [0m⭐ [0m
                    [0m4.8[0m
                    [0m ([0m
                    [0m120[0m
                    [0m)[0m
                  [36m&lt;/span&gt;[39m
                  [36m&lt;span[39m
                    [33mclass[39m=[32m&quot;experience&quot;[39m
                  [36m&gt;[39m
                    [0m15[0m
                    [0m yıl[0m
                  [36m&lt;/span&gt;[39m
                  [36m&lt;span[39m
                    [33mclass[39m=[32m&quot;location&quot;[39m
                  [36m&gt;[39m
                    [0m📍 [0m
                    [0mİstanbul[0m
                  [36m&lt;/span&gt;[39m
                [36m&lt;/div&gt;[39m
                [36m&lt;div[39m
                  [33mclass[39m=[32m&quot;teacher-rate&quot;[39m
                [36m&gt;[39m
                  [36m&lt;strong&gt;[39m
                    [0m300[0m
                    [0m [0m
                    [0mTRY[0m
                  [36m&lt;/strong&gt;[39m
                  [0m / saat[0m
                [36m&lt;/div&gt;[39m
              [36m&lt;/div&gt;[39m
            [36m&lt;/div&gt;[39m
            [36m&lt;div[39m
              [33mclass[39m=[32m&quot;teacher-card&quot;[39m
            [36m&gt;[39m
              [36m&lt;div[39m
                [33mclass[39m=[32m&quot;teacher-avatar&quot;[39m
              [36m&gt;[39m
                [36m&lt;div[39m
                  [33mclass[39m=[32m&quot;avatar-placeholder&quot;[39m
                [36m&gt;[39m
                  [0mP[0m
                [36m&lt;/div&gt;[39m
              [36m&lt;/div&gt;[39m
              [36m&lt;div[39m
                [33mclass[39m=[32m&quot;teacher-info&quot;[39m
              [36m&gt;[39m
                [36m&lt;h3&gt;[39m
                  [0mProf. Ayşe Demir[0m
                [36m&lt;/h3&gt;[39m
                [36m&lt;p[39m
                  [33mclass[39m=[32m&quot;teacher-title&quot;[39m
                [36m&gt;[39m
                  [0mProfesör[0m
                [36m&lt;/p&gt;[39m
                [36m&lt;p[39m
                  [33mclass[39m=[32m&quot;teacher-bio&quot;[39m
                [36m&gt;[39m
                  [0mFizik eğitimi[0m
                  [0m...[0m
                [36m&lt;/p&gt;[39m
                [36m&lt;div[39m
                  [33mclass[39m=[32m&quot;teacher-meta&quot;[39m
                [36m&gt;[39m
                  [36m&lt;span[39m
                    [33mclass[39m=[32m&quot;rating&quot;[39m
                  [36m&gt;[39m
                    [0m⭐ [0m
                    [0m4.9[0m
                    [0m ([0m
                    [0m200[0m
                    [0m)[0m
                  [36m&lt;/span&gt;[39m
                  [36m&lt;span[39m
                    [33mclass[39m=[32m&quot;experience&quot;[39m
                  [36m&gt;[39m
                    [0m20[0m
                    [0m yıl[0m
                  [36m&lt;/span&gt;[39m
                  [36m&lt;span[39m
                    [33mclass[39m=[32m&quot;location&quot;[39m
                  [36m&gt;[39m
                    [0m📍 [0m
                    [0mAnkara[0m
                  [36m&lt;/span&gt;[39m
                [36m&lt;/div&gt;[39m
                [36m&lt;div[39m
                  [33mclass[39m=[32m&quot;teacher-rate&quot;[39m
                [36m&gt;[39m
                  [36m&lt;strong&gt;[39m
                    [0m350[0m
                    [0m [0m
                    [0mTRY[0m
                  [36m&lt;/strong&gt;[39m
                  [0m / saat[0m
                [36m&lt;/div&gt;[39m
              [36m&lt;/div&gt;[39m
            [36m&lt;/div&gt;[39m
          [36m&lt;/div&gt;[39m
        [36m&lt;/div&gt;[39m
      [36m&lt;/div&gt;[39m
    [36m&lt;/div&gt;[39m
  [36m&lt;/body&gt;[39m
[36m&lt;/html&gt;[39m" type="TestingLibraryElementError">
TestingLibraryElementError: Found a label with the text of: /Şehir/i, however no form control was found associated to that label. Make sure you&apos;re using the &quot;for&quot; attribute or &quot;aria-labelledby&quot; attribute correctly.

Ignored nodes: comments, script, style
&lt;body&gt;
  &lt;div&gt;
    &lt;div
      class=&quot;teacher-pool&quot;
    &gt;
      &lt;div
        class=&quot;teacher-pool-header&quot;
      &gt;
        &lt;h1&gt;
          Öğretmen Havuzu
        &lt;/h1&gt;
        &lt;div
          class=&quot;view-tabs&quot;
        &gt;
          &lt;button
            class=&quot;active&quot;
          &gt;
            Öğretmen Ara
          &lt;/button&gt;
          &lt;button
            class=&quot;&quot;
          &gt;
            Randevularım
          &lt;/button&gt;
        &lt;/div&gt;
      &lt;/div&gt;
      &lt;div
        class=&quot;search-view&quot;
      &gt;
        &lt;div
          class=&quot;search-filters&quot;
        &gt;
          &lt;h3&gt;
            Filtreler
          &lt;/h3&gt;
          &lt;div
            class=&quot;filter-group&quot;
          &gt;
            &lt;label&gt;
              Ders:
            &lt;/label&gt;
            &lt;select&gt;
              &lt;option
                value=&quot;&quot;
              &gt;
                Tümü
              &lt;/option&gt;
              &lt;option
                value=&quot;mathematics&quot;
              &gt;
                Matematik
              &lt;/option&gt;
              &lt;option
                value=&quot;physics&quot;
              &gt;
                Fizik
              &lt;/option&gt;
              &lt;option
                value=&quot;chemistry&quot;
              &gt;
                Kimya
              &lt;/option&gt;
              &lt;option
                value=&quot;biology&quot;
              &gt;
                Biyoloji
              &lt;/option&gt;
              &lt;option
                value=&quot;turkish&quot;
              &gt;
                Türkçe
              &lt;/option&gt;
              &lt;option
                value=&quot;history&quot;
              &gt;
                Tarih
              &lt;/option&gt;
              &lt;option
                value=&quot;geography&quot;
              &gt;
                Coğrafya
              &lt;/option&gt;
              &lt;option
                value=&quot;english&quot;
              &gt;
                İngilizce
              &lt;/option&gt;
            &lt;/select&gt;
          &lt;/div&gt;
          &lt;div
            class=&quot;filter-group&quot;
          &gt;
            &lt;label&gt;
              Şehir:
            &lt;/label&gt;
            &lt;input
              placeholder=&quot;İstanbul, Ankara...&quot;
              type=&quot;text&quot;
              value=&quot;&quot;
            /&gt;
          &lt;/div&gt;
          &lt;div
            class=&quot;filter-group&quot;
          &gt;
            &lt;label&gt;
              Minimum Puan:
            &lt;/label&gt;
            &lt;input
              max=&quot;5&quot;
              min=&quot;0&quot;
              step=&quot;0.5&quot;
              type=&quot;number&quot;
              value=&quot;0&quot;
            /&gt;
          &lt;/div&gt;
          &lt;div
            class=&quot;filter-group&quot;
          &gt;
            &lt;label&gt;
              Max Ücret (₺/saat):
            &lt;/label&gt;
            &lt;input
              min=&quot;0&quot;
              type=&quot;number&quot;
              value=&quot;0&quot;
            /&gt;
          &lt;/div&gt;
          &lt;div
            class=&quot;filter-group checkbox&quot;
          &gt;
            &lt;label&gt;
              &lt;input
                type=&quot;checkbox&quot;
              /&gt;
              Sadece Online
            &lt;/label&gt;
          &lt;/div&gt;
          &lt;button
            class=&quot;btn-search&quot;
          &gt;
            Ara
          &lt;/button&gt;
        &lt;/div&gt;
        &lt;div
          class=&quot;teacher-list&quot;
        &gt;
          &lt;div
            class=&quot;teacher-card&quot;
          &gt;
            &lt;div
              class=&quot;teacher-avatar&quot;
            &gt;
              &lt;div
                class=&quot;avatar-placeholder&quot;
              &gt;
                D
              &lt;/div&gt;
            &lt;/div&gt;
            &lt;div
              class=&quot;teacher-info&quot;
            &gt;
              &lt;h3&gt;
                Dr. Ahmet Yılmaz
              &lt;/h3&gt;
              &lt;p
                class=&quot;teacher-title&quot;
              &gt;
                Doktor
              &lt;/p&gt;
              &lt;p
                class=&quot;teacher-bio&quot;
              &gt;
                Matematik eğitimi uzmanı
                ...
              &lt;/p&gt;
              &lt;div
                class=&quot;teacher-meta&quot;
              &gt;
                &lt;span
                  class=&quot;rating&quot;
                &gt;
                  ⭐ 
                  4.8
                   (
                  120
                  )
                &lt;/span&gt;
                &lt;span
                  class=&quot;experience&quot;
                &gt;
                  15
                   yıl
                &lt;/span&gt;
                &lt;span
                  class=&quot;location&quot;
                &gt;
                  📍 
                  İstanbul
                &lt;/span&gt;
              &lt;/div&gt;
              &lt;div
                class=&quot;teacher-rate&quot;
              &gt;
                &lt;strong&gt;
                  300
                   
                  TRY
                &lt;/strong&gt;
                 / saat
              &lt;/div&gt;
            &lt;/div&gt;
          &lt;/div&gt;
          &lt;div
            class=&quot;teacher-card&quot;
          &gt;
            &lt;div
              class=&quot;teacher-avatar&quot;
            &gt;
              &lt;div
                class=&quot;avatar-placeholder&quot;
              &gt;
                P
              &lt;/div&gt;
            &lt;/div&gt;
            &lt;div
              class=&quot;teacher-info&quot;
            &gt;
              &lt;h3&gt;
                Prof. Ayşe Demir
              &lt;/h3&gt;
              &lt;p
                class=&quot;teacher-title&quot;
              &gt;
                Profesör
              &lt;/p&gt;
              &lt;p
                class=&quot;teacher-bio&quot;
              &gt;
                Fizik eğitimi
                ...
              &lt;/p&gt;
              &lt;div
                class=&quot;teacher-meta&quot;
              &gt;
                &lt;span
                  class=&quot;rating&quot;
                &gt;
                  ⭐ 
                  4.9
                   (
                  200
                  )
                &lt;/span&gt;
                &lt;span
                  class=&quot;experience&quot;
                &gt;
                  20
                   yıl
                &lt;/span&gt;
                &lt;span
                  class=&quot;location&quot;
                &gt;
                  📍 
                  Ankara
                &lt;/span&gt;
              &lt;/div&gt;
              &lt;div
                class=&quot;teacher-rate&quot;
              &gt;
                &lt;strong&gt;
                  350
                   
                  TRY
                &lt;/strong&gt;
                 / saat
              &lt;/div&gt;
            &lt;/div&gt;
          &lt;/div&gt;
        &lt;/div&gt;
      &lt;/div&gt;
    &lt;/div&gt;
  &lt;/div&gt;
&lt;/body&gt;

Ignored nodes: comments, script, style
&lt;html&gt;
  &lt;head /&gt;
  &lt;body&gt;
    &lt;div&gt;
      &lt;div
        class=&quot;teacher-pool&quot;
      &gt;
        &lt;div
          class=&quot;teacher-pool-header&quot;
        &gt;
          &lt;h1&gt;
            Öğretmen Havuzu
          &lt;/h1&gt;
          &lt;div
            class=&quot;view-tabs&quot;
          &gt;
            &lt;button
              class=&quot;active&quot;
            &gt;
              Öğretmen Ara
            &lt;/button&gt;
            &lt;button
              class=&quot;&quot;
            &gt;
              Randevularım
            &lt;/button&gt;
          &lt;/div&gt;
        &lt;/div&gt;
        &lt;div
          class=&quot;search-view&quot;
        &gt;
          &lt;div
            class=&quot;search-filters&quot;
          &gt;
            &lt;h3&gt;
              Filtreler
            &lt;/h3&gt;
            &lt;div
              class=&quot;filter-group&quot;
            &gt;
              &lt;label&gt;
                Ders:
              &lt;/label&gt;
              &lt;select&gt;
                &lt;option
                  value=&quot;&quot;
                &gt;
                  Tümü
                &lt;/option&gt;
                &lt;option
                  value=&quot;mathematics&quot;
                &gt;
                  Matematik
                &lt;/option&gt;
                &lt;option
                  value=&quot;physics&quot;
                &gt;
                  Fizik
                &lt;/option&gt;
                &lt;option
                  value=&quot;chemistry&quot;
                &gt;
                  Kimya
                &lt;/option&gt;
                &lt;option
                  value=&quot;biology&quot;
                &gt;
                  Biyoloji
                &lt;/option&gt;
                &lt;option
                  value=&quot;turkish&quot;
                &gt;
                  Türkçe
                &lt;/option&gt;
                &lt;option
                  value=&quot;history&quot;
                &gt;
                  Tarih
                &lt;/option&gt;
                &lt;option
                  value=&quot;geography&quot;
                &gt;
                  Coğrafya
                &lt;/option&gt;
                &lt;option
                  value=&quot;english&quot;
                &gt;
                  İngilizce
                &lt;/option&gt;
              &lt;/select&gt;
            &lt;/div&gt;
            &lt;div
              class=&quot;filter-group&quot;
            &gt;
              &lt;label&gt;
                Şehir:
              &lt;/label&gt;
              &lt;input
                placeholder=&quot;İstanbul, Ankara...&quot;
                type=&quot;text&quot;
                value=&quot;&quot;
              /&gt;
            &lt;/div&gt;
            &lt;div
              class=&quot;filter-group&quot;
            &gt;
              &lt;label&gt;
                Minimum Puan:
              &lt;/label&gt;
              &lt;input
                max=&quot;5&quot;
                min=&quot;0&quot;
                step=&quot;0.5&quot;
                type=&quot;number&quot;
                value=&quot;0&quot;
              /&gt;
            &lt;/div&gt;
            &lt;div
              class=&quot;filter-group&quot;
            &gt;
              &lt;label&gt;
                Max Ücret (₺/saat):
              &lt;/label&gt;
              &lt;input
                min=&quot;0&quot;
                type=&quot;number&quot;
                value=&quot;0&quot;
              /&gt;
            &lt;/div&gt;
            &lt;div
              class=&quot;filter-group checkbox&quot;
            &gt;
              &lt;label&gt;
                &lt;input
                  type=&quot;checkbox&quot;
                /&gt;
                Sadece Online
              &lt;/label&gt;
            &lt;/div&gt;
            &lt;button
              class=&quot;btn-search&quot;
            &gt;
              Ara
            &lt;/button&gt;
          &lt;/div&gt;
          &lt;div
            class=&quot;teacher-list&quot;
          &gt;
            &lt;div
              class=&quot;teacher-card&quot;
            &gt;
              &lt;div
                class=&quot;teacher-avatar&quot;
              &gt;
                &lt;div
                  class=&quot;avatar-placeholder&quot;
                &gt;
                  D
                &lt;/div&gt;
              &lt;/div&gt;
              &lt;div
                class=&quot;teacher-info&quot;
              &gt;
                &lt;h3&gt;
                  Dr. Ahmet Yılmaz
                &lt;/h3&gt;
                &lt;p
                  class=&quot;teacher-title&quot;
                &gt;
                  Doktor
                &lt;/p&gt;
                &lt;p
                  class=&quot;teacher-bio&quot;
                &gt;
                  Matematik eğitimi uzmanı
                  ...
                &lt;/p&gt;
                &lt;div
                  class=&quot;teacher-meta&quot;
                &gt;
                  &lt;span
                    class=&quot;rating&quot;
                  &gt;
                    ⭐ 
                    4.8
                     (
                    120
                    )
                  &lt;/span&gt;
                  &lt;span
                    class=&quot;experience&quot;
                  &gt;
                    15
                     yıl
                  &lt;/span&gt;
                  &lt;span
                    class=&quot;location&quot;
                  &gt;
                    📍 
                    İstanbul
                  &lt;/span&gt;
                &lt;/div&gt;
                &lt;div
                  class=&quot;teacher-rate&quot;
                &gt;
                  &lt;strong&gt;
                    300
                     
                    TRY
                  &lt;/strong&gt;
                   / saat
                &lt;/div&gt;
              &lt;/div&gt;
            &lt;/div&gt;
            &lt;div
              class=&quot;teacher-card&quot;
            &gt;
              &lt;div
                class=&quot;teacher-avatar&quot;
              &gt;
                &lt;div
                  class=&quot;avatar-placeholder&quot;
                &gt;
                  P
                &lt;/div&gt;
              &lt;/div&gt;
              &lt;div
                class=&quot;teacher-info&quot;
              &gt;
                &lt;h3&gt;
                  Prof. Ayşe Demir
                &lt;/h3&gt;
                &lt;p
                  class=&quot;teacher-title&quot;
                &gt;
                  Profesör
                &lt;/p&gt;
                &lt;p
                  class=&quot;teacher-bio&quot;
                &gt;
                  Fizik eğitimi
                  ...
                &lt;/p&gt;
                &lt;div
                  class=&quot;teacher-meta&quot;
                &gt;
                  &lt;span
                    class=&quot;rating&quot;
                  &gt;
                    ⭐ 
                    4.9
                     (
                    200
                    )
                  &lt;/span&gt;
                  &lt;span
                    class=&quot;experience&quot;
                  &gt;
                    20
                     yıl
                  &lt;/span&gt;
                  &lt;span
                    class=&quot;location&quot;
                  &gt;
                    📍 
                    Ankara
                  &lt;/span&gt;
                &lt;/div&gt;
                &lt;div
                  class=&quot;teacher-rate&quot;
                &gt;
                  &lt;strong&gt;
                    350
                     
                    TRY
                  &lt;/strong&gt;
                   / saat
                &lt;/div&gt;
              &lt;/div&gt;
            &lt;/div&gt;
          &lt;/div&gt;
        &lt;/div&gt;
      &lt;/div&gt;
    &lt;/div&gt;
  &lt;/body&gt;
&lt;/html&gt;
 ❯ waitForWrapper node_modules/@testing-library/react/node_modules/@testing-library/dom/dist/wait-for.js:163:27
 ❯ src/components/TeacherPool/__tests__/TeacherPool.test.tsx:224:11
            </failure>
        </testcase>
        <testcase classname="src/components/TeacherPool/__tests__/TeacherPool.test.tsx" name="TeacherPool - Search Filters &gt; filters by minimum rating" time="1.0285425">
            <failure message="Unable to find a label with the text of: /Min. Puan/i

Ignored nodes: comments, script, style
[36m&lt;body&gt;[39m
  [36m&lt;div&gt;[39m
    [36m&lt;div[39m
      [33mclass[39m=[32m&quot;teacher-pool&quot;[39m
    [36m&gt;[39m
      [36m&lt;div[39m
        [33mclass[39m=[32m&quot;teacher-pool-header&quot;[39m
      [36m&gt;[39m
        [36m&lt;h1&gt;[39m
          [0mÖğretmen Havuzu[0m
        [36m&lt;/h1&gt;[39m
        [36m&lt;div[39m
          [33mclass[39m=[32m&quot;view-tabs&quot;[39m
        [36m&gt;[39m
          [36m&lt;button[39m
            [33mclass[39m=[32m&quot;active&quot;[39m
          [36m&gt;[39m
            [0mÖğretmen Ara[0m
          [36m&lt;/button&gt;[39m
          [36m&lt;button[39m
            [33mclass[39m=[32m&quot;&quot;[39m
          [36m&gt;[39m
            [0mRandevularım[0m
          [36m&lt;/button&gt;[39m
        [36m&lt;/div&gt;[39m
      [36m&lt;/div&gt;[39m
      [36m&lt;div[39m
        [33mclass[39m=[32m&quot;search-view&quot;[39m
      [36m&gt;[39m
        [36m&lt;div[39m
          [33mclass[39m=[32m&quot;search-filters&quot;[39m
        [36m&gt;[39m
          [36m&lt;h3&gt;[39m
            [0mFiltreler[0m
          [36m&lt;/h3&gt;[39m
          [36m&lt;div[39m
            [33mclass[39m=[32m&quot;filter-group&quot;[39m
          [36m&gt;[39m
            [36m&lt;label&gt;[39m
              [0mDers:[0m
            [36m&lt;/label&gt;[39m
            [36m&lt;select&gt;[39m
              [36m&lt;option[39m
                [33mvalue[39m=[32m&quot;&quot;[39m
              [36m&gt;[39m
                [0mTümü[0m
              [36m&lt;/option&gt;[39m
              [36m&lt;option[39m
                [33mvalue[39m=[32m&quot;mathematics&quot;[39m
              [36m&gt;[39m
                [0mMatematik[0m
              [36m&lt;/option&gt;[39m
              [36m&lt;option[39m
                [33mvalue[39m=[32m&quot;physics&quot;[39m
              [36m&gt;[39m
                [0mFizik[0m
              [36m&lt;/option&gt;[39m
              [36m&lt;option[39m
                [33mvalue[39m=[32m&quot;chemistry&quot;[39m
              [36m&gt;[39m
                [0mKimya[0m
              [36m&lt;/option&gt;[39m
              [36m&lt;option[39m
                [33mvalue[39m=[32m&quot;biology&quot;[39m
              [36m&gt;[39m
                [0mBiyoloji[0m
              [36m&lt;/option&gt;[39m
              [36m&lt;option[39m
                [33mvalue[39m=[32m&quot;turkish&quot;[39m
              [36m&gt;[39m
                [0mTürkçe[0m
              [36m&lt;/option&gt;[39m
              [36m&lt;option[39m
                [33mvalue[39m=[32m&quot;history&quot;[39m
              [36m&gt;[39m
                [0mTarih[0m
              [36m&lt;/option&gt;[39m
              [36m&lt;option[39m
                [33mvalue[39m=[32m&quot;geography&quot;[39m
              [36m&gt;[39m
                [0mCoğrafya[0m
              [36m&lt;/option&gt;[39m
              [36m&lt;option[39m
                [33mvalue[39m=[32m&quot;english&quot;[39m
              [36m&gt;[39m
                [0mİngilizce[0m
              [36m&lt;/option&gt;[39m
            [36m&lt;/select&gt;[39m
          [36m&lt;/div&gt;[39m
          [36m&lt;div[39m
            [33mclass[39m=[32m&quot;filter-group&quot;[39m
          [36m&gt;[39m
            [36m&lt;label&gt;[39m
              [0mŞehir:[0m
            [36m&lt;/label&gt;[39m
            [36m&lt;input[39m
              [33mplaceholder[39m=[32m&quot;İstanbul, Ankara...&quot;[39m
              [33mtype[39m=[32m&quot;text&quot;[39m
              [33mvalue[39m=[32m&quot;&quot;[39m
            [36m/&gt;[39m
          [36m&lt;/div&gt;[39m
          [36m&lt;div[39m
            [33mclass[39m=[32m&quot;filter-group&quot;[39m
          [36m&gt;[39m
            [36m&lt;label&gt;[39m
              [0mMinimum Puan:[0m
            [36m&lt;/label&gt;[39m
            [36m&lt;input[39m
              [33mmax[39m=[32m&quot;5&quot;[39m
              [33mmin[39m=[32m&quot;0&quot;[39m
              [33mstep[39m=[32m&quot;0.5&quot;[39m
              [33mtype[39m=[32m&quot;number&quot;[39m
              [33mvalue[39m=[32m&quot;0&quot;[39m
            [36m/&gt;[39m
          [36m&lt;/div&gt;[39m
          [36m&lt;div[39m
            [33mclass[39m=[32m&quot;filter-group&quot;[39m
          [36m&gt;[39m
            [36m&lt;label&gt;[39m
              [0mMax Ücret (₺/saat):[0m
            [36m&lt;/label&gt;[39m
            [36m&lt;input[39m
              [33mmin[39m=[32m&quot;0&quot;[39m
              [33mtype[39m=[32m&quot;number&quot;[39m
              [33mvalue[39m=[32m&quot;0&quot;[39m
            [36m/&gt;[39m
          [36m&lt;/div&gt;[39m
          [36m&lt;div[39m
            [33mclass[39m=[32m&quot;filter-group checkbox&quot;[39m
          [36m&gt;[39m
            [36m&lt;label&gt;[39m
              [36m&lt;input[39m
                [33mtype[39m=[32m&quot;checkbox&quot;[39m
              [36m/&gt;[39m
              [0mSadece Online[0m
            [36m&lt;/label&gt;[39m
          [36m&lt;/div&gt;[39m
          [36m&lt;button[39m
            [33mclass[39m=[32m&quot;btn-search&quot;[39m
          [36m&gt;[39m
            [0mAra[0m
          [36m&lt;/button&gt;[39m
        [36m&lt;/div&gt;[39m
        [36m&lt;div[39m
          [33mclass[39m=[32m&quot;teacher-list&quot;[39m
        [36m&gt;[39m
          [36m&lt;div[39m
            [33mclass[39m=[32m&quot;teacher-card&quot;[39m
          [36m&gt;[39m
            [36m&lt;div[39m
              [33mclass[39m=[32m&quot;teacher-avatar&quot;[39m
            [36m&gt;[39m
              [36m&lt;div[39m
                [33mclass[39m=[32m&quot;avatar-placeholder&quot;[39m
              [36m&gt;[39m
                [0mD[0m
              [36m&lt;/div&gt;[39m
            [36m&lt;/div&gt;[39m
            [36m&lt;div[39m
              [33mclass[39m=[32m&quot;teacher-info&quot;[39m
            [36m&gt;[39m
              [36m&lt;h3&gt;[39m
                [0mDr. Ahmet Yılmaz[0m
              [36m&lt;/h3&gt;[39m
              [36m&lt;p[39m
                [33mclass[39m=[32m&quot;teacher-title&quot;[39m
              [36m&gt;[39m
                [0mDoktor[0m
              [36m&lt;/p&gt;[39m
              [36m&lt;p[39m
                [33mclass[39m=[32m&quot;teacher-bio&quot;[39m
              [36m&gt;[39m
                [0mMatematik eğitimi uzmanı[0m
                [0m...[0m
              [36m&lt;/p&gt;[39m
              [36m&lt;div[39m
                [33mclass[39m=[32m&quot;teacher-meta&quot;[39m
              [36m&gt;[39m
                [36m&lt;span[39m
                  [33mclass[39m=[32m&quot;rating&quot;[39m
                [36m&gt;[39m
                  [0m⭐ [0m
                  [0m4.8[0m
                  [0m ([0m
                  [0m120[0m
                  [0m)[0m
                [36m&lt;/span&gt;[39m
                [36m&lt;span[39m
                  [33mclass[39m=[32m&quot;experience&quot;[39m
                [36m&gt;[39m
                  [0m15[0m
                  [0m yıl[0m
                [36m&lt;/span&gt;[39m
                [36m&lt;span[39m
                  [33mclass[39m=[32m&quot;location&quot;[39m
                [36m&gt;[39m
                  [0m📍 [0m
                  [0mİstanbul[0m
                [36m&lt;/span&gt;[39m
              [36m&lt;/div&gt;[39m
              [36m&lt;div[39m
                [33mclass[39m=[32m&quot;teacher-rate&quot;[39m
              [36m&gt;[39m
                [36m&lt;strong&gt;[39m
                  [0m300[0m
                  [0m [0m
                  [0mTRY[0m
                [36m&lt;/strong&gt;[39m
                [0m / saat[0m
              [36m&lt;/div&gt;[39m
            [36m&lt;/div&gt;[39m
          [36m&lt;/div&gt;[39m
          [36m&lt;div[39m
            [33mclass[39m=[32m&quot;teacher-card&quot;[39m
          [36m&gt;[39m
            [36m&lt;div[39m
              [33mclass[39m=[32m&quot;teacher-avatar&quot;[39m
            [36m&gt;[39m
              [36m&lt;div[39m
                [33mclass[39m=[32m&quot;avatar-placeholder&quot;[39m
              [36m&gt;[39m
                [0mP[0m
              [36m&lt;/div&gt;[39m
            [36m&lt;/div&gt;[39m
            [36m&lt;div[39m
              [33mclass[39m=[32m&quot;teacher-info&quot;[39m
            [36m&gt;[39m
              [36m&lt;h3&gt;[39m
                [0mProf. Ayşe Demir[0m
              [36m&lt;/h3&gt;[39m
              [36m&lt;p[39m
                [33mclass[39m=[32m&quot;teacher-title&quot;[39m
              [36m&gt;[39m
                [0mProfesör[0m
              [36m&lt;/p&gt;[39m
              [36m&lt;p[39m
                [33mclass[39m=[32m&quot;teacher-bio&quot;[39m
              [36m&gt;[39m
                [0mFizik eğitimi[0m
                [0m...[0m
              [36m&lt;/p&gt;[39m
              [36m&lt;div[39m
                [33mclass[39m=[32m&quot;teacher-meta&quot;[39m
              [36m&gt;[39m
                [36m&lt;span[39m
                  [33mclass[39m=[32m&quot;rating&quot;[39m
                [36m&gt;[39m
                  [0m⭐ [0m
                  [0m4.9[0m
                  [0m ([0m
                  [0m200[0m
                  [0m)[0m
                [36m&lt;/span&gt;[39m
                [36m&lt;span[39m
                  [33mclass[39m=[32m&quot;experience&quot;[39m
                [36m&gt;[39m
                  [0m20[0m
                  [0m yıl[0m
                [36m&lt;/span&gt;[39m
                [36m&lt;span[39m
                  [33mclass[39m=[32m&quot;location&quot;[39m
                [36m&gt;[39m
                  [0m📍 [0m
                  [0mAnkara[0m
                [36m&lt;/span&gt;[39m
              [36m&lt;/div&gt;[39m
              [36m&lt;div[39m
                [33mclass[39m=[32m&quot;teacher-rate&quot;[39m
              [36m&gt;[39m
                [36m&lt;strong&gt;[39m
                  [0m350[0m
                  [0m [0m
                  [0mTRY[0m
                [36m&lt;/strong&gt;[39m
                [0m / saat[0m
              [36m&lt;/div&gt;[39m
            [36m&lt;/div&gt;[39m
          [36m&lt;/div&gt;[39m
        [36m&lt;/div&gt;[39m
      [36m&lt;/div&gt;[39m
    [36m&lt;/div&gt;[39m
  [36m&lt;/div&gt;[39m
[36m&lt;/body&gt;[39m

Ignored nodes: comments, script, style
[36m&lt;html&gt;[39m
  [36m&lt;head /&gt;[39m
  [36m&lt;body&gt;[39m
    [36m&lt;div&gt;[39m
      [36m&lt;div[39m
        [33mclass[39m=[32m&quot;teacher-pool&quot;[39m
      [36m&gt;[39m
        [36m&lt;div[39m
          [33mclass[39m=[32m&quot;teacher-pool-header&quot;[39m
        [36m&gt;[39m
          [36m&lt;h1&gt;[39m
            [0mÖğretmen Havuzu[0m
          [36m&lt;/h1&gt;[39m
          [36m&lt;div[39m
            [33mclass[39m=[32m&quot;view-tabs&quot;[39m
          [36m&gt;[39m
            [36m&lt;button[39m
              [33mclass[39m=[32m&quot;active&quot;[39m
            [36m&gt;[39m
              [0mÖğretmen Ara[0m
            [36m&lt;/button&gt;[39m
            [36m&lt;button[39m
              [33mclass[39m=[32m&quot;&quot;[39m
            [36m&gt;[39m
              [0mRandevularım[0m
            [36m&lt;/button&gt;[39m
          [36m&lt;/div&gt;[39m
        [36m&lt;/div&gt;[39m
        [36m&lt;div[39m
          [33mclass[39m=[32m&quot;search-view&quot;[39m
        [36m&gt;[39m
          [36m&lt;div[39m
            [33mclass[39m=[32m&quot;search-filters&quot;[39m
          [36m&gt;[39m
            [36m&lt;h3&gt;[39m
              [0mFiltreler[0m
            [36m&lt;/h3&gt;[39m
            [36m&lt;div[39m
              [33mclass[39m=[32m&quot;filter-group&quot;[39m
            [36m&gt;[39m
              [36m&lt;label&gt;[39m
                [0mDers:[0m
              [36m&lt;/label&gt;[39m
              [36m&lt;select&gt;[39m
                [36m&lt;option[39m
                  [33mvalue[39m=[32m&quot;&quot;[39m
                [36m&gt;[39m
                  [0mTümü[0m
                [36m&lt;/option&gt;[39m
                [36m&lt;option[39m
                  [33mvalue[39m=[32m&quot;mathematics&quot;[39m
                [36m&gt;[39m
                  [0mMatematik[0m
                [36m&lt;/option&gt;[39m
                [36m&lt;option[39m
                  [33mvalue[39m=[32m&quot;physics&quot;[39m
                [36m&gt;[39m
                  [0mFizik[0m
                [36m&lt;/option&gt;[39m
                [36m&lt;option[39m
                  [33mvalue[39m=[32m&quot;chemistry&quot;[39m
                [36m&gt;[39m
                  [0mKimya[0m
                [36m&lt;/option&gt;[39m
                [36m&lt;option[39m
                  [33mvalue[39m=[32m&quot;biology&quot;[39m
                [36m&gt;[39m
                  [0mBiyoloji[0m
                [36m&lt;/option&gt;[39m
                [36m&lt;option[39m
                  [33mvalue[39m=[32m&quot;turkish&quot;[39m
                [36m&gt;[39m
                  [0mTürkçe[0m
                [36m&lt;/option&gt;[39m
                [36m&lt;option[39m
                  [33mvalue[39m=[32m&quot;history&quot;[39m
                [36m&gt;[39m
                  [0mTarih[0m
                [36m&lt;/option&gt;[39m
                [36m&lt;option[39m
                  [33mvalue[39m=[32m&quot;geography&quot;[39m
                [36m&gt;[39m
                  [0mCoğrafya[0m
                [36m&lt;/option&gt;[39m
                [36m&lt;option[39m
                  [33mvalue[39m=[32m&quot;english&quot;[39m
                [36m&gt;[39m
                  [0mİngilizce[0m
                [36m&lt;/option&gt;[39m
              [36m&lt;/select&gt;[39m
            [36m&lt;/div&gt;[39m
            [36m&lt;div[39m
              [33mclass[39m=[32m&quot;filter-group&quot;[39m
            [36m&gt;[39m
              [36m&lt;label&gt;[39m
                [0mŞehir:[0m
              [36m&lt;/label&gt;[39m
              [36m&lt;input[39m
                [33mplaceholder[39m=[32m&quot;İstanbul, Ankara...&quot;[39m
                [33mtype[39m=[32m&quot;text&quot;[39m
                [33mvalue[39m=[32m&quot;&quot;[39m
              [36m/&gt;[39m
            [36m&lt;/div&gt;[39m
            [36m&lt;div[39m
              [33mclass[39m=[32m&quot;filter-group&quot;[39m
            [36m&gt;[39m
              [36m&lt;label&gt;[39m
                [0mMinimum Puan:[0m
              [36m&lt;/label&gt;[39m
              [36m&lt;input[39m
                [33mmax[39m=[32m&quot;5&quot;[39m
                [33mmin[39m=[32m&quot;0&quot;[39m
                [33mstep[39m=[32m&quot;0.5&quot;[39m
                [33mtype[39m=[32m&quot;number&quot;[39m
                [33mvalue[39m=[32m&quot;0&quot;[39m
              [36m/&gt;[39m
            [36m&lt;/div&gt;[39m
            [36m&lt;div[39m
              [33mclass[39m=[32m&quot;filter-group&quot;[39m
            [36m&gt;[39m
              [36m&lt;label&gt;[39m
                [0mMax Ücret (₺/saat):[0m
              [36m&lt;/label&gt;[39m
              [36m&lt;input[39m
                [33mmin[39m=[32m&quot;0&quot;[39m
                [33mtype[39m=[32m&quot;number&quot;[39m
                [33mvalue[39m=[32m&quot;0&quot;[39m
              [36m/&gt;[39m
            [36m&lt;/div&gt;[39m
            [36m&lt;div[39m
              [33mclass[39m=[32m&quot;filter-group checkbox&quot;[39m
            [36m&gt;[39m
              [36m&lt;label&gt;[39m
                [36m&lt;input[39m
                  [33mtype[39m=[32m&quot;checkbox&quot;[39m
                [36m/&gt;[39m
                [0mSadece Online[0m
              [36m&lt;/label&gt;[39m
            [36m&lt;/div&gt;[39m
            [36m&lt;button[39m
              [33mclass[39m=[32m&quot;btn-search&quot;[39m
            [36m&gt;[39m
              [0mAra[0m
            [36m&lt;/button&gt;[39m
          [36m&lt;/div&gt;[39m
          [36m&lt;div[39m
            [33mclass[39m=[32m&quot;teacher-list&quot;[39m
          [36m&gt;[39m
            [36m&lt;div[39m
              [33mclass[39m=[32m&quot;teacher-card&quot;[39m
            [36m&gt;[39m
              [36m&lt;div[39m
                [33mclass[39m=[32m&quot;teacher-avatar&quot;[39m
              [36m&gt;[39m
                [36m&lt;div[39m
                  [33mclass[39m=[32m&quot;avatar-placeholder&quot;[39m
                [36m&gt;[39m
                  [0mD[0m
                [36m&lt;/div&gt;[39m
              [36m&lt;/div&gt;[39m
              [36m&lt;div[39m
                [33mclass[39m=[32m&quot;teacher-info&quot;[39m
              [36m&gt;[39m
                [36m&lt;h3&gt;[39m
                  [0mDr. Ahmet Yılmaz[0m
                [36m&lt;/h3&gt;[39m
                [36m&lt;p[39m
                  [33mclass[39m=[32m&quot;teacher-title&quot;[39m
                [36m&gt;[39m
                  [0mDoktor[0m
                [36m&lt;/p&gt;[39m
                [36m&lt;p[39m
                  [33mclass[39m=[32m&quot;teacher-bio&quot;[39m
                [36m&gt;[39m
                  [0mMatematik eğitimi uzmanı[0m
                  [0m...[0m
                [36m&lt;/p&gt;[39m
                [36m&lt;div[39m
                  [33mclass[39m=[32m&quot;teacher-meta&quot;[39m
                [36m&gt;[39m
                  [36m&lt;span[39m
                    [33mclass[39m=[32m&quot;rating&quot;[39m
                  [36m&gt;[39m
                    [0m⭐ [0m
                    [0m4.8[0m
                    [0m ([0m
                    [0m120[0m
                    [0m)[0m
                  [36m&lt;/span&gt;[39m
                  [36m&lt;span[39m
                    [33mclass[39m=[32m&quot;experience&quot;[39m
                  [36m&gt;[39m
                    [0m15[0m
                    [0m yıl[0m
                  [36m&lt;/span&gt;[39m
                  [36m&lt;span[39m
                    [33mclass[39m=[32m&quot;location&quot;[39m
                  [36m&gt;[39m
                    [0m📍 [0m
                    [0mİstanbul[0m
                  [36m&lt;/span&gt;[39m
                [36m&lt;/div&gt;[39m
                [36m&lt;div[39m
                  [33mclass[39m=[32m&quot;teacher-rate&quot;[39m
                [36m&gt;[39m
                  [36m&lt;strong&gt;[39m
                    [0m300[0m
                    [0m [0m
                    [0mTRY[0m
                  [36m&lt;/strong&gt;[39m
                  [0m / saat[0m
                [36m&lt;/div&gt;[39m
              [36m&lt;/div&gt;[39m
            [36m&lt;/div&gt;[39m
            [36m&lt;div[39m
              [33mclass[39m=[32m&quot;teacher-card&quot;[39m
            [36m&gt;[39m
              [36m&lt;div[39m
                [33mclass[39m=[32m&quot;teacher-avatar&quot;[39m
              [36m&gt;[39m
                [36m&lt;div[39m
                  [33mclass[39m=[32m&quot;avatar-placeholder&quot;[39m
                [36m&gt;[39m
                  [0mP[0m
                [36m&lt;/div&gt;[39m
              [36m&lt;/div&gt;[39m
              [36m&lt;div[39m
                [33mclass[39m=[32m&quot;teacher-info&quot;[39m
              [36m&gt;[39m
                [36m&lt;h3&gt;[39m
                  [0mProf. Ayşe Demir[0m
                [36m&lt;/h3&gt;[39m
                [36m&lt;p[39m
                  [33mclass[39m=[32m&quot;teacher-title&quot;[39m
                [36m&gt;[39m
                  [0mProfesör[0m
                [36m&lt;/p&gt;[39m
                [36m&lt;p[39m
                  [33mclass[39m=[32m&quot;teacher-bio&quot;[39m
                [36m&gt;[39m
                  [0mFizik eğitimi[0m
                  [0m...[0m
                [36m&lt;/p&gt;[39m
                [36m&lt;div[39m
                  [33mclass[39m=[32m&quot;teacher-meta&quot;[39m
                [36m&gt;[39m
                  [36m&lt;span[39m
                    [33mclass[39m=[32m&quot;rating&quot;[39m
                  [36m&gt;[39m
                    [0m⭐ [0m
                    [0m4.9[0m
                    [0m ([0m
                    [0m200[0m
                    [0m)[0m
                  [36m&lt;/span&gt;[39m
                  [36m&lt;span[39m
                    [33mclass[39m=[32m&quot;experience&quot;[39m
                  [36m&gt;[39m
                    [0m20[0m
                    [0m yıl[0m
                  [36m&lt;/span&gt;[39m
                  [36m&lt;span[39m
                    [33mclass[39m=[32m&quot;location&quot;[39m
                  [36m&gt;[39m
                    [0m📍 [0m
                    [0mAnkara[0m
                  [36m&lt;/span&gt;[39m
                [36m&lt;/div&gt;[39m
                [36m&lt;div[39m
                  [33mclass[39m=[32m&quot;teacher-rate&quot;[39m
                [36m&gt;[39m
                  [36m&lt;strong&gt;[39m
                    [0m350[0m
                    [0m [0m
                    [0mTRY[0m
                  [36m&lt;/strong&gt;[39m
                  [0m / saat[0m
                [36m&lt;/div&gt;[39m
              [36m&lt;/div&gt;[39m
            [36m&lt;/div&gt;[39m
          [36m&lt;/div&gt;[39m
        [36m&lt;/div&gt;[39m
      [36m&lt;/div&gt;[39m
    [36m&lt;/div&gt;[39m
  [36m&lt;/body&gt;[39m
[36m&lt;/html&gt;[39m" type="TestingLibraryElementError">
TestingLibraryElementError: Unable to find a label with the text of: /Min. Puan/i

Ignored nodes: comments, script, style
&lt;body&gt;
  &lt;div&gt;
    &lt;div
      class=&quot;teacher-pool&quot;
    &gt;
      &lt;div
        class=&quot;teacher-pool-header&quot;
      &gt;
        &lt;h1&gt;
          Öğretmen Havuzu
        &lt;/h1&gt;
        &lt;div
          class=&quot;view-tabs&quot;
        &gt;
          &lt;button
            class=&quot;active&quot;
          &gt;
            Öğretmen Ara
          &lt;/button&gt;
          &lt;button
            class=&quot;&quot;
          &gt;
            Randevularım
          &lt;/button&gt;
        &lt;/div&gt;
      &lt;/div&gt;
      &lt;div
        class=&quot;search-view&quot;
      &gt;
        &lt;div
          class=&quot;search-filters&quot;
        &gt;
          &lt;h3&gt;
            Filtreler
          &lt;/h3&gt;
          &lt;div
            class=&quot;filter-group&quot;
          &gt;
            &lt;label&gt;
              Ders:
            &lt;/label&gt;
            &lt;select&gt;
              &lt;option
                value=&quot;&quot;
              &gt;
                Tümü
              &lt;/option&gt;
              &lt;option
                value=&quot;mathematics&quot;
              &gt;
                Matematik
              &lt;/option&gt;
              &lt;option
                value=&quot;physics&quot;
              &gt;
                Fizik
              &lt;/option&gt;
              &lt;option
                value=&quot;chemistry&quot;
              &gt;
                Kimya
              &lt;/option&gt;
              &lt;option
                value=&quot;biology&quot;
              &gt;
                Biyoloji
              &lt;/option&gt;
              &lt;option
                value=&quot;turkish&quot;
              &gt;
                Türkçe
              &lt;/option&gt;
              &lt;option
                value=&quot;history&quot;
              &gt;
                Tarih
              &lt;/option&gt;
              &lt;option
                value=&quot;geography&quot;
              &gt;
                Coğrafya
              &lt;/option&gt;
              &lt;option
                value=&quot;english&quot;
              &gt;
                İngilizce
              &lt;/option&gt;
            &lt;/select&gt;
          &lt;/div&gt;
          &lt;div
            class=&quot;filter-group&quot;
          &gt;
            &lt;label&gt;
              Şehir:
            &lt;/label&gt;
            &lt;input
              placeholder=&quot;İstanbul, Ankara...&quot;
              type=&quot;text&quot;
              value=&quot;&quot;
            /&gt;
          &lt;/div&gt;
          &lt;div
            class=&quot;filter-group&quot;
          &gt;
            &lt;label&gt;
              Minimum Puan:
            &lt;/label&gt;
            &lt;input
              max=&quot;5&quot;
              min=&quot;0&quot;
              step=&quot;0.5&quot;
              type=&quot;number&quot;
              value=&quot;0&quot;
            /&gt;
          &lt;/div&gt;
          &lt;div
            class=&quot;filter-group&quot;
          &gt;
            &lt;label&gt;
              Max Ücret (₺/saat):
            &lt;/label&gt;
            &lt;input
              min=&quot;0&quot;
              type=&quot;number&quot;
              value=&quot;0&quot;
            /&gt;
          &lt;/div&gt;
          &lt;div
            class=&quot;filter-group checkbox&quot;
          &gt;
            &lt;label&gt;
              &lt;input
                type=&quot;checkbox&quot;
              /&gt;
              Sadece Online
            &lt;/label&gt;
          &lt;/div&gt;
          &lt;button
            class=&quot;btn-search&quot;
          &gt;
            Ara
          &lt;/button&gt;
        &lt;/div&gt;
        &lt;div
          class=&quot;teacher-list&quot;
        &gt;
          &lt;div
            class=&quot;teacher-card&quot;
          &gt;
            &lt;div
              class=&quot;teacher-avatar&quot;
            &gt;
              &lt;div
                class=&quot;avatar-placeholder&quot;
              &gt;
                D
              &lt;/div&gt;
            &lt;/div&gt;
            &lt;div
              class=&quot;teacher-info&quot;
            &gt;
              &lt;h3&gt;
                Dr. Ahmet Yılmaz
              &lt;/h3&gt;
              &lt;p
                class=&quot;teacher-title&quot;
              &gt;
                Doktor
              &lt;/p&gt;
              &lt;p
                class=&quot;teacher-bio&quot;
              &gt;
                Matematik eğitimi uzmanı
                ...
              &lt;/p&gt;
              &lt;div
                class=&quot;teacher-meta&quot;
              &gt;
                &lt;span
                  class=&quot;rating&quot;
                &gt;
                  ⭐ 
                  4.8
                   (
                  120
                  )
                &lt;/span&gt;
                &lt;span
                  class=&quot;experience&quot;
                &gt;
                  15
                   yıl
                &lt;/span&gt;
                &lt;span
                  class=&quot;location&quot;
                &gt;
                  📍 
                  İstanbul
                &lt;/span&gt;
              &lt;/div&gt;
              &lt;div
                class=&quot;teacher-rate&quot;
              &gt;
                &lt;strong&gt;
                  300
                   
                  TRY
                &lt;/strong&gt;
                 / saat
              &lt;/div&gt;
            &lt;/div&gt;
          &lt;/div&gt;
          &lt;div
            class=&quot;teacher-card&quot;
          &gt;
            &lt;div
              class=&quot;teacher-avatar&quot;
            &gt;
              &lt;div
                class=&quot;avatar-placeholder&quot;
              &gt;
                P
              &lt;/div&gt;
            &lt;/div&gt;
            &lt;div
              class=&quot;teacher-info&quot;
            &gt;
              &lt;h3&gt;
                Prof. Ayşe Demir
              &lt;/h3&gt;
              &lt;p
                class=&quot;teacher-title&quot;
              &gt;
                Profesör
              &lt;/p&gt;
              &lt;p
                class=&quot;teacher-bio&quot;
              &gt;
                Fizik eğitimi
                ...
              &lt;/p&gt;
              &lt;div
                class=&quot;teacher-meta&quot;
              &gt;
                &lt;span
                  class=&quot;rating&quot;
                &gt;
                  ⭐ 
                  4.9
                   (
                  200
                  )
                &lt;/span&gt;
                &lt;span
                  class=&quot;experience&quot;
                &gt;
                  20
                   yıl
                &lt;/span&gt;
                &lt;span
                  class=&quot;location&quot;
                &gt;
                  📍 
                  Ankara
                &lt;/span&gt;
              &lt;/div&gt;
              &lt;div
                class=&quot;teacher-rate&quot;
              &gt;
                &lt;strong&gt;
                  350
                   
                  TRY
                &lt;/strong&gt;
                 / saat
              &lt;/div&gt;
            &lt;/div&gt;
          &lt;/div&gt;
        &lt;/div&gt;
      &lt;/div&gt;
    &lt;/div&gt;
  &lt;/div&gt;
&lt;/body&gt;

Ignored nodes: comments, script, style
&lt;html&gt;
  &lt;head /&gt;
  &lt;body&gt;
    &lt;div&gt;
      &lt;div
        class=&quot;teacher-pool&quot;
      &gt;
        &lt;div
          class=&quot;teacher-pool-header&quot;
        &gt;
          &lt;h1&gt;
            Öğretmen Havuzu
          &lt;/h1&gt;
          &lt;div
            class=&quot;view-tabs&quot;
          &gt;
            &lt;button
              class=&quot;active&quot;
            &gt;
              Öğretmen Ara
            &lt;/button&gt;
            &lt;button
              class=&quot;&quot;
            &gt;
              Randevularım
            &lt;/button&gt;
          &lt;/div&gt;
        &lt;/div&gt;
        &lt;div
          class=&quot;search-view&quot;
        &gt;
          &lt;div
            class=&quot;search-filters&quot;
          &gt;
            &lt;h3&gt;
              Filtreler
            &lt;/h3&gt;
            &lt;div
              class=&quot;filter-group&quot;
            &gt;
              &lt;label&gt;
                Ders:
              &lt;/label&gt;
              &lt;select&gt;
                &lt;option
                  value=&quot;&quot;
                &gt;
                  Tümü
                &lt;/option&gt;
                &lt;option
                  value=&quot;mathematics&quot;
                &gt;
                  Matematik
                &lt;/option&gt;
                &lt;option
                  value=&quot;physics&quot;
                &gt;
                  Fizik
                &lt;/option&gt;
                &lt;option
                  value=&quot;chemistry&quot;
                &gt;
                  Kimya
                &lt;/option&gt;
                &lt;option
                  value=&quot;biology&quot;
                &gt;
                  Biyoloji
                &lt;/option&gt;
                &lt;option
                  value=&quot;turkish&quot;
                &gt;
                  Türkçe
                &lt;/option&gt;
                &lt;option
                  value=&quot;history&quot;
                &gt;
                  Tarih
                &lt;/option&gt;
                &lt;option
                  value=&quot;geography&quot;
                &gt;
                  Coğrafya
                &lt;/option&gt;
                &lt;option
                  value=&quot;english&quot;
                &gt;
                  İngilizce
                &lt;/option&gt;
              &lt;/select&gt;
            &lt;/div&gt;
            &lt;div
              class=&quot;filter-group&quot;
            &gt;
              &lt;label&gt;
                Şehir:
              &lt;/label&gt;
              &lt;input
                placeholder=&quot;İstanbul, Ankara...&quot;
                type=&quot;text&quot;
                value=&quot;&quot;
              /&gt;
            &lt;/div&gt;
            &lt;div
              class=&quot;filter-group&quot;
            &gt;
              &lt;label&gt;
                Minimum Puan:
              &lt;/label&gt;
              &lt;input
                max=&quot;5&quot;
                min=&quot;0&quot;
                step=&quot;0.5&quot;
                type=&quot;number&quot;
                value=&quot;0&quot;
              /&gt;
            &lt;/div&gt;
            &lt;div
              class=&quot;filter-group&quot;
            &gt;
              &lt;label&gt;
                Max Ücret (₺/saat):
              &lt;/label&gt;
              &lt;input
                min=&quot;0&quot;
                type=&quot;number&quot;
                value=&quot;0&quot;
              /&gt;
            &lt;/div&gt;
            &lt;div
              class=&quot;filter-group checkbox&quot;
            &gt;
              &lt;label&gt;
                &lt;input
                  type=&quot;checkbox&quot;
                /&gt;
                Sadece Online
              &lt;/label&gt;
            &lt;/div&gt;
            &lt;button
              class=&quot;btn-search&quot;
            &gt;
              Ara
            &lt;/button&gt;
          &lt;/div&gt;
          &lt;div
            class=&quot;teacher-list&quot;
          &gt;
            &lt;div
              class=&quot;teacher-card&quot;
            &gt;
              &lt;div
                class=&quot;teacher-avatar&quot;
              &gt;
                &lt;div
                  class=&quot;avatar-placeholder&quot;
                &gt;
                  D
                &lt;/div&gt;
              &lt;/div&gt;
              &lt;div
                class=&quot;teacher-info&quot;
              &gt;
                &lt;h3&gt;
                  Dr. Ahmet Yılmaz
                &lt;/h3&gt;
                &lt;p
                  class=&quot;teacher-title&quot;
                &gt;
                  Doktor
                &lt;/p&gt;
                &lt;p
                  class=&quot;teacher-bio&quot;
                &gt;
                  Matematik eğitimi uzmanı
                  ...
                &lt;/p&gt;
                &lt;div
                  class=&quot;teacher-meta&quot;
                &gt;
                  &lt;span
                    class=&quot;rating&quot;
                  &gt;
                    ⭐ 
                    4.8
                     (
                    120
                    )
                  &lt;/span&gt;
                  &lt;span
                    class=&quot;experience&quot;
                  &gt;
                    15
                     yıl
                  &lt;/span&gt;
                  &lt;span
                    class=&quot;location&quot;
                  &gt;
                    📍 
                    İstanbul
                  &lt;/span&gt;
                &lt;/div&gt;
                &lt;div
                  class=&quot;teacher-rate&quot;
                &gt;
                  &lt;strong&gt;
                    300
                     
                    TRY
                  &lt;/strong&gt;
                   / saat
                &lt;/div&gt;
              &lt;/div&gt;
            &lt;/div&gt;
            &lt;div
              class=&quot;teacher-card&quot;
            &gt;
              &lt;div
                class=&quot;teacher-avatar&quot;
              &gt;
                &lt;div
                  class=&quot;avatar-placeholder&quot;
                &gt;
                  P
                &lt;/div&gt;
              &lt;/div&gt;
              &lt;div
                class=&quot;teacher-info&quot;
              &gt;
                &lt;h3&gt;
                  Prof. Ayşe Demir
                &lt;/h3&gt;
                &lt;p
                  class=&quot;teacher-title&quot;
                &gt;
                  Profesör
                &lt;/p&gt;
                &lt;p
                  class=&quot;teacher-bio&quot;
                &gt;
                  Fizik eğitimi
                  ...
                &lt;/p&gt;
                &lt;div
                  class=&quot;teacher-meta&quot;
                &gt;
                  &lt;span
                    class=&quot;rating&quot;
                  &gt;
                    ⭐ 
                    4.9
                     (
                    200
                    )
                  &lt;/span&gt;
                  &lt;span
                    class=&quot;experience&quot;
                  &gt;
                    20
                     yıl
                  &lt;/span&gt;
                  &lt;span
                    class=&quot;location&quot;
                  &gt;
                    📍 
                    Ankara
                  &lt;/span&gt;
                &lt;/div&gt;
                &lt;div
                  class=&quot;teacher-rate&quot;
                &gt;
                  &lt;strong&gt;
                    350
                     
                    TRY
                  &lt;/strong&gt;
                   / saat
                &lt;/div&gt;
              &lt;/div&gt;
            &lt;/div&gt;
          &lt;/div&gt;
        &lt;/div&gt;
      &lt;/div&gt;
    &lt;/div&gt;
  &lt;/body&gt;
&lt;/html&gt;
 ❯ waitForWrapper node_modules/@testing-library/react/node_modules/@testing-library/dom/dist/wait-for.js:163:27
 ❯ src/components/TeacherPool/__tests__/TeacherPool.test.tsx:240:11
            </failure>
        </testcase>
        <testcase classname="src/components/TeacherPool/__tests__/TeacherPool.test.tsx" name="TeacherPool - Search Filters &gt; filters by max hourly rate" time="1.0294806">
            <failure message="Unable to find a label with the text of: /Max. Ücret/i

Ignored nodes: comments, script, style
[36m&lt;body&gt;[39m
  [36m&lt;div&gt;[39m
    [36m&lt;div[39m
      [33mclass[39m=[32m&quot;teacher-pool&quot;[39m
    [36m&gt;[39m
      [36m&lt;div[39m
        [33mclass[39m=[32m&quot;teacher-pool-header&quot;[39m
      [36m&gt;[39m
        [36m&lt;h1&gt;[39m
          [0mÖğretmen Havuzu[0m
        [36m&lt;/h1&gt;[39m
        [36m&lt;div[39m
          [33mclass[39m=[32m&quot;view-tabs&quot;[39m
        [36m&gt;[39m
          [36m&lt;button[39m
            [33mclass[39m=[32m&quot;active&quot;[39m
          [36m&gt;[39m
            [0mÖğretmen Ara[0m
          [36m&lt;/button&gt;[39m
          [36m&lt;button[39m
            [33mclass[39m=[32m&quot;&quot;[39m
          [36m&gt;[39m
            [0mRandevularım[0m
          [36m&lt;/button&gt;[39m
        [36m&lt;/div&gt;[39m
      [36m&lt;/div&gt;[39m
      [36m&lt;div[39m
        [33mclass[39m=[32m&quot;search-view&quot;[39m
      [36m&gt;[39m
        [36m&lt;div[39m
          [33mclass[39m=[32m&quot;search-filters&quot;[39m
        [36m&gt;[39m
          [36m&lt;h3&gt;[39m
            [0mFiltreler[0m
          [36m&lt;/h3&gt;[39m
          [36m&lt;div[39m
            [33mclass[39m=[32m&quot;filter-group&quot;[39m
          [36m&gt;[39m
            [36m&lt;label&gt;[39m
              [0mDers:[0m
            [36m&lt;/label&gt;[39m
            [36m&lt;select&gt;[39m
              [36m&lt;option[39m
                [33mvalue[39m=[32m&quot;&quot;[39m
              [36m&gt;[39m
                [0mTümü[0m
              [36m&lt;/option&gt;[39m
              [36m&lt;option[39m
                [33mvalue[39m=[32m&quot;mathematics&quot;[39m
              [36m&gt;[39m
                [0mMatematik[0m
              [36m&lt;/option&gt;[39m
              [36m&lt;option[39m
                [33mvalue[39m=[32m&quot;physics&quot;[39m
              [36m&gt;[39m
                [0mFizik[0m
              [36m&lt;/option&gt;[39m
              [36m&lt;option[39m
                [33mvalue[39m=[32m&quot;chemistry&quot;[39m
              [36m&gt;[39m
                [0mKimya[0m
              [36m&lt;/option&gt;[39m
              [36m&lt;option[39m
                [33mvalue[39m=[32m&quot;biology&quot;[39m
              [36m&gt;[39m
                [0mBiyoloji[0m
              [36m&lt;/option&gt;[39m
              [36m&lt;option[39m
                [33mvalue[39m=[32m&quot;turkish&quot;[39m
              [36m&gt;[39m
                [0mTürkçe[0m
              [36m&lt;/option&gt;[39m
              [36m&lt;option[39m
                [33mvalue[39m=[32m&quot;history&quot;[39m
              [36m&gt;[39m
                [0mTarih[0m
              [36m&lt;/option&gt;[39m
              [36m&lt;option[39m
                [33mvalue[39m=[32m&quot;geography&quot;[39m
              [36m&gt;[39m
                [0mCoğrafya[0m
              [36m&lt;/option&gt;[39m
              [36m&lt;option[39m
                [33mvalue[39m=[32m&quot;english&quot;[39m
              [36m&gt;[39m
                [0mİngilizce[0m
              [36m&lt;/option&gt;[39m
            [36m&lt;/select&gt;[39m
          [36m&lt;/div&gt;[39m
          [36m&lt;div[39m
            [33mclass[39m=[32m&quot;filter-group&quot;[39m
          [36m&gt;[39m
            [36m&lt;label&gt;[39m
              [0mŞehir:[0m
            [36m&lt;/label&gt;[39m
            [36m&lt;input[39m
              [33mplaceholder[39m=[32m&quot;İstanbul, Ankara...&quot;[39m
              [33mtype[39m=[32m&quot;text&quot;[39m
              [33mvalue[39m=[32m&quot;&quot;[39m
            [36m/&gt;[39m
          [36m&lt;/div&gt;[39m
          [36m&lt;div[39m
            [33mclass[39m=[32m&quot;filter-group&quot;[39m
          [36m&gt;[39m
            [36m&lt;label&gt;[39m
              [0mMinimum Puan:[0m
            [36m&lt;/label&gt;[39m
            [36m&lt;input[39m
              [33mmax[39m=[32m&quot;5&quot;[39m
              [33mmin[39m=[32m&quot;0&quot;[39m
              [33mstep[39m=[32m&quot;0.5&quot;[39m
              [33mtype[39m=[32m&quot;number&quot;[39m
              [33mvalue[39m=[32m&quot;0&quot;[39m
            [36m/&gt;[39m
          [36m&lt;/div&gt;[39m
          [36m&lt;div[39m
            [33mclass[39m=[32m&quot;filter-group&quot;[39m
          [36m&gt;[39m
            [36m&lt;label&gt;[39m
              [0mMax Ücret (₺/saat):[0m
            [36m&lt;/label&gt;[39m
            [36m&lt;input[39m
              [33mmin[39m=[32m&quot;0&quot;[39m
              [33mtype[39m=[32m&quot;number&quot;[39m
              [33mvalue[39m=[32m&quot;0&quot;[39m
            [36m/&gt;[39m
          [36m&lt;/div&gt;[39m
          [36m&lt;div[39m
            [33mclass[39m=[32m&quot;filter-group checkbox&quot;[39m
          [36m&gt;[39m
            [36m&lt;label&gt;[39m
              [36m&lt;input[39m
                [33mtype[39m=[32m&quot;checkbox&quot;[39m
              [36m/&gt;[39m
              [0mSadece Online[0m
            [36m&lt;/label&gt;[39m
          [36m&lt;/div&gt;[39m
          [36m&lt;button[39m
            [33mclass[39m=[32m&quot;btn-search&quot;[39m
          [36m&gt;[39m
            [0mAra[0m
          [36m&lt;/button&gt;[39m
        [36m&lt;/div&gt;[39m
        [36m&lt;div[39m
          [33mclass[39m=[32m&quot;teacher-list&quot;[39m
        [36m&gt;[39m
          [36m&lt;div[39m
            [33mclass[39m=[32m&quot;teacher-card&quot;[39m
          [36m&gt;[39m
            [36m&lt;div[39m
              [33mclass[39m=[32m&quot;teacher-avatar&quot;[39m
            [36m&gt;[39m
              [36m&lt;div[39m
                [33mclass[39m=[32m&quot;avatar-placeholder&quot;[39m
              [36m&gt;[39m
                [0mD[0m
              [36m&lt;/div&gt;[39m
            [36m&lt;/div&gt;[39m
            [36m&lt;div[39m
              [33mclass[39m=[32m&quot;teacher-info&quot;[39m
            [36m&gt;[39m
              [36m&lt;h3&gt;[39m
                [0mDr. Ahmet Yılmaz[0m
              [36m&lt;/h3&gt;[39m
              [36m&lt;p[39m
                [33mclass[39m=[32m&quot;teacher-title&quot;[39m
              [36m&gt;[39m
                [0mDoktor[0m
              [36m&lt;/p&gt;[39m
              [36m&lt;p[39m
                [33mclass[39m=[32m&quot;teacher-bio&quot;[39m
              [36m&gt;[39m
                [0mMatematik eğitimi uzmanı[0m
                [0m...[0m
              [36m&lt;/p&gt;[39m
              [36m&lt;div[39m
                [33mclass[39m=[32m&quot;teacher-meta&quot;[39m
              [36m&gt;[39m
                [36m&lt;span[39m
                  [33mclass[39m=[32m&quot;rating&quot;[39m
                [36m&gt;[39m
                  [0m⭐ [0m
                  [0m4.8[0m
                  [0m ([0m
                  [0m120[0m
                  [0m)[0m
                [36m&lt;/span&gt;[39m
                [36m&lt;span[39m
                  [33mclass[39m=[32m&quot;experience&quot;[39m
                [36m&gt;[39m
                  [0m15[0m
                  [0m yıl[0m
                [36m&lt;/span&gt;[39m
                [36m&lt;span[39m
                  [33mclass[39m=[32m&quot;location&quot;[39m
                [36m&gt;[39m
                  [0m📍 [0m
                  [0mİstanbul[0m
                [36m&lt;/span&gt;[39m
              [36m&lt;/div&gt;[39m
              [36m&lt;div[39m
                [33mclass[39m=[32m&quot;teacher-rate&quot;[39m
              [36m&gt;[39m
                [36m&lt;strong&gt;[39m
                  [0m300[0m
                  [0m [0m
                  [0mTRY[0m
                [36m&lt;/strong&gt;[39m
                [0m / saat[0m
              [36m&lt;/div&gt;[39m
            [36m&lt;/div&gt;[39m
          [36m&lt;/div&gt;[39m
          [36m&lt;div[39m
            [33mclass[39m=[32m&quot;teacher-card&quot;[39m
          [36m&gt;[39m
            [36m&lt;div[39m
              [33mclass[39m=[32m&quot;teacher-avatar&quot;[39m
            [36m&gt;[39m
              [36m&lt;div[39m
                [33mclass[39m=[32m&quot;avatar-placeholder&quot;[39m
              [36m&gt;[39m
                [0mP[0m
              [36m&lt;/div&gt;[39m
            [36m&lt;/div&gt;[39m
            [36m&lt;div[39m
              [33mclass[39m=[32m&quot;teacher-info&quot;[39m
            [36m&gt;[39m
              [36m&lt;h3&gt;[39m
                [0mProf. Ayşe Demir[0m
              [36m&lt;/h3&gt;[39m
              [36m&lt;p[39m
                [33mclass[39m=[32m&quot;teacher-title&quot;[39m
              [36m&gt;[39m
                [0mProfesör[0m
              [36m&lt;/p&gt;[39m
              [36m&lt;p[39m
                [33mclass[39m=[32m&quot;teacher-bio&quot;[39m
              [36m&gt;[39m
                [0mFizik eğitimi[0m
                [0m...[0m
              [36m&lt;/p&gt;[39m
              [36m&lt;div[39m
                [33mclass[39m=[32m&quot;teacher-meta&quot;[39m
              [36m&gt;[39m
                [36m&lt;span[39m
                  [33mclass[39m=[32m&quot;rating&quot;[39m
                [36m&gt;[39m
                  [0m⭐ [0m
                  [0m4.9[0m
                  [0m ([0m
                  [0m200[0m
                  [0m)[0m
                [36m&lt;/span&gt;[39m
                [36m&lt;span[39m
                  [33mclass[39m=[32m&quot;experience&quot;[39m
                [36m&gt;[39m
                  [0m20[0m
                  [0m yıl[0m
                [36m&lt;/span&gt;[39m
                [36m&lt;span[39m
                  [33mclass[39m=[32m&quot;location&quot;[39m
                [36m&gt;[39m
                  [0m📍 [0m
                  [0mAnkara[0m
                [36m&lt;/span&gt;[39m
              [36m&lt;/div&gt;[39m
              [36m&lt;div[39m
                [33mclass[39m=[32m&quot;teacher-rate&quot;[39m
              [36m&gt;[39m
                [36m&lt;strong&gt;[39m
                  [0m350[0m
                  [0m [0m
                  [0mTRY[0m
                [36m&lt;/strong&gt;[39m
                [0m / saat[0m
              [36m&lt;/div&gt;[39m
            [36m&lt;/div&gt;[39m
          [36m&lt;/div&gt;[39m
        [36m&lt;/div&gt;[39m
      [36m&lt;/div&gt;[39m
    [36m&lt;/div&gt;[39m
  [36m&lt;/div&gt;[39m
[36m&lt;/body&gt;[39m

Ignored nodes: comments, script, style
[36m&lt;html&gt;[39m
  [36m&lt;head /&gt;[39m
  [36m&lt;body&gt;[39m
    [36m&lt;div&gt;[39m
      [36m&lt;div[39m
        [33mclass[39m=[32m&quot;teacher-pool&quot;[39m
      [36m&gt;[39m
        [36m&lt;div[39m
          [33mclass[39m=[32m&quot;teacher-pool-header&quot;[39m
        [36m&gt;[39m
          [36m&lt;h1&gt;[39m
            [0mÖğretmen Havuzu[0m
          [36m&lt;/h1&gt;[39m
          [36m&lt;div[39m
            [33mclass[39m=[32m&quot;view-tabs&quot;[39m
          [36m&gt;[39m
            [36m&lt;button[39m
              [33mclass[39m=[32m&quot;active&quot;[39m
            [36m&gt;[39m
              [0mÖğretmen Ara[0m
            [36m&lt;/button&gt;[39m
            [36m&lt;button[39m
              [33mclass[39m=[32m&quot;&quot;[39m
            [36m&gt;[39m
              [0mRandevularım[0m
            [36m&lt;/button&gt;[39m
          [36m&lt;/div&gt;[39m
        [36m&lt;/div&gt;[39m
        [36m&lt;div[39m
          [33mclass[39m=[32m&quot;search-view&quot;[39m
        [36m&gt;[39m
          [36m&lt;div[39m
            [33mclass[39m=[32m&quot;search-filters&quot;[39m
          [36m&gt;[39m
            [36m&lt;h3&gt;[39m
              [0mFiltreler[0m
            [36m&lt;/h3&gt;[39m
            [36m&lt;div[39m
              [33mclass[39m=[32m&quot;filter-group&quot;[39m
            [36m&gt;[39m
              [36m&lt;label&gt;[39m
                [0mDers:[0m
              [36m&lt;/label&gt;[39m
              [36m&lt;select&gt;[39m
                [36m&lt;option[39m
                  [33mvalue[39m=[32m&quot;&quot;[39m
                [36m&gt;[39m
                  [0mTümü[0m
                [36m&lt;/option&gt;[39m
                [36m&lt;option[39m
                  [33mvalue[39m=[32m&quot;mathematics&quot;[39m
                [36m&gt;[39m
                  [0mMatematik[0m
                [36m&lt;/option&gt;[39m
                [36m&lt;option[39m
                  [33mvalue[39m=[32m&quot;physics&quot;[39m
                [36m&gt;[39m
                  [0mFizik[0m
                [36m&lt;/option&gt;[39m
                [36m&lt;option[39m
                  [33mvalue[39m=[32m&quot;chemistry&quot;[39m
                [36m&gt;[39m
                  [0mKimya[0m
                [36m&lt;/option&gt;[39m
                [36m&lt;option[39m
                  [33mvalue[39m=[32m&quot;biology&quot;[39m
                [36m&gt;[39m
                  [0mBiyoloji[0m
                [36m&lt;/option&gt;[39m
                [36m&lt;option[39m
                  [33mvalue[39m=[32m&quot;turkish&quot;[39m
                [36m&gt;[39m
                  [0mTürkçe[0m
                [36m&lt;/option&gt;[39m
                [36m&lt;option[39m
                  [33mvalue[39m=[32m&quot;history&quot;[39m
                [36m&gt;[39m
                  [0mTarih[0m
                [36m&lt;/option&gt;[39m
                [36m&lt;option[39m
                  [33mvalue[39m=[32m&quot;geography&quot;[39m
                [36m&gt;[39m
                  [0mCoğrafya[0m
                [36m&lt;/option&gt;[39m
                [36m&lt;option[39m
                  [33mvalue[39m=[32m&quot;english&quot;[39m
                [36m&gt;[39m
                  [0mİngilizce[0m
                [36m&lt;/option&gt;[39m
              [36m&lt;/select&gt;[39m
            [36m&lt;/div&gt;[39m
            [36m&lt;div[39m
              [33mclass[39m=[32m&quot;filter-group&quot;[39m
            [36m&gt;[39m
              [36m&lt;label&gt;[39m
                [0mŞehir:[0m
              [36m&lt;/label&gt;[39m
              [36m&lt;input[39m
                [33mplaceholder[39m=[32m&quot;İstanbul, Ankara...&quot;[39m
                [33mtype[39m=[32m&quot;text&quot;[39m
                [33mvalue[39m=[32m&quot;&quot;[39m
              [36m/&gt;[39m
            [36m&lt;/div&gt;[39m
            [36m&lt;div[39m
              [33mclass[39m=[32m&quot;filter-group&quot;[39m
            [36m&gt;[39m
              [36m&lt;label&gt;[39m
                [0mMinimum Puan:[0m
              [36m&lt;/label&gt;[39m
              [36m&lt;input[39m
                [33mmax[39m=[32m&quot;5&quot;[39m
                [33mmin[39m=[32m&quot;0&quot;[39m
                [33mstep[39m=[32m&quot;0.5&quot;[39m
                [33mtype[39m=[32m&quot;number&quot;[39m
                [33mvalue[39m=[32m&quot;0&quot;[39m
              [36m/&gt;[39m
            [36m&lt;/div&gt;[39m
            [36m&lt;div[39m
              [33mclass[39m=[32m&quot;filter-group&quot;[39m
            [36m&gt;[39m
              [36m&lt;label&gt;[39m
                [0mMax Ücret (₺/saat):[0m
              [36m&lt;/label&gt;[39m
              [36m&lt;input[39m
                [33mmin[39m=[32m&quot;0&quot;[39m
                [33mtype[39m=[32m&quot;number&quot;[39m
                [33mvalue[39m=[32m&quot;0&quot;[39m
              [36m/&gt;[39m
            [36m&lt;/div&gt;[39m
            [36m&lt;div[39m
              [33mclass[39m=[32m&quot;filter-group checkbox&quot;[39m
            [36m&gt;[39m
              [36m&lt;label&gt;[39m
                [36m&lt;input[39m
                  [33mtype[39m=[32m&quot;checkbox&quot;[39m
                [36m/&gt;[39m
                [0mSadece Online[0m
              [36m&lt;/label&gt;[39m
            [36m&lt;/div&gt;[39m
            [36m&lt;button[39m
              [33mclass[39m=[32m&quot;btn-search&quot;[39m
            [36m&gt;[39m
              [0mAra[0m
            [36m&lt;/button&gt;[39m
          [36m&lt;/div&gt;[39m
          [36m&lt;div[39m
            [33mclass[39m=[32m&quot;teacher-list&quot;[39m
          [36m&gt;[39m
            [36m&lt;div[39m
              [33mclass[39m=[32m&quot;teacher-card&quot;[39m
            [36m&gt;[39m
              [36m&lt;div[39m
                [33mclass[39m=[32m&quot;teacher-avatar&quot;[39m
              [36m&gt;[39m
                [36m&lt;div[39m
                  [33mclass[39m=[32m&quot;avatar-placeholder&quot;[39m
                [36m&gt;[39m
                  [0mD[0m
                [36m&lt;/div&gt;[39m
              [36m&lt;/div&gt;[39m
              [36m&lt;div[39m
                [33mclass[39m=[32m&quot;teacher-info&quot;[39m
              [36m&gt;[39m
                [36m&lt;h3&gt;[39m
                  [0mDr. Ahmet Yılmaz[0m
                [36m&lt;/h3&gt;[39m
                [36m&lt;p[39m
                  [33mclass[39m=[32m&quot;teacher-title&quot;[39m
                [36m&gt;[39m
                  [0mDoktor[0m
                [36m&lt;/p&gt;[39m
                [36m&lt;p[39m
                  [33mclass[39m=[32m&quot;teacher-bio&quot;[39m
                [36m&gt;[39m
                  [0mMatematik eğitimi uzmanı[0m
                  [0m...[0m
                [36m&lt;/p&gt;[39m
                [36m&lt;div[39m
                  [33mclass[39m=[32m&quot;teacher-meta&quot;[39m
                [36m&gt;[39m
                  [36m&lt;span[39m
                    [33mclass[39m=[32m&quot;rating&quot;[39m
                  [36m&gt;[39m
                    [0m⭐ [0m
                    [0m4.8[0m
                    [0m ([0m
                    [0m120[0m
                    [0m)[0m
                  [36m&lt;/span&gt;[39m
                  [36m&lt;span[39m
                    [33mclass[39m=[32m&quot;experience&quot;[39m
                  [36m&gt;[39m
                    [0m15[0m
                    [0m yıl[0m
                  [36m&lt;/span&gt;[39m
                  [36m&lt;span[39m
                    [33mclass[39m=[32m&quot;location&quot;[39m
                  [36m&gt;[39m
                    [0m📍 [0m
                    [0mİstanbul[0m
                  [36m&lt;/span&gt;[39m
                [36m&lt;/div&gt;[39m
                [36m&lt;div[39m
                  [33mclass[39m=[32m&quot;teacher-rate&quot;[39m
                [36m&gt;[39m
                  [36m&lt;strong&gt;[39m
                    [0m300[0m
                    [0m [0m
                    [0mTRY[0m
                  [36m&lt;/strong&gt;[39m
                  [0m / saat[0m
                [36m&lt;/div&gt;[39m
              [36m&lt;/div&gt;[39m
            [36m&lt;/div&gt;[39m
            [36m&lt;div[39m
              [33mclass[39m=[32m&quot;teacher-card&quot;[39m
            [36m&gt;[39m
              [36m&lt;div[39m
                [33mclass[39m=[32m&quot;teacher-avatar&quot;[39m
              [36m&gt;[39m
                [36m&lt;div[39m
                  [33mclass[39m=[32m&quot;avatar-placeholder&quot;[39m
                [36m&gt;[39m
                  [0mP[0m
                [36m&lt;/div&gt;[39m
              [36m&lt;/div&gt;[39m
              [36m&lt;div[39m
                [33mclass[39m=[32m&quot;teacher-info&quot;[39m
              [36m&gt;[39m
                [36m&lt;h3&gt;[39m
                  [0mProf. Ayşe Demir[0m
                [36m&lt;/h3&gt;[39m
                [36m&lt;p[39m
                  [33mclass[39m=[32m&quot;teacher-title&quot;[39m
                [36m&gt;[39m
                  [0mProfesör[0m
                [36m&lt;/p&gt;[39m
                [36m&lt;p[39m
                  [33mclass[39m=[32m&quot;teacher-bio&quot;[39m
                [36m&gt;[39m
                  [0mFizik eğitimi[0m
                  [0m...[0m
                [36m&lt;/p&gt;[39m
                [36m&lt;div[39m
                  [33mclass[39m=[32m&quot;teacher-meta&quot;[39m
                [36m&gt;[39m
                  [36m&lt;span[39m
                    [33mclass[39m=[32m&quot;rating&quot;[39m
                  [36m&gt;[39m
                    [0m⭐ [0m
                    [0m4.9[0m
                    [0m ([0m
                    [0m200[0m
                    [0m)[0m
                  [36m&lt;/span&gt;[39m
                  [36m&lt;span[39m
                    [33mclass[39m=[32m&quot;experience&quot;[39m
                  [36m&gt;[39m
                    [0m20[0m
                    [0m yıl[0m
                  [36m&lt;/span&gt;[39m
                  [36m&lt;span[39m
                    [33mclass[39m=[32m&quot;location&quot;[39m
                  [36m&gt;[39m
                    [0m📍 [0m
                    [0mAnkara[0m
                  [36m&lt;/span&gt;[39m
                [36m&lt;/div&gt;[39m
                [36m&lt;div[39m
                  [33mclass[39m=[32m&quot;teacher-rate&quot;[39m
                [36m&gt;[39m
                  [36m&lt;strong&gt;[39m
                    [0m350[0m
                    [0m [0m
                    [0mTRY[0m
                  [36m&lt;/strong&gt;[39m
                  [0m / saat[0m
                [36m&lt;/div&gt;[39m
              [36m&lt;/div&gt;[39m
            [36m&lt;/div&gt;[39m
          [36m&lt;/div&gt;[39m
        [36m&lt;/div&gt;[39m
      [36m&lt;/div&gt;[39m
    [36m&lt;/div&gt;[39m
  [36m&lt;/body&gt;[39m
[36m&lt;/html&gt;[39m" type="TestingLibraryElementError">
TestingLibraryElementError: Unable to find a label with the text of: /Max. Ücret/i

Ignored nodes: comments, script, style
&lt;body&gt;
  &lt;div&gt;
    &lt;div
      class=&quot;teacher-pool&quot;
    &gt;
      &lt;div
        class=&quot;teacher-pool-header&quot;
      &gt;
        &lt;h1&gt;
          Öğretmen Havuzu
        &lt;/h1&gt;
        &lt;div
          class=&quot;view-tabs&quot;
        &gt;
          &lt;button
            class=&quot;active&quot;
          &gt;
            Öğretmen Ara
          &lt;/button&gt;
          &lt;button
            class=&quot;&quot;
          &gt;
            Randevularım
          &lt;/button&gt;
        &lt;/div&gt;
      &lt;/div&gt;
      &lt;div
        class=&quot;search-view&quot;
      &gt;
        &lt;div
          class=&quot;search-filters&quot;
        &gt;
          &lt;h3&gt;
            Filtreler
          &lt;/h3&gt;
          &lt;div
            class=&quot;filter-group&quot;
          &gt;
            &lt;label&gt;
              Ders:
            &lt;/label&gt;
            &lt;select&gt;
              &lt;option
                value=&quot;&quot;
              &gt;
                Tümü
              &lt;/option&gt;
              &lt;option
                value=&quot;mathematics&quot;
              &gt;
                Matematik
              &lt;/option&gt;
              &lt;option
                value=&quot;physics&quot;
              &gt;
                Fizik
              &lt;/option&gt;
              &lt;option
                value=&quot;chemistry&quot;
              &gt;
                Kimya
              &lt;/option&gt;
              &lt;option
                value=&quot;biology&quot;
              &gt;
                Biyoloji
              &lt;/option&gt;
              &lt;option
                value=&quot;turkish&quot;
              &gt;
                Türkçe
              &lt;/option&gt;
              &lt;option
                value=&quot;history&quot;
              &gt;
                Tarih
              &lt;/option&gt;
              &lt;option
                value=&quot;geography&quot;
              &gt;
                Coğrafya
              &lt;/option&gt;
              &lt;option
                value=&quot;english&quot;
              &gt;
                İngilizce
              &lt;/option&gt;
            &lt;/select&gt;
          &lt;/div&gt;
          &lt;div
            class=&quot;filter-group&quot;
          &gt;
            &lt;label&gt;
              Şehir:
            &lt;/label&gt;
            &lt;input
              placeholder=&quot;İstanbul, Ankara...&quot;
              type=&quot;text&quot;
              value=&quot;&quot;
            /&gt;
          &lt;/div&gt;
          &lt;div
            class=&quot;filter-group&quot;
          &gt;
            &lt;label&gt;
              Minimum Puan:
            &lt;/label&gt;
            &lt;input
              max=&quot;5&quot;
              min=&quot;0&quot;
              step=&quot;0.5&quot;
              type=&quot;number&quot;
              value=&quot;0&quot;
            /&gt;
          &lt;/div&gt;
          &lt;div
            class=&quot;filter-group&quot;
          &gt;
            &lt;label&gt;
              Max Ücret (₺/saat):
            &lt;/label&gt;
            &lt;input
              min=&quot;0&quot;
              type=&quot;number&quot;
              value=&quot;0&quot;
            /&gt;
          &lt;/div&gt;
          &lt;div
            class=&quot;filter-group checkbox&quot;
          &gt;
            &lt;label&gt;
              &lt;input
                type=&quot;checkbox&quot;
              /&gt;
              Sadece Online
            &lt;/label&gt;
          &lt;/div&gt;
          &lt;button
            class=&quot;btn-search&quot;
          &gt;
            Ara
          &lt;/button&gt;
        &lt;/div&gt;
        &lt;div
          class=&quot;teacher-list&quot;
        &gt;
          &lt;div
            class=&quot;teacher-card&quot;
          &gt;
            &lt;div
              class=&quot;teacher-avatar&quot;
            &gt;
              &lt;div
                class=&quot;avatar-placeholder&quot;
              &gt;
                D
              &lt;/div&gt;
            &lt;/div&gt;
            &lt;div
              class=&quot;teacher-info&quot;
            &gt;
              &lt;h3&gt;
                Dr. Ahmet Yılmaz
              &lt;/h3&gt;
              &lt;p
                class=&quot;teacher-title&quot;
              &gt;
                Doktor
              &lt;/p&gt;
              &lt;p
                class=&quot;teacher-bio&quot;
              &gt;
                Matematik eğitimi uzmanı
                ...
              &lt;/p&gt;
              &lt;div
                class=&quot;teacher-meta&quot;
              &gt;
                &lt;span
                  class=&quot;rating&quot;
                &gt;
                  ⭐ 
                  4.8
                   (
                  120
                  )
                &lt;/span&gt;
                &lt;span
                  class=&quot;experience&quot;
                &gt;
                  15
                   yıl
                &lt;/span&gt;
                &lt;span
                  class=&quot;location&quot;
                &gt;
                  📍 
                  İstanbul
                &lt;/span&gt;
              &lt;/div&gt;
              &lt;div
                class=&quot;teacher-rate&quot;
              &gt;
                &lt;strong&gt;
                  300
                   
                  TRY
                &lt;/strong&gt;
                 / saat
              &lt;/div&gt;
            &lt;/div&gt;
          &lt;/div&gt;
          &lt;div
            class=&quot;teacher-card&quot;
          &gt;
            &lt;div
              class=&quot;teacher-avatar&quot;
            &gt;
              &lt;div
                class=&quot;avatar-placeholder&quot;
              &gt;
                P
              &lt;/div&gt;
            &lt;/div&gt;
            &lt;div
              class=&quot;teacher-info&quot;
            &gt;
              &lt;h3&gt;
                Prof. Ayşe Demir
              &lt;/h3&gt;
              &lt;p
                class=&quot;teacher-title&quot;
              &gt;
                Profesör
              &lt;/p&gt;
              &lt;p
                class=&quot;teacher-bio&quot;
              &gt;
                Fizik eğitimi
                ...
              &lt;/p&gt;
              &lt;div
                class=&quot;teacher-meta&quot;
              &gt;
                &lt;span
                  class=&quot;rating&quot;
                &gt;
                  ⭐ 
                  4.9
                   (
                  200
                  )
                &lt;/span&gt;
                &lt;span
                  class=&quot;experience&quot;
                &gt;
                  20
                   yıl
                &lt;/span&gt;
                &lt;span
                  class=&quot;location&quot;
                &gt;
                  📍 
                  Ankara
                &lt;/span&gt;
              &lt;/div&gt;
              &lt;div
                class=&quot;teacher-rate&quot;
              &gt;
                &lt;strong&gt;
                  350
                   
                  TRY
                &lt;/strong&gt;
                 / saat
              &lt;/div&gt;
            &lt;/div&gt;
          &lt;/div&gt;
        &lt;/div&gt;
      &lt;/div&gt;
    &lt;/div&gt;
  &lt;/div&gt;
&lt;/body&gt;

Ignored nodes: comments, script, style
&lt;html&gt;
  &lt;head /&gt;
  &lt;body&gt;
    &lt;div&gt;
      &lt;div
        class=&quot;teacher-pool&quot;
      &gt;
        &lt;div
          class=&quot;teacher-pool-header&quot;
        &gt;
          &lt;h1&gt;
            Öğretmen Havuzu
          &lt;/h1&gt;
          &lt;div
            class=&quot;view-tabs&quot;
          &gt;
            &lt;button
              class=&quot;active&quot;
            &gt;
              Öğretmen Ara
            &lt;/button&gt;
            &lt;button
              class=&quot;&quot;
            &gt;
              Randevularım
            &lt;/button&gt;
          &lt;/div&gt;
        &lt;/div&gt;
        &lt;div
          class=&quot;search-view&quot;
        &gt;
          &lt;div
            class=&quot;search-filters&quot;
          &gt;
            &lt;h3&gt;
              Filtreler
            &lt;/h3&gt;
            &lt;div
              class=&quot;filter-group&quot;
            &gt;
              &lt;label&gt;
                Ders:
              &lt;/label&gt;
              &lt;select&gt;
                &lt;option
                  value=&quot;&quot;
                &gt;
                  Tümü
                &lt;/option&gt;
                &lt;option
                  value=&quot;mathematics&quot;
                &gt;
                  Matematik
                &lt;/option&gt;
                &lt;option
                  value=&quot;physics&quot;
                &gt;
                  Fizik
                &lt;/option&gt;
                &lt;option
                  value=&quot;chemistry&quot;
                &gt;
                  Kimya
                &lt;/option&gt;
                &lt;option
                  value=&quot;biology&quot;
                &gt;
                  Biyoloji
                &lt;/option&gt;
                &lt;option
                  value=&quot;turkish&quot;
                &gt;
                  Türkçe
                &lt;/option&gt;
                &lt;option
                  value=&quot;history&quot;
                &gt;
                  Tarih
                &lt;/option&gt;
                &lt;option
                  value=&quot;geography&quot;
                &gt;
                  Coğrafya
                &lt;/option&gt;
                &lt;option
                  value=&quot;english&quot;
                &gt;
                  İngilizce
                &lt;/option&gt;
              &lt;/select&gt;
            &lt;/div&gt;
            &lt;div
              class=&quot;filter-group&quot;
            &gt;
              &lt;label&gt;
                Şehir:
              &lt;/label&gt;
              &lt;input
                placeholder=&quot;İstanbul, Ankara...&quot;
                type=&quot;text&quot;
                value=&quot;&quot;
              /&gt;
            &lt;/div&gt;
            &lt;div
              class=&quot;filter-group&quot;
            &gt;
              &lt;label&gt;
                Minimum Puan:
              &lt;/label&gt;
              &lt;input
                max=&quot;5&quot;
                min=&quot;0&quot;
                step=&quot;0.5&quot;
                type=&quot;number&quot;
                value=&quot;0&quot;
              /&gt;
            &lt;/div&gt;
            &lt;div
              class=&quot;filter-group&quot;
            &gt;
              &lt;label&gt;
                Max Ücret (₺/saat):
              &lt;/label&gt;
              &lt;input
                min=&quot;0&quot;
                type=&quot;number&quot;
                value=&quot;0&quot;
              /&gt;
            &lt;/div&gt;
            &lt;div
              class=&quot;filter-group checkbox&quot;
            &gt;
              &lt;label&gt;
                &lt;input
                  type=&quot;checkbox&quot;
                /&gt;
                Sadece Online
              &lt;/label&gt;
            &lt;/div&gt;
            &lt;button
              class=&quot;btn-search&quot;
            &gt;
              Ara
            &lt;/button&gt;
          &lt;/div&gt;
          &lt;div
            class=&quot;teacher-list&quot;
          &gt;
            &lt;div
              class=&quot;teacher-card&quot;
            &gt;
              &lt;div
                class=&quot;teacher-avatar&quot;
              &gt;
                &lt;div
                  class=&quot;avatar-placeholder&quot;
                &gt;
                  D
                &lt;/div&gt;
              &lt;/div&gt;
              &lt;div
                class=&quot;teacher-info&quot;
              &gt;
                &lt;h3&gt;
                  Dr. Ahmet Yılmaz
                &lt;/h3&gt;
                &lt;p
                  class=&quot;teacher-title&quot;
                &gt;
                  Doktor
                &lt;/p&gt;
                &lt;p
                  class=&quot;teacher-bio&quot;
                &gt;
                  Matematik eğitimi uzmanı
                  ...
                &lt;/p&gt;
                &lt;div
                  class=&quot;teacher-meta&quot;
                &gt;
                  &lt;span
                    class=&quot;rating&quot;
                  &gt;
                    ⭐ 
                    4.8
                     (
                    120
                    )
                  &lt;/span&gt;
                  &lt;span
                    class=&quot;experience&quot;
                  &gt;
                    15
                     yıl
                  &lt;/span&gt;
                  &lt;span
                    class=&quot;location&quot;
                  &gt;
                    📍 
                    İstanbul
                  &lt;/span&gt;
                &lt;/div&gt;
                &lt;div
                  class=&quot;teacher-rate&quot;
                &gt;
                  &lt;strong&gt;
                    300
                     
                    TRY
                  &lt;/strong&gt;
                   / saat
                &lt;/div&gt;
              &lt;/div&gt;
            &lt;/div&gt;
            &lt;div
              class=&quot;teacher-card&quot;
            &gt;
              &lt;div
                class=&quot;teacher-avatar&quot;
              &gt;
                &lt;div
                  class=&quot;avatar-placeholder&quot;
                &gt;
                  P
                &lt;/div&gt;
              &lt;/div&gt;
              &lt;div
                class=&quot;teacher-info&quot;
              &gt;
                &lt;h3&gt;
                  Prof. Ayşe Demir
                &lt;/h3&gt;
                &lt;p
                  class=&quot;teacher-title&quot;
                &gt;
                  Profesör
                &lt;/p&gt;
                &lt;p
                  class=&quot;teacher-bio&quot;
                &gt;
                  Fizik eğitimi
                  ...
                &lt;/p&gt;
                &lt;div
                  class=&quot;teacher-meta&quot;
                &gt;
                  &lt;span
                    class=&quot;rating&quot;
                  &gt;
                    ⭐ 
                    4.9
                     (
                    200
                    )
                  &lt;/span&gt;
                  &lt;span
                    class=&quot;experience&quot;
                  &gt;
                    20
                     yıl
                  &lt;/span&gt;
                  &lt;span
                    class=&quot;location&quot;
                  &gt;
                    📍 
                    Ankara
                  &lt;/span&gt;
                &lt;/div&gt;
                &lt;div
                  class=&quot;teacher-rate&quot;
                &gt;
                  &lt;strong&gt;
                    350
                     
                    TRY
                  &lt;/strong&gt;
                   / saat
                &lt;/div&gt;
              &lt;/div&gt;
            &lt;/div&gt;
          &lt;/div&gt;
        &lt;/div&gt;
      &lt;/div&gt;
    &lt;/div&gt;
  &lt;/body&gt;
&lt;/html&gt;
 ❯ waitForWrapper node_modules/@testing-library/react/node_modules/@testing-library/dom/dist/wait-for.js:163:27
 ❯ src/components/TeacherPool/__tests__/TeacherPool.test.tsx:256:11
            </failure>
        </testcase>
        <testcase classname="src/components/TeacherPool/__tests__/TeacherPool.test.tsx" name="TeacherPool - Search Filters &gt; filters online only" time="0.043009">
            <failure message="Found multiple elements with the text: /Ara/i

Here are the matching elements:

Ignored nodes: comments, script, style
[36m&lt;button[39m
  [33mclass[39m=[32m&quot;active&quot;[39m
[36m&gt;[39m
  [0mÖğretmen Ara[0m
[36m&lt;/button&gt;[39m

Ignored nodes: comments, script, style
[36m&lt;button[39m
  [33mclass[39m=[32m&quot;btn-search&quot;[39m
[36m&gt;[39m
  [0mAra[0m
[36m&lt;/button&gt;[39m

Ignored nodes: comments, script, style
[36m&lt;span[39m
  [33mclass[39m=[32m&quot;location&quot;[39m
[36m&gt;[39m
  [0m📍 [0m
  [0mAnkara[0m
[36m&lt;/span&gt;[39m

(If this is intentional, then use the `*AllBy*` variant of the query (like `queryAllByText`, `getAllByText`, or `findAllByText`)).

Ignored nodes: comments, script, style
[36m&lt;body&gt;[39m
  [36m&lt;div&gt;[39m
    [36m&lt;div[39m
      [33mclass[39m=[32m&quot;teacher-pool&quot;[39m
    [36m&gt;[39m
      [36m&lt;div[39m
        [33mclass[39m=[32m&quot;teacher-pool-header&quot;[39m
      [36m&gt;[39m
        [36m&lt;h1&gt;[39m
          [0mÖğretmen Havuzu[0m
        [36m&lt;/h1&gt;[39m
        [36m&lt;div[39m
          [33mclass[39m=[32m&quot;view-tabs&quot;[39m
        [36m&gt;[39m
          [36m&lt;button[39m
            [33mclass[39m=[32m&quot;active&quot;[39m
          [36m&gt;[39m
            [0mÖğretmen Ara[0m
          [36m&lt;/button&gt;[39m
          [36m&lt;button[39m
            [33mclass[39m=[32m&quot;&quot;[39m
          [36m&gt;[39m
            [0mRandevularım[0m
          [36m&lt;/button&gt;[39m
        [36m&lt;/div&gt;[39m
      [36m&lt;/div&gt;[39m
      [36m&lt;div[39m
        [33mclass[39m=[32m&quot;search-view&quot;[39m
      [36m&gt;[39m
        [36m&lt;div[39m
          [33mclass[39m=[32m&quot;search-filters&quot;[39m
        [36m&gt;[39m
          [36m&lt;h3&gt;[39m
            [0mFiltreler[0m
          [36m&lt;/h3&gt;[39m
          [36m&lt;div[39m
            [33mclass[39m=[32m&quot;filter-group&quot;[39m
          [36m&gt;[39m
            [36m&lt;label&gt;[39m
              [0mDers:[0m
            [36m&lt;/label&gt;[39m
            [36m&lt;select&gt;[39m
              [36m&lt;option[39m
                [33mvalue[39m=[32m&quot;&quot;[39m
              [36m&gt;[39m
                [0mTümü[0m
              [36m&lt;/option&gt;[39m
              [36m&lt;option[39m
                [33mvalue[39m=[32m&quot;mathematics&quot;[39m
              [36m&gt;[39m
                [0mMatematik[0m
              [36m&lt;/option&gt;[39m
              [36m&lt;option[39m
                [33mvalue[39m=[32m&quot;physics&quot;[39m
              [36m&gt;[39m
                [0mFizik[0m
              [36m&lt;/option&gt;[39m
              [36m&lt;option[39m
                [33mvalue[39m=[32m&quot;chemistry&quot;[39m
              [36m&gt;[39m
                [0mKimya[0m
              [36m&lt;/option&gt;[39m
              [36m&lt;option[39m
                [33mvalue[39m=[32m&quot;biology&quot;[39m
              [36m&gt;[39m
                [0mBiyoloji[0m
              [36m&lt;/option&gt;[39m
              [36m&lt;option[39m
                [33mvalue[39m=[32m&quot;turkish&quot;[39m
              [36m&gt;[39m
                [0mTürkçe[0m
              [36m&lt;/option&gt;[39m
              [36m&lt;option[39m
                [33mvalue[39m=[32m&quot;history&quot;[39m
              [36m&gt;[39m
                [0mTarih[0m
              [36m&lt;/option&gt;[39m
              [36m&lt;option[39m
                [33mvalue[39m=[32m&quot;geography&quot;[39m
              [36m&gt;[39m
                [0mCoğrafya[0m
              [36m&lt;/option&gt;[39m
              [36m&lt;option[39m
                [33mvalue[39m=[32m&quot;english&quot;[39m
              [36m&gt;[39m
                [0mİngilizce[0m
              [36m&lt;/option&gt;[39m
            [36m&lt;/select&gt;[39m
          [36m&lt;/div&gt;[39m
          [36m&lt;div[39m
            [33mclass[39m=[32m&quot;filter-group&quot;[39m
          [36m&gt;[39m
            [36m&lt;label&gt;[39m
              [0mŞehir:[0m
            [36m&lt;/label&gt;[39m
            [36m&lt;input[39m
              [33mplaceholder[39m=[32m&quot;İstanbul, Ankara...&quot;[39m
              [33mtype[39m=[32m&quot;text&quot;[39m
              [33mvalue[39m=[32m&quot;&quot;[39m
            [36m/&gt;[39m
          [36m&lt;/div&gt;[39m
          [36m&lt;div[39m
            [33mclass[39m=[32m&quot;filter-group&quot;[39m
          [36m&gt;[39m
            [36m&lt;label&gt;[39m
              [0mMinimum Puan:[0m
            [36m&lt;/label&gt;[39m
            [36m&lt;input[39m
              [33mmax[39m=[32m&quot;5&quot;[39m
              [33mmin[39m=[32m&quot;0&quot;[39m
              [33mstep[39m=[32m&quot;0.5&quot;[39m
              [33mtype[39m=[32m&quot;number&quot;[39m
              [33mvalue[39m=[32m&quot;0&quot;[39m
            [36m/&gt;[39m
          [36m&lt;/div&gt;[39m
          [36m&lt;div[39m
            [33mclass[39m=[32m&quot;filter-group&quot;[39m
          [36m&gt;[39m
            [36m&lt;label&gt;[39m
              [0mMax Ücret (₺/saat):[0m
            [36m&lt;/label&gt;[39m
            [36m&lt;input[39m
              [33mmin[39m=[32m&quot;0&quot;[39m
              [33mtype[39m=[32m&quot;number&quot;[39m
              [33mvalue[39m=[32m&quot;0&quot;[39m
            [36m/&gt;[39m
          [36m&lt;/div&gt;[39m
          [36m&lt;div[39m
            [33mclass[39m=[32m&quot;filter-group checkbox&quot;[39m
          [36m&gt;[39m
            [36m&lt;label&gt;[39m
              [36m&lt;input[39m
                [33mtype[39m=[32m&quot;checkbox&quot;[39m
              [36m/&gt;[39m
              [0mSadece Online[0m
            [36m&lt;/label&gt;[39m
          [36m&lt;/div&gt;[39m
          [36m&lt;button[39m
            [33mclass[39m=[32m&quot;btn-search&quot;[39m
          [36m&gt;[39m
            [0mAra[0m
          [36m&lt;/button&gt;[39m
        [36m&lt;/div&gt;[39m
        [36m&lt;div[39m
          [33mclass[39m=[32m&quot;teacher-list&quot;[39m
        [36m&gt;[39m
          [36m&lt;div[39m
            [33mclass[39m=[32m&quot;teacher-card&quot;[39m
          [36m&gt;[39m
            [36m&lt;div[39m
              [33mclass[39m=[32m&quot;teacher-avatar&quot;[39m
            [36m&gt;[39m
              [36m&lt;div[39m
                [33mclass[39m=[32m&quot;avatar-placeholder&quot;[39m
              [36m&gt;[39m
                [0mD[0m
              [36m&lt;/div&gt;[39m
            [36m&lt;/div&gt;[39m
            [36m&lt;div[39m
              [33mclass[39m=[32m&quot;teacher-info&quot;[39m
            [36m&gt;[39m
              [36m&lt;h3&gt;[39m
                [0mDr. Ahmet Yılmaz[0m
              [36m&lt;/h3&gt;[39m
              [36m&lt;p[39m
                [33mclass[39m=[32m&quot;teacher-title&quot;[39m
              [36m&gt;[39m
                [0mDoktor[0m
              [36m&lt;/p&gt;[39m
              [36m&lt;p[39m
                [33mclass[39m=[32m&quot;teacher-bio&quot;[39m
              [36m&gt;[39m
                [0mMatematik eğitimi uzmanı[0m
                [0m...[0m
              [36m&lt;/p&gt;[39m
              [36m&lt;div[39m
                [33mclass[39m=[32m&quot;teacher-meta&quot;[39m
              [36m&gt;[39m
                [36m&lt;span[39m
                  [33mclass[39m=[32m&quot;rating&quot;[39m
                [36m&gt;[39m
                  [0m⭐ [0m
                  [0m4.8[0m
                  [0m ([0m
                  [0m120[0m
                  [0m)[0m
                [36m&lt;/span&gt;[39m
                [36m&lt;span[39m
                  [33mclass[39m=[32m&quot;experience&quot;[39m
                [36m&gt;[39m
                  [0m15[0m
                  [0m yıl[0m
                [36m&lt;/span&gt;[39m
                [36m&lt;span[39m
                  [33mclass[39m=[32m&quot;location&quot;[39m
                [36m&gt;[39m
                  [0m📍 [0m
                  [0mİstanbul[0m
                [36m&lt;/span&gt;[39m
              [36m&lt;/div&gt;[39m
              [36m&lt;div[39m
                [33mclass[39m=[32m&quot;teacher-rate&quot;[39m
              [36m&gt;[39m
                [36m&lt;strong&gt;[39m
                  [0m300[0m
                  [0m [0m
                  [0mTRY[0m
                [36m&lt;/strong&gt;[39m
                [0m / saat[0m
              [36m&lt;/div&gt;[39m
            [36m&lt;/div&gt;[39m
          [36m&lt;/div&gt;[39m
          [36m&lt;div[39m
            [33mclass[39m=[32m&quot;teacher-card&quot;[39m
          [36m&gt;[39m
            [36m&lt;div[39m
              [33mclass[39m=[32m&quot;teacher-avatar&quot;[39m
            [36m&gt;[39m
              [36m&lt;div[39m
                [33mclass[39m=[32m&quot;avatar-placeholder&quot;[39m
              [36m&gt;[39m
                [0mP[0m
              [36m&lt;/div&gt;[39m
            [36m&lt;/div&gt;[39m
            [36m&lt;div[39m
              [33mclass[39m=[32m&quot;teacher-info&quot;[39m
            [36m&gt;[39m
              [36m&lt;h3&gt;[39m
                [0mProf. Ayşe Demir[0m
              [36m&lt;/h3&gt;[39m
              [36m&lt;p[39m
                [33mclass[39m=[32m&quot;teacher-title&quot;[39m
              [36m&gt;[39m
                [0mProfesör[0m
              [36m&lt;/p&gt;[39m
              [36m&lt;p[39m
                [33mclass[39m=[32m&quot;teacher-bio&quot;[39m
              [36m&gt;[39m
                [0mFizik eğitimi[0m
                [0m...[0m
              [36m&lt;/p&gt;[39m
              [36m&lt;div[39m
                [33mclass[39m=[32m&quot;teacher-meta&quot;[39m
              [36m&gt;[39m
                [36m&lt;span[39m
                  [33mclass[39m=[32m&quot;rating&quot;[39m
                [36m&gt;[39m
                  [0m⭐ [0m
                  [0m4.9[0m
                  [0m ([0m
                  [0m200[0m
                  [0m)[0m
                [36m&lt;/span&gt;[39m
                [36m&lt;span[39m
                  [33mclass[39m=[32m&quot;experience&quot;[39m
                [36m&gt;[39m
                  [0m20[0m
                  [0m yıl[0m
                [36m&lt;/span&gt;[39m
                [36m&lt;span[39m
                  [33mclass[39m=[32m&quot;location&quot;[39m
                [36m&gt;[39m
                  [0m📍 [0m
                  [0mAnkara[0m
                [36m&lt;/span&gt;[39m
              [36m&lt;/div&gt;[39m
              [36m&lt;div[39m
                [33mclass[39m=[32m&quot;teacher-rate&quot;[39m
              [36m&gt;[39m
                [36m&lt;strong&gt;[39m
                  [0m350[0m
                  [0m [0m
                  [0mTRY[0m
                [36m&lt;/strong&gt;[39m
                [0m / saat[0m
              [36m&lt;/div&gt;[39m
            [36m&lt;/div&gt;[39m
          [36m&lt;/div&gt;[39m
        [36m&lt;/div&gt;[39m
      [36m&lt;/div&gt;[39m
    [36m&lt;/div&gt;[39m
  [36m&lt;/div&gt;[39m
[36m&lt;/body&gt;[39m" type="TestingLibraryElementError">
TestingLibraryElementError: Found multiple elements with the text: /Ara/i

Here are the matching elements:

Ignored nodes: comments, script, style
&lt;button
  class=&quot;active&quot;
&gt;
  Öğretmen Ara
&lt;/button&gt;

Ignored nodes: comments, script, style
&lt;button
  class=&quot;btn-search&quot;
&gt;
  Ara
&lt;/button&gt;

Ignored nodes: comments, script, style
&lt;span
  class=&quot;location&quot;
&gt;
  📍 
  Ankara
&lt;/span&gt;

(If this is intentional, then use the `*AllBy*` variant of the query (like `queryAllByText`, `getAllByText`, or `findAllByText`)).

Ignored nodes: comments, script, style
&lt;body&gt;
  &lt;div&gt;
    &lt;div
      class=&quot;teacher-pool&quot;
    &gt;
      &lt;div
        class=&quot;teacher-pool-header&quot;
      &gt;
        &lt;h1&gt;
          Öğretmen Havuzu
        &lt;/h1&gt;
        &lt;div
          class=&quot;view-tabs&quot;
        &gt;
          &lt;button
            class=&quot;active&quot;
          &gt;
            Öğretmen Ara
          &lt;/button&gt;
          &lt;button
            class=&quot;&quot;
          &gt;
            Randevularım
          &lt;/button&gt;
        &lt;/div&gt;
      &lt;/div&gt;
      &lt;div
        class=&quot;search-view&quot;
      &gt;
        &lt;div
          class=&quot;search-filters&quot;
        &gt;
          &lt;h3&gt;
            Filtreler
          &lt;/h3&gt;
          &lt;div
            class=&quot;filter-group&quot;
          &gt;
            &lt;label&gt;
              Ders:
            &lt;/label&gt;
            &lt;select&gt;
              &lt;option
                value=&quot;&quot;
              &gt;
                Tümü
              &lt;/option&gt;
              &lt;option
                value=&quot;mathematics&quot;
              &gt;
                Matematik
              &lt;/option&gt;
              &lt;option
                value=&quot;physics&quot;
              &gt;
                Fizik
              &lt;/option&gt;
              &lt;option
                value=&quot;chemistry&quot;
              &gt;
                Kimya
              &lt;/option&gt;
              &lt;option
                value=&quot;biology&quot;
              &gt;
                Biyoloji
              &lt;/option&gt;
              &lt;option
                value=&quot;turkish&quot;
              &gt;
                Türkçe
              &lt;/option&gt;
              &lt;option
                value=&quot;history&quot;
              &gt;
                Tarih
              &lt;/option&gt;
              &lt;option
                value=&quot;geography&quot;
              &gt;
                Coğrafya
              &lt;/option&gt;
              &lt;option
                value=&quot;english&quot;
              &gt;
                İngilizce
              &lt;/option&gt;
            &lt;/select&gt;
          &lt;/div&gt;
          &lt;div
            class=&quot;filter-group&quot;
          &gt;
            &lt;label&gt;
              Şehir:
            &lt;/label&gt;
            &lt;input
              placeholder=&quot;İstanbul, Ankara...&quot;
              type=&quot;text&quot;
              value=&quot;&quot;
            /&gt;
          &lt;/div&gt;
          &lt;div
            class=&quot;filter-group&quot;
          &gt;
            &lt;label&gt;
              Minimum Puan:
            &lt;/label&gt;
            &lt;input
              max=&quot;5&quot;
              min=&quot;0&quot;
              step=&quot;0.5&quot;
              type=&quot;number&quot;
              value=&quot;0&quot;
            /&gt;
          &lt;/div&gt;
          &lt;div
            class=&quot;filter-group&quot;
          &gt;
            &lt;label&gt;
              Max Ücret (₺/saat):
            &lt;/label&gt;
            &lt;input
              min=&quot;0&quot;
              type=&quot;number&quot;
              value=&quot;0&quot;
            /&gt;
          &lt;/div&gt;
          &lt;div
            class=&quot;filter-group checkbox&quot;
          &gt;
            &lt;label&gt;
              &lt;input
                type=&quot;checkbox&quot;
              /&gt;
              Sadece Online
            &lt;/label&gt;
          &lt;/div&gt;
          &lt;button
            class=&quot;btn-search&quot;
          &gt;
            Ara
          &lt;/button&gt;
        &lt;/div&gt;
        &lt;div
          class=&quot;teacher-list&quot;
        &gt;
          &lt;div
            class=&quot;teacher-card&quot;
          &gt;
            &lt;div
              class=&quot;teacher-avatar&quot;
            &gt;
              &lt;div
                class=&quot;avatar-placeholder&quot;
              &gt;
                D
              &lt;/div&gt;
            &lt;/div&gt;
            &lt;div
              class=&quot;teacher-info&quot;
            &gt;
              &lt;h3&gt;
                Dr. Ahmet Yılmaz
              &lt;/h3&gt;
              &lt;p
                class=&quot;teacher-title&quot;
              &gt;
                Doktor
              &lt;/p&gt;
              &lt;p
                class=&quot;teacher-bio&quot;
              &gt;
                Matematik eğitimi uzmanı
                ...
              &lt;/p&gt;
              &lt;div
                class=&quot;teacher-meta&quot;
              &gt;
                &lt;span
                  class=&quot;rating&quot;
                &gt;
                  ⭐ 
                  4.8
                   (
                  120
                  )
                &lt;/span&gt;
                &lt;span
                  class=&quot;experience&quot;
                &gt;
                  15
                   yıl
                &lt;/span&gt;
                &lt;span
                  class=&quot;location&quot;
                &gt;
                  📍 
                  İstanbul
                &lt;/span&gt;
              &lt;/div&gt;
              &lt;div
                class=&quot;teacher-rate&quot;
              &gt;
                &lt;strong&gt;
                  300
                   
                  TRY
                &lt;/strong&gt;
                 / saat
              &lt;/div&gt;
            &lt;/div&gt;
          &lt;/div&gt;
          &lt;div
            class=&quot;teacher-card&quot;
          &gt;
            &lt;div
              class=&quot;teacher-avatar&quot;
            &gt;
              &lt;div
                class=&quot;avatar-placeholder&quot;
              &gt;
                P
              &lt;/div&gt;
            &lt;/div&gt;
            &lt;div
              class=&quot;teacher-info&quot;
            &gt;
              &lt;h3&gt;
                Prof. Ayşe Demir
              &lt;/h3&gt;
              &lt;p
                class=&quot;teacher-title&quot;
              &gt;
                Profesör
              &lt;/p&gt;
              &lt;p
                class=&quot;teacher-bio&quot;
              &gt;
                Fizik eğitimi
                ...
              &lt;/p&gt;
              &lt;div
                class=&quot;teacher-meta&quot;
              &gt;
                &lt;span
                  class=&quot;rating&quot;
                &gt;
                  ⭐ 
                  4.9
                   (
                  200
                  )
                &lt;/span&gt;
                &lt;span
                  class=&quot;experience&quot;
                &gt;
                  20
                   yıl
                &lt;/span&gt;
                &lt;span
                  class=&quot;location&quot;
                &gt;
                  📍 
                  Ankara
                &lt;/span&gt;
              &lt;/div&gt;
              &lt;div
                class=&quot;teacher-rate&quot;
              &gt;
                &lt;strong&gt;
                  350
                   
                  TRY
                &lt;/strong&gt;
                 / saat
              &lt;/div&gt;
            &lt;/div&gt;
          &lt;/div&gt;
        &lt;/div&gt;
      &lt;/div&gt;
    &lt;/div&gt;
  &lt;/div&gt;
&lt;/body&gt;
 ❯ Object.getElementError node_modules/@testing-library/react/node_modules/@testing-library/dom/dist/config.js:37:19
 ❯ getElementError node_modules/@testing-library/react/node_modules/@testing-library/dom/dist/query-helpers.js:20:35
 ❯ getMultipleElementsFoundError node_modules/@testing-library/react/node_modules/@testing-library/dom/dist/query-helpers.js:23:10
 ❯ node_modules/@testing-library/react/node_modules/@testing-library/dom/dist/query-helpers.js:55:13
 ❯ node_modules/@testing-library/react/node_modules/@testing-library/dom/dist/query-helpers.js:95:19
 ❯ src/components/TeacherPool/__tests__/TeacherPool.test.tsx:277:28
            </failure>
        </testcase>
        <testcase classname="src/components/TeacherPool/__tests__/TeacherPool.test.tsx" name="TeacherPool - Teacher Profile &gt; opens teacher profile" time="0.0713485">
            <failure message="Unable to find an element with the text: /Profil Görüntüle/i. This could be because the text is broken up by multiple elements. In this case, you can provide a function for your text matcher to make your matcher more flexible.

Ignored nodes: comments, script, style
[36m&lt;body&gt;[39m
  [36m&lt;div&gt;[39m
    [36m&lt;div[39m
      [33mclass[39m=[32m&quot;teacher-pool&quot;[39m
    [36m&gt;[39m
      [36m&lt;div[39m
        [33mclass[39m=[32m&quot;teacher-pool-header&quot;[39m
      [36m&gt;[39m
        [36m&lt;h1&gt;[39m
          [0mÖğretmen Havuzu[0m
        [36m&lt;/h1&gt;[39m
        [36m&lt;div[39m
          [33mclass[39m=[32m&quot;view-tabs&quot;[39m
        [36m&gt;[39m
          [36m&lt;button[39m
            [33mclass[39m=[32m&quot;active&quot;[39m
          [36m&gt;[39m
            [0mÖğretmen Ara[0m
          [36m&lt;/button&gt;[39m
          [36m&lt;button[39m
            [33mclass[39m=[32m&quot;&quot;[39m
          [36m&gt;[39m
            [0mRandevularım[0m
          [36m&lt;/button&gt;[39m
        [36m&lt;/div&gt;[39m
      [36m&lt;/div&gt;[39m
      [36m&lt;div[39m
        [33mclass[39m=[32m&quot;search-view&quot;[39m
      [36m&gt;[39m
        [36m&lt;div[39m
          [33mclass[39m=[32m&quot;search-filters&quot;[39m
        [36m&gt;[39m
          [36m&lt;h3&gt;[39m
            [0mFiltreler[0m
          [36m&lt;/h3&gt;[39m
          [36m&lt;div[39m
            [33mclass[39m=[32m&quot;filter-group&quot;[39m
          [36m&gt;[39m
            [36m&lt;label&gt;[39m
              [0mDers:[0m
            [36m&lt;/label&gt;[39m
            [36m&lt;select&gt;[39m
              [36m&lt;option[39m
                [33mvalue[39m=[32m&quot;&quot;[39m
              [36m&gt;[39m
                [0mTümü[0m
              [36m&lt;/option&gt;[39m
              [36m&lt;option[39m
                [33mvalue[39m=[32m&quot;mathematics&quot;[39m
              [36m&gt;[39m
                [0mMatematik[0m
              [36m&lt;/option&gt;[39m
              [36m&lt;option[39m
                [33mvalue[39m=[32m&quot;physics&quot;[39m
              [36m&gt;[39m
                [0mFizik[0m
              [36m&lt;/option&gt;[39m
              [36m&lt;option[39m
                [33mvalue[39m=[32m&quot;chemistry&quot;[39m
              [36m&gt;[39m
                [0mKimya[0m
              [36m&lt;/option&gt;[39m
              [36m&lt;option[39m
                [33mvalue[39m=[32m&quot;biology&quot;[39m
              [36m&gt;[39m
                [0mBiyoloji[0m
              [36m&lt;/option&gt;[39m
              [36m&lt;option[39m
                [33mvalue[39m=[32m&quot;turkish&quot;[39m
              [36m&gt;[39m
                [0mTürkçe[0m
              [36m&lt;/option&gt;[39m
              [36m&lt;option[39m
                [33mvalue[39m=[32m&quot;history&quot;[39m
              [36m&gt;[39m
                [0mTarih[0m
              [36m&lt;/option&gt;[39m
              [36m&lt;option[39m
                [33mvalue[39m=[32m&quot;geography&quot;[39m
              [36m&gt;[39m
                [0mCoğrafya[0m
              [36m&lt;/option&gt;[39m
              [36m&lt;option[39m
                [33mvalue[39m=[32m&quot;english&quot;[39m
              [36m&gt;[39m
                [0mİngilizce[0m
              [36m&lt;/option&gt;[39m
            [36m&lt;/select&gt;[39m
          [36m&lt;/div&gt;[39m
          [36m&lt;div[39m
            [33mclass[39m=[32m&quot;filter-group&quot;[39m
          [36m&gt;[39m
            [36m&lt;label&gt;[39m
              [0mŞehir:[0m
            [36m&lt;/label&gt;[39m
            [36m&lt;input[39m
              [33mplaceholder[39m=[32m&quot;İstanbul, Ankara...&quot;[39m
              [33mtype[39m=[32m&quot;text&quot;[39m
              [33mvalue[39m=[32m&quot;&quot;[39m
            [36m/&gt;[39m
          [36m&lt;/div&gt;[39m
          [36m&lt;div[39m
            [33mclass[39m=[32m&quot;filter-group&quot;[39m
          [36m&gt;[39m
            [36m&lt;label&gt;[39m
              [0mMinimum Puan:[0m
            [36m&lt;/label&gt;[39m
            [36m&lt;input[39m
              [33mmax[39m=[32m&quot;5&quot;[39m
              [33mmin[39m=[32m&quot;0&quot;[39m
              [33mstep[39m=[32m&quot;0.5&quot;[39m
              [33mtype[39m=[32m&quot;number&quot;[39m
              [33mvalue[39m=[32m&quot;0&quot;[39m
            [36m/&gt;[39m
          [36m&lt;/div&gt;[39m
          [36m&lt;div[39m
            [33mclass[39m=[32m&quot;filter-group&quot;[39m
          [36m&gt;[39m
            [36m&lt;label&gt;[39m
              [0mMax Ücret (₺/saat):[0m
            [36m&lt;/label&gt;[39m
            [36m&lt;input[39m
              [33mmin[39m=[32m&quot;0&quot;[39m
              [33mtype[39m=[32m&quot;number&quot;[39m
              [33mvalue[39m=[32m&quot;0&quot;[39m
            [36m/&gt;[39m
          [36m&lt;/div&gt;[39m
          [36m&lt;div[39m
            [33mclass[39m=[32m&quot;filter-group checkbox&quot;[39m
          [36m&gt;[39m
            [36m&lt;label&gt;[39m
              [36m&lt;input[39m
                [33mtype[39m=[32m&quot;checkbox&quot;[39m
              [36m/&gt;[39m
              [0mSadece Online[0m
            [36m&lt;/label&gt;[39m
          [36m&lt;/div&gt;[39m
          [36m&lt;button[39m
            [33mclass[39m=[32m&quot;btn-search&quot;[39m
          [36m&gt;[39m
            [0mAra[0m
          [36m&lt;/button&gt;[39m
        [36m&lt;/div&gt;[39m
        [36m&lt;div[39m
          [33mclass[39m=[32m&quot;teacher-list&quot;[39m
        [36m&gt;[39m
          [36m&lt;div[39m
            [33mclass[39m=[32m&quot;teacher-card&quot;[39m
          [36m&gt;[39m
            [36m&lt;div[39m
              [33mclass[39m=[32m&quot;teacher-avatar&quot;[39m
            [36m&gt;[39m
              [36m&lt;div[39m
                [33mclass[39m=[32m&quot;avatar-placeholder&quot;[39m
              [36m&gt;[39m
                [0mD[0m
              [36m&lt;/div&gt;[39m
            [36m&lt;/div&gt;[39m
            [36m&lt;div[39m
              [33mclass[39m=[32m&quot;teacher-info&quot;[39m
            [36m&gt;[39m
              [36m&lt;h3&gt;[39m
                [0mDr. Ahmet Yılmaz[0m
              [36m&lt;/h3&gt;[39m
              [36m&lt;p[39m
                [33mclass[39m=[32m&quot;teacher-title&quot;[39m
              [36m&gt;[39m
                [0mDoktor[0m
              [36m&lt;/p&gt;[39m
              [36m&lt;p[39m
                [33mclass[39m=[32m&quot;teacher-bio&quot;[39m
              [36m&gt;[39m
                [0mMatematik eğitimi uzmanı[0m
                [0m...[0m
              [36m&lt;/p&gt;[39m
              [36m&lt;div[39m
                [33mclass[39m=[32m&quot;teacher-meta&quot;[39m
              [36m&gt;[39m
                [36m&lt;span[39m
                  [33mclass[39m=[32m&quot;rating&quot;[39m
                [36m&gt;[39m
                  [0m⭐ [0m
                  [0m4.8[0m
                  [0m ([0m
                  [0m120[0m
                  [0m)[0m
                [36m&lt;/span&gt;[39m
                [36m&lt;span[39m
                  [33mclass[39m=[32m&quot;experience&quot;[39m
                [36m&gt;[39m
                  [0m15[0m
                  [0m yıl[0m
                [36m&lt;/span&gt;[39m
                [36m&lt;span[39m
                  [33mclass[39m=[32m&quot;location&quot;[39m
                [36m&gt;[39m
                  [0m📍 [0m
                  [0mİstanbul[0m
                [36m&lt;/span&gt;[39m
              [36m&lt;/div&gt;[39m
              [36m&lt;div[39m
                [33mclass[39m=[32m&quot;teacher-rate&quot;[39m
              [36m&gt;[39m
                [36m&lt;strong&gt;[39m
                  [0m300[0m
                  [0m [0m
                  [0mTRY[0m
                [36m&lt;/strong&gt;[39m
                [0m / saat[0m
              [36m&lt;/div&gt;[39m
            [36m&lt;/div&gt;[39m
          [36m&lt;/div&gt;[39m
          [36m&lt;div[39m
            [33mclass[39m=[32m&quot;teacher-card&quot;[39m
          [36m&gt;[39m
            [36m&lt;div[39m
              [33mclass[39m=[32m&quot;teacher-avatar&quot;[39m
            [36m&gt;[39m
              [36m&lt;div[39m
                [33mclass[39m=[32m&quot;avatar-placeholder&quot;[39m
              [36m&gt;[39m
                [0mP[0m
              [36m&lt;/div&gt;[39m
            [36m&lt;/div&gt;[39m
            [36m&lt;div[39m
              [33mclass[39m=[32m&quot;teacher-info&quot;[39m
            [36m&gt;[39m
              [36m&lt;h3&gt;[39m
                [0mProf. Ayşe Demir[0m
              [36m&lt;/h3&gt;[39m
              [36m&lt;p[39m
                [33mclass[39m=[32m&quot;teacher-title&quot;[39m
              [36m&gt;[39m
                [0mProfesör[0m
              [36m&lt;/p&gt;[39m
              [36m&lt;p[39m
                [33mclass[39m=[32m&quot;teacher-bio&quot;[39m
              [36m&gt;[39m
                [0mFizik eğitimi[0m
                [0m...[0m
              [36m&lt;/p&gt;[39m
              [36m&lt;div[39m
                [33mclass[39m=[32m&quot;teacher-meta&quot;[39m
              [36m&gt;[39m
                [36m&lt;span[39m
                  [33mclass[39m=[32m&quot;rating&quot;[39m
                [36m&gt;[39m
                  [0m⭐ [0m
                  [0m4.9[0m
                  [0m ([0m
                  [0m200[0m
                  [0m)[0m
                [36m&lt;/span&gt;[39m
                [36m&lt;span[39m
                  [33mclass[39m=[32m&quot;experience&quot;[39m
                [36m&gt;[39m
                  [0m20[0m
                  [0m yıl[0m
                [36m&lt;/span&gt;[39m
                [36m&lt;span[39m
                  [33mclass[39m=[32m&quot;location&quot;[39m
                [36m&gt;[39m
                  [0m📍 [0m
                  [0mAnkara[0m
                [36m&lt;/span&gt;[39m
              [36m&lt;/div&gt;[39m
              [36m&lt;div[39m
                [33mclass[39m=[32m&quot;teacher-rate&quot;[39m
              [36m&gt;[39m
                [36m&lt;strong&gt;[39m
                  [0m350[0m
                  [0m [0m
                  [0mTRY[0m
                [36m&lt;/strong&gt;[39m
                [0m / saat[0m
              [36m&lt;/div&gt;[39m
            [36m&lt;/div&gt;[39m
          [36m&lt;/div&gt;[39m
        [36m&lt;/div&gt;[39m
      [36m&lt;/div&gt;[39m
    [36m&lt;/div&gt;[39m
  [36m&lt;/div&gt;[39m
[36m&lt;/body&gt;[39m" type="TestingLibraryElementError">
TestingLibraryElementError: Unable to find an element with the text: /Profil Görüntüle/i. This could be because the text is broken up by multiple elements. In this case, you can provide a function for your text matcher to make your matcher more flexible.

Ignored nodes: comments, script, style
&lt;body&gt;
  &lt;div&gt;
    &lt;div
      class=&quot;teacher-pool&quot;
    &gt;
      &lt;div
        class=&quot;teacher-pool-header&quot;
      &gt;
        &lt;h1&gt;
          Öğretmen Havuzu
        &lt;/h1&gt;
        &lt;div
          class=&quot;view-tabs&quot;
        &gt;
          &lt;button
            class=&quot;active&quot;
          &gt;
            Öğretmen Ara
          &lt;/button&gt;
          &lt;button
            class=&quot;&quot;
          &gt;
            Randevularım
          &lt;/button&gt;
        &lt;/div&gt;
      &lt;/div&gt;
      &lt;div
        class=&quot;search-view&quot;
      &gt;
        &lt;div
          class=&quot;search-filters&quot;
        &gt;
          &lt;h3&gt;
            Filtreler
          &lt;/h3&gt;
          &lt;div
            class=&quot;filter-group&quot;
          &gt;
            &lt;label&gt;
              Ders:
            &lt;/label&gt;
            &lt;select&gt;
              &lt;option
                value=&quot;&quot;
              &gt;
                Tümü
              &lt;/option&gt;
              &lt;option
                value=&quot;mathematics&quot;
              &gt;
                Matematik
              &lt;/option&gt;
              &lt;option
                value=&quot;physics&quot;
              &gt;
                Fizik
              &lt;/option&gt;
              &lt;option
                value=&quot;chemistry&quot;
              &gt;
                Kimya
              &lt;/option&gt;
              &lt;option
                value=&quot;biology&quot;
              &gt;
                Biyoloji
              &lt;/option&gt;
              &lt;option
                value=&quot;turkish&quot;
              &gt;
                Türkçe
              &lt;/option&gt;
              &lt;option
                value=&quot;history&quot;
              &gt;
                Tarih
              &lt;/option&gt;
              &lt;option
                value=&quot;geography&quot;
              &gt;
                Coğrafya
              &lt;/option&gt;
              &lt;option
                value=&quot;english&quot;
              &gt;
                İngilizce
              &lt;/option&gt;
            &lt;/select&gt;
          &lt;/div&gt;
          &lt;div
            class=&quot;filter-group&quot;
          &gt;
            &lt;label&gt;
              Şehir:
            &lt;/label&gt;
            &lt;input
              placeholder=&quot;İstanbul, Ankara...&quot;
              type=&quot;text&quot;
              value=&quot;&quot;
            /&gt;
          &lt;/div&gt;
          &lt;div
            class=&quot;filter-group&quot;
          &gt;
            &lt;label&gt;
              Minimum Puan:
            &lt;/label&gt;
            &lt;input
              max=&quot;5&quot;
              min=&quot;0&quot;
              step=&quot;0.5&quot;
              type=&quot;number&quot;
              value=&quot;0&quot;
            /&gt;
          &lt;/div&gt;
          &lt;div
            class=&quot;filter-group&quot;
          &gt;
            &lt;label&gt;
              Max Ücret (₺/saat):
            &lt;/label&gt;
            &lt;input
              min=&quot;0&quot;
              type=&quot;number&quot;
              value=&quot;0&quot;
            /&gt;
          &lt;/div&gt;
          &lt;div
            class=&quot;filter-group checkbox&quot;
          &gt;
            &lt;label&gt;
              &lt;input
                type=&quot;checkbox&quot;
              /&gt;
              Sadece Online
            &lt;/label&gt;
          &lt;/div&gt;
          &lt;button
            class=&quot;btn-search&quot;
          &gt;
            Ara
          &lt;/button&gt;
        &lt;/div&gt;
        &lt;div
          class=&quot;teacher-list&quot;
        &gt;
          &lt;div
            class=&quot;teacher-card&quot;
          &gt;
            &lt;div
              class=&quot;teacher-avatar&quot;
            &gt;
              &lt;div
                class=&quot;avatar-placeholder&quot;
              &gt;
                D
              &lt;/div&gt;
            &lt;/div&gt;
            &lt;div
              class=&quot;teacher-info&quot;
            &gt;
              &lt;h3&gt;
                Dr. Ahmet Yılmaz
              &lt;/h3&gt;
              &lt;p
                class=&quot;teacher-title&quot;
              &gt;
                Doktor
              &lt;/p&gt;
              &lt;p
                class=&quot;teacher-bio&quot;
              &gt;
                Matematik eğitimi uzmanı
                ...
              &lt;/p&gt;
              &lt;div
                class=&quot;teacher-meta&quot;
              &gt;
                &lt;span
                  class=&quot;rating&quot;
                &gt;
                  ⭐ 
                  4.8
                   (
                  120
                  )
                &lt;/span&gt;
                &lt;span
                  class=&quot;experience&quot;
                &gt;
                  15
                   yıl
                &lt;/span&gt;
                &lt;span
                  class=&quot;location&quot;
                &gt;
                  📍 
                  İstanbul
                &lt;/span&gt;
              &lt;/div&gt;
              &lt;div
                class=&quot;teacher-rate&quot;
              &gt;
                &lt;strong&gt;
                  300
                   
                  TRY
                &lt;/strong&gt;
                 / saat
              &lt;/div&gt;
            &lt;/div&gt;
          &lt;/div&gt;
          &lt;div
            class=&quot;teacher-card&quot;
          &gt;
            &lt;div
              class=&quot;teacher-avatar&quot;
            &gt;
              &lt;div
                class=&quot;avatar-placeholder&quot;
              &gt;
                P
              &lt;/div&gt;
            &lt;/div&gt;
            &lt;div
              class=&quot;teacher-info&quot;
            &gt;
              &lt;h3&gt;
                Prof. Ayşe Demir
              &lt;/h3&gt;
              &lt;p
                class=&quot;teacher-title&quot;
              &gt;
                Profesör
              &lt;/p&gt;
              &lt;p
                class=&quot;teacher-bio&quot;
              &gt;
                Fizik eğitimi
                ...
              &lt;/p&gt;
              &lt;div
                class=&quot;teacher-meta&quot;
              &gt;
                &lt;span
                  class=&quot;rating&quot;
                &gt;
                  ⭐ 
                  4.9
                   (
                  200
                  )
                &lt;/span&gt;
                &lt;span
                  class=&quot;experience&quot;
                &gt;
                  20
                   yıl
                &lt;/span&gt;
                &lt;span
                  class=&quot;location&quot;
                &gt;
                  📍 
                  Ankara
                &lt;/span&gt;
              &lt;/div&gt;
              &lt;div
                class=&quot;teacher-rate&quot;
              &gt;
                &lt;strong&gt;
                  350
                   
                  TRY
                &lt;/strong&gt;
                 / saat
              &lt;/div&gt;
            &lt;/div&gt;
          &lt;/div&gt;
        &lt;/div&gt;
      &lt;/div&gt;
    &lt;/div&gt;
  &lt;/div&gt;
&lt;/body&gt;
 ❯ Object.getElementError node_modules/@testing-library/react/node_modules/@testing-library/dom/dist/config.js:37:19
 ❯ node_modules/@testing-library/react/node_modules/@testing-library/dom/dist/query-helpers.js:76:38
 ❯ node_modules/@testing-library/react/node_modules/@testing-library/dom/dist/query-helpers.js:52:17
 ❯ node_modules/@testing-library/react/node_modules/@testing-library/dom/dist/query-helpers.js:95:19
 ❯ src/components/TeacherPool/__tests__/TeacherPool.test.tsx:302:34
            </failure>
        </testcase>
        <testcase classname="src/components/TeacherPool/__tests__/TeacherPool.test.tsx" name="TeacherPool - Teacher Profile &gt; displays teacher bio" time="1.0280104">
            <system-err>
Error: Uncaught [TypeError: Cannot read properties of undefined (reading &apos;map&apos;)]
    at reportException (C:\Users\husey\kiro2\frontend\node_modules\jsdom\lib\jsdom\living\helpers\runtime-script-errors.js:66:24)
    at innerInvokeEventListeners (C:\Users\husey\kiro2\frontend\node_modules\jsdom\lib\jsdom\living\events\EventTarget-impl.js:353:9)
    at invokeEventListeners (C:\Users\husey\kiro2\frontend\node_modules\jsdom\lib\jsdom\living\events\EventTarget-impl.js:286:3)
    at HTMLUnknownElementImpl._dispatch (C:\Users\husey\kiro2\frontend\node_modules\jsdom\lib\jsdom\living\events\EventTarget-impl.js:233:9)
    at HTMLUnknownElementImpl.dispatchEvent (C:\Users\husey\kiro2\frontend\node_modules\jsdom\lib\jsdom\living\events\EventTarget-impl.js:104:17)
    at HTMLUnknownElement.dispatchEvent (C:\Users\husey\kiro2\frontend\node_modules\jsdom\lib\jsdom\living\generated\EventTarget.js:241:34)
    at Object.invokeGuardedCallbackDev (C:\Users\husey\kiro2\frontend\node_modules\react-dom\cjs\react-dom.development.js:4213:16)
    at invokeGuardedCallback (C:\Users\husey\kiro2\frontend\node_modules\react-dom\cjs\react-dom.development.js:4277:31)
    at beginWork$1 (C:\Users\husey\kiro2\frontend\node_modules\react-dom\cjs\react-dom.development.js:27490:7)
    at performUnitOfWork (C:\Users\husey\kiro2\frontend\node_modules\react-dom\cjs\react-dom.development.js:26599:12) TypeError: Cannot read properties of undefined (reading &apos;map&apos;)
    at TeacherPool [90m(C:\Users\husey\kiro2\frontend\[39msrc\components\TeacherPool\TeacherPool.tsx:383:23[90m)[39m
    at renderWithHooks [90m(C:\Users\husey\kiro2\frontend\[39mnode_modules\[4mreact-dom[24m\cjs\react-dom.development.js:15486:18[90m)[39m
    at updateFunctionComponent [90m(C:\Users\husey\kiro2\frontend\[39mnode_modules\[4mreact-dom[24m\cjs\react-dom.development.js:19617:20[90m)[39m
    at beginWork [90m(C:\Users\husey\kiro2\frontend\[39mnode_modules\[4mreact-dom[24m\cjs\react-dom.development.js:21640:16[90m)[39m
    at HTMLUnknownElement.callCallback [90m(C:\Users\husey\kiro2\frontend\[39mnode_modules\[4mreact-dom[24m\cjs\react-dom.development.js:4164:14[90m)[39m
    at HTMLUnknownElement.callTheUserObjectsOperation [90m(C:\Users\husey\kiro2\frontend\[39mnode_modules\[4mjsdom[24m\lib\jsdom\living\generated\EventListener.js:26:30[90m)[39m
    at innerInvokeEventListeners [90m(C:\Users\husey\kiro2\frontend\[39mnode_modules\[4mjsdom[24m\lib\jsdom\living\events\EventTarget-impl.js:350:25[90m)[39m
    at invokeEventListeners [90m(C:\Users\husey\kiro2\frontend\[39mnode_modules\[4mjsdom[24m\lib\jsdom\living\events\EventTarget-impl.js:286:3[90m)[39m
    at HTMLUnknownElementImpl._dispatch [90m(C:\Users\husey\kiro2\frontend\[39mnode_modules\[4mjsdom[24m\lib\jsdom\living\events\EventTarget-impl.js:233:9[90m)[39m
    at HTMLUnknownElementImpl.dispatchEvent [90m(C:\Users\husey\kiro2\frontend\[39mnode_modules\[4mjsdom[24m\lib\jsdom\living\events\EventTarget-impl.js:104:17[90m)[39m
Error: Uncaught [TypeError: Cannot read properties of undefined (reading &apos;map&apos;)]
    at reportException (C:\Users\husey\kiro2\frontend\node_modules\jsdom\lib\jsdom\living\helpers\runtime-script-errors.js:66:24)
    at innerInvokeEventListeners (C:\Users\husey\kiro2\frontend\node_modules\jsdom\lib\jsdom\living\events\EventTarget-impl.js:353:9)
    at invokeEventListeners (C:\Users\husey\kiro2\frontend\node_modules\jsdom\lib\jsdom\living\events\EventTarget-impl.js:286:3)
    at HTMLUnknownElementImpl._dispatch (C:\Users\husey\kiro2\frontend\node_modules\jsdom\lib\jsdom\living\events\EventTarget-impl.js:233:9)
    at HTMLUnknownElementImpl.dispatchEvent (C:\Users\husey\kiro2\frontend\node_modules\jsdom\lib\jsdom\living\events\EventTarget-impl.js:104:17)
    at HTMLUnknownElement.dispatchEvent (C:\Users\husey\kiro2\frontend\node_modules\jsdom\lib\jsdom\living\generated\EventTarget.js:241:34)
    at Object.invokeGuardedCallbackDev (C:\Users\husey\kiro2\frontend\node_modules\react-dom\cjs\react-dom.development.js:4213:16)
    at invokeGuardedCallback (C:\Users\husey\kiro2\frontend\node_modules\react-dom\cjs\react-dom.development.js:4277:31)
    at beginWork$1 (C:\Users\husey\kiro2\frontend\node_modules\react-dom\cjs\react-dom.development.js:27490:7)
    at performUnitOfWork (C:\Users\husey\kiro2\frontend\node_modules\react-dom\cjs\react-dom.development.js:26599:12) TypeError: Cannot read properties of undefined (reading &apos;map&apos;)
    at TeacherPool [90m(C:\Users\husey\kiro2\frontend\[39msrc\components\TeacherPool\TeacherPool.tsx:383:23[90m)[39m
    at renderWithHooks [90m(C:\Users\husey\kiro2\frontend\[39mnode_modules\[4mreact-dom[24m\cjs\react-dom.development.js:15486:18[90m)[39m
    at updateFunctionComponent [90m(C:\Users\husey\kiro2\frontend\[39mnode_modules\[4mreact-dom[24m\cjs\react-dom.development.js:19617:20[90m)[39m
    at beginWork [90m(C:\Users\husey\kiro2\frontend\[39mnode_modules\[4mreact-dom[24m\cjs\react-dom.development.js:21640:16[90m)[39m
    at HTMLUnknownElement.callCallback [90m(C:\Users\husey\kiro2\frontend\[39mnode_modules\[4mreact-dom[24m\cjs\react-dom.development.js:4164:14[90m)[39m
    at HTMLUnknownElement.callTheUserObjectsOperation [90m(C:\Users\husey\kiro2\frontend\[39mnode_modules\[4mjsdom[24m\lib\jsdom\living\generated\EventListener.js:26:30[90m)[39m
    at innerInvokeEventListeners [90m(C:\Users\husey\kiro2\frontend\[39mnode_modules\[4mjsdom[24m\lib\jsdom\living\events\EventTarget-impl.js:350:25[90m)[39m
    at invokeEventListeners [90m(C:\Users\husey\kiro2\frontend\[39mnode_modules\[4mjsdom[24m\lib\jsdom\living\events\EventTarget-impl.js:286:3[90m)[39m
    at HTMLUnknownElementImpl._dispatch [90m(C:\Users\husey\kiro2\frontend\[39mnode_modules\[4mjsdom[24m\lib\jsdom\living\events\EventTarget-impl.js:233:9[90m)[39m
    at HTMLUnknownElementImpl.dispatchEvent [90m(C:\Users\husey\kiro2\frontend\[39mnode_modules\[4mjsdom[24m\lib\jsdom\living\events\EventTarget-impl.js:104:17[90m)[39m

            </system-err>
            <failure message="Unable to find an element with the text: /Profil Görüntüle/i. This could be because the text is broken up by multiple elements. In this case, you can provide a function for your text matcher to make your matcher more flexible.

Ignored nodes: comments, script, style
[36m&lt;body&gt;[39m
  [36m&lt;div /&gt;[39m
[36m&lt;/body&gt;[39m

Ignored nodes: comments, script, style
[36m&lt;html&gt;[39m
  [36m&lt;head /&gt;[39m
  [36m&lt;body&gt;[39m
    [36m&lt;div /&gt;[39m
  [36m&lt;/body&gt;[39m
[36m&lt;/html&gt;[39m" type="TestingLibraryElementError">
TestingLibraryElementError: Unable to find an element with the text: /Profil Görüntüle/i. This could be because the text is broken up by multiple elements. In this case, you can provide a function for your text matcher to make your matcher more flexible.

Ignored nodes: comments, script, style
&lt;body&gt;
  &lt;div /&gt;
&lt;/body&gt;

Ignored nodes: comments, script, style
&lt;html&gt;
  &lt;head /&gt;
  &lt;body&gt;
    &lt;div /&gt;
  &lt;/body&gt;
&lt;/html&gt;
 ❯ waitForWrapper node_modules/@testing-library/react/node_modules/@testing-library/dom/dist/wait-for.js:163:27
 ❯ src/components/TeacherPool/__tests__/TeacherPool.test.tsx:314:11
            </failure>
        </testcase>
        <testcase classname="src/components/TeacherPool/__tests__/TeacherPool.test.tsx" name="TeacherPool - Teacher Profile &gt; shows education details" time="1.0254465">
            <system-err>
Error: Uncaught [TypeError: Cannot read properties of undefined (reading &apos;map&apos;)]
    at reportException (C:\Users\husey\kiro2\frontend\node_modules\jsdom\lib\jsdom\living\helpers\runtime-script-errors.js:66:24)
    at innerInvokeEventListeners (C:\Users\husey\kiro2\frontend\node_modules\jsdom\lib\jsdom\living\events\EventTarget-impl.js:353:9)
    at invokeEventListeners (C:\Users\husey\kiro2\frontend\node_modules\jsdom\lib\jsdom\living\events\EventTarget-impl.js:286:3)
    at HTMLUnknownElementImpl._dispatch (C:\Users\husey\kiro2\frontend\node_modules\jsdom\lib\jsdom\living\events\EventTarget-impl.js:233:9)
    at HTMLUnknownElementImpl.dispatchEvent (C:\Users\husey\kiro2\frontend\node_modules\jsdom\lib\jsdom\living\events\EventTarget-impl.js:104:17)
    at HTMLUnknownElement.dispatchEvent (C:\Users\husey\kiro2\frontend\node_modules\jsdom\lib\jsdom\living\generated\EventTarget.js:241:34)
    at Object.invokeGuardedCallbackDev (C:\Users\husey\kiro2\frontend\node_modules\react-dom\cjs\react-dom.development.js:4213:16)
    at invokeGuardedCallback (C:\Users\husey\kiro2\frontend\node_modules\react-dom\cjs\react-dom.development.js:4277:31)
    at beginWork$1 (C:\Users\husey\kiro2\frontend\node_modules\react-dom\cjs\react-dom.development.js:27490:7)
    at performUnitOfWork (C:\Users\husey\kiro2\frontend\node_modules\react-dom\cjs\react-dom.development.js:26599:12) TypeError: Cannot read properties of undefined (reading &apos;map&apos;)
    at TeacherPool [90m(C:\Users\husey\kiro2\frontend\[39msrc\components\TeacherPool\TeacherPool.tsx:383:23[90m)[39m
    at renderWithHooks [90m(C:\Users\husey\kiro2\frontend\[39mnode_modules\[4mreact-dom[24m\cjs\react-dom.development.js:15486:18[90m)[39m
    at updateFunctionComponent [90m(C:\Users\husey\kiro2\frontend\[39mnode_modules\[4mreact-dom[24m\cjs\react-dom.development.js:19617:20[90m)[39m
    at beginWork [90m(C:\Users\husey\kiro2\frontend\[39mnode_modules\[4mreact-dom[24m\cjs\react-dom.development.js:21640:16[90m)[39m
    at HTMLUnknownElement.callCallback [90m(C:\Users\husey\kiro2\frontend\[39mnode_modules\[4mreact-dom[24m\cjs\react-dom.development.js:4164:14[90m)[39m
    at HTMLUnknownElement.callTheUserObjectsOperation [90m(C:\Users\husey\kiro2\frontend\[39mnode_modules\[4mjsdom[24m\lib\jsdom\living\generated\EventListener.js:26:30[90m)[39m
    at innerInvokeEventListeners [90m(C:\Users\husey\kiro2\frontend\[39mnode_modules\[4mjsdom[24m\lib\jsdom\living\events\EventTarget-impl.js:350:25[90m)[39m
    at invokeEventListeners [90m(C:\Users\husey\kiro2\frontend\[39mnode_modules\[4mjsdom[24m\lib\jsdom\living\events\EventTarget-impl.js:286:3[90m)[39m
    at HTMLUnknownElementImpl._dispatch [90m(C:\Users\husey\kiro2\frontend\[39mnode_modules\[4mjsdom[24m\lib\jsdom\living\events\EventTarget-impl.js:233:9[90m)[39m
    at HTMLUnknownElementImpl.dispatchEvent [90m(C:\Users\husey\kiro2\frontend\[39mnode_modules\[4mjsdom[24m\lib\jsdom\living\events\EventTarget-impl.js:104:17[90m)[39m
Error: Uncaught [TypeError: Cannot read properties of undefined (reading &apos;map&apos;)]
    at reportException (C:\Users\husey\kiro2\frontend\node_modules\jsdom\lib\jsdom\living\helpers\runtime-script-errors.js:66:24)
    at innerInvokeEventListeners (C:\Users\husey\kiro2\frontend\node_modules\jsdom\lib\jsdom\living\events\EventTarget-impl.js:353:9)
    at invokeEventListeners (C:\Users\husey\kiro2\frontend\node_modules\jsdom\lib\jsdom\living\events\EventTarget-impl.js:286:3)
    at HTMLUnknownElementImpl._dispatch (C:\Users\husey\kiro2\frontend\node_modules\jsdom\lib\jsdom\living\events\EventTarget-impl.js:233:9)
    at HTMLUnknownElementImpl.dispatchEvent (C:\Users\husey\kiro2\frontend\node_modules\jsdom\lib\jsdom\living\events\EventTarget-impl.js:104:17)
    at HTMLUnknownElement.dispatchEvent (C:\Users\husey\kiro2\frontend\node_modules\jsdom\lib\jsdom\living\generated\EventTarget.js:241:34)
    at Object.invokeGuardedCallbackDev (C:\Users\husey\kiro2\frontend\node_modules\react-dom\cjs\react-dom.development.js:4213:16)
    at invokeGuardedCallback (C:\Users\husey\kiro2\frontend\node_modules\react-dom\cjs\react-dom.development.js:4277:31)
    at beginWork$1 (C:\Users\husey\kiro2\frontend\node_modules\react-dom\cjs\react-dom.development.js:27490:7)
    at performUnitOfWork (C:\Users\husey\kiro2\frontend\node_modules\react-dom\cjs\react-dom.development.js:26599:12) TypeError: Cannot read properties of undefined (reading &apos;map&apos;)
    at TeacherPool [90m(C:\Users\husey\kiro2\frontend\[39msrc\components\TeacherPool\TeacherPool.tsx:383:23[90m)[39m
    at renderWithHooks [90m(C:\Users\husey\kiro2\frontend\[39mnode_modules\[4mreact-dom[24m\cjs\react-dom.development.js:15486:18[90m)[39m
    at updateFunctionComponent [90m(C:\Users\husey\kiro2\frontend\[39mnode_modules\[4mreact-dom[24m\cjs\react-dom.development.js:19617:20[90m)[39m
    at beginWork [90m(C:\Users\husey\kiro2\frontend\[39mnode_modules\[4mreact-dom[24m\cjs\react-dom.development.js:21640:16[90m)[39m
    at HTMLUnknownElement.callCallback [90m(C:\Users\husey\kiro2\frontend\[39mnode_modules\[4mreact-dom[24m\cjs\react-dom.development.js:4164:14[90m)[39m
    at HTMLUnknownElement.callTheUserObjectsOperation [90m(C:\Users\husey\kiro2\frontend\[39mnode_modules\[4mjsdom[24m\lib\jsdom\living\generated\EventListener.js:26:30[90m)[39m
    at innerInvokeEventListeners [90m(C:\Users\husey\kiro2\frontend\[39mnode_modules\[4mjsdom[24m\lib\jsdom\living\events\EventTarget-impl.js:350:25[90m)[39m
    at invokeEventListeners [90m(C:\Users\husey\kiro2\frontend\[39mnode_modules\[4mjsdom[24m\lib\jsdom\living\events\EventTarget-impl.js:286:3[90m)[39m
    at HTMLUnknownElementImpl._dispatch [90m(C:\Users\husey\kiro2\frontend\[39mnode_modules\[4mjsdom[24m\lib\jsdom\living\events\EventTarget-impl.js:233:9[90m)[39m
    at HTMLUnknownElementImpl.dispatchEvent [90m(C:\Users\husey\kiro2\frontend\[39mnode_modules\[4mjsdom[24m\lib\jsdom\living\events\EventTarget-impl.js:104:17[90m)[39m

            </system-err>
            <failure message="Unable to find an element with the text: /Profil Görüntüle/i. This could be because the text is broken up by multiple elements. In this case, you can provide a function for your text matcher to make your matcher more flexible.

Ignored nodes: comments, script, style
[36m&lt;body&gt;[39m
  [36m&lt;div /&gt;[39m
[36m&lt;/body&gt;[39m

Ignored nodes: comments, script, style
[36m&lt;html&gt;[39m
  [36m&lt;head /&gt;[39m
  [36m&lt;body&gt;[39m
    [36m&lt;div /&gt;[39m
  [36m&lt;/body&gt;[39m
[36m&lt;/html&gt;[39m" type="TestingLibraryElementError">
TestingLibraryElementError: Unable to find an element with the text: /Profil Görüntüle/i. This could be because the text is broken up by multiple elements. In this case, you can provide a function for your text matcher to make your matcher more flexible.

Ignored nodes: comments, script, style
&lt;body&gt;
  &lt;div /&gt;
&lt;/body&gt;

Ignored nodes: comments, script, style
&lt;html&gt;
  &lt;head /&gt;
  &lt;body&gt;
    &lt;div /&gt;
  &lt;/body&gt;
&lt;/html&gt;
 ❯ waitForWrapper node_modules/@testing-library/react/node_modules/@testing-library/dom/dist/wait-for.js:163:27
 ❯ src/components/TeacherPool/__tests__/TeacherPool.test.tsx:325:11
            </failure>
        </testcase>
        <testcase classname="src/components/TeacherPool/__tests__/TeacherPool.test.tsx" name="TeacherPool - Teacher Profile &gt; displays expertise" time="1.0373373">
            <failure message="Unable to find an element with the text: /Profil Görüntüle/i. This could be because the text is broken up by multiple elements. In this case, you can provide a function for your text matcher to make your matcher more flexible.

Ignored nodes: comments, script, style
[36m&lt;body&gt;[39m
  [36m&lt;div&gt;[39m
    [36m&lt;div[39m
      [33mclass[39m=[32m&quot;teacher-pool&quot;[39m
    [36m&gt;[39m
      [36m&lt;div[39m
        [33mclass[39m=[32m&quot;teacher-pool-header&quot;[39m
      [36m&gt;[39m
        [36m&lt;h1&gt;[39m
          [0mÖğretmen Havuzu[0m
        [36m&lt;/h1&gt;[39m
        [36m&lt;div[39m
          [33mclass[39m=[32m&quot;view-tabs&quot;[39m
        [36m&gt;[39m
          [36m&lt;button[39m
            [33mclass[39m=[32m&quot;active&quot;[39m
          [36m&gt;[39m
            [0mÖğretmen Ara[0m
          [36m&lt;/button&gt;[39m
          [36m&lt;button[39m
            [33mclass[39m=[32m&quot;&quot;[39m
          [36m&gt;[39m
            [0mRandevularım[0m
          [36m&lt;/button&gt;[39m
        [36m&lt;/div&gt;[39m
      [36m&lt;/div&gt;[39m
      [36m&lt;div[39m
        [33mclass[39m=[32m&quot;search-view&quot;[39m
      [36m&gt;[39m
        [36m&lt;div[39m
          [33mclass[39m=[32m&quot;search-filters&quot;[39m
        [36m&gt;[39m
          [36m&lt;h3&gt;[39m
            [0mFiltreler[0m
          [36m&lt;/h3&gt;[39m
          [36m&lt;div[39m
            [33mclass[39m=[32m&quot;filter-group&quot;[39m
          [36m&gt;[39m
            [36m&lt;label&gt;[39m
              [0mDers:[0m
            [36m&lt;/label&gt;[39m
            [36m&lt;select&gt;[39m
              [36m&lt;option[39m
                [33mvalue[39m=[32m&quot;&quot;[39m
              [36m&gt;[39m
                [0mTümü[0m
              [36m&lt;/option&gt;[39m
              [36m&lt;option[39m
                [33mvalue[39m=[32m&quot;mathematics&quot;[39m
              [36m&gt;[39m
                [0mMatematik[0m
              [36m&lt;/option&gt;[39m
              [36m&lt;option[39m
                [33mvalue[39m=[32m&quot;physics&quot;[39m
              [36m&gt;[39m
                [0mFizik[0m
              [36m&lt;/option&gt;[39m
              [36m&lt;option[39m
                [33mvalue[39m=[32m&quot;chemistry&quot;[39m
              [36m&gt;[39m
                [0mKimya[0m
              [36m&lt;/option&gt;[39m
              [36m&lt;option[39m
                [33mvalue[39m=[32m&quot;biology&quot;[39m
              [36m&gt;[39m
                [0mBiyoloji[0m
              [36m&lt;/option&gt;[39m
              [36m&lt;option[39m
                [33mvalue[39m=[32m&quot;turkish&quot;[39m
              [36m&gt;[39m
                [0mTürkçe[0m
              [36m&lt;/option&gt;[39m
              [36m&lt;option[39m
                [33mvalue[39m=[32m&quot;history&quot;[39m
              [36m&gt;[39m
                [0mTarih[0m
              [36m&lt;/option&gt;[39m
              [36m&lt;option[39m
                [33mvalue[39m=[32m&quot;geography&quot;[39m
              [36m&gt;[39m
                [0mCoğrafya[0m
              [36m&lt;/option&gt;[39m
              [36m&lt;option[39m
                [33mvalue[39m=[32m&quot;english&quot;[39m
              [36m&gt;[39m
                [0mİngilizce[0m
              [36m&lt;/option&gt;[39m
            [36m&lt;/select&gt;[39m
          [36m&lt;/div&gt;[39m
          [36m&lt;div[39m
            [33mclass[39m=[32m&quot;filter-group&quot;[39m
          [36m&gt;[39m
            [36m&lt;label&gt;[39m
              [0mŞehir:[0m
            [36m&lt;/label&gt;[39m
            [36m&lt;input[39m
              [33mplaceholder[39m=[32m&quot;İstanbul, Ankara...&quot;[39m
              [33mtype[39m=[32m&quot;text&quot;[39m
              [33mvalue[39m=[32m&quot;&quot;[39m
            [36m/&gt;[39m
          [36m&lt;/div&gt;[39m
          [36m&lt;div[39m
            [33mclass[39m=[32m&quot;filter-group&quot;[39m
          [36m&gt;[39m
            [36m&lt;label&gt;[39m
              [0mMinimum Puan:[0m
            [36m&lt;/label&gt;[39m
            [36m&lt;input[39m
              [33mmax[39m=[32m&quot;5&quot;[39m
              [33mmin[39m=[32m&quot;0&quot;[39m
              [33mstep[39m=[32m&quot;0.5&quot;[39m
              [33mtype[39m=[32m&quot;number&quot;[39m
              [33mvalue[39m=[32m&quot;0&quot;[39m
            [36m/&gt;[39m
          [36m&lt;/div&gt;[39m
          [36m&lt;div[39m
            [33mclass[39m=[32m&quot;filter-group&quot;[39m
          [36m&gt;[39m
            [36m&lt;label&gt;[39m
              [0mMax Ücret (₺/saat):[0m
            [36m&lt;/label&gt;[39m
            [36m&lt;input[39m
              [33mmin[39m=[32m&quot;0&quot;[39m
              [33mtype[39m=[32m&quot;number&quot;[39m
              [33mvalue[39m=[32m&quot;0&quot;[39m
            [36m/&gt;[39m
          [36m&lt;/div&gt;[39m
          [36m&lt;div[39m
            [33mclass[39m=[32m&quot;filter-group checkbox&quot;[39m
          [36m&gt;[39m
            [36m&lt;label&gt;[39m
              [36m&lt;input[39m
                [33mtype[39m=[32m&quot;checkbox&quot;[39m
              [36m/&gt;[39m
              [0mSadece Online[0m
            [36m&lt;/label&gt;[39m
          [36m&lt;/div&gt;[39m
          [36m&lt;button[39m
            [33mclass[39m=[32m&quot;btn-search&quot;[39m
          [36m&gt;[39m
            [0mAra[0m
          [36m&lt;/button&gt;[39m
        [36m&lt;/div&gt;[39m
        [36m&lt;div[39m
          [33mclass[39m=[32m&quot;teacher-list&quot;[39m
        [36m&gt;[39m
          [36m&lt;div[39m
            [33mclass[39m=[32m&quot;teacher-card&quot;[39m
          [36m&gt;[39m
            [36m&lt;div[39m
              [33mclass[39m=[32m&quot;teacher-avatar&quot;[39m
            [36m&gt;[39m
              [36m&lt;div[39m
                [33mclass[39m=[32m&quot;avatar-placeholder&quot;[39m
              [36m&gt;[39m
                [0mD[0m
              [36m&lt;/div&gt;[39m
            [36m&lt;/div&gt;[39m
            [36m&lt;div[39m
              [33mclass[39m=[32m&quot;teacher-info&quot;[39m
            [36m&gt;[39m
              [36m&lt;h3&gt;[39m
                [0mDr. Ahmet Yılmaz[0m
              [36m&lt;/h3&gt;[39m
              [36m&lt;p[39m
                [33mclass[39m=[32m&quot;teacher-title&quot;[39m
              [36m&gt;[39m
                [0mDoktor[0m
              [36m&lt;/p&gt;[39m
              [36m&lt;p[39m
                [33mclass[39m=[32m&quot;teacher-bio&quot;[39m
              [36m&gt;[39m
                [0mMatematik eğitimi uzmanı[0m
                [0m...[0m
              [36m&lt;/p&gt;[39m
              [36m&lt;div[39m
                [33mclass[39m=[32m&quot;teacher-meta&quot;[39m
              [36m&gt;[39m
                [36m&lt;span[39m
                  [33mclass[39m=[32m&quot;rating&quot;[39m
                [36m&gt;[39m
                  [0m⭐ [0m
                  [0m4.8[0m
                  [0m ([0m
                  [0m120[0m
                  [0m)[0m
                [36m&lt;/span&gt;[39m
                [36m&lt;span[39m
                  [33mclass[39m=[32m&quot;experience&quot;[39m
                [36m&gt;[39m
                  [0m15[0m
                  [0m yıl[0m
                [36m&lt;/span&gt;[39m
                [36m&lt;span[39m
                  [33mclass[39m=[32m&quot;location&quot;[39m
                [36m&gt;[39m
                  [0m📍 [0m
                  [0mİstanbul[0m
                [36m&lt;/span&gt;[39m
              [36m&lt;/div&gt;[39m
              [36m&lt;div[39m
                [33mclass[39m=[32m&quot;teacher-rate&quot;[39m
              [36m&gt;[39m
                [36m&lt;strong&gt;[39m
                  [0m300[0m
                  [0m [0m
                  [0mTRY[0m
                [36m&lt;/strong&gt;[39m
                [0m / saat[0m
              [36m&lt;/div&gt;[39m
            [36m&lt;/div&gt;[39m
          [36m&lt;/div&gt;[39m
          [36m&lt;div[39m
            [33mclass[39m=[32m&quot;teacher-card&quot;[39m
          [36m&gt;[39m
            [36m&lt;div[39m
              [33mclass[39m=[32m&quot;teacher-avatar&quot;[39m
            [36m&gt;[39m
              [36m&lt;div[39m
                [33mclass[39m=[32m&quot;avatar-placeholder&quot;[39m
              [36m&gt;[39m
                [0mP[0m
              [36m&lt;/div&gt;[39m
            [36m&lt;/div&gt;[39m
            [36m&lt;div[39m
              [33mclass[39m=[32m&quot;teacher-info&quot;[39m
            [36m&gt;[39m
              [36m&lt;h3&gt;[39m
                [0mProf. Ayşe Demir[0m
              [36m&lt;/h3&gt;[39m
              [36m&lt;p[39m
                [33mclass[39m=[32m&quot;teacher-title&quot;[39m
              [36m&gt;[39m
                [0mProfesör[0m
              [36m&lt;/p&gt;[39m
              [36m&lt;p[39m
                [33mclass[39m=[32m&quot;teacher-bio&quot;[39m
              [36m&gt;[39m
                [0mFizik eğitimi[0m
                [0m...[0m
              [36m&lt;/p&gt;[39m
              [36m&lt;div[39m
                [33mclass[39m=[32m&quot;teacher-meta&quot;[39m
              [36m&gt;[39m
                [36m&lt;span[39m
                  [33mclass[39m=[32m&quot;rating&quot;[39m
                [36m&gt;[39m
                  [0m⭐ [0m
                  [0m4.9[0m
                  [0m ([0m
                  [0m200[0m
                  [0m)[0m
                [36m&lt;/span&gt;[39m
                [36m&lt;span[39m
                  [33mclass[39m=[32m&quot;experience&quot;[39m
                [36m&gt;[39m
                  [0m20[0m
                  [0m yıl[0m
                [36m&lt;/span&gt;[39m
                [36m&lt;span[39m
                  [33mclass[39m=[32m&quot;location&quot;[39m
                [36m&gt;[39m
                  [0m📍 [0m
                  [0mAnkara[0m
                [36m&lt;/span&gt;[39m
              [36m&lt;/div&gt;[39m
              [36m&lt;div[39m
                [33mclass[39m=[32m&quot;teacher-rate&quot;[39m
              [36m&gt;[39m
                [36m&lt;strong&gt;[39m
                  [0m350[0m
                  [0m [0m
                  [0mTRY[0m
                [36m&lt;/strong&gt;[39m
                [0m / saat[0m
              [36m&lt;/div&gt;[39m
            [36m&lt;/div&gt;[39m
          [36m&lt;/div&gt;[39m
        [36m&lt;/div&gt;[39m
      [36m&lt;/div&gt;[39m
    [36m&lt;/div&gt;[39m
  [36m&lt;/div&gt;[39m
[36m&lt;/body&gt;[39m

Ignored nodes: comments, script, style
[36m&lt;html&gt;[39m
  [36m&lt;head /&gt;[39m
  [36m&lt;body&gt;[39m
    [36m&lt;div&gt;[39m
      [36m&lt;div[39m
        [33mclass[39m=[32m&quot;teacher-pool&quot;[39m
      [36m&gt;[39m
        [36m&lt;div[39m
          [33mclass[39m=[32m&quot;teacher-pool-header&quot;[39m
        [36m&gt;[39m
          [36m&lt;h1&gt;[39m
            [0mÖğretmen Havuzu[0m
          [36m&lt;/h1&gt;[39m
          [36m&lt;div[39m
            [33mclass[39m=[32m&quot;view-tabs&quot;[39m
          [36m&gt;[39m
            [36m&lt;button[39m
              [33mclass[39m=[32m&quot;active&quot;[39m
            [36m&gt;[39m
              [0mÖğretmen Ara[0m
            [36m&lt;/button&gt;[39m
            [36m&lt;button[39m
              [33mclass[39m=[32m&quot;&quot;[39m
            [36m&gt;[39m
              [0mRandevularım[0m
            [36m&lt;/button&gt;[39m
          [36m&lt;/div&gt;[39m
        [36m&lt;/div&gt;[39m
        [36m&lt;div[39m
          [33mclass[39m=[32m&quot;search-view&quot;[39m
        [36m&gt;[39m
          [36m&lt;div[39m
            [33mclass[39m=[32m&quot;search-filters&quot;[39m
          [36m&gt;[39m
            [36m&lt;h3&gt;[39m
              [0mFiltreler[0m
            [36m&lt;/h3&gt;[39m
            [36m&lt;div[39m
              [33mclass[39m=[32m&quot;filter-group&quot;[39m
            [36m&gt;[39m
              [36m&lt;label&gt;[39m
                [0mDers:[0m
              [36m&lt;/label&gt;[39m
              [36m&lt;select&gt;[39m
                [36m&lt;option[39m
                  [33mvalue[39m=[32m&quot;&quot;[39m
                [36m&gt;[39m
                  [0mTümü[0m
                [36m&lt;/option&gt;[39m
                [36m&lt;option[39m
                  [33mvalue[39m=[32m&quot;mathematics&quot;[39m
                [36m&gt;[39m
                  [0mMatematik[0m
                [36m&lt;/option&gt;[39m
                [36m&lt;option[39m
                  [33mvalue[39m=[32m&quot;physics&quot;[39m
                [36m&gt;[39m
                  [0mFizik[0m
                [36m&lt;/option&gt;[39m
                [36m&lt;option[39m
                  [33mvalue[39m=[32m&quot;chemistry&quot;[39m
                [36m&gt;[39m
                  [0mKimya[0m
                [36m&lt;/option&gt;[39m
                [36m&lt;option[39m
                  [33mvalue[39m=[32m&quot;biology&quot;[39m
                [36m&gt;[39m
                  [0mBiyoloji[0m
                [36m&lt;/option&gt;[39m
                [36m&lt;option[39m
                  [33mvalue[39m=[32m&quot;turkish&quot;[39m
                [36m&gt;[39m
                  [0mTürkçe[0m
                [36m&lt;/option&gt;[39m
                [36m&lt;option[39m
                  [33mvalue[39m=[32m&quot;history&quot;[39m
                [36m&gt;[39m
                  [0mTarih[0m
                [36m&lt;/option&gt;[39m
                [36m&lt;option[39m
                  [33mvalue[39m=[32m&quot;geography&quot;[39m
                [36m&gt;[39m
                  [0mCoğrafya[0m
                [36m&lt;/option&gt;[39m
                [36m&lt;option[39m
                  [33mvalue[39m=[32m&quot;english&quot;[39m
                [36m&gt;[39m
                  [0mİngilizce[0m
                [36m&lt;/option&gt;[39m
              [36m&lt;/select&gt;[39m
            [36m&lt;/div&gt;[39m
            [36m&lt;div[39m
              [33mclass[39m=[32m&quot;filter-group&quot;[39m
            [36m&gt;[39m
              [36m&lt;label&gt;[39m
                [0mŞehir:[0m
              [36m&lt;/label&gt;[39m
              [36m&lt;input[39m
                [33mplaceholder[39m=[32m&quot;İstanbul, Ankara...&quot;[39m
                [33mtype[39m=[32m&quot;text&quot;[39m
                [33mvalue[39m=[32m&quot;&quot;[39m
              [36m/&gt;[39m
            [36m&lt;/div&gt;[39m
            [36m&lt;div[39m
              [33mclass[39m=[32m&quot;filter-group&quot;[39m
            [36m&gt;[39m
              [36m&lt;label&gt;[39m
                [0mMinimum Puan:[0m
              [36m&lt;/label&gt;[39m
              [36m&lt;input[39m
                [33mmax[39m=[32m&quot;5&quot;[39m
                [33mmin[39m=[32m&quot;0&quot;[39m
                [33mstep[39m=[32m&quot;0.5&quot;[39m
                [33mtype[39m=[32m&quot;number&quot;[39m
                [33mvalue[39m=[32m&quot;0&quot;[39m
              [36m/&gt;[39m
            [36m&lt;/div&gt;[39m
            [36m&lt;div[39m
              [33mclass[39m=[32m&quot;filter-group&quot;[39m
            [36m&gt;[39m
              [36m&lt;label&gt;[39m
                [0mMax Ücret (₺/saat):[0m
              [36m&lt;/label&gt;[39m
              [36m&lt;input[39m
                [33mmin[39m=[32m&quot;0&quot;[39m
                [33mtype[39m=[32m&quot;number&quot;[39m
                [33mvalue[39m=[32m&quot;0&quot;[39m
              [36m/&gt;[39m
            [36m&lt;/div&gt;[39m
            [36m&lt;div[39m
              [33mclass[39m=[32m&quot;filter-group checkbox&quot;[39m
            [36m&gt;[39m
              [36m&lt;label&gt;[39m
                [36m&lt;input[39m
                  [33mtype[39m=[32m&quot;checkbox&quot;[39m
                [36m/&gt;[39m
                [0mSadece Online[0m
              [36m&lt;/label&gt;[39m
            [36m&lt;/div&gt;[39m
            [36m&lt;button[39m
              [33mclass[39m=[32m&quot;btn-search&quot;[39m
            [36m&gt;[39m
              [0mAra[0m
            [36m&lt;/button&gt;[39m
          [36m&lt;/div&gt;[39m
          [36m&lt;div[39m
            [33mclass[39m=[32m&quot;teacher-list&quot;[39m
          [36m&gt;[39m
            [36m&lt;div[39m
              [33mclass[39m=[32m&quot;teacher-card&quot;[39m
            [36m&gt;[39m
              [36m&lt;div[39m
                [33mclass[39m=[32m&quot;teacher-avatar&quot;[39m
              [36m&gt;[39m
                [36m&lt;div[39m
                  [33mclass[39m=[32m&quot;avatar-placeholder&quot;[39m
                [36m&gt;[39m
                  [0mD[0m
                [36m&lt;/div&gt;[39m
              [36m&lt;/div&gt;[39m
              [36m&lt;div[39m
                [33mclass[39m=[32m&quot;teacher-info&quot;[39m
              [36m&gt;[39m
                [36m&lt;h3&gt;[39m
                  [0mDr. Ahmet Yılmaz[0m
                [36m&lt;/h3&gt;[39m
                [36m&lt;p[39m
                  [33mclass[39m=[32m&quot;teacher-title&quot;[39m
                [36m&gt;[39m
                  [0mDoktor[0m
                [36m&lt;/p&gt;[39m
                [36m&lt;p[39m
                  [33mclass[39m=[32m&quot;teacher-bio&quot;[39m
                [36m&gt;[39m
                  [0mMatematik eğitimi uzmanı[0m
                  [0m...[0m
                [36m&lt;/p&gt;[39m
                [36m&lt;div[39m
                  [33mclass[39m=[32m&quot;teacher-meta&quot;[39m
                [36m&gt;[39m
                  [36m&lt;span[39m
                    [33mclass[39m=[32m&quot;rating&quot;[39m
                  [36m&gt;[39m
                    [0m⭐ [0m
                    [0m4.8[0m
                    [0m ([0m
                    [0m120[0m
                    [0m)[0m
                  [36m&lt;/span&gt;[39m
                  [36m&lt;span[39m
                    [33mclass[39m=[32m&quot;experience&quot;[39m
                  [36m&gt;[39m
                    [0m15[0m
                    [0m yıl[0m
                  [36m&lt;/span&gt;[39m
                  [36m&lt;span[39m
                    [33mclass[39m=[32m&quot;location&quot;[39m
                  [36m&gt;[39m
                    [0m📍 [0m
                    [0mİstanbul[0m
                  [36m&lt;/span&gt;[39m
                [36m&lt;/div&gt;[39m
                [36m&lt;div[39m
                  [33mclass[39m=[32m&quot;teacher-rate&quot;[39m
                [36m&gt;[39m
                  [36m&lt;strong&gt;[39m
                    [0m300[0m
                    [0m [0m
                    [0mTRY[0m
                  [36m&lt;/strong&gt;[39m
                  [0m / saat[0m
                [36m&lt;/div&gt;[39m
              [36m&lt;/div&gt;[39m
            [36m&lt;/div&gt;[39m
            [36m&lt;div[39m
              [33mclass[39m=[32m&quot;teacher-card&quot;[39m
            [36m&gt;[39m
              [36m&lt;div[39m
                [33mclass[39m=[32m&quot;teacher-avatar&quot;[39m
              [36m&gt;[39m
                [36m&lt;div[39m
                  [33mclass[39m=[32m&quot;avatar-placeholder&quot;[39m
                [36m&gt;[39m
                  [0mP[0m
                [36m&lt;/div&gt;[39m
              [36m&lt;/div&gt;[39m
              [36m&lt;div[39m
                [33mclass[39m=[32m&quot;teacher-info&quot;[39m
              [36m&gt;[39m
                [36m&lt;h3&gt;[39m
                  [0mProf. Ayşe Demir[0m
                [36m&lt;/h3&gt;[39m
                [36m&lt;p[39m
                  [33mclass[39m=[32m&quot;teacher-title&quot;[39m
                [36m&gt;[39m
                  [0mProfesör[0m
                [36m&lt;/p&gt;[39m
                [36m&lt;p[39m
                  [33mclass[39m=[32m&quot;teacher-bio&quot;[39m
                [36m&gt;[39m
                  [0mFizik eğitimi[0m
                  [0m...[0m
                [36m&lt;/p&gt;[39m
                [36m&lt;div[39m
                  [33mclass[39m=[32m&quot;teacher-meta&quot;[39m
                [36m&gt;[39m
                  [36m&lt;span[39m
                    [33mclass[39m=[32m&quot;rating&quot;[39m
                  [36m&gt;[39m
                    [0m⭐ [0m
                    [0m4.9[0m
                    [0m ([0m
                    [0m200[0m
                    [0m)[0m
                  [36m&lt;/span&gt;[39m
                  [36m&lt;span[39m
                    [33mclass[39m=[32m&quot;experience&quot;[39m
                  [36m&gt;[39m
                    [0m20[0m
                    [0m yıl[0m
                  [36m&lt;/span&gt;[39m
                  [36m&lt;span[39m
                    [33mclass[39m=[32m&quot;location&quot;[39m
                  [36m&gt;[39m
                    [0m📍 [0m
                    [0mAnkara[0m
                  [36m&lt;/span&gt;[39m
                [36m&lt;/div&gt;[39m
                [36m&lt;div[39m
                  [33mclass[39m=[32m&quot;teacher-rate&quot;[39m
                [36m&gt;[39m
                  [36m&lt;strong&gt;[39m
                    [0m350[0m
                    [0m [0m
                    [0mTRY[0m
                  [36m&lt;/strong&gt;[39m
                  [0m / saat[0m
                [36m&lt;/div&gt;[39m
              [36m&lt;/div&gt;[39m
            [36m&lt;/div&gt;[39m
          [36m&lt;/div&gt;[39m
        [36m&lt;/div&gt;[39m
      [36m&lt;/div&gt;[39m
    [36m&lt;/div&gt;[39m
  [36m&lt;/body&gt;[39m
[36m&lt;/html&gt;[39m" type="TestingLibraryElementError">
TestingLibraryElementError: Unable to find an element with the text: /Profil Görüntüle/i. This could be because the text is broken up by multiple elements. In this case, you can provide a function for your text matcher to make your matcher more flexible.

Ignored nodes: comments, script, style
&lt;body&gt;
  &lt;div&gt;
    &lt;div
      class=&quot;teacher-pool&quot;
    &gt;
      &lt;div
        class=&quot;teacher-pool-header&quot;
      &gt;
        &lt;h1&gt;
          Öğretmen Havuzu
        &lt;/h1&gt;
        &lt;div
          class=&quot;view-tabs&quot;
        &gt;
          &lt;button
            class=&quot;active&quot;
          &gt;
            Öğretmen Ara
          &lt;/button&gt;
          &lt;button
            class=&quot;&quot;
          &gt;
            Randevularım
          &lt;/button&gt;
        &lt;/div&gt;
      &lt;/div&gt;
      &lt;div
        class=&quot;search-view&quot;
      &gt;
        &lt;div
          class=&quot;search-filters&quot;
        &gt;
          &lt;h3&gt;
            Filtreler
          &lt;/h3&gt;
          &lt;div
            class=&quot;filter-group&quot;
          &gt;
            &lt;label&gt;
              Ders:
            &lt;/label&gt;
            &lt;select&gt;
              &lt;option
                value=&quot;&quot;
              &gt;
                Tümü
              &lt;/option&gt;
              &lt;option
                value=&quot;mathematics&quot;
              &gt;
                Matematik
              &lt;/option&gt;
              &lt;option
                value=&quot;physics&quot;
              &gt;
                Fizik
              &lt;/option&gt;
              &lt;option
                value=&quot;chemistry&quot;
              &gt;
                Kimya
              &lt;/option&gt;
              &lt;option
                value=&quot;biology&quot;
              &gt;
                Biyoloji
              &lt;/option&gt;
              &lt;option
                value=&quot;turkish&quot;
              &gt;
                Türkçe
              &lt;/option&gt;
              &lt;option
                value=&quot;history&quot;
              &gt;
                Tarih
              &lt;/option&gt;
              &lt;option
                value=&quot;geography&quot;
              &gt;
                Coğrafya
              &lt;/option&gt;
              &lt;option
                value=&quot;english&quot;
              &gt;
                İngilizce
              &lt;/option&gt;
            &lt;/select&gt;
          &lt;/div&gt;
          &lt;div
            class=&quot;filter-group&quot;
          &gt;
            &lt;label&gt;
              Şehir:
            &lt;/label&gt;
            &lt;input
              placeholder=&quot;İstanbul, Ankara...&quot;
              type=&quot;text&quot;
              value=&quot;&quot;
            /&gt;
          &lt;/div&gt;
          &lt;div
            class=&quot;filter-group&quot;
          &gt;
            &lt;label&gt;
              Minimum Puan:
            &lt;/label&gt;
            &lt;input
              max=&quot;5&quot;
              min=&quot;0&quot;
              step=&quot;0.5&quot;
              type=&quot;number&quot;
              value=&quot;0&quot;
            /&gt;
          &lt;/div&gt;
          &lt;div
            class=&quot;filter-group&quot;
          &gt;
            &lt;label&gt;
              Max Ücret (₺/saat):
            &lt;/label&gt;
            &lt;input
              min=&quot;0&quot;
              type=&quot;number&quot;
              value=&quot;0&quot;
            /&gt;
          &lt;/div&gt;
          &lt;div
            class=&quot;filter-group checkbox&quot;
          &gt;
            &lt;label&gt;
              &lt;input
                type=&quot;checkbox&quot;
              /&gt;
              Sadece Online
            &lt;/label&gt;
          &lt;/div&gt;
          &lt;button
            class=&quot;btn-search&quot;
          &gt;
            Ara
          &lt;/button&gt;
        &lt;/div&gt;
        &lt;div
          class=&quot;teacher-list&quot;
        &gt;
          &lt;div
            class=&quot;teacher-card&quot;
          &gt;
            &lt;div
              class=&quot;teacher-avatar&quot;
            &gt;
              &lt;div
                class=&quot;avatar-placeholder&quot;
              &gt;
                D
              &lt;/div&gt;
            &lt;/div&gt;
            &lt;div
              class=&quot;teacher-info&quot;
            &gt;
              &lt;h3&gt;
                Dr. Ahmet Yılmaz
              &lt;/h3&gt;
              &lt;p
                class=&quot;teacher-title&quot;
              &gt;
                Doktor
              &lt;/p&gt;
              &lt;p
                class=&quot;teacher-bio&quot;
              &gt;
                Matematik eğitimi uzmanı
                ...
              &lt;/p&gt;
              &lt;div
                class=&quot;teacher-meta&quot;
              &gt;
                &lt;span
                  class=&quot;rating&quot;
                &gt;
                  ⭐ 
                  4.8
                   (
                  120
                  )
                &lt;/span&gt;
                &lt;span
                  class=&quot;experience&quot;
                &gt;
                  15
                   yıl
                &lt;/span&gt;
                &lt;span
                  class=&quot;location&quot;
                &gt;
                  📍 
                  İstanbul
                &lt;/span&gt;
              &lt;/div&gt;
              &lt;div
                class=&quot;teacher-rate&quot;
              &gt;
                &lt;strong&gt;
                  300
                   
                  TRY
                &lt;/strong&gt;
                 / saat
              &lt;/div&gt;
            &lt;/div&gt;
          &lt;/div&gt;
          &lt;div
            class=&quot;teacher-card&quot;
          &gt;
            &lt;div
              class=&quot;teacher-avatar&quot;
            &gt;
              &lt;div
                class=&quot;avatar-placeholder&quot;
              &gt;
                P
              &lt;/div&gt;
            &lt;/div&gt;
            &lt;div
              class=&quot;teacher-info&quot;
            &gt;
              &lt;h3&gt;
                Prof. Ayşe Demir
              &lt;/h3&gt;
              &lt;p
                class=&quot;teacher-title&quot;
              &gt;
                Profesör
              &lt;/p&gt;
              &lt;p
                class=&quot;teacher-bio&quot;
              &gt;
                Fizik eğitimi
                ...
              &lt;/p&gt;
              &lt;div
                class=&quot;teacher-meta&quot;
              &gt;
                &lt;span
                  class=&quot;rating&quot;
                &gt;
                  ⭐ 
                  4.9
                   (
                  200
                  )
                &lt;/span&gt;
                &lt;span
                  class=&quot;experience&quot;
                &gt;
                  20
                   yıl
                &lt;/span&gt;
                &lt;span
                  class=&quot;location&quot;
                &gt;
                  📍 
                  Ankara
                &lt;/span&gt;
              &lt;/div&gt;
              &lt;div
                class=&quot;teacher-rate&quot;
              &gt;
                &lt;strong&gt;
                  350
                   
                  TRY
                &lt;/strong&gt;
                 / saat
              &lt;/div&gt;
            &lt;/div&gt;
          &lt;/div&gt;
        &lt;/div&gt;
      &lt;/div&gt;
    &lt;/div&gt;
  &lt;/div&gt;
&lt;/body&gt;

Ignored nodes: comments, script, style
&lt;html&gt;
  &lt;head /&gt;
  &lt;body&gt;
    &lt;div&gt;
      &lt;div
        class=&quot;teacher-pool&quot;
      &gt;
        &lt;div
          class=&quot;teacher-pool-header&quot;
        &gt;
          &lt;h1&gt;
            Öğretmen Havuzu
          &lt;/h1&gt;
          &lt;div
            class=&quot;view-tabs&quot;
          &gt;
            &lt;button
              class=&quot;active&quot;
            &gt;
              Öğretmen Ara
            &lt;/button&gt;
            &lt;button
              class=&quot;&quot;
            &gt;
              Randevularım
            &lt;/button&gt;
          &lt;/div&gt;
        &lt;/div&gt;
        &lt;div
          class=&quot;search-view&quot;
        &gt;
          &lt;div
            class=&quot;search-filters&quot;
          &gt;
            &lt;h3&gt;
              Filtreler
            &lt;/h3&gt;
            &lt;div
              class=&quot;filter-group&quot;
            &gt;
              &lt;label&gt;
                Ders:
              &lt;/label&gt;
              &lt;select&gt;
                &lt;option
                  value=&quot;&quot;
                &gt;
                  Tümü
                &lt;/option&gt;
                &lt;option
                  value=&quot;mathematics&quot;
                &gt;
                  Matematik
                &lt;/option&gt;
                &lt;option
                  value=&quot;physics&quot;
                &gt;
                  Fizik
                &lt;/option&gt;
                &lt;option
                  value=&quot;chemistry&quot;
                &gt;
                  Kimya
                &lt;/option&gt;
                &lt;option
                  value=&quot;biology&quot;
                &gt;
                  Biyoloji
                &lt;/option&gt;
                &lt;option
                  value=&quot;turkish&quot;
                &gt;
                  Türkçe
                &lt;/option&gt;
                &lt;option
                  value=&quot;history&quot;
                &gt;
                  Tarih
                &lt;/option&gt;
                &lt;option
                  value=&quot;geography&quot;
                &gt;
                  Coğrafya
                &lt;/option&gt;
                &lt;option
                  value=&quot;english&quot;
                &gt;
                  İngilizce
                &lt;/option&gt;
              &lt;/select&gt;
            &lt;/div&gt;
            &lt;div
              class=&quot;filter-group&quot;
            &gt;
              &lt;label&gt;
                Şehir:
              &lt;/label&gt;
              &lt;input
                placeholder=&quot;İstanbul, Ankara...&quot;
                type=&quot;text&quot;
                value=&quot;&quot;
              /&gt;
            &lt;/div&gt;
            &lt;div
              class=&quot;filter-group&quot;
            &gt;
              &lt;label&gt;
                Minimum Puan:
              &lt;/label&gt;
              &lt;input
                max=&quot;5&quot;
                min=&quot;0&quot;
                step=&quot;0.5&quot;
                type=&quot;number&quot;
                value=&quot;0&quot;
              /&gt;
            &lt;/div&gt;
            &lt;div
              class=&quot;filter-group&quot;
            &gt;
              &lt;label&gt;
                Max Ücret (₺/saat):
              &lt;/label&gt;
              &lt;input
                min=&quot;0&quot;
                type=&quot;number&quot;
                value=&quot;0&quot;
              /&gt;
            &lt;/div&gt;
            &lt;div
              class=&quot;filter-group checkbox&quot;
            &gt;
              &lt;label&gt;
                &lt;input
                  type=&quot;checkbox&quot;
                /&gt;
                Sadece Online
              &lt;/label&gt;
            &lt;/div&gt;
            &lt;button
              class=&quot;btn-search&quot;
            &gt;
              Ara
            &lt;/button&gt;
          &lt;/div&gt;
          &lt;div
            class=&quot;teacher-list&quot;
          &gt;
            &lt;div
              class=&quot;teacher-card&quot;
            &gt;
              &lt;div
                class=&quot;teacher-avatar&quot;
              &gt;
                &lt;div
                  class=&quot;avatar-placeholder&quot;
                &gt;
                  D
                &lt;/div&gt;
              &lt;/div&gt;
              &lt;div
                class=&quot;teacher-info&quot;
              &gt;
                &lt;h3&gt;
                  Dr. Ahmet Yılmaz
                &lt;/h3&gt;
                &lt;p
                  class=&quot;teacher-title&quot;
                &gt;
                  Doktor
                &lt;/p&gt;
                &lt;p
                  class=&quot;teacher-bio&quot;
                &gt;
                  Matematik eğitimi uzmanı
                  ...
                &lt;/p&gt;
                &lt;div
                  class=&quot;teacher-meta&quot;
                &gt;
                  &lt;span
                    class=&quot;rating&quot;
                  &gt;
                    ⭐ 
                    4.8
                     (
                    120
                    )
                  &lt;/span&gt;
                  &lt;span
                    class=&quot;experience&quot;
                  &gt;
                    15
                     yıl
                  &lt;/span&gt;
                  &lt;span
                    class=&quot;location&quot;
                  &gt;
                    📍 
                    İstanbul
                  &lt;/span&gt;
                &lt;/div&gt;
                &lt;div
                  class=&quot;teacher-rate&quot;
                &gt;
                  &lt;strong&gt;
                    300
                     
                    TRY
                  &lt;/strong&gt;
                   / saat
                &lt;/div&gt;
              &lt;/div&gt;
            &lt;/div&gt;
            &lt;div
              class=&quot;teacher-card&quot;
            &gt;
              &lt;div
                class=&quot;teacher-avatar&quot;
              &gt;
                &lt;div
                  class=&quot;avatar-placeholder&quot;
                &gt;
                  P
                &lt;/div&gt;
              &lt;/div&gt;
              &lt;div
                class=&quot;teacher-info&quot;
              &gt;
                &lt;h3&gt;
                  Prof. Ayşe Demir
                &lt;/h3&gt;
                &lt;p
                  class=&quot;teacher-title&quot;
                &gt;
                  Profesör
                &lt;/p&gt;
                &lt;p
                  class=&quot;teacher-bio&quot;
                &gt;
                  Fizik eğitimi
                  ...
                &lt;/p&gt;
                &lt;div
                  class=&quot;teacher-meta&quot;
                &gt;
                  &lt;span
                    class=&quot;rating&quot;
                  &gt;
                    ⭐ 
                    4.9
                     (
                    200
                    )
                  &lt;/span&gt;
                  &lt;span
                    class=&quot;experience&quot;
                  &gt;
                    20
                     yıl
                  &lt;/span&gt;
                  &lt;span
                    class=&quot;location&quot;
                  &gt;
                    📍 
                    Ankara
                  &lt;/span&gt;
                &lt;/div&gt;
                &lt;div
                  class=&quot;teacher-rate&quot;
                &gt;
                  &lt;strong&gt;
                    350
                     
                    TRY
                  &lt;/strong&gt;
                   / saat
                &lt;/div&gt;
              &lt;/div&gt;
            &lt;/div&gt;
          &lt;/div&gt;
        &lt;/div&gt;
      &lt;/div&gt;
    &lt;/div&gt;
  &lt;/body&gt;
&lt;/html&gt;
 ❯ waitForWrapper node_modules/@testing-library/react/node_modules/@testing-library/dom/dist/wait-for.js:163:27
 ❯ src/components/TeacherPool/__tests__/TeacherPool.test.tsx:337:11
            </failure>
        </testcase>
        <testcase classname="src/components/TeacherPool/__tests__/TeacherPool.test.tsx" name="TeacherPool - Teacher Profile &gt; shows availability slots" time="1.0133156">
            <system-err>
Error: Uncaught [TypeError: Cannot read properties of undefined (reading &apos;map&apos;)]
    at reportException (C:\Users\husey\kiro2\frontend\node_modules\jsdom\lib\jsdom\living\helpers\runtime-script-errors.js:66:24)
    at innerInvokeEventListeners (C:\Users\husey\kiro2\frontend\node_modules\jsdom\lib\jsdom\living\events\EventTarget-impl.js:353:9)
    at invokeEventListeners (C:\Users\husey\kiro2\frontend\node_modules\jsdom\lib\jsdom\living\events\EventTarget-impl.js:286:3)
    at HTMLUnknownElementImpl._dispatch (C:\Users\husey\kiro2\frontend\node_modules\jsdom\lib\jsdom\living\events\EventTarget-impl.js:233:9)
    at HTMLUnknownElementImpl.dispatchEvent (C:\Users\husey\kiro2\frontend\node_modules\jsdom\lib\jsdom\living\events\EventTarget-impl.js:104:17)
    at HTMLUnknownElement.dispatchEvent (C:\Users\husey\kiro2\frontend\node_modules\jsdom\lib\jsdom\living\generated\EventTarget.js:241:34)
    at Object.invokeGuardedCallbackDev (C:\Users\husey\kiro2\frontend\node_modules\react-dom\cjs\react-dom.development.js:4213:16)
    at invokeGuardedCallback (C:\Users\husey\kiro2\frontend\node_modules\react-dom\cjs\react-dom.development.js:4277:31)
    at beginWork$1 (C:\Users\husey\kiro2\frontend\node_modules\react-dom\cjs\react-dom.development.js:27490:7)
    at performUnitOfWork (C:\Users\husey\kiro2\frontend\node_modules\react-dom\cjs\react-dom.development.js:26599:12) TypeError: Cannot read properties of undefined (reading &apos;map&apos;)
    at TeacherPool [90m(C:\Users\husey\kiro2\frontend\[39msrc\components\TeacherPool\TeacherPool.tsx:383:23[90m)[39m
    at renderWithHooks [90m(C:\Users\husey\kiro2\frontend\[39mnode_modules\[4mreact-dom[24m\cjs\react-dom.development.js:15486:18[90m)[39m
    at updateFunctionComponent [90m(C:\Users\husey\kiro2\frontend\[39mnode_modules\[4mreact-dom[24m\cjs\react-dom.development.js:19617:20[90m)[39m
    at beginWork [90m(C:\Users\husey\kiro2\frontend\[39mnode_modules\[4mreact-dom[24m\cjs\react-dom.development.js:21640:16[90m)[39m
    at HTMLUnknownElement.callCallback [90m(C:\Users\husey\kiro2\frontend\[39mnode_modules\[4mreact-dom[24m\cjs\react-dom.development.js:4164:14[90m)[39m
    at HTMLUnknownElement.callTheUserObjectsOperation [90m(C:\Users\husey\kiro2\frontend\[39mnode_modules\[4mjsdom[24m\lib\jsdom\living\generated\EventListener.js:26:30[90m)[39m
    at innerInvokeEventListeners [90m(C:\Users\husey\kiro2\frontend\[39mnode_modules\[4mjsdom[24m\lib\jsdom\living\events\EventTarget-impl.js:350:25[90m)[39m
    at invokeEventListeners [90m(C:\Users\husey\kiro2\frontend\[39mnode_modules\[4mjsdom[24m\lib\jsdom\living\events\EventTarget-impl.js:286:3[90m)[39m
    at HTMLUnknownElementImpl._dispatch [90m(C:\Users\husey\kiro2\frontend\[39mnode_modules\[4mjsdom[24m\lib\jsdom\living\events\EventTarget-impl.js:233:9[90m)[39m
    at HTMLUnknownElementImpl.dispatchEvent [90m(C:\Users\husey\kiro2\frontend\[39mnode_modules\[4mjsdom[24m\lib\jsdom\living\events\EventTarget-impl.js:104:17[90m)[39m
Error: Uncaught [TypeError: Cannot read properties of undefined (reading &apos;map&apos;)]
    at reportException (C:\Users\husey\kiro2\frontend\node_modules\jsdom\lib\jsdom\living\helpers\runtime-script-errors.js:66:24)
    at innerInvokeEventListeners (C:\Users\husey\kiro2\frontend\node_modules\jsdom\lib\jsdom\living\events\EventTarget-impl.js:353:9)
    at invokeEventListeners (C:\Users\husey\kiro2\frontend\node_modules\jsdom\lib\jsdom\living\events\EventTarget-impl.js:286:3)
    at HTMLUnknownElementImpl._dispatch (C:\Users\husey\kiro2\frontend\node_modules\jsdom\lib\jsdom\living\events\EventTarget-impl.js:233:9)
    at HTMLUnknownElementImpl.dispatchEvent (C:\Users\husey\kiro2\frontend\node_modules\jsdom\lib\jsdom\living\events\EventTarget-impl.js:104:17)
    at HTMLUnknownElement.dispatchEvent (C:\Users\husey\kiro2\frontend\node_modules\jsdom\lib\jsdom\living\generated\EventTarget.js:241:34)
    at Object.invokeGuardedCallbackDev (C:\Users\husey\kiro2\frontend\node_modules\react-dom\cjs\react-dom.development.js:4213:16)
    at invokeGuardedCallback (C:\Users\husey\kiro2\frontend\node_modules\react-dom\cjs\react-dom.development.js:4277:31)
    at beginWork$1 (C:\Users\husey\kiro2\frontend\node_modules\react-dom\cjs\react-dom.development.js:27490:7)
    at performUnitOfWork (C:\Users\husey\kiro2\frontend\node_modules\react-dom\cjs\react-dom.development.js:26599:12) TypeError: Cannot read properties of undefined (reading &apos;map&apos;)
    at TeacherPool [90m(C:\Users\husey\kiro2\frontend\[39msrc\components\TeacherPool\TeacherPool.tsx:383:23[90m)[39m
    at renderWithHooks [90m(C:\Users\husey\kiro2\frontend\[39mnode_modules\[4mreact-dom[24m\cjs\react-dom.development.js:15486:18[90m)[39m
    at updateFunctionComponent [90m(C:\Users\husey\kiro2\frontend\[39mnode_modules\[4mreact-dom[24m\cjs\react-dom.development.js:19617:20[90m)[39m
    at beginWork [90m(C:\Users\husey\kiro2\frontend\[39mnode_modules\[4mreact-dom[24m\cjs\react-dom.development.js:21640:16[90m)[39m
    at HTMLUnknownElement.callCallback [90m(C:\Users\husey\kiro2\frontend\[39mnode_modules\[4mreact-dom[24m\cjs\react-dom.development.js:4164:14[90m)[39m
    at HTMLUnknownElement.callTheUserObjectsOperation [90m(C:\Users\husey\kiro2\frontend\[39mnode_modules\[4mjsdom[24m\lib\jsdom\living\generated\EventListener.js:26:30[90m)[39m
    at innerInvokeEventListeners [90m(C:\Users\husey\kiro2\frontend\[39mnode_modules\[4mjsdom[24m\lib\jsdom\living\events\EventTarget-impl.js:350:25[90m)[39m
    at invokeEventListeners [90m(C:\Users\husey\kiro2\frontend\[39mnode_modules\[4mjsdom[24m\lib\jsdom\living\events\EventTarget-impl.js:286:3[90m)[39m
    at HTMLUnknownElementImpl._dispatch [90m(C:\Users\husey\kiro2\frontend\[39mnode_modules\[4mjsdom[24m\lib\jsdom\living\events\EventTarget-impl.js:233:9[90m)[39m
    at HTMLUnknownElementImpl.dispatchEvent [90m(C:\Users\husey\kiro2\frontend\[39mnode_modules\[4mjsdom[24m\lib\jsdom\living\events\EventTarget-impl.js:104:17[90m)[39m

            </system-err>
            <failure message="Unable to find an element with the text: /Profil Görüntüle/i. This could be because the text is broken up by multiple elements. In this case, you can provide a function for your text matcher to make your matcher more flexible.

Ignored nodes: comments, script, style
[36m&lt;body&gt;[39m
  [36m&lt;div /&gt;[39m
[36m&lt;/body&gt;[39m

Ignored nodes: comments, script, style
[36m&lt;html&gt;[39m
  [36m&lt;head /&gt;[39m
  [36m&lt;body&gt;[39m
    [36m&lt;div /&gt;[39m
  [36m&lt;/body&gt;[39m
[36m&lt;/html&gt;[39m" type="TestingLibraryElementError">
TestingLibraryElementError: Unable to find an element with the text: /Profil Görüntüle/i. This could be because the text is broken up by multiple elements. In this case, you can provide a function for your text matcher to make your matcher more flexible.

Ignored nodes: comments, script, style
&lt;body&gt;
  &lt;div /&gt;
&lt;/body&gt;

Ignored nodes: comments, script, style
&lt;html&gt;
  &lt;head /&gt;
  &lt;body&gt;
    &lt;div /&gt;
  &lt;/body&gt;
&lt;/html&gt;
 ❯ waitForWrapper node_modules/@testing-library/react/node_modules/@testing-library/dom/dist/wait-for.js:163:27
 ❯ src/components/TeacherPool/__tests__/TeacherPool.test.tsx:349:11
            </failure>
        </testcase>
        <testcase classname="src/components/TeacherPool/__tests__/TeacherPool.test.tsx" name="TeacherPool - Booking &gt; opens booking form" time="1.0145537">
            <system-err>
Error: Uncaught [TypeError: Cannot read properties of undefined (reading &apos;map&apos;)]
    at reportException (C:\Users\husey\kiro2\frontend\node_modules\jsdom\lib\jsdom\living\helpers\runtime-script-errors.js:66:24)
    at innerInvokeEventListeners (C:\Users\husey\kiro2\frontend\node_modules\jsdom\lib\jsdom\living\events\EventTarget-impl.js:353:9)
    at invokeEventListeners (C:\Users\husey\kiro2\frontend\node_modules\jsdom\lib\jsdom\living\events\EventTarget-impl.js:286:3)
    at HTMLUnknownElementImpl._dispatch (C:\Users\husey\kiro2\frontend\node_modules\jsdom\lib\jsdom\living\events\EventTarget-impl.js:233:9)
    at HTMLUnknownElementImpl.dispatchEvent (C:\Users\husey\kiro2\frontend\node_modules\jsdom\lib\jsdom\living\events\EventTarget-impl.js:104:17)
    at HTMLUnknownElement.dispatchEvent (C:\Users\husey\kiro2\frontend\node_modules\jsdom\lib\jsdom\living\generated\EventTarget.js:241:34)
    at Object.invokeGuardedCallbackDev (C:\Users\husey\kiro2\frontend\node_modules\react-dom\cjs\react-dom.development.js:4213:16)
    at invokeGuardedCallback (C:\Users\husey\kiro2\frontend\node_modules\react-dom\cjs\react-dom.development.js:4277:31)
    at beginWork$1 (C:\Users\husey\kiro2\frontend\node_modules\react-dom\cjs\react-dom.development.js:27490:7)
    at performUnitOfWork (C:\Users\husey\kiro2\frontend\node_modules\react-dom\cjs\react-dom.development.js:26599:12) TypeError: Cannot read properties of undefined (reading &apos;map&apos;)
    at TeacherPool [90m(C:\Users\husey\kiro2\frontend\[39msrc\components\TeacherPool\TeacherPool.tsx:383:23[90m)[39m
    at renderWithHooks [90m(C:\Users\husey\kiro2\frontend\[39mnode_modules\[4mreact-dom[24m\cjs\react-dom.development.js:15486:18[90m)[39m
    at updateFunctionComponent [90m(C:\Users\husey\kiro2\frontend\[39mnode_modules\[4mreact-dom[24m\cjs\react-dom.development.js:19617:20[90m)[39m
    at beginWork [90m(C:\Users\husey\kiro2\frontend\[39mnode_modules\[4mreact-dom[24m\cjs\react-dom.development.js:21640:16[90m)[39m
    at HTMLUnknownElement.callCallback [90m(C:\Users\husey\kiro2\frontend\[39mnode_modules\[4mreact-dom[24m\cjs\react-dom.development.js:4164:14[90m)[39m
    at HTMLUnknownElement.callTheUserObjectsOperation [90m(C:\Users\husey\kiro2\frontend\[39mnode_modules\[4mjsdom[24m\lib\jsdom\living\generated\EventListener.js:26:30[90m)[39m
    at innerInvokeEventListeners [90m(C:\Users\husey\kiro2\frontend\[39mnode_modules\[4mjsdom[24m\lib\jsdom\living\events\EventTarget-impl.js:350:25[90m)[39m
    at invokeEventListeners [90m(C:\Users\husey\kiro2\frontend\[39mnode_modules\[4mjsdom[24m\lib\jsdom\living\events\EventTarget-impl.js:286:3[90m)[39m
    at HTMLUnknownElementImpl._dispatch [90m(C:\Users\husey\kiro2\frontend\[39mnode_modules\[4mjsdom[24m\lib\jsdom\living\events\EventTarget-impl.js:233:9[90m)[39m
    at HTMLUnknownElementImpl.dispatchEvent [90m(C:\Users\husey\kiro2\frontend\[39mnode_modules\[4mjsdom[24m\lib\jsdom\living\events\EventTarget-impl.js:104:17[90m)[39m
Error: Uncaught [TypeError: Cannot read properties of undefined (reading &apos;map&apos;)]
    at reportException (C:\Users\husey\kiro2\frontend\node_modules\jsdom\lib\jsdom\living\helpers\runtime-script-errors.js:66:24)
    at innerInvokeEventListeners (C:\Users\husey\kiro2\frontend\node_modules\jsdom\lib\jsdom\living\events\EventTarget-impl.js:353:9)
    at invokeEventListeners (C:\Users\husey\kiro2\frontend\node_modules\jsdom\lib\jsdom\living\events\EventTarget-impl.js:286:3)
    at HTMLUnknownElementImpl._dispatch (C:\Users\husey\kiro2\frontend\node_modules\jsdom\lib\jsdom\living\events\EventTarget-impl.js:233:9)
    at HTMLUnknownElementImpl.dispatchEvent (C:\Users\husey\kiro2\frontend\node_modules\jsdom\lib\jsdom\living\events\EventTarget-impl.js:104:17)
    at HTMLUnknownElement.dispatchEvent (C:\Users\husey\kiro2\frontend\node_modules\jsdom\lib\jsdom\living\generated\EventTarget.js:241:34)
    at Object.invokeGuardedCallbackDev (C:\Users\husey\kiro2\frontend\node_modules\react-dom\cjs\react-dom.development.js:4213:16)
    at invokeGuardedCallback (C:\Users\husey\kiro2\frontend\node_modules\react-dom\cjs\react-dom.development.js:4277:31)
    at beginWork$1 (C:\Users\husey\kiro2\frontend\node_modules\react-dom\cjs\react-dom.development.js:27490:7)
    at performUnitOfWork (C:\Users\husey\kiro2\frontend\node_modules\react-dom\cjs\react-dom.development.js:26599:12) TypeError: Cannot read properties of undefined (reading &apos;map&apos;)
    at TeacherPool [90m(C:\Users\husey\kiro2\frontend\[39msrc\components\TeacherPool\TeacherPool.tsx:383:23[90m)[39m
    at renderWithHooks [90m(C:\Users\husey\kiro2\frontend\[39mnode_modules\[4mreact-dom[24m\cjs\react-dom.development.js:15486:18[90m)[39m
    at updateFunctionComponent [90m(C:\Users\husey\kiro2\frontend\[39mnode_modules\[4mreact-dom[24m\cjs\react-dom.development.js:19617:20[90m)[39m
    at beginWork [90m(C:\Users\husey\kiro2\frontend\[39mnode_modules\[4mreact-dom[24m\cjs\react-dom.development.js:21640:16[90m)[39m
    at HTMLUnknownElement.callCallback [90m(C:\Users\husey\kiro2\frontend\[39mnode_modules\[4mreact-dom[24m\cjs\react-dom.development.js:4164:14[90m)[39m
    at HTMLUnknownElement.callTheUserObjectsOperation [90m(C:\Users\husey\kiro2\frontend\[39mnode_modules\[4mjsdom[24m\lib\jsdom\living\generated\EventListener.js:26:30[90m)[39m
    at innerInvokeEventListeners [90m(C:\Users\husey\kiro2\frontend\[39mnode_modules\[4mjsdom[24m\lib\jsdom\living\events\EventTarget-impl.js:350:25[90m)[39m
    at invokeEventListeners [90m(C:\Users\husey\kiro2\frontend\[39mnode_modules\[4mjsdom[24m\lib\jsdom\living\events\EventTarget-impl.js:286:3[90m)[39m
    at HTMLUnknownElementImpl._dispatch [90m(C:\Users\husey\kiro2\frontend\[39mnode_modules\[4mjsdom[24m\lib\jsdom\living\events\EventTarget-impl.js:233:9[90m)[39m
    at HTMLUnknownElementImpl.dispatchEvent [90m(C:\Users\husey\kiro2\frontend\[39mnode_modules\[4mjsdom[24m\lib\jsdom\living\events\EventTarget-impl.js:104:17[90m)[39m

            </system-err>
            <failure message="Unable to find an element with the text: /Profil Görüntüle/i. This could be because the text is broken up by multiple elements. In this case, you can provide a function for your text matcher to make your matcher more flexible.

Ignored nodes: comments, script, style
[36m&lt;body&gt;[39m
  [36m&lt;div /&gt;[39m
[36m&lt;/body&gt;[39m

Ignored nodes: comments, script, style
[36m&lt;html&gt;[39m
  [36m&lt;head /&gt;[39m
  [36m&lt;body&gt;[39m
    [36m&lt;div /&gt;[39m
  [36m&lt;/body&gt;[39m
[36m&lt;/html&gt;[39m" type="TestingLibraryElementError">
TestingLibraryElementError: Unable to find an element with the text: /Profil Görüntüle/i. This could be because the text is broken up by multiple elements. In this case, you can provide a function for your text matcher to make your matcher more flexible.

Ignored nodes: comments, script, style
&lt;body&gt;
  &lt;div /&gt;
&lt;/body&gt;

Ignored nodes: comments, script, style
&lt;html&gt;
  &lt;head /&gt;
  &lt;body&gt;
    &lt;div /&gt;
  &lt;/body&gt;
&lt;/html&gt;
 ❯ waitForWrapper node_modules/@testing-library/react/node_modules/@testing-library/dom/dist/wait-for.js:163:27
 ❯ src/components/TeacherPool/__tests__/TeacherPool.test.tsx:371:11
            </failure>
        </testcase>
        <testcase classname="src/components/TeacherPool/__tests__/TeacherPool.test.tsx" name="TeacherPool - Booking &gt; selects appointment type" time="1.0242421">
            <failure message="Unable to find an element with the text: /Profil Görüntüle/i. This could be because the text is broken up by multiple elements. In this case, you can provide a function for your text matcher to make your matcher more flexible.

Ignored nodes: comments, script, style
[36m&lt;body&gt;[39m
  [36m&lt;div&gt;[39m
    [36m&lt;div[39m
      [33mclass[39m=[32m&quot;teacher-pool&quot;[39m
    [36m&gt;[39m
      [36m&lt;div[39m
        [33mclass[39m=[32m&quot;teacher-pool-header&quot;[39m
      [36m&gt;[39m
        [36m&lt;h1&gt;[39m
          [0mÖğretmen Havuzu[0m
        [36m&lt;/h1&gt;[39m
        [36m&lt;div[39m
          [33mclass[39m=[32m&quot;view-tabs&quot;[39m
        [36m&gt;[39m
          [36m&lt;button[39m
            [33mclass[39m=[32m&quot;active&quot;[39m
          [36m&gt;[39m
            [0mÖğretmen Ara[0m
          [36m&lt;/button&gt;[39m
          [36m&lt;button[39m
            [33mclass[39m=[32m&quot;&quot;[39m
          [36m&gt;[39m
            [0mRandevularım[0m
          [36m&lt;/button&gt;[39m
        [36m&lt;/div&gt;[39m
      [36m&lt;/div&gt;[39m
      [36m&lt;div[39m
        [33mclass[39m=[32m&quot;search-view&quot;[39m
      [36m&gt;[39m
        [36m&lt;div[39m
          [33mclass[39m=[32m&quot;search-filters&quot;[39m
        [36m&gt;[39m
          [36m&lt;h3&gt;[39m
            [0mFiltreler[0m
          [36m&lt;/h3&gt;[39m
          [36m&lt;div[39m
            [33mclass[39m=[32m&quot;filter-group&quot;[39m
          [36m&gt;[39m
            [36m&lt;label&gt;[39m
              [0mDers:[0m
            [36m&lt;/label&gt;[39m
            [36m&lt;select&gt;[39m
              [36m&lt;option[39m
                [33mvalue[39m=[32m&quot;&quot;[39m
              [36m&gt;[39m
                [0mTümü[0m
              [36m&lt;/option&gt;[39m
              [36m&lt;option[39m
                [33mvalue[39m=[32m&quot;mathematics&quot;[39m
              [36m&gt;[39m
                [0mMatematik[0m
              [36m&lt;/option&gt;[39m
              [36m&lt;option[39m
                [33mvalue[39m=[32m&quot;physics&quot;[39m
              [36m&gt;[39m
                [0mFizik[0m
              [36m&lt;/option&gt;[39m
              [36m&lt;option[39m
                [33mvalue[39m=[32m&quot;chemistry&quot;[39m
              [36m&gt;[39m
                [0mKimya[0m
              [36m&lt;/option&gt;[39m
              [36m&lt;option[39m
                [33mvalue[39m=[32m&quot;biology&quot;[39m
              [36m&gt;[39m
                [0mBiyoloji[0m
              [36m&lt;/option&gt;[39m
              [36m&lt;option[39m
                [33mvalue[39m=[32m&quot;turkish&quot;[39m
              [36m&gt;[39m
                [0mTürkçe[0m
              [36m&lt;/option&gt;[39m
              [36m&lt;option[39m
                [33mvalue[39m=[32m&quot;history&quot;[39m
              [36m&gt;[39m
                [0mTarih[0m
              [36m&lt;/option&gt;[39m
              [36m&lt;option[39m
                [33mvalue[39m=[32m&quot;geography&quot;[39m
              [36m&gt;[39m
                [0mCoğrafya[0m
              [36m&lt;/option&gt;[39m
              [36m&lt;option[39m
                [33mvalue[39m=[32m&quot;english&quot;[39m
              [36m&gt;[39m
                [0mİngilizce[0m
              [36m&lt;/option&gt;[39m
            [36m&lt;/select&gt;[39m
          [36m&lt;/div&gt;[39m
          [36m&lt;div[39m
            [33mclass[39m=[32m&quot;filter-group&quot;[39m
          [36m&gt;[39m
            [36m&lt;label&gt;[39m
              [0mŞehir:[0m
            [36m&lt;/label&gt;[39m
            [36m&lt;input[39m
              [33mplaceholder[39m=[32m&quot;İstanbul, Ankara...&quot;[39m
              [33mtype[39m=[32m&quot;text&quot;[39m
              [33mvalue[39m=[32m&quot;&quot;[39m
            [36m/&gt;[39m
          [36m&lt;/div&gt;[39m
          [36m&lt;div[39m
            [33mclass[39m=[32m&quot;filter-group&quot;[39m
          [36m&gt;[39m
            [36m&lt;label&gt;[39m
              [0mMinimum Puan:[0m
            [36m&lt;/label&gt;[39m
            [36m&lt;input[39m
              [33mmax[39m=[32m&quot;5&quot;[39m
              [33mmin[39m=[32m&quot;0&quot;[39m
              [33mstep[39m=[32m&quot;0.5&quot;[39m
              [33mtype[39m=[32m&quot;number&quot;[39m
              [33mvalue[39m=[32m&quot;0&quot;[39m
            [36m/&gt;[39m
          [36m&lt;/div&gt;[39m
          [36m&lt;div[39m
            [33mclass[39m=[32m&quot;filter-group&quot;[39m
          [36m&gt;[39m
            [36m&lt;label&gt;[39m
              [0mMax Ücret (₺/saat):[0m
            [36m&lt;/label&gt;[39m
            [36m&lt;input[39m
              [33mmin[39m=[32m&quot;0&quot;[39m
              [33mtype[39m=[32m&quot;number&quot;[39m
              [33mvalue[39m=[32m&quot;0&quot;[39m
            [36m/&gt;[39m
          [36m&lt;/div&gt;[39m
          [36m&lt;div[39m
            [33mclass[39m=[32m&quot;filter-group checkbox&quot;[39m
          [36m&gt;[39m
            [36m&lt;label&gt;[39m
              [36m&lt;input[39m
                [33mtype[39m=[32m&quot;checkbox&quot;[39m
              [36m/&gt;[39m
              [0mSadece Online[0m
            [36m&lt;/label&gt;[39m
          [36m&lt;/div&gt;[39m
          [36m&lt;button[39m
            [33mclass[39m=[32m&quot;btn-search&quot;[39m
          [36m&gt;[39m
            [0mAra[0m
          [36m&lt;/button&gt;[39m
        [36m&lt;/div&gt;[39m
        [36m&lt;div[39m
          [33mclass[39m=[32m&quot;teacher-list&quot;[39m
        [36m&gt;[39m
          [36m&lt;div[39m
            [33mclass[39m=[32m&quot;teacher-card&quot;[39m
          [36m&gt;[39m
            [36m&lt;div[39m
              [33mclass[39m=[32m&quot;teacher-avatar&quot;[39m
            [36m&gt;[39m
              [36m&lt;div[39m
                [33mclass[39m=[32m&quot;avatar-placeholder&quot;[39m
              [36m&gt;[39m
                [0mD[0m
              [36m&lt;/div&gt;[39m
            [36m&lt;/div&gt;[39m
            [36m&lt;div[39m
              [33mclass[39m=[32m&quot;teacher-info&quot;[39m
            [36m&gt;[39m
              [36m&lt;h3&gt;[39m
                [0mDr. Ahmet Yılmaz[0m
              [36m&lt;/h3&gt;[39m
              [36m&lt;p[39m
                [33mclass[39m=[32m&quot;teacher-title&quot;[39m
              [36m&gt;[39m
                [0mDoktor[0m
              [36m&lt;/p&gt;[39m
              [36m&lt;p[39m
                [33mclass[39m=[32m&quot;teacher-bio&quot;[39m
              [36m&gt;[39m
                [0mMatematik eğitimi uzmanı[0m
                [0m...[0m
              [36m&lt;/p&gt;[39m
              [36m&lt;div[39m
                [33mclass[39m=[32m&quot;teacher-meta&quot;[39m
              [36m&gt;[39m
                [36m&lt;span[39m
                  [33mclass[39m=[32m&quot;rating&quot;[39m
                [36m&gt;[39m
                  [0m⭐ [0m
                  [0m4.8[0m
                  [0m ([0m
                  [0m120[0m
                  [0m)[0m
                [36m&lt;/span&gt;[39m
                [36m&lt;span[39m
                  [33mclass[39m=[32m&quot;experience&quot;[39m
                [36m&gt;[39m
                  [0m15[0m
                  [0m yıl[0m
                [36m&lt;/span&gt;[39m
                [36m&lt;span[39m
                  [33mclass[39m=[32m&quot;location&quot;[39m
                [36m&gt;[39m
                  [0m📍 [0m
                  [0mİstanbul[0m
                [36m&lt;/span&gt;[39m
              [36m&lt;/div&gt;[39m
              [36m&lt;div[39m
                [33mclass[39m=[32m&quot;teacher-rate&quot;[39m
              [36m&gt;[39m
                [36m&lt;strong&gt;[39m
                  [0m300[0m
                  [0m [0m
                  [0mTRY[0m
                [36m&lt;/strong&gt;[39m
                [0m / saat[0m
              [36m&lt;/div&gt;[39m
            [36m&lt;/div&gt;[39m
          [36m&lt;/div&gt;[39m
          [36m&lt;div[39m
            [33mclass[39m=[32m&quot;teacher-card&quot;[39m
          [36m&gt;[39m
            [36m&lt;div[39m
              [33mclass[39m=[32m&quot;teacher-avatar&quot;[39m
            [36m&gt;[39m
              [36m&lt;div[39m
                [33mclass[39m=[32m&quot;avatar-placeholder&quot;[39m
              [36m&gt;[39m
                [0mP[0m
              [36m&lt;/div&gt;[39m
            [36m&lt;/div&gt;[39m
            [36m&lt;div[39m
              [33mclass[39m=[32m&quot;teacher-info&quot;[39m
            [36m&gt;[39m
              [36m&lt;h3&gt;[39m
                [0mProf. Ayşe Demir[0m
              [36m&lt;/h3&gt;[39m
              [36m&lt;p[39m
                [33mclass[39m=[32m&quot;teacher-title&quot;[39m
              [36m&gt;[39m
                [0mProfesör[0m
              [36m&lt;/p&gt;[39m
              [36m&lt;p[39m
                [33mclass[39m=[32m&quot;teacher-bio&quot;[39m
              [36m&gt;[39m
                [0mFizik eğitimi[0m
                [0m...[0m
              [36m&lt;/p&gt;[39m
              [36m&lt;div[39m
                [33mclass[39m=[32m&quot;teacher-meta&quot;[39m
              [36m&gt;[39m
                [36m&lt;span[39m
                  [33mclass[39m=[32m&quot;rating&quot;[39m
                [36m&gt;[39m
                  [0m⭐ [0m
                  [0m4.9[0m
                  [0m ([0m
                  [0m200[0m
                  [0m)[0m
                [36m&lt;/span&gt;[39m
                [36m&lt;span[39m
                  [33mclass[39m=[32m&quot;experience&quot;[39m
                [36m&gt;[39m
                  [0m20[0m
                  [0m yıl[0m
                [36m&lt;/span&gt;[39m
                [36m&lt;span[39m
                  [33mclass[39m=[32m&quot;location&quot;[39m
                [36m&gt;[39m
                  [0m📍 [0m
                  [0mAnkara[0m
                [36m&lt;/span&gt;[39m
              [36m&lt;/div&gt;[39m
              [36m&lt;div[39m
                [33mclass[39m=[32m&quot;teacher-rate&quot;[39m
              [36m&gt;[39m
                [36m&lt;strong&gt;[39m
                  [0m350[0m
                  [0m [0m
                  [0mTRY[0m
                [36m&lt;/strong&gt;[39m
                [0m / saat[0m
              [36m&lt;/div&gt;[39m
            [36m&lt;/div&gt;[39m
          [36m&lt;/div&gt;[39m
        [36m&lt;/div&gt;[39m
      [36m&lt;/div&gt;[39m
    [36m&lt;/div&gt;[39m
  [36m&lt;/div&gt;[39m
[36m&lt;/body&gt;[39m

Ignored nodes: comments, script, style
[36m&lt;html&gt;[39m
  [36m&lt;head /&gt;[39m
  [36m&lt;body&gt;[39m
    [36m&lt;div&gt;[39m
      [36m&lt;div[39m
        [33mclass[39m=[32m&quot;teacher-pool&quot;[39m
      [36m&gt;[39m
        [36m&lt;div[39m
          [33mclass[39m=[32m&quot;teacher-pool-header&quot;[39m
        [36m&gt;[39m
          [36m&lt;h1&gt;[39m
            [0mÖğretmen Havuzu[0m
          [36m&lt;/h1&gt;[39m
          [36m&lt;div[39m
            [33mclass[39m=[32m&quot;view-tabs&quot;[39m
          [36m&gt;[39m
            [36m&lt;button[39m
              [33mclass[39m=[32m&quot;active&quot;[39m
            [36m&gt;[39m
              [0mÖğretmen Ara[0m
            [36m&lt;/button&gt;[39m
            [36m&lt;button[39m
              [33mclass[39m=[32m&quot;&quot;[39m
            [36m&gt;[39m
              [0mRandevularım[0m
            [36m&lt;/button&gt;[39m
          [36m&lt;/div&gt;[39m
        [36m&lt;/div&gt;[39m
        [36m&lt;div[39m
          [33mclass[39m=[32m&quot;search-view&quot;[39m
        [36m&gt;[39m
          [36m&lt;div[39m
            [33mclass[39m=[32m&quot;search-filters&quot;[39m
          [36m&gt;[39m
            [36m&lt;h3&gt;[39m
              [0mFiltreler[0m
            [36m&lt;/h3&gt;[39m
            [36m&lt;div[39m
              [33mclass[39m=[32m&quot;filter-group&quot;[39m
            [36m&gt;[39m
              [36m&lt;label&gt;[39m
                [0mDers:[0m
              [36m&lt;/label&gt;[39m
              [36m&lt;select&gt;[39m
                [36m&lt;option[39m
                  [33mvalue[39m=[32m&quot;&quot;[39m
                [36m&gt;[39m
                  [0mTümü[0m
                [36m&lt;/option&gt;[39m
                [36m&lt;option[39m
                  [33mvalue[39m=[32m&quot;mathematics&quot;[39m
                [36m&gt;[39m
                  [0mMatematik[0m
                [36m&lt;/option&gt;[39m
                [36m&lt;option[39m
                  [33mvalue[39m=[32m&quot;physics&quot;[39m
                [36m&gt;[39m
                  [0mFizik[0m
                [36m&lt;/option&gt;[39m
                [36m&lt;option[39m
                  [33mvalue[39m=[32m&quot;chemistry&quot;[39m
                [36m&gt;[39m
                  [0mKimya[0m
                [36m&lt;/option&gt;[39m
                [36m&lt;option[39m
                  [33mvalue[39m=[32m&quot;biology&quot;[39m
                [36m&gt;[39m
                  [0mBiyoloji[0m
                [36m&lt;/option&gt;[39m
                [36m&lt;option[39m
                  [33mvalue[39m=[32m&quot;turkish&quot;[39m
                [36m&gt;[39m
                  [0mTürkçe[0m
                [36m&lt;/option&gt;[39m
                [36m&lt;option[39m
                  [33mvalue[39m=[32m&quot;history&quot;[39m
                [36m&gt;[39m
                  [0mTarih[0m
                [36m&lt;/option&gt;[39m
                [36m&lt;option[39m
                  [33mvalue[39m=[32m&quot;geography&quot;[39m
                [36m&gt;[39m
                  [0mCoğrafya[0m
                [36m&lt;/option&gt;[39m
                [36m&lt;option[39m
                  [33mvalue[39m=[32m&quot;english&quot;[39m
                [36m&gt;[39m
                  [0mİngilizce[0m
                [36m&lt;/option&gt;[39m
              [36m&lt;/select&gt;[39m
            [36m&lt;/div&gt;[39m
            [36m&lt;div[39m
              [33mclass[39m=[32m&quot;filter-group&quot;[39m
            [36m&gt;[39m
              [36m&lt;label&gt;[39m
                [0mŞehir:[0m
              [36m&lt;/label&gt;[39m
              [36m&lt;input[39m
                [33mplaceholder[39m=[32m&quot;İstanbul, Ankara...&quot;[39m
                [33mtype[39m=[32m&quot;text&quot;[39m
                [33mvalue[39m=[32m&quot;&quot;[39m
              [36m/&gt;[39m
            [36m&lt;/div&gt;[39m
            [36m&lt;div[39m
              [33mclass[39m=[32m&quot;filter-group&quot;[39m
            [36m&gt;[39m
              [36m&lt;label&gt;[39m
                [0mMinimum Puan:[0m
              [36m&lt;/label&gt;[39m
              [36m&lt;input[39m
                [33mmax[39m=[32m&quot;5&quot;[39m
                [33mmin[39m=[32m&quot;0&quot;[39m
                [33mstep[39m=[32m&quot;0.5&quot;[39m
                [33mtype[39m=[32m&quot;number&quot;[39m
                [33mvalue[39m=[32m&quot;0&quot;[39m
              [36m/&gt;[39m
            [36m&lt;/div&gt;[39m
            [36m&lt;div[39m
              [33mclass[39m=[32m&quot;filter-group&quot;[39m
            [36m&gt;[39m
              [36m&lt;label&gt;[39m
                [0mMax Ücret (₺/saat):[0m
              [36m&lt;/label&gt;[39m
              [36m&lt;input[39m
                [33mmin[39m=[32m&quot;0&quot;[39m
                [33mtype[39m=[32m&quot;number&quot;[39m
                [33mvalue[39m=[32m&quot;0&quot;[39m
              [36m/&gt;[39m
            [36m&lt;/div&gt;[39m
            [36m&lt;div[39m
              [33mclass[39m=[32m&quot;filter-group checkbox&quot;[39m
            [36m&gt;[39m
              [36m&lt;label&gt;[39m
                [36m&lt;input[39m
                  [33mtype[39m=[32m&quot;checkbox&quot;[39m
                [36m/&gt;[39m
                [0mSadece Online[0m
              [36m&lt;/label&gt;[39m
            [36m&lt;/div&gt;[39m
            [36m&lt;button[39m
              [33mclass[39m=[32m&quot;btn-search&quot;[39m
            [36m&gt;[39m
              [0mAra[0m
            [36m&lt;/button&gt;[39m
          [36m&lt;/div&gt;[39m
          [36m&lt;div[39m
            [33mclass[39m=[32m&quot;teacher-list&quot;[39m
          [36m&gt;[39m
            [36m&lt;div[39m
              [33mclass[39m=[32m&quot;teacher-card&quot;[39m
            [36m&gt;[39m
              [36m&lt;div[39m
                [33mclass[39m=[32m&quot;teacher-avatar&quot;[39m
              [36m&gt;[39m
                [36m&lt;div[39m
                  [33mclass[39m=[32m&quot;avatar-placeholder&quot;[39m
                [36m&gt;[39m
                  [0mD[0m
                [36m&lt;/div&gt;[39m
              [36m&lt;/div&gt;[39m
              [36m&lt;div[39m
                [33mclass[39m=[32m&quot;teacher-info&quot;[39m
              [36m&gt;[39m
                [36m&lt;h3&gt;[39m
                  [0mDr. Ahmet Yılmaz[0m
                [36m&lt;/h3&gt;[39m
                [36m&lt;p[39m
                  [33mclass[39m=[32m&quot;teacher-title&quot;[39m
                [36m&gt;[39m
                  [0mDoktor[0m
                [36m&lt;/p&gt;[39m
                [36m&lt;p[39m
                  [33mclass[39m=[32m&quot;teacher-bio&quot;[39m
                [36m&gt;[39m
                  [0mMatematik eğitimi uzmanı[0m
                  [0m...[0m
                [36m&lt;/p&gt;[39m
                [36m&lt;div[39m
                  [33mclass[39m=[32m&quot;teacher-meta&quot;[39m
                [36m&gt;[39m
                  [36m&lt;span[39m
                    [33mclass[39m=[32m&quot;rating&quot;[39m
                  [36m&gt;[39m
                    [0m⭐ [0m
                    [0m4.8[0m
                    [0m ([0m
                    [0m120[0m
                    [0m)[0m
                  [36m&lt;/span&gt;[39m
                  [36m&lt;span[39m
                    [33mclass[39m=[32m&quot;experience&quot;[39m
                  [36m&gt;[39m
                    [0m15[0m
                    [0m yıl[0m
                  [36m&lt;/span&gt;[39m
                  [36m&lt;span[39m
                    [33mclass[39m=[32m&quot;location&quot;[39m
                  [36m&gt;[39m
                    [0m📍 [0m
                    [0mİstanbul[0m
                  [36m&lt;/span&gt;[39m
                [36m&lt;/div&gt;[39m
                [36m&lt;div[39m
                  [33mclass[39m=[32m&quot;teacher-rate&quot;[39m
                [36m&gt;[39m
                  [36m&lt;strong&gt;[39m
                    [0m300[0m
                    [0m [0m
                    [0mTRY[0m
                  [36m&lt;/strong&gt;[39m
                  [0m / saat[0m
                [36m&lt;/div&gt;[39m
              [36m&lt;/div&gt;[39m
            [36m&lt;/div&gt;[39m
            [36m&lt;div[39m
              [33mclass[39m=[32m&quot;teacher-card&quot;[39m
            [36m&gt;[39m
              [36m&lt;div[39m
                [33mclass[39m=[32m&quot;teacher-avatar&quot;[39m
              [36m&gt;[39m
                [36m&lt;div[39m
                  [33mclass[39m=[32m&quot;avatar-placeholder&quot;[39m
                [36m&gt;[39m
                  [0mP[0m
                [36m&lt;/div&gt;[39m
              [36m&lt;/div&gt;[39m
              [36m&lt;div[39m
                [33mclass[39m=[32m&quot;teacher-info&quot;[39m
              [36m&gt;[39m
                [36m&lt;h3&gt;[39m
                  [0mProf. Ayşe Demir[0m
                [36m&lt;/h3&gt;[39m
                [36m&lt;p[39m
                  [33mclass[39m=[32m&quot;teacher-title&quot;[39m
                [36m&gt;[39m
                  [0mProfesör[0m
                [36m&lt;/p&gt;[39m
                [36m&lt;p[39m
                  [33mclass[39m=[32m&quot;teacher-bio&quot;[39m
                [36m&gt;[39m
                  [0mFizik eğitimi[0m
                  [0m...[0m
                [36m&lt;/p&gt;[39m
                [36m&lt;div[39m
                  [33mclass[39m=[32m&quot;teacher-meta&quot;[39m
                [36m&gt;[39m
                  [36m&lt;span[39m
                    [33mclass[39m=[32m&quot;rating&quot;[39m
                  [36m&gt;[39m
                    [0m⭐ [0m
                    [0m4.9[0m
                    [0m ([0m
                    [0m200[0m
                    [0m)[0m
                  [36m&lt;/span&gt;[39m
                  [36m&lt;span[39m
                    [33mclass[39m=[32m&quot;experience&quot;[39m
                  [36m&gt;[39m
                    [0m20[0m
                    [0m yıl[0m
                  [36m&lt;/span&gt;[39m
                  [36m&lt;span[39m
                    [33mclass[39m=[32m&quot;location&quot;[39m
                  [36m&gt;[39m
                    [0m📍 [0m
                    [0mAnkara[0m
                  [36m&lt;/span&gt;[39m
                [36m&lt;/div&gt;[39m
                [36m&lt;div[39m
                  [33mclass[39m=[32m&quot;teacher-rate&quot;[39m
                [36m&gt;[39m
                  [36m&lt;strong&gt;[39m
                    [0m350[0m
                    [0m [0m
                    [0mTRY[0m
                  [36m&lt;/strong&gt;[39m
                  [0m / saat[0m
                [36m&lt;/div&gt;[39m
              [36m&lt;/div&gt;[39m
            [36m&lt;/div&gt;[39m
          [36m&lt;/div&gt;[39m
        [36m&lt;/div&gt;[39m
      [36m&lt;/div&gt;[39m
    [36m&lt;/div&gt;[39m
  [36m&lt;/body&gt;[39m
[36m&lt;/html&gt;[39m" type="TestingLibraryElementError">
TestingLibraryElementError: Unable to find an element with the text: /Profil Görüntüle/i. This could be because the text is broken up by multiple elements. In this case, you can provide a function for your text matcher to make your matcher more flexible.

Ignored nodes: comments, script, style
&lt;body&gt;
  &lt;div&gt;
    &lt;div
      class=&quot;teacher-pool&quot;
    &gt;
      &lt;div
        class=&quot;teacher-pool-header&quot;
      &gt;
        &lt;h1&gt;
          Öğretmen Havuzu
        &lt;/h1&gt;
        &lt;div
          class=&quot;view-tabs&quot;
        &gt;
          &lt;button
            class=&quot;active&quot;
          &gt;
            Öğretmen Ara
          &lt;/button&gt;
          &lt;button
            class=&quot;&quot;
          &gt;
            Randevularım
          &lt;/button&gt;
        &lt;/div&gt;
      &lt;/div&gt;
      &lt;div
        class=&quot;search-view&quot;
      &gt;
        &lt;div
          class=&quot;search-filters&quot;
        &gt;
          &lt;h3&gt;
            Filtreler
          &lt;/h3&gt;
          &lt;div
            class=&quot;filter-group&quot;
          &gt;
            &lt;label&gt;
              Ders:
            &lt;/label&gt;
            &lt;select&gt;
              &lt;option
                value=&quot;&quot;
              &gt;
                Tümü
              &lt;/option&gt;
              &lt;option
                value=&quot;mathematics&quot;
              &gt;
                Matematik
              &lt;/option&gt;
              &lt;option
                value=&quot;physics&quot;
              &gt;
                Fizik
              &lt;/option&gt;
              &lt;option
                value=&quot;chemistry&quot;
              &gt;
                Kimya
              &lt;/option&gt;
              &lt;option
                value=&quot;biology&quot;
              &gt;
                Biyoloji
              &lt;/option&gt;
              &lt;option
                value=&quot;turkish&quot;
              &gt;
                Türkçe
              &lt;/option&gt;
              &lt;option
                value=&quot;history&quot;
              &gt;
                Tarih
              &lt;/option&gt;
              &lt;option
                value=&quot;geography&quot;
              &gt;
                Coğrafya
              &lt;/option&gt;
              &lt;option
                value=&quot;english&quot;
              &gt;
                İngilizce
              &lt;/option&gt;
            &lt;/select&gt;
          &lt;/div&gt;
          &lt;div
            class=&quot;filter-group&quot;
          &gt;
            &lt;label&gt;
              Şehir:
            &lt;/label&gt;
            &lt;input
              placeholder=&quot;İstanbul, Ankara...&quot;
              type=&quot;text&quot;
              value=&quot;&quot;
            /&gt;
          &lt;/div&gt;
          &lt;div
            class=&quot;filter-group&quot;
          &gt;
            &lt;label&gt;
              Minimum Puan:
            &lt;/label&gt;
            &lt;input
              max=&quot;5&quot;
              min=&quot;0&quot;
              step=&quot;0.5&quot;
              type=&quot;number&quot;
              value=&quot;0&quot;
            /&gt;
          &lt;/div&gt;
          &lt;div
            class=&quot;filter-group&quot;
          &gt;
            &lt;label&gt;
              Max Ücret (₺/saat):
            &lt;/label&gt;
            &lt;input
              min=&quot;0&quot;
              type=&quot;number&quot;
              value=&quot;0&quot;
            /&gt;
          &lt;/div&gt;
          &lt;div
            class=&quot;filter-group checkbox&quot;
          &gt;
            &lt;label&gt;
              &lt;input
                type=&quot;checkbox&quot;
              /&gt;
              Sadece Online
            &lt;/label&gt;
          &lt;/div&gt;
          &lt;button
            class=&quot;btn-search&quot;
          &gt;
            Ara
          &lt;/button&gt;
        &lt;/div&gt;
        &lt;div
          class=&quot;teacher-list&quot;
        &gt;
          &lt;div
            class=&quot;teacher-card&quot;
          &gt;
            &lt;div
              class=&quot;teacher-avatar&quot;
            &gt;
              &lt;div
                class=&quot;avatar-placeholder&quot;
              &gt;
                D
              &lt;/div&gt;
            &lt;/div&gt;
            &lt;div
              class=&quot;teacher-info&quot;
            &gt;
              &lt;h3&gt;
                Dr. Ahmet Yılmaz
              &lt;/h3&gt;
              &lt;p
                class=&quot;teacher-title&quot;
              &gt;
                Doktor
              &lt;/p&gt;
              &lt;p
                class=&quot;teacher-bio&quot;
              &gt;
                Matematik eğitimi uzmanı
                ...
              &lt;/p&gt;
              &lt;div
                class=&quot;teacher-meta&quot;
              &gt;
                &lt;span
                  class=&quot;rating&quot;
                &gt;
                  ⭐ 
                  4.8
                   (
                  120
                  )
                &lt;/span&gt;
                &lt;span
                  class=&quot;experience&quot;
                &gt;
                  15
                   yıl
                &lt;/span&gt;
                &lt;span
                  class=&quot;location&quot;
                &gt;
                  📍 
                  İstanbul
                &lt;/span&gt;
              &lt;/div&gt;
              &lt;div
                class=&quot;teacher-rate&quot;
              &gt;
                &lt;strong&gt;
                  300
                   
                  TRY
                &lt;/strong&gt;
                 / saat
              &lt;/div&gt;
            &lt;/div&gt;
          &lt;/div&gt;
          &lt;div
            class=&quot;teacher-card&quot;
          &gt;
            &lt;div
              class=&quot;teacher-avatar&quot;
            &gt;
              &lt;div
                class=&quot;avatar-placeholder&quot;
              &gt;
                P
              &lt;/div&gt;
            &lt;/div&gt;
            &lt;div
              class=&quot;teacher-info&quot;
            &gt;
              &lt;h3&gt;
                Prof. Ayşe Demir
              &lt;/h3&gt;
              &lt;p
                class=&quot;teacher-title&quot;
              &gt;
                Profesör
              &lt;/p&gt;
              &lt;p
                class=&quot;teacher-bio&quot;
              &gt;
                Fizik eğitimi
                ...
              &lt;/p&gt;
              &lt;div
                class=&quot;teacher-meta&quot;
              &gt;
                &lt;span
                  class=&quot;rating&quot;
                &gt;
                  ⭐ 
                  4.9
                   (
                  200
                  )
                &lt;/span&gt;
                &lt;span
                  class=&quot;experience&quot;
                &gt;
                  20
                   yıl
                &lt;/span&gt;
                &lt;span
                  class=&quot;location&quot;
                &gt;
                  📍 
                  Ankara
                &lt;/span&gt;
              &lt;/div&gt;
              &lt;div
                class=&quot;teacher-rate&quot;
              &gt;
                &lt;strong&gt;
                  350
                   
                  TRY
                &lt;/strong&gt;
                 / saat
              &lt;/div&gt;
            &lt;/div&gt;
          &lt;/div&gt;
        &lt;/div&gt;
      &lt;/div&gt;
    &lt;/div&gt;
  &lt;/div&gt;
&lt;/body&gt;

Ignored nodes: comments, script, style
&lt;html&gt;
  &lt;head /&gt;
  &lt;body&gt;
    &lt;div&gt;
      &lt;div
        class=&quot;teacher-pool&quot;
      &gt;
        &lt;div
          class=&quot;teacher-pool-header&quot;
        &gt;
          &lt;h1&gt;
            Öğretmen Havuzu
          &lt;/h1&gt;
          &lt;div
            class=&quot;view-tabs&quot;
          &gt;
            &lt;button
              class=&quot;active&quot;
            &gt;
              Öğretmen Ara
            &lt;/button&gt;
            &lt;button
              class=&quot;&quot;
            &gt;
              Randevularım
            &lt;/button&gt;
          &lt;/div&gt;
        &lt;/div&gt;
        &lt;div
          class=&quot;search-view&quot;
        &gt;
          &lt;div
            class=&quot;search-filters&quot;
          &gt;
            &lt;h3&gt;
              Filtreler
            &lt;/h3&gt;
            &lt;div
              class=&quot;filter-group&quot;
            &gt;
              &lt;label&gt;
                Ders:
              &lt;/label&gt;
              &lt;select&gt;
                &lt;option
                  value=&quot;&quot;
                &gt;
                  Tümü
                &lt;/option&gt;
                &lt;option
                  value=&quot;mathematics&quot;
                &gt;
                  Matematik
                &lt;/option&gt;
                &lt;option
                  value=&quot;physics&quot;
                &gt;
                  Fizik
                &lt;/option&gt;
                &lt;option
                  value=&quot;chemistry&quot;
                &gt;
                  Kimya
                &lt;/option&gt;
                &lt;option
                  value=&quot;biology&quot;
                &gt;
                  Biyoloji
                &lt;/option&gt;
                &lt;option
                  value=&quot;turkish&quot;
                &gt;
                  Türkçe
                &lt;/option&gt;
                &lt;option
                  value=&quot;history&quot;
                &gt;
                  Tarih
                &lt;/option&gt;
                &lt;option
                  value=&quot;geography&quot;
                &gt;
                  Coğrafya
                &lt;/option&gt;
                &lt;option
                  value=&quot;english&quot;
                &gt;
                  İngilizce
                &lt;/option&gt;
              &lt;/select&gt;
            &lt;/div&gt;
            &lt;div
              class=&quot;filter-group&quot;
            &gt;
              &lt;label&gt;
                Şehir:
              &lt;/label&gt;
              &lt;input
                placeholder=&quot;İstanbul, Ankara...&quot;
                type=&quot;text&quot;
                value=&quot;&quot;
              /&gt;
            &lt;/div&gt;
            &lt;div
              class=&quot;filter-group&quot;
            &gt;
              &lt;label&gt;
                Minimum Puan:
              &lt;/label&gt;
              &lt;input
                max=&quot;5&quot;
                min=&quot;0&quot;
                step=&quot;0.5&quot;
                type=&quot;number&quot;
                value=&quot;0&quot;
              /&gt;
            &lt;/div&gt;
            &lt;div
              class=&quot;filter-group&quot;
            &gt;
              &lt;label&gt;
                Max Ücret (₺/saat):
              &lt;/label&gt;
              &lt;input
                min=&quot;0&quot;
                type=&quot;number&quot;
                value=&quot;0&quot;
              /&gt;
            &lt;/div&gt;
            &lt;div
              class=&quot;filter-group checkbox&quot;
            &gt;
              &lt;label&gt;
                &lt;input
                  type=&quot;checkbox&quot;
                /&gt;
                Sadece Online
              &lt;/label&gt;
            &lt;/div&gt;
            &lt;button
              class=&quot;btn-search&quot;
            &gt;
              Ara
            &lt;/button&gt;
          &lt;/div&gt;
          &lt;div
            class=&quot;teacher-list&quot;
          &gt;
            &lt;div
              class=&quot;teacher-card&quot;
            &gt;
              &lt;div
                class=&quot;teacher-avatar&quot;
              &gt;
                &lt;div
                  class=&quot;avatar-placeholder&quot;
                &gt;
                  D
                &lt;/div&gt;
              &lt;/div&gt;
              &lt;div
                class=&quot;teacher-info&quot;
              &gt;
                &lt;h3&gt;
                  Dr. Ahmet Yılmaz
                &lt;/h3&gt;
                &lt;p
                  class=&quot;teacher-title&quot;
                &gt;
                  Doktor
                &lt;/p&gt;
                &lt;p
                  class=&quot;teacher-bio&quot;
                &gt;
                  Matematik eğitimi uzmanı
                  ...
                &lt;/p&gt;
                &lt;div
                  class=&quot;teacher-meta&quot;
                &gt;
                  &lt;span
                    class=&quot;rating&quot;
                  &gt;
                    ⭐ 
                    4.8
                     (
                    120
                    )
                  &lt;/span&gt;
                  &lt;span
                    class=&quot;experience&quot;
                  &gt;
                    15
                     yıl
                  &lt;/span&gt;
                  &lt;span
                    class=&quot;location&quot;
                  &gt;
                    📍 
                    İstanbul
                  &lt;/span&gt;
                &lt;/div&gt;
                &lt;div
                  class=&quot;teacher-rate&quot;
                &gt;
                  &lt;strong&gt;
                    300
                     
                    TRY
                  &lt;/strong&gt;
                   / saat
                &lt;/div&gt;
              &lt;/div&gt;
            &lt;/div&gt;
            &lt;div
              class=&quot;teacher-card&quot;
            &gt;
              &lt;div
                class=&quot;teacher-avatar&quot;
              &gt;
                &lt;div
                  class=&quot;avatar-placeholder&quot;
                &gt;
                  P
                &lt;/div&gt;
              &lt;/div&gt;
              &lt;div
                class=&quot;teacher-info&quot;
              &gt;
                &lt;h3&gt;
                  Prof. Ayşe Demir
                &lt;/h3&gt;
                &lt;p
                  class=&quot;teacher-title&quot;
                &gt;
                  Profesör
                &lt;/p&gt;
                &lt;p
                  class=&quot;teacher-bio&quot;
                &gt;
                  Fizik eğitimi
                  ...
                &lt;/p&gt;
                &lt;div
                  class=&quot;teacher-meta&quot;
                &gt;
                  &lt;span
                    class=&quot;rating&quot;
                  &gt;
                    ⭐ 
                    4.9
                     (
                    200
                    )
                  &lt;/span&gt;
                  &lt;span
                    class=&quot;experience&quot;
                  &gt;
                    20
                     yıl
                  &lt;/span&gt;
                  &lt;span
                    class=&quot;location&quot;
                  &gt;
                    📍 
                    Ankara
                  &lt;/span&gt;
                &lt;/div&gt;
                &lt;div
                  class=&quot;teacher-rate&quot;
                &gt;
                  &lt;strong&gt;
                    350
                     
                    TRY
                  &lt;/strong&gt;
                   / saat
                &lt;/div&gt;
              &lt;/div&gt;
            &lt;/div&gt;
          &lt;/div&gt;
        &lt;/div&gt;
      &lt;/div&gt;
    &lt;/div&gt;
  &lt;/body&gt;
&lt;/html&gt;
 ❯ waitForWrapper node_modules/@testing-library/react/node_modules/@testing-library/dom/dist/wait-for.js:163:27
 ❯ src/components/TeacherPool/__tests__/TeacherPool.test.tsx:385:11
            </failure>
        </testcase>
        <testcase classname="src/components/TeacherPool/__tests__/TeacherPool.test.tsx" name="TeacherPool - Booking &gt; selects date and time" time="1.0265524">
            <system-err>
Error: Uncaught [TypeError: Cannot read properties of undefined (reading &apos;map&apos;)]
    at reportException (C:\Users\husey\kiro2\frontend\node_modules\jsdom\lib\jsdom\living\helpers\runtime-script-errors.js:66:24)
    at innerInvokeEventListeners (C:\Users\husey\kiro2\frontend\node_modules\jsdom\lib\jsdom\living\events\EventTarget-impl.js:353:9)
    at invokeEventListeners (C:\Users\husey\kiro2\frontend\node_modules\jsdom\lib\jsdom\living\events\EventTarget-impl.js:286:3)
    at HTMLUnknownElementImpl._dispatch (C:\Users\husey\kiro2\frontend\node_modules\jsdom\lib\jsdom\living\events\EventTarget-impl.js:233:9)
    at HTMLUnknownElementImpl.dispatchEvent (C:\Users\husey\kiro2\frontend\node_modules\jsdom\lib\jsdom\living\events\EventTarget-impl.js:104:17)
    at HTMLUnknownElement.dispatchEvent (C:\Users\husey\kiro2\frontend\node_modules\jsdom\lib\jsdom\living\generated\EventTarget.js:241:34)
    at Object.invokeGuardedCallbackDev (C:\Users\husey\kiro2\frontend\node_modules\react-dom\cjs\react-dom.development.js:4213:16)
    at invokeGuardedCallback (C:\Users\husey\kiro2\frontend\node_modules\react-dom\cjs\react-dom.development.js:4277:31)
    at beginWork$1 (C:\Users\husey\kiro2\frontend\node_modules\react-dom\cjs\react-dom.development.js:27490:7)
    at performUnitOfWork (C:\Users\husey\kiro2\frontend\node_modules\react-dom\cjs\react-dom.development.js:26599:12) TypeError: Cannot read properties of undefined (reading &apos;map&apos;)
    at TeacherPool [90m(C:\Users\husey\kiro2\frontend\[39msrc\components\TeacherPool\TeacherPool.tsx:383:23[90m)[39m
    at renderWithHooks [90m(C:\Users\husey\kiro2\frontend\[39mnode_modules\[4mreact-dom[24m\cjs\react-dom.development.js:15486:18[90m)[39m
    at updateFunctionComponent [90m(C:\Users\husey\kiro2\frontend\[39mnode_modules\[4mreact-dom[24m\cjs\react-dom.development.js:19617:20[90m)[39m
    at beginWork [90m(C:\Users\husey\kiro2\frontend\[39mnode_modules\[4mreact-dom[24m\cjs\react-dom.development.js:21640:16[90m)[39m
    at HTMLUnknownElement.callCallback [90m(C:\Users\husey\kiro2\frontend\[39mnode_modules\[4mreact-dom[24m\cjs\react-dom.development.js:4164:14[90m)[39m
    at HTMLUnknownElement.callTheUserObjectsOperation [90m(C:\Users\husey\kiro2\frontend\[39mnode_modules\[4mjsdom[24m\lib\jsdom\living\generated\EventListener.js:26:30[90m)[39m
    at innerInvokeEventListeners [90m(C:\Users\husey\kiro2\frontend\[39mnode_modules\[4mjsdom[24m\lib\jsdom\living\events\EventTarget-impl.js:350:25[90m)[39m
    at invokeEventListeners [90m(C:\Users\husey\kiro2\frontend\[39mnode_modules\[4mjsdom[24m\lib\jsdom\living\events\EventTarget-impl.js:286:3[90m)[39m
    at HTMLUnknownElementImpl._dispatch [90m(C:\Users\husey\kiro2\frontend\[39mnode_modules\[4mjsdom[24m\lib\jsdom\living\events\EventTarget-impl.js:233:9[90m)[39m
    at HTMLUnknownElementImpl.dispatchEvent [90m(C:\Users\husey\kiro2\frontend\[39mnode_modules\[4mjsdom[24m\lib\jsdom\living\events\EventTarget-impl.js:104:17[90m)[39m
Error: Uncaught [TypeError: Cannot read properties of undefined (reading &apos;map&apos;)]
    at reportException (C:\Users\husey\kiro2\frontend\node_modules\jsdom\lib\jsdom\living\helpers\runtime-script-errors.js:66:24)
    at innerInvokeEventListeners (C:\Users\husey\kiro2\frontend\node_modules\jsdom\lib\jsdom\living\events\EventTarget-impl.js:353:9)
    at invokeEventListeners (C:\Users\husey\kiro2\frontend\node_modules\jsdom\lib\jsdom\living\events\EventTarget-impl.js:286:3)
    at HTMLUnknownElementImpl._dispatch (C:\Users\husey\kiro2\frontend\node_modules\jsdom\lib\jsdom\living\events\EventTarget-impl.js:233:9)
    at HTMLUnknownElementImpl.dispatchEvent (C:\Users\husey\kiro2\frontend\node_modules\jsdom\lib\jsdom\living\events\EventTarget-impl.js:104:17)
    at HTMLUnknownElement.dispatchEvent (C:\Users\husey\kiro2\frontend\node_modules\jsdom\lib\jsdom\living\generated\EventTarget.js:241:34)
    at Object.invokeGuardedCallbackDev (C:\Users\husey\kiro2\frontend\node_modules\react-dom\cjs\react-dom.development.js:4213:16)
    at invokeGuardedCallback (C:\Users\husey\kiro2\frontend\node_modules\react-dom\cjs\react-dom.development.js:4277:31)
    at beginWork$1 (C:\Users\husey\kiro2\frontend\node_modules\react-dom\cjs\react-dom.development.js:27490:7)
    at performUnitOfWork (C:\Users\husey\kiro2\frontend\node_modules\react-dom\cjs\react-dom.development.js:26599:12) TypeError: Cannot read properties of undefined (reading &apos;map&apos;)
    at TeacherPool [90m(C:\Users\husey\kiro2\frontend\[39msrc\components\TeacherPool\TeacherPool.tsx:383:23[90m)[39m
    at renderWithHooks [90m(C:\Users\husey\kiro2\frontend\[39mnode_modules\[4mreact-dom[24m\cjs\react-dom.development.js:15486:18[90m)[39m
    at updateFunctionComponent [90m(C:\Users\husey\kiro2\frontend\[39mnode_modules\[4mreact-dom[24m\cjs\react-dom.development.js:19617:20[90m)[39m
    at beginWork [90m(C:\Users\husey\kiro2\frontend\[39mnode_modules\[4mreact-dom[24m\cjs\react-dom.development.js:21640:16[90m)[39m
    at HTMLUnknownElement.callCallback [90m(C:\Users\husey\kiro2\frontend\[39mnode_modules\[4mreact-dom[24m\cjs\react-dom.development.js:4164:14[90m)[39m
    at HTMLUnknownElement.callTheUserObjectsOperation [90m(C:\Users\husey\kiro2\frontend\[39mnode_modules\[4mjsdom[24m\lib\jsdom\living\generated\EventListener.js:26:30[90m)[39m
    at innerInvokeEventListeners [90m(C:\Users\husey\kiro2\frontend\[39mnode_modules\[4mjsdom[24m\lib\jsdom\living\events\EventTarget-impl.js:350:25[90m)[39m
    at invokeEventListeners [90m(C:\Users\husey\kiro2\frontend\[39mnode_modules\[4mjsdom[24m\lib\jsdom\living\events\EventTarget-impl.js:286:3[90m)[39m
    at HTMLUnknownElementImpl._dispatch [90m(C:\Users\husey\kiro2\frontend\[39mnode_modules\[4mjsdom[24m\lib\jsdom\living\events\EventTarget-impl.js:233:9[90m)[39m
    at HTMLUnknownElementImpl.dispatchEvent [90m(C:\Users\husey\kiro2\frontend\[39mnode_modules\[4mjsdom[24m\lib\jsdom\living\events\EventTarget-impl.js:104:17[90m)[39m

            </system-err>
            <failure message="Unable to find an element with the text: /Profil Görüntüle/i. This could be because the text is broken up by multiple elements. In this case, you can provide a function for your text matcher to make your matcher more flexible.

Ignored nodes: comments, script, style
[36m&lt;body&gt;[39m
  [36m&lt;div /&gt;[39m
[36m&lt;/body&gt;[39m

Ignored nodes: comments, script, style
[36m&lt;html&gt;[39m
  [36m&lt;head /&gt;[39m
  [36m&lt;body&gt;[39m
    [36m&lt;div /&gt;[39m
  [36m&lt;/body&gt;[39m
[36m&lt;/html&gt;[39m" type="TestingLibraryElementError">
TestingLibraryElementError: Unable to find an element with the text: /Profil Görüntüle/i. This could be because the text is broken up by multiple elements. In this case, you can provide a function for your text matcher to make your matcher more flexible.

Ignored nodes: comments, script, style
&lt;body&gt;
  &lt;div /&gt;
&lt;/body&gt;

Ignored nodes: comments, script, style
&lt;html&gt;
  &lt;head /&gt;
  &lt;body&gt;
    &lt;div /&gt;
  &lt;/body&gt;
&lt;/html&gt;
 ❯ waitForWrapper node_modules/@testing-library/react/node_modules/@testing-library/dom/dist/wait-for.js:163:27
 ❯ src/components/TeacherPool/__tests__/TeacherPool.test.tsx:398:11
            </failure>
        </testcase>
        <testcase classname="src/components/TeacherPool/__tests__/TeacherPool.test.tsx" name="TeacherPool - Booking &gt; enters topic" time="1.0235339">
            <system-err>
Error: Uncaught [TypeError: Cannot read properties of undefined (reading &apos;map&apos;)]
    at reportException (C:\Users\husey\kiro2\frontend\node_modules\jsdom\lib\jsdom\living\helpers\runtime-script-errors.js:66:24)
    at innerInvokeEventListeners (C:\Users\husey\kiro2\frontend\node_modules\jsdom\lib\jsdom\living\events\EventTarget-impl.js:353:9)
    at invokeEventListeners (C:\Users\husey\kiro2\frontend\node_modules\jsdom\lib\jsdom\living\events\EventTarget-impl.js:286:3)
    at HTMLUnknownElementImpl._dispatch (C:\Users\husey\kiro2\frontend\node_modules\jsdom\lib\jsdom\living\events\EventTarget-impl.js:233:9)
    at HTMLUnknownElementImpl.dispatchEvent (C:\Users\husey\kiro2\frontend\node_modules\jsdom\lib\jsdom\living\events\EventTarget-impl.js:104:17)
    at HTMLUnknownElement.dispatchEvent (C:\Users\husey\kiro2\frontend\node_modules\jsdom\lib\jsdom\living\generated\EventTarget.js:241:34)
    at Object.invokeGuardedCallbackDev (C:\Users\husey\kiro2\frontend\node_modules\react-dom\cjs\react-dom.development.js:4213:16)
    at invokeGuardedCallback (C:\Users\husey\kiro2\frontend\node_modules\react-dom\cjs\react-dom.development.js:4277:31)
    at beginWork$1 (C:\Users\husey\kiro2\frontend\node_modules\react-dom\cjs\react-dom.development.js:27490:7)
    at performUnitOfWork (C:\Users\husey\kiro2\frontend\node_modules\react-dom\cjs\react-dom.development.js:26599:12) TypeError: Cannot read properties of undefined (reading &apos;map&apos;)
    at TeacherPool [90m(C:\Users\husey\kiro2\frontend\[39msrc\components\TeacherPool\TeacherPool.tsx:383:23[90m)[39m
    at renderWithHooks [90m(C:\Users\husey\kiro2\frontend\[39mnode_modules\[4mreact-dom[24m\cjs\react-dom.development.js:15486:18[90m)[39m
    at updateFunctionComponent [90m(C:\Users\husey\kiro2\frontend\[39mnode_modules\[4mreact-dom[24m\cjs\react-dom.development.js:19617:20[90m)[39m
    at beginWork [90m(C:\Users\husey\kiro2\frontend\[39mnode_modules\[4mreact-dom[24m\cjs\react-dom.development.js:21640:16[90m)[39m
    at HTMLUnknownElement.callCallback [90m(C:\Users\husey\kiro2\frontend\[39mnode_modules\[4mreact-dom[24m\cjs\react-dom.development.js:4164:14[90m)[39m
    at HTMLUnknownElement.callTheUserObjectsOperation [90m(C:\Users\husey\kiro2\frontend\[39mnode_modules\[4mjsdom[24m\lib\jsdom\living\generated\EventListener.js:26:30[90m)[39m
    at innerInvokeEventListeners [90m(C:\Users\husey\kiro2\frontend\[39mnode_modules\[4mjsdom[24m\lib\jsdom\living\events\EventTarget-impl.js:350:25[90m)[39m
    at invokeEventListeners [90m(C:\Users\husey\kiro2\frontend\[39mnode_modules\[4mjsdom[24m\lib\jsdom\living\events\EventTarget-impl.js:286:3[90m)[39m
    at HTMLUnknownElementImpl._dispatch [90m(C:\Users\husey\kiro2\frontend\[39mnode_modules\[4mjsdom[24m\lib\jsdom\living\events\EventTarget-impl.js:233:9[90m)[39m
    at HTMLUnknownElementImpl.dispatchEvent [90m(C:\Users\husey\kiro2\frontend\[39mnode_modules\[4mjsdom[24m\lib\jsdom\living\events\EventTarget-impl.js:104:17[90m)[39m
Error: Uncaught [TypeError: Cannot read properties of undefined (reading &apos;map&apos;)]
    at reportException (C:\Users\husey\kiro2\frontend\node_modules\jsdom\lib\jsdom\living\helpers\runtime-script-errors.js:66:24)
    at innerInvokeEventListeners (C:\Users\husey\kiro2\frontend\node_modules\jsdom\lib\jsdom\living\events\EventTarget-impl.js:353:9)
    at invokeEventListeners (C:\Users\husey\kiro2\frontend\node_modules\jsdom\lib\jsdom\living\events\EventTarget-impl.js:286:3)
    at HTMLUnknownElementImpl._dispatch (C:\Users\husey\kiro2\frontend\node_modules\jsdom\lib\jsdom\living\events\EventTarget-impl.js:233:9)
    at HTMLUnknownElementImpl.dispatchEvent (C:\Users\husey\kiro2\frontend\node_modules\jsdom\lib\jsdom\living\events\EventTarget-impl.js:104:17)
    at HTMLUnknownElement.dispatchEvent (C:\Users\husey\kiro2\frontend\node_modules\jsdom\lib\jsdom\living\generated\EventTarget.js:241:34)
    at Object.invokeGuardedCallbackDev (C:\Users\husey\kiro2\frontend\node_modules\react-dom\cjs\react-dom.development.js:4213:16)
    at invokeGuardedCallback (C:\Users\husey\kiro2\frontend\node_modules\react-dom\cjs\react-dom.development.js:4277:31)
    at beginWork$1 (C:\Users\husey\kiro2\frontend\node_modules\react-dom\cjs\react-dom.development.js:27490:7)
    at performUnitOfWork (C:\Users\husey\kiro2\frontend\node_modules\react-dom\cjs\react-dom.development.js:26599:12) TypeError: Cannot read properties of undefined (reading &apos;map&apos;)
    at TeacherPool [90m(C:\Users\husey\kiro2\frontend\[39msrc\components\TeacherPool\TeacherPool.tsx:383:23[90m)[39m
    at renderWithHooks [90m(C:\Users\husey\kiro2\frontend\[39mnode_modules\[4mreact-dom[24m\cjs\react-dom.development.js:15486:18[90m)[39m
    at updateFunctionComponent [90m(C:\Users\husey\kiro2\frontend\[39mnode_modules\[4mreact-dom[24m\cjs\react-dom.development.js:19617:20[90m)[39m
    at beginWork [90m(C:\Users\husey\kiro2\frontend\[39mnode_modules\[4mreact-dom[24m\cjs\react-dom.development.js:21640:16[90m)[39m
    at HTMLUnknownElement.callCallback [90m(C:\Users\husey\kiro2\frontend\[39mnode_modules\[4mreact-dom[24m\cjs\react-dom.development.js:4164:14[90m)[39m
    at HTMLUnknownElement.callTheUserObjectsOperation [90m(C:\Users\husey\kiro2\frontend\[39mnode_modules\[4mjsdom[24m\lib\jsdom\living\generated\EventListener.js:26:30[90m)[39m
    at innerInvokeEventListeners [90m(C:\Users\husey\kiro2\frontend\[39mnode_modules\[4mjsdom[24m\lib\jsdom\living\events\EventTarget-impl.js:350:25[90m)[39m
    at invokeEventListeners [90m(C:\Users\husey\kiro2\frontend\[39mnode_modules\[4mjsdom[24m\lib\jsdom\living\events\EventTarget-impl.js:286:3[90m)[39m
    at HTMLUnknownElementImpl._dispatch [90m(C:\Users\husey\kiro2\frontend\[39mnode_modules\[4mjsdom[24m\lib\jsdom\living\events\EventTarget-impl.js:233:9[90m)[39m
    at HTMLUnknownElementImpl.dispatchEvent [90m(C:\Users\husey\kiro2\frontend\[39mnode_modules\[4mjsdom[24m\lib\jsdom\living\events\EventTarget-impl.js:104:17[90m)[39m

            </system-err>
            <failure message="Unable to find an element with the text: /Profil Görüntüle/i. This could be because the text is broken up by multiple elements. In this case, you can provide a function for your text matcher to make your matcher more flexible.

Ignored nodes: comments, script, style
[36m&lt;body&gt;[39m
  [36m&lt;div /&gt;[39m
[36m&lt;/body&gt;[39m

Ignored nodes: comments, script, style
[36m&lt;html&gt;[39m
  [36m&lt;head /&gt;[39m
  [36m&lt;body&gt;[39m
    [36m&lt;div /&gt;[39m
  [36m&lt;/body&gt;[39m
[36m&lt;/html&gt;[39m" type="TestingLibraryElementError">
TestingLibraryElementError: Unable to find an element with the text: /Profil Görüntüle/i. This could be because the text is broken up by multiple elements. In this case, you can provide a function for your text matcher to make your matcher more flexible.

Ignored nodes: comments, script, style
&lt;body&gt;
  &lt;div /&gt;
&lt;/body&gt;

Ignored nodes: comments, script, style
&lt;html&gt;
  &lt;head /&gt;
  &lt;body&gt;
    &lt;div /&gt;
  &lt;/body&gt;
&lt;/html&gt;
 ❯ waitForWrapper node_modules/@testing-library/react/node_modules/@testing-library/dom/dist/wait-for.js:163:27
 ❯ src/components/TeacherPool/__tests__/TeacherPool.test.tsx:411:11
            </failure>
        </testcase>
        <testcase classname="src/components/TeacherPool/__tests__/TeacherPool.test.tsx" name="TeacherPool - Booking &gt; submits booking" time="1.0494515">
            <failure message="Unable to find an element with the text: /Profil Görüntüle/i. This could be because the text is broken up by multiple elements. In this case, you can provide a function for your text matcher to make your matcher more flexible.

Ignored nodes: comments, script, style
[36m&lt;body&gt;[39m
  [36m&lt;div&gt;[39m
    [36m&lt;div[39m
      [33mclass[39m=[32m&quot;teacher-pool&quot;[39m
    [36m&gt;[39m
      [36m&lt;div[39m
        [33mclass[39m=[32m&quot;teacher-pool-header&quot;[39m
      [36m&gt;[39m
        [36m&lt;h1&gt;[39m
          [0mÖğretmen Havuzu[0m
        [36m&lt;/h1&gt;[39m
        [36m&lt;div[39m
          [33mclass[39m=[32m&quot;view-tabs&quot;[39m
        [36m&gt;[39m
          [36m&lt;button[39m
            [33mclass[39m=[32m&quot;active&quot;[39m
          [36m&gt;[39m
            [0mÖğretmen Ara[0m
          [36m&lt;/button&gt;[39m
          [36m&lt;button[39m
            [33mclass[39m=[32m&quot;&quot;[39m
          [36m&gt;[39m
            [0mRandevularım[0m
          [36m&lt;/button&gt;[39m
        [36m&lt;/div&gt;[39m
      [36m&lt;/div&gt;[39m
      [36m&lt;div[39m
        [33mclass[39m=[32m&quot;search-view&quot;[39m
      [36m&gt;[39m
        [36m&lt;div[39m
          [33mclass[39m=[32m&quot;search-filters&quot;[39m
        [36m&gt;[39m
          [36m&lt;h3&gt;[39m
            [0mFiltreler[0m
          [36m&lt;/h3&gt;[39m
          [36m&lt;div[39m
            [33mclass[39m=[32m&quot;filter-group&quot;[39m
          [36m&gt;[39m
            [36m&lt;label&gt;[39m
              [0mDers:[0m
            [36m&lt;/label&gt;[39m
            [36m&lt;select&gt;[39m
              [36m&lt;option[39m
                [33mvalue[39m=[32m&quot;&quot;[39m
              [36m&gt;[39m
                [0mTümü[0m
              [36m&lt;/option&gt;[39m
              [36m&lt;option[39m
                [33mvalue[39m=[32m&quot;mathematics&quot;[39m
              [36m&gt;[39m
                [0mMatematik[0m
              [36m&lt;/option&gt;[39m
              [36m&lt;option[39m
                [33mvalue[39m=[32m&quot;physics&quot;[39m
              [36m&gt;[39m
                [0mFizik[0m
              [36m&lt;/option&gt;[39m
              [36m&lt;option[39m
                [33mvalue[39m=[32m&quot;chemistry&quot;[39m
              [36m&gt;[39m
                [0mKimya[0m
              [36m&lt;/option&gt;[39m
              [36m&lt;option[39m
                [33mvalue[39m=[32m&quot;biology&quot;[39m
              [36m&gt;[39m
                [0mBiyoloji[0m
              [36m&lt;/option&gt;[39m
              [36m&lt;option[39m
                [33mvalue[39m=[32m&quot;turkish&quot;[39m
              [36m&gt;[39m
                [0mTürkçe[0m
              [36m&lt;/option&gt;[39m
              [36m&lt;option[39m
                [33mvalue[39m=[32m&quot;history&quot;[39m
              [36m&gt;[39m
                [0mTarih[0m
              [36m&lt;/option&gt;[39m
              [36m&lt;option[39m
                [33mvalue[39m=[32m&quot;geography&quot;[39m
              [36m&gt;[39m
                [0mCoğrafya[0m
              [36m&lt;/option&gt;[39m
              [36m&lt;option[39m
                [33mvalue[39m=[32m&quot;english&quot;[39m
              [36m&gt;[39m
                [0mİngilizce[0m
              [36m&lt;/option&gt;[39m
            [36m&lt;/select&gt;[39m
          [36m&lt;/div&gt;[39m
          [36m&lt;div[39m
            [33mclass[39m=[32m&quot;filter-group&quot;[39m
          [36m&gt;[39m
            [36m&lt;label&gt;[39m
              [0mŞehir:[0m
            [36m&lt;/label&gt;[39m
            [36m&lt;input[39m
              [33mplaceholder[39m=[32m&quot;İstanbul, Ankara...&quot;[39m
              [33mtype[39m=[32m&quot;text&quot;[39m
              [33mvalue[39m=[32m&quot;&quot;[39m
            [36m/&gt;[39m
          [36m&lt;/div&gt;[39m
          [36m&lt;div[39m
            [33mclass[39m=[32m&quot;filter-group&quot;[39m
          [36m&gt;[39m
            [36m&lt;label&gt;[39m
              [0mMinimum Puan:[0m
            [36m&lt;/label&gt;[39m
            [36m&lt;input[39m
              [33mmax[39m=[32m&quot;5&quot;[39m
              [33mmin[39m=[32m&quot;0&quot;[39m
              [33mstep[39m=[32m&quot;0.5&quot;[39m
              [33mtype[39m=[32m&quot;number&quot;[39m
              [33mvalue[39m=[32m&quot;0&quot;[39m
            [36m/&gt;[39m
          [36m&lt;/div&gt;[39m
          [36m&lt;div[39m
            [33mclass[39m=[32m&quot;filter-group&quot;[39m
          [36m&gt;[39m
            [36m&lt;label&gt;[39m
              [0mMax Ücret (₺/saat):[0m
            [36m&lt;/label&gt;[39m
            [36m&lt;input[39m
              [33mmin[39m=[32m&quot;0&quot;[39m
              [33mtype[39m=[32m&quot;number&quot;[39m
              [33mvalue[39m=[32m&quot;0&quot;[39m
            [36m/&gt;[39m
          [36m&lt;/div&gt;[39m
          [36m&lt;div[39m
            [33mclass[39m=[32m&quot;filter-group checkbox&quot;[39m
          [36m&gt;[39m
            [36m&lt;label&gt;[39m
              [36m&lt;input[39m
                [33mtype[39m=[32m&quot;checkbox&quot;[39m
              [36m/&gt;[39m
              [0mSadece Online[0m
            [36m&lt;/label&gt;[39m
          [36m&lt;/div&gt;[39m
          [36m&lt;button[39m
            [33mclass[39m=[32m&quot;btn-search&quot;[39m
          [36m&gt;[39m
            [0mAra[0m
          [36m&lt;/button&gt;[39m
        [36m&lt;/div&gt;[39m
        [36m&lt;div[39m
          [33mclass[39m=[32m&quot;teacher-list&quot;[39m
        [36m&gt;[39m
          [36m&lt;div[39m
            [33mclass[39m=[32m&quot;teacher-card&quot;[39m
          [36m&gt;[39m
            [36m&lt;div[39m
              [33mclass[39m=[32m&quot;teacher-avatar&quot;[39m
            [36m&gt;[39m
              [36m&lt;div[39m
                [33mclass[39m=[32m&quot;avatar-placeholder&quot;[39m
              [36m&gt;[39m
                [0mD[0m
              [36m&lt;/div&gt;[39m
            [36m&lt;/div&gt;[39m
            [36m&lt;div[39m
              [33mclass[39m=[32m&quot;teacher-info&quot;[39m
            [36m&gt;[39m
              [36m&lt;h3&gt;[39m
                [0mDr. Ahmet Yılmaz[0m
              [36m&lt;/h3&gt;[39m
              [36m&lt;p[39m
                [33mclass[39m=[32m&quot;teacher-title&quot;[39m
              [36m&gt;[39m
                [0mDoktor[0m
              [36m&lt;/p&gt;[39m
              [36m&lt;p[39m
                [33mclass[39m=[32m&quot;teacher-bio&quot;[39m
              [36m&gt;[39m
                [0mMatematik eğitimi uzmanı[0m
                [0m...[0m
              [36m&lt;/p&gt;[39m
              [36m&lt;div[39m
                [33mclass[39m=[32m&quot;teacher-meta&quot;[39m
              [36m&gt;[39m
                [36m&lt;span[39m
                  [33mclass[39m=[32m&quot;rating&quot;[39m
                [36m&gt;[39m
                  [0m⭐ [0m
                  [0m4.8[0m
                  [0m ([0m
                  [0m120[0m
                  [0m)[0m
                [36m&lt;/span&gt;[39m
                [36m&lt;span[39m
                  [33mclass[39m=[32m&quot;experience&quot;[39m
                [36m&gt;[39m
                  [0m15[0m
                  [0m yıl[0m
                [36m&lt;/span&gt;[39m
                [36m&lt;span[39m
                  [33mclass[39m=[32m&quot;location&quot;[39m
                [36m&gt;[39m
                  [0m📍 [0m
                  [0mİstanbul[0m
                [36m&lt;/span&gt;[39m
              [36m&lt;/div&gt;[39m
              [36m&lt;div[39m
                [33mclass[39m=[32m&quot;teacher-rate&quot;[39m
              [36m&gt;[39m
                [36m&lt;strong&gt;[39m
                  [0m300[0m
                  [0m [0m
                  [0mTRY[0m
                [36m&lt;/strong&gt;[39m
                [0m / saat[0m
              [36m&lt;/div&gt;[39m
            [36m&lt;/div&gt;[39m
          [36m&lt;/div&gt;[39m
          [36m&lt;div[39m
            [33mclass[39m=[32m&quot;teacher-card&quot;[39m
          [36m&gt;[39m
            [36m&lt;div[39m
              [33mclass[39m=[32m&quot;teacher-avatar&quot;[39m
            [36m&gt;[39m
              [36m&lt;div[39m
                [33mclass[39m=[32m&quot;avatar-placeholder&quot;[39m
              [36m&gt;[39m
                [0mP[0m
              [36m&lt;/div&gt;[39m
            [36m&lt;/div&gt;[39m
            [36m&lt;div[39m
              [33mclass[39m=[32m&quot;teacher-info&quot;[39m
            [36m&gt;[39m
              [36m&lt;h3&gt;[39m
                [0mProf. Ayşe Demir[0m
              [36m&lt;/h3&gt;[39m
              [36m&lt;p[39m
                [33mclass[39m=[32m&quot;teacher-title&quot;[39m
              [36m&gt;[39m
                [0mProfesör[0m
              [36m&lt;/p&gt;[39m
              [36m&lt;p[39m
                [33mclass[39m=[32m&quot;teacher-bio&quot;[39m
              [36m&gt;[39m
                [0mFizik eğitimi[0m
                [0m...[0m
              [36m&lt;/p&gt;[39m
              [36m&lt;div[39m
                [33mclass[39m=[32m&quot;teacher-meta&quot;[39m
              [36m&gt;[39m
                [36m&lt;span[39m
                  [33mclass[39m=[32m&quot;rating&quot;[39m
                [36m&gt;[39m
                  [0m⭐ [0m
                  [0m4.9[0m
                  [0m ([0m
                  [0m200[0m
                  [0m)[0m
                [36m&lt;/span&gt;[39m
                [36m&lt;span[39m
                  [33mclass[39m=[32m&quot;experience&quot;[39m
                [36m&gt;[39m
                  [0m20[0m
                  [0m yıl[0m
                [36m&lt;/span&gt;[39m
                [36m&lt;span[39m
                  [33mclass[39m=[32m&quot;location&quot;[39m
                [36m&gt;[39m
                  [0m📍 [0m
                  [0mAnkara[0m
                [36m&lt;/span&gt;[39m
              [36m&lt;/div&gt;[39m
              [36m&lt;div[39m
                [33mclass[39m=[32m&quot;teacher-rate&quot;[39m
              [36m&gt;[39m
                [36m&lt;strong&gt;[39m
                  [0m350[0m
                  [0m [0m
                  [0mTRY[0m
                [36m&lt;/strong&gt;[39m
                [0m / saat[0m
              [36m&lt;/div&gt;[39m
            [36m&lt;/div&gt;[39m
          [36m&lt;/div&gt;[39m
        [36m&lt;/div&gt;[39m
      [36m&lt;/div&gt;[39m
    [36m&lt;/div&gt;[39m
  [36m&lt;/div&gt;[39m
[36m&lt;/body&gt;[39m

Ignored nodes: comments, script, style
[36m&lt;html&gt;[39m
  [36m&lt;head /&gt;[39m
  [36m&lt;body&gt;[39m
    [36m&lt;div&gt;[39m
      [36m&lt;div[39m
        [33mclass[39m=[32m&quot;teacher-pool&quot;[39m
      [36m&gt;[39m
        [36m&lt;div[39m
          [33mclass[39m=[32m&quot;teacher-pool-header&quot;[39m
        [36m&gt;[39m
          [36m&lt;h1&gt;[39m
            [0mÖğretmen Havuzu[0m
          [36m&lt;/h1&gt;[39m
          [36m&lt;div[39m
            [33mclass[39m=[32m&quot;view-tabs&quot;[39m
          [36m&gt;[39m
            [36m&lt;button[39m
              [33mclass[39m=[32m&quot;active&quot;[39m
            [36m&gt;[39m
              [0mÖğretmen Ara[0m
            [36m&lt;/button&gt;[39m
            [36m&lt;button[39m
              [33mclass[39m=[32m&quot;&quot;[39m
            [36m&gt;[39m
              [0mRandevularım[0m
            [36m&lt;/button&gt;[39m
          [36m&lt;/div&gt;[39m
        [36m&lt;/div&gt;[39m
        [36m&lt;div[39m
          [33mclass[39m=[32m&quot;search-view&quot;[39m
        [36m&gt;[39m
          [36m&lt;div[39m
            [33mclass[39m=[32m&quot;search-filters&quot;[39m
          [36m&gt;[39m
            [36m&lt;h3&gt;[39m
              [0mFiltreler[0m
            [36m&lt;/h3&gt;[39m
            [36m&lt;div[39m
              [33mclass[39m=[32m&quot;filter-group&quot;[39m
            [36m&gt;[39m
              [36m&lt;label&gt;[39m
                [0mDers:[0m
              [36m&lt;/label&gt;[39m
              [36m&lt;select&gt;[39m
                [36m&lt;option[39m
                  [33mvalue[39m=[32m&quot;&quot;[39m
                [36m&gt;[39m
                  [0mTümü[0m
                [36m&lt;/option&gt;[39m
                [36m&lt;option[39m
                  [33mvalue[39m=[32m&quot;mathematics&quot;[39m
                [36m&gt;[39m
                  [0mMatematik[0m
                [36m&lt;/option&gt;[39m
                [36m&lt;option[39m
                  [33mvalue[39m=[32m&quot;physics&quot;[39m
                [36m&gt;[39m
                  [0mFizik[0m
                [36m&lt;/option&gt;[39m
                [36m&lt;option[39m
                  [33mvalue[39m=[32m&quot;chemistry&quot;[39m
                [36m&gt;[39m
                  [0mKimya[0m
                [36m&lt;/option&gt;[39m
                [36m&lt;option[39m
                  [33mvalue[39m=[32m&quot;biology&quot;[39m
                [36m&gt;[39m
                  [0mBiyoloji[0m
                [36m&lt;/option&gt;[39m
                [36m&lt;option[39m
                  [33mvalue[39m=[32m&quot;turkish&quot;[39m
                [36m&gt;[39m
                  [0mTürkçe[0m
                [36m&lt;/option&gt;[39m
                [36m&lt;option[39m
                  [33mvalue[39m=[32m&quot;history&quot;[39m
                [36m&gt;[39m
                  [0mTarih[0m
                [36m&lt;/option&gt;[39m
                [36m&lt;option[39m
                  [33mvalue[39m=[32m&quot;geography&quot;[39m
                [36m&gt;[39m
                  [0mCoğrafya[0m
                [36m&lt;/option&gt;[39m
                [36m&lt;option[39m
                  [33mvalue[39m=[32m&quot;english&quot;[39m
                [36m&gt;[39m
                  [0mİngilizce[0m
                [36m&lt;/option&gt;[39m
              [36m&lt;/select&gt;[39m
            [36m&lt;/div&gt;[39m
            [36m&lt;div[39m
              [33mclass[39m=[32m&quot;filter-group&quot;[39m
            [36m&gt;[39m
              [36m&lt;label&gt;[39m
                [0mŞehir:[0m
              [36m&lt;/label&gt;[39m
              [36m&lt;input[39m
                [33mplaceholder[39m=[32m&quot;İstanbul, Ankara...&quot;[39m
                [33mtype[39m=[32m&quot;text&quot;[39m
                [33mvalue[39m=[32m&quot;&quot;[39m
              [36m/&gt;[39m
            [36m&lt;/div&gt;[39m
            [36m&lt;div[39m
              [33mclass[39m=[32m&quot;filter-group&quot;[39m
            [36m&gt;[39m
              [36m&lt;label&gt;[39m
                [0mMinimum Puan:[0m
              [36m&lt;/label&gt;[39m
              [36m&lt;input[39m
                [33mmax[39m=[32m&quot;5&quot;[39m
                [33mmin[39m=[32m&quot;0&quot;[39m
                [33mstep[39m=[32m&quot;0.5&quot;[39m
                [33mtype[39m=[32m&quot;number&quot;[39m
                [33mvalue[39m=[32m&quot;0&quot;[39m
              [36m/&gt;[39m
            [36m&lt;/div&gt;[39m
            [36m&lt;div[39m
              [33mclass[39m=[32m&quot;filter-group&quot;[39m
            [36m&gt;[39m
              [36m&lt;label&gt;[39m
                [0mMax Ücret (₺/saat):[0m
              [36m&lt;/label&gt;[39m
              [36m&lt;input[39m
                [33mmin[39m=[32m&quot;0&quot;[39m
                [33mtype[39m=[32m&quot;number&quot;[39m
                [33mvalue[39m=[32m&quot;0&quot;[39m
              [36m/&gt;[39m
            [36m&lt;/div&gt;[39m
            [36m&lt;div[39m
              [33mclass[39m=[32m&quot;filter-group checkbox&quot;[39m
            [36m&gt;[39m
              [36m&lt;label&gt;[39m
                [36m&lt;input[39m
                  [33mtype[39m=[32m&quot;checkbox&quot;[39m
                [36m/&gt;[39m
                [0mSadece Online[0m
              [36m&lt;/label&gt;[39m
            [36m&lt;/div&gt;[39m
            [36m&lt;button[39m
              [33mclass[39m=[32m&quot;btn-search&quot;[39m
            [36m&gt;[39m
              [0mAra[0m
            [36m&lt;/button&gt;[39m
          [36m&lt;/div&gt;[39m
          [36m&lt;div[39m
            [33mclass[39m=[32m&quot;teacher-list&quot;[39m
          [36m&gt;[39m
            [36m&lt;div[39m
              [33mclass[39m=[32m&quot;teacher-card&quot;[39m
            [36m&gt;[39m
              [36m&lt;div[39m
                [33mclass[39m=[32m&quot;teacher-avatar&quot;[39m
              [36m&gt;[39m
                [36m&lt;div[39m
                  [33mclass[39m=[32m&quot;avatar-placeholder&quot;[39m
                [36m&gt;[39m
                  [0mD[0m
                [36m&lt;/div&gt;[39m
              [36m&lt;/div&gt;[39m
              [36m&lt;div[39m
                [33mclass[39m=[32m&quot;teacher-info&quot;[39m
              [36m&gt;[39m
                [36m&lt;h3&gt;[39m
                  [0mDr. Ahmet Yılmaz[0m
                [36m&lt;/h3&gt;[39m
                [36m&lt;p[39m
                  [33mclass[39m=[32m&quot;teacher-title&quot;[39m
                [36m&gt;[39m
                  [0mDoktor[0m
                [36m&lt;/p&gt;[39m
                [36m&lt;p[39m
                  [33mclass[39m=[32m&quot;teacher-bio&quot;[39m
                [36m&gt;[39m
                  [0mMatematik eğitimi uzmanı[0m
                  [0m...[0m
                [36m&lt;/p&gt;[39m
                [36m&lt;div[39m
                  [33mclass[39m=[32m&quot;teacher-meta&quot;[39m
                [36m&gt;[39m
                  [36m&lt;span[39m
                    [33mclass[39m=[32m&quot;rating&quot;[39m
                  [36m&gt;[39m
                    [0m⭐ [0m
                    [0m4.8[0m
                    [0m ([0m
                    [0m120[0m
                    [0m)[0m
                  [36m&lt;/span&gt;[39m
                  [36m&lt;span[39m
                    [33mclass[39m=[32m&quot;experience&quot;[39m
                  [36m&gt;[39m
                    [0m15[0m
                    [0m yıl[0m
                  [36m&lt;/span&gt;[39m
                  [36m&lt;span[39m
                    [33mclass[39m=[32m&quot;location&quot;[39m
                  [36m&gt;[39m
                    [0m📍 [0m
                    [0mİstanbul[0m
                  [36m&lt;/span&gt;[39m
                [36m&lt;/div&gt;[39m
                [36m&lt;div[39m
                  [33mclass[39m=[32m&quot;teacher-rate&quot;[39m
                [36m&gt;[39m
                  [36m&lt;strong&gt;[39m
                    [0m300[0m
                    [0m [0m
                    [0mTRY[0m
                  [36m&lt;/strong&gt;[39m
                  [0m / saat[0m
                [36m&lt;/div&gt;[39m
              [36m&lt;/div&gt;[39m
            [36m&lt;/div&gt;[39m
            [36m&lt;div[39m
              [33mclass[39m=[32m&quot;teacher-card&quot;[39m
            [36m&gt;[39m
              [36m&lt;div[39m
                [33mclass[39m=[32m&quot;teacher-avatar&quot;[39m
              [36m&gt;[39m
                [36m&lt;div[39m
                  [33mclass[39m=[32m&quot;avatar-placeholder&quot;[39m
                [36m&gt;[39m
                  [0mP[0m
                [36m&lt;/div&gt;[39m
              [36m&lt;/div&gt;[39m
              [36m&lt;div[39m
                [33mclass[39m=[32m&quot;teacher-info&quot;[39m
              [36m&gt;[39m
                [36m&lt;h3&gt;[39m
                  [0mProf. Ayşe Demir[0m
                [36m&lt;/h3&gt;[39m
                [36m&lt;p[39m
                  [33mclass[39m=[32m&quot;teacher-title&quot;[39m
                [36m&gt;[39m
                  [0mProfesör[0m
                [36m&lt;/p&gt;[39m
                [36m&lt;p[39m
                  [33mclass[39m=[32m&quot;teacher-bio&quot;[39m
                [36m&gt;[39m
                  [0mFizik eğitimi[0m
                  [0m...[0m
                [36m&lt;/p&gt;[39m
                [36m&lt;div[39m
                  [33mclass[39m=[32m&quot;teacher-meta&quot;[39m
                [36m&gt;[39m
                  [36m&lt;span[39m
                    [33mclass[39m=[32m&quot;rating&quot;[39m
                  [36m&gt;[39m
                    [0m⭐ [0m
                    [0m4.9[0m
                    [0m ([0m
                    [0m200[0m
                    [0m)[0m
                  [36m&lt;/span&gt;[39m
                  [36m&lt;span[39m
                    [33mclass[39m=[32m&quot;experience&quot;[39m
                  [36m&gt;[39m
                    [0m20[0m
                    [0m yıl[0m
                  [36m&lt;/span&gt;[39m
                  [36m&lt;span[39m
                    [33mclass[39m=[32m&quot;location&quot;[39m
                  [36m&gt;[39m
                    [0m📍 [0m
                    [0mAnkara[0m
                  [36m&lt;/span&gt;[39m
                [36m&lt;/div&gt;[39m
                [36m&lt;div[39m
                  [33mclass[39m=[32m&quot;teacher-rate&quot;[39m
                [36m&gt;[39m
                  [36m&lt;strong&gt;[39m
                    [0m350[0m
                    [0m [0m
                    [0mTRY[0m
                  [36m&lt;/strong&gt;[39m
                  [0m / saat[0m
                [36m&lt;/div&gt;[39m
              [36m&lt;/div&gt;[39m
            [36m&lt;/div&gt;[39m
          [36m&lt;/div&gt;[39m
        [36m&lt;/div&gt;[39m
      [36m&lt;/div&gt;[39m
    [36m&lt;/div&gt;[39m
  [36m&lt;/body&gt;[39m
[36m&lt;/html&gt;[39m" type="TestingLibraryElementError">
TestingLibraryElementError: Unable to find an element with the text: /Profil Görüntüle/i. This could be because the text is broken up by multiple elements. In this case, you can provide a function for your text matcher to make your matcher more flexible.

Ignored nodes: comments, script, style
&lt;body&gt;
  &lt;div&gt;
    &lt;div
      class=&quot;teacher-pool&quot;
    &gt;
      &lt;div
        class=&quot;teacher-pool-header&quot;
      &gt;
        &lt;h1&gt;
          Öğretmen Havuzu
        &lt;/h1&gt;
        &lt;div
          class=&quot;view-tabs&quot;
        &gt;
          &lt;button
            class=&quot;active&quot;
          &gt;
            Öğretmen Ara
          &lt;/button&gt;
          &lt;button
            class=&quot;&quot;
          &gt;
            Randevularım
          &lt;/button&gt;
        &lt;/div&gt;
      &lt;/div&gt;
      &lt;div
        class=&quot;search-view&quot;
      &gt;
        &lt;div
          class=&quot;search-filters&quot;
        &gt;
          &lt;h3&gt;
            Filtreler
          &lt;/h3&gt;
          &lt;div
            class=&quot;filter-group&quot;
          &gt;
            &lt;label&gt;
              Ders:
            &lt;/label&gt;
            &lt;select&gt;
              &lt;option
                value=&quot;&quot;
              &gt;
                Tümü
              &lt;/option&gt;
              &lt;option
                value=&quot;mathematics&quot;
              &gt;
                Matematik
              &lt;/option&gt;
              &lt;option
                value=&quot;physics&quot;
              &gt;
                Fizik
              &lt;/option&gt;
              &lt;option
                value=&quot;chemistry&quot;
              &gt;
                Kimya
              &lt;/option&gt;
              &lt;option
                value=&quot;biology&quot;
              &gt;
                Biyoloji
              &lt;/option&gt;
              &lt;option
                value=&quot;turkish&quot;
              &gt;
                Türkçe
              &lt;/option&gt;
              &lt;option
                value=&quot;history&quot;
              &gt;
                Tarih
              &lt;/option&gt;
              &lt;option
                value=&quot;geography&quot;
              &gt;
                Coğrafya
              &lt;/option&gt;
              &lt;option
                value=&quot;english&quot;
              &gt;
                İngilizce
              &lt;/option&gt;
            &lt;/select&gt;
          &lt;/div&gt;
          &lt;div
            class=&quot;filter-group&quot;
          &gt;
            &lt;label&gt;
              Şehir:
            &lt;/label&gt;
            &lt;input
              placeholder=&quot;İstanbul, Ankara...&quot;
              type=&quot;text&quot;
              value=&quot;&quot;
            /&gt;
          &lt;/div&gt;
          &lt;div
            class=&quot;filter-group&quot;
          &gt;
            &lt;label&gt;
              Minimum Puan:
            &lt;/label&gt;
            &lt;input
              max=&quot;5&quot;
              min=&quot;0&quot;
              step=&quot;0.5&quot;
              type=&quot;number&quot;
              value=&quot;0&quot;
            /&gt;
          &lt;/div&gt;
          &lt;div
            class=&quot;filter-group&quot;
          &gt;
            &lt;label&gt;
              Max Ücret (₺/saat):
            &lt;/label&gt;
            &lt;input
              min=&quot;0&quot;
              type=&quot;number&quot;
              value=&quot;0&quot;
            /&gt;
          &lt;/div&gt;
          &lt;div
            class=&quot;filter-group checkbox&quot;
          &gt;
            &lt;label&gt;
              &lt;input
                type=&quot;checkbox&quot;
              /&gt;
              Sadece Online
            &lt;/label&gt;
          &lt;/div&gt;
          &lt;button
            class=&quot;btn-search&quot;
          &gt;
            Ara
          &lt;/button&gt;
        &lt;/div&gt;
        &lt;div
          class=&quot;teacher-list&quot;
        &gt;
          &lt;div
            class=&quot;teacher-card&quot;
          &gt;
            &lt;div
              class=&quot;teacher-avatar&quot;
            &gt;
              &lt;div
                class=&quot;avatar-placeholder&quot;
              &gt;
                D
              &lt;/div&gt;
            &lt;/div&gt;
            &lt;div
              class=&quot;teacher-info&quot;
            &gt;
              &lt;h3&gt;
                Dr. Ahmet Yılmaz
              &lt;/h3&gt;
              &lt;p
                class=&quot;teacher-title&quot;
              &gt;
                Doktor
              &lt;/p&gt;
              &lt;p
                class=&quot;teacher-bio&quot;
              &gt;
                Matematik eğitimi uzmanı
                ...
              &lt;/p&gt;
              &lt;div
                class=&quot;teacher-meta&quot;
              &gt;
                &lt;span
                  class=&quot;rating&quot;
                &gt;
                  ⭐ 
                  4.8
                   (
                  120
                  )
                &lt;/span&gt;
                &lt;span
                  class=&quot;experience&quot;
                &gt;
                  15
                   yıl
                &lt;/span&gt;
                &lt;span
                  class=&quot;location&quot;
                &gt;
                  📍 
                  İstanbul
                &lt;/span&gt;
              &lt;/div&gt;
              &lt;div
                class=&quot;teacher-rate&quot;
              &gt;
                &lt;strong&gt;
                  300
                   
                  TRY
                &lt;/strong&gt;
                 / saat
              &lt;/div&gt;
            &lt;/div&gt;
          &lt;/div&gt;
          &lt;div
            class=&quot;teacher-card&quot;
          &gt;
            &lt;div
              class=&quot;teacher-avatar&quot;
            &gt;
              &lt;div
                class=&quot;avatar-placeholder&quot;
              &gt;
                P
              &lt;/div&gt;
            &lt;/div&gt;
            &lt;div
              class=&quot;teacher-info&quot;
            &gt;
              &lt;h3&gt;
                Prof. Ayşe Demir
              &lt;/h3&gt;
              &lt;p
                class=&quot;teacher-title&quot;
              &gt;
                Profesör
              &lt;/p&gt;
              &lt;p
                class=&quot;teacher-bio&quot;
              &gt;
                Fizik eğitimi
                ...
              &lt;/p&gt;
              &lt;div
                class=&quot;teacher-meta&quot;
              &gt;
                &lt;span
                  class=&quot;rating&quot;
                &gt;
                  ⭐ 
                  4.9
                   (
                  200
                  )
                &lt;/span&gt;
                &lt;span
                  class=&quot;experience&quot;
                &gt;
                  20
                   yıl
                &lt;/span&gt;
                &lt;span
                  class=&quot;location&quot;
                &gt;
                  📍 
                  Ankara
                &lt;/span&gt;
              &lt;/div&gt;
              &lt;div
                class=&quot;teacher-rate&quot;
              &gt;
                &lt;strong&gt;
                  350
                   
                  TRY
                &lt;/strong&gt;
                 / saat
              &lt;/div&gt;
            &lt;/div&gt;
          &lt;/div&gt;
        &lt;/div&gt;
      &lt;/div&gt;
    &lt;/div&gt;
  &lt;/div&gt;
&lt;/body&gt;

Ignored nodes: comments, script, style
&lt;html&gt;
  &lt;head /&gt;
  &lt;body&gt;
    &lt;div&gt;
      &lt;div
        class=&quot;teacher-pool&quot;
      &gt;
        &lt;div
          class=&quot;teacher-pool-header&quot;
        &gt;
          &lt;h1&gt;
            Öğretmen Havuzu
          &lt;/h1&gt;
          &lt;div
            class=&quot;view-tabs&quot;
          &gt;
            &lt;button
              class=&quot;active&quot;
            &gt;
              Öğretmen Ara
            &lt;/button&gt;
            &lt;button
              class=&quot;&quot;
            &gt;
              Randevularım
            &lt;/button&gt;
          &lt;/div&gt;
        &lt;/div&gt;
        &lt;div
          class=&quot;search-view&quot;
        &gt;
          &lt;div
            class=&quot;search-filters&quot;
          &gt;
            &lt;h3&gt;
              Filtreler
            &lt;/h3&gt;
            &lt;div
              class=&quot;filter-group&quot;
            &gt;
              &lt;label&gt;
                Ders:
              &lt;/label&gt;
              &lt;select&gt;
                &lt;option
                  value=&quot;&quot;
                &gt;
                  Tümü
                &lt;/option&gt;
                &lt;option
                  value=&quot;mathematics&quot;
                &gt;
                  Matematik
                &lt;/option&gt;
                &lt;option
                  value=&quot;physics&quot;
                &gt;
                  Fizik
                &lt;/option&gt;
                &lt;option
                  value=&quot;chemistry&quot;
                &gt;
                  Kimya
                &lt;/option&gt;
                &lt;option
                  value=&quot;biology&quot;
                &gt;
                  Biyoloji
                &lt;/option&gt;
                &lt;option
                  value=&quot;turkish&quot;
                &gt;
                  Türkçe
                &lt;/option&gt;
                &lt;option
                  value=&quot;history&quot;
                &gt;
                  Tarih
                &lt;/option&gt;
                &lt;option
                  value=&quot;geography&quot;
                &gt;
                  Coğrafya
                &lt;/option&gt;
                &lt;option
                  value=&quot;english&quot;
                &gt;
                  İngilizce
                &lt;/option&gt;
              &lt;/select&gt;
            &lt;/div&gt;
            &lt;div
              class=&quot;filter-group&quot;
            &gt;
              &lt;label&gt;
                Şehir:
              &lt;/label&gt;
              &lt;input
                placeholder=&quot;İstanbul, Ankara...&quot;
                type=&quot;text&quot;
                value=&quot;&quot;
              /&gt;
            &lt;/div&gt;
            &lt;div
              class=&quot;filter-group&quot;
            &gt;
              &lt;label&gt;
                Minimum Puan:
              &lt;/label&gt;
              &lt;input
                max=&quot;5&quot;
                min=&quot;0&quot;
                step=&quot;0.5&quot;
                type=&quot;number&quot;
                value=&quot;0&quot;
              /&gt;
            &lt;/div&gt;
            &lt;div
              class=&quot;filter-group&quot;
            &gt;
              &lt;label&gt;
                Max Ücret (₺/saat):
              &lt;/label&gt;
              &lt;input
                min=&quot;0&quot;
                type=&quot;number&quot;
                value=&quot;0&quot;
              /&gt;
            &lt;/div&gt;
            &lt;div
              class=&quot;filter-group checkbox&quot;
            &gt;
              &lt;label&gt;
                &lt;input
                  type=&quot;checkbox&quot;
                /&gt;
                Sadece Online
              &lt;/label&gt;
            &lt;/div&gt;
            &lt;button
              class=&quot;btn-search&quot;
            &gt;
              Ara
            &lt;/button&gt;
          &lt;/div&gt;
          &lt;div
            class=&quot;teacher-list&quot;
          &gt;
            &lt;div
              class=&quot;teacher-card&quot;
            &gt;
              &lt;div
                class=&quot;teacher-avatar&quot;
              &gt;
                &lt;div
                  class=&quot;avatar-placeholder&quot;
                &gt;
                  D
                &lt;/div&gt;
              &lt;/div&gt;
              &lt;div
                class=&quot;teacher-info&quot;
              &gt;
                &lt;h3&gt;
                  Dr. Ahmet Yılmaz
                &lt;/h3&gt;
                &lt;p
                  class=&quot;teacher-title&quot;
                &gt;
                  Doktor
                &lt;/p&gt;
                &lt;p
                  class=&quot;teacher-bio&quot;
                &gt;
                  Matematik eğitimi uzmanı
                  ...
                &lt;/p&gt;
                &lt;div
                  class=&quot;teacher-meta&quot;
                &gt;
                  &lt;span
                    class=&quot;rating&quot;
                  &gt;
                    ⭐ 
                    4.8
                     (
                    120
                    )
                  &lt;/span&gt;
                  &lt;span
                    class=&quot;experience&quot;
                  &gt;
                    15
                     yıl
                  &lt;/span&gt;
                  &lt;span
                    class=&quot;location&quot;
                  &gt;
                    📍 
                    İstanbul
                  &lt;/span&gt;
                &lt;/div&gt;
                &lt;div
                  class=&quot;teacher-rate&quot;
                &gt;
                  &lt;strong&gt;
                    300
                     
                    TRY
                  &lt;/strong&gt;
                   / saat
                &lt;/div&gt;
              &lt;/div&gt;
            &lt;/div&gt;
            &lt;div
              class=&quot;teacher-card&quot;
            &gt;
              &lt;div
                class=&quot;teacher-avatar&quot;
              &gt;
                &lt;div
                  class=&quot;avatar-placeholder&quot;
                &gt;
                  P
                &lt;/div&gt;
              &lt;/div&gt;
              &lt;div
                class=&quot;teacher-info&quot;
              &gt;
                &lt;h3&gt;
                  Prof. Ayşe Demir
                &lt;/h3&gt;
                &lt;p
                  class=&quot;teacher-title&quot;
                &gt;
                  Profesör
                &lt;/p&gt;
                &lt;p
                  class=&quot;teacher-bio&quot;
                &gt;
                  Fizik eğitimi
                  ...
                &lt;/p&gt;
                &lt;div
                  class=&quot;teacher-meta&quot;
                &gt;
                  &lt;span
                    class=&quot;rating&quot;
                  &gt;
                    ⭐ 
                    4.9
                     (
                    200
                    )
                  &lt;/span&gt;
                  &lt;span
                    class=&quot;experience&quot;
                  &gt;
                    20
                     yıl
                  &lt;/span&gt;
                  &lt;span
                    class=&quot;location&quot;
                  &gt;
                    📍 
                    Ankara
                  &lt;/span&gt;
                &lt;/div&gt;
                &lt;div
                  class=&quot;teacher-rate&quot;
                &gt;
                  &lt;strong&gt;
                    350
                     
                    TRY
                  &lt;/strong&gt;
                   / saat
                &lt;/div&gt;
              &lt;/div&gt;
            &lt;/div&gt;
          &lt;/div&gt;
        &lt;/div&gt;
      &lt;/div&gt;
    &lt;/div&gt;
  &lt;/body&gt;
&lt;/html&gt;
 ❯ waitForWrapper node_modules/@testing-library/react/node_modules/@testing-library/dom/dist/wait-for.js:163:27
 ❯ src/components/TeacherPool/__tests__/TeacherPool.test.tsx:429:11
            </failure>
        </testcase>
        <testcase classname="src/components/TeacherPool/__tests__/TeacherPool.test.tsx" name="TeacherPool - My Appointments &gt; switches to appointments view" time="0.0299363">
            <system-err>
Error: Uncaught [TypeError: Cannot read properties of undefined (reading &apos;map&apos;)]
    at reportException (C:\Users\husey\kiro2\frontend\node_modules\jsdom\lib\jsdom\living\helpers\runtime-script-errors.js:66:24)
    at innerInvokeEventListeners (C:\Users\husey\kiro2\frontend\node_modules\jsdom\lib\jsdom\living\events\EventTarget-impl.js:353:9)
    at invokeEventListeners (C:\Users\husey\kiro2\frontend\node_modules\jsdom\lib\jsdom\living\events\EventTarget-impl.js:286:3)
    at HTMLUnknownElementImpl._dispatch (C:\Users\husey\kiro2\frontend\node_modules\jsdom\lib\jsdom\living\events\EventTarget-impl.js:233:9)
    at HTMLUnknownElementImpl.dispatchEvent (C:\Users\husey\kiro2\frontend\node_modules\jsdom\lib\jsdom\living\events\EventTarget-impl.js:104:17)
    at HTMLUnknownElement.dispatchEvent (C:\Users\husey\kiro2\frontend\node_modules\jsdom\lib\jsdom\living\generated\EventTarget.js:241:34)
    at Object.invokeGuardedCallbackDev (C:\Users\husey\kiro2\frontend\node_modules\react-dom\cjs\react-dom.development.js:4213:16)
    at invokeGuardedCallback (C:\Users\husey\kiro2\frontend\node_modules\react-dom\cjs\react-dom.development.js:4277:31)
    at beginWork$1 (C:\Users\husey\kiro2\frontend\node_modules\react-dom\cjs\react-dom.development.js:27490:7)
    at performUnitOfWork (C:\Users\husey\kiro2\frontend\node_modules\react-dom\cjs\react-dom.development.js:26599:12) TypeError: Cannot read properties of undefined (reading &apos;map&apos;)
    at TeacherPool [90m(C:\Users\husey\kiro2\frontend\[39msrc\components\TeacherPool\TeacherPool.tsx:620:29[90m)[39m
    at renderWithHooks [90m(C:\Users\husey\kiro2\frontend\[39mnode_modules\[4mreact-dom[24m\cjs\react-dom.development.js:15486:18[90m)[39m
    at updateFunctionComponent [90m(C:\Users\husey\kiro2\frontend\[39mnode_modules\[4mreact-dom[24m\cjs\react-dom.development.js:19617:20[90m)[39m
    at beginWork [90m(C:\Users\husey\kiro2\frontend\[39mnode_modules\[4mreact-dom[24m\cjs\react-dom.development.js:21640:16[90m)[39m
    at HTMLUnknownElement.callCallback [90m(C:\Users\husey\kiro2\frontend\[39mnode_modules\[4mreact-dom[24m\cjs\react-dom.development.js:4164:14[90m)[39m
    at HTMLUnknownElement.callTheUserObjectsOperation [90m(C:\Users\husey\kiro2\frontend\[39mnode_modules\[4mjsdom[24m\lib\jsdom\living\generated\EventListener.js:26:30[90m)[39m
    at innerInvokeEventListeners [90m(C:\Users\husey\kiro2\frontend\[39mnode_modules\[4mjsdom[24m\lib\jsdom\living\events\EventTarget-impl.js:350:25[90m)[39m
    at invokeEventListeners [90m(C:\Users\husey\kiro2\frontend\[39mnode_modules\[4mjsdom[24m\lib\jsdom\living\events\EventTarget-impl.js:286:3[90m)[39m
    at HTMLUnknownElementImpl._dispatch [90m(C:\Users\husey\kiro2\frontend\[39mnode_modules\[4mjsdom[24m\lib\jsdom\living\events\EventTarget-impl.js:233:9[90m)[39m
    at HTMLUnknownElementImpl.dispatchEvent [90m(C:\Users\husey\kiro2\frontend\[39mnode_modules\[4mjsdom[24m\lib\jsdom\living\events\EventTarget-impl.js:104:17[90m)[39m
Error: Uncaught [TypeError: Cannot read properties of undefined (reading &apos;map&apos;)]
    at reportException (C:\Users\husey\kiro2\frontend\node_modules\jsdom\lib\jsdom\living\helpers\runtime-script-errors.js:66:24)
    at innerInvokeEventListeners (C:\Users\husey\kiro2\frontend\node_modules\jsdom\lib\jsdom\living\events\EventTarget-impl.js:353:9)
    at invokeEventListeners (C:\Users\husey\kiro2\frontend\node_modules\jsdom\lib\jsdom\living\events\EventTarget-impl.js:286:3)
    at HTMLUnknownElementImpl._dispatch (C:\Users\husey\kiro2\frontend\node_modules\jsdom\lib\jsdom\living\events\EventTarget-impl.js:233:9)
    at HTMLUnknownElementImpl.dispatchEvent (C:\Users\husey\kiro2\frontend\node_modules\jsdom\lib\jsdom\living\events\EventTarget-impl.js:104:17)
    at HTMLUnknownElement.dispatchEvent (C:\Users\husey\kiro2\frontend\node_modules\jsdom\lib\jsdom\living\generated\EventTarget.js:241:34)
    at Object.invokeGuardedCallbackDev (C:\Users\husey\kiro2\frontend\node_modules\react-dom\cjs\react-dom.development.js:4213:16)
    at invokeGuardedCallback (C:\Users\husey\kiro2\frontend\node_modules\react-dom\cjs\react-dom.development.js:4277:31)
    at beginWork$1 (C:\Users\husey\kiro2\frontend\node_modules\react-dom\cjs\react-dom.development.js:27490:7)
    at performUnitOfWork (C:\Users\husey\kiro2\frontend\node_modules\react-dom\cjs\react-dom.development.js:26599:12) TypeError: Cannot read properties of undefined (reading &apos;map&apos;)
    at TeacherPool [90m(C:\Users\husey\kiro2\frontend\[39msrc\components\TeacherPool\TeacherPool.tsx:620:29[90m)[39m
    at renderWithHooks [90m(C:\Users\husey\kiro2\frontend\[39mnode_modules\[4mreact-dom[24m\cjs\react-dom.development.js:15486:18[90m)[39m
    at updateFunctionComponent [90m(C:\Users\husey\kiro2\frontend\[39mnode_modules\[4mreact-dom[24m\cjs\react-dom.development.js:19617:20[90m)[39m
    at beginWork [90m(C:\Users\husey\kiro2\frontend\[39mnode_modules\[4mreact-dom[24m\cjs\react-dom.development.js:21640:16[90m)[39m
    at HTMLUnknownElement.callCallback [90m(C:\Users\husey\kiro2\frontend\[39mnode_modules\[4mreact-dom[24m\cjs\react-dom.development.js:4164:14[90m)[39m
    at HTMLUnknownElement.callTheUserObjectsOperation [90m(C:\Users\husey\kiro2\frontend\[39mnode_modules\[4mjsdom[24m\lib\jsdom\living\generated\EventListener.js:26:30[90m)[39m
    at innerInvokeEventListeners [90m(C:\Users\husey\kiro2\frontend\[39mnode_modules\[4mjsdom[24m\lib\jsdom\living\events\EventTarget-impl.js:350:25[90m)[39m
    at invokeEventListeners [90m(C:\Users\husey\kiro2\frontend\[39mnode_modules\[4mjsdom[24m\lib\jsdom\living\events\EventTarget-impl.js:286:3[90m)[39m
    at HTMLUnknownElementImpl._dispatch [90m(C:\Users\husey\kiro2\frontend\[39mnode_modules\[4mjsdom[24m\lib\jsdom\living\events\EventTarget-impl.js:233:9[90m)[39m
    at HTMLUnknownElementImpl.dispatchEvent [90m(C:\Users\husey\kiro2\frontend\[39mnode_modules\[4mjsdom[24m\lib\jsdom\living\events\EventTarget-impl.js:104:17[90m)[39m

            </system-err>
        </testcase>
        <testcase classname="src/components/TeacherPool/__tests__/TeacherPool.test.tsx" name="TeacherPool - My Appointments &gt; displays appointment list" time="1.0173893">
            <system-err>
Error: Uncaught [TypeError: Cannot read properties of undefined (reading &apos;map&apos;)]
    at reportException (C:\Users\husey\kiro2\frontend\node_modules\jsdom\lib\jsdom\living\helpers\runtime-script-errors.js:66:24)
    at innerInvokeEventListeners (C:\Users\husey\kiro2\frontend\node_modules\jsdom\lib\jsdom\living\events\EventTarget-impl.js:353:9)
    at invokeEventListeners (C:\Users\husey\kiro2\frontend\node_modules\jsdom\lib\jsdom\living\events\EventTarget-impl.js:286:3)
    at HTMLUnknownElementImpl._dispatch (C:\Users\husey\kiro2\frontend\node_modules\jsdom\lib\jsdom\living\events\EventTarget-impl.js:233:9)
    at HTMLUnknownElementImpl.dispatchEvent (C:\Users\husey\kiro2\frontend\node_modules\jsdom\lib\jsdom\living\events\EventTarget-impl.js:104:17)
    at HTMLUnknownElement.dispatchEvent (C:\Users\husey\kiro2\frontend\node_modules\jsdom\lib\jsdom\living\generated\EventTarget.js:241:34)
    at Object.invokeGuardedCallbackDev (C:\Users\husey\kiro2\frontend\node_modules\react-dom\cjs\react-dom.development.js:4213:16)
    at invokeGuardedCallback (C:\Users\husey\kiro2\frontend\node_modules\react-dom\cjs\react-dom.development.js:4277:31)
    at beginWork$1 (C:\Users\husey\kiro2\frontend\node_modules\react-dom\cjs\react-dom.development.js:27490:7)
    at performUnitOfWork (C:\Users\husey\kiro2\frontend\node_modules\react-dom\cjs\react-dom.development.js:26599:12) TypeError: Cannot read properties of undefined (reading &apos;map&apos;)
    at TeacherPool [90m(C:\Users\husey\kiro2\frontend\[39msrc\components\TeacherPool\TeacherPool.tsx:620:29[90m)[39m
    at renderWithHooks [90m(C:\Users\husey\kiro2\frontend\[39mnode_modules\[4mreact-dom[24m\cjs\react-dom.development.js:15486:18[90m)[39m
    at updateFunctionComponent [90m(C:\Users\husey\kiro2\frontend\[39mnode_modules\[4mreact-dom[24m\cjs\react-dom.development.js:19617:20[90m)[39m
    at beginWork [90m(C:\Users\husey\kiro2\frontend\[39mnode_modules\[4mreact-dom[24m\cjs\react-dom.development.js:21640:16[90m)[39m
    at HTMLUnknownElement.callCallback [90m(C:\Users\husey\kiro2\frontend\[39mnode_modules\[4mreact-dom[24m\cjs\react-dom.development.js:4164:14[90m)[39m
    at HTMLUnknownElement.callTheUserObjectsOperation [90m(C:\Users\husey\kiro2\frontend\[39mnode_modules\[4mjsdom[24m\lib\jsdom\living\generated\EventListener.js:26:30[90m)[39m
    at innerInvokeEventListeners [90m(C:\Users\husey\kiro2\frontend\[39mnode_modules\[4mjsdom[24m\lib\jsdom\living\events\EventTarget-impl.js:350:25[90m)[39m
    at invokeEventListeners [90m(C:\Users\husey\kiro2\frontend\[39mnode_modules\[4mjsdom[24m\lib\jsdom\living\events\EventTarget-impl.js:286:3[90m)[39m
    at HTMLUnknownElementImpl._dispatch [90m(C:\Users\husey\kiro2\frontend\[39mnode_modules\[4mjsdom[24m\lib\jsdom\living\events\EventTarget-impl.js:233:9[90m)[39m
    at HTMLUnknownElementImpl.dispatchEvent [90m(C:\Users\husey\kiro2\frontend\[39mnode_modules\[4mjsdom[24m\lib\jsdom\living\events\EventTarget-impl.js:104:17[90m)[39m
Error: Uncaught [TypeError: Cannot read properties of undefined (reading &apos;map&apos;)]
    at reportException (C:\Users\husey\kiro2\frontend\node_modules\jsdom\lib\jsdom\living\helpers\runtime-script-errors.js:66:24)
    at innerInvokeEventListeners (C:\Users\husey\kiro2\frontend\node_modules\jsdom\lib\jsdom\living\events\EventTarget-impl.js:353:9)
    at invokeEventListeners (C:\Users\husey\kiro2\frontend\node_modules\jsdom\lib\jsdom\living\events\EventTarget-impl.js:286:3)
    at HTMLUnknownElementImpl._dispatch (C:\Users\husey\kiro2\frontend\node_modules\jsdom\lib\jsdom\living\events\EventTarget-impl.js:233:9)
    at HTMLUnknownElementImpl.dispatchEvent (C:\Users\husey\kiro2\frontend\node_modules\jsdom\lib\jsdom\living\events\EventTarget-impl.js:104:17)
    at HTMLUnknownElement.dispatchEvent (C:\Users\husey\kiro2\frontend\node_modules\jsdom\lib\jsdom\living\generated\EventTarget.js:241:34)
    at Object.invokeGuardedCallbackDev (C:\Users\husey\kiro2\frontend\node_modules\react-dom\cjs\react-dom.development.js:4213:16)
    at invokeGuardedCallback (C:\Users\husey\kiro2\frontend\node_modules\react-dom\cjs\react-dom.development.js:4277:31)
    at beginWork$1 (C:\Users\husey\kiro2\frontend\node_modules\react-dom\cjs\react-dom.development.js:27490:7)
    at performUnitOfWork (C:\Users\husey\kiro2\frontend\node_modules\react-dom\cjs\react-dom.development.js:26599:12) TypeError: Cannot read properties of undefined (reading &apos;map&apos;)
    at TeacherPool [90m(C:\Users\husey\kiro2\frontend\[39msrc\components\TeacherPool\TeacherPool.tsx:620:29[90m)[39m
    at renderWithHooks [90m(C:\Users\husey\kiro2\frontend\[39mnode_modules\[4mreact-dom[24m\cjs\react-dom.development.js:15486:18[90m)[39m
    at updateFunctionComponent [90m(C:\Users\husey\kiro2\frontend\[39mnode_modules\[4mreact-dom[24m\cjs\react-dom.development.js:19617:20[90m)[39m
    at beginWork [90m(C:\Users\husey\kiro2\frontend\[39mnode_modules\[4mreact-dom[24m\cjs\react-dom.development.js:21640:16[90m)[39m
    at HTMLUnknownElement.callCallback [90m(C:\Users\husey\kiro2\frontend\[39mnode_modules\[4mreact-dom[24m\cjs\react-dom.development.js:4164:14[90m)[39m
    at HTMLUnknownElement.callTheUserObjectsOperation [90m(C:\Users\husey\kiro2\frontend\[39mnode_modules\[4mjsdom[24m\lib\jsdom\living\generated\EventListener.js:26:30[90m)[39m
    at innerInvokeEventListeners [90m(C:\Users\husey\kiro2\frontend\[39mnode_modules\[4mjsdom[24m\lib\jsdom\living\events\EventTarget-impl.js:350:25[90m)[39m
    at invokeEventListeners [90m(C:\Users\husey\kiro2\frontend\[39mnode_modules\[4mjsdom[24m\lib\jsdom\living\events\EventTarget-impl.js:286:3[90m)[39m
    at HTMLUnknownElementImpl._dispatch [90m(C:\Users\husey\kiro2\frontend\[39mnode_modules\[4mjsdom[24m\lib\jsdom\living\events\EventTarget-impl.js:233:9[90m)[39m
    at HTMLUnknownElementImpl.dispatchEvent [90m(C:\Users\husey\kiro2\frontend\[39mnode_modules\[4mjsdom[24m\lib\jsdom\living\events\EventTarget-impl.js:104:17[90m)[39m

            </system-err>
            <failure message="Unable to find an element with the text: /2025-10-30/. This could be because the text is broken up by multiple elements. In this case, you can provide a function for your text matcher to make your matcher more flexible.

Ignored nodes: comments, script, style
[36m&lt;body&gt;[39m
  [36m&lt;div /&gt;[39m
[36m&lt;/body&gt;[39m

Ignored nodes: comments, script, style
[36m&lt;html&gt;[39m
  [36m&lt;head /&gt;[39m
  [36m&lt;body&gt;[39m
    [36m&lt;div /&gt;[39m
  [36m&lt;/body&gt;[39m
[36m&lt;/html&gt;[39m" type="TestingLibraryElementError">
TestingLibraryElementError: Unable to find an element with the text: /2025-10-30/. This could be because the text is broken up by multiple elements. In this case, you can provide a function for your text matcher to make your matcher more flexible.

Ignored nodes: comments, script, style
&lt;body&gt;
  &lt;div /&gt;
&lt;/body&gt;

Ignored nodes: comments, script, style
&lt;html&gt;
  &lt;head /&gt;
  &lt;body&gt;
    &lt;div /&gt;
  &lt;/body&gt;
&lt;/html&gt;
 ❯ waitForWrapper node_modules/@testing-library/react/node_modules/@testing-library/dom/dist/wait-for.js:163:27
 ❯ src/components/TeacherPool/__tests__/TeacherPool.test.tsx:469:11
            </failure>
        </testcase>
        <testcase classname="src/components/TeacherPool/__tests__/TeacherPool.test.tsx" name="TeacherPool - My Appointments &gt; shows appointment status" time="1.0194454">
            <system-err>
Error: Uncaught [TypeError: Cannot read properties of undefined (reading &apos;map&apos;)]
    at reportException (C:\Users\husey\kiro2\frontend\node_modules\jsdom\lib\jsdom\living\helpers\runtime-script-errors.js:66:24)
    at innerInvokeEventListeners (C:\Users\husey\kiro2\frontend\node_modules\jsdom\lib\jsdom\living\events\EventTarget-impl.js:353:9)
    at invokeEventListeners (C:\Users\husey\kiro2\frontend\node_modules\jsdom\lib\jsdom\living\events\EventTarget-impl.js:286:3)
    at HTMLUnknownElementImpl._dispatch (C:\Users\husey\kiro2\frontend\node_modules\jsdom\lib\jsdom\living\events\EventTarget-impl.js:233:9)
    at HTMLUnknownElementImpl.dispatchEvent (C:\Users\husey\kiro2\frontend\node_modules\jsdom\lib\jsdom\living\events\EventTarget-impl.js:104:17)
    at HTMLUnknownElement.dispatchEvent (C:\Users\husey\kiro2\frontend\node_modules\jsdom\lib\jsdom\living\generated\EventTarget.js:241:34)
    at Object.invokeGuardedCallbackDev (C:\Users\husey\kiro2\frontend\node_modules\react-dom\cjs\react-dom.development.js:4213:16)
    at invokeGuardedCallback (C:\Users\husey\kiro2\frontend\node_modules\react-dom\cjs\react-dom.development.js:4277:31)
    at beginWork$1 (C:\Users\husey\kiro2\frontend\node_modules\react-dom\cjs\react-dom.development.js:27490:7)
    at performUnitOfWork (C:\Users\husey\kiro2\frontend\node_modules\react-dom\cjs\react-dom.development.js:26599:12) TypeError: Cannot read properties of undefined (reading &apos;map&apos;)
    at TeacherPool [90m(C:\Users\husey\kiro2\frontend\[39msrc\components\TeacherPool\TeacherPool.tsx:620:29[90m)[39m
    at renderWithHooks [90m(C:\Users\husey\kiro2\frontend\[39mnode_modules\[4mreact-dom[24m\cjs\react-dom.development.js:15486:18[90m)[39m
    at updateFunctionComponent [90m(C:\Users\husey\kiro2\frontend\[39mnode_modules\[4mreact-dom[24m\cjs\react-dom.development.js:19617:20[90m)[39m
    at beginWork [90m(C:\Users\husey\kiro2\frontend\[39mnode_modules\[4mreact-dom[24m\cjs\react-dom.development.js:21640:16[90m)[39m
    at HTMLUnknownElement.callCallback [90m(C:\Users\husey\kiro2\frontend\[39mnode_modules\[4mreact-dom[24m\cjs\react-dom.development.js:4164:14[90m)[39m
    at HTMLUnknownElement.callTheUserObjectsOperation [90m(C:\Users\husey\kiro2\frontend\[39mnode_modules\[4mjsdom[24m\lib\jsdom\living\generated\EventListener.js:26:30[90m)[39m
    at innerInvokeEventListeners [90m(C:\Users\husey\kiro2\frontend\[39mnode_modules\[4mjsdom[24m\lib\jsdom\living\events\EventTarget-impl.js:350:25[90m)[39m
    at invokeEventListeners [90m(C:\Users\husey\kiro2\frontend\[39mnode_modules\[4mjsdom[24m\lib\jsdom\living\events\EventTarget-impl.js:286:3[90m)[39m
    at HTMLUnknownElementImpl._dispatch [90m(C:\Users\husey\kiro2\frontend\[39mnode_modules\[4mjsdom[24m\lib\jsdom\living\events\EventTarget-impl.js:233:9[90m)[39m
    at HTMLUnknownElementImpl.dispatchEvent [90m(C:\Users\husey\kiro2\frontend\[39mnode_modules\[4mjsdom[24m\lib\jsdom\living\events\EventTarget-impl.js:104:17[90m)[39m
Error: Uncaught [TypeError: Cannot read properties of undefined (reading &apos;map&apos;)]
    at reportException (C:\Users\husey\kiro2\frontend\node_modules\jsdom\lib\jsdom\living\helpers\runtime-script-errors.js:66:24)
    at innerInvokeEventListeners (C:\Users\husey\kiro2\frontend\node_modules\jsdom\lib\jsdom\living\events\EventTarget-impl.js:353:9)
    at invokeEventListeners (C:\Users\husey\kiro2\frontend\node_modules\jsdom\lib\jsdom\living\events\EventTarget-impl.js:286:3)
    at HTMLUnknownElementImpl._dispatch (C:\Users\husey\kiro2\frontend\node_modules\jsdom\lib\jsdom\living\events\EventTarget-impl.js:233:9)
    at HTMLUnknownElementImpl.dispatchEvent (C:\Users\husey\kiro2\frontend\node_modules\jsdom\lib\jsdom\living\events\EventTarget-impl.js:104:17)
    at HTMLUnknownElement.dispatchEvent (C:\Users\husey\kiro2\frontend\node_modules\jsdom\lib\jsdom\living\generated\EventTarget.js:241:34)
    at Object.invokeGuardedCallbackDev (C:\Users\husey\kiro2\frontend\node_modules\react-dom\cjs\react-dom.development.js:4213:16)
    at invokeGuardedCallback (C:\Users\husey\kiro2\frontend\node_modules\react-dom\cjs\react-dom.development.js:4277:31)
    at beginWork$1 (C:\Users\husey\kiro2\frontend\node_modules\react-dom\cjs\react-dom.development.js:27490:7)
    at performUnitOfWork (C:\Users\husey\kiro2\frontend\node_modules\react-dom\cjs\react-dom.development.js:26599:12) TypeError: Cannot read properties of undefined (reading &apos;map&apos;)
    at TeacherPool [90m(C:\Users\husey\kiro2\frontend\[39msrc\components\TeacherPool\TeacherPool.tsx:620:29[90m)[39m
    at renderWithHooks [90m(C:\Users\husey\kiro2\frontend\[39mnode_modules\[4mreact-dom[24m\cjs\react-dom.development.js:15486:18[90m)[39m
    at updateFunctionComponent [90m(C:\Users\husey\kiro2\frontend\[39mnode_modules\[4mreact-dom[24m\cjs\react-dom.development.js:19617:20[90m)[39m
    at beginWork [90m(C:\Users\husey\kiro2\frontend\[39mnode_modules\[4mreact-dom[24m\cjs\react-dom.development.js:21640:16[90m)[39m
    at HTMLUnknownElement.callCallback [90m(C:\Users\husey\kiro2\frontend\[39mnode_modules\[4mreact-dom[24m\cjs\react-dom.development.js:4164:14[90m)[39m
    at HTMLUnknownElement.callTheUserObjectsOperation [90m(C:\Users\husey\kiro2\frontend\[39mnode_modules\[4mjsdom[24m\lib\jsdom\living\generated\EventListener.js:26:30[90m)[39m
    at innerInvokeEventListeners [90m(C:\Users\husey\kiro2\frontend\[39mnode_modules\[4mjsdom[24m\lib\jsdom\living\events\EventTarget-impl.js:350:25[90m)[39m
    at invokeEventListeners [90m(C:\Users\husey\kiro2\frontend\[39mnode_modules\[4mjsdom[24m\lib\jsdom\living\events\EventTarget-impl.js:286:3[90m)[39m
    at HTMLUnknownElementImpl._dispatch [90m(C:\Users\husey\kiro2\frontend\[39mnode_modules\[4mjsdom[24m\lib\jsdom\living\events\EventTarget-impl.js:233:9[90m)[39m
    at HTMLUnknownElementImpl.dispatchEvent [90m(C:\Users\husey\kiro2\frontend\[39mnode_modules\[4mjsdom[24m\lib\jsdom\living\events\EventTarget-impl.js:104:17[90m)[39m

            </system-err>
            <failure message="Unable to find an element with the text: /confirmed/i. This could be because the text is broken up by multiple elements. In this case, you can provide a function for your text matcher to make your matcher more flexible.

Ignored nodes: comments, script, style
[36m&lt;body&gt;[39m
  [36m&lt;div /&gt;[39m
[36m&lt;/body&gt;[39m

Ignored nodes: comments, script, style
[36m&lt;html&gt;[39m
  [36m&lt;head /&gt;[39m
  [36m&lt;body&gt;[39m
    [36m&lt;div /&gt;[39m
  [36m&lt;/body&gt;[39m
[36m&lt;/html&gt;[39m" type="TestingLibraryElementError">
TestingLibraryElementError: Unable to find an element with the text: /confirmed/i. This could be because the text is broken up by multiple elements. In this case, you can provide a function for your text matcher to make your matcher more flexible.

Ignored nodes: comments, script, style
&lt;body&gt;
  &lt;div /&gt;
&lt;/body&gt;

Ignored nodes: comments, script, style
&lt;html&gt;
  &lt;head /&gt;
  &lt;body&gt;
    &lt;div /&gt;
  &lt;/body&gt;
&lt;/html&gt;
 ❯ waitForWrapper node_modules/@testing-library/react/node_modules/@testing-library/dom/dist/wait-for.js:163:27
 ❯ src/components/TeacherPool/__tests__/TeacherPool.test.tsx:477:11
            </failure>
        </testcase>
        <testcase classname="src/components/TeacherPool/__tests__/TeacherPool.test.tsx" name="TeacherPool - My Appointments &gt; displays appointment topic" time="1.0068736">
            <system-err>
Error: Uncaught [TypeError: Cannot read properties of undefined (reading &apos;map&apos;)]
    at reportException (C:\Users\husey\kiro2\frontend\node_modules\jsdom\lib\jsdom\living\helpers\runtime-script-errors.js:66:24)
    at innerInvokeEventListeners (C:\Users\husey\kiro2\frontend\node_modules\jsdom\lib\jsdom\living\events\EventTarget-impl.js:353:9)
    at invokeEventListeners (C:\Users\husey\kiro2\frontend\node_modules\jsdom\lib\jsdom\living\events\EventTarget-impl.js:286:3)
    at HTMLUnknownElementImpl._dispatch (C:\Users\husey\kiro2\frontend\node_modules\jsdom\lib\jsdom\living\events\EventTarget-impl.js:233:9)
    at HTMLUnknownElementImpl.dispatchEvent (C:\Users\husey\kiro2\frontend\node_modules\jsdom\lib\jsdom\living\events\EventTarget-impl.js:104:17)
    at HTMLUnknownElement.dispatchEvent (C:\Users\husey\kiro2\frontend\node_modules\jsdom\lib\jsdom\living\generated\EventTarget.js:241:34)
    at Object.invokeGuardedCallbackDev (C:\Users\husey\kiro2\frontend\node_modules\react-dom\cjs\react-dom.development.js:4213:16)
    at invokeGuardedCallback (C:\Users\husey\kiro2\frontend\node_modules\react-dom\cjs\react-dom.development.js:4277:31)
    at beginWork$1 (C:\Users\husey\kiro2\frontend\node_modules\react-dom\cjs\react-dom.development.js:27490:7)
    at performUnitOfWork (C:\Users\husey\kiro2\frontend\node_modules\react-dom\cjs\react-dom.development.js:26599:12) TypeError: Cannot read properties of undefined (reading &apos;map&apos;)
    at TeacherPool [90m(C:\Users\husey\kiro2\frontend\[39msrc\components\TeacherPool\TeacherPool.tsx:620:29[90m)[39m
    at renderWithHooks [90m(C:\Users\husey\kiro2\frontend\[39mnode_modules\[4mreact-dom[24m\cjs\react-dom.development.js:15486:18[90m)[39m
    at updateFunctionComponent [90m(C:\Users\husey\kiro2\frontend\[39mnode_modules\[4mreact-dom[24m\cjs\react-dom.development.js:19617:20[90m)[39m
    at beginWork [90m(C:\Users\husey\kiro2\frontend\[39mnode_modules\[4mreact-dom[24m\cjs\react-dom.development.js:21640:16[90m)[39m
    at HTMLUnknownElement.callCallback [90m(C:\Users\husey\kiro2\frontend\[39mnode_modules\[4mreact-dom[24m\cjs\react-dom.development.js:4164:14[90m)[39m
    at HTMLUnknownElement.callTheUserObjectsOperation [90m(C:\Users\husey\kiro2\frontend\[39mnode_modules\[4mjsdom[24m\lib\jsdom\living\generated\EventListener.js:26:30[90m)[39m
    at innerInvokeEventListeners [90m(C:\Users\husey\kiro2\frontend\[39mnode_modules\[4mjsdom[24m\lib\jsdom\living\events\EventTarget-impl.js:350:25[90m)[39m
    at invokeEventListeners [90m(C:\Users\husey\kiro2\frontend\[39mnode_modules\[4mjsdom[24m\lib\jsdom\living\events\EventTarget-impl.js:286:3[90m)[39m
    at HTMLUnknownElementImpl._dispatch [90m(C:\Users\husey\kiro2\frontend\[39mnode_modules\[4mjsdom[24m\lib\jsdom\living\events\EventTarget-impl.js:233:9[90m)[39m
    at HTMLUnknownElementImpl.dispatchEvent [90m(C:\Users\husey\kiro2\frontend\[39mnode_modules\[4mjsdom[24m\lib\jsdom\living\events\EventTarget-impl.js:104:17[90m)[39m
Error: Uncaught [TypeError: Cannot read properties of undefined (reading &apos;map&apos;)]
    at reportException (C:\Users\husey\kiro2\frontend\node_modules\jsdom\lib\jsdom\living\helpers\runtime-script-errors.js:66:24)
    at innerInvokeEventListeners (C:\Users\husey\kiro2\frontend\node_modules\jsdom\lib\jsdom\living\events\EventTarget-impl.js:353:9)
    at invokeEventListeners (C:\Users\husey\kiro2\frontend\node_modules\jsdom\lib\jsdom\living\events\EventTarget-impl.js:286:3)
    at HTMLUnknownElementImpl._dispatch (C:\Users\husey\kiro2\frontend\node_modules\jsdom\lib\jsdom\living\events\EventTarget-impl.js:233:9)
    at HTMLUnknownElementImpl.dispatchEvent (C:\Users\husey\kiro2\frontend\node_modules\jsdom\lib\jsdom\living\events\EventTarget-impl.js:104:17)
    at HTMLUnknownElement.dispatchEvent (C:\Users\husey\kiro2\frontend\node_modules\jsdom\lib\jsdom\living\generated\EventTarget.js:241:34)
    at Object.invokeGuardedCallbackDev (C:\Users\husey\kiro2\frontend\node_modules\react-dom\cjs\react-dom.development.js:4213:16)
    at invokeGuardedCallback (C:\Users\husey\kiro2\frontend\node_modules\react-dom\cjs\react-dom.development.js:4277:31)
    at beginWork$1 (C:\Users\husey\kiro2\frontend\node_modules\react-dom\cjs\react-dom.development.js:27490:7)
    at performUnitOfWork (C:\Users\husey\kiro2\frontend\node_modules\react-dom\cjs\react-dom.development.js:26599:12) TypeError: Cannot read properties of undefined (reading &apos;map&apos;)
    at TeacherPool [90m(C:\Users\husey\kiro2\frontend\[39msrc\components\TeacherPool\TeacherPool.tsx:620:29[90m)[39m
    at renderWithHooks [90m(C:\Users\husey\kiro2\frontend\[39mnode_modules\[4mreact-dom[24m\cjs\react-dom.development.js:15486:18[90m)[39m
    at updateFunctionComponent [90m(C:\Users\husey\kiro2\frontend\[39mnode_modules\[4mreact-dom[24m\cjs\react-dom.development.js:19617:20[90m)[39m
    at beginWork [90m(C:\Users\husey\kiro2\frontend\[39mnode_modules\[4mreact-dom[24m\cjs\react-dom.development.js:21640:16[90m)[39m
    at HTMLUnknownElement.callCallback [90m(C:\Users\husey\kiro2\frontend\[39mnode_modules\[4mreact-dom[24m\cjs\react-dom.development.js:4164:14[90m)[39m
    at HTMLUnknownElement.callTheUserObjectsOperation [90m(C:\Users\husey\kiro2\frontend\[39mnode_modules\[4mjsdom[24m\lib\jsdom\living\generated\EventListener.js:26:30[90m)[39m
    at innerInvokeEventListeners [90m(C:\Users\husey\kiro2\frontend\[39mnode_modules\[4mjsdom[24m\lib\jsdom\living\events\EventTarget-impl.js:350:25[90m)[39m
    at invokeEventListeners [90m(C:\Users\husey\kiro2\frontend\[39mnode_modules\[4mjsdom[24m\lib\jsdom\living\events\EventTarget-impl.js:286:3[90m)[39m
    at HTMLUnknownElementImpl._dispatch [90m(C:\Users\husey\kiro2\frontend\[39mnode_modules\[4mjsdom[24m\lib\jsdom\living\events\EventTarget-impl.js:233:9[90m)[39m
    at HTMLUnknownElementImpl.dispatchEvent [90m(C:\Users\husey\kiro2\frontend\[39mnode_modules\[4mjsdom[24m\lib\jsdom\living\events\EventTarget-impl.js:104:17[90m)[39m

            </system-err>
            <failure message="Unable to find an element with the text: Türev. This could be because the text is broken up by multiple elements. In this case, you can provide a function for your text matcher to make your matcher more flexible.

Ignored nodes: comments, script, style
[36m&lt;body&gt;[39m
  [36m&lt;div /&gt;[39m
[36m&lt;/body&gt;[39m

Ignored nodes: comments, script, style
[36m&lt;html&gt;[39m
  [36m&lt;head /&gt;[39m
  [36m&lt;body&gt;[39m
    [36m&lt;div /&gt;[39m
  [36m&lt;/body&gt;[39m
[36m&lt;/html&gt;[39m" type="TestingLibraryElementError">
TestingLibraryElementError: Unable to find an element with the text: Türev. This could be because the text is broken up by multiple elements. In this case, you can provide a function for your text matcher to make your matcher more flexible.

Ignored nodes: comments, script, style
&lt;body&gt;
  &lt;div /&gt;
&lt;/body&gt;

Ignored nodes: comments, script, style
&lt;html&gt;
  &lt;head /&gt;
  &lt;body&gt;
    &lt;div /&gt;
  &lt;/body&gt;
&lt;/html&gt;
 ❯ waitForWrapper node_modules/@testing-library/react/node_modules/@testing-library/dom/dist/wait-for.js:163:27
 ❯ src/components/TeacherPool/__tests__/TeacherPool.test.tsx:484:11
            </failure>
        </testcase>
        <testcase classname="src/components/TeacherPool/__tests__/TeacherPool.test.tsx" name="TeacherPool - My Appointments &gt; shows meeting URL" time="1.0112654">
            <system-err>
Error: Uncaught [TypeError: Cannot read properties of undefined (reading &apos;map&apos;)]
    at reportException (C:\Users\husey\kiro2\frontend\node_modules\jsdom\lib\jsdom\living\helpers\runtime-script-errors.js:66:24)
    at innerInvokeEventListeners (C:\Users\husey\kiro2\frontend\node_modules\jsdom\lib\jsdom\living\events\EventTarget-impl.js:353:9)
    at invokeEventListeners (C:\Users\husey\kiro2\frontend\node_modules\jsdom\lib\jsdom\living\events\EventTarget-impl.js:286:3)
    at HTMLUnknownElementImpl._dispatch (C:\Users\husey\kiro2\frontend\node_modules\jsdom\lib\jsdom\living\events\EventTarget-impl.js:233:9)
    at HTMLUnknownElementImpl.dispatchEvent (C:\Users\husey\kiro2\frontend\node_modules\jsdom\lib\jsdom\living\events\EventTarget-impl.js:104:17)
    at HTMLUnknownElement.dispatchEvent (C:\Users\husey\kiro2\frontend\node_modules\jsdom\lib\jsdom\living\generated\EventTarget.js:241:34)
    at Object.invokeGuardedCallbackDev (C:\Users\husey\kiro2\frontend\node_modules\react-dom\cjs\react-dom.development.js:4213:16)
    at invokeGuardedCallback (C:\Users\husey\kiro2\frontend\node_modules\react-dom\cjs\react-dom.development.js:4277:31)
    at beginWork$1 (C:\Users\husey\kiro2\frontend\node_modules\react-dom\cjs\react-dom.development.js:27490:7)
    at performUnitOfWork (C:\Users\husey\kiro2\frontend\node_modules\react-dom\cjs\react-dom.development.js:26599:12) TypeError: Cannot read properties of undefined (reading &apos;map&apos;)
    at TeacherPool [90m(C:\Users\husey\kiro2\frontend\[39msrc\components\TeacherPool\TeacherPool.tsx:620:29[90m)[39m
    at renderWithHooks [90m(C:\Users\husey\kiro2\frontend\[39mnode_modules\[4mreact-dom[24m\cjs\react-dom.development.js:15486:18[90m)[39m
    at updateFunctionComponent [90m(C:\Users\husey\kiro2\frontend\[39mnode_modules\[4mreact-dom[24m\cjs\react-dom.development.js:19617:20[90m)[39m
    at beginWork [90m(C:\Users\husey\kiro2\frontend\[39mnode_modules\[4mreact-dom[24m\cjs\react-dom.development.js:21640:16[90m)[39m
    at HTMLUnknownElement.callCallback [90m(C:\Users\husey\kiro2\frontend\[39mnode_modules\[4mreact-dom[24m\cjs\react-dom.development.js:4164:14[90m)[39m
    at HTMLUnknownElement.callTheUserObjectsOperation [90m(C:\Users\husey\kiro2\frontend\[39mnode_modules\[4mjsdom[24m\lib\jsdom\living\generated\EventListener.js:26:30[90m)[39m
    at innerInvokeEventListeners [90m(C:\Users\husey\kiro2\frontend\[39mnode_modules\[4mjsdom[24m\lib\jsdom\living\events\EventTarget-impl.js:350:25[90m)[39m
    at invokeEventListeners [90m(C:\Users\husey\kiro2\frontend\[39mnode_modules\[4mjsdom[24m\lib\jsdom\living\events\EventTarget-impl.js:286:3[90m)[39m
    at HTMLUnknownElementImpl._dispatch [90m(C:\Users\husey\kiro2\frontend\[39mnode_modules\[4mjsdom[24m\lib\jsdom\living\events\EventTarget-impl.js:233:9[90m)[39m
    at HTMLUnknownElementImpl.dispatchEvent [90m(C:\Users\husey\kiro2\frontend\[39mnode_modules\[4mjsdom[24m\lib\jsdom\living\events\EventTarget-impl.js:104:17[90m)[39m
Error: Uncaught [TypeError: Cannot read properties of undefined (reading &apos;map&apos;)]
    at reportException (C:\Users\husey\kiro2\frontend\node_modules\jsdom\lib\jsdom\living\helpers\runtime-script-errors.js:66:24)
    at innerInvokeEventListeners (C:\Users\husey\kiro2\frontend\node_modules\jsdom\lib\jsdom\living\events\EventTarget-impl.js:353:9)
    at invokeEventListeners (C:\Users\husey\kiro2\frontend\node_modules\jsdom\lib\jsdom\living\events\EventTarget-impl.js:286:3)
    at HTMLUnknownElementImpl._dispatch (C:\Users\husey\kiro2\frontend\node_modules\jsdom\lib\jsdom\living\events\EventTarget-impl.js:233:9)
    at HTMLUnknownElementImpl.dispatchEvent (C:\Users\husey\kiro2\frontend\node_modules\jsdom\lib\jsdom\living\events\EventTarget-impl.js:104:17)
    at HTMLUnknownElement.dispatchEvent (C:\Users\husey\kiro2\frontend\node_modules\jsdom\lib\jsdom\living\generated\EventTarget.js:241:34)
    at Object.invokeGuardedCallbackDev (C:\Users\husey\kiro2\frontend\node_modules\react-dom\cjs\react-dom.development.js:4213:16)
    at invokeGuardedCallback (C:\Users\husey\kiro2\frontend\node_modules\react-dom\cjs\react-dom.development.js:4277:31)
    at beginWork$1 (C:\Users\husey\kiro2\frontend\node_modules\react-dom\cjs\react-dom.development.js:27490:7)
    at performUnitOfWork (C:\Users\husey\kiro2\frontend\node_modules\react-dom\cjs\react-dom.development.js:26599:12) TypeError: Cannot read properties of undefined (reading &apos;map&apos;)
    at TeacherPool [90m(C:\Users\husey\kiro2\frontend\[39msrc\components\TeacherPool\TeacherPool.tsx:620:29[90m)[39m
    at renderWithHooks [90m(C:\Users\husey\kiro2\frontend\[39mnode_modules\[4mreact-dom[24m\cjs\react-dom.development.js:15486:18[90m)[39m
    at updateFunctionComponent [90m(C:\Users\husey\kiro2\frontend\[39mnode_modules\[4mreact-dom[24m\cjs\react-dom.development.js:19617:20[90m)[39m
    at beginWork [90m(C:\Users\husey\kiro2\frontend\[39mnode_modules\[4mreact-dom[24m\cjs\react-dom.development.js:21640:16[90m)[39m
    at HTMLUnknownElement.callCallback [90m(C:\Users\husey\kiro2\frontend\[39mnode_modules\[4mreact-dom[24m\cjs\react-dom.development.js:4164:14[90m)[39m
    at HTMLUnknownElement.callTheUserObjectsOperation [90m(C:\Users\husey\kiro2\frontend\[39mnode_modules\[4mjsdom[24m\lib\jsdom\living\generated\EventListener.js:26:30[90m)[39m
    at innerInvokeEventListeners [90m(C:\Users\husey\kiro2\frontend\[39mnode_modules\[4mjsdom[24m\lib\jsdom\living\events\EventTarget-impl.js:350:25[90m)[39m
    at invokeEventListeners [90m(C:\Users\husey\kiro2\frontend\[39mnode_modules\[4mjsdom[24m\lib\jsdom\living\events\EventTarget-impl.js:286:3[90m)[39m
    at HTMLUnknownElementImpl._dispatch [90m(C:\Users\husey\kiro2\frontend\[39mnode_modules\[4mjsdom[24m\lib\jsdom\living\events\EventTarget-impl.js:233:9[90m)[39m
    at HTMLUnknownElementImpl.dispatchEvent [90m(C:\Users\husey\kiro2\frontend\[39mnode_modules\[4mjsdom[24m\lib\jsdom\living\events\EventTarget-impl.js:104:17[90m)[39m

            </system-err>
            <failure message="Unable to find an element with the text: /Toplantıya Katıl/i. This could be because the text is broken up by multiple elements. In this case, you can provide a function for your text matcher to make your matcher more flexible.

Ignored nodes: comments, script, style
[36m&lt;body&gt;[39m
  [36m&lt;div /&gt;[39m
[36m&lt;/body&gt;[39m

Ignored nodes: comments, script, style
[36m&lt;html&gt;[39m
  [36m&lt;head /&gt;[39m
  [36m&lt;body&gt;[39m
    [36m&lt;div /&gt;[39m
  [36m&lt;/body&gt;[39m
[36m&lt;/html&gt;[39m" type="TestingLibraryElementError">
TestingLibraryElementError: Unable to find an element with the text: /Toplantıya Katıl/i. This could be because the text is broken up by multiple elements. In this case, you can provide a function for your text matcher to make your matcher more flexible.

Ignored nodes: comments, script, style
&lt;body&gt;
  &lt;div /&gt;
&lt;/body&gt;

Ignored nodes: comments, script, style
&lt;html&gt;
  &lt;head /&gt;
  &lt;body&gt;
    &lt;div /&gt;
  &lt;/body&gt;
&lt;/html&gt;
 ❯ waitForWrapper node_modules/@testing-library/react/node_modules/@testing-library/dom/dist/wait-for.js:163:27
 ❯ src/components/TeacherPool/__tests__/TeacherPool.test.tsx:491:11
            </failure>
        </testcase>
        <testcase classname="src/components/TeacherPool/__tests__/TeacherPool.test.tsx" name="TeacherPool - My Appointments &gt; can cancel appointment" time="1.0126015">
            <system-err>
Error: Uncaught [TypeError: Cannot read properties of undefined (reading &apos;map&apos;)]
    at reportException (C:\Users\husey\kiro2\frontend\node_modules\jsdom\lib\jsdom\living\helpers\runtime-script-errors.js:66:24)
    at innerInvokeEventListeners (C:\Users\husey\kiro2\frontend\node_modules\jsdom\lib\jsdom\living\events\EventTarget-impl.js:353:9)
    at invokeEventListeners (C:\Users\husey\kiro2\frontend\node_modules\jsdom\lib\jsdom\living\events\EventTarget-impl.js:286:3)
    at HTMLUnknownElementImpl._dispatch (C:\Users\husey\kiro2\frontend\node_modules\jsdom\lib\jsdom\living\events\EventTarget-impl.js:233:9)
    at HTMLUnknownElementImpl.dispatchEvent (C:\Users\husey\kiro2\frontend\node_modules\jsdom\lib\jsdom\living\events\EventTarget-impl.js:104:17)
    at HTMLUnknownElement.dispatchEvent (C:\Users\husey\kiro2\frontend\node_modules\jsdom\lib\jsdom\living\generated\EventTarget.js:241:34)
    at Object.invokeGuardedCallbackDev (C:\Users\husey\kiro2\frontend\node_modules\react-dom\cjs\react-dom.development.js:4213:16)
    at invokeGuardedCallback (C:\Users\husey\kiro2\frontend\node_modules\react-dom\cjs\react-dom.development.js:4277:31)
    at beginWork$1 (C:\Users\husey\kiro2\frontend\node_modules\react-dom\cjs\react-dom.development.js:27490:7)
    at performUnitOfWork (C:\Users\husey\kiro2\frontend\node_modules\react-dom\cjs\react-dom.development.js:26599:12) TypeError: Cannot read properties of undefined (reading &apos;map&apos;)
    at TeacherPool [90m(C:\Users\husey\kiro2\frontend\[39msrc\components\TeacherPool\TeacherPool.tsx:620:29[90m)[39m
    at renderWithHooks [90m(C:\Users\husey\kiro2\frontend\[39mnode_modules\[4mreact-dom[24m\cjs\react-dom.development.js:15486:18[90m)[39m
    at updateFunctionComponent [90m(C:\Users\husey\kiro2\frontend\[39mnode_modules\[4mreact-dom[24m\cjs\react-dom.development.js:19617:20[90m)[39m
    at beginWork [90m(C:\Users\husey\kiro2\frontend\[39mnode_modules\[4mreact-dom[24m\cjs\react-dom.development.js:21640:16[90m)[39m
    at HTMLUnknownElement.callCallback [90m(C:\Users\husey\kiro2\frontend\[39mnode_modules\[4mreact-dom[24m\cjs\react-dom.development.js:4164:14[90m)[39m
    at HTMLUnknownElement.callTheUserObjectsOperation [90m(C:\Users\husey\kiro2\frontend\[39mnode_modules\[4mjsdom[24m\lib\jsdom\living\generated\EventListener.js:26:30[90m)[39m
    at innerInvokeEventListeners [90m(C:\Users\husey\kiro2\frontend\[39mnode_modules\[4mjsdom[24m\lib\jsdom\living\events\EventTarget-impl.js:350:25[90m)[39m
    at invokeEventListeners [90m(C:\Users\husey\kiro2\frontend\[39mnode_modules\[4mjsdom[24m\lib\jsdom\living\events\EventTarget-impl.js:286:3[90m)[39m
    at HTMLUnknownElementImpl._dispatch [90m(C:\Users\husey\kiro2\frontend\[39mnode_modules\[4mjsdom[24m\lib\jsdom\living\events\EventTarget-impl.js:233:9[90m)[39m
    at HTMLUnknownElementImpl.dispatchEvent [90m(C:\Users\husey\kiro2\frontend\[39mnode_modules\[4mjsdom[24m\lib\jsdom\living\events\EventTarget-impl.js:104:17[90m)[39m
Error: Uncaught [TypeError: Cannot read properties of undefined (reading &apos;map&apos;)]
    at reportException (C:\Users\husey\kiro2\frontend\node_modules\jsdom\lib\jsdom\living\helpers\runtime-script-errors.js:66:24)
    at innerInvokeEventListeners (C:\Users\husey\kiro2\frontend\node_modules\jsdom\lib\jsdom\living\events\EventTarget-impl.js:353:9)
    at invokeEventListeners (C:\Users\husey\kiro2\frontend\node_modules\jsdom\lib\jsdom\living\events\EventTarget-impl.js:286:3)
    at HTMLUnknownElementImpl._dispatch (C:\Users\husey\kiro2\frontend\node_modules\jsdom\lib\jsdom\living\events\EventTarget-impl.js:233:9)
    at HTMLUnknownElementImpl.dispatchEvent (C:\Users\husey\kiro2\frontend\node_modules\jsdom\lib\jsdom\living\events\EventTarget-impl.js:104:17)
    at HTMLUnknownElement.dispatchEvent (C:\Users\husey\kiro2\frontend\node_modules\jsdom\lib\jsdom\living\generated\EventTarget.js:241:34)
    at Object.invokeGuardedCallbackDev (C:\Users\husey\kiro2\frontend\node_modules\react-dom\cjs\react-dom.development.js:4213:16)
    at invokeGuardedCallback (C:\Users\husey\kiro2\frontend\node_modules\react-dom\cjs\react-dom.development.js:4277:31)
    at beginWork$1 (C:\Users\husey\kiro2\frontend\node_modules\react-dom\cjs\react-dom.development.js:27490:7)
    at performUnitOfWork (C:\Users\husey\kiro2\frontend\node_modules\react-dom\cjs\react-dom.development.js:26599:12) TypeError: Cannot read properties of undefined (reading &apos;map&apos;)
    at TeacherPool [90m(C:\Users\husey\kiro2\frontend\[39msrc\components\TeacherPool\TeacherPool.tsx:620:29[90m)[39m
    at renderWithHooks [90m(C:\Users\husey\kiro2\frontend\[39mnode_modules\[4mreact-dom[24m\cjs\react-dom.development.js:15486:18[90m)[39m
    at updateFunctionComponent [90m(C:\Users\husey\kiro2\frontend\[39mnode_modules\[4mreact-dom[24m\cjs\react-dom.development.js:19617:20[90m)[39m
    at beginWork [90m(C:\Users\husey\kiro2\frontend\[39mnode_modules\[4mreact-dom[24m\cjs\react-dom.development.js:21640:16[90m)[39m
    at HTMLUnknownElement.callCallback [90m(C:\Users\husey\kiro2\frontend\[39mnode_modules\[4mreact-dom[24m\cjs\react-dom.development.js:4164:14[90m)[39m
    at HTMLUnknownElement.callTheUserObjectsOperation [90m(C:\Users\husey\kiro2\frontend\[39mnode_modules\[4mjsdom[24m\lib\jsdom\living\generated\EventListener.js:26:30[90m)[39m
    at innerInvokeEventListeners [90m(C:\Users\husey\kiro2\frontend\[39mnode_modules\[4mjsdom[24m\lib\jsdom\living\events\EventTarget-impl.js:350:25[90m)[39m
    at invokeEventListeners [90m(C:\Users\husey\kiro2\frontend\[39mnode_modules\[4mjsdom[24m\lib\jsdom\living\events\EventTarget-impl.js:286:3[90m)[39m
    at HTMLUnknownElementImpl._dispatch [90m(C:\Users\husey\kiro2\frontend\[39mnode_modules\[4mjsdom[24m\lib\jsdom\living\events\EventTarget-impl.js:233:9[90m)[39m
    at HTMLUnknownElementImpl.dispatchEvent [90m(C:\Users\husey\kiro2\frontend\[39mnode_modules\[4mjsdom[24m\lib\jsdom\living\events\EventTarget-impl.js:104:17[90m)[39m

            </system-err>
            <failure message="Unable to find an element with the text: /İptal Et/i. This could be because the text is broken up by multiple elements. In this case, you can provide a function for your text matcher to make your matcher more flexible.

Ignored nodes: comments, script, style
[36m&lt;body&gt;[39m
  [36m&lt;div /&gt;[39m
[36m&lt;/body&gt;[39m

Ignored nodes: comments, script, style
[36m&lt;html&gt;[39m
  [36m&lt;head /&gt;[39m
  [36m&lt;body&gt;[39m
    [36m&lt;div /&gt;[39m
  [36m&lt;/body&gt;[39m
[36m&lt;/html&gt;[39m" type="TestingLibraryElementError">
TestingLibraryElementError: Unable to find an element with the text: /İptal Et/i. This could be because the text is broken up by multiple elements. In this case, you can provide a function for your text matcher to make your matcher more flexible.

Ignored nodes: comments, script, style
&lt;body&gt;
  &lt;div /&gt;
&lt;/body&gt;

Ignored nodes: comments, script, style
&lt;html&gt;
  &lt;head /&gt;
  &lt;body&gt;
    &lt;div /&gt;
  &lt;/body&gt;
&lt;/html&gt;
 ❯ waitForWrapper node_modules/@testing-library/react/node_modules/@testing-library/dom/dist/wait-for.js:163:27
 ❯ src/components/TeacherPool/__tests__/TeacherPool.test.tsx:500:11
            </failure>
        </testcase>
        <testcase classname="src/components/TeacherPool/__tests__/TeacherPool.test.tsx" name="TeacherPool - Error Handling &gt; handles search error" time="1.0268702">
            <system-err>
Error: Uncaught [TypeError: Cannot read properties of undefined (reading &apos;map&apos;)]
    at reportException (C:\Users\husey\kiro2\frontend\node_modules\jsdom\lib\jsdom\living\helpers\runtime-script-errors.js:66:24)
    at innerInvokeEventListeners (C:\Users\husey\kiro2\frontend\node_modules\jsdom\lib\jsdom\living\events\EventTarget-impl.js:353:9)
    at invokeEventListeners (C:\Users\husey\kiro2\frontend\node_modules\jsdom\lib\jsdom\living\events\EventTarget-impl.js:286:3)
    at HTMLUnknownElementImpl._dispatch (C:\Users\husey\kiro2\frontend\node_modules\jsdom\lib\jsdom\living\events\EventTarget-impl.js:233:9)
    at HTMLUnknownElementImpl.dispatchEvent (C:\Users\husey\kiro2\frontend\node_modules\jsdom\lib\jsdom\living\events\EventTarget-impl.js:104:17)
    at HTMLUnknownElement.dispatchEvent (C:\Users\husey\kiro2\frontend\node_modules\jsdom\lib\jsdom\living\generated\EventTarget.js:241:34)
    at Object.invokeGuardedCallbackDev (C:\Users\husey\kiro2\frontend\node_modules\react-dom\cjs\react-dom.development.js:4213:16)
    at invokeGuardedCallback (C:\Users\husey\kiro2\frontend\node_modules\react-dom\cjs\react-dom.development.js:4277:31)
    at beginWork$1 (C:\Users\husey\kiro2\frontend\node_modules\react-dom\cjs\react-dom.development.js:27490:7)
    at performUnitOfWork (C:\Users\husey\kiro2\frontend\node_modules\react-dom\cjs\react-dom.development.js:26599:12) TypeError: Cannot read properties of undefined (reading &apos;map&apos;)
    at TeacherPool [90m(C:\Users\husey\kiro2\frontend\[39msrc\components\TeacherPool\TeacherPool.tsx:383:23[90m)[39m
    at renderWithHooks [90m(C:\Users\husey\kiro2\frontend\[39mnode_modules\[4mreact-dom[24m\cjs\react-dom.development.js:15486:18[90m)[39m
    at updateFunctionComponent [90m(C:\Users\husey\kiro2\frontend\[39mnode_modules\[4mreact-dom[24m\cjs\react-dom.development.js:19617:20[90m)[39m
    at beginWork [90m(C:\Users\husey\kiro2\frontend\[39mnode_modules\[4mreact-dom[24m\cjs\react-dom.development.js:21640:16[90m)[39m
    at HTMLUnknownElement.callCallback [90m(C:\Users\husey\kiro2\frontend\[39mnode_modules\[4mreact-dom[24m\cjs\react-dom.development.js:4164:14[90m)[39m
    at HTMLUnknownElement.callTheUserObjectsOperation [90m(C:\Users\husey\kiro2\frontend\[39mnode_modules\[4mjsdom[24m\lib\jsdom\living\generated\EventListener.js:26:30[90m)[39m
    at innerInvokeEventListeners [90m(C:\Users\husey\kiro2\frontend\[39mnode_modules\[4mjsdom[24m\lib\jsdom\living\events\EventTarget-impl.js:350:25[90m)[39m
    at invokeEventListeners [90m(C:\Users\husey\kiro2\frontend\[39mnode_modules\[4mjsdom[24m\lib\jsdom\living\events\EventTarget-impl.js:286:3[90m)[39m
    at HTMLUnknownElementImpl._dispatch [90m(C:\Users\husey\kiro2\frontend\[39mnode_modules\[4mjsdom[24m\lib\jsdom\living\events\EventTarget-impl.js:233:9[90m)[39m
    at HTMLUnknownElementImpl.dispatchEvent [90m(C:\Users\husey\kiro2\frontend\[39mnode_modules\[4mjsdom[24m\lib\jsdom\living\events\EventTarget-impl.js:104:17[90m)[39m
Error: Uncaught [TypeError: Cannot read properties of undefined (reading &apos;map&apos;)]
    at reportException (C:\Users\husey\kiro2\frontend\node_modules\jsdom\lib\jsdom\living\helpers\runtime-script-errors.js:66:24)
    at innerInvokeEventListeners (C:\Users\husey\kiro2\frontend\node_modules\jsdom\lib\jsdom\living\events\EventTarget-impl.js:353:9)
    at invokeEventListeners (C:\Users\husey\kiro2\frontend\node_modules\jsdom\lib\jsdom\living\events\EventTarget-impl.js:286:3)
    at HTMLUnknownElementImpl._dispatch (C:\Users\husey\kiro2\frontend\node_modules\jsdom\lib\jsdom\living\events\EventTarget-impl.js:233:9)
    at HTMLUnknownElementImpl.dispatchEvent (C:\Users\husey\kiro2\frontend\node_modules\jsdom\lib\jsdom\living\events\EventTarget-impl.js:104:17)
    at HTMLUnknownElement.dispatchEvent (C:\Users\husey\kiro2\frontend\node_modules\jsdom\lib\jsdom\living\generated\EventTarget.js:241:34)
    at Object.invokeGuardedCallbackDev (C:\Users\husey\kiro2\frontend\node_modules\react-dom\cjs\react-dom.development.js:4213:16)
    at invokeGuardedCallback (C:\Users\husey\kiro2\frontend\node_modules\react-dom\cjs\react-dom.development.js:4277:31)
    at beginWork$1 (C:\Users\husey\kiro2\frontend\node_modules\react-dom\cjs\react-dom.development.js:27490:7)
    at performUnitOfWork (C:\Users\husey\kiro2\frontend\node_modules\react-dom\cjs\react-dom.development.js:26599:12) TypeError: Cannot read properties of undefined (reading &apos;map&apos;)
    at TeacherPool [90m(C:\Users\husey\kiro2\frontend\[39msrc\components\TeacherPool\TeacherPool.tsx:383:23[90m)[39m
    at renderWithHooks [90m(C:\Users\husey\kiro2\frontend\[39mnode_modules\[4mreact-dom[24m\cjs\react-dom.development.js:15486:18[90m)[39m
    at updateFunctionComponent [90m(C:\Users\husey\kiro2\frontend\[39mnode_modules\[4mreact-dom[24m\cjs\react-dom.development.js:19617:20[90m)[39m
    at beginWork [90m(C:\Users\husey\kiro2\frontend\[39mnode_modules\[4mreact-dom[24m\cjs\react-dom.development.js:21640:16[90m)[39m
    at HTMLUnknownElement.callCallback [90m(C:\Users\husey\kiro2\frontend\[39mnode_modules\[4mreact-dom[24m\cjs\react-dom.development.js:4164:14[90m)[39m
    at HTMLUnknownElement.callTheUserObjectsOperation [90m(C:\Users\husey\kiro2\frontend\[39mnode_modules\[4mjsdom[24m\lib\jsdom\living\generated\EventListener.js:26:30[90m)[39m
    at innerInvokeEventListeners [90m(C:\Users\husey\kiro2\frontend\[39mnode_modules\[4mjsdom[24m\lib\jsdom\living\events\EventTarget-impl.js:350:25[90m)[39m
    at invokeEventListeners [90m(C:\Users\husey\kiro2\frontend\[39mnode_modules\[4mjsdom[24m\lib\jsdom\living\events\EventTarget-impl.js:286:3[90m)[39m
    at HTMLUnknownElementImpl._dispatch [90m(C:\Users\husey\kiro2\frontend\[39mnode_modules\[4mjsdom[24m\lib\jsdom\living\events\EventTarget-impl.js:233:9[90m)[39m
    at HTMLUnknownElementImpl.dispatchEvent [90m(C:\Users\husey\kiro2\frontend\[39mnode_modules\[4mjsdom[24m\lib\jsdom\living\events\EventTarget-impl.js:104:17[90m)[39m

            </system-err>
            <failure message="Unable to find an element with the text: /Failed to search teachers/i. This could be because the text is broken up by multiple elements. In this case, you can provide a function for your text matcher to make your matcher more flexible.

Ignored nodes: comments, script, style
[36m&lt;body&gt;[39m
  [36m&lt;div /&gt;[39m
[36m&lt;/body&gt;[39m

Ignored nodes: comments, script, style
[36m&lt;html&gt;[39m
  [36m&lt;head /&gt;[39m
  [36m&lt;body&gt;[39m
    [36m&lt;div /&gt;[39m
  [36m&lt;/body&gt;[39m
[36m&lt;/html&gt;[39m" type="TestingLibraryElementError">
TestingLibraryElementError: Unable to find an element with the text: /Failed to search teachers/i. This could be because the text is broken up by multiple elements. In this case, you can provide a function for your text matcher to make your matcher more flexible.

Ignored nodes: comments, script, style
&lt;body&gt;
  &lt;div /&gt;
&lt;/body&gt;

Ignored nodes: comments, script, style
&lt;html&gt;
  &lt;head /&gt;
  &lt;body&gt;
    &lt;div /&gt;
  &lt;/body&gt;
&lt;/html&gt;
 ❯ waitForWrapper node_modules/@testing-library/react/node_modules/@testing-library/dom/dist/wait-for.js:163:27
 ❯ src/components/TeacherPool/__tests__/TeacherPool.test.tsx:520:11
            </failure>
        </testcase>
        <testcase classname="src/components/TeacherPool/__tests__/TeacherPool.test.tsx" name="TeacherPool - Error Handling &gt; handles profile loading error" time="1.0322194">
            <system-err>
Error: Uncaught [TypeError: Cannot read properties of undefined (reading &apos;map&apos;)]
    at reportException (C:\Users\husey\kiro2\frontend\node_modules\jsdom\lib\jsdom\living\helpers\runtime-script-errors.js:66:24)
    at innerInvokeEventListeners (C:\Users\husey\kiro2\frontend\node_modules\jsdom\lib\jsdom\living\events\EventTarget-impl.js:353:9)
    at invokeEventListeners (C:\Users\husey\kiro2\frontend\node_modules\jsdom\lib\jsdom\living\events\EventTarget-impl.js:286:3)
    at HTMLUnknownElementImpl._dispatch (C:\Users\husey\kiro2\frontend\node_modules\jsdom\lib\jsdom\living\events\EventTarget-impl.js:233:9)
    at HTMLUnknownElementImpl.dispatchEvent (C:\Users\husey\kiro2\frontend\node_modules\jsdom\lib\jsdom\living\events\EventTarget-impl.js:104:17)
    at HTMLUnknownElement.dispatchEvent (C:\Users\husey\kiro2\frontend\node_modules\jsdom\lib\jsdom\living\generated\EventTarget.js:241:34)
    at Object.invokeGuardedCallbackDev (C:\Users\husey\kiro2\frontend\node_modules\react-dom\cjs\react-dom.development.js:4213:16)
    at invokeGuardedCallback (C:\Users\husey\kiro2\frontend\node_modules\react-dom\cjs\react-dom.development.js:4277:31)
    at beginWork$1 (C:\Users\husey\kiro2\frontend\node_modules\react-dom\cjs\react-dom.development.js:27490:7)
    at performUnitOfWork (C:\Users\husey\kiro2\frontend\node_modules\react-dom\cjs\react-dom.development.js:26599:12) TypeError: Cannot read properties of undefined (reading &apos;map&apos;)
    at TeacherPool [90m(C:\Users\husey\kiro2\frontend\[39msrc\components\TeacherPool\TeacherPool.tsx:383:23[90m)[39m
    at renderWithHooks [90m(C:\Users\husey\kiro2\frontend\[39mnode_modules\[4mreact-dom[24m\cjs\react-dom.development.js:15486:18[90m)[39m
    at updateFunctionComponent [90m(C:\Users\husey\kiro2\frontend\[39mnode_modules\[4mreact-dom[24m\cjs\react-dom.development.js:19617:20[90m)[39m
    at beginWork [90m(C:\Users\husey\kiro2\frontend\[39mnode_modules\[4mreact-dom[24m\cjs\react-dom.development.js:21640:16[90m)[39m
    at HTMLUnknownElement.callCallback [90m(C:\Users\husey\kiro2\frontend\[39mnode_modules\[4mreact-dom[24m\cjs\react-dom.development.js:4164:14[90m)[39m
    at HTMLUnknownElement.callTheUserObjectsOperation [90m(C:\Users\husey\kiro2\frontend\[39mnode_modules\[4mjsdom[24m\lib\jsdom\living\generated\EventListener.js:26:30[90m)[39m
    at innerInvokeEventListeners [90m(C:\Users\husey\kiro2\frontend\[39mnode_modules\[4mjsdom[24m\lib\jsdom\living\events\EventTarget-impl.js:350:25[90m)[39m
    at invokeEventListeners [90m(C:\Users\husey\kiro2\frontend\[39mnode_modules\[4mjsdom[24m\lib\jsdom\living\events\EventTarget-impl.js:286:3[90m)[39m
    at HTMLUnknownElementImpl._dispatch [90m(C:\Users\husey\kiro2\frontend\[39mnode_modules\[4mjsdom[24m\lib\jsdom\living\events\EventTarget-impl.js:233:9[90m)[39m
    at HTMLUnknownElementImpl.dispatchEvent [90m(C:\Users\husey\kiro2\frontend\[39mnode_modules\[4mjsdom[24m\lib\jsdom\living\events\EventTarget-impl.js:104:17[90m)[39m
Error: Uncaught [TypeError: Cannot read properties of undefined (reading &apos;map&apos;)]
    at reportException (C:\Users\husey\kiro2\frontend\node_modules\jsdom\lib\jsdom\living\helpers\runtime-script-errors.js:66:24)
    at innerInvokeEventListeners (C:\Users\husey\kiro2\frontend\node_modules\jsdom\lib\jsdom\living\events\EventTarget-impl.js:353:9)
    at invokeEventListeners (C:\Users\husey\kiro2\frontend\node_modules\jsdom\lib\jsdom\living\events\EventTarget-impl.js:286:3)
    at HTMLUnknownElementImpl._dispatch (C:\Users\husey\kiro2\frontend\node_modules\jsdom\lib\jsdom\living\events\EventTarget-impl.js:233:9)
    at HTMLUnknownElementImpl.dispatchEvent (C:\Users\husey\kiro2\frontend\node_modules\jsdom\lib\jsdom\living\events\EventTarget-impl.js:104:17)
    at HTMLUnknownElement.dispatchEvent (C:\Users\husey\kiro2\frontend\node_modules\jsdom\lib\jsdom\living\generated\EventTarget.js:241:34)
    at Object.invokeGuardedCallbackDev (C:\Users\husey\kiro2\frontend\node_modules\react-dom\cjs\react-dom.development.js:4213:16)
    at invokeGuardedCallback (C:\Users\husey\kiro2\frontend\node_modules\react-dom\cjs\react-dom.development.js:4277:31)
    at beginWork$1 (C:\Users\husey\kiro2\frontend\node_modules\react-dom\cjs\react-dom.development.js:27490:7)
    at performUnitOfWork (C:\Users\husey\kiro2\frontend\node_modules\react-dom\cjs\react-dom.development.js:26599:12) TypeError: Cannot read properties of undefined (reading &apos;map&apos;)
    at TeacherPool [90m(C:\Users\husey\kiro2\frontend\[39msrc\components\TeacherPool\TeacherPool.tsx:383:23[90m)[39m
    at renderWithHooks [90m(C:\Users\husey\kiro2\frontend\[39mnode_modules\[4mreact-dom[24m\cjs\react-dom.development.js:15486:18[90m)[39m
    at updateFunctionComponent [90m(C:\Users\husey\kiro2\frontend\[39mnode_modules\[4mreact-dom[24m\cjs\react-dom.development.js:19617:20[90m)[39m
    at beginWork [90m(C:\Users\husey\kiro2\frontend\[39mnode_modules\[4mreact-dom[24m\cjs\react-dom.development.js:21640:16[90m)[39m
    at HTMLUnknownElement.callCallback [90m(C:\Users\husey\kiro2\frontend\[39mnode_modules\[4mreact-dom[24m\cjs\react-dom.development.js:4164:14[90m)[39m
    at HTMLUnknownElement.callTheUserObjectsOperation [90m(C:\Users\husey\kiro2\frontend\[39mnode_modules\[4mjsdom[24m\lib\jsdom\living\generated\EventListener.js:26:30[90m)[39m
    at innerInvokeEventListeners [90m(C:\Users\husey\kiro2\frontend\[39mnode_modules\[4mjsdom[24m\lib\jsdom\living\events\EventTarget-impl.js:350:25[90m)[39m
    at invokeEventListeners [90m(C:\Users\husey\kiro2\frontend\[39mnode_modules\[4mjsdom[24m\lib\jsdom\living\events\EventTarget-impl.js:286:3[90m)[39m
    at HTMLUnknownElementImpl._dispatch [90m(C:\Users\husey\kiro2\frontend\[39mnode_modules\[4mjsdom[24m\lib\jsdom\living\events\EventTarget-impl.js:233:9[90m)[39m
    at HTMLUnknownElementImpl.dispatchEvent [90m(C:\Users\husey\kiro2\frontend\[39mnode_modules\[4mjsdom[24m\lib\jsdom\living\events\EventTarget-impl.js:104:17[90m)[39m

            </system-err>
            <failure message="Unable to find an element with the text: /Profil Görüntüle/i. This could be because the text is broken up by multiple elements. In this case, you can provide a function for your text matcher to make your matcher more flexible.

Ignored nodes: comments, script, style
[36m&lt;body&gt;[39m
  [36m&lt;div /&gt;[39m
[36m&lt;/body&gt;[39m

Ignored nodes: comments, script, style
[36m&lt;html&gt;[39m
  [36m&lt;head /&gt;[39m
  [36m&lt;body&gt;[39m
    [36m&lt;div /&gt;[39m
  [36m&lt;/body&gt;[39m
[36m&lt;/html&gt;[39m" type="TestingLibraryElementError">
TestingLibraryElementError: Unable to find an element with the text: /Profil Görüntüle/i. This could be because the text is broken up by multiple elements. In this case, you can provide a function for your text matcher to make your matcher more flexible.

Ignored nodes: comments, script, style
&lt;body&gt;
  &lt;div /&gt;
&lt;/body&gt;

Ignored nodes: comments, script, style
&lt;html&gt;
  &lt;head /&gt;
  &lt;body&gt;
    &lt;div /&gt;
  &lt;/body&gt;
&lt;/html&gt;
 ❯ waitForWrapper node_modules/@testing-library/react/node_modules/@testing-library/dom/dist/wait-for.js:163:27
 ❯ src/components/TeacherPool/__tests__/TeacherPool.test.tsx:531:11
            </failure>
        </testcase>
        <testcase classname="src/components/TeacherPool/__tests__/TeacherPool.test.tsx" name="TeacherPool - Loading States &gt; shows loading during search" time="0.0466882">
        </testcase>
        <testcase classname="src/components/TeacherPool/__tests__/TeacherPool.test.tsx" name="TeacherPool - Loading States &gt; shows loading during profile fetch" time="1.0296105">
            <system-err>
Error: Uncaught [TypeError: Cannot read properties of undefined (reading &apos;map&apos;)]
    at reportException (C:\Users\husey\kiro2\frontend\node_modules\jsdom\lib\jsdom\living\helpers\runtime-script-errors.js:66:24)
    at innerInvokeEventListeners (C:\Users\husey\kiro2\frontend\node_modules\jsdom\lib\jsdom\living\events\EventTarget-impl.js:353:9)
    at invokeEventListeners (C:\Users\husey\kiro2\frontend\node_modules\jsdom\lib\jsdom\living\events\EventTarget-impl.js:286:3)
    at HTMLUnknownElementImpl._dispatch (C:\Users\husey\kiro2\frontend\node_modules\jsdom\lib\jsdom\living\events\EventTarget-impl.js:233:9)
    at HTMLUnknownElementImpl.dispatchEvent (C:\Users\husey\kiro2\frontend\node_modules\jsdom\lib\jsdom\living\events\EventTarget-impl.js:104:17)
    at HTMLUnknownElement.dispatchEvent (C:\Users\husey\kiro2\frontend\node_modules\jsdom\lib\jsdom\living\generated\EventTarget.js:241:34)
    at Object.invokeGuardedCallbackDev (C:\Users\husey\kiro2\frontend\node_modules\react-dom\cjs\react-dom.development.js:4213:16)
    at invokeGuardedCallback (C:\Users\husey\kiro2\frontend\node_modules\react-dom\cjs\react-dom.development.js:4277:31)
    at beginWork$1 (C:\Users\husey\kiro2\frontend\node_modules\react-dom\cjs\react-dom.development.js:27490:7)
    at performUnitOfWork (C:\Users\husey\kiro2\frontend\node_modules\react-dom\cjs\react-dom.development.js:26599:12) TypeError: Cannot read properties of undefined (reading &apos;map&apos;)
    at TeacherPool [90m(C:\Users\husey\kiro2\frontend\[39msrc\components\TeacherPool\TeacherPool.tsx:383:23[90m)[39m
    at renderWithHooks [90m(C:\Users\husey\kiro2\frontend\[39mnode_modules\[4mreact-dom[24m\cjs\react-dom.development.js:15486:18[90m)[39m
    at updateFunctionComponent [90m(C:\Users\husey\kiro2\frontend\[39mnode_modules\[4mreact-dom[24m\cjs\react-dom.development.js:19617:20[90m)[39m
    at beginWork [90m(C:\Users\husey\kiro2\frontend\[39mnode_modules\[4mreact-dom[24m\cjs\react-dom.development.js:21640:16[90m)[39m
    at HTMLUnknownElement.callCallback [90m(C:\Users\husey\kiro2\frontend\[39mnode_modules\[4mreact-dom[24m\cjs\react-dom.development.js:4164:14[90m)[39m
    at HTMLUnknownElement.callTheUserObjectsOperation [90m(C:\Users\husey\kiro2\frontend\[39mnode_modules\[4mjsdom[24m\lib\jsdom\living\generated\EventListener.js:26:30[90m)[39m
    at innerInvokeEventListeners [90m(C:\Users\husey\kiro2\frontend\[39mnode_modules\[4mjsdom[24m\lib\jsdom\living\events\EventTarget-impl.js:350:25[90m)[39m
    at invokeEventListeners [90m(C:\Users\husey\kiro2\frontend\[39mnode_modules\[4mjsdom[24m\lib\jsdom\living\events\EventTarget-impl.js:286:3[90m)[39m
    at HTMLUnknownElementImpl._dispatch [90m(C:\Users\husey\kiro2\frontend\[39mnode_modules\[4mjsdom[24m\lib\jsdom\living\events\EventTarget-impl.js:233:9[90m)[39m
    at HTMLUnknownElementImpl.dispatchEvent [90m(C:\Users\husey\kiro2\frontend\[39mnode_modules\[4mjsdom[24m\lib\jsdom\living\events\EventTarget-impl.js:104:17[90m)[39m
Error: Uncaught [TypeError: Cannot read properties of undefined (reading &apos;map&apos;)]
    at reportException (C:\Users\husey\kiro2\frontend\node_modules\jsdom\lib\jsdom\living\helpers\runtime-script-errors.js:66:24)
    at innerInvokeEventListeners (C:\Users\husey\kiro2\frontend\node_modules\jsdom\lib\jsdom\living\events\EventTarget-impl.js:353:9)
    at invokeEventListeners (C:\Users\husey\kiro2\frontend\node_modules\jsdom\lib\jsdom\living\events\EventTarget-impl.js:286:3)
    at HTMLUnknownElementImpl._dispatch (C:\Users\husey\kiro2\frontend\node_modules\jsdom\lib\jsdom\living\events\EventTarget-impl.js:233:9)
    at HTMLUnknownElementImpl.dispatchEvent (C:\Users\husey\kiro2\frontend\node_modules\jsdom\lib\jsdom\living\events\EventTarget-impl.js:104:17)
    at HTMLUnknownElement.dispatchEvent (C:\Users\husey\kiro2\frontend\node_modules\jsdom\lib\jsdom\living\generated\EventTarget.js:241:34)
    at Object.invokeGuardedCallbackDev (C:\Users\husey\kiro2\frontend\node_modules\react-dom\cjs\react-dom.development.js:4213:16)
    at invokeGuardedCallback (C:\Users\husey\kiro2\frontend\node_modules\react-dom\cjs\react-dom.development.js:4277:31)
    at beginWork$1 (C:\Users\husey\kiro2\frontend\node_modules\react-dom\cjs\react-dom.development.js:27490:7)
    at performUnitOfWork (C:\Users\husey\kiro2\frontend\node_modules\react-dom\cjs\react-dom.development.js:26599:12) TypeError: Cannot read properties of undefined (reading &apos;map&apos;)
    at TeacherPool [90m(C:\Users\husey\kiro2\frontend\[39msrc\components\TeacherPool\TeacherPool.tsx:383:23[90m)[39m
    at renderWithHooks [90m(C:\Users\husey\kiro2\frontend\[39mnode_modules\[4mreact-dom[24m\cjs\react-dom.development.js:15486:18[90m)[39m
    at updateFunctionComponent [90m(C:\Users\husey\kiro2\frontend\[39mnode_modules\[4mreact-dom[24m\cjs\react-dom.development.js:19617:20[90m)[39m
    at beginWork [90m(C:\Users\husey\kiro2\frontend\[39mnode_modules\[4mreact-dom[24m\cjs\react-dom.development.js:21640:16[90m)[39m
    at HTMLUnknownElement.callCallback [90m(C:\Users\husey\kiro2\frontend\[39mnode_modules\[4mreact-dom[24m\cjs\react-dom.development.js:4164:14[90m)[39m
    at HTMLUnknownElement.callTheUserObjectsOperation [90m(C:\Users\husey\kiro2\frontend\[39mnode_modules\[4mjsdom[24m\lib\jsdom\living\generated\EventListener.js:26:30[90m)[39m
    at innerInvokeEventListeners [90m(C:\Users\husey\kiro2\frontend\[39mnode_modules\[4mjsdom[24m\lib\jsdom\living\events\EventTarget-impl.js:350:25[90m)[39m
    at invokeEventListeners [90m(C:\Users\husey\kiro2\frontend\[39mnode_modules\[4mjsdom[24m\lib\jsdom\living\events\EventTarget-impl.js:286:3[90m)[39m
    at HTMLUnknownElementImpl._dispatch [90m(C:\Users\husey\kiro2\frontend\[39mnode_modules\[4mjsdom[24m\lib\jsdom\living\events\EventTarget-impl.js:233:9[90m)[39m
    at HTMLUnknownElementImpl.dispatchEvent [90m(C:\Users\husey\kiro2\frontend\[39mnode_modules\[4mjsdom[24m\lib\jsdom\living\events\EventTarget-impl.js:104:17[90m)[39m

            </system-err>
            <failure message="Unable to find an element with the text: /Profil Görüntüle/i. This could be because the text is broken up by multiple elements. In this case, you can provide a function for your text matcher to make your matcher more flexible.

Ignored nodes: comments, script, style
[36m&lt;body&gt;[39m
  [36m&lt;div /&gt;[39m
[36m&lt;/body&gt;[39m

Ignored nodes: comments, script, style
[36m&lt;html&gt;[39m
  [36m&lt;head /&gt;[39m
  [36m&lt;body&gt;[39m
    [36m&lt;div /&gt;[39m
  [36m&lt;/body&gt;[39m
[36m&lt;/html&gt;[39m" type="TestingLibraryElementError">
TestingLibraryElementError: Unable to find an element with the text: /Profil Görüntüle/i. This could be because the text is broken up by multiple elements. In this case, you can provide a function for your text matcher to make your matcher more flexible.

Ignored nodes: comments, script, style
&lt;body&gt;
  &lt;div /&gt;
&lt;/body&gt;

Ignored nodes: comments, script, style
&lt;html&gt;
  &lt;head /&gt;
  &lt;body&gt;
    &lt;div /&gt;
  &lt;/body&gt;
&lt;/html&gt;
 ❯ waitForWrapper node_modules/@testing-library/react/node_modules/@testing-library/dom/dist/wait-for.js:163:27
 ❯ src/components/TeacherPool/__tests__/TeacherPool.test.tsx:558:11
            </failure>
        </testcase>
        <testcase classname="src/components/TeacherPool/__tests__/TeacherPool.test.tsx" name="TeacherPool - Empty States &gt; shows no teachers message" time="1.0145346">
            <system-err>
Error: Uncaught [TypeError: Cannot read properties of undefined (reading &apos;map&apos;)]
    at reportException (C:\Users\husey\kiro2\frontend\node_modules\jsdom\lib\jsdom\living\helpers\runtime-script-errors.js:66:24)
    at innerInvokeEventListeners (C:\Users\husey\kiro2\frontend\node_modules\jsdom\lib\jsdom\living\events\EventTarget-impl.js:353:9)
    at invokeEventListeners (C:\Users\husey\kiro2\frontend\node_modules\jsdom\lib\jsdom\living\events\EventTarget-impl.js:286:3)
    at HTMLUnknownElementImpl._dispatch (C:\Users\husey\kiro2\frontend\node_modules\jsdom\lib\jsdom\living\events\EventTarget-impl.js:233:9)
    at HTMLUnknownElementImpl.dispatchEvent (C:\Users\husey\kiro2\frontend\node_modules\jsdom\lib\jsdom\living\events\EventTarget-impl.js:104:17)
    at HTMLUnknownElement.dispatchEvent (C:\Users\husey\kiro2\frontend\node_modules\jsdom\lib\jsdom\living\generated\EventTarget.js:241:34)
    at Object.invokeGuardedCallbackDev (C:\Users\husey\kiro2\frontend\node_modules\react-dom\cjs\react-dom.development.js:4213:16)
    at invokeGuardedCallback (C:\Users\husey\kiro2\frontend\node_modules\react-dom\cjs\react-dom.development.js:4277:31)
    at beginWork$1 (C:\Users\husey\kiro2\frontend\node_modules\react-dom\cjs\react-dom.development.js:27490:7)
    at performUnitOfWork (C:\Users\husey\kiro2\frontend\node_modules\react-dom\cjs\react-dom.development.js:26599:12) TypeError: Cannot read properties of undefined (reading &apos;map&apos;)
    at TeacherPool [90m(C:\Users\husey\kiro2\frontend\[39msrc\components\TeacherPool\TeacherPool.tsx:383:23[90m)[39m
    at renderWithHooks [90m(C:\Users\husey\kiro2\frontend\[39mnode_modules\[4mreact-dom[24m\cjs\react-dom.development.js:15486:18[90m)[39m
    at updateFunctionComponent [90m(C:\Users\husey\kiro2\frontend\[39mnode_modules\[4mreact-dom[24m\cjs\react-dom.development.js:19617:20[90m)[39m
    at beginWork [90m(C:\Users\husey\kiro2\frontend\[39mnode_modules\[4mreact-dom[24m\cjs\react-dom.development.js:21640:16[90m)[39m
    at HTMLUnknownElement.callCallback [90m(C:\Users\husey\kiro2\frontend\[39mnode_modules\[4mreact-dom[24m\cjs\react-dom.development.js:4164:14[90m)[39m
    at HTMLUnknownElement.callTheUserObjectsOperation [90m(C:\Users\husey\kiro2\frontend\[39mnode_modules\[4mjsdom[24m\lib\jsdom\living\generated\EventListener.js:26:30[90m)[39m
    at innerInvokeEventListeners [90m(C:\Users\husey\kiro2\frontend\[39mnode_modules\[4mjsdom[24m\lib\jsdom\living\events\EventTarget-impl.js:350:25[90m)[39m
    at invokeEventListeners [90m(C:\Users\husey\kiro2\frontend\[39mnode_modules\[4mjsdom[24m\lib\jsdom\living\events\EventTarget-impl.js:286:3[90m)[39m
    at HTMLUnknownElementImpl._dispatch [90m(C:\Users\husey\kiro2\frontend\[39mnode_modules\[4mjsdom[24m\lib\jsdom\living\events\EventTarget-impl.js:233:9[90m)[39m
    at HTMLUnknownElementImpl.dispatchEvent [90m(C:\Users\husey\kiro2\frontend\[39mnode_modules\[4mjsdom[24m\lib\jsdom\living\events\EventTarget-impl.js:104:17[90m)[39m
Error: Uncaught [TypeError: Cannot read properties of undefined (reading &apos;map&apos;)]
    at reportException (C:\Users\husey\kiro2\frontend\node_modules\jsdom\lib\jsdom\living\helpers\runtime-script-errors.js:66:24)
    at innerInvokeEventListeners (C:\Users\husey\kiro2\frontend\node_modules\jsdom\lib\jsdom\living\events\EventTarget-impl.js:353:9)
    at invokeEventListeners (C:\Users\husey\kiro2\frontend\node_modules\jsdom\lib\jsdom\living\events\EventTarget-impl.js:286:3)
    at HTMLUnknownElementImpl._dispatch (C:\Users\husey\kiro2\frontend\node_modules\jsdom\lib\jsdom\living\events\EventTarget-impl.js:233:9)
    at HTMLUnknownElementImpl.dispatchEvent (C:\Users\husey\kiro2\frontend\node_modules\jsdom\lib\jsdom\living\events\EventTarget-impl.js:104:17)
    at HTMLUnknownElement.dispatchEvent (C:\Users\husey\kiro2\frontend\node_modules\jsdom\lib\jsdom\living\generated\EventTarget.js:241:34)
    at Object.invokeGuardedCallbackDev (C:\Users\husey\kiro2\frontend\node_modules\react-dom\cjs\react-dom.development.js:4213:16)
    at invokeGuardedCallback (C:\Users\husey\kiro2\frontend\node_modules\react-dom\cjs\react-dom.development.js:4277:31)
    at beginWork$1 (C:\Users\husey\kiro2\frontend\node_modules\react-dom\cjs\react-dom.development.js:27490:7)
    at performUnitOfWork (C:\Users\husey\kiro2\frontend\node_modules\react-dom\cjs\react-dom.development.js:26599:12) TypeError: Cannot read properties of undefined (reading &apos;map&apos;)
    at TeacherPool [90m(C:\Users\husey\kiro2\frontend\[39msrc\components\TeacherPool\TeacherPool.tsx:383:23[90m)[39m
    at renderWithHooks [90m(C:\Users\husey\kiro2\frontend\[39mnode_modules\[4mreact-dom[24m\cjs\react-dom.development.js:15486:18[90m)[39m
    at updateFunctionComponent [90m(C:\Users\husey\kiro2\frontend\[39mnode_modules\[4mreact-dom[24m\cjs\react-dom.development.js:19617:20[90m)[39m
    at beginWork [90m(C:\Users\husey\kiro2\frontend\[39mnode_modules\[4mreact-dom[24m\cjs\react-dom.development.js:21640:16[90m)[39m
    at HTMLUnknownElement.callCallback [90m(C:\Users\husey\kiro2\frontend\[39mnode_modules\[4mreact-dom[24m\cjs\react-dom.development.js:4164:14[90m)[39m
    at HTMLUnknownElement.callTheUserObjectsOperation [90m(C:\Users\husey\kiro2\frontend\[39mnode_modules\[4mjsdom[24m\lib\jsdom\living\generated\EventListener.js:26:30[90m)[39m
    at innerInvokeEventListeners [90m(C:\Users\husey\kiro2\frontend\[39mnode_modules\[4mjsdom[24m\lib\jsdom\living\events\EventTarget-impl.js:350:25[90m)[39m
    at invokeEventListeners [90m(C:\Users\husey\kiro2\frontend\[39mnode_modules\[4mjsdom[24m\lib\jsdom\living\events\EventTarget-impl.js:286:3[90m)[39m
    at HTMLUnknownElementImpl._dispatch [90m(C:\Users\husey\kiro2\frontend\[39mnode_modules\[4mjsdom[24m\lib\jsdom\living\events\EventTarget-impl.js:233:9[90m)[39m
    at HTMLUnknownElementImpl.dispatchEvent [90m(C:\Users\husey\kiro2\frontend\[39mnode_modules\[4mjsdom[24m\lib\jsdom\living\events\EventTarget-impl.js:104:17[90m)[39m

            </system-err>
            <failure message="Unable to find an element with the text: /Öğretmen bulunamadı/i. This could be because the text is broken up by multiple elements. In this case, you can provide a function for your text matcher to make your matcher more flexible.

Ignored nodes: comments, script, style
[36m&lt;body&gt;[39m
  [36m&lt;div /&gt;[39m
[36m&lt;/body&gt;[39m

Ignored nodes: comments, script, style
[36m&lt;html&gt;[39m
  [36m&lt;head /&gt;[39m
  [36m&lt;body&gt;[39m
    [36m&lt;div /&gt;[39m
  [36m&lt;/body&gt;[39m
[36m&lt;/html&gt;[39m" type="TestingLibraryElementError">
TestingLibraryElementError: Unable to find an element with the text: /Öğretmen bulunamadı/i. This could be because the text is broken up by multiple elements. In this case, you can provide a function for your text matcher to make your matcher more flexible.

Ignored nodes: comments, script, style
&lt;body&gt;
  &lt;div /&gt;
&lt;/body&gt;

Ignored nodes: comments, script, style
&lt;html&gt;
  &lt;head /&gt;
  &lt;body&gt;
    &lt;div /&gt;
  &lt;/body&gt;
&lt;/html&gt;
 ❯ waitForWrapper node_modules/@testing-library/react/node_modules/@testing-library/dom/dist/wait-for.js:163:27
 ❯ src/components/TeacherPool/__tests__/TeacherPool.test.tsx:575:11
            </failure>
        </testcase>
        <testcase classname="src/components/TeacherPool/__tests__/TeacherPool.test.tsx" name="TeacherPool - Empty States &gt; shows no appointments message" time="1.0158292">
            <system-err>
Error: Uncaught [TypeError: Cannot read properties of undefined (reading &apos;map&apos;)]
    at reportException (C:\Users\husey\kiro2\frontend\node_modules\jsdom\lib\jsdom\living\helpers\runtime-script-errors.js:66:24)
    at innerInvokeEventListeners (C:\Users\husey\kiro2\frontend\node_modules\jsdom\lib\jsdom\living\events\EventTarget-impl.js:353:9)
    at invokeEventListeners (C:\Users\husey\kiro2\frontend\node_modules\jsdom\lib\jsdom\living\events\EventTarget-impl.js:286:3)
    at HTMLUnknownElementImpl._dispatch (C:\Users\husey\kiro2\frontend\node_modules\jsdom\lib\jsdom\living\events\EventTarget-impl.js:233:9)
    at HTMLUnknownElementImpl.dispatchEvent (C:\Users\husey\kiro2\frontend\node_modules\jsdom\lib\jsdom\living\events\EventTarget-impl.js:104:17)
    at HTMLUnknownElement.dispatchEvent (C:\Users\husey\kiro2\frontend\node_modules\jsdom\lib\jsdom\living\generated\EventTarget.js:241:34)
    at Object.invokeGuardedCallbackDev (C:\Users\husey\kiro2\frontend\node_modules\react-dom\cjs\react-dom.development.js:4213:16)
    at invokeGuardedCallback (C:\Users\husey\kiro2\frontend\node_modules\react-dom\cjs\react-dom.development.js:4277:31)
    at beginWork$1 (C:\Users\husey\kiro2\frontend\node_modules\react-dom\cjs\react-dom.development.js:27490:7)
    at performUnitOfWork (C:\Users\husey\kiro2\frontend\node_modules\react-dom\cjs\react-dom.development.js:26599:12) TypeError: Cannot read properties of undefined (reading &apos;map&apos;)
    at TeacherPool [90m(C:\Users\husey\kiro2\frontend\[39msrc\components\TeacherPool\TeacherPool.tsx:620:29[90m)[39m
    at renderWithHooks [90m(C:\Users\husey\kiro2\frontend\[39mnode_modules\[4mreact-dom[24m\cjs\react-dom.development.js:15486:18[90m)[39m
    at updateFunctionComponent [90m(C:\Users\husey\kiro2\frontend\[39mnode_modules\[4mreact-dom[24m\cjs\react-dom.development.js:19617:20[90m)[39m
    at beginWork [90m(C:\Users\husey\kiro2\frontend\[39mnode_modules\[4mreact-dom[24m\cjs\react-dom.development.js:21640:16[90m)[39m
    at HTMLUnknownElement.callCallback [90m(C:\Users\husey\kiro2\frontend\[39mnode_modules\[4mreact-dom[24m\cjs\react-dom.development.js:4164:14[90m)[39m
    at HTMLUnknownElement.callTheUserObjectsOperation [90m(C:\Users\husey\kiro2\frontend\[39mnode_modules\[4mjsdom[24m\lib\jsdom\living\generated\EventListener.js:26:30[90m)[39m
    at innerInvokeEventListeners [90m(C:\Users\husey\kiro2\frontend\[39mnode_modules\[4mjsdom[24m\lib\jsdom\living\events\EventTarget-impl.js:350:25[90m)[39m
    at invokeEventListeners [90m(C:\Users\husey\kiro2\frontend\[39mnode_modules\[4mjsdom[24m\lib\jsdom\living\events\EventTarget-impl.js:286:3[90m)[39m
    at HTMLUnknownElementImpl._dispatch [90m(C:\Users\husey\kiro2\frontend\[39mnode_modules\[4mjsdom[24m\lib\jsdom\living\events\EventTarget-impl.js:233:9[90m)[39m
    at HTMLUnknownElementImpl.dispatchEvent [90m(C:\Users\husey\kiro2\frontend\[39mnode_modules\[4mjsdom[24m\lib\jsdom\living\events\EventTarget-impl.js:104:17[90m)[39m
Error: Uncaught [TypeError: Cannot read properties of undefined (reading &apos;map&apos;)]
    at reportException (C:\Users\husey\kiro2\frontend\node_modules\jsdom\lib\jsdom\living\helpers\runtime-script-errors.js:66:24)
    at innerInvokeEventListeners (C:\Users\husey\kiro2\frontend\node_modules\jsdom\lib\jsdom\living\events\EventTarget-impl.js:353:9)
    at invokeEventListeners (C:\Users\husey\kiro2\frontend\node_modules\jsdom\lib\jsdom\living\events\EventTarget-impl.js:286:3)
    at HTMLUnknownElementImpl._dispatch (C:\Users\husey\kiro2\frontend\node_modules\jsdom\lib\jsdom\living\events\EventTarget-impl.js:233:9)
    at HTMLUnknownElementImpl.dispatchEvent (C:\Users\husey\kiro2\frontend\node_modules\jsdom\lib\jsdom\living\events\EventTarget-impl.js:104:17)
    at HTMLUnknownElement.dispatchEvent (C:\Users\husey\kiro2\frontend\node_modules\jsdom\lib\jsdom\living\generated\EventTarget.js:241:34)
    at Object.invokeGuardedCallbackDev (C:\Users\husey\kiro2\frontend\node_modules\react-dom\cjs\react-dom.development.js:4213:16)
    at invokeGuardedCallback (C:\Users\husey\kiro2\frontend\node_modules\react-dom\cjs\react-dom.development.js:4277:31)
    at beginWork$1 (C:\Users\husey\kiro2\frontend\node_modules\react-dom\cjs\react-dom.development.js:27490:7)
    at performUnitOfWork (C:\Users\husey\kiro2\frontend\node_modules\react-dom\cjs\react-dom.development.js:26599:12) TypeError: Cannot read properties of undefined (reading &apos;map&apos;)
    at TeacherPool [90m(C:\Users\husey\kiro2\frontend\[39msrc\components\TeacherPool\TeacherPool.tsx:620:29[90m)[39m
    at renderWithHooks [90m(C:\Users\husey\kiro2\frontend\[39mnode_modules\[4mreact-dom[24m\cjs\react-dom.development.js:15486:18[90m)[39m
    at updateFunctionComponent [90m(C:\Users\husey\kiro2\frontend\[39mnode_modules\[4mreact-dom[24m\cjs\react-dom.development.js:19617:20[90m)[39m
    at beginWork [90m(C:\Users\husey\kiro2\frontend\[39mnode_modules\[4mreact-dom[24m\cjs\react-dom.development.js:21640:16[90m)[39m
    at HTMLUnknownElement.callCallback [90m(C:\Users\husey\kiro2\frontend\[39mnode_modules\[4mreact-dom[24m\cjs\react-dom.development.js:4164:14[90m)[39m
    at HTMLUnknownElement.callTheUserObjectsOperation [90m(C:\Users\husey\kiro2\frontend\[39mnode_modules\[4mjsdom[24m\lib\jsdom\living\generated\EventListener.js:26:30[90m)[39m
    at innerInvokeEventListeners [90m(C:\Users\husey\kiro2\frontend\[39mnode_modules\[4mjsdom[24m\lib\jsdom\living\events\EventTarget-impl.js:350:25[90m)[39m
    at invokeEventListeners [90m(C:\Users\husey\kiro2\frontend\[39mnode_modules\[4mjsdom[24m\lib\jsdom\living\events\EventTarget-impl.js:286:3[90m)[39m
    at HTMLUnknownElementImpl._dispatch [90m(C:\Users\husey\kiro2\frontend\[39mnode_modules\[4mjsdom[24m\lib\jsdom\living\events\EventTarget-impl.js:233:9[90m)[39m
    at HTMLUnknownElementImpl.dispatchEvent [90m(C:\Users\husey\kiro2\frontend\[39mnode_modules\[4mjsdom[24m\lib\jsdom\living\events\EventTarget-impl.js:104:17[90m)[39m

            </system-err>
            <failure message="Unable to find an element with the text: /Henüz randevunuz yok/i. This could be because the text is broken up by multiple elements. In this case, you can provide a function for your text matcher to make your matcher more flexible.

Ignored nodes: comments, script, style
[36m&lt;body&gt;[39m
  [36m&lt;div /&gt;[39m
[36m&lt;/body&gt;[39m

Ignored nodes: comments, script, style
[36m&lt;html&gt;[39m
  [36m&lt;head /&gt;[39m
  [36m&lt;body&gt;[39m
    [36m&lt;div /&gt;[39m
  [36m&lt;/body&gt;[39m
[36m&lt;/html&gt;[39m" type="TestingLibraryElementError">
TestingLibraryElementError: Unable to find an element with the text: /Henüz randevunuz yok/i. This could be because the text is broken up by multiple elements. In this case, you can provide a function for your text matcher to make your matcher more flexible.

Ignored nodes: comments, script, style
&lt;body&gt;
  &lt;div /&gt;
&lt;/body&gt;

Ignored nodes: comments, script, style
&lt;html&gt;
  &lt;head /&gt;
  &lt;body&gt;
    &lt;div /&gt;
  &lt;/body&gt;
&lt;/html&gt;
 ❯ waitForWrapper node_modules/@testing-library/react/node_modules/@testing-library/dom/dist/wait-for.js:163:27
 ❯ src/components/TeacherPool/__tests__/TeacherPool.test.tsx:588:11
            </failure>
        </testcase>
    </testsuite>
    <testsuite name="src/components/ui/__tests__/modern-button.test.tsx" timestamp="2025-11-14T16:56:52.978Z" hostname="ates" tests="33" failures="14" errors="0" skipped="0" time="5.7561842">
        <testcase classname="src/components/ui/__tests__/modern-button.test.tsx" name="ModernButton &gt; Basic Rendering &gt; renders button with text" time="0.9423964">
        </testcase>
        <testcase classname="src/components/ui/__tests__/modern-button.test.tsx" name="ModernButton &gt; Basic Rendering &gt; renders with start and end icons" time="0.1077921">
            <failure message="Found multiple elements by: [data-testid=&quot;start-icon&quot;]

Here are the matching elements:

Ignored nodes: comments, script, style
[36m&lt;span[39m
  [33mdata-testid[39m=[32m&quot;start-icon&quot;[39m
[36m&gt;[39m
  [0m→[0m
[36m&lt;/span&gt;[39m

Ignored nodes: comments, script, style
[36m&lt;span[39m
  [33mdata-testid[39m=[32m&quot;start-icon&quot;[39m
[36m&gt;[39m
  [0m→[0m
[36m&lt;/span&gt;[39m

(If this is intentional, then use the `*AllBy*` variant of the query (like `queryAllByText`, `getAllByText`, or `findAllByText`)).

Ignored nodes: comments, script, style
[36m&lt;body&gt;[39m
  [36m&lt;div&gt;[39m
    [36m&lt;button[39m
      [33mclass[39m=[32m&quot;MuiButtonBase-root MuiButton-root MuiButton-contained MuiButton-containedPrimary MuiButton-sizeMedium MuiButton-containedSizeMedium MuiButton-colorPrimary MuiButton-root MuiButton-contained MuiButton-containedPrimary MuiButton-sizeMedium MuiButton-containedSizeMedium MuiButton-colorPrimary css-10sj1g3-MuiButtonBase-root-MuiButton-root&quot;[39m
      [33mtabindex[39m=[32m&quot;0&quot;[39m
      [33mtype[39m=[32m&quot;button&quot;[39m
    [36m&gt;[39m
      [36m&lt;span[39m
        [33mclass[39m=[32m&quot;MuiButton-icon MuiButton-startIcon MuiButton-iconSizeMedium css-gcc2o7-MuiButton-startIcon&quot;[39m
      [36m&gt;[39m
        [36m&lt;span[39m
          [33mdata-testid[39m=[32m&quot;start-icon&quot;[39m
        [36m&gt;[39m
          [0m→[0m
        [36m&lt;/span&gt;[39m
      [36m&lt;/span&gt;[39m
      [36m&lt;div[39m
        [33mclass[39m=[32m&quot;MuiBox-root css-oq6dy4&quot;[39m
      [36m&gt;[39m
        [36m&lt;span[39m
          [33mdata-testid[39m=[32m&quot;start-icon&quot;[39m
        [36m&gt;[39m
          [0m→[0m
        [36m&lt;/span&gt;[39m
        [0mButton with Icons[0m
        [36m&lt;span[39m
          [33mdata-testid[39m=[32m&quot;end-icon&quot;[39m
        [36m&gt;[39m
          [0m←[0m
        [36m&lt;/span&gt;[39m
      [36m&lt;/div&gt;[39m
      [36m&lt;span[39m
        [33mclass[39m=[32m&quot;MuiButton-icon MuiButton-endIcon MuiButton-iconSizeMedium css-1gnd1fd-MuiButton-endIcon&quot;[39m
      [36m&gt;[39m
        [36m&lt;span[39m
          [33mdata-testid[39m=[32m&quot;end-icon&quot;[39m
        [36m&gt;[39m
          [0m←[0m
        [36m&lt;/span&gt;[39m
      [36m&lt;/span&gt;[39m
      [36m&lt;span[39m
        [33mclass[39m=[32m&quot;MuiTouchRipple-root css-8je8zh-MuiTouchRipple-root&quot;[39m
      [36m/&gt;[39m
    [36m&lt;/button&gt;[39m
  [36m&lt;/div&gt;[39m
[36m&lt;/body&gt;[39m" type="TestingLibraryElementError">
TestingLibraryElementError: Found multiple elements by: [data-testid=&quot;start-icon&quot;]

Here are the matching elements:

Ignored nodes: comments, script, style
&lt;span
  data-testid=&quot;start-icon&quot;
&gt;
  →
&lt;/span&gt;

Ignored nodes: comments, script, style
&lt;span
  data-testid=&quot;start-icon&quot;
&gt;
  →
&lt;/span&gt;

(If this is intentional, then use the `*AllBy*` variant of the query (like `queryAllByText`, `getAllByText`, or `findAllByText`)).

Ignored nodes: comments, script, style
&lt;body&gt;
  &lt;div&gt;
    &lt;button
      class=&quot;MuiButtonBase-root MuiButton-root MuiButton-contained MuiButton-containedPrimary MuiButton-sizeMedium MuiButton-containedSizeMedium MuiButton-colorPrimary MuiButton-root MuiButton-contained MuiButton-containedPrimary MuiButton-sizeMedium MuiButton-containedSizeMedium MuiButton-colorPrimary css-10sj1g3-MuiButtonBase-root-MuiButton-root&quot;
      tabindex=&quot;0&quot;
      type=&quot;button&quot;
    &gt;
      &lt;span
        class=&quot;MuiButton-icon MuiButton-startIcon MuiButton-iconSizeMedium css-gcc2o7-MuiButton-startIcon&quot;
      &gt;
        &lt;span
          data-testid=&quot;start-icon&quot;
        &gt;
          →
        &lt;/span&gt;
      &lt;/span&gt;
      &lt;div
        class=&quot;MuiBox-root css-oq6dy4&quot;
      &gt;
        &lt;span
          data-testid=&quot;start-icon&quot;
        &gt;
          →
        &lt;/span&gt;
        Button with Icons
        &lt;span
          data-testid=&quot;end-icon&quot;
        &gt;
          ←
        &lt;/span&gt;
      &lt;/div&gt;
      &lt;span
        class=&quot;MuiButton-icon MuiButton-endIcon MuiButton-iconSizeMedium css-1gnd1fd-MuiButton-endIcon&quot;
      &gt;
        &lt;span
          data-testid=&quot;end-icon&quot;
        &gt;
          ←
        &lt;/span&gt;
      &lt;/span&gt;
      &lt;span
        class=&quot;MuiTouchRipple-root css-8je8zh-MuiTouchRipple-root&quot;
      /&gt;
    &lt;/button&gt;
  &lt;/div&gt;
&lt;/body&gt;
 ❯ Object.getElementError node_modules/@testing-library/react/node_modules/@testing-library/dom/dist/config.js:37:19
 ❯ getElementError node_modules/@testing-library/react/node_modules/@testing-library/dom/dist/query-helpers.js:20:35
 ❯ getMultipleElementsFoundError node_modules/@testing-library/react/node_modules/@testing-library/dom/dist/query-helpers.js:23:10
 ❯ node_modules/@testing-library/react/node_modules/@testing-library/dom/dist/query-helpers.js:55:13
 ❯ node_modules/@testing-library/react/node_modules/@testing-library/dom/dist/query-helpers.js:95:19
 ❯ src/components/ui/__tests__/modern-button.test.tsx:30:21
            </failure>
        </testcase>
        <testcase classname="src/components/ui/__tests__/modern-button.test.tsx" name="ModernButton &gt; Variants &gt; renders contained variant" time="0.0453976">
        </testcase>
        <testcase classname="src/components/ui/__tests__/modern-button.test.tsx" name="ModernButton &gt; Variants &gt; renders outlined variant" time="0.1020327">
        </testcase>
        <testcase classname="src/components/ui/__tests__/modern-button.test.tsx" name="ModernButton &gt; Variants &gt; renders text variant" time="0.0723403">
        </testcase>
        <testcase classname="src/components/ui/__tests__/modern-button.test.tsx" name="ModernButton &gt; Variants &gt; renders gradient variant with special styling" time="0.3185534">
        </testcase>
        <testcase classname="src/components/ui/__tests__/modern-button.test.tsx" name="ModernButton &gt; Sizes &gt; applies small size correctly" time="0.2622249">
        </testcase>
        <testcase classname="src/components/ui/__tests__/modern-button.test.tsx" name="ModernButton &gt; Sizes &gt; applies medium size correctly" time="0.1619212">
        </testcase>
        <testcase classname="src/components/ui/__tests__/modern-button.test.tsx" name="ModernButton &gt; Sizes &gt; applies large size correctly" time="0.2147664">
        </testcase>
        <testcase classname="src/components/ui/__tests__/modern-button.test.tsx" name="ModernButton &gt; Touch Optimization &gt; applies touch-optimized sizes when enabled" time="0.1558434">
        </testcase>
        <testcase classname="src/components/ui/__tests__/modern-button.test.tsx" name="ModernButton &gt; Touch Optimization &gt; applies regular sizes when touch optimization disabled" time="0.2152234">
        </testcase>
        <testcase classname="src/components/ui/__tests__/modern-button.test.tsx" name="ModernButton &gt; Loading State &gt; shows loading spinner when loading" time="0.258227">
        </testcase>
        <testcase classname="src/components/ui/__tests__/modern-button.test.tsx" name="ModernButton &gt; Loading State &gt; hides text when loading" time="0.0918162">
            <failure message="[2mexpect([22m[31mreceived[39m[2m).toBeInTheDocument()[22m

[31mreceived[39m value must be an HTMLElement or an SVGElement.
Received has type:  Null
Received has value: [31mnull[39m" type="Error">
Error: expect(received).toBeInTheDocument()

received value must be an HTMLElement or an SVGElement.
Received has type:  Null
Received has value: null
 ❯ src/components/ui/__tests__/modern-button.test.tsx:140:29
            </failure>
        </testcase>
        <testcase classname="src/components/ui/__tests__/modern-button.test.tsx" name="ModernButton &gt; Loading State &gt; hides icons when loading" time="0.0862276">
            <failure message="[2mexpect([22m[31melement[39m[2m).not.toBeInTheDocument()[22m

[31mexpected document not to contain element, found &lt;span
  data-testid=&quot;icon&quot;
&gt;
  🎉
&lt;/span&gt; instead[39m" type="Error">
Error: expect(element).not.toBeInTheDocument()

expected document not to contain element, found &lt;span
  data-testid=&quot;icon&quot;
&gt;
  🎉
&lt;/span&gt; instead
 ❯ src/components/ui/__tests__/modern-button.test.tsx:152:48
            </failure>
        </testcase>
        <testcase classname="src/components/ui/__tests__/modern-button.test.tsx" name="ModernButton &gt; Disabled State &gt; is disabled when disabled prop is true" time="0.1943712">
        </testcase>
        <testcase classname="src/components/ui/__tests__/modern-button.test.tsx" name="ModernButton &gt; Disabled State &gt; is disabled when loading" time="0.1597867">
        </testcase>
        <testcase classname="src/components/ui/__tests__/modern-button.test.tsx" name="ModernButton &gt; Interactions &gt; calls onClick when clicked" time="0.1263591">
            <failure message="Cannot read properties of undefined (reading &apos;click&apos;)" type="TypeError">
TypeError: Cannot read properties of undefined (reading &apos;click&apos;)
 ❯ src/components/ui/__tests__/modern-button.test.tsx:182:18
            </failure>
        </testcase>
        <testcase classname="src/components/ui/__tests__/modern-button.test.tsx" name="ModernButton &gt; Interactions &gt; does not call onClick when disabled" time="0.1848147">
            <failure message="Cannot read properties of undefined (reading &apos;click&apos;)" type="TypeError">
TypeError: Cannot read properties of undefined (reading &apos;click&apos;)
 ❯ src/components/ui/__tests__/modern-button.test.tsx:196:18
            </failure>
        </testcase>
        <testcase classname="src/components/ui/__tests__/modern-button.test.tsx" name="ModernButton &gt; Interactions &gt; does not call onClick when loading" time="0.1661606">
            <failure message="Cannot read properties of undefined (reading &apos;click&apos;)" type="TypeError">
TypeError: Cannot read properties of undefined (reading &apos;click&apos;)
 ❯ src/components/ui/__tests__/modern-button.test.tsx:210:18
            </failure>
        </testcase>
        <testcase classname="src/components/ui/__tests__/modern-button.test.tsx" name="ModernButton &gt; Form Integration &gt; submits form when type is submit" time="0.1718144">
            <failure message="Cannot read properties of undefined (reading &apos;click&apos;)" type="TypeError">
TypeError: Cannot read properties of undefined (reading &apos;click&apos;)
 ❯ src/components/ui/__tests__/modern-button.test.tsx:226:18
            </failure>
        </testcase>
        <testcase classname="src/components/ui/__tests__/modern-button.test.tsx" name="ModernButton &gt; Form Integration &gt; applies fullWidth correctly" time="0.2938232">
        </testcase>
        <testcase classname="src/components/ui/__tests__/modern-button.test.tsx" name="ModernButton &gt; Accessibility &gt; has proper ARIA label" time="0.0502701">
        </testcase>
        <testcase classname="src/components/ui/__tests__/modern-button.test.tsx" name="ModernButton &gt; Accessibility &gt; has focus-visible outline" time="0.1681014">
        </testcase>
        <testcase classname="src/components/ui/__tests__/modern-button.test.tsx" name="ModernButton &gt; Accessibility &gt; maintains keyboard navigation" time="0.1499459">
            <failure message="Cannot read properties of undefined (reading &apos;keyboard&apos;)" type="TypeError">
TypeError: Cannot read properties of undefined (reading &apos;keyboard&apos;)
 ❯ src/components/ui/__tests__/modern-button.test.tsx:272:18
            </failure>
        </testcase>
        <testcase classname="src/components/ui/__tests__/modern-button.test.tsx" name="ModernButton &gt; Color Variants &gt; renders primary color correctly" time="0.0504913">
            <failure message="[2mexpect([22m[31mreceived[39m[2m).toBeInTheDocument()[22m

[31mreceived[39m value must be an HTMLElement or an SVGElement.
Received has type:  Null
Received has value: [31mnull[39m" type="Error">
Error: expect(received).toBeInTheDocument()

received value must be an HTMLElement or an SVGElement.
Received has type:  Null
Received has value: null
 ❯ src/components/ui/__tests__/modern-button.test.tsx:290:24
            </failure>
        </testcase>
        <testcase classname="src/components/ui/__tests__/modern-button.test.tsx" name="ModernButton &gt; Color Variants &gt; renders secondary color correctly" time="0.160568">
            <failure message="[2mexpect([22m[31mreceived[39m[2m).toBeInTheDocument()[22m

[31mreceived[39m value must be an HTMLElement or an SVGElement.
Received has type:  Null
Received has value: [31mnull[39m" type="Error">
Error: expect(received).toBeInTheDocument()

received value must be an HTMLElement or an SVGElement.
Received has type:  Null
Received has value: null
 ❯ src/components/ui/__tests__/modern-button.test.tsx:290:24
            </failure>
        </testcase>
        <testcase classname="src/components/ui/__tests__/modern-button.test.tsx" name="ModernButton &gt; Color Variants &gt; renders success color correctly" time="0.1472995">
            <failure message="[2mexpect([22m[31mreceived[39m[2m).toBeInTheDocument()[22m

[31mreceived[39m value must be an HTMLElement or an SVGElement.
Received has type:  Null
Received has value: [31mnull[39m" type="Error">
Error: expect(received).toBeInTheDocument()

received value must be an HTMLElement or an SVGElement.
Received has type:  Null
Received has value: null
 ❯ src/components/ui/__tests__/modern-button.test.tsx:290:24
            </failure>
        </testcase>
        <testcase classname="src/components/ui/__tests__/modern-button.test.tsx" name="ModernButton &gt; Color Variants &gt; renders error color correctly" time="0.1703932">
            <failure message="[2mexpect([22m[31mreceived[39m[2m).toBeInTheDocument()[22m

[31mreceived[39m value must be an HTMLElement or an SVGElement.
Received has type:  Null
Received has value: [31mnull[39m" type="Error">
Error: expect(received).toBeInTheDocument()

received value must be an HTMLElement or an SVGElement.
Received has type:  Null
Received has value: null
 ❯ src/components/ui/__tests__/modern-button.test.tsx:290:24
            </failure>
        </testcase>
        <testcase classname="src/components/ui/__tests__/modern-button.test.tsx" name="ModernButton &gt; Color Variants &gt; renders warning color correctly" time="0.1445545">
            <failure message="[2mexpect([22m[31mreceived[39m[2m).toBeInTheDocument()[22m

[31mreceived[39m value must be an HTMLElement or an SVGElement.
Received has type:  Null
Received has value: [31mnull[39m" type="Error">
Error: expect(received).toBeInTheDocument()

received value must be an HTMLElement or an SVGElement.
Received has type:  Null
Received has value: null
 ❯ src/components/ui/__tests__/modern-button.test.tsx:290:24
            </failure>
        </testcase>
        <testcase classname="src/components/ui/__tests__/modern-button.test.tsx" name="ModernButton &gt; Color Variants &gt; renders info color correctly" time="0.1566585">
            <failure message="[2mexpect([22m[31mreceived[39m[2m).toBeInTheDocument()[22m

[31mreceived[39m value must be an HTMLElement or an SVGElement.
Received has type:  Null
Received has value: [31mnull[39m" type="Error">
Error: expect(received).toBeInTheDocument()

received value must be an HTMLElement or an SVGElement.
Received has type:  Null
Received has value: null
 ❯ src/components/ui/__tests__/modern-button.test.tsx:290:24
            </failure>
        </testcase>
        <testcase classname="src/components/ui/__tests__/modern-button.test.tsx" name="ModernButton &gt; Custom Props &gt; forwards data-testid" time="0.0713438">
        </testcase>
        <testcase classname="src/components/ui/__tests__/modern-button.test.tsx" name="ModernButton &gt; Custom Props &gt; applies custom className" time="0.0681478">
        </testcase>
        <testcase classname="src/components/ui/__tests__/modern-button.test.tsx" name="ModernButton &gt; Performance &gt; renders quickly with minimal re-renders" time="0.0763918">
        </testcase>
    </testsuite>
    <testsuite name="src/components/ui/__tests__/modern-card.test.tsx" timestamp="2025-11-14T16:56:53.000Z" hostname="ates" tests="22" failures="4" errors="0" skipped="0" time="2.3613">
        <testcase classname="src/components/ui/__tests__/modern-card.test.tsx" name="ModernCard &gt; Basic Rendering &gt; renders children correctly" time="0.233553">
        </testcase>
        <testcase classname="src/components/ui/__tests__/modern-card.test.tsx" name="ModernCard &gt; Basic Rendering &gt; renders with title and subtitle" time="0.0922448">
            <failure message="Unable to find an element with the text: Test Subtitle. This could be because the text is broken up by multiple elements. In this case, you can provide a function for your text matcher to make your matcher more flexible.

Ignored nodes: comments, script, style
[36m&lt;body&gt;[39m
  [36m&lt;div&gt;[39m
    [36m&lt;div[39m
      [33mclass[39m=[32m&quot;MuiPaper-root MuiPaper-elevation MuiPaper-rounded MuiPaper-elevation1 MuiCard-root css-5ih661-MuiPaper-root-MuiCard-root&quot;[39m
      [33mstyle[39m=[32m&quot;opacity: 1; transition: opacity 300ms cubic-bezier(0.4, 0, 0.2, 1) 0ms;&quot;[39m
    [36m&gt;[39m
      [36m&lt;div[39m
        [33mclass[39m=[32m&quot;MuiCardHeader-root css-1c3xkmv-MuiCardHeader-root&quot;[39m
        [33msubtitle[39m=[32m&quot;[object Object]&quot;[39m
      [36m&gt;[39m
        [36m&lt;div[39m
          [33mclass[39m=[32m&quot;MuiCardHeader-content css-1qbkelo-MuiCardHeader-content&quot;[39m
        [36m&gt;[39m
          [36m&lt;h2[39m
            [33mclass[39m=[32m&quot;MuiTypography-root MuiTypography-h5 css-1uwjoza-MuiTypography-root&quot;[39m
          [36m&gt;[39m
            [0mTest Title[0m
          [36m&lt;/h2&gt;[39m
        [36m&lt;/div&gt;[39m
      [36m&lt;/div&gt;[39m
      [36m&lt;div[39m
        [33mclass[39m=[32m&quot;MuiCardContent-root css-ehkhya-MuiCardContent-root&quot;[39m
      [36m&gt;[39m
        [36m&lt;div[39m
          [33mclass[39m=[32m&quot;MuiBox-root css-0&quot;[39m
        [36m&gt;[39m
          [36m&lt;div&gt;[39m
            [0mContent[0m
          [36m&lt;/div&gt;[39m
        [36m&lt;/div&gt;[39m
      [36m&lt;/div&gt;[39m
    [36m&lt;/div&gt;[39m
  [36m&lt;/div&gt;[39m
[36m&lt;/body&gt;[39m" type="TestingLibraryElementError">
TestingLibraryElementError: Unable to find an element with the text: Test Subtitle. This could be because the text is broken up by multiple elements. In this case, you can provide a function for your text matcher to make your matcher more flexible.

Ignored nodes: comments, script, style
&lt;body&gt;
  &lt;div&gt;
    &lt;div
      class=&quot;MuiPaper-root MuiPaper-elevation MuiPaper-rounded MuiPaper-elevation1 MuiCard-root css-5ih661-MuiPaper-root-MuiCard-root&quot;
      style=&quot;opacity: 1; transition: opacity 300ms cubic-bezier(0.4, 0, 0.2, 1) 0ms;&quot;
    &gt;
      &lt;div
        class=&quot;MuiCardHeader-root css-1c3xkmv-MuiCardHeader-root&quot;
        subtitle=&quot;[object Object]&quot;
      &gt;
        &lt;div
          class=&quot;MuiCardHeader-content css-1qbkelo-MuiCardHeader-content&quot;
        &gt;
          &lt;h2
            class=&quot;MuiTypography-root MuiTypography-h5 css-1uwjoza-MuiTypography-root&quot;
          &gt;
            Test Title
          &lt;/h2&gt;
        &lt;/div&gt;
      &lt;/div&gt;
      &lt;div
        class=&quot;MuiCardContent-root css-ehkhya-MuiCardContent-root&quot;
      &gt;
        &lt;div
          class=&quot;MuiBox-root css-0&quot;
        &gt;
          &lt;div&gt;
            Content
          &lt;/div&gt;
        &lt;/div&gt;
      &lt;/div&gt;
    &lt;/div&gt;
  &lt;/div&gt;
&lt;/body&gt;
 ❯ Object.getElementError node_modules/@testing-library/react/node_modules/@testing-library/dom/dist/config.js:37:19
 ❯ node_modules/@testing-library/react/node_modules/@testing-library/dom/dist/query-helpers.js:76:38
 ❯ node_modules/@testing-library/react/node_modules/@testing-library/dom/dist/query-helpers.js:52:17
 ❯ node_modules/@testing-library/react/node_modules/@testing-library/dom/dist/query-helpers.js:95:19
 ❯ src/components/ui/__tests__/modern-card.test.tsx:32:21
            </failure>
        </testcase>
        <testcase classname="src/components/ui/__tests__/modern-card.test.tsx" name="ModernCard &gt; Basic Rendering &gt; renders actions when provided" time="0.1336093">
        </testcase>
        <testcase classname="src/components/ui/__tests__/modern-card.test.tsx" name="ModernCard &gt; Loading State &gt; shows skeleton when loading" time="0.1167864">
        </testcase>
        <testcase classname="src/components/ui/__tests__/modern-card.test.tsx" name="ModernCard &gt; Loading State &gt; shows content when not loading" time="0.07179">
        </testcase>
        <testcase classname="src/components/ui/__tests__/modern-card.test.tsx" name="ModernCard &gt; Variants &gt; applies default variant styles" time="0.0331526">
        </testcase>
        <testcase classname="src/components/ui/__tests__/modern-card.test.tsx" name="ModernCard &gt; Variants &gt; applies outlined variant styles" time="0.3334196">
        </testcase>
        <testcase classname="src/components/ui/__tests__/modern-card.test.tsx" name="ModernCard &gt; Variants &gt; applies elevated variant styles" time="0.0848421">
        </testcase>
        <testcase classname="src/components/ui/__tests__/modern-card.test.tsx" name="ModernCard &gt; Sizes &gt; applies small size styles" time="0.1702134">
        </testcase>
        <testcase classname="src/components/ui/__tests__/modern-card.test.tsx" name="ModernCard &gt; Sizes &gt; applies medium size styles" time="0.1264719">
        </testcase>
        <testcase classname="src/components/ui/__tests__/modern-card.test.tsx" name="ModernCard &gt; Sizes &gt; applies large size styles" time="0.1487287">
        </testcase>
        <testcase classname="src/components/ui/__tests__/modern-card.test.tsx" name="ModernCard &gt; Interactions &gt; calls onClick when clicked" time="0.1161587">
            <failure message="Cannot read properties of undefined (reading &apos;click&apos;)" type="TypeError">
TypeError: Cannot read properties of undefined (reading &apos;click&apos;)
 ❯ src/components/ui/__tests__/modern-card.test.tsx:155:18
            </failure>
        </testcase>
        <testcase classname="src/components/ui/__tests__/modern-card.test.tsx" name="ModernCard &gt; Interactions &gt; handles keyboard navigation" time="0.0991844">
            <failure message="Cannot read properties of undefined (reading &apos;keyboard&apos;)" type="TypeError">
TypeError: Cannot read properties of undefined (reading &apos;keyboard&apos;)
 ❯ src/components/ui/__tests__/modern-card.test.tsx:172:18
            </failure>
        </testcase>
        <testcase classname="src/components/ui/__tests__/modern-card.test.tsx" name="ModernCard &gt; Interactions &gt; calls onMenuClick when menu button is clicked" time="0.1146689">
            <failure message="Cannot read properties of undefined (reading &apos;click&apos;)" type="TypeError">
TypeError: Cannot read properties of undefined (reading &apos;click&apos;)
 ❯ src/components/ui/__tests__/modern-card.test.tsx:191:18
            </failure>
        </testcase>
        <testcase classname="src/components/ui/__tests__/modern-card.test.tsx" name="ModernCard &gt; Accessibility &gt; has proper ARIA attributes when clickable" time="0.1513708">
        </testcase>
        <testcase classname="src/components/ui/__tests__/modern-card.test.tsx" name="ModernCard &gt; Accessibility &gt; does not have button role when not clickable" time="0.0322314">
        </testcase>
        <testcase classname="src/components/ui/__tests__/modern-card.test.tsx" name="ModernCard &gt; Accessibility &gt; has proper heading structure" time="0.1584863">
        </testcase>
        <testcase classname="src/components/ui/__tests__/modern-card.test.tsx" name="ModernCard &gt; Responsive Behavior &gt; adapts to different screen sizes" time="0.0398474">
        </testcase>
        <testcase classname="src/components/ui/__tests__/modern-card.test.tsx" name="ModernCard &gt; Custom Props &gt; forwards custom data attributes" time="0.0210871">
        </testcase>
        <testcase classname="src/components/ui/__tests__/modern-card.test.tsx" name="ModernCard &gt; Custom Props &gt; applies custom className" time="0.0224174">
        </testcase>
        <testcase classname="src/components/ui/__tests__/modern-card.test.tsx" name="ModernCard &gt; Error Handling &gt; renders gracefully with undefined children" time="0.0224012">
        </testcase>
        <testcase classname="src/components/ui/__tests__/modern-card.test.tsx" name="ModernCard &gt; Error Handling &gt; handles empty title gracefully" time="0.0274947">
        </testcase>
    </testsuite>
    <testsuite name="src/components/UniversityInfo/__tests__/UniversityInfo.test.tsx" timestamp="2025-11-14T16:56:53.010Z" hostname="ates" tests="56" failures="22" errors="0" skipped="0" time="3.0287532">
        <testcase classname="src/components/UniversityInfo/__tests__/UniversityInfo.test.tsx" name="UniversityInfo - Rendering &gt; renders university info header" time="0.2069481">
        </testcase>
        <testcase classname="src/components/UniversityInfo/__tests__/UniversityInfo.test.tsx" name="UniversityInfo - Rendering &gt; shows loading state initially" time="0.0092984">
        </testcase>
        <testcase classname="src/components/UniversityInfo/__tests__/UniversityInfo.test.tsx" name="UniversityInfo - Rendering &gt; shows loading spinner" time="0.0081811">
        </testcase>
        <testcase classname="src/components/UniversityInfo/__tests__/UniversityInfo.test.tsx" name="UniversityInfo - Rendering &gt; renders all tabs" time="0.1375152">
        </testcase>
        <testcase classname="src/components/UniversityInfo/__tests__/UniversityInfo.test.tsx" name="UniversityInfo - Rendering &gt; shows campus tab by default" time="0.0499431">
        </testcase>
        <testcase classname="src/components/UniversityInfo/__tests__/UniversityInfo.test.tsx" name="UniversityInfo - Data Loading &gt; fetches data on mount" time="0.0343617">
        </testcase>
        <testcase classname="src/components/UniversityInfo/__tests__/UniversityInfo.test.tsx" name="UniversityInfo - Data Loading &gt; includes year parameter in request" time="0.0282174">
        </testcase>
        <testcase classname="src/components/UniversityInfo/__tests__/UniversityInfo.test.tsx" name="UniversityInfo - Data Loading &gt; uses default year 2024" time="0.0184669">
        </testcase>
        <testcase classname="src/components/UniversityInfo/__tests__/UniversityInfo.test.tsx" name="UniversityInfo - Data Loading &gt; refetches data when universityId changes" time="0.0484096">
        </testcase>
        <testcase classname="src/components/UniversityInfo/__tests__/UniversityInfo.test.tsx" name="UniversityInfo - Error Handling &gt; shows error message on failed fetch" time="0.0228125">
        </testcase>
        <testcase classname="src/components/UniversityInfo/__tests__/UniversityInfo.test.tsx" name="UniversityInfo - Error Handling &gt; shows retry button on error" time="0.011848">
        </testcase>
        <testcase classname="src/components/UniversityInfo/__tests__/UniversityInfo.test.tsx" name="UniversityInfo - Error Handling &gt; retries fetch when retry button clicked" time="0.1119251">
        </testcase>
        <testcase classname="src/components/UniversityInfo/__tests__/UniversityInfo.test.tsx" name="UniversityInfo - Error Handling &gt; handles network errors" time="0.0252598">
        </testcase>
        <testcase classname="src/components/UniversityInfo/__tests__/UniversityInfo.test.tsx" name="UniversityInfo - Statistics Cards &gt; displays total campuses" time="0.0724626">
        </testcase>
        <testcase classname="src/components/UniversityInfo/__tests__/UniversityInfo.test.tsx" name="UniversityInfo - Statistics Cards &gt; displays total student clubs" time="0.0544521">
        </testcase>
        <testcase classname="src/components/UniversityInfo/__tests__/UniversityInfo.test.tsx" name="UniversityInfo - Statistics Cards &gt; displays average monthly cost" time="0.0587262">
        </testcase>
        <testcase classname="src/components/UniversityInfo/__tests__/UniversityInfo.test.tsx" name="UniversityInfo - Statistics Cards &gt; displays affordability score" time="0.0791328">
        </testcase>
        <testcase classname="src/components/UniversityInfo/__tests__/UniversityInfo.test.tsx" name="UniversityInfo - Campus Tab &gt; displays campus names" time="1.048706">
            <failure message="Found multiple elements with the text: Main Campus

Here are the matching elements:

Ignored nodes: comments, script, style
[36m&lt;h3&gt;[39m
  [0mMain Campus[0m
[36m&lt;/h3&gt;[39m

Ignored nodes: comments, script, style
[36m&lt;span[39m
  [33mclass[39m=[32m&quot;campus-type&quot;[39m
[36m&gt;[39m
  [0mMain Campus[0m
[36m&lt;/span&gt;[39m

(If this is intentional, then use the `*AllBy*` variant of the query (like `queryAllByText`, `getAllByText`, or `findAllByText`)).

Ignored nodes: comments, script, style
[36m&lt;body&gt;[39m
  [36m&lt;div&gt;[39m
    [36m&lt;div[39m
      [33mclass[39m=[32m&quot;university-info&quot;[39m
    [36m&gt;[39m
      [36m&lt;div[39m
        [33mclass[39m=[32m&quot;info-header&quot;[39m
      [36m&gt;[39m
        [36m&lt;h2&gt;[39m
          [0mUniversity Information[0m
        [36m&lt;/h2&gt;[39m
        [36m&lt;div[39m
          [33mclass[39m=[32m&quot;quick-stats&quot;[39m
        [36m&gt;[39m
          [36m&lt;div[39m
            [33mclass[39m=[32m&quot;stat-card&quot;[39m
          [36m&gt;[39m
            [36m&lt;span[39m
              [33mclass[39m=[32m&quot;stat-label&quot;[39m
            [36m&gt;[39m
              [0mCampuses[0m
            [36m&lt;/span&gt;[39m
            [36m&lt;span[39m
              [33mclass[39m=[32m&quot;stat-value&quot;[39m
            [36m&gt;[39m
              [0m2[0m
            [36m&lt;/span&gt;[39m
          [36m&lt;/div&gt;[39m
          [36m&lt;div[39m
            [33mclass[39m=[32m&quot;stat-card&quot;[39m
          [36m&gt;[39m
            [36m&lt;span[39m
              [33mclass[39m=[32m&quot;stat-label&quot;[39m
            [36m&gt;[39m
              [0mStudent Clubs[0m
            [36m&lt;/span&gt;[39m
            [36m&lt;span[39m
              [33mclass[39m=[32m&quot;stat-value&quot;[39m
            [36m&gt;[39m
              [0m60[0m
            [36m&lt;/span&gt;[39m
          [36m&lt;/div&gt;[39m
          [36m&lt;div[39m
            [33mclass[39m=[32m&quot;stat-card&quot;[39m
          [36m&gt;[39m
            [36m&lt;span[39m
              [33mclass[39m=[32m&quot;stat-label&quot;[39m
            [36m&gt;[39m
              [0mAvg. Monthly Cost[0m
            [36m&lt;/span&gt;[39m
            [36m&lt;span[39m
              [33mclass[39m=[32m&quot;stat-value&quot;[39m
            [36m&gt;[39m
              [0m₺[0m
              [0m15.000[0m
            [36m&lt;/span&gt;[39m
          [36m&lt;/div&gt;[39m
          [36m&lt;div[39m
            [33mclass[39m=[32m&quot;stat-card&quot;[39m
          [36m&gt;[39m
            [36m&lt;span[39m
              [33mclass[39m=[32m&quot;stat-label&quot;[39m
            [36m&gt;[39m
              [0mAffordability Score[0m
            [36m&lt;/span&gt;[39m
            [36m&lt;span[39m
              [33mclass[39m=[32m&quot;stat-value&quot;[39m
            [36m&gt;[39m
              [0m7.5[0m
              [0m/10[0m
            [36m&lt;/span&gt;[39m
          [36m&lt;/div&gt;[39m
        [36m&lt;/div&gt;[39m
      [36m&lt;/div&gt;[39m
      [36m&lt;div[39m
        [33mclass[39m=[32m&quot;info-tabs&quot;[39m
      [36m&gt;[39m
        [36m&lt;button[39m
          [33mclass[39m=[32m&quot;tab active&quot;[39m
        [36m&gt;[39m
          [0mCampus[0m
        [36m&lt;/button&gt;[39m
        [36m&lt;button[39m
          [33mclass[39m=[32m&quot;tab &quot;[39m
        [36m&gt;[39m
          [0mLiving Costs[0m
        [36m&lt;/button&gt;[39m
        [36m&lt;button[39m
          [33mclass[39m=[32m&quot;tab &quot;[39m
        [36m&gt;[39m
          [0mDormitories[0m
        [36m&lt;/button&gt;[39m
        [36m&lt;button[39m
          [33mclass[39m=[32m&quot;tab &quot;[39m
        [36m&gt;[39m
          [0mScholarships[0m
        [36m&lt;/button&gt;[39m
      [36m&lt;/div&gt;[39m
      [36m&lt;div[39m
        [33mclass[39m=[32m&quot;info-content&quot;[39m
      [36m&gt;[39m
        [36m&lt;div[39m
          [33mclass[39m=[32m&quot;campus-tab&quot;[39m
        [36m&gt;[39m
          [36m&lt;div[39m
            [33mclass[39m=[32m&quot;campus-list&quot;[39m
          [36m&gt;[39m
            [36m&lt;div[39m
              [33mclass[39m=[32m&quot;campus-card&quot;[39m
            [36m&gt;[39m
              [36m&lt;div[39m
                [33mclass[39m=[32m&quot;campus-header&quot;[39m
              [36m&gt;[39m
                [36m&lt;h3&gt;[39m
                  [0mMain Campus[0m
                [36m&lt;/h3&gt;[39m
                [36m&lt;span[39m
                  [33mclass[39m=[32m&quot;campus-type&quot;[39m
                [36m&gt;[39m
                  [0mMain Campus[0m
                [36m&lt;/span&gt;[39m
              [36m&lt;/div&gt;[39m
              [36m&lt;div[39m
                [33mclass[39m=[32m&quot;campus-location&quot;[39m
              [36m&gt;[39m
                [0m📍 [0m
                [0mİstanbul[0m
              [36m&lt;/div&gt;[39m
              [36m&lt;div[39m
                [33mclass[39m=[32m&quot;campus-area&quot;[39m
              [36m&gt;[39m
                [0mArea: [0m
                [0m500.000[0m
                [0m m²[0m
              [36m&lt;/div&gt;[39m
              [36m&lt;div[39m
                [33mclass[39m=[32m&quot;campus-features&quot;[39m
              [36m&gt;[39m
                [36m&lt;div[39m
                  [33mclass[39m=[32m&quot;feature&quot;[39m
                [36m&gt;[39m
                  [36m&lt;span[39m
                    [33mclass[39m=[32m&quot;feature-icon&quot;[39m
                  [36m&gt;[39m
                    [0m🎯[0m
                  [36m&lt;/span&gt;[39m
                  [36m&lt;span&gt;[39m
                    [0m50[0m
                    [0m Student Clubs[0m
                  [36m&lt;/span&gt;[39m
                [36m&lt;/div&gt;[39m
                [36m&lt;div[39m
                  [33mclass[39m=[32m&quot;feature&quot;[39m
                [36m&gt;[39m
                  [36m&lt;span[39m
                    [33mclass[39m=[32m&quot;feature-icon&quot;[39m
                  [36m&gt;[39m
                    [0m🏥[0m
                  [36m&lt;/span&gt;[39m
                  [36m&lt;span&gt;[39m
                    [0mHealth Center[0m
                  [36m&lt;/span&gt;[39m
                [36m&lt;/div&gt;[39m
                [36m&lt;div[39m
                  [33mclass[39m=[32m&quot;feature&quot;[39m
                [36m&gt;[39m
                  [36m&lt;span[39m
                    [33mclass[39m=[32m&quot;feature-icon&quot;[39m
                  [36m&gt;[39m
                    [0m💼[0m
                  [36m&lt;/span&gt;[39m
                  [36m&lt;span&gt;[39m
                    [0mCareer Center[0m
                  [36m&lt;/span&gt;[39m
                [36m&lt;/div&gt;[39m
                [36m&lt;div[39m
                  [33mclass[39m=[32m&quot;feature&quot;[39m
                [36m&gt;[39m
                  [36m&lt;span[39m
                    [33mclass[39m=[32m&quot;feature-icon&quot;[39m
                  [36m&gt;[39m
                    [0m📶[0m
                  [36m&lt;/span&gt;[39m
                  [36m&lt;span&gt;[39m
                    [0mWiFi Available[0m
                  [36m&lt;/span&gt;[39m
                [36m&lt;/div&gt;[39m
                [36m&lt;div[39m
                  [33mclass[39m=[32m&quot;feature&quot;[39m
                [36m&gt;[39m
                  [36m&lt;span[39m
                    [33mclass[39m=[32m&quot;feature-icon&quot;[39m
                  [36m&gt;[39m
                    [0m🚌[0m
                  [36m&lt;/span&gt;[39m
                  [36m&lt;span&gt;[39m
                    [0mShuttle Service[0m
                  [36m&lt;/span&gt;[39m
                [36m&lt;/div&gt;[39m
              [36m&lt;/div&gt;[39m
            [36m&lt;/div&gt;[39m
            [36m&lt;div[39m
              [33mclass[39m=[32m&quot;campus-card&quot;[39m
            [36m&gt;[39m
              [36m&lt;div[39m
                [33mclass[39m=[32m&quot;campus-header&quot;[39m
              [36m&gt;[39m
                [36m&lt;h3&gt;[39m
                  [0mMedical Campus[0m
                [36m&lt;/h3&gt;[39m
                [36m&lt;span[39m
                  [33mclass[39m=[32m&quot;campus-type&quot;[39m
                [36m&gt;[39m
                  [0mMedical Campus[0m
                [36m&lt;/span&gt;[39m
              [36m&lt;/div&gt;[39m
              [36m&lt;div[39m
                [33mclass[39m=[32m&quot;campus-location&quot;[39m
              [36m&gt;[39m
                [0m📍 [0m
                [0mİstanbul[0m
              [36m&lt;/div&gt;[39m
              [36m&lt;div[39m
                [33mclass[39m=[32m&quot;campus-area&quot;[39m
              [36m&gt;[39m
                [0mArea: [0m
                [0m200.000[0m
                [0m m²[0m
              [36m&lt;/div&gt;[39m
              [36m&lt;div[39m
                [33mclass[39m=[32m&quot;campus-features&quot;[39m
              [36m&gt;[39m
                [36m&lt;div[39m
                  [33mclass[39m=[32m&quot;feature&quot;[39m
                [36m&gt;[39m
                  [36m&lt;span[39m
                    [33mclass[39m=[32m&quot;feature-icon&quot;[39m
                  [36m&gt;[39m
                    [0m🎯[0m
                  [36m&lt;/span&gt;[39m
                  [36m&lt;span&gt;[39m
                    [0m10[0m
                    [0m Student Clubs[0m
                  [36m&lt;/span&gt;[39m
                [36m&lt;/div&gt;[39m
                [36m&lt;div[39m
                  [33mclass[39m=[32m&quot;feature&quot;[39m
                [36m&gt;[39m
                  [36m&lt;span[39m
                    [33mclass[39m=[32m&quot;feature-icon&quot;[39m
                  [36m&gt;[39m
                    [0m🏥[0m
                  [36m&lt;/span&gt;[39m
                  [36m&lt;span&gt;[39m
                    [0mHealth Center[0m
                  [36m&lt;/span&gt;[39m
                [36m&lt;/div&gt;[39m
                [36m&lt;div[39m
                  [33mclass[39m=[32m&quot;feature&quot;[39m
                [36m&gt;[39m
                  [36m&lt;span[39m
                    [33mclass[39m=[32m&quot;feature-icon&quot;[39m
                  [36m&gt;[39m
                    [0m📶[0m
                  [36m&lt;/span&gt;[39m
                  [36m&lt;span&gt;[39m
                    [0mWiFi Available[0m
                  [36m&lt;/span&gt;[39m
                [36m&lt;/div&gt;[39m
                [36m&lt;div[39m
                  [33mclass[39m=[32m&quot;feature&quot;[39m
                [36m&gt;[39m
                  [36m&lt;span[39m
                    [33mclass[39m=[32m&quot;feature-icon&quot;[39m
                  [36m&gt;[39m
                    [0m🚌[0m
                  [36m&lt;/span&gt;[39m
                  [36m&lt;span&gt;[39m
                    [0mShuttle Service[0m
                  [36m&lt;/span&gt;[39m
                [36m&lt;/div&gt;[39m
              [36m&lt;/div&gt;[39m
            [36m&lt;/div&gt;[39m
          [36m&lt;/div&gt;[39m
        [36m&lt;/div&gt;[39m
      [36m&lt;/div&gt;[39m
    [36m&lt;/div&gt;[39m
  [36m&lt;/div&gt;[39m
[36m&lt;/body&gt;[39m

Ignored nodes: comments, script, style
[36m&lt;html&gt;[39m
  [36m&lt;head /&gt;[39m
  [36m&lt;body&gt;[39m
    [36m&lt;div&gt;[39m
      [36m&lt;div[39m
        [33mclass[39m=[32m&quot;university-info&quot;[39m
      [36m&gt;[39m
        [36m&lt;div[39m
          [33mclass[39m=[32m&quot;info-header&quot;[39m
        [36m&gt;[39m
          [36m&lt;h2&gt;[39m
            [0mUniversity Information[0m
          [36m&lt;/h2&gt;[39m
          [36m&lt;div[39m
            [33mclass[39m=[32m&quot;quick-stats&quot;[39m
          [36m&gt;[39m
            [36m&lt;div[39m
              [33mclass[39m=[32m&quot;stat-card&quot;[39m
            [36m&gt;[39m
              [36m&lt;span[39m
                [33mclass[39m=[32m&quot;stat-label&quot;[39m
              [36m&gt;[39m
                [0mCampuses[0m
              [36m&lt;/span&gt;[39m
              [36m&lt;span[39m
                [33mclass[39m=[32m&quot;stat-value&quot;[39m
              [36m&gt;[39m
                [0m2[0m
              [36m&lt;/span&gt;[39m
            [36m&lt;/div&gt;[39m
            [36m&lt;div[39m
              [33mclass[39m=[32m&quot;stat-card&quot;[39m
            [36m&gt;[39m
              [36m&lt;span[39m
                [33mclass[39m=[32m&quot;stat-label&quot;[39m
              [36m&gt;[39m
                [0mStudent Clubs[0m
              [36m&lt;/span&gt;[39m
              [36m&lt;span[39m
                [33mclass[39m=[32m&quot;stat-value&quot;[39m
              [36m&gt;[39m
                [0m60[0m
              [36m&lt;/span&gt;[39m
            [36m&lt;/div&gt;[39m
            [36m&lt;div[39m
              [33mclass[39m=[32m&quot;stat-card&quot;[39m
            [36m&gt;[39m
              [36m&lt;span[39m
                [33mclass[39m=[32m&quot;stat-label&quot;[39m
              [36m&gt;[39m
                [0mAvg. Monthly Cost[0m
              [36m&lt;/span&gt;[39m
              [36m&lt;span[39m
                [33mclass[39m=[32m&quot;stat-value&quot;[39m
              [36m&gt;[39m
                [0m₺[0m
                [0m15.000[0m
              [36m&lt;/span&gt;[39m
            [36m&lt;/div&gt;[39m
            [36m&lt;div[39m
              [33mclass[39m=[32m&quot;stat-card&quot;[39m
            [36m&gt;[39m
              [36m&lt;span[39m
                [33mclass[39m=[32m&quot;stat-label&quot;[39m
              [36m&gt;[39m
                [0mAffordability Score[0m
              [36m&lt;/span&gt;[39m
              [36m&lt;span[39m
                [33mclass[39m=[32m&quot;stat-value&quot;[39m
              [36m&gt;[39m
                [0m7.5[0m
                [0m/10[0m
              [36m&lt;/span&gt;[39m
            [36m&lt;/div&gt;[39m
          [36m&lt;/div&gt;[39m
        [36m&lt;/div&gt;[39m
        [36m&lt;div[39m
          [33mclass[39m=[32m&quot;info-tabs&quot;[39m
        [36m&gt;[39m
          [36m&lt;button[39m
            [33mclass[39m=[32m&quot;tab active&quot;[39m
          [36m&gt;[39m
            [0mCampus[0m
          [36m&lt;/button&gt;[39m
          [36m&lt;button[39m
            [33mclass[39m=[32m&quot;tab &quot;[39m
          [36m&gt;[39m
            [0mLiving Costs[0m
          [36m&lt;/button&gt;[39m
          [36m&lt;button[39m
            [33mclass[39m=[32m&quot;tab &quot;[39m
          [36m&gt;[39m
            [0mDormitories[0m
          [36m&lt;/button&gt;[39m
          [36m&lt;button[39m
            [33mclass[39m=[32m&quot;tab &quot;[39m
          [36m&gt;[39m
            [0mScholarships[0m
          [36m&lt;/button&gt;[39m
        [36m&lt;/div&gt;[39m
        [36m&lt;div[39m
          [33mclass[39m=[32m&quot;info-content&quot;[39m
        [36m&gt;[39m
          [36m&lt;div[39m
            [33mclass[39m=[32m&quot;campus-tab&quot;[39m
          [36m&gt;[39m
            [36m&lt;div[39m
              [33mclass[39m=[32m&quot;campus-list&quot;[39m
            [36m&gt;[39m
              [36m&lt;div[39m
                [33mclass[39m=[32m&quot;campus-card&quot;[39m
              [36m&gt;[39m
                [36m&lt;div[39m
                  [33mclass[39m=[32m&quot;campus-header&quot;[39m
                [36m&gt;[39m
                  [36m&lt;h3&gt;[39m
                    [0mMain Campus[0m
                  [36m&lt;/h3&gt;[39m
                  [36m&lt;span[39m
                    [33mclass[39m=[32m&quot;campus-type&quot;[39m
                  [36m&gt;[39m
                    [0mMain Campus[0m
                  [36m&lt;/span&gt;[39m
                [36m&lt;/div&gt;[39m
                [36m&lt;div[39m
                  [33mclass[39m=[32m&quot;campus-location&quot;[39m
                [36m&gt;[39m
                  [0m📍 [0m
                  [0mİstanbul[0m
                [36m&lt;/div&gt;[39m
                [36m&lt;div[39m
                  [33mclass[39m=[32m&quot;campus-area&quot;[39m
                [36m&gt;[39m
                  [0mArea: [0m
                  [0m500.000[0m
                  [0m m²[0m
                [36m&lt;/div&gt;[39m
                [36m&lt;div[39m
                  [33mclass[39m=[32m&quot;campus-features&quot;[39m
                [36m&gt;[39m
                  [36m&lt;div[39m
                    [33mclass[39m=[32m&quot;feature&quot;[39m
                  [36m&gt;[39m
                    [36m&lt;span[39m
                      [33mclass[39m=[32m&quot;feature-icon&quot;[39m
                    [36m&gt;[39m
                      [0m🎯[0m
                    [36m&lt;/span&gt;[39m
                    [36m&lt;span&gt;[39m
                      [0m50[0m
                      [0m Student Clubs[0m
                    [36m&lt;/span&gt;[39m
                  [36m&lt;/div&gt;[39m
                  [36m&lt;div[39m
                    [33mclass[39m=[32m&quot;feature&quot;[39m
                  [36m&gt;[39m
                    [36m&lt;span[39m
                      [33mclass[39m=[32m&quot;feature-icon&quot;[39m
                    [36m&gt;[39m
                      [0m🏥[0m
                    [36m&lt;/span&gt;[39m
                    [36m&lt;span&gt;[39m
                      [0mHealth Center[0m
                    [36m&lt;/span&gt;[39m
                  [36m&lt;/div&gt;[39m
                  [36m&lt;div[39m
                    [33mclass[39m=[32m&quot;feature&quot;[39m
                  [36m&gt;[39m
                    [36m&lt;span[39m
                      [33mclass[39m=[32m&quot;feature-icon&quot;[39m
                    [36m&gt;[39m
                      [0m💼[0m
                    [36m&lt;/span&gt;[39m
                    [36m&lt;span&gt;[39m
                      [0mCareer Center[0m
                    [36m&lt;/span&gt;[39m
                  [36m&lt;/div&gt;[39m
                  [36m&lt;div[39m
                    [33mclass[39m=[32m&quot;feature&quot;[39m
                  [36m&gt;[39m
                    [36m&lt;span[39m
                      [33mclass[39m=[32m&quot;feature-icon&quot;[39m
                    [36m&gt;[39m
                      [0m📶[0m
                    [36m&lt;/span&gt;[39m
                    [36m&lt;span&gt;[39m
                      [0mWiFi Available[0m
                    [36m&lt;/span&gt;[39m
                  [36m&lt;/div&gt;[39m
                  [36m&lt;div[39m
                    [33mclass[39m=[32m&quot;feature&quot;[39m
                  [36m&gt;[39m
                    [36m&lt;span[39m
                      [33mclass[39m=[32m&quot;feature-icon&quot;[39m
                    [36m&gt;[39m
                      [0m🚌[0m
                    [36m&lt;/span&gt;[39m
                    [36m&lt;span&gt;[39m
                      [0mShuttle Service[0m
                    [36m&lt;/span&gt;[39m
                  [36m&lt;/div&gt;[39m
                [36m&lt;/div&gt;[39m
              [36m&lt;/div&gt;[39m
              [36m&lt;div[39m
                [33mclass[39m=[32m&quot;campus-card&quot;[39m
              [36m&gt;[39m
                [36m&lt;div[39m
                  [33mclass[39m=[32m&quot;campus-header&quot;[39m
                [36m&gt;[39m
                  [36m&lt;h3&gt;[39m
                    [0mMedical Campus[0m
                  [36m&lt;/h3&gt;[39m
                  [36m&lt;span[39m
                    [33mclass[39m=[32m&quot;campus-type&quot;[39m
                  [36m&gt;[39m
                    [0mMedical Campus[0m
                  [36m&lt;/span&gt;[39m
                [36m&lt;/div&gt;[39m
                [36m&lt;div[39m
                  [33mclass[39m=[32m&quot;campus-location&quot;[39m
                [36m&gt;[39m
                  [0m📍 [0m
                  [0mİstanbul[0m
                [36m&lt;/div&gt;[39m
                [36m&lt;div[39m
                  [33mclass[39m=[32m&quot;campus-area&quot;[39m
                [36m&gt;[39m
                  [0mArea: [0m
                  [0m200.000[0m
                  [0m m²[0m
                [36m&lt;/div&gt;[39m
                [36m&lt;div[39m
                  [33mclass[39m=[32m&quot;campus-features&quot;[39m
                [36m&gt;[39m
                  [36m&lt;div[39m
                    [33mclass[39m=[32m&quot;feature&quot;[39m
                  [36m&gt;[39m
                    [36m&lt;span[39m
                      [33mclass[39m=[32m&quot;feature-icon&quot;[39m
                    [36m&gt;[39m
                      [0m🎯[0m
                    [36m&lt;/span&gt;[39m
                    [36m&lt;span&gt;[39m
                      [0m10[0m
                      [0m Student Clubs[0m
                    [36m&lt;/span&gt;[39m
                  [36m&lt;/div&gt;[39m
                  [36m&lt;div[39m
                    [33mclass[39m=[32m&quot;feature&quot;[39m
                  [36m&gt;[39m
                    [36m&lt;span[39m
                      [33mclass[39m=[32m&quot;feature-icon&quot;[39m
                    [36m&gt;[39m
                      [0m🏥[0m
                    [36m&lt;/span&gt;[39m
                    [36m&lt;span&gt;[39m
                      [0mHealth Center[0m
                    [36m&lt;/span&gt;[39m
                  [36m&lt;/div&gt;[39m
                  [36m&lt;div[39m
                    [33mclass[39m=[32m&quot;feature&quot;[39m
                  [36m&gt;[39m
                    [36m&lt;span[39m
                      [33mclass[39m=[32m&quot;feature-icon&quot;[39m
                    [36m&gt;[39m
                      [0m📶[0m
                    [36m&lt;/span&gt;[39m
                    [36m&lt;span&gt;[39m
                      [0mWiFi Available[0m
                    [36m&lt;/span&gt;[39m
                  [36m&lt;/div&gt;[39m
                  [36m&lt;div[39m
                    [33mclass[39m=[32m&quot;feature&quot;[39m
                  [36m&gt;[39m
                    [36m&lt;span[39m
                      [33mclass[39m=[32m&quot;feature-icon&quot;[39m
                    [36m&gt;[39m
                      [0m🚌[0m
                    [36m&lt;/span&gt;[39m
                    [36m&lt;span&gt;[39m
                      [0mShuttle Service[0m
                    [36m&lt;/span&gt;[39m
                  [36m&lt;/div&gt;[39m
                [36m&lt;/div&gt;[39m
              [36m&lt;/div&gt;[39m
            [36m&lt;/div&gt;[39m
          [36m&lt;/div&gt;[39m
        [36m&lt;/div&gt;[39m
      [36m&lt;/div&gt;[39m
    [36m&lt;/div&gt;[39m
  [36m&lt;/body&gt;[39m
[36m&lt;/html&gt;[39m" type="TestingLibraryElementError">
TestingLibraryElementError: Found multiple elements with the text: Main Campus

Here are the matching elements:

Ignored nodes: comments, script, style
&lt;h3&gt;
  Main Campus
&lt;/h3&gt;

Ignored nodes: comments, script, style
&lt;span
  class=&quot;campus-type&quot;
&gt;
  Main Campus
&lt;/span&gt;

(If this is intentional, then use the `*AllBy*` variant of the query (like `queryAllByText`, `getAllByText`, or `findAllByText`)).

Ignored nodes: comments, script, style
&lt;body&gt;
  &lt;div&gt;
    &lt;div
      class=&quot;university-info&quot;
    &gt;
      &lt;div
        class=&quot;info-header&quot;
      &gt;
        &lt;h2&gt;
          University Information
        &lt;/h2&gt;
        &lt;div
          class=&quot;quick-stats&quot;
        &gt;
          &lt;div
            class=&quot;stat-card&quot;
          &gt;
            &lt;span
              class=&quot;stat-label&quot;
            &gt;
              Campuses
            &lt;/span&gt;
            &lt;span
              class=&quot;stat-value&quot;
            &gt;
              2
            &lt;/span&gt;
          &lt;/div&gt;
          &lt;div
            class=&quot;stat-card&quot;
          &gt;
            &lt;span
              class=&quot;stat-label&quot;
            &gt;
              Student Clubs
            &lt;/span&gt;
            &lt;span
              class=&quot;stat-value&quot;
            &gt;
              60
            &lt;/span&gt;
          &lt;/div&gt;
          &lt;div
            class=&quot;stat-card&quot;
          &gt;
            &lt;span
              class=&quot;stat-label&quot;
            &gt;
              Avg. Monthly Cost
            &lt;/span&gt;
            &lt;span
              class=&quot;stat-value&quot;
            &gt;
              ₺
              15.000
            &lt;/span&gt;
          &lt;/div&gt;
          &lt;div
            class=&quot;stat-card&quot;
          &gt;
            &lt;span
              class=&quot;stat-label&quot;
            &gt;
              Affordability Score
            &lt;/span&gt;
            &lt;span
              class=&quot;stat-value&quot;
            &gt;
              7.5
              /10
            &lt;/span&gt;
          &lt;/div&gt;
        &lt;/div&gt;
      &lt;/div&gt;
      &lt;div
        class=&quot;info-tabs&quot;
      &gt;
        &lt;button
          class=&quot;tab active&quot;
        &gt;
          Campus
        &lt;/button&gt;
        &lt;button
          class=&quot;tab &quot;
        &gt;
          Living Costs
        &lt;/button&gt;
        &lt;button
          class=&quot;tab &quot;
        &gt;
          Dormitories
        &lt;/button&gt;
        &lt;button
          class=&quot;tab &quot;
        &gt;
          Scholarships
        &lt;/button&gt;
      &lt;/div&gt;
      &lt;div
        class=&quot;info-content&quot;
      &gt;
        &lt;div
          class=&quot;campus-tab&quot;
        &gt;
          &lt;div
            class=&quot;campus-list&quot;
          &gt;
            &lt;div
              class=&quot;campus-card&quot;
            &gt;
              &lt;div
                class=&quot;campus-header&quot;
              &gt;
                &lt;h3&gt;
                  Main Campus
                &lt;/h3&gt;
                &lt;span
                  class=&quot;campus-type&quot;
                &gt;
                  Main Campus
                &lt;/span&gt;
              &lt;/div&gt;
              &lt;div
                class=&quot;campus-location&quot;
              &gt;
                📍 
                İstanbul
              &lt;/div&gt;
              &lt;div
                class=&quot;campus-area&quot;
              &gt;
                Area: 
                500.000
                 m²
              &lt;/div&gt;
              &lt;div
                class=&quot;campus-features&quot;
              &gt;
                &lt;div
                  class=&quot;feature&quot;
                &gt;
                  &lt;span
                    class=&quot;feature-icon&quot;
                  &gt;
                    🎯
                  &lt;/span&gt;
                  &lt;span&gt;
                    50
                     Student Clubs
                  &lt;/span&gt;
                &lt;/div&gt;
                &lt;div
                  class=&quot;feature&quot;
                &gt;
                  &lt;span
                    class=&quot;feature-icon&quot;
                  &gt;
                    🏥
                  &lt;/span&gt;
                  &lt;span&gt;
                    Health Center
                  &lt;/span&gt;
                &lt;/div&gt;
                &lt;div
                  class=&quot;feature&quot;
                &gt;
                  &lt;span
                    class=&quot;feature-icon&quot;
                  &gt;
                    💼
                  &lt;/span&gt;
                  &lt;span&gt;
                    Career Center
                  &lt;/span&gt;
                &lt;/div&gt;
                &lt;div
                  class=&quot;feature&quot;
                &gt;
                  &lt;span
                    class=&quot;feature-icon&quot;
                  &gt;
                    📶
                  &lt;/span&gt;
                  &lt;span&gt;
                    WiFi Available
                  &lt;/span&gt;
                &lt;/div&gt;
                &lt;div
                  class=&quot;feature&quot;
                &gt;
                  &lt;span
                    class=&quot;feature-icon&quot;
                  &gt;
                    🚌
                  &lt;/span&gt;
                  &lt;span&gt;
                    Shuttle Service
                  &lt;/span&gt;
                &lt;/div&gt;
              &lt;/div&gt;
            &lt;/div&gt;
            &lt;div
              class=&quot;campus-card&quot;
            &gt;
              &lt;div
                class=&quot;campus-header&quot;
              &gt;
                &lt;h3&gt;
                  Medical Campus
                &lt;/h3&gt;
                &lt;span
                  class=&quot;campus-type&quot;
                &gt;
                  Medical Campus
                &lt;/span&gt;
              &lt;/div&gt;
              &lt;div
                class=&quot;campus-location&quot;
              &gt;
                📍 
                İstanbul
              &lt;/div&gt;
              &lt;div
                class=&quot;campus-area&quot;
              &gt;
                Area: 
                200.000
                 m²
              &lt;/div&gt;
              &lt;div
                class=&quot;campus-features&quot;
              &gt;
                &lt;div
                  class=&quot;feature&quot;
                &gt;
                  &lt;span
                    class=&quot;feature-icon&quot;
                  &gt;
                    🎯
                  &lt;/span&gt;
                  &lt;span&gt;
                    10
                     Student Clubs
                  &lt;/span&gt;
                &lt;/div&gt;
                &lt;div
                  class=&quot;feature&quot;
                &gt;
                  &lt;span
                    class=&quot;feature-icon&quot;
                  &gt;
                    🏥
                  &lt;/span&gt;
                  &lt;span&gt;
                    Health Center
                  &lt;/span&gt;
                &lt;/div&gt;
                &lt;div
                  class=&quot;feature&quot;
                &gt;
                  &lt;span
                    class=&quot;feature-icon&quot;
                  &gt;
                    📶
                  &lt;/span&gt;
                  &lt;span&gt;
                    WiFi Available
                  &lt;/span&gt;
                &lt;/div&gt;
                &lt;div
                  class=&quot;feature&quot;
                &gt;
                  &lt;span
                    class=&quot;feature-icon&quot;
                  &gt;
                    🚌
                  &lt;/span&gt;
                  &lt;span&gt;
                    Shuttle Service
                  &lt;/span&gt;
                &lt;/div&gt;
              &lt;/div&gt;
            &lt;/div&gt;
          &lt;/div&gt;
        &lt;/div&gt;
      &lt;/div&gt;
    &lt;/div&gt;
  &lt;/div&gt;
&lt;/body&gt;

Ignored nodes: comments, script, style
&lt;html&gt;
  &lt;head /&gt;
  &lt;body&gt;
    &lt;div&gt;
      &lt;div
        class=&quot;university-info&quot;
      &gt;
        &lt;div
          class=&quot;info-header&quot;
        &gt;
          &lt;h2&gt;
            University Information
          &lt;/h2&gt;
          &lt;div
            class=&quot;quick-stats&quot;
          &gt;
            &lt;div
              class=&quot;stat-card&quot;
            &gt;
              &lt;span
                class=&quot;stat-label&quot;
              &gt;
                Campuses
              &lt;/span&gt;
              &lt;span
                class=&quot;stat-value&quot;
              &gt;
                2
              &lt;/span&gt;
            &lt;/div&gt;
            &lt;div
              class=&quot;stat-card&quot;
            &gt;
              &lt;span
                class=&quot;stat-label&quot;
              &gt;
                Student Clubs
              &lt;/span&gt;
              &lt;span
                class=&quot;stat-value&quot;
              &gt;
                60
              &lt;/span&gt;
            &lt;/div&gt;
            &lt;div
              class=&quot;stat-card&quot;
            &gt;
              &lt;span
                class=&quot;stat-label&quot;
              &gt;
                Avg. Monthly Cost
              &lt;/span&gt;
              &lt;span
                class=&quot;stat-value&quot;
              &gt;
                ₺
                15.000
              &lt;/span&gt;
            &lt;/div&gt;
            &lt;div
              class=&quot;stat-card&quot;
            &gt;
              &lt;span
                class=&quot;stat-label&quot;
              &gt;
                Affordability Score
              &lt;/span&gt;
              &lt;span
                class=&quot;stat-value&quot;
              &gt;
                7.5
                /10
              &lt;/span&gt;
            &lt;/div&gt;
          &lt;/div&gt;
        &lt;/div&gt;
        &lt;div
          class=&quot;info-tabs&quot;
        &gt;
          &lt;button
            class=&quot;tab active&quot;
          &gt;
            Campus
          &lt;/button&gt;
          &lt;button
            class=&quot;tab &quot;
          &gt;
            Living Costs
          &lt;/button&gt;
          &lt;button
            class=&quot;tab &quot;
          &gt;
            Dormitories
          &lt;/button&gt;
          &lt;button
            class=&quot;tab &quot;
          &gt;
            Scholarships
          &lt;/button&gt;
        &lt;/div&gt;
        &lt;div
          class=&quot;info-content&quot;
        &gt;
          &lt;div
            class=&quot;campus-tab&quot;
          &gt;
            &lt;div
              class=&quot;campus-list&quot;
            &gt;
              &lt;div
                class=&quot;campus-card&quot;
              &gt;
                &lt;div
                  class=&quot;campus-header&quot;
                &gt;
                  &lt;h3&gt;
                    Main Campus
                  &lt;/h3&gt;
                  &lt;span
                    class=&quot;campus-type&quot;
                  &gt;
                    Main Campus
                  &lt;/span&gt;
                &lt;/div&gt;
                &lt;div
                  class=&quot;campus-location&quot;
                &gt;
                  📍 
                  İstanbul
                &lt;/div&gt;
                &lt;div
                  class=&quot;campus-area&quot;
                &gt;
                  Area: 
                  500.000
                   m²
                &lt;/div&gt;
                &lt;div
                  class=&quot;campus-features&quot;
                &gt;
                  &lt;div
                    class=&quot;feature&quot;
                  &gt;
                    &lt;span
                      class=&quot;feature-icon&quot;
                    &gt;
                      🎯
                    &lt;/span&gt;
                    &lt;span&gt;
                      50
                       Student Clubs
                    &lt;/span&gt;
                  &lt;/div&gt;
                  &lt;div
                    class=&quot;feature&quot;
                  &gt;
                    &lt;span
                      class=&quot;feature-icon&quot;
                    &gt;
                      🏥
                    &lt;/span&gt;
                    &lt;span&gt;
                      Health Center
                    &lt;/span&gt;
                  &lt;/div&gt;
                  &lt;div
                    class=&quot;feature&quot;
                  &gt;
                    &lt;span
                      class=&quot;feature-icon&quot;
                    &gt;
                      💼
                    &lt;/span&gt;
                    &lt;span&gt;
                      Career Center
                    &lt;/span&gt;
                  &lt;/div&gt;
                  &lt;div
                    class=&quot;feature&quot;
                  &gt;
                    &lt;span
                      class=&quot;feature-icon&quot;
                    &gt;
                      📶
                    &lt;/span&gt;
                    &lt;span&gt;
                      WiFi Available
                    &lt;/span&gt;
                  &lt;/div&gt;
                  &lt;div
                    class=&quot;feature&quot;
                  &gt;
                    &lt;span
                      class=&quot;feature-icon&quot;
                    &gt;
                      🚌
                    &lt;/span&gt;
                    &lt;span&gt;
                      Shuttle Service
                    &lt;/span&gt;
                  &lt;/div&gt;
                &lt;/div&gt;
              &lt;/div&gt;
              &lt;div
                class=&quot;campus-card&quot;
              &gt;
                &lt;div
                  class=&quot;campus-header&quot;
                &gt;
                  &lt;h3&gt;
                    Medical Campus
                  &lt;/h3&gt;
                  &lt;span
                    class=&quot;campus-type&quot;
                  &gt;
                    Medical Campus
                  &lt;/span&gt;
                &lt;/div&gt;
                &lt;div
                  class=&quot;campus-location&quot;
                &gt;
                  📍 
                  İstanbul
                &lt;/div&gt;
                &lt;div
                  class=&quot;campus-area&quot;
                &gt;
                  Area: 
                  200.000
                   m²
                &lt;/div&gt;
                &lt;div
                  class=&quot;campus-features&quot;
                &gt;
                  &lt;div
                    class=&quot;feature&quot;
                  &gt;
                    &lt;span
                      class=&quot;feature-icon&quot;
                    &gt;
                      🎯
                    &lt;/span&gt;
                    &lt;span&gt;
                      10
                       Student Clubs
                    &lt;/span&gt;
                  &lt;/div&gt;
                  &lt;div
                    class=&quot;feature&quot;
                  &gt;
                    &lt;span
                      class=&quot;feature-icon&quot;
                    &gt;
                      🏥
                    &lt;/span&gt;
                    &lt;span&gt;
                      Health Center
                    &lt;/span&gt;
                  &lt;/div&gt;
                  &lt;div
                    class=&quot;feature&quot;
                  &gt;
                    &lt;span
                      class=&quot;feature-icon&quot;
                    &gt;
                      📶
                    &lt;/span&gt;
                    &lt;span&gt;
                      WiFi Available
                    &lt;/span&gt;
                  &lt;/div&gt;
                  &lt;div
                    class=&quot;feature&quot;
                  &gt;
                    &lt;span
                      class=&quot;feature-icon&quot;
                    &gt;
                      🚌
                    &lt;/span&gt;
                    &lt;span&gt;
                      Shuttle Service
                    &lt;/span&gt;
                  &lt;/div&gt;
                &lt;/div&gt;
              &lt;/div&gt;
            &lt;/div&gt;
          &lt;/div&gt;
        &lt;/div&gt;
      &lt;/div&gt;
    &lt;/div&gt;
  &lt;/body&gt;
&lt;/html&gt;
 ❯ waitForWrapper node_modules/@testing-library/react/node_modules/@testing-library/dom/dist/wait-for.js:163:27
 ❯ src/components/UniversityInfo/__tests__/UniversityInfo.test.tsx:344:11
            </failure>
        </testcase>
        <testcase classname="src/components/UniversityInfo/__tests__/UniversityInfo.test.tsx" name="UniversityInfo - Campus Tab &gt; displays campus types" time="0.0287167">
        </testcase>
        <testcase classname="src/components/UniversityInfo/__tests__/UniversityInfo.test.tsx" name="UniversityInfo - Campus Tab &gt; displays campus cities" time="0.031272">
        </testcase>
        <testcase classname="src/components/UniversityInfo/__tests__/UniversityInfo.test.tsx" name="UniversityInfo - Campus Tab &gt; displays campus area" time="0.0472345">
        </testcase>
        <testcase classname="src/components/UniversityInfo/__tests__/UniversityInfo.test.tsx" name="UniversityInfo - Campus Tab &gt; displays student clubs count" time="0.0432082">
        </testcase>
        <testcase classname="src/components/UniversityInfo/__tests__/UniversityInfo.test.tsx" name="UniversityInfo - Campus Tab &gt; shows health center feature" time="0.0316577">
        </testcase>
        <testcase classname="src/components/UniversityInfo/__tests__/UniversityInfo.test.tsx" name="UniversityInfo - Campus Tab &gt; shows career center feature" time="0.0376946">
        </testcase>
        <testcase classname="src/components/UniversityInfo/__tests__/UniversityInfo.test.tsx" name="UniversityInfo - Campus Tab &gt; shows WiFi available feature" time="0.0374239">
        </testcase>
        <testcase classname="src/components/UniversityInfo/__tests__/UniversityInfo.test.tsx" name="UniversityInfo - Campus Tab &gt; shows shuttle service feature" time="0.0310676">
        </testcase>
        <testcase classname="src/components/UniversityInfo/__tests__/UniversityInfo.test.tsx" name="UniversityInfo - Campus Tab &gt; shows empty state when no campuses" time="0.0151423">
        </testcase>
        <testcase classname="src/components/UniversityInfo/__tests__/UniversityInfo.test.tsx" name="UniversityInfo - Living Costs Tab &gt; switches to living costs tab" time="0.0577537">
        </testcase>
        <testcase classname="src/components/UniversityInfo/__tests__/UniversityInfo.test.tsx" name="UniversityInfo - Living Costs Tab &gt; displays cost of living index" time="0.0859512">
        </testcase>
        <testcase classname="src/components/UniversityInfo/__tests__/UniversityInfo.test.tsx" name="UniversityInfo - Living Costs Tab &gt; displays accommodation cost" time="0.0194467">
            <failure message="Unable to find an element with the text: Living Costs. This could be because the text is broken up by multiple elements. In this case, you can provide a function for your text matcher to make your matcher more flexible.

Ignored nodes: comments, script, style
[36m&lt;body&gt;[39m
  [36m&lt;div&gt;[39m
    [36m&lt;div[39m
      [33mclass[39m=[32m&quot;university-info loading&quot;[39m
    [36m&gt;[39m
      [36m&lt;div[39m
        [33mclass[39m=[32m&quot;spinner&quot;[39m
      [36m/&gt;[39m
      [36m&lt;p&gt;[39m
        [0mLoading university information...[0m
      [36m&lt;/p&gt;[39m
    [36m&lt;/div&gt;[39m
  [36m&lt;/div&gt;[39m
[36m&lt;/body&gt;[39m" type="TestingLibraryElementError">
TestingLibraryElementError: Unable to find an element with the text: Living Costs. This could be because the text is broken up by multiple elements. In this case, you can provide a function for your text matcher to make your matcher more flexible.

Ignored nodes: comments, script, style
&lt;body&gt;
  &lt;div&gt;
    &lt;div
      class=&quot;university-info loading&quot;
    &gt;
      &lt;div
        class=&quot;spinner&quot;
      /&gt;
      &lt;p&gt;
        Loading university information...
      &lt;/p&gt;
    &lt;/div&gt;
  &lt;/div&gt;
&lt;/body&gt;
 ❯ Object.getElementError node_modules/@testing-library/react/node_modules/@testing-library/dom/dist/config.js:37:19
 ❯ node_modules/@testing-library/react/node_modules/@testing-library/dom/dist/query-helpers.js:76:38
 ❯ node_modules/@testing-library/react/node_modules/@testing-library/dom/dist/query-helpers.js:52:17
 ❯ node_modules/@testing-library/react/node_modules/@testing-library/dom/dist/query-helpers.js:95:19
 ❯ src/components/UniversityInfo/__tests__/UniversityInfo.test.tsx:470:28
            </failure>
        </testcase>
        <testcase classname="src/components/UniversityInfo/__tests__/UniversityInfo.test.tsx" name="UniversityInfo - Living Costs Tab &gt; displays food budget" time="0.0129221">
            <failure message="Unable to find an element with the text: Living Costs. This could be because the text is broken up by multiple elements. In this case, you can provide a function for your text matcher to make your matcher more flexible.

Ignored nodes: comments, script, style
[36m&lt;body&gt;[39m
  [36m&lt;div&gt;[39m
    [36m&lt;div[39m
      [33mclass[39m=[32m&quot;university-info loading&quot;[39m
    [36m&gt;[39m
      [36m&lt;div[39m
        [33mclass[39m=[32m&quot;spinner&quot;[39m
      [36m/&gt;[39m
      [36m&lt;p&gt;[39m
        [0mLoading university information...[0m
      [36m&lt;/p&gt;[39m
    [36m&lt;/div&gt;[39m
  [36m&lt;/div&gt;[39m
[36m&lt;/body&gt;[39m" type="TestingLibraryElementError">
TestingLibraryElementError: Unable to find an element with the text: Living Costs. This could be because the text is broken up by multiple elements. In this case, you can provide a function for your text matcher to make your matcher more flexible.

Ignored nodes: comments, script, style
&lt;body&gt;
  &lt;div&gt;
    &lt;div
      class=&quot;university-info loading&quot;
    &gt;
      &lt;div
        class=&quot;spinner&quot;
      /&gt;
      &lt;p&gt;
        Loading university information...
      &lt;/p&gt;
    &lt;/div&gt;
  &lt;/div&gt;
&lt;/body&gt;
 ❯ Object.getElementError node_modules/@testing-library/react/node_modules/@testing-library/dom/dist/config.js:37:19
 ❯ node_modules/@testing-library/react/node_modules/@testing-library/dom/dist/query-helpers.js:76:38
 ❯ node_modules/@testing-library/react/node_modules/@testing-library/dom/dist/query-helpers.js:52:17
 ❯ node_modules/@testing-library/react/node_modules/@testing-library/dom/dist/query-helpers.js:95:19
 ❯ src/components/UniversityInfo/__tests__/UniversityInfo.test.tsx:480:28
            </failure>
        </testcase>
        <testcase classname="src/components/UniversityInfo/__tests__/UniversityInfo.test.tsx" name="UniversityInfo - Living Costs Tab &gt; displays transport cost" time="0.0140161">
            <failure message="Unable to find an element with the text: Living Costs. This could be because the text is broken up by multiple elements. In this case, you can provide a function for your text matcher to make your matcher more flexible.

Ignored nodes: comments, script, style
[36m&lt;body&gt;[39m
  [36m&lt;div&gt;[39m
    [36m&lt;div[39m
      [33mclass[39m=[32m&quot;university-info loading&quot;[39m
    [36m&gt;[39m
      [36m&lt;div[39m
        [33mclass[39m=[32m&quot;spinner&quot;[39m
      [36m/&gt;[39m
      [36m&lt;p&gt;[39m
        [0mLoading university information...[0m
      [36m&lt;/p&gt;[39m
    [36m&lt;/div&gt;[39m
  [36m&lt;/div&gt;[39m
[36m&lt;/body&gt;[39m" type="TestingLibraryElementError">
TestingLibraryElementError: Unable to find an element with the text: Living Costs. This could be because the text is broken up by multiple elements. In this case, you can provide a function for your text matcher to make your matcher more flexible.

Ignored nodes: comments, script, style
&lt;body&gt;
  &lt;div&gt;
    &lt;div
      class=&quot;university-info loading&quot;
    &gt;
      &lt;div
        class=&quot;spinner&quot;
      /&gt;
      &lt;p&gt;
        Loading university information...
      &lt;/p&gt;
    &lt;/div&gt;
  &lt;/div&gt;
&lt;/body&gt;
 ❯ Object.getElementError node_modules/@testing-library/react/node_modules/@testing-library/dom/dist/config.js:37:19
 ❯ node_modules/@testing-library/react/node_modules/@testing-library/dom/dist/query-helpers.js:76:38
 ❯ node_modules/@testing-library/react/node_modules/@testing-library/dom/dist/query-helpers.js:52:17
 ❯ node_modules/@testing-library/react/node_modules/@testing-library/dom/dist/query-helpers.js:95:19
 ❯ src/components/UniversityInfo/__tests__/UniversityInfo.test.tsx:490:28
            </failure>
        </testcase>
        <testcase classname="src/components/UniversityInfo/__tests__/UniversityInfo.test.tsx" name="UniversityInfo - Living Costs Tab &gt; displays total monthly budget" time="0.0139549">
            <failure message="Unable to find an element with the text: Living Costs. This could be because the text is broken up by multiple elements. In this case, you can provide a function for your text matcher to make your matcher more flexible.

Ignored nodes: comments, script, style
[36m&lt;body&gt;[39m
  [36m&lt;div&gt;[39m
    [36m&lt;div[39m
      [33mclass[39m=[32m&quot;university-info loading&quot;[39m
    [36m&gt;[39m
      [36m&lt;div[39m
        [33mclass[39m=[32m&quot;spinner&quot;[39m
      [36m/&gt;[39m
      [36m&lt;p&gt;[39m
        [0mLoading university information...[0m
      [36m&lt;/p&gt;[39m
    [36m&lt;/div&gt;[39m
  [36m&lt;/div&gt;[39m
[36m&lt;/body&gt;[39m" type="TestingLibraryElementError">
TestingLibraryElementError: Unable to find an element with the text: Living Costs. This could be because the text is broken up by multiple elements. In this case, you can provide a function for your text matcher to make your matcher more flexible.

Ignored nodes: comments, script, style
&lt;body&gt;
  &lt;div&gt;
    &lt;div
      class=&quot;university-info loading&quot;
    &gt;
      &lt;div
        class=&quot;spinner&quot;
      /&gt;
      &lt;p&gt;
        Loading university information...
      &lt;/p&gt;
    &lt;/div&gt;
  &lt;/div&gt;
&lt;/body&gt;
 ❯ Object.getElementError node_modules/@testing-library/react/node_modules/@testing-library/dom/dist/config.js:37:19
 ❯ node_modules/@testing-library/react/node_modules/@testing-library/dom/dist/query-helpers.js:76:38
 ❯ node_modules/@testing-library/react/node_modules/@testing-library/dom/dist/query-helpers.js:52:17
 ❯ node_modules/@testing-library/react/node_modules/@testing-library/dom/dist/query-helpers.js:95:19
 ❯ src/components/UniversityInfo/__tests__/UniversityInfo.test.tsx:500:28
            </failure>
        </testcase>
        <testcase classname="src/components/UniversityInfo/__tests__/UniversityInfo.test.tsx" name="UniversityInfo - Living Costs Tab &gt; displays annual estimate" time="0.0132643">
            <failure message="Unable to find an element with the text: Living Costs. This could be because the text is broken up by multiple elements. In this case, you can provide a function for your text matcher to make your matcher more flexible.

Ignored nodes: comments, script, style
[36m&lt;body&gt;[39m
  [36m&lt;div&gt;[39m
    [36m&lt;div[39m
      [33mclass[39m=[32m&quot;university-info loading&quot;[39m
    [36m&gt;[39m
      [36m&lt;div[39m
        [33mclass[39m=[32m&quot;spinner&quot;[39m
      [36m/&gt;[39m
      [36m&lt;p&gt;[39m
        [0mLoading university information...[0m
      [36m&lt;/p&gt;[39m
    [36m&lt;/div&gt;[39m
  [36m&lt;/div&gt;[39m
[36m&lt;/body&gt;[39m" type="TestingLibraryElementError">
TestingLibraryElementError: Unable to find an element with the text: Living Costs. This could be because the text is broken up by multiple elements. In this case, you can provide a function for your text matcher to make your matcher more flexible.

Ignored nodes: comments, script, style
&lt;body&gt;
  &lt;div&gt;
    &lt;div
      class=&quot;university-info loading&quot;
    &gt;
      &lt;div
        class=&quot;spinner&quot;
      /&gt;
      &lt;p&gt;
        Loading university information...
      &lt;/p&gt;
    &lt;/div&gt;
  &lt;/div&gt;
&lt;/body&gt;
 ❯ Object.getElementError node_modules/@testing-library/react/node_modules/@testing-library/dom/dist/config.js:37:19
 ❯ node_modules/@testing-library/react/node_modules/@testing-library/dom/dist/query-helpers.js:76:38
 ❯ node_modules/@testing-library/react/node_modules/@testing-library/dom/dist/query-helpers.js:52:17
 ❯ node_modules/@testing-library/react/node_modules/@testing-library/dom/dist/query-helpers.js:95:19
 ❯ src/components/UniversityInfo/__tests__/UniversityInfo.test.tsx:510:28
            </failure>
        </testcase>
        <testcase classname="src/components/UniversityInfo/__tests__/UniversityInfo.test.tsx" name="UniversityInfo - Living Costs Tab &gt; shows empty state when no living cost data" time="0.0140391">
            <failure message="Unable to find an element with the text: Living Costs. This could be because the text is broken up by multiple elements. In this case, you can provide a function for your text matcher to make your matcher more flexible.

Ignored nodes: comments, script, style
[36m&lt;body&gt;[39m
  [36m&lt;div&gt;[39m
    [36m&lt;div[39m
      [33mclass[39m=[32m&quot;university-info loading&quot;[39m
    [36m&gt;[39m
      [36m&lt;div[39m
        [33mclass[39m=[32m&quot;spinner&quot;[39m
      [36m/&gt;[39m
      [36m&lt;p&gt;[39m
        [0mLoading university information...[0m
      [36m&lt;/p&gt;[39m
    [36m&lt;/div&gt;[39m
  [36m&lt;/div&gt;[39m
[36m&lt;/body&gt;[39m" type="TestingLibraryElementError">
TestingLibraryElementError: Unable to find an element with the text: Living Costs. This could be because the text is broken up by multiple elements. In this case, you can provide a function for your text matcher to make your matcher more flexible.

Ignored nodes: comments, script, style
&lt;body&gt;
  &lt;div&gt;
    &lt;div
      class=&quot;university-info loading&quot;
    &gt;
      &lt;div
        class=&quot;spinner&quot;
      /&gt;
      &lt;p&gt;
        Loading university information...
      &lt;/p&gt;
    &lt;/div&gt;
  &lt;/div&gt;
&lt;/body&gt;
 ❯ Object.getElementError node_modules/@testing-library/react/node_modules/@testing-library/dom/dist/config.js:37:19
 ❯ node_modules/@testing-library/react/node_modules/@testing-library/dom/dist/query-helpers.js:76:38
 ❯ node_modules/@testing-library/react/node_modules/@testing-library/dom/dist/query-helpers.js:52:17
 ❯ node_modules/@testing-library/react/node_modules/@testing-library/dom/dist/query-helpers.js:95:19
 ❯ src/components/UniversityInfo/__tests__/UniversityInfo.test.tsx:526:28
            </failure>
        </testcase>
        <testcase classname="src/components/UniversityInfo/__tests__/UniversityInfo.test.tsx" name="UniversityInfo - Dormitory Tab &gt; switches to dormitory tab" time="0.0463289">
        </testcase>
        <testcase classname="src/components/UniversityInfo/__tests__/UniversityInfo.test.tsx" name="UniversityInfo - Dormitory Tab &gt; displays dormitory statistics" time="0.0135025">
            <failure message="Unable to find an element with the text: Dormitories. This could be because the text is broken up by multiple elements. In this case, you can provide a function for your text matcher to make your matcher more flexible.

Ignored nodes: comments, script, style
[36m&lt;body&gt;[39m
  [36m&lt;div&gt;[39m
    [36m&lt;div[39m
      [33mclass[39m=[32m&quot;university-info loading&quot;[39m
    [36m&gt;[39m
      [36m&lt;div[39m
        [33mclass[39m=[32m&quot;spinner&quot;[39m
      [36m/&gt;[39m
      [36m&lt;p&gt;[39m
        [0mLoading university information...[0m
      [36m&lt;/p&gt;[39m
    [36m&lt;/div&gt;[39m
  [36m&lt;/div&gt;[39m
[36m&lt;/body&gt;[39m" type="TestingLibraryElementError">
TestingLibraryElementError: Unable to find an element with the text: Dormitories. This could be because the text is broken up by multiple elements. In this case, you can provide a function for your text matcher to make your matcher more flexible.

Ignored nodes: comments, script, style
&lt;body&gt;
  &lt;div&gt;
    &lt;div
      class=&quot;university-info loading&quot;
    &gt;
      &lt;div
        class=&quot;spinner&quot;
      /&gt;
      &lt;p&gt;
        Loading university information...
      &lt;/p&gt;
    &lt;/div&gt;
  &lt;/div&gt;
&lt;/body&gt;
 ❯ Object.getElementError node_modules/@testing-library/react/node_modules/@testing-library/dom/dist/config.js:37:19
 ❯ node_modules/@testing-library/react/node_modules/@testing-library/dom/dist/query-helpers.js:76:38
 ❯ node_modules/@testing-library/react/node_modules/@testing-library/dom/dist/query-helpers.js:52:17
 ❯ node_modules/@testing-library/react/node_modules/@testing-library/dom/dist/query-helpers.js:95:19
 ❯ src/components/UniversityInfo/__tests__/UniversityInfo.test.tsx:558:28
            </failure>
        </testcase>
        <testcase classname="src/components/UniversityInfo/__tests__/UniversityInfo.test.tsx" name="UniversityInfo - Dormitory Tab &gt; displays dormitory names" time="0.0152864">
            <failure message="Unable to find an element with the text: Dormitories. This could be because the text is broken up by multiple elements. In this case, you can provide a function for your text matcher to make your matcher more flexible.

Ignored nodes: comments, script, style
[36m&lt;body&gt;[39m
  [36m&lt;div&gt;[39m
    [36m&lt;div[39m
      [33mclass[39m=[32m&quot;university-info loading&quot;[39m
    [36m&gt;[39m
      [36m&lt;div[39m
        [33mclass[39m=[32m&quot;spinner&quot;[39m
      [36m/&gt;[39m
      [36m&lt;p&gt;[39m
        [0mLoading university information...[0m
      [36m&lt;/p&gt;[39m
    [36m&lt;/div&gt;[39m
  [36m&lt;/div&gt;[39m
[36m&lt;/body&gt;[39m" type="TestingLibraryElementError">
TestingLibraryElementError: Unable to find an element with the text: Dormitories. This could be because the text is broken up by multiple elements. In this case, you can provide a function for your text matcher to make your matcher more flexible.

Ignored nodes: comments, script, style
&lt;body&gt;
  &lt;div&gt;
    &lt;div
      class=&quot;university-info loading&quot;
    &gt;
      &lt;div
        class=&quot;spinner&quot;
      /&gt;
      &lt;p&gt;
        Loading university information...
      &lt;/p&gt;
    &lt;/div&gt;
  &lt;/div&gt;
&lt;/body&gt;
 ❯ Object.getElementError node_modules/@testing-library/react/node_modules/@testing-library/dom/dist/config.js:37:19
 ❯ node_modules/@testing-library/react/node_modules/@testing-library/dom/dist/query-helpers.js:76:38
 ❯ node_modules/@testing-library/react/node_modules/@testing-library/dom/dist/query-helpers.js:52:17
 ❯ node_modules/@testing-library/react/node_modules/@testing-library/dom/dist/query-helpers.js:95:19
 ❯ src/components/UniversityInfo/__tests__/UniversityInfo.test.tsx:570:28
            </failure>
        </testcase>
        <testcase classname="src/components/UniversityInfo/__tests__/UniversityInfo.test.tsx" name="UniversityInfo - Dormitory Tab &gt; displays dormitory prices" time="0.0125468">
            <failure message="Unable to find an element with the text: Dormitories. This could be because the text is broken up by multiple elements. In this case, you can provide a function for your text matcher to make your matcher more flexible.

Ignored nodes: comments, script, style
[36m&lt;body&gt;[39m
  [36m&lt;div&gt;[39m
    [36m&lt;div[39m
      [33mclass[39m=[32m&quot;university-info loading&quot;[39m
    [36m&gt;[39m
      [36m&lt;div[39m
        [33mclass[39m=[32m&quot;spinner&quot;[39m
      [36m/&gt;[39m
      [36m&lt;p&gt;[39m
        [0mLoading university information...[0m
      [36m&lt;/p&gt;[39m
    [36m&lt;/div&gt;[39m
  [36m&lt;/div&gt;[39m
[36m&lt;/body&gt;[39m" type="TestingLibraryElementError">
TestingLibraryElementError: Unable to find an element with the text: Dormitories. This could be because the text is broken up by multiple elements. In this case, you can provide a function for your text matcher to make your matcher more flexible.

Ignored nodes: comments, script, style
&lt;body&gt;
  &lt;div&gt;
    &lt;div
      class=&quot;university-info loading&quot;
    &gt;
      &lt;div
        class=&quot;spinner&quot;
      /&gt;
      &lt;p&gt;
        Loading university information...
      &lt;/p&gt;
    &lt;/div&gt;
  &lt;/div&gt;
&lt;/body&gt;
 ❯ Object.getElementError node_modules/@testing-library/react/node_modules/@testing-library/dom/dist/config.js:37:19
 ❯ node_modules/@testing-library/react/node_modules/@testing-library/dom/dist/query-helpers.js:76:38
 ❯ node_modules/@testing-library/react/node_modules/@testing-library/dom/dist/query-helpers.js:52:17
 ❯ node_modules/@testing-library/react/node_modules/@testing-library/dom/dist/query-helpers.js:95:19
 ❯ src/components/UniversityInfo/__tests__/UniversityInfo.test.tsx:581:28
            </failure>
        </testcase>
        <testcase classname="src/components/UniversityInfo/__tests__/UniversityInfo.test.tsx" name="UniversityInfo - Dormitory Tab &gt; displays dormitory capacities" time="0.0160553">
            <failure message="Unable to find an element with the text: Dormitories. This could be because the text is broken up by multiple elements. In this case, you can provide a function for your text matcher to make your matcher more flexible.

Ignored nodes: comments, script, style
[36m&lt;body&gt;[39m
  [36m&lt;div&gt;[39m
    [36m&lt;div[39m
      [33mclass[39m=[32m&quot;university-info loading&quot;[39m
    [36m&gt;[39m
      [36m&lt;div[39m
        [33mclass[39m=[32m&quot;spinner&quot;[39m
      [36m/&gt;[39m
      [36m&lt;p&gt;[39m
        [0mLoading university information...[0m
      [36m&lt;/p&gt;[39m
    [36m&lt;/div&gt;[39m
  [36m&lt;/div&gt;[39m
[36m&lt;/body&gt;[39m" type="TestingLibraryElementError">
TestingLibraryElementError: Unable to find an element with the text: Dormitories. This could be because the text is broken up by multiple elements. In this case, you can provide a function for your text matcher to make your matcher more flexible.

Ignored nodes: comments, script, style
&lt;body&gt;
  &lt;div&gt;
    &lt;div
      class=&quot;university-info loading&quot;
    &gt;
      &lt;div
        class=&quot;spinner&quot;
      /&gt;
      &lt;p&gt;
        Loading university information...
      &lt;/p&gt;
    &lt;/div&gt;
  &lt;/div&gt;
&lt;/body&gt;
 ❯ Object.getElementError node_modules/@testing-library/react/node_modules/@testing-library/dom/dist/config.js:37:19
 ❯ node_modules/@testing-library/react/node_modules/@testing-library/dom/dist/query-helpers.js:76:38
 ❯ node_modules/@testing-library/react/node_modules/@testing-library/dom/dist/query-helpers.js:52:17
 ❯ node_modules/@testing-library/react/node_modules/@testing-library/dom/dist/query-helpers.js:95:19
 ❯ src/components/UniversityInfo/__tests__/UniversityInfo.test.tsx:592:28
            </failure>
        </testcase>
        <testcase classname="src/components/UniversityInfo/__tests__/UniversityInfo.test.tsx" name="UniversityInfo - Dormitory Tab &gt; displays distance to campus" time="0.0336388">
            <failure message="Unable to find an element with the text: Dormitories. This could be because the text is broken up by multiple elements. In this case, you can provide a function for your text matcher to make your matcher more flexible.

Ignored nodes: comments, script, style
[36m&lt;body&gt;[39m
  [36m&lt;div&gt;[39m
    [36m&lt;div[39m
      [33mclass[39m=[32m&quot;university-info loading&quot;[39m
    [36m&gt;[39m
      [36m&lt;div[39m
        [33mclass[39m=[32m&quot;spinner&quot;[39m
      [36m/&gt;[39m
      [36m&lt;p&gt;[39m
        [0mLoading university information...[0m
      [36m&lt;/p&gt;[39m
    [36m&lt;/div&gt;[39m
  [36m&lt;/div&gt;[39m
[36m&lt;/body&gt;[39m" type="TestingLibraryElementError">
TestingLibraryElementError: Unable to find an element with the text: Dormitories. This could be because the text is broken up by multiple elements. In this case, you can provide a function for your text matcher to make your matcher more flexible.

Ignored nodes: comments, script, style
&lt;body&gt;
  &lt;div&gt;
    &lt;div
      class=&quot;university-info loading&quot;
    &gt;
      &lt;div
        class=&quot;spinner&quot;
      /&gt;
      &lt;p&gt;
        Loading university information...
      &lt;/p&gt;
    &lt;/div&gt;
  &lt;/div&gt;
&lt;/body&gt;
 ❯ Object.getElementError node_modules/@testing-library/react/node_modules/@testing-library/dom/dist/config.js:37:19
 ❯ node_modules/@testing-library/react/node_modules/@testing-library/dom/dist/query-helpers.js:76:38
 ❯ node_modules/@testing-library/react/node_modules/@testing-library/dom/dist/query-helpers.js:52:17
 ❯ node_modules/@testing-library/react/node_modules/@testing-library/dom/dist/query-helpers.js:95:19
 ❯ src/components/UniversityInfo/__tests__/UniversityInfo.test.tsx:603:28
            </failure>
        </testcase>
        <testcase classname="src/components/UniversityInfo/__tests__/UniversityInfo.test.tsx" name="UniversityInfo - Dormitory Tab &gt; shows meals included badge" time="0.0123508">
            <failure message="Unable to find an element with the text: Dormitories. This could be because the text is broken up by multiple elements. In this case, you can provide a function for your text matcher to make your matcher more flexible.

Ignored nodes: comments, script, style
[36m&lt;body&gt;[39m
  [36m&lt;div&gt;[39m
    [36m&lt;div[39m
      [33mclass[39m=[32m&quot;university-info loading&quot;[39m
    [36m&gt;[39m
      [36m&lt;div[39m
        [33mclass[39m=[32m&quot;spinner&quot;[39m
      [36m/&gt;[39m
      [36m&lt;p&gt;[39m
        [0mLoading university information...[0m
      [36m&lt;/p&gt;[39m
    [36m&lt;/div&gt;[39m
  [36m&lt;/div&gt;[39m
[36m&lt;/body&gt;[39m" type="TestingLibraryElementError">
TestingLibraryElementError: Unable to find an element with the text: Dormitories. This could be because the text is broken up by multiple elements. In this case, you can provide a function for your text matcher to make your matcher more flexible.

Ignored nodes: comments, script, style
&lt;body&gt;
  &lt;div&gt;
    &lt;div
      class=&quot;university-info loading&quot;
    &gt;
      &lt;div
        class=&quot;spinner&quot;
      /&gt;
      &lt;p&gt;
        Loading university information...
      &lt;/p&gt;
    &lt;/div&gt;
  &lt;/div&gt;
&lt;/body&gt;
 ❯ Object.getElementError node_modules/@testing-library/react/node_modules/@testing-library/dom/dist/config.js:37:19
 ❯ node_modules/@testing-library/react/node_modules/@testing-library/dom/dist/query-helpers.js:76:38
 ❯ node_modules/@testing-library/react/node_modules/@testing-library/dom/dist/query-helpers.js:52:17
 ❯ node_modules/@testing-library/react/node_modules/@testing-library/dom/dist/query-helpers.js:95:19
 ❯ src/components/UniversityInfo/__tests__/UniversityInfo.test.tsx:614:28
            </failure>
        </testcase>
        <testcase classname="src/components/UniversityInfo/__tests__/UniversityInfo.test.tsx" name="UniversityInfo - Dormitory Tab &gt; shows empty state when no dormitories" time="0.0134021">
            <failure message="Unable to find an element with the text: Dormitories. This could be because the text is broken up by multiple elements. In this case, you can provide a function for your text matcher to make your matcher more flexible.

Ignored nodes: comments, script, style
[36m&lt;body&gt;[39m
  [36m&lt;div&gt;[39m
    [36m&lt;div[39m
      [33mclass[39m=[32m&quot;university-info loading&quot;[39m
    [36m&gt;[39m
      [36m&lt;div[39m
        [33mclass[39m=[32m&quot;spinner&quot;[39m
      [36m/&gt;[39m
      [36m&lt;p&gt;[39m
        [0mLoading university information...[0m
      [36m&lt;/p&gt;[39m
    [36m&lt;/div&gt;[39m
  [36m&lt;/div&gt;[39m
[36m&lt;/body&gt;[39m" type="TestingLibraryElementError">
TestingLibraryElementError: Unable to find an element with the text: Dormitories. This could be because the text is broken up by multiple elements. In this case, you can provide a function for your text matcher to make your matcher more flexible.

Ignored nodes: comments, script, style
&lt;body&gt;
  &lt;div&gt;
    &lt;div
      class=&quot;university-info loading&quot;
    &gt;
      &lt;div
        class=&quot;spinner&quot;
      /&gt;
      &lt;p&gt;
        Loading university information...
      &lt;/p&gt;
    &lt;/div&gt;
  &lt;/div&gt;
&lt;/body&gt;
 ❯ Object.getElementError node_modules/@testing-library/react/node_modules/@testing-library/dom/dist/config.js:37:19
 ❯ node_modules/@testing-library/react/node_modules/@testing-library/dom/dist/query-helpers.js:76:38
 ❯ node_modules/@testing-library/react/node_modules/@testing-library/dom/dist/query-helpers.js:52:17
 ❯ node_modules/@testing-library/react/node_modules/@testing-library/dom/dist/query-helpers.js:95:19
 ❯ src/components/UniversityInfo/__tests__/UniversityInfo.test.tsx:633:28
            </failure>
        </testcase>
        <testcase classname="src/components/UniversityInfo/__tests__/UniversityInfo.test.tsx" name="UniversityInfo - Scholarship Tab &gt; switches to scholarship tab" time="0.0602439">
            <failure message="Found multiple elements with the text: Full Scholarship

Here are the matching elements:

Ignored nodes: comments, script, style
[36m&lt;h4&gt;[39m
  [0mFull Scholarship[0m
[36m&lt;/h4&gt;[39m

Ignored nodes: comments, script, style
[36m&lt;div[39m
  [33mclass[39m=[32m&quot;scholarship-type&quot;[39m
[36m&gt;[39m
  [0mFull Scholarship[0m
[36m&lt;/div&gt;[39m

(If this is intentional, then use the `*AllBy*` variant of the query (like `queryAllByText`, `getAllByText`, or `findAllByText`)).

Ignored nodes: comments, script, style
[36m&lt;body&gt;[39m
  [36m&lt;div&gt;[39m
    [36m&lt;div[39m
      [33mclass[39m=[32m&quot;university-info&quot;[39m
    [36m&gt;[39m
      [36m&lt;div[39m
        [33mclass[39m=[32m&quot;info-header&quot;[39m
      [36m&gt;[39m
        [36m&lt;h2&gt;[39m
          [0mUniversity Information[0m
        [36m&lt;/h2&gt;[39m
        [36m&lt;div[39m
          [33mclass[39m=[32m&quot;quick-stats&quot;[39m
        [36m&gt;[39m
          [36m&lt;div[39m
            [33mclass[39m=[32m&quot;stat-card&quot;[39m
          [36m&gt;[39m
            [36m&lt;span[39m
              [33mclass[39m=[32m&quot;stat-label&quot;[39m
            [36m&gt;[39m
              [0mCampuses[0m
            [36m&lt;/span&gt;[39m
            [36m&lt;span[39m
              [33mclass[39m=[32m&quot;stat-value&quot;[39m
            [36m&gt;[39m
              [0m2[0m
            [36m&lt;/span&gt;[39m
          [36m&lt;/div&gt;[39m
          [36m&lt;div[39m
            [33mclass[39m=[32m&quot;stat-card&quot;[39m
          [36m&gt;[39m
            [36m&lt;span[39m
              [33mclass[39m=[32m&quot;stat-label&quot;[39m
            [36m&gt;[39m
              [0mStudent Clubs[0m
            [36m&lt;/span&gt;[39m
            [36m&lt;span[39m
              [33mclass[39m=[32m&quot;stat-value&quot;[39m
            [36m&gt;[39m
              [0m60[0m
            [36m&lt;/span&gt;[39m
          [36m&lt;/div&gt;[39m
          [36m&lt;div[39m
            [33mclass[39m=[32m&quot;stat-card&quot;[39m
          [36m&gt;[39m
            [36m&lt;span[39m
              [33mclass[39m=[32m&quot;stat-label&quot;[39m
            [36m&gt;[39m
              [0mAvg. Monthly Cost[0m
            [36m&lt;/span&gt;[39m
            [36m&lt;span[39m
              [33mclass[39m=[32m&quot;stat-value&quot;[39m
            [36m&gt;[39m
              [0m₺[0m
              [0m15.000[0m
            [36m&lt;/span&gt;[39m
          [36m&lt;/div&gt;[39m
          [36m&lt;div[39m
            [33mclass[39m=[32m&quot;stat-card&quot;[39m
          [36m&gt;[39m
            [36m&lt;span[39m
              [33mclass[39m=[32m&quot;stat-label&quot;[39m
            [36m&gt;[39m
              [0mAffordability Score[0m
            [36m&lt;/span&gt;[39m
            [36m&lt;span[39m
              [33mclass[39m=[32m&quot;stat-value&quot;[39m
            [36m&gt;[39m
              [0m7.5[0m
              [0m/10[0m
            [36m&lt;/span&gt;[39m
          [36m&lt;/div&gt;[39m
        [36m&lt;/div&gt;[39m
      [36m&lt;/div&gt;[39m
      [36m&lt;div[39m
        [33mclass[39m=[32m&quot;info-tabs&quot;[39m
      [36m&gt;[39m
        [36m&lt;button[39m
          [33mclass[39m=[32m&quot;tab &quot;[39m
        [36m&gt;[39m
          [0mCampus[0m
        [36m&lt;/button&gt;[39m
        [36m&lt;button[39m
          [33mclass[39m=[32m&quot;tab &quot;[39m
        [36m&gt;[39m
          [0mLiving Costs[0m
        [36m&lt;/button&gt;[39m
        [36m&lt;button[39m
          [33mclass[39m=[32m&quot;tab &quot;[39m
        [36m&gt;[39m
          [0mDormitories[0m
        [36m&lt;/button&gt;[39m
        [36m&lt;button[39m
          [33mclass[39m=[32m&quot;tab active&quot;[39m
        [36m&gt;[39m
          [0mScholarships[0m
        [36m&lt;/button&gt;[39m
      [36m&lt;/div&gt;[39m
      [36m&lt;div[39m
        [33mclass[39m=[32m&quot;info-content&quot;[39m
      [36m&gt;[39m
        [36m&lt;div[39m
          [33mclass[39m=[32m&quot;scholarship-tab&quot;[39m
        [36m&gt;[39m
          [36m&lt;div[39m
            [33mclass[39m=[32m&quot;scholarship-stats&quot;[39m
          [36m&gt;[39m
            [36m&lt;div[39m
              [33mclass[39m=[32m&quot;stat-box&quot;[39m
            [36m&gt;[39m
              [36m&lt;span[39m
                [33mclass[39m=[32m&quot;stat-title&quot;[39m
              [36m&gt;[39m
                [0mTotal Scholarships[0m
              [36m&lt;/span&gt;[39m
              [36m&lt;span[39m
                [33mclass[39m=[32m&quot;stat-number&quot;[39m
              [36m&gt;[39m
                [0m2[0m
              [36m&lt;/span&gt;[39m
            [36m&lt;/div&gt;[39m
            [36m&lt;div[39m
              [33mclass[39m=[32m&quot;stat-box&quot;[39m
            [36m&gt;[39m
              [36m&lt;span[39m
                [33mclass[39m=[32m&quot;stat-title&quot;[39m
              [36m&gt;[39m
                [0mFull Scholarships[0m
              [36m&lt;/span&gt;[39m
              [36m&lt;span[39m
                [33mclass[39m=[32m&quot;stat-number&quot;[39m
              [36m&gt;[39m
                [0m1[0m
              [36m&lt;/span&gt;[39m
            [36m&lt;/div&gt;[39m
            [36m&lt;div[39m
              [33mclass[39m=[32m&quot;stat-box&quot;[39m
            [36m&gt;[39m
              [36m&lt;span[39m
                [33mclass[39m=[32m&quot;stat-title&quot;[39m
              [36m&gt;[39m
                [0mPartial Scholarships[0m
              [36m&lt;/span&gt;[39m
              [36m&lt;span[39m
                [33mclass[39m=[32m&quot;stat-number&quot;[39m
              [36m&gt;[39m
                [0m1[0m
              [36m&lt;/span&gt;[39m
            [36m&lt;/div&gt;[39m
            [36m&lt;div[39m
              [33mclass[39m=[32m&quot;stat-box&quot;[39m
            [36m&gt;[39m
              [36m&lt;span[39m
                [33mclass[39m=[32m&quot;stat-title&quot;[39m
              [36m&gt;[39m
                [0mAvg. Amount[0m
              [36m&lt;/span&gt;[39m
              [36m&lt;span[39m
                [33mclass[39m=[32m&quot;stat-number&quot;[39m
              [36m&gt;[39m
                [0m₺[0m
                [0m112.500[0m
              [36m&lt;/span&gt;[39m
            [36m&lt;/div&gt;[39m
          [36m&lt;/div&gt;[39m
          [36m&lt;div[39m
            [33mclass[39m=[32m&quot;scholarship-list&quot;[39m
          [36m&gt;[39m
            [36m&lt;div[39m
              [33mclass[39m=[32m&quot;scholarship-card&quot;[39m
            [36m&gt;[39m
              [36m&lt;div[39m
                [33mclass[39m=[32m&quot;scholarship-header&quot;[39m
              [36m&gt;[39m
                [36m&lt;h4&gt;[39m
                  [0mFull Scholarship[0m
                [36m&lt;/h4&gt;[39m
                [36m&lt;span[39m
                  [33mclass[39m=[32m&quot;coverage-badge coverage-full&quot;[39m
                [36m&gt;[39m
                  [0m100[0m
                  [0m% Coverage[0m
                [36m&lt;/span&gt;[39m
              [36m&lt;/div&gt;[39m
              [36m&lt;div[39m
                [33mclass[39m=[32m&quot;scholarship-type&quot;[39m
              [36m&gt;[39m
                [0mFull Scholarship[0m
              [36m&lt;/div&gt;[39m
              [36m&lt;div[39m
                [33mclass[39m=[32m&quot;scholarship-details&quot;[39m
              [36m&gt;[39m
                [36m&lt;div[39m
                  [33mclass[39m=[32m&quot;detail-row&quot;[39m
                [36m&gt;[39m
                  [36m&lt;span[39m
                    [33mclass[39m=[32m&quot;detail-label&quot;[39m
                  [36m&gt;[39m
                    [0mAmount:[0m
                  [36m&lt;/span&gt;[39m
                  [36m&lt;span[39m
                    [33mclass[39m=[32m&quot;detail-value&quot;[39m
                  [36m&gt;[39m
                    [0m₺[0m
                    [0m150.000[0m
                  [36m&lt;/span&gt;[39m
                [36m&lt;/div&gt;[39m
                [36m&lt;div[39m
                  [33mclass[39m=[32m&quot;scholarship-coverage&quot;[39m
                [36m&gt;[39m
                  [36m&lt;span[39m
                    [33mclass[39m=[32m&quot;coverage-item&quot;[39m
                  [36m&gt;[39m
                    [0m✓ Tuition[0m
                  [36m&lt;/span&gt;[39m
                  [36m&lt;span[39m
                    [33mclass[39m=[32m&quot;coverage-item&quot;[39m
                  [36m&gt;[39m
                    [0m✓ Accommodation[0m
                  [36m&lt;/span&gt;[39m
                [36m&lt;/div&gt;[39m
              [36m&lt;/div&gt;[39m
            [36m&lt;/div&gt;[39m
            [36m&lt;div[39m
              [33mclass[39m=[32m&quot;scholarship-card&quot;[39m
            [36m&gt;[39m
              [36m&lt;div[39m
                [33mclass[39m=[32m&quot;scholarship-header&quot;[39m
              [36m&gt;[39m
                [36m&lt;h4&gt;[39m
                  [0mMerit Scholarship[0m
                [36m&lt;/h4&gt;[39m
                [36m&lt;span[39m
                  [33mclass[39m=[32m&quot;coverage-badge coverage-high&quot;[39m
                [36m&gt;[39m
                  [0m50[0m
                  [0m% Coverage[0m
                [36m&lt;/span&gt;[39m
              [36m&lt;/div&gt;[39m
              [36m&lt;div[39m
                [33mclass[39m=[32m&quot;scholarship-type&quot;[39m
              [36m&gt;[39m
                [0mMerit-Based[0m
              [36m&lt;/div&gt;[39m
              [36m&lt;div[39m
                [33mclass[39m=[32m&quot;scholarship-details&quot;[39m
              [36m&gt;[39m
                [36m&lt;div[39m
                  [33mclass[39m=[32m&quot;detail-row&quot;[39m
                [36m&gt;[39m
                  [36m&lt;span[39m
                    [33mclass[39m=[32m&quot;detail-label&quot;[39m
                  [36m&gt;[39m
                    [0mAmount:[0m
                  [36m&lt;/span&gt;[39m
                  [36m&lt;span[39m
                    [33mclass[39m=[32m&quot;detail-value&quot;[39m
                  [36m&gt;[39m
                    [0m₺[0m
                    [0m75.000[0m
                  [36m&lt;/span&gt;[39m
                [36m&lt;/div&gt;[39m
                [36m&lt;div[39m
                  [33mclass[39m=[32m&quot;scholarship-coverage&quot;[39m
                [36m&gt;[39m
                  [36m&lt;span[39m
                    [33mclass[39m=[32m&quot;coverage-item&quot;[39m
                  [36m&gt;[39m
                    [0m✓ Tuition[0m
                  [36m&lt;/span&gt;[39m
                [36m&lt;/div&gt;[39m
              [36m&lt;/div&gt;[39m
            [36m&lt;/div&gt;[39m
          [36m&lt;/div&gt;[39m
        [36m&lt;/div&gt;[39m
      [36m&lt;/div&gt;[39m
    [36m&lt;/div&gt;[39m
  [36m&lt;/div&gt;[39m
[36m&lt;/body&gt;[39m" type="TestingLibraryElementError">
TestingLibraryElementError: Found multiple elements with the text: Full Scholarship

Here are the matching elements:

Ignored nodes: comments, script, style
&lt;h4&gt;
  Full Scholarship
&lt;/h4&gt;

Ignored nodes: comments, script, style
&lt;div
  class=&quot;scholarship-type&quot;
&gt;
  Full Scholarship
&lt;/div&gt;

(If this is intentional, then use the `*AllBy*` variant of the query (like `queryAllByText`, `getAllByText`, or `findAllByText`)).

Ignored nodes: comments, script, style
&lt;body&gt;
  &lt;div&gt;
    &lt;div
      class=&quot;university-info&quot;
    &gt;
      &lt;div
        class=&quot;info-header&quot;
      &gt;
        &lt;h2&gt;
          University Information
        &lt;/h2&gt;
        &lt;div
          class=&quot;quick-stats&quot;
        &gt;
          &lt;div
            class=&quot;stat-card&quot;
          &gt;
            &lt;span
              class=&quot;stat-label&quot;
            &gt;
              Campuses
            &lt;/span&gt;
            &lt;span
              class=&quot;stat-value&quot;
            &gt;
              2
            &lt;/span&gt;
          &lt;/div&gt;
          &lt;div
            class=&quot;stat-card&quot;
          &gt;
            &lt;span
              class=&quot;stat-label&quot;
            &gt;
              Student Clubs
            &lt;/span&gt;
            &lt;span
              class=&quot;stat-value&quot;
            &gt;
              60
            &lt;/span&gt;
          &lt;/div&gt;
          &lt;div
            class=&quot;stat-card&quot;
          &gt;
            &lt;span
              class=&quot;stat-label&quot;
            &gt;
              Avg. Monthly Cost
            &lt;/span&gt;
            &lt;span
              class=&quot;stat-value&quot;
            &gt;
              ₺
              15.000
            &lt;/span&gt;
          &lt;/div&gt;
          &lt;div
            class=&quot;stat-card&quot;
          &gt;
            &lt;span
              class=&quot;stat-label&quot;
            &gt;
              Affordability Score
            &lt;/span&gt;
            &lt;span
              class=&quot;stat-value&quot;
            &gt;
              7.5
              /10
            &lt;/span&gt;
          &lt;/div&gt;
        &lt;/div&gt;
      &lt;/div&gt;
      &lt;div
        class=&quot;info-tabs&quot;
      &gt;
        &lt;button
          class=&quot;tab &quot;
        &gt;
          Campus
        &lt;/button&gt;
        &lt;button
          class=&quot;tab &quot;
        &gt;
          Living Costs
        &lt;/button&gt;
        &lt;button
          class=&quot;tab &quot;
        &gt;
          Dormitories
        &lt;/button&gt;
        &lt;button
          class=&quot;tab active&quot;
        &gt;
          Scholarships
        &lt;/button&gt;
      &lt;/div&gt;
      &lt;div
        class=&quot;info-content&quot;
      &gt;
        &lt;div
          class=&quot;scholarship-tab&quot;
        &gt;
          &lt;div
            class=&quot;scholarship-stats&quot;
          &gt;
            &lt;div
              class=&quot;stat-box&quot;
            &gt;
              &lt;span
                class=&quot;stat-title&quot;
              &gt;
                Total Scholarships
              &lt;/span&gt;
              &lt;span
                class=&quot;stat-number&quot;
              &gt;
                2
              &lt;/span&gt;
            &lt;/div&gt;
            &lt;div
              class=&quot;stat-box&quot;
            &gt;
              &lt;span
                class=&quot;stat-title&quot;
              &gt;
                Full Scholarships
              &lt;/span&gt;
              &lt;span
                class=&quot;stat-number&quot;
              &gt;
                1
              &lt;/span&gt;
            &lt;/div&gt;
            &lt;div
              class=&quot;stat-box&quot;
            &gt;
              &lt;span
                class=&quot;stat-title&quot;
              &gt;
                Partial Scholarships
              &lt;/span&gt;
              &lt;span
                class=&quot;stat-number&quot;
              &gt;
                1
              &lt;/span&gt;
            &lt;/div&gt;
            &lt;div
              class=&quot;stat-box&quot;
            &gt;
              &lt;span
                class=&quot;stat-title&quot;
              &gt;
                Avg. Amount
              &lt;/span&gt;
              &lt;span
                class=&quot;stat-number&quot;
              &gt;
                ₺
                112.500
              &lt;/span&gt;
            &lt;/div&gt;
          &lt;/div&gt;
          &lt;div
            class=&quot;scholarship-list&quot;
          &gt;
            &lt;div
              class=&quot;scholarship-card&quot;
            &gt;
              &lt;div
                class=&quot;scholarship-header&quot;
              &gt;
                &lt;h4&gt;
                  Full Scholarship
                &lt;/h4&gt;
                &lt;span
                  class=&quot;coverage-badge coverage-full&quot;
                &gt;
                  100
                  % Coverage
                &lt;/span&gt;
              &lt;/div&gt;
              &lt;div
                class=&quot;scholarship-type&quot;
              &gt;
                Full Scholarship
              &lt;/div&gt;
              &lt;div
                class=&quot;scholarship-details&quot;
              &gt;
                &lt;div
                  class=&quot;detail-row&quot;
                &gt;
                  &lt;span
                    class=&quot;detail-label&quot;
                  &gt;
                    Amount:
                  &lt;/span&gt;
                  &lt;span
                    class=&quot;detail-value&quot;
                  &gt;
                    ₺
                    150.000
                  &lt;/span&gt;
                &lt;/div&gt;
                &lt;div
                  class=&quot;scholarship-coverage&quot;
                &gt;
                  &lt;span
                    class=&quot;coverage-item&quot;
                  &gt;
                    ✓ Tuition
                  &lt;/span&gt;
                  &lt;span
                    class=&quot;coverage-item&quot;
                  &gt;
                    ✓ Accommodation
                  &lt;/span&gt;
                &lt;/div&gt;
              &lt;/div&gt;
            &lt;/div&gt;
            &lt;div
              class=&quot;scholarship-card&quot;
            &gt;
              &lt;div
                class=&quot;scholarship-header&quot;
              &gt;
                &lt;h4&gt;
                  Merit Scholarship
                &lt;/h4&gt;
                &lt;span
                  class=&quot;coverage-badge coverage-high&quot;
                &gt;
                  50
                  % Coverage
                &lt;/span&gt;
              &lt;/div&gt;
              &lt;div
                class=&quot;scholarship-type&quot;
              &gt;
                Merit-Based
              &lt;/div&gt;
              &lt;div
                class=&quot;scholarship-details&quot;
              &gt;
                &lt;div
                  class=&quot;detail-row&quot;
                &gt;
                  &lt;span
                    class=&quot;detail-label&quot;
                  &gt;
                    Amount:
                  &lt;/span&gt;
                  &lt;span
                    class=&quot;detail-value&quot;
                  &gt;
                    ₺
                    75.000
                  &lt;/span&gt;
                &lt;/div&gt;
                &lt;div
                  class=&quot;scholarship-coverage&quot;
                &gt;
                  &lt;span
                    class=&quot;coverage-item&quot;
                  &gt;
                    ✓ Tuition
                  &lt;/span&gt;
                &lt;/div&gt;
              &lt;/div&gt;
            &lt;/div&gt;
          &lt;/div&gt;
        &lt;/div&gt;
      &lt;/div&gt;
    &lt;/div&gt;
  &lt;/div&gt;
&lt;/body&gt;
 ❯ Object.getElementError node_modules/@testing-library/react/node_modules/@testing-library/dom/dist/config.js:37:19
 ❯ getElementError node_modules/@testing-library/react/node_modules/@testing-library/dom/dist/query-helpers.js:20:35
 ❯ getMultipleElementsFoundError node_modules/@testing-library/react/node_modules/@testing-library/dom/dist/query-helpers.js:23:10
 ❯ node_modules/@testing-library/react/node_modules/@testing-library/dom/dist/query-helpers.js:55:13
 ❯ node_modules/@testing-library/react/node_modules/@testing-library/dom/dist/query-helpers.js:95:19
 ❯ src/components/UniversityInfo/__tests__/UniversityInfo.test.tsx:659:19
            </failure>
        </testcase>
        <testcase classname="src/components/UniversityInfo/__tests__/UniversityInfo.test.tsx" name="UniversityInfo - Scholarship Tab &gt; displays scholarship statistics" time="0.0195363">
            <failure message="Unable to find an element with the text: Scholarships. This could be because the text is broken up by multiple elements. In this case, you can provide a function for your text matcher to make your matcher more flexible.

Ignored nodes: comments, script, style
[36m&lt;body&gt;[39m
  [36m&lt;div&gt;[39m
    [36m&lt;div[39m
      [33mclass[39m=[32m&quot;university-info loading&quot;[39m
    [36m&gt;[39m
      [36m&lt;div[39m
        [33mclass[39m=[32m&quot;spinner&quot;[39m
      [36m/&gt;[39m
      [36m&lt;p&gt;[39m
        [0mLoading university information...[0m
      [36m&lt;/p&gt;[39m
    [36m&lt;/div&gt;[39m
  [36m&lt;/div&gt;[39m
[36m&lt;/body&gt;[39m" type="TestingLibraryElementError">
TestingLibraryElementError: Unable to find an element with the text: Scholarships. This could be because the text is broken up by multiple elements. In this case, you can provide a function for your text matcher to make your matcher more flexible.

Ignored nodes: comments, script, style
&lt;body&gt;
  &lt;div&gt;
    &lt;div
      class=&quot;university-info loading&quot;
    &gt;
      &lt;div
        class=&quot;spinner&quot;
      /&gt;
      &lt;p&gt;
        Loading university information...
      &lt;/p&gt;
    &lt;/div&gt;
  &lt;/div&gt;
&lt;/body&gt;
 ❯ Object.getElementError node_modules/@testing-library/react/node_modules/@testing-library/dom/dist/config.js:37:19
 ❯ node_modules/@testing-library/react/node_modules/@testing-library/dom/dist/query-helpers.js:76:38
 ❯ node_modules/@testing-library/react/node_modules/@testing-library/dom/dist/query-helpers.js:52:17
 ❯ node_modules/@testing-library/react/node_modules/@testing-library/dom/dist/query-helpers.js:95:19
 ❯ src/components/UniversityInfo/__tests__/UniversityInfo.test.tsx:665:28
            </failure>
        </testcase>
        <testcase classname="src/components/UniversityInfo/__tests__/UniversityInfo.test.tsx" name="UniversityInfo - Scholarship Tab &gt; displays scholarship names" time="0.0132655">
            <failure message="Unable to find an element with the text: Scholarships. This could be because the text is broken up by multiple elements. In this case, you can provide a function for your text matcher to make your matcher more flexible.

Ignored nodes: comments, script, style
[36m&lt;body&gt;[39m
  [36m&lt;div&gt;[39m
    [36m&lt;div[39m
      [33mclass[39m=[32m&quot;university-info loading&quot;[39m
    [36m&gt;[39m
      [36m&lt;div[39m
        [33mclass[39m=[32m&quot;spinner&quot;[39m
      [36m/&gt;[39m
      [36m&lt;p&gt;[39m
        [0mLoading university information...[0m
      [36m&lt;/p&gt;[39m
    [36m&lt;/div&gt;[39m
  [36m&lt;/div&gt;[39m
[36m&lt;/body&gt;[39m" type="TestingLibraryElementError">
TestingLibraryElementError: Unable to find an element with the text: Scholarships. This could be because the text is broken up by multiple elements. In this case, you can provide a function for your text matcher to make your matcher more flexible.

Ignored nodes: comments, script, style
&lt;body&gt;
  &lt;div&gt;
    &lt;div
      class=&quot;university-info loading&quot;
    &gt;
      &lt;div
        class=&quot;spinner&quot;
      /&gt;
      &lt;p&gt;
        Loading university information...
      &lt;/p&gt;
    &lt;/div&gt;
  &lt;/div&gt;
&lt;/body&gt;
 ❯ Object.getElementError node_modules/@testing-library/react/node_modules/@testing-library/dom/dist/config.js:37:19
 ❯ node_modules/@testing-library/react/node_modules/@testing-library/dom/dist/query-helpers.js:76:38
 ❯ node_modules/@testing-library/react/node_modules/@testing-library/dom/dist/query-helpers.js:52:17
 ❯ node_modules/@testing-library/react/node_modules/@testing-library/dom/dist/query-helpers.js:95:19
 ❯ src/components/UniversityInfo/__tests__/UniversityInfo.test.tsx:677:28
            </failure>
        </testcase>
        <testcase classname="src/components/UniversityInfo/__tests__/UniversityInfo.test.tsx" name="UniversityInfo - Scholarship Tab &gt; displays coverage percentages" time="0.0167807">
            <failure message="Unable to find an element with the text: Scholarships. This could be because the text is broken up by multiple elements. In this case, you can provide a function for your text matcher to make your matcher more flexible.

Ignored nodes: comments, script, style
[36m&lt;body&gt;[39m
  [36m&lt;div&gt;[39m
    [36m&lt;div[39m
      [33mclass[39m=[32m&quot;university-info loading&quot;[39m
    [36m&gt;[39m
      [36m&lt;div[39m
        [33mclass[39m=[32m&quot;spinner&quot;[39m
      [36m/&gt;[39m
      [36m&lt;p&gt;[39m
        [0mLoading university information...[0m
      [36m&lt;/p&gt;[39m
    [36m&lt;/div&gt;[39m
  [36m&lt;/div&gt;[39m
[36m&lt;/body&gt;[39m" type="TestingLibraryElementError">
TestingLibraryElementError: Unable to find an element with the text: Scholarships. This could be because the text is broken up by multiple elements. In this case, you can provide a function for your text matcher to make your matcher more flexible.

Ignored nodes: comments, script, style
&lt;body&gt;
  &lt;div&gt;
    &lt;div
      class=&quot;university-info loading&quot;
    &gt;
      &lt;div
        class=&quot;spinner&quot;
      /&gt;
      &lt;p&gt;
        Loading university information...
      &lt;/p&gt;
    &lt;/div&gt;
  &lt;/div&gt;
&lt;/body&gt;
 ❯ Object.getElementError node_modules/@testing-library/react/node_modules/@testing-library/dom/dist/config.js:37:19
 ❯ node_modules/@testing-library/react/node_modules/@testing-library/dom/dist/query-helpers.js:76:38
 ❯ node_modules/@testing-library/react/node_modules/@testing-library/dom/dist/query-helpers.js:52:17
 ❯ node_modules/@testing-library/react/node_modules/@testing-library/dom/dist/query-helpers.js:95:19
 ❯ src/components/UniversityInfo/__tests__/UniversityInfo.test.tsx:688:28
            </failure>
        </testcase>
        <testcase classname="src/components/UniversityInfo/__tests__/UniversityInfo.test.tsx" name="UniversityInfo - Scholarship Tab &gt; displays scholarship amounts" time="0.0167177">
            <failure message="Unable to find an element with the text: Scholarships. This could be because the text is broken up by multiple elements. In this case, you can provide a function for your text matcher to make your matcher more flexible.

Ignored nodes: comments, script, style
[36m&lt;body&gt;[39m
  [36m&lt;div&gt;[39m
    [36m&lt;div[39m
      [33mclass[39m=[32m&quot;university-info loading&quot;[39m
    [36m&gt;[39m
      [36m&lt;div[39m
        [33mclass[39m=[32m&quot;spinner&quot;[39m
      [36m/&gt;[39m
      [36m&lt;p&gt;[39m
        [0mLoading university information...[0m
      [36m&lt;/p&gt;[39m
    [36m&lt;/div&gt;[39m
  [36m&lt;/div&gt;[39m
[36m&lt;/body&gt;[39m" type="TestingLibraryElementError">
TestingLibraryElementError: Unable to find an element with the text: Scholarships. This could be because the text is broken up by multiple elements. In this case, you can provide a function for your text matcher to make your matcher more flexible.

Ignored nodes: comments, script, style
&lt;body&gt;
  &lt;div&gt;
    &lt;div
      class=&quot;university-info loading&quot;
    &gt;
      &lt;div
        class=&quot;spinner&quot;
      /&gt;
      &lt;p&gt;
        Loading university information...
      &lt;/p&gt;
    &lt;/div&gt;
  &lt;/div&gt;
&lt;/body&gt;
 ❯ Object.getElementError node_modules/@testing-library/react/node_modules/@testing-library/dom/dist/config.js:37:19
 ❯ node_modules/@testing-library/react/node_modules/@testing-library/dom/dist/query-helpers.js:76:38
 ❯ node_modules/@testing-library/react/node_modules/@testing-library/dom/dist/query-helpers.js:52:17
 ❯ node_modules/@testing-library/react/node_modules/@testing-library/dom/dist/query-helpers.js:95:19
 ❯ src/components/UniversityInfo/__tests__/UniversityInfo.test.tsx:699:28
            </failure>
        </testcase>
        <testcase classname="src/components/UniversityInfo/__tests__/UniversityInfo.test.tsx" name="UniversityInfo - Scholarship Tab &gt; shows tuition coverage" time="0.0144707">
            <failure message="Unable to find an element with the text: Scholarships. This could be because the text is broken up by multiple elements. In this case, you can provide a function for your text matcher to make your matcher more flexible.

Ignored nodes: comments, script, style
[36m&lt;body&gt;[39m
  [36m&lt;div&gt;[39m
    [36m&lt;div[39m
      [33mclass[39m=[32m&quot;university-info loading&quot;[39m
    [36m&gt;[39m
      [36m&lt;div[39m
        [33mclass[39m=[32m&quot;spinner&quot;[39m
      [36m/&gt;[39m
      [36m&lt;p&gt;[39m
        [0mLoading university information...[0m
      [36m&lt;/p&gt;[39m
    [36m&lt;/div&gt;[39m
  [36m&lt;/div&gt;[39m
[36m&lt;/body&gt;[39m" type="TestingLibraryElementError">
TestingLibraryElementError: Unable to find an element with the text: Scholarships. This could be because the text is broken up by multiple elements. In this case, you can provide a function for your text matcher to make your matcher more flexible.

Ignored nodes: comments, script, style
&lt;body&gt;
  &lt;div&gt;
    &lt;div
      class=&quot;university-info loading&quot;
    &gt;
      &lt;div
        class=&quot;spinner&quot;
      /&gt;
      &lt;p&gt;
        Loading university information...
      &lt;/p&gt;
    &lt;/div&gt;
  &lt;/div&gt;
&lt;/body&gt;
 ❯ Object.getElementError node_modules/@testing-library/react/node_modules/@testing-library/dom/dist/config.js:37:19
 ❯ node_modules/@testing-library/react/node_modules/@testing-library/dom/dist/query-helpers.js:76:38
 ❯ node_modules/@testing-library/react/node_modules/@testing-library/dom/dist/query-helpers.js:52:17
 ❯ node_modules/@testing-library/react/node_modules/@testing-library/dom/dist/query-helpers.js:95:19
 ❯ src/components/UniversityInfo/__tests__/UniversityInfo.test.tsx:710:28
            </failure>
        </testcase>
        <testcase classname="src/components/UniversityInfo/__tests__/UniversityInfo.test.tsx" name="UniversityInfo - Scholarship Tab &gt; shows accommodation coverage" time="0.0114843">
            <failure message="Unable to find an element with the text: Scholarships. This could be because the text is broken up by multiple elements. In this case, you can provide a function for your text matcher to make your matcher more flexible.

Ignored nodes: comments, script, style
[36m&lt;body&gt;[39m
  [36m&lt;div&gt;[39m
    [36m&lt;div[39m
      [33mclass[39m=[32m&quot;university-info loading&quot;[39m
    [36m&gt;[39m
      [36m&lt;div[39m
        [33mclass[39m=[32m&quot;spinner&quot;[39m
      [36m/&gt;[39m
      [36m&lt;p&gt;[39m
        [0mLoading university information...[0m
      [36m&lt;/p&gt;[39m
    [36m&lt;/div&gt;[39m
  [36m&lt;/div&gt;[39m
[36m&lt;/body&gt;[39m" type="TestingLibraryElementError">
TestingLibraryElementError: Unable to find an element with the text: Scholarships. This could be because the text is broken up by multiple elements. In this case, you can provide a function for your text matcher to make your matcher more flexible.

Ignored nodes: comments, script, style
&lt;body&gt;
  &lt;div&gt;
    &lt;div
      class=&quot;university-info loading&quot;
    &gt;
      &lt;div
        class=&quot;spinner&quot;
      /&gt;
      &lt;p&gt;
        Loading university information...
      &lt;/p&gt;
    &lt;/div&gt;
  &lt;/div&gt;
&lt;/body&gt;
 ❯ Object.getElementError node_modules/@testing-library/react/node_modules/@testing-library/dom/dist/config.js:37:19
 ❯ node_modules/@testing-library/react/node_modules/@testing-library/dom/dist/query-helpers.js:76:38
 ❯ node_modules/@testing-library/react/node_modules/@testing-library/dom/dist/query-helpers.js:52:17
 ❯ node_modules/@testing-library/react/node_modules/@testing-library/dom/dist/query-helpers.js:95:19
 ❯ src/components/UniversityInfo/__tests__/UniversityInfo.test.tsx:720:28
            </failure>
        </testcase>
        <testcase classname="src/components/UniversityInfo/__tests__/UniversityInfo.test.tsx" name="UniversityInfo - Scholarship Tab &gt; shows empty state when no scholarships" time="0.0112792">
            <failure message="Unable to find an element with the text: Scholarships. This could be because the text is broken up by multiple elements. In this case, you can provide a function for your text matcher to make your matcher more flexible.

Ignored nodes: comments, script, style
[36m&lt;body&gt;[39m
  [36m&lt;div&gt;[39m
    [36m&lt;div[39m
      [33mclass[39m=[32m&quot;university-info loading&quot;[39m
    [36m&gt;[39m
      [36m&lt;div[39m
        [33mclass[39m=[32m&quot;spinner&quot;[39m
      [36m/&gt;[39m
      [36m&lt;p&gt;[39m
        [0mLoading university information...[0m
      [36m&lt;/p&gt;[39m
    [36m&lt;/div&gt;[39m
  [36m&lt;/div&gt;[39m
[36m&lt;/body&gt;[39m" type="TestingLibraryElementError">
TestingLibraryElementError: Unable to find an element with the text: Scholarships. This could be because the text is broken up by multiple elements. In this case, you can provide a function for your text matcher to make your matcher more flexible.

Ignored nodes: comments, script, style
&lt;body&gt;
  &lt;div&gt;
    &lt;div
      class=&quot;university-info loading&quot;
    &gt;
      &lt;div
        class=&quot;spinner&quot;
      /&gt;
      &lt;p&gt;
        Loading university information...
      &lt;/p&gt;
    &lt;/div&gt;
  &lt;/div&gt;
&lt;/body&gt;
 ❯ Object.getElementError node_modules/@testing-library/react/node_modules/@testing-library/dom/dist/config.js:37:19
 ❯ node_modules/@testing-library/react/node_modules/@testing-library/dom/dist/query-helpers.js:76:38
 ❯ node_modules/@testing-library/react/node_modules/@testing-library/dom/dist/query-helpers.js:52:17
 ❯ node_modules/@testing-library/react/node_modules/@testing-library/dom/dist/query-helpers.js:95:19
 ❯ src/components/UniversityInfo/__tests__/UniversityInfo.test.tsx:739:28
            </failure>
        </testcase>
        <testcase classname="src/components/UniversityInfo/__tests__/UniversityInfo.test.tsx" name="UniversityInfo - Tab Switching &gt; activates clicked tab" time="0.0345705">
        </testcase>
        <testcase classname="src/components/UniversityInfo/__tests__/UniversityInfo.test.tsx" name="UniversityInfo - Tab Switching &gt; deactivates previous tab" time="0.0557187">
        </testcase>
        <testcase classname="src/components/UniversityInfo/__tests__/UniversityInfo.test.tsx" name="UniversityInfo - Edge Cases &gt; handles null statistics" time="0.0087613">
        </testcase>
        <testcase classname="src/components/UniversityInfo/__tests__/UniversityInfo.test.tsx" name="UniversityInfo - Edge Cases &gt; handles missing avg_monthly_cost" time="0.0128201">
        </testcase>
        <testcase classname="src/components/UniversityInfo/__tests__/UniversityInfo.test.tsx" name="UniversityInfo - Edge Cases &gt; handles missing affordability_score" time="0.0200144">
        </testcase>
    </testsuite>
    <testsuite name="src/components/VideoAnalytics/__tests__/VideoAnalyticsDashboard.test.tsx" timestamp="2025-11-14T16:56:53.054Z" hostname="ates" tests="53" failures="28" errors="0" skipped="0" time="30.409511">
        <testcase classname="src/components/VideoAnalytics/__tests__/VideoAnalyticsDashboard.test.tsx" name="VideoAnalyticsDashboard - Rendering &gt; renders dashboard header" time="0.1072493">
        </testcase>
        <testcase classname="src/components/VideoAnalytics/__tests__/VideoAnalyticsDashboard.test.tsx" name="VideoAnalyticsDashboard - Rendering &gt; shows loading state initially" time="0.0317539">
        </testcase>
        <testcase classname="src/components/VideoAnalytics/__tests__/VideoAnalyticsDashboard.test.tsx" name="VideoAnalyticsDashboard - Rendering &gt; renders date selector" time="0.0196031">
        </testcase>
        <testcase classname="src/components/VideoAnalytics/__tests__/VideoAnalyticsDashboard.test.tsx" name="VideoAnalyticsDashboard - Rendering &gt; renders date input with current date" time="0.0115304">
        </testcase>
        <testcase classname="src/components/VideoAnalytics/__tests__/VideoAnalyticsDashboard.test.tsx" name="VideoAnalyticsDashboard - Rendering &gt; sets max date to today" time="0.0125313">
        </testcase>
        <testcase classname="src/components/VideoAnalytics/__tests__/VideoAnalyticsDashboard.test.tsx" name="VideoAnalyticsDashboard - Data Loading &gt; fetches summary data on mount" time="0.125">
        </testcase>
        <testcase classname="src/components/VideoAnalytics/__tests__/VideoAnalyticsDashboard.test.tsx" name="VideoAnalyticsDashboard - Data Loading &gt; includes userId in API call" time="0.0326948">
        </testcase>
        <testcase classname="src/components/VideoAnalytics/__tests__/VideoAnalyticsDashboard.test.tsx" name="VideoAnalyticsDashboard - Data Loading &gt; includes date in API call" time="0.0428063">
        </testcase>
        <testcase classname="src/components/VideoAnalytics/__tests__/VideoAnalyticsDashboard.test.tsx" name="VideoAnalyticsDashboard - Data Loading &gt; refetches data when date changes" time="0.0992087">
        </testcase>
        <testcase classname="src/components/VideoAnalytics/__tests__/VideoAnalyticsDashboard.test.tsx" name="VideoAnalyticsDashboard - Data Loading &gt; handles API errors gracefully" time="0.0322067">
        </testcase>
        <testcase classname="src/components/VideoAnalytics/__tests__/VideoAnalyticsDashboard.test.tsx" name="VideoAnalyticsDashboard - Stats Cards &gt; displays total videos watched" time="0.1581971">
        </testcase>
        <testcase classname="src/components/VideoAnalytics/__tests__/VideoAnalyticsDashboard.test.tsx" name="VideoAnalyticsDashboard - Stats Cards &gt; displays total watch time formatted" time="0.1240448">
        </testcase>
        <testcase classname="src/components/VideoAnalytics/__tests__/VideoAnalyticsDashboard.test.tsx" name="VideoAnalyticsDashboard - Stats Cards &gt; displays total videos completed" time="0.098391">
        </testcase>
        <testcase classname="src/components/VideoAnalytics/__tests__/VideoAnalyticsDashboard.test.tsx" name="VideoAnalyticsDashboard - Stats Cards &gt; displays average completion rate" time="0.0952787">
        </testcase>
        <testcase classname="src/components/VideoAnalytics/__tests__/VideoAnalyticsDashboard.test.tsx" name="VideoAnalyticsDashboard - Stats Cards &gt; displays total notes" time="0.0714357">
        </testcase>
        <testcase classname="src/components/VideoAnalytics/__tests__/VideoAnalyticsDashboard.test.tsx" name="VideoAnalyticsDashboard - Stats Cards &gt; displays total bookmarks" time="0.0946843">
        </testcase>
        <testcase classname="src/components/VideoAnalytics/__tests__/VideoAnalyticsDashboard.test.tsx" name="VideoAnalyticsDashboard - Stats Cards &gt; displays average playback speed" time="0.0872551">
        </testcase>
        <testcase classname="src/components/VideoAnalytics/__tests__/VideoAnalyticsDashboard.test.tsx" name="VideoAnalyticsDashboard - Stats Cards &gt; displays completion ratio" time="0.0999301">
        </testcase>
        <testcase classname="src/components/VideoAnalytics/__tests__/VideoAnalyticsDashboard.test.tsx" name="VideoAnalyticsDashboard - Stats Cards &gt; shows stat icons" time="1.078942">
            <failure message="Found multiple elements with the text: 📝

Here are the matching elements:

Ignored nodes: comments, script, style
[36m&lt;div[39m
  [33mclass[39m=[32m&quot;stat-icon&quot;[39m
[36m&gt;[39m
  [0m📝[0m
[36m&lt;/div&gt;[39m

Ignored nodes: comments, script, style
[36m&lt;div[39m
  [33mclass[39m=[32m&quot;insight-icon&quot;[39m
[36m&gt;[39m
  [0m📝[0m
[36m&lt;/div&gt;[39m

(If this is intentional, then use the `*AllBy*` variant of the query (like `queryAllByText`, `getAllByText`, or `findAllByText`)).

Ignored nodes: comments, script, style
[36m&lt;body&gt;[39m
  [36m&lt;div&gt;[39m
    [36m&lt;div[39m
      [33mclass[39m=[32m&quot;video-analytics-dashboard&quot;[39m
    [36m&gt;[39m
      [36m&lt;div[39m
        [33mclass[39m=[32m&quot;dashboard-header&quot;[39m
      [36m&gt;[39m
        [36m&lt;h2&gt;[39m
          [0mVideo İzleme Analitikleri[0m
        [36m&lt;/h2&gt;[39m
        [36m&lt;div[39m
          [33mclass[39m=[32m&quot;date-selector&quot;[39m
        [36m&gt;[39m
          [36m&lt;label[39m
            [33mfor[39m=[32m&quot;analytics-date&quot;[39m
          [36m&gt;[39m
            [0mTarih:[0m
          [36m&lt;/label&gt;[39m
          [36m&lt;input[39m
            [33maria-label[39m=[32m&quot;Select date for analytics&quot;[39m
            [33mid[39m=[32m&quot;analytics-date&quot;[39m
            [33mmax[39m=[32m&quot;2025-11-14&quot;[39m
            [33mtype[39m=[32m&quot;date&quot;[39m
            [33mvalue[39m=[32m&quot;2025-11-14&quot;[39m
          [36m/&gt;[39m
        [36m&lt;/div&gt;[39m
      [36m&lt;/div&gt;[39m
      [36m&lt;div[39m
        [33mclass[39m=[32m&quot;stats-grid&quot;[39m
      [36m&gt;[39m
        [36m&lt;div[39m
          [33mclass[39m=[32m&quot;stat-card&quot;[39m
        [36m&gt;[39m
          [36m&lt;div[39m
            [33mclass[39m=[32m&quot;stat-icon&quot;[39m
          [36m&gt;[39m
            [0m📹[0m
          [36m&lt;/div&gt;[39m
          [36m&lt;div[39m
            [33mclass[39m=[32m&quot;stat-content&quot;[39m
          [36m&gt;[39m
            [36m&lt;div[39m
              [33mclass[39m=[32m&quot;stat-value&quot;[39m
            [36m&gt;[39m
              [0m10[0m
            [36m&lt;/div&gt;[39m
            [36m&lt;div[39m
              [33mclass[39m=[32m&quot;stat-label&quot;[39m
            [36m&gt;[39m
              [0mİzlenen Video[0m
            [36m&lt;/div&gt;[39m
          [36m&lt;/div&gt;[39m
        [36m&lt;/div&gt;[39m
        [36m&lt;div[39m
          [33mclass[39m=[32m&quot;stat-card&quot;[39m
        [36m&gt;[39m
          [36m&lt;div[39m
            [33mclass[39m=[32m&quot;stat-icon&quot;[39m
          [36m&gt;[39m
            [0m⏱️[0m
          [36m&lt;/div&gt;[39m
          [36m&lt;div[39m
            [33mclass[39m=[32m&quot;stat-content&quot;[39m
          [36m&gt;[39m
            [36m&lt;div[39m
              [33mclass[39m=[32m&quot;stat-value&quot;[39m
            [36m&gt;[39m
              [0m2s 0dk[0m
            [36m&lt;/div&gt;[39m
            [36m&lt;div[39m
              [33mclass[39m=[32m&quot;stat-label&quot;[39m
            [36m&gt;[39m
              [0mToplam İzleme Süresi[0m
            [36m&lt;/div&gt;[39m
          [36m&lt;/div&gt;[39m
        [36m&lt;/div&gt;[39m
        [36m&lt;div[39m
          [33mclass[39m=[32m&quot;stat-card&quot;[39m
        [36m&gt;[39m
          [36m&lt;div[39m
            [33mclass[39m=[32m&quot;stat-icon&quot;[39m
          [36m&gt;[39m
            [0m✅[0m
          [36m&lt;/div&gt;[39m
          [36m&lt;div[39m
            [33mclass[39m=[32m&quot;stat-content&quot;[39m
          [36m&gt;[39m
            [36m&lt;div[39m
              [33mclass[39m=[32m&quot;stat-value&quot;[39m
            [36m&gt;[39m
              [0m8[0m
            [36m&lt;/div&gt;[39m
            [36m&lt;div[39m
              [33mclass[39m=[32m&quot;stat-label&quot;[39m
            [36m&gt;[39m
              [0mTamamlanan Video[0m
            [36m&lt;/div&gt;[39m
          [36m&lt;/div&gt;[39m
        [36m&lt;/div&gt;[39m
        [36m&lt;div[39m
          [33mclass[39m=[32m&quot;stat-card&quot;[39m
        [36m&gt;[39m
          [36m&lt;div[39m
            [33mclass[39m=[32m&quot;stat-icon&quot;[39m
          [36m&gt;[39m
            [0m📈[0m
          [36m&lt;/div&gt;[39m
          [36m&lt;div[39m
            [33mclass[39m=[32m&quot;stat-content&quot;[39m
          [36m&gt;[39m
            [36m&lt;div[39m
              [33mclass[39m=[32m&quot;stat-value&quot;[39m
              [33mstyle[39m=[32m&quot;color: rgb(16, 185, 129);&quot;[39m
            [36m&gt;[39m
              [0m85.5[0m
              [0m%[0m
            [36m&lt;/div&gt;[39m
            [36m&lt;div[39m
              [33mclass[39m=[32m&quot;stat-label&quot;[39m
            [36m&gt;[39m
              [0mOrtalama Tamamlama[0m
            [36m&lt;/div&gt;[39m
          [36m&lt;/div&gt;[39m
        [36m&lt;/div&gt;[39m
        [36m&lt;div[39m
          [33mclass[39m=[32m&quot;stat-card&quot;[39m
        [36m&gt;[39m
          [36m&lt;div[39m
            [33mclass[39m=[32m&quot;stat-icon&quot;[39m
          [36m&gt;[39m
            [0m📝[0m
          [36m&lt;/div&gt;[39m
          [36m&lt;div[39m
            [33mclass[39m=[32m&quot;stat-content&quot;[39m
          [36m&gt;[39m
            [36m&lt;div[39m
              [33mclass[39m=[32m&quot;stat-value&quot;[39m
            [36m&gt;[39m
              [0m15[0m
            [36m&lt;/div&gt;[39m
            [36m&lt;div[39m
              [33mclass[39m=[32m&quot;stat-label&quot;[39m
            [36m&gt;[39m
              [0mNot Alındı[0m
            [36m&lt;/div&gt;[39m
          [36m&lt;/div&gt;[39m
        [36m&lt;/div&gt;[39m
        [36m&lt;div[39m
          [33mclass[39m=[32m&quot;stat-card&quot;[39m
        [36m&gt;[39m
          [36m&lt;div[39m
            [33mclass[39m=[32m&quot;stat-icon&quot;[39m
          [36m&gt;[39m
            [0m🔖[0m
          [36m&lt;/div&gt;[39m
          [36m&lt;div[39m
            [33mclass[39m=[32m&quot;stat-content&quot;[39m
          [36m&gt;[39m
            [36m&lt;div[39m
              [33mclass[39m=[32m&quot;stat-value&quot;[39m
            [36m&gt;[39m
              [0m5[0m
            [36m&lt;/div&gt;[39m
            [36m&lt;div[39m
              [33mclass[39m=[32m&quot;stat-label&quot;[39m
            [36m&gt;[39m
              [0mYer İmi Eklendi[0m
            [36m&lt;/div&gt;[39m
          [36m&lt;/div&gt;[39m
        [36m&lt;/div&gt;[39m
        [36m&lt;div[39m
          [33mclass[39m=[32m&quot;stat-card&quot;[39m
        [36m&gt;[39m
          [36m&lt;div[39m
            [33mclass[39m=[32m&quot;stat-icon&quot;[39m
          [36m&gt;[39m
            [0m⚡[0m
          [36m&lt;/div&gt;[39m
          [36m&lt;div[39m
            [33mclass[39m=[32m&quot;stat-content&quot;[39m
          [36m&gt;[39m
            [36m&lt;div[39m
              [33mclass[39m=[32m&quot;stat-value&quot;[39m
            [36m&gt;[39m
              [0m1.25[0m
              [0mx[0m
            [36m&lt;/div&gt;[39m
            [36m&lt;div[39m
              [33mclass[39m=[32m&quot;stat-label&quot;[39m
            [36m&gt;[39m
              [0mOrtalama Hız[0m
            [36m&lt;/div&gt;[39m
          [36m&lt;/div&gt;[39m
        [36m&lt;/div&gt;[39m
        [36m&lt;div[39m
          [33mclass[39m=[32m&quot;stat-card&quot;[39m
        [36m&gt;[39m
          [36m&lt;div[39m
            [33mclass[39m=[32m&quot;stat-icon&quot;[39m
          [36m&gt;[39m
            [0m🎯[0m
          [36m&lt;/div&gt;[39m
          [36m&lt;div[39m
            [33mclass[39m=[32m&quot;stat-content&quot;[39m
          [36m&gt;[39m
            [36m&lt;div[39m
              [33mclass[39m=[32m&quot;stat-value&quot;[39m
            [36m&gt;[39m
              [0m80[0m
              [0m%[0m
            [36m&lt;/div&gt;[39m
            [36m&lt;div[39m
              [33mclass[39m=[32m&quot;stat-label&quot;[39m
            [36m&gt;[39m
              [0mTamamlama Oranı[0m
            [36m&lt;/div&gt;[39m
          [36m&lt;/div&gt;[39m
        [36m&lt;/div&gt;[39m
      [36m&lt;/div&gt;[39m
      [36m&lt;div[39m
        [33mclass[39m=[32m&quot;breakdown-section&quot;[39m
      [36m&gt;[39m
        [36m&lt;h3&gt;[39m
          [0mKaynak Dağılımı[0m
        [36m&lt;/h3&gt;[39m
        [36m&lt;div[39m
          [33mclass[39m=[32m&quot;breakdown-grid&quot;[39m
        [36m&gt;[39m
          [36m&lt;div[39m
            [33mclass[39m=[32m&quot;breakdown-item&quot;[39m
          [36m&gt;[39m
            [36m&lt;div[39m
              [33mclass[39m=[32m&quot;breakdown-label&quot;[39m
            [36m&gt;[39m
              [0mYouTube[0m
            [36m&lt;/div&gt;[39m
            [36m&lt;div[39m
              [33mclass[39m=[32m&quot;breakdown-bar&quot;[39m
            [36m&gt;[39m
              [36m&lt;div[39m
                [33mclass[39m=[32m&quot;breakdown-bar-fill&quot;[39m
                [33mstyle[39m=[32m&quot;width: 50%; background: rgb(255, 0, 0);&quot;[39m
              [36m/&gt;[39m
            [36m&lt;/div&gt;[39m
            [36m&lt;div[39m
              [33mclass[39m=[32m&quot;breakdown-value&quot;[39m
            [36m&gt;[39m
              [0m5[0m
              [0m video[0m
            [36m&lt;/div&gt;[39m
          [36m&lt;/div&gt;[39m
          [36m&lt;div[39m
            [33mclass[39m=[32m&quot;breakdown-item&quot;[39m
          [36m&gt;[39m
            [36m&lt;div[39m
              [33mclass[39m=[32m&quot;breakdown-label&quot;[39m
            [36m&gt;[39m
              [0mEBA TV[0m
            [36m&lt;/div&gt;[39m
            [36m&lt;div[39m
              [33mclass[39m=[32m&quot;breakdown-bar&quot;[39m
            [36m&gt;[39m
              [36m&lt;div[39m
                [33mclass[39m=[32m&quot;breakdown-bar-fill&quot;[39m
                [33mstyle[39m=[32m&quot;width: 30%; background: rgb(16, 185, 129);&quot;[39m
              [36m/&gt;[39m
            [36m&lt;/div&gt;[39m
            [36m&lt;div[39m
              [33mclass[39m=[32m&quot;breakdown-value&quot;[39m
            [36m&gt;[39m
              [0m3[0m
              [0m video[0m
            [36m&lt;/div&gt;[39m
          [36m&lt;/div&gt;[39m
          [36m&lt;div[39m
            [33mclass[39m=[32m&quot;breakdown-item&quot;[39m
          [36m&gt;[39m
            [36m&lt;div[39m
              [33mclass[39m=[32m&quot;breakdown-label&quot;[39m
            [36m&gt;[39m
              [0mKhan Academy[0m
            [36m&lt;/div&gt;[39m
            [36m&lt;div[39m
              [33mclass[39m=[32m&quot;breakdown-bar&quot;[39m
            [36m&gt;[39m
              [36m&lt;div[39m
                [33mclass[39m=[32m&quot;breakdown-bar-fill&quot;[39m
                [33mstyle[39m=[32m&quot;width: 20%; background: rgb(20, 184, 166);&quot;[39m
              [36m/&gt;[39m
            [36m&lt;/div&gt;[39m
            [36m&lt;div[39m
              [33mclass[39m=[32m&quot;breakdown-value&quot;[39m
            [36m&gt;[39m
              [0m2[0m
              [0m video[0m
            [36m&lt;/div&gt;[39m
          [36m&lt;/div&gt;[39m
        [36m&lt;/div&gt;[39m
      [36m&lt;/div&gt;[39m
      [36m&lt;div[39m
        [33mclass[39m=[32m&quot;breakdown-section&quot;[39m
      [36m&gt;[39m
        [36m&lt;h3&gt;[39m
          [0mDers Dağılımı[0m
        [36m&lt;/h3&gt;[39m
        [36m&lt;div[39m
          [33mclass[39m=[32m&quot;breakdown-grid&quot;[39m
        [36m&gt;[39m
          [36m&lt;div[39m
            [33mclass[39m=[32m&quot;breakdown-item&quot;[39m
          [36m&gt;[39m
            [36m&lt;div[39m
              [33mclass[39m=[32m&quot;breakdown-label&quot;[39m
            [36m&gt;[39m
              [0mMatematik[0m
            [36m&lt;/div&gt;[39m
            [36m&lt;div[39m
              [33mclass[39m=[32m&quot;breakdown-bar&quot;[39m
            [36m&gt;[39m
              [36m&lt;div[39m
                [33mclass[39m=[32m&quot;breakdown-bar-fill&quot;[39m
                [33mstyle[39m=[32m&quot;width: 40%;&quot;[39m
              [36m/&gt;[39m
            [36m&lt;/div&gt;[39m
            [36m&lt;div[39m
              [33mclass[39m=[32m&quot;breakdown-value&quot;[39m
            [36m&gt;[39m
              [0m4[0m
              [0m video[0m
            [36m&lt;/div&gt;[39m
          [36m&lt;/div&gt;[39m
          [36m&lt;div[39m
            [33mclass[39m=[32m&quot;breakdown-item&quot;[39m
          [36m&gt;[39m
            [36m&lt;div[39m
              [33mclass[39m=[32m&quot;breakdown-label&quot;[39m
            [36m&gt;[39m
              [0mFizik[0m
            [36m&lt;/div&gt;[39m
            [36m&lt;div[39m
              [33mclass[39m=[32m&quot;breakdown-bar&quot;[39m
            [36m&gt;[39m
              [36m&lt;div[39m
                [33mclass[39m=[32m&quot;breakdown-bar-fill&quot;[39m
                [33mstyle[39m=[32m&quot;width: 30%;&quot;[39m
              [36m/&gt;[39m
            [36m&lt;/div&gt;[39m
            [36m&lt;div[39m
              [33mclass[39m=[32m&quot;breakdown-value&quot;[39m
            [36m&gt;[39m
              [0m3[0m
              [0m video[0m
            [36m&lt;/div&gt;[39m
          [36m&lt;/div&gt;[39m
          [36m&lt;div[39m
            [33mclass[39m=[32m&quot;breakdown-item&quot;[39m
          [36m&gt;[39m
            [36m&lt;div[39m
              [33mclass[39m=[32m&quot;breakdown-label&quot;[39m
            [36m&gt;[39m
              [0mKimya[0m
            [36m&lt;/div&gt;[39m
            [36m&lt;div[39m
              [33mclass[39m=[32m&quot;breakdown-bar&quot;[39m
            [36m&gt;[39m
              [36m&lt;div[39m
                [33mclass[39m=[32m&quot;breakdown-bar-fill&quot;[39m
                [33mstyle[39m=[32m&quot;width: 30%;&quot;[39m
              [36m/&gt;[39m
            [36m&lt;/div&gt;[39m
            [36m&lt;div[39m
              [33mclass[39m=[32m&quot;breakdown-value&quot;[39m
            [36m&gt;[39m
              [0m3[0m
              [0m video[0m
            [36m&lt;/div&gt;[39m
          [36m&lt;/div&gt;[39m
        [36m&lt;/div&gt;[39m
      [36m&lt;/div&gt;[39m
      [36m&lt;div[39m
        [33mclass[39m=[32m&quot;insights-section&quot;[39m
      [36m&gt;[39m
        [36m&lt;h3&gt;[39m
          [0mİçgörüler[0m
        [36m&lt;/h3&gt;[39m
        [36m&lt;div[39m
          [33mclass[39m=[32m&quot;insights-grid&quot;[39m
        [36m&gt;[39m
          [36m&lt;div[39m
            [33mclass[39m=[32m&quot;insight-card success&quot;[39m
          [36m&gt;[39m
            [36m&lt;div[39m
              [33mclass[39m=[32m&quot;insight-icon&quot;[39m
            [36m&gt;[39m
              [0m🎉[0m
            [36m&lt;/div&gt;[39m
            [36m&lt;div[39m
              [33mclass[39m=[32m&quot;insight-text&quot;[39m
            [36m&gt;[39m
              [0mHarika! Videoları %[0m
              [0m86[0m
              [0m oranında tamamlıyorsunuz.[0m
            [36m&lt;/div&gt;[39m
          [36m&lt;/div&gt;[39m
          [36m&lt;div[39m
            [33mclass[39m=[32m&quot;insight-card success&quot;[39m
          [36m&gt;[39m
            [36m&lt;div[39m
              [33mclass[39m=[32m&quot;insight-icon&quot;[39m
            [36m&gt;[39m
              [0m📝[0m
            [36m&lt;/div&gt;[39m
            [36m&lt;div[39m
              [33mclass[39m=[32m&quot;insight-text&quot;[39m
            [36m&gt;[39m
              [0m15[0m
              [0m not aldınız. Aktif öğrenme![0m
            [36m&lt;/div&gt;[39m
          [36m&lt;/div&gt;[39m
        [36m&lt;/div&gt;[39m
      [36m&lt;/div&gt;[39m
    [36m&lt;/div&gt;[39m
  [36m&lt;/div&gt;[39m
[36m&lt;/body&gt;[39m

Ignored nodes: comments, script, style
[36m&lt;html&gt;[39m
  [36m&lt;head /&gt;[39m
  [36m&lt;body&gt;[39m
    [36m&lt;div&gt;[39m
      [36m&lt;div[39m
        [33mclass[39m=[32m&quot;video-analytics-dashboard&quot;[39m
      [36m&gt;[39m
        [36m&lt;div[39m
          [33mclass[39m=[32m&quot;dashboard-header&quot;[39m
        [36m&gt;[39m
          [36m&lt;h2&gt;[39m
            [0mVideo İzleme Analitikleri[0m
          [36m&lt;/h2&gt;[39m
          [36m&lt;div[39m
            [33mclass[39m=[32m&quot;date-selector&quot;[39m
          [36m&gt;[39m
            [36m&lt;label[39m
              [33mfor[39m=[32m&quot;analytics-date&quot;[39m
            [36m&gt;[39m
              [0mTarih:[0m
            [36m&lt;/label&gt;[39m
            [36m&lt;input[39m
              [33maria-label[39m=[32m&quot;Select date for analytics&quot;[39m
              [33mid[39m=[32m&quot;analytics-date&quot;[39m
              [33mmax[39m=[32m&quot;2025-11-14&quot;[39m
              [33mtype[39m=[32m&quot;date&quot;[39m
              [33mvalue[39m=[32m&quot;2025-11-14&quot;[39m
            [36m/&gt;[39m
          [36m&lt;/div&gt;[39m
        [36m&lt;/div&gt;[39m
        [36m&lt;div[39m
          [33mclass[39m=[32m&quot;stats-grid&quot;[39m
        [36m&gt;[39m
          [36m&lt;div[39m
            [33mclass[39m=[32m&quot;stat-card&quot;[39m
          [36m&gt;[39m
            [36m&lt;div[39m
              [33mclass[39m=[32m&quot;stat-icon&quot;[39m
            [36m&gt;[39m
              [0m📹[0m
            [36m&lt;/div&gt;[39m
            [36m&lt;div[39m
              [33mclass[39m=[32m&quot;stat-content&quot;[39m
            [36m&gt;[39m
              [36m&lt;div[39m
                [33mclass[39m=[32m&quot;stat-value&quot;[39m
              [36m&gt;[39m
                [0m10[0m
              [36m&lt;/div&gt;[39m
              [36m&lt;div[39m
                [33mclass[39m=[32m&quot;stat-label&quot;[39m
              [36m&gt;[39m
                [0mİzlenen Video[0m
              [36m&lt;/div&gt;[39m
            [36m&lt;/div&gt;[39m
          [36m&lt;/div&gt;[39m
          [36m&lt;div[39m
            [33mclass[39m=[32m&quot;stat-card&quot;[39m
          [36m&gt;[39m
            [36m&lt;div[39m
              [33mclass[39m=[32m&quot;stat-icon&quot;[39m
            [36m&gt;[39m
              [0m⏱️[0m
            [36m&lt;/div&gt;[39m
            [36m&lt;div[39m
              [33mclass[39m=[32m&quot;stat-content&quot;[39m
            [36m&gt;[39m
              [36m&lt;div[39m
                [33mclass[39m=[32m&quot;stat-value&quot;[39m
              [36m&gt;[39m
                [0m2s 0dk[0m
              [36m&lt;/div&gt;[39m
              [36m&lt;div[39m
                [33mclass[39m=[32m&quot;stat-label&quot;[39m
              [36m&gt;[39m
                [0mToplam İzleme Süresi[0m
              [36m&lt;/div&gt;[39m
            [36m&lt;/div&gt;[39m
          [36m&lt;/div&gt;[39m
          [36m&lt;div[39m
            [33mclass[39m=[32m&quot;stat-card&quot;[39m
          [36m&gt;[39m
            [36m&lt;div[39m
              [33mclass[39m=[32m&quot;stat-icon&quot;[39m
            [36m&gt;[39m
              [0m✅[0m
            [36m&lt;/div&gt;[39m
            [36m&lt;div[39m
              [33mclass[39m=[32m&quot;stat-content&quot;[39m
            [36m&gt;[39m
              [36m&lt;div[39m
                [33mclass[39m=[32m&quot;stat-value&quot;[39m
              [36m&gt;[39m
                [0m8[0m
              [36m&lt;/div&gt;[39m
              [36m&lt;div[39m
                [33mclass[39m=[32m&quot;stat-label&quot;[39m
              [36m&gt;[39m
                [0mTamamlanan Video[0m
              [36m&lt;/div&gt;[39m
            [36m&lt;/div&gt;[39m
          [36m&lt;/div&gt;[39m
          [36m&lt;div[39m
            [33mclass[39m=[32m&quot;stat-card&quot;[39m
          [36m&gt;[39m
            [36m&lt;div[39m
              [33mclass[39m=[32m&quot;stat-icon&quot;[39m
            [36m&gt;[39m
              [0m📈[0m
            [36m&lt;/div&gt;[39m
            [36m&lt;div[39m
              [33mclass[39m=[32m&quot;stat-content&quot;[39m
            [36m&gt;[39m
              [36m&lt;div[39m
                [33mclass[39m=[32m&quot;stat-value&quot;[39m
                [33mstyle[39m=[32m&quot;color: rgb(16, 185, 129);&quot;[39m
              [36m&gt;[39m
                [0m85.5[0m
                [0m%[0m
              [36m&lt;/div&gt;[39m
              [36m&lt;div[39m
                [33mclass[39m=[32m&quot;stat-label&quot;[39m
              [36m&gt;[39m
                [0mOrtalama Tamamlama[0m
              [36m&lt;/div&gt;[39m
            [36m&lt;/div&gt;[39m
          [36m&lt;/div&gt;[39m
          [36m&lt;div[39m
            [33mclass[39m=[32m&quot;stat-card&quot;[39m
          [36m&gt;[39m
            [36m&lt;div[39m
              [33mclass[39m=[32m&quot;stat-icon&quot;[39m
            [36m&gt;[39m
              [0m📝[0m
            [36m&lt;/div&gt;[39m
            [36m&lt;div[39m
              [33mclass[39m=[32m&quot;stat-content&quot;[39m
            [36m&gt;[39m
              [36m&lt;div[39m
                [33mclass[39m=[32m&quot;stat-value&quot;[39m
              [36m&gt;[39m
                [0m15[0m
              [36m&lt;/div&gt;[39m
              [36m&lt;div[39m
                [33mclass[39m=[32m&quot;stat-label&quot;[39m
              [36m&gt;[39m
                [0mNot Alındı[0m
              [36m&lt;/div&gt;[39m
            [36m&lt;/div&gt;[39m
          [36m&lt;/div&gt;[39m
          [36m&lt;div[39m
            [33mclass[39m=[32m&quot;stat-card&quot;[39m
          [36m&gt;[39m
            [36m&lt;div[39m
              [33mclass[39m=[32m&quot;stat-icon&quot;[39m
            [36m&gt;[39m
              [0m🔖[0m
            [36m&lt;/div&gt;[39m
            [36m&lt;div[39m
              [33mclass[39m=[32m&quot;stat-content&quot;[39m
            [36m&gt;[39m
              [36m&lt;div[39m
                [33mclass[39m=[32m&quot;stat-value&quot;[39m
              [36m&gt;[39m
                [0m5[0m
              [36m&lt;/div&gt;[39m
              [36m&lt;div[39m
                [33mclass[39m=[32m&quot;stat-label&quot;[39m
              [36m&gt;[39m
                [0mYer İmi Eklendi[0m
              [36m&lt;/div&gt;[39m
            [36m&lt;/div&gt;[39m
          [36m&lt;/div&gt;[39m
          [36m&lt;div[39m
            [33mclass[39m=[32m&quot;stat-card&quot;[39m
          [36m&gt;[39m
            [36m&lt;div[39m
              [33mclass[39m=[32m&quot;stat-icon&quot;[39m
            [36m&gt;[39m
              [0m⚡[0m
            [36m&lt;/div&gt;[39m
            [36m&lt;div[39m
              [33mclass[39m=[32m&quot;stat-content&quot;[39m
            [36m&gt;[39m
              [36m&lt;div[39m
                [33mclass[39m=[32m&quot;stat-value&quot;[39m
              [36m&gt;[39m
                [0m1.25[0m
                [0mx[0m
              [36m&lt;/div&gt;[39m
              [36m&lt;div[39m
                [33mclass[39m=[32m&quot;stat-label&quot;[39m
              [36m&gt;[39m
                [0mOrtalama Hız[0m
              [36m&lt;/div&gt;[39m
            [36m&lt;/div&gt;[39m
          [36m&lt;/div&gt;[39m
          [36m&lt;div[39m
            [33mclass[39m=[32m&quot;stat-card&quot;[39m
          [36m&gt;[39m
            [36m&lt;div[39m
              [33mclass[39m=[32m&quot;stat-icon&quot;[39m
            [36m&gt;[39m
              [0m🎯[0m
            [36m&lt;/div&gt;[39m
            [36m&lt;div[39m
              [33mclass[39m=[32m&quot;stat-content&quot;[39m
            [36m&gt;[39m
              [36m&lt;div[39m
                [33mclass[39m=[32m&quot;stat-value&quot;[39m
              [36m&gt;[39m
                [0m80[0m
                [0m%[0m
              [36m&lt;/div&gt;[39m
              [36m&lt;div[39m
                [33mclass[39m=[32m&quot;stat-label&quot;[39m
              [36m&gt;[39m
                [0mTamamlama Oranı[0m
              [36m&lt;/div&gt;[39m
            [36m&lt;/div&gt;[39m
          [36m&lt;/div&gt;[39m
        [36m&lt;/div&gt;[39m
        [36m&lt;div[39m
          [33mclass[39m=[32m&quot;breakdown-section&quot;[39m
        [36m&gt;[39m
          [36m&lt;h3&gt;[39m
            [0mKaynak Dağılımı[0m
          [36m&lt;/h3&gt;[39m
          [36m&lt;div[39m
            [33mclass[39m=[32m&quot;breakdown-grid&quot;[39m
          [36m&gt;[39m
            [36m&lt;div[39m
              [33mclass[39m=[32m&quot;breakdown-item&quot;[39m
            [36m&gt;[39m
              [36m&lt;div[39m
                [33mclass[39m=[32m&quot;breakdown-label&quot;[39m
              [36m&gt;[39m
                [0mYouTube[0m
              [36m&lt;/div&gt;[39m
              [36m&lt;div[39m
                [33mclass[39m=[32m&quot;breakdown-bar&quot;[39m
              [36m&gt;[39m
                [36m&lt;div[39m
                  [33mclass[39m=[32m&quot;breakdown-bar-fill&quot;[39m
                  [33mstyle[39m=[32m&quot;width: 50%; background: rgb(255, 0, 0);&quot;[39m
                [36m/&gt;[39m
              [36m&lt;/div&gt;[39m
              [36m&lt;div[39m
                [33mclass[39m=[32m&quot;breakdown-value&quot;[39m
              [36m&gt;[39m
                [0m5[0m
                [0m video[0m
              [36m&lt;/div&gt;[39m
            [36m&lt;/div&gt;[39m
            [36m&lt;div[39m
              [33mclass[39m=[32m&quot;breakdown-item&quot;[39m
            [36m&gt;[39m
              [36m&lt;div[39m
                [33mclass[39m=[32m&quot;breakdown-label&quot;[39m
              [36m&gt;[39m
                [0mEBA TV[0m
              [36m&lt;/div&gt;[39m
              [36m&lt;div[39m
                [33mclass[39m=[32m&quot;breakdown-bar&quot;[39m
              [36m&gt;[39m
                [36m&lt;div[39m
                  [33mclass[39m=[32m&quot;breakdown-bar-fill&quot;[39m
                  [33mstyle[39m=[32m&quot;width: 30%; background: rgb(16, 185, 129);&quot;[39m
                [36m/&gt;[39m
              [36m&lt;/div&gt;[39m
              [36m&lt;div[39m
                [33mclass[39m=[32m&quot;breakdown-value&quot;[39m
              [36m&gt;[39m
                [0m3[0m
                [0m video[0m
              [36m&lt;/div&gt;[39m
            [36m&lt;/div&gt;[39m
            [36m&lt;div[39m
              [33mclass[39m=[32m&quot;breakdown-item&quot;[39m
            [36m&gt;[39m
              [36m&lt;div[39m
                [33mclass[39m=[32m&quot;breakdown-label&quot;[39m
              [36m&gt;[39m
                [0mKhan Academy[0m
              [36m&lt;/div&gt;[39m
              [36m&lt;div[39m
                [33mclass[39m=[32m&quot;breakdown-bar&quot;[39m
              [36m&gt;[39m
                [36m&lt;div[39m
                  [33mclass[39m=[32m&quot;breakdown-bar-fill&quot;[39m
                  [33mstyle[39m=[32m&quot;width: 20%; background: rgb(20, 184, 166);&quot;[39m
                [36m/&gt;[39m
              [36m&lt;/div&gt;[39m
              [36m&lt;div[39m
                [33mclass[39m=[32m&quot;breakdown-value&quot;[39m
              [36m&gt;[39m
                [0m2[0m
                [0m video[0m
              [36m&lt;/div&gt;[39m
            [36m&lt;/div&gt;[39m
          [36m&lt;/div&gt;[39m
        [36m&lt;/div&gt;[39m
        [36m&lt;div[39m
          [33mclass[39m=[32m&quot;breakdown-section&quot;[39m
        [36m&gt;[39m
          [36m&lt;h3&gt;[39m
            [0mDers Dağılımı[0m
          [36m&lt;/h3&gt;[39m
          [36m&lt;div[39m
            [33mclass[39m=[32m&quot;breakdown-grid&quot;[39m
          [36m&gt;[39m
            [36m&lt;div[39m
              [33mclass[39m=[32m&quot;breakdown-item&quot;[39m
            [36m&gt;[39m
              [36m&lt;div[39m
                [33mclass[39m=[32m&quot;breakdown-label&quot;[39m
              [36m&gt;[39m
                [0mMatematik[0m
              [36m&lt;/div&gt;[39m
              [36m&lt;div[39m
                [33mclass[39m=[32m&quot;breakdown-bar&quot;[39m
              [36m&gt;[39m
                [36m&lt;div[39m
                  [33mclass[39m=[32m&quot;breakdown-bar-fill&quot;[39m
                  [33mstyle[39m=[32m&quot;width: 40%;&quot;[39m
                [36m/&gt;[39m
              [36m&lt;/div&gt;[39m
              [36m&lt;div[39m
                [33mclass[39m=[32m&quot;breakdown-value&quot;[39m
              [36m&gt;[39m
                [0m4[0m
                [0m video[0m
              [36m&lt;/div&gt;[39m
            [36m&lt;/div&gt;[39m
            [36m&lt;div[39m
              [33mclass[39m=[32m&quot;breakdown-item&quot;[39m
            [36m&gt;[39m
              [36m&lt;div[39m
                [33mclass[39m=[32m&quot;breakdown-label&quot;[39m
              [36m&gt;[39m
                [0mFizik[0m
              [36m&lt;/div&gt;[39m
              [36m&lt;div[39m
                [33mclass[39m=[32m&quot;breakdown-bar&quot;[39m
              [36m&gt;[39m
                [36m&lt;div[39m
                  [33mclass[39m=[32m&quot;breakdown-bar-fill&quot;[39m
                  [33mstyle[39m=[32m&quot;width: 30%;&quot;[39m
                [36m/&gt;[39m
              [36m&lt;/div&gt;[39m
              [36m&lt;div[39m
                [33mclass[39m=[32m&quot;breakdown-value&quot;[39m
              [36m&gt;[39m
                [0m3[0m
                [0m video[0m
              [36m&lt;/div&gt;[39m
            [36m&lt;/div&gt;[39m
            [36m&lt;div[39m
              [33mclass[39m=[32m&quot;breakdown-item&quot;[39m
            [36m&gt;[39m
              [36m&lt;div[39m
                [33mclass[39m=[32m&quot;breakdown-label&quot;[39m
              [36m&gt;[39m
                [0mKimya[0m
              [36m&lt;/div&gt;[39m
              [36m&lt;div[39m
                [33mclass[39m=[32m&quot;breakdown-bar&quot;[39m
              [36m&gt;[39m
                [36m&lt;div[39m
                  [33mclass[39m=[32m&quot;breakdown-bar-fill&quot;[39m
                  [33mstyle[39m=[32m&quot;width: 30%;&quot;[39m
                [36m/&gt;[39m
              [36m&lt;/div&gt;[39m
              [36m&lt;div[39m
                [33mclass[39m=[32m&quot;breakdown-value&quot;[39m
              [36m&gt;[39m
                [0m3[0m
                [0m video[0m
              [36m&lt;/div&gt;[39m
            [36m&lt;/div&gt;[39m
          [36m&lt;/div&gt;[39m
        [36m&lt;/div&gt;[39m
        [36m&lt;div[39m
          [33mclass[39m=[32m&quot;insights-section&quot;[39m
        [36m&gt;[39m
          [36m&lt;h3&gt;[39m
            [0mİçgörüler[0m
          [36m&lt;/h3&gt;[39m
          [36m&lt;div[39m
            [33mclass[39m=[32m&quot;insights-grid&quot;[39m
          [36m&gt;[39m
            [36m&lt;div[39m
              [33mclass[39m=[32m&quot;insight-card success&quot;[39m
            [36m&gt;[39m
              [36m&lt;div[39m
                [33mclass[39m=[32m&quot;insight-icon&quot;[39m
              [36m&gt;[39m
                [0m🎉[0m
              [36m&lt;/div&gt;[39m
              [36m&lt;div[39m
                [33mclass[39m=[32m&quot;insight-text&quot;[39m
              [36m&gt;[39m
                [0mHarika! Videoları %[0m
                [0m86[0m
                [0m oranında tamamlıyorsunuz.[0m
              [36m&lt;/div&gt;[39m
            [36m&lt;/div&gt;[39m
            [36m&lt;div[39m
              [33mclass[39m=[32m&quot;insight-card success&quot;[39m
            [36m&gt;[39m
              [36m&lt;div[39m
                [33mclass[39m=[32m&quot;insight-icon&quot;[39m
              [36m&gt;[39m
                [0m📝[0m
              [36m&lt;/div&gt;[39m
              [36m&lt;div[39m
                [33mclass[39m=[32m&quot;insight-text&quot;[39m
              [36m&gt;[39m
                [0m15[0m
                [0m not aldınız. Aktif öğrenme![0m
              [36m&lt;/div&gt;[39m
            [36m&lt;/div&gt;[39m
          [36m&lt;/div&gt;[39m
        [36m&lt;/div&gt;[39m
      [36m&lt;/div&gt;[39m
    [36m&lt;/div&gt;[39m
  [36m&lt;/body&gt;[39m
[36m&lt;/html&gt;[39m" type="TestingLibraryElementError">
TestingLibraryElementError: Found multiple elements with the text: 📝

Here are the matching elements:

Ignored nodes: comments, script, style
&lt;div
  class=&quot;stat-icon&quot;
&gt;
  📝
&lt;/div&gt;

Ignored nodes: comments, script, style
&lt;div
  class=&quot;insight-icon&quot;
&gt;
  📝
&lt;/div&gt;

(If this is intentional, then use the `*AllBy*` variant of the query (like `queryAllByText`, `getAllByText`, or `findAllByText`)).

Ignored nodes: comments, script, style
&lt;body&gt;
  &lt;div&gt;
    &lt;div
      class=&quot;video-analytics-dashboard&quot;
    &gt;
      &lt;div
        class=&quot;dashboard-header&quot;
      &gt;
        &lt;h2&gt;
          Video İzleme Analitikleri
        &lt;/h2&gt;
        &lt;div
          class=&quot;date-selector&quot;
        &gt;
          &lt;label
            for=&quot;analytics-date&quot;
          &gt;
            Tarih:
          &lt;/label&gt;
          &lt;input
            aria-label=&quot;Select date for analytics&quot;
            id=&quot;analytics-date&quot;
            max=&quot;2025-11-14&quot;
            type=&quot;date&quot;
            value=&quot;2025-11-14&quot;
          /&gt;
        &lt;/div&gt;
      &lt;/div&gt;
      &lt;div
        class=&quot;stats-grid&quot;
      &gt;
        &lt;div
          class=&quot;stat-card&quot;
        &gt;
          &lt;div
            class=&quot;stat-icon&quot;
          &gt;
            📹
          &lt;/div&gt;
          &lt;div
            class=&quot;stat-content&quot;
          &gt;
            &lt;div
              class=&quot;stat-value&quot;
            &gt;
              10
            &lt;/div&gt;
            &lt;div
              class=&quot;stat-label&quot;
            &gt;
              İzlenen Video
            &lt;/div&gt;
          &lt;/div&gt;
        &lt;/div&gt;
        &lt;div
          class=&quot;stat-card&quot;
        &gt;
          &lt;div
            class=&quot;stat-icon&quot;
          &gt;
            ⏱️
          &lt;/div&gt;
          &lt;div
            class=&quot;stat-content&quot;
          &gt;
            &lt;div
              class=&quot;stat-value&quot;
            &gt;
              2s 0dk
            &lt;/div&gt;
            &lt;div
              class=&quot;stat-label&quot;
            &gt;
              Toplam İzleme Süresi
            &lt;/div&gt;
          &lt;/div&gt;
        &lt;/div&gt;
        &lt;div
          class=&quot;stat-card&quot;
        &gt;
          &lt;div
            class=&quot;stat-icon&quot;
          &gt;
            ✅
          &lt;/div&gt;
          &lt;div
            class=&quot;stat-content&quot;
          &gt;
            &lt;div
              class=&quot;stat-value&quot;
            &gt;
              8
            &lt;/div&gt;
            &lt;div
              class=&quot;stat-label&quot;
            &gt;
              Tamamlanan Video
            &lt;/div&gt;
          &lt;/div&gt;
        &lt;/div&gt;
        &lt;div
          class=&quot;stat-card&quot;
        &gt;
          &lt;div
            class=&quot;stat-icon&quot;
          &gt;
            📈
          &lt;/div&gt;
          &lt;div
            class=&quot;stat-content&quot;
          &gt;
            &lt;div
              class=&quot;stat-value&quot;
              style=&quot;color: rgb(16, 185, 129);&quot;
            &gt;
              85.5
              %
            &lt;/div&gt;
            &lt;div
              class=&quot;stat-label&quot;
            &gt;
              Ortalama Tamamlama
            &lt;/div&gt;
          &lt;/div&gt;
        &lt;/div&gt;
        &lt;div
          class=&quot;stat-card&quot;
        &gt;
          &lt;div
            class=&quot;stat-icon&quot;
          &gt;
            📝
          &lt;/div&gt;
          &lt;div
            class=&quot;stat-content&quot;
          &gt;
            &lt;div
              class=&quot;stat-value&quot;
            &gt;
              15
            &lt;/div&gt;
            &lt;div
              class=&quot;stat-label&quot;
            &gt;
              Not Alındı
            &lt;/div&gt;
          &lt;/div&gt;
        &lt;/div&gt;
        &lt;div
          class=&quot;stat-card&quot;
        &gt;
          &lt;div
            class=&quot;stat-icon&quot;
          &gt;
            🔖
          &lt;/div&gt;
          &lt;div
            class=&quot;stat-content&quot;
          &gt;
            &lt;div
              class=&quot;stat-value&quot;
            &gt;
              5
            &lt;/div&gt;
            &lt;div
              class=&quot;stat-label&quot;
            &gt;
              Yer İmi Eklendi
            &lt;/div&gt;
          &lt;/div&gt;
        &lt;/div&gt;
        &lt;div
          class=&quot;stat-card&quot;
        &gt;
          &lt;div
            class=&quot;stat-icon&quot;
          &gt;
            ⚡
          &lt;/div&gt;
          &lt;div
            class=&quot;stat-content&quot;
          &gt;
            &lt;div
              class=&quot;stat-value&quot;
            &gt;
              1.25
              x
            &lt;/div&gt;
            &lt;div
              class=&quot;stat-label&quot;
            &gt;
              Ortalama Hız
            &lt;/div&gt;
          &lt;/div&gt;
        &lt;/div&gt;
        &lt;div
          class=&quot;stat-card&quot;
        &gt;
          &lt;div
            class=&quot;stat-icon&quot;
          &gt;
            🎯
          &lt;/div&gt;
          &lt;div
            class=&quot;stat-content&quot;
          &gt;
            &lt;div
              class=&quot;stat-value&quot;
            &gt;
              80
              %
            &lt;/div&gt;
            &lt;div
              class=&quot;stat-label&quot;
            &gt;
              Tamamlama Oranı
            &lt;/div&gt;
          &lt;/div&gt;
        &lt;/div&gt;
      &lt;/div&gt;
      &lt;div
        class=&quot;breakdown-section&quot;
      &gt;
        &lt;h3&gt;
          Kaynak Dağılımı
        &lt;/h3&gt;
        &lt;div
          class=&quot;breakdown-grid&quot;
        &gt;
          &lt;div
            class=&quot;breakdown-item&quot;
          &gt;
            &lt;div
              class=&quot;breakdown-label&quot;
            &gt;
              YouTube
            &lt;/div&gt;
            &lt;div
              class=&quot;breakdown-bar&quot;
            &gt;
              &lt;div
                class=&quot;breakdown-bar-fill&quot;
                style=&quot;width: 50%; background: rgb(255, 0, 0);&quot;
              /&gt;
            &lt;/div&gt;
            &lt;div
              class=&quot;breakdown-value&quot;
            &gt;
              5
               video
            &lt;/div&gt;
          &lt;/div&gt;
          &lt;div
            class=&quot;breakdown-item&quot;
          &gt;
            &lt;div
              class=&quot;breakdown-label&quot;
            &gt;
              EBA TV
            &lt;/div&gt;
            &lt;div
              class=&quot;breakdown-bar&quot;
            &gt;
              &lt;div
                class=&quot;breakdown-bar-fill&quot;
                style=&quot;width: 30%; background: rgb(16, 185, 129);&quot;
              /&gt;
            &lt;/div&gt;
            &lt;div
              class=&quot;breakdown-value&quot;
            &gt;
              3
               video
            &lt;/div&gt;
          &lt;/div&gt;
          &lt;div
            class=&quot;breakdown-item&quot;
          &gt;
            &lt;div
              class=&quot;breakdown-label&quot;
            &gt;
              Khan Academy
            &lt;/div&gt;
            &lt;div
              class=&quot;breakdown-bar&quot;
            &gt;
              &lt;div
                class=&quot;breakdown-bar-fill&quot;
                style=&quot;width: 20%; background: rgb(20, 184, 166);&quot;
              /&gt;
            &lt;/div&gt;
            &lt;div
              class=&quot;breakdown-value&quot;
            &gt;
              2
               video
            &lt;/div&gt;
          &lt;/div&gt;
        &lt;/div&gt;
      &lt;/div&gt;
      &lt;div
        class=&quot;breakdown-section&quot;
      &gt;
        &lt;h3&gt;
          Ders Dağılımı
        &lt;/h3&gt;
        &lt;div
          class=&quot;breakdown-grid&quot;
        &gt;
          &lt;div
            class=&quot;breakdown-item&quot;
          &gt;
            &lt;div
              class=&quot;breakdown-label&quot;
            &gt;
              Matematik
            &lt;/div&gt;
            &lt;div
              class=&quot;breakdown-bar&quot;
            &gt;
              &lt;div
                class=&quot;breakdown-bar-fill&quot;
                style=&quot;width: 40%;&quot;
              /&gt;
            &lt;/div&gt;
            &lt;div
              class=&quot;breakdown-value&quot;
            &gt;
              4
               video
            &lt;/div&gt;
          &lt;/div&gt;
          &lt;div
            class=&quot;breakdown-item&quot;
          &gt;
            &lt;div
              class=&quot;breakdown-label&quot;
            &gt;
              Fizik
            &lt;/div&gt;
            &lt;div
              class=&quot;breakdown-bar&quot;
            &gt;
              &lt;div
                class=&quot;breakdown-bar-fill&quot;
                style=&quot;width: 30%;&quot;
              /&gt;
            &lt;/div&gt;
            &lt;div
              class=&quot;breakdown-value&quot;
            &gt;
              3
               video
            &lt;/div&gt;
          &lt;/div&gt;
          &lt;div
            class=&quot;breakdown-item&quot;
          &gt;
            &lt;div
              class=&quot;breakdown-label&quot;
            &gt;
              Kimya
            &lt;/div&gt;
            &lt;div
              class=&quot;breakdown-bar&quot;
            &gt;
              &lt;div
                class=&quot;breakdown-bar-fill&quot;
                style=&quot;width: 30%;&quot;
              /&gt;
            &lt;/div&gt;
            &lt;div
              class=&quot;breakdown-value&quot;
            &gt;
              3
               video
            &lt;/div&gt;
          &lt;/div&gt;
        &lt;/div&gt;
      &lt;/div&gt;
      &lt;div
        class=&quot;insights-section&quot;
      &gt;
        &lt;h3&gt;
          İçgörüler
        &lt;/h3&gt;
        &lt;div
          class=&quot;insights-grid&quot;
        &gt;
          &lt;div
            class=&quot;insight-card success&quot;
          &gt;
            &lt;div
              class=&quot;insight-icon&quot;
            &gt;
              🎉
            &lt;/div&gt;
            &lt;div
              class=&quot;insight-text&quot;
            &gt;
              Harika! Videoları %
              86
               oranında tamamlıyorsunuz.
            &lt;/div&gt;
          &lt;/div&gt;
          &lt;div
            class=&quot;insight-card success&quot;
          &gt;
            &lt;div
              class=&quot;insight-icon&quot;
            &gt;
              📝
            &lt;/div&gt;
            &lt;div
              class=&quot;insight-text&quot;
            &gt;
              15
               not aldınız. Aktif öğrenme!
            &lt;/div&gt;
          &lt;/div&gt;
        &lt;/div&gt;
      &lt;/div&gt;
    &lt;/div&gt;
  &lt;/div&gt;
&lt;/body&gt;

Ignored nodes: comments, script, style
&lt;html&gt;
  &lt;head /&gt;
  &lt;body&gt;
    &lt;div&gt;
      &lt;div
        class=&quot;video-analytics-dashboard&quot;
      &gt;
        &lt;div
          class=&quot;dashboard-header&quot;
        &gt;
          &lt;h2&gt;
            Video İzleme Analitikleri
          &lt;/h2&gt;
          &lt;div
            class=&quot;date-selector&quot;
          &gt;
            &lt;label
              for=&quot;analytics-date&quot;
            &gt;
              Tarih:
            &lt;/label&gt;
            &lt;input
              aria-label=&quot;Select date for analytics&quot;
              id=&quot;analytics-date&quot;
              max=&quot;2025-11-14&quot;
              type=&quot;date&quot;
              value=&quot;2025-11-14&quot;
            /&gt;
          &lt;/div&gt;
        &lt;/div&gt;
        &lt;div
          class=&quot;stats-grid&quot;
        &gt;
          &lt;div
            class=&quot;stat-card&quot;
          &gt;
            &lt;div
              class=&quot;stat-icon&quot;
            &gt;
              📹
            &lt;/div&gt;
            &lt;div
              class=&quot;stat-content&quot;
            &gt;
              &lt;div
                class=&quot;stat-value&quot;
              &gt;
                10
              &lt;/div&gt;
              &lt;div
                class=&quot;stat-label&quot;
              &gt;
                İzlenen Video
              &lt;/div&gt;
            &lt;/div&gt;
          &lt;/div&gt;
          &lt;div
            class=&quot;stat-card&quot;
          &gt;
            &lt;div
              class=&quot;stat-icon&quot;
            &gt;
              ⏱️
            &lt;/div&gt;
            &lt;div
              class=&quot;stat-content&quot;
            &gt;
              &lt;div
                class=&quot;stat-value&quot;
              &gt;
                2s 0dk
              &lt;/div&gt;
              &lt;div
                class=&quot;stat-label&quot;
              &gt;
                Toplam İzleme Süresi
              &lt;/div&gt;
            &lt;/div&gt;
          &lt;/div&gt;
          &lt;div
            class=&quot;stat-card&quot;
          &gt;
            &lt;div
              class=&quot;stat-icon&quot;
            &gt;
              ✅
            &lt;/div&gt;
            &lt;div
              class=&quot;stat-content&quot;
            &gt;
              &lt;div
                class=&quot;stat-value&quot;
              &gt;
                8
              &lt;/div&gt;
              &lt;div
                class=&quot;stat-label&quot;
              &gt;
                Tamamlanan Video
              &lt;/div&gt;
            &lt;/div&gt;
          &lt;/div&gt;
          &lt;div
            class=&quot;stat-card&quot;
          &gt;
            &lt;div
              class=&quot;stat-icon&quot;
            &gt;
              📈
            &lt;/div&gt;
            &lt;div
              class=&quot;stat-content&quot;
            &gt;
              &lt;div
                class=&quot;stat-value&quot;
                style=&quot;color: rgb(16, 185, 129);&quot;
              &gt;
                85.5
                %
              &lt;/div&gt;
              &lt;div
                class=&quot;stat-label&quot;
              &gt;
                Ortalama Tamamlama
              &lt;/div&gt;
            &lt;/div&gt;
          &lt;/div&gt;
          &lt;div
            class=&quot;stat-card&quot;
          &gt;
            &lt;div
              class=&quot;stat-icon&quot;
            &gt;
              📝
            &lt;/div&gt;
            &lt;div
              class=&quot;stat-content&quot;
            &gt;
              &lt;div
                class=&quot;stat-value&quot;
              &gt;
                15
              &lt;/div&gt;
              &lt;div
                class=&quot;stat-label&quot;
              &gt;
                Not Alındı
              &lt;/div&gt;
            &lt;/div&gt;
          &lt;/div&gt;
          &lt;div
            class=&quot;stat-card&quot;
          &gt;
            &lt;div
              class=&quot;stat-icon&quot;
            &gt;
              🔖
            &lt;/div&gt;
            &lt;div
              class=&quot;stat-content&quot;
            &gt;
              &lt;div
                class=&quot;stat-value&quot;
              &gt;
                5
              &lt;/div&gt;
              &lt;div
                class=&quot;stat-label&quot;
              &gt;
                Yer İmi Eklendi
              &lt;/div&gt;
            &lt;/div&gt;
          &lt;/div&gt;
          &lt;div
            class=&quot;stat-card&quot;
          &gt;
            &lt;div
              class=&quot;stat-icon&quot;
            &gt;
              ⚡
            &lt;/div&gt;
            &lt;div
              class=&quot;stat-content&quot;
            &gt;
              &lt;div
                class=&quot;stat-value&quot;
              &gt;
                1.25
                x
              &lt;/div&gt;
              &lt;div
                class=&quot;stat-label&quot;
              &gt;
                Ortalama Hız
              &lt;/div&gt;
            &lt;/div&gt;
          &lt;/div&gt;
          &lt;div
            class=&quot;stat-card&quot;
          &gt;
            &lt;div
              class=&quot;stat-icon&quot;
            &gt;
              🎯
            &lt;/div&gt;
            &lt;div
              class=&quot;stat-content&quot;
            &gt;
              &lt;div
                class=&quot;stat-value&quot;
              &gt;
                80
                %
              &lt;/div&gt;
              &lt;div
                class=&quot;stat-label&quot;
              &gt;
                Tamamlama Oranı
              &lt;/div&gt;
            &lt;/div&gt;
          &lt;/div&gt;
        &lt;/div&gt;
        &lt;div
          class=&quot;breakdown-section&quot;
        &gt;
          &lt;h3&gt;
            Kaynak Dağılımı
          &lt;/h3&gt;
          &lt;div
            class=&quot;breakdown-grid&quot;
          &gt;
            &lt;div
              class=&quot;breakdown-item&quot;
            &gt;
              &lt;div
                class=&quot;breakdown-label&quot;
              &gt;
                YouTube
              &lt;/div&gt;
              &lt;div
                class=&quot;breakdown-bar&quot;
              &gt;
                &lt;div
                  class=&quot;breakdown-bar-fill&quot;
                  style=&quot;width: 50%; background: rgb(255, 0, 0);&quot;
                /&gt;
              &lt;/div&gt;
              &lt;div
                class=&quot;breakdown-value&quot;
              &gt;
                5
                 video
              &lt;/div&gt;
            &lt;/div&gt;
            &lt;div
              class=&quot;breakdown-item&quot;
            &gt;
              &lt;div
                class=&quot;breakdown-label&quot;
              &gt;
                EBA TV
              &lt;/div&gt;
              &lt;div
                class=&quot;breakdown-bar&quot;
              &gt;
                &lt;div
                  class=&quot;breakdown-bar-fill&quot;
                  style=&quot;width: 30%; background: rgb(16, 185, 129);&quot;
                /&gt;
              &lt;/div&gt;
              &lt;div
                class=&quot;breakdown-value&quot;
              &gt;
                3
                 video
              &lt;/div&gt;
            &lt;/div&gt;
            &lt;div
              class=&quot;breakdown-item&quot;
            &gt;
              &lt;div
                class=&quot;breakdown-label&quot;
              &gt;
                Khan Academy
              &lt;/div&gt;
              &lt;div
                class=&quot;breakdown-bar&quot;
              &gt;
                &lt;div
                  class=&quot;breakdown-bar-fill&quot;
                  style=&quot;width: 20%; background: rgb(20, 184, 166);&quot;
                /&gt;
              &lt;/div&gt;
              &lt;div
                class=&quot;breakdown-value&quot;
              &gt;
                2
                 video
              &lt;/div&gt;
            &lt;/div&gt;
          &lt;/div&gt;
        &lt;/div&gt;
        &lt;div
          class=&quot;breakdown-section&quot;
        &gt;
          &lt;h3&gt;
            Ders Dağılımı
          &lt;/h3&gt;
          &lt;div
            class=&quot;breakdown-grid&quot;
          &gt;
            &lt;div
              class=&quot;breakdown-item&quot;
            &gt;
              &lt;div
                class=&quot;breakdown-label&quot;
              &gt;
                Matematik
              &lt;/div&gt;
              &lt;div
                class=&quot;breakdown-bar&quot;
              &gt;
                &lt;div
                  class=&quot;breakdown-bar-fill&quot;
                  style=&quot;width: 40%;&quot;
                /&gt;
              &lt;/div&gt;
              &lt;div
                class=&quot;breakdown-value&quot;
              &gt;
                4
                 video
              &lt;/div&gt;
            &lt;/div&gt;
            &lt;div
              class=&quot;breakdown-item&quot;
            &gt;
              &lt;div
                class=&quot;breakdown-label&quot;
              &gt;
                Fizik
              &lt;/div&gt;
              &lt;div
                class=&quot;breakdown-bar&quot;
              &gt;
                &lt;div
                  class=&quot;breakdown-bar-fill&quot;
                  style=&quot;width: 30%;&quot;
                /&gt;
              &lt;/div&gt;
              &lt;div
                class=&quot;breakdown-value&quot;
              &gt;
                3
                 video
              &lt;/div&gt;
            &lt;/div&gt;
            &lt;div
              class=&quot;breakdown-item&quot;
            &gt;
              &lt;div
                class=&quot;breakdown-label&quot;
              &gt;
                Kimya
              &lt;/div&gt;
              &lt;div
                class=&quot;breakdown-bar&quot;
              &gt;
                &lt;div
                  class=&quot;breakdown-bar-fill&quot;
                  style=&quot;width: 30%;&quot;
                /&gt;
              &lt;/div&gt;
              &lt;div
                class=&quot;breakdown-value&quot;
              &gt;
                3
                 video
              &lt;/div&gt;
            &lt;/div&gt;
          &lt;/div&gt;
        &lt;/div&gt;
        &lt;div
          class=&quot;insights-section&quot;
        &gt;
          &lt;h3&gt;
            İçgörüler
          &lt;/h3&gt;
          &lt;div
            class=&quot;insights-grid&quot;
          &gt;
            &lt;div
              class=&quot;insight-card success&quot;
            &gt;
              &lt;div
                class=&quot;insight-icon&quot;
              &gt;
                🎉
              &lt;/div&gt;
              &lt;div
                class=&quot;insight-text&quot;
              &gt;
                Harika! Videoları %
                86
                 oranında tamamlıyorsunuz.
              &lt;/div&gt;
            &lt;/div&gt;
            &lt;div
              class=&quot;insight-card success&quot;
            &gt;
              &lt;div
                class=&quot;insight-icon&quot;
              &gt;
                📝
              &lt;/div&gt;
              &lt;div
                class=&quot;insight-text&quot;
              &gt;
                15
                 not aldınız. Aktif öğrenme!
              &lt;/div&gt;
            &lt;/div&gt;
          &lt;/div&gt;
        &lt;/div&gt;
      &lt;/div&gt;
    &lt;/div&gt;
  &lt;/body&gt;
&lt;/html&gt;
 ❯ waitForWrapper node_modules/@testing-library/react/node_modules/@testing-library/dom/dist/wait-for.js:163:27
 ❯ src/components/VideoAnalytics/__tests__/VideoAnalyticsDashboard.test.tsx:292:11
            </failure>
        </testcase>
        <testcase classname="src/components/VideoAnalytics/__tests__/VideoAnalyticsDashboard.test.tsx" name="VideoAnalyticsDashboard - Duration Formatting &gt; formats hours and minutes" time="1.0175808">
            <system-err>
Error: Uncaught [TypeError: Cannot read properties of undefined (reading &apos;toFixed&apos;)]
    at reportException (C:\Users\husey\kiro2\frontend\node_modules\jsdom\lib\jsdom\living\helpers\runtime-script-errors.js:66:24)
    at innerInvokeEventListeners (C:\Users\husey\kiro2\frontend\node_modules\jsdom\lib\jsdom\living\events\EventTarget-impl.js:353:9)
    at invokeEventListeners (C:\Users\husey\kiro2\frontend\node_modules\jsdom\lib\jsdom\living\events\EventTarget-impl.js:286:3)
    at HTMLUnknownElementImpl._dispatch (C:\Users\husey\kiro2\frontend\node_modules\jsdom\lib\jsdom\living\events\EventTarget-impl.js:233:9)
    at HTMLUnknownElementImpl.dispatchEvent (C:\Users\husey\kiro2\frontend\node_modules\jsdom\lib\jsdom\living\events\EventTarget-impl.js:104:17)
    at HTMLUnknownElement.dispatchEvent (C:\Users\husey\kiro2\frontend\node_modules\jsdom\lib\jsdom\living\generated\EventTarget.js:241:34)
    at Object.invokeGuardedCallbackDev (C:\Users\husey\kiro2\frontend\node_modules\react-dom\cjs\react-dom.development.js:4213:16)
    at invokeGuardedCallback (C:\Users\husey\kiro2\frontend\node_modules\react-dom\cjs\react-dom.development.js:4277:31)
    at beginWork$1 (C:\Users\husey\kiro2\frontend\node_modules\react-dom\cjs\react-dom.development.js:27490:7)
    at performUnitOfWork (C:\Users\husey\kiro2\frontend\node_modules\react-dom\cjs\react-dom.development.js:26599:12) TypeError: Cannot read properties of undefined (reading &apos;toFixed&apos;)
    at VideoAnalyticsDashboard [90m(C:\Users\husey\kiro2\frontend\[39msrc\components\VideoAnalytics\VideoAnalyticsDashboard.tsx:153:50[90m)[39m
    at renderWithHooks [90m(C:\Users\husey\kiro2\frontend\[39mnode_modules\[4mreact-dom[24m\cjs\react-dom.development.js:15486:18[90m)[39m
    at updateFunctionComponent [90m(C:\Users\husey\kiro2\frontend\[39mnode_modules\[4mreact-dom[24m\cjs\react-dom.development.js:19617:20[90m)[39m
    at beginWork [90m(C:\Users\husey\kiro2\frontend\[39mnode_modules\[4mreact-dom[24m\cjs\react-dom.development.js:21640:16[90m)[39m
    at HTMLUnknownElement.callCallback [90m(C:\Users\husey\kiro2\frontend\[39mnode_modules\[4mreact-dom[24m\cjs\react-dom.development.js:4164:14[90m)[39m
    at HTMLUnknownElement.callTheUserObjectsOperation [90m(C:\Users\husey\kiro2\frontend\[39mnode_modules\[4mjsdom[24m\lib\jsdom\living\generated\EventListener.js:26:30[90m)[39m
    at innerInvokeEventListeners [90m(C:\Users\husey\kiro2\frontend\[39mnode_modules\[4mjsdom[24m\lib\jsdom\living\events\EventTarget-impl.js:350:25[90m)[39m
    at invokeEventListeners [90m(C:\Users\husey\kiro2\frontend\[39mnode_modules\[4mjsdom[24m\lib\jsdom\living\events\EventTarget-impl.js:286:3[90m)[39m
    at HTMLUnknownElementImpl._dispatch [90m(C:\Users\husey\kiro2\frontend\[39mnode_modules\[4mjsdom[24m\lib\jsdom\living\events\EventTarget-impl.js:233:9[90m)[39m
    at HTMLUnknownElementImpl.dispatchEvent [90m(C:\Users\husey\kiro2\frontend\[39mnode_modules\[4mjsdom[24m\lib\jsdom\living\events\EventTarget-impl.js:104:17[90m)[39m
Error: Uncaught [TypeError: Cannot read properties of undefined (reading &apos;toFixed&apos;)]
    at reportException (C:\Users\husey\kiro2\frontend\node_modules\jsdom\lib\jsdom\living\helpers\runtime-script-errors.js:66:24)
    at innerInvokeEventListeners (C:\Users\husey\kiro2\frontend\node_modules\jsdom\lib\jsdom\living\events\EventTarget-impl.js:353:9)
    at invokeEventListeners (C:\Users\husey\kiro2\frontend\node_modules\jsdom\lib\jsdom\living\events\EventTarget-impl.js:286:3)
    at HTMLUnknownElementImpl._dispatch (C:\Users\husey\kiro2\frontend\node_modules\jsdom\lib\jsdom\living\events\EventTarget-impl.js:233:9)
    at HTMLUnknownElementImpl.dispatchEvent (C:\Users\husey\kiro2\frontend\node_modules\jsdom\lib\jsdom\living\events\EventTarget-impl.js:104:17)
    at HTMLUnknownElement.dispatchEvent (C:\Users\husey\kiro2\frontend\node_modules\jsdom\lib\jsdom\living\generated\EventTarget.js:241:34)
    at Object.invokeGuardedCallbackDev (C:\Users\husey\kiro2\frontend\node_modules\react-dom\cjs\react-dom.development.js:4213:16)
    at invokeGuardedCallback (C:\Users\husey\kiro2\frontend\node_modules\react-dom\cjs\react-dom.development.js:4277:31)
    at beginWork$1 (C:\Users\husey\kiro2\frontend\node_modules\react-dom\cjs\react-dom.development.js:27490:7)
    at performUnitOfWork (C:\Users\husey\kiro2\frontend\node_modules\react-dom\cjs\react-dom.development.js:26599:12) TypeError: Cannot read properties of undefined (reading &apos;toFixed&apos;)
    at VideoAnalyticsDashboard [90m(C:\Users\husey\kiro2\frontend\[39msrc\components\VideoAnalytics\VideoAnalyticsDashboard.tsx:153:50[90m)[39m
    at renderWithHooks [90m(C:\Users\husey\kiro2\frontend\[39mnode_modules\[4mreact-dom[24m\cjs\react-dom.development.js:15486:18[90m)[39m
    at updateFunctionComponent [90m(C:\Users\husey\kiro2\frontend\[39mnode_modules\[4mreact-dom[24m\cjs\react-dom.development.js:19617:20[90m)[39m
    at beginWork [90m(C:\Users\husey\kiro2\frontend\[39mnode_modules\[4mreact-dom[24m\cjs\react-dom.development.js:21640:16[90m)[39m
    at HTMLUnknownElement.callCallback [90m(C:\Users\husey\kiro2\frontend\[39mnode_modules\[4mreact-dom[24m\cjs\react-dom.development.js:4164:14[90m)[39m
    at HTMLUnknownElement.callTheUserObjectsOperation [90m(C:\Users\husey\kiro2\frontend\[39mnode_modules\[4mjsdom[24m\lib\jsdom\living\generated\EventListener.js:26:30[90m)[39m
    at innerInvokeEventListeners [90m(C:\Users\husey\kiro2\frontend\[39mnode_modules\[4mjsdom[24m\lib\jsdom\living\events\EventTarget-impl.js:350:25[90m)[39m
    at invokeEventListeners [90m(C:\Users\husey\kiro2\frontend\[39mnode_modules\[4mjsdom[24m\lib\jsdom\living\events\EventTarget-impl.js:286:3[90m)[39m
    at HTMLUnknownElementImpl._dispatch [90m(C:\Users\husey\kiro2\frontend\[39mnode_modules\[4mjsdom[24m\lib\jsdom\living\events\EventTarget-impl.js:233:9[90m)[39m
    at HTMLUnknownElementImpl.dispatchEvent [90m(C:\Users\husey\kiro2\frontend\[39mnode_modules\[4mjsdom[24m\lib\jsdom\living\events\EventTarget-impl.js:104:17[90m)[39m

            </system-err>
            <failure message="Unable to find an element with the text: 1s 1dk. This could be because the text is broken up by multiple elements. In this case, you can provide a function for your text matcher to make your matcher more flexible.

Ignored nodes: comments, script, style
[36m&lt;body&gt;[39m
  [36m&lt;div /&gt;[39m
[36m&lt;/body&gt;[39m

Ignored nodes: comments, script, style
[36m&lt;html&gt;[39m
  [36m&lt;head /&gt;[39m
  [36m&lt;body&gt;[39m
    [36m&lt;div /&gt;[39m
  [36m&lt;/body&gt;[39m
[36m&lt;/html&gt;[39m" type="TestingLibraryElementError">
TestingLibraryElementError: Unable to find an element with the text: 1s 1dk. This could be because the text is broken up by multiple elements. In this case, you can provide a function for your text matcher to make your matcher more flexible.

Ignored nodes: comments, script, style
&lt;body&gt;
  &lt;div /&gt;
&lt;/body&gt;

Ignored nodes: comments, script, style
&lt;html&gt;
  &lt;head /&gt;
  &lt;body&gt;
    &lt;div /&gt;
  &lt;/body&gt;
&lt;/html&gt;
 ❯ waitForWrapper node_modules/@testing-library/react/node_modules/@testing-library/dom/dist/wait-for.js:163:27
 ❯ src/components/VideoAnalytics/__tests__/VideoAnalyticsDashboard.test.tsx:321:11
            </failure>
        </testcase>
        <testcase classname="src/components/VideoAnalytics/__tests__/VideoAnalyticsDashboard.test.tsx" name="VideoAnalyticsDashboard - Duration Formatting &gt; formats minutes only when less than an hour" time="1.010119">
            <system-err>
Error: Uncaught [TypeError: Cannot read properties of undefined (reading &apos;toFixed&apos;)]
    at reportException (C:\Users\husey\kiro2\frontend\node_modules\jsdom\lib\jsdom\living\helpers\runtime-script-errors.js:66:24)
    at innerInvokeEventListeners (C:\Users\husey\kiro2\frontend\node_modules\jsdom\lib\jsdom\living\events\EventTarget-impl.js:353:9)
    at invokeEventListeners (C:\Users\husey\kiro2\frontend\node_modules\jsdom\lib\jsdom\living\events\EventTarget-impl.js:286:3)
    at HTMLUnknownElementImpl._dispatch (C:\Users\husey\kiro2\frontend\node_modules\jsdom\lib\jsdom\living\events\EventTarget-impl.js:233:9)
    at HTMLUnknownElementImpl.dispatchEvent (C:\Users\husey\kiro2\frontend\node_modules\jsdom\lib\jsdom\living\events\EventTarget-impl.js:104:17)
    at HTMLUnknownElement.dispatchEvent (C:\Users\husey\kiro2\frontend\node_modules\jsdom\lib\jsdom\living\generated\EventTarget.js:241:34)
    at Object.invokeGuardedCallbackDev (C:\Users\husey\kiro2\frontend\node_modules\react-dom\cjs\react-dom.development.js:4213:16)
    at invokeGuardedCallback (C:\Users\husey\kiro2\frontend\node_modules\react-dom\cjs\react-dom.development.js:4277:31)
    at beginWork$1 (C:\Users\husey\kiro2\frontend\node_modules\react-dom\cjs\react-dom.development.js:27490:7)
    at performUnitOfWork (C:\Users\husey\kiro2\frontend\node_modules\react-dom\cjs\react-dom.development.js:26599:12) TypeError: Cannot read properties of undefined (reading &apos;toFixed&apos;)
    at VideoAnalyticsDashboard [90m(C:\Users\husey\kiro2\frontend\[39msrc\components\VideoAnalytics\VideoAnalyticsDashboard.tsx:153:50[90m)[39m
    at renderWithHooks [90m(C:\Users\husey\kiro2\frontend\[39mnode_modules\[4mreact-dom[24m\cjs\react-dom.development.js:15486:18[90m)[39m
    at updateFunctionComponent [90m(C:\Users\husey\kiro2\frontend\[39mnode_modules\[4mreact-dom[24m\cjs\react-dom.development.js:19617:20[90m)[39m
    at beginWork [90m(C:\Users\husey\kiro2\frontend\[39mnode_modules\[4mreact-dom[24m\cjs\react-dom.development.js:21640:16[90m)[39m
    at HTMLUnknownElement.callCallback [90m(C:\Users\husey\kiro2\frontend\[39mnode_modules\[4mreact-dom[24m\cjs\react-dom.development.js:4164:14[90m)[39m
    at HTMLUnknownElement.callTheUserObjectsOperation [90m(C:\Users\husey\kiro2\frontend\[39mnode_modules\[4mjsdom[24m\lib\jsdom\living\generated\EventListener.js:26:30[90m)[39m
    at innerInvokeEventListeners [90m(C:\Users\husey\kiro2\frontend\[39mnode_modules\[4mjsdom[24m\lib\jsdom\living\events\EventTarget-impl.js:350:25[90m)[39m
    at invokeEventListeners [90m(C:\Users\husey\kiro2\frontend\[39mnode_modules\[4mjsdom[24m\lib\jsdom\living\events\EventTarget-impl.js:286:3[90m)[39m
    at HTMLUnknownElementImpl._dispatch [90m(C:\Users\husey\kiro2\frontend\[39mnode_modules\[4mjsdom[24m\lib\jsdom\living\events\EventTarget-impl.js:233:9[90m)[39m
    at HTMLUnknownElementImpl.dispatchEvent [90m(C:\Users\husey\kiro2\frontend\[39mnode_modules\[4mjsdom[24m\lib\jsdom\living\events\EventTarget-impl.js:104:17[90m)[39m
Error: Uncaught [TypeError: Cannot read properties of undefined (reading &apos;toFixed&apos;)]
    at reportException (C:\Users\husey\kiro2\frontend\node_modules\jsdom\lib\jsdom\living\helpers\runtime-script-errors.js:66:24)
    at innerInvokeEventListeners (C:\Users\husey\kiro2\frontend\node_modules\jsdom\lib\jsdom\living\events\EventTarget-impl.js:353:9)
    at invokeEventListeners (C:\Users\husey\kiro2\frontend\node_modules\jsdom\lib\jsdom\living\events\EventTarget-impl.js:286:3)
    at HTMLUnknownElementImpl._dispatch (C:\Users\husey\kiro2\frontend\node_modules\jsdom\lib\jsdom\living\events\EventTarget-impl.js:233:9)
    at HTMLUnknownElementImpl.dispatchEvent (C:\Users\husey\kiro2\frontend\node_modules\jsdom\lib\jsdom\living\events\EventTarget-impl.js:104:17)
    at HTMLUnknownElement.dispatchEvent (C:\Users\husey\kiro2\frontend\node_modules\jsdom\lib\jsdom\living\generated\EventTarget.js:241:34)
    at Object.invokeGuardedCallbackDev (C:\Users\husey\kiro2\frontend\node_modules\react-dom\cjs\react-dom.development.js:4213:16)
    at invokeGuardedCallback (C:\Users\husey\kiro2\frontend\node_modules\react-dom\cjs\react-dom.development.js:4277:31)
    at beginWork$1 (C:\Users\husey\kiro2\frontend\node_modules\react-dom\cjs\react-dom.development.js:27490:7)
    at performUnitOfWork (C:\Users\husey\kiro2\frontend\node_modules\react-dom\cjs\react-dom.development.js:26599:12) TypeError: Cannot read properties of undefined (reading &apos;toFixed&apos;)
    at VideoAnalyticsDashboard [90m(C:\Users\husey\kiro2\frontend\[39msrc\components\VideoAnalytics\VideoAnalyticsDashboard.tsx:153:50[90m)[39m
    at renderWithHooks [90m(C:\Users\husey\kiro2\frontend\[39mnode_modules\[4mreact-dom[24m\cjs\react-dom.development.js:15486:18[90m)[39m
    at updateFunctionComponent [90m(C:\Users\husey\kiro2\frontend\[39mnode_modules\[4mreact-dom[24m\cjs\react-dom.development.js:19617:20[90m)[39m
    at beginWork [90m(C:\Users\husey\kiro2\frontend\[39mnode_modules\[4mreact-dom[24m\cjs\react-dom.development.js:21640:16[90m)[39m
    at HTMLUnknownElement.callCallback [90m(C:\Users\husey\kiro2\frontend\[39mnode_modules\[4mreact-dom[24m\cjs\react-dom.development.js:4164:14[90m)[39m
    at HTMLUnknownElement.callTheUserObjectsOperation [90m(C:\Users\husey\kiro2\frontend\[39mnode_modules\[4mjsdom[24m\lib\jsdom\living\generated\EventListener.js:26:30[90m)[39m
    at innerInvokeEventListeners [90m(C:\Users\husey\kiro2\frontend\[39mnode_modules\[4mjsdom[24m\lib\jsdom\living\events\EventTarget-impl.js:350:25[90m)[39m
    at invokeEventListeners [90m(C:\Users\husey\kiro2\frontend\[39mnode_modules\[4mjsdom[24m\lib\jsdom\living\events\EventTarget-impl.js:286:3[90m)[39m
    at HTMLUnknownElementImpl._dispatch [90m(C:\Users\husey\kiro2\frontend\[39mnode_modules\[4mjsdom[24m\lib\jsdom\living\events\EventTarget-impl.js:233:9[90m)[39m
    at HTMLUnknownElementImpl.dispatchEvent [90m(C:\Users\husey\kiro2\frontend\[39mnode_modules\[4mjsdom[24m\lib\jsdom\living\events\EventTarget-impl.js:104:17[90m)[39m

            </system-err>
            <failure message="Unable to find an element with the text: 30dk. This could be because the text is broken up by multiple elements. In this case, you can provide a function for your text matcher to make your matcher more flexible.

Ignored nodes: comments, script, style
[36m&lt;body&gt;[39m
  [36m&lt;div /&gt;[39m
[36m&lt;/body&gt;[39m

Ignored nodes: comments, script, style
[36m&lt;html&gt;[39m
  [36m&lt;head /&gt;[39m
  [36m&lt;body&gt;[39m
    [36m&lt;div /&gt;[39m
  [36m&lt;/body&gt;[39m
[36m&lt;/html&gt;[39m" type="TestingLibraryElementError">
TestingLibraryElementError: Unable to find an element with the text: 30dk. This could be because the text is broken up by multiple elements. In this case, you can provide a function for your text matcher to make your matcher more flexible.

Ignored nodes: comments, script, style
&lt;body&gt;
  &lt;div /&gt;
&lt;/body&gt;

Ignored nodes: comments, script, style
&lt;html&gt;
  &lt;head /&gt;
  &lt;body&gt;
    &lt;div /&gt;
  &lt;/body&gt;
&lt;/html&gt;
 ❯ waitForWrapper node_modules/@testing-library/react/node_modules/@testing-library/dom/dist/wait-for.js:163:27
 ❯ src/components/VideoAnalytics/__tests__/VideoAnalyticsDashboard.test.tsx:337:11
            </failure>
        </testcase>
        <testcase classname="src/components/VideoAnalytics/__tests__/VideoAnalyticsDashboard.test.tsx" name="VideoAnalyticsDashboard - Duration Formatting &gt; formats zero minutes correctly" time="1.01362">
            <system-err>
Error: Uncaught [TypeError: Cannot read properties of undefined (reading &apos;toFixed&apos;)]
    at reportException (C:\Users\husey\kiro2\frontend\node_modules\jsdom\lib\jsdom\living\helpers\runtime-script-errors.js:66:24)
    at innerInvokeEventListeners (C:\Users\husey\kiro2\frontend\node_modules\jsdom\lib\jsdom\living\events\EventTarget-impl.js:353:9)
    at invokeEventListeners (C:\Users\husey\kiro2\frontend\node_modules\jsdom\lib\jsdom\living\events\EventTarget-impl.js:286:3)
    at HTMLUnknownElementImpl._dispatch (C:\Users\husey\kiro2\frontend\node_modules\jsdom\lib\jsdom\living\events\EventTarget-impl.js:233:9)
    at HTMLUnknownElementImpl.dispatchEvent (C:\Users\husey\kiro2\frontend\node_modules\jsdom\lib\jsdom\living\events\EventTarget-impl.js:104:17)
    at HTMLUnknownElement.dispatchEvent (C:\Users\husey\kiro2\frontend\node_modules\jsdom\lib\jsdom\living\generated\EventTarget.js:241:34)
    at Object.invokeGuardedCallbackDev (C:\Users\husey\kiro2\frontend\node_modules\react-dom\cjs\react-dom.development.js:4213:16)
    at invokeGuardedCallback (C:\Users\husey\kiro2\frontend\node_modules\react-dom\cjs\react-dom.development.js:4277:31)
    at beginWork$1 (C:\Users\husey\kiro2\frontend\node_modules\react-dom\cjs\react-dom.development.js:27490:7)
    at performUnitOfWork (C:\Users\husey\kiro2\frontend\node_modules\react-dom\cjs\react-dom.development.js:26599:12) TypeError: Cannot read properties of undefined (reading &apos;toFixed&apos;)
    at VideoAnalyticsDashboard [90m(C:\Users\husey\kiro2\frontend\[39msrc\components\VideoAnalytics\VideoAnalyticsDashboard.tsx:153:50[90m)[39m
    at renderWithHooks [90m(C:\Users\husey\kiro2\frontend\[39mnode_modules\[4mreact-dom[24m\cjs\react-dom.development.js:15486:18[90m)[39m
    at updateFunctionComponent [90m(C:\Users\husey\kiro2\frontend\[39mnode_modules\[4mreact-dom[24m\cjs\react-dom.development.js:19617:20[90m)[39m
    at beginWork [90m(C:\Users\husey\kiro2\frontend\[39mnode_modules\[4mreact-dom[24m\cjs\react-dom.development.js:21640:16[90m)[39m
    at HTMLUnknownElement.callCallback [90m(C:\Users\husey\kiro2\frontend\[39mnode_modules\[4mreact-dom[24m\cjs\react-dom.development.js:4164:14[90m)[39m
    at HTMLUnknownElement.callTheUserObjectsOperation [90m(C:\Users\husey\kiro2\frontend\[39mnode_modules\[4mjsdom[24m\lib\jsdom\living\generated\EventListener.js:26:30[90m)[39m
    at innerInvokeEventListeners [90m(C:\Users\husey\kiro2\frontend\[39mnode_modules\[4mjsdom[24m\lib\jsdom\living\events\EventTarget-impl.js:350:25[90m)[39m
    at invokeEventListeners [90m(C:\Users\husey\kiro2\frontend\[39mnode_modules\[4mjsdom[24m\lib\jsdom\living\events\EventTarget-impl.js:286:3[90m)[39m
    at HTMLUnknownElementImpl._dispatch [90m(C:\Users\husey\kiro2\frontend\[39mnode_modules\[4mjsdom[24m\lib\jsdom\living\events\EventTarget-impl.js:233:9[90m)[39m
    at HTMLUnknownElementImpl.dispatchEvent [90m(C:\Users\husey\kiro2\frontend\[39mnode_modules\[4mjsdom[24m\lib\jsdom\living\events\EventTarget-impl.js:104:17[90m)[39m
Error: Uncaught [TypeError: Cannot read properties of undefined (reading &apos;toFixed&apos;)]
    at reportException (C:\Users\husey\kiro2\frontend\node_modules\jsdom\lib\jsdom\living\helpers\runtime-script-errors.js:66:24)
    at innerInvokeEventListeners (C:\Users\husey\kiro2\frontend\node_modules\jsdom\lib\jsdom\living\events\EventTarget-impl.js:353:9)
    at invokeEventListeners (C:\Users\husey\kiro2\frontend\node_modules\jsdom\lib\jsdom\living\events\EventTarget-impl.js:286:3)
    at HTMLUnknownElementImpl._dispatch (C:\Users\husey\kiro2\frontend\node_modules\jsdom\lib\jsdom\living\events\EventTarget-impl.js:233:9)
    at HTMLUnknownElementImpl.dispatchEvent (C:\Users\husey\kiro2\frontend\node_modules\jsdom\lib\jsdom\living\events\EventTarget-impl.js:104:17)
    at HTMLUnknownElement.dispatchEvent (C:\Users\husey\kiro2\frontend\node_modules\jsdom\lib\jsdom\living\generated\EventTarget.js:241:34)
    at Object.invokeGuardedCallbackDev (C:\Users\husey\kiro2\frontend\node_modules\react-dom\cjs\react-dom.development.js:4213:16)
    at invokeGuardedCallback (C:\Users\husey\kiro2\frontend\node_modules\react-dom\cjs\react-dom.development.js:4277:31)
    at beginWork$1 (C:\Users\husey\kiro2\frontend\node_modules\react-dom\cjs\react-dom.development.js:27490:7)
    at performUnitOfWork (C:\Users\husey\kiro2\frontend\node_modules\react-dom\cjs\react-dom.development.js:26599:12) TypeError: Cannot read properties of undefined (reading &apos;toFixed&apos;)
    at VideoAnalyticsDashboard [90m(C:\Users\husey\kiro2\frontend\[39msrc\components\VideoAnalytics\VideoAnalyticsDashboard.tsx:153:50[90m)[39m
    at renderWithHooks [90m(C:\Users\husey\kiro2\frontend\[39mnode_modules\[4mreact-dom[24m\cjs\react-dom.development.js:15486:18[90m)[39m
    at updateFunctionComponent [90m(C:\Users\husey\kiro2\frontend\[39mnode_modules\[4mreact-dom[24m\cjs\react-dom.development.js:19617:20[90m)[39m
    at beginWork [90m(C:\Users\husey\kiro2\frontend\[39mnode_modules\[4mreact-dom[24m\cjs\react-dom.development.js:21640:16[90m)[39m
    at HTMLUnknownElement.callCallback [90m(C:\Users\husey\kiro2\frontend\[39mnode_modules\[4mreact-dom[24m\cjs\react-dom.development.js:4164:14[90m)[39m
    at HTMLUnknownElement.callTheUserObjectsOperation [90m(C:\Users\husey\kiro2\frontend\[39mnode_modules\[4mjsdom[24m\lib\jsdom\living\generated\EventListener.js:26:30[90m)[39m
    at innerInvokeEventListeners [90m(C:\Users\husey\kiro2\frontend\[39mnode_modules\[4mjsdom[24m\lib\jsdom\living\events\EventTarget-impl.js:350:25[90m)[39m
    at invokeEventListeners [90m(C:\Users\husey\kiro2\frontend\[39mnode_modules\[4mjsdom[24m\lib\jsdom\living\events\EventTarget-impl.js:286:3[90m)[39m
    at HTMLUnknownElementImpl._dispatch [90m(C:\Users\husey\kiro2\frontend\[39mnode_modules\[4mjsdom[24m\lib\jsdom\living\events\EventTarget-impl.js:233:9[90m)[39m
    at HTMLUnknownElementImpl.dispatchEvent [90m(C:\Users\husey\kiro2\frontend\[39mnode_modules\[4mjsdom[24m\lib\jsdom\living\events\EventTarget-impl.js:104:17[90m)[39m

            </system-err>
            <failure message="Unable to find an element with the text: 0dk. This could be because the text is broken up by multiple elements. In this case, you can provide a function for your text matcher to make your matcher more flexible.

Ignored nodes: comments, script, style
[36m&lt;body&gt;[39m
  [36m&lt;div /&gt;[39m
[36m&lt;/body&gt;[39m

Ignored nodes: comments, script, style
[36m&lt;html&gt;[39m
  [36m&lt;head /&gt;[39m
  [36m&lt;body&gt;[39m
    [36m&lt;div /&gt;[39m
  [36m&lt;/body&gt;[39m
[36m&lt;/html&gt;[39m" type="TestingLibraryElementError">
TestingLibraryElementError: Unable to find an element with the text: 0dk. This could be because the text is broken up by multiple elements. In this case, you can provide a function for your text matcher to make your matcher more flexible.

Ignored nodes: comments, script, style
&lt;body&gt;
  &lt;div /&gt;
&lt;/body&gt;

Ignored nodes: comments, script, style
&lt;html&gt;
  &lt;head /&gt;
  &lt;body&gt;
    &lt;div /&gt;
  &lt;/body&gt;
&lt;/html&gt;
 ❯ waitForWrapper node_modules/@testing-library/react/node_modules/@testing-library/dom/dist/wait-for.js:163:27
 ❯ src/components/VideoAnalytics/__tests__/VideoAnalyticsDashboard.test.tsx:353:11
            </failure>
        </testcase>
        <testcase classname="src/components/VideoAnalytics/__tests__/VideoAnalyticsDashboard.test.tsx" name="VideoAnalyticsDashboard - Completion Color Coding &gt; shows green for high completion rate (&gt;=80%)" time="1.0166774">
            <system-err>
Error: Uncaught [TypeError: Cannot read properties of undefined (reading &apos;toFixed&apos;)]
    at reportException (C:\Users\husey\kiro2\frontend\node_modules\jsdom\lib\jsdom\living\helpers\runtime-script-errors.js:66:24)
    at innerInvokeEventListeners (C:\Users\husey\kiro2\frontend\node_modules\jsdom\lib\jsdom\living\events\EventTarget-impl.js:353:9)
    at invokeEventListeners (C:\Users\husey\kiro2\frontend\node_modules\jsdom\lib\jsdom\living\events\EventTarget-impl.js:286:3)
    at HTMLUnknownElementImpl._dispatch (C:\Users\husey\kiro2\frontend\node_modules\jsdom\lib\jsdom\living\events\EventTarget-impl.js:233:9)
    at HTMLUnknownElementImpl.dispatchEvent (C:\Users\husey\kiro2\frontend\node_modules\jsdom\lib\jsdom\living\events\EventTarget-impl.js:104:17)
    at HTMLUnknownElement.dispatchEvent (C:\Users\husey\kiro2\frontend\node_modules\jsdom\lib\jsdom\living\generated\EventTarget.js:241:34)
    at Object.invokeGuardedCallbackDev (C:\Users\husey\kiro2\frontend\node_modules\react-dom\cjs\react-dom.development.js:4213:16)
    at invokeGuardedCallback (C:\Users\husey\kiro2\frontend\node_modules\react-dom\cjs\react-dom.development.js:4277:31)
    at beginWork$1 (C:\Users\husey\kiro2\frontend\node_modules\react-dom\cjs\react-dom.development.js:27490:7)
    at performUnitOfWork (C:\Users\husey\kiro2\frontend\node_modules\react-dom\cjs\react-dom.development.js:26599:12) TypeError: Cannot read properties of undefined (reading &apos;toFixed&apos;)
    at VideoAnalyticsDashboard [90m(C:\Users\husey\kiro2\frontend\[39msrc\components\VideoAnalytics\VideoAnalyticsDashboard.tsx:179:49[90m)[39m
    at renderWithHooks [90m(C:\Users\husey\kiro2\frontend\[39mnode_modules\[4mreact-dom[24m\cjs\react-dom.development.js:15486:18[90m)[39m
    at updateFunctionComponent [90m(C:\Users\husey\kiro2\frontend\[39mnode_modules\[4mreact-dom[24m\cjs\react-dom.development.js:19617:20[90m)[39m
    at beginWork [90m(C:\Users\husey\kiro2\frontend\[39mnode_modules\[4mreact-dom[24m\cjs\react-dom.development.js:21640:16[90m)[39m
    at HTMLUnknownElement.callCallback [90m(C:\Users\husey\kiro2\frontend\[39mnode_modules\[4mreact-dom[24m\cjs\react-dom.development.js:4164:14[90m)[39m
    at HTMLUnknownElement.callTheUserObjectsOperation [90m(C:\Users\husey\kiro2\frontend\[39mnode_modules\[4mjsdom[24m\lib\jsdom\living\generated\EventListener.js:26:30[90m)[39m
    at innerInvokeEventListeners [90m(C:\Users\husey\kiro2\frontend\[39mnode_modules\[4mjsdom[24m\lib\jsdom\living\events\EventTarget-impl.js:350:25[90m)[39m
    at invokeEventListeners [90m(C:\Users\husey\kiro2\frontend\[39mnode_modules\[4mjsdom[24m\lib\jsdom\living\events\EventTarget-impl.js:286:3[90m)[39m
    at HTMLUnknownElementImpl._dispatch [90m(C:\Users\husey\kiro2\frontend\[39mnode_modules\[4mjsdom[24m\lib\jsdom\living\events\EventTarget-impl.js:233:9[90m)[39m
    at HTMLUnknownElementImpl.dispatchEvent [90m(C:\Users\husey\kiro2\frontend\[39mnode_modules\[4mjsdom[24m\lib\jsdom\living\events\EventTarget-impl.js:104:17[90m)[39m
Error: Uncaught [TypeError: Cannot read properties of undefined (reading &apos;toFixed&apos;)]
    at reportException (C:\Users\husey\kiro2\frontend\node_modules\jsdom\lib\jsdom\living\helpers\runtime-script-errors.js:66:24)
    at innerInvokeEventListeners (C:\Users\husey\kiro2\frontend\node_modules\jsdom\lib\jsdom\living\events\EventTarget-impl.js:353:9)
    at invokeEventListeners (C:\Users\husey\kiro2\frontend\node_modules\jsdom\lib\jsdom\living\events\EventTarget-impl.js:286:3)
    at HTMLUnknownElementImpl._dispatch (C:\Users\husey\kiro2\frontend\node_modules\jsdom\lib\jsdom\living\events\EventTarget-impl.js:233:9)
    at HTMLUnknownElementImpl.dispatchEvent (C:\Users\husey\kiro2\frontend\node_modules\jsdom\lib\jsdom\living\events\EventTarget-impl.js:104:17)
    at HTMLUnknownElement.dispatchEvent (C:\Users\husey\kiro2\frontend\node_modules\jsdom\lib\jsdom\living\generated\EventTarget.js:241:34)
    at Object.invokeGuardedCallbackDev (C:\Users\husey\kiro2\frontend\node_modules\react-dom\cjs\react-dom.development.js:4213:16)
    at invokeGuardedCallback (C:\Users\husey\kiro2\frontend\node_modules\react-dom\cjs\react-dom.development.js:4277:31)
    at beginWork$1 (C:\Users\husey\kiro2\frontend\node_modules\react-dom\cjs\react-dom.development.js:27490:7)
    at performUnitOfWork (C:\Users\husey\kiro2\frontend\node_modules\react-dom\cjs\react-dom.development.js:26599:12) TypeError: Cannot read properties of undefined (reading &apos;toFixed&apos;)
    at VideoAnalyticsDashboard [90m(C:\Users\husey\kiro2\frontend\[39msrc\components\VideoAnalytics\VideoAnalyticsDashboard.tsx:179:49[90m)[39m
    at renderWithHooks [90m(C:\Users\husey\kiro2\frontend\[39mnode_modules\[4mreact-dom[24m\cjs\react-dom.development.js:15486:18[90m)[39m
    at updateFunctionComponent [90m(C:\Users\husey\kiro2\frontend\[39mnode_modules\[4mreact-dom[24m\cjs\react-dom.development.js:19617:20[90m)[39m
    at beginWork [90m(C:\Users\husey\kiro2\frontend\[39mnode_modules\[4mreact-dom[24m\cjs\react-dom.development.js:21640:16[90m)[39m
    at HTMLUnknownElement.callCallback [90m(C:\Users\husey\kiro2\frontend\[39mnode_modules\[4mreact-dom[24m\cjs\react-dom.development.js:4164:14[90m)[39m
    at HTMLUnknownElement.callTheUserObjectsOperation [90m(C:\Users\husey\kiro2\frontend\[39mnode_modules\[4mjsdom[24m\lib\jsdom\living\generated\EventListener.js:26:30[90m)[39m
    at innerInvokeEventListeners [90m(C:\Users\husey\kiro2\frontend\[39mnode_modules\[4mjsdom[24m\lib\jsdom\living\events\EventTarget-impl.js:350:25[90m)[39m
    at invokeEventListeners [90m(C:\Users\husey\kiro2\frontend\[39mnode_modules\[4mjsdom[24m\lib\jsdom\living\events\EventTarget-impl.js:286:3[90m)[39m
    at HTMLUnknownElementImpl._dispatch [90m(C:\Users\husey\kiro2\frontend\[39mnode_modules\[4mjsdom[24m\lib\jsdom\living\events\EventTarget-impl.js:233:9[90m)[39m
    at HTMLUnknownElementImpl.dispatchEvent [90m(C:\Users\husey\kiro2\frontend\[39mnode_modules\[4mjsdom[24m\lib\jsdom\living\events\EventTarget-impl.js:104:17[90m)[39m

            </system-err>
            <failure message="Unable to find an element with the text: 85.0%. This could be because the text is broken up by multiple elements. In this case, you can provide a function for your text matcher to make your matcher more flexible.

Ignored nodes: comments, script, style
[36m&lt;body&gt;[39m
  [36m&lt;div /&gt;[39m
[36m&lt;/body&gt;[39m

Ignored nodes: comments, script, style
[36m&lt;html&gt;[39m
  [36m&lt;head /&gt;[39m
  [36m&lt;body&gt;[39m
    [36m&lt;div /&gt;[39m
  [36m&lt;/body&gt;[39m
[36m&lt;/html&gt;[39m" type="TestingLibraryElementError">
TestingLibraryElementError: Unable to find an element with the text: 85.0%. This could be because the text is broken up by multiple elements. In this case, you can provide a function for your text matcher to make your matcher more flexible.

Ignored nodes: comments, script, style
&lt;body&gt;
  &lt;div /&gt;
&lt;/body&gt;

Ignored nodes: comments, script, style
&lt;html&gt;
  &lt;head /&gt;
  &lt;body&gt;
    &lt;div /&gt;
  &lt;/body&gt;
&lt;/html&gt;
 ❯ waitForWrapper node_modules/@testing-library/react/node_modules/@testing-library/dom/dist/wait-for.js:163:27
 ❯ src/components/VideoAnalytics/__tests__/VideoAnalyticsDashboard.test.tsx:374:11
            </failure>
        </testcase>
        <testcase classname="src/components/VideoAnalytics/__tests__/VideoAnalyticsDashboard.test.tsx" name="VideoAnalyticsDashboard - Completion Color Coding &gt; shows yellow for medium completion rate (60-79%)" time="1.0085898">
            <system-err>
Error: Uncaught [TypeError: Cannot read properties of undefined (reading &apos;toFixed&apos;)]
    at reportException (C:\Users\husey\kiro2\frontend\node_modules\jsdom\lib\jsdom\living\helpers\runtime-script-errors.js:66:24)
    at innerInvokeEventListeners (C:\Users\husey\kiro2\frontend\node_modules\jsdom\lib\jsdom\living\events\EventTarget-impl.js:353:9)
    at invokeEventListeners (C:\Users\husey\kiro2\frontend\node_modules\jsdom\lib\jsdom\living\events\EventTarget-impl.js:286:3)
    at HTMLUnknownElementImpl._dispatch (C:\Users\husey\kiro2\frontend\node_modules\jsdom\lib\jsdom\living\events\EventTarget-impl.js:233:9)
    at HTMLUnknownElementImpl.dispatchEvent (C:\Users\husey\kiro2\frontend\node_modules\jsdom\lib\jsdom\living\events\EventTarget-impl.js:104:17)
    at HTMLUnknownElement.dispatchEvent (C:\Users\husey\kiro2\frontend\node_modules\jsdom\lib\jsdom\living\generated\EventTarget.js:241:34)
    at Object.invokeGuardedCallbackDev (C:\Users\husey\kiro2\frontend\node_modules\react-dom\cjs\react-dom.development.js:4213:16)
    at invokeGuardedCallback (C:\Users\husey\kiro2\frontend\node_modules\react-dom\cjs\react-dom.development.js:4277:31)
    at beginWork$1 (C:\Users\husey\kiro2\frontend\node_modules\react-dom\cjs\react-dom.development.js:27490:7)
    at performUnitOfWork (C:\Users\husey\kiro2\frontend\node_modules\react-dom\cjs\react-dom.development.js:26599:12) TypeError: Cannot read properties of undefined (reading &apos;toFixed&apos;)
    at VideoAnalyticsDashboard [90m(C:\Users\husey\kiro2\frontend\[39msrc\components\VideoAnalytics\VideoAnalyticsDashboard.tsx:179:49[90m)[39m
    at renderWithHooks [90m(C:\Users\husey\kiro2\frontend\[39mnode_modules\[4mreact-dom[24m\cjs\react-dom.development.js:15486:18[90m)[39m
    at updateFunctionComponent [90m(C:\Users\husey\kiro2\frontend\[39mnode_modules\[4mreact-dom[24m\cjs\react-dom.development.js:19617:20[90m)[39m
    at beginWork [90m(C:\Users\husey\kiro2\frontend\[39mnode_modules\[4mreact-dom[24m\cjs\react-dom.development.js:21640:16[90m)[39m
    at HTMLUnknownElement.callCallback [90m(C:\Users\husey\kiro2\frontend\[39mnode_modules\[4mreact-dom[24m\cjs\react-dom.development.js:4164:14[90m)[39m
    at HTMLUnknownElement.callTheUserObjectsOperation [90m(C:\Users\husey\kiro2\frontend\[39mnode_modules\[4mjsdom[24m\lib\jsdom\living\generated\EventListener.js:26:30[90m)[39m
    at innerInvokeEventListeners [90m(C:\Users\husey\kiro2\frontend\[39mnode_modules\[4mjsdom[24m\lib\jsdom\living\events\EventTarget-impl.js:350:25[90m)[39m
    at invokeEventListeners [90m(C:\Users\husey\kiro2\frontend\[39mnode_modules\[4mjsdom[24m\lib\jsdom\living\events\EventTarget-impl.js:286:3[90m)[39m
    at HTMLUnknownElementImpl._dispatch [90m(C:\Users\husey\kiro2\frontend\[39mnode_modules\[4mjsdom[24m\lib\jsdom\living\events\EventTarget-impl.js:233:9[90m)[39m
    at HTMLUnknownElementImpl.dispatchEvent [90m(C:\Users\husey\kiro2\frontend\[39mnode_modules\[4mjsdom[24m\lib\jsdom\living\events\EventTarget-impl.js:104:17[90m)[39m
Error: Uncaught [TypeError: Cannot read properties of undefined (reading &apos;toFixed&apos;)]
    at reportException (C:\Users\husey\kiro2\frontend\node_modules\jsdom\lib\jsdom\living\helpers\runtime-script-errors.js:66:24)
    at innerInvokeEventListeners (C:\Users\husey\kiro2\frontend\node_modules\jsdom\lib\jsdom\living\events\EventTarget-impl.js:353:9)
    at invokeEventListeners (C:\Users\husey\kiro2\frontend\node_modules\jsdom\lib\jsdom\living\events\EventTarget-impl.js:286:3)
    at HTMLUnknownElementImpl._dispatch (C:\Users\husey\kiro2\frontend\node_modules\jsdom\lib\jsdom\living\events\EventTarget-impl.js:233:9)
    at HTMLUnknownElementImpl.dispatchEvent (C:\Users\husey\kiro2\frontend\node_modules\jsdom\lib\jsdom\living\events\EventTarget-impl.js:104:17)
    at HTMLUnknownElement.dispatchEvent (C:\Users\husey\kiro2\frontend\node_modules\jsdom\lib\jsdom\living\generated\EventTarget.js:241:34)
    at Object.invokeGuardedCallbackDev (C:\Users\husey\kiro2\frontend\node_modules\react-dom\cjs\react-dom.development.js:4213:16)
    at invokeGuardedCallback (C:\Users\husey\kiro2\frontend\node_modules\react-dom\cjs\react-dom.development.js:4277:31)
    at beginWork$1 (C:\Users\husey\kiro2\frontend\node_modules\react-dom\cjs\react-dom.development.js:27490:7)
    at performUnitOfWork (C:\Users\husey\kiro2\frontend\node_modules\react-dom\cjs\react-dom.development.js:26599:12) TypeError: Cannot read properties of undefined (reading &apos;toFixed&apos;)
    at VideoAnalyticsDashboard [90m(C:\Users\husey\kiro2\frontend\[39msrc\components\VideoAnalytics\VideoAnalyticsDashboard.tsx:179:49[90m)[39m
    at renderWithHooks [90m(C:\Users\husey\kiro2\frontend\[39mnode_modules\[4mreact-dom[24m\cjs\react-dom.development.js:15486:18[90m)[39m
    at updateFunctionComponent [90m(C:\Users\husey\kiro2\frontend\[39mnode_modules\[4mreact-dom[24m\cjs\react-dom.development.js:19617:20[90m)[39m
    at beginWork [90m(C:\Users\husey\kiro2\frontend\[39mnode_modules\[4mreact-dom[24m\cjs\react-dom.development.js:21640:16[90m)[39m
    at HTMLUnknownElement.callCallback [90m(C:\Users\husey\kiro2\frontend\[39mnode_modules\[4mreact-dom[24m\cjs\react-dom.development.js:4164:14[90m)[39m
    at HTMLUnknownElement.callTheUserObjectsOperation [90m(C:\Users\husey\kiro2\frontend\[39mnode_modules\[4mjsdom[24m\lib\jsdom\living\generated\EventListener.js:26:30[90m)[39m
    at innerInvokeEventListeners [90m(C:\Users\husey\kiro2\frontend\[39mnode_modules\[4mjsdom[24m\lib\jsdom\living\events\EventTarget-impl.js:350:25[90m)[39m
    at invokeEventListeners [90m(C:\Users\husey\kiro2\frontend\[39mnode_modules\[4mjsdom[24m\lib\jsdom\living\events\EventTarget-impl.js:286:3[90m)[39m
    at HTMLUnknownElementImpl._dispatch [90m(C:\Users\husey\kiro2\frontend\[39mnode_modules\[4mjsdom[24m\lib\jsdom\living\events\EventTarget-impl.js:233:9[90m)[39m
    at HTMLUnknownElementImpl.dispatchEvent [90m(C:\Users\husey\kiro2\frontend\[39mnode_modules\[4mjsdom[24m\lib\jsdom\living\events\EventTarget-impl.js:104:17[90m)[39m

            </system-err>
            <failure message="Unable to find an element with the text: 70.0%. This could be because the text is broken up by multiple elements. In this case, you can provide a function for your text matcher to make your matcher more flexible.

Ignored nodes: comments, script, style
[36m&lt;body&gt;[39m
  [36m&lt;div /&gt;[39m
[36m&lt;/body&gt;[39m

Ignored nodes: comments, script, style
[36m&lt;html&gt;[39m
  [36m&lt;head /&gt;[39m
  [36m&lt;body&gt;[39m
    [36m&lt;div /&gt;[39m
  [36m&lt;/body&gt;[39m
[36m&lt;/html&gt;[39m" type="TestingLibraryElementError">
TestingLibraryElementError: Unable to find an element with the text: 70.0%. This could be because the text is broken up by multiple elements. In this case, you can provide a function for your text matcher to make your matcher more flexible.

Ignored nodes: comments, script, style
&lt;body&gt;
  &lt;div /&gt;
&lt;/body&gt;

Ignored nodes: comments, script, style
&lt;html&gt;
  &lt;head /&gt;
  &lt;body&gt;
    &lt;div /&gt;
  &lt;/body&gt;
&lt;/html&gt;
 ❯ waitForWrapper node_modules/@testing-library/react/node_modules/@testing-library/dom/dist/wait-for.js:163:27
 ❯ src/components/VideoAnalytics/__tests__/VideoAnalyticsDashboard.test.tsx:390:11
            </failure>
        </testcase>
        <testcase classname="src/components/VideoAnalytics/__tests__/VideoAnalyticsDashboard.test.tsx" name="VideoAnalyticsDashboard - Completion Color Coding &gt; shows red for low completion rate (&lt;60%)" time="1.0175671">
            <system-err>
Error: Uncaught [TypeError: Cannot read properties of undefined (reading &apos;toFixed&apos;)]
    at reportException (C:\Users\husey\kiro2\frontend\node_modules\jsdom\lib\jsdom\living\helpers\runtime-script-errors.js:66:24)
    at innerInvokeEventListeners (C:\Users\husey\kiro2\frontend\node_modules\jsdom\lib\jsdom\living\events\EventTarget-impl.js:353:9)
    at invokeEventListeners (C:\Users\husey\kiro2\frontend\node_modules\jsdom\lib\jsdom\living\events\EventTarget-impl.js:286:3)
    at HTMLUnknownElementImpl._dispatch (C:\Users\husey\kiro2\frontend\node_modules\jsdom\lib\jsdom\living\events\EventTarget-impl.js:233:9)
    at HTMLUnknownElementImpl.dispatchEvent (C:\Users\husey\kiro2\frontend\node_modules\jsdom\lib\jsdom\living\events\EventTarget-impl.js:104:17)
    at HTMLUnknownElement.dispatchEvent (C:\Users\husey\kiro2\frontend\node_modules\jsdom\lib\jsdom\living\generated\EventTarget.js:241:34)
    at Object.invokeGuardedCallbackDev (C:\Users\husey\kiro2\frontend\node_modules\react-dom\cjs\react-dom.development.js:4213:16)
    at invokeGuardedCallback (C:\Users\husey\kiro2\frontend\node_modules\react-dom\cjs\react-dom.development.js:4277:31)
    at beginWork$1 (C:\Users\husey\kiro2\frontend\node_modules\react-dom\cjs\react-dom.development.js:27490:7)
    at performUnitOfWork (C:\Users\husey\kiro2\frontend\node_modules\react-dom\cjs\react-dom.development.js:26599:12) TypeError: Cannot read properties of undefined (reading &apos;toFixed&apos;)
    at VideoAnalyticsDashboard [90m(C:\Users\husey\kiro2\frontend\[39msrc\components\VideoAnalytics\VideoAnalyticsDashboard.tsx:179:49[90m)[39m
    at renderWithHooks [90m(C:\Users\husey\kiro2\frontend\[39mnode_modules\[4mreact-dom[24m\cjs\react-dom.development.js:15486:18[90m)[39m
    at updateFunctionComponent [90m(C:\Users\husey\kiro2\frontend\[39mnode_modules\[4mreact-dom[24m\cjs\react-dom.development.js:19617:20[90m)[39m
    at beginWork [90m(C:\Users\husey\kiro2\frontend\[39mnode_modules\[4mreact-dom[24m\cjs\react-dom.development.js:21640:16[90m)[39m
    at HTMLUnknownElement.callCallback [90m(C:\Users\husey\kiro2\frontend\[39mnode_modules\[4mreact-dom[24m\cjs\react-dom.development.js:4164:14[90m)[39m
    at HTMLUnknownElement.callTheUserObjectsOperation [90m(C:\Users\husey\kiro2\frontend\[39mnode_modules\[4mjsdom[24m\lib\jsdom\living\generated\EventListener.js:26:30[90m)[39m
    at innerInvokeEventListeners [90m(C:\Users\husey\kiro2\frontend\[39mnode_modules\[4mjsdom[24m\lib\jsdom\living\events\EventTarget-impl.js:350:25[90m)[39m
    at invokeEventListeners [90m(C:\Users\husey\kiro2\frontend\[39mnode_modules\[4mjsdom[24m\lib\jsdom\living\events\EventTarget-impl.js:286:3[90m)[39m
    at HTMLUnknownElementImpl._dispatch [90m(C:\Users\husey\kiro2\frontend\[39mnode_modules\[4mjsdom[24m\lib\jsdom\living\events\EventTarget-impl.js:233:9[90m)[39m
    at HTMLUnknownElementImpl.dispatchEvent [90m(C:\Users\husey\kiro2\frontend\[39mnode_modules\[4mjsdom[24m\lib\jsdom\living\events\EventTarget-impl.js:104:17[90m)[39m
Error: Uncaught [TypeError: Cannot read properties of undefined (reading &apos;toFixed&apos;)]
    at reportException (C:\Users\husey\kiro2\frontend\node_modules\jsdom\lib\jsdom\living\helpers\runtime-script-errors.js:66:24)
    at innerInvokeEventListeners (C:\Users\husey\kiro2\frontend\node_modules\jsdom\lib\jsdom\living\events\EventTarget-impl.js:353:9)
    at invokeEventListeners (C:\Users\husey\kiro2\frontend\node_modules\jsdom\lib\jsdom\living\events\EventTarget-impl.js:286:3)
    at HTMLUnknownElementImpl._dispatch (C:\Users\husey\kiro2\frontend\node_modules\jsdom\lib\jsdom\living\events\EventTarget-impl.js:233:9)
    at HTMLUnknownElementImpl.dispatchEvent (C:\Users\husey\kiro2\frontend\node_modules\jsdom\lib\jsdom\living\events\EventTarget-impl.js:104:17)
    at HTMLUnknownElement.dispatchEvent (C:\Users\husey\kiro2\frontend\node_modules\jsdom\lib\jsdom\living\generated\EventTarget.js:241:34)
    at Object.invokeGuardedCallbackDev (C:\Users\husey\kiro2\frontend\node_modules\react-dom\cjs\react-dom.development.js:4213:16)
    at invokeGuardedCallback (C:\Users\husey\kiro2\frontend\node_modules\react-dom\cjs\react-dom.development.js:4277:31)
    at beginWork$1 (C:\Users\husey\kiro2\frontend\node_modules\react-dom\cjs\react-dom.development.js:27490:7)
    at performUnitOfWork (C:\Users\husey\kiro2\frontend\node_modules\react-dom\cjs\react-dom.development.js:26599:12) TypeError: Cannot read properties of undefined (reading &apos;toFixed&apos;)
    at VideoAnalyticsDashboard [90m(C:\Users\husey\kiro2\frontend\[39msrc\components\VideoAnalytics\VideoAnalyticsDashboard.tsx:179:49[90m)[39m
    at renderWithHooks [90m(C:\Users\husey\kiro2\frontend\[39mnode_modules\[4mreact-dom[24m\cjs\react-dom.development.js:15486:18[90m)[39m
    at updateFunctionComponent [90m(C:\Users\husey\kiro2\frontend\[39mnode_modules\[4mreact-dom[24m\cjs\react-dom.development.js:19617:20[90m)[39m
    at beginWork [90m(C:\Users\husey\kiro2\frontend\[39mnode_modules\[4mreact-dom[24m\cjs\react-dom.development.js:21640:16[90m)[39m
    at HTMLUnknownElement.callCallback [90m(C:\Users\husey\kiro2\frontend\[39mnode_modules\[4mreact-dom[24m\cjs\react-dom.development.js:4164:14[90m)[39m
    at HTMLUnknownElement.callTheUserObjectsOperation [90m(C:\Users\husey\kiro2\frontend\[39mnode_modules\[4mjsdom[24m\lib\jsdom\living\generated\EventListener.js:26:30[90m)[39m
    at innerInvokeEventListeners [90m(C:\Users\husey\kiro2\frontend\[39mnode_modules\[4mjsdom[24m\lib\jsdom\living\events\EventTarget-impl.js:350:25[90m)[39m
    at invokeEventListeners [90m(C:\Users\husey\kiro2\frontend\[39mnode_modules\[4mjsdom[24m\lib\jsdom\living\events\EventTarget-impl.js:286:3[90m)[39m
    at HTMLUnknownElementImpl._dispatch [90m(C:\Users\husey\kiro2\frontend\[39mnode_modules\[4mjsdom[24m\lib\jsdom\living\events\EventTarget-impl.js:233:9[90m)[39m
    at HTMLUnknownElementImpl.dispatchEvent [90m(C:\Users\husey\kiro2\frontend\[39mnode_modules\[4mjsdom[24m\lib\jsdom\living\events\EventTarget-impl.js:104:17[90m)[39m

            </system-err>
            <failure message="Unable to find an element with the text: 45.0%. This could be because the text is broken up by multiple elements. In this case, you can provide a function for your text matcher to make your matcher more flexible.

Ignored nodes: comments, script, style
[36m&lt;body&gt;[39m
  [36m&lt;div /&gt;[39m
[36m&lt;/body&gt;[39m

Ignored nodes: comments, script, style
[36m&lt;html&gt;[39m
  [36m&lt;head /&gt;[39m
  [36m&lt;body&gt;[39m
    [36m&lt;div /&gt;[39m
  [36m&lt;/body&gt;[39m
[36m&lt;/html&gt;[39m" type="TestingLibraryElementError">
TestingLibraryElementError: Unable to find an element with the text: 45.0%. This could be because the text is broken up by multiple elements. In this case, you can provide a function for your text matcher to make your matcher more flexible.

Ignored nodes: comments, script, style
&lt;body&gt;
  &lt;div /&gt;
&lt;/body&gt;

Ignored nodes: comments, script, style
&lt;html&gt;
  &lt;head /&gt;
  &lt;body&gt;
    &lt;div /&gt;
  &lt;/body&gt;
&lt;/html&gt;
 ❯ waitForWrapper node_modules/@testing-library/react/node_modules/@testing-library/dom/dist/wait-for.js:163:27
 ❯ src/components/VideoAnalytics/__tests__/VideoAnalyticsDashboard.test.tsx:406:11
            </failure>
        </testcase>
        <testcase classname="src/components/VideoAnalytics/__tests__/VideoAnalyticsDashboard.test.tsx" name="VideoAnalyticsDashboard - Source Breakdown &gt; displays source breakdown section" time="1.013854">
            <system-err>
Error: Uncaught [TypeError: Cannot read properties of undefined (reading &apos;toFixed&apos;)]
    at reportException (C:\Users\husey\kiro2\frontend\node_modules\jsdom\lib\jsdom\living\helpers\runtime-script-errors.js:66:24)
    at innerInvokeEventListeners (C:\Users\husey\kiro2\frontend\node_modules\jsdom\lib\jsdom\living\events\EventTarget-impl.js:353:9)
    at invokeEventListeners (C:\Users\husey\kiro2\frontend\node_modules\jsdom\lib\jsdom\living\events\EventTarget-impl.js:286:3)
    at HTMLUnknownElementImpl._dispatch (C:\Users\husey\kiro2\frontend\node_modules\jsdom\lib\jsdom\living\events\EventTarget-impl.js:233:9)
    at HTMLUnknownElementImpl.dispatchEvent (C:\Users\husey\kiro2\frontend\node_modules\jsdom\lib\jsdom\living\events\EventTarget-impl.js:104:17)
    at HTMLUnknownElement.dispatchEvent (C:\Users\husey\kiro2\frontend\node_modules\jsdom\lib\jsdom\living\generated\EventTarget.js:241:34)
    at Object.invokeGuardedCallbackDev (C:\Users\husey\kiro2\frontend\node_modules\react-dom\cjs\react-dom.development.js:4213:16)
    at invokeGuardedCallback (C:\Users\husey\kiro2\frontend\node_modules\react-dom\cjs\react-dom.development.js:4277:31)
    at beginWork$1 (C:\Users\husey\kiro2\frontend\node_modules\react-dom\cjs\react-dom.development.js:27490:7)
    at performUnitOfWork (C:\Users\husey\kiro2\frontend\node_modules\react-dom\cjs\react-dom.development.js:26599:12) TypeError: Cannot read properties of undefined (reading &apos;toFixed&apos;)
    at VideoAnalyticsDashboard [90m(C:\Users\husey\kiro2\frontend\[39msrc\components\VideoAnalytics\VideoAnalyticsDashboard.tsx:153:50[90m)[39m
    at renderWithHooks [90m(C:\Users\husey\kiro2\frontend\[39mnode_modules\[4mreact-dom[24m\cjs\react-dom.development.js:15486:18[90m)[39m
    at updateFunctionComponent [90m(C:\Users\husey\kiro2\frontend\[39mnode_modules\[4mreact-dom[24m\cjs\react-dom.development.js:19617:20[90m)[39m
    at beginWork [90m(C:\Users\husey\kiro2\frontend\[39mnode_modules\[4mreact-dom[24m\cjs\react-dom.development.js:21640:16[90m)[39m
    at HTMLUnknownElement.callCallback [90m(C:\Users\husey\kiro2\frontend\[39mnode_modules\[4mreact-dom[24m\cjs\react-dom.development.js:4164:14[90m)[39m
    at HTMLUnknownElement.callTheUserObjectsOperation [90m(C:\Users\husey\kiro2\frontend\[39mnode_modules\[4mjsdom[24m\lib\jsdom\living\generated\EventListener.js:26:30[90m)[39m
    at innerInvokeEventListeners [90m(C:\Users\husey\kiro2\frontend\[39mnode_modules\[4mjsdom[24m\lib\jsdom\living\events\EventTarget-impl.js:350:25[90m)[39m
    at invokeEventListeners [90m(C:\Users\husey\kiro2\frontend\[39mnode_modules\[4mjsdom[24m\lib\jsdom\living\events\EventTarget-impl.js:286:3[90m)[39m
    at HTMLUnknownElementImpl._dispatch [90m(C:\Users\husey\kiro2\frontend\[39mnode_modules\[4mjsdom[24m\lib\jsdom\living\events\EventTarget-impl.js:233:9[90m)[39m
    at HTMLUnknownElementImpl.dispatchEvent [90m(C:\Users\husey\kiro2\frontend\[39mnode_modules\[4mjsdom[24m\lib\jsdom\living\events\EventTarget-impl.js:104:17[90m)[39m
Error: Uncaught [TypeError: Cannot read properties of undefined (reading &apos;toFixed&apos;)]
    at reportException (C:\Users\husey\kiro2\frontend\node_modules\jsdom\lib\jsdom\living\helpers\runtime-script-errors.js:66:24)
    at innerInvokeEventListeners (C:\Users\husey\kiro2\frontend\node_modules\jsdom\lib\jsdom\living\events\EventTarget-impl.js:353:9)
    at invokeEventListeners (C:\Users\husey\kiro2\frontend\node_modules\jsdom\lib\jsdom\living\events\EventTarget-impl.js:286:3)
    at HTMLUnknownElementImpl._dispatch (C:\Users\husey\kiro2\frontend\node_modules\jsdom\lib\jsdom\living\events\EventTarget-impl.js:233:9)
    at HTMLUnknownElementImpl.dispatchEvent (C:\Users\husey\kiro2\frontend\node_modules\jsdom\lib\jsdom\living\events\EventTarget-impl.js:104:17)
    at HTMLUnknownElement.dispatchEvent (C:\Users\husey\kiro2\frontend\node_modules\jsdom\lib\jsdom\living\generated\EventTarget.js:241:34)
    at Object.invokeGuardedCallbackDev (C:\Users\husey\kiro2\frontend\node_modules\react-dom\cjs\react-dom.development.js:4213:16)
    at invokeGuardedCallback (C:\Users\husey\kiro2\frontend\node_modules\react-dom\cjs\react-dom.development.js:4277:31)
    at beginWork$1 (C:\Users\husey\kiro2\frontend\node_modules\react-dom\cjs\react-dom.development.js:27490:7)
    at performUnitOfWork (C:\Users\husey\kiro2\frontend\node_modules\react-dom\cjs\react-dom.development.js:26599:12) TypeError: Cannot read properties of undefined (reading &apos;toFixed&apos;)
    at VideoAnalyticsDashboard [90m(C:\Users\husey\kiro2\frontend\[39msrc\components\VideoAnalytics\VideoAnalyticsDashboard.tsx:153:50[90m)[39m
    at renderWithHooks [90m(C:\Users\husey\kiro2\frontend\[39mnode_modules\[4mreact-dom[24m\cjs\react-dom.development.js:15486:18[90m)[39m
    at updateFunctionComponent [90m(C:\Users\husey\kiro2\frontend\[39mnode_modules\[4mreact-dom[24m\cjs\react-dom.development.js:19617:20[90m)[39m
    at beginWork [90m(C:\Users\husey\kiro2\frontend\[39mnode_modules\[4mreact-dom[24m\cjs\react-dom.development.js:21640:16[90m)[39m
    at HTMLUnknownElement.callCallback [90m(C:\Users\husey\kiro2\frontend\[39mnode_modules\[4mreact-dom[24m\cjs\react-dom.development.js:4164:14[90m)[39m
    at HTMLUnknownElement.callTheUserObjectsOperation [90m(C:\Users\husey\kiro2\frontend\[39mnode_modules\[4mjsdom[24m\lib\jsdom\living\generated\EventListener.js:26:30[90m)[39m
    at innerInvokeEventListeners [90m(C:\Users\husey\kiro2\frontend\[39mnode_modules\[4mjsdom[24m\lib\jsdom\living\events\EventTarget-impl.js:350:25[90m)[39m
    at invokeEventListeners [90m(C:\Users\husey\kiro2\frontend\[39mnode_modules\[4mjsdom[24m\lib\jsdom\living\events\EventTarget-impl.js:286:3[90m)[39m
    at HTMLUnknownElementImpl._dispatch [90m(C:\Users\husey\kiro2\frontend\[39mnode_modules\[4mjsdom[24m\lib\jsdom\living\events\EventTarget-impl.js:233:9[90m)[39m
    at HTMLUnknownElementImpl.dispatchEvent [90m(C:\Users\husey\kiro2\frontend\[39mnode_modules\[4mjsdom[24m\lib\jsdom\living\events\EventTarget-impl.js:104:17[90m)[39m

            </system-err>
            <failure message="Unable to find an element with the text: Kaynak Dağılımı. This could be because the text is broken up by multiple elements. In this case, you can provide a function for your text matcher to make your matcher more flexible.

Ignored nodes: comments, script, style
[36m&lt;body&gt;[39m
  [36m&lt;div /&gt;[39m
[36m&lt;/body&gt;[39m

Ignored nodes: comments, script, style
[36m&lt;html&gt;[39m
  [36m&lt;head /&gt;[39m
  [36m&lt;body&gt;[39m
    [36m&lt;div /&gt;[39m
  [36m&lt;/body&gt;[39m
[36m&lt;/html&gt;[39m" type="TestingLibraryElementError">
TestingLibraryElementError: Unable to find an element with the text: Kaynak Dağılımı. This could be because the text is broken up by multiple elements. In this case, you can provide a function for your text matcher to make your matcher more flexible.

Ignored nodes: comments, script, style
&lt;body&gt;
  &lt;div /&gt;
&lt;/body&gt;

Ignored nodes: comments, script, style
&lt;html&gt;
  &lt;head /&gt;
  &lt;body&gt;
    &lt;div /&gt;
  &lt;/body&gt;
&lt;/html&gt;
 ❯ waitForWrapper node_modules/@testing-library/react/node_modules/@testing-library/dom/dist/wait-for.js:163:27
 ❯ src/components/VideoAnalytics/__tests__/VideoAnalyticsDashboard.test.tsx:427:11
            </failure>
        </testcase>
        <testcase classname="src/components/VideoAnalytics/__tests__/VideoAnalyticsDashboard.test.tsx" name="VideoAnalyticsDashboard - Source Breakdown &gt; displays all sources" time="1.013143">
            <system-err>
Error: Uncaught [TypeError: Cannot read properties of undefined (reading &apos;toFixed&apos;)]
    at reportException (C:\Users\husey\kiro2\frontend\node_modules\jsdom\lib\jsdom\living\helpers\runtime-script-errors.js:66:24)
    at innerInvokeEventListeners (C:\Users\husey\kiro2\frontend\node_modules\jsdom\lib\jsdom\living\events\EventTarget-impl.js:353:9)
    at invokeEventListeners (C:\Users\husey\kiro2\frontend\node_modules\jsdom\lib\jsdom\living\events\EventTarget-impl.js:286:3)
    at HTMLUnknownElementImpl._dispatch (C:\Users\husey\kiro2\frontend\node_modules\jsdom\lib\jsdom\living\events\EventTarget-impl.js:233:9)
    at HTMLUnknownElementImpl.dispatchEvent (C:\Users\husey\kiro2\frontend\node_modules\jsdom\lib\jsdom\living\events\EventTarget-impl.js:104:17)
    at HTMLUnknownElement.dispatchEvent (C:\Users\husey\kiro2\frontend\node_modules\jsdom\lib\jsdom\living\generated\EventTarget.js:241:34)
    at Object.invokeGuardedCallbackDev (C:\Users\husey\kiro2\frontend\node_modules\react-dom\cjs\react-dom.development.js:4213:16)
    at invokeGuardedCallback (C:\Users\husey\kiro2\frontend\node_modules\react-dom\cjs\react-dom.development.js:4277:31)
    at beginWork$1 (C:\Users\husey\kiro2\frontend\node_modules\react-dom\cjs\react-dom.development.js:27490:7)
    at performUnitOfWork (C:\Users\husey\kiro2\frontend\node_modules\react-dom\cjs\react-dom.development.js:26599:12) TypeError: Cannot read properties of undefined (reading &apos;toFixed&apos;)
    at VideoAnalyticsDashboard [90m(C:\Users\husey\kiro2\frontend\[39msrc\components\VideoAnalytics\VideoAnalyticsDashboard.tsx:153:50[90m)[39m
    at renderWithHooks [90m(C:\Users\husey\kiro2\frontend\[39mnode_modules\[4mreact-dom[24m\cjs\react-dom.development.js:15486:18[90m)[39m
    at updateFunctionComponent [90m(C:\Users\husey\kiro2\frontend\[39mnode_modules\[4mreact-dom[24m\cjs\react-dom.development.js:19617:20[90m)[39m
    at beginWork [90m(C:\Users\husey\kiro2\frontend\[39mnode_modules\[4mreact-dom[24m\cjs\react-dom.development.js:21640:16[90m)[39m
    at HTMLUnknownElement.callCallback [90m(C:\Users\husey\kiro2\frontend\[39mnode_modules\[4mreact-dom[24m\cjs\react-dom.development.js:4164:14[90m)[39m
    at HTMLUnknownElement.callTheUserObjectsOperation [90m(C:\Users\husey\kiro2\frontend\[39mnode_modules\[4mjsdom[24m\lib\jsdom\living\generated\EventListener.js:26:30[90m)[39m
    at innerInvokeEventListeners [90m(C:\Users\husey\kiro2\frontend\[39mnode_modules\[4mjsdom[24m\lib\jsdom\living\events\EventTarget-impl.js:350:25[90m)[39m
    at invokeEventListeners [90m(C:\Users\husey\kiro2\frontend\[39mnode_modules\[4mjsdom[24m\lib\jsdom\living\events\EventTarget-impl.js:286:3[90m)[39m
    at HTMLUnknownElementImpl._dispatch [90m(C:\Users\husey\kiro2\frontend\[39mnode_modules\[4mjsdom[24m\lib\jsdom\living\events\EventTarget-impl.js:233:9[90m)[39m
    at HTMLUnknownElementImpl.dispatchEvent [90m(C:\Users\husey\kiro2\frontend\[39mnode_modules\[4mjsdom[24m\lib\jsdom\living\events\EventTarget-impl.js:104:17[90m)[39m
Error: Uncaught [TypeError: Cannot read properties of undefined (reading &apos;toFixed&apos;)]
    at reportException (C:\Users\husey\kiro2\frontend\node_modules\jsdom\lib\jsdom\living\helpers\runtime-script-errors.js:66:24)
    at innerInvokeEventListeners (C:\Users\husey\kiro2\frontend\node_modules\jsdom\lib\jsdom\living\events\EventTarget-impl.js:353:9)
    at invokeEventListeners (C:\Users\husey\kiro2\frontend\node_modules\jsdom\lib\jsdom\living\events\EventTarget-impl.js:286:3)
    at HTMLUnknownElementImpl._dispatch (C:\Users\husey\kiro2\frontend\node_modules\jsdom\lib\jsdom\living\events\EventTarget-impl.js:233:9)
    at HTMLUnknownElementImpl.dispatchEvent (C:\Users\husey\kiro2\frontend\node_modules\jsdom\lib\jsdom\living\events\EventTarget-impl.js:104:17)
    at HTMLUnknownElement.dispatchEvent (C:\Users\husey\kiro2\frontend\node_modules\jsdom\lib\jsdom\living\generated\EventTarget.js:241:34)
    at Object.invokeGuardedCallbackDev (C:\Users\husey\kiro2\frontend\node_modules\react-dom\cjs\react-dom.development.js:4213:16)
    at invokeGuardedCallback (C:\Users\husey\kiro2\frontend\node_modules\react-dom\cjs\react-dom.development.js:4277:31)
    at beginWork$1 (C:\Users\husey\kiro2\frontend\node_modules\react-dom\cjs\react-dom.development.js:27490:7)
    at performUnitOfWork (C:\Users\husey\kiro2\frontend\node_modules\react-dom\cjs\react-dom.development.js:26599:12) TypeError: Cannot read properties of undefined (reading &apos;toFixed&apos;)
    at VideoAnalyticsDashboard [90m(C:\Users\husey\kiro2\frontend\[39msrc\components\VideoAnalytics\VideoAnalyticsDashboard.tsx:153:50[90m)[39m
    at renderWithHooks [90m(C:\Users\husey\kiro2\frontend\[39mnode_modules\[4mreact-dom[24m\cjs\react-dom.development.js:15486:18[90m)[39m
    at updateFunctionComponent [90m(C:\Users\husey\kiro2\frontend\[39mnode_modules\[4mreact-dom[24m\cjs\react-dom.development.js:19617:20[90m)[39m
    at beginWork [90m(C:\Users\husey\kiro2\frontend\[39mnode_modules\[4mreact-dom[24m\cjs\react-dom.development.js:21640:16[90m)[39m
    at HTMLUnknownElement.callCallback [90m(C:\Users\husey\kiro2\frontend\[39mnode_modules\[4mreact-dom[24m\cjs\react-dom.development.js:4164:14[90m)[39m
    at HTMLUnknownElement.callTheUserObjectsOperation [90m(C:\Users\husey\kiro2\frontend\[39mnode_modules\[4mjsdom[24m\lib\jsdom\living\generated\EventListener.js:26:30[90m)[39m
    at innerInvokeEventListeners [90m(C:\Users\husey\kiro2\frontend\[39mnode_modules\[4mjsdom[24m\lib\jsdom\living\events\EventTarget-impl.js:350:25[90m)[39m
    at invokeEventListeners [90m(C:\Users\husey\kiro2\frontend\[39mnode_modules\[4mjsdom[24m\lib\jsdom\living\events\EventTarget-impl.js:286:3[90m)[39m
    at HTMLUnknownElementImpl._dispatch [90m(C:\Users\husey\kiro2\frontend\[39mnode_modules\[4mjsdom[24m\lib\jsdom\living\events\EventTarget-impl.js:233:9[90m)[39m
    at HTMLUnknownElementImpl.dispatchEvent [90m(C:\Users\husey\kiro2\frontend\[39mnode_modules\[4mjsdom[24m\lib\jsdom\living\events\EventTarget-impl.js:104:17[90m)[39m

            </system-err>
            <failure message="Unable to find an element with the text: YouTube. This could be because the text is broken up by multiple elements. In this case, you can provide a function for your text matcher to make your matcher more flexible.

Ignored nodes: comments, script, style
[36m&lt;body&gt;[39m
  [36m&lt;div /&gt;[39m
[36m&lt;/body&gt;[39m

Ignored nodes: comments, script, style
[36m&lt;html&gt;[39m
  [36m&lt;head /&gt;[39m
  [36m&lt;body&gt;[39m
    [36m&lt;div /&gt;[39m
  [36m&lt;/body&gt;[39m
[36m&lt;/html&gt;[39m" type="TestingLibraryElementError">
TestingLibraryElementError: Unable to find an element with the text: YouTube. This could be because the text is broken up by multiple elements. In this case, you can provide a function for your text matcher to make your matcher more flexible.

Ignored nodes: comments, script, style
&lt;body&gt;
  &lt;div /&gt;
&lt;/body&gt;

Ignored nodes: comments, script, style
&lt;html&gt;
  &lt;head /&gt;
  &lt;body&gt;
    &lt;div /&gt;
  &lt;/body&gt;
&lt;/html&gt;
 ❯ waitForWrapper node_modules/@testing-library/react/node_modules/@testing-library/dom/dist/wait-for.js:163:27
 ❯ src/components/VideoAnalytics/__tests__/VideoAnalyticsDashboard.test.tsx:435:11
            </failure>
        </testcase>
        <testcase classname="src/components/VideoAnalytics/__tests__/VideoAnalyticsDashboard.test.tsx" name="VideoAnalyticsDashboard - Source Breakdown &gt; displays video counts for each source" time="1.0148644">
            <system-err>
Error: Uncaught [TypeError: Cannot read properties of undefined (reading &apos;toFixed&apos;)]
    at reportException (C:\Users\husey\kiro2\frontend\node_modules\jsdom\lib\jsdom\living\helpers\runtime-script-errors.js:66:24)
    at innerInvokeEventListeners (C:\Users\husey\kiro2\frontend\node_modules\jsdom\lib\jsdom\living\events\EventTarget-impl.js:353:9)
    at invokeEventListeners (C:\Users\husey\kiro2\frontend\node_modules\jsdom\lib\jsdom\living\events\EventTarget-impl.js:286:3)
    at HTMLUnknownElementImpl._dispatch (C:\Users\husey\kiro2\frontend\node_modules\jsdom\lib\jsdom\living\events\EventTarget-impl.js:233:9)
    at HTMLUnknownElementImpl.dispatchEvent (C:\Users\husey\kiro2\frontend\node_modules\jsdom\lib\jsdom\living\events\EventTarget-impl.js:104:17)
    at HTMLUnknownElement.dispatchEvent (C:\Users\husey\kiro2\frontend\node_modules\jsdom\lib\jsdom\living\generated\EventTarget.js:241:34)
    at Object.invokeGuardedCallbackDev (C:\Users\husey\kiro2\frontend\node_modules\react-dom\cjs\react-dom.development.js:4213:16)
    at invokeGuardedCallback (C:\Users\husey\kiro2\frontend\node_modules\react-dom\cjs\react-dom.development.js:4277:31)
    at beginWork$1 (C:\Users\husey\kiro2\frontend\node_modules\react-dom\cjs\react-dom.development.js:27490:7)
    at performUnitOfWork (C:\Users\husey\kiro2\frontend\node_modules\react-dom\cjs\react-dom.development.js:26599:12) TypeError: Cannot read properties of undefined (reading &apos;toFixed&apos;)
    at VideoAnalyticsDashboard [90m(C:\Users\husey\kiro2\frontend\[39msrc\components\VideoAnalytics\VideoAnalyticsDashboard.tsx:153:50[90m)[39m
    at renderWithHooks [90m(C:\Users\husey\kiro2\frontend\[39mnode_modules\[4mreact-dom[24m\cjs\react-dom.development.js:15486:18[90m)[39m
    at updateFunctionComponent [90m(C:\Users\husey\kiro2\frontend\[39mnode_modules\[4mreact-dom[24m\cjs\react-dom.development.js:19617:20[90m)[39m
    at beginWork [90m(C:\Users\husey\kiro2\frontend\[39mnode_modules\[4mreact-dom[24m\cjs\react-dom.development.js:21640:16[90m)[39m
    at HTMLUnknownElement.callCallback [90m(C:\Users\husey\kiro2\frontend\[39mnode_modules\[4mreact-dom[24m\cjs\react-dom.development.js:4164:14[90m)[39m
    at HTMLUnknownElement.callTheUserObjectsOperation [90m(C:\Users\husey\kiro2\frontend\[39mnode_modules\[4mjsdom[24m\lib\jsdom\living\generated\EventListener.js:26:30[90m)[39m
    at innerInvokeEventListeners [90m(C:\Users\husey\kiro2\frontend\[39mnode_modules\[4mjsdom[24m\lib\jsdom\living\events\EventTarget-impl.js:350:25[90m)[39m
    at invokeEventListeners [90m(C:\Users\husey\kiro2\frontend\[39mnode_modules\[4mjsdom[24m\lib\jsdom\living\events\EventTarget-impl.js:286:3[90m)[39m
    at HTMLUnknownElementImpl._dispatch [90m(C:\Users\husey\kiro2\frontend\[39mnode_modules\[4mjsdom[24m\lib\jsdom\living\events\EventTarget-impl.js:233:9[90m)[39m
    at HTMLUnknownElementImpl.dispatchEvent [90m(C:\Users\husey\kiro2\frontend\[39mnode_modules\[4mjsdom[24m\lib\jsdom\living\events\EventTarget-impl.js:104:17[90m)[39m
Error: Uncaught [TypeError: Cannot read properties of undefined (reading &apos;toFixed&apos;)]
    at reportException (C:\Users\husey\kiro2\frontend\node_modules\jsdom\lib\jsdom\living\helpers\runtime-script-errors.js:66:24)
    at innerInvokeEventListeners (C:\Users\husey\kiro2\frontend\node_modules\jsdom\lib\jsdom\living\events\EventTarget-impl.js:353:9)
    at invokeEventListeners (C:\Users\husey\kiro2\frontend\node_modules\jsdom\lib\jsdom\living\events\EventTarget-impl.js:286:3)
    at HTMLUnknownElementImpl._dispatch (C:\Users\husey\kiro2\frontend\node_modules\jsdom\lib\jsdom\living\events\EventTarget-impl.js:233:9)
    at HTMLUnknownElementImpl.dispatchEvent (C:\Users\husey\kiro2\frontend\node_modules\jsdom\lib\jsdom\living\events\EventTarget-impl.js:104:17)
    at HTMLUnknownElement.dispatchEvent (C:\Users\husey\kiro2\frontend\node_modules\jsdom\lib\jsdom\living\generated\EventTarget.js:241:34)
    at Object.invokeGuardedCallbackDev (C:\Users\husey\kiro2\frontend\node_modules\react-dom\cjs\react-dom.development.js:4213:16)
    at invokeGuardedCallback (C:\Users\husey\kiro2\frontend\node_modules\react-dom\cjs\react-dom.development.js:4277:31)
    at beginWork$1 (C:\Users\husey\kiro2\frontend\node_modules\react-dom\cjs\react-dom.development.js:27490:7)
    at performUnitOfWork (C:\Users\husey\kiro2\frontend\node_modules\react-dom\cjs\react-dom.development.js:26599:12) TypeError: Cannot read properties of undefined (reading &apos;toFixed&apos;)
    at VideoAnalyticsDashboard [90m(C:\Users\husey\kiro2\frontend\[39msrc\components\VideoAnalytics\VideoAnalyticsDashboard.tsx:153:50[90m)[39m
    at renderWithHooks [90m(C:\Users\husey\kiro2\frontend\[39mnode_modules\[4mreact-dom[24m\cjs\react-dom.development.js:15486:18[90m)[39m
    at updateFunctionComponent [90m(C:\Users\husey\kiro2\frontend\[39mnode_modules\[4mreact-dom[24m\cjs\react-dom.development.js:19617:20[90m)[39m
    at beginWork [90m(C:\Users\husey\kiro2\frontend\[39mnode_modules\[4mreact-dom[24m\cjs\react-dom.development.js:21640:16[90m)[39m
    at HTMLUnknownElement.callCallback [90m(C:\Users\husey\kiro2\frontend\[39mnode_modules\[4mreact-dom[24m\cjs\react-dom.development.js:4164:14[90m)[39m
    at HTMLUnknownElement.callTheUserObjectsOperation [90m(C:\Users\husey\kiro2\frontend\[39mnode_modules\[4mjsdom[24m\lib\jsdom\living\generated\EventListener.js:26:30[90m)[39m
    at innerInvokeEventListeners [90m(C:\Users\husey\kiro2\frontend\[39mnode_modules\[4mjsdom[24m\lib\jsdom\living\events\EventTarget-impl.js:350:25[90m)[39m
    at invokeEventListeners [90m(C:\Users\husey\kiro2\frontend\[39mnode_modules\[4mjsdom[24m\lib\jsdom\living\events\EventTarget-impl.js:286:3[90m)[39m
    at HTMLUnknownElementImpl._dispatch [90m(C:\Users\husey\kiro2\frontend\[39mnode_modules\[4mjsdom[24m\lib\jsdom\living\events\EventTarget-impl.js:233:9[90m)[39m
    at HTMLUnknownElementImpl.dispatchEvent [90m(C:\Users\husey\kiro2\frontend\[39mnode_modules\[4mjsdom[24m\lib\jsdom\living\events\EventTarget-impl.js:104:17[90m)[39m

            </system-err>
            <failure message="Unable to find an element with the text: 5 video. This could be because the text is broken up by multiple elements. In this case, you can provide a function for your text matcher to make your matcher more flexible.

Ignored nodes: comments, script, style
[36m&lt;body&gt;[39m
  [36m&lt;div /&gt;[39m
[36m&lt;/body&gt;[39m

Ignored nodes: comments, script, style
[36m&lt;html&gt;[39m
  [36m&lt;head /&gt;[39m
  [36m&lt;body&gt;[39m
    [36m&lt;div /&gt;[39m
  [36m&lt;/body&gt;[39m
[36m&lt;/html&gt;[39m" type="TestingLibraryElementError">
TestingLibraryElementError: Unable to find an element with the text: 5 video. This could be because the text is broken up by multiple elements. In this case, you can provide a function for your text matcher to make your matcher more flexible.

Ignored nodes: comments, script, style
&lt;body&gt;
  &lt;div /&gt;
&lt;/body&gt;

Ignored nodes: comments, script, style
&lt;html&gt;
  &lt;head /&gt;
  &lt;body&gt;
    &lt;div /&gt;
  &lt;/body&gt;
&lt;/html&gt;
 ❯ waitForWrapper node_modules/@testing-library/react/node_modules/@testing-library/dom/dist/wait-for.js:163:27
 ❯ src/components/VideoAnalytics/__tests__/VideoAnalyticsDashboard.test.tsx:445:11
            </failure>
        </testcase>
        <testcase classname="src/components/VideoAnalytics/__tests__/VideoAnalyticsDashboard.test.tsx" name="VideoAnalyticsDashboard - Source Breakdown &gt; hides source breakdown when empty" time="0.0190753">
            <system-err>
Error: Uncaught [TypeError: Cannot read properties of undefined (reading &apos;toFixed&apos;)]
    at reportException (C:\Users\husey\kiro2\frontend\node_modules\jsdom\lib\jsdom\living\helpers\runtime-script-errors.js:66:24)
    at innerInvokeEventListeners (C:\Users\husey\kiro2\frontend\node_modules\jsdom\lib\jsdom\living\events\EventTarget-impl.js:353:9)
    at invokeEventListeners (C:\Users\husey\kiro2\frontend\node_modules\jsdom\lib\jsdom\living\events\EventTarget-impl.js:286:3)
    at HTMLUnknownElementImpl._dispatch (C:\Users\husey\kiro2\frontend\node_modules\jsdom\lib\jsdom\living\events\EventTarget-impl.js:233:9)
    at HTMLUnknownElementImpl.dispatchEvent (C:\Users\husey\kiro2\frontend\node_modules\jsdom\lib\jsdom\living\events\EventTarget-impl.js:104:17)
    at HTMLUnknownElement.dispatchEvent (C:\Users\husey\kiro2\frontend\node_modules\jsdom\lib\jsdom\living\generated\EventTarget.js:241:34)
    at Object.invokeGuardedCallbackDev (C:\Users\husey\kiro2\frontend\node_modules\react-dom\cjs\react-dom.development.js:4213:16)
    at invokeGuardedCallback (C:\Users\husey\kiro2\frontend\node_modules\react-dom\cjs\react-dom.development.js:4277:31)
    at beginWork$1 (C:\Users\husey\kiro2\frontend\node_modules\react-dom\cjs\react-dom.development.js:27490:7)
    at performUnitOfWork (C:\Users\husey\kiro2\frontend\node_modules\react-dom\cjs\react-dom.development.js:26599:12) TypeError: Cannot read properties of undefined (reading &apos;toFixed&apos;)
    at VideoAnalyticsDashboard [90m(C:\Users\husey\kiro2\frontend\[39msrc\components\VideoAnalytics\VideoAnalyticsDashboard.tsx:153:50[90m)[39m
    at renderWithHooks [90m(C:\Users\husey\kiro2\frontend\[39mnode_modules\[4mreact-dom[24m\cjs\react-dom.development.js:15486:18[90m)[39m
    at updateFunctionComponent [90m(C:\Users\husey\kiro2\frontend\[39mnode_modules\[4mreact-dom[24m\cjs\react-dom.development.js:19617:20[90m)[39m
    at beginWork [90m(C:\Users\husey\kiro2\frontend\[39mnode_modules\[4mreact-dom[24m\cjs\react-dom.development.js:21640:16[90m)[39m
    at HTMLUnknownElement.callCallback [90m(C:\Users\husey\kiro2\frontend\[39mnode_modules\[4mreact-dom[24m\cjs\react-dom.development.js:4164:14[90m)[39m
    at HTMLUnknownElement.callTheUserObjectsOperation [90m(C:\Users\husey\kiro2\frontend\[39mnode_modules\[4mjsdom[24m\lib\jsdom\living\generated\EventListener.js:26:30[90m)[39m
    at innerInvokeEventListeners [90m(C:\Users\husey\kiro2\frontend\[39mnode_modules\[4mjsdom[24m\lib\jsdom\living\events\EventTarget-impl.js:350:25[90m)[39m
    at invokeEventListeners [90m(C:\Users\husey\kiro2\frontend\[39mnode_modules\[4mjsdom[24m\lib\jsdom\living\events\EventTarget-impl.js:286:3[90m)[39m
    at HTMLUnknownElementImpl._dispatch [90m(C:\Users\husey\kiro2\frontend\[39mnode_modules\[4mjsdom[24m\lib\jsdom\living\events\EventTarget-impl.js:233:9[90m)[39m
    at HTMLUnknownElementImpl.dispatchEvent [90m(C:\Users\husey\kiro2\frontend\[39mnode_modules\[4mjsdom[24m\lib\jsdom\living\events\EventTarget-impl.js:104:17[90m)[39m
Error: Uncaught [TypeError: Cannot read properties of undefined (reading &apos;toFixed&apos;)]
    at reportException (C:\Users\husey\kiro2\frontend\node_modules\jsdom\lib\jsdom\living\helpers\runtime-script-errors.js:66:24)
    at innerInvokeEventListeners (C:\Users\husey\kiro2\frontend\node_modules\jsdom\lib\jsdom\living\events\EventTarget-impl.js:353:9)
    at invokeEventListeners (C:\Users\husey\kiro2\frontend\node_modules\jsdom\lib\jsdom\living\events\EventTarget-impl.js:286:3)
    at HTMLUnknownElementImpl._dispatch (C:\Users\husey\kiro2\frontend\node_modules\jsdom\lib\jsdom\living\events\EventTarget-impl.js:233:9)
    at HTMLUnknownElementImpl.dispatchEvent (C:\Users\husey\kiro2\frontend\node_modules\jsdom\lib\jsdom\living\events\EventTarget-impl.js:104:17)
    at HTMLUnknownElement.dispatchEvent (C:\Users\husey\kiro2\frontend\node_modules\jsdom\lib\jsdom\living\generated\EventTarget.js:241:34)
    at Object.invokeGuardedCallbackDev (C:\Users\husey\kiro2\frontend\node_modules\react-dom\cjs\react-dom.development.js:4213:16)
    at invokeGuardedCallback (C:\Users\husey\kiro2\frontend\node_modules\react-dom\cjs\react-dom.development.js:4277:31)
    at beginWork$1 (C:\Users\husey\kiro2\frontend\node_modules\react-dom\cjs\react-dom.development.js:27490:7)
    at performUnitOfWork (C:\Users\husey\kiro2\frontend\node_modules\react-dom\cjs\react-dom.development.js:26599:12) TypeError: Cannot read properties of undefined (reading &apos;toFixed&apos;)
    at VideoAnalyticsDashboard [90m(C:\Users\husey\kiro2\frontend\[39msrc\components\VideoAnalytics\VideoAnalyticsDashboard.tsx:153:50[90m)[39m
    at renderWithHooks [90m(C:\Users\husey\kiro2\frontend\[39mnode_modules\[4mreact-dom[24m\cjs\react-dom.development.js:15486:18[90m)[39m
    at updateFunctionComponent [90m(C:\Users\husey\kiro2\frontend\[39mnode_modules\[4mreact-dom[24m\cjs\react-dom.development.js:19617:20[90m)[39m
    at beginWork [90m(C:\Users\husey\kiro2\frontend\[39mnode_modules\[4mreact-dom[24m\cjs\react-dom.development.js:21640:16[90m)[39m
    at HTMLUnknownElement.callCallback [90m(C:\Users\husey\kiro2\frontend\[39mnode_modules\[4mreact-dom[24m\cjs\react-dom.development.js:4164:14[90m)[39m
    at HTMLUnknownElement.callTheUserObjectsOperation [90m(C:\Users\husey\kiro2\frontend\[39mnode_modules\[4mjsdom[24m\lib\jsdom\living\generated\EventListener.js:26:30[90m)[39m
    at innerInvokeEventListeners [90m(C:\Users\husey\kiro2\frontend\[39mnode_modules\[4mjsdom[24m\lib\jsdom\living\events\EventTarget-impl.js:350:25[90m)[39m
    at invokeEventListeners [90m(C:\Users\husey\kiro2\frontend\[39mnode_modules\[4mjsdom[24m\lib\jsdom\living\events\EventTarget-impl.js:286:3[90m)[39m
    at HTMLUnknownElementImpl._dispatch [90m(C:\Users\husey\kiro2\frontend\[39mnode_modules\[4mjsdom[24m\lib\jsdom\living\events\EventTarget-impl.js:233:9[90m)[39m
    at HTMLUnknownElementImpl.dispatchEvent [90m(C:\Users\husey\kiro2\frontend\[39mnode_modules\[4mjsdom[24m\lib\jsdom\living\events\EventTarget-impl.js:104:17[90m)[39m

            </system-err>
        </testcase>
        <testcase classname="src/components/VideoAnalytics/__tests__/VideoAnalyticsDashboard.test.tsx" name="VideoAnalyticsDashboard - Source Breakdown &gt; renders progress bars for sources" time="1.0174153">
            <system-err>
Error: Uncaught [TypeError: Cannot read properties of undefined (reading &apos;toFixed&apos;)]
    at reportException (C:\Users\husey\kiro2\frontend\node_modules\jsdom\lib\jsdom\living\helpers\runtime-script-errors.js:66:24)
    at innerInvokeEventListeners (C:\Users\husey\kiro2\frontend\node_modules\jsdom\lib\jsdom\living\events\EventTarget-impl.js:353:9)
    at invokeEventListeners (C:\Users\husey\kiro2\frontend\node_modules\jsdom\lib\jsdom\living\events\EventTarget-impl.js:286:3)
    at HTMLUnknownElementImpl._dispatch (C:\Users\husey\kiro2\frontend\node_modules\jsdom\lib\jsdom\living\events\EventTarget-impl.js:233:9)
    at HTMLUnknownElementImpl.dispatchEvent (C:\Users\husey\kiro2\frontend\node_modules\jsdom\lib\jsdom\living\events\EventTarget-impl.js:104:17)
    at HTMLUnknownElement.dispatchEvent (C:\Users\husey\kiro2\frontend\node_modules\jsdom\lib\jsdom\living\generated\EventTarget.js:241:34)
    at Object.invokeGuardedCallbackDev (C:\Users\husey\kiro2\frontend\node_modules\react-dom\cjs\react-dom.development.js:4213:16)
    at invokeGuardedCallback (C:\Users\husey\kiro2\frontend\node_modules\react-dom\cjs\react-dom.development.js:4277:31)
    at beginWork$1 (C:\Users\husey\kiro2\frontend\node_modules\react-dom\cjs\react-dom.development.js:27490:7)
    at performUnitOfWork (C:\Users\husey\kiro2\frontend\node_modules\react-dom\cjs\react-dom.development.js:26599:12) TypeError: Cannot read properties of undefined (reading &apos;toFixed&apos;)
    at VideoAnalyticsDashboard [90m(C:\Users\husey\kiro2\frontend\[39msrc\components\VideoAnalytics\VideoAnalyticsDashboard.tsx:153:50[90m)[39m
    at renderWithHooks [90m(C:\Users\husey\kiro2\frontend\[39mnode_modules\[4mreact-dom[24m\cjs\react-dom.development.js:15486:18[90m)[39m
    at updateFunctionComponent [90m(C:\Users\husey\kiro2\frontend\[39mnode_modules\[4mreact-dom[24m\cjs\react-dom.development.js:19617:20[90m)[39m
    at beginWork [90m(C:\Users\husey\kiro2\frontend\[39mnode_modules\[4mreact-dom[24m\cjs\react-dom.development.js:21640:16[90m)[39m
    at HTMLUnknownElement.callCallback [90m(C:\Users\husey\kiro2\frontend\[39mnode_modules\[4mreact-dom[24m\cjs\react-dom.development.js:4164:14[90m)[39m
    at HTMLUnknownElement.callTheUserObjectsOperation [90m(C:\Users\husey\kiro2\frontend\[39mnode_modules\[4mjsdom[24m\lib\jsdom\living\generated\EventListener.js:26:30[90m)[39m
    at innerInvokeEventListeners [90m(C:\Users\husey\kiro2\frontend\[39mnode_modules\[4mjsdom[24m\lib\jsdom\living\events\EventTarget-impl.js:350:25[90m)[39m
    at invokeEventListeners [90m(C:\Users\husey\kiro2\frontend\[39mnode_modules\[4mjsdom[24m\lib\jsdom\living\events\EventTarget-impl.js:286:3[90m)[39m
    at HTMLUnknownElementImpl._dispatch [90m(C:\Users\husey\kiro2\frontend\[39mnode_modules\[4mjsdom[24m\lib\jsdom\living\events\EventTarget-impl.js:233:9[90m)[39m
    at HTMLUnknownElementImpl.dispatchEvent [90m(C:\Users\husey\kiro2\frontend\[39mnode_modules\[4mjsdom[24m\lib\jsdom\living\events\EventTarget-impl.js:104:17[90m)[39m
Error: Uncaught [TypeError: Cannot read properties of undefined (reading &apos;toFixed&apos;)]
    at reportException (C:\Users\husey\kiro2\frontend\node_modules\jsdom\lib\jsdom\living\helpers\runtime-script-errors.js:66:24)
    at innerInvokeEventListeners (C:\Users\husey\kiro2\frontend\node_modules\jsdom\lib\jsdom\living\events\EventTarget-impl.js:353:9)
    at invokeEventListeners (C:\Users\husey\kiro2\frontend\node_modules\jsdom\lib\jsdom\living\events\EventTarget-impl.js:286:3)
    at HTMLUnknownElementImpl._dispatch (C:\Users\husey\kiro2\frontend\node_modules\jsdom\lib\jsdom\living\events\EventTarget-impl.js:233:9)
    at HTMLUnknownElementImpl.dispatchEvent (C:\Users\husey\kiro2\frontend\node_modules\jsdom\lib\jsdom\living\events\EventTarget-impl.js:104:17)
    at HTMLUnknownElement.dispatchEvent (C:\Users\husey\kiro2\frontend\node_modules\jsdom\lib\jsdom\living\generated\EventTarget.js:241:34)
    at Object.invokeGuardedCallbackDev (C:\Users\husey\kiro2\frontend\node_modules\react-dom\cjs\react-dom.development.js:4213:16)
    at invokeGuardedCallback (C:\Users\husey\kiro2\frontend\node_modules\react-dom\cjs\react-dom.development.js:4277:31)
    at beginWork$1 (C:\Users\husey\kiro2\frontend\node_modules\react-dom\cjs\react-dom.development.js:27490:7)
    at performUnitOfWork (C:\Users\husey\kiro2\frontend\node_modules\react-dom\cjs\react-dom.development.js:26599:12) TypeError: Cannot read properties of undefined (reading &apos;toFixed&apos;)
    at VideoAnalyticsDashboard [90m(C:\Users\husey\kiro2\frontend\[39msrc\components\VideoAnalytics\VideoAnalyticsDashboard.tsx:153:50[90m)[39m
    at renderWithHooks [90m(C:\Users\husey\kiro2\frontend\[39mnode_modules\[4mreact-dom[24m\cjs\react-dom.development.js:15486:18[90m)[39m
    at updateFunctionComponent [90m(C:\Users\husey\kiro2\frontend\[39mnode_modules\[4mreact-dom[24m\cjs\react-dom.development.js:19617:20[90m)[39m
    at beginWork [90m(C:\Users\husey\kiro2\frontend\[39mnode_modules\[4mreact-dom[24m\cjs\react-dom.development.js:21640:16[90m)[39m
    at HTMLUnknownElement.callCallback [90m(C:\Users\husey\kiro2\frontend\[39mnode_modules\[4mreact-dom[24m\cjs\react-dom.development.js:4164:14[90m)[39m
    at HTMLUnknownElement.callTheUserObjectsOperation [90m(C:\Users\husey\kiro2\frontend\[39mnode_modules\[4mjsdom[24m\lib\jsdom\living\generated\EventListener.js:26:30[90m)[39m
    at innerInvokeEventListeners [90m(C:\Users\husey\kiro2\frontend\[39mnode_modules\[4mjsdom[24m\lib\jsdom\living\events\EventTarget-impl.js:350:25[90m)[39m
    at invokeEventListeners [90m(C:\Users\husey\kiro2\frontend\[39mnode_modules\[4mjsdom[24m\lib\jsdom\living\events\EventTarget-impl.js:286:3[90m)[39m
    at HTMLUnknownElementImpl._dispatch [90m(C:\Users\husey\kiro2\frontend\[39mnode_modules\[4mjsdom[24m\lib\jsdom\living\events\EventTarget-impl.js:233:9[90m)[39m
    at HTMLUnknownElementImpl.dispatchEvent [90m(C:\Users\husey\kiro2\frontend\[39mnode_modules\[4mjsdom[24m\lib\jsdom\living\events\EventTarget-impl.js:104:17[90m)[39m

            </system-err>
            <failure message="expected 0 to be greater than 0

Ignored nodes: comments, script, style
[36m&lt;html&gt;[39m
  [36m&lt;head /&gt;[39m
  [36m&lt;body&gt;[39m
    [36m&lt;div /&gt;[39m
  [36m&lt;/body&gt;[39m
[36m&lt;/html&gt;[39m" type="AssertionError">
AssertionError: expected 0 to be greater than 0

Ignored nodes: comments, script, style
&lt;html&gt;
  &lt;head /&gt;
  &lt;body&gt;
    &lt;div /&gt;
  &lt;/body&gt;
&lt;/html&gt;
 ❯ src/components/VideoAnalytics/__tests__/VideoAnalyticsDashboard.test.tsx:473:35
 ❯ runWithExpensiveErrorDiagnosticsDisabled node_modules/@testing-library/react/node_modules/@testing-library/dom/dist/config.js:47:12
 ❯ checkCallback node_modules/@testing-library/react/node_modules/@testing-library/dom/dist/wait-for.js:124:77
 ❯ Timeout.checkRealTimersCallback node_modules/@testing-library/react/node_modules/@testing-library/dom/dist/wait-for.js:118:16
            </failure>
        </testcase>
        <testcase classname="src/components/VideoAnalytics/__tests__/VideoAnalyticsDashboard.test.tsx" name="VideoAnalyticsDashboard - Source Breakdown &gt; sets correct width for source progress bars" time="1.0125242">
            <system-err>
Error: Uncaught [TypeError: Cannot read properties of undefined (reading &apos;toFixed&apos;)]
    at reportException (C:\Users\husey\kiro2\frontend\node_modules\jsdom\lib\jsdom\living\helpers\runtime-script-errors.js:66:24)
    at innerInvokeEventListeners (C:\Users\husey\kiro2\frontend\node_modules\jsdom\lib\jsdom\living\events\EventTarget-impl.js:353:9)
    at invokeEventListeners (C:\Users\husey\kiro2\frontend\node_modules\jsdom\lib\jsdom\living\events\EventTarget-impl.js:286:3)
    at HTMLUnknownElementImpl._dispatch (C:\Users\husey\kiro2\frontend\node_modules\jsdom\lib\jsdom\living\events\EventTarget-impl.js:233:9)
    at HTMLUnknownElementImpl.dispatchEvent (C:\Users\husey\kiro2\frontend\node_modules\jsdom\lib\jsdom\living\events\EventTarget-impl.js:104:17)
    at HTMLUnknownElement.dispatchEvent (C:\Users\husey\kiro2\frontend\node_modules\jsdom\lib\jsdom\living\generated\EventTarget.js:241:34)
    at Object.invokeGuardedCallbackDev (C:\Users\husey\kiro2\frontend\node_modules\react-dom\cjs\react-dom.development.js:4213:16)
    at invokeGuardedCallback (C:\Users\husey\kiro2\frontend\node_modules\react-dom\cjs\react-dom.development.js:4277:31)
    at beginWork$1 (C:\Users\husey\kiro2\frontend\node_modules\react-dom\cjs\react-dom.development.js:27490:7)
    at performUnitOfWork (C:\Users\husey\kiro2\frontend\node_modules\react-dom\cjs\react-dom.development.js:26599:12) TypeError: Cannot read properties of undefined (reading &apos;toFixed&apos;)
    at VideoAnalyticsDashboard [90m(C:\Users\husey\kiro2\frontend\[39msrc\components\VideoAnalytics\VideoAnalyticsDashboard.tsx:153:50[90m)[39m
    at renderWithHooks [90m(C:\Users\husey\kiro2\frontend\[39mnode_modules\[4mreact-dom[24m\cjs\react-dom.development.js:15486:18[90m)[39m
    at updateFunctionComponent [90m(C:\Users\husey\kiro2\frontend\[39mnode_modules\[4mreact-dom[24m\cjs\react-dom.development.js:19617:20[90m)[39m
    at beginWork [90m(C:\Users\husey\kiro2\frontend\[39mnode_modules\[4mreact-dom[24m\cjs\react-dom.development.js:21640:16[90m)[39m
    at HTMLUnknownElement.callCallback [90m(C:\Users\husey\kiro2\frontend\[39mnode_modules\[4mreact-dom[24m\cjs\react-dom.development.js:4164:14[90m)[39m
    at HTMLUnknownElement.callTheUserObjectsOperation [90m(C:\Users\husey\kiro2\frontend\[39mnode_modules\[4mjsdom[24m\lib\jsdom\living\generated\EventListener.js:26:30[90m)[39m
    at innerInvokeEventListeners [90m(C:\Users\husey\kiro2\frontend\[39mnode_modules\[4mjsdom[24m\lib\jsdom\living\events\EventTarget-impl.js:350:25[90m)[39m
    at invokeEventListeners [90m(C:\Users\husey\kiro2\frontend\[39mnode_modules\[4mjsdom[24m\lib\jsdom\living\events\EventTarget-impl.js:286:3[90m)[39m
    at HTMLUnknownElementImpl._dispatch [90m(C:\Users\husey\kiro2\frontend\[39mnode_modules\[4mjsdom[24m\lib\jsdom\living\events\EventTarget-impl.js:233:9[90m)[39m
    at HTMLUnknownElementImpl.dispatchEvent [90m(C:\Users\husey\kiro2\frontend\[39mnode_modules\[4mjsdom[24m\lib\jsdom\living\events\EventTarget-impl.js:104:17[90m)[39m
Error: Uncaught [TypeError: Cannot read properties of undefined (reading &apos;toFixed&apos;)]
    at reportException (C:\Users\husey\kiro2\frontend\node_modules\jsdom\lib\jsdom\living\helpers\runtime-script-errors.js:66:24)
    at innerInvokeEventListeners (C:\Users\husey\kiro2\frontend\node_modules\jsdom\lib\jsdom\living\events\EventTarget-impl.js:353:9)
    at invokeEventListeners (C:\Users\husey\kiro2\frontend\node_modules\jsdom\lib\jsdom\living\events\EventTarget-impl.js:286:3)
    at HTMLUnknownElementImpl._dispatch (C:\Users\husey\kiro2\frontend\node_modules\jsdom\lib\jsdom\living\events\EventTarget-impl.js:233:9)
    at HTMLUnknownElementImpl.dispatchEvent (C:\Users\husey\kiro2\frontend\node_modules\jsdom\lib\jsdom\living\events\EventTarget-impl.js:104:17)
    at HTMLUnknownElement.dispatchEvent (C:\Users\husey\kiro2\frontend\node_modules\jsdom\lib\jsdom\living\generated\EventTarget.js:241:34)
    at Object.invokeGuardedCallbackDev (C:\Users\husey\kiro2\frontend\node_modules\react-dom\cjs\react-dom.development.js:4213:16)
    at invokeGuardedCallback (C:\Users\husey\kiro2\frontend\node_modules\react-dom\cjs\react-dom.development.js:4277:31)
    at beginWork$1 (C:\Users\husey\kiro2\frontend\node_modules\react-dom\cjs\react-dom.development.js:27490:7)
    at performUnitOfWork (C:\Users\husey\kiro2\frontend\node_modules\react-dom\cjs\react-dom.development.js:26599:12) TypeError: Cannot read properties of undefined (reading &apos;toFixed&apos;)
    at VideoAnalyticsDashboard [90m(C:\Users\husey\kiro2\frontend\[39msrc\components\VideoAnalytics\VideoAnalyticsDashboard.tsx:153:50[90m)[39m
    at renderWithHooks [90m(C:\Users\husey\kiro2\frontend\[39mnode_modules\[4mreact-dom[24m\cjs\react-dom.development.js:15486:18[90m)[39m
    at updateFunctionComponent [90m(C:\Users\husey\kiro2\frontend\[39mnode_modules\[4mreact-dom[24m\cjs\react-dom.development.js:19617:20[90m)[39m
    at beginWork [90m(C:\Users\husey\kiro2\frontend\[39mnode_modules\[4mreact-dom[24m\cjs\react-dom.development.js:21640:16[90m)[39m
    at HTMLUnknownElement.callCallback [90m(C:\Users\husey\kiro2\frontend\[39mnode_modules\[4mreact-dom[24m\cjs\react-dom.development.js:4164:14[90m)[39m
    at HTMLUnknownElement.callTheUserObjectsOperation [90m(C:\Users\husey\kiro2\frontend\[39mnode_modules\[4mjsdom[24m\lib\jsdom\living\generated\EventListener.js:26:30[90m)[39m
    at innerInvokeEventListeners [90m(C:\Users\husey\kiro2\frontend\[39mnode_modules\[4mjsdom[24m\lib\jsdom\living\events\EventTarget-impl.js:350:25[90m)[39m
    at invokeEventListeners [90m(C:\Users\husey\kiro2\frontend\[39mnode_modules\[4mjsdom[24m\lib\jsdom\living\events\EventTarget-impl.js:286:3[90m)[39m
    at HTMLUnknownElementImpl._dispatch [90m(C:\Users\husey\kiro2\frontend\[39mnode_modules\[4mjsdom[24m\lib\jsdom\living\events\EventTarget-impl.js:233:9[90m)[39m
    at HTMLUnknownElementImpl.dispatchEvent [90m(C:\Users\husey\kiro2\frontend\[39mnode_modules\[4mjsdom[24m\lib\jsdom\living\events\EventTarget-impl.js:104:17[90m)[39m

            </system-err>
            <failure message="Cannot read properties of undefined (reading &apos;style&apos;)

Ignored nodes: comments, script, style
[36m&lt;html&gt;[39m
  [36m&lt;head /&gt;[39m
  [36m&lt;body&gt;[39m
    [36m&lt;div /&gt;[39m
  [36m&lt;/body&gt;[39m
[36m&lt;/html&gt;[39m" type="TypeError">
TypeError: Cannot read properties of undefined (reading &apos;style&apos;)

Ignored nodes: comments, script, style
&lt;html&gt;
  &lt;head /&gt;
  &lt;body&gt;
    &lt;div /&gt;
  &lt;/body&gt;
&lt;/html&gt;
 ❯ src/components/VideoAnalytics/__tests__/VideoAnalyticsDashboard.test.tsx:483:25
 ❯ runWithExpensiveErrorDiagnosticsDisabled node_modules/@testing-library/react/node_modules/@testing-library/dom/dist/config.js:47:12
 ❯ checkCallback node_modules/@testing-library/react/node_modules/@testing-library/dom/dist/wait-for.js:124:77
 ❯ Timeout.checkRealTimersCallback node_modules/@testing-library/react/node_modules/@testing-library/dom/dist/wait-for.js:118:16
            </failure>
        </testcase>
        <testcase classname="src/components/VideoAnalytics/__tests__/VideoAnalyticsDashboard.test.tsx" name="VideoAnalyticsDashboard - Subject Breakdown &gt; displays subject breakdown section" time="1.0148161">
            <system-err>
Error: Uncaught [TypeError: Cannot read properties of undefined (reading &apos;toFixed&apos;)]
    at reportException (C:\Users\husey\kiro2\frontend\node_modules\jsdom\lib\jsdom\living\helpers\runtime-script-errors.js:66:24)
    at innerInvokeEventListeners (C:\Users\husey\kiro2\frontend\node_modules\jsdom\lib\jsdom\living\events\EventTarget-impl.js:353:9)
    at invokeEventListeners (C:\Users\husey\kiro2\frontend\node_modules\jsdom\lib\jsdom\living\events\EventTarget-impl.js:286:3)
    at HTMLUnknownElementImpl._dispatch (C:\Users\husey\kiro2\frontend\node_modules\jsdom\lib\jsdom\living\events\EventTarget-impl.js:233:9)
    at HTMLUnknownElementImpl.dispatchEvent (C:\Users\husey\kiro2\frontend\node_modules\jsdom\lib\jsdom\living\events\EventTarget-impl.js:104:17)
    at HTMLUnknownElement.dispatchEvent (C:\Users\husey\kiro2\frontend\node_modules\jsdom\lib\jsdom\living\generated\EventTarget.js:241:34)
    at Object.invokeGuardedCallbackDev (C:\Users\husey\kiro2\frontend\node_modules\react-dom\cjs\react-dom.development.js:4213:16)
    at invokeGuardedCallback (C:\Users\husey\kiro2\frontend\node_modules\react-dom\cjs\react-dom.development.js:4277:31)
    at beginWork$1 (C:\Users\husey\kiro2\frontend\node_modules\react-dom\cjs\react-dom.development.js:27490:7)
    at performUnitOfWork (C:\Users\husey\kiro2\frontend\node_modules\react-dom\cjs\react-dom.development.js:26599:12) TypeError: Cannot read properties of undefined (reading &apos;toFixed&apos;)
    at VideoAnalyticsDashboard [90m(C:\Users\husey\kiro2\frontend\[39msrc\components\VideoAnalytics\VideoAnalyticsDashboard.tsx:153:50[90m)[39m
    at renderWithHooks [90m(C:\Users\husey\kiro2\frontend\[39mnode_modules\[4mreact-dom[24m\cjs\react-dom.development.js:15486:18[90m)[39m
    at updateFunctionComponent [90m(C:\Users\husey\kiro2\frontend\[39mnode_modules\[4mreact-dom[24m\cjs\react-dom.development.js:19617:20[90m)[39m
    at beginWork [90m(C:\Users\husey\kiro2\frontend\[39mnode_modules\[4mreact-dom[24m\cjs\react-dom.development.js:21640:16[90m)[39m
    at HTMLUnknownElement.callCallback [90m(C:\Users\husey\kiro2\frontend\[39mnode_modules\[4mreact-dom[24m\cjs\react-dom.development.js:4164:14[90m)[39m
    at HTMLUnknownElement.callTheUserObjectsOperation [90m(C:\Users\husey\kiro2\frontend\[39mnode_modules\[4mjsdom[24m\lib\jsdom\living\generated\EventListener.js:26:30[90m)[39m
    at innerInvokeEventListeners [90m(C:\Users\husey\kiro2\frontend\[39mnode_modules\[4mjsdom[24m\lib\jsdom\living\events\EventTarget-impl.js:350:25[90m)[39m
    at invokeEventListeners [90m(C:\Users\husey\kiro2\frontend\[39mnode_modules\[4mjsdom[24m\lib\jsdom\living\events\EventTarget-impl.js:286:3[90m)[39m
    at HTMLUnknownElementImpl._dispatch [90m(C:\Users\husey\kiro2\frontend\[39mnode_modules\[4mjsdom[24m\lib\jsdom\living\events\EventTarget-impl.js:233:9[90m)[39m
    at HTMLUnknownElementImpl.dispatchEvent [90m(C:\Users\husey\kiro2\frontend\[39mnode_modules\[4mjsdom[24m\lib\jsdom\living\events\EventTarget-impl.js:104:17[90m)[39m
Error: Uncaught [TypeError: Cannot read properties of undefined (reading &apos;toFixed&apos;)]
    at reportException (C:\Users\husey\kiro2\frontend\node_modules\jsdom\lib\jsdom\living\helpers\runtime-script-errors.js:66:24)
    at innerInvokeEventListeners (C:\Users\husey\kiro2\frontend\node_modules\jsdom\lib\jsdom\living\events\EventTarget-impl.js:353:9)
    at invokeEventListeners (C:\Users\husey\kiro2\frontend\node_modules\jsdom\lib\jsdom\living\events\EventTarget-impl.js:286:3)
    at HTMLUnknownElementImpl._dispatch (C:\Users\husey\kiro2\frontend\node_modules\jsdom\lib\jsdom\living\events\EventTarget-impl.js:233:9)
    at HTMLUnknownElementImpl.dispatchEvent (C:\Users\husey\kiro2\frontend\node_modules\jsdom\lib\jsdom\living\events\EventTarget-impl.js:104:17)
    at HTMLUnknownElement.dispatchEvent (C:\Users\husey\kiro2\frontend\node_modules\jsdom\lib\jsdom\living\generated\EventTarget.js:241:34)
    at Object.invokeGuardedCallbackDev (C:\Users\husey\kiro2\frontend\node_modules\react-dom\cjs\react-dom.development.js:4213:16)
    at invokeGuardedCallback (C:\Users\husey\kiro2\frontend\node_modules\react-dom\cjs\react-dom.development.js:4277:31)
    at beginWork$1 (C:\Users\husey\kiro2\frontend\node_modules\react-dom\cjs\react-dom.development.js:27490:7)
    at performUnitOfWork (C:\Users\husey\kiro2\frontend\node_modules\react-dom\cjs\react-dom.development.js:26599:12) TypeError: Cannot read properties of undefined (reading &apos;toFixed&apos;)
    at VideoAnalyticsDashboard [90m(C:\Users\husey\kiro2\frontend\[39msrc\components\VideoAnalytics\VideoAnalyticsDashboard.tsx:153:50[90m)[39m
    at renderWithHooks [90m(C:\Users\husey\kiro2\frontend\[39mnode_modules\[4mreact-dom[24m\cjs\react-dom.development.js:15486:18[90m)[39m
    at updateFunctionComponent [90m(C:\Users\husey\kiro2\frontend\[39mnode_modules\[4mreact-dom[24m\cjs\react-dom.development.js:19617:20[90m)[39m
    at beginWork [90m(C:\Users\husey\kiro2\frontend\[39mnode_modules\[4mreact-dom[24m\cjs\react-dom.development.js:21640:16[90m)[39m
    at HTMLUnknownElement.callCallback [90m(C:\Users\husey\kiro2\frontend\[39mnode_modules\[4mreact-dom[24m\cjs\react-dom.development.js:4164:14[90m)[39m
    at HTMLUnknownElement.callTheUserObjectsOperation [90m(C:\Users\husey\kiro2\frontend\[39mnode_modules\[4mjsdom[24m\lib\jsdom\living\generated\EventListener.js:26:30[90m)[39m
    at innerInvokeEventListeners [90m(C:\Users\husey\kiro2\frontend\[39mnode_modules\[4mjsdom[24m\lib\jsdom\living\events\EventTarget-impl.js:350:25[90m)[39m
    at invokeEventListeners [90m(C:\Users\husey\kiro2\frontend\[39mnode_modules\[4mjsdom[24m\lib\jsdom\living\events\EventTarget-impl.js:286:3[90m)[39m
    at HTMLUnknownElementImpl._dispatch [90m(C:\Users\husey\kiro2\frontend\[39mnode_modules\[4mjsdom[24m\lib\jsdom\living\events\EventTarget-impl.js:233:9[90m)[39m
    at HTMLUnknownElementImpl.dispatchEvent [90m(C:\Users\husey\kiro2\frontend\[39mnode_modules\[4mjsdom[24m\lib\jsdom\living\events\EventTarget-impl.js:104:17[90m)[39m

            </system-err>
            <failure message="Unable to find an element with the text: Ders Dağılımı. This could be because the text is broken up by multiple elements. In this case, you can provide a function for your text matcher to make your matcher more flexible.

Ignored nodes: comments, script, style
[36m&lt;body&gt;[39m
  [36m&lt;div /&gt;[39m
[36m&lt;/body&gt;[39m

Ignored nodes: comments, script, style
[36m&lt;html&gt;[39m
  [36m&lt;head /&gt;[39m
  [36m&lt;body&gt;[39m
    [36m&lt;div /&gt;[39m
  [36m&lt;/body&gt;[39m
[36m&lt;/html&gt;[39m" type="TestingLibraryElementError">
TestingLibraryElementError: Unable to find an element with the text: Ders Dağılımı. This could be because the text is broken up by multiple elements. In this case, you can provide a function for your text matcher to make your matcher more flexible.

Ignored nodes: comments, script, style
&lt;body&gt;
  &lt;div /&gt;
&lt;/body&gt;

Ignored nodes: comments, script, style
&lt;html&gt;
  &lt;head /&gt;
  &lt;body&gt;
    &lt;div /&gt;
  &lt;/body&gt;
&lt;/html&gt;
 ❯ waitForWrapper node_modules/@testing-library/react/node_modules/@testing-library/dom/dist/wait-for.js:163:27
 ❯ src/components/VideoAnalytics/__tests__/VideoAnalyticsDashboard.test.tsx:502:11
            </failure>
        </testcase>
        <testcase classname="src/components/VideoAnalytics/__tests__/VideoAnalyticsDashboard.test.tsx" name="VideoAnalyticsDashboard - Subject Breakdown &gt; displays all subjects" time="1.0041801">
            <system-err>
Error: Uncaught [TypeError: Cannot read properties of undefined (reading &apos;toFixed&apos;)]
    at reportException (C:\Users\husey\kiro2\frontend\node_modules\jsdom\lib\jsdom\living\helpers\runtime-script-errors.js:66:24)
    at innerInvokeEventListeners (C:\Users\husey\kiro2\frontend\node_modules\jsdom\lib\jsdom\living\events\EventTarget-impl.js:353:9)
    at invokeEventListeners (C:\Users\husey\kiro2\frontend\node_modules\jsdom\lib\jsdom\living\events\EventTarget-impl.js:286:3)
    at HTMLUnknownElementImpl._dispatch (C:\Users\husey\kiro2\frontend\node_modules\jsdom\lib\jsdom\living\events\EventTarget-impl.js:233:9)
    at HTMLUnknownElementImpl.dispatchEvent (C:\Users\husey\kiro2\frontend\node_modules\jsdom\lib\jsdom\living\events\EventTarget-impl.js:104:17)
    at HTMLUnknownElement.dispatchEvent (C:\Users\husey\kiro2\frontend\node_modules\jsdom\lib\jsdom\living\generated\EventTarget.js:241:34)
    at Object.invokeGuardedCallbackDev (C:\Users\husey\kiro2\frontend\node_modules\react-dom\cjs\react-dom.development.js:4213:16)
    at invokeGuardedCallback (C:\Users\husey\kiro2\frontend\node_modules\react-dom\cjs\react-dom.development.js:4277:31)
    at beginWork$1 (C:\Users\husey\kiro2\frontend\node_modules\react-dom\cjs\react-dom.development.js:27490:7)
    at performUnitOfWork (C:\Users\husey\kiro2\frontend\node_modules\react-dom\cjs\react-dom.development.js:26599:12) TypeError: Cannot read properties of undefined (reading &apos;toFixed&apos;)
    at VideoAnalyticsDashboard [90m(C:\Users\husey\kiro2\frontend\[39msrc\components\VideoAnalytics\VideoAnalyticsDashboard.tsx:153:50[90m)[39m
    at renderWithHooks [90m(C:\Users\husey\kiro2\frontend\[39mnode_modules\[4mreact-dom[24m\cjs\react-dom.development.js:15486:18[90m)[39m
    at updateFunctionComponent [90m(C:\Users\husey\kiro2\frontend\[39mnode_modules\[4mreact-dom[24m\cjs\react-dom.development.js:19617:20[90m)[39m
    at beginWork [90m(C:\Users\husey\kiro2\frontend\[39mnode_modules\[4mreact-dom[24m\cjs\react-dom.development.js:21640:16[90m)[39m
    at HTMLUnknownElement.callCallback [90m(C:\Users\husey\kiro2\frontend\[39mnode_modules\[4mreact-dom[24m\cjs\react-dom.development.js:4164:14[90m)[39m
    at HTMLUnknownElement.callTheUserObjectsOperation [90m(C:\Users\husey\kiro2\frontend\[39mnode_modules\[4mjsdom[24m\lib\jsdom\living\generated\EventListener.js:26:30[90m)[39m
    at innerInvokeEventListeners [90m(C:\Users\husey\kiro2\frontend\[39mnode_modules\[4mjsdom[24m\lib\jsdom\living\events\EventTarget-impl.js:350:25[90m)[39m
    at invokeEventListeners [90m(C:\Users\husey\kiro2\frontend\[39mnode_modules\[4mjsdom[24m\lib\jsdom\living\events\EventTarget-impl.js:286:3[90m)[39m
    at HTMLUnknownElementImpl._dispatch [90m(C:\Users\husey\kiro2\frontend\[39mnode_modules\[4mjsdom[24m\lib\jsdom\living\events\EventTarget-impl.js:233:9[90m)[39m
    at HTMLUnknownElementImpl.dispatchEvent [90m(C:\Users\husey\kiro2\frontend\[39mnode_modules\[4mjsdom[24m\lib\jsdom\living\events\EventTarget-impl.js:104:17[90m)[39m
Error: Uncaught [TypeError: Cannot read properties of undefined (reading &apos;toFixed&apos;)]
    at reportException (C:\Users\husey\kiro2\frontend\node_modules\jsdom\lib\jsdom\living\helpers\runtime-script-errors.js:66:24)
    at innerInvokeEventListeners (C:\Users\husey\kiro2\frontend\node_modules\jsdom\lib\jsdom\living\events\EventTarget-impl.js:353:9)
    at invokeEventListeners (C:\Users\husey\kiro2\frontend\node_modules\jsdom\lib\jsdom\living\events\EventTarget-impl.js:286:3)
    at HTMLUnknownElementImpl._dispatch (C:\Users\husey\kiro2\frontend\node_modules\jsdom\lib\jsdom\living\events\EventTarget-impl.js:233:9)
    at HTMLUnknownElementImpl.dispatchEvent (C:\Users\husey\kiro2\frontend\node_modules\jsdom\lib\jsdom\living\events\EventTarget-impl.js:104:17)
    at HTMLUnknownElement.dispatchEvent (C:\Users\husey\kiro2\frontend\node_modules\jsdom\lib\jsdom\living\generated\EventTarget.js:241:34)
    at Object.invokeGuardedCallbackDev (C:\Users\husey\kiro2\frontend\node_modules\react-dom\cjs\react-dom.development.js:4213:16)
    at invokeGuardedCallback (C:\Users\husey\kiro2\frontend\node_modules\react-dom\cjs\react-dom.development.js:4277:31)
    at beginWork$1 (C:\Users\husey\kiro2\frontend\node_modules\react-dom\cjs\react-dom.development.js:27490:7)
    at performUnitOfWork (C:\Users\husey\kiro2\frontend\node_modules\react-dom\cjs\react-dom.development.js:26599:12) TypeError: Cannot read properties of undefined (reading &apos;toFixed&apos;)
    at VideoAnalyticsDashboard [90m(C:\Users\husey\kiro2\frontend\[39msrc\components\VideoAnalytics\VideoAnalyticsDashboard.tsx:153:50[90m)[39m
    at renderWithHooks [90m(C:\Users\husey\kiro2\frontend\[39mnode_modules\[4mreact-dom[24m\cjs\react-dom.development.js:15486:18[90m)[39m
    at updateFunctionComponent [90m(C:\Users\husey\kiro2\frontend\[39mnode_modules\[4mreact-dom[24m\cjs\react-dom.development.js:19617:20[90m)[39m
    at beginWork [90m(C:\Users\husey\kiro2\frontend\[39mnode_modules\[4mreact-dom[24m\cjs\react-dom.development.js:21640:16[90m)[39m
    at HTMLUnknownElement.callCallback [90m(C:\Users\husey\kiro2\frontend\[39mnode_modules\[4mreact-dom[24m\cjs\react-dom.development.js:4164:14[90m)[39m
    at HTMLUnknownElement.callTheUserObjectsOperation [90m(C:\Users\husey\kiro2\frontend\[39mnode_modules\[4mjsdom[24m\lib\jsdom\living\generated\EventListener.js:26:30[90m)[39m
    at innerInvokeEventListeners [90m(C:\Users\husey\kiro2\frontend\[39mnode_modules\[4mjsdom[24m\lib\jsdom\living\events\EventTarget-impl.js:350:25[90m)[39m
    at invokeEventListeners [90m(C:\Users\husey\kiro2\frontend\[39mnode_modules\[4mjsdom[24m\lib\jsdom\living\events\EventTarget-impl.js:286:3[90m)[39m
    at HTMLUnknownElementImpl._dispatch [90m(C:\Users\husey\kiro2\frontend\[39mnode_modules\[4mjsdom[24m\lib\jsdom\living\events\EventTarget-impl.js:233:9[90m)[39m
    at HTMLUnknownElementImpl.dispatchEvent [90m(C:\Users\husey\kiro2\frontend\[39mnode_modules\[4mjsdom[24m\lib\jsdom\living\events\EventTarget-impl.js:104:17[90m)[39m

            </system-err>
            <failure message="Unable to find an element with the text: Matematik. This could be because the text is broken up by multiple elements. In this case, you can provide a function for your text matcher to make your matcher more flexible.

Ignored nodes: comments, script, style
[36m&lt;body&gt;[39m
  [36m&lt;div /&gt;[39m
[36m&lt;/body&gt;[39m

Ignored nodes: comments, script, style
[36m&lt;html&gt;[39m
  [36m&lt;head /&gt;[39m
  [36m&lt;body&gt;[39m
    [36m&lt;div /&gt;[39m
  [36m&lt;/body&gt;[39m
[36m&lt;/html&gt;[39m" type="TestingLibraryElementError">
TestingLibraryElementError: Unable to find an element with the text: Matematik. This could be because the text is broken up by multiple elements. In this case, you can provide a function for your text matcher to make your matcher more flexible.

Ignored nodes: comments, script, style
&lt;body&gt;
  &lt;div /&gt;
&lt;/body&gt;

Ignored nodes: comments, script, style
&lt;html&gt;
  &lt;head /&gt;
  &lt;body&gt;
    &lt;div /&gt;
  &lt;/body&gt;
&lt;/html&gt;
 ❯ waitForWrapper node_modules/@testing-library/react/node_modules/@testing-library/dom/dist/wait-for.js:163:27
 ❯ src/components/VideoAnalytics/__tests__/VideoAnalyticsDashboard.test.tsx:510:11
            </failure>
        </testcase>
        <testcase classname="src/components/VideoAnalytics/__tests__/VideoAnalyticsDashboard.test.tsx" name="VideoAnalyticsDashboard - Subject Breakdown &gt; displays video counts for each subject" time="1.0183072">
            <system-err>
Error: Uncaught [TypeError: Cannot read properties of undefined (reading &apos;toFixed&apos;)]
    at reportException (C:\Users\husey\kiro2\frontend\node_modules\jsdom\lib\jsdom\living\helpers\runtime-script-errors.js:66:24)
    at innerInvokeEventListeners (C:\Users\husey\kiro2\frontend\node_modules\jsdom\lib\jsdom\living\events\EventTarget-impl.js:353:9)
    at invokeEventListeners (C:\Users\husey\kiro2\frontend\node_modules\jsdom\lib\jsdom\living\events\EventTarget-impl.js:286:3)
    at HTMLUnknownElementImpl._dispatch (C:\Users\husey\kiro2\frontend\node_modules\jsdom\lib\jsdom\living\events\EventTarget-impl.js:233:9)
    at HTMLUnknownElementImpl.dispatchEvent (C:\Users\husey\kiro2\frontend\node_modules\jsdom\lib\jsdom\living\events\EventTarget-impl.js:104:17)
    at HTMLUnknownElement.dispatchEvent (C:\Users\husey\kiro2\frontend\node_modules\jsdom\lib\jsdom\living\generated\EventTarget.js:241:34)
    at Object.invokeGuardedCallbackDev (C:\Users\husey\kiro2\frontend\node_modules\react-dom\cjs\react-dom.development.js:4213:16)
    at invokeGuardedCallback (C:\Users\husey\kiro2\frontend\node_modules\react-dom\cjs\react-dom.development.js:4277:31)
    at beginWork$1 (C:\Users\husey\kiro2\frontend\node_modules\react-dom\cjs\react-dom.development.js:27490:7)
    at performUnitOfWork (C:\Users\husey\kiro2\frontend\node_modules\react-dom\cjs\react-dom.development.js:26599:12) TypeError: Cannot read properties of undefined (reading &apos;toFixed&apos;)
    at VideoAnalyticsDashboard [90m(C:\Users\husey\kiro2\frontend\[39msrc\components\VideoAnalytics\VideoAnalyticsDashboard.tsx:153:50[90m)[39m
    at renderWithHooks [90m(C:\Users\husey\kiro2\frontend\[39mnode_modules\[4mreact-dom[24m\cjs\react-dom.development.js:15486:18[90m)[39m
    at updateFunctionComponent [90m(C:\Users\husey\kiro2\frontend\[39mnode_modules\[4mreact-dom[24m\cjs\react-dom.development.js:19617:20[90m)[39m
    at beginWork [90m(C:\Users\husey\kiro2\frontend\[39mnode_modules\[4mreact-dom[24m\cjs\react-dom.development.js:21640:16[90m)[39m
    at HTMLUnknownElement.callCallback [90m(C:\Users\husey\kiro2\frontend\[39mnode_modules\[4mreact-dom[24m\cjs\react-dom.development.js:4164:14[90m)[39m
    at HTMLUnknownElement.callTheUserObjectsOperation [90m(C:\Users\husey\kiro2\frontend\[39mnode_modules\[4mjsdom[24m\lib\jsdom\living\generated\EventListener.js:26:30[90m)[39m
    at innerInvokeEventListeners [90m(C:\Users\husey\kiro2\frontend\[39mnode_modules\[4mjsdom[24m\lib\jsdom\living\events\EventTarget-impl.js:350:25[90m)[39m
    at invokeEventListeners [90m(C:\Users\husey\kiro2\frontend\[39mnode_modules\[4mjsdom[24m\lib\jsdom\living\events\EventTarget-impl.js:286:3[90m)[39m
    at HTMLUnknownElementImpl._dispatch [90m(C:\Users\husey\kiro2\frontend\[39mnode_modules\[4mjsdom[24m\lib\jsdom\living\events\EventTarget-impl.js:233:9[90m)[39m
    at HTMLUnknownElementImpl.dispatchEvent [90m(C:\Users\husey\kiro2\frontend\[39mnode_modules\[4mjsdom[24m\lib\jsdom\living\events\EventTarget-impl.js:104:17[90m)[39m
Error: Uncaught [TypeError: Cannot read properties of undefined (reading &apos;toFixed&apos;)]
    at reportException (C:\Users\husey\kiro2\frontend\node_modules\jsdom\lib\jsdom\living\helpers\runtime-script-errors.js:66:24)
    at innerInvokeEventListeners (C:\Users\husey\kiro2\frontend\node_modules\jsdom\lib\jsdom\living\events\EventTarget-impl.js:353:9)
    at invokeEventListeners (C:\Users\husey\kiro2\frontend\node_modules\jsdom\lib\jsdom\living\events\EventTarget-impl.js:286:3)
    at HTMLUnknownElementImpl._dispatch (C:\Users\husey\kiro2\frontend\node_modules\jsdom\lib\jsdom\living\events\EventTarget-impl.js:233:9)
    at HTMLUnknownElementImpl.dispatchEvent (C:\Users\husey\kiro2\frontend\node_modules\jsdom\lib\jsdom\living\events\EventTarget-impl.js:104:17)
    at HTMLUnknownElement.dispatchEvent (C:\Users\husey\kiro2\frontend\node_modules\jsdom\lib\jsdom\living\generated\EventTarget.js:241:34)
    at Object.invokeGuardedCallbackDev (C:\Users\husey\kiro2\frontend\node_modules\react-dom\cjs\react-dom.development.js:4213:16)
    at invokeGuardedCallback (C:\Users\husey\kiro2\frontend\node_modules\react-dom\cjs\react-dom.development.js:4277:31)
    at beginWork$1 (C:\Users\husey\kiro2\frontend\node_modules\react-dom\cjs\react-dom.development.js:27490:7)
    at performUnitOfWork (C:\Users\husey\kiro2\frontend\node_modules\react-dom\cjs\react-dom.development.js:26599:12) TypeError: Cannot read properties of undefined (reading &apos;toFixed&apos;)
    at VideoAnalyticsDashboard [90m(C:\Users\husey\kiro2\frontend\[39msrc\components\VideoAnalytics\VideoAnalyticsDashboard.tsx:153:50[90m)[39m
    at renderWithHooks [90m(C:\Users\husey\kiro2\frontend\[39mnode_modules\[4mreact-dom[24m\cjs\react-dom.development.js:15486:18[90m)[39m
    at updateFunctionComponent [90m(C:\Users\husey\kiro2\frontend\[39mnode_modules\[4mreact-dom[24m\cjs\react-dom.development.js:19617:20[90m)[39m
    at beginWork [90m(C:\Users\husey\kiro2\frontend\[39mnode_modules\[4mreact-dom[24m\cjs\react-dom.development.js:21640:16[90m)[39m
    at HTMLUnknownElement.callCallback [90m(C:\Users\husey\kiro2\frontend\[39mnode_modules\[4mreact-dom[24m\cjs\react-dom.development.js:4164:14[90m)[39m
    at HTMLUnknownElement.callTheUserObjectsOperation [90m(C:\Users\husey\kiro2\frontend\[39mnode_modules\[4mjsdom[24m\lib\jsdom\living\generated\EventListener.js:26:30[90m)[39m
    at innerInvokeEventListeners [90m(C:\Users\husey\kiro2\frontend\[39mnode_modules\[4mjsdom[24m\lib\jsdom\living\events\EventTarget-impl.js:350:25[90m)[39m
    at invokeEventListeners [90m(C:\Users\husey\kiro2\frontend\[39mnode_modules\[4mjsdom[24m\lib\jsdom\living\events\EventTarget-impl.js:286:3[90m)[39m
    at HTMLUnknownElementImpl._dispatch [90m(C:\Users\husey\kiro2\frontend\[39mnode_modules\[4mjsdom[24m\lib\jsdom\living\events\EventTarget-impl.js:233:9[90m)[39m
    at HTMLUnknownElementImpl.dispatchEvent [90m(C:\Users\husey\kiro2\frontend\[39mnode_modules\[4mjsdom[24m\lib\jsdom\living\events\EventTarget-impl.js:104:17[90m)[39m

            </system-err>
            <failure message="Unable to find an element with the text: /video/. This could be because the text is broken up by multiple elements. In this case, you can provide a function for your text matcher to make your matcher more flexible.

Ignored nodes: comments, script, style
[36m&lt;body&gt;[39m
  [36m&lt;div /&gt;[39m
[36m&lt;/body&gt;[39m

Ignored nodes: comments, script, style
[36m&lt;html&gt;[39m
  [36m&lt;head /&gt;[39m
  [36m&lt;body&gt;[39m
    [36m&lt;div /&gt;[39m
  [36m&lt;/body&gt;[39m
[36m&lt;/html&gt;[39m" type="TestingLibraryElementError">
TestingLibraryElementError: Unable to find an element with the text: /video/. This could be because the text is broken up by multiple elements. In this case, you can provide a function for your text matcher to make your matcher more flexible.

Ignored nodes: comments, script, style
&lt;body&gt;
  &lt;div /&gt;
&lt;/body&gt;

Ignored nodes: comments, script, style
&lt;html&gt;
  &lt;head /&gt;
  &lt;body&gt;
    &lt;div /&gt;
  &lt;/body&gt;
&lt;/html&gt;
 ❯ waitForWrapper node_modules/@testing-library/react/node_modules/@testing-library/dom/dist/wait-for.js:163:27
 ❯ src/components/VideoAnalytics/__tests__/VideoAnalyticsDashboard.test.tsx:520:11
            </failure>
        </testcase>
        <testcase classname="src/components/VideoAnalytics/__tests__/VideoAnalyticsDashboard.test.tsx" name="VideoAnalyticsDashboard - Subject Breakdown &gt; hides subject breakdown when empty" time="0.0178148">
            <system-err>
Error: Uncaught [TypeError: Cannot read properties of undefined (reading &apos;toFixed&apos;)]
    at reportException (C:\Users\husey\kiro2\frontend\node_modules\jsdom\lib\jsdom\living\helpers\runtime-script-errors.js:66:24)
    at innerInvokeEventListeners (C:\Users\husey\kiro2\frontend\node_modules\jsdom\lib\jsdom\living\events\EventTarget-impl.js:353:9)
    at invokeEventListeners (C:\Users\husey\kiro2\frontend\node_modules\jsdom\lib\jsdom\living\events\EventTarget-impl.js:286:3)
    at HTMLUnknownElementImpl._dispatch (C:\Users\husey\kiro2\frontend\node_modules\jsdom\lib\jsdom\living\events\EventTarget-impl.js:233:9)
    at HTMLUnknownElementImpl.dispatchEvent (C:\Users\husey\kiro2\frontend\node_modules\jsdom\lib\jsdom\living\events\EventTarget-impl.js:104:17)
    at HTMLUnknownElement.dispatchEvent (C:\Users\husey\kiro2\frontend\node_modules\jsdom\lib\jsdom\living\generated\EventTarget.js:241:34)
    at Object.invokeGuardedCallbackDev (C:\Users\husey\kiro2\frontend\node_modules\react-dom\cjs\react-dom.development.js:4213:16)
    at invokeGuardedCallback (C:\Users\husey\kiro2\frontend\node_modules\react-dom\cjs\react-dom.development.js:4277:31)
    at beginWork$1 (C:\Users\husey\kiro2\frontend\node_modules\react-dom\cjs\react-dom.development.js:27490:7)
    at performUnitOfWork (C:\Users\husey\kiro2\frontend\node_modules\react-dom\cjs\react-dom.development.js:26599:12) TypeError: Cannot read properties of undefined (reading &apos;toFixed&apos;)
    at VideoAnalyticsDashboard [90m(C:\Users\husey\kiro2\frontend\[39msrc\components\VideoAnalytics\VideoAnalyticsDashboard.tsx:153:50[90m)[39m
    at renderWithHooks [90m(C:\Users\husey\kiro2\frontend\[39mnode_modules\[4mreact-dom[24m\cjs\react-dom.development.js:15486:18[90m)[39m
    at updateFunctionComponent [90m(C:\Users\husey\kiro2\frontend\[39mnode_modules\[4mreact-dom[24m\cjs\react-dom.development.js:19617:20[90m)[39m
    at beginWork [90m(C:\Users\husey\kiro2\frontend\[39mnode_modules\[4mreact-dom[24m\cjs\react-dom.development.js:21640:16[90m)[39m
    at HTMLUnknownElement.callCallback [90m(C:\Users\husey\kiro2\frontend\[39mnode_modules\[4mreact-dom[24m\cjs\react-dom.development.js:4164:14[90m)[39m
    at HTMLUnknownElement.callTheUserObjectsOperation [90m(C:\Users\husey\kiro2\frontend\[39mnode_modules\[4mjsdom[24m\lib\jsdom\living\generated\EventListener.js:26:30[90m)[39m
    at innerInvokeEventListeners [90m(C:\Users\husey\kiro2\frontend\[39mnode_modules\[4mjsdom[24m\lib\jsdom\living\events\EventTarget-impl.js:350:25[90m)[39m
    at invokeEventListeners [90m(C:\Users\husey\kiro2\frontend\[39mnode_modules\[4mjsdom[24m\lib\jsdom\living\events\EventTarget-impl.js:286:3[90m)[39m
    at HTMLUnknownElementImpl._dispatch [90m(C:\Users\husey\kiro2\frontend\[39mnode_modules\[4mjsdom[24m\lib\jsdom\living\events\EventTarget-impl.js:233:9[90m)[39m
    at HTMLUnknownElementImpl.dispatchEvent [90m(C:\Users\husey\kiro2\frontend\[39mnode_modules\[4mjsdom[24m\lib\jsdom\living\events\EventTarget-impl.js:104:17[90m)[39m
Error: Uncaught [TypeError: Cannot read properties of undefined (reading &apos;toFixed&apos;)]
    at reportException (C:\Users\husey\kiro2\frontend\node_modules\jsdom\lib\jsdom\living\helpers\runtime-script-errors.js:66:24)
    at innerInvokeEventListeners (C:\Users\husey\kiro2\frontend\node_modules\jsdom\lib\jsdom\living\events\EventTarget-impl.js:353:9)
    at invokeEventListeners (C:\Users\husey\kiro2\frontend\node_modules\jsdom\lib\jsdom\living\events\EventTarget-impl.js:286:3)
    at HTMLUnknownElementImpl._dispatch (C:\Users\husey\kiro2\frontend\node_modules\jsdom\lib\jsdom\living\events\EventTarget-impl.js:233:9)
    at HTMLUnknownElementImpl.dispatchEvent (C:\Users\husey\kiro2\frontend\node_modules\jsdom\lib\jsdom\living\events\EventTarget-impl.js:104:17)
    at HTMLUnknownElement.dispatchEvent (C:\Users\husey\kiro2\frontend\node_modules\jsdom\lib\jsdom\living\generated\EventTarget.js:241:34)
    at Object.invokeGuardedCallbackDev (C:\Users\husey\kiro2\frontend\node_modules\react-dom\cjs\react-dom.development.js:4213:16)
    at invokeGuardedCallback (C:\Users\husey\kiro2\frontend\node_modules\react-dom\cjs\react-dom.development.js:4277:31)
    at beginWork$1 (C:\Users\husey\kiro2\frontend\node_modules\react-dom\cjs\react-dom.development.js:27490:7)
    at performUnitOfWork (C:\Users\husey\kiro2\frontend\node_modules\react-dom\cjs\react-dom.development.js:26599:12) TypeError: Cannot read properties of undefined (reading &apos;toFixed&apos;)
    at VideoAnalyticsDashboard [90m(C:\Users\husey\kiro2\frontend\[39msrc\components\VideoAnalytics\VideoAnalyticsDashboard.tsx:153:50[90m)[39m
    at renderWithHooks [90m(C:\Users\husey\kiro2\frontend\[39mnode_modules\[4mreact-dom[24m\cjs\react-dom.development.js:15486:18[90m)[39m
    at updateFunctionComponent [90m(C:\Users\husey\kiro2\frontend\[39mnode_modules\[4mreact-dom[24m\cjs\react-dom.development.js:19617:20[90m)[39m
    at beginWork [90m(C:\Users\husey\kiro2\frontend\[39mnode_modules\[4mreact-dom[24m\cjs\react-dom.development.js:21640:16[90m)[39m
    at HTMLUnknownElement.callCallback [90m(C:\Users\husey\kiro2\frontend\[39mnode_modules\[4mreact-dom[24m\cjs\react-dom.development.js:4164:14[90m)[39m
    at HTMLUnknownElement.callTheUserObjectsOperation [90m(C:\Users\husey\kiro2\frontend\[39mnode_modules\[4mjsdom[24m\lib\jsdom\living\generated\EventListener.js:26:30[90m)[39m
    at innerInvokeEventListeners [90m(C:\Users\husey\kiro2\frontend\[39mnode_modules\[4mjsdom[24m\lib\jsdom\living\events\EventTarget-impl.js:350:25[90m)[39m
    at invokeEventListeners [90m(C:\Users\husey\kiro2\frontend\[39mnode_modules\[4mjsdom[24m\lib\jsdom\living\events\EventTarget-impl.js:286:3[90m)[39m
    at HTMLUnknownElementImpl._dispatch [90m(C:\Users\husey\kiro2\frontend\[39mnode_modules\[4mjsdom[24m\lib\jsdom\living\events\EventTarget-impl.js:233:9[90m)[39m
    at HTMLUnknownElementImpl.dispatchEvent [90m(C:\Users\husey\kiro2\frontend\[39mnode_modules\[4mjsdom[24m\lib\jsdom\living\events\EventTarget-impl.js:104:17[90m)[39m

            </system-err>
        </testcase>
        <testcase classname="src/components/VideoAnalytics/__tests__/VideoAnalyticsDashboard.test.tsx" name="VideoAnalyticsDashboard - Insights &gt; displays insights section" time="1.0182836">
            <system-err>
Error: Uncaught [TypeError: Cannot read properties of undefined (reading &apos;toFixed&apos;)]
    at reportException (C:\Users\husey\kiro2\frontend\node_modules\jsdom\lib\jsdom\living\helpers\runtime-script-errors.js:66:24)
    at innerInvokeEventListeners (C:\Users\husey\kiro2\frontend\node_modules\jsdom\lib\jsdom\living\events\EventTarget-impl.js:353:9)
    at invokeEventListeners (C:\Users\husey\kiro2\frontend\node_modules\jsdom\lib\jsdom\living\events\EventTarget-impl.js:286:3)
    at HTMLUnknownElementImpl._dispatch (C:\Users\husey\kiro2\frontend\node_modules\jsdom\lib\jsdom\living\events\EventTarget-impl.js:233:9)
    at HTMLUnknownElementImpl.dispatchEvent (C:\Users\husey\kiro2\frontend\node_modules\jsdom\lib\jsdom\living\events\EventTarget-impl.js:104:17)
    at HTMLUnknownElement.dispatchEvent (C:\Users\husey\kiro2\frontend\node_modules\jsdom\lib\jsdom\living\generated\EventTarget.js:241:34)
    at Object.invokeGuardedCallbackDev (C:\Users\husey\kiro2\frontend\node_modules\react-dom\cjs\react-dom.development.js:4213:16)
    at invokeGuardedCallback (C:\Users\husey\kiro2\frontend\node_modules\react-dom\cjs\react-dom.development.js:4277:31)
    at beginWork$1 (C:\Users\husey\kiro2\frontend\node_modules\react-dom\cjs\react-dom.development.js:27490:7)
    at performUnitOfWork (C:\Users\husey\kiro2\frontend\node_modules\react-dom\cjs\react-dom.development.js:26599:12) TypeError: Cannot read properties of undefined (reading &apos;toFixed&apos;)
    at VideoAnalyticsDashboard [90m(C:\Users\husey\kiro2\frontend\[39msrc\components\VideoAnalytics\VideoAnalyticsDashboard.tsx:153:50[90m)[39m
    at renderWithHooks [90m(C:\Users\husey\kiro2\frontend\[39mnode_modules\[4mreact-dom[24m\cjs\react-dom.development.js:15486:18[90m)[39m
    at updateFunctionComponent [90m(C:\Users\husey\kiro2\frontend\[39mnode_modules\[4mreact-dom[24m\cjs\react-dom.development.js:19617:20[90m)[39m
    at beginWork [90m(C:\Users\husey\kiro2\frontend\[39mnode_modules\[4mreact-dom[24m\cjs\react-dom.development.js:21640:16[90m)[39m
    at HTMLUnknownElement.callCallback [90m(C:\Users\husey\kiro2\frontend\[39mnode_modules\[4mreact-dom[24m\cjs\react-dom.development.js:4164:14[90m)[39m
    at HTMLUnknownElement.callTheUserObjectsOperation [90m(C:\Users\husey\kiro2\frontend\[39mnode_modules\[4mjsdom[24m\lib\jsdom\living\generated\EventListener.js:26:30[90m)[39m
    at innerInvokeEventListeners [90m(C:\Users\husey\kiro2\frontend\[39mnode_modules\[4mjsdom[24m\lib\jsdom\living\events\EventTarget-impl.js:350:25[90m)[39m
    at invokeEventListeners [90m(C:\Users\husey\kiro2\frontend\[39mnode_modules\[4mjsdom[24m\lib\jsdom\living\events\EventTarget-impl.js:286:3[90m)[39m
    at HTMLUnknownElementImpl._dispatch [90m(C:\Users\husey\kiro2\frontend\[39mnode_modules\[4mjsdom[24m\lib\jsdom\living\events\EventTarget-impl.js:233:9[90m)[39m
    at HTMLUnknownElementImpl.dispatchEvent [90m(C:\Users\husey\kiro2\frontend\[39mnode_modules\[4mjsdom[24m\lib\jsdom\living\events\EventTarget-impl.js:104:17[90m)[39m
Error: Uncaught [TypeError: Cannot read properties of undefined (reading &apos;toFixed&apos;)]
    at reportException (C:\Users\husey\kiro2\frontend\node_modules\jsdom\lib\jsdom\living\helpers\runtime-script-errors.js:66:24)
    at innerInvokeEventListeners (C:\Users\husey\kiro2\frontend\node_modules\jsdom\lib\jsdom\living\events\EventTarget-impl.js:353:9)
    at invokeEventListeners (C:\Users\husey\kiro2\frontend\node_modules\jsdom\lib\jsdom\living\events\EventTarget-impl.js:286:3)
    at HTMLUnknownElementImpl._dispatch (C:\Users\husey\kiro2\frontend\node_modules\jsdom\lib\jsdom\living\events\EventTarget-impl.js:233:9)
    at HTMLUnknownElementImpl.dispatchEvent (C:\Users\husey\kiro2\frontend\node_modules\jsdom\lib\jsdom\living\events\EventTarget-impl.js:104:17)
    at HTMLUnknownElement.dispatchEvent (C:\Users\husey\kiro2\frontend\node_modules\jsdom\lib\jsdom\living\generated\EventTarget.js:241:34)
    at Object.invokeGuardedCallbackDev (C:\Users\husey\kiro2\frontend\node_modules\react-dom\cjs\react-dom.development.js:4213:16)
    at invokeGuardedCallback (C:\Users\husey\kiro2\frontend\node_modules\react-dom\cjs\react-dom.development.js:4277:31)
    at beginWork$1 (C:\Users\husey\kiro2\frontend\node_modules\react-dom\cjs\react-dom.development.js:27490:7)
    at performUnitOfWork (C:\Users\husey\kiro2\frontend\node_modules\react-dom\cjs\react-dom.development.js:26599:12) TypeError: Cannot read properties of undefined (reading &apos;toFixed&apos;)
    at VideoAnalyticsDashboard [90m(C:\Users\husey\kiro2\frontend\[39msrc\components\VideoAnalytics\VideoAnalyticsDashboard.tsx:153:50[90m)[39m
    at renderWithHooks [90m(C:\Users\husey\kiro2\frontend\[39mnode_modules\[4mreact-dom[24m\cjs\react-dom.development.js:15486:18[90m)[39m
    at updateFunctionComponent [90m(C:\Users\husey\kiro2\frontend\[39mnode_modules\[4mreact-dom[24m\cjs\react-dom.development.js:19617:20[90m)[39m
    at beginWork [90m(C:\Users\husey\kiro2\frontend\[39mnode_modules\[4mreact-dom[24m\cjs\react-dom.development.js:21640:16[90m)[39m
    at HTMLUnknownElement.callCallback [90m(C:\Users\husey\kiro2\frontend\[39mnode_modules\[4mreact-dom[24m\cjs\react-dom.development.js:4164:14[90m)[39m
    at HTMLUnknownElement.callTheUserObjectsOperation [90m(C:\Users\husey\kiro2\frontend\[39mnode_modules\[4mjsdom[24m\lib\jsdom\living\generated\EventListener.js:26:30[90m)[39m
    at innerInvokeEventListeners [90m(C:\Users\husey\kiro2\frontend\[39mnode_modules\[4mjsdom[24m\lib\jsdom\living\events\EventTarget-impl.js:350:25[90m)[39m
    at invokeEventListeners [90m(C:\Users\husey\kiro2\frontend\[39mnode_modules\[4mjsdom[24m\lib\jsdom\living\events\EventTarget-impl.js:286:3[90m)[39m
    at HTMLUnknownElementImpl._dispatch [90m(C:\Users\husey\kiro2\frontend\[39mnode_modules\[4mjsdom[24m\lib\jsdom\living\events\EventTarget-impl.js:233:9[90m)[39m
    at HTMLUnknownElementImpl.dispatchEvent [90m(C:\Users\husey\kiro2\frontend\[39mnode_modules\[4mjsdom[24m\lib\jsdom\living\events\EventTarget-impl.js:104:17[90m)[39m

            </system-err>
            <failure message="Unable to find an element with the text: İçgörüler. This could be because the text is broken up by multiple elements. In this case, you can provide a function for your text matcher to make your matcher more flexible.

Ignored nodes: comments, script, style
[36m&lt;body&gt;[39m
  [36m&lt;div /&gt;[39m
[36m&lt;/body&gt;[39m

Ignored nodes: comments, script, style
[36m&lt;html&gt;[39m
  [36m&lt;head /&gt;[39m
  [36m&lt;body&gt;[39m
    [36m&lt;div /&gt;[39m
  [36m&lt;/body&gt;[39m
[36m&lt;/html&gt;[39m" type="TestingLibraryElementError">
TestingLibraryElementError: Unable to find an element with the text: İçgörüler. This could be because the text is broken up by multiple elements. In this case, you can provide a function for your text matcher to make your matcher more flexible.

Ignored nodes: comments, script, style
&lt;body&gt;
  &lt;div /&gt;
&lt;/body&gt;

Ignored nodes: comments, script, style
&lt;html&gt;
  &lt;head /&gt;
  &lt;body&gt;
    &lt;div /&gt;
  &lt;/body&gt;
&lt;/html&gt;
 ❯ waitForWrapper node_modules/@testing-library/react/node_modules/@testing-library/dom/dist/wait-for.js:163:27
 ❯ src/components/VideoAnalytics/__tests__/VideoAnalyticsDashboard.test.tsx:555:11
            </failure>
        </testcase>
        <testcase classname="src/components/VideoAnalytics/__tests__/VideoAnalyticsDashboard.test.tsx" name="VideoAnalyticsDashboard - Insights &gt; shows success insight for high completion rate" time="1.0180904">
            <system-err>
Error: Uncaught [TypeError: Cannot read properties of undefined (reading &apos;toFixed&apos;)]
    at reportException (C:\Users\husey\kiro2\frontend\node_modules\jsdom\lib\jsdom\living\helpers\runtime-script-errors.js:66:24)
    at innerInvokeEventListeners (C:\Users\husey\kiro2\frontend\node_modules\jsdom\lib\jsdom\living\events\EventTarget-impl.js:353:9)
    at invokeEventListeners (C:\Users\husey\kiro2\frontend\node_modules\jsdom\lib\jsdom\living\events\EventTarget-impl.js:286:3)
    at HTMLUnknownElementImpl._dispatch (C:\Users\husey\kiro2\frontend\node_modules\jsdom\lib\jsdom\living\events\EventTarget-impl.js:233:9)
    at HTMLUnknownElementImpl.dispatchEvent (C:\Users\husey\kiro2\frontend\node_modules\jsdom\lib\jsdom\living\events\EventTarget-impl.js:104:17)
    at HTMLUnknownElement.dispatchEvent (C:\Users\husey\kiro2\frontend\node_modules\jsdom\lib\jsdom\living\generated\EventTarget.js:241:34)
    at Object.invokeGuardedCallbackDev (C:\Users\husey\kiro2\frontend\node_modules\react-dom\cjs\react-dom.development.js:4213:16)
    at invokeGuardedCallback (C:\Users\husey\kiro2\frontend\node_modules\react-dom\cjs\react-dom.development.js:4277:31)
    at beginWork$1 (C:\Users\husey\kiro2\frontend\node_modules\react-dom\cjs\react-dom.development.js:27490:7)
    at performUnitOfWork (C:\Users\husey\kiro2\frontend\node_modules\react-dom\cjs\react-dom.development.js:26599:12) TypeError: Cannot read properties of undefined (reading &apos;toFixed&apos;)
    at VideoAnalyticsDashboard [90m(C:\Users\husey\kiro2\frontend\[39msrc\components\VideoAnalytics\VideoAnalyticsDashboard.tsx:179:49[90m)[39m
    at renderWithHooks [90m(C:\Users\husey\kiro2\frontend\[39mnode_modules\[4mreact-dom[24m\cjs\react-dom.development.js:15486:18[90m)[39m
    at updateFunctionComponent [90m(C:\Users\husey\kiro2\frontend\[39mnode_modules\[4mreact-dom[24m\cjs\react-dom.development.js:19617:20[90m)[39m
    at beginWork [90m(C:\Users\husey\kiro2\frontend\[39mnode_modules\[4mreact-dom[24m\cjs\react-dom.development.js:21640:16[90m)[39m
    at HTMLUnknownElement.callCallback [90m(C:\Users\husey\kiro2\frontend\[39mnode_modules\[4mreact-dom[24m\cjs\react-dom.development.js:4164:14[90m)[39m
    at HTMLUnknownElement.callTheUserObjectsOperation [90m(C:\Users\husey\kiro2\frontend\[39mnode_modules\[4mjsdom[24m\lib\jsdom\living\generated\EventListener.js:26:30[90m)[39m
    at innerInvokeEventListeners [90m(C:\Users\husey\kiro2\frontend\[39mnode_modules\[4mjsdom[24m\lib\jsdom\living\events\EventTarget-impl.js:350:25[90m)[39m
    at invokeEventListeners [90m(C:\Users\husey\kiro2\frontend\[39mnode_modules\[4mjsdom[24m\lib\jsdom\living\events\EventTarget-impl.js:286:3[90m)[39m
    at HTMLUnknownElementImpl._dispatch [90m(C:\Users\husey\kiro2\frontend\[39mnode_modules\[4mjsdom[24m\lib\jsdom\living\events\EventTarget-impl.js:233:9[90m)[39m
    at HTMLUnknownElementImpl.dispatchEvent [90m(C:\Users\husey\kiro2\frontend\[39mnode_modules\[4mjsdom[24m\lib\jsdom\living\events\EventTarget-impl.js:104:17[90m)[39m
Error: Uncaught [TypeError: Cannot read properties of undefined (reading &apos;toFixed&apos;)]
    at reportException (C:\Users\husey\kiro2\frontend\node_modules\jsdom\lib\jsdom\living\helpers\runtime-script-errors.js:66:24)
    at innerInvokeEventListeners (C:\Users\husey\kiro2\frontend\node_modules\jsdom\lib\jsdom\living\events\EventTarget-impl.js:353:9)
    at invokeEventListeners (C:\Users\husey\kiro2\frontend\node_modules\jsdom\lib\jsdom\living\events\EventTarget-impl.js:286:3)
    at HTMLUnknownElementImpl._dispatch (C:\Users\husey\kiro2\frontend\node_modules\jsdom\lib\jsdom\living\events\EventTarget-impl.js:233:9)
    at HTMLUnknownElementImpl.dispatchEvent (C:\Users\husey\kiro2\frontend\node_modules\jsdom\lib\jsdom\living\events\EventTarget-impl.js:104:17)
    at HTMLUnknownElement.dispatchEvent (C:\Users\husey\kiro2\frontend\node_modules\jsdom\lib\jsdom\living\generated\EventTarget.js:241:34)
    at Object.invokeGuardedCallbackDev (C:\Users\husey\kiro2\frontend\node_modules\react-dom\cjs\react-dom.development.js:4213:16)
    at invokeGuardedCallback (C:\Users\husey\kiro2\frontend\node_modules\react-dom\cjs\react-dom.development.js:4277:31)
    at beginWork$1 (C:\Users\husey\kiro2\frontend\node_modules\react-dom\cjs\react-dom.development.js:27490:7)
    at performUnitOfWork (C:\Users\husey\kiro2\frontend\node_modules\react-dom\cjs\react-dom.development.js:26599:12) TypeError: Cannot read properties of undefined (reading &apos;toFixed&apos;)
    at VideoAnalyticsDashboard [90m(C:\Users\husey\kiro2\frontend\[39msrc\components\VideoAnalytics\VideoAnalyticsDashboard.tsx:179:49[90m)[39m
    at renderWithHooks [90m(C:\Users\husey\kiro2\frontend\[39mnode_modules\[4mreact-dom[24m\cjs\react-dom.development.js:15486:18[90m)[39m
    at updateFunctionComponent [90m(C:\Users\husey\kiro2\frontend\[39mnode_modules\[4mreact-dom[24m\cjs\react-dom.development.js:19617:20[90m)[39m
    at beginWork [90m(C:\Users\husey\kiro2\frontend\[39mnode_modules\[4mreact-dom[24m\cjs\react-dom.development.js:21640:16[90m)[39m
    at HTMLUnknownElement.callCallback [90m(C:\Users\husey\kiro2\frontend\[39mnode_modules\[4mreact-dom[24m\cjs\react-dom.development.js:4164:14[90m)[39m
    at HTMLUnknownElement.callTheUserObjectsOperation [90m(C:\Users\husey\kiro2\frontend\[39mnode_modules\[4mjsdom[24m\lib\jsdom\living\generated\EventListener.js:26:30[90m)[39m
    at innerInvokeEventListeners [90m(C:\Users\husey\kiro2\frontend\[39mnode_modules\[4mjsdom[24m\lib\jsdom\living\events\EventTarget-impl.js:350:25[90m)[39m
    at invokeEventListeners [90m(C:\Users\husey\kiro2\frontend\[39mnode_modules\[4mjsdom[24m\lib\jsdom\living\events\EventTarget-impl.js:286:3[90m)[39m
    at HTMLUnknownElementImpl._dispatch [90m(C:\Users\husey\kiro2\frontend\[39mnode_modules\[4mjsdom[24m\lib\jsdom\living\events\EventTarget-impl.js:233:9[90m)[39m
    at HTMLUnknownElementImpl.dispatchEvent [90m(C:\Users\husey\kiro2\frontend\[39mnode_modules\[4mjsdom[24m\lib\jsdom\living\events\EventTarget-impl.js:104:17[90m)[39m

            </system-err>
            <failure message="Unable to find an element with the text: /Harika! Videoları %85 oranında tamamlıyorsunuz/. This could be because the text is broken up by multiple elements. In this case, you can provide a function for your text matcher to make your matcher more flexible.

Ignored nodes: comments, script, style
[36m&lt;body&gt;[39m
  [36m&lt;div /&gt;[39m
[36m&lt;/body&gt;[39m

Ignored nodes: comments, script, style
[36m&lt;html&gt;[39m
  [36m&lt;head /&gt;[39m
  [36m&lt;body&gt;[39m
    [36m&lt;div /&gt;[39m
  [36m&lt;/body&gt;[39m
[36m&lt;/html&gt;[39m" type="TestingLibraryElementError">
TestingLibraryElementError: Unable to find an element with the text: /Harika! Videoları %85 oranında tamamlıyorsunuz/. This could be because the text is broken up by multiple elements. In this case, you can provide a function for your text matcher to make your matcher more flexible.

Ignored nodes: comments, script, style
&lt;body&gt;
  &lt;div /&gt;
&lt;/body&gt;

Ignored nodes: comments, script, style
&lt;html&gt;
  &lt;head /&gt;
  &lt;body&gt;
    &lt;div /&gt;
  &lt;/body&gt;
&lt;/html&gt;
 ❯ waitForWrapper node_modules/@testing-library/react/node_modules/@testing-library/dom/dist/wait-for.js:163:27
 ❯ src/components/VideoAnalytics/__tests__/VideoAnalyticsDashboard.test.tsx:570:11
            </failure>
        </testcase>
        <testcase classname="src/components/VideoAnalytics/__tests__/VideoAnalyticsDashboard.test.tsx" name="VideoAnalyticsDashboard - Insights &gt; shows fast learner insight for high playback speed" time="1.0204053">
            <system-err>
Error: Uncaught [TypeError: Cannot read properties of undefined (reading &apos;toFixed&apos;)]
    at reportException (C:\Users\husey\kiro2\frontend\node_modules\jsdom\lib\jsdom\living\helpers\runtime-script-errors.js:66:24)
    at innerInvokeEventListeners (C:\Users\husey\kiro2\frontend\node_modules\jsdom\lib\jsdom\living\events\EventTarget-impl.js:353:9)
    at invokeEventListeners (C:\Users\husey\kiro2\frontend\node_modules\jsdom\lib\jsdom\living\events\EventTarget-impl.js:286:3)
    at HTMLUnknownElementImpl._dispatch (C:\Users\husey\kiro2\frontend\node_modules\jsdom\lib\jsdom\living\events\EventTarget-impl.js:233:9)
    at HTMLUnknownElementImpl.dispatchEvent (C:\Users\husey\kiro2\frontend\node_modules\jsdom\lib\jsdom\living\events\EventTarget-impl.js:104:17)
    at HTMLUnknownElement.dispatchEvent (C:\Users\husey\kiro2\frontend\node_modules\jsdom\lib\jsdom\living\generated\EventTarget.js:241:34)
    at Object.invokeGuardedCallbackDev (C:\Users\husey\kiro2\frontend\node_modules\react-dom\cjs\react-dom.development.js:4213:16)
    at invokeGuardedCallback (C:\Users\husey\kiro2\frontend\node_modules\react-dom\cjs\react-dom.development.js:4277:31)
    at beginWork$1 (C:\Users\husey\kiro2\frontend\node_modules\react-dom\cjs\react-dom.development.js:27490:7)
    at performUnitOfWork (C:\Users\husey\kiro2\frontend\node_modules\react-dom\cjs\react-dom.development.js:26599:12) TypeError: Cannot read properties of undefined (reading &apos;toFixed&apos;)
    at VideoAnalyticsDashboard [90m(C:\Users\husey\kiro2\frontend\[39msrc\components\VideoAnalytics\VideoAnalyticsDashboard.tsx:153:50[90m)[39m
    at renderWithHooks [90m(C:\Users\husey\kiro2\frontend\[39mnode_modules\[4mreact-dom[24m\cjs\react-dom.development.js:15486:18[90m)[39m
    at updateFunctionComponent [90m(C:\Users\husey\kiro2\frontend\[39mnode_modules\[4mreact-dom[24m\cjs\react-dom.development.js:19617:20[90m)[39m
    at beginWork [90m(C:\Users\husey\kiro2\frontend\[39mnode_modules\[4mreact-dom[24m\cjs\react-dom.development.js:21640:16[90m)[39m
    at HTMLUnknownElement.callCallback [90m(C:\Users\husey\kiro2\frontend\[39mnode_modules\[4mreact-dom[24m\cjs\react-dom.development.js:4164:14[90m)[39m
    at HTMLUnknownElement.callTheUserObjectsOperation [90m(C:\Users\husey\kiro2\frontend\[39mnode_modules\[4mjsdom[24m\lib\jsdom\living\generated\EventListener.js:26:30[90m)[39m
    at innerInvokeEventListeners [90m(C:\Users\husey\kiro2\frontend\[39mnode_modules\[4mjsdom[24m\lib\jsdom\living\events\EventTarget-impl.js:350:25[90m)[39m
    at invokeEventListeners [90m(C:\Users\husey\kiro2\frontend\[39mnode_modules\[4mjsdom[24m\lib\jsdom\living\events\EventTarget-impl.js:286:3[90m)[39m
    at HTMLUnknownElementImpl._dispatch [90m(C:\Users\husey\kiro2\frontend\[39mnode_modules\[4mjsdom[24m\lib\jsdom\living\events\EventTarget-impl.js:233:9[90m)[39m
    at HTMLUnknownElementImpl.dispatchEvent [90m(C:\Users\husey\kiro2\frontend\[39mnode_modules\[4mjsdom[24m\lib\jsdom\living\events\EventTarget-impl.js:104:17[90m)[39m
Error: Uncaught [TypeError: Cannot read properties of undefined (reading &apos;toFixed&apos;)]
    at reportException (C:\Users\husey\kiro2\frontend\node_modules\jsdom\lib\jsdom\living\helpers\runtime-script-errors.js:66:24)
    at innerInvokeEventListeners (C:\Users\husey\kiro2\frontend\node_modules\jsdom\lib\jsdom\living\events\EventTarget-impl.js:353:9)
    at invokeEventListeners (C:\Users\husey\kiro2\frontend\node_modules\jsdom\lib\jsdom\living\events\EventTarget-impl.js:286:3)
    at HTMLUnknownElementImpl._dispatch (C:\Users\husey\kiro2\frontend\node_modules\jsdom\lib\jsdom\living\events\EventTarget-impl.js:233:9)
    at HTMLUnknownElementImpl.dispatchEvent (C:\Users\husey\kiro2\frontend\node_modules\jsdom\lib\jsdom\living\events\EventTarget-impl.js:104:17)
    at HTMLUnknownElement.dispatchEvent (C:\Users\husey\kiro2\frontend\node_modules\jsdom\lib\jsdom\living\generated\EventTarget.js:241:34)
    at Object.invokeGuardedCallbackDev (C:\Users\husey\kiro2\frontend\node_modules\react-dom\cjs\react-dom.development.js:4213:16)
    at invokeGuardedCallback (C:\Users\husey\kiro2\frontend\node_modules\react-dom\cjs\react-dom.development.js:4277:31)
    at beginWork$1 (C:\Users\husey\kiro2\frontend\node_modules\react-dom\cjs\react-dom.development.js:27490:7)
    at performUnitOfWork (C:\Users\husey\kiro2\frontend\node_modules\react-dom\cjs\react-dom.development.js:26599:12) TypeError: Cannot read properties of undefined (reading &apos;toFixed&apos;)
    at VideoAnalyticsDashboard [90m(C:\Users\husey\kiro2\frontend\[39msrc\components\VideoAnalytics\VideoAnalyticsDashboard.tsx:153:50[90m)[39m
    at renderWithHooks [90m(C:\Users\husey\kiro2\frontend\[39mnode_modules\[4mreact-dom[24m\cjs\react-dom.development.js:15486:18[90m)[39m
    at updateFunctionComponent [90m(C:\Users\husey\kiro2\frontend\[39mnode_modules\[4mreact-dom[24m\cjs\react-dom.development.js:19617:20[90m)[39m
    at beginWork [90m(C:\Users\husey\kiro2\frontend\[39mnode_modules\[4mreact-dom[24m\cjs\react-dom.development.js:21640:16[90m)[39m
    at HTMLUnknownElement.callCallback [90m(C:\Users\husey\kiro2\frontend\[39mnode_modules\[4mreact-dom[24m\cjs\react-dom.development.js:4164:14[90m)[39m
    at HTMLUnknownElement.callTheUserObjectsOperation [90m(C:\Users\husey\kiro2\frontend\[39mnode_modules\[4mjsdom[24m\lib\jsdom\living\generated\EventListener.js:26:30[90m)[39m
    at innerInvokeEventListeners [90m(C:\Users\husey\kiro2\frontend\[39mnode_modules\[4mjsdom[24m\lib\jsdom\living\events\EventTarget-impl.js:350:25[90m)[39m
    at invokeEventListeners [90m(C:\Users\husey\kiro2\frontend\[39mnode_modules\[4mjsdom[24m\lib\jsdom\living\events\EventTarget-impl.js:286:3[90m)[39m
    at HTMLUnknownElementImpl._dispatch [90m(C:\Users\husey\kiro2\frontend\[39mnode_modules\[4mjsdom[24m\lib\jsdom\living\events\EventTarget-impl.js:233:9[90m)[39m
    at HTMLUnknownElementImpl.dispatchEvent [90m(C:\Users\husey\kiro2\frontend\[39mnode_modules\[4mjsdom[24m\lib\jsdom\living\events\EventTarget-impl.js:104:17[90m)[39m

            </system-err>
            <failure message="Unable to find an element with the text: /Videoları 1.75x hızda izliyorsunuz/. This could be because the text is broken up by multiple elements. In this case, you can provide a function for your text matcher to make your matcher more flexible.

Ignored nodes: comments, script, style
[36m&lt;body&gt;[39m
  [36m&lt;div /&gt;[39m
[36m&lt;/body&gt;[39m

Ignored nodes: comments, script, style
[36m&lt;html&gt;[39m
  [36m&lt;head /&gt;[39m
  [36m&lt;body&gt;[39m
    [36m&lt;div /&gt;[39m
  [36m&lt;/body&gt;[39m
[36m&lt;/html&gt;[39m" type="TestingLibraryElementError">
TestingLibraryElementError: Unable to find an element with the text: /Videoları 1.75x hızda izliyorsunuz/. This could be because the text is broken up by multiple elements. In this case, you can provide a function for your text matcher to make your matcher more flexible.

Ignored nodes: comments, script, style
&lt;body&gt;
  &lt;div /&gt;
&lt;/body&gt;

Ignored nodes: comments, script, style
&lt;html&gt;
  &lt;head /&gt;
  &lt;body&gt;
    &lt;div /&gt;
  &lt;/body&gt;
&lt;/html&gt;
 ❯ waitForWrapper node_modules/@testing-library/react/node_modules/@testing-library/dom/dist/wait-for.js:163:27
 ❯ src/components/VideoAnalytics/__tests__/VideoAnalyticsDashboard.test.tsx:585:11
            </failure>
        </testcase>
        <testcase classname="src/components/VideoAnalytics/__tests__/VideoAnalyticsDashboard.test.tsx" name="VideoAnalyticsDashboard - Insights &gt; shows active learning insight for many notes" time="1.0189059">
            <system-err>
Error: Uncaught [TypeError: Cannot read properties of undefined (reading &apos;toFixed&apos;)]
    at reportException (C:\Users\husey\kiro2\frontend\node_modules\jsdom\lib\jsdom\living\helpers\runtime-script-errors.js:66:24)
    at innerInvokeEventListeners (C:\Users\husey\kiro2\frontend\node_modules\jsdom\lib\jsdom\living\events\EventTarget-impl.js:353:9)
    at invokeEventListeners (C:\Users\husey\kiro2\frontend\node_modules\jsdom\lib\jsdom\living\events\EventTarget-impl.js:286:3)
    at HTMLUnknownElementImpl._dispatch (C:\Users\husey\kiro2\frontend\node_modules\jsdom\lib\jsdom\living\events\EventTarget-impl.js:233:9)
    at HTMLUnknownElementImpl.dispatchEvent (C:\Users\husey\kiro2\frontend\node_modules\jsdom\lib\jsdom\living\events\EventTarget-impl.js:104:17)
    at HTMLUnknownElement.dispatchEvent (C:\Users\husey\kiro2\frontend\node_modules\jsdom\lib\jsdom\living\generated\EventTarget.js:241:34)
    at Object.invokeGuardedCallbackDev (C:\Users\husey\kiro2\frontend\node_modules\react-dom\cjs\react-dom.development.js:4213:16)
    at invokeGuardedCallback (C:\Users\husey\kiro2\frontend\node_modules\react-dom\cjs\react-dom.development.js:4277:31)
    at beginWork$1 (C:\Users\husey\kiro2\frontend\node_modules\react-dom\cjs\react-dom.development.js:27490:7)
    at performUnitOfWork (C:\Users\husey\kiro2\frontend\node_modules\react-dom\cjs\react-dom.development.js:26599:12) TypeError: Cannot read properties of undefined (reading &apos;toFixed&apos;)
    at VideoAnalyticsDashboard [90m(C:\Users\husey\kiro2\frontend\[39msrc\components\VideoAnalytics\VideoAnalyticsDashboard.tsx:153:50[90m)[39m
    at renderWithHooks [90m(C:\Users\husey\kiro2\frontend\[39mnode_modules\[4mreact-dom[24m\cjs\react-dom.development.js:15486:18[90m)[39m
    at updateFunctionComponent [90m(C:\Users\husey\kiro2\frontend\[39mnode_modules\[4mreact-dom[24m\cjs\react-dom.development.js:19617:20[90m)[39m
    at beginWork [90m(C:\Users\husey\kiro2\frontend\[39mnode_modules\[4mreact-dom[24m\cjs\react-dom.development.js:21640:16[90m)[39m
    at HTMLUnknownElement.callCallback [90m(C:\Users\husey\kiro2\frontend\[39mnode_modules\[4mreact-dom[24m\cjs\react-dom.development.js:4164:14[90m)[39m
    at HTMLUnknownElement.callTheUserObjectsOperation [90m(C:\Users\husey\kiro2\frontend\[39mnode_modules\[4mjsdom[24m\lib\jsdom\living\generated\EventListener.js:26:30[90m)[39m
    at innerInvokeEventListeners [90m(C:\Users\husey\kiro2\frontend\[39mnode_modules\[4mjsdom[24m\lib\jsdom\living\events\EventTarget-impl.js:350:25[90m)[39m
    at invokeEventListeners [90m(C:\Users\husey\kiro2\frontend\[39mnode_modules\[4mjsdom[24m\lib\jsdom\living\events\EventTarget-impl.js:286:3[90m)[39m
    at HTMLUnknownElementImpl._dispatch [90m(C:\Users\husey\kiro2\frontend\[39mnode_modules\[4mjsdom[24m\lib\jsdom\living\events\EventTarget-impl.js:233:9[90m)[39m
    at HTMLUnknownElementImpl.dispatchEvent [90m(C:\Users\husey\kiro2\frontend\[39mnode_modules\[4mjsdom[24m\lib\jsdom\living\events\EventTarget-impl.js:104:17[90m)[39m
Error: Uncaught [TypeError: Cannot read properties of undefined (reading &apos;toFixed&apos;)]
    at reportException (C:\Users\husey\kiro2\frontend\node_modules\jsdom\lib\jsdom\living\helpers\runtime-script-errors.js:66:24)
    at innerInvokeEventListeners (C:\Users\husey\kiro2\frontend\node_modules\jsdom\lib\jsdom\living\events\EventTarget-impl.js:353:9)
    at invokeEventListeners (C:\Users\husey\kiro2\frontend\node_modules\jsdom\lib\jsdom\living\events\EventTarget-impl.js:286:3)
    at HTMLUnknownElementImpl._dispatch (C:\Users\husey\kiro2\frontend\node_modules\jsdom\lib\jsdom\living\events\EventTarget-impl.js:233:9)
    at HTMLUnknownElementImpl.dispatchEvent (C:\Users\husey\kiro2\frontend\node_modules\jsdom\lib\jsdom\living\events\EventTarget-impl.js:104:17)
    at HTMLUnknownElement.dispatchEvent (C:\Users\husey\kiro2\frontend\node_modules\jsdom\lib\jsdom\living\generated\EventTarget.js:241:34)
    at Object.invokeGuardedCallbackDev (C:\Users\husey\kiro2\frontend\node_modules\react-dom\cjs\react-dom.development.js:4213:16)
    at invokeGuardedCallback (C:\Users\husey\kiro2\frontend\node_modules\react-dom\cjs\react-dom.development.js:4277:31)
    at beginWork$1 (C:\Users\husey\kiro2\frontend\node_modules\react-dom\cjs\react-dom.development.js:27490:7)
    at performUnitOfWork (C:\Users\husey\kiro2\frontend\node_modules\react-dom\cjs\react-dom.development.js:26599:12) TypeError: Cannot read properties of undefined (reading &apos;toFixed&apos;)
    at VideoAnalyticsDashboard [90m(C:\Users\husey\kiro2\frontend\[39msrc\components\VideoAnalytics\VideoAnalyticsDashboard.tsx:153:50[90m)[39m
    at renderWithHooks [90m(C:\Users\husey\kiro2\frontend\[39mnode_modules\[4mreact-dom[24m\cjs\react-dom.development.js:15486:18[90m)[39m
    at updateFunctionComponent [90m(C:\Users\husey\kiro2\frontend\[39mnode_modules\[4mreact-dom[24m\cjs\react-dom.development.js:19617:20[90m)[39m
    at beginWork [90m(C:\Users\husey\kiro2\frontend\[39mnode_modules\[4mreact-dom[24m\cjs\react-dom.development.js:21640:16[90m)[39m
    at HTMLUnknownElement.callCallback [90m(C:\Users\husey\kiro2\frontend\[39mnode_modules\[4mreact-dom[24m\cjs\react-dom.development.js:4164:14[90m)[39m
    at HTMLUnknownElement.callTheUserObjectsOperation [90m(C:\Users\husey\kiro2\frontend\[39mnode_modules\[4mjsdom[24m\lib\jsdom\living\generated\EventListener.js:26:30[90m)[39m
    at innerInvokeEventListeners [90m(C:\Users\husey\kiro2\frontend\[39mnode_modules\[4mjsdom[24m\lib\jsdom\living\events\EventTarget-impl.js:350:25[90m)[39m
    at invokeEventListeners [90m(C:\Users\husey\kiro2\frontend\[39mnode_modules\[4mjsdom[24m\lib\jsdom\living\events\EventTarget-impl.js:286:3[90m)[39m
    at HTMLUnknownElementImpl._dispatch [90m(C:\Users\husey\kiro2\frontend\[39mnode_modules\[4mjsdom[24m\lib\jsdom\living\events\EventTarget-impl.js:233:9[90m)[39m
    at HTMLUnknownElementImpl.dispatchEvent [90m(C:\Users\husey\kiro2\frontend\[39mnode_modules\[4mjsdom[24m\lib\jsdom\living\events\EventTarget-impl.js:104:17[90m)[39m

            </system-err>
            <failure message="Unable to find an element with the text: /15 not aldınız. Aktif öğrenme!/. This could be because the text is broken up by multiple elements. In this case, you can provide a function for your text matcher to make your matcher more flexible.

Ignored nodes: comments, script, style
[36m&lt;body&gt;[39m
  [36m&lt;div /&gt;[39m
[36m&lt;/body&gt;[39m

Ignored nodes: comments, script, style
[36m&lt;html&gt;[39m
  [36m&lt;head /&gt;[39m
  [36m&lt;body&gt;[39m
    [36m&lt;div /&gt;[39m
  [36m&lt;/body&gt;[39m
[36m&lt;/html&gt;[39m" type="TestingLibraryElementError">
TestingLibraryElementError: Unable to find an element with the text: /15 not aldınız. Aktif öğrenme!/. This could be because the text is broken up by multiple elements. In this case, you can provide a function for your text matcher to make your matcher more flexible.

Ignored nodes: comments, script, style
&lt;body&gt;
  &lt;div /&gt;
&lt;/body&gt;

Ignored nodes: comments, script, style
&lt;html&gt;
  &lt;head /&gt;
  &lt;body&gt;
    &lt;div /&gt;
  &lt;/body&gt;
&lt;/html&gt;
 ❯ waitForWrapper node_modules/@testing-library/react/node_modules/@testing-library/dom/dist/wait-for.js:163:27
 ❯ src/components/VideoAnalytics/__tests__/VideoAnalyticsDashboard.test.tsx:601:11
            </failure>
        </testcase>
        <testcase classname="src/components/VideoAnalytics/__tests__/VideoAnalyticsDashboard.test.tsx" name="VideoAnalyticsDashboard - Insights &gt; shows warning for no completed videos" time="1.0153633">
            <system-err>
Error: Uncaught [TypeError: Cannot read properties of undefined (reading &apos;toFixed&apos;)]
    at reportException (C:\Users\husey\kiro2\frontend\node_modules\jsdom\lib\jsdom\living\helpers\runtime-script-errors.js:66:24)
    at innerInvokeEventListeners (C:\Users\husey\kiro2\frontend\node_modules\jsdom\lib\jsdom\living\events\EventTarget-impl.js:353:9)
    at invokeEventListeners (C:\Users\husey\kiro2\frontend\node_modules\jsdom\lib\jsdom\living\events\EventTarget-impl.js:286:3)
    at HTMLUnknownElementImpl._dispatch (C:\Users\husey\kiro2\frontend\node_modules\jsdom\lib\jsdom\living\events\EventTarget-impl.js:233:9)
    at HTMLUnknownElementImpl.dispatchEvent (C:\Users\husey\kiro2\frontend\node_modules\jsdom\lib\jsdom\living\events\EventTarget-impl.js:104:17)
    at HTMLUnknownElement.dispatchEvent (C:\Users\husey\kiro2\frontend\node_modules\jsdom\lib\jsdom\living\generated\EventTarget.js:241:34)
    at Object.invokeGuardedCallbackDev (C:\Users\husey\kiro2\frontend\node_modules\react-dom\cjs\react-dom.development.js:4213:16)
    at invokeGuardedCallback (C:\Users\husey\kiro2\frontend\node_modules\react-dom\cjs\react-dom.development.js:4277:31)
    at beginWork$1 (C:\Users\husey\kiro2\frontend\node_modules\react-dom\cjs\react-dom.development.js:27490:7)
    at performUnitOfWork (C:\Users\husey\kiro2\frontend\node_modules\react-dom\cjs\react-dom.development.js:26599:12) TypeError: Cannot read properties of undefined (reading &apos;toFixed&apos;)
    at VideoAnalyticsDashboard [90m(C:\Users\husey\kiro2\frontend\[39msrc\components\VideoAnalytics\VideoAnalyticsDashboard.tsx:153:50[90m)[39m
    at renderWithHooks [90m(C:\Users\husey\kiro2\frontend\[39mnode_modules\[4mreact-dom[24m\cjs\react-dom.development.js:15486:18[90m)[39m
    at updateFunctionComponent [90m(C:\Users\husey\kiro2\frontend\[39mnode_modules\[4mreact-dom[24m\cjs\react-dom.development.js:19617:20[90m)[39m
    at beginWork [90m(C:\Users\husey\kiro2\frontend\[39mnode_modules\[4mreact-dom[24m\cjs\react-dom.development.js:21640:16[90m)[39m
    at HTMLUnknownElement.callCallback [90m(C:\Users\husey\kiro2\frontend\[39mnode_modules\[4mreact-dom[24m\cjs\react-dom.development.js:4164:14[90m)[39m
    at HTMLUnknownElement.callTheUserObjectsOperation [90m(C:\Users\husey\kiro2\frontend\[39mnode_modules\[4mjsdom[24m\lib\jsdom\living\generated\EventListener.js:26:30[90m)[39m
    at innerInvokeEventListeners [90m(C:\Users\husey\kiro2\frontend\[39mnode_modules\[4mjsdom[24m\lib\jsdom\living\events\EventTarget-impl.js:350:25[90m)[39m
    at invokeEventListeners [90m(C:\Users\husey\kiro2\frontend\[39mnode_modules\[4mjsdom[24m\lib\jsdom\living\events\EventTarget-impl.js:286:3[90m)[39m
    at HTMLUnknownElementImpl._dispatch [90m(C:\Users\husey\kiro2\frontend\[39mnode_modules\[4mjsdom[24m\lib\jsdom\living\events\EventTarget-impl.js:233:9[90m)[39m
    at HTMLUnknownElementImpl.dispatchEvent [90m(C:\Users\husey\kiro2\frontend\[39mnode_modules\[4mjsdom[24m\lib\jsdom\living\events\EventTarget-impl.js:104:17[90m)[39m
Error: Uncaught [TypeError: Cannot read properties of undefined (reading &apos;toFixed&apos;)]
    at reportException (C:\Users\husey\kiro2\frontend\node_modules\jsdom\lib\jsdom\living\helpers\runtime-script-errors.js:66:24)
    at innerInvokeEventListeners (C:\Users\husey\kiro2\frontend\node_modules\jsdom\lib\jsdom\living\events\EventTarget-impl.js:353:9)
    at invokeEventListeners (C:\Users\husey\kiro2\frontend\node_modules\jsdom\lib\jsdom\living\events\EventTarget-impl.js:286:3)
    at HTMLUnknownElementImpl._dispatch (C:\Users\husey\kiro2\frontend\node_modules\jsdom\lib\jsdom\living\events\EventTarget-impl.js:233:9)
    at HTMLUnknownElementImpl.dispatchEvent (C:\Users\husey\kiro2\frontend\node_modules\jsdom\lib\jsdom\living\events\EventTarget-impl.js:104:17)
    at HTMLUnknownElement.dispatchEvent (C:\Users\husey\kiro2\frontend\node_modules\jsdom\lib\jsdom\living\generated\EventTarget.js:241:34)
    at Object.invokeGuardedCallbackDev (C:\Users\husey\kiro2\frontend\node_modules\react-dom\cjs\react-dom.development.js:4213:16)
    at invokeGuardedCallback (C:\Users\husey\kiro2\frontend\node_modules\react-dom\cjs\react-dom.development.js:4277:31)
    at beginWork$1 (C:\Users\husey\kiro2\frontend\node_modules\react-dom\cjs\react-dom.development.js:27490:7)
    at performUnitOfWork (C:\Users\husey\kiro2\frontend\node_modules\react-dom\cjs\react-dom.development.js:26599:12) TypeError: Cannot read properties of undefined (reading &apos;toFixed&apos;)
    at VideoAnalyticsDashboard [90m(C:\Users\husey\kiro2\frontend\[39msrc\components\VideoAnalytics\VideoAnalyticsDashboard.tsx:153:50[90m)[39m
    at renderWithHooks [90m(C:\Users\husey\kiro2\frontend\[39mnode_modules\[4mreact-dom[24m\cjs\react-dom.development.js:15486:18[90m)[39m
    at updateFunctionComponent [90m(C:\Users\husey\kiro2\frontend\[39mnode_modules\[4mreact-dom[24m\cjs\react-dom.development.js:19617:20[90m)[39m
    at beginWork [90m(C:\Users\husey\kiro2\frontend\[39mnode_modules\[4mreact-dom[24m\cjs\react-dom.development.js:21640:16[90m)[39m
    at HTMLUnknownElement.callCallback [90m(C:\Users\husey\kiro2\frontend\[39mnode_modules\[4mreact-dom[24m\cjs\react-dom.development.js:4164:14[90m)[39m
    at HTMLUnknownElement.callTheUserObjectsOperation [90m(C:\Users\husey\kiro2\frontend\[39mnode_modules\[4mjsdom[24m\lib\jsdom\living\generated\EventListener.js:26:30[90m)[39m
    at innerInvokeEventListeners [90m(C:\Users\husey\kiro2\frontend\[39mnode_modules\[4mjsdom[24m\lib\jsdom\living\events\EventTarget-impl.js:350:25[90m)[39m
    at invokeEventListeners [90m(C:\Users\husey\kiro2\frontend\[39mnode_modules\[4mjsdom[24m\lib\jsdom\living\events\EventTarget-impl.js:286:3[90m)[39m
    at HTMLUnknownElementImpl._dispatch [90m(C:\Users\husey\kiro2\frontend\[39mnode_modules\[4mjsdom[24m\lib\jsdom\living\events\EventTarget-impl.js:233:9[90m)[39m
    at HTMLUnknownElementImpl.dispatchEvent [90m(C:\Users\husey\kiro2\frontend\[39mnode_modules\[4mjsdom[24m\lib\jsdom\living\events\EventTarget-impl.js:104:17[90m)[39m

            </system-err>
            <failure message="Unable to find an element with the text: /Bugün hiç video tamamlamadınız/. This could be because the text is broken up by multiple elements. In this case, you can provide a function for your text matcher to make your matcher more flexible.

Ignored nodes: comments, script, style
[36m&lt;body&gt;[39m
  [36m&lt;div /&gt;[39m
[36m&lt;/body&gt;[39m

Ignored nodes: comments, script, style
[36m&lt;html&gt;[39m
  [36m&lt;head /&gt;[39m
  [36m&lt;body&gt;[39m
    [36m&lt;div /&gt;[39m
  [36m&lt;/body&gt;[39m
[36m&lt;/html&gt;[39m" type="TestingLibraryElementError">
TestingLibraryElementError: Unable to find an element with the text: /Bugün hiç video tamamlamadınız/. This could be because the text is broken up by multiple elements. In this case, you can provide a function for your text matcher to make your matcher more flexible.

Ignored nodes: comments, script, style
&lt;body&gt;
  &lt;div /&gt;
&lt;/body&gt;

Ignored nodes: comments, script, style
&lt;html&gt;
  &lt;head /&gt;
  &lt;body&gt;
    &lt;div /&gt;
  &lt;/body&gt;
&lt;/html&gt;
 ❯ waitForWrapper node_modules/@testing-library/react/node_modules/@testing-library/dom/dist/wait-for.js:163:27
 ❯ src/components/VideoAnalytics/__tests__/VideoAnalyticsDashboard.test.tsx:617:11
            </failure>
        </testcase>
        <testcase classname="src/components/VideoAnalytics/__tests__/VideoAnalyticsDashboard.test.tsx" name="VideoAnalyticsDashboard - Insights &gt; does not show warning when no videos watched" time="0.0106947">
        </testcase>
        <testcase classname="src/components/VideoAnalytics/__tests__/VideoAnalyticsDashboard.test.tsx" name="VideoAnalyticsDashboard - Empty State &gt; shows empty state when no videos watched" time="1.0187249">
            <system-err>
Error: Uncaught [TypeError: Cannot read properties of undefined (reading &apos;toFixed&apos;)]
    at reportException (C:\Users\husey\kiro2\frontend\node_modules\jsdom\lib\jsdom\living\helpers\runtime-script-errors.js:66:24)
    at innerInvokeEventListeners (C:\Users\husey\kiro2\frontend\node_modules\jsdom\lib\jsdom\living\events\EventTarget-impl.js:353:9)
    at invokeEventListeners (C:\Users\husey\kiro2\frontend\node_modules\jsdom\lib\jsdom\living\events\EventTarget-impl.js:286:3)
    at HTMLUnknownElementImpl._dispatch (C:\Users\husey\kiro2\frontend\node_modules\jsdom\lib\jsdom\living\events\EventTarget-impl.js:233:9)
    at HTMLUnknownElementImpl.dispatchEvent (C:\Users\husey\kiro2\frontend\node_modules\jsdom\lib\jsdom\living\events\EventTarget-impl.js:104:17)
    at HTMLUnknownElement.dispatchEvent (C:\Users\husey\kiro2\frontend\node_modules\jsdom\lib\jsdom\living\generated\EventTarget.js:241:34)
    at Object.invokeGuardedCallbackDev (C:\Users\husey\kiro2\frontend\node_modules\react-dom\cjs\react-dom.development.js:4213:16)
    at invokeGuardedCallback (C:\Users\husey\kiro2\frontend\node_modules\react-dom\cjs\react-dom.development.js:4277:31)
    at beginWork$1 (C:\Users\husey\kiro2\frontend\node_modules\react-dom\cjs\react-dom.development.js:27490:7)
    at performUnitOfWork (C:\Users\husey\kiro2\frontend\node_modules\react-dom\cjs\react-dom.development.js:26599:12) TypeError: Cannot read properties of undefined (reading &apos;toFixed&apos;)
    at VideoAnalyticsDashboard [90m(C:\Users\husey\kiro2\frontend\[39msrc\components\VideoAnalytics\VideoAnalyticsDashboard.tsx:153:50[90m)[39m
    at renderWithHooks [90m(C:\Users\husey\kiro2\frontend\[39mnode_modules\[4mreact-dom[24m\cjs\react-dom.development.js:15486:18[90m)[39m
    at updateFunctionComponent [90m(C:\Users\husey\kiro2\frontend\[39mnode_modules\[4mreact-dom[24m\cjs\react-dom.development.js:19617:20[90m)[39m
    at beginWork [90m(C:\Users\husey\kiro2\frontend\[39mnode_modules\[4mreact-dom[24m\cjs\react-dom.development.js:21640:16[90m)[39m
    at HTMLUnknownElement.callCallback [90m(C:\Users\husey\kiro2\frontend\[39mnode_modules\[4mreact-dom[24m\cjs\react-dom.development.js:4164:14[90m)[39m
    at HTMLUnknownElement.callTheUserObjectsOperation [90m(C:\Users\husey\kiro2\frontend\[39mnode_modules\[4mjsdom[24m\lib\jsdom\living\generated\EventListener.js:26:30[90m)[39m
    at innerInvokeEventListeners [90m(C:\Users\husey\kiro2\frontend\[39mnode_modules\[4mjsdom[24m\lib\jsdom\living\events\EventTarget-impl.js:350:25[90m)[39m
    at invokeEventListeners [90m(C:\Users\husey\kiro2\frontend\[39mnode_modules\[4mjsdom[24m\lib\jsdom\living\events\EventTarget-impl.js:286:3[90m)[39m
    at HTMLUnknownElementImpl._dispatch [90m(C:\Users\husey\kiro2\frontend\[39mnode_modules\[4mjsdom[24m\lib\jsdom\living\events\EventTarget-impl.js:233:9[90m)[39m
    at HTMLUnknownElementImpl.dispatchEvent [90m(C:\Users\husey\kiro2\frontend\[39mnode_modules\[4mjsdom[24m\lib\jsdom\living\events\EventTarget-impl.js:104:17[90m)[39m
Error: Uncaught [TypeError: Cannot read properties of undefined (reading &apos;toFixed&apos;)]
    at reportException (C:\Users\husey\kiro2\frontend\node_modules\jsdom\lib\jsdom\living\helpers\runtime-script-errors.js:66:24)
    at innerInvokeEventListeners (C:\Users\husey\kiro2\frontend\node_modules\jsdom\lib\jsdom\living\events\EventTarget-impl.js:353:9)
    at invokeEventListeners (C:\Users\husey\kiro2\frontend\node_modules\jsdom\lib\jsdom\living\events\EventTarget-impl.js:286:3)
    at HTMLUnknownElementImpl._dispatch (C:\Users\husey\kiro2\frontend\node_modules\jsdom\lib\jsdom\living\events\EventTarget-impl.js:233:9)
    at HTMLUnknownElementImpl.dispatchEvent (C:\Users\husey\kiro2\frontend\node_modules\jsdom\lib\jsdom\living\events\EventTarget-impl.js:104:17)
    at HTMLUnknownElement.dispatchEvent (C:\Users\husey\kiro2\frontend\node_modules\jsdom\lib\jsdom\living\generated\EventTarget.js:241:34)
    at Object.invokeGuardedCallbackDev (C:\Users\husey\kiro2\frontend\node_modules\react-dom\cjs\react-dom.development.js:4213:16)
    at invokeGuardedCallback (C:\Users\husey\kiro2\frontend\node_modules\react-dom\cjs\react-dom.development.js:4277:31)
    at beginWork$1 (C:\Users\husey\kiro2\frontend\node_modules\react-dom\cjs\react-dom.development.js:27490:7)
    at performUnitOfWork (C:\Users\husey\kiro2\frontend\node_modules\react-dom\cjs\react-dom.development.js:26599:12) TypeError: Cannot read properties of undefined (reading &apos;toFixed&apos;)
    at VideoAnalyticsDashboard [90m(C:\Users\husey\kiro2\frontend\[39msrc\components\VideoAnalytics\VideoAnalyticsDashboard.tsx:153:50[90m)[39m
    at renderWithHooks [90m(C:\Users\husey\kiro2\frontend\[39mnode_modules\[4mreact-dom[24m\cjs\react-dom.development.js:15486:18[90m)[39m
    at updateFunctionComponent [90m(C:\Users\husey\kiro2\frontend\[39mnode_modules\[4mreact-dom[24m\cjs\react-dom.development.js:19617:20[90m)[39m
    at beginWork [90m(C:\Users\husey\kiro2\frontend\[39mnode_modules\[4mreact-dom[24m\cjs\react-dom.development.js:21640:16[90m)[39m
    at HTMLUnknownElement.callCallback [90m(C:\Users\husey\kiro2\frontend\[39mnode_modules\[4mreact-dom[24m\cjs\react-dom.development.js:4164:14[90m)[39m
    at HTMLUnknownElement.callTheUserObjectsOperation [90m(C:\Users\husey\kiro2\frontend\[39mnode_modules\[4mjsdom[24m\lib\jsdom\living\generated\EventListener.js:26:30[90m)[39m
    at innerInvokeEventListeners [90m(C:\Users\husey\kiro2\frontend\[39mnode_modules\[4mjsdom[24m\lib\jsdom\living\events\EventTarget-impl.js:350:25[90m)[39m
    at invokeEventListeners [90m(C:\Users\husey\kiro2\frontend\[39mnode_modules\[4mjsdom[24m\lib\jsdom\living\events\EventTarget-impl.js:286:3[90m)[39m
    at HTMLUnknownElementImpl._dispatch [90m(C:\Users\husey\kiro2\frontend\[39mnode_modules\[4mjsdom[24m\lib\jsdom\living\events\EventTarget-impl.js:233:9[90m)[39m
    at HTMLUnknownElementImpl.dispatchEvent [90m(C:\Users\husey\kiro2\frontend\[39mnode_modules\[4mjsdom[24m\lib\jsdom\living\events\EventTarget-impl.js:104:17[90m)[39m

            </system-err>
            <failure message="Unable to find an element with the text: Bu tarih için video izleme verisi bulunamadı. This could be because the text is broken up by multiple elements. In this case, you can provide a function for your text matcher to make your matcher more flexible.

Ignored nodes: comments, script, style
[36m&lt;body&gt;[39m
  [36m&lt;div /&gt;[39m
[36m&lt;/body&gt;[39m

Ignored nodes: comments, script, style
[36m&lt;html&gt;[39m
  [36m&lt;head /&gt;[39m
  [36m&lt;body&gt;[39m
    [36m&lt;div /&gt;[39m
  [36m&lt;/body&gt;[39m
[36m&lt;/html&gt;[39m" type="TestingLibraryElementError">
TestingLibraryElementError: Unable to find an element with the text: Bu tarih için video izleme verisi bulunamadı. This could be because the text is broken up by multiple elements. In this case, you can provide a function for your text matcher to make your matcher more flexible.

Ignored nodes: comments, script, style
&lt;body&gt;
  &lt;div /&gt;
&lt;/body&gt;

Ignored nodes: comments, script, style
&lt;html&gt;
  &lt;head /&gt;
  &lt;body&gt;
    &lt;div /&gt;
  &lt;/body&gt;
&lt;/html&gt;
 ❯ waitForWrapper node_modules/@testing-library/react/node_modules/@testing-library/dom/dist/wait-for.js:163:27
 ❯ src/components/VideoAnalytics/__tests__/VideoAnalyticsDashboard.test.tsx:652:11
            </failure>
        </testcase>
        <testcase classname="src/components/VideoAnalytics/__tests__/VideoAnalyticsDashboard.test.tsx" name="VideoAnalyticsDashboard - Empty State &gt; shows empty state icon" time="1.0113796">
            <system-err>
Error: Uncaught [TypeError: Cannot read properties of undefined (reading &apos;toFixed&apos;)]
    at reportException (C:\Users\husey\kiro2\frontend\node_modules\jsdom\lib\jsdom\living\helpers\runtime-script-errors.js:66:24)
    at innerInvokeEventListeners (C:\Users\husey\kiro2\frontend\node_modules\jsdom\lib\jsdom\living\events\EventTarget-impl.js:353:9)
    at invokeEventListeners (C:\Users\husey\kiro2\frontend\node_modules\jsdom\lib\jsdom\living\events\EventTarget-impl.js:286:3)
    at HTMLUnknownElementImpl._dispatch (C:\Users\husey\kiro2\frontend\node_modules\jsdom\lib\jsdom\living\events\EventTarget-impl.js:233:9)
    at HTMLUnknownElementImpl.dispatchEvent (C:\Users\husey\kiro2\frontend\node_modules\jsdom\lib\jsdom\living\events\EventTarget-impl.js:104:17)
    at HTMLUnknownElement.dispatchEvent (C:\Users\husey\kiro2\frontend\node_modules\jsdom\lib\jsdom\living\generated\EventTarget.js:241:34)
    at Object.invokeGuardedCallbackDev (C:\Users\husey\kiro2\frontend\node_modules\react-dom\cjs\react-dom.development.js:4213:16)
    at invokeGuardedCallback (C:\Users\husey\kiro2\frontend\node_modules\react-dom\cjs\react-dom.development.js:4277:31)
    at beginWork$1 (C:\Users\husey\kiro2\frontend\node_modules\react-dom\cjs\react-dom.development.js:27490:7)
    at performUnitOfWork (C:\Users\husey\kiro2\frontend\node_modules\react-dom\cjs\react-dom.development.js:26599:12) TypeError: Cannot read properties of undefined (reading &apos;toFixed&apos;)
    at VideoAnalyticsDashboard [90m(C:\Users\husey\kiro2\frontend\[39msrc\components\VideoAnalytics\VideoAnalyticsDashboard.tsx:153:50[90m)[39m
    at renderWithHooks [90m(C:\Users\husey\kiro2\frontend\[39mnode_modules\[4mreact-dom[24m\cjs\react-dom.development.js:15486:18[90m)[39m
    at updateFunctionComponent [90m(C:\Users\husey\kiro2\frontend\[39mnode_modules\[4mreact-dom[24m\cjs\react-dom.development.js:19617:20[90m)[39m
    at beginWork [90m(C:\Users\husey\kiro2\frontend\[39mnode_modules\[4mreact-dom[24m\cjs\react-dom.development.js:21640:16[90m)[39m
    at HTMLUnknownElement.callCallback [90m(C:\Users\husey\kiro2\frontend\[39mnode_modules\[4mreact-dom[24m\cjs\react-dom.development.js:4164:14[90m)[39m
    at HTMLUnknownElement.callTheUserObjectsOperation [90m(C:\Users\husey\kiro2\frontend\[39mnode_modules\[4mjsdom[24m\lib\jsdom\living\generated\EventListener.js:26:30[90m)[39m
    at innerInvokeEventListeners [90m(C:\Users\husey\kiro2\frontend\[39mnode_modules\[4mjsdom[24m\lib\jsdom\living\events\EventTarget-impl.js:350:25[90m)[39m
    at invokeEventListeners [90m(C:\Users\husey\kiro2\frontend\[39mnode_modules\[4mjsdom[24m\lib\jsdom\living\events\EventTarget-impl.js:286:3[90m)[39m
    at HTMLUnknownElementImpl._dispatch [90m(C:\Users\husey\kiro2\frontend\[39mnode_modules\[4mjsdom[24m\lib\jsdom\living\events\EventTarget-impl.js:233:9[90m)[39m
    at HTMLUnknownElementImpl.dispatchEvent [90m(C:\Users\husey\kiro2\frontend\[39mnode_modules\[4mjsdom[24m\lib\jsdom\living\events\EventTarget-impl.js:104:17[90m)[39m
Error: Uncaught [TypeError: Cannot read properties of undefined (reading &apos;toFixed&apos;)]
    at reportException (C:\Users\husey\kiro2\frontend\node_modules\jsdom\lib\jsdom\living\helpers\runtime-script-errors.js:66:24)
    at innerInvokeEventListeners (C:\Users\husey\kiro2\frontend\node_modules\jsdom\lib\jsdom\living\events\EventTarget-impl.js:353:9)
    at invokeEventListeners (C:\Users\husey\kiro2\frontend\node_modules\jsdom\lib\jsdom\living\events\EventTarget-impl.js:286:3)
    at HTMLUnknownElementImpl._dispatch (C:\Users\husey\kiro2\frontend\node_modules\jsdom\lib\jsdom\living\events\EventTarget-impl.js:233:9)
    at HTMLUnknownElementImpl.dispatchEvent (C:\Users\husey\kiro2\frontend\node_modules\jsdom\lib\jsdom\living\events\EventTarget-impl.js:104:17)
    at HTMLUnknownElement.dispatchEvent (C:\Users\husey\kiro2\frontend\node_modules\jsdom\lib\jsdom\living\generated\EventTarget.js:241:34)
    at Object.invokeGuardedCallbackDev (C:\Users\husey\kiro2\frontend\node_modules\react-dom\cjs\react-dom.development.js:4213:16)
    at invokeGuardedCallback (C:\Users\husey\kiro2\frontend\node_modules\react-dom\cjs\react-dom.development.js:4277:31)
    at beginWork$1 (C:\Users\husey\kiro2\frontend\node_modules\react-dom\cjs\react-dom.development.js:27490:7)
    at performUnitOfWork (C:\Users\husey\kiro2\frontend\node_modules\react-dom\cjs\react-dom.development.js:26599:12) TypeError: Cannot read properties of undefined (reading &apos;toFixed&apos;)
    at VideoAnalyticsDashboard [90m(C:\Users\husey\kiro2\frontend\[39msrc\components\VideoAnalytics\VideoAnalyticsDashboard.tsx:153:50[90m)[39m
    at renderWithHooks [90m(C:\Users\husey\kiro2\frontend\[39mnode_modules\[4mreact-dom[24m\cjs\react-dom.development.js:15486:18[90m)[39m
    at updateFunctionComponent [90m(C:\Users\husey\kiro2\frontend\[39mnode_modules\[4mreact-dom[24m\cjs\react-dom.development.js:19617:20[90m)[39m
    at beginWork [90m(C:\Users\husey\kiro2\frontend\[39mnode_modules\[4mreact-dom[24m\cjs\react-dom.development.js:21640:16[90m)[39m
    at HTMLUnknownElement.callCallback [90m(C:\Users\husey\kiro2\frontend\[39mnode_modules\[4mreact-dom[24m\cjs\react-dom.development.js:4164:14[90m)[39m
    at HTMLUnknownElement.callTheUserObjectsOperation [90m(C:\Users\husey\kiro2\frontend\[39mnode_modules\[4mjsdom[24m\lib\jsdom\living\generated\EventListener.js:26:30[90m)[39m
    at innerInvokeEventListeners [90m(C:\Users\husey\kiro2\frontend\[39mnode_modules\[4mjsdom[24m\lib\jsdom\living\events\EventTarget-impl.js:350:25[90m)[39m
    at invokeEventListeners [90m(C:\Users\husey\kiro2\frontend\[39mnode_modules\[4mjsdom[24m\lib\jsdom\living\events\EventTarget-impl.js:286:3[90m)[39m
    at HTMLUnknownElementImpl._dispatch [90m(C:\Users\husey\kiro2\frontend\[39mnode_modules\[4mjsdom[24m\lib\jsdom\living\events\EventTarget-impl.js:233:9[90m)[39m
    at HTMLUnknownElementImpl.dispatchEvent [90m(C:\Users\husey\kiro2\frontend\[39mnode_modules\[4mjsdom[24m\lib\jsdom\living\events\EventTarget-impl.js:104:17[90m)[39m

            </system-err>
            <failure message="Unable to find an element with the text: 📊. This could be because the text is broken up by multiple elements. In this case, you can provide a function for your text matcher to make your matcher more flexible.

Ignored nodes: comments, script, style
[36m&lt;body&gt;[39m
  [36m&lt;div /&gt;[39m
[36m&lt;/body&gt;[39m

Ignored nodes: comments, script, style
[36m&lt;html&gt;[39m
  [36m&lt;head /&gt;[39m
  [36m&lt;body&gt;[39m
    [36m&lt;div /&gt;[39m
  [36m&lt;/body&gt;[39m
[36m&lt;/html&gt;[39m" type="TestingLibraryElementError">
TestingLibraryElementError: Unable to find an element with the text: 📊. This could be because the text is broken up by multiple elements. In this case, you can provide a function for your text matcher to make your matcher more flexible.

Ignored nodes: comments, script, style
&lt;body&gt;
  &lt;div /&gt;
&lt;/body&gt;

Ignored nodes: comments, script, style
&lt;html&gt;
  &lt;head /&gt;
  &lt;body&gt;
    &lt;div /&gt;
  &lt;/body&gt;
&lt;/html&gt;
 ❯ waitForWrapper node_modules/@testing-library/react/node_modules/@testing-library/dom/dist/wait-for.js:163:27
 ❯ src/components/VideoAnalytics/__tests__/VideoAnalyticsDashboard.test.tsx:660:11
            </failure>
        </testcase>
        <testcase classname="src/components/VideoAnalytics/__tests__/VideoAnalyticsDashboard.test.tsx" name="VideoAnalyticsDashboard - Empty State &gt; does not show stats cards in empty state" time="0.028228">
            <system-err>
Error: Uncaught [TypeError: Cannot read properties of undefined (reading &apos;toFixed&apos;)]
    at reportException (C:\Users\husey\kiro2\frontend\node_modules\jsdom\lib\jsdom\living\helpers\runtime-script-errors.js:66:24)
    at innerInvokeEventListeners (C:\Users\husey\kiro2\frontend\node_modules\jsdom\lib\jsdom\living\events\EventTarget-impl.js:353:9)
    at invokeEventListeners (C:\Users\husey\kiro2\frontend\node_modules\jsdom\lib\jsdom\living\events\EventTarget-impl.js:286:3)
    at HTMLUnknownElementImpl._dispatch (C:\Users\husey\kiro2\frontend\node_modules\jsdom\lib\jsdom\living\events\EventTarget-impl.js:233:9)
    at HTMLUnknownElementImpl.dispatchEvent (C:\Users\husey\kiro2\frontend\node_modules\jsdom\lib\jsdom\living\events\EventTarget-impl.js:104:17)
    at HTMLUnknownElement.dispatchEvent (C:\Users\husey\kiro2\frontend\node_modules\jsdom\lib\jsdom\living\generated\EventTarget.js:241:34)
    at Object.invokeGuardedCallbackDev (C:\Users\husey\kiro2\frontend\node_modules\react-dom\cjs\react-dom.development.js:4213:16)
    at invokeGuardedCallback (C:\Users\husey\kiro2\frontend\node_modules\react-dom\cjs\react-dom.development.js:4277:31)
    at beginWork$1 (C:\Users\husey\kiro2\frontend\node_modules\react-dom\cjs\react-dom.development.js:27490:7)
    at performUnitOfWork (C:\Users\husey\kiro2\frontend\node_modules\react-dom\cjs\react-dom.development.js:26599:12) TypeError: Cannot read properties of undefined (reading &apos;toFixed&apos;)
    at VideoAnalyticsDashboard [90m(C:\Users\husey\kiro2\frontend\[39msrc\components\VideoAnalytics\VideoAnalyticsDashboard.tsx:153:50[90m)[39m
    at renderWithHooks [90m(C:\Users\husey\kiro2\frontend\[39mnode_modules\[4mreact-dom[24m\cjs\react-dom.development.js:15486:18[90m)[39m
    at updateFunctionComponent [90m(C:\Users\husey\kiro2\frontend\[39mnode_modules\[4mreact-dom[24m\cjs\react-dom.development.js:19617:20[90m)[39m
    at beginWork [90m(C:\Users\husey\kiro2\frontend\[39mnode_modules\[4mreact-dom[24m\cjs\react-dom.development.js:21640:16[90m)[39m
    at HTMLUnknownElement.callCallback [90m(C:\Users\husey\kiro2\frontend\[39mnode_modules\[4mreact-dom[24m\cjs\react-dom.development.js:4164:14[90m)[39m
    at HTMLUnknownElement.callTheUserObjectsOperation [90m(C:\Users\husey\kiro2\frontend\[39mnode_modules\[4mjsdom[24m\lib\jsdom\living\generated\EventListener.js:26:30[90m)[39m
    at innerInvokeEventListeners [90m(C:\Users\husey\kiro2\frontend\[39mnode_modules\[4mjsdom[24m\lib\jsdom\living\events\EventTarget-impl.js:350:25[90m)[39m
    at invokeEventListeners [90m(C:\Users\husey\kiro2\frontend\[39mnode_modules\[4mjsdom[24m\lib\jsdom\living\events\EventTarget-impl.js:286:3[90m)[39m
    at HTMLUnknownElementImpl._dispatch [90m(C:\Users\husey\kiro2\frontend\[39mnode_modules\[4mjsdom[24m\lib\jsdom\living\events\EventTarget-impl.js:233:9[90m)[39m
    at HTMLUnknownElementImpl.dispatchEvent [90m(C:\Users\husey\kiro2\frontend\[39mnode_modules\[4mjsdom[24m\lib\jsdom\living\events\EventTarget-impl.js:104:17[90m)[39m
Error: Uncaught [TypeError: Cannot read properties of undefined (reading &apos;toFixed&apos;)]
    at reportException (C:\Users\husey\kiro2\frontend\node_modules\jsdom\lib\jsdom\living\helpers\runtime-script-errors.js:66:24)
    at innerInvokeEventListeners (C:\Users\husey\kiro2\frontend\node_modules\jsdom\lib\jsdom\living\events\EventTarget-impl.js:353:9)
    at invokeEventListeners (C:\Users\husey\kiro2\frontend\node_modules\jsdom\lib\jsdom\living\events\EventTarget-impl.js:286:3)
    at HTMLUnknownElementImpl._dispatch (C:\Users\husey\kiro2\frontend\node_modules\jsdom\lib\jsdom\living\events\EventTarget-impl.js:233:9)
    at HTMLUnknownElementImpl.dispatchEvent (C:\Users\husey\kiro2\frontend\node_modules\jsdom\lib\jsdom\living\events\EventTarget-impl.js:104:17)
    at HTMLUnknownElement.dispatchEvent (C:\Users\husey\kiro2\frontend\node_modules\jsdom\lib\jsdom\living\generated\EventTarget.js:241:34)
    at Object.invokeGuardedCallbackDev (C:\Users\husey\kiro2\frontend\node_modules\react-dom\cjs\react-dom.development.js:4213:16)
    at invokeGuardedCallback (C:\Users\husey\kiro2\frontend\node_modules\react-dom\cjs\react-dom.development.js:4277:31)
    at beginWork$1 (C:\Users\husey\kiro2\frontend\node_modules\react-dom\cjs\react-dom.development.js:27490:7)
    at performUnitOfWork (C:\Users\husey\kiro2\frontend\node_modules\react-dom\cjs\react-dom.development.js:26599:12) TypeError: Cannot read properties of undefined (reading &apos;toFixed&apos;)
    at VideoAnalyticsDashboard [90m(C:\Users\husey\kiro2\frontend\[39msrc\components\VideoAnalytics\VideoAnalyticsDashboard.tsx:153:50[90m)[39m
    at renderWithHooks [90m(C:\Users\husey\kiro2\frontend\[39mnode_modules\[4mreact-dom[24m\cjs\react-dom.development.js:15486:18[90m)[39m
    at updateFunctionComponent [90m(C:\Users\husey\kiro2\frontend\[39mnode_modules\[4mreact-dom[24m\cjs\react-dom.development.js:19617:20[90m)[39m
    at beginWork [90m(C:\Users\husey\kiro2\frontend\[39mnode_modules\[4mreact-dom[24m\cjs\react-dom.development.js:21640:16[90m)[39m
    at HTMLUnknownElement.callCallback [90m(C:\Users\husey\kiro2\frontend\[39mnode_modules\[4mreact-dom[24m\cjs\react-dom.development.js:4164:14[90m)[39m
    at HTMLUnknownElement.callTheUserObjectsOperation [90m(C:\Users\husey\kiro2\frontend\[39mnode_modules\[4mjsdom[24m\lib\jsdom\living\generated\EventListener.js:26:30[90m)[39m
    at innerInvokeEventListeners [90m(C:\Users\husey\kiro2\frontend\[39mnode_modules\[4mjsdom[24m\lib\jsdom\living\events\EventTarget-impl.js:350:25[90m)[39m
    at invokeEventListeners [90m(C:\Users\husey\kiro2\frontend\[39mnode_modules\[4mjsdom[24m\lib\jsdom\living\events\EventTarget-impl.js:286:3[90m)[39m
    at HTMLUnknownElementImpl._dispatch [90m(C:\Users\husey\kiro2\frontend\[39mnode_modules\[4mjsdom[24m\lib\jsdom\living\events\EventTarget-impl.js:233:9[90m)[39m
    at HTMLUnknownElementImpl.dispatchEvent [90m(C:\Users\husey\kiro2\frontend\[39mnode_modules\[4mjsdom[24m\lib\jsdom\living\events\EventTarget-impl.js:104:17[90m)[39m

            </system-err>
        </testcase>
        <testcase classname="src/components/VideoAnalytics/__tests__/VideoAnalyticsDashboard.test.tsx" name="VideoAnalyticsDashboard - Empty State &gt; does not show insights in empty state" time="0.0356224">
            <system-err>
Error: Uncaught [TypeError: Cannot read properties of undefined (reading &apos;toFixed&apos;)]
    at reportException (C:\Users\husey\kiro2\frontend\node_modules\jsdom\lib\jsdom\living\helpers\runtime-script-errors.js:66:24)
    at innerInvokeEventListeners (C:\Users\husey\kiro2\frontend\node_modules\jsdom\lib\jsdom\living\events\EventTarget-impl.js:353:9)
    at invokeEventListeners (C:\Users\husey\kiro2\frontend\node_modules\jsdom\lib\jsdom\living\events\EventTarget-impl.js:286:3)
    at HTMLUnknownElementImpl._dispatch (C:\Users\husey\kiro2\frontend\node_modules\jsdom\lib\jsdom\living\events\EventTarget-impl.js:233:9)
    at HTMLUnknownElementImpl.dispatchEvent (C:\Users\husey\kiro2\frontend\node_modules\jsdom\lib\jsdom\living\events\EventTarget-impl.js:104:17)
    at HTMLUnknownElement.dispatchEvent (C:\Users\husey\kiro2\frontend\node_modules\jsdom\lib\jsdom\living\generated\EventTarget.js:241:34)
    at Object.invokeGuardedCallbackDev (C:\Users\husey\kiro2\frontend\node_modules\react-dom\cjs\react-dom.development.js:4213:16)
    at invokeGuardedCallback (C:\Users\husey\kiro2\frontend\node_modules\react-dom\cjs\react-dom.development.js:4277:31)
    at beginWork$1 (C:\Users\husey\kiro2\frontend\node_modules\react-dom\cjs\react-dom.development.js:27490:7)
    at performUnitOfWork (C:\Users\husey\kiro2\frontend\node_modules\react-dom\cjs\react-dom.development.js:26599:12) TypeError: Cannot read properties of undefined (reading &apos;toFixed&apos;)
    at VideoAnalyticsDashboard [90m(C:\Users\husey\kiro2\frontend\[39msrc\components\VideoAnalytics\VideoAnalyticsDashboard.tsx:153:50[90m)[39m
    at renderWithHooks [90m(C:\Users\husey\kiro2\frontend\[39mnode_modules\[4mreact-dom[24m\cjs\react-dom.development.js:15486:18[90m)[39m
    at updateFunctionComponent [90m(C:\Users\husey\kiro2\frontend\[39mnode_modules\[4mreact-dom[24m\cjs\react-dom.development.js:19617:20[90m)[39m
    at beginWork [90m(C:\Users\husey\kiro2\frontend\[39mnode_modules\[4mreact-dom[24m\cjs\react-dom.development.js:21640:16[90m)[39m
    at HTMLUnknownElement.callCallback [90m(C:\Users\husey\kiro2\frontend\[39mnode_modules\[4mreact-dom[24m\cjs\react-dom.development.js:4164:14[90m)[39m
    at HTMLUnknownElement.callTheUserObjectsOperation [90m(C:\Users\husey\kiro2\frontend\[39mnode_modules\[4mjsdom[24m\lib\jsdom\living\generated\EventListener.js:26:30[90m)[39m
    at innerInvokeEventListeners [90m(C:\Users\husey\kiro2\frontend\[39mnode_modules\[4mjsdom[24m\lib\jsdom\living\events\EventTarget-impl.js:350:25[90m)[39m
    at invokeEventListeners [90m(C:\Users\husey\kiro2\frontend\[39mnode_modules\[4mjsdom[24m\lib\jsdom\living\events\EventTarget-impl.js:286:3[90m)[39m
    at HTMLUnknownElementImpl._dispatch [90m(C:\Users\husey\kiro2\frontend\[39mnode_modules\[4mjsdom[24m\lib\jsdom\living\events\EventTarget-impl.js:233:9[90m)[39m
    at HTMLUnknownElementImpl.dispatchEvent [90m(C:\Users\husey\kiro2\frontend\[39mnode_modules\[4mjsdom[24m\lib\jsdom\living\events\EventTarget-impl.js:104:17[90m)[39m
Error: Uncaught [TypeError: Cannot read properties of undefined (reading &apos;toFixed&apos;)]
    at reportException (C:\Users\husey\kiro2\frontend\node_modules\jsdom\lib\jsdom\living\helpers\runtime-script-errors.js:66:24)
    at innerInvokeEventListeners (C:\Users\husey\kiro2\frontend\node_modules\jsdom\lib\jsdom\living\events\EventTarget-impl.js:353:9)
    at invokeEventListeners (C:\Users\husey\kiro2\frontend\node_modules\jsdom\lib\jsdom\living\events\EventTarget-impl.js:286:3)
    at HTMLUnknownElementImpl._dispatch (C:\Users\husey\kiro2\frontend\node_modules\jsdom\lib\jsdom\living\events\EventTarget-impl.js:233:9)
    at HTMLUnknownElementImpl.dispatchEvent (C:\Users\husey\kiro2\frontend\node_modules\jsdom\lib\jsdom\living\events\EventTarget-impl.js:104:17)
    at HTMLUnknownElement.dispatchEvent (C:\Users\husey\kiro2\frontend\node_modules\jsdom\lib\jsdom\living\generated\EventTarget.js:241:34)
    at Object.invokeGuardedCallbackDev (C:\Users\husey\kiro2\frontend\node_modules\react-dom\cjs\react-dom.development.js:4213:16)
    at invokeGuardedCallback (C:\Users\husey\kiro2\frontend\node_modules\react-dom\cjs\react-dom.development.js:4277:31)
    at beginWork$1 (C:\Users\husey\kiro2\frontend\node_modules\react-dom\cjs\react-dom.development.js:27490:7)
    at performUnitOfWork (C:\Users\husey\kiro2\frontend\node_modules\react-dom\cjs\react-dom.development.js:26599:12) TypeError: Cannot read properties of undefined (reading &apos;toFixed&apos;)
    at VideoAnalyticsDashboard [90m(C:\Users\husey\kiro2\frontend\[39msrc\components\VideoAnalytics\VideoAnalyticsDashboard.tsx:153:50[90m)[39m
    at renderWithHooks [90m(C:\Users\husey\kiro2\frontend\[39mnode_modules\[4mreact-dom[24m\cjs\react-dom.development.js:15486:18[90m)[39m
    at updateFunctionComponent [90m(C:\Users\husey\kiro2\frontend\[39mnode_modules\[4mreact-dom[24m\cjs\react-dom.development.js:19617:20[90m)[39m
    at beginWork [90m(C:\Users\husey\kiro2\frontend\[39mnode_modules\[4mreact-dom[24m\cjs\react-dom.development.js:21640:16[90m)[39m
    at HTMLUnknownElement.callCallback [90m(C:\Users\husey\kiro2\frontend\[39mnode_modules\[4mreact-dom[24m\cjs\react-dom.development.js:4164:14[90m)[39m
    at HTMLUnknownElement.callTheUserObjectsOperation [90m(C:\Users\husey\kiro2\frontend\[39mnode_modules\[4mjsdom[24m\lib\jsdom\living\generated\EventListener.js:26:30[90m)[39m
    at innerInvokeEventListeners [90m(C:\Users\husey\kiro2\frontend\[39mnode_modules\[4mjsdom[24m\lib\jsdom\living\events\EventTarget-impl.js:350:25[90m)[39m
    at invokeEventListeners [90m(C:\Users\husey\kiro2\frontend\[39mnode_modules\[4mjsdom[24m\lib\jsdom\living\events\EventTarget-impl.js:286:3[90m)[39m
    at HTMLUnknownElementImpl._dispatch [90m(C:\Users\husey\kiro2\frontend\[39mnode_modules\[4mjsdom[24m\lib\jsdom\living\events\EventTarget-impl.js:233:9[90m)[39m
    at HTMLUnknownElementImpl.dispatchEvent [90m(C:\Users\husey\kiro2\frontend\[39mnode_modules\[4mjsdom[24m\lib\jsdom\living\events\EventTarget-impl.js:104:17[90m)[39m

            </system-err>
        </testcase>
        <testcase classname="src/components/VideoAnalytics/__tests__/VideoAnalyticsDashboard.test.tsx" name="VideoAnalyticsDashboard - Edge Cases &gt; handles zero completion ratio correctly" time="1.0140374">
            <system-err>
Error: Uncaught [TypeError: Cannot read properties of undefined (reading &apos;toFixed&apos;)]
    at reportException (C:\Users\husey\kiro2\frontend\node_modules\jsdom\lib\jsdom\living\helpers\runtime-script-errors.js:66:24)
    at innerInvokeEventListeners (C:\Users\husey\kiro2\frontend\node_modules\jsdom\lib\jsdom\living\events\EventTarget-impl.js:353:9)
    at invokeEventListeners (C:\Users\husey\kiro2\frontend\node_modules\jsdom\lib\jsdom\living\events\EventTarget-impl.js:286:3)
    at HTMLUnknownElementImpl._dispatch (C:\Users\husey\kiro2\frontend\node_modules\jsdom\lib\jsdom\living\events\EventTarget-impl.js:233:9)
    at HTMLUnknownElementImpl.dispatchEvent (C:\Users\husey\kiro2\frontend\node_modules\jsdom\lib\jsdom\living\events\EventTarget-impl.js:104:17)
    at HTMLUnknownElement.dispatchEvent (C:\Users\husey\kiro2\frontend\node_modules\jsdom\lib\jsdom\living\generated\EventTarget.js:241:34)
    at Object.invokeGuardedCallbackDev (C:\Users\husey\kiro2\frontend\node_modules\react-dom\cjs\react-dom.development.js:4213:16)
    at invokeGuardedCallback (C:\Users\husey\kiro2\frontend\node_modules\react-dom\cjs\react-dom.development.js:4277:31)
    at beginWork$1 (C:\Users\husey\kiro2\frontend\node_modules\react-dom\cjs\react-dom.development.js:27490:7)
    at performUnitOfWork (C:\Users\husey\kiro2\frontend\node_modules\react-dom\cjs\react-dom.development.js:26599:12) TypeError: Cannot read properties of undefined (reading &apos;toFixed&apos;)
    at VideoAnalyticsDashboard [90m(C:\Users\husey\kiro2\frontend\[39msrc\components\VideoAnalytics\VideoAnalyticsDashboard.tsx:153:50[90m)[39m
    at renderWithHooks [90m(C:\Users\husey\kiro2\frontend\[39mnode_modules\[4mreact-dom[24m\cjs\react-dom.development.js:15486:18[90m)[39m
    at updateFunctionComponent [90m(C:\Users\husey\kiro2\frontend\[39mnode_modules\[4mreact-dom[24m\cjs\react-dom.development.js:19617:20[90m)[39m
    at beginWork [90m(C:\Users\husey\kiro2\frontend\[39mnode_modules\[4mreact-dom[24m\cjs\react-dom.development.js:21640:16[90m)[39m
    at HTMLUnknownElement.callCallback [90m(C:\Users\husey\kiro2\frontend\[39mnode_modules\[4mreact-dom[24m\cjs\react-dom.development.js:4164:14[90m)[39m
    at HTMLUnknownElement.callTheUserObjectsOperation [90m(C:\Users\husey\kiro2\frontend\[39mnode_modules\[4mjsdom[24m\lib\jsdom\living\generated\EventListener.js:26:30[90m)[39m
    at innerInvokeEventListeners [90m(C:\Users\husey\kiro2\frontend\[39mnode_modules\[4mjsdom[24m\lib\jsdom\living\events\EventTarget-impl.js:350:25[90m)[39m
    at invokeEventListeners [90m(C:\Users\husey\kiro2\frontend\[39mnode_modules\[4mjsdom[24m\lib\jsdom\living\events\EventTarget-impl.js:286:3[90m)[39m
    at HTMLUnknownElementImpl._dispatch [90m(C:\Users\husey\kiro2\frontend\[39mnode_modules\[4mjsdom[24m\lib\jsdom\living\events\EventTarget-impl.js:233:9[90m)[39m
    at HTMLUnknownElementImpl.dispatchEvent [90m(C:\Users\husey\kiro2\frontend\[39mnode_modules\[4mjsdom[24m\lib\jsdom\living\events\EventTarget-impl.js:104:17[90m)[39m
Error: Uncaught [TypeError: Cannot read properties of undefined (reading &apos;toFixed&apos;)]
    at reportException (C:\Users\husey\kiro2\frontend\node_modules\jsdom\lib\jsdom\living\helpers\runtime-script-errors.js:66:24)
    at innerInvokeEventListeners (C:\Users\husey\kiro2\frontend\node_modules\jsdom\lib\jsdom\living\events\EventTarget-impl.js:353:9)
    at invokeEventListeners (C:\Users\husey\kiro2\frontend\node_modules\jsdom\lib\jsdom\living\events\EventTarget-impl.js:286:3)
    at HTMLUnknownElementImpl._dispatch (C:\Users\husey\kiro2\frontend\node_modules\jsdom\lib\jsdom\living\events\EventTarget-impl.js:233:9)
    at HTMLUnknownElementImpl.dispatchEvent (C:\Users\husey\kiro2\frontend\node_modules\jsdom\lib\jsdom\living\events\EventTarget-impl.js:104:17)
    at HTMLUnknownElement.dispatchEvent (C:\Users\husey\kiro2\frontend\node_modules\jsdom\lib\jsdom\living\generated\EventTarget.js:241:34)
    at Object.invokeGuardedCallbackDev (C:\Users\husey\kiro2\frontend\node_modules\react-dom\cjs\react-dom.development.js:4213:16)
    at invokeGuardedCallback (C:\Users\husey\kiro2\frontend\node_modules\react-dom\cjs\react-dom.development.js:4277:31)
    at beginWork$1 (C:\Users\husey\kiro2\frontend\node_modules\react-dom\cjs\react-dom.development.js:27490:7)
    at performUnitOfWork (C:\Users\husey\kiro2\frontend\node_modules\react-dom\cjs\react-dom.development.js:26599:12) TypeError: Cannot read properties of undefined (reading &apos;toFixed&apos;)
    at VideoAnalyticsDashboard [90m(C:\Users\husey\kiro2\frontend\[39msrc\components\VideoAnalytics\VideoAnalyticsDashboard.tsx:153:50[90m)[39m
    at renderWithHooks [90m(C:\Users\husey\kiro2\frontend\[39mnode_modules\[4mreact-dom[24m\cjs\react-dom.development.js:15486:18[90m)[39m
    at updateFunctionComponent [90m(C:\Users\husey\kiro2\frontend\[39mnode_modules\[4mreact-dom[24m\cjs\react-dom.development.js:19617:20[90m)[39m
    at beginWork [90m(C:\Users\husey\kiro2\frontend\[39mnode_modules\[4mreact-dom[24m\cjs\react-dom.development.js:21640:16[90m)[39m
    at HTMLUnknownElement.callCallback [90m(C:\Users\husey\kiro2\frontend\[39mnode_modules\[4mreact-dom[24m\cjs\react-dom.development.js:4164:14[90m)[39m
    at HTMLUnknownElement.callTheUserObjectsOperation [90m(C:\Users\husey\kiro2\frontend\[39mnode_modules\[4mjsdom[24m\lib\jsdom\living\generated\EventListener.js:26:30[90m)[39m
    at innerInvokeEventListeners [90m(C:\Users\husey\kiro2\frontend\[39mnode_modules\[4mjsdom[24m\lib\jsdom\living\events\EventTarget-impl.js:350:25[90m)[39m
    at invokeEventListeners [90m(C:\Users\husey\kiro2\frontend\[39mnode_modules\[4mjsdom[24m\lib\jsdom\living\events\EventTarget-impl.js:286:3[90m)[39m
    at HTMLUnknownElementImpl._dispatch [90m(C:\Users\husey\kiro2\frontend\[39mnode_modules\[4mjsdom[24m\lib\jsdom\living\events\EventTarget-impl.js:233:9[90m)[39m
    at HTMLUnknownElementImpl.dispatchEvent [90m(C:\Users\husey\kiro2\frontend\[39mnode_modules\[4mjsdom[24m\lib\jsdom\living\events\EventTarget-impl.js:104:17[90m)[39m

            </system-err>
            <failure message="Unable to find an element with the text: 0%. This could be because the text is broken up by multiple elements. In this case, you can provide a function for your text matcher to make your matcher more flexible.

Ignored nodes: comments, script, style
[36m&lt;body&gt;[39m
  [36m&lt;div /&gt;[39m
[36m&lt;/body&gt;[39m

Ignored nodes: comments, script, style
[36m&lt;html&gt;[39m
  [36m&lt;head /&gt;[39m
  [36m&lt;body&gt;[39m
    [36m&lt;div /&gt;[39m
  [36m&lt;/body&gt;[39m
[36m&lt;/html&gt;[39m" type="TestingLibraryElementError">
TestingLibraryElementError: Unable to find an element with the text: 0%. This could be because the text is broken up by multiple elements. In this case, you can provide a function for your text matcher to make your matcher more flexible.

Ignored nodes: comments, script, style
&lt;body&gt;
  &lt;div /&gt;
&lt;/body&gt;

Ignored nodes: comments, script, style
&lt;html&gt;
  &lt;head /&gt;
  &lt;body&gt;
    &lt;div /&gt;
  &lt;/body&gt;
&lt;/html&gt;
 ❯ waitForWrapper node_modules/@testing-library/react/node_modules/@testing-library/dom/dist/wait-for.js:163:27
 ❯ src/components/VideoAnalytics/__tests__/VideoAnalyticsDashboard.test.tsx:699:11
            </failure>
        </testcase>
        <testcase classname="src/components/VideoAnalytics/__tests__/VideoAnalyticsDashboard.test.tsx" name="VideoAnalyticsDashboard - Edge Cases &gt; handles 100% completion ratio" time="1.0130264">
            <system-err>
Error: Uncaught [TypeError: Cannot read properties of undefined (reading &apos;toFixed&apos;)]
    at reportException (C:\Users\husey\kiro2\frontend\node_modules\jsdom\lib\jsdom\living\helpers\runtime-script-errors.js:66:24)
    at innerInvokeEventListeners (C:\Users\husey\kiro2\frontend\node_modules\jsdom\lib\jsdom\living\events\EventTarget-impl.js:353:9)
    at invokeEventListeners (C:\Users\husey\kiro2\frontend\node_modules\jsdom\lib\jsdom\living\events\EventTarget-impl.js:286:3)
    at HTMLUnknownElementImpl._dispatch (C:\Users\husey\kiro2\frontend\node_modules\jsdom\lib\jsdom\living\events\EventTarget-impl.js:233:9)
    at HTMLUnknownElementImpl.dispatchEvent (C:\Users\husey\kiro2\frontend\node_modules\jsdom\lib\jsdom\living\events\EventTarget-impl.js:104:17)
    at HTMLUnknownElement.dispatchEvent (C:\Users\husey\kiro2\frontend\node_modules\jsdom\lib\jsdom\living\generated\EventTarget.js:241:34)
    at Object.invokeGuardedCallbackDev (C:\Users\husey\kiro2\frontend\node_modules\react-dom\cjs\react-dom.development.js:4213:16)
    at invokeGuardedCallback (C:\Users\husey\kiro2\frontend\node_modules\react-dom\cjs\react-dom.development.js:4277:31)
    at beginWork$1 (C:\Users\husey\kiro2\frontend\node_modules\react-dom\cjs\react-dom.development.js:27490:7)
    at performUnitOfWork (C:\Users\husey\kiro2\frontend\node_modules\react-dom\cjs\react-dom.development.js:26599:12) TypeError: Cannot read properties of undefined (reading &apos;toFixed&apos;)
    at VideoAnalyticsDashboard [90m(C:\Users\husey\kiro2\frontend\[39msrc\components\VideoAnalytics\VideoAnalyticsDashboard.tsx:153:50[90m)[39m
    at renderWithHooks [90m(C:\Users\husey\kiro2\frontend\[39mnode_modules\[4mreact-dom[24m\cjs\react-dom.development.js:15486:18[90m)[39m
    at updateFunctionComponent [90m(C:\Users\husey\kiro2\frontend\[39mnode_modules\[4mreact-dom[24m\cjs\react-dom.development.js:19617:20[90m)[39m
    at beginWork [90m(C:\Users\husey\kiro2\frontend\[39mnode_modules\[4mreact-dom[24m\cjs\react-dom.development.js:21640:16[90m)[39m
    at HTMLUnknownElement.callCallback [90m(C:\Users\husey\kiro2\frontend\[39mnode_modules\[4mreact-dom[24m\cjs\react-dom.development.js:4164:14[90m)[39m
    at HTMLUnknownElement.callTheUserObjectsOperation [90m(C:\Users\husey\kiro2\frontend\[39mnode_modules\[4mjsdom[24m\lib\jsdom\living\generated\EventListener.js:26:30[90m)[39m
    at innerInvokeEventListeners [90m(C:\Users\husey\kiro2\frontend\[39mnode_modules\[4mjsdom[24m\lib\jsdom\living\events\EventTarget-impl.js:350:25[90m)[39m
    at invokeEventListeners [90m(C:\Users\husey\kiro2\frontend\[39mnode_modules\[4mjsdom[24m\lib\jsdom\living\events\EventTarget-impl.js:286:3[90m)[39m
    at HTMLUnknownElementImpl._dispatch [90m(C:\Users\husey\kiro2\frontend\[39mnode_modules\[4mjsdom[24m\lib\jsdom\living\events\EventTarget-impl.js:233:9[90m)[39m
    at HTMLUnknownElementImpl.dispatchEvent [90m(C:\Users\husey\kiro2\frontend\[39mnode_modules\[4mjsdom[24m\lib\jsdom\living\events\EventTarget-impl.js:104:17[90m)[39m
Error: Uncaught [TypeError: Cannot read properties of undefined (reading &apos;toFixed&apos;)]
    at reportException (C:\Users\husey\kiro2\frontend\node_modules\jsdom\lib\jsdom\living\helpers\runtime-script-errors.js:66:24)
    at innerInvokeEventListeners (C:\Users\husey\kiro2\frontend\node_modules\jsdom\lib\jsdom\living\events\EventTarget-impl.js:353:9)
    at invokeEventListeners (C:\Users\husey\kiro2\frontend\node_modules\jsdom\lib\jsdom\living\events\EventTarget-impl.js:286:3)
    at HTMLUnknownElementImpl._dispatch (C:\Users\husey\kiro2\frontend\node_modules\jsdom\lib\jsdom\living\events\EventTarget-impl.js:233:9)
    at HTMLUnknownElementImpl.dispatchEvent (C:\Users\husey\kiro2\frontend\node_modules\jsdom\lib\jsdom\living\events\EventTarget-impl.js:104:17)
    at HTMLUnknownElement.dispatchEvent (C:\Users\husey\kiro2\frontend\node_modules\jsdom\lib\jsdom\living\generated\EventTarget.js:241:34)
    at Object.invokeGuardedCallbackDev (C:\Users\husey\kiro2\frontend\node_modules\react-dom\cjs\react-dom.development.js:4213:16)
    at invokeGuardedCallback (C:\Users\husey\kiro2\frontend\node_modules\react-dom\cjs\react-dom.development.js:4277:31)
    at beginWork$1 (C:\Users\husey\kiro2\frontend\node_modules\react-dom\cjs\react-dom.development.js:27490:7)
    at performUnitOfWork (C:\Users\husey\kiro2\frontend\node_modules\react-dom\cjs\react-dom.development.js:26599:12) TypeError: Cannot read properties of undefined (reading &apos;toFixed&apos;)
    at VideoAnalyticsDashboard [90m(C:\Users\husey\kiro2\frontend\[39msrc\components\VideoAnalytics\VideoAnalyticsDashboard.tsx:153:50[90m)[39m
    at renderWithHooks [90m(C:\Users\husey\kiro2\frontend\[39mnode_modules\[4mreact-dom[24m\cjs\react-dom.development.js:15486:18[90m)[39m
    at updateFunctionComponent [90m(C:\Users\husey\kiro2\frontend\[39mnode_modules\[4mreact-dom[24m\cjs\react-dom.development.js:19617:20[90m)[39m
    at beginWork [90m(C:\Users\husey\kiro2\frontend\[39mnode_modules\[4mreact-dom[24m\cjs\react-dom.development.js:21640:16[90m)[39m
    at HTMLUnknownElement.callCallback [90m(C:\Users\husey\kiro2\frontend\[39mnode_modules\[4mreact-dom[24m\cjs\react-dom.development.js:4164:14[90m)[39m
    at HTMLUnknownElement.callTheUserObjectsOperation [90m(C:\Users\husey\kiro2\frontend\[39mnode_modules\[4mjsdom[24m\lib\jsdom\living\generated\EventListener.js:26:30[90m)[39m
    at innerInvokeEventListeners [90m(C:\Users\husey\kiro2\frontend\[39mnode_modules\[4mjsdom[24m\lib\jsdom\living\events\EventTarget-impl.js:350:25[90m)[39m
    at invokeEventListeners [90m(C:\Users\husey\kiro2\frontend\[39mnode_modules\[4mjsdom[24m\lib\jsdom\living\events\EventTarget-impl.js:286:3[90m)[39m
    at HTMLUnknownElementImpl._dispatch [90m(C:\Users\husey\kiro2\frontend\[39mnode_modules\[4mjsdom[24m\lib\jsdom\living\events\EventTarget-impl.js:233:9[90m)[39m
    at HTMLUnknownElementImpl.dispatchEvent [90m(C:\Users\husey\kiro2\frontend\[39mnode_modules\[4mjsdom[24m\lib\jsdom\living\events\EventTarget-impl.js:104:17[90m)[39m

            </system-err>
            <failure message="Unable to find an element with the text: 100%. This could be because the text is broken up by multiple elements. In this case, you can provide a function for your text matcher to make your matcher more flexible.

Ignored nodes: comments, script, style
[36m&lt;body&gt;[39m
  [36m&lt;div /&gt;[39m
[36m&lt;/body&gt;[39m

Ignored nodes: comments, script, style
[36m&lt;html&gt;[39m
  [36m&lt;head /&gt;[39m
  [36m&lt;body&gt;[39m
    [36m&lt;div /&gt;[39m
  [36m&lt;/body&gt;[39m
[36m&lt;/html&gt;[39m" type="TestingLibraryElementError">
TestingLibraryElementError: Unable to find an element with the text: 100%. This could be because the text is broken up by multiple elements. In this case, you can provide a function for your text matcher to make your matcher more flexible.

Ignored nodes: comments, script, style
&lt;body&gt;
  &lt;div /&gt;
&lt;/body&gt;

Ignored nodes: comments, script, style
&lt;html&gt;
  &lt;head /&gt;
  &lt;body&gt;
    &lt;div /&gt;
  &lt;/body&gt;
&lt;/html&gt;
 ❯ waitForWrapper node_modules/@testing-library/react/node_modules/@testing-library/dom/dist/wait-for.js:163:27
 ❯ src/components/VideoAnalytics/__tests__/VideoAnalyticsDashboard.test.tsx:715:11
            </failure>
        </testcase>
        <testcase classname="src/components/VideoAnalytics/__tests__/VideoAnalyticsDashboard.test.tsx" name="VideoAnalyticsDashboard - Edge Cases &gt; handles single video source" time="1.0205504">
            <system-err>
Error: Uncaught [TypeError: Cannot read properties of undefined (reading &apos;toFixed&apos;)]
    at reportException (C:\Users\husey\kiro2\frontend\node_modules\jsdom\lib\jsdom\living\helpers\runtime-script-errors.js:66:24)
    at innerInvokeEventListeners (C:\Users\husey\kiro2\frontend\node_modules\jsdom\lib\jsdom\living\events\EventTarget-impl.js:353:9)
    at invokeEventListeners (C:\Users\husey\kiro2\frontend\node_modules\jsdom\lib\jsdom\living\events\EventTarget-impl.js:286:3)
    at HTMLUnknownElementImpl._dispatch (C:\Users\husey\kiro2\frontend\node_modules\jsdom\lib\jsdom\living\events\EventTarget-impl.js:233:9)
    at HTMLUnknownElementImpl.dispatchEvent (C:\Users\husey\kiro2\frontend\node_modules\jsdom\lib\jsdom\living\events\EventTarget-impl.js:104:17)
    at HTMLUnknownElement.dispatchEvent (C:\Users\husey\kiro2\frontend\node_modules\jsdom\lib\jsdom\living\generated\EventTarget.js:241:34)
    at Object.invokeGuardedCallbackDev (C:\Users\husey\kiro2\frontend\node_modules\react-dom\cjs\react-dom.development.js:4213:16)
    at invokeGuardedCallback (C:\Users\husey\kiro2\frontend\node_modules\react-dom\cjs\react-dom.development.js:4277:31)
    at beginWork$1 (C:\Users\husey\kiro2\frontend\node_modules\react-dom\cjs\react-dom.development.js:27490:7)
    at performUnitOfWork (C:\Users\husey\kiro2\frontend\node_modules\react-dom\cjs\react-dom.development.js:26599:12) TypeError: Cannot read properties of undefined (reading &apos;toFixed&apos;)
    at VideoAnalyticsDashboard [90m(C:\Users\husey\kiro2\frontend\[39msrc\components\VideoAnalytics\VideoAnalyticsDashboard.tsx:153:50[90m)[39m
    at renderWithHooks [90m(C:\Users\husey\kiro2\frontend\[39mnode_modules\[4mreact-dom[24m\cjs\react-dom.development.js:15486:18[90m)[39m
    at updateFunctionComponent [90m(C:\Users\husey\kiro2\frontend\[39mnode_modules\[4mreact-dom[24m\cjs\react-dom.development.js:19617:20[90m)[39m
    at beginWork [90m(C:\Users\husey\kiro2\frontend\[39mnode_modules\[4mreact-dom[24m\cjs\react-dom.development.js:21640:16[90m)[39m
    at HTMLUnknownElement.callCallback [90m(C:\Users\husey\kiro2\frontend\[39mnode_modules\[4mreact-dom[24m\cjs\react-dom.development.js:4164:14[90m)[39m
    at HTMLUnknownElement.callTheUserObjectsOperation [90m(C:\Users\husey\kiro2\frontend\[39mnode_modules\[4mjsdom[24m\lib\jsdom\living\generated\EventListener.js:26:30[90m)[39m
    at innerInvokeEventListeners [90m(C:\Users\husey\kiro2\frontend\[39mnode_modules\[4mjsdom[24m\lib\jsdom\living\events\EventTarget-impl.js:350:25[90m)[39m
    at invokeEventListeners [90m(C:\Users\husey\kiro2\frontend\[39mnode_modules\[4mjsdom[24m\lib\jsdom\living\events\EventTarget-impl.js:286:3[90m)[39m
    at HTMLUnknownElementImpl._dispatch [90m(C:\Users\husey\kiro2\frontend\[39mnode_modules\[4mjsdom[24m\lib\jsdom\living\events\EventTarget-impl.js:233:9[90m)[39m
    at HTMLUnknownElementImpl.dispatchEvent [90m(C:\Users\husey\kiro2\frontend\[39mnode_modules\[4mjsdom[24m\lib\jsdom\living\events\EventTarget-impl.js:104:17[90m)[39m
Error: Uncaught [TypeError: Cannot read properties of undefined (reading &apos;toFixed&apos;)]
    at reportException (C:\Users\husey\kiro2\frontend\node_modules\jsdom\lib\jsdom\living\helpers\runtime-script-errors.js:66:24)
    at innerInvokeEventListeners (C:\Users\husey\kiro2\frontend\node_modules\jsdom\lib\jsdom\living\events\EventTarget-impl.js:353:9)
    at invokeEventListeners (C:\Users\husey\kiro2\frontend\node_modules\jsdom\lib\jsdom\living\events\EventTarget-impl.js:286:3)
    at HTMLUnknownElementImpl._dispatch (C:\Users\husey\kiro2\frontend\node_modules\jsdom\lib\jsdom\living\events\EventTarget-impl.js:233:9)
    at HTMLUnknownElementImpl.dispatchEvent (C:\Users\husey\kiro2\frontend\node_modules\jsdom\lib\jsdom\living\events\EventTarget-impl.js:104:17)
    at HTMLUnknownElement.dispatchEvent (C:\Users\husey\kiro2\frontend\node_modules\jsdom\lib\jsdom\living\generated\EventTarget.js:241:34)
    at Object.invokeGuardedCallbackDev (C:\Users\husey\kiro2\frontend\node_modules\react-dom\cjs\react-dom.development.js:4213:16)
    at invokeGuardedCallback (C:\Users\husey\kiro2\frontend\node_modules\react-dom\cjs\react-dom.development.js:4277:31)
    at beginWork$1 (C:\Users\husey\kiro2\frontend\node_modules\react-dom\cjs\react-dom.development.js:27490:7)
    at performUnitOfWork (C:\Users\husey\kiro2\frontend\node_modules\react-dom\cjs\react-dom.development.js:26599:12) TypeError: Cannot read properties of undefined (reading &apos;toFixed&apos;)
    at VideoAnalyticsDashboard [90m(C:\Users\husey\kiro2\frontend\[39msrc\components\VideoAnalytics\VideoAnalyticsDashboard.tsx:153:50[90m)[39m
    at renderWithHooks [90m(C:\Users\husey\kiro2\frontend\[39mnode_modules\[4mreact-dom[24m\cjs\react-dom.development.js:15486:18[90m)[39m
    at updateFunctionComponent [90m(C:\Users\husey\kiro2\frontend\[39mnode_modules\[4mreact-dom[24m\cjs\react-dom.development.js:19617:20[90m)[39m
    at beginWork [90m(C:\Users\husey\kiro2\frontend\[39mnode_modules\[4mreact-dom[24m\cjs\react-dom.development.js:21640:16[90m)[39m
    at HTMLUnknownElement.callCallback [90m(C:\Users\husey\kiro2\frontend\[39mnode_modules\[4mreact-dom[24m\cjs\react-dom.development.js:4164:14[90m)[39m
    at HTMLUnknownElement.callTheUserObjectsOperation [90m(C:\Users\husey\kiro2\frontend\[39mnode_modules\[4mjsdom[24m\lib\jsdom\living\generated\EventListener.js:26:30[90m)[39m
    at innerInvokeEventListeners [90m(C:\Users\husey\kiro2\frontend\[39mnode_modules\[4mjsdom[24m\lib\jsdom\living\events\EventTarget-impl.js:350:25[90m)[39m
    at invokeEventListeners [90m(C:\Users\husey\kiro2\frontend\[39mnode_modules\[4mjsdom[24m\lib\jsdom\living\events\EventTarget-impl.js:286:3[90m)[39m
    at HTMLUnknownElementImpl._dispatch [90m(C:\Users\husey\kiro2\frontend\[39mnode_modules\[4mjsdom[24m\lib\jsdom\living\events\EventTarget-impl.js:233:9[90m)[39m
    at HTMLUnknownElementImpl.dispatchEvent [90m(C:\Users\husey\kiro2\frontend\[39mnode_modules\[4mjsdom[24m\lib\jsdom\living\events\EventTarget-impl.js:104:17[90m)[39m

            </system-err>
            <failure message="Unable to find an element with the text: YouTube. This could be because the text is broken up by multiple elements. In this case, you can provide a function for your text matcher to make your matcher more flexible.

Ignored nodes: comments, script, style
[36m&lt;body&gt;[39m
  [36m&lt;div /&gt;[39m
[36m&lt;/body&gt;[39m

Ignored nodes: comments, script, style
[36m&lt;html&gt;[39m
  [36m&lt;head /&gt;[39m
  [36m&lt;body&gt;[39m
    [36m&lt;div /&gt;[39m
  [36m&lt;/body&gt;[39m
[36m&lt;/html&gt;[39m" type="TestingLibraryElementError">
TestingLibraryElementError: Unable to find an element with the text: YouTube. This could be because the text is broken up by multiple elements. In this case, you can provide a function for your text matcher to make your matcher more flexible.

Ignored nodes: comments, script, style
&lt;body&gt;
  &lt;div /&gt;
&lt;/body&gt;

Ignored nodes: comments, script, style
&lt;html&gt;
  &lt;head /&gt;
  &lt;body&gt;
    &lt;div /&gt;
  &lt;/body&gt;
&lt;/html&gt;
 ❯ waitForWrapper node_modules/@testing-library/react/node_modules/@testing-library/dom/dist/wait-for.js:163:27
 ❯ src/components/VideoAnalytics/__tests__/VideoAnalyticsDashboard.test.tsx:730:11
            </failure>
        </testcase>
        <testcase classname="src/components/VideoAnalytics/__tests__/VideoAnalyticsDashboard.test.tsx" name="VideoAnalyticsDashboard - Edge Cases &gt; handles unknown video source" time="1.0153552">
            <system-err>
Error: Uncaught [TypeError: Cannot read properties of undefined (reading &apos;toFixed&apos;)]
    at reportException (C:\Users\husey\kiro2\frontend\node_modules\jsdom\lib\jsdom\living\helpers\runtime-script-errors.js:66:24)
    at innerInvokeEventListeners (C:\Users\husey\kiro2\frontend\node_modules\jsdom\lib\jsdom\living\events\EventTarget-impl.js:353:9)
    at invokeEventListeners (C:\Users\husey\kiro2\frontend\node_modules\jsdom\lib\jsdom\living\events\EventTarget-impl.js:286:3)
    at HTMLUnknownElementImpl._dispatch (C:\Users\husey\kiro2\frontend\node_modules\jsdom\lib\jsdom\living\events\EventTarget-impl.js:233:9)
    at HTMLUnknownElementImpl.dispatchEvent (C:\Users\husey\kiro2\frontend\node_modules\jsdom\lib\jsdom\living\events\EventTarget-impl.js:104:17)
    at HTMLUnknownElement.dispatchEvent (C:\Users\husey\kiro2\frontend\node_modules\jsdom\lib\jsdom\living\generated\EventTarget.js:241:34)
    at Object.invokeGuardedCallbackDev (C:\Users\husey\kiro2\frontend\node_modules\react-dom\cjs\react-dom.development.js:4213:16)
    at invokeGuardedCallback (C:\Users\husey\kiro2\frontend\node_modules\react-dom\cjs\react-dom.development.js:4277:31)
    at beginWork$1 (C:\Users\husey\kiro2\frontend\node_modules\react-dom\cjs\react-dom.development.js:27490:7)
    at performUnitOfWork (C:\Users\husey\kiro2\frontend\node_modules\react-dom\cjs\react-dom.development.js:26599:12) TypeError: Cannot read properties of undefined (reading &apos;toFixed&apos;)
    at VideoAnalyticsDashboard [90m(C:\Users\husey\kiro2\frontend\[39msrc\components\VideoAnalytics\VideoAnalyticsDashboard.tsx:153:50[90m)[39m
    at renderWithHooks [90m(C:\Users\husey\kiro2\frontend\[39mnode_modules\[4mreact-dom[24m\cjs\react-dom.development.js:15486:18[90m)[39m
    at updateFunctionComponent [90m(C:\Users\husey\kiro2\frontend\[39mnode_modules\[4mreact-dom[24m\cjs\react-dom.development.js:19617:20[90m)[39m
    at beginWork [90m(C:\Users\husey\kiro2\frontend\[39mnode_modules\[4mreact-dom[24m\cjs\react-dom.development.js:21640:16[90m)[39m
    at HTMLUnknownElement.callCallback [90m(C:\Users\husey\kiro2\frontend\[39mnode_modules\[4mreact-dom[24m\cjs\react-dom.development.js:4164:14[90m)[39m
    at HTMLUnknownElement.callTheUserObjectsOperation [90m(C:\Users\husey\kiro2\frontend\[39mnode_modules\[4mjsdom[24m\lib\jsdom\living\generated\EventListener.js:26:30[90m)[39m
    at innerInvokeEventListeners [90m(C:\Users\husey\kiro2\frontend\[39mnode_modules\[4mjsdom[24m\lib\jsdom\living\events\EventTarget-impl.js:350:25[90m)[39m
    at invokeEventListeners [90m(C:\Users\husey\kiro2\frontend\[39mnode_modules\[4mjsdom[24m\lib\jsdom\living\events\EventTarget-impl.js:286:3[90m)[39m
    at HTMLUnknownElementImpl._dispatch [90m(C:\Users\husey\kiro2\frontend\[39mnode_modules\[4mjsdom[24m\lib\jsdom\living\events\EventTarget-impl.js:233:9[90m)[39m
    at HTMLUnknownElementImpl.dispatchEvent [90m(C:\Users\husey\kiro2\frontend\[39mnode_modules\[4mjsdom[24m\lib\jsdom\living\events\EventTarget-impl.js:104:17[90m)[39m
Error: Uncaught [TypeError: Cannot read properties of undefined (reading &apos;toFixed&apos;)]
    at reportException (C:\Users\husey\kiro2\frontend\node_modules\jsdom\lib\jsdom\living\helpers\runtime-script-errors.js:66:24)
    at innerInvokeEventListeners (C:\Users\husey\kiro2\frontend\node_modules\jsdom\lib\jsdom\living\events\EventTarget-impl.js:353:9)
    at invokeEventListeners (C:\Users\husey\kiro2\frontend\node_modules\jsdom\lib\jsdom\living\events\EventTarget-impl.js:286:3)
    at HTMLUnknownElementImpl._dispatch (C:\Users\husey\kiro2\frontend\node_modules\jsdom\lib\jsdom\living\events\EventTarget-impl.js:233:9)
    at HTMLUnknownElementImpl.dispatchEvent (C:\Users\husey\kiro2\frontend\node_modules\jsdom\lib\jsdom\living\events\EventTarget-impl.js:104:17)
    at HTMLUnknownElement.dispatchEvent (C:\Users\husey\kiro2\frontend\node_modules\jsdom\lib\jsdom\living\generated\EventTarget.js:241:34)
    at Object.invokeGuardedCallbackDev (C:\Users\husey\kiro2\frontend\node_modules\react-dom\cjs\react-dom.development.js:4213:16)
    at invokeGuardedCallback (C:\Users\husey\kiro2\frontend\node_modules\react-dom\cjs\react-dom.development.js:4277:31)
    at beginWork$1 (C:\Users\husey\kiro2\frontend\node_modules\react-dom\cjs\react-dom.development.js:27490:7)
    at performUnitOfWork (C:\Users\husey\kiro2\frontend\node_modules\react-dom\cjs\react-dom.development.js:26599:12) TypeError: Cannot read properties of undefined (reading &apos;toFixed&apos;)
    at VideoAnalyticsDashboard [90m(C:\Users\husey\kiro2\frontend\[39msrc\components\VideoAnalytics\VideoAnalyticsDashboard.tsx:153:50[90m)[39m
    at renderWithHooks [90m(C:\Users\husey\kiro2\frontend\[39mnode_modules\[4mreact-dom[24m\cjs\react-dom.development.js:15486:18[90m)[39m
    at updateFunctionComponent [90m(C:\Users\husey\kiro2\frontend\[39mnode_modules\[4mreact-dom[24m\cjs\react-dom.development.js:19617:20[90m)[39m
    at beginWork [90m(C:\Users\husey\kiro2\frontend\[39mnode_modules\[4mreact-dom[24m\cjs\react-dom.development.js:21640:16[90m)[39m
    at HTMLUnknownElement.callCallback [90m(C:\Users\husey\kiro2\frontend\[39mnode_modules\[4mreact-dom[24m\cjs\react-dom.development.js:4164:14[90m)[39m
    at HTMLUnknownElement.callTheUserObjectsOperation [90m(C:\Users\husey\kiro2\frontend\[39mnode_modules\[4mjsdom[24m\lib\jsdom\living\generated\EventListener.js:26:30[90m)[39m
    at innerInvokeEventListeners [90m(C:\Users\husey\kiro2\frontend\[39mnode_modules\[4mjsdom[24m\lib\jsdom\living\events\EventTarget-impl.js:350:25[90m)[39m
    at invokeEventListeners [90m(C:\Users\husey\kiro2\frontend\[39mnode_modules\[4mjsdom[24m\lib\jsdom\living\events\EventTarget-impl.js:286:3[90m)[39m
    at HTMLUnknownElementImpl._dispatch [90m(C:\Users\husey\kiro2\frontend\[39mnode_modules\[4mjsdom[24m\lib\jsdom\living\events\EventTarget-impl.js:233:9[90m)[39m
    at HTMLUnknownElementImpl.dispatchEvent [90m(C:\Users\husey\kiro2\frontend\[39mnode_modules\[4mjsdom[24m\lib\jsdom\living\events\EventTarget-impl.js:104:17[90m)[39m

            </system-err>
            <failure message="Unable to find an element with the text: unknown. This could be because the text is broken up by multiple elements. In this case, you can provide a function for your text matcher to make your matcher more flexible.

Ignored nodes: comments, script, style
[36m&lt;body&gt;[39m
  [36m&lt;div /&gt;[39m
[36m&lt;/body&gt;[39m

Ignored nodes: comments, script, style
[36m&lt;html&gt;[39m
  [36m&lt;head /&gt;[39m
  [36m&lt;body&gt;[39m
    [36m&lt;div /&gt;[39m
  [36m&lt;/body&gt;[39m
[36m&lt;/html&gt;[39m" type="TestingLibraryElementError">
TestingLibraryElementError: Unable to find an element with the text: unknown. This could be because the text is broken up by multiple elements. In this case, you can provide a function for your text matcher to make your matcher more flexible.

Ignored nodes: comments, script, style
&lt;body&gt;
  &lt;div /&gt;
&lt;/body&gt;

Ignored nodes: comments, script, style
&lt;html&gt;
  &lt;head /&gt;
  &lt;body&gt;
    &lt;div /&gt;
  &lt;/body&gt;
&lt;/html&gt;
 ❯ waitForWrapper node_modules/@testing-library/react/node_modules/@testing-library/dom/dist/wait-for.js:163:27
 ❯ src/components/VideoAnalytics/__tests__/VideoAnalyticsDashboard.test.tsx:747:11
            </failure>
        </testcase>
        <testcase classname="src/components/VideoAnalytics/__tests__/VideoAnalyticsDashboard.test.tsx" name="VideoAnalyticsDashboard - Edge Cases &gt; handles very large numbers" time="1.0219829">
            <system-err>
Error: Uncaught [TypeError: Cannot read properties of undefined (reading &apos;toFixed&apos;)]
    at reportException (C:\Users\husey\kiro2\frontend\node_modules\jsdom\lib\jsdom\living\helpers\runtime-script-errors.js:66:24)
    at innerInvokeEventListeners (C:\Users\husey\kiro2\frontend\node_modules\jsdom\lib\jsdom\living\events\EventTarget-impl.js:353:9)
    at invokeEventListeners (C:\Users\husey\kiro2\frontend\node_modules\jsdom\lib\jsdom\living\events\EventTarget-impl.js:286:3)
    at HTMLUnknownElementImpl._dispatch (C:\Users\husey\kiro2\frontend\node_modules\jsdom\lib\jsdom\living\events\EventTarget-impl.js:233:9)
    at HTMLUnknownElementImpl.dispatchEvent (C:\Users\husey\kiro2\frontend\node_modules\jsdom\lib\jsdom\living\events\EventTarget-impl.js:104:17)
    at HTMLUnknownElement.dispatchEvent (C:\Users\husey\kiro2\frontend\node_modules\jsdom\lib\jsdom\living\generated\EventTarget.js:241:34)
    at Object.invokeGuardedCallbackDev (C:\Users\husey\kiro2\frontend\node_modules\react-dom\cjs\react-dom.development.js:4213:16)
    at invokeGuardedCallback (C:\Users\husey\kiro2\frontend\node_modules\react-dom\cjs\react-dom.development.js:4277:31)
    at beginWork$1 (C:\Users\husey\kiro2\frontend\node_modules\react-dom\cjs\react-dom.development.js:27490:7)
    at performUnitOfWork (C:\Users\husey\kiro2\frontend\node_modules\react-dom\cjs\react-dom.development.js:26599:12) TypeError: Cannot read properties of undefined (reading &apos;toFixed&apos;)
    at VideoAnalyticsDashboard [90m(C:\Users\husey\kiro2\frontend\[39msrc\components\VideoAnalytics\VideoAnalyticsDashboard.tsx:153:50[90m)[39m
    at renderWithHooks [90m(C:\Users\husey\kiro2\frontend\[39mnode_modules\[4mreact-dom[24m\cjs\react-dom.development.js:15486:18[90m)[39m
    at updateFunctionComponent [90m(C:\Users\husey\kiro2\frontend\[39mnode_modules\[4mreact-dom[24m\cjs\react-dom.development.js:19617:20[90m)[39m
    at beginWork [90m(C:\Users\husey\kiro2\frontend\[39mnode_modules\[4mreact-dom[24m\cjs\react-dom.development.js:21640:16[90m)[39m
    at HTMLUnknownElement.callCallback [90m(C:\Users\husey\kiro2\frontend\[39mnode_modules\[4mreact-dom[24m\cjs\react-dom.development.js:4164:14[90m)[39m
    at HTMLUnknownElement.callTheUserObjectsOperation [90m(C:\Users\husey\kiro2\frontend\[39mnode_modules\[4mjsdom[24m\lib\jsdom\living\generated\EventListener.js:26:30[90m)[39m
    at innerInvokeEventListeners [90m(C:\Users\husey\kiro2\frontend\[39mnode_modules\[4mjsdom[24m\lib\jsdom\living\events\EventTarget-impl.js:350:25[90m)[39m
    at invokeEventListeners [90m(C:\Users\husey\kiro2\frontend\[39mnode_modules\[4mjsdom[24m\lib\jsdom\living\events\EventTarget-impl.js:286:3[90m)[39m
    at HTMLUnknownElementImpl._dispatch [90m(C:\Users\husey\kiro2\frontend\[39mnode_modules\[4mjsdom[24m\lib\jsdom\living\events\EventTarget-impl.js:233:9[90m)[39m
    at HTMLUnknownElementImpl.dispatchEvent [90m(C:\Users\husey\kiro2\frontend\[39mnode_modules\[4mjsdom[24m\lib\jsdom\living\events\EventTarget-impl.js:104:17[90m)[39m
Error: Uncaught [TypeError: Cannot read properties of undefined (reading &apos;toFixed&apos;)]
    at reportException (C:\Users\husey\kiro2\frontend\node_modules\jsdom\lib\jsdom\living\helpers\runtime-script-errors.js:66:24)
    at innerInvokeEventListeners (C:\Users\husey\kiro2\frontend\node_modules\jsdom\lib\jsdom\living\events\EventTarget-impl.js:353:9)
    at invokeEventListeners (C:\Users\husey\kiro2\frontend\node_modules\jsdom\lib\jsdom\living\events\EventTarget-impl.js:286:3)
    at HTMLUnknownElementImpl._dispatch (C:\Users\husey\kiro2\frontend\node_modules\jsdom\lib\jsdom\living\events\EventTarget-impl.js:233:9)
    at HTMLUnknownElementImpl.dispatchEvent (C:\Users\husey\kiro2\frontend\node_modules\jsdom\lib\jsdom\living\events\EventTarget-impl.js:104:17)
    at HTMLUnknownElement.dispatchEvent (C:\Users\husey\kiro2\frontend\node_modules\jsdom\lib\jsdom\living\generated\EventTarget.js:241:34)
    at Object.invokeGuardedCallbackDev (C:\Users\husey\kiro2\frontend\node_modules\react-dom\cjs\react-dom.development.js:4213:16)
    at invokeGuardedCallback (C:\Users\husey\kiro2\frontend\node_modules\react-dom\cjs\react-dom.development.js:4277:31)
    at beginWork$1 (C:\Users\husey\kiro2\frontend\node_modules\react-dom\cjs\react-dom.development.js:27490:7)
    at performUnitOfWork (C:\Users\husey\kiro2\frontend\node_modules\react-dom\cjs\react-dom.development.js:26599:12) TypeError: Cannot read properties of undefined (reading &apos;toFixed&apos;)
    at VideoAnalyticsDashboard [90m(C:\Users\husey\kiro2\frontend\[39msrc\components\VideoAnalytics\VideoAnalyticsDashboard.tsx:153:50[90m)[39m
    at renderWithHooks [90m(C:\Users\husey\kiro2\frontend\[39mnode_modules\[4mreact-dom[24m\cjs\react-dom.development.js:15486:18[90m)[39m
    at updateFunctionComponent [90m(C:\Users\husey\kiro2\frontend\[39mnode_modules\[4mreact-dom[24m\cjs\react-dom.development.js:19617:20[90m)[39m
    at beginWork [90m(C:\Users\husey\kiro2\frontend\[39mnode_modules\[4mreact-dom[24m\cjs\react-dom.development.js:21640:16[90m)[39m
    at HTMLUnknownElement.callCallback [90m(C:\Users\husey\kiro2\frontend\[39mnode_modules\[4mreact-dom[24m\cjs\react-dom.development.js:4164:14[90m)[39m
    at HTMLUnknownElement.callTheUserObjectsOperation [90m(C:\Users\husey\kiro2\frontend\[39mnode_modules\[4mjsdom[24m\lib\jsdom\living\generated\EventListener.js:26:30[90m)[39m
    at innerInvokeEventListeners [90m(C:\Users\husey\kiro2\frontend\[39mnode_modules\[4mjsdom[24m\lib\jsdom\living\events\EventTarget-impl.js:350:25[90m)[39m
    at invokeEventListeners [90m(C:\Users\husey\kiro2\frontend\[39mnode_modules\[4mjsdom[24m\lib\jsdom\living\events\EventTarget-impl.js:286:3[90m)[39m
    at HTMLUnknownElementImpl._dispatch [90m(C:\Users\husey\kiro2\frontend\[39mnode_modules\[4mjsdom[24m\lib\jsdom\living\events\EventTarget-impl.js:233:9[90m)[39m
    at HTMLUnknownElementImpl.dispatchEvent [90m(C:\Users\husey\kiro2\frontend\[39mnode_modules\[4mjsdom[24m\lib\jsdom\living\events\EventTarget-impl.js:104:17[90m)[39m

            </system-err>
            <failure message="Unable to find an element with the text: 999. This could be because the text is broken up by multiple elements. In this case, you can provide a function for your text matcher to make your matcher more flexible.

Ignored nodes: comments, script, style
[36m&lt;body&gt;[39m
  [36m&lt;div /&gt;[39m
[36m&lt;/body&gt;[39m

Ignored nodes: comments, script, style
[36m&lt;html&gt;[39m
  [36m&lt;head /&gt;[39m
  [36m&lt;body&gt;[39m
    [36m&lt;div /&gt;[39m
  [36m&lt;/body&gt;[39m
[36m&lt;/html&gt;[39m" type="TestingLibraryElementError">
TestingLibraryElementError: Unable to find an element with the text: 999. This could be because the text is broken up by multiple elements. In this case, you can provide a function for your text matcher to make your matcher more flexible.

Ignored nodes: comments, script, style
&lt;body&gt;
  &lt;div /&gt;
&lt;/body&gt;

Ignored nodes: comments, script, style
&lt;html&gt;
  &lt;head /&gt;
  &lt;body&gt;
    &lt;div /&gt;
  &lt;/body&gt;
&lt;/html&gt;
 ❯ waitForWrapper node_modules/@testing-library/react/node_modules/@testing-library/dom/dist/wait-for.js:163:27
 ❯ src/components/VideoAnalytics/__tests__/VideoAnalyticsDashboard.test.tsx:763:11
            </failure>
        </testcase>
        <testcase classname="src/components/VideoAnalytics/__tests__/VideoAnalyticsDashboard.test.tsx" name="VideoAnalyticsDashboard - Accessibility &gt; uses semantic HTML structure" time="0.4033741">
            <system-err>
Error: Uncaught [TypeError: Cannot read properties of undefined (reading &apos;toFixed&apos;)]
    at reportException (C:\Users\husey\kiro2\frontend\node_modules\jsdom\lib\jsdom\living\helpers\runtime-script-errors.js:66:24)
    at innerInvokeEventListeners (C:\Users\husey\kiro2\frontend\node_modules\jsdom\lib\jsdom\living\events\EventTarget-impl.js:353:9)
    at invokeEventListeners (C:\Users\husey\kiro2\frontend\node_modules\jsdom\lib\jsdom\living\events\EventTarget-impl.js:286:3)
    at HTMLUnknownElementImpl._dispatch (C:\Users\husey\kiro2\frontend\node_modules\jsdom\lib\jsdom\living\events\EventTarget-impl.js:233:9)
    at HTMLUnknownElementImpl.dispatchEvent (C:\Users\husey\kiro2\frontend\node_modules\jsdom\lib\jsdom\living\events\EventTarget-impl.js:104:17)
    at HTMLUnknownElement.dispatchEvent (C:\Users\husey\kiro2\frontend\node_modules\jsdom\lib\jsdom\living\generated\EventTarget.js:241:34)
    at Object.invokeGuardedCallbackDev (C:\Users\husey\kiro2\frontend\node_modules\react-dom\cjs\react-dom.development.js:4213:16)
    at invokeGuardedCallback (C:\Users\husey\kiro2\frontend\node_modules\react-dom\cjs\react-dom.development.js:4277:31)
    at beginWork$1 (C:\Users\husey\kiro2\frontend\node_modules\react-dom\cjs\react-dom.development.js:27490:7)
    at performUnitOfWork (C:\Users\husey\kiro2\frontend\node_modules\react-dom\cjs\react-dom.development.js:26599:12) TypeError: Cannot read properties of undefined (reading &apos;toFixed&apos;)
    at VideoAnalyticsDashboard [90m(C:\Users\husey\kiro2\frontend\[39msrc\components\VideoAnalytics\VideoAnalyticsDashboard.tsx:153:50[90m)[39m
    at renderWithHooks [90m(C:\Users\husey\kiro2\frontend\[39mnode_modules\[4mreact-dom[24m\cjs\react-dom.development.js:15486:18[90m)[39m
    at updateFunctionComponent [90m(C:\Users\husey\kiro2\frontend\[39mnode_modules\[4mreact-dom[24m\cjs\react-dom.development.js:19617:20[90m)[39m
    at beginWork [90m(C:\Users\husey\kiro2\frontend\[39mnode_modules\[4mreact-dom[24m\cjs\react-dom.development.js:21640:16[90m)[39m
    at HTMLUnknownElement.callCallback [90m(C:\Users\husey\kiro2\frontend\[39mnode_modules\[4mreact-dom[24m\cjs\react-dom.development.js:4164:14[90m)[39m
    at HTMLUnknownElement.callTheUserObjectsOperation [90m(C:\Users\husey\kiro2\frontend\[39mnode_modules\[4mjsdom[24m\lib\jsdom\living\generated\EventListener.js:26:30[90m)[39m
    at innerInvokeEventListeners [90m(C:\Users\husey\kiro2\frontend\[39mnode_modules\[4mjsdom[24m\lib\jsdom\living\events\EventTarget-impl.js:350:25[90m)[39m
    at invokeEventListeners [90m(C:\Users\husey\kiro2\frontend\[39mnode_modules\[4mjsdom[24m\lib\jsdom\living\events\EventTarget-impl.js:286:3[90m)[39m
    at HTMLUnknownElementImpl._dispatch [90m(C:\Users\husey\kiro2\frontend\[39mnode_modules\[4mjsdom[24m\lib\jsdom\living\events\EventTarget-impl.js:233:9[90m)[39m
    at HTMLUnknownElementImpl.dispatchEvent [90m(C:\Users\husey\kiro2\frontend\[39mnode_modules\[4mjsdom[24m\lib\jsdom\living\events\EventTarget-impl.js:104:17[90m)[39m
Error: Uncaught [TypeError: Cannot read properties of undefined (reading &apos;toFixed&apos;)]
    at reportException (C:\Users\husey\kiro2\frontend\node_modules\jsdom\lib\jsdom\living\helpers\runtime-script-errors.js:66:24)
    at innerInvokeEventListeners (C:\Users\husey\kiro2\frontend\node_modules\jsdom\lib\jsdom\living\events\EventTarget-impl.js:353:9)
    at invokeEventListeners (C:\Users\husey\kiro2\frontend\node_modules\jsdom\lib\jsdom\living\events\EventTarget-impl.js:286:3)
    at HTMLUnknownElementImpl._dispatch (C:\Users\husey\kiro2\frontend\node_modules\jsdom\lib\jsdom\living\events\EventTarget-impl.js:233:9)
    at HTMLUnknownElementImpl.dispatchEvent (C:\Users\husey\kiro2\frontend\node_modules\jsdom\lib\jsdom\living\events\EventTarget-impl.js:104:17)
    at HTMLUnknownElement.dispatchEvent (C:\Users\husey\kiro2\frontend\node_modules\jsdom\lib\jsdom\living\generated\EventTarget.js:241:34)
    at Object.invokeGuardedCallbackDev (C:\Users\husey\kiro2\frontend\node_modules\react-dom\cjs\react-dom.development.js:4213:16)
    at invokeGuardedCallback (C:\Users\husey\kiro2\frontend\node_modules\react-dom\cjs\react-dom.development.js:4277:31)
    at beginWork$1 (C:\Users\husey\kiro2\frontend\node_modules\react-dom\cjs\react-dom.development.js:27490:7)
    at performUnitOfWork (C:\Users\husey\kiro2\frontend\node_modules\react-dom\cjs\react-dom.development.js:26599:12) TypeError: Cannot read properties of undefined (reading &apos;toFixed&apos;)
    at VideoAnalyticsDashboard [90m(C:\Users\husey\kiro2\frontend\[39msrc\components\VideoAnalytics\VideoAnalyticsDashboard.tsx:153:50[90m)[39m
    at renderWithHooks [90m(C:\Users\husey\kiro2\frontend\[39mnode_modules\[4mreact-dom[24m\cjs\react-dom.development.js:15486:18[90m)[39m
    at updateFunctionComponent [90m(C:\Users\husey\kiro2\frontend\[39mnode_modules\[4mreact-dom[24m\cjs\react-dom.development.js:19617:20[90m)[39m
    at beginWork [90m(C:\Users\husey\kiro2\frontend\[39mnode_modules\[4mreact-dom[24m\cjs\react-dom.development.js:21640:16[90m)[39m
    at HTMLUnknownElement.callCallback [90m(C:\Users\husey\kiro2\frontend\[39mnode_modules\[4mreact-dom[24m\cjs\react-dom.development.js:4164:14[90m)[39m
    at HTMLUnknownElement.callTheUserObjectsOperation [90m(C:\Users\husey\kiro2\frontend\[39mnode_modules\[4mjsdom[24m\lib\jsdom\living\generated\EventListener.js:26:30[90m)[39m
    at innerInvokeEventListeners [90m(C:\Users\husey\kiro2\frontend\[39mnode_modules\[4mjsdom[24m\lib\jsdom\living\events\EventTarget-impl.js:350:25[90m)[39m
    at invokeEventListeners [90m(C:\Users\husey\kiro2\frontend\[39mnode_modules\[4mjsdom[24m\lib\jsdom\living\events\EventTarget-impl.js:286:3[90m)[39m
    at HTMLUnknownElementImpl._dispatch [90m(C:\Users\husey\kiro2\frontend\[39mnode_modules\[4mjsdom[24m\lib\jsdom\living\events\EventTarget-impl.js:233:9[90m)[39m
    at HTMLUnknownElementImpl.dispatchEvent [90m(C:\Users\husey\kiro2\frontend\[39mnode_modules\[4mjsdom[24m\lib\jsdom\living\events\EventTarget-impl.js:104:17[90m)[39m

            </system-err>
        </testcase>
        <testcase classname="src/components/VideoAnalytics/__tests__/VideoAnalyticsDashboard.test.tsx" name="VideoAnalyticsDashboard - Accessibility &gt; has accessible date input" time="0.0403587">
            <system-err>
Error: Uncaught [TypeError: Cannot read properties of undefined (reading &apos;toFixed&apos;)]
    at reportException (C:\Users\husey\kiro2\frontend\node_modules\jsdom\lib\jsdom\living\helpers\runtime-script-errors.js:66:24)
    at innerInvokeEventListeners (C:\Users\husey\kiro2\frontend\node_modules\jsdom\lib\jsdom\living\events\EventTarget-impl.js:353:9)
    at invokeEventListeners (C:\Users\husey\kiro2\frontend\node_modules\jsdom\lib\jsdom\living\events\EventTarget-impl.js:286:3)
    at HTMLUnknownElementImpl._dispatch (C:\Users\husey\kiro2\frontend\node_modules\jsdom\lib\jsdom\living\events\EventTarget-impl.js:233:9)
    at HTMLUnknownElementImpl.dispatchEvent (C:\Users\husey\kiro2\frontend\node_modules\jsdom\lib\jsdom\living\events\EventTarget-impl.js:104:17)
    at HTMLUnknownElement.dispatchEvent (C:\Users\husey\kiro2\frontend\node_modules\jsdom\lib\jsdom\living\generated\EventTarget.js:241:34)
    at Object.invokeGuardedCallbackDev (C:\Users\husey\kiro2\frontend\node_modules\react-dom\cjs\react-dom.development.js:4213:16)
    at invokeGuardedCallback (C:\Users\husey\kiro2\frontend\node_modules\react-dom\cjs\react-dom.development.js:4277:31)
    at beginWork$1 (C:\Users\husey\kiro2\frontend\node_modules\react-dom\cjs\react-dom.development.js:27490:7)
    at performUnitOfWork (C:\Users\husey\kiro2\frontend\node_modules\react-dom\cjs\react-dom.development.js:26599:12) TypeError: Cannot read properties of undefined (reading &apos;toFixed&apos;)
    at VideoAnalyticsDashboard [90m(C:\Users\husey\kiro2\frontend\[39msrc\components\VideoAnalytics\VideoAnalyticsDashboard.tsx:153:50[90m)[39m
    at renderWithHooks [90m(C:\Users\husey\kiro2\frontend\[39mnode_modules\[4mreact-dom[24m\cjs\react-dom.development.js:15486:18[90m)[39m
    at updateFunctionComponent [90m(C:\Users\husey\kiro2\frontend\[39mnode_modules\[4mreact-dom[24m\cjs\react-dom.development.js:19617:20[90m)[39m
    at beginWork [90m(C:\Users\husey\kiro2\frontend\[39mnode_modules\[4mreact-dom[24m\cjs\react-dom.development.js:21640:16[90m)[39m
    at HTMLUnknownElement.callCallback [90m(C:\Users\husey\kiro2\frontend\[39mnode_modules\[4mreact-dom[24m\cjs\react-dom.development.js:4164:14[90m)[39m
    at HTMLUnknownElement.callTheUserObjectsOperation [90m(C:\Users\husey\kiro2\frontend\[39mnode_modules\[4mjsdom[24m\lib\jsdom\living\generated\EventListener.js:26:30[90m)[39m
    at innerInvokeEventListeners [90m(C:\Users\husey\kiro2\frontend\[39mnode_modules\[4mjsdom[24m\lib\jsdom\living\events\EventTarget-impl.js:350:25[90m)[39m
    at invokeEventListeners [90m(C:\Users\husey\kiro2\frontend\[39mnode_modules\[4mjsdom[24m\lib\jsdom\living\events\EventTarget-impl.js:286:3[90m)[39m
    at HTMLUnknownElementImpl._dispatch [90m(C:\Users\husey\kiro2\frontend\[39mnode_modules\[4mjsdom[24m\lib\jsdom\living\events\EventTarget-impl.js:233:9[90m)[39m
    at HTMLUnknownElementImpl.dispatchEvent [90m(C:\Users\husey\kiro2\frontend\[39mnode_modules\[4mjsdom[24m\lib\jsdom\living\events\EventTarget-impl.js:104:17[90m)[39m
Error: Uncaught [TypeError: Cannot read properties of undefined (reading &apos;toFixed&apos;)]
    at reportException (C:\Users\husey\kiro2\frontend\node_modules\jsdom\lib\jsdom\living\helpers\runtime-script-errors.js:66:24)
    at innerInvokeEventListeners (C:\Users\husey\kiro2\frontend\node_modules\jsdom\lib\jsdom\living\events\EventTarget-impl.js:353:9)
    at invokeEventListeners (C:\Users\husey\kiro2\frontend\node_modules\jsdom\lib\jsdom\living\events\EventTarget-impl.js:286:3)
    at HTMLUnknownElementImpl._dispatch (C:\Users\husey\kiro2\frontend\node_modules\jsdom\lib\jsdom\living\events\EventTarget-impl.js:233:9)
    at HTMLUnknownElementImpl.dispatchEvent (C:\Users\husey\kiro2\frontend\node_modules\jsdom\lib\jsdom\living\events\EventTarget-impl.js:104:17)
    at HTMLUnknownElement.dispatchEvent (C:\Users\husey\kiro2\frontend\node_modules\jsdom\lib\jsdom\living\generated\EventTarget.js:241:34)
    at Object.invokeGuardedCallbackDev (C:\Users\husey\kiro2\frontend\node_modules\react-dom\cjs\react-dom.development.js:4213:16)
    at invokeGuardedCallback (C:\Users\husey\kiro2\frontend\node_modules\react-dom\cjs\react-dom.development.js:4277:31)
    at beginWork$1 (C:\Users\husey\kiro2\frontend\node_modules\react-dom\cjs\react-dom.development.js:27490:7)
    at performUnitOfWork (C:\Users\husey\kiro2\frontend\node_modules\react-dom\cjs\react-dom.development.js:26599:12) TypeError: Cannot read properties of undefined (reading &apos;toFixed&apos;)
    at VideoAnalyticsDashboard [90m(C:\Users\husey\kiro2\frontend\[39msrc\components\VideoAnalytics\VideoAnalyticsDashboard.tsx:153:50[90m)[39m
    at renderWithHooks [90m(C:\Users\husey\kiro2\frontend\[39mnode_modules\[4mreact-dom[24m\cjs\react-dom.development.js:15486:18[90m)[39m
    at updateFunctionComponent [90m(C:\Users\husey\kiro2\frontend\[39mnode_modules\[4mreact-dom[24m\cjs\react-dom.development.js:19617:20[90m)[39m
    at beginWork [90m(C:\Users\husey\kiro2\frontend\[39mnode_modules\[4mreact-dom[24m\cjs\react-dom.development.js:21640:16[90m)[39m
    at HTMLUnknownElement.callCallback [90m(C:\Users\husey\kiro2\frontend\[39mnode_modules\[4mreact-dom[24m\cjs\react-dom.development.js:4164:14[90m)[39m
    at HTMLUnknownElement.callTheUserObjectsOperation [90m(C:\Users\husey\kiro2\frontend\[39mnode_modules\[4mjsdom[24m\lib\jsdom\living\generated\EventListener.js:26:30[90m)[39m
    at innerInvokeEventListeners [90m(C:\Users\husey\kiro2\frontend\[39mnode_modules\[4mjsdom[24m\lib\jsdom\living\events\EventTarget-impl.js:350:25[90m)[39m
    at invokeEventListeners [90m(C:\Users\husey\kiro2\frontend\[39mnode_modules\[4mjsdom[24m\lib\jsdom\living\events\EventTarget-impl.js:286:3[90m)[39m
    at HTMLUnknownElementImpl._dispatch [90m(C:\Users\husey\kiro2\frontend\[39mnode_modules\[4mjsdom[24m\lib\jsdom\living\events\EventTarget-impl.js:233:9[90m)[39m
    at HTMLUnknownElementImpl.dispatchEvent [90m(C:\Users\husey\kiro2\frontend\[39mnode_modules\[4mjsdom[24m\lib\jsdom\living\events\EventTarget-impl.js:104:17[90m)[39m

            </system-err>
        </testcase>
        <testcase classname="src/components/VideoAnalytics/__tests__/VideoAnalyticsDashboard.test.tsx" name="VideoAnalyticsDashboard - Accessibility &gt; displays section headings" time="1.0235034">
            <system-err>
Error: Uncaught [TypeError: Cannot read properties of undefined (reading &apos;toFixed&apos;)]
    at reportException (C:\Users\husey\kiro2\frontend\node_modules\jsdom\lib\jsdom\living\helpers\runtime-script-errors.js:66:24)
    at innerInvokeEventListeners (C:\Users\husey\kiro2\frontend\node_modules\jsdom\lib\jsdom\living\events\EventTarget-impl.js:353:9)
    at invokeEventListeners (C:\Users\husey\kiro2\frontend\node_modules\jsdom\lib\jsdom\living\events\EventTarget-impl.js:286:3)
    at HTMLUnknownElementImpl._dispatch (C:\Users\husey\kiro2\frontend\node_modules\jsdom\lib\jsdom\living\events\EventTarget-impl.js:233:9)
    at HTMLUnknownElementImpl.dispatchEvent (C:\Users\husey\kiro2\frontend\node_modules\jsdom\lib\jsdom\living\events\EventTarget-impl.js:104:17)
    at HTMLUnknownElement.dispatchEvent (C:\Users\husey\kiro2\frontend\node_modules\jsdom\lib\jsdom\living\generated\EventTarget.js:241:34)
    at Object.invokeGuardedCallbackDev (C:\Users\husey\kiro2\frontend\node_modules\react-dom\cjs\react-dom.development.js:4213:16)
    at invokeGuardedCallback (C:\Users\husey\kiro2\frontend\node_modules\react-dom\cjs\react-dom.development.js:4277:31)
    at beginWork$1 (C:\Users\husey\kiro2\frontend\node_modules\react-dom\cjs\react-dom.development.js:27490:7)
    at performUnitOfWork (C:\Users\husey\kiro2\frontend\node_modules\react-dom\cjs\react-dom.development.js:26599:12) TypeError: Cannot read properties of undefined (reading &apos;toFixed&apos;)
    at VideoAnalyticsDashboard [90m(C:\Users\husey\kiro2\frontend\[39msrc\components\VideoAnalytics\VideoAnalyticsDashboard.tsx:153:50[90m)[39m
    at renderWithHooks [90m(C:\Users\husey\kiro2\frontend\[39mnode_modules\[4mreact-dom[24m\cjs\react-dom.development.js:15486:18[90m)[39m
    at updateFunctionComponent [90m(C:\Users\husey\kiro2\frontend\[39mnode_modules\[4mreact-dom[24m\cjs\react-dom.development.js:19617:20[90m)[39m
    at beginWork [90m(C:\Users\husey\kiro2\frontend\[39mnode_modules\[4mreact-dom[24m\cjs\react-dom.development.js:21640:16[90m)[39m
    at HTMLUnknownElement.callCallback [90m(C:\Users\husey\kiro2\frontend\[39mnode_modules\[4mreact-dom[24m\cjs\react-dom.development.js:4164:14[90m)[39m
    at HTMLUnknownElement.callTheUserObjectsOperation [90m(C:\Users\husey\kiro2\frontend\[39mnode_modules\[4mjsdom[24m\lib\jsdom\living\generated\EventListener.js:26:30[90m)[39m
    at innerInvokeEventListeners [90m(C:\Users\husey\kiro2\frontend\[39mnode_modules\[4mjsdom[24m\lib\jsdom\living\events\EventTarget-impl.js:350:25[90m)[39m
    at invokeEventListeners [90m(C:\Users\husey\kiro2\frontend\[39mnode_modules\[4mjsdom[24m\lib\jsdom\living\events\EventTarget-impl.js:286:3[90m)[39m
    at HTMLUnknownElementImpl._dispatch [90m(C:\Users\husey\kiro2\frontend\[39mnode_modules\[4mjsdom[24m\lib\jsdom\living\events\EventTarget-impl.js:233:9[90m)[39m
    at HTMLUnknownElementImpl.dispatchEvent [90m(C:\Users\husey\kiro2\frontend\[39mnode_modules\[4mjsdom[24m\lib\jsdom\living\events\EventTarget-impl.js:104:17[90m)[39m
Error: Uncaught [TypeError: Cannot read properties of undefined (reading &apos;toFixed&apos;)]
    at reportException (C:\Users\husey\kiro2\frontend\node_modules\jsdom\lib\jsdom\living\helpers\runtime-script-errors.js:66:24)
    at innerInvokeEventListeners (C:\Users\husey\kiro2\frontend\node_modules\jsdom\lib\jsdom\living\events\EventTarget-impl.js:353:9)
    at invokeEventListeners (C:\Users\husey\kiro2\frontend\node_modules\jsdom\lib\jsdom\living\events\EventTarget-impl.js:286:3)
    at HTMLUnknownElementImpl._dispatch (C:\Users\husey\kiro2\frontend\node_modules\jsdom\lib\jsdom\living\events\EventTarget-impl.js:233:9)
    at HTMLUnknownElementImpl.dispatchEvent (C:\Users\husey\kiro2\frontend\node_modules\jsdom\lib\jsdom\living\events\EventTarget-impl.js:104:17)
    at HTMLUnknownElement.dispatchEvent (C:\Users\husey\kiro2\frontend\node_modules\jsdom\lib\jsdom\living\generated\EventTarget.js:241:34)
    at Object.invokeGuardedCallbackDev (C:\Users\husey\kiro2\frontend\node_modules\react-dom\cjs\react-dom.development.js:4213:16)
    at invokeGuardedCallback (C:\Users\husey\kiro2\frontend\node_modules\react-dom\cjs\react-dom.development.js:4277:31)
    at beginWork$1 (C:\Users\husey\kiro2\frontend\node_modules\react-dom\cjs\react-dom.development.js:27490:7)
    at performUnitOfWork (C:\Users\husey\kiro2\frontend\node_modules\react-dom\cjs\react-dom.development.js:26599:12) TypeError: Cannot read properties of undefined (reading &apos;toFixed&apos;)
    at VideoAnalyticsDashboard [90m(C:\Users\husey\kiro2\frontend\[39msrc\components\VideoAnalytics\VideoAnalyticsDashboard.tsx:153:50[90m)[39m
    at renderWithHooks [90m(C:\Users\husey\kiro2\frontend\[39mnode_modules\[4mreact-dom[24m\cjs\react-dom.development.js:15486:18[90m)[39m
    at updateFunctionComponent [90m(C:\Users\husey\kiro2\frontend\[39mnode_modules\[4mreact-dom[24m\cjs\react-dom.development.js:19617:20[90m)[39m
    at beginWork [90m(C:\Users\husey\kiro2\frontend\[39mnode_modules\[4mreact-dom[24m\cjs\react-dom.development.js:21640:16[90m)[39m
    at HTMLUnknownElement.callCallback [90m(C:\Users\husey\kiro2\frontend\[39mnode_modules\[4mreact-dom[24m\cjs\react-dom.development.js:4164:14[90m)[39m
    at HTMLUnknownElement.callTheUserObjectsOperation [90m(C:\Users\husey\kiro2\frontend\[39mnode_modules\[4mjsdom[24m\lib\jsdom\living\generated\EventListener.js:26:30[90m)[39m
    at innerInvokeEventListeners [90m(C:\Users\husey\kiro2\frontend\[39mnode_modules\[4mjsdom[24m\lib\jsdom\living\events\EventTarget-impl.js:350:25[90m)[39m
    at invokeEventListeners [90m(C:\Users\husey\kiro2\frontend\[39mnode_modules\[4mjsdom[24m\lib\jsdom\living\events\EventTarget-impl.js:286:3[90m)[39m
    at HTMLUnknownElementImpl._dispatch [90m(C:\Users\husey\kiro2\frontend\[39mnode_modules\[4mjsdom[24m\lib\jsdom\living\events\EventTarget-impl.js:233:9[90m)[39m
    at HTMLUnknownElementImpl.dispatchEvent [90m(C:\Users\husey\kiro2\frontend\[39mnode_modules\[4mjsdom[24m\lib\jsdom\living\events\EventTarget-impl.js:104:17[90m)[39m

            </system-err>
            <failure message="Unable to find role=&quot;heading&quot; and name &quot;Kaynak Dağılımı&quot;

Ignored nodes: comments, script, style
[36m&lt;body&gt;[39m
  [36m&lt;div /&gt;[39m
[36m&lt;/body&gt;[39m

Ignored nodes: comments, script, style
[36m&lt;html&gt;[39m
  [36m&lt;head /&gt;[39m
  [36m&lt;body&gt;[39m
    [36m&lt;div /&gt;[39m
  [36m&lt;/body&gt;[39m
[36m&lt;/html&gt;[39m" type="TestingLibraryElementError">
TestingLibraryElementError: Unable to find role=&quot;heading&quot; and name &quot;Kaynak Dağılımı&quot;

Ignored nodes: comments, script, style
&lt;body&gt;
  &lt;div /&gt;
&lt;/body&gt;

Ignored nodes: comments, script, style
&lt;html&gt;
  &lt;head /&gt;
  &lt;body&gt;
    &lt;div /&gt;
  &lt;/body&gt;
&lt;/html&gt;
 ❯ waitForWrapper node_modules/@testing-library/react/node_modules/@testing-library/dom/dist/wait-for.js:163:27
 ❯ src/components/VideoAnalytics/__tests__/VideoAnalyticsDashboard.test.tsx:793:11
            </failure>
        </testcase>
    </testsuite>
    <testsuite name="src/components/VideoAnalytics/__tests__/VideoPlayerWithAnalytics.test.tsx" timestamp="2025-11-14T16:56:53.106Z" hostname="ates" tests="47" failures="9" errors="0" skipped="0" time="2.2221698">
        <testcase classname="src/components/VideoAnalytics/__tests__/VideoPlayerWithAnalytics.test.tsx" name="VideoPlayerWithAnalytics - Rendering &gt; renders video player" time="0.1189298">
        </testcase>
        <testcase classname="src/components/VideoAnalytics/__tests__/VideoPlayerWithAnalytics.test.tsx" name="VideoPlayerWithAnalytics - Rendering &gt; sets video source URL" time="0.0192617">
        </testcase>
        <testcase classname="src/components/VideoAnalytics/__tests__/VideoPlayerWithAnalytics.test.tsx" name="VideoPlayerWithAnalytics - Rendering &gt; shows video controls on mouse enter" time="0.0303552">
        </testcase>
        <testcase classname="src/components/VideoAnalytics/__tests__/VideoPlayerWithAnalytics.test.tsx" name="VideoPlayerWithAnalytics - Rendering &gt; hides video controls initially" time="0.0206286">
        </testcase>
        <testcase classname="src/components/VideoAnalytics/__tests__/VideoPlayerWithAnalytics.test.tsx" name="VideoPlayerWithAnalytics - Rendering &gt; displays session ID when session starts" time="0.0772835">
        </testcase>
        <testcase classname="src/components/VideoAnalytics/__tests__/VideoPlayerWithAnalytics.test.tsx" name="VideoPlayerWithAnalytics - Session Management &gt; starts watch session on mount" time="0.0244007">
        </testcase>
        <testcase classname="src/components/VideoAnalytics/__tests__/VideoPlayerWithAnalytics.test.tsx" name="VideoPlayerWithAnalytics - Session Management &gt; sends correct video data in session start" time="0.0115795">
        </testcase>
        <testcase classname="src/components/VideoAnalytics/__tests__/VideoPlayerWithAnalytics.test.tsx" name="VideoPlayerWithAnalytics - Session Management &gt; handles session start failure gracefully" time="0.0779743">
        </testcase>
        <testcase classname="src/components/VideoAnalytics/__tests__/VideoPlayerWithAnalytics.test.tsx" name="VideoPlayerWithAnalytics - Session Management &gt; ends session on unmount" time="1.0766436">
            <failure message="expected 0 to be greater than 0

Ignored nodes: comments, script, style
[36m&lt;html&gt;[39m
  [36m&lt;head /&gt;[39m
  [36m&lt;body&gt;[39m
    [36m&lt;div /&gt;[39m
  [36m&lt;/body&gt;[39m
[36m&lt;/html&gt;[39m" type="AssertionError">
AssertionError: expected 0 to be greater than 0

Ignored nodes: comments, script, style
&lt;html&gt;
  &lt;head /&gt;
  &lt;body&gt;
    &lt;div /&gt;
  &lt;/body&gt;
&lt;/html&gt;
 ❯ src/components/VideoAnalytics/__tests__/VideoPlayerWithAnalytics.test.tsx:162:31
 ❯ runWithExpensiveErrorDiagnosticsDisabled node_modules/@testing-library/react/node_modules/@testing-library/dom/dist/config.js:47:12
 ❯ checkCallback node_modules/@testing-library/react/node_modules/@testing-library/dom/dist/wait-for.js:124:77
 ❯ Timeout.checkRealTimersCallback node_modules/@testing-library/react/node_modules/@testing-library/dom/dist/wait-for.js:118:16
            </failure>
        </testcase>
        <testcase classname="src/components/VideoAnalytics/__tests__/VideoPlayerWithAnalytics.test.tsx" name="VideoPlayerWithAnalytics - Session Management &gt; includes user_id in session start" time="0.0108586">
        </testcase>
        <testcase classname="src/components/VideoAnalytics/__tests__/VideoPlayerWithAnalytics.test.tsx" name="VideoPlayerWithAnalytics - Playback Controls &gt; shows play button when paused" time="0.0344161">
        </testcase>
        <testcase classname="src/components/VideoAnalytics/__tests__/VideoPlayerWithAnalytics.test.tsx" name="VideoPlayerWithAnalytics - Playback Controls &gt; shows pause button when playing" time="0.0399229">
        </testcase>
        <testcase classname="src/components/VideoAnalytics/__tests__/VideoPlayerWithAnalytics.test.tsx" name="VideoPlayerWithAnalytics - Playback Controls &gt; updates isPlaying state on play" time="0.020682">
        </testcase>
        <testcase classname="src/components/VideoAnalytics/__tests__/VideoPlayerWithAnalytics.test.tsx" name="VideoPlayerWithAnalytics - Playback Controls &gt; updates isPlaying state on pause" time="0.0174847">
        </testcase>
        <testcase classname="src/components/VideoAnalytics/__tests__/VideoPlayerWithAnalytics.test.tsx" name="VideoPlayerWithAnalytics - Playback Controls &gt; records pause event" time="0.0899363">
            <system-err>
Error: Uncaught [TypeError: Cannot read properties of undefined (reading &apos;toFixed&apos;)]
    at reportException (C:\Users\husey\kiro2\frontend\node_modules\jsdom\lib\jsdom\living\helpers\runtime-script-errors.js:66:24)
    at innerInvokeEventListeners (C:\Users\husey\kiro2\frontend\node_modules\jsdom\lib\jsdom\living\events\EventTarget-impl.js:353:9)
    at invokeEventListeners (C:\Users\husey\kiro2\frontend\node_modules\jsdom\lib\jsdom\living\events\EventTarget-impl.js:286:3)
    at HTMLUnknownElementImpl._dispatch (C:\Users\husey\kiro2\frontend\node_modules\jsdom\lib\jsdom\living\events\EventTarget-impl.js:233:9)
    at HTMLUnknownElementImpl.dispatchEvent (C:\Users\husey\kiro2\frontend\node_modules\jsdom\lib\jsdom\living\events\EventTarget-impl.js:104:17)
    at HTMLUnknownElement.dispatchEvent (C:\Users\husey\kiro2\frontend\node_modules\jsdom\lib\jsdom\living\generated\EventTarget.js:241:34)
    at Object.invokeGuardedCallbackDev (C:\Users\husey\kiro2\frontend\node_modules\react-dom\cjs\react-dom.development.js:4213:16)
    at invokeGuardedCallback (C:\Users\husey\kiro2\frontend\node_modules\react-dom\cjs\react-dom.development.js:4277:31)
    at beginWork$1 (C:\Users\husey\kiro2\frontend\node_modules\react-dom\cjs\react-dom.development.js:27490:7)
    at performUnitOfWork (C:\Users\husey\kiro2\frontend\node_modules\react-dom\cjs\react-dom.development.js:26599:12) TypeError: Cannot read properties of undefined (reading &apos;toFixed&apos;)
    at VideoPlayerWithAnalytics [90m(C:\Users\husey\kiro2\frontend\[39msrc\components\VideoAnalytics\VideoPlayerWithAnalytics.tsx:292:41[90m)[39m
    at renderWithHooks [90m(C:\Users\husey\kiro2\frontend\[39mnode_modules\[4mreact-dom[24m\cjs\react-dom.development.js:15486:18[90m)[39m
    at updateFunctionComponent [90m(C:\Users\husey\kiro2\frontend\[39mnode_modules\[4mreact-dom[24m\cjs\react-dom.development.js:19617:20[90m)[39m
    at beginWork [90m(C:\Users\husey\kiro2\frontend\[39mnode_modules\[4mreact-dom[24m\cjs\react-dom.development.js:21640:16[90m)[39m
    at HTMLUnknownElement.callCallback [90m(C:\Users\husey\kiro2\frontend\[39mnode_modules\[4mreact-dom[24m\cjs\react-dom.development.js:4164:14[90m)[39m
    at HTMLUnknownElement.callTheUserObjectsOperation [90m(C:\Users\husey\kiro2\frontend\[39mnode_modules\[4mjsdom[24m\lib\jsdom\living\generated\EventListener.js:26:30[90m)[39m
    at innerInvokeEventListeners [90m(C:\Users\husey\kiro2\frontend\[39mnode_modules\[4mjsdom[24m\lib\jsdom\living\events\EventTarget-impl.js:350:25[90m)[39m
    at invokeEventListeners [90m(C:\Users\husey\kiro2\frontend\[39mnode_modules\[4mjsdom[24m\lib\jsdom\living\events\EventTarget-impl.js:286:3[90m)[39m
    at HTMLUnknownElementImpl._dispatch [90m(C:\Users\husey\kiro2\frontend\[39mnode_modules\[4mjsdom[24m\lib\jsdom\living\events\EventTarget-impl.js:233:9[90m)[39m
    at HTMLUnknownElementImpl.dispatchEvent [90m(C:\Users\husey\kiro2\frontend\[39mnode_modules\[4mjsdom[24m\lib\jsdom\living\events\EventTarget-impl.js:104:17[90m)[39m
Error: Uncaught [TypeError: Cannot read properties of undefined (reading &apos;toFixed&apos;)]
    at reportException (C:\Users\husey\kiro2\frontend\node_modules\jsdom\lib\jsdom\living\helpers\runtime-script-errors.js:66:24)
    at innerInvokeEventListeners (C:\Users\husey\kiro2\frontend\node_modules\jsdom\lib\jsdom\living\events\EventTarget-impl.js:353:9)
    at invokeEventListeners (C:\Users\husey\kiro2\frontend\node_modules\jsdom\lib\jsdom\living\events\EventTarget-impl.js:286:3)
    at HTMLUnknownElementImpl._dispatch (C:\Users\husey\kiro2\frontend\node_modules\jsdom\lib\jsdom\living\events\EventTarget-impl.js:233:9)
    at HTMLUnknownElementImpl.dispatchEvent (C:\Users\husey\kiro2\frontend\node_modules\jsdom\lib\jsdom\living\events\EventTarget-impl.js:104:17)
    at HTMLUnknownElement.dispatchEvent (C:\Users\husey\kiro2\frontend\node_modules\jsdom\lib\jsdom\living\generated\EventTarget.js:241:34)
    at Object.invokeGuardedCallbackDev (C:\Users\husey\kiro2\frontend\node_modules\react-dom\cjs\react-dom.development.js:4213:16)
    at invokeGuardedCallback (C:\Users\husey\kiro2\frontend\node_modules\react-dom\cjs\react-dom.development.js:4277:31)
    at beginWork$1 (C:\Users\husey\kiro2\frontend\node_modules\react-dom\cjs\react-dom.development.js:27490:7)
    at performUnitOfWork (C:\Users\husey\kiro2\frontend\node_modules\react-dom\cjs\react-dom.development.js:26599:12) TypeError: Cannot read properties of undefined (reading &apos;toFixed&apos;)
    at VideoPlayerWithAnalytics [90m(C:\Users\husey\kiro2\frontend\[39msrc\components\VideoAnalytics\VideoPlayerWithAnalytics.tsx:292:41[90m)[39m
    at renderWithHooks [90m(C:\Users\husey\kiro2\frontend\[39mnode_modules\[4mreact-dom[24m\cjs\react-dom.development.js:15486:18[90m)[39m
    at updateFunctionComponent [90m(C:\Users\husey\kiro2\frontend\[39mnode_modules\[4mreact-dom[24m\cjs\react-dom.development.js:19617:20[90m)[39m
    at beginWork [90m(C:\Users\husey\kiro2\frontend\[39mnode_modules\[4mreact-dom[24m\cjs\react-dom.development.js:21640:16[90m)[39m
    at HTMLUnknownElement.callCallback [90m(C:\Users\husey\kiro2\frontend\[39mnode_modules\[4mreact-dom[24m\cjs\react-dom.development.js:4164:14[90m)[39m
    at HTMLUnknownElement.callTheUserObjectsOperation [90m(C:\Users\husey\kiro2\frontend\[39mnode_modules\[4mjsdom[24m\lib\jsdom\living\generated\EventListener.js:26:30[90m)[39m
    at innerInvokeEventListeners [90m(C:\Users\husey\kiro2\frontend\[39mnode_modules\[4mjsdom[24m\lib\jsdom\living\events\EventTarget-impl.js:350:25[90m)[39m
    at invokeEventListeners [90m(C:\Users\husey\kiro2\frontend\[39mnode_modules\[4mjsdom[24m\lib\jsdom\living\events\EventTarget-impl.js:286:3[90m)[39m
    at HTMLUnknownElementImpl._dispatch [90m(C:\Users\husey\kiro2\frontend\[39mnode_modules\[4mjsdom[24m\lib\jsdom\living\events\EventTarget-impl.js:233:9[90m)[39m
    at HTMLUnknownElementImpl.dispatchEvent [90m(C:\Users\husey\kiro2\frontend\[39mnode_modules\[4mjsdom[24m\lib\jsdom\living\events\EventTarget-impl.js:104:17[90m)[39m

            </system-err>
        </testcase>
        <testcase classname="src/components/VideoAnalytics/__tests__/VideoPlayerWithAnalytics.test.tsx" name="VideoPlayerWithAnalytics - Progress Tracking &gt; sends progress updates every 10 seconds while playing" time="0.0050905">
            <failure message="jest is not defined" type="ReferenceError">
ReferenceError: jest is not defined
 ❯ src/components/VideoAnalytics/__tests__/VideoPlayerWithAnalytics.test.tsx:269:5
            </failure>
            <failure message="jest is not defined" type="ReferenceError">
ReferenceError: jest is not defined
 ❯ src/components/VideoAnalytics/__tests__/VideoPlayerWithAnalytics.test.tsx:276:5
            </failure>
        </testcase>
        <testcase classname="src/components/VideoAnalytics/__tests__/VideoPlayerWithAnalytics.test.tsx" name="VideoPlayerWithAnalytics - Progress Tracking &gt; sends current position in progress update" time="0.0025886">
            <failure message="jest is not defined" type="ReferenceError">
ReferenceError: jest is not defined
 ❯ src/components/VideoAnalytics/__tests__/VideoPlayerWithAnalytics.test.tsx:269:5
            </failure>
            <failure message="jest is not defined" type="ReferenceError">
ReferenceError: jest is not defined
 ❯ src/components/VideoAnalytics/__tests__/VideoPlayerWithAnalytics.test.tsx:276:5
            </failure>
        </testcase>
        <testcase classname="src/components/VideoAnalytics/__tests__/VideoPlayerWithAnalytics.test.tsx" name="VideoPlayerWithAnalytics - Progress Tracking &gt; sends playback speed in progress update" time="0.0013959">
            <failure message="jest is not defined" type="ReferenceError">
ReferenceError: jest is not defined
 ❯ src/components/VideoAnalytics/__tests__/VideoPlayerWithAnalytics.test.tsx:269:5
            </failure>
            <failure message="jest is not defined" type="ReferenceError">
ReferenceError: jest is not defined
 ❯ src/components/VideoAnalytics/__tests__/VideoPlayerWithAnalytics.test.tsx:276:5
            </failure>
        </testcase>
        <testcase classname="src/components/VideoAnalytics/__tests__/VideoPlayerWithAnalytics.test.tsx" name="VideoPlayerWithAnalytics - Progress Tracking &gt; updates completion percentage from API response" time="0.0020768">
            <failure message="jest is not defined" type="ReferenceError">
ReferenceError: jest is not defined
 ❯ src/components/VideoAnalytics/__tests__/VideoPlayerWithAnalytics.test.tsx:269:5
            </failure>
            <failure message="jest is not defined" type="ReferenceError">
ReferenceError: jest is not defined
 ❯ src/components/VideoAnalytics/__tests__/VideoPlayerWithAnalytics.test.tsx:276:5
            </failure>
        </testcase>
        <testcase classname="src/components/VideoAnalytics/__tests__/VideoPlayerWithAnalytics.test.tsx" name="VideoPlayerWithAnalytics - Progress Tracking &gt; calls onProgress callback with position and percentage" time="0.0014221">
            <failure message="jest is not defined" type="ReferenceError">
ReferenceError: jest is not defined
 ❯ src/components/VideoAnalytics/__tests__/VideoPlayerWithAnalytics.test.tsx:269:5
            </failure>
            <failure message="jest is not defined" type="ReferenceError">
ReferenceError: jest is not defined
 ❯ src/components/VideoAnalytics/__tests__/VideoPlayerWithAnalytics.test.tsx:276:5
            </failure>
        </testcase>
        <testcase classname="src/components/VideoAnalytics/__tests__/VideoPlayerWithAnalytics.test.tsx" name="VideoPlayerWithAnalytics - Progress Tracking &gt; calls onComplete when video is completed" time="0.0009849">
            <failure message="jest is not defined" type="ReferenceError">
ReferenceError: jest is not defined
 ❯ src/components/VideoAnalytics/__tests__/VideoPlayerWithAnalytics.test.tsx:269:5
            </failure>
            <failure message="jest is not defined" type="ReferenceError">
ReferenceError: jest is not defined
 ❯ src/components/VideoAnalytics/__tests__/VideoPlayerWithAnalytics.test.tsx:276:5
            </failure>
        </testcase>
        <testcase classname="src/components/VideoAnalytics/__tests__/VideoPlayerWithAnalytics.test.tsx" name="VideoPlayerWithAnalytics - Progress Tracking &gt; stops progress updates when paused" time="0.0016528">
            <failure message="jest is not defined" type="ReferenceError">
ReferenceError: jest is not defined
 ❯ src/components/VideoAnalytics/__tests__/VideoPlayerWithAnalytics.test.tsx:269:5
            </failure>
            <failure message="jest is not defined" type="ReferenceError">
ReferenceError: jest is not defined
 ❯ src/components/VideoAnalytics/__tests__/VideoPlayerWithAnalytics.test.tsx:276:5
            </failure>
        </testcase>
        <testcase classname="src/components/VideoAnalytics/__tests__/VideoPlayerWithAnalytics.test.tsx" name="VideoPlayerWithAnalytics - Seeking &gt; records seek event" time="0.0633875">
        </testcase>
        <testcase classname="src/components/VideoAnalytics/__tests__/VideoPlayerWithAnalytics.test.tsx" name="VideoPlayerWithAnalytics - Seeking &gt; sends from and to positions on seek" time="0.0421502">
        </testcase>
        <testcase classname="src/components/VideoAnalytics/__tests__/VideoPlayerWithAnalytics.test.tsx" name="VideoPlayerWithAnalytics - Playback Speed &gt; shows speed selector" time="0.0151249">
        </testcase>
        <testcase classname="src/components/VideoAnalytics/__tests__/VideoPlayerWithAnalytics.test.tsx" name="VideoPlayerWithAnalytics - Playback Speed &gt; has default speed of 1x" time="0.0165207">
        </testcase>
        <testcase classname="src/components/VideoAnalytics/__tests__/VideoPlayerWithAnalytics.test.tsx" name="VideoPlayerWithAnalytics - Playback Speed &gt; shows all speed options" time="0.0610092">
        </testcase>
        <testcase classname="src/components/VideoAnalytics/__tests__/VideoPlayerWithAnalytics.test.tsx" name="VideoPlayerWithAnalytics - Playback Speed &gt; changes playback speed" time="0.0160846">
        </testcase>
        <testcase classname="src/components/VideoAnalytics/__tests__/VideoPlayerWithAnalytics.test.tsx" name="VideoPlayerWithAnalytics - Playback Speed &gt; updates video element playback rate" time="0.0166864">
        </testcase>
        <testcase classname="src/components/VideoAnalytics/__tests__/VideoPlayerWithAnalytics.test.tsx" name="VideoPlayerWithAnalytics - Time Display &gt; displays current time and duration" time="0.0210191">
        </testcase>
        <testcase classname="src/components/VideoAnalytics/__tests__/VideoPlayerWithAnalytics.test.tsx" name="VideoPlayerWithAnalytics - Time Display &gt; formats time correctly (minutes:seconds)" time="0.0327143">
        </testcase>
        <testcase classname="src/components/VideoAnalytics/__tests__/VideoPlayerWithAnalytics.test.tsx" name="VideoPlayerWithAnalytics - Time Display &gt; pads seconds with zero" time="0.018338">
        </testcase>
        <testcase classname="src/components/VideoAnalytics/__tests__/VideoPlayerWithAnalytics.test.tsx" name="VideoPlayerWithAnalytics - Progress Bar &gt; renders progress bar" time="0.013339">
        </testcase>
        <testcase classname="src/components/VideoAnalytics/__tests__/VideoPlayerWithAnalytics.test.tsx" name="VideoPlayerWithAnalytics - Progress Bar &gt; updates progress bar width based on current time" time="0.0120281">
        </testcase>
        <testcase classname="src/components/VideoAnalytics/__tests__/VideoPlayerWithAnalytics.test.tsx" name="VideoPlayerWithAnalytics - Progress Bar &gt; shows 0% at start" time="0.0097795">
        </testcase>
        <testcase classname="src/components/VideoAnalytics/__tests__/VideoPlayerWithAnalytics.test.tsx" name="VideoPlayerWithAnalytics - Progress Bar &gt; shows 100% at end" time="0.0090884">
        </testcase>
        <testcase classname="src/components/VideoAnalytics/__tests__/VideoPlayerWithAnalytics.test.tsx" name="VideoPlayerWithAnalytics - Notes &amp; Bookmarks &gt; shows add note button" time="0.015733">
        </testcase>
        <testcase classname="src/components/VideoAnalytics/__tests__/VideoPlayerWithAnalytics.test.tsx" name="VideoPlayerWithAnalytics - Notes &amp; Bookmarks &gt; shows add bookmark button" time="0.016476">
        </testcase>
        <testcase classname="src/components/VideoAnalytics/__tests__/VideoPlayerWithAnalytics.test.tsx" name="VideoPlayerWithAnalytics - Notes &amp; Bookmarks &gt; calls onNote with current timestamp" time="0.0137241">
        </testcase>
        <testcase classname="src/components/VideoAnalytics/__tests__/VideoPlayerWithAnalytics.test.tsx" name="VideoPlayerWithAnalytics - Notes &amp; Bookmarks &gt; calls onBookmark with current timestamp" time="0.0111251">
        </testcase>
        <testcase classname="src/components/VideoAnalytics/__tests__/VideoPlayerWithAnalytics.test.tsx" name="VideoPlayerWithAnalytics - Initial Position &gt; sets initial position when provided" time="0.0093057">
        </testcase>
        <testcase classname="src/components/VideoAnalytics/__tests__/VideoPlayerWithAnalytics.test.tsx" name="VideoPlayerWithAnalytics - Initial Position &gt; does not set position when initialPosition is 0" time="0.0094287">
        </testcase>
        <testcase classname="src/components/VideoAnalytics/__tests__/VideoPlayerWithAnalytics.test.tsx" name="VideoPlayerWithAnalytics - Completion Badge &gt; displays completion percentage badge" time="0.0158714">
            <failure message="jest is not defined" type="ReferenceError">
ReferenceError: jest is not defined
 ❯ src/components/VideoAnalytics/__tests__/VideoPlayerWithAnalytics.test.tsx:828:5
            </failure>
        </testcase>
        <testcase classname="src/components/VideoAnalytics/__tests__/VideoPlayerWithAnalytics.test.tsx" name="VideoPlayerWithAnalytics - Completion Badge &gt; displays 0% initially" time="0.0220142">
        </testcase>
        <testcase classname="src/components/VideoAnalytics/__tests__/VideoPlayerWithAnalytics.test.tsx" name="VideoPlayerWithAnalytics - Edge Cases &gt; handles missing session gracefully" time="0.0077979">
        </testcase>
        <testcase classname="src/components/VideoAnalytics/__tests__/VideoPlayerWithAnalytics.test.tsx" name="VideoPlayerWithAnalytics - Edge Cases &gt; handles different video sources" time="0.0536243">
        </testcase>
        <testcase classname="src/components/VideoAnalytics/__tests__/VideoPlayerWithAnalytics.test.tsx" name="VideoPlayerWithAnalytics - Edge Cases &gt; handles zero duration" time="0.0074301">
        </testcase>
    </testsuite>
    <testsuite name="src/test/components/Auth/LoginPage.test.tsx" timestamp="2025-11-14T16:56:53.133Z" hostname="ates" tests="12" failures="12" errors="0" skipped="0" time="0.3212956">
        <testcase classname="src/test/components/Auth/LoginPage.test.tsx" name="LoginPage &gt; renders login form correctly" time="0.125289">
            <system-err>
Error: Uncaught [Error: useAuth must be used within an AuthProvider]
    at reportException (C:\Users\husey\kiro2\frontend\node_modules\jsdom\lib\jsdom\living\helpers\runtime-script-errors.js:66:24)
    at innerInvokeEventListeners (C:\Users\husey\kiro2\frontend\node_modules\jsdom\lib\jsdom\living\events\EventTarget-impl.js:353:9)
    at invokeEventListeners (C:\Users\husey\kiro2\frontend\node_modules\jsdom\lib\jsdom\living\events\EventTarget-impl.js:286:3)
    at HTMLUnknownElementImpl._dispatch (C:\Users\husey\kiro2\frontend\node_modules\jsdom\lib\jsdom\living\events\EventTarget-impl.js:233:9)
    at HTMLUnknownElementImpl.dispatchEvent (C:\Users\husey\kiro2\frontend\node_modules\jsdom\lib\jsdom\living\events\EventTarget-impl.js:104:17)
    at HTMLUnknownElement.dispatchEvent (C:\Users\husey\kiro2\frontend\node_modules\jsdom\lib\jsdom\living\generated\EventTarget.js:241:34)
    at Object.invokeGuardedCallbackDev (C:\Users\husey\kiro2\frontend\node_modules\react-dom\cjs\react-dom.development.js:4213:16)
    at invokeGuardedCallback (C:\Users\husey\kiro2\frontend\node_modules\react-dom\cjs\react-dom.development.js:4277:31)
    at beginWork$1 (C:\Users\husey\kiro2\frontend\node_modules\react-dom\cjs\react-dom.development.js:27490:7)
    at performUnitOfWork (C:\Users\husey\kiro2\frontend\node_modules\react-dom\cjs\react-dom.development.js:26599:12) Error: useAuth must be used within an AuthProvider
    at useAuth [90m(C:\Users\husey\kiro2\frontend\[39msrc\hooks\useAuth.tsx:289:11[90m)[39m
    at LoginPage [90m(C:\Users\husey\kiro2\frontend\[39msrc\pages\LoginPage.tsx:30:44[90m)[39m
    at renderWithHooks [90m(C:\Users\husey\kiro2\frontend\[39mnode_modules\[4mreact-dom[24m\cjs\react-dom.development.js:15486:18[90m)[39m
    at mountIndeterminateComponent [90m(C:\Users\husey\kiro2\frontend\[39mnode_modules\[4mreact-dom[24m\cjs\react-dom.development.js:20103:13[90m)[39m
    at beginWork [90m(C:\Users\husey\kiro2\frontend\[39mnode_modules\[4mreact-dom[24m\cjs\react-dom.development.js:21626:16[90m)[39m
    at HTMLUnknownElement.callCallback [90m(C:\Users\husey\kiro2\frontend\[39mnode_modules\[4mreact-dom[24m\cjs\react-dom.development.js:4164:14[90m)[39m
    at HTMLUnknownElement.callTheUserObjectsOperation [90m(C:\Users\husey\kiro2\frontend\[39mnode_modules\[4mjsdom[24m\lib\jsdom\living\generated\EventListener.js:26:30[90m)[39m
    at innerInvokeEventListeners [90m(C:\Users\husey\kiro2\frontend\[39mnode_modules\[4mjsdom[24m\lib\jsdom\living\events\EventTarget-impl.js:350:25[90m)[39m
    at invokeEventListeners [90m(C:\Users\husey\kiro2\frontend\[39mnode_modules\[4mjsdom[24m\lib\jsdom\living\events\EventTarget-impl.js:286:3[90m)[39m
    at HTMLUnknownElementImpl._dispatch [90m(C:\Users\husey\kiro2\frontend\[39mnode_modules\[4mjsdom[24m\lib\jsdom\living\events\EventTarget-impl.js:233:9[90m)[39m
Error: Uncaught [Error: useAuth must be used within an AuthProvider]
    at reportException (C:\Users\husey\kiro2\frontend\node_modules\jsdom\lib\jsdom\living\helpers\runtime-script-errors.js:66:24)
    at innerInvokeEventListeners (C:\Users\husey\kiro2\frontend\node_modules\jsdom\lib\jsdom\living\events\EventTarget-impl.js:353:9)
    at invokeEventListeners (C:\Users\husey\kiro2\frontend\node_modules\jsdom\lib\jsdom\living\events\EventTarget-impl.js:286:3)
    at HTMLUnknownElementImpl._dispatch (C:\Users\husey\kiro2\frontend\node_modules\jsdom\lib\jsdom\living\events\EventTarget-impl.js:233:9)
    at HTMLUnknownElementImpl.dispatchEvent (C:\Users\husey\kiro2\frontend\node_modules\jsdom\lib\jsdom\living\events\EventTarget-impl.js:104:17)
    at HTMLUnknownElement.dispatchEvent (C:\Users\husey\kiro2\frontend\node_modules\jsdom\lib\jsdom\living\generated\EventTarget.js:241:34)
    at Object.invokeGuardedCallbackDev (C:\Users\husey\kiro2\frontend\node_modules\react-dom\cjs\react-dom.development.js:4213:16)
    at invokeGuardedCallback (C:\Users\husey\kiro2\frontend\node_modules\react-dom\cjs\react-dom.development.js:4277:31)
    at beginWork$1 (C:\Users\husey\kiro2\frontend\node_modules\react-dom\cjs\react-dom.development.js:27490:7)
    at performUnitOfWork (C:\Users\husey\kiro2\frontend\node_modules\react-dom\cjs\react-dom.development.js:26599:12) Error: useAuth must be used within an AuthProvider
    at useAuth [90m(C:\Users\husey\kiro2\frontend\[39msrc\hooks\useAuth.tsx:289:11[90m)[39m
    at LoginPage [90m(C:\Users\husey\kiro2\frontend\[39msrc\pages\LoginPage.tsx:30:44[90m)[39m
    at renderWithHooks [90m(C:\Users\husey\kiro2\frontend\[39mnode_modules\[4mreact-dom[24m\cjs\react-dom.development.js:15486:18[90m)[39m
    at mountIndeterminateComponent [90m(C:\Users\husey\kiro2\frontend\[39mnode_modules\[4mreact-dom[24m\cjs\react-dom.development.js:20103:13[90m)[39m
    at beginWork [90m(C:\Users\husey\kiro2\frontend\[39mnode_modules\[4mreact-dom[24m\cjs\react-dom.development.js:21626:16[90m)[39m
    at HTMLUnknownElement.callCallback [90m(C:\Users\husey\kiro2\frontend\[39mnode_modules\[4mreact-dom[24m\cjs\react-dom.development.js:4164:14[90m)[39m
    at HTMLUnknownElement.callTheUserObjectsOperation [90m(C:\Users\husey\kiro2\frontend\[39mnode_modules\[4mjsdom[24m\lib\jsdom\living\generated\EventListener.js:26:30[90m)[39m
    at innerInvokeEventListeners [90m(C:\Users\husey\kiro2\frontend\[39mnode_modules\[4mjsdom[24m\lib\jsdom\living\events\EventTarget-impl.js:350:25[90m)[39m
    at invokeEventListeners [90m(C:\Users\husey\kiro2\frontend\[39mnode_modules\[4mjsdom[24m\lib\jsdom\living\events\EventTarget-impl.js:286:3[90m)[39m
    at HTMLUnknownElementImpl._dispatch [90m(C:\Users\husey\kiro2\frontend\[39mnode_modules\[4mjsdom[24m\lib\jsdom\living\events\EventTarget-impl.js:233:9[90m)[39m

            </system-err>
            <failure message="useAuth must be used within an AuthProvider" type="Error">
Error: useAuth must be used within an AuthProvider
 ❯ useAuth src/hooks/useAuth.tsx:289:11
 ❯ LoginPage src/pages/LoginPage.tsx:30:44
 ❯ renderWithHooks node_modules/react-dom/cjs/react-dom.development.js:15486:18
 ❯ mountIndeterminateComponent node_modules/react-dom/cjs/react-dom.development.js:20103:13
 ❯ beginWork node_modules/react-dom/cjs/react-dom.development.js:21626:16
 ❯ beginWork$1 node_modules/react-dom/cjs/react-dom.development.js:27465:14
 ❯ performUnitOfWork node_modules/react-dom/cjs/react-dom.development.js:26599:12
 ❯ workLoopSync node_modules/react-dom/cjs/react-dom.development.js:26505:5
 ❯ renderRootSync node_modules/react-dom/cjs/react-dom.development.js:26473:7
 ❯ recoverFromConcurrentError node_modules/react-dom/cjs/react-dom.development.js:25889:20
            </failure>
        </testcase>
        <testcase classname="src/test/components/Auth/LoginPage.test.tsx" name="LoginPage &gt; shows validation errors for empty fields" time="0.0252455">
            <system-err>
Error: Uncaught [Error: useAuth must be used within an AuthProvider]
    at reportException (C:\Users\husey\kiro2\frontend\node_modules\jsdom\lib\jsdom\living\helpers\runtime-script-errors.js:66:24)
    at innerInvokeEventListeners (C:\Users\husey\kiro2\frontend\node_modules\jsdom\lib\jsdom\living\events\EventTarget-impl.js:353:9)
    at invokeEventListeners (C:\Users\husey\kiro2\frontend\node_modules\jsdom\lib\jsdom\living\events\EventTarget-impl.js:286:3)
    at HTMLUnknownElementImpl._dispatch (C:\Users\husey\kiro2\frontend\node_modules\jsdom\lib\jsdom\living\events\EventTarget-impl.js:233:9)
    at HTMLUnknownElementImpl.dispatchEvent (C:\Users\husey\kiro2\frontend\node_modules\jsdom\lib\jsdom\living\events\EventTarget-impl.js:104:17)
    at HTMLUnknownElement.dispatchEvent (C:\Users\husey\kiro2\frontend\node_modules\jsdom\lib\jsdom\living\generated\EventTarget.js:241:34)
    at Object.invokeGuardedCallbackDev (C:\Users\husey\kiro2\frontend\node_modules\react-dom\cjs\react-dom.development.js:4213:16)
    at invokeGuardedCallback (C:\Users\husey\kiro2\frontend\node_modules\react-dom\cjs\react-dom.development.js:4277:31)
    at beginWork$1 (C:\Users\husey\kiro2\frontend\node_modules\react-dom\cjs\react-dom.development.js:27490:7)
    at performUnitOfWork (C:\Users\husey\kiro2\frontend\node_modules\react-dom\cjs\react-dom.development.js:26599:12) Error: useAuth must be used within an AuthProvider
    at useAuth [90m(C:\Users\husey\kiro2\frontend\[39msrc\hooks\useAuth.tsx:289:11[90m)[39m
    at LoginPage [90m(C:\Users\husey\kiro2\frontend\[39msrc\pages\LoginPage.tsx:30:44[90m)[39m
    at renderWithHooks [90m(C:\Users\husey\kiro2\frontend\[39mnode_modules\[4mreact-dom[24m\cjs\react-dom.development.js:15486:18[90m)[39m
    at mountIndeterminateComponent [90m(C:\Users\husey\kiro2\frontend\[39mnode_modules\[4mreact-dom[24m\cjs\react-dom.development.js:20103:13[90m)[39m
    at beginWork [90m(C:\Users\husey\kiro2\frontend\[39mnode_modules\[4mreact-dom[24m\cjs\react-dom.development.js:21626:16[90m)[39m
    at HTMLUnknownElement.callCallback [90m(C:\Users\husey\kiro2\frontend\[39mnode_modules\[4mreact-dom[24m\cjs\react-dom.development.js:4164:14[90m)[39m
    at HTMLUnknownElement.callTheUserObjectsOperation [90m(C:\Users\husey\kiro2\frontend\[39mnode_modules\[4mjsdom[24m\lib\jsdom\living\generated\EventListener.js:26:30[90m)[39m
    at innerInvokeEventListeners [90m(C:\Users\husey\kiro2\frontend\[39mnode_modules\[4mjsdom[24m\lib\jsdom\living\events\EventTarget-impl.js:350:25[90m)[39m
    at invokeEventListeners [90m(C:\Users\husey\kiro2\frontend\[39mnode_modules\[4mjsdom[24m\lib\jsdom\living\events\EventTarget-impl.js:286:3[90m)[39m
    at HTMLUnknownElementImpl._dispatch [90m(C:\Users\husey\kiro2\frontend\[39mnode_modules\[4mjsdom[24m\lib\jsdom\living\events\EventTarget-impl.js:233:9[90m)[39m
Error: Uncaught [Error: useAuth must be used within an AuthProvider]
    at reportException (C:\Users\husey\kiro2\frontend\node_modules\jsdom\lib\jsdom\living\helpers\runtime-script-errors.js:66:24)
    at innerInvokeEventListeners (C:\Users\husey\kiro2\frontend\node_modules\jsdom\lib\jsdom\living\events\EventTarget-impl.js:353:9)
    at invokeEventListeners (C:\Users\husey\kiro2\frontend\node_modules\jsdom\lib\jsdom\living\events\EventTarget-impl.js:286:3)
    at HTMLUnknownElementImpl._dispatch (C:\Users\husey\kiro2\frontend\node_modules\jsdom\lib\jsdom\living\events\EventTarget-impl.js:233:9)
    at HTMLUnknownElementImpl.dispatchEvent (C:\Users\husey\kiro2\frontend\node_modules\jsdom\lib\jsdom\living\events\EventTarget-impl.js:104:17)
    at HTMLUnknownElement.dispatchEvent (C:\Users\husey\kiro2\frontend\node_modules\jsdom\lib\jsdom\living\generated\EventTarget.js:241:34)
    at Object.invokeGuardedCallbackDev (C:\Users\husey\kiro2\frontend\node_modules\react-dom\cjs\react-dom.development.js:4213:16)
    at invokeGuardedCallback (C:\Users\husey\kiro2\frontend\node_modules\react-dom\cjs\react-dom.development.js:4277:31)
    at beginWork$1 (C:\Users\husey\kiro2\frontend\node_modules\react-dom\cjs\react-dom.development.js:27490:7)
    at performUnitOfWork (C:\Users\husey\kiro2\frontend\node_modules\react-dom\cjs\react-dom.development.js:26599:12) Error: useAuth must be used within an AuthProvider
    at useAuth [90m(C:\Users\husey\kiro2\frontend\[39msrc\hooks\useAuth.tsx:289:11[90m)[39m
    at LoginPage [90m(C:\Users\husey\kiro2\frontend\[39msrc\pages\LoginPage.tsx:30:44[90m)[39m
    at renderWithHooks [90m(C:\Users\husey\kiro2\frontend\[39mnode_modules\[4mreact-dom[24m\cjs\react-dom.development.js:15486:18[90m)[39m
    at mountIndeterminateComponent [90m(C:\Users\husey\kiro2\frontend\[39mnode_modules\[4mreact-dom[24m\cjs\react-dom.development.js:20103:13[90m)[39m
    at beginWork [90m(C:\Users\husey\kiro2\frontend\[39mnode_modules\[4mreact-dom[24m\cjs\react-dom.development.js:21626:16[90m)[39m
    at HTMLUnknownElement.callCallback [90m(C:\Users\husey\kiro2\frontend\[39mnode_modules\[4mreact-dom[24m\cjs\react-dom.development.js:4164:14[90m)[39m
    at HTMLUnknownElement.callTheUserObjectsOperation [90m(C:\Users\husey\kiro2\frontend\[39mnode_modules\[4mjsdom[24m\lib\jsdom\living\generated\EventListener.js:26:30[90m)[39m
    at innerInvokeEventListeners [90m(C:\Users\husey\kiro2\frontend\[39mnode_modules\[4mjsdom[24m\lib\jsdom\living\events\EventTarget-impl.js:350:25[90m)[39m
    at invokeEventListeners [90m(C:\Users\husey\kiro2\frontend\[39mnode_modules\[4mjsdom[24m\lib\jsdom\living\events\EventTarget-impl.js:286:3[90m)[39m
    at HTMLUnknownElementImpl._dispatch [90m(C:\Users\husey\kiro2\frontend\[39mnode_modules\[4mjsdom[24m\lib\jsdom\living\events\EventTarget-impl.js:233:9[90m)[39m

            </system-err>
            <failure message="useAuth must be used within an AuthProvider" type="Error">
Error: useAuth must be used within an AuthProvider
 ❯ useAuth src/hooks/useAuth.tsx:289:11
 ❯ LoginPage src/pages/LoginPage.tsx:30:44
 ❯ renderWithHooks node_modules/react-dom/cjs/react-dom.development.js:15486:18
 ❯ mountIndeterminateComponent node_modules/react-dom/cjs/react-dom.development.js:20103:13
 ❯ beginWork node_modules/react-dom/cjs/react-dom.development.js:21626:16
 ❯ beginWork$1 node_modules/react-dom/cjs/react-dom.development.js:27465:14
 ❯ performUnitOfWork node_modules/react-dom/cjs/react-dom.development.js:26599:12
 ❯ workLoopSync node_modules/react-dom/cjs/react-dom.development.js:26505:5
 ❯ renderRootSync node_modules/react-dom/cjs/react-dom.development.js:26473:7
 ❯ recoverFromConcurrentError node_modules/react-dom/cjs/react-dom.development.js:25889:20
            </failure>
        </testcase>
        <testcase classname="src/test/components/Auth/LoginPage.test.tsx" name="LoginPage &gt; shows validation error for invalid email format" time="0.0204902">
            <system-err>
Error: Uncaught [Error: useAuth must be used within an AuthProvider]
    at reportException (C:\Users\husey\kiro2\frontend\node_modules\jsdom\lib\jsdom\living\helpers\runtime-script-errors.js:66:24)
    at innerInvokeEventListeners (C:\Users\husey\kiro2\frontend\node_modules\jsdom\lib\jsdom\living\events\EventTarget-impl.js:353:9)
    at invokeEventListeners (C:\Users\husey\kiro2\frontend\node_modules\jsdom\lib\jsdom\living\events\EventTarget-impl.js:286:3)
    at HTMLUnknownElementImpl._dispatch (C:\Users\husey\kiro2\frontend\node_modules\jsdom\lib\jsdom\living\events\EventTarget-impl.js:233:9)
    at HTMLUnknownElementImpl.dispatchEvent (C:\Users\husey\kiro2\frontend\node_modules\jsdom\lib\jsdom\living\events\EventTarget-impl.js:104:17)
    at HTMLUnknownElement.dispatchEvent (C:\Users\husey\kiro2\frontend\node_modules\jsdom\lib\jsdom\living\generated\EventTarget.js:241:34)
    at Object.invokeGuardedCallbackDev (C:\Users\husey\kiro2\frontend\node_modules\react-dom\cjs\react-dom.development.js:4213:16)
    at invokeGuardedCallback (C:\Users\husey\kiro2\frontend\node_modules\react-dom\cjs\react-dom.development.js:4277:31)
    at beginWork$1 (C:\Users\husey\kiro2\frontend\node_modules\react-dom\cjs\react-dom.development.js:27490:7)
    at performUnitOfWork (C:\Users\husey\kiro2\frontend\node_modules\react-dom\cjs\react-dom.development.js:26599:12) Error: useAuth must be used within an AuthProvider
    at useAuth [90m(C:\Users\husey\kiro2\frontend\[39msrc\hooks\useAuth.tsx:289:11[90m)[39m
    at LoginPage [90m(C:\Users\husey\kiro2\frontend\[39msrc\pages\LoginPage.tsx:30:44[90m)[39m
    at renderWithHooks [90m(C:\Users\husey\kiro2\frontend\[39mnode_modules\[4mreact-dom[24m\cjs\react-dom.development.js:15486:18[90m)[39m
    at mountIndeterminateComponent [90m(C:\Users\husey\kiro2\frontend\[39mnode_modules\[4mreact-dom[24m\cjs\react-dom.development.js:20103:13[90m)[39m
    at beginWork [90m(C:\Users\husey\kiro2\frontend\[39mnode_modules\[4mreact-dom[24m\cjs\react-dom.development.js:21626:16[90m)[39m
    at HTMLUnknownElement.callCallback [90m(C:\Users\husey\kiro2\frontend\[39mnode_modules\[4mreact-dom[24m\cjs\react-dom.development.js:4164:14[90m)[39m
    at HTMLUnknownElement.callTheUserObjectsOperation [90m(C:\Users\husey\kiro2\frontend\[39mnode_modules\[4mjsdom[24m\lib\jsdom\living\generated\EventListener.js:26:30[90m)[39m
    at innerInvokeEventListeners [90m(C:\Users\husey\kiro2\frontend\[39mnode_modules\[4mjsdom[24m\lib\jsdom\living\events\EventTarget-impl.js:350:25[90m)[39m
    at invokeEventListeners [90m(C:\Users\husey\kiro2\frontend\[39mnode_modules\[4mjsdom[24m\lib\jsdom\living\events\EventTarget-impl.js:286:3[90m)[39m
    at HTMLUnknownElementImpl._dispatch [90m(C:\Users\husey\kiro2\frontend\[39mnode_modules\[4mjsdom[24m\lib\jsdom\living\events\EventTarget-impl.js:233:9[90m)[39m
Error: Uncaught [Error: useAuth must be used within an AuthProvider]
    at reportException (C:\Users\husey\kiro2\frontend\node_modules\jsdom\lib\jsdom\living\helpers\runtime-script-errors.js:66:24)
    at innerInvokeEventListeners (C:\Users\husey\kiro2\frontend\node_modules\jsdom\lib\jsdom\living\events\EventTarget-impl.js:353:9)
    at invokeEventListeners (C:\Users\husey\kiro2\frontend\node_modules\jsdom\lib\jsdom\living\events\EventTarget-impl.js:286:3)
    at HTMLUnknownElementImpl._dispatch (C:\Users\husey\kiro2\frontend\node_modules\jsdom\lib\jsdom\living\events\EventTarget-impl.js:233:9)
    at HTMLUnknownElementImpl.dispatchEvent (C:\Users\husey\kiro2\frontend\node_modules\jsdom\lib\jsdom\living\events\EventTarget-impl.js:104:17)
    at HTMLUnknownElement.dispatchEvent (C:\Users\husey\kiro2\frontend\node_modules\jsdom\lib\jsdom\living\generated\EventTarget.js:241:34)
    at Object.invokeGuardedCallbackDev (C:\Users\husey\kiro2\frontend\node_modules\react-dom\cjs\react-dom.development.js:4213:16)
    at invokeGuardedCallback (C:\Users\husey\kiro2\frontend\node_modules\react-dom\cjs\react-dom.development.js:4277:31)
    at beginWork$1 (C:\Users\husey\kiro2\frontend\node_modules\react-dom\cjs\react-dom.development.js:27490:7)
    at performUnitOfWork (C:\Users\husey\kiro2\frontend\node_modules\react-dom\cjs\react-dom.development.js:26599:12) Error: useAuth must be used within an AuthProvider
    at useAuth [90m(C:\Users\husey\kiro2\frontend\[39msrc\hooks\useAuth.tsx:289:11[90m)[39m
    at LoginPage [90m(C:\Users\husey\kiro2\frontend\[39msrc\pages\LoginPage.tsx:30:44[90m)[39m
    at renderWithHooks [90m(C:\Users\husey\kiro2\frontend\[39mnode_modules\[4mreact-dom[24m\cjs\react-dom.development.js:15486:18[90m)[39m
    at mountIndeterminateComponent [90m(C:\Users\husey\kiro2\frontend\[39mnode_modules\[4mreact-dom[24m\cjs\react-dom.development.js:20103:13[90m)[39m
    at beginWork [90m(C:\Users\husey\kiro2\frontend\[39mnode_modules\[4mreact-dom[24m\cjs\react-dom.development.js:21626:16[90m)[39m
    at HTMLUnknownElement.callCallback [90m(C:\Users\husey\kiro2\frontend\[39mnode_modules\[4mreact-dom[24m\cjs\react-dom.development.js:4164:14[90m)[39m
    at HTMLUnknownElement.callTheUserObjectsOperation [90m(C:\Users\husey\kiro2\frontend\[39mnode_modules\[4mjsdom[24m\lib\jsdom\living\generated\EventListener.js:26:30[90m)[39m
    at innerInvokeEventListeners [90m(C:\Users\husey\kiro2\frontend\[39mnode_modules\[4mjsdom[24m\lib\jsdom\living\events\EventTarget-impl.js:350:25[90m)[39m
    at invokeEventListeners [90m(C:\Users\husey\kiro2\frontend\[39mnode_modules\[4mjsdom[24m\lib\jsdom\living\events\EventTarget-impl.js:286:3[90m)[39m
    at HTMLUnknownElementImpl._dispatch [90m(C:\Users\husey\kiro2\frontend\[39mnode_modules\[4mjsdom[24m\lib\jsdom\living\events\EventTarget-impl.js:233:9[90m)[39m

            </system-err>
            <failure message="useAuth must be used within an AuthProvider" type="Error">
Error: useAuth must be used within an AuthProvider
 ❯ useAuth src/hooks/useAuth.tsx:289:11
 ❯ LoginPage src/pages/LoginPage.tsx:30:44
 ❯ renderWithHooks node_modules/react-dom/cjs/react-dom.development.js:15486:18
 ❯ mountIndeterminateComponent node_modules/react-dom/cjs/react-dom.development.js:20103:13
 ❯ beginWork node_modules/react-dom/cjs/react-dom.development.js:21626:16
 ❯ beginWork$1 node_modules/react-dom/cjs/react-dom.development.js:27465:14
 ❯ performUnitOfWork node_modules/react-dom/cjs/react-dom.development.js:26599:12
 ❯ workLoopSync node_modules/react-dom/cjs/react-dom.development.js:26505:5
 ❯ renderRootSync node_modules/react-dom/cjs/react-dom.development.js:26473:7
 ❯ recoverFromConcurrentError node_modules/react-dom/cjs/react-dom.development.js:25889:20
            </failure>
        </testcase>
        <testcase classname="src/test/components/Auth/LoginPage.test.tsx" name="LoginPage &gt; submits form with valid credentials successfully" time="0.0193722">
            <system-err>
Error: Uncaught [Error: useAuth must be used within an AuthProvider]
    at reportException (C:\Users\husey\kiro2\frontend\node_modules\jsdom\lib\jsdom\living\helpers\runtime-script-errors.js:66:24)
    at innerInvokeEventListeners (C:\Users\husey\kiro2\frontend\node_modules\jsdom\lib\jsdom\living\events\EventTarget-impl.js:353:9)
    at invokeEventListeners (C:\Users\husey\kiro2\frontend\node_modules\jsdom\lib\jsdom\living\events\EventTarget-impl.js:286:3)
    at HTMLUnknownElementImpl._dispatch (C:\Users\husey\kiro2\frontend\node_modules\jsdom\lib\jsdom\living\events\EventTarget-impl.js:233:9)
    at HTMLUnknownElementImpl.dispatchEvent (C:\Users\husey\kiro2\frontend\node_modules\jsdom\lib\jsdom\living\events\EventTarget-impl.js:104:17)
    at HTMLUnknownElement.dispatchEvent (C:\Users\husey\kiro2\frontend\node_modules\jsdom\lib\jsdom\living\generated\EventTarget.js:241:34)
    at Object.invokeGuardedCallbackDev (C:\Users\husey\kiro2\frontend\node_modules\react-dom\cjs\react-dom.development.js:4213:16)
    at invokeGuardedCallback (C:\Users\husey\kiro2\frontend\node_modules\react-dom\cjs\react-dom.development.js:4277:31)
    at beginWork$1 (C:\Users\husey\kiro2\frontend\node_modules\react-dom\cjs\react-dom.development.js:27490:7)
    at performUnitOfWork (C:\Users\husey\kiro2\frontend\node_modules\react-dom\cjs\react-dom.development.js:26599:12) Error: useAuth must be used within an AuthProvider
    at useAuth [90m(C:\Users\husey\kiro2\frontend\[39msrc\hooks\useAuth.tsx:289:11[90m)[39m
    at LoginPage [90m(C:\Users\husey\kiro2\frontend\[39msrc\pages\LoginPage.tsx:30:44[90m)[39m
    at renderWithHooks [90m(C:\Users\husey\kiro2\frontend\[39mnode_modules\[4mreact-dom[24m\cjs\react-dom.development.js:15486:18[90m)[39m
    at mountIndeterminateComponent [90m(C:\Users\husey\kiro2\frontend\[39mnode_modules\[4mreact-dom[24m\cjs\react-dom.development.js:20103:13[90m)[39m
    at beginWork [90m(C:\Users\husey\kiro2\frontend\[39mnode_modules\[4mreact-dom[24m\cjs\react-dom.development.js:21626:16[90m)[39m
    at HTMLUnknownElement.callCallback [90m(C:\Users\husey\kiro2\frontend\[39mnode_modules\[4mreact-dom[24m\cjs\react-dom.development.js:4164:14[90m)[39m
    at HTMLUnknownElement.callTheUserObjectsOperation [90m(C:\Users\husey\kiro2\frontend\[39mnode_modules\[4mjsdom[24m\lib\jsdom\living\generated\EventListener.js:26:30[90m)[39m
    at innerInvokeEventListeners [90m(C:\Users\husey\kiro2\frontend\[39mnode_modules\[4mjsdom[24m\lib\jsdom\living\events\EventTarget-impl.js:350:25[90m)[39m
    at invokeEventListeners [90m(C:\Users\husey\kiro2\frontend\[39mnode_modules\[4mjsdom[24m\lib\jsdom\living\events\EventTarget-impl.js:286:3[90m)[39m
    at HTMLUnknownElementImpl._dispatch [90m(C:\Users\husey\kiro2\frontend\[39mnode_modules\[4mjsdom[24m\lib\jsdom\living\events\EventTarget-impl.js:233:9[90m)[39m
Error: Uncaught [Error: useAuth must be used within an AuthProvider]
    at reportException (C:\Users\husey\kiro2\frontend\node_modules\jsdom\lib\jsdom\living\helpers\runtime-script-errors.js:66:24)
    at innerInvokeEventListeners (C:\Users\husey\kiro2\frontend\node_modules\jsdom\lib\jsdom\living\events\EventTarget-impl.js:353:9)
    at invokeEventListeners (C:\Users\husey\kiro2\frontend\node_modules\jsdom\lib\jsdom\living\events\EventTarget-impl.js:286:3)
    at HTMLUnknownElementImpl._dispatch (C:\Users\husey\kiro2\frontend\node_modules\jsdom\lib\jsdom\living\events\EventTarget-impl.js:233:9)
    at HTMLUnknownElementImpl.dispatchEvent (C:\Users\husey\kiro2\frontend\node_modules\jsdom\lib\jsdom\living\events\EventTarget-impl.js:104:17)
    at HTMLUnknownElement.dispatchEvent (C:\Users\husey\kiro2\frontend\node_modules\jsdom\lib\jsdom\living\generated\EventTarget.js:241:34)
    at Object.invokeGuardedCallbackDev (C:\Users\husey\kiro2\frontend\node_modules\react-dom\cjs\react-dom.development.js:4213:16)
    at invokeGuardedCallback (C:\Users\husey\kiro2\frontend\node_modules\react-dom\cjs\react-dom.development.js:4277:31)
    at beginWork$1 (C:\Users\husey\kiro2\frontend\node_modules\react-dom\cjs\react-dom.development.js:27490:7)
    at performUnitOfWork (C:\Users\husey\kiro2\frontend\node_modules\react-dom\cjs\react-dom.development.js:26599:12) Error: useAuth must be used within an AuthProvider
    at useAuth [90m(C:\Users\husey\kiro2\frontend\[39msrc\hooks\useAuth.tsx:289:11[90m)[39m
    at LoginPage [90m(C:\Users\husey\kiro2\frontend\[39msrc\pages\LoginPage.tsx:30:44[90m)[39m
    at renderWithHooks [90m(C:\Users\husey\kiro2\frontend\[39mnode_modules\[4mreact-dom[24m\cjs\react-dom.development.js:15486:18[90m)[39m
    at mountIndeterminateComponent [90m(C:\Users\husey\kiro2\frontend\[39mnode_modules\[4mreact-dom[24m\cjs\react-dom.development.js:20103:13[90m)[39m
    at beginWork [90m(C:\Users\husey\kiro2\frontend\[39mnode_modules\[4mreact-dom[24m\cjs\react-dom.development.js:21626:16[90m)[39m
    at HTMLUnknownElement.callCallback [90m(C:\Users\husey\kiro2\frontend\[39mnode_modules\[4mreact-dom[24m\cjs\react-dom.development.js:4164:14[90m)[39m
    at HTMLUnknownElement.callTheUserObjectsOperation [90m(C:\Users\husey\kiro2\frontend\[39mnode_modules\[4mjsdom[24m\lib\jsdom\living\generated\EventListener.js:26:30[90m)[39m
    at innerInvokeEventListeners [90m(C:\Users\husey\kiro2\frontend\[39mnode_modules\[4mjsdom[24m\lib\jsdom\living\events\EventTarget-impl.js:350:25[90m)[39m
    at invokeEventListeners [90m(C:\Users\husey\kiro2\frontend\[39mnode_modules\[4mjsdom[24m\lib\jsdom\living\events\EventTarget-impl.js:286:3[90m)[39m
    at HTMLUnknownElementImpl._dispatch [90m(C:\Users\husey\kiro2\frontend\[39mnode_modules\[4mjsdom[24m\lib\jsdom\living\events\EventTarget-impl.js:233:9[90m)[39m

            </system-err>
            <failure message="useAuth must be used within an AuthProvider" type="Error">
Error: useAuth must be used within an AuthProvider
 ❯ useAuth src/hooks/useAuth.tsx:289:11
 ❯ LoginPage src/pages/LoginPage.tsx:30:44
 ❯ renderWithHooks node_modules/react-dom/cjs/react-dom.development.js:15486:18
 ❯ mountIndeterminateComponent node_modules/react-dom/cjs/react-dom.development.js:20103:13
 ❯ beginWork node_modules/react-dom/cjs/react-dom.development.js:21626:16
 ❯ beginWork$1 node_modules/react-dom/cjs/react-dom.development.js:27465:14
 ❯ performUnitOfWork node_modules/react-dom/cjs/react-dom.development.js:26599:12
 ❯ workLoopSync node_modules/react-dom/cjs/react-dom.development.js:26505:5
 ❯ renderRootSync node_modules/react-dom/cjs/react-dom.development.js:26473:7
 ❯ recoverFromConcurrentError node_modules/react-dom/cjs/react-dom.development.js:25889:20
            </failure>
        </testcase>
        <testcase classname="src/test/components/Auth/LoginPage.test.tsx" name="LoginPage &gt; shows error message for invalid credentials" time="0.0275702">
            <system-err>
Error: Uncaught [Error: useAuth must be used within an AuthProvider]
    at reportException (C:\Users\husey\kiro2\frontend\node_modules\jsdom\lib\jsdom\living\helpers\runtime-script-errors.js:66:24)
    at innerInvokeEventListeners (C:\Users\husey\kiro2\frontend\node_modules\jsdom\lib\jsdom\living\events\EventTarget-impl.js:353:9)
    at invokeEventListeners (C:\Users\husey\kiro2\frontend\node_modules\jsdom\lib\jsdom\living\events\EventTarget-impl.js:286:3)
    at HTMLUnknownElementImpl._dispatch (C:\Users\husey\kiro2\frontend\node_modules\jsdom\lib\jsdom\living\events\EventTarget-impl.js:233:9)
    at HTMLUnknownElementImpl.dispatchEvent (C:\Users\husey\kiro2\frontend\node_modules\jsdom\lib\jsdom\living\events\EventTarget-impl.js:104:17)
    at HTMLUnknownElement.dispatchEvent (C:\Users\husey\kiro2\frontend\node_modules\jsdom\lib\jsdom\living\generated\EventTarget.js:241:34)
    at Object.invokeGuardedCallbackDev (C:\Users\husey\kiro2\frontend\node_modules\react-dom\cjs\react-dom.development.js:4213:16)
    at invokeGuardedCallback (C:\Users\husey\kiro2\frontend\node_modules\react-dom\cjs\react-dom.development.js:4277:31)
    at beginWork$1 (C:\Users\husey\kiro2\frontend\node_modules\react-dom\cjs\react-dom.development.js:27490:7)
    at performUnitOfWork (C:\Users\husey\kiro2\frontend\node_modules\react-dom\cjs\react-dom.development.js:26599:12) Error: useAuth must be used within an AuthProvider
    at useAuth [90m(C:\Users\husey\kiro2\frontend\[39msrc\hooks\useAuth.tsx:289:11[90m)[39m
    at LoginPage [90m(C:\Users\husey\kiro2\frontend\[39msrc\pages\LoginPage.tsx:30:44[90m)[39m
    at renderWithHooks [90m(C:\Users\husey\kiro2\frontend\[39mnode_modules\[4mreact-dom[24m\cjs\react-dom.development.js:15486:18[90m)[39m
    at mountIndeterminateComponent [90m(C:\Users\husey\kiro2\frontend\[39mnode_modules\[4mreact-dom[24m\cjs\react-dom.development.js:20103:13[90m)[39m
    at beginWork [90m(C:\Users\husey\kiro2\frontend\[39mnode_modules\[4mreact-dom[24m\cjs\react-dom.development.js:21626:16[90m)[39m
    at HTMLUnknownElement.callCallback [90m(C:\Users\husey\kiro2\frontend\[39mnode_modules\[4mreact-dom[24m\cjs\react-dom.development.js:4164:14[90m)[39m
    at HTMLUnknownElement.callTheUserObjectsOperation [90m(C:\Users\husey\kiro2\frontend\[39mnode_modules\[4mjsdom[24m\lib\jsdom\living\generated\EventListener.js:26:30[90m)[39m
    at innerInvokeEventListeners [90m(C:\Users\husey\kiro2\frontend\[39mnode_modules\[4mjsdom[24m\lib\jsdom\living\events\EventTarget-impl.js:350:25[90m)[39m
    at invokeEventListeners [90m(C:\Users\husey\kiro2\frontend\[39mnode_modules\[4mjsdom[24m\lib\jsdom\living\events\EventTarget-impl.js:286:3[90m)[39m
    at HTMLUnknownElementImpl._dispatch [90m(C:\Users\husey\kiro2\frontend\[39mnode_modules\[4mjsdom[24m\lib\jsdom\living\events\EventTarget-impl.js:233:9[90m)[39m
Error: Uncaught [Error: useAuth must be used within an AuthProvider]
    at reportException (C:\Users\husey\kiro2\frontend\node_modules\jsdom\lib\jsdom\living\helpers\runtime-script-errors.js:66:24)
    at innerInvokeEventListeners (C:\Users\husey\kiro2\frontend\node_modules\jsdom\lib\jsdom\living\events\EventTarget-impl.js:353:9)
    at invokeEventListeners (C:\Users\husey\kiro2\frontend\node_modules\jsdom\lib\jsdom\living\events\EventTarget-impl.js:286:3)
    at HTMLUnknownElementImpl._dispatch (C:\Users\husey\kiro2\frontend\node_modules\jsdom\lib\jsdom\living\events\EventTarget-impl.js:233:9)
    at HTMLUnknownElementImpl.dispatchEvent (C:\Users\husey\kiro2\frontend\node_modules\jsdom\lib\jsdom\living\events\EventTarget-impl.js:104:17)
    at HTMLUnknownElement.dispatchEvent (C:\Users\husey\kiro2\frontend\node_modules\jsdom\lib\jsdom\living\generated\EventTarget.js:241:34)
    at Object.invokeGuardedCallbackDev (C:\Users\husey\kiro2\frontend\node_modules\react-dom\cjs\react-dom.development.js:4213:16)
    at invokeGuardedCallback (C:\Users\husey\kiro2\frontend\node_modules\react-dom\cjs\react-dom.development.js:4277:31)
    at beginWork$1 (C:\Users\husey\kiro2\frontend\node_modules\react-dom\cjs\react-dom.development.js:27490:7)
    at performUnitOfWork (C:\Users\husey\kiro2\frontend\node_modules\react-dom\cjs\react-dom.development.js:26599:12) Error: useAuth must be used within an AuthProvider
    at useAuth [90m(C:\Users\husey\kiro2\frontend\[39msrc\hooks\useAuth.tsx:289:11[90m)[39m
    at LoginPage [90m(C:\Users\husey\kiro2\frontend\[39msrc\pages\LoginPage.tsx:30:44[90m)[39m
    at renderWithHooks [90m(C:\Users\husey\kiro2\frontend\[39mnode_modules\[4mreact-dom[24m\cjs\react-dom.development.js:15486:18[90m)[39m
    at mountIndeterminateComponent [90m(C:\Users\husey\kiro2\frontend\[39mnode_modules\[4mreact-dom[24m\cjs\react-dom.development.js:20103:13[90m)[39m
    at beginWork [90m(C:\Users\husey\kiro2\frontend\[39mnode_modules\[4mreact-dom[24m\cjs\react-dom.development.js:21626:16[90m)[39m
    at HTMLUnknownElement.callCallback [90m(C:\Users\husey\kiro2\frontend\[39mnode_modules\[4mreact-dom[24m\cjs\react-dom.development.js:4164:14[90m)[39m
    at HTMLUnknownElement.callTheUserObjectsOperation [90m(C:\Users\husey\kiro2\frontend\[39mnode_modules\[4mjsdom[24m\lib\jsdom\living\generated\EventListener.js:26:30[90m)[39m
    at innerInvokeEventListeners [90m(C:\Users\husey\kiro2\frontend\[39mnode_modules\[4mjsdom[24m\lib\jsdom\living\events\EventTarget-impl.js:350:25[90m)[39m
    at invokeEventListeners [90m(C:\Users\husey\kiro2\frontend\[39mnode_modules\[4mjsdom[24m\lib\jsdom\living\events\EventTarget-impl.js:286:3[90m)[39m
    at HTMLUnknownElementImpl._dispatch [90m(C:\Users\husey\kiro2\frontend\[39mnode_modules\[4mjsdom[24m\lib\jsdom\living\events\EventTarget-impl.js:233:9[90m)[39m

            </system-err>
            <failure message="useAuth must be used within an AuthProvider" type="Error">
Error: useAuth must be used within an AuthProvider
 ❯ useAuth src/hooks/useAuth.tsx:289:11
 ❯ LoginPage src/pages/LoginPage.tsx:30:44
 ❯ renderWithHooks node_modules/react-dom/cjs/react-dom.development.js:15486:18
 ❯ mountIndeterminateComponent node_modules/react-dom/cjs/react-dom.development.js:20103:13
 ❯ beginWork node_modules/react-dom/cjs/react-dom.development.js:21626:16
 ❯ beginWork$1 node_modules/react-dom/cjs/react-dom.development.js:27465:14
 ❯ performUnitOfWork node_modules/react-dom/cjs/react-dom.development.js:26599:12
 ❯ workLoopSync node_modules/react-dom/cjs/react-dom.development.js:26505:5
 ❯ renderRootSync node_modules/react-dom/cjs/react-dom.development.js:26473:7
 ❯ recoverFromConcurrentError node_modules/react-dom/cjs/react-dom.development.js:25889:20
            </failure>
        </testcase>
        <testcase classname="src/test/components/Auth/LoginPage.test.tsx" name="LoginPage &gt; shows loading state during form submission" time="0.0203291">
            <system-err>
Error: Uncaught [Error: useAuth must be used within an AuthProvider]
    at reportException (C:\Users\husey\kiro2\frontend\node_modules\jsdom\lib\jsdom\living\helpers\runtime-script-errors.js:66:24)
    at innerInvokeEventListeners (C:\Users\husey\kiro2\frontend\node_modules\jsdom\lib\jsdom\living\events\EventTarget-impl.js:353:9)
    at invokeEventListeners (C:\Users\husey\kiro2\frontend\node_modules\jsdom\lib\jsdom\living\events\EventTarget-impl.js:286:3)
    at HTMLUnknownElementImpl._dispatch (C:\Users\husey\kiro2\frontend\node_modules\jsdom\lib\jsdom\living\events\EventTarget-impl.js:233:9)
    at HTMLUnknownElementImpl.dispatchEvent (C:\Users\husey\kiro2\frontend\node_modules\jsdom\lib\jsdom\living\events\EventTarget-impl.js:104:17)
    at HTMLUnknownElement.dispatchEvent (C:\Users\husey\kiro2\frontend\node_modules\jsdom\lib\jsdom\living\generated\EventTarget.js:241:34)
    at Object.invokeGuardedCallbackDev (C:\Users\husey\kiro2\frontend\node_modules\react-dom\cjs\react-dom.development.js:4213:16)
    at invokeGuardedCallback (C:\Users\husey\kiro2\frontend\node_modules\react-dom\cjs\react-dom.development.js:4277:31)
    at beginWork$1 (C:\Users\husey\kiro2\frontend\node_modules\react-dom\cjs\react-dom.development.js:27490:7)
    at performUnitOfWork (C:\Users\husey\kiro2\frontend\node_modules\react-dom\cjs\react-dom.development.js:26599:12) Error: useAuth must be used within an AuthProvider
    at useAuth [90m(C:\Users\husey\kiro2\frontend\[39msrc\hooks\useAuth.tsx:289:11[90m)[39m
    at LoginPage [90m(C:\Users\husey\kiro2\frontend\[39msrc\pages\LoginPage.tsx:30:44[90m)[39m
    at renderWithHooks [90m(C:\Users\husey\kiro2\frontend\[39mnode_modules\[4mreact-dom[24m\cjs\react-dom.development.js:15486:18[90m)[39m
    at mountIndeterminateComponent [90m(C:\Users\husey\kiro2\frontend\[39mnode_modules\[4mreact-dom[24m\cjs\react-dom.development.js:20103:13[90m)[39m
    at beginWork [90m(C:\Users\husey\kiro2\frontend\[39mnode_modules\[4mreact-dom[24m\cjs\react-dom.development.js:21626:16[90m)[39m
    at HTMLUnknownElement.callCallback [90m(C:\Users\husey\kiro2\frontend\[39mnode_modules\[4mreact-dom[24m\cjs\react-dom.development.js:4164:14[90m)[39m
    at HTMLUnknownElement.callTheUserObjectsOperation [90m(C:\Users\husey\kiro2\frontend\[39mnode_modules\[4mjsdom[24m\lib\jsdom\living\generated\EventListener.js:26:30[90m)[39m
    at innerInvokeEventListeners [90m(C:\Users\husey\kiro2\frontend\[39mnode_modules\[4mjsdom[24m\lib\jsdom\living\events\EventTarget-impl.js:350:25[90m)[39m
    at invokeEventListeners [90m(C:\Users\husey\kiro2\frontend\[39mnode_modules\[4mjsdom[24m\lib\jsdom\living\events\EventTarget-impl.js:286:3[90m)[39m
    at HTMLUnknownElementImpl._dispatch [90m(C:\Users\husey\kiro2\frontend\[39mnode_modules\[4mjsdom[24m\lib\jsdom\living\events\EventTarget-impl.js:233:9[90m)[39m
Error: Uncaught [Error: useAuth must be used within an AuthProvider]
    at reportException (C:\Users\husey\kiro2\frontend\node_modules\jsdom\lib\jsdom\living\helpers\runtime-script-errors.js:66:24)
    at innerInvokeEventListeners (C:\Users\husey\kiro2\frontend\node_modules\jsdom\lib\jsdom\living\events\EventTarget-impl.js:353:9)
    at invokeEventListeners (C:\Users\husey\kiro2\frontend\node_modules\jsdom\lib\jsdom\living\events\EventTarget-impl.js:286:3)
    at HTMLUnknownElementImpl._dispatch (C:\Users\husey\kiro2\frontend\node_modules\jsdom\lib\jsdom\living\events\EventTarget-impl.js:233:9)
    at HTMLUnknownElementImpl.dispatchEvent (C:\Users\husey\kiro2\frontend\node_modules\jsdom\lib\jsdom\living\events\EventTarget-impl.js:104:17)
    at HTMLUnknownElement.dispatchEvent (C:\Users\husey\kiro2\frontend\node_modules\jsdom\lib\jsdom\living\generated\EventTarget.js:241:34)
    at Object.invokeGuardedCallbackDev (C:\Users\husey\kiro2\frontend\node_modules\react-dom\cjs\react-dom.development.js:4213:16)
    at invokeGuardedCallback (C:\Users\husey\kiro2\frontend\node_modules\react-dom\cjs\react-dom.development.js:4277:31)
    at beginWork$1 (C:\Users\husey\kiro2\frontend\node_modules\react-dom\cjs\react-dom.development.js:27490:7)
    at performUnitOfWork (C:\Users\husey\kiro2\frontend\node_modules\react-dom\cjs\react-dom.development.js:26599:12) Error: useAuth must be used within an AuthProvider
    at useAuth [90m(C:\Users\husey\kiro2\frontend\[39msrc\hooks\useAuth.tsx:289:11[90m)[39m
    at LoginPage [90m(C:\Users\husey\kiro2\frontend\[39msrc\pages\LoginPage.tsx:30:44[90m)[39m
    at renderWithHooks [90m(C:\Users\husey\kiro2\frontend\[39mnode_modules\[4mreact-dom[24m\cjs\react-dom.development.js:15486:18[90m)[39m
    at mountIndeterminateComponent [90m(C:\Users\husey\kiro2\frontend\[39mnode_modules\[4mreact-dom[24m\cjs\react-dom.development.js:20103:13[90m)[39m
    at beginWork [90m(C:\Users\husey\kiro2\frontend\[39mnode_modules\[4mreact-dom[24m\cjs\react-dom.development.js:21626:16[90m)[39m
    at HTMLUnknownElement.callCallback [90m(C:\Users\husey\kiro2\frontend\[39mnode_modules\[4mreact-dom[24m\cjs\react-dom.development.js:4164:14[90m)[39m
    at HTMLUnknownElement.callTheUserObjectsOperation [90m(C:\Users\husey\kiro2\frontend\[39mnode_modules\[4mjsdom[24m\lib\jsdom\living\generated\EventListener.js:26:30[90m)[39m
    at innerInvokeEventListeners [90m(C:\Users\husey\kiro2\frontend\[39mnode_modules\[4mjsdom[24m\lib\jsdom\living\events\EventTarget-impl.js:350:25[90m)[39m
    at invokeEventListeners [90m(C:\Users\husey\kiro2\frontend\[39mnode_modules\[4mjsdom[24m\lib\jsdom\living\events\EventTarget-impl.js:286:3[90m)[39m
    at HTMLUnknownElementImpl._dispatch [90m(C:\Users\husey\kiro2\frontend\[39mnode_modules\[4mjsdom[24m\lib\jsdom\living\events\EventTarget-impl.js:233:9[90m)[39m

            </system-err>
            <failure message="useAuth must be used within an AuthProvider" type="Error">
Error: useAuth must be used within an AuthProvider
 ❯ useAuth src/hooks/useAuth.tsx:289:11
 ❯ LoginPage src/pages/LoginPage.tsx:30:44
 ❯ renderWithHooks node_modules/react-dom/cjs/react-dom.development.js:15486:18
 ❯ mountIndeterminateComponent node_modules/react-dom/cjs/react-dom.development.js:20103:13
 ❯ beginWork node_modules/react-dom/cjs/react-dom.development.js:21626:16
 ❯ beginWork$1 node_modules/react-dom/cjs/react-dom.development.js:27465:14
 ❯ performUnitOfWork node_modules/react-dom/cjs/react-dom.development.js:26599:12
 ❯ workLoopSync node_modules/react-dom/cjs/react-dom.development.js:26505:5
 ❯ renderRootSync node_modules/react-dom/cjs/react-dom.development.js:26473:7
 ❯ recoverFromConcurrentError node_modules/react-dom/cjs/react-dom.development.js:25889:20
            </failure>
        </testcase>
        <testcase classname="src/test/components/Auth/LoginPage.test.tsx" name="LoginPage &gt; toggles password visibility" time="0.0127614">
            <system-err>
Error: Uncaught [Error: useAuth must be used within an AuthProvider]
    at reportException (C:\Users\husey\kiro2\frontend\node_modules\jsdom\lib\jsdom\living\helpers\runtime-script-errors.js:66:24)
    at innerInvokeEventListeners (C:\Users\husey\kiro2\frontend\node_modules\jsdom\lib\jsdom\living\events\EventTarget-impl.js:353:9)
    at invokeEventListeners (C:\Users\husey\kiro2\frontend\node_modules\jsdom\lib\jsdom\living\events\EventTarget-impl.js:286:3)
    at HTMLUnknownElementImpl._dispatch (C:\Users\husey\kiro2\frontend\node_modules\jsdom\lib\jsdom\living\events\EventTarget-impl.js:233:9)
    at HTMLUnknownElementImpl.dispatchEvent (C:\Users\husey\kiro2\frontend\node_modules\jsdom\lib\jsdom\living\events\EventTarget-impl.js:104:17)
    at HTMLUnknownElement.dispatchEvent (C:\Users\husey\kiro2\frontend\node_modules\jsdom\lib\jsdom\living\generated\EventTarget.js:241:34)
    at Object.invokeGuardedCallbackDev (C:\Users\husey\kiro2\frontend\node_modules\react-dom\cjs\react-dom.development.js:4213:16)
    at invokeGuardedCallback (C:\Users\husey\kiro2\frontend\node_modules\react-dom\cjs\react-dom.development.js:4277:31)
    at beginWork$1 (C:\Users\husey\kiro2\frontend\node_modules\react-dom\cjs\react-dom.development.js:27490:7)
    at performUnitOfWork (C:\Users\husey\kiro2\frontend\node_modules\react-dom\cjs\react-dom.development.js:26599:12) Error: useAuth must be used within an AuthProvider
    at useAuth [90m(C:\Users\husey\kiro2\frontend\[39msrc\hooks\useAuth.tsx:289:11[90m)[39m
    at LoginPage [90m(C:\Users\husey\kiro2\frontend\[39msrc\pages\LoginPage.tsx:30:44[90m)[39m
    at renderWithHooks [90m(C:\Users\husey\kiro2\frontend\[39mnode_modules\[4mreact-dom[24m\cjs\react-dom.development.js:15486:18[90m)[39m
    at mountIndeterminateComponent [90m(C:\Users\husey\kiro2\frontend\[39mnode_modules\[4mreact-dom[24m\cjs\react-dom.development.js:20103:13[90m)[39m
    at beginWork [90m(C:\Users\husey\kiro2\frontend\[39mnode_modules\[4mreact-dom[24m\cjs\react-dom.development.js:21626:16[90m)[39m
    at HTMLUnknownElement.callCallback [90m(C:\Users\husey\kiro2\frontend\[39mnode_modules\[4mreact-dom[24m\cjs\react-dom.development.js:4164:14[90m)[39m
    at HTMLUnknownElement.callTheUserObjectsOperation [90m(C:\Users\husey\kiro2\frontend\[39mnode_modules\[4mjsdom[24m\lib\jsdom\living\generated\EventListener.js:26:30[90m)[39m
    at innerInvokeEventListeners [90m(C:\Users\husey\kiro2\frontend\[39mnode_modules\[4mjsdom[24m\lib\jsdom\living\events\EventTarget-impl.js:350:25[90m)[39m
    at invokeEventListeners [90m(C:\Users\husey\kiro2\frontend\[39mnode_modules\[4mjsdom[24m\lib\jsdom\living\events\EventTarget-impl.js:286:3[90m)[39m
    at HTMLUnknownElementImpl._dispatch [90m(C:\Users\husey\kiro2\frontend\[39mnode_modules\[4mjsdom[24m\lib\jsdom\living\events\EventTarget-impl.js:233:9[90m)[39m
Error: Uncaught [Error: useAuth must be used within an AuthProvider]
    at reportException (C:\Users\husey\kiro2\frontend\node_modules\jsdom\lib\jsdom\living\helpers\runtime-script-errors.js:66:24)
    at innerInvokeEventListeners (C:\Users\husey\kiro2\frontend\node_modules\jsdom\lib\jsdom\living\events\EventTarget-impl.js:353:9)
    at invokeEventListeners (C:\Users\husey\kiro2\frontend\node_modules\jsdom\lib\jsdom\living\events\EventTarget-impl.js:286:3)
    at HTMLUnknownElementImpl._dispatch (C:\Users\husey\kiro2\frontend\node_modules\jsdom\lib\jsdom\living\events\EventTarget-impl.js:233:9)
    at HTMLUnknownElementImpl.dispatchEvent (C:\Users\husey\kiro2\frontend\node_modules\jsdom\lib\jsdom\living\events\EventTarget-impl.js:104:17)
    at HTMLUnknownElement.dispatchEvent (C:\Users\husey\kiro2\frontend\node_modules\jsdom\lib\jsdom\living\generated\EventTarget.js:241:34)
    at Object.invokeGuardedCallbackDev (C:\Users\husey\kiro2\frontend\node_modules\react-dom\cjs\react-dom.development.js:4213:16)
    at invokeGuardedCallback (C:\Users\husey\kiro2\frontend\node_modules\react-dom\cjs\react-dom.development.js:4277:31)
    at beginWork$1 (C:\Users\husey\kiro2\frontend\node_modules\react-dom\cjs\react-dom.development.js:27490:7)
    at performUnitOfWork (C:\Users\husey\kiro2\frontend\node_modules\react-dom\cjs\react-dom.development.js:26599:12) Error: useAuth must be used within an AuthProvider
    at useAuth [90m(C:\Users\husey\kiro2\frontend\[39msrc\hooks\useAuth.tsx:289:11[90m)[39m
    at LoginPage [90m(C:\Users\husey\kiro2\frontend\[39msrc\pages\LoginPage.tsx:30:44[90m)[39m
    at renderWithHooks [90m(C:\Users\husey\kiro2\frontend\[39mnode_modules\[4mreact-dom[24m\cjs\react-dom.development.js:15486:18[90m)[39m
    at mountIndeterminateComponent [90m(C:\Users\husey\kiro2\frontend\[39mnode_modules\[4mreact-dom[24m\cjs\react-dom.development.js:20103:13[90m)[39m
    at beginWork [90m(C:\Users\husey\kiro2\frontend\[39mnode_modules\[4mreact-dom[24m\cjs\react-dom.development.js:21626:16[90m)[39m
    at HTMLUnknownElement.callCallback [90m(C:\Users\husey\kiro2\frontend\[39mnode_modules\[4mreact-dom[24m\cjs\react-dom.development.js:4164:14[90m)[39m
    at HTMLUnknownElement.callTheUserObjectsOperation [90m(C:\Users\husey\kiro2\frontend\[39mnode_modules\[4mjsdom[24m\lib\jsdom\living\generated\EventListener.js:26:30[90m)[39m
    at innerInvokeEventListeners [90m(C:\Users\husey\kiro2\frontend\[39mnode_modules\[4mjsdom[24m\lib\jsdom\living\events\EventTarget-impl.js:350:25[90m)[39m
    at invokeEventListeners [90m(C:\Users\husey\kiro2\frontend\[39mnode_modules\[4mjsdom[24m\lib\jsdom\living\events\EventTarget-impl.js:286:3[90m)[39m
    at HTMLUnknownElementImpl._dispatch [90m(C:\Users\husey\kiro2\frontend\[39mnode_modules\[4mjsdom[24m\lib\jsdom\living\events\EventTarget-impl.js:233:9[90m)[39m

            </system-err>
            <failure message="useAuth must be used within an AuthProvider" type="Error">
Error: useAuth must be used within an AuthProvider
 ❯ useAuth src/hooks/useAuth.tsx:289:11
 ❯ LoginPage src/pages/LoginPage.tsx:30:44
 ❯ renderWithHooks node_modules/react-dom/cjs/react-dom.development.js:15486:18
 ❯ mountIndeterminateComponent node_modules/react-dom/cjs/react-dom.development.js:20103:13
 ❯ beginWork node_modules/react-dom/cjs/react-dom.development.js:21626:16
 ❯ beginWork$1 node_modules/react-dom/cjs/react-dom.development.js:27465:14
 ❯ performUnitOfWork node_modules/react-dom/cjs/react-dom.development.js:26599:12
 ❯ workLoopSync node_modules/react-dom/cjs/react-dom.development.js:26505:5
 ❯ renderRootSync node_modules/react-dom/cjs/react-dom.development.js:26473:7
 ❯ recoverFromConcurrentError node_modules/react-dom/cjs/react-dom.development.js:25889:20
            </failure>
        </testcase>
        <testcase classname="src/test/components/Auth/LoginPage.test.tsx" name="LoginPage &gt; navigates to register page when register link is clicked" time="0.0150496">
            <system-err>
Error: Uncaught [Error: useAuth must be used within an AuthProvider]
    at reportException (C:\Users\husey\kiro2\frontend\node_modules\jsdom\lib\jsdom\living\helpers\runtime-script-errors.js:66:24)
    at innerInvokeEventListeners (C:\Users\husey\kiro2\frontend\node_modules\jsdom\lib\jsdom\living\events\EventTarget-impl.js:353:9)
    at invokeEventListeners (C:\Users\husey\kiro2\frontend\node_modules\jsdom\lib\jsdom\living\events\EventTarget-impl.js:286:3)
    at HTMLUnknownElementImpl._dispatch (C:\Users\husey\kiro2\frontend\node_modules\jsdom\lib\jsdom\living\events\EventTarget-impl.js:233:9)
    at HTMLUnknownElementImpl.dispatchEvent (C:\Users\husey\kiro2\frontend\node_modules\jsdom\lib\jsdom\living\events\EventTarget-impl.js:104:17)
    at HTMLUnknownElement.dispatchEvent (C:\Users\husey\kiro2\frontend\node_modules\jsdom\lib\jsdom\living\generated\EventTarget.js:241:34)
    at Object.invokeGuardedCallbackDev (C:\Users\husey\kiro2\frontend\node_modules\react-dom\cjs\react-dom.development.js:4213:16)
    at invokeGuardedCallback (C:\Users\husey\kiro2\frontend\node_modules\react-dom\cjs\react-dom.development.js:4277:31)
    at beginWork$1 (C:\Users\husey\kiro2\frontend\node_modules\react-dom\cjs\react-dom.development.js:27490:7)
    at performUnitOfWork (C:\Users\husey\kiro2\frontend\node_modules\react-dom\cjs\react-dom.development.js:26599:12) Error: useAuth must be used within an AuthProvider
    at useAuth [90m(C:\Users\husey\kiro2\frontend\[39msrc\hooks\useAuth.tsx:289:11[90m)[39m
    at LoginPage [90m(C:\Users\husey\kiro2\frontend\[39msrc\pages\LoginPage.tsx:30:44[90m)[39m
    at renderWithHooks [90m(C:\Users\husey\kiro2\frontend\[39mnode_modules\[4mreact-dom[24m\cjs\react-dom.development.js:15486:18[90m)[39m
    at mountIndeterminateComponent [90m(C:\Users\husey\kiro2\frontend\[39mnode_modules\[4mreact-dom[24m\cjs\react-dom.development.js:20103:13[90m)[39m
    at beginWork [90m(C:\Users\husey\kiro2\frontend\[39mnode_modules\[4mreact-dom[24m\cjs\react-dom.development.js:21626:16[90m)[39m
    at HTMLUnknownElement.callCallback [90m(C:\Users\husey\kiro2\frontend\[39mnode_modules\[4mreact-dom[24m\cjs\react-dom.development.js:4164:14[90m)[39m
    at HTMLUnknownElement.callTheUserObjectsOperation [90m(C:\Users\husey\kiro2\frontend\[39mnode_modules\[4mjsdom[24m\lib\jsdom\living\generated\EventListener.js:26:30[90m)[39m
    at innerInvokeEventListeners [90m(C:\Users\husey\kiro2\frontend\[39mnode_modules\[4mjsdom[24m\lib\jsdom\living\events\EventTarget-impl.js:350:25[90m)[39m
    at invokeEventListeners [90m(C:\Users\husey\kiro2\frontend\[39mnode_modules\[4mjsdom[24m\lib\jsdom\living\events\EventTarget-impl.js:286:3[90m)[39m
    at HTMLUnknownElementImpl._dispatch [90m(C:\Users\husey\kiro2\frontend\[39mnode_modules\[4mjsdom[24m\lib\jsdom\living\events\EventTarget-impl.js:233:9[90m)[39m
Error: Uncaught [Error: useAuth must be used within an AuthProvider]
    at reportException (C:\Users\husey\kiro2\frontend\node_modules\jsdom\lib\jsdom\living\helpers\runtime-script-errors.js:66:24)
    at innerInvokeEventListeners (C:\Users\husey\kiro2\frontend\node_modules\jsdom\lib\jsdom\living\events\EventTarget-impl.js:353:9)
    at invokeEventListeners (C:\Users\husey\kiro2\frontend\node_modules\jsdom\lib\jsdom\living\events\EventTarget-impl.js:286:3)
    at HTMLUnknownElementImpl._dispatch (C:\Users\husey\kiro2\frontend\node_modules\jsdom\lib\jsdom\living\events\EventTarget-impl.js:233:9)
    at HTMLUnknownElementImpl.dispatchEvent (C:\Users\husey\kiro2\frontend\node_modules\jsdom\lib\jsdom\living\events\EventTarget-impl.js:104:17)
    at HTMLUnknownElement.dispatchEvent (C:\Users\husey\kiro2\frontend\node_modules\jsdom\lib\jsdom\living\generated\EventTarget.js:241:34)
    at Object.invokeGuardedCallbackDev (C:\Users\husey\kiro2\frontend\node_modules\react-dom\cjs\react-dom.development.js:4213:16)
    at invokeGuardedCallback (C:\Users\husey\kiro2\frontend\node_modules\react-dom\cjs\react-dom.development.js:4277:31)
    at beginWork$1 (C:\Users\husey\kiro2\frontend\node_modules\react-dom\cjs\react-dom.development.js:27490:7)
    at performUnitOfWork (C:\Users\husey\kiro2\frontend\node_modules\react-dom\cjs\react-dom.development.js:26599:12) Error: useAuth must be used within an AuthProvider
    at useAuth [90m(C:\Users\husey\kiro2\frontend\[39msrc\hooks\useAuth.tsx:289:11[90m)[39m
    at LoginPage [90m(C:\Users\husey\kiro2\frontend\[39msrc\pages\LoginPage.tsx:30:44[90m)[39m
    at renderWithHooks [90m(C:\Users\husey\kiro2\frontend\[39mnode_modules\[4mreact-dom[24m\cjs\react-dom.development.js:15486:18[90m)[39m
    at mountIndeterminateComponent [90m(C:\Users\husey\kiro2\frontend\[39mnode_modules\[4mreact-dom[24m\cjs\react-dom.development.js:20103:13[90m)[39m
    at beginWork [90m(C:\Users\husey\kiro2\frontend\[39mnode_modules\[4mreact-dom[24m\cjs\react-dom.development.js:21626:16[90m)[39m
    at HTMLUnknownElement.callCallback [90m(C:\Users\husey\kiro2\frontend\[39mnode_modules\[4mreact-dom[24m\cjs\react-dom.development.js:4164:14[90m)[39m
    at HTMLUnknownElement.callTheUserObjectsOperation [90m(C:\Users\husey\kiro2\frontend\[39mnode_modules\[4mjsdom[24m\lib\jsdom\living\generated\EventListener.js:26:30[90m)[39m
    at innerInvokeEventListeners [90m(C:\Users\husey\kiro2\frontend\[39mnode_modules\[4mjsdom[24m\lib\jsdom\living\events\EventTarget-impl.js:350:25[90m)[39m
    at invokeEventListeners [90m(C:\Users\husey\kiro2\frontend\[39mnode_modules\[4mjsdom[24m\lib\jsdom\living\events\EventTarget-impl.js:286:3[90m)[39m
    at HTMLUnknownElementImpl._dispatch [90m(C:\Users\husey\kiro2\frontend\[39mnode_modules\[4mjsdom[24m\lib\jsdom\living\events\EventTarget-impl.js:233:9[90m)[39m

            </system-err>
            <failure message="useAuth must be used within an AuthProvider" type="Error">
Error: useAuth must be used within an AuthProvider
 ❯ useAuth src/hooks/useAuth.tsx:289:11
 ❯ LoginPage src/pages/LoginPage.tsx:30:44
 ❯ renderWithHooks node_modules/react-dom/cjs/react-dom.development.js:15486:18
 ❯ mountIndeterminateComponent node_modules/react-dom/cjs/react-dom.development.js:20103:13
 ❯ beginWork node_modules/react-dom/cjs/react-dom.development.js:21626:16
 ❯ beginWork$1 node_modules/react-dom/cjs/react-dom.development.js:27465:14
 ❯ performUnitOfWork node_modules/react-dom/cjs/react-dom.development.js:26599:12
 ❯ workLoopSync node_modules/react-dom/cjs/react-dom.development.js:26505:5
 ❯ renderRootSync node_modules/react-dom/cjs/react-dom.development.js:26473:7
 ❯ recoverFromConcurrentError node_modules/react-dom/cjs/react-dom.development.js:25889:20
            </failure>
        </testcase>
        <testcase classname="src/test/components/Auth/LoginPage.test.tsx" name="LoginPage &gt; handles network errors gracefully" time="0.0119973">
            <system-err>
Error: Uncaught [Error: useAuth must be used within an AuthProvider]
    at reportException (C:\Users\husey\kiro2\frontend\node_modules\jsdom\lib\jsdom\living\helpers\runtime-script-errors.js:66:24)
    at innerInvokeEventListeners (C:\Users\husey\kiro2\frontend\node_modules\jsdom\lib\jsdom\living\events\EventTarget-impl.js:353:9)
    at invokeEventListeners (C:\Users\husey\kiro2\frontend\node_modules\jsdom\lib\jsdom\living\events\EventTarget-impl.js:286:3)
    at HTMLUnknownElementImpl._dispatch (C:\Users\husey\kiro2\frontend\node_modules\jsdom\lib\jsdom\living\events\EventTarget-impl.js:233:9)
    at HTMLUnknownElementImpl.dispatchEvent (C:\Users\husey\kiro2\frontend\node_modules\jsdom\lib\jsdom\living\events\EventTarget-impl.js:104:17)
    at HTMLUnknownElement.dispatchEvent (C:\Users\husey\kiro2\frontend\node_modules\jsdom\lib\jsdom\living\generated\EventTarget.js:241:34)
    at Object.invokeGuardedCallbackDev (C:\Users\husey\kiro2\frontend\node_modules\react-dom\cjs\react-dom.development.js:4213:16)
    at invokeGuardedCallback (C:\Users\husey\kiro2\frontend\node_modules\react-dom\cjs\react-dom.development.js:4277:31)
    at beginWork$1 (C:\Users\husey\kiro2\frontend\node_modules\react-dom\cjs\react-dom.development.js:27490:7)
    at performUnitOfWork (C:\Users\husey\kiro2\frontend\node_modules\react-dom\cjs\react-dom.development.js:26599:12) Error: useAuth must be used within an AuthProvider
    at useAuth [90m(C:\Users\husey\kiro2\frontend\[39msrc\hooks\useAuth.tsx:289:11[90m)[39m
    at LoginPage [90m(C:\Users\husey\kiro2\frontend\[39msrc\pages\LoginPage.tsx:30:44[90m)[39m
    at renderWithHooks [90m(C:\Users\husey\kiro2\frontend\[39mnode_modules\[4mreact-dom[24m\cjs\react-dom.development.js:15486:18[90m)[39m
    at mountIndeterminateComponent [90m(C:\Users\husey\kiro2\frontend\[39mnode_modules\[4mreact-dom[24m\cjs\react-dom.development.js:20103:13[90m)[39m
    at beginWork [90m(C:\Users\husey\kiro2\frontend\[39mnode_modules\[4mreact-dom[24m\cjs\react-dom.development.js:21626:16[90m)[39m
    at HTMLUnknownElement.callCallback [90m(C:\Users\husey\kiro2\frontend\[39mnode_modules\[4mreact-dom[24m\cjs\react-dom.development.js:4164:14[90m)[39m
    at HTMLUnknownElement.callTheUserObjectsOperation [90m(C:\Users\husey\kiro2\frontend\[39mnode_modules\[4mjsdom[24m\lib\jsdom\living\generated\EventListener.js:26:30[90m)[39m
    at innerInvokeEventListeners [90m(C:\Users\husey\kiro2\frontend\[39mnode_modules\[4mjsdom[24m\lib\jsdom\living\events\EventTarget-impl.js:350:25[90m)[39m
    at invokeEventListeners [90m(C:\Users\husey\kiro2\frontend\[39mnode_modules\[4mjsdom[24m\lib\jsdom\living\events\EventTarget-impl.js:286:3[90m)[39m
    at HTMLUnknownElementImpl._dispatch [90m(C:\Users\husey\kiro2\frontend\[39mnode_modules\[4mjsdom[24m\lib\jsdom\living\events\EventTarget-impl.js:233:9[90m)[39m
Error: Uncaught [Error: useAuth must be used within an AuthProvider]
    at reportException (C:\Users\husey\kiro2\frontend\node_modules\jsdom\lib\jsdom\living\helpers\runtime-script-errors.js:66:24)
    at innerInvokeEventListeners (C:\Users\husey\kiro2\frontend\node_modules\jsdom\lib\jsdom\living\events\EventTarget-impl.js:353:9)
    at invokeEventListeners (C:\Users\husey\kiro2\frontend\node_modules\jsdom\lib\jsdom\living\events\EventTarget-impl.js:286:3)
    at HTMLUnknownElementImpl._dispatch (C:\Users\husey\kiro2\frontend\node_modules\jsdom\lib\jsdom\living\events\EventTarget-impl.js:233:9)
    at HTMLUnknownElementImpl.dispatchEvent (C:\Users\husey\kiro2\frontend\node_modules\jsdom\lib\jsdom\living\events\EventTarget-impl.js:104:17)
    at HTMLUnknownElement.dispatchEvent (C:\Users\husey\kiro2\frontend\node_modules\jsdom\lib\jsdom\living\generated\EventTarget.js:241:34)
    at Object.invokeGuardedCallbackDev (C:\Users\husey\kiro2\frontend\node_modules\react-dom\cjs\react-dom.development.js:4213:16)
    at invokeGuardedCallback (C:\Users\husey\kiro2\frontend\node_modules\react-dom\cjs\react-dom.development.js:4277:31)
    at beginWork$1 (C:\Users\husey\kiro2\frontend\node_modules\react-dom\cjs\react-dom.development.js:27490:7)
    at performUnitOfWork (C:\Users\husey\kiro2\frontend\node_modules\react-dom\cjs\react-dom.development.js:26599:12) Error: useAuth must be used within an AuthProvider
    at useAuth [90m(C:\Users\husey\kiro2\frontend\[39msrc\hooks\useAuth.tsx:289:11[90m)[39m
    at LoginPage [90m(C:\Users\husey\kiro2\frontend\[39msrc\pages\LoginPage.tsx:30:44[90m)[39m
    at renderWithHooks [90m(C:\Users\husey\kiro2\frontend\[39mnode_modules\[4mreact-dom[24m\cjs\react-dom.development.js:15486:18[90m)[39m
    at mountIndeterminateComponent [90m(C:\Users\husey\kiro2\frontend\[39mnode_modules\[4mreact-dom[24m\cjs\react-dom.development.js:20103:13[90m)[39m
    at beginWork [90m(C:\Users\husey\kiro2\frontend\[39mnode_modules\[4mreact-dom[24m\cjs\react-dom.development.js:21626:16[90m)[39m
    at HTMLUnknownElement.callCallback [90m(C:\Users\husey\kiro2\frontend\[39mnode_modules\[4mreact-dom[24m\cjs\react-dom.development.js:4164:14[90m)[39m
    at HTMLUnknownElement.callTheUserObjectsOperation [90m(C:\Users\husey\kiro2\frontend\[39mnode_modules\[4mjsdom[24m\lib\jsdom\living\generated\EventListener.js:26:30[90m)[39m
    at innerInvokeEventListeners [90m(C:\Users\husey\kiro2\frontend\[39mnode_modules\[4mjsdom[24m\lib\jsdom\living\events\EventTarget-impl.js:350:25[90m)[39m
    at invokeEventListeners [90m(C:\Users\husey\kiro2\frontend\[39mnode_modules\[4mjsdom[24m\lib\jsdom\living\events\EventTarget-impl.js:286:3[90m)[39m
    at HTMLUnknownElementImpl._dispatch [90m(C:\Users\husey\kiro2\frontend\[39mnode_modules\[4mjsdom[24m\lib\jsdom\living\events\EventTarget-impl.js:233:9[90m)[39m

            </system-err>
            <failure message="useAuth must be used within an AuthProvider" type="Error">
Error: useAuth must be used within an AuthProvider
 ❯ useAuth src/hooks/useAuth.tsx:289:11
 ❯ LoginPage src/pages/LoginPage.tsx:30:44
 ❯ renderWithHooks node_modules/react-dom/cjs/react-dom.development.js:15486:18
 ❯ mountIndeterminateComponent node_modules/react-dom/cjs/react-dom.development.js:20103:13
 ❯ beginWork node_modules/react-dom/cjs/react-dom.development.js:21626:16
 ❯ beginWork$1 node_modules/react-dom/cjs/react-dom.development.js:27465:14
 ❯ performUnitOfWork node_modules/react-dom/cjs/react-dom.development.js:26599:12
 ❯ workLoopSync node_modules/react-dom/cjs/react-dom.development.js:26505:5
 ❯ renderRootSync node_modules/react-dom/cjs/react-dom.development.js:26473:7
 ❯ recoverFromConcurrentError node_modules/react-dom/cjs/react-dom.development.js:25889:20
            </failure>
        </testcase>
        <testcase classname="src/test/components/Auth/LoginPage.test.tsx" name="LoginPage &gt; remembers user preference with remember me checkbox" time="0.0092539">
            <system-err>
Error: Uncaught [Error: useAuth must be used within an AuthProvider]
    at reportException (C:\Users\husey\kiro2\frontend\node_modules\jsdom\lib\jsdom\living\helpers\runtime-script-errors.js:66:24)
    at innerInvokeEventListeners (C:\Users\husey\kiro2\frontend\node_modules\jsdom\lib\jsdom\living\events\EventTarget-impl.js:353:9)
    at invokeEventListeners (C:\Users\husey\kiro2\frontend\node_modules\jsdom\lib\jsdom\living\events\EventTarget-impl.js:286:3)
    at HTMLUnknownElementImpl._dispatch (C:\Users\husey\kiro2\frontend\node_modules\jsdom\lib\jsdom\living\events\EventTarget-impl.js:233:9)
    at HTMLUnknownElementImpl.dispatchEvent (C:\Users\husey\kiro2\frontend\node_modules\jsdom\lib\jsdom\living\events\EventTarget-impl.js:104:17)
    at HTMLUnknownElement.dispatchEvent (C:\Users\husey\kiro2\frontend\node_modules\jsdom\lib\jsdom\living\generated\EventTarget.js:241:34)
    at Object.invokeGuardedCallbackDev (C:\Users\husey\kiro2\frontend\node_modules\react-dom\cjs\react-dom.development.js:4213:16)
    at invokeGuardedCallback (C:\Users\husey\kiro2\frontend\node_modules\react-dom\cjs\react-dom.development.js:4277:31)
    at beginWork$1 (C:\Users\husey\kiro2\frontend\node_modules\react-dom\cjs\react-dom.development.js:27490:7)
    at performUnitOfWork (C:\Users\husey\kiro2\frontend\node_modules\react-dom\cjs\react-dom.development.js:26599:12) Error: useAuth must be used within an AuthProvider
    at useAuth [90m(C:\Users\husey\kiro2\frontend\[39msrc\hooks\useAuth.tsx:289:11[90m)[39m
    at LoginPage [90m(C:\Users\husey\kiro2\frontend\[39msrc\pages\LoginPage.tsx:30:44[90m)[39m
    at renderWithHooks [90m(C:\Users\husey\kiro2\frontend\[39mnode_modules\[4mreact-dom[24m\cjs\react-dom.development.js:15486:18[90m)[39m
    at mountIndeterminateComponent [90m(C:\Users\husey\kiro2\frontend\[39mnode_modules\[4mreact-dom[24m\cjs\react-dom.development.js:20103:13[90m)[39m
    at beginWork [90m(C:\Users\husey\kiro2\frontend\[39mnode_modules\[4mreact-dom[24m\cjs\react-dom.development.js:21626:16[90m)[39m
    at HTMLUnknownElement.callCallback [90m(C:\Users\husey\kiro2\frontend\[39mnode_modules\[4mreact-dom[24m\cjs\react-dom.development.js:4164:14[90m)[39m
    at HTMLUnknownElement.callTheUserObjectsOperation [90m(C:\Users\husey\kiro2\frontend\[39mnode_modules\[4mjsdom[24m\lib\jsdom\living\generated\EventListener.js:26:30[90m)[39m
    at innerInvokeEventListeners [90m(C:\Users\husey\kiro2\frontend\[39mnode_modules\[4mjsdom[24m\lib\jsdom\living\events\EventTarget-impl.js:350:25[90m)[39m
    at invokeEventListeners [90m(C:\Users\husey\kiro2\frontend\[39mnode_modules\[4mjsdom[24m\lib\jsdom\living\events\EventTarget-impl.js:286:3[90m)[39m
    at HTMLUnknownElementImpl._dispatch [90m(C:\Users\husey\kiro2\frontend\[39mnode_modules\[4mjsdom[24m\lib\jsdom\living\events\EventTarget-impl.js:233:9[90m)[39m
Error: Uncaught [Error: useAuth must be used within an AuthProvider]
    at reportException (C:\Users\husey\kiro2\frontend\node_modules\jsdom\lib\jsdom\living\helpers\runtime-script-errors.js:66:24)
    at innerInvokeEventListeners (C:\Users\husey\kiro2\frontend\node_modules\jsdom\lib\jsdom\living\events\EventTarget-impl.js:353:9)
    at invokeEventListeners (C:\Users\husey\kiro2\frontend\node_modules\jsdom\lib\jsdom\living\events\EventTarget-impl.js:286:3)
    at HTMLUnknownElementImpl._dispatch (C:\Users\husey\kiro2\frontend\node_modules\jsdom\lib\jsdom\living\events\EventTarget-impl.js:233:9)
    at HTMLUnknownElementImpl.dispatchEvent (C:\Users\husey\kiro2\frontend\node_modules\jsdom\lib\jsdom\living\events\EventTarget-impl.js:104:17)
    at HTMLUnknownElement.dispatchEvent (C:\Users\husey\kiro2\frontend\node_modules\jsdom\lib\jsdom\living\generated\EventTarget.js:241:34)
    at Object.invokeGuardedCallbackDev (C:\Users\husey\kiro2\frontend\node_modules\react-dom\cjs\react-dom.development.js:4213:16)
    at invokeGuardedCallback (C:\Users\husey\kiro2\frontend\node_modules\react-dom\cjs\react-dom.development.js:4277:31)
    at beginWork$1 (C:\Users\husey\kiro2\frontend\node_modules\react-dom\cjs\react-dom.development.js:27490:7)
    at performUnitOfWork (C:\Users\husey\kiro2\frontend\node_modules\react-dom\cjs\react-dom.development.js:26599:12) Error: useAuth must be used within an AuthProvider
    at useAuth [90m(C:\Users\husey\kiro2\frontend\[39msrc\hooks\useAuth.tsx:289:11[90m)[39m
    at LoginPage [90m(C:\Users\husey\kiro2\frontend\[39msrc\pages\LoginPage.tsx:30:44[90m)[39m
    at renderWithHooks [90m(C:\Users\husey\kiro2\frontend\[39mnode_modules\[4mreact-dom[24m\cjs\react-dom.development.js:15486:18[90m)[39m
    at mountIndeterminateComponent [90m(C:\Users\husey\kiro2\frontend\[39mnode_modules\[4mreact-dom[24m\cjs\react-dom.development.js:20103:13[90m)[39m
    at beginWork [90m(C:\Users\husey\kiro2\frontend\[39mnode_modules\[4mreact-dom[24m\cjs\react-dom.development.js:21626:16[90m)[39m
    at HTMLUnknownElement.callCallback [90m(C:\Users\husey\kiro2\frontend\[39mnode_modules\[4mreact-dom[24m\cjs\react-dom.development.js:4164:14[90m)[39m
    at HTMLUnknownElement.callTheUserObjectsOperation [90m(C:\Users\husey\kiro2\frontend\[39mnode_modules\[4mjsdom[24m\lib\jsdom\living\generated\EventListener.js:26:30[90m)[39m
    at innerInvokeEventListeners [90m(C:\Users\husey\kiro2\frontend\[39mnode_modules\[4mjsdom[24m\lib\jsdom\living\events\EventTarget-impl.js:350:25[90m)[39m
    at invokeEventListeners [90m(C:\Users\husey\kiro2\frontend\[39mnode_modules\[4mjsdom[24m\lib\jsdom\living\events\EventTarget-impl.js:286:3[90m)[39m
    at HTMLUnknownElementImpl._dispatch [90m(C:\Users\husey\kiro2\frontend\[39mnode_modules\[4mjsdom[24m\lib\jsdom\living\events\EventTarget-impl.js:233:9[90m)[39m

            </system-err>
            <failure message="useAuth must be used within an AuthProvider" type="Error">
Error: useAuth must be used within an AuthProvider
 ❯ useAuth src/hooks/useAuth.tsx:289:11
 ❯ LoginPage src/pages/LoginPage.tsx:30:44
 ❯ renderWithHooks node_modules/react-dom/cjs/react-dom.development.js:15486:18
 ❯ mountIndeterminateComponent node_modules/react-dom/cjs/react-dom.development.js:20103:13
 ❯ beginWork node_modules/react-dom/cjs/react-dom.development.js:21626:16
 ❯ beginWork$1 node_modules/react-dom/cjs/react-dom.development.js:27465:14
 ❯ performUnitOfWork node_modules/react-dom/cjs/react-dom.development.js:26599:12
 ❯ workLoopSync node_modules/react-dom/cjs/react-dom.development.js:26505:5
 ❯ renderRootSync node_modules/react-dom/cjs/react-dom.development.js:26473:7
 ❯ recoverFromConcurrentError node_modules/react-dom/cjs/react-dom.development.js:25889:20
            </failure>
        </testcase>
        <testcase classname="src/test/components/Auth/LoginPage.test.tsx" name="LoginPage &gt; supports keyboard navigation" time="0.0176938">
            <system-err>
Error: Uncaught [Error: useAuth must be used within an AuthProvider]
    at reportException (C:\Users\husey\kiro2\frontend\node_modules\jsdom\lib\jsdom\living\helpers\runtime-script-errors.js:66:24)
    at innerInvokeEventListeners (C:\Users\husey\kiro2\frontend\node_modules\jsdom\lib\jsdom\living\events\EventTarget-impl.js:353:9)
    at invokeEventListeners (C:\Users\husey\kiro2\frontend\node_modules\jsdom\lib\jsdom\living\events\EventTarget-impl.js:286:3)
    at HTMLUnknownElementImpl._dispatch (C:\Users\husey\kiro2\frontend\node_modules\jsdom\lib\jsdom\living\events\EventTarget-impl.js:233:9)
    at HTMLUnknownElementImpl.dispatchEvent (C:\Users\husey\kiro2\frontend\node_modules\jsdom\lib\jsdom\living\events\EventTarget-impl.js:104:17)
    at HTMLUnknownElement.dispatchEvent (C:\Users\husey\kiro2\frontend\node_modules\jsdom\lib\jsdom\living\generated\EventTarget.js:241:34)
    at Object.invokeGuardedCallbackDev (C:\Users\husey\kiro2\frontend\node_modules\react-dom\cjs\react-dom.development.js:4213:16)
    at invokeGuardedCallback (C:\Users\husey\kiro2\frontend\node_modules\react-dom\cjs\react-dom.development.js:4277:31)
    at beginWork$1 (C:\Users\husey\kiro2\frontend\node_modules\react-dom\cjs\react-dom.development.js:27490:7)
    at performUnitOfWork (C:\Users\husey\kiro2\frontend\node_modules\react-dom\cjs\react-dom.development.js:26599:12) Error: useAuth must be used within an AuthProvider
    at useAuth [90m(C:\Users\husey\kiro2\frontend\[39msrc\hooks\useAuth.tsx:289:11[90m)[39m
    at LoginPage [90m(C:\Users\husey\kiro2\frontend\[39msrc\pages\LoginPage.tsx:30:44[90m)[39m
    at renderWithHooks [90m(C:\Users\husey\kiro2\frontend\[39mnode_modules\[4mreact-dom[24m\cjs\react-dom.development.js:15486:18[90m)[39m
    at mountIndeterminateComponent [90m(C:\Users\husey\kiro2\frontend\[39mnode_modules\[4mreact-dom[24m\cjs\react-dom.development.js:20103:13[90m)[39m
    at beginWork [90m(C:\Users\husey\kiro2\frontend\[39mnode_modules\[4mreact-dom[24m\cjs\react-dom.development.js:21626:16[90m)[39m
    at HTMLUnknownElement.callCallback [90m(C:\Users\husey\kiro2\frontend\[39mnode_modules\[4mreact-dom[24m\cjs\react-dom.development.js:4164:14[90m)[39m
    at HTMLUnknownElement.callTheUserObjectsOperation [90m(C:\Users\husey\kiro2\frontend\[39mnode_modules\[4mjsdom[24m\lib\jsdom\living\generated\EventListener.js:26:30[90m)[39m
    at innerInvokeEventListeners [90m(C:\Users\husey\kiro2\frontend\[39mnode_modules\[4mjsdom[24m\lib\jsdom\living\events\EventTarget-impl.js:350:25[90m)[39m
    at invokeEventListeners [90m(C:\Users\husey\kiro2\frontend\[39mnode_modules\[4mjsdom[24m\lib\jsdom\living\events\EventTarget-impl.js:286:3[90m)[39m
    at HTMLUnknownElementImpl._dispatch [90m(C:\Users\husey\kiro2\frontend\[39mnode_modules\[4mjsdom[24m\lib\jsdom\living\events\EventTarget-impl.js:233:9[90m)[39m
Error: Uncaught [Error: useAuth must be used within an AuthProvider]
    at reportException (C:\Users\husey\kiro2\frontend\node_modules\jsdom\lib\jsdom\living\helpers\runtime-script-errors.js:66:24)
    at innerInvokeEventListeners (C:\Users\husey\kiro2\frontend\node_modules\jsdom\lib\jsdom\living\events\EventTarget-impl.js:353:9)
    at invokeEventListeners (C:\Users\husey\kiro2\frontend\node_modules\jsdom\lib\jsdom\living\events\EventTarget-impl.js:286:3)
    at HTMLUnknownElementImpl._dispatch (C:\Users\husey\kiro2\frontend\node_modules\jsdom\lib\jsdom\living\events\EventTarget-impl.js:233:9)
    at HTMLUnknownElementImpl.dispatchEvent (C:\Users\husey\kiro2\frontend\node_modules\jsdom\lib\jsdom\living\events\EventTarget-impl.js:104:17)
    at HTMLUnknownElement.dispatchEvent (C:\Users\husey\kiro2\frontend\node_modules\jsdom\lib\jsdom\living\generated\EventTarget.js:241:34)
    at Object.invokeGuardedCallbackDev (C:\Users\husey\kiro2\frontend\node_modules\react-dom\cjs\react-dom.development.js:4213:16)
    at invokeGuardedCallback (C:\Users\husey\kiro2\frontend\node_modules\react-dom\cjs\react-dom.development.js:4277:31)
    at beginWork$1 (C:\Users\husey\kiro2\frontend\node_modules\react-dom\cjs\react-dom.development.js:27490:7)
    at performUnitOfWork (C:\Users\husey\kiro2\frontend\node_modules\react-dom\cjs\react-dom.development.js:26599:12) Error: useAuth must be used within an AuthProvider
    at useAuth [90m(C:\Users\husey\kiro2\frontend\[39msrc\hooks\useAuth.tsx:289:11[90m)[39m
    at LoginPage [90m(C:\Users\husey\kiro2\frontend\[39msrc\pages\LoginPage.tsx:30:44[90m)[39m
    at renderWithHooks [90m(C:\Users\husey\kiro2\frontend\[39mnode_modules\[4mreact-dom[24m\cjs\react-dom.development.js:15486:18[90m)[39m
    at mountIndeterminateComponent [90m(C:\Users\husey\kiro2\frontend\[39mnode_modules\[4mreact-dom[24m\cjs\react-dom.development.js:20103:13[90m)[39m
    at beginWork [90m(C:\Users\husey\kiro2\frontend\[39mnode_modules\[4mreact-dom[24m\cjs\react-dom.development.js:21626:16[90m)[39m
    at HTMLUnknownElement.callCallback [90m(C:\Users\husey\kiro2\frontend\[39mnode_modules\[4mreact-dom[24m\cjs\react-dom.development.js:4164:14[90m)[39m
    at HTMLUnknownElement.callTheUserObjectsOperation [90m(C:\Users\husey\kiro2\frontend\[39mnode_modules\[4mjsdom[24m\lib\jsdom\living\generated\EventListener.js:26:30[90m)[39m
    at innerInvokeEventListeners [90m(C:\Users\husey\kiro2\frontend\[39mnode_modules\[4mjsdom[24m\lib\jsdom\living\events\EventTarget-impl.js:350:25[90m)[39m
    at invokeEventListeners [90m(C:\Users\husey\kiro2\frontend\[39mnode_modules\[4mjsdom[24m\lib\jsdom\living\events\EventTarget-impl.js:286:3[90m)[39m
    at HTMLUnknownElementImpl._dispatch [90m(C:\Users\husey\kiro2\frontend\[39mnode_modules\[4mjsdom[24m\lib\jsdom\living\events\EventTarget-impl.js:233:9[90m)[39m

            </system-err>
            <failure message="useAuth must be used within an AuthProvider" type="Error">
Error: useAuth must be used within an AuthProvider
 ❯ useAuth src/hooks/useAuth.tsx:289:11
 ❯ LoginPage src/pages/LoginPage.tsx:30:44
 ❯ renderWithHooks node_modules/react-dom/cjs/react-dom.development.js:15486:18
 ❯ mountIndeterminateComponent node_modules/react-dom/cjs/react-dom.development.js:20103:13
 ❯ beginWork node_modules/react-dom/cjs/react-dom.development.js:21626:16
 ❯ beginWork$1 node_modules/react-dom/cjs/react-dom.development.js:27465:14
 ❯ performUnitOfWork node_modules/react-dom/cjs/react-dom.development.js:26599:12
 ❯ workLoopSync node_modules/react-dom/cjs/react-dom.development.js:26505:5
 ❯ renderRootSync node_modules/react-dom/cjs/react-dom.development.js:26473:7
 ❯ recoverFromConcurrentError node_modules/react-dom/cjs/react-dom.development.js:25889:20
            </failure>
        </testcase>
        <testcase classname="src/test/components/Auth/LoginPage.test.tsx" name="LoginPage &gt; clears form when reset button is clicked" time="0.0106901">
            <system-err>
Error: Uncaught [Error: useAuth must be used within an AuthProvider]
    at reportException (C:\Users\husey\kiro2\frontend\node_modules\jsdom\lib\jsdom\living\helpers\runtime-script-errors.js:66:24)
    at innerInvokeEventListeners (C:\Users\husey\kiro2\frontend\node_modules\jsdom\lib\jsdom\living\events\EventTarget-impl.js:353:9)
    at invokeEventListeners (C:\Users\husey\kiro2\frontend\node_modules\jsdom\lib\jsdom\living\events\EventTarget-impl.js:286:3)
    at HTMLUnknownElementImpl._dispatch (C:\Users\husey\kiro2\frontend\node_modules\jsdom\lib\jsdom\living\events\EventTarget-impl.js:233:9)
    at HTMLUnknownElementImpl.dispatchEvent (C:\Users\husey\kiro2\frontend\node_modules\jsdom\lib\jsdom\living\events\EventTarget-impl.js:104:17)
    at HTMLUnknownElement.dispatchEvent (C:\Users\husey\kiro2\frontend\node_modules\jsdom\lib\jsdom\living\generated\EventTarget.js:241:34)
    at Object.invokeGuardedCallbackDev (C:\Users\husey\kiro2\frontend\node_modules\react-dom\cjs\react-dom.development.js:4213:16)
    at invokeGuardedCallback (C:\Users\husey\kiro2\frontend\node_modules\react-dom\cjs\react-dom.development.js:4277:31)
    at beginWork$1 (C:\Users\husey\kiro2\frontend\node_modules\react-dom\cjs\react-dom.development.js:27490:7)
    at performUnitOfWork (C:\Users\husey\kiro2\frontend\node_modules\react-dom\cjs\react-dom.development.js:26599:12) Error: useAuth must be used within an AuthProvider
    at useAuth [90m(C:\Users\husey\kiro2\frontend\[39msrc\hooks\useAuth.tsx:289:11[90m)[39m
    at LoginPage [90m(C:\Users\husey\kiro2\frontend\[39msrc\pages\LoginPage.tsx:30:44[90m)[39m
    at renderWithHooks [90m(C:\Users\husey\kiro2\frontend\[39mnode_modules\[4mreact-dom[24m\cjs\react-dom.development.js:15486:18[90m)[39m
    at mountIndeterminateComponent [90m(C:\Users\husey\kiro2\frontend\[39mnode_modules\[4mreact-dom[24m\cjs\react-dom.development.js:20103:13[90m)[39m
    at beginWork [90m(C:\Users\husey\kiro2\frontend\[39mnode_modules\[4mreact-dom[24m\cjs\react-dom.development.js:21626:16[90m)[39m
    at HTMLUnknownElement.callCallback [90m(C:\Users\husey\kiro2\frontend\[39mnode_modules\[4mreact-dom[24m\cjs\react-dom.development.js:4164:14[90m)[39m
    at HTMLUnknownElement.callTheUserObjectsOperation [90m(C:\Users\husey\kiro2\frontend\[39mnode_modules\[4mjsdom[24m\lib\jsdom\living\generated\EventListener.js:26:30[90m)[39m
    at innerInvokeEventListeners [90m(C:\Users\husey\kiro2\frontend\[39mnode_modules\[4mjsdom[24m\lib\jsdom\living\events\EventTarget-impl.js:350:25[90m)[39m
    at invokeEventListeners [90m(C:\Users\husey\kiro2\frontend\[39mnode_modules\[4mjsdom[24m\lib\jsdom\living\events\EventTarget-impl.js:286:3[90m)[39m
    at HTMLUnknownElementImpl._dispatch [90m(C:\Users\husey\kiro2\frontend\[39mnode_modules\[4mjsdom[24m\lib\jsdom\living\events\EventTarget-impl.js:233:9[90m)[39m
Error: Uncaught [Error: useAuth must be used within an AuthProvider]
    at reportException (C:\Users\husey\kiro2\frontend\node_modules\jsdom\lib\jsdom\living\helpers\runtime-script-errors.js:66:24)
    at innerInvokeEventListeners (C:\Users\husey\kiro2\frontend\node_modules\jsdom\lib\jsdom\living\events\EventTarget-impl.js:353:9)
    at invokeEventListeners (C:\Users\husey\kiro2\frontend\node_modules\jsdom\lib\jsdom\living\events\EventTarget-impl.js:286:3)
    at HTMLUnknownElementImpl._dispatch (C:\Users\husey\kiro2\frontend\node_modules\jsdom\lib\jsdom\living\events\EventTarget-impl.js:233:9)
    at HTMLUnknownElementImpl.dispatchEvent (C:\Users\husey\kiro2\frontend\node_modules\jsdom\lib\jsdom\living\events\EventTarget-impl.js:104:17)
    at HTMLUnknownElement.dispatchEvent (C:\Users\husey\kiro2\frontend\node_modules\jsdom\lib\jsdom\living\generated\EventTarget.js:241:34)
    at Object.invokeGuardedCallbackDev (C:\Users\husey\kiro2\frontend\node_modules\react-dom\cjs\react-dom.development.js:4213:16)
    at invokeGuardedCallback (C:\Users\husey\kiro2\frontend\node_modules\react-dom\cjs\react-dom.development.js:4277:31)
    at beginWork$1 (C:\Users\husey\kiro2\frontend\node_modules\react-dom\cjs\react-dom.development.js:27490:7)
    at performUnitOfWork (C:\Users\husey\kiro2\frontend\node_modules\react-dom\cjs\react-dom.development.js:26599:12) Error: useAuth must be used within an AuthProvider
    at useAuth [90m(C:\Users\husey\kiro2\frontend\[39msrc\hooks\useAuth.tsx:289:11[90m)[39m
    at LoginPage [90m(C:\Users\husey\kiro2\frontend\[39msrc\pages\LoginPage.tsx:30:44[90m)[39m
    at renderWithHooks [90m(C:\Users\husey\kiro2\frontend\[39mnode_modules\[4mreact-dom[24m\cjs\react-dom.development.js:15486:18[90m)[39m
    at mountIndeterminateComponent [90m(C:\Users\husey\kiro2\frontend\[39mnode_modules\[4mreact-dom[24m\cjs\react-dom.development.js:20103:13[90m)[39m
    at beginWork [90m(C:\Users\husey\kiro2\frontend\[39mnode_modules\[4mreact-dom[24m\cjs\react-dom.development.js:21626:16[90m)[39m
    at HTMLUnknownElement.callCallback [90m(C:\Users\husey\kiro2\frontend\[39mnode_modules\[4mreact-dom[24m\cjs\react-dom.development.js:4164:14[90m)[39m
    at HTMLUnknownElement.callTheUserObjectsOperation [90m(C:\Users\husey\kiro2\frontend\[39mnode_modules\[4mjsdom[24m\lib\jsdom\living\generated\EventListener.js:26:30[90m)[39m
    at innerInvokeEventListeners [90m(C:\Users\husey\kiro2\frontend\[39mnode_modules\[4mjsdom[24m\lib\jsdom\living\events\EventTarget-impl.js:350:25[90m)[39m
    at invokeEventListeners [90m(C:\Users\husey\kiro2\frontend\[39mnode_modules\[4mjsdom[24m\lib\jsdom\living\events\EventTarget-impl.js:286:3[90m)[39m
    at HTMLUnknownElementImpl._dispatch [90m(C:\Users\husey\kiro2\frontend\[39mnode_modules\[4mjsdom[24m\lib\jsdom\living\events\EventTarget-impl.js:233:9[90m)[39m

            </system-err>
            <failure message="useAuth must be used within an AuthProvider" type="Error">
Error: useAuth must be used within an AuthProvider
 ❯ useAuth src/hooks/useAuth.tsx:289:11
 ❯ LoginPage src/pages/LoginPage.tsx:30:44
 ❯ renderWithHooks node_modules/react-dom/cjs/react-dom.development.js:15486:18
 ❯ mountIndeterminateComponent node_modules/react-dom/cjs/react-dom.development.js:20103:13
 ❯ beginWork node_modules/react-dom/cjs/react-dom.development.js:21626:16
 ❯ beginWork$1 node_modules/react-dom/cjs/react-dom.development.js:27465:14
 ❯ performUnitOfWork node_modules/react-dom/cjs/react-dom.development.js:26599:12
 ❯ workLoopSync node_modules/react-dom/cjs/react-dom.development.js:26505:5
 ❯ renderRootSync node_modules/react-dom/cjs/react-dom.development.js:26473:7
 ❯ recoverFromConcurrentError node_modules/react-dom/cjs/react-dom.development.js:25889:20
            </failure>
        </testcase>
    </testsuite>
    <testsuite name="src/test/components/LearningPath/VideoResourceGrid.test.tsx" timestamp="2025-11-14T16:56:53.153Z" hostname="ates" tests="9" failures="1" errors="0" skipped="0" time="9.746573">
        <testcase classname="src/test/components/LearningPath/VideoResourceGrid.test.tsx" name="VideoResourceGrid - Enhanced Video Scores &gt; videoları başarıyla render eder" time="3.5606376">
        </testcase>
        <testcase classname="src/test/components/LearningPath/VideoResourceGrid.test.tsx" name="VideoResourceGrid - Enhanced Video Scores &gt; loading durumunda gelişmiş skeleton ve bilgilendirme gösterir" time="0.5570345">
        </testcase>
        <testcase classname="src/test/components/LearningPath/VideoResourceGrid.test.tsx" name="VideoResourceGrid - Enhanced Video Scores &gt; hata durumunda gelişmiş hata mesajı ve yardım gösterir" time="0.1113">
        </testcase>
        <testcase classname="src/test/components/LearningPath/VideoResourceGrid.test.tsx" name="VideoResourceGrid - Enhanced Video Scores &gt; erişilebilirlik istatistiklerini gösterir" time="1.8169347">
        </testcase>
        <testcase classname="src/test/components/LearningPath/VideoResourceGrid.test.tsx" name="VideoResourceGrid - Enhanced Video Scores &gt; video sayısını doğru gösterir" time="1.028099">
        </testcase>
        <testcase classname="src/test/components/LearningPath/VideoResourceGrid.test.tsx" name="VideoResourceGrid - Enhanced Video Scores &gt; filtreleme seçeneklerini gösterir" time="1.0748253">
            <failure message="Found multiple elements with the text: Zorluk

Here are the matching elements:

Ignored nodes: comments, script, style
[36m&lt;label[39m
  [33mclass[39m=[32m&quot;MuiFormLabel-root MuiInputLabel-root MuiInputLabel-formControl MuiInputLabel-animated MuiInputLabel-shrink MuiInputLabel-sizeSmall MuiInputLabel-outlined MuiFormLabel-colorPrimary MuiFormLabel-filled MuiInputLabel-root MuiInputLabel-formControl MuiInputLabel-animated MuiInputLabel-shrink MuiInputLabel-sizeSmall MuiInputLabel-outlined css-1jy569b-MuiFormLabel-root-MuiInputLabel-root&quot;[39m
  [33mdata-shrink[39m=[32m&quot;true&quot;[39m
[36m&gt;[39m
  [0mZorluk[0m
[36m&lt;/label&gt;[39m

Ignored nodes: comments, script, style
[36m&lt;span&gt;[39m
  [0mZorluk[0m
[36m&lt;/span&gt;[39m

(If this is intentional, then use the `*AllBy*` variant of the query (like `queryAllByText`, `getAllByText`, or `findAllByText`)).

Ignored nodes: comments, script, style
[36m&lt;body&gt;[39m
  [36m&lt;div&gt;[39m
    [36m&lt;div[39m
      [33mclass[39m=[32m&quot;MuiBox-root css-0&quot;[39m
    [36m&gt;[39m
      [36m&lt;div[39m
        [33mclass[39m=[32m&quot;flex gap-3 mb-4 flex-wrap MuiBox-root css-0&quot;[39m
      [36m&gt;[39m
        [36m&lt;div[39m
          [33mclass[39m=[32m&quot;MuiFormControl-root css-1lf2uee-MuiFormControl-root&quot;[39m
        [36m&gt;[39m
          [36m&lt;label[39m
            [33mclass[39m=[32m&quot;MuiFormLabel-root MuiInputLabel-root MuiInputLabel-formControl MuiInputLabel-animated MuiInputLabel-shrink MuiInputLabel-sizeSmall MuiInputLabel-outlined MuiFormLabel-colorPrimary MuiFormLabel-filled MuiInputLabel-root MuiInputLabel-formControl MuiInputLabel-animated MuiInputLabel-shrink MuiInputLabel-sizeSmall MuiInputLabel-outlined css-1jy569b-MuiFormLabel-root-MuiInputLabel-root&quot;[39m
            [33mdata-shrink[39m=[32m&quot;true&quot;[39m
          [36m&gt;[39m
            [0mZorluk[0m
          [36m&lt;/label&gt;[39m
          [36m&lt;div[39m
            [33mclass[39m=[32m&quot;MuiInputBase-root MuiOutlinedInput-root MuiInputBase-colorPrimary MuiInputBase-formControl MuiInputBase-sizeSmall css-1yk1gt9-MuiInputBase-root-MuiOutlinedInput-root-MuiSelect-root&quot;[39m
          [36m&gt;[39m
            [36m&lt;div[39m
              [33maria-controls[39m=[32m&quot;:rgm:&quot;[39m
              [33maria-expanded[39m=[32m&quot;false&quot;[39m
              [33maria-haspopup[39m=[32m&quot;listbox&quot;[39m
              [33mclass[39m=[32m&quot;MuiSelect-select MuiSelect-outlined MuiInputBase-input MuiOutlinedInput-input MuiInputBase-inputSizeSmall css-jedpe8-MuiSelect-select-MuiInputBase-input-MuiOutlinedInput-input&quot;[39m
              [33mrole[39m=[32m&quot;combobox&quot;[39m
              [33mtabindex[39m=[32m&quot;0&quot;[39m
            [36m&gt;[39m
              [0mTümü[0m
            [36m&lt;/div&gt;[39m
            [36m&lt;input[39m
              [33maria-hidden[39m=[32m&quot;true&quot;[39m
              [33maria-invalid[39m=[32m&quot;false&quot;[39m
              [33mclass[39m=[32m&quot;MuiSelect-nativeInput css-yf8vq0-MuiSelect-nativeInput&quot;[39m
              [33mtabindex[39m=[32m&quot;-1&quot;[39m
              [33mvalue[39m=[32m&quot;all&quot;[39m
            [36m/&gt;[39m
            [36m&lt;svg[39m
              [33maria-hidden[39m=[32m&quot;true&quot;[39m
              [33mclass[39m=[32m&quot;MuiSvgIcon-root MuiSvgIcon-fontSizeMedium MuiSelect-icon MuiSelect-iconOutlined css-hfutr2-MuiSvgIcon-root-MuiSelect-icon&quot;[39m
              [33mdata-testid[39m=[32m&quot;ArrowDropDownIcon&quot;[39m
              [33mfocusable[39m=[32m&quot;false&quot;[39m
              [33mviewBox[39m=[32m&quot;0 0 24 24&quot;[39m
            [36m&gt;[39m
              [36m&lt;path[39m
                [33md[39m=[32m&quot;M7 10l5 5 5-5z&quot;[39m
              [36m/&gt;[39m
            [36m&lt;/svg&gt;[39m
            [36m&lt;fieldset[39m
              [33maria-hidden[39m=[32m&quot;true&quot;[39m
              [33mclass[39m=[32m&quot;MuiOutlinedInput-notchedOutline css-r01yff-MuiNotchedOutlined-root-MuiOutlinedInput-notchedOutline&quot;[39m
            [36m&gt;[39m
              [36m&lt;legend[39m
                [33mclass[39m=[32m&quot;css-sl37lx-MuiNotchedOutlined-root&quot;[39m
              [36m&gt;[39m
                [36m&lt;span&gt;[39m
                  [0mZorluk[0m
                [36m&lt;/span&gt;[39m
              [36m&lt;/legend&gt;[39m
            [36m&lt;/fieldset&gt;[39m
          [36m&lt;/div&gt;[39m
        [36m&lt;/div&gt;[39m
        [36m&lt;div[39m
          [33mclass[39m=[32m&quot;MuiFormControl-root css-1lf2uee-MuiFormControl-root&quot;[39m
        [36m&gt;[39m
          [36m&lt;label[39m
            [33mclass[39m=[32m&quot;MuiFormLabel-root MuiInputLabel-root MuiInputLabel-formControl MuiInputLabel-animated MuiInputLabel-shrink MuiInputLabel-sizeSmall MuiInputLabel-outlined MuiFormLabel-colorPrimary MuiFormLabel-filled MuiInputLabel-root MuiInputLabel-formControl MuiInputLabel-animated MuiInputLabel-shrink MuiInputLabel-sizeSmall MuiInputLabel-outlined css-1jy569b-MuiFormLabel-root-MuiInputLabel-root&quot;[39m
            [33mdata-shrink[39m=[32m&quot;true&quot;[39m
          [36m&gt;[39m
            [0mSüre[0m
          [36m&lt;/label&gt;[39m
          [36m&lt;div[39m
            [33mclass[39m=[32m&quot;MuiInputBase-root MuiOutlinedInput-root MuiInputBase-colorPrimary MuiInputBase-formControl MuiInputBase-sizeSmall css-1yk1gt9-MuiInputBase-root-MuiOutlinedInput-root-MuiSelect-root&quot;[39m
          [36m&gt;[39m
            [36m&lt;div[39m
              [33maria-controls[39m=[32m&quot;:rgn:&quot;[39m
              [33maria-expanded[39m=[32m&quot;false&quot;[39m
              [33maria-haspopup[39m=[32m&quot;listbox&quot;[39m
              [33mclass[39m=[32m&quot;MuiSelect-select MuiSelect-outlined MuiInputBase-input MuiOutlinedInput-input MuiInputBase-inputSizeSmall css-jedpe8-MuiSelect-select-MuiInputBase-input-MuiOutlinedInput-input&quot;[39m
              [33mrole[39m=[32m&quot;combobox&quot;[39m
              [33mtabindex[39m=[32m&quot;0&quot;[39m
            [36m&gt;[39m
              [0mTümü[0m
            [36m&lt;/div&gt;[39m
            [36m&lt;input[39m
              [33maria-hidden[39m=[32m&quot;true&quot;[39m
              [33maria-invalid[39m=[32m&quot;false&quot;[39m
              [33mclass[39m=[32m&quot;MuiSelect-nativeInput css-yf8vq0-MuiSelect-nativeInput&quot;[39m
              [33mtabindex[39m=[32m&quot;-1&quot;[39m
              [33mvalue[39m=[32m&quot;all&quot;[39m
            [36m/&gt;[39m
            [36m&lt;svg[39m
              [33maria-hidden[39m=[32m&quot;true&quot;[39m
              [33mclass[39m=[32m&quot;MuiSvgIcon-root MuiSvgIcon-fontSizeMedium MuiSelect-icon MuiSelect-iconOutlined css-hfutr2-MuiSvgIcon-root-MuiSelect-icon&quot;[39m
              [33mdata-testid[39m=[32m&quot;ArrowDropDownIcon&quot;[39m
              [33mfocusable[39m=[32m&quot;false&quot;[39m
              [33mviewBox[39m=[32m&quot;0 0 24 24&quot;[39m
            [36m&gt;[39m
              [36m&lt;path[39m
                [33md[39m=[32m&quot;M7 10l5 5 5-5z&quot;[39m
              [36m/&gt;[39m
            [36m&lt;/svg&gt;[39m
            [36m&lt;fieldset[39m
              [33maria-hidden[39m=[32m&quot;true&quot;[39m
              [33mclass[39m=[32m&quot;MuiOutlinedInput-notchedOutline css-r01yff-MuiNotchedOutlined-root-MuiOutlinedInput-notchedOutline&quot;[39m
            [36m&gt;[39m
              [36m&lt;legend[39m
                [33mclass[39m=[32m&quot;css-sl37lx-MuiNotchedOutlined-root&quot;[39m
              [36m&gt;[39m
                [36m&lt;span&gt;[39m
                  [0mSüre[0m
                [36m&lt;/span&gt;[39m
              [36m&lt;/legend&gt;[39m
            [36m&lt;/fieldset&gt;[39m
          [36m&lt;/div&gt;[39m
        [36m&lt;/div&gt;[39m
        [36m&lt;div[39m
          [33mclass[39m=[32m&quot;MuiFormControl-root css-1lf2uee-MuiFormControl-root&quot;[39m
        [36m&gt;[39m
          [36m&lt;label[39m
            [33mclass[39m=[32m&quot;MuiFormLabel-root MuiInputLabel-root MuiInputLabel-formControl MuiInputLabel-animated MuiInputLabel-shrink MuiInputLabel-sizeSmall MuiInputLabel-outlined MuiFormLabel-colorPrimary MuiFormLabel-filled MuiInputLabel-root MuiInputLabel-formControl MuiInputLabel-animated MuiInputLabel-shrink MuiInputLabel-sizeSmall MuiInputLabel-outlined css..." type="TestingLibraryElementError">
TestingLibraryElementError: Found multiple elements with the text: Zorluk

Here are the matching elements:

Ignored nodes: comments, script, style
&lt;label
  class=&quot;MuiFormLabel-root MuiInputLabel-root MuiInputLabel-formControl MuiInputLabel-animated MuiInputLabel-shrink MuiInputLabel-sizeSmall MuiInputLabel-outlined MuiFormLabel-colorPrimary MuiFormLabel-filled MuiInputLabel-root MuiInputLabel-formControl MuiInputLabel-animated MuiInputLabel-shrink MuiInputLabel-sizeSmall MuiInputLabel-outlined css-1jy569b-MuiFormLabel-root-MuiInputLabel-root&quot;
  data-shrink=&quot;true&quot;
&gt;
  Zorluk
&lt;/label&gt;

Ignored nodes: comments, script, style
&lt;span&gt;
  Zorluk
&lt;/span&gt;

(If this is intentional, then use the `*AllBy*` variant of the query (like `queryAllByText`, `getAllByText`, or `findAllByText`)).

Ignored nodes: comments, script, style
&lt;body&gt;
  &lt;div&gt;
    &lt;div
      class=&quot;MuiBox-root css-0&quot;
    &gt;
      &lt;div
        class=&quot;flex gap-3 mb-4 flex-wrap MuiBox-root css-0&quot;
      &gt;
        &lt;div
          class=&quot;MuiFormControl-root css-1lf2uee-MuiFormControl-root&quot;
        &gt;
          &lt;label
            class=&quot;MuiFormLabel-root MuiInputLabel-root MuiInputLabel-formControl MuiInputLabel-animated MuiInputLabel-shrink MuiInputLabel-sizeSmall MuiInputLabel-outlined MuiFormLabel-colorPrimary MuiFormLabel-filled MuiInputLabel-root MuiInputLabel-formControl MuiInputLabel-animated MuiInputLabel-shrink MuiInputLabel-sizeSmall MuiInputLabel-outlined css-1jy569b-MuiFormLabel-root-MuiInputLabel-root&quot;
            data-shrink=&quot;true&quot;
          &gt;
            Zorluk
          &lt;/label&gt;
          &lt;div
            class=&quot;MuiInputBase-root MuiOutlinedInput-root MuiInputBase-colorPrimary MuiInputBase-formControl MuiInputBase-sizeSmall css-1yk1gt9-MuiInputBase-root-MuiOutlinedInput-root-MuiSelect-root&quot;
          &gt;
            &lt;div
              aria-controls=&quot;:rgm:&quot;
              aria-expanded=&quot;false&quot;
              aria-haspopup=&quot;listbox&quot;
              class=&quot;MuiSelect-select MuiSelect-outlined MuiInputBase-input MuiOutlinedInput-input MuiInputBase-inputSizeSmall css-jedpe8-MuiSelect-select-MuiInputBase-input-MuiOutlinedInput-input&quot;
              role=&quot;combobox&quot;
              tabindex=&quot;0&quot;
            &gt;
              Tümü
            &lt;/div&gt;
            &lt;input
              aria-hidden=&quot;true&quot;
              aria-invalid=&quot;false&quot;
              class=&quot;MuiSelect-nativeInput css-yf8vq0-MuiSelect-nativeInput&quot;
              tabindex=&quot;-1&quot;
              value=&quot;all&quot;
            /&gt;
            &lt;svg
              aria-hidden=&quot;true&quot;
              class=&quot;MuiSvgIcon-root MuiSvgIcon-fontSizeMedium MuiSelect-icon MuiSelect-iconOutlined css-hfutr2-MuiSvgIcon-root-MuiSelect-icon&quot;
              data-testid=&quot;ArrowDropDownIcon&quot;
              focusable=&quot;false&quot;
              viewBox=&quot;0 0 24 24&quot;
            &gt;
              &lt;path
                d=&quot;M7 10l5 5 5-5z&quot;
              /&gt;
            &lt;/svg&gt;
            &lt;fieldset
              aria-hidden=&quot;true&quot;
              class=&quot;MuiOutlinedInput-notchedOutline css-r01yff-MuiNotchedOutlined-root-MuiOutlinedInput-notchedOutline&quot;
            &gt;
              &lt;legend
                class=&quot;css-sl37lx-MuiNotchedOutlined-root&quot;
              &gt;
                &lt;span&gt;
                  Zorluk
                &lt;/span&gt;
              &lt;/legend&gt;
            &lt;/fieldset&gt;
          &lt;/div&gt;
        &lt;/div&gt;
        &lt;div
          class=&quot;MuiFormControl-root css-1lf2uee-MuiFormControl-root&quot;
        &gt;
          &lt;label
            class=&quot;MuiFormLabel-root MuiInputLabel-root MuiInputLabel-formControl MuiInputLabel-animated MuiInputLabel-shrink MuiInputLabel-sizeSmall MuiInputLabel-outlined MuiFormLabel-colorPrimary MuiFormLabel-filled MuiInputLabel-root MuiInputLabel-formControl MuiInputLabel-animated MuiInputLabel-shrink MuiInputLabel-sizeSmall MuiInputLabel-outlined css-1jy569b-MuiFormLabel-root-MuiInputLabel-root&quot;
            data-shrink=&quot;true&quot;
          &gt;
            Süre
          &lt;/label&gt;
          &lt;div
            class=&quot;MuiInputBase-root MuiOutlinedInput-root MuiInputBase-colorPrimary MuiInputBase-formControl MuiInputBase-sizeSmall css-1yk1gt9-MuiInputBase-root-MuiOutlinedInput-root-MuiSelect-root&quot;
          &gt;
            &lt;div
              aria-controls=&quot;:rgn:&quot;
              aria-expanded=&quot;false&quot;
              aria-haspopup=&quot;listbox&quot;
              class=&quot;MuiSelect-select MuiSelect-outlined MuiInputBase-input MuiOutlinedInput-input MuiInputBase-inputSizeSmall css-jedpe8-MuiSelect-select-MuiInputBase-input-MuiOutlinedInput-input&quot;
              role=&quot;combobox&quot;
              tabindex=&quot;0&quot;
            &gt;
              Tümü
            &lt;/div&gt;
            &lt;input
              aria-hidden=&quot;true&quot;
              aria-invalid=&quot;false&quot;
              class=&quot;MuiSelect-nativeInput css-yf8vq0-MuiSelect-nativeInput&quot;
              tabindex=&quot;-1&quot;
              value=&quot;all&quot;
            /&gt;
            &lt;svg
              aria-hidden=&quot;true&quot;
              class=&quot;MuiSvgIcon-root MuiSvgIcon-fontSizeMedium MuiSelect-icon MuiSelect-iconOutlined css-hfutr2-MuiSvgIcon-root-MuiSelect-icon&quot;
              data-testid=&quot;ArrowDropDownIcon&quot;
              focusable=&quot;false&quot;
              viewBox=&quot;0 0 24 24&quot;
            &gt;
              &lt;path
                d=&quot;M7 10l5 5 5-5z&quot;
              /&gt;
            &lt;/svg&gt;
            &lt;fieldset
              aria-hidden=&quot;true&quot;
              class=&quot;MuiOutlinedInput-notchedOutline css-r01yff-MuiNotchedOutlined-root-MuiOutlinedInput-notchedOutline&quot;
            &gt;
              &lt;legend
                class=&quot;css-sl37lx-MuiNotchedOutlined-root&quot;
              &gt;
                &lt;span&gt;
                  Süre
                &lt;/span&gt;
              &lt;/legend&gt;
            &lt;/fieldset&gt;
          &lt;/div&gt;
        &lt;/div&gt;
        &lt;div
          class=&quot;MuiFormControl-root css-1lf2uee-MuiFormControl-root&quot;
        &gt;
          &lt;label
            class=&quot;MuiFormLabel-root MuiInputLabel-root MuiInputLabel-formControl MuiInputLabel-animated MuiInputLabel-shrink MuiInputLabel-sizeSmall MuiInputLabel-outlined MuiFormLabel-colorPrimary MuiFormLabel-filled MuiInputLabel-root MuiInputLabel-formControl MuiInputLabel-animated MuiInputLabel-shrink MuiInputLabel-sizeSmall MuiInputLabel-outlined css...
 ❯ Object.getElementError node_modules/@testing-library/react/node_modules/@testing-library/dom/dist/config.js:37:19
 ❯ getElementError node_modules/@testing-library/react/node_modules/@testing-library/dom/dist/query-helpers.js:20:35
 ❯ getMultipleElementsFoundError node_modules/@testing-library/react/node_modules/@testing-library/dom/dist/query-helpers.js:23:10
 ❯ node_modules/@testing-library/react/node_modules/@testing-library/dom/dist/query-helpers.js:55:13
 ❯ node_modules/@testing-library/react/node_modules/@testing-library/dom/dist/query-helpers.js:95:19
 ❯ src/test/components/LearningPath/VideoResourceGrid.test.tsx:164:19
            </failure>
        </testcase>
        <testcase classname="src/test/components/LearningPath/VideoResourceGrid.test.tsx" name="VideoResourceGrid - Enhanced Video Scores &gt; enhanced skorları olan videoları destekler" time="0.4582168">
        </testcase>
        <testcase classname="src/test/components/LearningPath/VideoResourceGrid.test.tsx" name="VideoResourceGrid - Enhanced Video Scores &gt; geriye dönük uyumluluk için eski format videoları destekler" time="0.3117376">
        </testcase>
        <testcase classname="src/test/components/LearningPath/VideoResourceGrid.test.tsx" name="VideoResourceGrid - Enhanced Video Scores &gt; onVideoPlay callback fonksiyonunu çağırır" time="0.8195122">
        </testcase>
    </testsuite>
    <testsuite name="src/test/components/Exam/ExamInterface.test.tsx" timestamp="2025-11-14T16:56:53.157Z" hostname="ates" tests="19" failures="19" errors="0" skipped="0" time="2.3642953">
        <testcase classname="src/test/components/Exam/ExamInterface.test.tsx" name="ExamInterface &gt; renders exam interface correctly" time="0.1935547">
            <failure message="Unable to find an element with the text: TYT Matematik Denemesi. This could be because the text is broken up by multiple elements. In this case, you can provide a function for your text matcher to make your matcher more flexible.

Ignored nodes: comments, script, style
[36m&lt;body&gt;[39m
  [36m&lt;div&gt;[39m
    [36m&lt;div[39m
      [33mclass[39m=[32m&quot;MuiBox-root css-dpkasz&quot;[39m
    [36m&gt;[39m
      [36m&lt;h6[39m
        [33mclass[39m=[32m&quot;MuiTypography-root MuiTypography-h6 css-1xcfhly-MuiTypography-root&quot;[39m
      [36m&gt;[39m
        [0mSoru bulunamadı[0m
      [36m&lt;/h6&gt;[39m
    [36m&lt;/div&gt;[39m
  [36m&lt;/div&gt;[39m
[36m&lt;/body&gt;[39m" type="TestingLibraryElementError">
TestingLibraryElementError: Unable to find an element with the text: TYT Matematik Denemesi. This could be because the text is broken up by multiple elements. In this case, you can provide a function for your text matcher to make your matcher more flexible.

Ignored nodes: comments, script, style
&lt;body&gt;
  &lt;div&gt;
    &lt;div
      class=&quot;MuiBox-root css-dpkasz&quot;
    &gt;
      &lt;h6
        class=&quot;MuiTypography-root MuiTypography-h6 css-1xcfhly-MuiTypography-root&quot;
      &gt;
        Soru bulunamadı
      &lt;/h6&gt;
    &lt;/div&gt;
  &lt;/div&gt;
&lt;/body&gt;
 ❯ Object.getElementError node_modules/@testing-library/react/node_modules/@testing-library/dom/dist/config.js:37:19
 ❯ node_modules/@testing-library/react/node_modules/@testing-library/dom/dist/query-helpers.js:76:38
 ❯ node_modules/@testing-library/react/node_modules/@testing-library/dom/dist/query-helpers.js:52:17
 ❯ node_modules/@testing-library/react/node_modules/@testing-library/dom/dist/query-helpers.js:95:19
 ❯ src/test/components/Exam/ExamInterface.test.tsx:65:19
            </failure>
        </testcase>
        <testcase classname="src/test/components/Exam/ExamInterface.test.tsx" name="ExamInterface &gt; displays timer correctly" time="0.0372318">
            <failure message="Unable to find an element with the text: /kalan süre/i. This could be because the text is broken up by multiple elements. In this case, you can provide a function for your text matcher to make your matcher more flexible.

Ignored nodes: comments, script, style
[36m&lt;body&gt;[39m
  [36m&lt;div&gt;[39m
    [36m&lt;div[39m
      [33mclass[39m=[32m&quot;MuiBox-root css-dpkasz&quot;[39m
    [36m&gt;[39m
      [36m&lt;h6[39m
        [33mclass[39m=[32m&quot;MuiTypography-root MuiTypography-h6 css-1xcfhly-MuiTypography-root&quot;[39m
      [36m&gt;[39m
        [0mSoru bulunamadı[0m
      [36m&lt;/h6&gt;[39m
    [36m&lt;/div&gt;[39m
  [36m&lt;/div&gt;[39m
[36m&lt;/body&gt;[39m" type="TestingLibraryElementError">
TestingLibraryElementError: Unable to find an element with the text: /kalan süre/i. This could be because the text is broken up by multiple elements. In this case, you can provide a function for your text matcher to make your matcher more flexible.

Ignored nodes: comments, script, style
&lt;body&gt;
  &lt;div&gt;
    &lt;div
      class=&quot;MuiBox-root css-dpkasz&quot;
    &gt;
      &lt;h6
        class=&quot;MuiTypography-root MuiTypography-h6 css-1xcfhly-MuiTypography-root&quot;
      &gt;
        Soru bulunamadı
      &lt;/h6&gt;
    &lt;/div&gt;
  &lt;/div&gt;
&lt;/body&gt;
 ❯ Object.getElementError node_modules/@testing-library/react/node_modules/@testing-library/dom/dist/config.js:37:19
 ❯ node_modules/@testing-library/react/node_modules/@testing-library/dom/dist/query-helpers.js:76:38
 ❯ node_modules/@testing-library/react/node_modules/@testing-library/dom/dist/query-helpers.js:52:17
 ❯ node_modules/@testing-library/react/node_modules/@testing-library/dom/dist/query-helpers.js:95:19
 ❯ src/test/components/Exam/ExamInterface.test.tsx:78:19
            </failure>
        </testcase>
        <testcase classname="src/test/components/Exam/ExamInterface.test.tsx" name="ExamInterface &gt; allows selecting an answer" time="0.037677">
            <failure message="Unable to find a label with the text of: 3

Ignored nodes: comments, script, style
[36m&lt;body&gt;[39m
  [36m&lt;div&gt;[39m
    [36m&lt;div[39m
      [33mclass[39m=[32m&quot;MuiBox-root css-dpkasz&quot;[39m
    [36m&gt;[39m
      [36m&lt;h6[39m
        [33mclass[39m=[32m&quot;MuiTypography-root MuiTypography-h6 css-1xcfhly-MuiTypography-root&quot;[39m
      [36m&gt;[39m
        [0mSoru bulunamadı[0m
      [36m&lt;/h6&gt;[39m
    [36m&lt;/div&gt;[39m
  [36m&lt;/div&gt;[39m
[36m&lt;/body&gt;[39m" type="TestingLibraryElementError">
TestingLibraryElementError: Unable to find a label with the text of: 3

Ignored nodes: comments, script, style
&lt;body&gt;
  &lt;div&gt;
    &lt;div
      class=&quot;MuiBox-root css-dpkasz&quot;
    &gt;
      &lt;h6
        class=&quot;MuiTypography-root MuiTypography-h6 css-1xcfhly-MuiTypography-root&quot;
      &gt;
        Soru bulunamadı
      &lt;/h6&gt;
    &lt;/div&gt;
  &lt;/div&gt;
&lt;/body&gt;
 ❯ Object.getElementError node_modules/@testing-library/react/node_modules/@testing-library/dom/dist/config.js:37:19
 ❯ getAllByLabelText node_modules/@testing-library/react/node_modules/@testing-library/dom/dist/queries/label-text.js:111:38
 ❯ node_modules/@testing-library/react/node_modules/@testing-library/dom/dist/query-helpers.js:52:17
 ❯ node_modules/@testing-library/react/node_modules/@testing-library/dom/dist/query-helpers.js:95:19
 ❯ src/test/components/Exam/ExamInterface.test.tsx:86:28
            </failure>
        </testcase>
        <testcase classname="src/test/components/Exam/ExamInterface.test.tsx" name="ExamInterface &gt; submits answer when next button is clicked" time="0.0395197">
            <failure message="Unable to find a label with the text of: 3

Ignored nodes: comments, script, style
[36m&lt;body&gt;[39m
  [36m&lt;div&gt;[39m
    [36m&lt;div[39m
      [33mclass[39m=[32m&quot;MuiBox-root css-dpkasz&quot;[39m
    [36m&gt;[39m
      [36m&lt;h6[39m
        [33mclass[39m=[32m&quot;MuiTypography-root MuiTypography-h6 css-1xcfhly-MuiTypography-root&quot;[39m
      [36m&gt;[39m
        [0mSoru bulunamadı[0m
      [36m&lt;/h6&gt;[39m
    [36m&lt;/div&gt;[39m
  [36m&lt;/div&gt;[39m
[36m&lt;/body&gt;[39m" type="TestingLibraryElementError">
TestingLibraryElementError: Unable to find a label with the text of: 3

Ignored nodes: comments, script, style
&lt;body&gt;
  &lt;div&gt;
    &lt;div
      class=&quot;MuiBox-root css-dpkasz&quot;
    &gt;
      &lt;h6
        class=&quot;MuiTypography-root MuiTypography-h6 css-1xcfhly-MuiTypography-root&quot;
      &gt;
        Soru bulunamadı
      &lt;/h6&gt;
    &lt;/div&gt;
  &lt;/div&gt;
&lt;/body&gt;
 ❯ Object.getElementError node_modules/@testing-library/react/node_modules/@testing-library/dom/dist/config.js:37:19
 ❯ getAllByLabelText node_modules/@testing-library/react/node_modules/@testing-library/dom/dist/queries/label-text.js:111:38
 ❯ node_modules/@testing-library/react/node_modules/@testing-library/dom/dist/query-helpers.js:52:17
 ❯ node_modules/@testing-library/react/node_modules/@testing-library/dom/dist/query-helpers.js:95:19
 ❯ src/test/components/Exam/ExamInterface.test.tsx:98:28
            </failure>
        </testcase>
        <testcase classname="src/test/components/Exam/ExamInterface.test.tsx" name="ExamInterface &gt; navigates to next question after submitting answer" time="0.0299615">
            <failure message="Unable to find an element with the text: x + 2 = 5 ise x kaçtır?. This could be because the text is broken up by multiple elements. In this case, you can provide a function for your text matcher to make your matcher more flexible.

Ignored nodes: comments, script, style
[36m&lt;body&gt;[39m
  [36m&lt;div&gt;[39m
    [36m&lt;div[39m
      [33mclass[39m=[32m&quot;MuiBox-root css-dpkasz&quot;[39m
    [36m&gt;[39m
      [36m&lt;h6[39m
        [33mclass[39m=[32m&quot;MuiTypography-root MuiTypography-h6 css-1xcfhly-MuiTypography-root&quot;[39m
      [36m&gt;[39m
        [0mSoru bulunamadı[0m
      [36m&lt;/h6&gt;[39m
    [36m&lt;/div&gt;[39m
  [36m&lt;/div&gt;[39m
[36m&lt;/body&gt;[39m" type="TestingLibraryElementError">
TestingLibraryElementError: Unable to find an element with the text: x + 2 = 5 ise x kaçtır?. This could be because the text is broken up by multiple elements. In this case, you can provide a function for your text matcher to make your matcher more flexible.

Ignored nodes: comments, script, style
&lt;body&gt;
  &lt;div&gt;
    &lt;div
      class=&quot;MuiBox-root css-dpkasz&quot;
    &gt;
      &lt;h6
        class=&quot;MuiTypography-root MuiTypography-h6 css-1xcfhly-MuiTypography-root&quot;
      &gt;
        Soru bulunamadı
      &lt;/h6&gt;
    &lt;/div&gt;
  &lt;/div&gt;
&lt;/body&gt;
 ❯ Object.getElementError node_modules/@testing-library/react/node_modules/@testing-library/dom/dist/config.js:37:19
 ❯ node_modules/@testing-library/react/node_modules/@testing-library/dom/dist/query-helpers.js:76:38
 ❯ node_modules/@testing-library/react/node_modules/@testing-library/dom/dist/query-helpers.js:52:17
 ❯ node_modules/@testing-library/react/node_modules/@testing-library/dom/dist/query-helpers.js:95:19
 ❯ src/test/components/Exam/ExamInterface.test.tsx:116:19
            </failure>
        </testcase>
        <testcase classname="src/test/components/Exam/ExamInterface.test.tsx" name="ExamInterface &gt; navigates to previous question" time="0.0240821">
            <failure message="Unable to find a label with the text of: 3

Ignored nodes: comments, script, style
[36m&lt;body&gt;[39m
  [36m&lt;div&gt;[39m
    [36m&lt;div[39m
      [33mclass[39m=[32m&quot;MuiBox-root css-dpkasz&quot;[39m
    [36m&gt;[39m
      [36m&lt;h6[39m
        [33mclass[39m=[32m&quot;MuiTypography-root MuiTypography-h6 css-1xcfhly-MuiTypography-root&quot;[39m
      [36m&gt;[39m
        [0mSoru bulunamadı[0m
      [36m&lt;/h6&gt;[39m
    [36m&lt;/div&gt;[39m
  [36m&lt;/div&gt;[39m
[36m&lt;/body&gt;[39m" type="TestingLibraryElementError">
TestingLibraryElementError: Unable to find a label with the text of: 3

Ignored nodes: comments, script, style
&lt;body&gt;
  &lt;div&gt;
    &lt;div
      class=&quot;MuiBox-root css-dpkasz&quot;
    &gt;
      &lt;h6
        class=&quot;MuiTypography-root MuiTypography-h6 css-1xcfhly-MuiTypography-root&quot;
      &gt;
        Soru bulunamadı
      &lt;/h6&gt;
    &lt;/div&gt;
  &lt;/div&gt;
&lt;/body&gt;
 ❯ Object.getElementError node_modules/@testing-library/react/node_modules/@testing-library/dom/dist/config.js:37:19
 ❯ getAllByLabelText node_modules/@testing-library/react/node_modules/@testing-library/dom/dist/queries/label-text.js:111:38
 ❯ node_modules/@testing-library/react/node_modules/@testing-library/dom/dist/query-helpers.js:52:17
 ❯ node_modules/@testing-library/react/node_modules/@testing-library/dom/dist/query-helpers.js:95:19
 ❯ src/test/components/Exam/ExamInterface.test.tsx:136:28
            </failure>
        </testcase>
        <testcase classname="src/test/components/Exam/ExamInterface.test.tsx" name="ExamInterface &gt; shows complete exam button on last question" time="0.0241858">
            <failure message="Unable to find a label with the text of: 3

Ignored nodes: comments, script, style
[36m&lt;body&gt;[39m
  [36m&lt;div&gt;[39m
    [36m&lt;div[39m
      [33mclass[39m=[32m&quot;MuiBox-root css-dpkasz&quot;[39m
    [36m&gt;[39m
      [36m&lt;h6[39m
        [33mclass[39m=[32m&quot;MuiTypography-root MuiTypography-h6 css-1xcfhly-MuiTypography-root&quot;[39m
      [36m&gt;[39m
        [0mSoru bulunamadı[0m
      [36m&lt;/h6&gt;[39m
    [36m&lt;/div&gt;[39m
  [36m&lt;/div&gt;[39m
[36m&lt;/body&gt;[39m" type="TestingLibraryElementError">
TestingLibraryElementError: Unable to find a label with the text of: 3

Ignored nodes: comments, script, style
&lt;body&gt;
  &lt;div&gt;
    &lt;div
      class=&quot;MuiBox-root css-dpkasz&quot;
    &gt;
      &lt;h6
        class=&quot;MuiTypography-root MuiTypography-h6 css-1xcfhly-MuiTypography-root&quot;
      &gt;
        Soru bulunamadı
      &lt;/h6&gt;
    &lt;/div&gt;
  &lt;/div&gt;
&lt;/body&gt;
 ❯ Object.getElementError node_modules/@testing-library/react/node_modules/@testing-library/dom/dist/config.js:37:19
 ❯ getAllByLabelText node_modules/@testing-library/react/node_modules/@testing-library/dom/dist/queries/label-text.js:111:38
 ❯ node_modules/@testing-library/react/node_modules/@testing-library/dom/dist/query-helpers.js:52:17
 ❯ node_modules/@testing-library/react/node_modules/@testing-library/dom/dist/query-helpers.js:95:19
 ❯ src/test/components/Exam/ExamInterface.test.tsx:157:28
            </failure>
        </testcase>
        <testcase classname="src/test/components/Exam/ExamInterface.test.tsx" name="ExamInterface &gt; completes exam when complete button is clicked" time="0.0246675">
            <failure message="Unable to find a label with the text of: 3

Ignored nodes: comments, script, style
[36m&lt;body&gt;[39m
  [36m&lt;div&gt;[39m
    [36m&lt;div[39m
      [33mclass[39m=[32m&quot;MuiBox-root css-dpkasz&quot;[39m
    [36m&gt;[39m
      [36m&lt;h6[39m
        [33mclass[39m=[32m&quot;MuiTypography-root MuiTypography-h6 css-1xcfhly-MuiTypography-root&quot;[39m
      [36m&gt;[39m
        [0mSoru bulunamadı[0m
      [36m&lt;/h6&gt;[39m
    [36m&lt;/div&gt;[39m
  [36m&lt;/div&gt;[39m
[36m&lt;/body&gt;[39m" type="TestingLibraryElementError">
TestingLibraryElementError: Unable to find a label with the text of: 3

Ignored nodes: comments, script, style
&lt;body&gt;
  &lt;div&gt;
    &lt;div
      class=&quot;MuiBox-root css-dpkasz&quot;
    &gt;
      &lt;h6
        class=&quot;MuiTypography-root MuiTypography-h6 css-1xcfhly-MuiTypography-root&quot;
      &gt;
        Soru bulunamadı
      &lt;/h6&gt;
    &lt;/div&gt;
  &lt;/div&gt;
&lt;/body&gt;
 ❯ Object.getElementError node_modules/@testing-library/react/node_modules/@testing-library/dom/dist/config.js:37:19
 ❯ getAllByLabelText node_modules/@testing-library/react/node_modules/@testing-library/dom/dist/queries/label-text.js:111:38
 ❯ node_modules/@testing-library/react/node_modules/@testing-library/dom/dist/query-helpers.js:52:17
 ❯ node_modules/@testing-library/react/node_modules/@testing-library/dom/dist/query-helpers.js:95:19
 ❯ src/test/components/Exam/ExamInterface.test.tsx:176:28
            </failure>
        </testcase>
        <testcase classname="src/test/components/Exam/ExamInterface.test.tsx" name="ExamInterface &gt; shows confirmation dialog before completing exam" time="0.0312494">
            <failure message="Unable to find a label with the text of: 3

Ignored nodes: comments, script, style
[36m&lt;body&gt;[39m
  [36m&lt;div&gt;[39m
    [36m&lt;div[39m
      [33mclass[39m=[32m&quot;MuiBox-root css-dpkasz&quot;[39m
    [36m&gt;[39m
      [36m&lt;h6[39m
        [33mclass[39m=[32m&quot;MuiTypography-root MuiTypography-h6 css-1xcfhly-MuiTypography-root&quot;[39m
      [36m&gt;[39m
        [0mSoru bulunamadı[0m
      [36m&lt;/h6&gt;[39m
    [36m&lt;/div&gt;[39m
  [36m&lt;/div&gt;[39m
[36m&lt;/body&gt;[39m" type="TestingLibraryElementError">
TestingLibraryElementError: Unable to find a label with the text of: 3

Ignored nodes: comments, script, style
&lt;body&gt;
  &lt;div&gt;
    &lt;div
      class=&quot;MuiBox-root css-dpkasz&quot;
    &gt;
      &lt;h6
        class=&quot;MuiTypography-root MuiTypography-h6 css-1xcfhly-MuiTypography-root&quot;
      &gt;
        Soru bulunamadı
      &lt;/h6&gt;
    &lt;/div&gt;
  &lt;/div&gt;
&lt;/body&gt;
 ❯ Object.getElementError node_modules/@testing-library/react/node_modules/@testing-library/dom/dist/config.js:37:19
 ❯ getAllByLabelText node_modules/@testing-library/react/node_modules/@testing-library/dom/dist/queries/label-text.js:111:38
 ❯ node_modules/@testing-library/react/node_modules/@testing-library/dom/dist/query-helpers.js:52:17
 ❯ node_modules/@testing-library/react/node_modules/@testing-library/dom/dist/query-helpers.js:95:19
 ❯ src/test/components/Exam/ExamInterface.test.tsx:197:28
            </failure>
        </testcase>
        <testcase classname="src/test/components/Exam/ExamInterface.test.tsx" name="ExamInterface &gt; marks questions for review" time="0.3220635">
            <failure message="Unable to find an accessible element with the role &quot;button&quot; and name `/işaretle/i`

Here are the accessible roles:

  heading:

  Name &quot;Soru bulunamadı&quot;:
  [36m&lt;h6[39m
    [33mclass[39m=[32m&quot;MuiTypography-root MuiTypography-h6 css-1xcfhly-MuiTypography-root&quot;[39m
  [36m/&gt;[39m

  --------------------------------------------------

Ignored nodes: comments, script, style
[36m&lt;body&gt;[39m
  [36m&lt;div&gt;[39m
    [36m&lt;div[39m
      [33mclass[39m=[32m&quot;MuiBox-root css-dpkasz&quot;[39m
    [36m&gt;[39m
      [36m&lt;h6[39m
        [33mclass[39m=[32m&quot;MuiTypography-root MuiTypography-h6 css-1xcfhly-MuiTypography-root&quot;[39m
      [36m&gt;[39m
        [0mSoru bulunamadı[0m
      [36m&lt;/h6&gt;[39m
    [36m&lt;/div&gt;[39m
  [36m&lt;/div&gt;[39m
[36m&lt;/body&gt;[39m" type="TestingLibraryElementError">
TestingLibraryElementError: Unable to find an accessible element with the role &quot;button&quot; and name `/işaretle/i`

Here are the accessible roles:

  heading:

  Name &quot;Soru bulunamadı&quot;:
  &lt;h6
    class=&quot;MuiTypography-root MuiTypography-h6 css-1xcfhly-MuiTypography-root&quot;
  /&gt;

  --------------------------------------------------

Ignored nodes: comments, script, style
&lt;body&gt;
  &lt;div&gt;
    &lt;div
      class=&quot;MuiBox-root css-dpkasz&quot;
    &gt;
      &lt;h6
        class=&quot;MuiTypography-root MuiTypography-h6 css-1xcfhly-MuiTypography-root&quot;
      &gt;
        Soru bulunamadı
      &lt;/h6&gt;
    &lt;/div&gt;
  &lt;/div&gt;
&lt;/body&gt;
 ❯ Object.getElementError node_modules/@testing-library/react/node_modules/@testing-library/dom/dist/config.js:37:19
 ❯ node_modules/@testing-library/react/node_modules/@testing-library/dom/dist/query-helpers.js:76:38
 ❯ node_modules/@testing-library/react/node_modules/@testing-library/dom/dist/query-helpers.js:52:17
 ❯ node_modules/@testing-library/react/node_modules/@testing-library/dom/dist/query-helpers.js:95:19
 ❯ src/test/components/Exam/ExamInterface.test.tsx:215:31
            </failure>
        </testcase>
        <testcase classname="src/test/components/Exam/ExamInterface.test.tsx" name="ExamInterface &gt; shows question navigation panel" time="0.0376636">
            <failure message="Unable to find an element with the text: /soru navigasyonu/i. This could be because the text is broken up by multiple elements. In this case, you can provide a function for your text matcher to make your matcher more flexible.

Ignored nodes: comments, script, style
[36m&lt;body&gt;[39m
  [36m&lt;div&gt;[39m
    [36m&lt;div[39m
      [33mclass[39m=[32m&quot;MuiBox-root css-dpkasz&quot;[39m
    [36m&gt;[39m
      [36m&lt;h6[39m
        [33mclass[39m=[32m&quot;MuiTypography-root MuiTypography-h6 css-1xcfhly-MuiTypography-root&quot;[39m
      [36m&gt;[39m
        [0mSoru bulunamadı[0m
      [36m&lt;/h6&gt;[39m
    [36m&lt;/div&gt;[39m
  [36m&lt;/div&gt;[39m
[36m&lt;/body&gt;[39m" type="TestingLibraryElementError">
TestingLibraryElementError: Unable to find an element with the text: /soru navigasyonu/i. This could be because the text is broken up by multiple elements. In this case, you can provide a function for your text matcher to make your matcher more flexible.

Ignored nodes: comments, script, style
&lt;body&gt;
  &lt;div&gt;
    &lt;div
      class=&quot;MuiBox-root css-dpkasz&quot;
    &gt;
      &lt;h6
        class=&quot;MuiTypography-root MuiTypography-h6 css-1xcfhly-MuiTypography-root&quot;
      &gt;
        Soru bulunamadı
      &lt;/h6&gt;
    &lt;/div&gt;
  &lt;/div&gt;
&lt;/body&gt;
 ❯ Object.getElementError node_modules/@testing-library/react/node_modules/@testing-library/dom/dist/config.js:37:19
 ❯ node_modules/@testing-library/react/node_modules/@testing-library/dom/dist/query-helpers.js:76:38
 ❯ node_modules/@testing-library/react/node_modules/@testing-library/dom/dist/query-helpers.js:52:17
 ❯ node_modules/@testing-library/react/node_modules/@testing-library/dom/dist/query-helpers.js:95:19
 ❯ src/test/components/Exam/ExamInterface.test.tsx:224:19
            </failure>
        </testcase>
        <testcase classname="src/test/components/Exam/ExamInterface.test.tsx" name="ExamInterface &gt; allows direct navigation to questions via navigation panel" time="0.1217231">
            <failure message="Unable to find an accessible element with the role &quot;button&quot; and name &quot;2&quot;

Here are the accessible roles:

  heading:

  Name &quot;Soru bulunamadı&quot;:
  [36m&lt;h6[39m
    [33mclass[39m=[32m&quot;MuiTypography-root MuiTypography-h6 css-1xcfhly-MuiTypography-root&quot;[39m
  [36m/&gt;[39m

  --------------------------------------------------

Ignored nodes: comments, script, style
[36m&lt;body&gt;[39m
  [36m&lt;div&gt;[39m
    [36m&lt;div[39m
      [33mclass[39m=[32m&quot;MuiBox-root css-dpkasz&quot;[39m
    [36m&gt;[39m
      [36m&lt;h6[39m
        [33mclass[39m=[32m&quot;MuiTypography-root MuiTypography-h6 css-1xcfhly-MuiTypography-root&quot;[39m
      [36m&gt;[39m
        [0mSoru bulunamadı[0m
      [36m&lt;/h6&gt;[39m
    [36m&lt;/div&gt;[39m
  [36m&lt;/div&gt;[39m
[36m&lt;/body&gt;[39m" type="TestingLibraryElementError">
TestingLibraryElementError: Unable to find an accessible element with the role &quot;button&quot; and name &quot;2&quot;

Here are the accessible roles:

  heading:

  Name &quot;Soru bulunamadı&quot;:
  &lt;h6
    class=&quot;MuiTypography-root MuiTypography-h6 css-1xcfhly-MuiTypography-root&quot;
  /&gt;

  --------------------------------------------------

Ignored nodes: comments, script, style
&lt;body&gt;
  &lt;div&gt;
    &lt;div
      class=&quot;MuiBox-root css-dpkasz&quot;
    &gt;
      &lt;h6
        class=&quot;MuiTypography-root MuiTypography-h6 css-1xcfhly-MuiTypography-root&quot;
      &gt;
        Soru bulunamadı
      &lt;/h6&gt;
    &lt;/div&gt;
  &lt;/div&gt;
&lt;/body&gt;
 ❯ Object.getElementError node_modules/@testing-library/react/node_modules/@testing-library/dom/dist/config.js:37:19
 ❯ node_modules/@testing-library/react/node_modules/@testing-library/dom/dist/query-helpers.js:76:38
 ❯ node_modules/@testing-library/react/node_modules/@testing-library/dom/dist/query-helpers.js:52:17
 ❯ node_modules/@testing-library/react/node_modules/@testing-library/dom/dist/query-helpers.js:95:19
 ❯ src/test/components/Exam/ExamInterface.test.tsx:233:36
            </failure>
        </testcase>
        <testcase classname="src/test/components/Exam/ExamInterface.test.tsx" name="ExamInterface &gt; shows warning when time is running low" time="0.0175817">
            <failure message="Unable to find an element with the text: /süre azalıyor/i. This could be because the text is broken up by multiple elements. In this case, you can provide a function for your text matcher to make your matcher more flexible.

Ignored nodes: comments, script, style
[36m&lt;body&gt;[39m
  [36m&lt;div&gt;[39m
    [36m&lt;div[39m
      [33mclass[39m=[32m&quot;MuiBox-root css-dpkasz&quot;[39m
    [36m&gt;[39m
      [36m&lt;h6[39m
        [33mclass[39m=[32m&quot;MuiTypography-root MuiTypography-h6 css-1xcfhly-MuiTypography-root&quot;[39m
      [36m&gt;[39m
        [0mSoru bulunamadı[0m
      [36m&lt;/h6&gt;[39m
    [36m&lt;/div&gt;[39m
  [36m&lt;/div&gt;[39m
[36m&lt;/body&gt;[39m" type="TestingLibraryElementError">
TestingLibraryElementError: Unable to find an element with the text: /süre azalıyor/i. This could be because the text is broken up by multiple elements. In this case, you can provide a function for your text matcher to make your matcher more flexible.

Ignored nodes: comments, script, style
&lt;body&gt;
  &lt;div&gt;
    &lt;div
      class=&quot;MuiBox-root css-dpkasz&quot;
    &gt;
      &lt;h6
        class=&quot;MuiTypography-root MuiTypography-h6 css-1xcfhly-MuiTypography-root&quot;
      &gt;
        Soru bulunamadı
      &lt;/h6&gt;
    &lt;/div&gt;
  &lt;/div&gt;
&lt;/body&gt;
 ❯ Object.getElementError node_modules/@testing-library/react/node_modules/@testing-library/dom/dist/config.js:37:19
 ❯ node_modules/@testing-library/react/node_modules/@testing-library/dom/dist/query-helpers.js:76:38
 ❯ node_modules/@testing-library/react/node_modules/@testing-library/dom/dist/query-helpers.js:52:17
 ❯ node_modules/@testing-library/react/node_modules/@testing-library/dom/dist/query-helpers.js:95:19
 ❯ src/test/components/Exam/ExamInterface.test.tsx:250:19
            </failure>
        </testcase>
        <testcase classname="src/test/components/Exam/ExamInterface.test.tsx" name="ExamInterface &gt; auto-submits exam when time runs out" time="1.0559942">
            <failure message="expected &quot;spy&quot; to be called at least once

Ignored nodes: comments, script, style
[36m&lt;html&gt;[39m
  [36m&lt;head /&gt;[39m
  [36m&lt;body&gt;[39m
    [36m&lt;div&gt;[39m
      [36m&lt;div[39m
        [33mclass[39m=[32m&quot;MuiBox-root css-dpkasz&quot;[39m
      [36m&gt;[39m
        [36m&lt;h6[39m
          [33mclass[39m=[32m&quot;MuiTypography-root MuiTypography-h6 css-1xcfhly-MuiTypography-root&quot;[39m
        [36m&gt;[39m
          [0mSoru bulunamadı[0m
        [36m&lt;/h6&gt;[39m
      [36m&lt;/div&gt;[39m
    [36m&lt;/div&gt;[39m
  [36m&lt;/body&gt;[39m
[36m&lt;/html&gt;[39m" type="AssertionError">
AssertionError: expected &quot;spy&quot; to be called at least once

Ignored nodes: comments, script, style
&lt;html&gt;
  &lt;head /&gt;
  &lt;body&gt;
    &lt;div&gt;
      &lt;div
        class=&quot;MuiBox-root css-dpkasz&quot;
      &gt;
        &lt;h6
          class=&quot;MuiTypography-root MuiTypography-h6 css-1xcfhly-MuiTypography-root&quot;
        &gt;
          Soru bulunamadı
        &lt;/h6&gt;
      &lt;/div&gt;
    &lt;/div&gt;
  &lt;/body&gt;
&lt;/html&gt;
 ❯ src/test/components/Exam/ExamInterface.test.tsx:264:32
 ❯ runWithExpensiveErrorDiagnosticsDisabled node_modules/@testing-library/react/node_modules/@testing-library/dom/dist/config.js:47:12
 ❯ checkCallback node_modules/@testing-library/react/node_modules/@testing-library/dom/dist/wait-for.js:124:77
 ❯ Timeout.checkRealTimersCallback node_modules/@testing-library/react/node_modules/@testing-library/dom/dist/wait-for.js:118:16
            </failure>
        </testcase>
        <testcase classname="src/test/components/Exam/ExamInterface.test.tsx" name="ExamInterface &gt; saves answers automatically" time="0.0211721">
            <failure message="Unable to find a label with the text of: 3

Ignored nodes: comments, script, style
[36m&lt;body&gt;[39m
  [36m&lt;div&gt;[39m
    [36m&lt;div[39m
      [33mclass[39m=[32m&quot;MuiBox-root css-dpkasz&quot;[39m
    [36m&gt;[39m
      [36m&lt;h6[39m
        [33mclass[39m=[32m&quot;MuiTypography-root MuiTypography-h6 css-1xcfhly-MuiTypography-root&quot;[39m
      [36m&gt;[39m
        [0mSoru bulunamadı[0m
      [36m&lt;/h6&gt;[39m
    [36m&lt;/div&gt;[39m
  [36m&lt;/div&gt;[39m
[36m&lt;/body&gt;[39m" type="TestingLibraryElementError">
TestingLibraryElementError: Unable to find a label with the text of: 3

Ignored nodes: comments, script, style
&lt;body&gt;
  &lt;div&gt;
    &lt;div
      class=&quot;MuiBox-root css-dpkasz&quot;
    &gt;
      &lt;h6
        class=&quot;MuiTypography-root MuiTypography-h6 css-1xcfhly-MuiTypography-root&quot;
      &gt;
        Soru bulunamadı
      &lt;/h6&gt;
    &lt;/div&gt;
  &lt;/div&gt;
&lt;/body&gt;
 ❯ Object.getElementError node_modules/@testing-library/react/node_modules/@testing-library/dom/dist/config.js:37:19
 ❯ getAllByLabelText node_modules/@testing-library/react/node_modules/@testing-library/dom/dist/queries/label-text.js:111:38
 ❯ node_modules/@testing-library/react/node_modules/@testing-library/dom/dist/query-helpers.js:52:17
 ❯ node_modules/@testing-library/react/node_modules/@testing-library/dom/dist/query-helpers.js:95:19
 ❯ src/test/components/Exam/ExamInterface.test.tsx:274:28
            </failure>
        </testcase>
        <testcase classname="src/test/components/Exam/ExamInterface.test.tsx" name="ExamInterface &gt; handles keyboard shortcuts" time="0.0282265">
            <failure message="Unable to find a label with the text of: 3

Ignored nodes: comments, script, style
[36m&lt;body&gt;[39m
  [36m&lt;div&gt;[39m
    [36m&lt;div[39m
      [33mclass[39m=[32m&quot;MuiBox-root css-dpkasz&quot;[39m
    [36m&gt;[39m
      [36m&lt;h6[39m
        [33mclass[39m=[32m&quot;MuiTypography-root MuiTypography-h6 css-1xcfhly-MuiTypography-root&quot;[39m
      [36m&gt;[39m
        [0mSoru bulunamadı[0m
      [36m&lt;/h6&gt;[39m
    [36m&lt;/div&gt;[39m
  [36m&lt;/div&gt;[39m
[36m&lt;/body&gt;[39m" type="TestingLibraryElementError">
TestingLibraryElementError: Unable to find a label with the text of: 3

Ignored nodes: comments, script, style
&lt;body&gt;
  &lt;div&gt;
    &lt;div
      class=&quot;MuiBox-root css-dpkasz&quot;
    &gt;
      &lt;h6
        class=&quot;MuiTypography-root MuiTypography-h6 css-1xcfhly-MuiTypography-root&quot;
      &gt;
        Soru bulunamadı
      &lt;/h6&gt;
    &lt;/div&gt;
  &lt;/div&gt;
&lt;/body&gt;
 ❯ Object.getElementError node_modules/@testing-library/react/node_modules/@testing-library/dom/dist/config.js:37:19
 ❯ getAllByLabelText node_modules/@testing-library/react/node_modules/@testing-library/dom/dist/queries/label-text.js:111:38
 ❯ node_modules/@testing-library/react/node_modules/@testing-library/dom/dist/query-helpers.js:52:17
 ❯ node_modules/@testing-library/react/node_modules/@testing-library/dom/dist/query-helpers.js:95:19
 ❯ src/test/components/Exam/ExamInterface.test.tsx:289:28
            </failure>
        </testcase>
        <testcase classname="src/test/components/Exam/ExamInterface.test.tsx" name="ExamInterface &gt; shows progress indicator" time="0.1636989">
            <failure message="Unable to find an accessible element with the role &quot;progressbar&quot;

Here are the accessible roles:

  heading:

  Name &quot;Soru bulunamadı&quot;:
  [36m&lt;h6[39m
    [33mclass[39m=[32m&quot;MuiTypography-root MuiTypography-h6 css-1xcfhly-MuiTypography-root&quot;[39m
  [36m/&gt;[39m

  --------------------------------------------------

Ignored nodes: comments, script, style
[36m&lt;body&gt;[39m
  [36m&lt;div&gt;[39m
    [36m&lt;div[39m
      [33mclass[39m=[32m&quot;MuiBox-root css-dpkasz&quot;[39m
    [36m&gt;[39m
      [36m&lt;h6[39m
        [33mclass[39m=[32m&quot;MuiTypography-root MuiTypography-h6 css-1xcfhly-MuiTypography-root&quot;[39m
      [36m&gt;[39m
        [0mSoru bulunamadı[0m
      [36m&lt;/h6&gt;[39m
    [36m&lt;/div&gt;[39m
  [36m&lt;/div&gt;[39m
[36m&lt;/body&gt;[39m" type="TestingLibraryElementError">
TestingLibraryElementError: Unable to find an accessible element with the role &quot;progressbar&quot;

Here are the accessible roles:

  heading:

  Name &quot;Soru bulunamadı&quot;:
  &lt;h6
    class=&quot;MuiTypography-root MuiTypography-h6 css-1xcfhly-MuiTypography-root&quot;
  /&gt;

  --------------------------------------------------

Ignored nodes: comments, script, style
&lt;body&gt;
  &lt;div&gt;
    &lt;div
      class=&quot;MuiBox-root css-dpkasz&quot;
    &gt;
      &lt;h6
        class=&quot;MuiTypography-root MuiTypography-h6 css-1xcfhly-MuiTypography-root&quot;
      &gt;
        Soru bulunamadı
      &lt;/h6&gt;
    &lt;/div&gt;
  &lt;/div&gt;
&lt;/body&gt;
 ❯ Object.getElementError node_modules/@testing-library/react/node_modules/@testing-library/dom/dist/config.js:37:19
 ❯ node_modules/@testing-library/react/node_modules/@testing-library/dom/dist/query-helpers.js:76:38
 ❯ node_modules/@testing-library/react/node_modules/@testing-library/dom/dist/query-helpers.js:52:17
 ❯ node_modules/@testing-library/react/node_modules/@testing-library/dom/dist/query-helpers.js:95:19
 ❯ src/test/components/Exam/ExamInterface.test.tsx:296:19
            </failure>
        </testcase>
        <testcase classname="src/test/components/Exam/ExamInterface.test.tsx" name="ExamInterface &gt; handles network errors gracefully" time="0.0188309">
            <failure message="Unable to find a label with the text of: 3

Ignored nodes: comments, script, style
[36m&lt;body&gt;[39m
  [36m&lt;div&gt;[39m
    [36m&lt;div[39m
      [33mclass[39m=[32m&quot;MuiBox-root css-dpkasz&quot;[39m
    [36m&gt;[39m
      [36m&lt;h6[39m
        [33mclass[39m=[32m&quot;MuiTypography-root MuiTypography-h6 css-1xcfhly-MuiTypography-root&quot;[39m
      [36m&gt;[39m
        [0mSoru bulunamadı[0m
      [36m&lt;/h6&gt;[39m
    [36m&lt;/div&gt;[39m
  [36m&lt;/div&gt;[39m
[36m&lt;/body&gt;[39m" type="TestingLibraryElementError">
TestingLibraryElementError: Unable to find a label with the text of: 3

Ignored nodes: comments, script, style
&lt;body&gt;
  &lt;div&gt;
    &lt;div
      class=&quot;MuiBox-root css-dpkasz&quot;
    &gt;
      &lt;h6
        class=&quot;MuiTypography-root MuiTypography-h6 css-1xcfhly-MuiTypography-root&quot;
      &gt;
        Soru bulunamadı
      &lt;/h6&gt;
    &lt;/div&gt;
  &lt;/div&gt;
&lt;/body&gt;
 ❯ Object.getElementError node_modules/@testing-library/react/node_modules/@testing-library/dom/dist/config.js:37:19
 ❯ getAllByLabelText node_modules/@testing-library/react/node_modules/@testing-library/dom/dist/queries/label-text.js:111:38
 ❯ node_modules/@testing-library/react/node_modules/@testing-library/dom/dist/query-helpers.js:52:17
 ❯ node_modules/@testing-library/react/node_modules/@testing-library/dom/dist/query-helpers.js:95:19
 ❯ src/test/components/Exam/ExamInterface.test.tsx:312:28
            </failure>
        </testcase>
        <testcase classname="src/test/components/Exam/ExamInterface.test.tsx" name="ExamInterface &gt; supports accessibility features" time="0.1268339">
            <failure message="Unable to find an accessible element with the role &quot;main&quot;

Here are the accessible roles:

  heading:

  Name &quot;Soru bulunamadı&quot;:
  [36m&lt;h6[39m
    [33mclass[39m=[32m&quot;MuiTypography-root MuiTypography-h6 css-1xcfhly-MuiTypography-root&quot;[39m
  [36m/&gt;[39m

  --------------------------------------------------

Ignored nodes: comments, script, style
[36m&lt;body&gt;[39m
  [36m&lt;div&gt;[39m
    [36m&lt;div[39m
      [33mclass[39m=[32m&quot;MuiBox-root css-dpkasz&quot;[39m
    [36m&gt;[39m
      [36m&lt;h6[39m
        [33mclass[39m=[32m&quot;MuiTypography-root MuiTypography-h6 css-1xcfhly-MuiTypography-root&quot;[39m
      [36m&gt;[39m
        [0mSoru bulunamadı[0m
      [36m&lt;/h6&gt;[39m
    [36m&lt;/div&gt;[39m
  [36m&lt;/div&gt;[39m
[36m&lt;/body&gt;[39m" type="TestingLibraryElementError">
TestingLibraryElementError: Unable to find an accessible element with the role &quot;main&quot;

Here are the accessible roles:

  heading:

  Name &quot;Soru bulunamadı&quot;:
  &lt;h6
    class=&quot;MuiTypography-root MuiTypography-h6 css-1xcfhly-MuiTypography-root&quot;
  /&gt;

  --------------------------------------------------

Ignored nodes: comments, script, style
&lt;body&gt;
  &lt;div&gt;
    &lt;div
      class=&quot;MuiBox-root css-dpkasz&quot;
    &gt;
      &lt;h6
        class=&quot;MuiTypography-root MuiTypography-h6 css-1xcfhly-MuiTypography-root&quot;
      &gt;
        Soru bulunamadı
      &lt;/h6&gt;
    &lt;/div&gt;
  &lt;/div&gt;
&lt;/body&gt;
 ❯ Object.getElementError node_modules/@testing-library/react/node_modules/@testing-library/dom/dist/config.js:37:19
 ❯ node_modules/@testing-library/react/node_modules/@testing-library/dom/dist/query-helpers.js:76:38
 ❯ node_modules/@testing-library/react/node_modules/@testing-library/dom/dist/query-helpers.js:52:17
 ❯ node_modules/@testing-library/react/node_modules/@testing-library/dom/dist/query-helpers.js:95:19
 ❯ src/test/components/Exam/ExamInterface.test.tsx:327:19
            </failure>
        </testcase>
    </testsuite>
    <testsuite name="src/test/components/Revolutionary/BionicReadingToggle.test.tsx" timestamp="2025-11-14T16:56:53.175Z" hostname="ates" tests="10" failures="9" errors="0" skipped="0" time="3.1855148">
        <testcase classname="src/test/components/Revolutionary/BionicReadingToggle.test.tsx" name="BionicReadingToggle &gt; should render with initial state" time="1.7217813">
        </testcase>
        <testcase classname="src/test/components/Revolutionary/BionicReadingToggle.test.tsx" name="BionicReadingToggle &gt; should toggle Bionic Reading on/off" time="0.2193591">
            <system-err>
Error: Uncaught [TypeError: resizeObserver.observe is not a function]
    at reportException (C:\Users\husey\kiro2\frontend\node_modules\jsdom\lib\jsdom\living\helpers\runtime-script-errors.js:66:24)
    at innerInvokeEventListeners (C:\Users\husey\kiro2\frontend\node_modules\jsdom\lib\jsdom\living\events\EventTarget-impl.js:353:9)
    at invokeEventListeners (C:\Users\husey\kiro2\frontend\node_modules\jsdom\lib\jsdom\living\events\EventTarget-impl.js:286:3)
    at HTMLUnknownElementImpl._dispatch (C:\Users\husey\kiro2\frontend\node_modules\jsdom\lib\jsdom\living\events\EventTarget-impl.js:233:9)
    at HTMLUnknownElementImpl.dispatchEvent (C:\Users\husey\kiro2\frontend\node_modules\jsdom\lib\jsdom\living\events\EventTarget-impl.js:104:17)
    at HTMLUnknownElement.dispatchEvent (C:\Users\husey\kiro2\frontend\node_modules\jsdom\lib\jsdom\living\generated\EventTarget.js:241:34)
    at Object.invokeGuardedCallbackDev (C:\Users\husey\kiro2\frontend\node_modules\react-dom\cjs\react-dom.development.js:4213:16)
    at invokeGuardedCallback (C:\Users\husey\kiro2\frontend\node_modules\react-dom\cjs\react-dom.development.js:4277:31)
    at reportUncaughtErrorInDEV (C:\Users\husey\kiro2\frontend\node_modules\react-dom\cjs\react-dom.development.js:22877:5)
    at captureCommitPhaseError (C:\Users\husey\kiro2\frontend\node_modules\react-dom\cjs\react-dom.development.js:27165:5) TypeError: resizeObserver.observe is not a function
    at [90mC:\Users\husey\kiro2\frontend\[39mnode_modules\[4m@mui[24m\material\node\TextareaAutosize\TextareaAutosize.js:172:22
    at commitHookEffectListMount [90m(C:\Users\husey\kiro2\frontend\[39mnode_modules\[4mreact-dom[24m\cjs\react-dom.development.js:23189:26[90m)[39m
    at commitLayoutEffectOnFiber [90m(C:\Users\husey\kiro2\frontend\[39mnode_modules\[4mreact-dom[24m\cjs\react-dom.development.js:23312:15[90m)[39m
    at commitLayoutMountEffects_complete [90m(C:\Users\husey\kiro2\frontend\[39mnode_modules\[4mreact-dom[24m\cjs\react-dom.development.js:24727:9[90m)[39m
    at commitLayoutEffects_begin [90m(C:\Users\husey\kiro2\frontend\[39mnode_modules\[4mreact-dom[24m\cjs\react-dom.development.js:24713:7[90m)[39m
    at commitLayoutEffects [90m(C:\Users\husey\kiro2\frontend\[39mnode_modules\[4mreact-dom[24m\cjs\react-dom.development.js:24651:3[90m)[39m
    at commitRootImpl [90m(C:\Users\husey\kiro2\frontend\[39mnode_modules\[4mreact-dom[24m\cjs\react-dom.development.js:26862:5[90m)[39m
    at commitRoot [90m(C:\Users\husey\kiro2\frontend\[39mnode_modules\[4mreact-dom[24m\cjs\react-dom.development.js:26721:5[90m)[39m
    at finishConcurrentRender [90m(C:\Users\husey\kiro2\frontend\[39mnode_modules\[4mreact-dom[24m\cjs\react-dom.development.js:26020:9[90m)[39m
    at performConcurrentWorkOnRoot [90m(C:\Users\husey\kiro2\frontend\[39mnode_modules\[4mreact-dom[24m\cjs\react-dom.development.js:25848:7[90m)[39m

            </system-err>
            <failure message="resizeObserver.observe is not a function" type="TypeError">
TypeError: resizeObserver.observe is not a function
 ❯ node_modules/@mui/material/node/TextareaAutosize/TextareaAutosize.js:172:22
 ❯ commitHookEffectListMount node_modules/react-dom/cjs/react-dom.development.js:23189:26
 ❯ commitLayoutEffectOnFiber node_modules/react-dom/cjs/react-dom.development.js:23312:15
 ❯ commitLayoutMountEffects_complete node_modules/react-dom/cjs/react-dom.development.js:24727:9
 ❯ commitLayoutEffects_begin node_modules/react-dom/cjs/react-dom.development.js:24713:7
 ❯ commitLayoutEffects node_modules/react-dom/cjs/react-dom.development.js:24651:3
 ❯ commitRootImpl node_modules/react-dom/cjs/react-dom.development.js:26862:5
 ❯ commitRoot node_modules/react-dom/cjs/react-dom.development.js:26721:5
 ❯ finishConcurrentRender node_modules/react-dom/cjs/react-dom.development.js:26020:9
 ❯ performConcurrentWorkOnRoot node_modules/react-dom/cjs/react-dom.development.js:25848:7
            </failure>
        </testcase>
        <testcase classname="src/test/components/Revolutionary/BionicReadingToggle.test.tsx" name="BionicReadingToggle &gt; should apply Bionic Reading to text" time="0.2361857">
            <system-err>
Error: Uncaught [TypeError: resizeObserver.observe is not a function]
    at reportException (C:\Users\husey\kiro2\frontend\node_modules\jsdom\lib\jsdom\living\helpers\runtime-script-errors.js:66:24)
    at innerInvokeEventListeners (C:\Users\husey\kiro2\frontend\node_modules\jsdom\lib\jsdom\living\events\EventTarget-impl.js:353:9)
    at invokeEventListeners (C:\Users\husey\kiro2\frontend\node_modules\jsdom\lib\jsdom\living\events\EventTarget-impl.js:286:3)
    at HTMLUnknownElementImpl._dispatch (C:\Users\husey\kiro2\frontend\node_modules\jsdom\lib\jsdom\living\events\EventTarget-impl.js:233:9)
    at HTMLUnknownElementImpl.dispatchEvent (C:\Users\husey\kiro2\frontend\node_modules\jsdom\lib\jsdom\living\events\EventTarget-impl.js:104:17)
    at HTMLUnknownElement.dispatchEvent (C:\Users\husey\kiro2\frontend\node_modules\jsdom\lib\jsdom\living\generated\EventTarget.js:241:34)
    at Object.invokeGuardedCallbackDev (C:\Users\husey\kiro2\frontend\node_modules\react-dom\cjs\react-dom.development.js:4213:16)
    at invokeGuardedCallback (C:\Users\husey\kiro2\frontend\node_modules\react-dom\cjs\react-dom.development.js:4277:31)
    at reportUncaughtErrorInDEV (C:\Users\husey\kiro2\frontend\node_modules\react-dom\cjs\react-dom.development.js:22877:5)
    at captureCommitPhaseError (C:\Users\husey\kiro2\frontend\node_modules\react-dom\cjs\react-dom.development.js:27165:5) TypeError: resizeObserver.observe is not a function
    at [90mC:\Users\husey\kiro2\frontend\[39mnode_modules\[4m@mui[24m\material\node\TextareaAutosize\TextareaAutosize.js:172:22
    at commitHookEffectListMount [90m(C:\Users\husey\kiro2\frontend\[39mnode_modules\[4mreact-dom[24m\cjs\react-dom.development.js:23189:26[90m)[39m
    at commitLayoutEffectOnFiber [90m(C:\Users\husey\kiro2\frontend\[39mnode_modules\[4mreact-dom[24m\cjs\react-dom.development.js:23312:15[90m)[39m
    at commitLayoutMountEffects_complete [90m(C:\Users\husey\kiro2\frontend\[39mnode_modules\[4mreact-dom[24m\cjs\react-dom.development.js:24727:9[90m)[39m
    at commitLayoutEffects_begin [90m(C:\Users\husey\kiro2\frontend\[39mnode_modules\[4mreact-dom[24m\cjs\react-dom.development.js:24713:7[90m)[39m
    at commitLayoutEffects [90m(C:\Users\husey\kiro2\frontend\[39mnode_modules\[4mreact-dom[24m\cjs\react-dom.development.js:24651:3[90m)[39m
    at commitRootImpl [90m(C:\Users\husey\kiro2\frontend\[39mnode_modules\[4mreact-dom[24m\cjs\react-dom.development.js:26862:5[90m)[39m
    at commitRoot [90m(C:\Users\husey\kiro2\frontend\[39mnode_modules\[4mreact-dom[24m\cjs\react-dom.development.js:26721:5[90m)[39m
    at finishConcurrentRender [90m(C:\Users\husey\kiro2\frontend\[39mnode_modules\[4mreact-dom[24m\cjs\react-dom.development.js:26020:9[90m)[39m
    at performConcurrentWorkOnRoot [90m(C:\Users\husey\kiro2\frontend\[39mnode_modules\[4mreact-dom[24m\cjs\react-dom.development.js:25848:7[90m)[39m

            </system-err>
            <failure message="resizeObserver.observe is not a function" type="TypeError">
TypeError: resizeObserver.observe is not a function
 ❯ node_modules/@mui/material/node/TextareaAutosize/TextareaAutosize.js:172:22
 ❯ commitHookEffectListMount node_modules/react-dom/cjs/react-dom.development.js:23189:26
 ❯ commitLayoutEffectOnFiber node_modules/react-dom/cjs/react-dom.development.js:23312:15
 ❯ commitLayoutMountEffects_complete node_modules/react-dom/cjs/react-dom.development.js:24727:9
 ❯ commitLayoutEffects_begin node_modules/react-dom/cjs/react-dom.development.js:24713:7
 ❯ commitLayoutEffects node_modules/react-dom/cjs/react-dom.development.js:24651:3
 ❯ commitRootImpl node_modules/react-dom/cjs/react-dom.development.js:26862:5
 ❯ commitRoot node_modules/react-dom/cjs/react-dom.development.js:26721:5
 ❯ finishConcurrentRender node_modules/react-dom/cjs/react-dom.development.js:26020:9
 ❯ performConcurrentWorkOnRoot node_modules/react-dom/cjs/react-dom.development.js:25848:7
            </failure>
        </testcase>
        <testcase classname="src/test/components/Revolutionary/BionicReadingToggle.test.tsx" name="BionicReadingToggle &gt; should handle API errors gracefully" time="0.185793">
            <system-err>
Error: Uncaught [TypeError: resizeObserver.observe is not a function]
    at reportException (C:\Users\husey\kiro2\frontend\node_modules\jsdom\lib\jsdom\living\helpers\runtime-script-errors.js:66:24)
    at innerInvokeEventListeners (C:\Users\husey\kiro2\frontend\node_modules\jsdom\lib\jsdom\living\events\EventTarget-impl.js:353:9)
    at invokeEventListeners (C:\Users\husey\kiro2\frontend\node_modules\jsdom\lib\jsdom\living\events\EventTarget-impl.js:286:3)
    at HTMLUnknownElementImpl._dispatch (C:\Users\husey\kiro2\frontend\node_modules\jsdom\lib\jsdom\living\events\EventTarget-impl.js:233:9)
    at HTMLUnknownElementImpl.dispatchEvent (C:\Users\husey\kiro2\frontend\node_modules\jsdom\lib\jsdom\living\events\EventTarget-impl.js:104:17)
    at HTMLUnknownElement.dispatchEvent (C:\Users\husey\kiro2\frontend\node_modules\jsdom\lib\jsdom\living\generated\EventTarget.js:241:34)
    at Object.invokeGuardedCallbackDev (C:\Users\husey\kiro2\frontend\node_modules\react-dom\cjs\react-dom.development.js:4213:16)
    at invokeGuardedCallback (C:\Users\husey\kiro2\frontend\node_modules\react-dom\cjs\react-dom.development.js:4277:31)
    at reportUncaughtErrorInDEV (C:\Users\husey\kiro2\frontend\node_modules\react-dom\cjs\react-dom.development.js:22877:5)
    at captureCommitPhaseError (C:\Users\husey\kiro2\frontend\node_modules\react-dom\cjs\react-dom.development.js:27165:5) TypeError: resizeObserver.observe is not a function
    at [90mC:\Users\husey\kiro2\frontend\[39mnode_modules\[4m@mui[24m\material\node\TextareaAutosize\TextareaAutosize.js:172:22
    at commitHookEffectListMount [90m(C:\Users\husey\kiro2\frontend\[39mnode_modules\[4mreact-dom[24m\cjs\react-dom.development.js:23189:26[90m)[39m
    at commitLayoutEffectOnFiber [90m(C:\Users\husey\kiro2\frontend\[39mnode_modules\[4mreact-dom[24m\cjs\react-dom.development.js:23312:15[90m)[39m
    at commitLayoutMountEffects_complete [90m(C:\Users\husey\kiro2\frontend\[39mnode_modules\[4mreact-dom[24m\cjs\react-dom.development.js:24727:9[90m)[39m
    at commitLayoutEffects_begin [90m(C:\Users\husey\kiro2\frontend\[39mnode_modules\[4mreact-dom[24m\cjs\react-dom.development.js:24713:7[90m)[39m
    at commitLayoutEffects [90m(C:\Users\husey\kiro2\frontend\[39mnode_modules\[4mreact-dom[24m\cjs\react-dom.development.js:24651:3[90m)[39m
    at commitRootImpl [90m(C:\Users\husey\kiro2\frontend\[39mnode_modules\[4mreact-dom[24m\cjs\react-dom.development.js:26862:5[90m)[39m
    at commitRoot [90m(C:\Users\husey\kiro2\frontend\[39mnode_modules\[4mreact-dom[24m\cjs\react-dom.development.js:26721:5[90m)[39m
    at finishConcurrentRender [90m(C:\Users\husey\kiro2\frontend\[39mnode_modules\[4mreact-dom[24m\cjs\react-dom.development.js:26020:9[90m)[39m
    at performConcurrentWorkOnRoot [90m(C:\Users\husey\kiro2\frontend\[39mnode_modules\[4mreact-dom[24m\cjs\react-dom.development.js:25848:7[90m)[39m

            </system-err>
            <failure message="resizeObserver.observe is not a function" type="TypeError">
TypeError: resizeObserver.observe is not a function
 ❯ node_modules/@mui/material/node/TextareaAutosize/TextareaAutosize.js:172:22
 ❯ commitHookEffectListMount node_modules/react-dom/cjs/react-dom.development.js:23189:26
 ❯ commitLayoutEffectOnFiber node_modules/react-dom/cjs/react-dom.development.js:23312:15
 ❯ commitLayoutMountEffects_complete node_modules/react-dom/cjs/react-dom.development.js:24727:9
 ❯ commitLayoutEffects_begin node_modules/react-dom/cjs/react-dom.development.js:24713:7
 ❯ commitLayoutEffects node_modules/react-dom/cjs/react-dom.development.js:24651:3
 ❯ commitRootImpl node_modules/react-dom/cjs/react-dom.development.js:26862:5
 ❯ commitRoot node_modules/react-dom/cjs/react-dom.development.js:26721:5
 ❯ finishConcurrentRender node_modules/react-dom/cjs/react-dom.development.js:26020:9
 ❯ performConcurrentWorkOnRoot node_modules/react-dom/cjs/react-dom.development.js:25848:7
            </failure>
        </testcase>
        <testcase classname="src/test/components/Revolutionary/BionicReadingToggle.test.tsx" name="BionicReadingToggle &gt; should open and close settings dialog" time="0.1537678">
            <system-err>
Error: Uncaught [TypeError: resizeObserver.observe is not a function]
    at reportException (C:\Users\husey\kiro2\frontend\node_modules\jsdom\lib\jsdom\living\helpers\runtime-script-errors.js:66:24)
    at innerInvokeEventListeners (C:\Users\husey\kiro2\frontend\node_modules\jsdom\lib\jsdom\living\events\EventTarget-impl.js:353:9)
    at invokeEventListeners (C:\Users\husey\kiro2\frontend\node_modules\jsdom\lib\jsdom\living\events\EventTarget-impl.js:286:3)
    at HTMLUnknownElementImpl._dispatch (C:\Users\husey\kiro2\frontend\node_modules\jsdom\lib\jsdom\living\events\EventTarget-impl.js:233:9)
    at HTMLUnknownElementImpl.dispatchEvent (C:\Users\husey\kiro2\frontend\node_modules\jsdom\lib\jsdom\living\events\EventTarget-impl.js:104:17)
    at HTMLUnknownElement.dispatchEvent (C:\Users\husey\kiro2\frontend\node_modules\jsdom\lib\jsdom\living\generated\EventTarget.js:241:34)
    at Object.invokeGuardedCallbackDev (C:\Users\husey\kiro2\frontend\node_modules\react-dom\cjs\react-dom.development.js:4213:16)
    at invokeGuardedCallback (C:\Users\husey\kiro2\frontend\node_modules\react-dom\cjs\react-dom.development.js:4277:31)
    at reportUncaughtErrorInDEV (C:\Users\husey\kiro2\frontend\node_modules\react-dom\cjs\react-dom.development.js:22877:5)
    at captureCommitPhaseError (C:\Users\husey\kiro2\frontend\node_modules\react-dom\cjs\react-dom.development.js:27165:5) TypeError: resizeObserver.observe is not a function
    at [90mC:\Users\husey\kiro2\frontend\[39mnode_modules\[4m@mui[24m\material\node\TextareaAutosize\TextareaAutosize.js:172:22
    at commitHookEffectListMount [90m(C:\Users\husey\kiro2\frontend\[39mnode_modules\[4mreact-dom[24m\cjs\react-dom.development.js:23189:26[90m)[39m
    at commitLayoutEffectOnFiber [90m(C:\Users\husey\kiro2\frontend\[39mnode_modules\[4mreact-dom[24m\cjs\react-dom.development.js:23312:15[90m)[39m
    at commitLayoutMountEffects_complete [90m(C:\Users\husey\kiro2\frontend\[39mnode_modules\[4mreact-dom[24m\cjs\react-dom.development.js:24727:9[90m)[39m
    at commitLayoutEffects_begin [90m(C:\Users\husey\kiro2\frontend\[39mnode_modules\[4mreact-dom[24m\cjs\react-dom.development.js:24713:7[90m)[39m
    at commitLayoutEffects [90m(C:\Users\husey\kiro2\frontend\[39mnode_modules\[4mreact-dom[24m\cjs\react-dom.development.js:24651:3[90m)[39m
    at commitRootImpl [90m(C:\Users\husey\kiro2\frontend\[39mnode_modules\[4mreact-dom[24m\cjs\react-dom.development.js:26862:5[90m)[39m
    at commitRoot [90m(C:\Users\husey\kiro2\frontend\[39mnode_modules\[4mreact-dom[24m\cjs\react-dom.development.js:26721:5[90m)[39m
    at finishConcurrentRender [90m(C:\Users\husey\kiro2\frontend\[39mnode_modules\[4mreact-dom[24m\cjs\react-dom.development.js:26020:9[90m)[39m
    at performConcurrentWorkOnRoot [90m(C:\Users\husey\kiro2\frontend\[39mnode_modules\[4mreact-dom[24m\cjs\react-dom.development.js:25848:7[90m)[39m

            </system-err>
            <failure message="resizeObserver.observe is not a function" type="TypeError">
TypeError: resizeObserver.observe is not a function
 ❯ node_modules/@mui/material/node/TextareaAutosize/TextareaAutosize.js:172:22
 ❯ commitHookEffectListMount node_modules/react-dom/cjs/react-dom.development.js:23189:26
 ❯ commitLayoutEffectOnFiber node_modules/react-dom/cjs/react-dom.development.js:23312:15
 ❯ commitLayoutMountEffects_complete node_modules/react-dom/cjs/react-dom.development.js:24727:9
 ❯ commitLayoutEffects_begin node_modules/react-dom/cjs/react-dom.development.js:24713:7
 ❯ commitLayoutEffects node_modules/react-dom/cjs/react-dom.development.js:24651:3
 ❯ commitRootImpl node_modules/react-dom/cjs/react-dom.development.js:26862:5
 ❯ commitRoot node_modules/react-dom/cjs/react-dom.development.js:26721:5
 ❯ finishConcurrentRender node_modules/react-dom/cjs/react-dom.development.js:26020:9
 ❯ performConcurrentWorkOnRoot node_modules/react-dom/cjs/react-dom.development.js:25848:7
            </failure>
        </testcase>
        <testcase classname="src/test/components/Revolutionary/BionicReadingToggle.test.tsx" name="BionicReadingToggle &gt; should use sample texts" time="0.1250888">
            <system-err>
Error: Uncaught [TypeError: resizeObserver.observe is not a function]
    at reportException (C:\Users\husey\kiro2\frontend\node_modules\jsdom\lib\jsdom\living\helpers\runtime-script-errors.js:66:24)
    at innerInvokeEventListeners (C:\Users\husey\kiro2\frontend\node_modules\jsdom\lib\jsdom\living\events\EventTarget-impl.js:353:9)
    at invokeEventListeners (C:\Users\husey\kiro2\frontend\node_modules\jsdom\lib\jsdom\living\events\EventTarget-impl.js:286:3)
    at HTMLUnknownElementImpl._dispatch (C:\Users\husey\kiro2\frontend\node_modules\jsdom\lib\jsdom\living\events\EventTarget-impl.js:233:9)
    at HTMLUnknownElementImpl.dispatchEvent (C:\Users\husey\kiro2\frontend\node_modules\jsdom\lib\jsdom\living\events\EventTarget-impl.js:104:17)
    at HTMLUnknownElement.dispatchEvent (C:\Users\husey\kiro2\frontend\node_modules\jsdom\lib\jsdom\living\generated\EventTarget.js:241:34)
    at Object.invokeGuardedCallbackDev (C:\Users\husey\kiro2\frontend\node_modules\react-dom\cjs\react-dom.development.js:4213:16)
    at invokeGuardedCallback (C:\Users\husey\kiro2\frontend\node_modules\react-dom\cjs\react-dom.development.js:4277:31)
    at reportUncaughtErrorInDEV (C:\Users\husey\kiro2\frontend\node_modules\react-dom\cjs\react-dom.development.js:22877:5)
    at captureCommitPhaseError (C:\Users\husey\kiro2\frontend\node_modules\react-dom\cjs\react-dom.development.js:27165:5) TypeError: resizeObserver.observe is not a function
    at [90mC:\Users\husey\kiro2\frontend\[39mnode_modules\[4m@mui[24m\material\node\TextareaAutosize\TextareaAutosize.js:172:22
    at commitHookEffectListMount [90m(C:\Users\husey\kiro2\frontend\[39mnode_modules\[4mreact-dom[24m\cjs\react-dom.development.js:23189:26[90m)[39m
    at commitLayoutEffectOnFiber [90m(C:\Users\husey\kiro2\frontend\[39mnode_modules\[4mreact-dom[24m\cjs\react-dom.development.js:23312:15[90m)[39m
    at commitLayoutMountEffects_complete [90m(C:\Users\husey\kiro2\frontend\[39mnode_modules\[4mreact-dom[24m\cjs\react-dom.development.js:24727:9[90m)[39m
    at commitLayoutEffects_begin [90m(C:\Users\husey\kiro2\frontend\[39mnode_modules\[4mreact-dom[24m\cjs\react-dom.development.js:24713:7[90m)[39m
    at commitLayoutEffects [90m(C:\Users\husey\kiro2\frontend\[39mnode_modules\[4mreact-dom[24m\cjs\react-dom.development.js:24651:3[90m)[39m
    at commitRootImpl [90m(C:\Users\husey\kiro2\frontend\[39mnode_modules\[4mreact-dom[24m\cjs\react-dom.development.js:26862:5[90m)[39m
    at commitRoot [90m(C:\Users\husey\kiro2\frontend\[39mnode_modules\[4mreact-dom[24m\cjs\react-dom.development.js:26721:5[90m)[39m
    at finishConcurrentRender [90m(C:\Users\husey\kiro2\frontend\[39mnode_modules\[4mreact-dom[24m\cjs\react-dom.development.js:26020:9[90m)[39m
    at performConcurrentWorkOnRoot [90m(C:\Users\husey\kiro2\frontend\[39mnode_modules\[4mreact-dom[24m\cjs\react-dom.development.js:25848:7[90m)[39m

            </system-err>
            <failure message="resizeObserver.observe is not a function" type="TypeError">
TypeError: resizeObserver.observe is not a function
 ❯ node_modules/@mui/material/node/TextareaAutosize/TextareaAutosize.js:172:22
 ❯ commitHookEffectListMount node_modules/react-dom/cjs/react-dom.development.js:23189:26
 ❯ commitLayoutEffectOnFiber node_modules/react-dom/cjs/react-dom.development.js:23312:15
 ❯ commitLayoutMountEffects_complete node_modules/react-dom/cjs/react-dom.development.js:24727:9
 ❯ commitLayoutEffects_begin node_modules/react-dom/cjs/react-dom.development.js:24713:7
 ❯ commitLayoutEffects node_modules/react-dom/cjs/react-dom.development.js:24651:3
 ❯ commitRootImpl node_modules/react-dom/cjs/react-dom.development.js:26862:5
 ❯ commitRoot node_modules/react-dom/cjs/react-dom.development.js:26721:5
 ❯ finishConcurrentRender node_modules/react-dom/cjs/react-dom.development.js:26020:9
 ❯ performConcurrentWorkOnRoot node_modules/react-dom/cjs/react-dom.development.js:25848:7
            </failure>
        </testcase>
        <testcase classname="src/test/components/Revolutionary/BionicReadingToggle.test.tsx" name="BionicReadingToggle &gt; should show dyslexia support component" time="0.1331644">
            <system-err>
Error: Uncaught [TypeError: resizeObserver.observe is not a function]
    at reportException (C:\Users\husey\kiro2\frontend\node_modules\jsdom\lib\jsdom\living\helpers\runtime-script-errors.js:66:24)
    at innerInvokeEventListeners (C:\Users\husey\kiro2\frontend\node_modules\jsdom\lib\jsdom\living\events\EventTarget-impl.js:353:9)
    at invokeEventListeners (C:\Users\husey\kiro2\frontend\node_modules\jsdom\lib\jsdom\living\events\EventTarget-impl.js:286:3)
    at HTMLUnknownElementImpl._dispatch (C:\Users\husey\kiro2\frontend\node_modules\jsdom\lib\jsdom\living\events\EventTarget-impl.js:233:9)
    at HTMLUnknownElementImpl.dispatchEvent (C:\Users\husey\kiro2\frontend\node_modules\jsdom\lib\jsdom\living\events\EventTarget-impl.js:104:17)
    at HTMLUnknownElement.dispatchEvent (C:\Users\husey\kiro2\frontend\node_modules\jsdom\lib\jsdom\living\generated\EventTarget.js:241:34)
    at Object.invokeGuardedCallbackDev (C:\Users\husey\kiro2\frontend\node_modules\react-dom\cjs\react-dom.development.js:4213:16)
    at invokeGuardedCallback (C:\Users\husey\kiro2\frontend\node_modules\react-dom\cjs\react-dom.development.js:4277:31)
    at reportUncaughtErrorInDEV (C:\Users\husey\kiro2\frontend\node_modules\react-dom\cjs\react-dom.development.js:22877:5)
    at captureCommitPhaseError (C:\Users\husey\kiro2\frontend\node_modules\react-dom\cjs\react-dom.development.js:27165:5) TypeError: resizeObserver.observe is not a function
    at [90mC:\Users\husey\kiro2\frontend\[39mnode_modules\[4m@mui[24m\material\node\TextareaAutosize\TextareaAutosize.js:172:22
    at commitHookEffectListMount [90m(C:\Users\husey\kiro2\frontend\[39mnode_modules\[4mreact-dom[24m\cjs\react-dom.development.js:23189:26[90m)[39m
    at commitLayoutEffectOnFiber [90m(C:\Users\husey\kiro2\frontend\[39mnode_modules\[4mreact-dom[24m\cjs\react-dom.development.js:23312:15[90m)[39m
    at commitLayoutMountEffects_complete [90m(C:\Users\husey\kiro2\frontend\[39mnode_modules\[4mreact-dom[24m\cjs\react-dom.development.js:24727:9[90m)[39m
    at commitLayoutEffects_begin [90m(C:\Users\husey\kiro2\frontend\[39mnode_modules\[4mreact-dom[24m\cjs\react-dom.development.js:24713:7[90m)[39m
    at commitLayoutEffects [90m(C:\Users\husey\kiro2\frontend\[39mnode_modules\[4mreact-dom[24m\cjs\react-dom.development.js:24651:3[90m)[39m
    at commitRootImpl [90m(C:\Users\husey\kiro2\frontend\[39mnode_modules\[4mreact-dom[24m\cjs\react-dom.development.js:26862:5[90m)[39m
    at commitRoot [90m(C:\Users\husey\kiro2\frontend\[39mnode_modules\[4mreact-dom[24m\cjs\react-dom.development.js:26721:5[90m)[39m
    at finishConcurrentRender [90m(C:\Users\husey\kiro2\frontend\[39mnode_modules\[4mreact-dom[24m\cjs\react-dom.development.js:26020:9[90m)[39m
    at performConcurrentWorkOnRoot [90m(C:\Users\husey\kiro2\frontend\[39mnode_modules\[4mreact-dom[24m\cjs\react-dom.development.js:25848:7[90m)[39m

            </system-err>
            <failure message="resizeObserver.observe is not a function" type="TypeError">
TypeError: resizeObserver.observe is not a function
 ❯ node_modules/@mui/material/node/TextareaAutosize/TextareaAutosize.js:172:22
 ❯ commitHookEffectListMount node_modules/react-dom/cjs/react-dom.development.js:23189:26
 ❯ commitLayoutEffectOnFiber node_modules/react-dom/cjs/react-dom.development.js:23312:15
 ❯ commitLayoutMountEffects_complete node_modules/react-dom/cjs/react-dom.development.js:24727:9
 ❯ commitLayoutEffects_begin node_modules/react-dom/cjs/react-dom.development.js:24713:7
 ❯ commitLayoutEffects node_modules/react-dom/cjs/react-dom.development.js:24651:3
 ❯ commitRootImpl node_modules/react-dom/cjs/react-dom.development.js:26862:5
 ❯ commitRoot node_modules/react-dom/cjs/react-dom.development.js:26721:5
 ❯ finishConcurrentRender node_modules/react-dom/cjs/react-dom.development.js:26020:9
 ❯ performConcurrentWorkOnRoot node_modules/react-dom/cjs/react-dom.development.js:25848:7
            </failure>
        </testcase>
        <testcase classname="src/test/components/Revolutionary/BionicReadingToggle.test.tsx" name="BionicReadingToggle &gt; should handle auto-apply toggle" time="0.1278034">
            <system-err>
Error: Uncaught [TypeError: resizeObserver.observe is not a function]
    at reportException (C:\Users\husey\kiro2\frontend\node_modules\jsdom\lib\jsdom\living\helpers\runtime-script-errors.js:66:24)
    at innerInvokeEventListeners (C:\Users\husey\kiro2\frontend\node_modules\jsdom\lib\jsdom\living\events\EventTarget-impl.js:353:9)
    at invokeEventListeners (C:\Users\husey\kiro2\frontend\node_modules\jsdom\lib\jsdom\living\events\EventTarget-impl.js:286:3)
    at HTMLUnknownElementImpl._dispatch (C:\Users\husey\kiro2\frontend\node_modules\jsdom\lib\jsdom\living\events\EventTarget-impl.js:233:9)
    at HTMLUnknownElementImpl.dispatchEvent (C:\Users\husey\kiro2\frontend\node_modules\jsdom\lib\jsdom\living\events\EventTarget-impl.js:104:17)
    at HTMLUnknownElement.dispatchEvent (C:\Users\husey\kiro2\frontend\node_modules\jsdom\lib\jsdom\living\generated\EventTarget.js:241:34)
    at Object.invokeGuardedCallbackDev (C:\Users\husey\kiro2\frontend\node_modules\react-dom\cjs\react-dom.development.js:4213:16)
    at invokeGuardedCallback (C:\Users\husey\kiro2\frontend\node_modules\react-dom\cjs\react-dom.development.js:4277:31)
    at reportUncaughtErrorInDEV (C:\Users\husey\kiro2\frontend\node_modules\react-dom\cjs\react-dom.development.js:22877:5)
    at captureCommitPhaseError (C:\Users\husey\kiro2\frontend\node_modules\react-dom\cjs\react-dom.development.js:27165:5) TypeError: resizeObserver.observe is not a function
    at [90mC:\Users\husey\kiro2\frontend\[39mnode_modules\[4m@mui[24m\material\node\TextareaAutosize\TextareaAutosize.js:172:22
    at commitHookEffectListMount [90m(C:\Users\husey\kiro2\frontend\[39mnode_modules\[4mreact-dom[24m\cjs\react-dom.development.js:23189:26[90m)[39m
    at commitLayoutEffectOnFiber [90m(C:\Users\husey\kiro2\frontend\[39mnode_modules\[4mreact-dom[24m\cjs\react-dom.development.js:23312:15[90m)[39m
    at commitLayoutMountEffects_complete [90m(C:\Users\husey\kiro2\frontend\[39mnode_modules\[4mreact-dom[24m\cjs\react-dom.development.js:24727:9[90m)[39m
    at commitLayoutEffects_begin [90m(C:\Users\husey\kiro2\frontend\[39mnode_modules\[4mreact-dom[24m\cjs\react-dom.development.js:24713:7[90m)[39m
    at commitLayoutEffects [90m(C:\Users\husey\kiro2\frontend\[39mnode_modules\[4mreact-dom[24m\cjs\react-dom.development.js:24651:3[90m)[39m
    at commitRootImpl [90m(C:\Users\husey\kiro2\frontend\[39mnode_modules\[4mreact-dom[24m\cjs\react-dom.development.js:26862:5[90m)[39m
    at commitRoot [90m(C:\Users\husey\kiro2\frontend\[39mnode_modules\[4mreact-dom[24m\cjs\react-dom.development.js:26721:5[90m)[39m
    at finishConcurrentRender [90m(C:\Users\husey\kiro2\frontend\[39mnode_modules\[4mreact-dom[24m\cjs\react-dom.development.js:26020:9[90m)[39m
    at performConcurrentWorkOnRoot [90m(C:\Users\husey\kiro2\frontend\[39mnode_modules\[4mreact-dom[24m\cjs\react-dom.development.js:25848:7[90m)[39m

            </system-err>
            <failure message="resizeObserver.observe is not a function" type="TypeError">
TypeError: resizeObserver.observe is not a function
 ❯ node_modules/@mui/material/node/TextareaAutosize/TextareaAutosize.js:172:22
 ❯ commitHookEffectListMount node_modules/react-dom/cjs/react-dom.development.js:23189:26
 ❯ commitLayoutEffectOnFiber node_modules/react-dom/cjs/react-dom.development.js:23312:15
 ❯ commitLayoutMountEffects_complete node_modules/react-dom/cjs/react-dom.development.js:24727:9
 ❯ commitLayoutEffects_begin node_modules/react-dom/cjs/react-dom.development.js:24713:7
 ❯ commitLayoutEffects node_modules/react-dom/cjs/react-dom.development.js:24651:3
 ❯ commitRootImpl node_modules/react-dom/cjs/react-dom.development.js:26862:5
 ❯ commitRoot node_modules/react-dom/cjs/react-dom.development.js:26721:5
 ❯ finishConcurrentRender node_modules/react-dom/cjs/react-dom.development.js:26020:9
 ❯ performConcurrentWorkOnRoot node_modules/react-dom/cjs/react-dom.development.js:25848:7
            </failure>
        </testcase>
        <testcase classname="src/test/components/Revolutionary/BionicReadingToggle.test.tsx" name="BionicReadingToggle &gt; should show info dialog" time="0.1405752">
            <system-err>
Error: Uncaught [TypeError: resizeObserver.observe is not a function]
    at reportException (C:\Users\husey\kiro2\frontend\node_modules\jsdom\lib\jsdom\living\helpers\runtime-script-errors.js:66:24)
    at innerInvokeEventListeners (C:\Users\husey\kiro2\frontend\node_modules\jsdom\lib\jsdom\living\events\EventTarget-impl.js:353:9)
    at invokeEventListeners (C:\Users\husey\kiro2\frontend\node_modules\jsdom\lib\jsdom\living\events\EventTarget-impl.js:286:3)
    at HTMLUnknownElementImpl._dispatch (C:\Users\husey\kiro2\frontend\node_modules\jsdom\lib\jsdom\living\events\EventTarget-impl.js:233:9)
    at HTMLUnknownElementImpl.dispatchEvent (C:\Users\husey\kiro2\frontend\node_modules\jsdom\lib\jsdom\living\events\EventTarget-impl.js:104:17)
    at HTMLUnknownElement.dispatchEvent (C:\Users\husey\kiro2\frontend\node_modules\jsdom\lib\jsdom\living\generated\EventTarget.js:241:34)
    at Object.invokeGuardedCallbackDev (C:\Users\husey\kiro2\frontend\node_modules\react-dom\cjs\react-dom.development.js:4213:16)
    at invokeGuardedCallback (C:\Users\husey\kiro2\frontend\node_modules\react-dom\cjs\react-dom.development.js:4277:31)
    at reportUncaughtErrorInDEV (C:\Users\husey\kiro2\frontend\node_modules\react-dom\cjs\react-dom.development.js:22877:5)
    at captureCommitPhaseError (C:\Users\husey\kiro2\frontend\node_modules\react-dom\cjs\react-dom.development.js:27165:5) TypeError: resizeObserver.observe is not a function
    at [90mC:\Users\husey\kiro2\frontend\[39mnode_modules\[4m@mui[24m\material\node\TextareaAutosize\TextareaAutosize.js:172:22
    at commitHookEffectListMount [90m(C:\Users\husey\kiro2\frontend\[39mnode_modules\[4mreact-dom[24m\cjs\react-dom.development.js:23189:26[90m)[39m
    at commitLayoutEffectOnFiber [90m(C:\Users\husey\kiro2\frontend\[39mnode_modules\[4mreact-dom[24m\cjs\react-dom.development.js:23312:15[90m)[39m
    at commitLayoutMountEffects_complete [90m(C:\Users\husey\kiro2\frontend\[39mnode_modules\[4mreact-dom[24m\cjs\react-dom.development.js:24727:9[90m)[39m
    at commitLayoutEffects_begin [90m(C:\Users\husey\kiro2\frontend\[39mnode_modules\[4mreact-dom[24m\cjs\react-dom.development.js:24713:7[90m)[39m
    at commitLayoutEffects [90m(C:\Users\husey\kiro2\frontend\[39mnode_modules\[4mreact-dom[24m\cjs\react-dom.development.js:24651:3[90m)[39m
    at commitRootImpl [90m(C:\Users\husey\kiro2\frontend\[39mnode_modules\[4mreact-dom[24m\cjs\react-dom.development.js:26862:5[90m)[39m
    at commitRoot [90m(C:\Users\husey\kiro2\frontend\[39mnode_modules\[4mreact-dom[24m\cjs\react-dom.development.js:26721:5[90m)[39m
    at finishConcurrentRender [90m(C:\Users\husey\kiro2\frontend\[39mnode_modules\[4mreact-dom[24m\cjs\react-dom.development.js:26020:9[90m)[39m
    at performConcurrentWorkOnRoot [90m(C:\Users\husey\kiro2\frontend\[39mnode_modules\[4mreact-dom[24m\cjs\react-dom.development.js:25848:7[90m)[39m

            </system-err>
            <failure message="resizeObserver.observe is not a function" type="TypeError">
TypeError: resizeObserver.observe is not a function
 ❯ node_modules/@mui/material/node/TextareaAutosize/TextareaAutosize.js:172:22
 ❯ commitHookEffectListMount node_modules/react-dom/cjs/react-dom.development.js:23189:26
 ❯ commitLayoutEffectOnFiber node_modules/react-dom/cjs/react-dom.development.js:23312:15
 ❯ commitLayoutMountEffects_complete node_modules/react-dom/cjs/react-dom.development.js:24727:9
 ❯ commitLayoutEffects_begin node_modules/react-dom/cjs/react-dom.development.js:24713:7
 ❯ commitLayoutEffects node_modules/react-dom/cjs/react-dom.development.js:24651:3
 ❯ commitRootImpl node_modules/react-dom/cjs/react-dom.development.js:26862:5
 ❯ commitRoot node_modules/react-dom/cjs/react-dom.development.js:26721:5
 ❯ finishConcurrentRender node_modules/react-dom/cjs/react-dom.development.js:26020:9
 ❯ performConcurrentWorkOnRoot node_modules/react-dom/cjs/react-dom.development.js:25848:7
            </failure>
        </testcase>
        <testcase classname="src/test/components/Revolutionary/BionicReadingToggle.test.tsx" name="BionicReadingToggle &gt; should call onTextChange when Bionic Reading is applied" time="0.1372019">
            <system-err>
Error: Uncaught [TypeError: resizeObserver.observe is not a function]
    at reportException (C:\Users\husey\kiro2\frontend\node_modules\jsdom\lib\jsdom\living\helpers\runtime-script-errors.js:66:24)
    at innerInvokeEventListeners (C:\Users\husey\kiro2\frontend\node_modules\jsdom\lib\jsdom\living\events\EventTarget-impl.js:353:9)
    at invokeEventListeners (C:\Users\husey\kiro2\frontend\node_modules\jsdom\lib\jsdom\living\events\EventTarget-impl.js:286:3)
    at HTMLUnknownElementImpl._dispatch (C:\Users\husey\kiro2\frontend\node_modules\jsdom\lib\jsdom\living\events\EventTarget-impl.js:233:9)
    at HTMLUnknownElementImpl.dispatchEvent (C:\Users\husey\kiro2\frontend\node_modules\jsdom\lib\jsdom\living\events\EventTarget-impl.js:104:17)
    at HTMLUnknownElement.dispatchEvent (C:\Users\husey\kiro2\frontend\node_modules\jsdom\lib\jsdom\living\generated\EventTarget.js:241:34)
    at Object.invokeGuardedCallbackDev (C:\Users\husey\kiro2\frontend\node_modules\react-dom\cjs\react-dom.development.js:4213:16)
    at invokeGuardedCallback (C:\Users\husey\kiro2\frontend\node_modules\react-dom\cjs\react-dom.development.js:4277:31)
    at reportUncaughtErrorInDEV (C:\Users\husey\kiro2\frontend\node_modules\react-dom\cjs\react-dom.development.js:22877:5)
    at captureCommitPhaseError (C:\Users\husey\kiro2\frontend\node_modules\react-dom\cjs\react-dom.development.js:27165:5) TypeError: resizeObserver.observe is not a function
    at [90mC:\Users\husey\kiro2\frontend\[39mnode_modules\[4m@mui[24m\material\node\TextareaAutosize\TextareaAutosize.js:172:22
    at commitHookEffectListMount [90m(C:\Users\husey\kiro2\frontend\[39mnode_modules\[4mreact-dom[24m\cjs\react-dom.development.js:23189:26[90m)[39m
    at commitLayoutEffectOnFiber [90m(C:\Users\husey\kiro2\frontend\[39mnode_modules\[4mreact-dom[24m\cjs\react-dom.development.js:23312:15[90m)[39m
    at commitLayoutMountEffects_complete [90m(C:\Users\husey\kiro2\frontend\[39mnode_modules\[4mreact-dom[24m\cjs\react-dom.development.js:24727:9[90m)[39m
    at commitLayoutEffects_begin [90m(C:\Users\husey\kiro2\frontend\[39mnode_modules\[4mreact-dom[24m\cjs\react-dom.development.js:24713:7[90m)[39m
    at commitLayoutEffects [90m(C:\Users\husey\kiro2\frontend\[39mnode_modules\[4mreact-dom[24m\cjs\react-dom.development.js:24651:3[90m)[39m
    at commitRootImpl [90m(C:\Users\husey\kiro2\frontend\[39mnode_modules\[4mreact-dom[24m\cjs\react-dom.development.js:26862:5[90m)[39m
    at commitRoot [90m(C:\Users\husey\kiro2\frontend\[39mnode_modules\[4mreact-dom[24m\cjs\react-dom.development.js:26721:5[90m)[39m
    at finishConcurrentRender [90m(C:\Users\husey\kiro2\frontend\[39mnode_modules\[4mreact-dom[24m\cjs\react-dom.development.js:26020:9[90m)[39m
    at performConcurrentWorkOnRoot [90m(C:\Users\husey\kiro2\frontend\[39mnode_modules\[4mreact-dom[24m\cjs\react-dom.development.js:25848:7[90m)[39m

            </system-err>
            <failure message="resizeObserver.observe is not a function" type="TypeError">
TypeError: resizeObserver.observe is not a function
 ❯ node_modules/@mui/material/node/TextareaAutosize/TextareaAutosize.js:172:22
 ❯ commitHookEffectListMount node_modules/react-dom/cjs/react-dom.development.js:23189:26
 ❯ commitLayoutEffectOnFiber node_modules/react-dom/cjs/react-dom.development.js:23312:15
 ❯ commitLayoutMountEffects_complete node_modules/react-dom/cjs/react-dom.development.js:24727:9
 ❯ commitLayoutEffects_begin node_modules/react-dom/cjs/react-dom.development.js:24713:7
 ❯ commitLayoutEffects node_modules/react-dom/cjs/react-dom.development.js:24651:3
 ❯ commitRootImpl node_modules/react-dom/cjs/react-dom.development.js:26862:5
 ❯ commitRoot node_modules/react-dom/cjs/react-dom.development.js:26721:5
 ❯ finishConcurrentRender node_modules/react-dom/cjs/react-dom.development.js:26020:9
 ❯ performConcurrentWorkOnRoot node_modules/react-dom/cjs/react-dom.development.js:25848:7
            </failure>
        </testcase>
    </testsuite>
    <testsuite name="src/test/components/Revolutionary/RevolutionaryDashboard.test.tsx" timestamp="2025-11-14T16:56:53.186Z" hostname="ates" tests="15" failures="14" errors="0" skipped="0" time="14.6788742">
        <testcase classname="src/test/components/Revolutionary/RevolutionaryDashboard.test.tsx" name="RevolutionaryDashboard &gt; renders revolutionary dashboard correctly" time="0.4157258">
            <failure message="Unable to find an element with the text: /öğrenme stili profili/i. This could be because the text is broken up by multiple elements. In this case, you can provide a function for your text matcher to make your matcher more flexible.

Ignored nodes: comments, script, style
[36m&lt;body&gt;[39m
  [36m&lt;div&gt;[39m
    [36m&lt;div[39m
      [33mclass[39m=[32m&quot;MuiBox-root css-18a4bm4&quot;[39m
    [36m&gt;[39m
      [36m&lt;span[39m
        [33mclass[39m=[32m&quot;MuiCircularProgress-root MuiCircularProgress-indeterminate MuiCircularProgress-colorPrimary css-12581y6-MuiCircularProgress-root&quot;[39m
        [33mrole[39m=[32m&quot;progressbar&quot;[39m
        [33mstyle[39m=[32m&quot;width: 32px; height: 32px;&quot;[39m
      [36m&gt;[39m
        [36m&lt;svg[39m
          [33mclass[39m=[32m&quot;MuiCircularProgress-svg css-1idz92c-MuiCircularProgress-svg&quot;[39m
          [33mviewBox[39m=[32m&quot;22 22 44 44&quot;[39m
        [36m&gt;[39m
          [36m&lt;circle[39m
            [33mclass[39m=[32m&quot;MuiCircularProgress-circle MuiCircularProgress-circleIndeterminate css-176wh8e-MuiCircularProgress-circle&quot;[39m
            [33mcx[39m=[32m&quot;44&quot;[39m
            [33mcy[39m=[32m&quot;44&quot;[39m
            [33mfill[39m=[32m&quot;none&quot;[39m
            [33mr[39m=[32m&quot;20.2&quot;[39m
            [33mstroke-width[39m=[32m&quot;3.6&quot;[39m
          [36m/&gt;[39m
        [36m&lt;/svg&gt;[39m
      [36m&lt;/span&gt;[39m
      [36m&lt;p[39m
        [33mclass[39m=[32m&quot;MuiTypography-root MuiTypography-body1 css-nd5osh-MuiTypography-root&quot;[39m
      [36m&gt;[39m
        [0mDevrimsel özellikler yükleniyor...[0m
      [36m&lt;/p&gt;[39m
    [36m&lt;/div&gt;[39m
  [36m&lt;/div&gt;[39m
[36m&lt;/body&gt;[39m" type="TestingLibraryElementError">
TestingLibraryElementError: Unable to find an element with the text: /öğrenme stili profili/i. This could be because the text is broken up by multiple elements. In this case, you can provide a function for your text matcher to make your matcher more flexible.

Ignored nodes: comments, script, style
&lt;body&gt;
  &lt;div&gt;
    &lt;div
      class=&quot;MuiBox-root css-18a4bm4&quot;
    &gt;
      &lt;span
        class=&quot;MuiCircularProgress-root MuiCircularProgress-indeterminate MuiCircularProgress-colorPrimary css-12581y6-MuiCircularProgress-root&quot;
        role=&quot;progressbar&quot;
        style=&quot;width: 32px; height: 32px;&quot;
      &gt;
        &lt;svg
          class=&quot;MuiCircularProgress-svg css-1idz92c-MuiCircularProgress-svg&quot;
          viewBox=&quot;22 22 44 44&quot;
        &gt;
          &lt;circle
            class=&quot;MuiCircularProgress-circle MuiCircularProgress-circleIndeterminate css-176wh8e-MuiCircularProgress-circle&quot;
            cx=&quot;44&quot;
            cy=&quot;44&quot;
            fill=&quot;none&quot;
            r=&quot;20.2&quot;
            stroke-width=&quot;3.6&quot;
          /&gt;
        &lt;/svg&gt;
      &lt;/span&gt;
      &lt;p
        class=&quot;MuiTypography-root MuiTypography-body1 css-nd5osh-MuiTypography-root&quot;
      &gt;
        Devrimsel özellikler yükleniyor...
      &lt;/p&gt;
    &lt;/div&gt;
  &lt;/div&gt;
&lt;/body&gt;
 ❯ Object.getElementError node_modules/@testing-library/react/node_modules/@testing-library/dom/dist/config.js:37:19
 ❯ node_modules/@testing-library/react/node_modules/@testing-library/dom/dist/query-helpers.js:76:38
 ❯ node_modules/@testing-library/react/node_modules/@testing-library/dom/dist/query-helpers.js:52:17
 ❯ node_modules/@testing-library/react/node_modules/@testing-library/dom/dist/query-helpers.js:95:19
 ❯ src/test/components/Revolutionary/RevolutionaryDashboard.test.tsx:107:19
            </failure>
        </testcase>
        <testcase classname="src/test/components/Revolutionary/RevolutionaryDashboard.test.tsx" name="RevolutionaryDashboard &gt; displays loading state initially" time="0.5490195">
        </testcase>
        <testcase classname="src/test/components/Revolutionary/RevolutionaryDashboard.test.tsx" name="RevolutionaryDashboard &gt; displays learning style profile correctly" time="1.0836794">
            <failure message="Unable to find an element with the text: V-A-V-S. This could be because the text is broken up by multiple elements. In this case, you can provide a function for your text matcher to make your matcher more flexible.

Ignored nodes: comments, script, style
[36m&lt;body&gt;[39m
  [36m&lt;div&gt;[39m
    [36m&lt;div[39m
      [33mclass[39m=[32m&quot;MuiBox-root css-18a4bm4&quot;[39m
    [36m&gt;[39m
      [36m&lt;span[39m
        [33mclass[39m=[32m&quot;MuiCircularProgress-root MuiCircularProgress-indeterminate MuiCircularProgress-colorPrimary css-12581y6-MuiCircularProgress-root&quot;[39m
        [33mrole[39m=[32m&quot;progressbar&quot;[39m
        [33mstyle[39m=[32m&quot;width: 32px; height: 32px;&quot;[39m
      [36m&gt;[39m
        [36m&lt;svg[39m
          [33mclass[39m=[32m&quot;MuiCircularProgress-svg css-1idz92c-MuiCircularProgress-svg&quot;[39m
          [33mviewBox[39m=[32m&quot;22 22 44 44&quot;[39m
        [36m&gt;[39m
          [36m&lt;circle[39m
            [33mclass[39m=[32m&quot;MuiCircularProgress-circle MuiCircularProgress-circleIndeterminate css-176wh8e-MuiCircularProgress-circle&quot;[39m
            [33mcx[39m=[32m&quot;44&quot;[39m
            [33mcy[39m=[32m&quot;44&quot;[39m
            [33mfill[39m=[32m&quot;none&quot;[39m
            [33mr[39m=[32m&quot;20.2&quot;[39m
            [33mstroke-width[39m=[32m&quot;3.6&quot;[39m
          [36m/&gt;[39m
        [36m&lt;/svg&gt;[39m
      [36m&lt;/span&gt;[39m
      [36m&lt;p[39m
        [33mclass[39m=[32m&quot;MuiTypography-root MuiTypography-body1 css-nd5osh-MuiTypography-root&quot;[39m
      [36m&gt;[39m
        [0mDevrimsel özellikler yükleniyor...[0m
      [36m&lt;/p&gt;[39m
    [36m&lt;/div&gt;[39m
  [36m&lt;/div&gt;[39m
[36m&lt;/body&gt;[39m

Ignored nodes: comments, script, style
[36m&lt;html&gt;[39m
  [36m&lt;head /&gt;[39m
  [36m&lt;body&gt;[39m
    [36m&lt;div&gt;[39m
      [36m&lt;div[39m
        [33mclass[39m=[32m&quot;MuiBox-root css-18a4bm4&quot;[39m
      [36m&gt;[39m
        [36m&lt;span[39m
          [33mclass[39m=[32m&quot;MuiCircularProgress-root MuiCircularProgress-indeterminate MuiCircularProgress-colorPrimary css-12581y6-MuiCircularProgress-root&quot;[39m
          [33mrole[39m=[32m&quot;progressbar&quot;[39m
          [33mstyle[39m=[32m&quot;width: 32px; height: 32px;&quot;[39m
        [36m&gt;[39m
          [36m&lt;svg[39m
            [33mclass[39m=[32m&quot;MuiCircularProgress-svg css-1idz92c-MuiCircularProgress-svg&quot;[39m
            [33mviewBox[39m=[32m&quot;22 22 44 44&quot;[39m
          [36m&gt;[39m
            [36m&lt;circle[39m
              [33mclass[39m=[32m&quot;MuiCircularProgress-circle MuiCircularProgress-circleIndeterminate css-176wh8e-MuiCircularProgress-circle&quot;[39m
              [33mcx[39m=[32m&quot;44&quot;[39m
              [33mcy[39m=[32m&quot;44&quot;[39m
              [33mfill[39m=[32m&quot;none&quot;[39m
              [33mr[39m=[32m&quot;20.2&quot;[39m
              [33mstroke-width[39m=[32m&quot;3.6&quot;[39m
            [36m/&gt;[39m
          [36m&lt;/svg&gt;[39m
        [36m&lt;/span&gt;[39m
        [36m&lt;p[39m
          [33mclass[39m=[32m&quot;MuiTypography-root MuiTypography-body1 css-nd5osh-MuiTypography-root&quot;[39m
        [36m&gt;[39m
          [0mDevrimsel özellikler yükleniyor...[0m
        [36m&lt;/p&gt;[39m
      [36m&lt;/div&gt;[39m
    [36m&lt;/div&gt;[39m
  [36m&lt;/body&gt;[39m
[36m&lt;/html&gt;[39m" type="TestingLibraryElementError">
TestingLibraryElementError: Unable to find an element with the text: V-A-V-S. This could be because the text is broken up by multiple elements. In this case, you can provide a function for your text matcher to make your matcher more flexible.

Ignored nodes: comments, script, style
&lt;body&gt;
  &lt;div&gt;
    &lt;div
      class=&quot;MuiBox-root css-18a4bm4&quot;
    &gt;
      &lt;span
        class=&quot;MuiCircularProgress-root MuiCircularProgress-indeterminate MuiCircularProgress-colorPrimary css-12581y6-MuiCircularProgress-root&quot;
        role=&quot;progressbar&quot;
        style=&quot;width: 32px; height: 32px;&quot;
      &gt;
        &lt;svg
          class=&quot;MuiCircularProgress-svg css-1idz92c-MuiCircularProgress-svg&quot;
          viewBox=&quot;22 22 44 44&quot;
        &gt;
          &lt;circle
            class=&quot;MuiCircularProgress-circle MuiCircularProgress-circleIndeterminate css-176wh8e-MuiCircularProgress-circle&quot;
            cx=&quot;44&quot;
            cy=&quot;44&quot;
            fill=&quot;none&quot;
            r=&quot;20.2&quot;
            stroke-width=&quot;3.6&quot;
          /&gt;
        &lt;/svg&gt;
      &lt;/span&gt;
      &lt;p
        class=&quot;MuiTypography-root MuiTypography-body1 css-nd5osh-MuiTypography-root&quot;
      &gt;
        Devrimsel özellikler yükleniyor...
      &lt;/p&gt;
    &lt;/div&gt;
  &lt;/div&gt;
&lt;/body&gt;

Ignored nodes: comments, script, style
&lt;html&gt;
  &lt;head /&gt;
  &lt;body&gt;
    &lt;div&gt;
      &lt;div
        class=&quot;MuiBox-root css-18a4bm4&quot;
      &gt;
        &lt;span
          class=&quot;MuiCircularProgress-root MuiCircularProgress-indeterminate MuiCircularProgress-colorPrimary css-12581y6-MuiCircularProgress-root&quot;
          role=&quot;progressbar&quot;
          style=&quot;width: 32px; height: 32px;&quot;
        &gt;
          &lt;svg
            class=&quot;MuiCircularProgress-svg css-1idz92c-MuiCircularProgress-svg&quot;
            viewBox=&quot;22 22 44 44&quot;
          &gt;
            &lt;circle
              class=&quot;MuiCircularProgress-circle MuiCircularProgress-circleIndeterminate css-176wh8e-MuiCircularProgress-circle&quot;
              cx=&quot;44&quot;
              cy=&quot;44&quot;
              fill=&quot;none&quot;
              r=&quot;20.2&quot;
              stroke-width=&quot;3.6&quot;
            /&gt;
          &lt;/svg&gt;
        &lt;/span&gt;
        &lt;p
          class=&quot;MuiTypography-root MuiTypography-body1 css-nd5osh-MuiTypography-root&quot;
        &gt;
          Devrimsel özellikler yükleniyor...
        &lt;/p&gt;
      &lt;/div&gt;
    &lt;/div&gt;
  &lt;/body&gt;
&lt;/html&gt;
 ❯ waitForWrapper node_modules/@testing-library/react/node_modules/@testing-library/dom/dist/wait-for.js:163:27
 ❯ src/test/components/Revolutionary/RevolutionaryDashboard.test.tsx:122:11
            </failure>
        </testcase>
        <testcase classname="src/test/components/Revolutionary/RevolutionaryDashboard.test.tsx" name="RevolutionaryDashboard &gt; displays FSRS schedule correctly" time="1.0581037">
            <failure message="Unable to find an element with the text: /bugün: 5 kart/i. This could be because the text is broken up by multiple elements. In this case, you can provide a function for your text matcher to make your matcher more flexible.

Ignored nodes: comments, script, style
[36m&lt;body&gt;[39m
  [36m&lt;div&gt;[39m
    [36m&lt;div[39m
      [33mclass[39m=[32m&quot;MuiBox-root css-18a4bm4&quot;[39m
    [36m&gt;[39m
      [36m&lt;span[39m
        [33mclass[39m=[32m&quot;MuiCircularProgress-root MuiCircularProgress-indeterminate MuiCircularProgress-colorPrimary css-12581y6-MuiCircularProgress-root&quot;[39m
        [33mrole[39m=[32m&quot;progressbar&quot;[39m
        [33mstyle[39m=[32m&quot;width: 32px; height: 32px;&quot;[39m
      [36m&gt;[39m
        [36m&lt;svg[39m
          [33mclass[39m=[32m&quot;MuiCircularProgress-svg css-1idz92c-MuiCircularProgress-svg&quot;[39m
          [33mviewBox[39m=[32m&quot;22 22 44 44&quot;[39m
        [36m&gt;[39m
          [36m&lt;circle[39m
            [33mclass[39m=[32m&quot;MuiCircularProgress-circle MuiCircularProgress-circleIndeterminate css-176wh8e-MuiCircularProgress-circle&quot;[39m
            [33mcx[39m=[32m&quot;44&quot;[39m
            [33mcy[39m=[32m&quot;44&quot;[39m
            [33mfill[39m=[32m&quot;none&quot;[39m
            [33mr[39m=[32m&quot;20.2&quot;[39m
            [33mstroke-width[39m=[32m&quot;3.6&quot;[39m
          [36m/&gt;[39m
        [36m&lt;/svg&gt;[39m
      [36m&lt;/span&gt;[39m
      [36m&lt;p[39m
        [33mclass[39m=[32m&quot;MuiTypography-root MuiTypography-body1 css-nd5osh-MuiTypography-root&quot;[39m
      [36m&gt;[39m
        [0mDevrimsel özellikler yükleniyor...[0m
      [36m&lt;/p&gt;[39m
    [36m&lt;/div&gt;[39m
  [36m&lt;/div&gt;[39m
[36m&lt;/body&gt;[39m

Ignored nodes: comments, script, style
[36m&lt;html&gt;[39m
  [36m&lt;head /&gt;[39m
  [36m&lt;body&gt;[39m
    [36m&lt;div&gt;[39m
      [36m&lt;div[39m
        [33mclass[39m=[32m&quot;MuiBox-root css-18a4bm4&quot;[39m
      [36m&gt;[39m
        [36m&lt;span[39m
          [33mclass[39m=[32m&quot;MuiCircularProgress-root MuiCircularProgress-indeterminate MuiCircularProgress-colorPrimary css-12581y6-MuiCircularProgress-root&quot;[39m
          [33mrole[39m=[32m&quot;progressbar&quot;[39m
          [33mstyle[39m=[32m&quot;width: 32px; height: 32px;&quot;[39m
        [36m&gt;[39m
          [36m&lt;svg[39m
            [33mclass[39m=[32m&quot;MuiCircularProgress-svg css-1idz92c-MuiCircularProgress-svg&quot;[39m
            [33mviewBox[39m=[32m&quot;22 22 44 44&quot;[39m
          [36m&gt;[39m
            [36m&lt;circle[39m
              [33mclass[39m=[32m&quot;MuiCircularProgress-circle MuiCircularProgress-circleIndeterminate css-176wh8e-MuiCircularProgress-circle&quot;[39m
              [33mcx[39m=[32m&quot;44&quot;[39m
              [33mcy[39m=[32m&quot;44&quot;[39m
              [33mfill[39m=[32m&quot;none&quot;[39m
              [33mr[39m=[32m&quot;20.2&quot;[39m
              [33mstroke-width[39m=[32m&quot;3.6&quot;[39m
            [36m/&gt;[39m
          [36m&lt;/svg&gt;[39m
        [36m&lt;/span&gt;[39m
        [36m&lt;p[39m
          [33mclass[39m=[32m&quot;MuiTypography-root MuiTypography-body1 css-nd5osh-MuiTypography-root&quot;[39m
        [36m&gt;[39m
          [0mDevrimsel özellikler yükleniyor...[0m
        [36m&lt;/p&gt;[39m
      [36m&lt;/div&gt;[39m
    [36m&lt;/div&gt;[39m
  [36m&lt;/body&gt;[39m
[36m&lt;/html&gt;[39m" type="TestingLibraryElementError">
TestingLibraryElementError: Unable to find an element with the text: /bugün: 5 kart/i. This could be because the text is broken up by multiple elements. In this case, you can provide a function for your text matcher to make your matcher more flexible.

Ignored nodes: comments, script, style
&lt;body&gt;
  &lt;div&gt;
    &lt;div
      class=&quot;MuiBox-root css-18a4bm4&quot;
    &gt;
      &lt;span
        class=&quot;MuiCircularProgress-root MuiCircularProgress-indeterminate MuiCircularProgress-colorPrimary css-12581y6-MuiCircularProgress-root&quot;
        role=&quot;progressbar&quot;
        style=&quot;width: 32px; height: 32px;&quot;
      &gt;
        &lt;svg
          class=&quot;MuiCircularProgress-svg css-1idz92c-MuiCircularProgress-svg&quot;
          viewBox=&quot;22 22 44 44&quot;
        &gt;
          &lt;circle
            class=&quot;MuiCircularProgress-circle MuiCircularProgress-circleIndeterminate css-176wh8e-MuiCircularProgress-circle&quot;
            cx=&quot;44&quot;
            cy=&quot;44&quot;
            fill=&quot;none&quot;
            r=&quot;20.2&quot;
            stroke-width=&quot;3.6&quot;
          /&gt;
        &lt;/svg&gt;
      &lt;/span&gt;
      &lt;p
        class=&quot;MuiTypography-root MuiTypography-body1 css-nd5osh-MuiTypography-root&quot;
      &gt;
        Devrimsel özellikler yükleniyor...
      &lt;/p&gt;
    &lt;/div&gt;
  &lt;/div&gt;
&lt;/body&gt;

Ignored nodes: comments, script, style
&lt;html&gt;
  &lt;head /&gt;
  &lt;body&gt;
    &lt;div&gt;
      &lt;div
        class=&quot;MuiBox-root css-18a4bm4&quot;
      &gt;
        &lt;span
          class=&quot;MuiCircularProgress-root MuiCircularProgress-indeterminate MuiCircularProgress-colorPrimary css-12581y6-MuiCircularProgress-root&quot;
          role=&quot;progressbar&quot;
          style=&quot;width: 32px; height: 32px;&quot;
        &gt;
          &lt;svg
            class=&quot;MuiCircularProgress-svg css-1idz92c-MuiCircularProgress-svg&quot;
            viewBox=&quot;22 22 44 44&quot;
          &gt;
            &lt;circle
              class=&quot;MuiCircularProgress-circle MuiCircularProgress-circleIndeterminate css-176wh8e-MuiCircularProgress-circle&quot;
              cx=&quot;44&quot;
              cy=&quot;44&quot;
              fill=&quot;none&quot;
              r=&quot;20.2&quot;
              stroke-width=&quot;3.6&quot;
            /&gt;
          &lt;/svg&gt;
        &lt;/span&gt;
        &lt;p
          class=&quot;MuiTypography-root MuiTypography-body1 css-nd5osh-MuiTypography-root&quot;
        &gt;
          Devrimsel özellikler yükleniyor...
        &lt;/p&gt;
      &lt;/div&gt;
    &lt;/div&gt;
  &lt;/body&gt;
&lt;/html&gt;
 ❯ waitForWrapper node_modules/@testing-library/react/node_modules/@testing-library/dom/dist/wait-for.js:163:27
 ❯ src/test/components/Revolutionary/RevolutionaryDashboard.test.tsx:133:11
            </failure>
        </testcase>
        <testcase classname="src/test/components/Revolutionary/RevolutionaryDashboard.test.tsx" name="RevolutionaryDashboard &gt; displays multi-agent status correctly" time="1.0623666">
            <failure message="Unable to find an element with the text: LearningPathAgent. This could be because the text is broken up by multiple elements. In this case, you can provide a function for your text matcher to make your matcher more flexible.

Ignored nodes: comments, script, style
[36m&lt;body&gt;[39m
  [36m&lt;div&gt;[39m
    [36m&lt;div[39m
      [33mclass[39m=[32m&quot;MuiBox-root css-18a4bm4&quot;[39m
    [36m&gt;[39m
      [36m&lt;span[39m
        [33mclass[39m=[32m&quot;MuiCircularProgress-root MuiCircularProgress-indeterminate MuiCircularProgress-colorPrimary css-12581y6-MuiCircularProgress-root&quot;[39m
        [33mrole[39m=[32m&quot;progressbar&quot;[39m
        [33mstyle[39m=[32m&quot;width: 32px; height: 32px;&quot;[39m
      [36m&gt;[39m
        [36m&lt;svg[39m
          [33mclass[39m=[32m&quot;MuiCircularProgress-svg css-1idz92c-MuiCircularProgress-svg&quot;[39m
          [33mviewBox[39m=[32m&quot;22 22 44 44&quot;[39m
        [36m&gt;[39m
          [36m&lt;circle[39m
            [33mclass[39m=[32m&quot;MuiCircularProgress-circle MuiCircularProgress-circleIndeterminate css-176wh8e-MuiCircularProgress-circle&quot;[39m
            [33mcx[39m=[32m&quot;44&quot;[39m
            [33mcy[39m=[32m&quot;44&quot;[39m
            [33mfill[39m=[32m&quot;none&quot;[39m
            [33mr[39m=[32m&quot;20.2&quot;[39m
            [33mstroke-width[39m=[32m&quot;3.6&quot;[39m
          [36m/&gt;[39m
        [36m&lt;/svg&gt;[39m
      [36m&lt;/span&gt;[39m
      [36m&lt;p[39m
        [33mclass[39m=[32m&quot;MuiTypography-root MuiTypography-body1 css-nd5osh-MuiTypography-root&quot;[39m
      [36m&gt;[39m
        [0mDevrimsel özellikler yükleniyor...[0m
      [36m&lt;/p&gt;[39m
    [36m&lt;/div&gt;[39m
  [36m&lt;/div&gt;[39m
[36m&lt;/body&gt;[39m

Ignored nodes: comments, script, style
[36m&lt;html&gt;[39m
  [36m&lt;head /&gt;[39m
  [36m&lt;body&gt;[39m
    [36m&lt;div&gt;[39m
      [36m&lt;div[39m
        [33mclass[39m=[32m&quot;MuiBox-root css-18a4bm4&quot;[39m
      [36m&gt;[39m
        [36m&lt;span[39m
          [33mclass[39m=[32m&quot;MuiCircularProgress-root MuiCircularProgress-indeterminate MuiCircularProgress-colorPrimary css-12581y6-MuiCircularProgress-root&quot;[39m
          [33mrole[39m=[32m&quot;progressbar&quot;[39m
          [33mstyle[39m=[32m&quot;width: 32px; height: 32px;&quot;[39m
        [36m&gt;[39m
          [36m&lt;svg[39m
            [33mclass[39m=[32m&quot;MuiCircularProgress-svg css-1idz92c-MuiCircularProgress-svg&quot;[39m
            [33mviewBox[39m=[32m&quot;22 22 44 44&quot;[39m
          [36m&gt;[39m
            [36m&lt;circle[39m
              [33mclass[39m=[32m&quot;MuiCircularProgress-circle MuiCircularProgress-circleIndeterminate css-176wh8e-MuiCircularProgress-circle&quot;[39m
              [33mcx[39m=[32m&quot;44&quot;[39m
              [33mcy[39m=[32m&quot;44&quot;[39m
              [33mfill[39m=[32m&quot;none&quot;[39m
              [33mr[39m=[32m&quot;20.2&quot;[39m
              [33mstroke-width[39m=[32m&quot;3.6&quot;[39m
            [36m/&gt;[39m
          [36m&lt;/svg&gt;[39m
        [36m&lt;/span&gt;[39m
        [36m&lt;p[39m
          [33mclass[39m=[32m&quot;MuiTypography-root MuiTypography-body1 css-nd5osh-MuiTypography-root&quot;[39m
        [36m&gt;[39m
          [0mDevrimsel özellikler yükleniyor...[0m
        [36m&lt;/p&gt;[39m
      [36m&lt;/div&gt;[39m
    [36m&lt;/div&gt;[39m
  [36m&lt;/body&gt;[39m
[36m&lt;/html&gt;[39m" type="TestingLibraryElementError">
TestingLibraryElementError: Unable to find an element with the text: LearningPathAgent. This could be because the text is broken up by multiple elements. In this case, you can provide a function for your text matcher to make your matcher more flexible.

Ignored nodes: comments, script, style
&lt;body&gt;
  &lt;div&gt;
    &lt;div
      class=&quot;MuiBox-root css-18a4bm4&quot;
    &gt;
      &lt;span
        class=&quot;MuiCircularProgress-root MuiCircularProgress-indeterminate MuiCircularProgress-colorPrimary css-12581y6-MuiCircularProgress-root&quot;
        role=&quot;progressbar&quot;
        style=&quot;width: 32px; height: 32px;&quot;
      &gt;
        &lt;svg
          class=&quot;MuiCircularProgress-svg css-1idz92c-MuiCircularProgress-svg&quot;
          viewBox=&quot;22 22 44 44&quot;
        &gt;
          &lt;circle
            class=&quot;MuiCircularProgress-circle MuiCircularProgress-circleIndeterminate css-176wh8e-MuiCircularProgress-circle&quot;
            cx=&quot;44&quot;
            cy=&quot;44&quot;
            fill=&quot;none&quot;
            r=&quot;20.2&quot;
            stroke-width=&quot;3.6&quot;
          /&gt;
        &lt;/svg&gt;
      &lt;/span&gt;
      &lt;p
        class=&quot;MuiTypography-root MuiTypography-body1 css-nd5osh-MuiTypography-root&quot;
      &gt;
        Devrimsel özellikler yükleniyor...
      &lt;/p&gt;
    &lt;/div&gt;
  &lt;/div&gt;
&lt;/body&gt;

Ignored nodes: comments, script, style
&lt;html&gt;
  &lt;head /&gt;
  &lt;body&gt;
    &lt;div&gt;
      &lt;div
        class=&quot;MuiBox-root css-18a4bm4&quot;
      &gt;
        &lt;span
          class=&quot;MuiCircularProgress-root MuiCircularProgress-indeterminate MuiCircularProgress-colorPrimary css-12581y6-MuiCircularProgress-root&quot;
          role=&quot;progressbar&quot;
          style=&quot;width: 32px; height: 32px;&quot;
        &gt;
          &lt;svg
            class=&quot;MuiCircularProgress-svg css-1idz92c-MuiCircularProgress-svg&quot;
            viewBox=&quot;22 22 44 44&quot;
          &gt;
            &lt;circle
              class=&quot;MuiCircularProgress-circle MuiCircularProgress-circleIndeterminate css-176wh8e-MuiCircularProgress-circle&quot;
              cx=&quot;44&quot;
              cy=&quot;44&quot;
              fill=&quot;none&quot;
              r=&quot;20.2&quot;
              stroke-width=&quot;3.6&quot;
            /&gt;
          &lt;/svg&gt;
        &lt;/span&gt;
        &lt;p
          class=&quot;MuiTypography-root MuiTypography-body1 css-nd5osh-MuiTypography-root&quot;
        &gt;
          Devrimsel özellikler yükleniyor...
        &lt;/p&gt;
      &lt;/div&gt;
    &lt;/div&gt;
  &lt;/body&gt;
&lt;/html&gt;
 ❯ waitForWrapper node_modules/@testing-library/react/node_modules/@testing-library/dom/dist/wait-for.js:163:27
 ❯ src/test/components/Revolutionary/RevolutionaryDashboard.test.tsx:144:11
            </failure>
        </testcase>
        <testcase classname="src/test/components/Revolutionary/RevolutionaryDashboard.test.tsx" name="RevolutionaryDashboard &gt; shows error state when API calls fail" time="1.0537353">
            <failure message="Unable to find an element with the text: /veri yüklenirken hata oluştu/i. This could be because the text is broken up by multiple elements. In this case, you can provide a function for your text matcher to make your matcher more flexible.

Ignored nodes: comments, script, style
[36m&lt;body&gt;[39m
  [36m&lt;div&gt;[39m
    [36m&lt;div[39m
      [33mclass[39m=[32m&quot;MuiBox-root css-18a4bm4&quot;[39m
    [36m&gt;[39m
      [36m&lt;span[39m
        [33mclass[39m=[32m&quot;MuiCircularProgress-root MuiCircularProgress-indeterminate MuiCircularProgress-colorPrimary css-12581y6-MuiCircularProgress-root&quot;[39m
        [33mrole[39m=[32m&quot;progressbar&quot;[39m
        [33mstyle[39m=[32m&quot;width: 32px; height: 32px;&quot;[39m
      [36m&gt;[39m
        [36m&lt;svg[39m
          [33mclass[39m=[32m&quot;MuiCircularProgress-svg css-1idz92c-MuiCircularProgress-svg&quot;[39m
          [33mviewBox[39m=[32m&quot;22 22 44 44&quot;[39m
        [36m&gt;[39m
          [36m&lt;circle[39m
            [33mclass[39m=[32m&quot;MuiCircularProgress-circle MuiCircularProgress-circleIndeterminate css-176wh8e-MuiCircularProgress-circle&quot;[39m
            [33mcx[39m=[32m&quot;44&quot;[39m
            [33mcy[39m=[32m&quot;44&quot;[39m
            [33mfill[39m=[32m&quot;none&quot;[39m
            [33mr[39m=[32m&quot;20.2&quot;[39m
            [33mstroke-width[39m=[32m&quot;3.6&quot;[39m
          [36m/&gt;[39m
        [36m&lt;/svg&gt;[39m
      [36m&lt;/span&gt;[39m
      [36m&lt;p[39m
        [33mclass[39m=[32m&quot;MuiTypography-root MuiTypography-body1 css-nd5osh-MuiTypography-root&quot;[39m
      [36m&gt;[39m
        [0mDevrimsel özellikler yükleniyor...[0m
      [36m&lt;/p&gt;[39m
    [36m&lt;/div&gt;[39m
  [36m&lt;/div&gt;[39m
[36m&lt;/body&gt;[39m

Ignored nodes: comments, script, style
[36m&lt;html&gt;[39m
  [36m&lt;head /&gt;[39m
  [36m&lt;body&gt;[39m
    [36m&lt;div&gt;[39m
      [36m&lt;div[39m
        [33mclass[39m=[32m&quot;MuiBox-root css-18a4bm4&quot;[39m
      [36m&gt;[39m
        [36m&lt;span[39m
          [33mclass[39m=[32m&quot;MuiCircularProgress-root MuiCircularProgress-indeterminate MuiCircularProgress-colorPrimary css-12581y6-MuiCircularProgress-root&quot;[39m
          [33mrole[39m=[32m&quot;progressbar&quot;[39m
          [33mstyle[39m=[32m&quot;width: 32px; height: 32px;&quot;[39m
        [36m&gt;[39m
          [36m&lt;svg[39m
            [33mclass[39m=[32m&quot;MuiCircularProgress-svg css-1idz92c-MuiCircularProgress-svg&quot;[39m
            [33mviewBox[39m=[32m&quot;22 22 44 44&quot;[39m
          [36m&gt;[39m
            [36m&lt;circle[39m
              [33mclass[39m=[32m&quot;MuiCircularProgress-circle MuiCircularProgress-circleIndeterminate css-176wh8e-MuiCircularProgress-circle&quot;[39m
              [33mcx[39m=[32m&quot;44&quot;[39m
              [33mcy[39m=[32m&quot;44&quot;[39m
              [33mfill[39m=[32m&quot;none&quot;[39m
              [33mr[39m=[32m&quot;20.2&quot;[39m
              [33mstroke-width[39m=[32m&quot;3.6&quot;[39m
            [36m/&gt;[39m
          [36m&lt;/svg&gt;[39m
        [36m&lt;/span&gt;[39m
        [36m&lt;p[39m
          [33mclass[39m=[32m&quot;MuiTypography-root MuiTypography-body1 css-nd5osh-MuiTypography-root&quot;[39m
        [36m&gt;[39m
          [0mDevrimsel özellikler yükleniyor...[0m
        [36m&lt;/p&gt;[39m
      [36m&lt;/div&gt;[39m
    [36m&lt;/div&gt;[39m
  [36m&lt;/body&gt;[39m
[36m&lt;/html&gt;[39m" type="TestingLibraryElementError">
TestingLibraryElementError: Unable to find an element with the text: /veri yüklenirken hata oluştu/i. This could be because the text is broken up by multiple elements. In this case, you can provide a function for your text matcher to make your matcher more flexible.

Ignored nodes: comments, script, style
&lt;body&gt;
  &lt;div&gt;
    &lt;div
      class=&quot;MuiBox-root css-18a4bm4&quot;
    &gt;
      &lt;span
        class=&quot;MuiCircularProgress-root MuiCircularProgress-indeterminate MuiCircularProgress-colorPrimary css-12581y6-MuiCircularProgress-root&quot;
        role=&quot;progressbar&quot;
        style=&quot;width: 32px; height: 32px;&quot;
      &gt;
        &lt;svg
          class=&quot;MuiCircularProgress-svg css-1idz92c-MuiCircularProgress-svg&quot;
          viewBox=&quot;22 22 44 44&quot;
        &gt;
          &lt;circle
            class=&quot;MuiCircularProgress-circle MuiCircularProgress-circleIndeterminate css-176wh8e-MuiCircularProgress-circle&quot;
            cx=&quot;44&quot;
            cy=&quot;44&quot;
            fill=&quot;none&quot;
            r=&quot;20.2&quot;
            stroke-width=&quot;3.6&quot;
          /&gt;
        &lt;/svg&gt;
      &lt;/span&gt;
      &lt;p
        class=&quot;MuiTypography-root MuiTypography-body1 css-nd5osh-MuiTypography-root&quot;
      &gt;
        Devrimsel özellikler yükleniyor...
      &lt;/p&gt;
    &lt;/div&gt;
  &lt;/div&gt;
&lt;/body&gt;

Ignored nodes: comments, script, style
&lt;html&gt;
  &lt;head /&gt;
  &lt;body&gt;
    &lt;div&gt;
      &lt;div
        class=&quot;MuiBox-root css-18a4bm4&quot;
      &gt;
        &lt;span
          class=&quot;MuiCircularProgress-root MuiCircularProgress-indeterminate MuiCircularProgress-colorPrimary css-12581y6-MuiCircularProgress-root&quot;
          role=&quot;progressbar&quot;
          style=&quot;width: 32px; height: 32px;&quot;
        &gt;
          &lt;svg
            class=&quot;MuiCircularProgress-svg css-1idz92c-MuiCircularProgress-svg&quot;
            viewBox=&quot;22 22 44 44&quot;
          &gt;
            &lt;circle
              class=&quot;MuiCircularProgress-circle MuiCircularProgress-circleIndeterminate css-176wh8e-MuiCircularProgress-circle&quot;
              cx=&quot;44&quot;
              cy=&quot;44&quot;
              fill=&quot;none&quot;
              r=&quot;20.2&quot;
              stroke-width=&quot;3.6&quot;
            /&gt;
          &lt;/svg&gt;
        &lt;/span&gt;
        &lt;p
          class=&quot;MuiTypography-root MuiTypography-body1 css-nd5osh-MuiTypography-root&quot;
        &gt;
          Devrimsel özellikler yükleniyor...
        &lt;/p&gt;
      &lt;/div&gt;
    &lt;/div&gt;
  &lt;/body&gt;
&lt;/html&gt;
 ❯ waitForWrapper node_modules/@testing-library/react/node_modules/@testing-library/dom/dist/wait-for.js:163:27
 ❯ src/test/components/Revolutionary/RevolutionaryDashboard.test.tsx:170:11
            </failure>
        </testcase>
        <testcase classname="src/test/components/Revolutionary/RevolutionaryDashboard.test.tsx" name="RevolutionaryDashboard &gt; retries data loading when retry button is clicked" time="1.0770743">
            <failure message="Unable to find an element with the text: /veri yüklenirken hata oluştu/i. This could be because the text is broken up by multiple elements. In this case, you can provide a function for your text matcher to make your matcher more flexible.

Ignored nodes: comments, script, style
[36m&lt;body&gt;[39m
  [36m&lt;div&gt;[39m
    [36m&lt;div[39m
      [33mclass[39m=[32m&quot;MuiBox-root css-18a4bm4&quot;[39m
    [36m&gt;[39m
      [36m&lt;span[39m
        [33mclass[39m=[32m&quot;MuiCircularProgress-root MuiCircularProgress-indeterminate MuiCircularProgress-colorPrimary css-12581y6-MuiCircularProgress-root&quot;[39m
        [33mrole[39m=[32m&quot;progressbar&quot;[39m
        [33mstyle[39m=[32m&quot;width: 32px; height: 32px;&quot;[39m
      [36m&gt;[39m
        [36m&lt;svg[39m
          [33mclass[39m=[32m&quot;MuiCircularProgress-svg css-1idz92c-MuiCircularProgress-svg&quot;[39m
          [33mviewBox[39m=[32m&quot;22 22 44 44&quot;[39m
        [36m&gt;[39m
          [36m&lt;circle[39m
            [33mclass[39m=[32m&quot;MuiCircularProgress-circle MuiCircularProgress-circleIndeterminate css-176wh8e-MuiCircularProgress-circle&quot;[39m
            [33mcx[39m=[32m&quot;44&quot;[39m
            [33mcy[39m=[32m&quot;44&quot;[39m
            [33mfill[39m=[32m&quot;none&quot;[39m
            [33mr[39m=[32m&quot;20.2&quot;[39m
            [33mstroke-width[39m=[32m&quot;3.6&quot;[39m
          [36m/&gt;[39m
        [36m&lt;/svg&gt;[39m
      [36m&lt;/span&gt;[39m
      [36m&lt;p[39m
        [33mclass[39m=[32m&quot;MuiTypography-root MuiTypography-body1 css-nd5osh-MuiTypography-root&quot;[39m
      [36m&gt;[39m
        [0mDevrimsel özellikler yükleniyor...[0m
      [36m&lt;/p&gt;[39m
    [36m&lt;/div&gt;[39m
  [36m&lt;/div&gt;[39m
[36m&lt;/body&gt;[39m

Ignored nodes: comments, script, style
[36m&lt;html&gt;[39m
  [36m&lt;head /&gt;[39m
  [36m&lt;body&gt;[39m
    [36m&lt;div&gt;[39m
      [36m&lt;div[39m
        [33mclass[39m=[32m&quot;MuiBox-root css-18a4bm4&quot;[39m
      [36m&gt;[39m
        [36m&lt;span[39m
          [33mclass[39m=[32m&quot;MuiCircularProgress-root MuiCircularProgress-indeterminate MuiCircularProgress-colorPrimary css-12581y6-MuiCircularProgress-root&quot;[39m
          [33mrole[39m=[32m&quot;progressbar&quot;[39m
          [33mstyle[39m=[32m&quot;width: 32px; height: 32px;&quot;[39m
        [36m&gt;[39m
          [36m&lt;svg[39m
            [33mclass[39m=[32m&quot;MuiCircularProgress-svg css-1idz92c-MuiCircularProgress-svg&quot;[39m
            [33mviewBox[39m=[32m&quot;22 22 44 44&quot;[39m
          [36m&gt;[39m
            [36m&lt;circle[39m
              [33mclass[39m=[32m&quot;MuiCircularProgress-circle MuiCircularProgress-circleIndeterminate css-176wh8e-MuiCircularProgress-circle&quot;[39m
              [33mcx[39m=[32m&quot;44&quot;[39m
              [33mcy[39m=[32m&quot;44&quot;[39m
              [33mfill[39m=[32m&quot;none&quot;[39m
              [33mr[39m=[32m&quot;20.2&quot;[39m
              [33mstroke-width[39m=[32m&quot;3.6&quot;[39m
            [36m/&gt;[39m
          [36m&lt;/svg&gt;[39m
        [36m&lt;/span&gt;[39m
        [36m&lt;p[39m
          [33mclass[39m=[32m&quot;MuiTypography-root MuiTypography-body1 css-nd5osh-MuiTypography-root&quot;[39m
        [36m&gt;[39m
          [0mDevrimsel özellikler yükleniyor...[0m
        [36m&lt;/p&gt;[39m
      [36m&lt;/div&gt;[39m
    [36m&lt;/div&gt;[39m
  [36m&lt;/body&gt;[39m
[36m&lt;/html&gt;[39m" type="TestingLibraryElementError">
TestingLibraryElementError: Unable to find an element with the text: /veri yüklenirken hata oluştu/i. This could be because the text is broken up by multiple elements. In this case, you can provide a function for your text matcher to make your matcher more flexible.

Ignored nodes: comments, script, style
&lt;body&gt;
  &lt;div&gt;
    &lt;div
      class=&quot;MuiBox-root css-18a4bm4&quot;
    &gt;
      &lt;span
        class=&quot;MuiCircularProgress-root MuiCircularProgress-indeterminate MuiCircularProgress-colorPrimary css-12581y6-MuiCircularProgress-root&quot;
        role=&quot;progressbar&quot;
        style=&quot;width: 32px; height: 32px;&quot;
      &gt;
        &lt;svg
          class=&quot;MuiCircularProgress-svg css-1idz92c-MuiCircularProgress-svg&quot;
          viewBox=&quot;22 22 44 44&quot;
        &gt;
          &lt;circle
            class=&quot;MuiCircularProgress-circle MuiCircularProgress-circleIndeterminate css-176wh8e-MuiCircularProgress-circle&quot;
            cx=&quot;44&quot;
            cy=&quot;44&quot;
            fill=&quot;none&quot;
            r=&quot;20.2&quot;
            stroke-width=&quot;3.6&quot;
          /&gt;
        &lt;/svg&gt;
      &lt;/span&gt;
      &lt;p
        class=&quot;MuiTypography-root MuiTypography-body1 css-nd5osh-MuiTypography-root&quot;
      &gt;
        Devrimsel özellikler yükleniyor...
      &lt;/p&gt;
    &lt;/div&gt;
  &lt;/div&gt;
&lt;/body&gt;

Ignored nodes: comments, script, style
&lt;html&gt;
  &lt;head /&gt;
  &lt;body&gt;
    &lt;div&gt;
      &lt;div
        class=&quot;MuiBox-root css-18a4bm4&quot;
      &gt;
        &lt;span
          class=&quot;MuiCircularProgress-root MuiCircularProgress-indeterminate MuiCircularProgress-colorPrimary css-12581y6-MuiCircularProgress-root&quot;
          role=&quot;progressbar&quot;
          style=&quot;width: 32px; height: 32px;&quot;
        &gt;
          &lt;svg
            class=&quot;MuiCircularProgress-svg css-1idz92c-MuiCircularProgress-svg&quot;
            viewBox=&quot;22 22 44 44&quot;
          &gt;
            &lt;circle
              class=&quot;MuiCircularProgress-circle MuiCircularProgress-circleIndeterminate css-176wh8e-MuiCircularProgress-circle&quot;
              cx=&quot;44&quot;
              cy=&quot;44&quot;
              fill=&quot;none&quot;
              r=&quot;20.2&quot;
              stroke-width=&quot;3.6&quot;
            /&gt;
          &lt;/svg&gt;
        &lt;/span&gt;
        &lt;p
          class=&quot;MuiTypography-root MuiTypography-body1 css-nd5osh-MuiTypography-root&quot;
        &gt;
          Devrimsel özellikler yükleniyor...
        &lt;/p&gt;
      &lt;/div&gt;
    &lt;/div&gt;
  &lt;/body&gt;
&lt;/html&gt;
 ❯ waitForWrapper node_modules/@testing-library/react/node_modules/@testing-library/dom/dist/wait-for.js:163:27
 ❯ src/test/components/Revolutionary/RevolutionaryDashboard.test.tsx:199:11
            </failure>
        </testcase>
        <testcase classname="src/test/components/Revolutionary/RevolutionaryDashboard.test.tsx" name="RevolutionaryDashboard &gt; refreshes data when refresh button is clicked" time="1.0497843">
            <failure message="Unable to find an element with the text: V-A-V-S. This could be because the text is broken up by multiple elements. In this case, you can provide a function for your text matcher to make your matcher more flexible.

Ignored nodes: comments, script, style
[36m&lt;body&gt;[39m
  [36m&lt;div&gt;[39m
    [36m&lt;div[39m
      [33mclass[39m=[32m&quot;MuiBox-root css-18a4bm4&quot;[39m
    [36m&gt;[39m
      [36m&lt;span[39m
        [33mclass[39m=[32m&quot;MuiCircularProgress-root MuiCircularProgress-indeterminate MuiCircularProgress-colorPrimary css-12581y6-MuiCircularProgress-root&quot;[39m
        [33mrole[39m=[32m&quot;progressbar&quot;[39m
        [33mstyle[39m=[32m&quot;width: 32px; height: 32px;&quot;[39m
      [36m&gt;[39m
        [36m&lt;svg[39m
          [33mclass[39m=[32m&quot;MuiCircularProgress-svg css-1idz92c-MuiCircularProgress-svg&quot;[39m
          [33mviewBox[39m=[32m&quot;22 22 44 44&quot;[39m
        [36m&gt;[39m
          [36m&lt;circle[39m
            [33mclass[39m=[32m&quot;MuiCircularProgress-circle MuiCircularProgress-circleIndeterminate css-176wh8e-MuiCircularProgress-circle&quot;[39m
            [33mcx[39m=[32m&quot;44&quot;[39m
            [33mcy[39m=[32m&quot;44&quot;[39m
            [33mfill[39m=[32m&quot;none&quot;[39m
            [33mr[39m=[32m&quot;20.2&quot;[39m
            [33mstroke-width[39m=[32m&quot;3.6&quot;[39m
          [36m/&gt;[39m
        [36m&lt;/svg&gt;[39m
      [36m&lt;/span&gt;[39m
      [36m&lt;p[39m
        [33mclass[39m=[32m&quot;MuiTypography-root MuiTypography-body1 css-nd5osh-MuiTypography-root&quot;[39m
      [36m&gt;[39m
        [0mDevrimsel özellikler yükleniyor...[0m
      [36m&lt;/p&gt;[39m
    [36m&lt;/div&gt;[39m
  [36m&lt;/div&gt;[39m
[36m&lt;/body&gt;[39m

Ignored nodes: comments, script, style
[36m&lt;html&gt;[39m
  [36m&lt;head /&gt;[39m
  [36m&lt;body&gt;[39m
    [36m&lt;div&gt;[39m
      [36m&lt;div[39m
        [33mclass[39m=[32m&quot;MuiBox-root css-18a4bm4&quot;[39m
      [36m&gt;[39m
        [36m&lt;span[39m
          [33mclass[39m=[32m&quot;MuiCircularProgress-root MuiCircularProgress-indeterminate MuiCircularProgress-colorPrimary css-12581y6-MuiCircularProgress-root&quot;[39m
          [33mrole[39m=[32m&quot;progressbar&quot;[39m
          [33mstyle[39m=[32m&quot;width: 32px; height: 32px;&quot;[39m
        [36m&gt;[39m
          [36m&lt;svg[39m
            [33mclass[39m=[32m&quot;MuiCircularProgress-svg css-1idz92c-MuiCircularProgress-svg&quot;[39m
            [33mviewBox[39m=[32m&quot;22 22 44 44&quot;[39m
          [36m&gt;[39m
            [36m&lt;circle[39m
              [33mclass[39m=[32m&quot;MuiCircularProgress-circle MuiCircularProgress-circleIndeterminate css-176wh8e-MuiCircularProgress-circle&quot;[39m
              [33mcx[39m=[32m&quot;44&quot;[39m
              [33mcy[39m=[32m&quot;44&quot;[39m
              [33mfill[39m=[32m&quot;none&quot;[39m
              [33mr[39m=[32m&quot;20.2&quot;[39m
              [33mstroke-width[39m=[32m&quot;3.6&quot;[39m
            [36m/&gt;[39m
          [36m&lt;/svg&gt;[39m
        [36m&lt;/span&gt;[39m
        [36m&lt;p[39m
          [33mclass[39m=[32m&quot;MuiTypography-root MuiTypography-body1 css-nd5osh-MuiTypography-root&quot;[39m
        [36m&gt;[39m
          [0mDevrimsel özellikler yükleniyor...[0m
        [36m&lt;/p&gt;[39m
      [36m&lt;/div&gt;[39m
    [36m&lt;/div&gt;[39m
  [36m&lt;/body&gt;[39m
[36m&lt;/html&gt;[39m" type="TestingLibraryElementError">
TestingLibraryElementError: Unable to find an element with the text: V-A-V-S. This could be because the text is broken up by multiple elements. In this case, you can provide a function for your text matcher to make your matcher more flexible.

Ignored nodes: comments, script, style
&lt;body&gt;
  &lt;div&gt;
    &lt;div
      class=&quot;MuiBox-root css-18a4bm4&quot;
    &gt;
      &lt;span
        class=&quot;MuiCircularProgress-root MuiCircularProgress-indeterminate MuiCircularProgress-colorPrimary css-12581y6-MuiCircularProgress-root&quot;
        role=&quot;progressbar&quot;
        style=&quot;width: 32px; height: 32px;&quot;
      &gt;
        &lt;svg
          class=&quot;MuiCircularProgress-svg css-1idz92c-MuiCircularProgress-svg&quot;
          viewBox=&quot;22 22 44 44&quot;
        &gt;
          &lt;circle
            class=&quot;MuiCircularProgress-circle MuiCircularProgress-circleIndeterminate css-176wh8e-MuiCircularProgress-circle&quot;
            cx=&quot;44&quot;
            cy=&quot;44&quot;
            fill=&quot;none&quot;
            r=&quot;20.2&quot;
            stroke-width=&quot;3.6&quot;
          /&gt;
        &lt;/svg&gt;
      &lt;/span&gt;
      &lt;p
        class=&quot;MuiTypography-root MuiTypography-body1 css-nd5osh-MuiTypography-root&quot;
      &gt;
        Devrimsel özellikler yükleniyor...
      &lt;/p&gt;
    &lt;/div&gt;
  &lt;/div&gt;
&lt;/body&gt;

Ignored nodes: comments, script, style
&lt;html&gt;
  &lt;head /&gt;
  &lt;body&gt;
    &lt;div&gt;
      &lt;div
        class=&quot;MuiBox-root css-18a4bm4&quot;
      &gt;
        &lt;span
          class=&quot;MuiCircularProgress-root MuiCircularProgress-indeterminate MuiCircularProgress-colorPrimary css-12581y6-MuiCircularProgress-root&quot;
          role=&quot;progressbar&quot;
          style=&quot;width: 32px; height: 32px;&quot;
        &gt;
          &lt;svg
            class=&quot;MuiCircularProgress-svg css-1idz92c-MuiCircularProgress-svg&quot;
            viewBox=&quot;22 22 44 44&quot;
          &gt;
            &lt;circle
              class=&quot;MuiCircularProgress-circle MuiCircularProgress-circleIndeterminate css-176wh8e-MuiCircularProgress-circle&quot;
              cx=&quot;44&quot;
              cy=&quot;44&quot;
              fill=&quot;none&quot;
              r=&quot;20.2&quot;
              stroke-width=&quot;3.6&quot;
            /&gt;
          &lt;/svg&gt;
        &lt;/span&gt;
        &lt;p
          class=&quot;MuiTypography-root MuiTypography-body1 css-nd5osh-MuiTypography-root&quot;
        &gt;
          Devrimsel özellikler yükleniyor...
        &lt;/p&gt;
      &lt;/div&gt;
    &lt;/div&gt;
  &lt;/body&gt;
&lt;/html&gt;
 ❯ waitForWrapper node_modules/@testing-library/react/node_modules/@testing-library/dom/dist/wait-for.js:163:27
 ❯ src/test/components/Revolutionary/RevolutionaryDashboard.test.tsx:215:11
            </failure>
        </testcase>
        <testcase classname="src/test/components/Revolutionary/RevolutionaryDashboard.test.tsx" name="RevolutionaryDashboard &gt; opens learning style details modal" time="1.0516043">
            <failure message="Unable to find an element with the text: V-A-V-S. This could be because the text is broken up by multiple elements. In this case, you can provide a function for your text matcher to make your matcher more flexible.

Ignored nodes: comments, script, style
[36m&lt;body&gt;[39m
  [36m&lt;div&gt;[39m
    [36m&lt;div[39m
      [33mclass[39m=[32m&quot;MuiBox-root css-18a4bm4&quot;[39m
    [36m&gt;[39m
      [36m&lt;span[39m
        [33mclass[39m=[32m&quot;MuiCircularProgress-root MuiCircularProgress-indeterminate MuiCircularProgress-colorPrimary css-12581y6-MuiCircularProgress-root&quot;[39m
        [33mrole[39m=[32m&quot;progressbar&quot;[39m
        [33mstyle[39m=[32m&quot;width: 32px; height: 32px;&quot;[39m
      [36m&gt;[39m
        [36m&lt;svg[39m
          [33mclass[39m=[32m&quot;MuiCircularProgress-svg css-1idz92c-MuiCircularProgress-svg&quot;[39m
          [33mviewBox[39m=[32m&quot;22 22 44 44&quot;[39m
        [36m&gt;[39m
          [36m&lt;circle[39m
            [33mclass[39m=[32m&quot;MuiCircularProgress-circle MuiCircularProgress-circleIndeterminate css-176wh8e-MuiCircularProgress-circle&quot;[39m
            [33mcx[39m=[32m&quot;44&quot;[39m
            [33mcy[39m=[32m&quot;44&quot;[39m
            [33mfill[39m=[32m&quot;none&quot;[39m
            [33mr[39m=[32m&quot;20.2&quot;[39m
            [33mstroke-width[39m=[32m&quot;3.6&quot;[39m
          [36m/&gt;[39m
        [36m&lt;/svg&gt;[39m
      [36m&lt;/span&gt;[39m
      [36m&lt;p[39m
        [33mclass[39m=[32m&quot;MuiTypography-root MuiTypography-body1 css-nd5osh-MuiTypography-root&quot;[39m
      [36m&gt;[39m
        [0mDevrimsel özellikler yükleniyor...[0m
      [36m&lt;/p&gt;[39m
    [36m&lt;/div&gt;[39m
  [36m&lt;/div&gt;[39m
[36m&lt;/body&gt;[39m

Ignored nodes: comments, script, style
[36m&lt;html&gt;[39m
  [36m&lt;head /&gt;[39m
  [36m&lt;body&gt;[39m
    [36m&lt;div&gt;[39m
      [36m&lt;div[39m
        [33mclass[39m=[32m&quot;MuiBox-root css-18a4bm4&quot;[39m
      [36m&gt;[39m
        [36m&lt;span[39m
          [33mclass[39m=[32m&quot;MuiCircularProgress-root MuiCircularProgress-indeterminate MuiCircularProgress-colorPrimary css-12581y6-MuiCircularProgress-root&quot;[39m
          [33mrole[39m=[32m&quot;progressbar&quot;[39m
          [33mstyle[39m=[32m&quot;width: 32px; height: 32px;&quot;[39m
        [36m&gt;[39m
          [36m&lt;svg[39m
            [33mclass[39m=[32m&quot;MuiCircularProgress-svg css-1idz92c-MuiCircularProgress-svg&quot;[39m
            [33mviewBox[39m=[32m&quot;22 22 44 44&quot;[39m
          [36m&gt;[39m
            [36m&lt;circle[39m
              [33mclass[39m=[32m&quot;MuiCircularProgress-circle MuiCircularProgress-circleIndeterminate css-176wh8e-MuiCircularProgress-circle&quot;[39m
              [33mcx[39m=[32m&quot;44&quot;[39m
              [33mcy[39m=[32m&quot;44&quot;[39m
              [33mfill[39m=[32m&quot;none&quot;[39m
              [33mr[39m=[32m&quot;20.2&quot;[39m
              [33mstroke-width[39m=[32m&quot;3.6&quot;[39m
            [36m/&gt;[39m
          [36m&lt;/svg&gt;[39m
        [36m&lt;/span&gt;[39m
        [36m&lt;p[39m
          [33mclass[39m=[32m&quot;MuiTypography-root MuiTypography-body1 css-nd5osh-MuiTypography-root&quot;[39m
        [36m&gt;[39m
          [0mDevrimsel özellikler yükleniyor...[0m
        [36m&lt;/p&gt;[39m
      [36m&lt;/div&gt;[39m
    [36m&lt;/div&gt;[39m
  [36m&lt;/body&gt;[39m
[36m&lt;/html&gt;[39m" type="TestingLibraryElementError">
TestingLibraryElementError: Unable to find an element with the text: V-A-V-S. This could be because the text is broken up by multiple elements. In this case, you can provide a function for your text matcher to make your matcher more flexible.

Ignored nodes: comments, script, style
&lt;body&gt;
  &lt;div&gt;
    &lt;div
      class=&quot;MuiBox-root css-18a4bm4&quot;
    &gt;
      &lt;span
        class=&quot;MuiCircularProgress-root MuiCircularProgress-indeterminate MuiCircularProgress-colorPrimary css-12581y6-MuiCircularProgress-root&quot;
        role=&quot;progressbar&quot;
        style=&quot;width: 32px; height: 32px;&quot;
      &gt;
        &lt;svg
          class=&quot;MuiCircularProgress-svg css-1idz92c-MuiCircularProgress-svg&quot;
          viewBox=&quot;22 22 44 44&quot;
        &gt;
          &lt;circle
            class=&quot;MuiCircularProgress-circle MuiCircularProgress-circleIndeterminate css-176wh8e-MuiCircularProgress-circle&quot;
            cx=&quot;44&quot;
            cy=&quot;44&quot;
            fill=&quot;none&quot;
            r=&quot;20.2&quot;
            stroke-width=&quot;3.6&quot;
          /&gt;
        &lt;/svg&gt;
      &lt;/span&gt;
      &lt;p
        class=&quot;MuiTypography-root MuiTypography-body1 css-nd5osh-MuiTypography-root&quot;
      &gt;
        Devrimsel özellikler yükleniyor...
      &lt;/p&gt;
    &lt;/div&gt;
  &lt;/div&gt;
&lt;/body&gt;

Ignored nodes: comments, script, style
&lt;html&gt;
  &lt;head /&gt;
  &lt;body&gt;
    &lt;div&gt;
      &lt;div
        class=&quot;MuiBox-root css-18a4bm4&quot;
      &gt;
        &lt;span
          class=&quot;MuiCircularProgress-root MuiCircularProgress-indeterminate MuiCircularProgress-colorPrimary css-12581y6-MuiCircularProgress-root&quot;
          role=&quot;progressbar&quot;
          style=&quot;width: 32px; height: 32px;&quot;
        &gt;
          &lt;svg
            class=&quot;MuiCircularProgress-svg css-1idz92c-MuiCircularProgress-svg&quot;
            viewBox=&quot;22 22 44 44&quot;
          &gt;
            &lt;circle
              class=&quot;MuiCircularProgress-circle MuiCircularProgress-circleIndeterminate css-176wh8e-MuiCircularProgress-circle&quot;
              cx=&quot;44&quot;
              cy=&quot;44&quot;
              fill=&quot;none&quot;
              r=&quot;20.2&quot;
              stroke-width=&quot;3.6&quot;
            /&gt;
          &lt;/svg&gt;
        &lt;/span&gt;
        &lt;p
          class=&quot;MuiTypography-root MuiTypography-body1 css-nd5osh-MuiTypography-root&quot;
        &gt;
          Devrimsel özellikler yükleniyor...
        &lt;/p&gt;
      &lt;/div&gt;
    &lt;/div&gt;
  &lt;/body&gt;
&lt;/html&gt;
 ❯ waitForWrapper node_modules/@testing-library/react/node_modules/@testing-library/dom/dist/wait-for.js:163:27
 ❯ src/test/components/Revolutionary/RevolutionaryDashboard.test.tsx:229:11
            </failure>
        </testcase>
        <testcase classname="src/test/components/Revolutionary/RevolutionaryDashboard.test.tsx" name="RevolutionaryDashboard &gt; opens FSRS card details" time="1.0544676">
            <failure message="Unable to find an element with the text: Matematik - Türev Kuralları. This could be because the text is broken up by multiple elements. In this case, you can provide a function for your text matcher to make your matcher more flexible.

Ignored nodes: comments, script, style
[36m&lt;body&gt;[39m
  [36m&lt;div&gt;[39m
    [36m&lt;div[39m
      [33mclass[39m=[32m&quot;MuiBox-root css-18a4bm4&quot;[39m
    [36m&gt;[39m
      [36m&lt;span[39m
        [33mclass[39m=[32m&quot;MuiCircularProgress-root MuiCircularProgress-indeterminate MuiCircularProgress-colorPrimary css-12581y6-MuiCircularProgress-root&quot;[39m
        [33mrole[39m=[32m&quot;progressbar&quot;[39m
        [33mstyle[39m=[32m&quot;width: 32px; height: 32px;&quot;[39m
      [36m&gt;[39m
        [36m&lt;svg[39m
          [33mclass[39m=[32m&quot;MuiCircularProgress-svg css-1idz92c-MuiCircularProgress-svg&quot;[39m
          [33mviewBox[39m=[32m&quot;22 22 44 44&quot;[39m
        [36m&gt;[39m
          [36m&lt;circle[39m
            [33mclass[39m=[32m&quot;MuiCircularProgress-circle MuiCircularProgress-circleIndeterminate css-176wh8e-MuiCircularProgress-circle&quot;[39m
            [33mcx[39m=[32m&quot;44&quot;[39m
            [33mcy[39m=[32m&quot;44&quot;[39m
            [33mfill[39m=[32m&quot;none&quot;[39m
            [33mr[39m=[32m&quot;20.2&quot;[39m
            [33mstroke-width[39m=[32m&quot;3.6&quot;[39m
          [36m/&gt;[39m
        [36m&lt;/svg&gt;[39m
      [36m&lt;/span&gt;[39m
      [36m&lt;p[39m
        [33mclass[39m=[32m&quot;MuiTypography-root MuiTypography-body1 css-nd5osh-MuiTypography-root&quot;[39m
      [36m&gt;[39m
        [0mDevrimsel özellikler yükleniyor...[0m
      [36m&lt;/p&gt;[39m
    [36m&lt;/div&gt;[39m
  [36m&lt;/div&gt;[39m
[36m&lt;/body&gt;[39m

Ignored nodes: comments, script, style
[36m&lt;html&gt;[39m
  [36m&lt;head /&gt;[39m
  [36m&lt;body&gt;[39m
    [36m&lt;div&gt;[39m
      [36m&lt;div[39m
        [33mclass[39m=[32m&quot;MuiBox-root css-18a4bm4&quot;[39m
      [36m&gt;[39m
        [36m&lt;span[39m
          [33mclass[39m=[32m&quot;MuiCircularProgress-root MuiCircularProgress-indeterminate MuiCircularProgress-colorPrimary css-12581y6-MuiCircularProgress-root&quot;[39m
          [33mrole[39m=[32m&quot;progressbar&quot;[39m
          [33mstyle[39m=[32m&quot;width: 32px; height: 32px;&quot;[39m
        [36m&gt;[39m
          [36m&lt;svg[39m
            [33mclass[39m=[32m&quot;MuiCircularProgress-svg css-1idz92c-MuiCircularProgress-svg&quot;[39m
            [33mviewBox[39m=[32m&quot;22 22 44 44&quot;[39m
          [36m&gt;[39m
            [36m&lt;circle[39m
              [33mclass[39m=[32m&quot;MuiCircularProgress-circle MuiCircularProgress-circleIndeterminate css-176wh8e-MuiCircularProgress-circle&quot;[39m
              [33mcx[39m=[32m&quot;44&quot;[39m
              [33mcy[39m=[32m&quot;44&quot;[39m
              [33mfill[39m=[32m&quot;none&quot;[39m
              [33mr[39m=[32m&quot;20.2&quot;[39m
              [33mstroke-width[39m=[32m&quot;3.6&quot;[39m
            [36m/&gt;[39m
          [36m&lt;/svg&gt;[39m
        [36m&lt;/span&gt;[39m
        [36m&lt;p[39m
          [33mclass[39m=[32m&quot;MuiTypography-root MuiTypography-body1 css-nd5osh-MuiTypography-root&quot;[39m
        [36m&gt;[39m
          [0mDevrimsel özellikler yükleniyor...[0m
        [36m&lt;/p&gt;[39m
      [36m&lt;/div&gt;[39m
    [36m&lt;/div&gt;[39m
  [36m&lt;/body&gt;[39m
[36m&lt;/html&gt;[39m" type="TestingLibraryElementError">
TestingLibraryElementError: Unable to find an element with the text: Matematik - Türev Kuralları. This could be because the text is broken up by multiple elements. In this case, you can provide a function for your text matcher to make your matcher more flexible.

Ignored nodes: comments, script, style
&lt;body&gt;
  &lt;div&gt;
    &lt;div
      class=&quot;MuiBox-root css-18a4bm4&quot;
    &gt;
      &lt;span
        class=&quot;MuiCircularProgress-root MuiCircularProgress-indeterminate MuiCircularProgress-colorPrimary css-12581y6-MuiCircularProgress-root&quot;
        role=&quot;progressbar&quot;
        style=&quot;width: 32px; height: 32px;&quot;
      &gt;
        &lt;svg
          class=&quot;MuiCircularProgress-svg css-1idz92c-MuiCircularProgress-svg&quot;
          viewBox=&quot;22 22 44 44&quot;
        &gt;
          &lt;circle
            class=&quot;MuiCircularProgress-circle MuiCircularProgress-circleIndeterminate css-176wh8e-MuiCircularProgress-circle&quot;
            cx=&quot;44&quot;
            cy=&quot;44&quot;
            fill=&quot;none&quot;
            r=&quot;20.2&quot;
            stroke-width=&quot;3.6&quot;
          /&gt;
        &lt;/svg&gt;
      &lt;/span&gt;
      &lt;p
        class=&quot;MuiTypography-root MuiTypography-body1 css-nd5osh-MuiTypography-root&quot;
      &gt;
        Devrimsel özellikler yükleniyor...
      &lt;/p&gt;
    &lt;/div&gt;
  &lt;/div&gt;
&lt;/body&gt;

Ignored nodes: comments, script, style
&lt;html&gt;
  &lt;head /&gt;
  &lt;body&gt;
    &lt;div&gt;
      &lt;div
        class=&quot;MuiBox-root css-18a4bm4&quot;
      &gt;
        &lt;span
          class=&quot;MuiCircularProgress-root MuiCircularProgress-indeterminate MuiCircularProgress-colorPrimary css-12581y6-MuiCircularProgress-root&quot;
          role=&quot;progressbar&quot;
          style=&quot;width: 32px; height: 32px;&quot;
        &gt;
          &lt;svg
            class=&quot;MuiCircularProgress-svg css-1idz92c-MuiCircularProgress-svg&quot;
            viewBox=&quot;22 22 44 44&quot;
          &gt;
            &lt;circle
              class=&quot;MuiCircularProgress-circle MuiCircularProgress-circleIndeterminate css-176wh8e-MuiCircularProgress-circle&quot;
              cx=&quot;44&quot;
              cy=&quot;44&quot;
              fill=&quot;none&quot;
              r=&quot;20.2&quot;
              stroke-width=&quot;3.6&quot;
            /&gt;
          &lt;/svg&gt;
        &lt;/span&gt;
        &lt;p
          class=&quot;MuiTypography-root MuiTypography-body1 css-nd5osh-MuiTypography-root&quot;
        &gt;
          Devrimsel özellikler yükleniyor...
        &lt;/p&gt;
      &lt;/div&gt;
    &lt;/div&gt;
  &lt;/body&gt;
&lt;/html&gt;
 ❯ waitForWrapper node_modules/@testing-library/react/node_modules/@testing-library/dom/dist/wait-for.js:163:27
 ❯ src/test/components/Revolutionary/RevolutionaryDashboard.test.tsx:245:11
            </failure>
        </testcase>
        <testcase classname="src/test/components/Revolutionary/RevolutionaryDashboard.test.tsx" name="RevolutionaryDashboard &gt; shows agent status indicators correctly" time="1.0502188">
            <failure message="Unable to find an element with the text: /aktif/i. This could be because the text is broken up by multiple elements. In this case, you can provide a function for your text matcher to make your matcher more flexible.

Ignored nodes: comments, script, style
[36m&lt;body&gt;[39m
  [36m&lt;div&gt;[39m
    [36m&lt;div[39m
      [33mclass[39m=[32m&quot;MuiBox-root css-18a4bm4&quot;[39m
    [36m&gt;[39m
      [36m&lt;span[39m
        [33mclass[39m=[32m&quot;MuiCircularProgress-root MuiCircularProgress-indeterminate MuiCircularProgress-colorPrimary css-12581y6-MuiCircularProgress-root&quot;[39m
        [33mrole[39m=[32m&quot;progressbar&quot;[39m
        [33mstyle[39m=[32m&quot;width: 32px; height: 32px;&quot;[39m
      [36m&gt;[39m
        [36m&lt;svg[39m
          [33mclass[39m=[32m&quot;MuiCircularProgress-svg css-1idz92c-MuiCircularProgress-svg&quot;[39m
          [33mviewBox[39m=[32m&quot;22 22 44 44&quot;[39m
        [36m&gt;[39m
          [36m&lt;circle[39m
            [33mclass[39m=[32m&quot;MuiCircularProgress-circle MuiCircularProgress-circleIndeterminate css-176wh8e-MuiCircularProgress-circle&quot;[39m
            [33mcx[39m=[32m&quot;44&quot;[39m
            [33mcy[39m=[32m&quot;44&quot;[39m
            [33mfill[39m=[32m&quot;none&quot;[39m
            [33mr[39m=[32m&quot;20.2&quot;[39m
            [33mstroke-width[39m=[32m&quot;3.6&quot;[39m
          [36m/&gt;[39m
        [36m&lt;/svg&gt;[39m
      [36m&lt;/span&gt;[39m
      [36m&lt;p[39m
        [33mclass[39m=[32m&quot;MuiTypography-root MuiTypography-body1 css-nd5osh-MuiTypography-root&quot;[39m
      [36m&gt;[39m
        [0mDevrimsel özellikler yükleniyor...[0m
      [36m&lt;/p&gt;[39m
    [36m&lt;/div&gt;[39m
  [36m&lt;/div&gt;[39m
[36m&lt;/body&gt;[39m

Ignored nodes: comments, script, style
[36m&lt;html&gt;[39m
  [36m&lt;head /&gt;[39m
  [36m&lt;body&gt;[39m
    [36m&lt;div&gt;[39m
      [36m&lt;div[39m
        [33mclass[39m=[32m&quot;MuiBox-root css-18a4bm4&quot;[39m
      [36m&gt;[39m
        [36m&lt;span[39m
          [33mclass[39m=[32m&quot;MuiCircularProgress-root MuiCircularProgress-indeterminate MuiCircularProgress-colorPrimary css-12581y6-MuiCircularProgress-root&quot;[39m
          [33mrole[39m=[32m&quot;progressbar&quot;[39m
          [33mstyle[39m=[32m&quot;width: 32px; height: 32px;&quot;[39m
        [36m&gt;[39m
          [36m&lt;svg[39m
            [33mclass[39m=[32m&quot;MuiCircularProgress-svg css-1idz92c-MuiCircularProgress-svg&quot;[39m
            [33mviewBox[39m=[32m&quot;22 22 44 44&quot;[39m
          [36m&gt;[39m
            [36m&lt;circle[39m
              [33mclass[39m=[32m&quot;MuiCircularProgress-circle MuiCircularProgress-circleIndeterminate css-176wh8e-MuiCircularProgress-circle&quot;[39m
              [33mcx[39m=[32m&quot;44&quot;[39m
              [33mcy[39m=[32m&quot;44&quot;[39m
              [33mfill[39m=[32m&quot;none&quot;[39m
              [33mr[39m=[32m&quot;20.2&quot;[39m
              [33mstroke-width[39m=[32m&quot;3.6&quot;[39m
            [36m/&gt;[39m
          [36m&lt;/svg&gt;[39m
        [36m&lt;/span&gt;[39m
        [36m&lt;p[39m
          [33mclass[39m=[32m&quot;MuiTypography-root MuiTypography-body1 css-nd5osh-MuiTypography-root&quot;[39m
        [36m&gt;[39m
          [0mDevrimsel özellikler yükleniyor...[0m
        [36m&lt;/p&gt;[39m
      [36m&lt;/div&gt;[39m
    [36m&lt;/div&gt;[39m
  [36m&lt;/body&gt;[39m
[36m&lt;/html&gt;[39m" type="TestingLibraryElementError">
TestingLibraryElementError: Unable to find an element with the text: /aktif/i. This could be because the text is broken up by multiple elements. In this case, you can provide a function for your text matcher to make your matcher more flexible.

Ignored nodes: comments, script, style
&lt;body&gt;
  &lt;div&gt;
    &lt;div
      class=&quot;MuiBox-root css-18a4bm4&quot;
    &gt;
      &lt;span
        class=&quot;MuiCircularProgress-root MuiCircularProgress-indeterminate MuiCircularProgress-colorPrimary css-12581y6-MuiCircularProgress-root&quot;
        role=&quot;progressbar&quot;
        style=&quot;width: 32px; height: 32px;&quot;
      &gt;
        &lt;svg
          class=&quot;MuiCircularProgress-svg css-1idz92c-MuiCircularProgress-svg&quot;
          viewBox=&quot;22 22 44 44&quot;
        &gt;
          &lt;circle
            class=&quot;MuiCircularProgress-circle MuiCircularProgress-circleIndeterminate css-176wh8e-MuiCircularProgress-circle&quot;
            cx=&quot;44&quot;
            cy=&quot;44&quot;
            fill=&quot;none&quot;
            r=&quot;20.2&quot;
            stroke-width=&quot;3.6&quot;
          /&gt;
        &lt;/svg&gt;
      &lt;/span&gt;
      &lt;p
        class=&quot;MuiTypography-root MuiTypography-body1 css-nd5osh-MuiTypography-root&quot;
      &gt;
        Devrimsel özellikler yükleniyor...
      &lt;/p&gt;
    &lt;/div&gt;
  &lt;/div&gt;
&lt;/body&gt;

Ignored nodes: comments, script, style
&lt;html&gt;
  &lt;head /&gt;
  &lt;body&gt;
    &lt;div&gt;
      &lt;div
        class=&quot;MuiBox-root css-18a4bm4&quot;
      &gt;
        &lt;span
          class=&quot;MuiCircularProgress-root MuiCircularProgress-indeterminate MuiCircularProgress-colorPrimary css-12581y6-MuiCircularProgress-root&quot;
          role=&quot;progressbar&quot;
          style=&quot;width: 32px; height: 32px;&quot;
        &gt;
          &lt;svg
            class=&quot;MuiCircularProgress-svg css-1idz92c-MuiCircularProgress-svg&quot;
            viewBox=&quot;22 22 44 44&quot;
          &gt;
            &lt;circle
              class=&quot;MuiCircularProgress-circle MuiCircularProgress-circleIndeterminate css-176wh8e-MuiCircularProgress-circle&quot;
              cx=&quot;44&quot;
              cy=&quot;44&quot;
              fill=&quot;none&quot;
              r=&quot;20.2&quot;
              stroke-width=&quot;3.6&quot;
            /&gt;
          &lt;/svg&gt;
        &lt;/span&gt;
        &lt;p
          class=&quot;MuiTypography-root MuiTypography-body1 css-nd5osh-MuiTypography-root&quot;
        &gt;
          Devrimsel özellikler yükleniyor...
        &lt;/p&gt;
      &lt;/div&gt;
    &lt;/div&gt;
  &lt;/body&gt;
&lt;/html&gt;
 ❯ waitForWrapper node_modules/@testing-library/react/node_modules/@testing-library/dom/dist/wait-for.js:163:27
 ❯ src/test/components/Revolutionary/RevolutionaryDashboard.test.tsx:260:11
            </failure>
        </testcase>
        <testcase classname="src/test/components/Revolutionary/RevolutionaryDashboard.test.tsx" name="RevolutionaryDashboard &gt; handles real-time updates for agent status" time="1.0514691">
            <failure message="Unable to find an element with the text: /aktif bağlantılar: 3/i. This could be because the text is broken up by multiple elements. In this case, you can provide a function for your text matcher to make your matcher more flexible.

Ignored nodes: comments, script, style
[36m&lt;body&gt;[39m
  [36m&lt;div&gt;[39m
    [36m&lt;div[39m
      [33mclass[39m=[32m&quot;MuiBox-root css-18a4bm4&quot;[39m
    [36m&gt;[39m
      [36m&lt;span[39m
        [33mclass[39m=[32m&quot;MuiCircularProgress-root MuiCircularProgress-indeterminate MuiCircularProgress-colorPrimary css-12581y6-MuiCircularProgress-root&quot;[39m
        [33mrole[39m=[32m&quot;progressbar&quot;[39m
        [33mstyle[39m=[32m&quot;width: 32px; height: 32px;&quot;[39m
      [36m&gt;[39m
        [36m&lt;svg[39m
          [33mclass[39m=[32m&quot;MuiCircularProgress-svg css-1idz92c-MuiCircularProgress-svg&quot;[39m
          [33mviewBox[39m=[32m&quot;22 22 44 44&quot;[39m
        [36m&gt;[39m
          [36m&lt;circle[39m
            [33mclass[39m=[32m&quot;MuiCircularProgress-circle MuiCircularProgress-circleIndeterminate css-176wh8e-MuiCircularProgress-circle&quot;[39m
            [33mcx[39m=[32m&quot;44&quot;[39m
            [33mcy[39m=[32m&quot;44&quot;[39m
            [33mfill[39m=[32m&quot;none&quot;[39m
            [33mr[39m=[32m&quot;20.2&quot;[39m
            [33mstroke-width[39m=[32m&quot;3.6&quot;[39m
          [36m/&gt;[39m
        [36m&lt;/svg&gt;[39m
      [36m&lt;/span&gt;[39m
      [36m&lt;p[39m
        [33mclass[39m=[32m&quot;MuiTypography-root MuiTypography-body1 css-nd5osh-MuiTypography-root&quot;[39m
      [36m&gt;[39m
        [0mDevrimsel özellikler yükleniyor...[0m
      [36m&lt;/p&gt;[39m
    [36m&lt;/div&gt;[39m
  [36m&lt;/div&gt;[39m
[36m&lt;/body&gt;[39m

Ignored nodes: comments, script, style
[36m&lt;html&gt;[39m
  [36m&lt;head /&gt;[39m
  [36m&lt;body&gt;[39m
    [36m&lt;div&gt;[39m
      [36m&lt;div[39m
        [33mclass[39m=[32m&quot;MuiBox-root css-18a4bm4&quot;[39m
      [36m&gt;[39m
        [36m&lt;span[39m
          [33mclass[39m=[32m&quot;MuiCircularProgress-root MuiCircularProgress-indeterminate MuiCircularProgress-colorPrimary css-12581y6-MuiCircularProgress-root&quot;[39m
          [33mrole[39m=[32m&quot;progressbar&quot;[39m
          [33mstyle[39m=[32m&quot;width: 32px; height: 32px;&quot;[39m
        [36m&gt;[39m
          [36m&lt;svg[39m
            [33mclass[39m=[32m&quot;MuiCircularProgress-svg css-1idz92c-MuiCircularProgress-svg&quot;[39m
            [33mviewBox[39m=[32m&quot;22 22 44 44&quot;[39m
          [36m&gt;[39m
            [36m&lt;circle[39m
              [33mclass[39m=[32m&quot;MuiCircularProgress-circle MuiCircularProgress-circleIndeterminate css-176wh8e-MuiCircularProgress-circle&quot;[39m
              [33mcx[39m=[32m&quot;44&quot;[39m
              [33mcy[39m=[32m&quot;44&quot;[39m
              [33mfill[39m=[32m&quot;none&quot;[39m
              [33mr[39m=[32m&quot;20.2&quot;[39m
              [33mstroke-width[39m=[32m&quot;3.6&quot;[39m
            [36m/&gt;[39m
          [36m&lt;/svg&gt;[39m
        [36m&lt;/span&gt;[39m
        [36m&lt;p[39m
          [33mclass[39m=[32m&quot;MuiTypography-root MuiTypography-body1 css-nd5osh-MuiTypography-root&quot;[39m
        [36m&gt;[39m
          [0mDevrimsel özellikler yükleniyor...[0m
        [36m&lt;/p&gt;[39m
      [36m&lt;/div&gt;[39m
    [36m&lt;/div&gt;[39m
  [36m&lt;/body&gt;[39m
[36m&lt;/html&gt;[39m" type="TestingLibraryElementError">
TestingLibraryElementError: Unable to find an element with the text: /aktif bağlantılar: 3/i. This could be because the text is broken up by multiple elements. In this case, you can provide a function for your text matcher to make your matcher more flexible.

Ignored nodes: comments, script, style
&lt;body&gt;
  &lt;div&gt;
    &lt;div
      class=&quot;MuiBox-root css-18a4bm4&quot;
    &gt;
      &lt;span
        class=&quot;MuiCircularProgress-root MuiCircularProgress-indeterminate MuiCircularProgress-colorPrimary css-12581y6-MuiCircularProgress-root&quot;
        role=&quot;progressbar&quot;
        style=&quot;width: 32px; height: 32px;&quot;
      &gt;
        &lt;svg
          class=&quot;MuiCircularProgress-svg css-1idz92c-MuiCircularProgress-svg&quot;
          viewBox=&quot;22 22 44 44&quot;
        &gt;
          &lt;circle
            class=&quot;MuiCircularProgress-circle MuiCircularProgress-circleIndeterminate css-176wh8e-MuiCircularProgress-circle&quot;
            cx=&quot;44&quot;
            cy=&quot;44&quot;
            fill=&quot;none&quot;
            r=&quot;20.2&quot;
            stroke-width=&quot;3.6&quot;
          /&gt;
        &lt;/svg&gt;
      &lt;/span&gt;
      &lt;p
        class=&quot;MuiTypography-root MuiTypography-body1 css-nd5osh-MuiTypography-root&quot;
      &gt;
        Devrimsel özellikler yükleniyor...
      &lt;/p&gt;
    &lt;/div&gt;
  &lt;/div&gt;
&lt;/body&gt;

Ignored nodes: comments, script, style
&lt;html&gt;
  &lt;head /&gt;
  &lt;body&gt;
    &lt;div&gt;
      &lt;div
        class=&quot;MuiBox-root css-18a4bm4&quot;
      &gt;
        &lt;span
          class=&quot;MuiCircularProgress-root MuiCircularProgress-indeterminate MuiCircularProgress-colorPrimary css-12581y6-MuiCircularProgress-root&quot;
          role=&quot;progressbar&quot;
          style=&quot;width: 32px; height: 32px;&quot;
        &gt;
          &lt;svg
            class=&quot;MuiCircularProgress-svg css-1idz92c-MuiCircularProgress-svg&quot;
            viewBox=&quot;22 22 44 44&quot;
          &gt;
            &lt;circle
              class=&quot;MuiCircularProgress-circle MuiCircularProgress-circleIndeterminate css-176wh8e-MuiCircularProgress-circle&quot;
              cx=&quot;44&quot;
              cy=&quot;44&quot;
              fill=&quot;none&quot;
              r=&quot;20.2&quot;
              stroke-width=&quot;3.6&quot;
            /&gt;
          &lt;/svg&gt;
        &lt;/span&gt;
        &lt;p
          class=&quot;MuiTypography-root MuiTypography-body1 css-nd5osh-MuiTypography-root&quot;
        &gt;
          Devrimsel özellikler yükleniyor...
        &lt;/p&gt;
      &lt;/div&gt;
    &lt;/div&gt;
  &lt;/body&gt;
&lt;/html&gt;
 ❯ waitForWrapper node_modules/@testing-library/react/node_modules/@testing-library/dom/dist/wait-for.js:163:27
 ❯ src/test/components/Revolutionary/RevolutionaryDashboard.test.tsx:276:11
            </failure>
        </testcase>
        <testcase classname="src/test/components/Revolutionary/RevolutionaryDashboard.test.tsx" name="RevolutionaryDashboard &gt; supports keyboard navigation" time="1.0399826">
            <failure message="Unable to find an element with the text: V-A-V-S. This could be because the text is broken up by multiple elements. In this case, you can provide a function for your text matcher to make your matcher more flexible.

Ignored nodes: comments, script, style
[36m&lt;body&gt;[39m
  [36m&lt;div&gt;[39m
    [36m&lt;div[39m
      [33mclass[39m=[32m&quot;MuiBox-root css-18a4bm4&quot;[39m
    [36m&gt;[39m
      [36m&lt;span[39m
        [33mclass[39m=[32m&quot;MuiCircularProgress-root MuiCircularProgress-indeterminate MuiCircularProgress-colorPrimary css-12581y6-MuiCircularProgress-root&quot;[39m
        [33mrole[39m=[32m&quot;progressbar&quot;[39m
        [33mstyle[39m=[32m&quot;width: 32px; height: 32px;&quot;[39m
      [36m&gt;[39m
        [36m&lt;svg[39m
          [33mclass[39m=[32m&quot;MuiCircularProgress-svg css-1idz92c-MuiCircularProgress-svg&quot;[39m
          [33mviewBox[39m=[32m&quot;22 22 44 44&quot;[39m
        [36m&gt;[39m
          [36m&lt;circle[39m
            [33mclass[39m=[32m&quot;MuiCircularProgress-circle MuiCircularProgress-circleIndeterminate css-176wh8e-MuiCircularProgress-circle&quot;[39m
            [33mcx[39m=[32m&quot;44&quot;[39m
            [33mcy[39m=[32m&quot;44&quot;[39m
            [33mfill[39m=[32m&quot;none&quot;[39m
            [33mr[39m=[32m&quot;20.2&quot;[39m
            [33mstroke-width[39m=[32m&quot;3.6&quot;[39m
          [36m/&gt;[39m
        [36m&lt;/svg&gt;[39m
      [36m&lt;/span&gt;[39m
      [36m&lt;p[39m
        [33mclass[39m=[32m&quot;MuiTypography-root MuiTypography-body1 css-nd5osh-MuiTypography-root&quot;[39m
      [36m&gt;[39m
        [0mDevrimsel özellikler yükleniyor...[0m
      [36m&lt;/p&gt;[39m
    [36m&lt;/div&gt;[39m
  [36m&lt;/div&gt;[39m
[36m&lt;/body&gt;[39m

Ignored nodes: comments, script, style
[36m&lt;html&gt;[39m
  [36m&lt;head /&gt;[39m
  [36m&lt;body&gt;[39m
    [36m&lt;div&gt;[39m
      [36m&lt;div[39m
        [33mclass[39m=[32m&quot;MuiBox-root css-18a4bm4&quot;[39m
      [36m&gt;[39m
        [36m&lt;span[39m
          [33mclass[39m=[32m&quot;MuiCircularProgress-root MuiCircularProgress-indeterminate MuiCircularProgress-colorPrimary css-12581y6-MuiCircularProgress-root&quot;[39m
          [33mrole[39m=[32m&quot;progressbar&quot;[39m
          [33mstyle[39m=[32m&quot;width: 32px; height: 32px;&quot;[39m
        [36m&gt;[39m
          [36m&lt;svg[39m
            [33mclass[39m=[32m&quot;MuiCircularProgress-svg css-1idz92c-MuiCircularProgress-svg&quot;[39m
            [33mviewBox[39m=[32m&quot;22 22 44 44&quot;[39m
          [36m&gt;[39m
            [36m&lt;circle[39m
              [33mclass[39m=[32m&quot;MuiCircularProgress-circle MuiCircularProgress-circleIndeterminate css-176wh8e-MuiCircularProgress-circle&quot;[39m
              [33mcx[39m=[32m&quot;44&quot;[39m
              [33mcy[39m=[32m&quot;44&quot;[39m
              [33mfill[39m=[32m&quot;none&quot;[39m
              [33mr[39m=[32m&quot;20.2&quot;[39m
              [33mstroke-width[39m=[32m&quot;3.6&quot;[39m
            [36m/&gt;[39m
          [36m&lt;/svg&gt;[39m
        [36m&lt;/span&gt;[39m
        [36m&lt;p[39m
          [33mclass[39m=[32m&quot;MuiTypography-root MuiTypography-body1 css-nd5osh-MuiTypography-root&quot;[39m
        [36m&gt;[39m
          [0mDevrimsel özellikler yükleniyor...[0m
        [36m&lt;/p&gt;[39m
      [36m&lt;/div&gt;[39m
    [36m&lt;/div&gt;[39m
  [36m&lt;/body&gt;[39m
[36m&lt;/html&gt;[39m" type="TestingLibraryElementError">
TestingLibraryElementError: Unable to find an element with the text: V-A-V-S. This could be because the text is broken up by multiple elements. In this case, you can provide a function for your text matcher to make your matcher more flexible.

Ignored nodes: comments, script, style
&lt;body&gt;
  &lt;div&gt;
    &lt;div
      class=&quot;MuiBox-root css-18a4bm4&quot;
    &gt;
      &lt;span
        class=&quot;MuiCircularProgress-root MuiCircularProgress-indeterminate MuiCircularProgress-colorPrimary css-12581y6-MuiCircularProgress-root&quot;
        role=&quot;progressbar&quot;
        style=&quot;width: 32px; height: 32px;&quot;
      &gt;
        &lt;svg
          class=&quot;MuiCircularProgress-svg css-1idz92c-MuiCircularProgress-svg&quot;
          viewBox=&quot;22 22 44 44&quot;
        &gt;
          &lt;circle
            class=&quot;MuiCircularProgress-circle MuiCircularProgress-circleIndeterminate css-176wh8e-MuiCircularProgress-circle&quot;
            cx=&quot;44&quot;
            cy=&quot;44&quot;
            fill=&quot;none&quot;
            r=&quot;20.2&quot;
            stroke-width=&quot;3.6&quot;
          /&gt;
        &lt;/svg&gt;
      &lt;/span&gt;
      &lt;p
        class=&quot;MuiTypography-root MuiTypography-body1 css-nd5osh-MuiTypography-root&quot;
      &gt;
        Devrimsel özellikler yükleniyor...
      &lt;/p&gt;
    &lt;/div&gt;
  &lt;/div&gt;
&lt;/body&gt;

Ignored nodes: comments, script, style
&lt;html&gt;
  &lt;head /&gt;
  &lt;body&gt;
    &lt;div&gt;
      &lt;div
        class=&quot;MuiBox-root css-18a4bm4&quot;
      &gt;
        &lt;span
          class=&quot;MuiCircularProgress-root MuiCircularProgress-indeterminate MuiCircularProgress-colorPrimary css-12581y6-MuiCircularProgress-root&quot;
          role=&quot;progressbar&quot;
          style=&quot;width: 32px; height: 32px;&quot;
        &gt;
          &lt;svg
            class=&quot;MuiCircularProgress-svg css-1idz92c-MuiCircularProgress-svg&quot;
            viewBox=&quot;22 22 44 44&quot;
          &gt;
            &lt;circle
              class=&quot;MuiCircularProgress-circle MuiCircularProgress-circleIndeterminate css-176wh8e-MuiCircularProgress-circle&quot;
              cx=&quot;44&quot;
              cy=&quot;44&quot;
              fill=&quot;none&quot;
              r=&quot;20.2&quot;
              stroke-width=&quot;3.6&quot;
            /&gt;
          &lt;/svg&gt;
        &lt;/span&gt;
        &lt;p
          class=&quot;MuiTypography-root MuiTypography-body1 css-nd5osh-MuiTypography-root&quot;
        &gt;
          Devrimsel özellikler yükleniyor...
        &lt;/p&gt;
      &lt;/div&gt;
    &lt;/div&gt;
  &lt;/body&gt;
&lt;/html&gt;
 ❯ waitForWrapper node_modules/@testing-library/react/node_modules/@testing-library/dom/dist/wait-for.js:163:27
 ❯ src/test/components/Revolutionary/RevolutionaryDashboard.test.tsx:312:11
            </failure>
        </testcase>
        <testcase classname="src/test/components/Revolutionary/RevolutionaryDashboard.test.tsx" name="RevolutionaryDashboard &gt; displays tooltips for complex features" time="1.0400506">
            <failure message="Unable to find an element with the text: V-A-V-S. This could be because the text is broken up by multiple elements. In this case, you can provide a function for your text matcher to make your matcher more flexible.

Ignored nodes: comments, script, style
[36m&lt;body&gt;[39m
  [36m&lt;div&gt;[39m
    [36m&lt;div[39m
      [33mclass[39m=[32m&quot;MuiBox-root css-18a4bm4&quot;[39m
    [36m&gt;[39m
      [36m&lt;span[39m
        [33mclass[39m=[32m&quot;MuiCircularProgress-root MuiCircularProgress-indeterminate MuiCircularProgress-colorPrimary css-12581y6-MuiCircularProgress-root&quot;[39m
        [33mrole[39m=[32m&quot;progressbar&quot;[39m
        [33mstyle[39m=[32m&quot;width: 32px; height: 32px;&quot;[39m
      [36m&gt;[39m
        [36m&lt;svg[39m
          [33mclass[39m=[32m&quot;MuiCircularProgress-svg css-1idz92c-MuiCircularProgress-svg&quot;[39m
          [33mviewBox[39m=[32m&quot;22 22 44 44&quot;[39m
        [36m&gt;[39m
          [36m&lt;circle[39m
            [33mclass[39m=[32m&quot;MuiCircularProgress-circle MuiCircularProgress-circleIndeterminate css-176wh8e-MuiCircularProgress-circle&quot;[39m
            [33mcx[39m=[32m&quot;44&quot;[39m
            [33mcy[39m=[32m&quot;44&quot;[39m
            [33mfill[39m=[32m&quot;none&quot;[39m
            [33mr[39m=[32m&quot;20.2&quot;[39m
            [33mstroke-width[39m=[32m&quot;3.6&quot;[39m
          [36m/&gt;[39m
        [36m&lt;/svg&gt;[39m
      [36m&lt;/span&gt;[39m
      [36m&lt;p[39m
        [33mclass[39m=[32m&quot;MuiTypography-root MuiTypography-body1 css-nd5osh-MuiTypography-root&quot;[39m
      [36m&gt;[39m
        [0mDevrimsel özellikler yükleniyor...[0m
      [36m&lt;/p&gt;[39m
    [36m&lt;/div&gt;[39m
  [36m&lt;/div&gt;[39m
[36m&lt;/body&gt;[39m

Ignored nodes: comments, script, style
[36m&lt;html&gt;[39m
  [36m&lt;head /&gt;[39m
  [36m&lt;body&gt;[39m
    [36m&lt;div&gt;[39m
      [36m&lt;div[39m
        [33mclass[39m=[32m&quot;MuiBox-root css-18a4bm4&quot;[39m
      [36m&gt;[39m
        [36m&lt;span[39m
          [33mclass[39m=[32m&quot;MuiCircularProgress-root MuiCircularProgress-indeterminate MuiCircularProgress-colorPrimary css-12581y6-MuiCircularProgress-root&quot;[39m
          [33mrole[39m=[32m&quot;progressbar&quot;[39m
          [33mstyle[39m=[32m&quot;width: 32px; height: 32px;&quot;[39m
        [36m&gt;[39m
          [36m&lt;svg[39m
            [33mclass[39m=[32m&quot;MuiCircularProgress-svg css-1idz92c-MuiCircularProgress-svg&quot;[39m
            [33mviewBox[39m=[32m&quot;22 22 44 44&quot;[39m
          [36m&gt;[39m
            [36m&lt;circle[39m
              [33mclass[39m=[32m&quot;MuiCircularProgress-circle MuiCircularProgress-circleIndeterminate css-176wh8e-MuiCircularProgress-circle&quot;[39m
              [33mcx[39m=[32m&quot;44&quot;[39m
              [33mcy[39m=[32m&quot;44&quot;[39m
              [33mfill[39m=[32m&quot;none&quot;[39m
              [33mr[39m=[32m&quot;20.2&quot;[39m
              [33mstroke-width[39m=[32m&quot;3.6&quot;[39m
            [36m/&gt;[39m
          [36m&lt;/svg&gt;[39m
        [36m&lt;/span&gt;[39m
        [36m&lt;p[39m
          [33mclass[39m=[32m&quot;MuiTypography-root MuiTypography-body1 css-nd5osh-MuiTypography-root&quot;[39m
        [36m&gt;[39m
          [0mDevrimsel özellikler yükleniyor...[0m
        [36m&lt;/p&gt;[39m
      [36m&lt;/div&gt;[39m
    [36m&lt;/div&gt;[39m
  [36m&lt;/body&gt;[39m
[36m&lt;/html&gt;[39m" type="TestingLibraryElementError">
TestingLibraryElementError: Unable to find an element with the text: V-A-V-S. This could be because the text is broken up by multiple elements. In this case, you can provide a function for your text matcher to make your matcher more flexible.

Ignored nodes: comments, script, style
&lt;body&gt;
  &lt;div&gt;
    &lt;div
      class=&quot;MuiBox-root css-18a4bm4&quot;
    &gt;
      &lt;span
        class=&quot;MuiCircularProgress-root MuiCircularProgress-indeterminate MuiCircularProgress-colorPrimary css-12581y6-MuiCircularProgress-root&quot;
        role=&quot;progressbar&quot;
        style=&quot;width: 32px; height: 32px;&quot;
      &gt;
        &lt;svg
          class=&quot;MuiCircularProgress-svg css-1idz92c-MuiCircularProgress-svg&quot;
          viewBox=&quot;22 22 44 44&quot;
        &gt;
          &lt;circle
            class=&quot;MuiCircularProgress-circle MuiCircularProgress-circleIndeterminate css-176wh8e-MuiCircularProgress-circle&quot;
            cx=&quot;44&quot;
            cy=&quot;44&quot;
            fill=&quot;none&quot;
            r=&quot;20.2&quot;
            stroke-width=&quot;3.6&quot;
          /&gt;
        &lt;/svg&gt;
      &lt;/span&gt;
      &lt;p
        class=&quot;MuiTypography-root MuiTypography-body1 css-nd5osh-MuiTypography-root&quot;
      &gt;
        Devrimsel özellikler yükleniyor...
      &lt;/p&gt;
    &lt;/div&gt;
  &lt;/div&gt;
&lt;/body&gt;

Ignored nodes: comments, script, style
&lt;html&gt;
  &lt;head /&gt;
  &lt;body&gt;
    &lt;div&gt;
      &lt;div
        class=&quot;MuiBox-root css-18a4bm4&quot;
      &gt;
        &lt;span
          class=&quot;MuiCircularProgress-root MuiCircularProgress-indeterminate MuiCircularProgress-colorPrimary css-12581y6-MuiCircularProgress-root&quot;
          role=&quot;progressbar&quot;
          style=&quot;width: 32px; height: 32px;&quot;
        &gt;
          &lt;svg
            class=&quot;MuiCircularProgress-svg css-1idz92c-MuiCircularProgress-svg&quot;
            viewBox=&quot;22 22 44 44&quot;
          &gt;
            &lt;circle
              class=&quot;MuiCircularProgress-circle MuiCircularProgress-circleIndeterminate css-176wh8e-MuiCircularProgress-circle&quot;
              cx=&quot;44&quot;
              cy=&quot;44&quot;
              fill=&quot;none&quot;
              r=&quot;20.2&quot;
              stroke-width=&quot;3.6&quot;
            /&gt;
          &lt;/svg&gt;
        &lt;/span&gt;
        &lt;p
          class=&quot;MuiTypography-root MuiTypography-body1 css-nd5osh-MuiTypography-root&quot;
        &gt;
          Devrimsel özellikler yükleniyor...
        &lt;/p&gt;
      &lt;/div&gt;
    &lt;/div&gt;
  &lt;/body&gt;
&lt;/html&gt;
 ❯ waitForWrapper node_modules/@testing-library/react/node_modules/@testing-library/dom/dist/wait-for.js:163:27
 ❯ src/test/components/Revolutionary/RevolutionaryDashboard.test.tsx:330:11
            </failure>
        </testcase>
        <testcase classname="src/test/components/Revolutionary/RevolutionaryDashboard.test.tsx" name="RevolutionaryDashboard &gt; handles empty data states gracefully" time="1.0328611">
            <failure message="Unable to find an element with the text: /henüz kart bulunmuyor/i. This could be because the text is broken up by multiple elements. In this case, you can provide a function for your text matcher to make your matcher more flexible.

Ignored nodes: comments, script, style
[36m&lt;body&gt;[39m
  [36m&lt;div&gt;[39m
    [36m&lt;div[39m
      [33mclass[39m=[32m&quot;MuiBox-root css-18a4bm4&quot;[39m
    [36m&gt;[39m
      [36m&lt;span[39m
        [33mclass[39m=[32m&quot;MuiCircularProgress-root MuiCircularProgress-indeterminate MuiCircularProgress-colorPrimary css-12581y6-MuiCircularProgress-root&quot;[39m
        [33mrole[39m=[32m&quot;progressbar&quot;[39m
        [33mstyle[39m=[32m&quot;width: 32px; height: 32px;&quot;[39m
      [36m&gt;[39m
        [36m&lt;svg[39m
          [33mclass[39m=[32m&quot;MuiCircularProgress-svg css-1idz92c-MuiCircularProgress-svg&quot;[39m
          [33mviewBox[39m=[32m&quot;22 22 44 44&quot;[39m
        [36m&gt;[39m
          [36m&lt;circle[39m
            [33mclass[39m=[32m&quot;MuiCircularProgress-circle MuiCircularProgress-circleIndeterminate css-176wh8e-MuiCircularProgress-circle&quot;[39m
            [33mcx[39m=[32m&quot;44&quot;[39m
            [33mcy[39m=[32m&quot;44&quot;[39m
            [33mfill[39m=[32m&quot;none&quot;[39m
            [33mr[39m=[32m&quot;20.2&quot;[39m
            [33mstroke-width[39m=[32m&quot;3.6&quot;[39m
          [36m/&gt;[39m
        [36m&lt;/svg&gt;[39m
      [36m&lt;/span&gt;[39m
      [36m&lt;p[39m
        [33mclass[39m=[32m&quot;MuiTypography-root MuiTypography-body1 css-nd5osh-MuiTypography-root&quot;[39m
      [36m&gt;[39m
        [0mDevrimsel özellikler yükleniyor...[0m
      [36m&lt;/p&gt;[39m
    [36m&lt;/div&gt;[39m
  [36m&lt;/div&gt;[39m
[36m&lt;/body&gt;[39m

Ignored nodes: comments, script, style
[36m&lt;html&gt;[39m
  [36m&lt;head /&gt;[39m
  [36m&lt;body&gt;[39m
    [36m&lt;div&gt;[39m
      [36m&lt;div[39m
        [33mclass[39m=[32m&quot;MuiBox-root css-18a4bm4&quot;[39m
      [36m&gt;[39m
        [36m&lt;span[39m
          [33mclass[39m=[32m&quot;MuiCircularProgress-root MuiCircularProgress-indeterminate MuiCircularProgress-colorPrimary css-12581y6-MuiCircularProgress-root&quot;[39m
          [33mrole[39m=[32m&quot;progressbar&quot;[39m
          [33mstyle[39m=[32m&quot;width: 32px; height: 32px;&quot;[39m
        [36m&gt;[39m
          [36m&lt;svg[39m
            [33mclass[39m=[32m&quot;MuiCircularProgress-svg css-1idz92c-MuiCircularProgress-svg&quot;[39m
            [33mviewBox[39m=[32m&quot;22 22 44 44&quot;[39m
          [36m&gt;[39m
            [36m&lt;circle[39m
              [33mclass[39m=[32m&quot;MuiCircularProgress-circle MuiCircularProgress-circleIndeterminate css-176wh8e-MuiCircularProgress-circle&quot;[39m
              [33mcx[39m=[32m&quot;44&quot;[39m
              [33mcy[39m=[32m&quot;44&quot;[39m
              [33mfill[39m=[32m&quot;none&quot;[39m
              [33mr[39m=[32m&quot;20.2&quot;[39m
              [33mstroke-width[39m=[32m&quot;3.6&quot;[39m
            [36m/&gt;[39m
          [36m&lt;/svg&gt;[39m
        [36m&lt;/span&gt;[39m
        [36m&lt;p[39m
          [33mclass[39m=[32m&quot;MuiTypography-root MuiTypography-body1 css-nd5osh-MuiTypography-root&quot;[39m
        [36m&gt;[39m
          [0mDevrimsel özellikler yükleniyor...[0m
        [36m&lt;/p&gt;[39m
      [36m&lt;/div&gt;[39m
    [36m&lt;/div&gt;[39m
  [36m&lt;/body&gt;[39m
[36m&lt;/html&gt;[39m" type="TestingLibraryElementError">
TestingLibraryElementError: Unable to find an element with the text: /henüz kart bulunmuyor/i. This could be because the text is broken up by multiple elements. In this case, you can provide a function for your text matcher to make your matcher more flexible.

Ignored nodes: comments, script, style
&lt;body&gt;
  &lt;div&gt;
    &lt;div
      class=&quot;MuiBox-root css-18a4bm4&quot;
    &gt;
      &lt;span
        class=&quot;MuiCircularProgress-root MuiCircularProgress-indeterminate MuiCircularProgress-colorPrimary css-12581y6-MuiCircularProgress-root&quot;
        role=&quot;progressbar&quot;
        style=&quot;width: 32px; height: 32px;&quot;
      &gt;
        &lt;svg
          class=&quot;MuiCircularProgress-svg css-1idz92c-MuiCircularProgress-svg&quot;
          viewBox=&quot;22 22 44 44&quot;
        &gt;
          &lt;circle
            class=&quot;MuiCircularProgress-circle MuiCircularProgress-circleIndeterminate css-176wh8e-MuiCircularProgress-circle&quot;
            cx=&quot;44&quot;
            cy=&quot;44&quot;
            fill=&quot;none&quot;
            r=&quot;20.2&quot;
            stroke-width=&quot;3.6&quot;
          /&gt;
        &lt;/svg&gt;
      &lt;/span&gt;
      &lt;p
        class=&quot;MuiTypography-root MuiTypography-body1 css-nd5osh-MuiTypography-root&quot;
      &gt;
        Devrimsel özellikler yükleniyor...
      &lt;/p&gt;
    &lt;/div&gt;
  &lt;/div&gt;
&lt;/body&gt;

Ignored nodes: comments, script, style
&lt;html&gt;
  &lt;head /&gt;
  &lt;body&gt;
    &lt;div&gt;
      &lt;div
        class=&quot;MuiBox-root css-18a4bm4&quot;
      &gt;
        &lt;span
          class=&quot;MuiCircularProgress-root MuiCircularProgress-indeterminate MuiCircularProgress-colorPrimary css-12581y6-MuiCircularProgress-root&quot;
          role=&quot;progressbar&quot;
          style=&quot;width: 32px; height: 32px;&quot;
        &gt;
          &lt;svg
            class=&quot;MuiCircularProgress-svg css-1idz92c-MuiCircularProgress-svg&quot;
            viewBox=&quot;22 22 44 44&quot;
          &gt;
            &lt;circle
              class=&quot;MuiCircularProgress-circle MuiCircularProgress-circleIndeterminate css-176wh8e-MuiCircularProgress-circle&quot;
              cx=&quot;44&quot;
              cy=&quot;44&quot;
              fill=&quot;none&quot;
              r=&quot;20.2&quot;
              stroke-width=&quot;3.6&quot;
            /&gt;
          &lt;/svg&gt;
        &lt;/span&gt;
        &lt;p
          class=&quot;MuiTypography-root MuiTypography-body1 css-nd5osh-MuiTypography-root&quot;
        &gt;
          Devrimsel özellikler yükleniyor...
        &lt;/p&gt;
      &lt;/div&gt;
    &lt;/div&gt;
  &lt;/body&gt;
&lt;/html&gt;
 ❯ waitForWrapper node_modules/@testing-library/react/node_modules/@testing-library/dom/dist/wait-for.js:163:27
 ❯ src/test/components/Revolutionary/RevolutionaryDashboard.test.tsx:358:11
            </failure>
        </testcase>
    </testsuite>
    <testsuite name="src/test/components/Revolutionary/RevolutionaryIntegration.test.tsx" timestamp="2025-11-14T16:56:53.200Z" hostname="ates" tests="12" failures="9" errors="0" skipped="0" time="21.1364971">
        <testcase classname="src/test/components/Revolutionary/RevolutionaryIntegration.test.tsx" name="Revolutionary Features Integration &gt; FSRSScheduler Integration &gt; should load FSRS cards and display them" time="2.2242432">
            <failure message="expected &quot;spy&quot; to be called with arguments: [ &apos;test-student-123&apos;, &apos;matematik&apos; ][90m

Number of calls: [1m0[22m
[39m

Ignored nodes: comments, script, style
[36m&lt;html&gt;[39m
  [36m&lt;head /&gt;[39m
  [36m&lt;body&gt;[39m
    [36m&lt;div&gt;[39m
      [36m&lt;div[39m
        [33mclass[39m=[32m&quot;MuiBox-root css-vhc5pf&quot;[39m
      [36m&gt;[39m
        [36m&lt;div[39m
          [33mclass[39m=[32m&quot;MuiBox-root css-3b2wtl&quot;[39m
        [36m&gt;[39m
          [36m&lt;div[39m
            [33mclass[39m=[32m&quot;MuiBox-root css-15r6rwp&quot;[39m
          [36m&gt;[39m
            [36m&lt;svg[39m
              [33maria-hidden[39m=[32m&quot;true&quot;[39m
              [33mclass[39m=[32m&quot;MuiSvgIcon-root MuiSvgIcon-fontSizeMedium css-1vbt6uj-MuiSvgIcon-root&quot;[39m
              [33mdata-testid[39m=[32m&quot;ScheduleIcon&quot;[39m
              [33mfocusable[39m=[32m&quot;false&quot;[39m
              [33mviewBox[39m=[32m&quot;0 0 24 24&quot;[39m
            [36m&gt;[39m
              [36m&lt;path[39m
                [33md[39m=[32m&quot;M11.99 2C6.47 2 2 6.48 2 12s4.47 10 9.99 10C17.52 22 22 17.52 22 12S17.52 2 11.99 2M12 20c-4.42 0-8-3.58-8-8s3.58-8 8-8 8 3.58 8 8-3.58 8-8 8&quot;[39m
              [36m/&gt;[39m
              [36m&lt;path[39m
                [33md[39m=[32m&quot;M12.5 7H11v6l5.25 3.15.75-1.23-4.5-2.67z&quot;[39m
              [36m/&gt;[39m
            [36m&lt;/svg&gt;[39m
            [36m&lt;h1[39m
              [33mclass[39m=[32m&quot;MuiTypography-root MuiTypography-h3 css-1ey9xtw-MuiTypography-root&quot;[39m
            [36m&gt;[39m
              [0mFSRS Tekrar Zamanlaması[0m
            [36m&lt;/h1&gt;[39m
            [36m&lt;button[39m
              [33maria-label[39m=[32m&quot;17 parametreli Türk öğrenci davranışlarına optimize edilmiş sistem&quot;[39m
              [33mclass[39m=[32m&quot;MuiButtonBase-root MuiIconButton-root MuiIconButton-sizeMedium css-78trlr-MuiButtonBase-root-MuiIconButton-root&quot;[39m
              [33mdata-mui-internal-clone-element[39m=[32m&quot;true&quot;[39m
              [33mtabindex[39m=[32m&quot;0&quot;[39m
              [33mtype[39m=[32m&quot;button&quot;[39m
            [36m&gt;[39m
              [36m&lt;svg[39m
                [33maria-hidden[39m=[32m&quot;true&quot;[39m
                [33mclass[39m=[32m&quot;MuiSvgIcon-root MuiSvgIcon-fontSizeMedium css-i4bv87-MuiSvgIcon-root&quot;[39m
                [33mdata-testid[39m=[32m&quot;InfoIcon&quot;[39m
                [33mfocusable[39m=[32m&quot;false&quot;[39m
                [33mviewBox[39m=[32m&quot;0 0 24 24&quot;[39m
              [36m&gt;[39m
                [36m&lt;path[39m
                  [33md[39m=[32m&quot;M12 2C6.48 2 2 6.48 2 12s4.48 10 10 10 10-4.48 10-10S17.52 2 12 2m1 15h-2v-6h2zm0-8h-2V7h2z&quot;[39m
                [36m/&gt;[39m
              [36m&lt;/svg&gt;[39m
              [36m&lt;span[39m
                [33mclass[39m=[32m&quot;MuiTouchRipple-root css-8je8zh-MuiTouchRipple-root&quot;[39m
              [36m/&gt;[39m
            [36m&lt;/button&gt;[39m
          [36m&lt;/div&gt;[39m
          [36m&lt;h6[39m
            [33mclass[39m=[32m&quot;MuiTypography-root MuiTypography-h6 MuiTypography-gutterBottom css-137rogq-MuiTypography-root&quot;[39m
          [36m&gt;[39m
            [0mAnki&apos;nin FSRS 4.5&apos;ini geliştiren Türk öğrenci optimizasyonu[0m
          [36m&lt;/h6&gt;[39m
          [36m&lt;div[39m
            [33mclass[39m=[32m&quot;MuiChip-root MuiChip-outlined MuiChip-sizeMedium MuiChip-colorPrimary MuiChip-outlinedPrimary css-how8qn-MuiChip-root&quot;[39m
          [36m&gt;[39m
            [36m&lt;span[39m
              [33mclass[39m=[32m&quot;MuiChip-label MuiChip-labelMedium css-1jzq0dw-MuiChip-label&quot;[39m
            [36m&gt;[39m
              [0m🚀 DEVRİMSEL ÖZELLİK[0m
            [36m&lt;/span&gt;[39m
          [36m&lt;/div&gt;[39m
        [36m&lt;/div&gt;[39m
        [36m&lt;div[39m
          [33mclass[39m=[32m&quot;MuiGrid-root MuiGrid-container MuiGrid-spacing-xs-3 css-1ov6x74-MuiGrid-root&quot;[39m
        [36m&gt;[39m
          [36m&lt;div[39m
            [33mclass[39m=[32m&quot;MuiGrid-root MuiGrid-item MuiGrid-grid-xs-12 MuiGrid-grid-md-3 css-iv7vbz-MuiGrid-root&quot;[39m
          [36m&gt;[39m
            [36m&lt;div[39m
              [33mclass[39m=[32m&quot;MuiPaper-root MuiPaper-elevation MuiPaper-rounded MuiPaper-elevation1 css-1c2tkd9-MuiPaper-root&quot;[39m
            [36m&gt;[39m
              [36m&lt;h3[39m
                [33mclass[39m=[32m&quot;MuiTypography-root MuiTypography-h3 css-qc2mve-MuiTypography-root&quot;[39m
              [36m&gt;[39m
                [0m2[0m
              [36m&lt;/h3&gt;[39m
              [36m&lt;p[39m
                [33mclass[39m=[32m&quot;MuiTypography-root MuiTypography-body2 css-uhz803-MuiTypography-root&quot;[39m
              [36m&gt;[39m
                [0mBugün Tekrar[0m
              [36m&lt;/p&gt;[39m
            [36m&lt;/div&gt;[39m
          [36m&lt;/div&gt;[39m
          [36m&lt;div[39m
            [33mclass[39m=[32m&quot;MuiGrid-root MuiGrid-item MuiGrid-grid-xs-12 MuiGrid-grid-md-3 css-iv7vbz-MuiGrid-root&quot;[39m
          [36m&gt;[39m
            [36m&lt;div[39m
              [33mclass[39m=[32m&quot;MuiPaper-root MuiPaper-elevation MuiPaper-rounded MuiPaper-elevation1 css-doikk4-MuiPaper-root&quot;[39m
            [36m&gt;[39m
              [36m&lt;h3[39m
                [33mclass[39m=[32m&quot;MuiTypography-root MuiTypography-h3 css-1rinu3c-MuiTypography-root&quot;[39m
              [36m&gt;[39m
                [0m0[0m
              [36m&lt;/h3&gt;[39m
              [36m&lt;p[39m
                [33mclass[39m=[32m&quot;MuiTypography-root MuiTypography-body2 css-1a75swt-MuiTypography-root&quot;[39m
              [36m&gt;[39m
                [0mYaklaşan (3 gün)[0m
              [36m&lt;/p&gt;[39m
            [36m&lt;/div&gt;[39m
          [36m&lt;/div&gt;[39m
          [36m&lt;div[39m
            [33mclass[39m=[32m&quot;MuiGrid-root MuiGrid-item MuiGrid-grid-xs-12 MuiGrid-grid-md-3 css-iv7vbz-MuiGrid-root&quot;[39m
          [36m&gt;[39m
            [36m&lt;div[39m
              [33mclass[39m=[32m&quot;MuiPaper-root MuiPaper-elevation MuiPaper-rounded MuiPaper-elevation1 css-wpqv89-MuiPaper-root&quot;[39m
            [36m&gt;[39m
              [36m&lt;h3[39m
                [33mclass[39m=[32m&quot;MuiTypography-root MuiTypography-h3 css-1tvj38j-MuiTypography-root&quot;[39m
              [36m&gt;[39m
                [0m1[0m
              [36m&lt;/h3&gt;[39m
              [36m&lt;p[39m
                [33mclass[39m=[32m&quot;MuiTypography-root MuiTypography-body2 css-ntktg-MuiTypography-root&quot;[39m
              [36m&gt;[39m
                [0mİnceleme Aşaması[0m
              [36m&lt;/p&gt;[39m
            [36m&lt;/div&gt;[39m
          [36m&lt;/div&gt;[39m
          [36m&lt;div[39m
            [33mclass[39m=[32m&quot;MuiGrid-root MuiGrid-item MuiGrid-grid-xs-12 MuiGrid-grid-md-3 css-iv7vbz-MuiGrid-root&quot;[39m
          [36m&gt;[39m
            [36m&lt;div[39m
              [33mclass[39m=[32m&quot;MuiPaper-root MuiPaper-elevation MuiPaper-rounded MuiPaper-elevation1 css-1sn0vcw-MuiPaper-root&quot;[39m
            [36m&gt;[39m
              [36m&lt;h3[39m
                [33mclass[39m=[32m&quot;MuiTypography-root MuiTypography-h3 css-1h866n3-MuiTypography-root&quot;[39m
              [36m&gt;[39m
                [0m2[0m
              [36m&lt;/h3&gt;[39m
              [36m&lt;p[39m
                [33mclass[39m=[32m&quot;MuiTypography-root MuiTypography-body2 css-19djqh4-MuiTypography-root&quot;..." type="AssertionError">
AssertionError: expected &quot;spy&quot; to be called with arguments: [ &apos;test-student-123&apos;, &apos;matematik&apos; ]

Number of calls: 0


Ignored nodes: comments, script, style
&lt;html&gt;
  &lt;head /&gt;
  &lt;body&gt;
    &lt;div&gt;
      &lt;div
        class=&quot;MuiBox-root css-vhc5pf&quot;
      &gt;
        &lt;div
          class=&quot;MuiBox-root css-3b2wtl&quot;
        &gt;
          &lt;div
            class=&quot;MuiBox-root css-15r6rwp&quot;
          &gt;
            &lt;svg
              aria-hidden=&quot;true&quot;
              class=&quot;MuiSvgIcon-root MuiSvgIcon-fontSizeMedium css-1vbt6uj-MuiSvgIcon-root&quot;
              data-testid=&quot;ScheduleIcon&quot;
              focusable=&quot;false&quot;
              viewBox=&quot;0 0 24 24&quot;
            &gt;
              &lt;path
                d=&quot;M11.99 2C6.47 2 2 6.48 2 12s4.47 10 9.99 10C17.52 22 22 17.52 22 12S17.52 2 11.99 2M12 20c-4.42 0-8-3.58-8-8s3.58-8 8-8 8 3.58 8 8-3.58 8-8 8&quot;
              /&gt;
              &lt;path
                d=&quot;M12.5 7H11v6l5.25 3.15.75-1.23-4.5-2.67z&quot;
              /&gt;
            &lt;/svg&gt;
            &lt;h1
              class=&quot;MuiTypography-root MuiTypography-h3 css-1ey9xtw-MuiTypography-root&quot;
            &gt;
              FSRS Tekrar Zamanlaması
            &lt;/h1&gt;
            &lt;button
              aria-label=&quot;17 parametreli Türk öğrenci davranışlarına optimize edilmiş sistem&quot;
              class=&quot;MuiButtonBase-root MuiIconButton-root MuiIconButton-sizeMedium css-78trlr-MuiButtonBase-root-MuiIconButton-root&quot;
              data-mui-internal-clone-element=&quot;true&quot;
              tabindex=&quot;0&quot;
              type=&quot;button&quot;
            &gt;
              &lt;svg
                aria-hidden=&quot;true&quot;
                class=&quot;MuiSvgIcon-root MuiSvgIcon-fontSizeMedium css-i4bv87-MuiSvgIcon-root&quot;
                data-testid=&quot;InfoIcon&quot;
                focusable=&quot;false&quot;
                viewBox=&quot;0 0 24 24&quot;
              &gt;
                &lt;path
                  d=&quot;M12 2C6.48 2 2 6.48 2 12s4.48 10 10 10 10-4.48 10-10S17.52 2 12 2m1 15h-2v-6h2zm0-8h-2V7h2z&quot;
                /&gt;
              &lt;/svg&gt;
              &lt;span
                class=&quot;MuiTouchRipple-root css-8je8zh-MuiTouchRipple-root&quot;
              /&gt;
            &lt;/button&gt;
          &lt;/div&gt;
          &lt;h6
            class=&quot;MuiTypography-root MuiTypography-h6 MuiTypography-gutterBottom css-137rogq-MuiTypography-root&quot;
          &gt;
            Anki&apos;nin FSRS 4.5&apos;ini geliştiren Türk öğrenci optimizasyonu
          &lt;/h6&gt;
          &lt;div
            class=&quot;MuiChip-root MuiChip-outlined MuiChip-sizeMedium MuiChip-colorPrimary MuiChip-outlinedPrimary css-how8qn-MuiChip-root&quot;
          &gt;
            &lt;span
              class=&quot;MuiChip-label MuiChip-labelMedium css-1jzq0dw-MuiChip-label&quot;
            &gt;
              🚀 DEVRİMSEL ÖZELLİK
            &lt;/span&gt;
          &lt;/div&gt;
        &lt;/div&gt;
        &lt;div
          class=&quot;MuiGrid-root MuiGrid-container MuiGrid-spacing-xs-3 css-1ov6x74-MuiGrid-root&quot;
        &gt;
          &lt;div
            class=&quot;MuiGrid-root MuiGrid-item MuiGrid-grid-xs-12 MuiGrid-grid-md-3 css-iv7vbz-MuiGrid-root&quot;
          &gt;
            &lt;div
              class=&quot;MuiPaper-root MuiPaper-elevation MuiPaper-rounded MuiPaper-elevation1 css-1c2tkd9-MuiPaper-root&quot;
            &gt;
              &lt;h3
                class=&quot;MuiTypography-root MuiTypography-h3 css-qc2mve-MuiTypography-root&quot;
              &gt;
                2
              &lt;/h3&gt;
              &lt;p
                class=&quot;MuiTypography-root MuiTypography-body2 css-uhz803-MuiTypography-root&quot;
              &gt;
                Bugün Tekrar
              &lt;/p&gt;
            &lt;/div&gt;
          &lt;/div&gt;
          &lt;div
            class=&quot;MuiGrid-root MuiGrid-item MuiGrid-grid-xs-12 MuiGrid-grid-md-3 css-iv7vbz-MuiGrid-root&quot;
          &gt;
            &lt;div
              class=&quot;MuiPaper-root MuiPaper-elevation MuiPaper-rounded MuiPaper-elevation1 css-doikk4-MuiPaper-root&quot;
            &gt;
              &lt;h3
                class=&quot;MuiTypography-root MuiTypography-h3 css-1rinu3c-MuiTypography-root&quot;
              &gt;
                0
              &lt;/h3&gt;
              &lt;p
                class=&quot;MuiTypography-root MuiTypography-body2 css-1a75swt-MuiTypography-root&quot;
              &gt;
                Yaklaşan (3 gün)
              &lt;/p&gt;
            &lt;/div&gt;
          &lt;/div&gt;
          &lt;div
            class=&quot;MuiGrid-root MuiGrid-item MuiGrid-grid-xs-12 MuiGrid-grid-md-3 css-iv7vbz-MuiGrid-root&quot;
          &gt;
            &lt;div
              class=&quot;MuiPaper-root MuiPaper-elevation MuiPaper-rounded MuiPaper-elevation1 css-wpqv89-MuiPaper-root&quot;
            &gt;
              &lt;h3
                class=&quot;MuiTypography-root MuiTypography-h3 css-1tvj38j-MuiTypography-root&quot;
              &gt;
                1
              &lt;/h3&gt;
              &lt;p
                class=&quot;MuiTypography-root MuiTypography-body2 css-ntktg-MuiTypography-root&quot;
              &gt;
                İnceleme Aşaması
              &lt;/p&gt;
            &lt;/div&gt;
          &lt;/div&gt;
          &lt;div
            class=&quot;MuiGrid-root MuiGrid-item MuiGrid-grid-xs-12 MuiGrid-grid-md-3 css-iv7vbz-MuiGrid-root&quot;
          &gt;
            &lt;div
              class=&quot;MuiPaper-root MuiPaper-elevation MuiPaper-rounded MuiPaper-elevation1 css-1sn0vcw-MuiPaper-root&quot;
            &gt;
              &lt;h3
                class=&quot;MuiTypography-root MuiTypography-h3 css-1h866n3-MuiTypography-root&quot;
              &gt;
                2
              &lt;/h3&gt;
              &lt;p
                class=&quot;MuiTypography-root MuiTypography-body2 css-19djqh4-MuiTypography-root&quot;...
 ❯ src/test/components/Revolutionary/RevolutionaryIntegration.test.tsx:106:59
 ❯ runWithExpensiveErrorDiagnosticsDisabled node_modules/@testing-library/react/node_modules/@testing-library/dom/dist/config.js:47:12
 ❯ checkCallback node_modules/@testing-library/react/node_modules/@testing-library/dom/dist/wait-for.js:124:77
 ❯ Timeout.checkRealTimersCallback node_modules/@testing-library/react/node_modules/@testing-library/dom/dist/wait-for.js:118:16
            </failure>
        </testcase>
        <testcase classname="src/test/components/Revolutionary/RevolutionaryIntegration.test.tsx" name="Revolutionary Features Integration &gt; FSRSScheduler Integration &gt; should handle FSRS card review" time="0.2566403">
        </testcase>
        <testcase classname="src/test/components/Revolutionary/RevolutionaryIntegration.test.tsx" name="Revolutionary Features Integration &gt; BionicReadingToggle Integration &gt; should apply bionic reading to text" time="3.5366689">
            <failure message="Found multiple elements with the role &quot;checkbox&quot;

Here are the matching elements:

Ignored nodes: comments, script, style
[36m&lt;input[39m
  [33mclass[39m=[32m&quot;PrivateSwitchBase-input MuiSwitch-input css-1p3z7et-MuiSwitchBase-root&quot;[39m
  [33mtype[39m=[32m&quot;checkbox&quot;[39m
[36m/&gt;[39m

Ignored nodes: comments, script, style
[36m&lt;input[39m
  [33mchecked[39m=[32m&quot;&quot;[39m
  [33mclass[39m=[32m&quot;PrivateSwitchBase-input MuiSwitch-input css-1p3z7et-MuiSwitchBase-root&quot;[39m
  [33mdisabled[39m=[32m&quot;&quot;[39m
  [33mtype[39m=[32m&quot;checkbox&quot;[39m
[36m/&gt;[39m

Ignored nodes: comments, script, style
[36m&lt;input[39m
  [33mclass[39m=[32m&quot;PrivateSwitchBase-input MuiSwitch-input css-1p3z7et-MuiSwitchBase-root&quot;[39m
  [33mtype[39m=[32m&quot;checkbox&quot;[39m
[36m/&gt;[39m

(If this is intentional, then use the `*AllBy*` variant of the query (like `queryAllByText`, `getAllByText`, or `findAllByText`)).

Ignored nodes: comments, script, style
[36m&lt;body&gt;[39m
  [36m&lt;div&gt;[39m
    [36m&lt;div[39m
      [33mclass[39m=[32m&quot;MuiBox-root css-1uboqz5&quot;[39m
    [36m&gt;[39m
      [36m&lt;div[39m
        [33mclass[39m=[32m&quot;MuiBox-root css-3b2wtl&quot;[39m
      [36m&gt;[39m
        [36m&lt;div[39m
          [33mclass[39m=[32m&quot;MuiBox-root css-15r6rwp&quot;[39m
        [36m&gt;[39m
          [36m&lt;svg[39m
            [33maria-hidden[39m=[32m&quot;true&quot;[39m
            [33mclass[39m=[32m&quot;MuiSvgIcon-root MuiSvgIcon-fontSizeMedium css-xo9scc-MuiSvgIcon-root&quot;[39m
            [33mdata-testid[39m=[32m&quot;VisibilityIcon&quot;[39m
            [33mfocusable[39m=[32m&quot;false&quot;[39m
            [33mviewBox[39m=[32m&quot;0 0 24 24&quot;[39m
          [36m&gt;[39m
            [36m&lt;path[39m
              [33md[39m=[32m&quot;M12 4.5C7 4.5 2.73 7.61 1 12c1.73 4.39 6 7.5 11 7.5s9.27-3.11 11-7.5c-1.73-4.39-6-7.5-11-7.5M12 17c-2.76 0-5-2.24-5-5s2.24-5 5-5 5 2.24 5 5-2.24 5-5 5m0-8c-1.66 0-3 1.34-3 3s1.34 3 3 3 3-1.34 3-3-1.34-3-3-3&quot;[39m
            [36m/&gt;[39m
          [36m&lt;/svg&gt;[39m
          [36m&lt;h1[39m
            [33mclass[39m=[32m&quot;MuiTypography-root MuiTypography-h4 css-1313egv-MuiTypography-root&quot;[39m
          [36m&gt;[39m
            [0mTürkçe Bionic Reading[0m
          [36m&lt;/h1&gt;[39m
          [36m&lt;button[39m
            [33maria-label[39m=[32m&quot;Disleksi için Türkçe&apos;ye özel okuma desteği&quot;[39m
            [33mclass[39m=[32m&quot;MuiButtonBase-root MuiIconButton-root MuiIconButton-sizeMedium css-78trlr-MuiButtonBase-root-MuiIconButton-root&quot;[39m
            [33mdata-mui-internal-clone-element[39m=[32m&quot;true&quot;[39m
            [33mtabindex[39m=[32m&quot;0&quot;[39m
            [33mtype[39m=[32m&quot;button&quot;[39m
          [36m&gt;[39m
            [36m&lt;svg[39m
              [33maria-hidden[39m=[32m&quot;true&quot;[39m
              [33mclass[39m=[32m&quot;MuiSvgIcon-root MuiSvgIcon-fontSizeMedium css-i4bv87-MuiSvgIcon-root&quot;[39m
              [33mdata-testid[39m=[32m&quot;InfoIcon&quot;[39m
              [33mfocusable[39m=[32m&quot;false&quot;[39m
              [33mviewBox[39m=[32m&quot;0 0 24 24&quot;[39m
            [36m&gt;[39m
              [36m&lt;path[39m
                [33md[39m=[32m&quot;M12 2C6.48 2 2 6.48 2 12s4.48 10 10 10 10-4.48 10-10S17.52 2 12 2m1 15h-2v-6h2zm0-8h-2V7h2z&quot;[39m
              [36m/&gt;[39m
            [36m&lt;/svg&gt;[39m
            [36m&lt;span[39m
              [33mclass[39m=[32m&quot;MuiTouchRipple-root css-8je8zh-MuiTouchRipple-root&quot;[39m
            [36m/&gt;[39m
          [36m&lt;/button&gt;[39m
        [36m&lt;/div&gt;[39m
        [36m&lt;h6[39m
          [33mclass[39m=[32m&quot;MuiTypography-root MuiTypography-h6 MuiTypography-gutterBottom css-137rogq-MuiTypography-root&quot;[39m
        [36m&gt;[39m
          [0mDisleksi için Türkçe&apos;ye özel okuma desteği[0m
        [36m&lt;/h6&gt;[39m
        [36m&lt;div[39m
          [33mclass[39m=[32m&quot;MuiChip-root MuiChip-outlined MuiChip-sizeMedium MuiChip-colorSecondary MuiChip-outlinedSecondary css-3h8qf3-MuiChip-root&quot;[39m
        [36m&gt;[39m
          [36m&lt;span[39m
            [33mclass[39m=[32m&quot;MuiChip-label MuiChip-labelMedium css-1jzq0dw-MuiChip-label&quot;[39m
          [36m&gt;[39m
            [0m🚀 DEVRİMSEL ÖZELLİK[0m
          [36m&lt;/span&gt;[39m
        [36m&lt;/div&gt;[39m
      [36m&lt;/div&gt;[39m
      [36m&lt;div[39m
        [33mclass[39m=[32m&quot;MuiPaper-root MuiPaper-elevation MuiPaper-rounded MuiPaper-elevation1 MuiCard-root css-tbqmd1-MuiPaper-root-MuiCard-root&quot;[39m
      [36m&gt;[39m
        [36m&lt;div[39m
          [33mclass[39m=[32m&quot;MuiCardContent-root css-46bh2p-MuiCardContent-root&quot;[39m
        [36m&gt;[39m
          [36m&lt;div[39m
            [33mclass[39m=[32m&quot;MuiGrid-root MuiGrid-container MuiGrid-spacing-xs-2 css-ofrcno-MuiGrid-root&quot;[39m
          [36m&gt;[39m
            [36m&lt;div[39m
              [33mclass[39m=[32m&quot;MuiGrid-root MuiGrid-item MuiGrid-grid-xs-12 MuiGrid-grid-md-4 css-1lj5egr-MuiGrid-root&quot;[39m
            [36m&gt;[39m
              [36m&lt;label[39m
                [33mclass[39m=[32m&quot;MuiFormControlLabel-root MuiFormControlLabel-labelPlacementEnd css-j204z7-MuiFormControlLabel-root&quot;[39m
              [36m&gt;[39m
                [36m&lt;span[39m
                  [33mclass[39m=[32m&quot;MuiSwitch-root MuiSwitch-sizeMedium css-julti5-MuiSwitch-root&quot;[39m
                [36m&gt;[39m
                  [36m&lt;span[39m
                    [33mclass[39m=[32m&quot;MuiButtonBase-root MuiSwitch-switchBase MuiSwitch-colorSecondary PrivateSwitchBase-root MuiSwitch-switchBase MuiSwitch-colorSecondary css-1vsiu3a-MuiButtonBase-root-MuiSwitchBase-root-MuiSwitch-switchBase&quot;[39m
                  [36m&gt;[39m
                    [36m&lt;input[39m
                      [33mclass[39m=[32m&quot;PrivateSwitchBase-input MuiSwitch-input css-1p3z7et-MuiSwitchBase-root&quot;[39m
                      [33mtype[39m=[32m&quot;checkbox&quot;[39m
                    [36m/&gt;[39m
                    [36m&lt;span[39m
                      [33mclass[39m=[32m&quot;MuiSwitch-thumb css-jsexje-MuiSwitch-thumb&quot;[39m
                    [36m/&gt;[39m
                    [36m&lt;span[39m
                      [33mclass[39m=[32m&quot;MuiTouchRipple-root css-8je8zh-MuiTouchRipple-root&quot;[39m
                    [36m/&gt;[39m
                  [36m&lt;/span&gt;[39m
                  [36m&lt;span[39m
                    [33mclass[39m=[32m&quot;MuiSwitch-track css-1yjjitx-MuiSwitch-track&quot;[39m
                  [36m/&gt;[39m
                [36m&lt;/span&gt;[39m
                [36m&lt;span[39m
                  [33mclass[39m=[32m&quot;MuiTypography-root MuiTypography-body1 MuiFormControlLabel-label css-ahj2mt-MuiTypography-root&quot;[39m
                [36m&gt;[39m
                  [36m&lt;div[39m
                    [33mclass[39m=[32m&quot;MuiBox-root css-axw7ok&quot;[39m
                  [36m&gt;[39m
                    [36m&lt;svg[39m
                      [33maria-hidden[39m=[32m&quot;true&quot;[39m
                      [33mclass[39m=[32m&quot;MuiSvgIcon-root MuiSvgIcon-fontSizeMedium css-i4bv87-MuiSvgIcon-root&quot;[39m
                      [33mdata-testid[39m=[32m&quot;PsychologyIcon&quot;[39m
                      [33mfocusable[39m=[32m&quot;false&quot;[39m
                      [33mviewBox[39m=[32m&quot;0 0 24 24&quot;[39m
                    [36m&gt;[39m
                      [36m&lt;path[39m
                        [33md[39m=[32m&quot;M13 8.57c-.79 0-1.43.64-1.43 1.43s.64 1.43 1.43 1.43 1.43-.64 1.43-1.43-.64-1.43-1.43-1.43&quot;[39m
                      [36m/&gt;[39m
                      [36m&lt;path[39m
                        [33md[39m=[32m&quot;M13 3C9.25 3 6.2 5.94 6.02 9.64L4.1 12.2c-.25.33-.01.8.4.8H6v3c0 1.1.9 2 2 2h1v3h7v-4.68c2.36-1.12 4-3.53 4-6.32 0-3.87-3.13-7-7-7m3 7c0 .13-.01.26-.02.39l.83.66c.08.06.1.16.05.25l-.8 1.39c-.05.09-.16.12-.24.09l-.99-.4c-.21.16-.43.29-.67.39L14 13.83c-.01.1-.1.17-.2.17h-1.6c-.1 0-.18-.07-.2-.17l-.15-1.06c-.25-.1-.47-.23-.68-.39l-.99.4c-.09.03-.2 0-.25-.09l-.8-1.39c-.05-.08-.03-.19.05-.25l.84-.66c-.01-.13-.02-.26-.02-.39s.02-.27.04-.39l-.85-.66c-.08-.06-.1-.16-.05-.26l.8-1.38c.05-.09.15-.12.24-.09l1 .4c.2-.15.43-.29.67-.39L12 6.17c.02-.1.1-...." type="TestingLibraryElementError">
TestingLibraryElementError: Found multiple elements with the role &quot;checkbox&quot;

Here are the matching elements:

Ignored nodes: comments, script, style
&lt;input
  class=&quot;PrivateSwitchBase-input MuiSwitch-input css-1p3z7et-MuiSwitchBase-root&quot;
  type=&quot;checkbox&quot;
/&gt;

Ignored nodes: comments, script, style
&lt;input
  checked=&quot;&quot;
  class=&quot;PrivateSwitchBase-input MuiSwitch-input css-1p3z7et-MuiSwitchBase-root&quot;
  disabled=&quot;&quot;
  type=&quot;checkbox&quot;
/&gt;

Ignored nodes: comments, script, style
&lt;input
  class=&quot;PrivateSwitchBase-input MuiSwitch-input css-1p3z7et-MuiSwitchBase-root&quot;
  type=&quot;checkbox&quot;
/&gt;

(If this is intentional, then use the `*AllBy*` variant of the query (like `queryAllByText`, `getAllByText`, or `findAllByText`)).

Ignored nodes: comments, script, style
&lt;body&gt;
  &lt;div&gt;
    &lt;div
      class=&quot;MuiBox-root css-1uboqz5&quot;
    &gt;
      &lt;div
        class=&quot;MuiBox-root css-3b2wtl&quot;
      &gt;
        &lt;div
          class=&quot;MuiBox-root css-15r6rwp&quot;
        &gt;
          &lt;svg
            aria-hidden=&quot;true&quot;
            class=&quot;MuiSvgIcon-root MuiSvgIcon-fontSizeMedium css-xo9scc-MuiSvgIcon-root&quot;
            data-testid=&quot;VisibilityIcon&quot;
            focusable=&quot;false&quot;
            viewBox=&quot;0 0 24 24&quot;
          &gt;
            &lt;path
              d=&quot;M12 4.5C7 4.5 2.73 7.61 1 12c1.73 4.39 6 7.5 11 7.5s9.27-3.11 11-7.5c-1.73-4.39-6-7.5-11-7.5M12 17c-2.76 0-5-2.24-5-5s2.24-5 5-5 5 2.24 5 5-2.24 5-5 5m0-8c-1.66 0-3 1.34-3 3s1.34 3 3 3 3-1.34 3-3-1.34-3-3-3&quot;
            /&gt;
          &lt;/svg&gt;
          &lt;h1
            class=&quot;MuiTypography-root MuiTypography-h4 css-1313egv-MuiTypography-root&quot;
          &gt;
            Türkçe Bionic Reading
          &lt;/h1&gt;
          &lt;button
            aria-label=&quot;Disleksi için Türkçe&apos;ye özel okuma desteği&quot;
            class=&quot;MuiButtonBase-root MuiIconButton-root MuiIconButton-sizeMedium css-78trlr-MuiButtonBase-root-MuiIconButton-root&quot;
            data-mui-internal-clone-element=&quot;true&quot;
            tabindex=&quot;0&quot;
            type=&quot;button&quot;
          &gt;
            &lt;svg
              aria-hidden=&quot;true&quot;
              class=&quot;MuiSvgIcon-root MuiSvgIcon-fontSizeMedium css-i4bv87-MuiSvgIcon-root&quot;
              data-testid=&quot;InfoIcon&quot;
              focusable=&quot;false&quot;
              viewBox=&quot;0 0 24 24&quot;
            &gt;
              &lt;path
                d=&quot;M12 2C6.48 2 2 6.48 2 12s4.48 10 10 10 10-4.48 10-10S17.52 2 12 2m1 15h-2v-6h2zm0-8h-2V7h2z&quot;
              /&gt;
            &lt;/svg&gt;
            &lt;span
              class=&quot;MuiTouchRipple-root css-8je8zh-MuiTouchRipple-root&quot;
            /&gt;
          &lt;/button&gt;
        &lt;/div&gt;
        &lt;h6
          class=&quot;MuiTypography-root MuiTypography-h6 MuiTypography-gutterBottom css-137rogq-MuiTypography-root&quot;
        &gt;
          Disleksi için Türkçe&apos;ye özel okuma desteği
        &lt;/h6&gt;
        &lt;div
          class=&quot;MuiChip-root MuiChip-outlined MuiChip-sizeMedium MuiChip-colorSecondary MuiChip-outlinedSecondary css-3h8qf3-MuiChip-root&quot;
        &gt;
          &lt;span
            class=&quot;MuiChip-label MuiChip-labelMedium css-1jzq0dw-MuiChip-label&quot;
          &gt;
            🚀 DEVRİMSEL ÖZELLİK
          &lt;/span&gt;
        &lt;/div&gt;
      &lt;/div&gt;
      &lt;div
        class=&quot;MuiPaper-root MuiPaper-elevation MuiPaper-rounded MuiPaper-elevation1 MuiCard-root css-tbqmd1-MuiPaper-root-MuiCard-root&quot;
      &gt;
        &lt;div
          class=&quot;MuiCardContent-root css-46bh2p-MuiCardContent-root&quot;
        &gt;
          &lt;div
            class=&quot;MuiGrid-root MuiGrid-container MuiGrid-spacing-xs-2 css-ofrcno-MuiGrid-root&quot;
          &gt;
            &lt;div
              class=&quot;MuiGrid-root MuiGrid-item MuiGrid-grid-xs-12 MuiGrid-grid-md-4 css-1lj5egr-MuiGrid-root&quot;
            &gt;
              &lt;label
                class=&quot;MuiFormControlLabel-root MuiFormControlLabel-labelPlacementEnd css-j204z7-MuiFormControlLabel-root&quot;
              &gt;
                &lt;span
                  class=&quot;MuiSwitch-root MuiSwitch-sizeMedium css-julti5-MuiSwitch-root&quot;
                &gt;
                  &lt;span
                    class=&quot;MuiButtonBase-root MuiSwitch-switchBase MuiSwitch-colorSecondary PrivateSwitchBase-root MuiSwitch-switchBase MuiSwitch-colorSecondary css-1vsiu3a-MuiButtonBase-root-MuiSwitchBase-root-MuiSwitch-switchBase&quot;
                  &gt;
                    &lt;input
                      class=&quot;PrivateSwitchBase-input MuiSwitch-input css-1p3z7et-MuiSwitchBase-root&quot;
                      type=&quot;checkbox&quot;
                    /&gt;
                    &lt;span
                      class=&quot;MuiSwitch-thumb css-jsexje-MuiSwitch-thumb&quot;
                    /&gt;
                    &lt;span
                      class=&quot;MuiTouchRipple-root css-8je8zh-MuiTouchRipple-root&quot;
                    /&gt;
                  &lt;/span&gt;
                  &lt;span
                    class=&quot;MuiSwitch-track css-1yjjitx-MuiSwitch-track&quot;
                  /&gt;
                &lt;/span&gt;
                &lt;span
                  class=&quot;MuiTypography-root MuiTypography-body1 MuiFormControlLabel-label css-ahj2mt-MuiTypography-root&quot;
                &gt;
                  &lt;div
                    class=&quot;MuiBox-root css-axw7ok&quot;
                  &gt;
                    &lt;svg
                      aria-hidden=&quot;true&quot;
                      class=&quot;MuiSvgIcon-root MuiSvgIcon-fontSizeMedium css-i4bv87-MuiSvgIcon-root&quot;
                      data-testid=&quot;PsychologyIcon&quot;
                      focusable=&quot;false&quot;
                      viewBox=&quot;0 0 24 24&quot;
                    &gt;
                      &lt;path
                        d=&quot;M13 8.57c-.79 0-1.43.64-1.43 1.43s.64 1.43 1.43 1.43 1.43-.64 1.43-1.43-.64-1.43-1.43-1.43&quot;
                      /&gt;
                      &lt;path
                        d=&quot;M13 3C9.25 3 6.2 5.94 6.02 9.64L4.1 12.2c-.25.33-.01.8.4.8H6v3c0 1.1.9 2 2 2h1v3h7v-4.68c2.36-1.12 4-3.53 4-6.32 0-3.87-3.13-7-7-7m3 7c0 .13-.01.26-.02.39l.83.66c.08.06.1.16.05.25l-.8 1.39c-.05.09-.16.12-.24.09l-.99-.4c-.21.16-.43.29-.67.39L14 13.83c-.01.1-.1.17-.2.17h-1.6c-.1 0-.18-.07-.2-.17l-.15-1.06c-.25-.1-.47-.23-.68-.39l-.99.4c-.09.03-.2 0-.25-.09l-.8-1.39c-.05-.08-.03-.19.05-.25l.84-.66c-.01-.13-.02-.26-.02-.39s.02-.27.04-.39l-.85-.66c-.08-.06-.1-.16-.05-.26l.8-1.38c.05-.09.15-.12.24-.09l1 .4c.2-.15.43-.29.67-.39L12 6.17c.02-.1.1-....
 ❯ Object.getElementError node_modules/@testing-library/react/node_modules/@testing-library/dom/dist/config.js:37:19
 ❯ getElementError node_modules/@testing-library/react/node_modules/@testing-library/dom/dist/query-helpers.js:20:35
 ❯ getMultipleElementsFoundError node_modules/@testing-library/react/node_modules/@testing-library/dom/dist/query-helpers.js:23:10
 ❯ node_modules/@testing-library/react/node_modules/@testing-library/dom/dist/query-helpers.js:55:13
 ❯ node_modules/@testing-library/react/node_modules/@testing-library/dom/dist/query-helpers.js:95:19
 ❯ src/test/components/Revolutionary/RevolutionaryIntegration.test.tsx:150:29
            </failure>
        </testcase>
        <testcase classname="src/test/components/Revolutionary/RevolutionaryIntegration.test.tsx" name="Revolutionary Features Integration &gt; BionicReadingToggle Integration &gt; should handle bionic reading settings" time="1.7886706">
            <failure message="Unable to find an element with the text: Bionic Reading Ayarları. This could be because the text is broken up by multiple elements. In this case, you can provide a function for your text matcher to make your matcher more flexible.

Ignored nodes: comments, script, style
[36m&lt;body&gt;[39m
  [36m&lt;div&gt;[39m
    [36m&lt;div[39m
      [33mclass[39m=[32m&quot;MuiBox-root css-1uboqz5&quot;[39m
    [36m&gt;[39m
      [36m&lt;div[39m
        [33mclass[39m=[32m&quot;MuiBox-root css-3b2wtl&quot;[39m
      [36m&gt;[39m
        [36m&lt;div[39m
          [33mclass[39m=[32m&quot;MuiBox-root css-15r6rwp&quot;[39m
        [36m&gt;[39m
          [36m&lt;svg[39m
            [33maria-hidden[39m=[32m&quot;true&quot;[39m
            [33mclass[39m=[32m&quot;MuiSvgIcon-root MuiSvgIcon-fontSizeMedium css-xo9scc-MuiSvgIcon-root&quot;[39m
            [33mdata-testid[39m=[32m&quot;VisibilityIcon&quot;[39m
            [33mfocusable[39m=[32m&quot;false&quot;[39m
            [33mviewBox[39m=[32m&quot;0 0 24 24&quot;[39m
          [36m&gt;[39m
            [36m&lt;path[39m
              [33md[39m=[32m&quot;M12 4.5C7 4.5 2.73 7.61 1 12c1.73 4.39 6 7.5 11 7.5s9.27-3.11 11-7.5c-1.73-4.39-6-7.5-11-7.5M12 17c-2.76 0-5-2.24-5-5s2.24-5 5-5 5 2.24 5 5-2.24 5-5 5m0-8c-1.66 0-3 1.34-3 3s1.34 3 3 3 3-1.34 3-3-1.34-3-3-3&quot;[39m
            [36m/&gt;[39m
          [36m&lt;/svg&gt;[39m
          [36m&lt;h1[39m
            [33mclass[39m=[32m&quot;MuiTypography-root MuiTypography-h4 css-1313egv-MuiTypography-root&quot;[39m
          [36m&gt;[39m
            [0mTürkçe Bionic Reading[0m
          [36m&lt;/h1&gt;[39m
          [36m&lt;button[39m
            [33maria-label[39m=[32m&quot;Disleksi için Türkçe&apos;ye özel okuma desteği&quot;[39m
            [33mclass[39m=[32m&quot;MuiButtonBase-root MuiIconButton-root MuiIconButton-sizeMedium css-78trlr-MuiButtonBase-root-MuiIconButton-root&quot;[39m
            [33mdata-mui-internal-clone-element[39m=[32m&quot;true&quot;[39m
            [33mtabindex[39m=[32m&quot;0&quot;[39m
            [33mtype[39m=[32m&quot;button&quot;[39m
          [36m&gt;[39m
            [36m&lt;svg[39m
              [33maria-hidden[39m=[32m&quot;true&quot;[39m
              [33mclass[39m=[32m&quot;MuiSvgIcon-root MuiSvgIcon-fontSizeMedium css-i4bv87-MuiSvgIcon-root&quot;[39m
              [33mdata-testid[39m=[32m&quot;InfoIcon&quot;[39m
              [33mfocusable[39m=[32m&quot;false&quot;[39m
              [33mviewBox[39m=[32m&quot;0 0 24 24&quot;[39m
            [36m&gt;[39m
              [36m&lt;path[39m
                [33md[39m=[32m&quot;M12 2C6.48 2 2 6.48 2 12s4.48 10 10 10 10-4.48 10-10S17.52 2 12 2m1 15h-2v-6h2zm0-8h-2V7h2z&quot;[39m
              [36m/&gt;[39m
            [36m&lt;/svg&gt;[39m
            [36m&lt;span[39m
              [33mclass[39m=[32m&quot;MuiTouchRipple-root css-8je8zh-MuiTouchRipple-root&quot;[39m
            [36m/&gt;[39m
          [36m&lt;/button&gt;[39m
        [36m&lt;/div&gt;[39m
        [36m&lt;h6[39m
          [33mclass[39m=[32m&quot;MuiTypography-root MuiTypography-h6 MuiTypography-gutterBottom css-137rogq-MuiTypography-root&quot;[39m
        [36m&gt;[39m
          [0mDisleksi için Türkçe&apos;ye özel okuma desteği[0m
        [36m&lt;/h6&gt;[39m
        [36m&lt;div[39m
          [33mclass[39m=[32m&quot;MuiChip-root MuiChip-outlined MuiChip-sizeMedium MuiChip-colorSecondary MuiChip-outlinedSecondary css-3h8qf3-MuiChip-root&quot;[39m
        [36m&gt;[39m
          [36m&lt;span[39m
            [33mclass[39m=[32m&quot;MuiChip-label MuiChip-labelMedium css-1jzq0dw-MuiChip-label&quot;[39m
          [36m&gt;[39m
            [0m🚀 DEVRİMSEL ÖZELLİK[0m
          [36m&lt;/span&gt;[39m
        [36m&lt;/div&gt;[39m
      [36m&lt;/div&gt;[39m
      [36m&lt;div[39m
        [33mclass[39m=[32m&quot;MuiPaper-root MuiPaper-elevation MuiPaper-rounded MuiPaper-elevation1 MuiCard-root css-tbqmd1-MuiPaper-root-MuiCard-root&quot;[39m
      [36m&gt;[39m
        [36m&lt;div[39m
          [33mclass[39m=[32m&quot;MuiCardContent-root css-46bh2p-MuiCardContent-root&quot;[39m
        [36m&gt;[39m
          [36m&lt;div[39m
            [33mclass[39m=[32m&quot;MuiGrid-root MuiGrid-container MuiGrid-spacing-xs-2 css-ofrcno-MuiGrid-root&quot;[39m
          [36m&gt;[39m
            [36m&lt;div[39m
              [33mclass[39m=[32m&quot;MuiGrid-root MuiGrid-item MuiGrid-grid-xs-12 MuiGrid-grid-md-4 css-1lj5egr-MuiGrid-root&quot;[39m
            [36m&gt;[39m
              [36m&lt;label[39m
                [33mclass[39m=[32m&quot;MuiFormControlLabel-root MuiFormControlLabel-labelPlacementEnd css-j204z7-MuiFormControlLabel-root&quot;[39m
              [36m&gt;[39m
                [36m&lt;span[39m
                  [33mclass[39m=[32m&quot;MuiSwitch-root MuiSwitch-sizeMedium css-julti5-MuiSwitch-root&quot;[39m
                [36m&gt;[39m
                  [36m&lt;span[39m
                    [33mclass[39m=[32m&quot;MuiButtonBase-root MuiSwitch-switchBase MuiSwitch-colorSecondary PrivateSwitchBase-root MuiSwitch-switchBase MuiSwitch-colorSecondary css-1vsiu3a-MuiButtonBase-root-MuiSwitchBase-root-MuiSwitch-switchBase&quot;[39m
                  [36m&gt;[39m
                    [36m&lt;input[39m
                      [33mclass[39m=[32m&quot;PrivateSwitchBase-input MuiSwitch-input css-1p3z7et-MuiSwitchBase-root&quot;[39m
                      [33mtype[39m=[32m&quot;checkbox&quot;[39m
                    [36m/&gt;[39m
                    [36m&lt;span[39m
                      [33mclass[39m=[32m&quot;MuiSwitch-thumb css-jsexje-MuiSwitch-thumb&quot;[39m
                    [36m/&gt;[39m
                    [36m&lt;span[39m
                      [33mclass[39m=[32m&quot;MuiTouchRipple-root css-8je8zh-MuiTouchRipple-root&quot;[39m
                    [36m/&gt;[39m
                  [36m&lt;/span&gt;[39m
                  [36m&lt;span[39m
                    [33mclass[39m=[32m&quot;MuiSwitch-track css-1yjjitx-MuiSwitch-track&quot;[39m
                  [36m/&gt;[39m
                [36m&lt;/span&gt;[39m
                [36m&lt;span[39m
                  [33mclass[39m=[32m&quot;MuiTypography-root MuiTypography-body1 MuiFormControlLabel-label css-ahj2mt-MuiTypography-root&quot;[39m
                [36m&gt;[39m
                  [36m&lt;div[39m
                    [33mclass[39m=[32m&quot;MuiBox-root css-axw7ok&quot;[39m
                  [36m&gt;[39m
                    [36m&lt;svg[39m
                      [33maria-hidden[39m=[32m&quot;true&quot;[39m
                      [33mclass[39m=[32m&quot;MuiSvgIcon-root MuiSvgIcon-fontSizeMedium css-i4bv87-MuiSvgIcon-root&quot;[39m
                      [33mdata-testid[39m=[32m&quot;PsychologyIcon&quot;[39m
                      [33mfocusable[39m=[32m&quot;false&quot;[39m
                      [33mviewBox[39m=[32m&quot;0 0 24 24&quot;[39m
                    [36m&gt;[39m
                      [36m&lt;path[39m
                        [33md[39m=[32m&quot;M13 8.57c-.79 0-1.43.64-1.43 1.43s.64 1.43 1.43 1.43 1.43-.64 1.43-1.43-.64-1.43-1.43-1.43&quot;[39m
                      [36m/&gt;[39m
                      [36m&lt;path[39m
                        [33md[39m=[32m&quot;M13 3C9.25 3 6.2 5.94 6.02 9.64L4.1 12.2c-.25.33-.01.8.4.8H6v3c0 1.1.9 2 2 2h1v3h7v-4.68c2.36-1.12 4-3.53 4-6.32 0-3.87-3.13-7-7-7m3 7c0 .13-.01.26-.02.39l.83.66c.08.06.1.16.05.25l-.8 1.39c-.05.09-.16.12-.24.09l-.99-.4c-.21.16-.43.29-.67.39L14 13.83c-.01.1-.1.17-.2.17h-1.6c-.1 0-.18-.07-.2-.17l-.15-1.06c-.25-.1-.47-.23-.68-.39l-.99.4c-.09.03-.2 0-.25-.09l-.8-1.39c-.05-.08-.03-.19.05-.25l.84-.66c-.01-.13-.02-.26-.02-.39s.02-.27.04-.39l-.85-.66c-.08-.06-.1-.16-.05-.26l.8-1.38c.05-.09.15-.12.24-.09l1 .4c.2-.15.43-.29.67-.39L12 6.17c.02-.1.1-....

Ignored nodes: comments, script, style
[36m&lt;html&gt;[39m
  [36m&lt;head /&gt;[39m
  [36m&lt;body&gt;[39m
    [36m&lt;div&gt;[39m
      [36m&lt;div[39m
        [33mclass[39m=[32m&quot;MuiBox-root css-1uboqz5&quot;[39m
      [36m&gt;[39m
        [36m&lt;div[39m
          [33mclass[39m=[32m&quot;MuiBox-root css-3b2wtl&quot;[39m
        [36m&gt;[39m
          [36m&lt;div[39m
            [33mclass[39m=[32m&quot;MuiBox-root css-15r6rwp&quot;[39m
          [36m&gt;[39m
            [36m&lt;svg[39m
              [33maria-hidden[39m=[32m&quot;true&quot;[39m
              [33mclass[39m=[32m&quot;MuiSvgIcon-root MuiSvgIcon-fontSizeMedium css-xo9scc-MuiSvgIcon-root&quot;[39m
              [33mdata-testid[39m=[32m&quot;VisibilityIcon&quot;[39m
              [33mfocusable[39m=[32m&quot;false&quot;[39m
              [33mviewBox[39m=[32m&quot;0 0 24 24&quot;[39m
            [36m&gt;[39m
              [36m&lt;path[39m
                [33md[39m=[32m&quot;M12 4.5C7 4.5 2.73 7.61 1 12c1.73 4.39 6 7.5 11 7.5s9.27-3.11 11-7.5c-1.73-4.39-6-7.5-11-7.5M12 17c-2.76 0-5-2.24-5-5s2.24-5 5-5 5 2.24 5 5-2.24 5-5 5m0-8c-1.66 0-3 1.34-3 3s1.34 3 3 3 3-1.34 3-3-1.34-3-3-3&quot;[39m
              [36m/&gt;[39m
            [36m&lt;/svg&gt;[39m
            [36m&lt;h1[39m
              [33mclass[39m=[32m&quot;MuiTypography-root MuiTypography-h4 css-1313egv-MuiTypography-root&quot;[39m
            [36m&gt;[39m
              [0mTürkçe Bionic Reading[0m
            [36m&lt;/h1&gt;[39m
            [36m&lt;button[39m
              [33maria-label[39m=[32m&quot;Disleksi için Türkçe&apos;ye özel okuma desteği&quot;[39m
              [33mclass[39m=[32m&quot;MuiButtonBase-root MuiIconButton-root MuiIconButton-sizeMedium css-78trlr-MuiButtonBase-root-MuiIconButton-root&quot;[39m
              [33mdata-mui-internal-clone-element[39m=[32m&quot;true&quot;[39m
              [33mtabindex[39m=[32m&quot;0&quot;[39m
              [33mtype[39m=[32m&quot;button&quot;[39m
            [36m&gt;[39m
              [36m&lt;svg[39m
                [33maria-hidden[39m=[32m&quot;true&quot;[39m
                [33mclass[39m=[32m&quot;MuiSvgIcon-root MuiSvgIcon-fontSizeMedium css-i4bv87-MuiSvgIcon-root&quot;[39m
                [33mdata-testid[39m=[32m&quot;InfoIcon&quot;[39m
                [33mfocusable[39m=[32m&quot;false&quot;[39m
                [33mviewBox[39m=[32m&quot;0 0 24 24&quot;[39m
              [36m&gt;[39m
                [36m&lt;path[39m
                  [33md[39m=[32m&quot;M12 2C6.48 2 2 6.48 2 12s4.48 10 10 10 10-4.48 10-10S17.52 2 12 2m1 15h-2v-6h2zm0-8h-2V7h2z&quot;[39m
                [36m/&gt;[39m
              [36m&lt;/svg&gt;[39m
              [36m&lt;span[39m
                [33mclass[39m=[32m&quot;MuiTouchRipple-root css-8je8zh-MuiTouchRipple-root&quot;[39m
              [36m/&gt;[39m
            [36m&lt;/button&gt;[39m
          [36m&lt;/div&gt;[39m
          [36m&lt;h6[39m
            [33mclass[39m=[32m&quot;MuiTypography-root MuiTypography-h6 MuiTypography-gutterBottom css-137rogq-MuiTypography-root&quot;[39m
          [36m&gt;[39m
            [0mDisleksi için Türkçe&apos;ye özel okuma desteği[0m
          [36m&lt;/h6&gt;[39m
          [36m&lt;div[39m
            [33mclass[39m=[32m&quot;MuiChip-root MuiChip-outlined MuiChip-sizeMedium MuiChip-colorSecondary MuiChip-outlinedSecondary css-3h8qf3-MuiChip-root&quot;[39m
          [36m&gt;[39m
            [36m&lt;span[39m
              [33mclass[39m=[32m&quot;MuiChip-label MuiChip-labelMedium css-1jzq0dw-MuiChip-label&quot;[39m
            [36m&gt;[39m
              [0m🚀 DEVRİMSEL ÖZELLİK[0m
            [36m&lt;/span&gt;[39m
          [36m&lt;/div&gt;[39m
        [36m&lt;/div&gt;[39m
        [36m&lt;div[39m
          [33mclass[39m=[32m&quot;MuiPaper-root MuiPaper-elevation MuiPaper-rounded MuiPaper-elevation1 MuiCard-root css-tbqmd1-MuiPaper-root-MuiCard-root&quot;[39m
        [36m&gt;[39m
          [36m&lt;div[39m
            [33mclass[39m=[32m&quot;MuiCardContent-root css-46bh2p-MuiCardContent-root&quot;[39m
          [36m&gt;[39m
            [36m&lt;div[39m
              [33mclass[39m=[32m&quot;MuiGrid-root MuiGrid-container MuiGrid-spacing-xs-2 css-ofrcno-MuiGrid-root&quot;[39m
            [36m&gt;[39m
              [36m&lt;div[39m
                [33mclass[39m=[32m&quot;MuiGrid-root MuiGrid-item MuiGrid-grid-xs-12 MuiGrid-grid-md-4 css-1lj5egr-MuiGrid-root&quot;[39m
              [36m&gt;[39m
                [36m&lt;label[39m
                  [33mclass[39m=[32m&quot;MuiFormControlLabel-root MuiFormControlLabel-labelPlacementEnd css-j204z7-MuiFormControlLabel-root&quot;[39m
                [36m&gt;[39m
                  [36m&lt;span[39m
                    [33mclass[39m=[32m&quot;MuiSwitch-root MuiSwitch-sizeMedium css-julti5-MuiSwitch-root&quot;[39m
                  [36m&gt;[39m
                    [36m&lt;span[39m
                      [33mclass[39m=[32m&quot;MuiButtonBase-root MuiSwitch-switchBase MuiSwitch-colorSecondary PrivateSwitchBase-root MuiSwitch-switchBase MuiSwitch-colorSecondary css-1vsiu3a-MuiButtonBase-root-MuiSwitchBase-root-MuiSwitch-switchBase&quot;[39m
                    [36m&gt;[39m
                      [36m&lt;input[39m
                        [33mclass[39m=[32m&quot;PrivateSwitchBase-input MuiSwitch-input css-1p3z7et-MuiSwitchBase-root&quot;[39m
                        [33mtype[39m=[32m&quot;checkbox&quot;[39m
                      [36m/&gt;[39m
                      [36m&lt;span[39m
                        [33mclass[39m=[32m&quot;MuiSwitch-thumb css-jsexje-MuiSwitch-thumb&quot;[39m
                      [36m/&gt;[39m
                      [36m&lt;span[39m
                        [33mclass[39m=[32m&quot;MuiTouchRipple-root css-8je8zh-MuiTouchRipple-root&quot;[39m
                      [36m/&gt;[39m
                    [36m&lt;/span&gt;[39m
                    [36m&lt;span[39m
                      [33mclass[39m=[32m&quot;MuiSwitch-track css-1yjjitx-MuiSwitch-track&quot;[39m
                    [36m/&gt;[39m
                  [36m&lt;/span&gt;[39m
                  [36m&lt;span[39m
                    [33mclass[39m=[32m&quot;MuiTypography-root MuiTypography-body1 MuiFormControlLabel-label css-ahj2mt-MuiTypography-root&quot;[39m
                  [36m&gt;[39m
                    [36m&lt;div[39m
                      [33mclass[39m=[32m&quot;MuiBox-root css-axw7ok&quot;[39m
                    [36m&gt;[39m
                      [36m&lt;svg[39m
                        [33maria-hidden[39m=[32m&quot;true&quot;[39m
                        [33mclass[39m=[32m&quot;MuiSvgIcon-root MuiSvgIcon-fontSizeMedium css-i4bv87-MuiSvgIcon-root&quot;[39m
                        [33mdata-testid[39m=[32m&quot;PsychologyIcon&quot;[39m
                        [33mfocusable[39m=[32m&quot;false&quot;[39m
                        [33mviewBox[39m=[32m&quot;0 0 24 24&quot;[39m
                      [36m&gt;[39m
                        [36m&lt;path[39m
                          [33md[39m=[32m&quot;M13 8.57c-.79 0-1.43.64-1.43 1.43s.64 1.43 1.43 1.43 1.43-.64 1.43-1.43-.64-1.43-1.43-1.43&quot;[39m
                        [36m/&gt;[39m
                        [36m&lt;path[39m
                          [33md[39m=[32m&quot;M13 3C9.25 3 6.2 5.94 6.02 9.64L4.1 12.2c-.25.33-.01.8.4.8H6v3c0 1.1.9 2 2 2h1v3h7v-4.68c2.36-1.12 4-3.53 4-6.32 0-3.87-3.13-7-7-7m3 7c0 .13-.01.26-.02.39l.83.66c.08.06.1.16.05.25l-.8 1.39c-.05.09-.16.12-.24.09l-.99-.4c-.21.16-.43.29-.67.39L14 13.83c-.01.1-.1.17-.2.17h..." type="TestingLibraryElementError">
TestingLibraryElementError: Unable to find an element with the text: Bionic Reading Ayarları. This could be because the text is broken up by multiple elements. In this case, you can provide a function for your text matcher to make your matcher more flexible.

Ignored nodes: comments, script, style
&lt;body&gt;
  &lt;div&gt;
    &lt;div
      class=&quot;MuiBox-root css-1uboqz5&quot;
    &gt;
      &lt;div
        class=&quot;MuiBox-root css-3b2wtl&quot;
      &gt;
        &lt;div
          class=&quot;MuiBox-root css-15r6rwp&quot;
        &gt;
          &lt;svg
            aria-hidden=&quot;true&quot;
            class=&quot;MuiSvgIcon-root MuiSvgIcon-fontSizeMedium css-xo9scc-MuiSvgIcon-root&quot;
            data-testid=&quot;VisibilityIcon&quot;
            focusable=&quot;false&quot;
            viewBox=&quot;0 0 24 24&quot;
          &gt;
            &lt;path
              d=&quot;M12 4.5C7 4.5 2.73 7.61 1 12c1.73 4.39 6 7.5 11 7.5s9.27-3.11 11-7.5c-1.73-4.39-6-7.5-11-7.5M12 17c-2.76 0-5-2.24-5-5s2.24-5 5-5 5 2.24 5 5-2.24 5-5 5m0-8c-1.66 0-3 1.34-3 3s1.34 3 3 3 3-1.34 3-3-1.34-3-3-3&quot;
            /&gt;
          &lt;/svg&gt;
          &lt;h1
            class=&quot;MuiTypography-root MuiTypography-h4 css-1313egv-MuiTypography-root&quot;
          &gt;
            Türkçe Bionic Reading
          &lt;/h1&gt;
          &lt;button
            aria-label=&quot;Disleksi için Türkçe&apos;ye özel okuma desteği&quot;
            class=&quot;MuiButtonBase-root MuiIconButton-root MuiIconButton-sizeMedium css-78trlr-MuiButtonBase-root-MuiIconButton-root&quot;
            data-mui-internal-clone-element=&quot;true&quot;
            tabindex=&quot;0&quot;
            type=&quot;button&quot;
          &gt;
            &lt;svg
              aria-hidden=&quot;true&quot;
              class=&quot;MuiSvgIcon-root MuiSvgIcon-fontSizeMedium css-i4bv87-MuiSvgIcon-root&quot;
              data-testid=&quot;InfoIcon&quot;
              focusable=&quot;false&quot;
              viewBox=&quot;0 0 24 24&quot;
            &gt;
              &lt;path
                d=&quot;M12 2C6.48 2 2 6.48 2 12s4.48 10 10 10 10-4.48 10-10S17.52 2 12 2m1 15h-2v-6h2zm0-8h-2V7h2z&quot;
              /&gt;
            &lt;/svg&gt;
            &lt;span
              class=&quot;MuiTouchRipple-root css-8je8zh-MuiTouchRipple-root&quot;
            /&gt;
          &lt;/button&gt;
        &lt;/div&gt;
        &lt;h6
          class=&quot;MuiTypography-root MuiTypography-h6 MuiTypography-gutterBottom css-137rogq-MuiTypography-root&quot;
        &gt;
          Disleksi için Türkçe&apos;ye özel okuma desteği
        &lt;/h6&gt;
        &lt;div
          class=&quot;MuiChip-root MuiChip-outlined MuiChip-sizeMedium MuiChip-colorSecondary MuiChip-outlinedSecondary css-3h8qf3-MuiChip-root&quot;
        &gt;
          &lt;span
            class=&quot;MuiChip-label MuiChip-labelMedium css-1jzq0dw-MuiChip-label&quot;
          &gt;
            🚀 DEVRİMSEL ÖZELLİK
          &lt;/span&gt;
        &lt;/div&gt;
      &lt;/div&gt;
      &lt;div
        class=&quot;MuiPaper-root MuiPaper-elevation MuiPaper-rounded MuiPaper-elevation1 MuiCard-root css-tbqmd1-MuiPaper-root-MuiCard-root&quot;
      &gt;
        &lt;div
          class=&quot;MuiCardContent-root css-46bh2p-MuiCardContent-root&quot;
        &gt;
          &lt;div
            class=&quot;MuiGrid-root MuiGrid-container MuiGrid-spacing-xs-2 css-ofrcno-MuiGrid-root&quot;
          &gt;
            &lt;div
              class=&quot;MuiGrid-root MuiGrid-item MuiGrid-grid-xs-12 MuiGrid-grid-md-4 css-1lj5egr-MuiGrid-root&quot;
            &gt;
              &lt;label
                class=&quot;MuiFormControlLabel-root MuiFormControlLabel-labelPlacementEnd css-j204z7-MuiFormControlLabel-root&quot;
              &gt;
                &lt;span
                  class=&quot;MuiSwitch-root MuiSwitch-sizeMedium css-julti5-MuiSwitch-root&quot;
                &gt;
                  &lt;span
                    class=&quot;MuiButtonBase-root MuiSwitch-switchBase MuiSwitch-colorSecondary PrivateSwitchBase-root MuiSwitch-switchBase MuiSwitch-colorSecondary css-1vsiu3a-MuiButtonBase-root-MuiSwitchBase-root-MuiSwitch-switchBase&quot;
                  &gt;
                    &lt;input
                      class=&quot;PrivateSwitchBase-input MuiSwitch-input css-1p3z7et-MuiSwitchBase-root&quot;
                      type=&quot;checkbox&quot;
                    /&gt;
                    &lt;span
                      class=&quot;MuiSwitch-thumb css-jsexje-MuiSwitch-thumb&quot;
                    /&gt;
                    &lt;span
                      class=&quot;MuiTouchRipple-root css-8je8zh-MuiTouchRipple-root&quot;
                    /&gt;
                  &lt;/span&gt;
                  &lt;span
                    class=&quot;MuiSwitch-track css-1yjjitx-MuiSwitch-track&quot;
                  /&gt;
                &lt;/span&gt;
                &lt;span
                  class=&quot;MuiTypography-root MuiTypography-body1 MuiFormControlLabel-label css-ahj2mt-MuiTypography-root&quot;
                &gt;
                  &lt;div
                    class=&quot;MuiBox-root css-axw7ok&quot;
                  &gt;
                    &lt;svg
                      aria-hidden=&quot;true&quot;
                      class=&quot;MuiSvgIcon-root MuiSvgIcon-fontSizeMedium css-i4bv87-MuiSvgIcon-root&quot;
                      data-testid=&quot;PsychologyIcon&quot;
                      focusable=&quot;false&quot;
                      viewBox=&quot;0 0 24 24&quot;
                    &gt;
                      &lt;path
                        d=&quot;M13 8.57c-.79 0-1.43.64-1.43 1.43s.64 1.43 1.43 1.43 1.43-.64 1.43-1.43-.64-1.43-1.43-1.43&quot;
                      /&gt;
                      &lt;path
                        d=&quot;M13 3C9.25 3 6.2 5.94 6.02 9.64L4.1 12.2c-.25.33-.01.8.4.8H6v3c0 1.1.9 2 2 2h1v3h7v-4.68c2.36-1.12 4-3.53 4-6.32 0-3.87-3.13-7-7-7m3 7c0 .13-.01.26-.02.39l.83.66c.08.06.1.16.05.25l-.8 1.39c-.05.09-.16.12-.24.09l-.99-.4c-.21.16-.43.29-.67.39L14 13.83c-.01.1-.1.17-.2.17h-1.6c-.1 0-.18-.07-.2-.17l-.15-1.06c-.25-.1-.47-.23-.68-.39l-.99.4c-.09.03-.2 0-.25-.09l-.8-1.39c-.05-.08-.03-.19.05-.25l.84-.66c-.01-.13-.02-.26-.02-.39s.02-.27.04-.39l-.85-.66c-.08-.06-.1-.16-.05-.26l.8-1.38c.05-.09.15-.12.24-.09l1 .4c.2-.15.43-.29.67-.39L12 6.17c.02-.1.1-....

Ignored nodes: comments, script, style
&lt;html&gt;
  &lt;head /&gt;
  &lt;body&gt;
    &lt;div&gt;
      &lt;div
        class=&quot;MuiBox-root css-1uboqz5&quot;
      &gt;
        &lt;div
          class=&quot;MuiBox-root css-3b2wtl&quot;
        &gt;
          &lt;div
            class=&quot;MuiBox-root css-15r6rwp&quot;
          &gt;
            &lt;svg
              aria-hidden=&quot;true&quot;
              class=&quot;MuiSvgIcon-root MuiSvgIcon-fontSizeMedium css-xo9scc-MuiSvgIcon-root&quot;
              data-testid=&quot;VisibilityIcon&quot;
              focusable=&quot;false&quot;
              viewBox=&quot;0 0 24 24&quot;
            &gt;
              &lt;path
                d=&quot;M12 4.5C7 4.5 2.73 7.61 1 12c1.73 4.39 6 7.5 11 7.5s9.27-3.11 11-7.5c-1.73-4.39-6-7.5-11-7.5M12 17c-2.76 0-5-2.24-5-5s2.24-5 5-5 5 2.24 5 5-2.24 5-5 5m0-8c-1.66 0-3 1.34-3 3s1.34 3 3 3 3-1.34 3-3-1.34-3-3-3&quot;
              /&gt;
            &lt;/svg&gt;
            &lt;h1
              class=&quot;MuiTypography-root MuiTypography-h4 css-1313egv-MuiTypography-root&quot;
            &gt;
              Türkçe Bionic Reading
            &lt;/h1&gt;
            &lt;button
              aria-label=&quot;Disleksi için Türkçe&apos;ye özel okuma desteği&quot;
              class=&quot;MuiButtonBase-root MuiIconButton-root MuiIconButton-sizeMedium css-78trlr-MuiButtonBase-root-MuiIconButton-root&quot;
              data-mui-internal-clone-element=&quot;true&quot;
              tabindex=&quot;0&quot;
              type=&quot;button&quot;
            &gt;
              &lt;svg
                aria-hidden=&quot;true&quot;
                class=&quot;MuiSvgIcon-root MuiSvgIcon-fontSizeMedium css-i4bv87-MuiSvgIcon-root&quot;
                data-testid=&quot;InfoIcon&quot;
                focusable=&quot;false&quot;
                viewBox=&quot;0 0 24 24&quot;
              &gt;
                &lt;path
                  d=&quot;M12 2C6.48 2 2 6.48 2 12s4.48 10 10 10 10-4.48 10-10S17.52 2 12 2m1 15h-2v-6h2zm0-8h-2V7h2z&quot;
                /&gt;
              &lt;/svg&gt;
              &lt;span
                class=&quot;MuiTouchRipple-root css-8je8zh-MuiTouchRipple-root&quot;
              /&gt;
            &lt;/button&gt;
          &lt;/div&gt;
          &lt;h6
            class=&quot;MuiTypography-root MuiTypography-h6 MuiTypography-gutterBottom css-137rogq-MuiTypography-root&quot;
          &gt;
            Disleksi için Türkçe&apos;ye özel okuma desteği
          &lt;/h6&gt;
          &lt;div
            class=&quot;MuiChip-root MuiChip-outlined MuiChip-sizeMedium MuiChip-colorSecondary MuiChip-outlinedSecondary css-3h8qf3-MuiChip-root&quot;
          &gt;
            &lt;span
              class=&quot;MuiChip-label MuiChip-labelMedium css-1jzq0dw-MuiChip-label&quot;
            &gt;
              🚀 DEVRİMSEL ÖZELLİK
            &lt;/span&gt;
          &lt;/div&gt;
        &lt;/div&gt;
        &lt;div
          class=&quot;MuiPaper-root MuiPaper-elevation MuiPaper-rounded MuiPaper-elevation1 MuiCard-root css-tbqmd1-MuiPaper-root-MuiCard-root&quot;
        &gt;
          &lt;div
            class=&quot;MuiCardContent-root css-46bh2p-MuiCardContent-root&quot;
          &gt;
            &lt;div
              class=&quot;MuiGrid-root MuiGrid-container MuiGrid-spacing-xs-2 css-ofrcno-MuiGrid-root&quot;
            &gt;
              &lt;div
                class=&quot;MuiGrid-root MuiGrid-item MuiGrid-grid-xs-12 MuiGrid-grid-md-4 css-1lj5egr-MuiGrid-root&quot;
              &gt;
                &lt;label
                  class=&quot;MuiFormControlLabel-root MuiFormControlLabel-labelPlacementEnd css-j204z7-MuiFormControlLabel-root&quot;
                &gt;
                  &lt;span
                    class=&quot;MuiSwitch-root MuiSwitch-sizeMedium css-julti5-MuiSwitch-root&quot;
                  &gt;
                    &lt;span
                      class=&quot;MuiButtonBase-root MuiSwitch-switchBase MuiSwitch-colorSecondary PrivateSwitchBase-root MuiSwitch-switchBase MuiSwitch-colorSecondary css-1vsiu3a-MuiButtonBase-root-MuiSwitchBase-root-MuiSwitch-switchBase&quot;
                    &gt;
                      &lt;input
                        class=&quot;PrivateSwitchBase-input MuiSwitch-input css-1p3z7et-MuiSwitchBase-root&quot;
                        type=&quot;checkbox&quot;
                      /&gt;
                      &lt;span
                        class=&quot;MuiSwitch-thumb css-jsexje-MuiSwitch-thumb&quot;
                      /&gt;
                      &lt;span
                        class=&quot;MuiTouchRipple-root css-8je8zh-MuiTouchRipple-root&quot;
                      /&gt;
                    &lt;/span&gt;
                    &lt;span
                      class=&quot;MuiSwitch-track css-1yjjitx-MuiSwitch-track&quot;
                    /&gt;
                  &lt;/span&gt;
                  &lt;span
                    class=&quot;MuiTypography-root MuiTypography-body1 MuiFormControlLabel-label css-ahj2mt-MuiTypography-root&quot;
                  &gt;
                    &lt;div
                      class=&quot;MuiBox-root css-axw7ok&quot;
                    &gt;
                      &lt;svg
                        aria-hidden=&quot;true&quot;
                        class=&quot;MuiSvgIcon-root MuiSvgIcon-fontSizeMedium css-i4bv87-MuiSvgIcon-root&quot;
                        data-testid=&quot;PsychologyIcon&quot;
                        focusable=&quot;false&quot;
                        viewBox=&quot;0 0 24 24&quot;
                      &gt;
                        &lt;path
                          d=&quot;M13 8.57c-.79 0-1.43.64-1.43 1.43s.64 1.43 1.43 1.43 1.43-.64 1.43-1.43-.64-1.43-1.43-1.43&quot;
                        /&gt;
                        &lt;path
                          d=&quot;M13 3C9.25 3 6.2 5.94 6.02 9.64L4.1 12.2c-.25.33-.01.8.4.8H6v3c0 1.1.9 2 2 2h1v3h7v-4.68c2.36-1.12 4-3.53 4-6.32 0-3.87-3.13-7-7-7m3 7c0 .13-.01.26-.02.39l.83.66c.08.06.1.16.05.25l-.8 1.39c-.05.09-.16.12-.24.09l-.99-.4c-.21.16-.43.29-.67.39L14 13.83c-.01.1-.1.17-.2.17h...
 ❯ Proxy.waitForWrapper node_modules/@testing-library/react/node_modules/@testing-library/dom/dist/wait-for.js:163:27
 ❯ src/test/components/Revolutionary/RevolutionaryIntegration.test.tsx:176:13
            </failure>
        </testcase>
        <testcase classname="src/test/components/Revolutionary/RevolutionaryIntegration.test.tsx" name="Revolutionary Features Integration &gt; MultiAgentCoordination Integration &gt; should load and display agent status" time="2.1986846">
            <failure message="expected &quot;spy&quot; to be called with arguments: [ &apos;test-student-123&apos; ][90m

Number of calls: [1m0[22m
[39m

Ignored nodes: comments, script, style
[36m&lt;html&gt;[39m
  [36m&lt;head /&gt;[39m
  [36m&lt;body&gt;[39m
    [36m&lt;div&gt;[39m
      [36m&lt;div[39m
        [33mclass[39m=[32m&quot;MuiBox-root css-vhc5pf&quot;[39m
      [36m&gt;[39m
        [36m&lt;div[39m
          [33mclass[39m=[32m&quot;MuiBox-root css-3b2wtl&quot;[39m
        [36m&gt;[39m
          [36m&lt;div[39m
            [33mclass[39m=[32m&quot;MuiBox-root css-15r6rwp&quot;[39m
          [36m&gt;[39m
            [36m&lt;svg[39m
              [33maria-hidden[39m=[32m&quot;true&quot;[39m
              [33mclass[39m=[32m&quot;MuiSvgIcon-root MuiSvgIcon-fontSizeMedium css-1vbt6uj-MuiSvgIcon-root&quot;[39m
              [33mdata-testid[39m=[32m&quot;HubIcon&quot;[39m
              [33mfocusable[39m=[32m&quot;false&quot;[39m
              [33mviewBox[39m=[32m&quot;0 0 24 24&quot;[39m
            [36m&gt;[39m
              [36m&lt;path[39m
                [33md[39m=[32m&quot;M8.4 18.2c.38.5.6 1.12.6 1.8 0 1.66-1.34 3-3 3s-3-1.34-3-3 1.34-3 3-3c.44 0 .85.09 1.23.26l1.41-1.77c-.92-1.03-1.29-2.39-1.09-3.69l-2.03-.68c-.54.83-1.46 1.38-2.52 1.38-1.66 0-3-1.34-3-3s1.34-3 3-3 3 1.34 3 3c0 .07 0 .14-.01.21l2.03.68c.64-1.21 1.82-2.09 3.22-2.32V5.91C9.96 5.57 9 4.4 9 3c0-1.66 1.34-3 3-3s3 1.34 3 3c0 1.4-.96 2.57-2.25 2.91v2.16c1.4.23 2.58 1.11 3.22 2.32L18 9.71V9.5c0-1.66 1.34-3 3-3s3 1.34 3 3-1.34 3-3 3c-1.06 0-1.98-.55-2.52-1.37l-2.03.68c.2 1.29-.16 2.65-1.09 3.69l1.41 1.77c.38-.18.79-.27 1.23-.27 1.66 0 3 1.34 3 3s-1.34 3-3 3-3-1.34-3-3c0-.68.22-1.3.6-1.8l-1.41-1.77c-1.35.75-3.01.76-4.37 0z&quot;[39m
              [36m/&gt;[39m
            [36m&lt;/svg&gt;[39m
            [36m&lt;h1[39m
              [33mclass[39m=[32m&quot;MuiTypography-root MuiTypography-h3 css-1ey9xtw-MuiTypography-root&quot;[39m
            [36m&gt;[39m
              [0mMulti-Agent Koordinasyon[0m
            [36m&lt;/h1&gt;[39m
            [36m&lt;button[39m
              [33maria-label[39m=[32m&quot;Gerçek zamanlı güncellemeleri aç/kapat&quot;[39m
              [33mclass[39m=[32m&quot;MuiButtonBase-root MuiIconButton-root MuiIconButton-colorPrimary MuiIconButton-sizeMedium css-1kuq5xv-MuiButtonBase-root-MuiIconButton-root&quot;[39m
              [33mdata-mui-internal-clone-element[39m=[32m&quot;true&quot;[39m
              [33mtabindex[39m=[32m&quot;0&quot;[39m
              [33mtype[39m=[32m&quot;button&quot;[39m
            [36m&gt;[39m
              [36m&lt;svg[39m
                [33maria-hidden[39m=[32m&quot;true&quot;[39m
                [33mclass[39m=[32m&quot;MuiSvgIcon-root MuiSvgIcon-fontSizeMedium css-i4bv87-MuiSvgIcon-root&quot;[39m
                [33mdata-testid[39m=[32m&quot;SyncIcon&quot;[39m
                [33mfocusable[39m=[32m&quot;false&quot;[39m
                [33mviewBox[39m=[32m&quot;0 0 24 24&quot;[39m
              [36m&gt;[39m
                [36m&lt;path[39m
                  [33md[39m=[32m&quot;M12 4V1L8 5l4 4V6c3.31 0 6 2.69 6 6 0 1.01-.25 1.97-.7 2.8l1.46 1.46C19.54 15.03 20 13.57 20 12c0-4.42-3.58-8-8-8m0 14c-3.31 0-6-2.69-6-6 0-1.01.25-1.97.7-2.8L5.24 7.74C4.46 8.97 4 10.43 4 12c0 4.42 3.58 8 8 8v3l4-4-4-4z&quot;[39m
                [36m/&gt;[39m
              [36m&lt;/svg&gt;[39m
              [36m&lt;span[39m
                [33mclass[39m=[32m&quot;MuiTouchRipple-root css-8je8zh-MuiTouchRipple-root&quot;[39m
              [36m/&gt;[39m
            [36m&lt;/button&gt;[39m
          [36m&lt;/div&gt;[39m
          [36m&lt;h6[39m
            [33mclass[39m=[32m&quot;MuiTypography-root MuiTypography-h6 MuiTypography-gutterBottom css-137rogq-MuiTypography-root&quot;[39m
          [36m&gt;[39m
            [0mBlackboard Pattern ile gerçek zamanlı agent koordinasyonu[0m
          [36m&lt;/h6&gt;[39m
          [36m&lt;div[39m
            [33mclass[39m=[32m&quot;MuiChip-root MuiChip-outlined MuiChip-sizeMedium MuiChip-colorPrimary MuiChip-outlinedPrimary css-how8qn-MuiChip-root&quot;[39m
          [36m&gt;[39m
            [36m&lt;span[39m
              [33mclass[39m=[32m&quot;MuiChip-label MuiChip-labelMedium css-1jzq0dw-MuiChip-label&quot;[39m
            [36m&gt;[39m
              [0m🚀 DEVRİMSEL ÖZELLİK[0m
            [36m&lt;/span&gt;[39m
          [36m&lt;/div&gt;[39m
        [36m&lt;/div&gt;[39m
        [36m&lt;div[39m
          [33mclass[39m=[32m&quot;MuiGrid-root MuiGrid-container MuiGrid-spacing-xs-3 css-1ov6x74-MuiGrid-root&quot;[39m
        [36m&gt;[39m
          [36m&lt;div[39m
            [33mclass[39m=[32m&quot;MuiGrid-root MuiGrid-item MuiGrid-grid-xs-12 MuiGrid-grid-md-3 css-iv7vbz-MuiGrid-root&quot;[39m
          [36m&gt;[39m
            [36m&lt;div[39m
              [33mclass[39m=[32m&quot;MuiPaper-root MuiPaper-elevation MuiPaper-rounded MuiPaper-elevation1 css-1sn0vcw-MuiPaper-root&quot;[39m
            [36m&gt;[39m
              [36m&lt;h3[39m
                [33mclass[39m=[32m&quot;MuiTypography-root MuiTypography-h3 css-1h866n3-MuiTypography-root&quot;[39m
              [36m&gt;[39m
                [0m3[0m
              [36m&lt;/h3&gt;[39m
              [36m&lt;p[39m
                [33mclass[39m=[32m&quot;MuiTypography-root MuiTypography-body2 css-19djqh4-MuiTypography-root&quot;[39m
              [36m&gt;[39m
                [0mAktif Agent[0m
              [36m&lt;/p&gt;[39m
            [36m&lt;/div&gt;[39m
          [36m&lt;/div&gt;[39m
          [36m&lt;div[39m
            [33mclass[39m=[32m&quot;MuiGrid-root MuiGrid-item MuiGrid-grid-xs-12 MuiGrid-grid-md-3 css-iv7vbz-MuiGrid-root&quot;[39m
          [36m&gt;[39m
            [36m&lt;div[39m
              [33mclass[39m=[32m&quot;MuiPaper-root MuiPaper-elevation MuiPaper-rounded MuiPaper-elevation1 css-wpqv89-MuiPaper-root&quot;[39m
            [36m&gt;[39m
              [36m&lt;h3[39m
                [33mclass[39m=[32m&quot;MuiTypography-root MuiTypography-h3 css-1tvj38j-MuiTypography-root&quot;[39m
              [36m&gt;[39m
                [0m46[0m
              [36m&lt;/h3&gt;[39m
              [36m&lt;p[39m
                [33mclass[39m=[32m&quot;MuiTypography-root MuiTypography-body2 css-ntktg-MuiTypography-root&quot;[39m
              [36m&gt;[39m
                [0mTamamlanan Görev[0m
              [36m&lt;/p&gt;[39m
            [36m&lt;/div&gt;[39m
          [36m&lt;/div&gt;[39m
          [36m&lt;div[39m
            [33mclass[39m=[32m&quot;MuiGrid-root MuiGrid-item MuiGrid-grid-xs-12 MuiGrid-grid-md-3 css-iv7vbz-MuiGrid-root&quot;[39m
          [36m&gt;[39m
            [36m&lt;div[39m
              [33mclass[39m=[32m&quot;MuiPaper-root MuiPaper-elevation MuiPaper-rounded MuiPaper-elevation1 css-doikk4-MuiPaper-root&quot;[39m
            [36m&gt;[39m
              [36m&lt;h3[39m
                [33mclass[39m=[32m&quot;MuiTypography-root MuiTypography-h3 css-1rinu3c-MuiTypography-root&quot;[39m
              [36m&gt;[39m
                [0m1[0m
              [36m&lt;/h3&gt;[39m
              [36m&lt;p[39m
                [33mclass[39m=[32m&quot;MuiTypography-root MuiTypography-body2 css-1a75swt-MuiTypography-root&quot;[39m
              [36m&gt;[39m
                [0mDevam Eden Görev[0m
              [36m&lt;/p&gt;[39m
            [36m&lt;/div&gt;[39m
          [36m&lt;/div&gt;[39m
          [36m&lt;div[39m
            [33mclass[39m=[32m&quot;MuiGrid-root MuiGrid-item MuiGrid-grid-xs-12 MuiGrid-grid-md-3 css-iv7vbz-MuiGrid-root&quot;[39m
          [36m&gt;[39m
            [36m&lt;div[39m
              [33mclass[39m=[32m&quot;MuiPaper-root Mui..." type="AssertionError">
AssertionError: expected &quot;spy&quot; to be called with arguments: [ &apos;test-student-123&apos; ]

Number of calls: 0


Ignored nodes: comments, script, style
&lt;html&gt;
  &lt;head /&gt;
  &lt;body&gt;
    &lt;div&gt;
      &lt;div
        class=&quot;MuiBox-root css-vhc5pf&quot;
      &gt;
        &lt;div
          class=&quot;MuiBox-root css-3b2wtl&quot;
        &gt;
          &lt;div
            class=&quot;MuiBox-root css-15r6rwp&quot;
          &gt;
            &lt;svg
              aria-hidden=&quot;true&quot;
              class=&quot;MuiSvgIcon-root MuiSvgIcon-fontSizeMedium css-1vbt6uj-MuiSvgIcon-root&quot;
              data-testid=&quot;HubIcon&quot;
              focusable=&quot;false&quot;
              viewBox=&quot;0 0 24 24&quot;
            &gt;
              &lt;path
                d=&quot;M8.4 18.2c.38.5.6 1.12.6 1.8 0 1.66-1.34 3-3 3s-3-1.34-3-3 1.34-3 3-3c.44 0 .85.09 1.23.26l1.41-1.77c-.92-1.03-1.29-2.39-1.09-3.69l-2.03-.68c-.54.83-1.46 1.38-2.52 1.38-1.66 0-3-1.34-3-3s1.34-3 3-3 3 1.34 3 3c0 .07 0 .14-.01.21l2.03.68c.64-1.21 1.82-2.09 3.22-2.32V5.91C9.96 5.57 9 4.4 9 3c0-1.66 1.34-3 3-3s3 1.34 3 3c0 1.4-.96 2.57-2.25 2.91v2.16c1.4.23 2.58 1.11 3.22 2.32L18 9.71V9.5c0-1.66 1.34-3 3-3s3 1.34 3 3-1.34 3-3 3c-1.06 0-1.98-.55-2.52-1.37l-2.03.68c.2 1.29-.16 2.65-1.09 3.69l1.41 1.77c.38-.18.79-.27 1.23-.27 1.66 0 3 1.34 3 3s-1.34 3-3 3-3-1.34-3-3c0-.68.22-1.3.6-1.8l-1.41-1.77c-1.35.75-3.01.76-4.37 0z&quot;
              /&gt;
            &lt;/svg&gt;
            &lt;h1
              class=&quot;MuiTypography-root MuiTypography-h3 css-1ey9xtw-MuiTypography-root&quot;
            &gt;
              Multi-Agent Koordinasyon
            &lt;/h1&gt;
            &lt;button
              aria-label=&quot;Gerçek zamanlı güncellemeleri aç/kapat&quot;
              class=&quot;MuiButtonBase-root MuiIconButton-root MuiIconButton-colorPrimary MuiIconButton-sizeMedium css-1kuq5xv-MuiButtonBase-root-MuiIconButton-root&quot;
              data-mui-internal-clone-element=&quot;true&quot;
              tabindex=&quot;0&quot;
              type=&quot;button&quot;
            &gt;
              &lt;svg
                aria-hidden=&quot;true&quot;
                class=&quot;MuiSvgIcon-root MuiSvgIcon-fontSizeMedium css-i4bv87-MuiSvgIcon-root&quot;
                data-testid=&quot;SyncIcon&quot;
                focusable=&quot;false&quot;
                viewBox=&quot;0 0 24 24&quot;
              &gt;
                &lt;path
                  d=&quot;M12 4V1L8 5l4 4V6c3.31 0 6 2.69 6 6 0 1.01-.25 1.97-.7 2.8l1.46 1.46C19.54 15.03 20 13.57 20 12c0-4.42-3.58-8-8-8m0 14c-3.31 0-6-2.69-6-6 0-1.01.25-1.97.7-2.8L5.24 7.74C4.46 8.97 4 10.43 4 12c0 4.42 3.58 8 8 8v3l4-4-4-4z&quot;
                /&gt;
              &lt;/svg&gt;
              &lt;span
                class=&quot;MuiTouchRipple-root css-8je8zh-MuiTouchRipple-root&quot;
              /&gt;
            &lt;/button&gt;
          &lt;/div&gt;
          &lt;h6
            class=&quot;MuiTypography-root MuiTypography-h6 MuiTypography-gutterBottom css-137rogq-MuiTypography-root&quot;
          &gt;
            Blackboard Pattern ile gerçek zamanlı agent koordinasyonu
          &lt;/h6&gt;
          &lt;div
            class=&quot;MuiChip-root MuiChip-outlined MuiChip-sizeMedium MuiChip-colorPrimary MuiChip-outlinedPrimary css-how8qn-MuiChip-root&quot;
          &gt;
            &lt;span
              class=&quot;MuiChip-label MuiChip-labelMedium css-1jzq0dw-MuiChip-label&quot;
            &gt;
              🚀 DEVRİMSEL ÖZELLİK
            &lt;/span&gt;
          &lt;/div&gt;
        &lt;/div&gt;
        &lt;div
          class=&quot;MuiGrid-root MuiGrid-container MuiGrid-spacing-xs-3 css-1ov6x74-MuiGrid-root&quot;
        &gt;
          &lt;div
            class=&quot;MuiGrid-root MuiGrid-item MuiGrid-grid-xs-12 MuiGrid-grid-md-3 css-iv7vbz-MuiGrid-root&quot;
          &gt;
            &lt;div
              class=&quot;MuiPaper-root MuiPaper-elevation MuiPaper-rounded MuiPaper-elevation1 css-1sn0vcw-MuiPaper-root&quot;
            &gt;
              &lt;h3
                class=&quot;MuiTypography-root MuiTypography-h3 css-1h866n3-MuiTypography-root&quot;
              &gt;
                3
              &lt;/h3&gt;
              &lt;p
                class=&quot;MuiTypography-root MuiTypography-body2 css-19djqh4-MuiTypography-root&quot;
              &gt;
                Aktif Agent
              &lt;/p&gt;
            &lt;/div&gt;
          &lt;/div&gt;
          &lt;div
            class=&quot;MuiGrid-root MuiGrid-item MuiGrid-grid-xs-12 MuiGrid-grid-md-3 css-iv7vbz-MuiGrid-root&quot;
          &gt;
            &lt;div
              class=&quot;MuiPaper-root MuiPaper-elevation MuiPaper-rounded MuiPaper-elevation1 css-wpqv89-MuiPaper-root&quot;
            &gt;
              &lt;h3
                class=&quot;MuiTypography-root MuiTypography-h3 css-1tvj38j-MuiTypography-root&quot;
              &gt;
                46
              &lt;/h3&gt;
              &lt;p
                class=&quot;MuiTypography-root MuiTypography-body2 css-ntktg-MuiTypography-root&quot;
              &gt;
                Tamamlanan Görev
              &lt;/p&gt;
            &lt;/div&gt;
          &lt;/div&gt;
          &lt;div
            class=&quot;MuiGrid-root MuiGrid-item MuiGrid-grid-xs-12 MuiGrid-grid-md-3 css-iv7vbz-MuiGrid-root&quot;
          &gt;
            &lt;div
              class=&quot;MuiPaper-root MuiPaper-elevation MuiPaper-rounded MuiPaper-elevation1 css-doikk4-MuiPaper-root&quot;
            &gt;
              &lt;h3
                class=&quot;MuiTypography-root MuiTypography-h3 css-1rinu3c-MuiTypography-root&quot;
              &gt;
                1
              &lt;/h3&gt;
              &lt;p
                class=&quot;MuiTypography-root MuiTypography-body2 css-1a75swt-MuiTypography-root&quot;
              &gt;
                Devam Eden Görev
              &lt;/p&gt;
            &lt;/div&gt;
          &lt;/div&gt;
          &lt;div
            class=&quot;MuiGrid-root MuiGrid-item MuiGrid-grid-xs-12 MuiGrid-grid-md-3 css-iv7vbz-MuiGrid-root&quot;
          &gt;
            &lt;div
              class=&quot;MuiPaper-root Mui...
 ❯ src/test/components/Revolutionary/RevolutionaryIntegration.test.tsx:228:66
 ❯ runWithExpensiveErrorDiagnosticsDisabled node_modules/@testing-library/react/node_modules/@testing-library/dom/dist/config.js:47:12
 ❯ checkCallback node_modules/@testing-library/react/node_modules/@testing-library/dom/dist/wait-for.js:124:77
 ❯ Timeout.checkRealTimersCallback node_modules/@testing-library/react/node_modules/@testing-library/dom/dist/wait-for.js:118:16
            </failure>
        </testcase>
        <testcase classname="src/test/components/Revolutionary/RevolutionaryIntegration.test.tsx" name="Revolutionary Features Integration &gt; RevolutionarySettings Integration &gt; should load and save settings" time="4.4176867">
            <failure message="expected &quot;spy&quot; to be called with arguments: [ &apos;test-student-123&apos;, …(1) ][90m

Number of calls: [1m0[22m
[39m

Ignored nodes: comments, script, style
[36m&lt;html&gt;[39m
  [36m&lt;head /&gt;[39m
  [36m&lt;body&gt;[39m
    [36m&lt;div&gt;[39m
      [36m&lt;div[39m
        [33mclass[39m=[32m&quot;MuiBox-root css-1uboqz5&quot;[39m
      [36m&gt;[39m
        [36m&lt;div[39m
          [33mclass[39m=[32m&quot;MuiBox-root css-3b2wtl&quot;[39m
        [36m&gt;[39m
          [36m&lt;div[39m
            [33mclass[39m=[32m&quot;MuiBox-root css-15r6rwp&quot;[39m
          [36m&gt;[39m
            [36m&lt;svg[39m
              [33maria-hidden[39m=[32m&quot;true&quot;[39m
              [33mclass[39m=[32m&quot;MuiSvgIcon-root MuiSvgIcon-fontSizeMedium css-1vbt6uj-MuiSvgIcon-root&quot;[39m
              [33mdata-testid[39m=[32m&quot;SettingsIcon&quot;[39m
              [33mfocusable[39m=[32m&quot;false&quot;[39m
              [33mviewBox[39m=[32m&quot;0 0 24 24&quot;[39m
            [36m&gt;[39m
              [36m&lt;path[39m
                [33md[39m=[32m&quot;M19.14 12.94c.04-.3.06-.61.06-.94 0-.32-.02-.64-.07-.94l2.03-1.58c.18-.14.23-.41.12-.61l-1.92-3.32c-.12-.22-.37-.29-.59-.22l-2.39.96c-.5-.38-1.03-.7-1.62-.94l-.36-2.54c-.04-.24-.24-.41-.48-.41h-3.84c-.24 0-.43.17-.47.41l-.36 2.54c-.59.24-1.13.57-1.62.94l-2.39-.96c-.22-.08-.47 0-.59.22L2.74 8.87c-.12.21-.08.47.12.61l2.03 1.58c-.05.3-.09.63-.09.94s.02.64.07.94l-2.03 1.58c-.18.14-.23.41-.12.61l1.92 3.32c.12.22.37.29.59.22l2.39-.96c.5.38 1.03.7 1.62.94l.36 2.54c.05.24.24.41.48.41h3.84c.24 0 .44-.17.47-.41l.36-2.54c.59-.24 1.13-.56 1.62-.94l2.39.96c.22.08.47 0 .59-.22l1.92-3.32c.12-.22.07-.47-.12-.61zM12 15.6c-1.98 0-3.6-1.62-3.6-3.6s1.62-3.6 3.6-3.6 3.6 1.62 3.6 3.6-1.62 3.6-3.6 3.6&quot;[39m
              [36m/&gt;[39m
            [36m&lt;/svg&gt;[39m
            [36m&lt;h1[39m
              [33mclass[39m=[32m&quot;MuiTypography-root MuiTypography-h3 css-1ey9xtw-MuiTypography-root&quot;[39m
            [36m&gt;[39m
              [0mDevrimsel Özellik Ayarları[0m
            [36m&lt;/h1&gt;[39m
          [36m&lt;/div&gt;[39m
          [36m&lt;h6[39m
            [33mclass[39m=[32m&quot;MuiTypography-root MuiTypography-h6 MuiTypography-gutterBottom css-137rogq-MuiTypography-root&quot;[39m
          [36m&gt;[39m
            [0m7 dünya çapında yenilikçi özelliğin merkezi ayar paneli[0m
          [36m&lt;/h6&gt;[39m
          [36m&lt;div[39m
            [33mclass[39m=[32m&quot;MuiChip-root MuiChip-outlined MuiChip-sizeMedium MuiChip-colorPrimary MuiChip-outlinedPrimary css-how8qn-MuiChip-root&quot;[39m
          [36m&gt;[39m
            [36m&lt;span[39m
              [33mclass[39m=[32m&quot;MuiChip-label MuiChip-labelMedium css-1jzq0dw-MuiChip-label&quot;[39m
            [36m&gt;[39m
              [0m🚀 DEVRİMSEL ÖZELLİKLER[0m
            [36m&lt;/span&gt;[39m
          [36m&lt;/div&gt;[39m
        [36m&lt;/div&gt;[39m
        [36m&lt;div[39m
          [33mclass[39m=[32m&quot;MuiPaper-root MuiPaper-elevation MuiPaper-rounded MuiPaper-elevation0 MuiAlert-root MuiAlert-colorError MuiAlert-standardError MuiAlert-standard css-h8vawe-MuiPaper-root-MuiAlert-root&quot;[39m
          [33mrole[39m=[32m&quot;alert&quot;[39m
        [36m&gt;[39m
          [36m&lt;div[39m
            [33mclass[39m=[32m&quot;MuiAlert-icon css-1ytlwq5-MuiAlert-icon&quot;[39m
          [36m&gt;[39m
            [36m&lt;svg[39m
              [33maria-hidden[39m=[32m&quot;true&quot;[39m
              [33mclass[39m=[32m&quot;MuiSvgIcon-root MuiSvgIcon-fontSizeInherit css-1vooibu-MuiSvgIcon-root&quot;[39m
              [33mdata-testid[39m=[32m&quot;ErrorOutlineIcon&quot;[39m
              [33mfocusable[39m=[32m&quot;false&quot;[39m
              [33mviewBox[39m=[32m&quot;0 0 24 24&quot;[39m
            [36m&gt;[39m
              [36m&lt;path[39m
                [33md[39m=[32m&quot;M11 15h2v2h-2zm0-8h2v6h-2zm.99-5C6.47 2 2 6.48 2 12s4.47 10 9.99 10C17.52 22 22 17.52 22 12S17.52 2 11.99 2zM12 20c-4.42 0-8-3.58-8-8s3.58-8 8-8 8 3.58 8 8-3.58 8-8 8z&quot;[39m
              [36m/&gt;[39m
            [36m&lt;/svg&gt;[39m
          [36m&lt;/div&gt;[39m
          [36m&lt;div[39m
            [33mclass[39m=[32m&quot;MuiAlert-message css-1pxa9xg-MuiAlert-message&quot;[39m
          [36m&gt;[39m
            [0m[vitest] No &quot;revolutionaryFeaturesService&quot; export is defined on the &quot;../../../services/revolutionaryFeaturesService&quot; mock. Did you forget to return it from &quot;vi.mock&quot;?
If you need to partially mock a module, you can use &quot;importOriginal&quot; helper inside:
[0m
          [36m&lt;/div&gt;[39m
          [36m&lt;div[39m
            [33mclass[39m=[32m&quot;MuiAlert-action css-ki1hdl-MuiAlert-action&quot;[39m
          [36m&gt;[39m
            [36m&lt;button[39m
              [33maria-label[39m=[32m&quot;Close&quot;[39m
              [33mclass[39m=[32m&quot;MuiButtonBase-root MuiIconButton-root MuiIconButton-colorInherit MuiIconButton-sizeSmall css-1e0d89p-MuiButtonBase-root-MuiIconButton-root&quot;[39m
              [33mtabindex[39m=[32m&quot;0&quot;[39m
              [33mtitle[39m=[32m&quot;Close&quot;[39m
              [33mtype[39m=[32m&quot;button&quot;[39m
            [36m&gt;[39m
              [36m&lt;svg[39m
                [33maria-hidden[39m=[32m&quot;true&quot;[39m
                [33mclass[39m=[32m&quot;MuiSvgIcon-root MuiSvgIcon-fontSizeSmall css-ptiqhd-MuiSvgIcon-root&quot;[39m
                [33mdata-testid[39m=[32m&quot;CloseIcon&quot;[39m
                [33mfocusable[39m=[32m&quot;false&quot;[39m
                [33mviewBox[39m=[32m&quot;0 0 24 24&quot;[39m
              [36m&gt;[39m
                [36m&lt;path[39m
                  [33md[39m=[32m&quot;M19 6.41L17.59 5 12 10.59 6.41 5 5 6.41 10.59 12 5 17.59 6.41 19 12 13.41 17.59 19 19 17.59 13.41 12z&quot;[39m
                [36m/&gt;[39m
              [36m&lt;/svg&gt;[39m
              [36m&lt;span[39m
                [33mclass[39m=[32m&quot;MuiTouchRipple-root css-8je8zh-MuiTouchRipple-root&quot;[39m
              [36m/&gt;[39m
            [36m&lt;/button&gt;[39m
          [36m&lt;/div&gt;[39m
        [36m&lt;/div&gt;[39m
        [36m&lt;div[39m
          [33mclass[39m=[32m&quot;MuiGrid-root MuiGrid-container MuiGrid-spacing-xs-3 css-1ov6x74-MuiGrid-root&quot;[39m
        [36m&gt;[39m
          [36m&lt;div[39m
            [33mclass[39m=[32m&quot;MuiGrid-root MuiGrid-item MuiGrid-grid-xs-12 MuiGrid-grid-md-6 css-1fyyp8j-MuiGrid-root&quot;[39m
          [36m&gt;[39m
            [36m&lt;div[39m
              [33mclass[39m=[32m&quot;MuiPaper-root MuiPaper-elevation MuiPaper-rounded MuiPaper-elevation1 MuiCard-root css-zwt9xa-MuiPaper-root-MuiCard-root&quot;[39m
            [36m&gt;[39m
              [36m&lt;div[39m
                [33mclass[39m=[32m&quot;MuiCardHeader-root css-185gdzj-MuiCardHeader-root&quot;[39m
              [36m&gt;[39m
                [36m&lt;div[39m
                  [33mclass[39m=[32m&quot;MuiCardHeader-content css-1qbkelo-MuiCardHeader-content&quot;[39m
                [36m/&gt;[39m
              [36m&lt;/div&gt;[39m
              [36m&lt;div[39m
                [33mclass[39m=[32m&quot;MuiCardContent-root css-46bh2p-MuiCardContent-root&quot;[39m
              [36m&gt;[39m
                [36m&lt;label[39m
                  [33mclass[39m=[32m&quot;MuiFormControlLabel-root MuiFormControlLabel-labelPlacementEnd css-j204z7-MuiFormControlLabel-root&quot;[39m
                [36m&gt;[39m
                  [36m&lt;span[39m
                    [33mclass[39m=[32m&quot;MuiSwitch-root MuiSwitch-sizeMedium css-julti5-MuiSwitch-r..." type="AssertionError">
AssertionError: expected &quot;spy&quot; to be called with arguments: [ &apos;test-student-123&apos;, …(1) ]

Number of calls: 0


Ignored nodes: comments, script, style
&lt;html&gt;
  &lt;head /&gt;
  &lt;body&gt;
    &lt;div&gt;
      &lt;div
        class=&quot;MuiBox-root css-1uboqz5&quot;
      &gt;
        &lt;div
          class=&quot;MuiBox-root css-3b2wtl&quot;
        &gt;
          &lt;div
            class=&quot;MuiBox-root css-15r6rwp&quot;
          &gt;
            &lt;svg
              aria-hidden=&quot;true&quot;
              class=&quot;MuiSvgIcon-root MuiSvgIcon-fontSizeMedium css-1vbt6uj-MuiSvgIcon-root&quot;
              data-testid=&quot;SettingsIcon&quot;
              focusable=&quot;false&quot;
              viewBox=&quot;0 0 24 24&quot;
            &gt;
              &lt;path
                d=&quot;M19.14 12.94c.04-.3.06-.61.06-.94 0-.32-.02-.64-.07-.94l2.03-1.58c.18-.14.23-.41.12-.61l-1.92-3.32c-.12-.22-.37-.29-.59-.22l-2.39.96c-.5-.38-1.03-.7-1.62-.94l-.36-2.54c-.04-.24-.24-.41-.48-.41h-3.84c-.24 0-.43.17-.47.41l-.36 2.54c-.59.24-1.13.57-1.62.94l-2.39-.96c-.22-.08-.47 0-.59.22L2.74 8.87c-.12.21-.08.47.12.61l2.03 1.58c-.05.3-.09.63-.09.94s.02.64.07.94l-2.03 1.58c-.18.14-.23.41-.12.61l1.92 3.32c.12.22.37.29.59.22l2.39-.96c.5.38 1.03.7 1.62.94l.36 2.54c.05.24.24.41.48.41h3.84c.24 0 .44-.17.47-.41l.36-2.54c.59-.24 1.13-.56 1.62-.94l2.39.96c.22.08.47 0 .59-.22l1.92-3.32c.12-.22.07-.47-.12-.61zM12 15.6c-1.98 0-3.6-1.62-3.6-3.6s1.62-3.6 3.6-3.6 3.6 1.62 3.6 3.6-1.62 3.6-3.6 3.6&quot;
              /&gt;
            &lt;/svg&gt;
            &lt;h1
              class=&quot;MuiTypography-root MuiTypography-h3 css-1ey9xtw-MuiTypography-root&quot;
            &gt;
              Devrimsel Özellik Ayarları
            &lt;/h1&gt;
          &lt;/div&gt;
          &lt;h6
            class=&quot;MuiTypography-root MuiTypography-h6 MuiTypography-gutterBottom css-137rogq-MuiTypography-root&quot;
          &gt;
            7 dünya çapında yenilikçi özelliğin merkezi ayar paneli
          &lt;/h6&gt;
          &lt;div
            class=&quot;MuiChip-root MuiChip-outlined MuiChip-sizeMedium MuiChip-colorPrimary MuiChip-outlinedPrimary css-how8qn-MuiChip-root&quot;
          &gt;
            &lt;span
              class=&quot;MuiChip-label MuiChip-labelMedium css-1jzq0dw-MuiChip-label&quot;
            &gt;
              🚀 DEVRİMSEL ÖZELLİKLER
            &lt;/span&gt;
          &lt;/div&gt;
        &lt;/div&gt;
        &lt;div
          class=&quot;MuiPaper-root MuiPaper-elevation MuiPaper-rounded MuiPaper-elevation0 MuiAlert-root MuiAlert-colorError MuiAlert-standardError MuiAlert-standard css-h8vawe-MuiPaper-root-MuiAlert-root&quot;
          role=&quot;alert&quot;
        &gt;
          &lt;div
            class=&quot;MuiAlert-icon css-1ytlwq5-MuiAlert-icon&quot;
          &gt;
            &lt;svg
              aria-hidden=&quot;true&quot;
              class=&quot;MuiSvgIcon-root MuiSvgIcon-fontSizeInherit css-1vooibu-MuiSvgIcon-root&quot;
              data-testid=&quot;ErrorOutlineIcon&quot;
              focusable=&quot;false&quot;
              viewBox=&quot;0 0 24 24&quot;
            &gt;
              &lt;path
                d=&quot;M11 15h2v2h-2zm0-8h2v6h-2zm.99-5C6.47 2 2 6.48 2 12s4.47 10 9.99 10C17.52 22 22 17.52 22 12S17.52 2 11.99 2zM12 20c-4.42 0-8-3.58-8-8s3.58-8 8-8 8 3.58 8 8-3.58 8-8 8z&quot;
              /&gt;
            &lt;/svg&gt;
          &lt;/div&gt;
          &lt;div
            class=&quot;MuiAlert-message css-1pxa9xg-MuiAlert-message&quot;
          &gt;
            [vitest] No &quot;revolutionaryFeaturesService&quot; export is defined on the &quot;../../../services/revolutionaryFeaturesService&quot; mock. Did you forget to return it from &quot;vi.mock&quot;?
If you need to partially mock a module, you can use &quot;importOriginal&quot; helper inside:

          &lt;/div&gt;
          &lt;div
            class=&quot;MuiAlert-action css-ki1hdl-MuiAlert-action&quot;
          &gt;
            &lt;button
              aria-label=&quot;Close&quot;
              class=&quot;MuiButtonBase-root MuiIconButton-root MuiIconButton-colorInherit MuiIconButton-sizeSmall css-1e0d89p-MuiButtonBase-root-MuiIconButton-root&quot;
              tabindex=&quot;0&quot;
              title=&quot;Close&quot;
              type=&quot;button&quot;
            &gt;
              &lt;svg
                aria-hidden=&quot;true&quot;
                class=&quot;MuiSvgIcon-root MuiSvgIcon-fontSizeSmall css-ptiqhd-MuiSvgIcon-root&quot;
                data-testid=&quot;CloseIcon&quot;
                focusable=&quot;false&quot;
                viewBox=&quot;0 0 24 24&quot;
              &gt;
                &lt;path
                  d=&quot;M19 6.41L17.59 5 12 10.59 6.41 5 5 6.41 10.59 12 5 17.59 6.41 19 12 13.41 17.59 19 19 17.59 13.41 12z&quot;
                /&gt;
              &lt;/svg&gt;
              &lt;span
                class=&quot;MuiTouchRipple-root css-8je8zh-MuiTouchRipple-root&quot;
              /&gt;
            &lt;/button&gt;
          &lt;/div&gt;
        &lt;/div&gt;
        &lt;div
          class=&quot;MuiGrid-root MuiGrid-container MuiGrid-spacing-xs-3 css-1ov6x74-MuiGrid-root&quot;
        &gt;
          &lt;div
            class=&quot;MuiGrid-root MuiGrid-item MuiGrid-grid-xs-12 MuiGrid-grid-md-6 css-1fyyp8j-MuiGrid-root&quot;
          &gt;
            &lt;div
              class=&quot;MuiPaper-root MuiPaper-elevation MuiPaper-rounded MuiPaper-elevation1 MuiCard-root css-zwt9xa-MuiPaper-root-MuiCard-root&quot;
            &gt;
              &lt;div
                class=&quot;MuiCardHeader-root css-185gdzj-MuiCardHeader-root&quot;
              &gt;
                &lt;div
                  class=&quot;MuiCardHeader-content css-1qbkelo-MuiCardHeader-content&quot;
                /&gt;
              &lt;/div&gt;
              &lt;div
                class=&quot;MuiCardContent-root css-46bh2p-MuiCardContent-root&quot;
              &gt;
                &lt;label
                  class=&quot;MuiFormControlLabel-root MuiFormControlLabel-labelPlacementEnd css-j204z7-MuiFormControlLabel-root&quot;
                &gt;
                  &lt;span
                    class=&quot;MuiSwitch-root MuiSwitch-sizeMedium css-julti5-MuiSwitch-r...
 ❯ src/test/components/Revolutionary/RevolutionaryIntegration.test.tsx:272:74
 ❯ runWithExpensiveErrorDiagnosticsDisabled node_modules/@testing-library/react/node_modules/@testing-library/dom/dist/config.js:47:12
 ❯ checkCallback node_modules/@testing-library/react/node_modules/@testing-library/dom/dist/wait-for.js:124:77
 ❯ Timeout.checkRealTimersCallback node_modules/@testing-library/react/node_modules/@testing-library/dom/dist/wait-for.js:118:16
            </failure>
        </testcase>
        <testcase classname="src/test/components/Revolutionary/RevolutionaryIntegration.test.tsx" name="Revolutionary Features Integration &gt; RevolutionarySettings Integration &gt; should reset settings to defaults" time="1.9824467">
        </testcase>
        <testcase classname="src/test/components/Revolutionary/RevolutionaryIntegration.test.tsx" name="Revolutionary Features Integration &gt; RevolutionaryDashboard Integration &gt; should load dashboard with all features" time="1.1437166">
            <failure message="Unable to find an element with the text: Devrimsel Özellikler. This could be because the text is broken up by multiple elements. In this case, you can provide a function for your text matcher to make your matcher more flexible.

Ignored nodes: comments, script, style
[36m&lt;body[39m
  [33mstyle[39m=[32m&quot;&quot;[39m
[36m&gt;[39m
  [36m&lt;div&gt;[39m
    [36m&lt;div[39m
      [33mclass[39m=[32m&quot;MuiPaper-root MuiPaper-elevation MuiPaper-rounded MuiPaper-elevation0 MuiAlert-root MuiAlert-colorError MuiAlert-standardError MuiAlert-standard css-lh7774-MuiPaper-root-MuiAlert-root&quot;[39m
      [33mrole[39m=[32m&quot;alert&quot;[39m
    [36m&gt;[39m
      [36m&lt;div[39m
        [33mclass[39m=[32m&quot;MuiAlert-icon css-1ytlwq5-MuiAlert-icon&quot;[39m
      [36m&gt;[39m
        [36m&lt;svg[39m
          [33maria-hidden[39m=[32m&quot;true&quot;[39m
          [33mclass[39m=[32m&quot;MuiSvgIcon-root MuiSvgIcon-fontSizeInherit css-1vooibu-MuiSvgIcon-root&quot;[39m
          [33mdata-testid[39m=[32m&quot;ErrorOutlineIcon&quot;[39m
          [33mfocusable[39m=[32m&quot;false&quot;[39m
          [33mviewBox[39m=[32m&quot;0 0 24 24&quot;[39m
        [36m&gt;[39m
          [36m&lt;path[39m
            [33md[39m=[32m&quot;M11 15h2v2h-2zm0-8h2v6h-2zm.99-5C6.47 2 2 6.48 2 12s4.47 10 9.99 10C17.52 22 22 17.52 22 12S17.52 2 11.99 2zM12 20c-4.42 0-8-3.58-8-8s3.58-8 8-8 8 3.58 8 8-3.58 8-8 8z&quot;[39m
          [36m/&gt;[39m
        [36m&lt;/svg&gt;[39m
      [36m&lt;/div&gt;[39m
      [36m&lt;div[39m
        [33mclass[39m=[32m&quot;MuiAlert-message css-1pxa9xg-MuiAlert-message&quot;[39m
      [36m&gt;[39m
        [36m&lt;h6[39m
          [33mclass[39m=[32m&quot;MuiTypography-root MuiTypography-h6 css-2ulfj5-MuiTypography-root&quot;[39m
        [36m&gt;[39m
          [0mHata[0m
        [36m&lt;/h6&gt;[39m
        [36m&lt;p[39m
          [33mclass[39m=[32m&quot;MuiTypography-root MuiTypography-body1 css-ahj2mt-MuiTypography-root&quot;[39m
        [36m&gt;[39m
          [0m[vitest] No &quot;revolutionaryFeaturesService&quot; export is defined on the &quot;../../../services/revolutionaryFeaturesService&quot; mock. Did you forget to return it from &quot;vi.mock&quot;?
If you need to partially mock a module, you can use &quot;importOriginal&quot; helper inside:
[0m
        [36m&lt;/p&gt;[39m
      [36m&lt;/div&gt;[39m
    [36m&lt;/div&gt;[39m
  [36m&lt;/div&gt;[39m
[36m&lt;/body&gt;[39m

Ignored nodes: comments, script, style
[36m&lt;html&gt;[39m
  [36m&lt;head /&gt;[39m
  [36m&lt;body[39m
    [33mstyle[39m=[32m&quot;&quot;[39m
  [36m&gt;[39m
    [36m&lt;div&gt;[39m
      [36m&lt;div[39m
        [33mclass[39m=[32m&quot;MuiPaper-root MuiPaper-elevation MuiPaper-rounded MuiPaper-elevation0 MuiAlert-root MuiAlert-colorError MuiAlert-standardError MuiAlert-standard css-lh7774-MuiPaper-root-MuiAlert-root&quot;[39m
        [33mrole[39m=[32m&quot;alert&quot;[39m
      [36m&gt;[39m
        [36m&lt;div[39m
          [33mclass[39m=[32m&quot;MuiAlert-icon css-1ytlwq5-MuiAlert-icon&quot;[39m
        [36m&gt;[39m
          [36m&lt;svg[39m
            [33maria-hidden[39m=[32m&quot;true&quot;[39m
            [33mclass[39m=[32m&quot;MuiSvgIcon-root MuiSvgIcon-fontSizeInherit css-1vooibu-MuiSvgIcon-root&quot;[39m
            [33mdata-testid[39m=[32m&quot;ErrorOutlineIcon&quot;[39m
            [33mfocusable[39m=[32m&quot;false&quot;[39m
            [33mviewBox[39m=[32m&quot;0 0 24 24&quot;[39m
          [36m&gt;[39m
            [36m&lt;path[39m
              [33md[39m=[32m&quot;M11 15h2v2h-2zm0-8h2v6h-2zm.99-5C6.47 2 2 6.48 2 12s4.47 10 9.99 10C17.52 22 22 17.52 22 12S17.52 2 11.99 2zM12 20c-4.42 0-8-3.58-8-8s3.58-8 8-8 8 3.58 8 8-3.58 8-8 8z&quot;[39m
            [36m/&gt;[39m
          [36m&lt;/svg&gt;[39m
        [36m&lt;/div&gt;[39m
        [36m&lt;div[39m
          [33mclass[39m=[32m&quot;MuiAlert-message css-1pxa9xg-MuiAlert-message&quot;[39m
        [36m&gt;[39m
          [36m&lt;h6[39m
            [33mclass[39m=[32m&quot;MuiTypography-root MuiTypography-h6 css-2ulfj5-MuiTypography-root&quot;[39m
          [36m&gt;[39m
            [0mHata[0m
          [36m&lt;/h6&gt;[39m
          [36m&lt;p[39m
            [33mclass[39m=[32m&quot;MuiTypography-root MuiTypography-body1 css-ahj2mt-MuiTypography-root&quot;[39m
          [36m&gt;[39m
            [0m[vitest] No &quot;revolutionaryFeaturesService&quot; export is defined on the &quot;../../../services/revolutionaryFeaturesService&quot; mock. Did you forget to return it from &quot;vi.mock&quot;?
If you need to partially mock a module, you can use &quot;importOriginal&quot; helper inside:
[0m
          [36m&lt;/p&gt;[39m
        [36m&lt;/div&gt;[39m
      [36m&lt;/div&gt;[39m
    [36m&lt;/div&gt;[39m
  [36m&lt;/body&gt;[39m
[36m&lt;/html&gt;[39m..." type="TestingLibraryElementError">
TestingLibraryElementError: Unable to find an element with the text: Devrimsel Özellikler. This could be because the text is broken up by multiple elements. In this case, you can provide a function for your text matcher to make your matcher more flexible.

Ignored nodes: comments, script, style
&lt;body
  style=&quot;&quot;
&gt;
  &lt;div&gt;
    &lt;div
      class=&quot;MuiPaper-root MuiPaper-elevation MuiPaper-rounded MuiPaper-elevation0 MuiAlert-root MuiAlert-colorError MuiAlert-standardError MuiAlert-standard css-lh7774-MuiPaper-root-MuiAlert-root&quot;
      role=&quot;alert&quot;
    &gt;
      &lt;div
        class=&quot;MuiAlert-icon css-1ytlwq5-MuiAlert-icon&quot;
      &gt;
        &lt;svg
          aria-hidden=&quot;true&quot;
          class=&quot;MuiSvgIcon-root MuiSvgIcon-fontSizeInherit css-1vooibu-MuiSvgIcon-root&quot;
          data-testid=&quot;ErrorOutlineIcon&quot;
          focusable=&quot;false&quot;
          viewBox=&quot;0 0 24 24&quot;
        &gt;
          &lt;path
            d=&quot;M11 15h2v2h-2zm0-8h2v6h-2zm.99-5C6.47 2 2 6.48 2 12s4.47 10 9.99 10C17.52 22 22 17.52 22 12S17.52 2 11.99 2zM12 20c-4.42 0-8-3.58-8-8s3.58-8 8-8 8 3.58 8 8-3.58 8-8 8z&quot;
          /&gt;
        &lt;/svg&gt;
      &lt;/div&gt;
      &lt;div
        class=&quot;MuiAlert-message css-1pxa9xg-MuiAlert-message&quot;
      &gt;
        &lt;h6
          class=&quot;MuiTypography-root MuiTypography-h6 css-2ulfj5-MuiTypography-root&quot;
        &gt;
          Hata
        &lt;/h6&gt;
        &lt;p
          class=&quot;MuiTypography-root MuiTypography-body1 css-ahj2mt-MuiTypography-root&quot;
        &gt;
          [vitest] No &quot;revolutionaryFeaturesService&quot; export is defined on the &quot;../../../services/revolutionaryFeaturesService&quot; mock. Did you forget to return it from &quot;vi.mock&quot;?
If you need to partially mock a module, you can use &quot;importOriginal&quot; helper inside:

        &lt;/p&gt;
      &lt;/div&gt;
    &lt;/div&gt;
  &lt;/div&gt;
&lt;/body&gt;

Ignored nodes: comments, script, style
&lt;html&gt;
  &lt;head /&gt;
  &lt;body
    style=&quot;&quot;
  &gt;
    &lt;div&gt;
      &lt;div
        class=&quot;MuiPaper-root MuiPaper-elevation MuiPaper-rounded MuiPaper-elevation0 MuiAlert-root MuiAlert-colorError MuiAlert-standardError MuiAlert-standard css-lh7774-MuiPaper-root-MuiAlert-root&quot;
        role=&quot;alert&quot;
      &gt;
        &lt;div
          class=&quot;MuiAlert-icon css-1ytlwq5-MuiAlert-icon&quot;
        &gt;
          &lt;svg
            aria-hidden=&quot;true&quot;
            class=&quot;MuiSvgIcon-root MuiSvgIcon-fontSizeInherit css-1vooibu-MuiSvgIcon-root&quot;
            data-testid=&quot;ErrorOutlineIcon&quot;
            focusable=&quot;false&quot;
            viewBox=&quot;0 0 24 24&quot;
          &gt;
            &lt;path
              d=&quot;M11 15h2v2h-2zm0-8h2v6h-2zm.99-5C6.47 2 2 6.48 2 12s4.47 10 9.99 10C17.52 22 22 17.52 22 12S17.52 2 11.99 2zM12 20c-4.42 0-8-3.58-8-8s3.58-8 8-8 8 3.58 8 8-3.58 8-8 8z&quot;
            /&gt;
          &lt;/svg&gt;
        &lt;/div&gt;
        &lt;div
          class=&quot;MuiAlert-message css-1pxa9xg-MuiAlert-message&quot;
        &gt;
          &lt;h6
            class=&quot;MuiTypography-root MuiTypography-h6 css-2ulfj5-MuiTypography-root&quot;
          &gt;
            Hata
          &lt;/h6&gt;
          &lt;p
            class=&quot;MuiTypography-root MuiTypography-body1 css-ahj2mt-MuiTypography-root&quot;
          &gt;
            [vitest] No &quot;revolutionaryFeaturesService&quot; export is defined on the &quot;../../../services/revolutionaryFeaturesService&quot; mock. Did you forget to return it from &quot;vi.mock&quot;?
If you need to partially mock a module, you can use &quot;importOriginal&quot; helper inside:

          &lt;/p&gt;
        &lt;/div&gt;
      &lt;/div&gt;
    &lt;/div&gt;
  &lt;/body&gt;
&lt;/html&gt;...
 ❯ Proxy.waitForWrapper node_modules/@testing-library/react/node_modules/@testing-library/dom/dist/wait-for.js:163:27
 ❯ src/test/components/Revolutionary/RevolutionaryIntegration.test.tsx:370:13
            </failure>
        </testcase>
        <testcase classname="src/test/components/Revolutionary/RevolutionaryIntegration.test.tsx" name="Revolutionary Features Integration &gt; RevolutionaryDashboard Integration &gt; should handle tab navigation" time="1.1331038">
            <failure message="Unable to find an element with the text: Devrimsel Özellikler. This could be because the text is broken up by multiple elements. In this case, you can provide a function for your text matcher to make your matcher more flexible.

Ignored nodes: comments, script, style
[36m&lt;body[39m
  [33mstyle[39m=[32m&quot;&quot;[39m
[36m&gt;[39m
  [36m&lt;div&gt;[39m
    [36m&lt;div[39m
      [33mclass[39m=[32m&quot;MuiPaper-root MuiPaper-elevation MuiPaper-rounded MuiPaper-elevation0 MuiAlert-root MuiAlert-colorError MuiAlert-standardError MuiAlert-standard css-lh7774-MuiPaper-root-MuiAlert-root&quot;[39m
      [33mrole[39m=[32m&quot;alert&quot;[39m
    [36m&gt;[39m
      [36m&lt;div[39m
        [33mclass[39m=[32m&quot;MuiAlert-icon css-1ytlwq5-MuiAlert-icon&quot;[39m
      [36m&gt;[39m
        [36m&lt;svg[39m
          [33maria-hidden[39m=[32m&quot;true&quot;[39m
          [33mclass[39m=[32m&quot;MuiSvgIcon-root MuiSvgIcon-fontSizeInherit css-1vooibu-MuiSvgIcon-root&quot;[39m
          [33mdata-testid[39m=[32m&quot;ErrorOutlineIcon&quot;[39m
          [33mfocusable[39m=[32m&quot;false&quot;[39m
          [33mviewBox[39m=[32m&quot;0 0 24 24&quot;[39m
        [36m&gt;[39m
          [36m&lt;path[39m
            [33md[39m=[32m&quot;M11 15h2v2h-2zm0-8h2v6h-2zm.99-5C6.47 2 2 6.48 2 12s4.47 10 9.99 10C17.52 22 22 17.52 22 12S17.52 2 11.99 2zM12 20c-4.42 0-8-3.58-8-8s3.58-8 8-8 8 3.58 8 8-3.58 8-8 8z&quot;[39m
          [36m/&gt;[39m
        [36m&lt;/svg&gt;[39m
      [36m&lt;/div&gt;[39m
      [36m&lt;div[39m
        [33mclass[39m=[32m&quot;MuiAlert-message css-1pxa9xg-MuiAlert-message&quot;[39m
      [36m&gt;[39m
        [36m&lt;h6[39m
          [33mclass[39m=[32m&quot;MuiTypography-root MuiTypography-h6 css-2ulfj5-MuiTypography-root&quot;[39m
        [36m&gt;[39m
          [0mHata[0m
        [36m&lt;/h6&gt;[39m
        [36m&lt;p[39m
          [33mclass[39m=[32m&quot;MuiTypography-root MuiTypography-body1 css-ahj2mt-MuiTypography-root&quot;[39m
        [36m&gt;[39m
          [0m[vitest] No &quot;revolutionaryFeaturesService&quot; export is defined on the &quot;../../../services/revolutionaryFeaturesService&quot; mock. Did you forget to return it from &quot;vi.mock&quot;?
If you need to partially mock a module, you can use &quot;importOriginal&quot; helper inside:
[0m
        [36m&lt;/p&gt;[39m
      [36m&lt;/div&gt;[39m
    [36m&lt;/div&gt;[39m
  [36m&lt;/div&gt;[39m
[36m&lt;/body&gt;[39m

Ignored nodes: comments, script, style
[36m&lt;html&gt;[39m
  [36m&lt;head /&gt;[39m
  [36m&lt;body[39m
    [33mstyle[39m=[32m&quot;&quot;[39m
  [36m&gt;[39m
    [36m&lt;div&gt;[39m
      [36m&lt;div[39m
        [33mclass[39m=[32m&quot;MuiPaper-root MuiPaper-elevation MuiPaper-rounded MuiPaper-elevation0 MuiAlert-root MuiAlert-colorError MuiAlert-standardError MuiAlert-standard css-lh7774-MuiPaper-root-MuiAlert-root&quot;[39m
        [33mrole[39m=[32m&quot;alert&quot;[39m
      [36m&gt;[39m
        [36m&lt;div[39m
          [33mclass[39m=[32m&quot;MuiAlert-icon css-1ytlwq5-MuiAlert-icon&quot;[39m
        [36m&gt;[39m
          [36m&lt;svg[39m
            [33maria-hidden[39m=[32m&quot;true&quot;[39m
            [33mclass[39m=[32m&quot;MuiSvgIcon-root MuiSvgIcon-fontSizeInherit css-1vooibu-MuiSvgIcon-root&quot;[39m
            [33mdata-testid[39m=[32m&quot;ErrorOutlineIcon&quot;[39m
            [33mfocusable[39m=[32m&quot;false&quot;[39m
            [33mviewBox[39m=[32m&quot;0 0 24 24&quot;[39m
          [36m&gt;[39m
            [36m&lt;path[39m
              [33md[39m=[32m&quot;M11 15h2v2h-2zm0-8h2v6h-2zm.99-5C6.47 2 2 6.48 2 12s4.47 10 9.99 10C17.52 22 22 17.52 22 12S17.52 2 11.99 2zM12 20c-4.42 0-8-3.58-8-8s3.58-8 8-8 8 3.58 8 8-3.58 8-8 8z&quot;[39m
            [36m/&gt;[39m
          [36m&lt;/svg&gt;[39m
        [36m&lt;/div&gt;[39m
        [36m&lt;div[39m
          [33mclass[39m=[32m&quot;MuiAlert-message css-1pxa9xg-MuiAlert-message&quot;[39m
        [36m&gt;[39m
          [36m&lt;h6[39m
            [33mclass[39m=[32m&quot;MuiTypography-root MuiTypography-h6 css-2ulfj5-MuiTypography-root&quot;[39m
          [36m&gt;[39m
            [0mHata[0m
          [36m&lt;/h6&gt;[39m
          [36m&lt;p[39m
            [33mclass[39m=[32m&quot;MuiTypography-root MuiTypography-body1 css-ahj2mt-MuiTypography-root&quot;[39m
          [36m&gt;[39m
            [0m[vitest] No &quot;revolutionaryFeaturesService&quot; export is defined on the &quot;../../../services/revolutionaryFeaturesService&quot; mock. Did you forget to return it from &quot;vi.mock&quot;?
If you need to partially mock a module, you can use &quot;importOriginal&quot; helper inside:
[0m
          [36m&lt;/p&gt;[39m
        [36m&lt;/div&gt;[39m
      [36m&lt;/div&gt;[39m
    [36m&lt;/div&gt;[39m
  [36m&lt;/body&gt;[39m
[36m&lt;/html&gt;[39m..." type="TestingLibraryElementError">
TestingLibraryElementError: Unable to find an element with the text: Devrimsel Özellikler. This could be because the text is broken up by multiple elements. In this case, you can provide a function for your text matcher to make your matcher more flexible.

Ignored nodes: comments, script, style
&lt;body
  style=&quot;&quot;
&gt;
  &lt;div&gt;
    &lt;div
      class=&quot;MuiPaper-root MuiPaper-elevation MuiPaper-rounded MuiPaper-elevation0 MuiAlert-root MuiAlert-colorError MuiAlert-standardError MuiAlert-standard css-lh7774-MuiPaper-root-MuiAlert-root&quot;
      role=&quot;alert&quot;
    &gt;
      &lt;div
        class=&quot;MuiAlert-icon css-1ytlwq5-MuiAlert-icon&quot;
      &gt;
        &lt;svg
          aria-hidden=&quot;true&quot;
          class=&quot;MuiSvgIcon-root MuiSvgIcon-fontSizeInherit css-1vooibu-MuiSvgIcon-root&quot;
          data-testid=&quot;ErrorOutlineIcon&quot;
          focusable=&quot;false&quot;
          viewBox=&quot;0 0 24 24&quot;
        &gt;
          &lt;path
            d=&quot;M11 15h2v2h-2zm0-8h2v6h-2zm.99-5C6.47 2 2 6.48 2 12s4.47 10 9.99 10C17.52 22 22 17.52 22 12S17.52 2 11.99 2zM12 20c-4.42 0-8-3.58-8-8s3.58-8 8-8 8 3.58 8 8-3.58 8-8 8z&quot;
          /&gt;
        &lt;/svg&gt;
      &lt;/div&gt;
      &lt;div
        class=&quot;MuiAlert-message css-1pxa9xg-MuiAlert-message&quot;
      &gt;
        &lt;h6
          class=&quot;MuiTypography-root MuiTypography-h6 css-2ulfj5-MuiTypography-root&quot;
        &gt;
          Hata
        &lt;/h6&gt;
        &lt;p
          class=&quot;MuiTypography-root MuiTypography-body1 css-ahj2mt-MuiTypography-root&quot;
        &gt;
          [vitest] No &quot;revolutionaryFeaturesService&quot; export is defined on the &quot;../../../services/revolutionaryFeaturesService&quot; mock. Did you forget to return it from &quot;vi.mock&quot;?
If you need to partially mock a module, you can use &quot;importOriginal&quot; helper inside:

        &lt;/p&gt;
      &lt;/div&gt;
    &lt;/div&gt;
  &lt;/div&gt;
&lt;/body&gt;

Ignored nodes: comments, script, style
&lt;html&gt;
  &lt;head /&gt;
  &lt;body
    style=&quot;&quot;
  &gt;
    &lt;div&gt;
      &lt;div
        class=&quot;MuiPaper-root MuiPaper-elevation MuiPaper-rounded MuiPaper-elevation0 MuiAlert-root MuiAlert-colorError MuiAlert-standardError MuiAlert-standard css-lh7774-MuiPaper-root-MuiAlert-root&quot;
        role=&quot;alert&quot;
      &gt;
        &lt;div
          class=&quot;MuiAlert-icon css-1ytlwq5-MuiAlert-icon&quot;
        &gt;
          &lt;svg
            aria-hidden=&quot;true&quot;
            class=&quot;MuiSvgIcon-root MuiSvgIcon-fontSizeInherit css-1vooibu-MuiSvgIcon-root&quot;
            data-testid=&quot;ErrorOutlineIcon&quot;
            focusable=&quot;false&quot;
            viewBox=&quot;0 0 24 24&quot;
          &gt;
            &lt;path
              d=&quot;M11 15h2v2h-2zm0-8h2v6h-2zm.99-5C6.47 2 2 6.48 2 12s4.47 10 9.99 10C17.52 22 22 17.52 22 12S17.52 2 11.99 2zM12 20c-4.42 0-8-3.58-8-8s3.58-8 8-8 8 3.58 8 8-3.58 8-8 8z&quot;
            /&gt;
          &lt;/svg&gt;
        &lt;/div&gt;
        &lt;div
          class=&quot;MuiAlert-message css-1pxa9xg-MuiAlert-message&quot;
        &gt;
          &lt;h6
            class=&quot;MuiTypography-root MuiTypography-h6 css-2ulfj5-MuiTypography-root&quot;
          &gt;
            Hata
          &lt;/h6&gt;
          &lt;p
            class=&quot;MuiTypography-root MuiTypography-body1 css-ahj2mt-MuiTypography-root&quot;
          &gt;
            [vitest] No &quot;revolutionaryFeaturesService&quot; export is defined on the &quot;../../../services/revolutionaryFeaturesService&quot; mock. Did you forget to return it from &quot;vi.mock&quot;?
If you need to partially mock a module, you can use &quot;importOriginal&quot; helper inside:

          &lt;/p&gt;
        &lt;/div&gt;
      &lt;/div&gt;
    &lt;/div&gt;
  &lt;/body&gt;
&lt;/html&gt;...
 ❯ Proxy.waitForWrapper node_modules/@testing-library/react/node_modules/@testing-library/dom/dist/wait-for.js:163:27
 ❯ src/test/components/Revolutionary/RevolutionaryIntegration.test.tsx:389:13
            </failure>
        </testcase>
        <testcase classname="src/test/components/Revolutionary/RevolutionaryIntegration.test.tsx" name="Revolutionary Features Integration &gt; Error Handling &gt; should handle API errors gracefully" time="1.1214559">
            <failure message="Unable to find an element with the text: /API Error/. This could be because the text is broken up by multiple elements. In this case, you can provide a function for your text matcher to make your matcher more flexible.

Ignored nodes: comments, script, style
[36m&lt;body[39m
  [33mstyle[39m=[32m&quot;&quot;[39m
[36m&gt;[39m
  [36m&lt;div&gt;[39m
    [36m&lt;div[39m
      [33mclass[39m=[32m&quot;MuiPaper-root MuiPaper-elevation MuiPaper-rounded MuiPaper-elevation0 MuiAlert-root MuiAlert-colorError MuiAlert-standardError MuiAlert-standard css-lh7774-MuiPaper-root-MuiAlert-root&quot;[39m
      [33mrole[39m=[32m&quot;alert&quot;[39m
    [36m&gt;[39m
      [36m&lt;div[39m
        [33mclass[39m=[32m&quot;MuiAlert-icon css-1ytlwq5-MuiAlert-icon&quot;[39m
      [36m&gt;[39m
        [36m&lt;svg[39m
          [33maria-hidden[39m=[32m&quot;true&quot;[39m
          [33mclass[39m=[32m&quot;MuiSvgIcon-root MuiSvgIcon-fontSizeInherit css-1vooibu-MuiSvgIcon-root&quot;[39m
          [33mdata-testid[39m=[32m&quot;ErrorOutlineIcon&quot;[39m
          [33mfocusable[39m=[32m&quot;false&quot;[39m
          [33mviewBox[39m=[32m&quot;0 0 24 24&quot;[39m
        [36m&gt;[39m
          [36m&lt;path[39m
            [33md[39m=[32m&quot;M11 15h2v2h-2zm0-8h2v6h-2zm.99-5C6.47 2 2 6.48 2 12s4.47 10 9.99 10C17.52 22 22 17.52 22 12S17.52 2 11.99 2zM12 20c-4.42 0-8-3.58-8-8s3.58-8 8-8 8 3.58 8 8-3.58 8-8 8z&quot;[39m
          [36m/&gt;[39m
        [36m&lt;/svg&gt;[39m
      [36m&lt;/div&gt;[39m
      [36m&lt;div[39m
        [33mclass[39m=[32m&quot;MuiAlert-message css-1pxa9xg-MuiAlert-message&quot;[39m
      [36m&gt;[39m
        [36m&lt;h6[39m
          [33mclass[39m=[32m&quot;MuiTypography-root MuiTypography-h6 css-2ulfj5-MuiTypography-root&quot;[39m
        [36m&gt;[39m
          [0mHata[0m
        [36m&lt;/h6&gt;[39m
        [36m&lt;p[39m
          [33mclass[39m=[32m&quot;MuiTypography-root MuiTypography-body1 css-ahj2mt-MuiTypography-root&quot;[39m
        [36m&gt;[39m
          [0mdueCardsResult.data.map is not a function[0m
        [36m&lt;/p&gt;[39m
        [36m&lt;button[39m
          [33mclass[39m=[32m&quot;MuiButtonBase-root MuiButton-root MuiButton-text MuiButton-textPrimary MuiButton-sizeMedium MuiButton-textSizeMedium MuiButton-colorPrimary MuiButton-root MuiButton-text MuiButton-textPrimary MuiButton-sizeMedium MuiButton-textSizeMedium MuiButton-colorPrimary css-1mati7w-MuiButtonBase-root-MuiButton-root&quot;[39m
          [33mtabindex[39m=[32m&quot;0&quot;[39m
          [33mtype[39m=[32m&quot;button&quot;[39m
        [36m&gt;[39m
          [36m&lt;span[39m
            [33mclass[39m=[32m&quot;MuiButton-icon MuiButton-startIcon MuiButton-iconSizeMedium css-1d6wzja-MuiButton-startIcon&quot;[39m
          [36m&gt;[39m
            [36m&lt;svg[39m
              [33maria-hidden[39m=[32m&quot;true&quot;[39m
              [33mclass[39m=[32m&quot;MuiSvgIcon-root MuiSvgIcon-fontSizeMedium css-i4bv87-MuiSvgIcon-root&quot;[39m
              [33mdata-testid[39m=[32m&quot;RefreshIcon&quot;[39m
              [33mfocusable[39m=[32m&quot;false&quot;[39m
              [33mviewBox[39m=[32m&quot;0 0 24 24&quot;[39m
            [36m&gt;[39m
              [36m&lt;path[39m
                [33md[39m=[32m&quot;M17.65 6.35C16.2 4.9 14.21 4 12 4c-4.42 0-7.99 3.58-7.99 8s3.57 8 7.99 8c3.73 0 6.84-2.55 7.73-6h-2.08c-.82 2.33-3.04 4-5.65 4-3.31 0-6-2.69-6-6s2.69-6 6-6c1.66 0 3.14.69 4.22 1.78L13 11h7V4z&quot;[39m
              [36m/&gt;[39m
            [36m&lt;/svg&gt;[39m
          [36m&lt;/span&gt;[39m
          [0mTekrar Dene[0m
          [36m&lt;span[39m
            [33mclass[39m=[32m&quot;MuiTouchRipple-root css-8je8zh-MuiTouchRipple-root&quot;[39m
          [36m/&gt;[39m
        [36m&lt;/button&gt;[39m
      [36m&lt;/div&gt;[39m
    [36m&lt;/div&gt;[39m
  [36m&lt;/div&gt;[39m
[36m&lt;/body&gt;[39m

Ignored nodes: comments, script, style
[36m&lt;html&gt;[39m
  [36m&lt;head /&gt;[39m
  [36m&lt;body[39m
    [33mstyle[39m=[32m&quot;&quot;[39m
  [36m&gt;[39m
    [36m&lt;div&gt;[39m
      [36m&lt;div[39m
        [33mclass[39m=[32m&quot;MuiPaper-root MuiPaper-elevation MuiPaper-rounded MuiPaper-elevation0 MuiAlert-root MuiAlert-colorError MuiAlert-standardError MuiAlert-standard css-lh7774-MuiPaper-root-MuiAlert-root&quot;[39m
        [33mrole[39m=[32m&quot;alert&quot;[39m
      [36m&gt;[39m
        [36m&lt;div[39m
          [33mclass[39m=[32m&quot;MuiAlert-icon css-1ytlwq5-MuiAlert-icon&quot;[39m
        [36m&gt;[39m
          [36m&lt;svg[39m
            [33maria-hidden[39m=[32m&quot;true&quot;[39m
            [33mclass[39m=[32m&quot;MuiSvgIcon-root MuiSvgIcon-fontSizeInherit css-1vooibu-MuiSvgIcon-root&quot;[39m
            [33mdata-testid[39m=[32m&quot;ErrorOutlineIcon&quot;[39m
            [33mfocusable[39m=[32m&quot;false&quot;[39m
            [33mviewBox[39m=[32m&quot;0 0 24 24&quot;[39m
          [36m&gt;[39m
            [36m&lt;path[39m
              [33md[39m=[32m&quot;M11 15h2v2h-2zm0-8h2v6h-2zm.99-5C6.47 2 2 6.48 2 12s4.47 10 9.99 10C17.52 22 22 17.52 22 12S17.52 2 11.99 2zM12 20c-4.42 0-8-3.58-8-8s3.58-8 8-8 8 3.58 8 8-3.58 8-8 8z&quot;[39m
            [36m/&gt;[39m
          [36m&lt;/svg&gt;[39m
        [36m&lt;/div&gt;[39m
        [36m&lt;div[39m
          [33mclass[39m=[32m&quot;MuiAlert-message css-1pxa9xg-MuiAlert-message&quot;[39m
        [36m&gt;[39m
          [36m&lt;h6[39m
            [33mclass[39m=[32m&quot;MuiTypography-root MuiTypography-h6 css-2ulfj5-MuiTypography-root&quot;[39m
          [36m&gt;[39m
            [0mHata[0m
          [36m&lt;/h6&gt;[39m
          [36m&lt;p[39m
            [33mclass[39m=[32m&quot;MuiTypography-root MuiTypography-body1 css-ahj2mt-MuiTypography-root&quot;[39m
          [36m&gt;[39m
            [0mdueCardsResult.data.map is not a function[0m
          [36m&lt;/p&gt;[39m
          [36m&lt;button[39m
            [33mclass[39m=[32m&quot;MuiButtonBase-root MuiButton-root MuiButton-text MuiButton-textPrimary MuiButton-sizeMedium MuiButton-textSizeMedium MuiButton-colorPrimary MuiButton-root MuiButton-text MuiButton-textPrimary MuiButton-sizeMedium MuiButton-textSizeMedium MuiButton-colorPrimary css-1mati7w-MuiButtonBase-root-MuiButton-root&quot;[39m
            [33mtabindex[39m=[32m&quot;0&quot;[39m
            [33mtype[39m=[32m&quot;button&quot;[39m
          [36m&gt;[39m
            [36m&lt;span[39m
              [33mclass[39m=[32m&quot;MuiButton-icon MuiButton-startIcon MuiButton-iconSizeMedium css-1d6wzja-MuiButton-startIcon&quot;[39m
            [36m&gt;[39m
              [36m&lt;svg[39m
                [33maria-hidden[39m=[32m&quot;true&quot;[39m
                [33mclass[39m=[32m&quot;MuiSvgIcon-root MuiSvgIcon-fontSizeMedium css-i4bv87-MuiSvgIcon-root&quot;[39m
                [33mdata-testid[39m=[32m&quot;RefreshIcon&quot;[39m
                [33mfocusable[39m=[32m&quot;false&quot;[39m
                [33mviewBox[39m=[32m&quot;0 0 24 24&quot;[39m
              [36m&gt;[39m
                [36m&lt;path[39m
                  [33md[39m=[32m&quot;M17.65 6.35C16.2 4.9 14.21 4 12 4c-4.42 0-7.99 3.58-7.99 8s3.57 8 7.99 8c3.73 0 6.84-2.55 7.73-6h-2.08c-.82 2.33-3.04 4-5.65 4-3.31 0-6-2.69-6-6s2.69-6 6-6c1.66 0 3.14.69 4.22 1.78L13 11h7V4z&quot;[39m
                [36m/&gt;[39m
              [36m&lt;/svg&gt;[39m
            [36m&lt;/span&gt;[39m
            [0mTekrar Dene[0m
            [36m&lt;span[39m
              [33mclass[39m=[32m&quot;MuiTouchRipple-root css-8je8zh-MuiTouchRipple-root&quot;[39m
            [36m/&gt;[39m
          [36m&lt;/button&gt;[39m
        [36m&lt;/div&gt;[39m
      [36m&lt;/div&gt;[39m
    [36m&lt;/div&gt;[39m
  [36m&lt;/body&gt;[39m
[36m&lt;/html&gt;[39m..." type="TestingLibraryElementError">
TestingLibraryElementError: Unable to find an element with the text: /API Error/. This could be because the text is broken up by multiple elements. In this case, you can provide a function for your text matcher to make your matcher more flexible.

Ignored nodes: comments, script, style
&lt;body
  style=&quot;&quot;
&gt;
  &lt;div&gt;
    &lt;div
      class=&quot;MuiPaper-root MuiPaper-elevation MuiPaper-rounded MuiPaper-elevation0 MuiAlert-root MuiAlert-colorError MuiAlert-standardError MuiAlert-standard css-lh7774-MuiPaper-root-MuiAlert-root&quot;
      role=&quot;alert&quot;
    &gt;
      &lt;div
        class=&quot;MuiAlert-icon css-1ytlwq5-MuiAlert-icon&quot;
      &gt;
        &lt;svg
          aria-hidden=&quot;true&quot;
          class=&quot;MuiSvgIcon-root MuiSvgIcon-fontSizeInherit css-1vooibu-MuiSvgIcon-root&quot;
          data-testid=&quot;ErrorOutlineIcon&quot;
          focusable=&quot;false&quot;
          viewBox=&quot;0 0 24 24&quot;
        &gt;
          &lt;path
            d=&quot;M11 15h2v2h-2zm0-8h2v6h-2zm.99-5C6.47 2 2 6.48 2 12s4.47 10 9.99 10C17.52 22 22 17.52 22 12S17.52 2 11.99 2zM12 20c-4.42 0-8-3.58-8-8s3.58-8 8-8 8 3.58 8 8-3.58 8-8 8z&quot;
          /&gt;
        &lt;/svg&gt;
      &lt;/div&gt;
      &lt;div
        class=&quot;MuiAlert-message css-1pxa9xg-MuiAlert-message&quot;
      &gt;
        &lt;h6
          class=&quot;MuiTypography-root MuiTypography-h6 css-2ulfj5-MuiTypography-root&quot;
        &gt;
          Hata
        &lt;/h6&gt;
        &lt;p
          class=&quot;MuiTypography-root MuiTypography-body1 css-ahj2mt-MuiTypography-root&quot;
        &gt;
          dueCardsResult.data.map is not a function
        &lt;/p&gt;
        &lt;button
          class=&quot;MuiButtonBase-root MuiButton-root MuiButton-text MuiButton-textPrimary MuiButton-sizeMedium MuiButton-textSizeMedium MuiButton-colorPrimary MuiButton-root MuiButton-text MuiButton-textPrimary MuiButton-sizeMedium MuiButton-textSizeMedium MuiButton-colorPrimary css-1mati7w-MuiButtonBase-root-MuiButton-root&quot;
          tabindex=&quot;0&quot;
          type=&quot;button&quot;
        &gt;
          &lt;span
            class=&quot;MuiButton-icon MuiButton-startIcon MuiButton-iconSizeMedium css-1d6wzja-MuiButton-startIcon&quot;
          &gt;
            &lt;svg
              aria-hidden=&quot;true&quot;
              class=&quot;MuiSvgIcon-root MuiSvgIcon-fontSizeMedium css-i4bv87-MuiSvgIcon-root&quot;
              data-testid=&quot;RefreshIcon&quot;
              focusable=&quot;false&quot;
              viewBox=&quot;0 0 24 24&quot;
            &gt;
              &lt;path
                d=&quot;M17.65 6.35C16.2 4.9 14.21 4 12 4c-4.42 0-7.99 3.58-7.99 8s3.57 8 7.99 8c3.73 0 6.84-2.55 7.73-6h-2.08c-.82 2.33-3.04 4-5.65 4-3.31 0-6-2.69-6-6s2.69-6 6-6c1.66 0 3.14.69 4.22 1.78L13 11h7V4z&quot;
              /&gt;
            &lt;/svg&gt;
          &lt;/span&gt;
          Tekrar Dene
          &lt;span
            class=&quot;MuiTouchRipple-root css-8je8zh-MuiTouchRipple-root&quot;
          /&gt;
        &lt;/button&gt;
      &lt;/div&gt;
    &lt;/div&gt;
  &lt;/div&gt;
&lt;/body&gt;

Ignored nodes: comments, script, style
&lt;html&gt;
  &lt;head /&gt;
  &lt;body
    style=&quot;&quot;
  &gt;
    &lt;div&gt;
      &lt;div
        class=&quot;MuiPaper-root MuiPaper-elevation MuiPaper-rounded MuiPaper-elevation0 MuiAlert-root MuiAlert-colorError MuiAlert-standardError MuiAlert-standard css-lh7774-MuiPaper-root-MuiAlert-root&quot;
        role=&quot;alert&quot;
      &gt;
        &lt;div
          class=&quot;MuiAlert-icon css-1ytlwq5-MuiAlert-icon&quot;
        &gt;
          &lt;svg
            aria-hidden=&quot;true&quot;
            class=&quot;MuiSvgIcon-root MuiSvgIcon-fontSizeInherit css-1vooibu-MuiSvgIcon-root&quot;
            data-testid=&quot;ErrorOutlineIcon&quot;
            focusable=&quot;false&quot;
            viewBox=&quot;0 0 24 24&quot;
          &gt;
            &lt;path
              d=&quot;M11 15h2v2h-2zm0-8h2v6h-2zm.99-5C6.47 2 2 6.48 2 12s4.47 10 9.99 10C17.52 22 22 17.52 22 12S17.52 2 11.99 2zM12 20c-4.42 0-8-3.58-8-8s3.58-8 8-8 8 3.58 8 8-3.58 8-8 8z&quot;
            /&gt;
          &lt;/svg&gt;
        &lt;/div&gt;
        &lt;div
          class=&quot;MuiAlert-message css-1pxa9xg-MuiAlert-message&quot;
        &gt;
          &lt;h6
            class=&quot;MuiTypography-root MuiTypography-h6 css-2ulfj5-MuiTypography-root&quot;
          &gt;
            Hata
          &lt;/h6&gt;
          &lt;p
            class=&quot;MuiTypography-root MuiTypography-body1 css-ahj2mt-MuiTypography-root&quot;
          &gt;
            dueCardsResult.data.map is not a function
          &lt;/p&gt;
          &lt;button
            class=&quot;MuiButtonBase-root MuiButton-root MuiButton-text MuiButton-textPrimary MuiButton-sizeMedium MuiButton-textSizeMedium MuiButton-colorPrimary MuiButton-root MuiButton-text MuiButton-textPrimary MuiButton-sizeMedium MuiButton-textSizeMedium MuiButton-colorPrimary css-1mati7w-MuiButtonBase-root-MuiButton-root&quot;
            tabindex=&quot;0&quot;
            type=&quot;button&quot;
          &gt;
            &lt;span
              class=&quot;MuiButton-icon MuiButton-startIcon MuiButton-iconSizeMedium css-1d6wzja-MuiButton-startIcon&quot;
            &gt;
              &lt;svg
                aria-hidden=&quot;true&quot;
                class=&quot;MuiSvgIcon-root MuiSvgIcon-fontSizeMedium css-i4bv87-MuiSvgIcon-root&quot;
                data-testid=&quot;RefreshIcon&quot;
                focusable=&quot;false&quot;
                viewBox=&quot;0 0 24 24&quot;
              &gt;
                &lt;path
                  d=&quot;M17.65 6.35C16.2 4.9 14.21 4 12 4c-4.42 0-7.99 3.58-7.99 8s3.57 8 7.99 8c3.73 0 6.84-2.55 7.73-6h-2.08c-.82 2.33-3.04 4-5.65 4-3.31 0-6-2.69-6-6s2.69-6 6-6c1.66 0 3.14.69 4.22 1.78L13 11h7V4z&quot;
                /&gt;
              &lt;/svg&gt;
            &lt;/span&gt;
            Tekrar Dene
            &lt;span
              class=&quot;MuiTouchRipple-root css-8je8zh-MuiTouchRipple-root&quot;
            /&gt;
          &lt;/button&gt;
        &lt;/div&gt;
      &lt;/div&gt;
    &lt;/div&gt;
  &lt;/body&gt;
&lt;/html&gt;...
 ❯ Proxy.waitForWrapper node_modules/@testing-library/react/node_modules/@testing-library/dom/dist/wait-for.js:163:27
 ❯ src/test/components/Revolutionary/RevolutionaryIntegration.test.tsx:414:13
            </failure>
        </testcase>
        <testcase classname="src/test/components/Revolutionary/RevolutionaryIntegration.test.tsx" name="Revolutionary Features Integration &gt; Error Handling &gt; should show retry button on error" time="1.2722912">
            <failure message="Unable to find an element with the text: Tekrar Dene. This could be because the text is broken up by multiple elements. In this case, you can provide a function for your text matcher to make your matcher more flexible.

Ignored nodes: comments, script, style
[36m&lt;body[39m
  [33mstyle[39m=[32m&quot;&quot;[39m
[36m&gt;[39m
  [36m&lt;div&gt;[39m
    [36m&lt;div[39m
      [33mclass[39m=[32m&quot;MuiBox-root css-vhc5pf&quot;[39m
    [36m&gt;[39m
      [36m&lt;div[39m
        [33mclass[39m=[32m&quot;MuiBox-root css-3b2wtl&quot;[39m
      [36m&gt;[39m
        [36m&lt;div[39m
          [33mclass[39m=[32m&quot;MuiBox-root css-15r6rwp&quot;[39m
        [36m&gt;[39m
          [36m&lt;svg[39m
            [33maria-hidden[39m=[32m&quot;true&quot;[39m
            [33mclass[39m=[32m&quot;MuiSvgIcon-root MuiSvgIcon-fontSizeMedium css-1vbt6uj-MuiSvgIcon-root&quot;[39m
            [33mdata-testid[39m=[32m&quot;HubIcon&quot;[39m
            [33mfocusable[39m=[32m&quot;false&quot;[39m
            [33mviewBox[39m=[32m&quot;0 0 24 24&quot;[39m
          [36m&gt;[39m
            [36m&lt;path[39m
              [33md[39m=[32m&quot;M8.4 18.2c.38.5.6 1.12.6 1.8 0 1.66-1.34 3-3 3s-3-1.34-3-3 1.34-3 3-3c.44 0 .85.09 1.23.26l1.41-1.77c-.92-1.03-1.29-2.39-1.09-3.69l-2.03-.68c-.54.83-1.46 1.38-2.52 1.38-1.66 0-3-1.34-3-3s1.34-3 3-3 3 1.34 3 3c0 .07 0 .14-.01.21l2.03.68c.64-1.21 1.82-2.09 3.22-2.32V5.91C9.96 5.57 9 4.4 9 3c0-1.66 1.34-3 3-3s3 1.34 3 3c0 1.4-.96 2.57-2.25 2.91v2.16c1.4.23 2.58 1.11 3.22 2.32L18 9.71V9.5c0-1.66 1.34-3 3-3s3 1.34 3 3-1.34 3-3 3c-1.06 0-1.98-.55-2.52-1.37l-2.03.68c.2 1.29-.16 2.65-1.09 3.69l1.41 1.77c.38-.18.79-.27 1.23-.27 1.66 0 3 1.34 3 3s-1.34 3-3 3-3-1.34-3-3c0-.68.22-1.3.6-1.8l-1.41-1.77c-1.35.75-3.01.76-4.37 0z&quot;[39m
            [36m/&gt;[39m
          [36m&lt;/svg&gt;[39m
          [36m&lt;h1[39m
            [33mclass[39m=[32m&quot;MuiTypography-root MuiTypography-h3 css-1ey9xtw-MuiTypography-root&quot;[39m
          [36m&gt;[39m
            [0mMulti-Agent Koordinasyon[0m
          [36m&lt;/h1&gt;[39m
          [36m&lt;button[39m
            [33maria-label[39m=[32m&quot;Gerçek zamanlı güncellemeleri aç/kapat&quot;[39m
            [33mclass[39m=[32m&quot;MuiButtonBase-root MuiIconButton-root MuiIconButton-colorPrimary MuiIconButton-sizeMedium css-1kuq5xv-MuiButtonBase-root-MuiIconButton-root&quot;[39m
            [33mdata-mui-internal-clone-element[39m=[32m&quot;true&quot;[39m
            [33mtabindex[39m=[32m&quot;0&quot;[39m
            [33mtype[39m=[32m&quot;button&quot;[39m
          [36m&gt;[39m
            [36m&lt;svg[39m
              [33maria-hidden[39m=[32m&quot;true&quot;[39m
              [33mclass[39m=[32m&quot;MuiSvgIcon-root MuiSvgIcon-fontSizeMedium css-i4bv87-MuiSvgIcon-root&quot;[39m
              [33mdata-testid[39m=[32m&quot;SyncIcon&quot;[39m
              [33mfocusable[39m=[32m&quot;false&quot;[39m
              [33mviewBox[39m=[32m&quot;0 0 24 24&quot;[39m
            [36m&gt;[39m
              [36m&lt;path[39m
                [33md[39m=[32m&quot;M12 4V1L8 5l4 4V6c3.31 0 6 2.69 6 6 0 1.01-.25 1.97-.7 2.8l1.46 1.46C19.54 15.03 20 13.57 20 12c0-4.42-3.58-8-8-8m0 14c-3.31 0-6-2.69-6-6 0-1.01.25-1.97.7-2.8L5.24 7.74C4.46 8.97 4 10.43 4 12c0 4.42 3.58 8 8 8v3l4-4-4-4z&quot;[39m
              [36m/&gt;[39m
            [36m&lt;/svg&gt;[39m
            [36m&lt;span[39m
              [33mclass[39m=[32m&quot;MuiTouchRipple-root css-8je8zh-MuiTouchRipple-root&quot;[39m
            [36m/&gt;[39m
          [36m&lt;/button&gt;[39m
        [36m&lt;/div&gt;[39m
        [36m&lt;h6[39m
          [33mclass[39m=[32m&quot;MuiTypography-root MuiTypography-h6 MuiTypography-gutterBottom css-137rogq-MuiTypography-root&quot;[39m
        [36m&gt;[39m
          [0mBlackboard Pattern ile gerçek zamanlı agent koordinasyonu[0m
        [36m&lt;/h6&gt;[39m
        [36m&lt;div[39m
          [33mclass[39m=[32m&quot;MuiChip-root MuiChip-outlined MuiChip-sizeMedium MuiChip-colorPrimary MuiChip-outlinedPrimary css-how8qn-MuiChip-root&quot;[39m
        [36m&gt;[39m
          [36m&lt;span[39m
            [33mclass[39m=[32m&quot;MuiChip-label MuiChip-labelMedium css-1jzq0dw-MuiChip-label&quot;[39m
          [36m&gt;[39m
            [0m🚀 DEVRİMSEL ÖZELLİK[0m
          [36m&lt;/span&gt;[39m
        [36m&lt;/div&gt;[39m
      [36m&lt;/div&gt;[39m
      [36m&lt;div[39m
        [33mclass[39m=[32m&quot;MuiGrid-root MuiGrid-container MuiGrid-spacing-xs-3 css-1ov6x74-MuiGrid-root&quot;[39m
      [36m&gt;[39m
        [36m&lt;div[39m
          [33mclass[39m=[32m&quot;MuiGrid-root MuiGrid-item MuiGrid-grid-xs-12 MuiGrid-grid-md-3 css-iv7vbz-MuiGrid-root&quot;[39m
        [36m&gt;[39m
          [36m&lt;div[39m
            [33mclass[39m=[32m&quot;MuiPaper-root MuiPaper-elevation MuiPaper-rounded MuiPaper-elevation1 css-1sn0vcw-MuiPaper-root&quot;[39m
          [36m&gt;[39m
            [36m&lt;h3[39m
              [33mclass[39m=[32m&quot;MuiTypography-root MuiTypography-h3 css-1h866n3-MuiTypography-root&quot;[39m
            [36m&gt;[39m
              [0m3[0m
            [36m&lt;/h3&gt;[39m
            [36m&lt;p[39m
              [33mclass[39m=[32m&quot;MuiTypography-root MuiTypography-body2 css-19djqh4-MuiTypography-root&quot;[39m
            [36m&gt;[39m
              [0mAktif Agent[0m
            [36m&lt;/p&gt;[39m
          [36m&lt;/div&gt;[39m
        [36m&lt;/div&gt;[39m
        [36m&lt;div[39m
          [33mclass[39m=[32m&quot;MuiGrid-root MuiGrid-item MuiGrid-grid-xs-12 MuiGrid-grid-md-3 css-iv7vbz-MuiGrid-root&quot;[39m
        [36m&gt;[39m
          [36m&lt;div[39m
            [33mclass[39m=[32m&quot;MuiPaper-root MuiPaper-elevation MuiPaper-rounded MuiPaper-elevation1 css-wpqv89-MuiPaper-root&quot;[39m
          [36m&gt;[39m
            [36m&lt;h3[39m
              [33mclass[39m=[32m&quot;MuiTypography-root MuiTypography-h3 css-1tvj38j-MuiTypography-root&quot;[39m
            [36m&gt;[39m
              [0m46[0m
            [36m&lt;/h3&gt;[39m
            [36m&lt;p[39m
              [33mclass[39m=[32m&quot;MuiTypography-root MuiTypography-body2 css-ntktg-MuiTypography-root&quot;[39m
            [36m&gt;[39m
              [0mTamamlanan Görev[0m
            [36m&lt;/p&gt;[39m
          [36m&lt;/div&gt;[39m
        [36m&lt;/div&gt;[39m
        [36m&lt;div[39m
          [33mclass[39m=[32m&quot;MuiGrid-root MuiGrid-item MuiGrid-grid-xs-12 MuiGrid-grid-md-3 css-iv7vbz-MuiGrid-root&quot;[39m
        [36m&gt;[39m
          [36m&lt;div[39m
            [33mclass[39m=[32m&quot;MuiPaper-root MuiPaper-elevation MuiPaper-rounded MuiPaper-elevation1 css-doikk4-MuiPaper-root&quot;[39m
          [36m&gt;[39m
            [36m&lt;h3[39m
              [33mclass[39m=[32m&quot;MuiTypography-root MuiTypography-h3 css-1rinu3c-MuiTypography-root&quot;[39m
            [36m&gt;[39m
              [0m1[0m
            [36m&lt;/h3&gt;[39m
            [36m&lt;p[39m
              [33mclass[39m=[32m&quot;MuiTypography-root MuiTypography-body2 css-1a75swt-MuiTypography-root&quot;[39m
            [36m&gt;[39m
              [0mDevam Eden Görev[0m
            [36m&lt;/p&gt;[39m
          [36m&lt;/div&gt;[39m
        [36m&lt;/div&gt;[39m
        [36m&lt;div[39m
          [33mclass[39m=[32m&quot;MuiGrid-root MuiGrid-item MuiGrid-grid-xs-12 MuiGrid-grid-md-3 css-iv7vbz-MuiGrid-root&quot;[39m
        [36m&gt;[39m
          [36m&lt;div[39m
            [33mclass[39m=[32m&quot;MuiPaper-root MuiPaper-elevation MuiPaper-rounded MuiPaper-elevation1 css-66cihg-MuiPaper-root&quot;[39m
          [36m&gt;[39m
            [36m&lt;h3[39m
              [33mclass[39m=[32m&quot;MuiTypography-root MuiTypography-h3 css-wyvv4k-MuiTypography-root&quot;[39m
          ...

Ignored nodes: comments, script, style
[36m&lt;html&gt;[39m
  [36m&lt;head /&gt;[39m
  [36m&lt;body[39m
    [33mstyle[39m=[32m&quot;&quot;[39m
  [36m&gt;[39m
    [36m&lt;div&gt;[39m
      [36m&lt;div[39m
        [33mclass[39m=[32m&quot;MuiBox-root css-vhc5pf&quot;[39m
      [36m&gt;[39m
        [36m&lt;div[39m
          [33mclass[39m=[32m&quot;MuiBox-root css-3b2wtl&quot;[39m
        [36m&gt;[39m
          [36m&lt;div[39m
            [33mclass[39m=[32m&quot;MuiBox-root css-15r6rwp&quot;[39m
          [36m&gt;[39m
            [36m&lt;svg[39m
              [33maria-hidden[39m=[32m&quot;true&quot;[39m
              [33mclass[39m=[32m&quot;MuiSvgIcon-root MuiSvgIcon-fontSizeMedium css-1vbt6uj-MuiSvgIcon-root&quot;[39m
              [33mdata-testid[39m=[32m&quot;HubIcon&quot;[39m
              [33mfocusable[39m=[32m&quot;false&quot;[39m
              [33mviewBox[39m=[32m&quot;0 0 24 24&quot;[39m
            [36m&gt;[39m
              [36m&lt;path[39m
                [33md[39m=[32m&quot;M8.4 18.2c.38.5.6 1.12.6 1.8 0 1.66-1.34 3-3 3s-3-1.34-3-3 1.34-3 3-3c.44 0 .85.09 1.23.26l1.41-1.77c-.92-1.03-1.29-2.39-1.09-3.69l-2.03-.68c-.54.83-1.46 1.38-2.52 1.38-1.66 0-3-1.34-3-3s1.34-3 3-3 3 1.34 3 3c0 .07 0 .14-.01.21l2.03.68c.64-1.21 1.82-2.09 3.22-2.32V5.91C9.96 5.57 9 4.4 9 3c0-1.66 1.34-3 3-3s3 1.34 3 3c0 1.4-.96 2.57-2.25 2.91v2.16c1.4.23 2.58 1.11 3.22 2.32L18 9.71V9.5c0-1.66 1.34-3 3-3s3 1.34 3 3-1.34 3-3 3c-1.06 0-1.98-.55-2.52-1.37l-2.03.68c.2 1.29-.16 2.65-1.09 3.69l1.41 1.77c.38-.18.79-.27 1.23-.27 1.66 0 3 1.34 3 3s-1.34 3-3 3-3-1.34-3-3c0-.68.22-1.3.6-1.8l-1.41-1.77c-1.35.75-3.01.76-4.37 0z&quot;[39m
              [36m/&gt;[39m
            [36m&lt;/svg&gt;[39m
            [36m&lt;h1[39m
              [33mclass[39m=[32m&quot;MuiTypography-root MuiTypography-h3 css-1ey9xtw-MuiTypography-root&quot;[39m
            [36m&gt;[39m
              [0mMulti-Agent Koordinasyon[0m
            [36m&lt;/h1&gt;[39m
            [36m&lt;button[39m
              [33maria-label[39m=[32m&quot;Gerçek zamanlı güncellemeleri aç/kapat&quot;[39m
              [33mclass[39m=[32m&quot;MuiButtonBase-root MuiIconButton-root MuiIconButton-colorPrimary MuiIconButton-sizeMedium css-1kuq5xv-MuiButtonBase-root-MuiIconButton-root&quot;[39m
              [33mdata-mui-internal-clone-element[39m=[32m&quot;true&quot;[39m
              [33mtabindex[39m=[32m&quot;0&quot;[39m
              [33mtype[39m=[32m&quot;button&quot;[39m
            [36m&gt;[39m
              [36m&lt;svg[39m
                [33maria-hidden[39m=[32m&quot;true&quot;[39m
                [33mclass[39m=[32m&quot;MuiSvgIcon-root MuiSvgIcon-fontSizeMedium css-i4bv87-MuiSvgIcon-root&quot;[39m
                [33mdata-testid[39m=[32m&quot;SyncIcon&quot;[39m
                [33mfocusable[39m=[32m&quot;false&quot;[39m
                [33mviewBox[39m=[32m&quot;0 0 24 24&quot;[39m
              [36m&gt;[39m
                [36m&lt;path[39m
                  [33md[39m=[32m&quot;M12 4V1L8 5l4 4V6c3.31 0 6 2.69 6 6 0 1.01-.25 1.97-.7 2.8l1.46 1.46C19.54 15.03 20 13.57 20 12c0-4.42-3.58-8-8-8m0 14c-3.31 0-6-2.69-6-6 0-1.01.25-1.97.7-2.8L5.24 7.74C4.46 8.97 4 10.43 4 12c0 4.42 3.58 8 8 8v3l4-4-4-4z&quot;[39m
                [36m/&gt;[39m
              [36m&lt;/svg&gt;[39m
              [36m&lt;span[39m
                [33mclass[39m=[32m&quot;MuiTouchRipple-root css-8je8zh-MuiTouchRipple-root&quot;[39m
              [36m/&gt;[39m
            [36m&lt;/button&gt;[39m
          [36m&lt;/div&gt;[39m
          [36m&lt;h6[39m
            [33mclass[39m=[32m&quot;MuiTypography-root MuiTypography-h6 MuiTypography-gutterBottom css-137rogq-MuiTypography-root&quot;[39m
          [36m&gt;[39m
            [0mBlackboard Pattern ile gerçek zamanlı agent koordinasyonu[0m
          [36m&lt;/h6&gt;[39m
          [36m&lt;div[39m
            [33mclass[39m=[32m&quot;MuiChip-root MuiChip-outlined MuiChip-sizeMedium MuiChip-colorPrimary MuiChip-outlinedPrimary css-how8qn-MuiChip-root&quot;[39m
          [36m&gt;[39m
            [36m&lt;span[39m
              [33mclass[39m=[32m&quot;MuiChip-label MuiChip-labelMedium css-1jzq0dw-MuiChip-label&quot;[39m
            [36m&gt;[39m
              [0m🚀 DEVRİMSEL ÖZELLİK[0m
            [36m&lt;/span&gt;[39m
          [36m&lt;/div&gt;[39m
        [36m&lt;/div&gt;[39m
        [36m&lt;div[39m
          [33mclass[39m=[32m&quot;MuiGrid-root MuiGrid-container MuiGrid-spacing-xs-3 css-1ov6x74-MuiGrid-root&quot;[39m
        [36m&gt;[39m
          [36m&lt;div[39m
            [33mclass[39m=[32m&quot;MuiGrid-root MuiGrid-item MuiGrid-grid-xs-12 MuiGrid-grid-md-3 css-iv7vbz-MuiGrid-root&quot;[39m
          [36m&gt;[39m
            [36m&lt;div[39m
              [33mclass[39m=[32m&quot;MuiPaper-root MuiPaper-elevation MuiPaper-rounded MuiPaper-elevation1 css-1sn0vcw-MuiPaper-root&quot;[39m
            [36m&gt;[39m
              [36m&lt;h3[39m
                [33mclass[39m=[32m&quot;MuiTypography-root MuiTypography-h3 css-1h866n3-MuiTypography-root&quot;[39m
              [36m&gt;[39m
                [0m3[0m
              [36m&lt;/h3&gt;[39m
              [36m&lt;p[39m
                [33mclass[39m=[32m&quot;MuiTypography-root MuiTypography-body2 css-19djqh4-MuiTypography-root&quot;[39m
              [36m&gt;[39m
                [0mAktif Agent[0m
              [36m&lt;/p&gt;[39m
            [36m&lt;/div&gt;[39m
          [36m&lt;/div&gt;[39m
          [36m&lt;div[39m
            [33mclass[39m=[32m&quot;MuiGrid-root MuiGrid-item MuiGrid-grid-xs-12 MuiGrid-grid-md-3 css-iv7vbz-MuiGrid-root&quot;[39m
          [36m&gt;[39m
            [36m&lt;div[39m
              [33mclass[39m=[32m&quot;MuiPaper-root MuiPaper-elevation MuiPaper-rounded MuiPaper-elevation1 css-wpqv89-MuiPaper-root&quot;[39m
            [36m&gt;[39m
              [36m&lt;h3[39m
                [33mclass[39m=[32m&quot;MuiTypography-root MuiTypography-h3 css-1tvj38j-MuiTypography-root&quot;[39m
              [36m&gt;[39m
                [0m46[0m
              [36m&lt;/h3&gt;[39m
              [36m&lt;p[39m
                [33mclass[39m=[32m&quot;MuiTypography-root MuiTypography-body2 css-ntktg-MuiTypography-root&quot;[39m
              [36m&gt;[39m
                [0mTamamlanan Görev[0m
              [36m&lt;/p&gt;[39m
            [36m&lt;/div&gt;[39m
          [36m&lt;/div&gt;[39m
          [36m&lt;div[39m
            [33mclass[39m=[32m&quot;MuiGrid-root MuiGrid-item MuiGrid-grid-xs-12 MuiGrid-grid-md-3 css-iv7vbz-MuiGrid-root&quot;[39m
          [36m&gt;[39m
            [36m&lt;div[39m
              [33mclass[39m=[32m&quot;MuiPaper-root MuiPaper-elevation MuiPaper-rounded MuiPaper-elevation1 css-doikk4-MuiPaper-root&quot;[39m
            [36m&gt;[39m
              [36m&lt;h3[39m
                [33mclass[39m=[32m&quot;MuiTypography-root MuiTypography-h3 css-1rinu3c-MuiTypography-root&quot;[39m
              [36m&gt;[39m
                [0m1[0m
              [36m&lt;/h3&gt;[39m
              [36m&lt;p[39m
                [33mclass[39m=[32m&quot;MuiTypography-root MuiTypography-body2 css-1a75swt-MuiTypography-root&quot;[39m
              [36m&gt;[39m
                [0mDevam Eden Görev[0m
              [36m&lt;/p&gt;[39m
            [36m&lt;/div&gt;[39m
          [36m&lt;/div&gt;[39m
          [36m&lt;div[39m
            [33mclass[39m=[32m&quot;MuiGrid-root MuiGrid-item MuiGrid-grid-xs-12 MuiGrid-grid-md-3 css-iv7vbz-MuiGrid-root&quot;[39m
          [36m&gt;[39m
            [36m&lt;div[39m
       ..." type="TestingLibraryElementError">
TestingLibraryElementError: Unable to find an element with the text: Tekrar Dene. This could be because the text is broken up by multiple elements. In this case, you can provide a function for your text matcher to make your matcher more flexible.

Ignored nodes: comments, script, style
&lt;body
  style=&quot;&quot;
&gt;
  &lt;div&gt;
    &lt;div
      class=&quot;MuiBox-root css-vhc5pf&quot;
    &gt;
      &lt;div
        class=&quot;MuiBox-root css-3b2wtl&quot;
      &gt;
        &lt;div
          class=&quot;MuiBox-root css-15r6rwp&quot;
        &gt;
          &lt;svg
            aria-hidden=&quot;true&quot;
            class=&quot;MuiSvgIcon-root MuiSvgIcon-fontSizeMedium css-1vbt6uj-MuiSvgIcon-root&quot;
            data-testid=&quot;HubIcon&quot;
            focusable=&quot;false&quot;
            viewBox=&quot;0 0 24 24&quot;
          &gt;
            &lt;path
              d=&quot;M8.4 18.2c.38.5.6 1.12.6 1.8 0 1.66-1.34 3-3 3s-3-1.34-3-3 1.34-3 3-3c.44 0 .85.09 1.23.26l1.41-1.77c-.92-1.03-1.29-2.39-1.09-3.69l-2.03-.68c-.54.83-1.46 1.38-2.52 1.38-1.66 0-3-1.34-3-3s1.34-3 3-3 3 1.34 3 3c0 .07 0 .14-.01.21l2.03.68c.64-1.21 1.82-2.09 3.22-2.32V5.91C9.96 5.57 9 4.4 9 3c0-1.66 1.34-3 3-3s3 1.34 3 3c0 1.4-.96 2.57-2.25 2.91v2.16c1.4.23 2.58 1.11 3.22 2.32L18 9.71V9.5c0-1.66 1.34-3 3-3s3 1.34 3 3-1.34 3-3 3c-1.06 0-1.98-.55-2.52-1.37l-2.03.68c.2 1.29-.16 2.65-1.09 3.69l1.41 1.77c.38-.18.79-.27 1.23-.27 1.66 0 3 1.34 3 3s-1.34 3-3 3-3-1.34-3-3c0-.68.22-1.3.6-1.8l-1.41-1.77c-1.35.75-3.01.76-4.37 0z&quot;
            /&gt;
          &lt;/svg&gt;
          &lt;h1
            class=&quot;MuiTypography-root MuiTypography-h3 css-1ey9xtw-MuiTypography-root&quot;
          &gt;
            Multi-Agent Koordinasyon
          &lt;/h1&gt;
          &lt;button
            aria-label=&quot;Gerçek zamanlı güncellemeleri aç/kapat&quot;
            class=&quot;MuiButtonBase-root MuiIconButton-root MuiIconButton-colorPrimary MuiIconButton-sizeMedium css-1kuq5xv-MuiButtonBase-root-MuiIconButton-root&quot;
            data-mui-internal-clone-element=&quot;true&quot;
            tabindex=&quot;0&quot;
            type=&quot;button&quot;
          &gt;
            &lt;svg
              aria-hidden=&quot;true&quot;
              class=&quot;MuiSvgIcon-root MuiSvgIcon-fontSizeMedium css-i4bv87-MuiSvgIcon-root&quot;
              data-testid=&quot;SyncIcon&quot;
              focusable=&quot;false&quot;
              viewBox=&quot;0 0 24 24&quot;
            &gt;
              &lt;path
                d=&quot;M12 4V1L8 5l4 4V6c3.31 0 6 2.69 6 6 0 1.01-.25 1.97-.7 2.8l1.46 1.46C19.54 15.03 20 13.57 20 12c0-4.42-3.58-8-8-8m0 14c-3.31 0-6-2.69-6-6 0-1.01.25-1.97.7-2.8L5.24 7.74C4.46 8.97 4 10.43 4 12c0 4.42 3.58 8 8 8v3l4-4-4-4z&quot;
              /&gt;
            &lt;/svg&gt;
            &lt;span
              class=&quot;MuiTouchRipple-root css-8je8zh-MuiTouchRipple-root&quot;
            /&gt;
          &lt;/button&gt;
        &lt;/div&gt;
        &lt;h6
          class=&quot;MuiTypography-root MuiTypography-h6 MuiTypography-gutterBottom css-137rogq-MuiTypography-root&quot;
        &gt;
          Blackboard Pattern ile gerçek zamanlı agent koordinasyonu
        &lt;/h6&gt;
        &lt;div
          class=&quot;MuiChip-root MuiChip-outlined MuiChip-sizeMedium MuiChip-colorPrimary MuiChip-outlinedPrimary css-how8qn-MuiChip-root&quot;
        &gt;
          &lt;span
            class=&quot;MuiChip-label MuiChip-labelMedium css-1jzq0dw-MuiChip-label&quot;
          &gt;
            🚀 DEVRİMSEL ÖZELLİK
          &lt;/span&gt;
        &lt;/div&gt;
      &lt;/div&gt;
      &lt;div
        class=&quot;MuiGrid-root MuiGrid-container MuiGrid-spacing-xs-3 css-1ov6x74-MuiGrid-root&quot;
      &gt;
        &lt;div
          class=&quot;MuiGrid-root MuiGrid-item MuiGrid-grid-xs-12 MuiGrid-grid-md-3 css-iv7vbz-MuiGrid-root&quot;
        &gt;
          &lt;div
            class=&quot;MuiPaper-root MuiPaper-elevation MuiPaper-rounded MuiPaper-elevation1 css-1sn0vcw-MuiPaper-root&quot;
          &gt;
            &lt;h3
              class=&quot;MuiTypography-root MuiTypography-h3 css-1h866n3-MuiTypography-root&quot;
            &gt;
              3
            &lt;/h3&gt;
            &lt;p
              class=&quot;MuiTypography-root MuiTypography-body2 css-19djqh4-MuiTypography-root&quot;
            &gt;
              Aktif Agent
            &lt;/p&gt;
          &lt;/div&gt;
        &lt;/div&gt;
        &lt;div
          class=&quot;MuiGrid-root MuiGrid-item MuiGrid-grid-xs-12 MuiGrid-grid-md-3 css-iv7vbz-MuiGrid-root&quot;
        &gt;
          &lt;div
            class=&quot;MuiPaper-root MuiPaper-elevation MuiPaper-rounded MuiPaper-elevation1 css-wpqv89-MuiPaper-root&quot;
          &gt;
            &lt;h3
              class=&quot;MuiTypography-root MuiTypography-h3 css-1tvj38j-MuiTypography-root&quot;
            &gt;
              46
            &lt;/h3&gt;
            &lt;p
              class=&quot;MuiTypography-root MuiTypography-body2 css-ntktg-MuiTypography-root&quot;
            &gt;
              Tamamlanan Görev
            &lt;/p&gt;
          &lt;/div&gt;
        &lt;/div&gt;
        &lt;div
          class=&quot;MuiGrid-root MuiGrid-item MuiGrid-grid-xs-12 MuiGrid-grid-md-3 css-iv7vbz-MuiGrid-root&quot;
        &gt;
          &lt;div
            class=&quot;MuiPaper-root MuiPaper-elevation MuiPaper-rounded MuiPaper-elevation1 css-doikk4-MuiPaper-root&quot;
          &gt;
            &lt;h3
              class=&quot;MuiTypography-root MuiTypography-h3 css-1rinu3c-MuiTypography-root&quot;
            &gt;
              1
            &lt;/h3&gt;
            &lt;p
              class=&quot;MuiTypography-root MuiTypography-body2 css-1a75swt-MuiTypography-root&quot;
            &gt;
              Devam Eden Görev
            &lt;/p&gt;
          &lt;/div&gt;
        &lt;/div&gt;
        &lt;div
          class=&quot;MuiGrid-root MuiGrid-item MuiGrid-grid-xs-12 MuiGrid-grid-md-3 css-iv7vbz-MuiGrid-root&quot;
        &gt;
          &lt;div
            class=&quot;MuiPaper-root MuiPaper-elevation MuiPaper-rounded MuiPaper-elevation1 css-66cihg-MuiPaper-root&quot;
          &gt;
            &lt;h3
              class=&quot;MuiTypography-root MuiTypography-h3 css-wyvv4k-MuiTypography-root&quot;
          ...

Ignored nodes: comments, script, style
&lt;html&gt;
  &lt;head /&gt;
  &lt;body
    style=&quot;&quot;
  &gt;
    &lt;div&gt;
      &lt;div
        class=&quot;MuiBox-root css-vhc5pf&quot;
      &gt;
        &lt;div
          class=&quot;MuiBox-root css-3b2wtl&quot;
        &gt;
          &lt;div
            class=&quot;MuiBox-root css-15r6rwp&quot;
          &gt;
            &lt;svg
              aria-hidden=&quot;true&quot;
              class=&quot;MuiSvgIcon-root MuiSvgIcon-fontSizeMedium css-1vbt6uj-MuiSvgIcon-root&quot;
              data-testid=&quot;HubIcon&quot;
              focusable=&quot;false&quot;
              viewBox=&quot;0 0 24 24&quot;
            &gt;
              &lt;path
                d=&quot;M8.4 18.2c.38.5.6 1.12.6 1.8 0 1.66-1.34 3-3 3s-3-1.34-3-3 1.34-3 3-3c.44 0 .85.09 1.23.26l1.41-1.77c-.92-1.03-1.29-2.39-1.09-3.69l-2.03-.68c-.54.83-1.46 1.38-2.52 1.38-1.66 0-3-1.34-3-3s1.34-3 3-3 3 1.34 3 3c0 .07 0 .14-.01.21l2.03.68c.64-1.21 1.82-2.09 3.22-2.32V5.91C9.96 5.57 9 4.4 9 3c0-1.66 1.34-3 3-3s3 1.34 3 3c0 1.4-.96 2.57-2.25 2.91v2.16c1.4.23 2.58 1.11 3.22 2.32L18 9.71V9.5c0-1.66 1.34-3 3-3s3 1.34 3 3-1.34 3-3 3c-1.06 0-1.98-.55-2.52-1.37l-2.03.68c.2 1.29-.16 2.65-1.09 3.69l1.41 1.77c.38-.18.79-.27 1.23-.27 1.66 0 3 1.34 3 3s-1.34 3-3 3-3-1.34-3-3c0-.68.22-1.3.6-1.8l-1.41-1.77c-1.35.75-3.01.76-4.37 0z&quot;
              /&gt;
            &lt;/svg&gt;
            &lt;h1
              class=&quot;MuiTypography-root MuiTypography-h3 css-1ey9xtw-MuiTypography-root&quot;
            &gt;
              Multi-Agent Koordinasyon
            &lt;/h1&gt;
            &lt;button
              aria-label=&quot;Gerçek zamanlı güncellemeleri aç/kapat&quot;
              class=&quot;MuiButtonBase-root MuiIconButton-root MuiIconButton-colorPrimary MuiIconButton-sizeMedium css-1kuq5xv-MuiButtonBase-root-MuiIconButton-root&quot;
              data-mui-internal-clone-element=&quot;true&quot;
              tabindex=&quot;0&quot;
              type=&quot;button&quot;
            &gt;
              &lt;svg
                aria-hidden=&quot;true&quot;
                class=&quot;MuiSvgIcon-root MuiSvgIcon-fontSizeMedium css-i4bv87-MuiSvgIcon-root&quot;
                data-testid=&quot;SyncIcon&quot;
                focusable=&quot;false&quot;
                viewBox=&quot;0 0 24 24&quot;
              &gt;
                &lt;path
                  d=&quot;M12 4V1L8 5l4 4V6c3.31 0 6 2.69 6 6 0 1.01-.25 1.97-.7 2.8l1.46 1.46C19.54 15.03 20 13.57 20 12c0-4.42-3.58-8-8-8m0 14c-3.31 0-6-2.69-6-6 0-1.01.25-1.97.7-2.8L5.24 7.74C4.46 8.97 4 10.43 4 12c0 4.42 3.58 8 8 8v3l4-4-4-4z&quot;
                /&gt;
              &lt;/svg&gt;
              &lt;span
                class=&quot;MuiTouchRipple-root css-8je8zh-MuiTouchRipple-root&quot;
              /&gt;
            &lt;/button&gt;
          &lt;/div&gt;
          &lt;h6
            class=&quot;MuiTypography-root MuiTypography-h6 MuiTypography-gutterBottom css-137rogq-MuiTypography-root&quot;
          &gt;
            Blackboard Pattern ile gerçek zamanlı agent koordinasyonu
          &lt;/h6&gt;
          &lt;div
            class=&quot;MuiChip-root MuiChip-outlined MuiChip-sizeMedium MuiChip-colorPrimary MuiChip-outlinedPrimary css-how8qn-MuiChip-root&quot;
          &gt;
            &lt;span
              class=&quot;MuiChip-label MuiChip-labelMedium css-1jzq0dw-MuiChip-label&quot;
            &gt;
              🚀 DEVRİMSEL ÖZELLİK
            &lt;/span&gt;
          &lt;/div&gt;
        &lt;/div&gt;
        &lt;div
          class=&quot;MuiGrid-root MuiGrid-container MuiGrid-spacing-xs-3 css-1ov6x74-MuiGrid-root&quot;
        &gt;
          &lt;div
            class=&quot;MuiGrid-root MuiGrid-item MuiGrid-grid-xs-12 MuiGrid-grid-md-3 css-iv7vbz-MuiGrid-root&quot;
          &gt;
            &lt;div
              class=&quot;MuiPaper-root MuiPaper-elevation MuiPaper-rounded MuiPaper-elevation1 css-1sn0vcw-MuiPaper-root&quot;
            &gt;
              &lt;h3
                class=&quot;MuiTypography-root MuiTypography-h3 css-1h866n3-MuiTypography-root&quot;
              &gt;
                3
              &lt;/h3&gt;
              &lt;p
                class=&quot;MuiTypography-root MuiTypography-body2 css-19djqh4-MuiTypography-root&quot;
              &gt;
                Aktif Agent
              &lt;/p&gt;
            &lt;/div&gt;
          &lt;/div&gt;
          &lt;div
            class=&quot;MuiGrid-root MuiGrid-item MuiGrid-grid-xs-12 MuiGrid-grid-md-3 css-iv7vbz-MuiGrid-root&quot;
          &gt;
            &lt;div
              class=&quot;MuiPaper-root MuiPaper-elevation MuiPaper-rounded MuiPaper-elevation1 css-wpqv89-MuiPaper-root&quot;
            &gt;
              &lt;h3
                class=&quot;MuiTypography-root MuiTypography-h3 css-1tvj38j-MuiTypography-root&quot;
              &gt;
                46
              &lt;/h3&gt;
              &lt;p
                class=&quot;MuiTypography-root MuiTypography-body2 css-ntktg-MuiTypography-root&quot;
              &gt;
                Tamamlanan Görev
              &lt;/p&gt;
            &lt;/div&gt;
          &lt;/div&gt;
          &lt;div
            class=&quot;MuiGrid-root MuiGrid-item MuiGrid-grid-xs-12 MuiGrid-grid-md-3 css-iv7vbz-MuiGrid-root&quot;
          &gt;
            &lt;div
              class=&quot;MuiPaper-root MuiPaper-elevation MuiPaper-rounded MuiPaper-elevation1 css-doikk4-MuiPaper-root&quot;
            &gt;
              &lt;h3
                class=&quot;MuiTypography-root MuiTypography-h3 css-1rinu3c-MuiTypography-root&quot;
              &gt;
                1
              &lt;/h3&gt;
              &lt;p
                class=&quot;MuiTypography-root MuiTypography-body2 css-1a75swt-MuiTypography-root&quot;
              &gt;
                Devam Eden Görev
              &lt;/p&gt;
            &lt;/div&gt;
          &lt;/div&gt;
          &lt;div
            class=&quot;MuiGrid-root MuiGrid-item MuiGrid-grid-xs-12 MuiGrid-grid-md-3 css-iv7vbz-MuiGrid-root&quot;
          &gt;
            &lt;div
       ...
 ❯ Proxy.waitForWrapper node_modules/@testing-library/react/node_modules/@testing-library/dom/dist/wait-for.js:163:27
 ❯ src/test/components/Revolutionary/RevolutionaryIntegration.test.tsx:429:13
            </failure>
        </testcase>
        <testcase classname="src/test/components/Revolutionary/RevolutionaryIntegration.test.tsx" name="Revolutionary Features Integration &gt; Loading States &gt; should show loading indicators" time="0.0525743">
        </testcase>
    </testsuite>
    <testsuite name="src/components/Accessibility/ADHD/__tests__/FocusMode.test.tsx" timestamp="2025-11-14T16:56:53.211Z" hostname="ates" tests="1" failures="1" errors="0" skipped="0" time="0">
        <testcase classname="src/components/Accessibility/ADHD/__tests__/FocusMode.test.tsx" name="src/components/Accessibility/ADHD/__tests__/FocusMode.test.tsx" time="0">
            <failure message="jest is not defined" type="ReferenceError">
ReferenceError: jest is not defined
 ❯ src/components/Accessibility/ADHD/__tests__/FocusMode.test.tsx:18:12
            </failure>
        </testcase>
    </testsuite>
    <testsuite name="src/components/Accessibility/ADHD/__tests__/TaskProgressVisualization.accessibility.test.tsx" timestamp="2025-11-14T16:56:53.212Z" hostname="ates" tests="22" failures="3" errors="0" skipped="0" time="7.3498632">
        <testcase classname="src/components/Accessibility/ADHD/__tests__/TaskProgressVisualization.accessibility.test.tsx" name="TaskProgressVisualization - WCAG 2.1 AA Compliance &gt; Semantic HTML Structure &gt; should use proper heading hierarchy (h2 → h3)" time="0.3757091">
        </testcase>
        <testcase classname="src/components/Accessibility/ADHD/__tests__/TaskProgressVisualization.accessibility.test.tsx" name="TaskProgressVisualization - WCAG 2.1 AA Compliance &gt; Semantic HTML Structure &gt; should use semantic list for milestones" time="0.1435096">
        </testcase>
        <testcase classname="src/components/Accessibility/ADHD/__tests__/TaskProgressVisualization.accessibility.test.tsx" name="TaskProgressVisualization - WCAG 2.1 AA Compliance &gt; Color Independence &gt; should display status icon along with color" time="0.119281">
        </testcase>
        <testcase classname="src/components/Accessibility/ADHD/__tests__/TaskProgressVisualization.accessibility.test.tsx" name="TaskProgressVisualization - WCAG 2.1 AA Compliance &gt; Color Independence &gt; should use icons for all status types" time="0.128625">
        </testcase>
        <testcase classname="src/components/Accessibility/ADHD/__tests__/TaskProgressVisualization.accessibility.test.tsx" name="TaskProgressVisualization - WCAG 2.1 AA Compliance &gt; Color Contrast &gt; should have sufficient contrast for text elements" time="0.8201858">
        </testcase>
        <testcase classname="src/components/Accessibility/ADHD/__tests__/TaskProgressVisualization.accessibility.test.tsx" name="TaskProgressVisualization - WCAG 2.1 AA Compliance &gt; Keyboard Navigation &gt; should allow Tab navigation to all interactive elements" time="0.2086463">
        </testcase>
        <testcase classname="src/components/Accessibility/ADHD/__tests__/TaskProgressVisualization.accessibility.test.tsx" name="TaskProgressVisualization - WCAG 2.1 AA Compliance &gt; Keyboard Navigation &gt; should activate buttons with Enter key" time="0.1152891">
        </testcase>
        <testcase classname="src/components/Accessibility/ADHD/__tests__/TaskProgressVisualization.accessibility.test.tsx" name="TaskProgressVisualization - WCAG 2.1 AA Compliance &gt; Keyboard Navigation &gt; should activate buttons with Space key" time="0.1173268">
        </testcase>
        <testcase classname="src/components/Accessibility/ADHD/__tests__/TaskProgressVisualization.accessibility.test.tsx" name="TaskProgressVisualization - WCAG 2.1 AA Compliance &gt; Focus Indicators &gt; should have visible focus outline on buttons" time="0.0725929">
            <failure message="expected &apos;&apos; to be truthy" type="AssertionError">
AssertionError: expected &apos;&apos; to be truthy

- Expected: 
true

+ Received: 
&quot;&quot;

 ❯ src/components/Accessibility/ADHD/__tests__/TaskProgressVisualization.accessibility.test.tsx:239:30
            </failure>
        </testcase>
        <testcase classname="src/components/Accessibility/ADHD/__tests__/TaskProgressVisualization.accessibility.test.tsx" name="TaskProgressVisualization - WCAG 2.1 AA Compliance &gt; ARIA Labels and Roles &gt; should have proper aria-label for progress bar" time="0.0643647">
        </testcase>
        <testcase classname="src/components/Accessibility/ADHD/__tests__/TaskProgressVisualization.accessibility.test.tsx" name="TaskProgressVisualization - WCAG 2.1 AA Compliance &gt; ARIA Labels and Roles &gt; should have aria-label for milestone icons" time="1.0196188">
            <failure message="[2mexpect([22m[31melement[39m[2m).toHaveAttribute([22m[32m[32m&quot;aria-label&quot;[32m[39m[2m, [22m[32m[32m&quot;Başlangıç kilometre taşı tamamlandı&quot;[32m[39m[2m) // element.getAttribute(&quot;aria-label&quot;) === &quot;Başlangıç kilometre taşı tamamlandı&quot;[22m

Expected the element to have attribute:
[32m  aria-label=&quot;Başlangıç kilometre taşı tamamlandı&quot;[39m
Received:
[31m  aria-label=&quot;Tamamlandı işareti&quot;[39m

Ignored nodes: comments, script, style
[36m&lt;html&gt;[39m
  [36m&lt;head /&gt;[39m
  [36m&lt;body&gt;[39m
    [36m&lt;div&gt;[39m
      [36m&lt;div[39m
        [33mclass[39m=[32m&quot;task-progress-visualization&quot;[39m
      [36m&gt;[39m
        [36m&lt;div[39m
          [33maria-atomic[39m=[32m&quot;true&quot;[39m
          [33maria-live[39m=[32m&quot;polite&quot;[39m
          [33mclass[39m=[32m&quot;sr-only&quot;[39m
          [33mrole[39m=[32m&quot;status&quot;[39m
        [36m&gt;[39m
          [0mGörev ilerleme yüzdesi: 65%[0m
        [36m&lt;/div&gt;[39m
        [36m&lt;div[39m
          [33mclass[39m=[32m&quot;progress-header&quot;[39m
        [36m&gt;[39m
          [36m&lt;h2[39m
            [33mclass[39m=[32m&quot;task-title&quot;[39m
          [36m&gt;[39m
            [0mMatematik Ödevi[0m
          [36m&lt;/h2&gt;[39m
          [36m&lt;div[39m
            [33maria-label[39m=[32m&quot;Görev durumu: Devam Ediyor&quot;[39m
            [33mclass[39m=[32m&quot;status-badge&quot;[39m
            [33mrole[39m=[32m&quot;status&quot;[39m
            [33mstyle[39m=[32m&quot;background-color: rgb(33, 150, 243);&quot;[39m
          [36m&gt;[39m
            [36m&lt;span[39m
              [33maria-hidden[39m=[32m&quot;true&quot;[39m
              [33mclass[39m=[32m&quot;status-icon&quot;[39m
            [36m&gt;[39m
              [0m▶️[0m
            [36m&lt;/span&gt;[39m
            [0mDevam Ediyor[0m
          [36m&lt;/div&gt;[39m
        [36m&lt;/div&gt;[39m
        [36m&lt;div[39m
          [33mclass[39m=[32m&quot;progress-section&quot;[39m
        [36m&gt;[39m
          [36m&lt;div[39m
            [33mclass[39m=[32m&quot;progress-info&quot;[39m
          [36m&gt;[39m
            [36m&lt;span[39m
              [33mclass[39m=[32m&quot;progress-label&quot;[39m
            [36m&gt;[39m
              [0mGenel İlerleme[0m
            [36m&lt;/span&gt;[39m
            [36m&lt;span[39m
              [33mclass[39m=[32m&quot;progress-percentage&quot;[39m
              [33mstyle[39m=[32m&quot;color: rgb(33, 150, 243);&quot;[39m
            [36m&gt;[39m
              [0m65[0m
              [0m%[0m
            [36m&lt;/span&gt;[39m
          [36m&lt;/div&gt;[39m
          [36m&lt;div[39m
            [33mclass[39m=[32m&quot;progress-bar-container&quot;[39m
          [36m&gt;[39m
            [36m&lt;div[39m
              [33maria-label[39m=[32m&quot;Görev ilerleme yüzdesi: 65%&quot;[39m
              [33maria-valuemax[39m=[32m&quot;100&quot;[39m
              [33maria-valuemin[39m=[32m&quot;0&quot;[39m
              [33maria-valuenow[39m=[32m&quot;65&quot;[39m
              [33mclass[39m=[32m&quot;progress-bar-fill&quot;[39m
              [33mrole[39m=[32m&quot;progressbar&quot;[39m
              [33mstyle[39m=[32m&quot;width: 65%; background-color: rgb(33, 150, 243);&quot;[39m
            [36m&gt;[39m
              [36m&lt;div[39m
                [33mclass[39m=[32m&quot;progress-bar-shine&quot;[39m
              [36m/&gt;[39m
            [36m&lt;/div&gt;[39m
          [36m&lt;/div&gt;[39m
        [36m&lt;/div&gt;[39m
        [36m&lt;div[39m
          [33mclass[39m=[32m&quot;subtasks-section&quot;[39m
        [36m&gt;[39m
          [36m&lt;div[39m
            [33mclass[39m=[32m&quot;subtasks-info&quot;[39m
          [36m&gt;[39m
            [36m&lt;span[39m
              [33maria-label[39m=[32m&quot;Tamamlandı işareti&quot;[39m
              [33mclass[39m=[32m&quot;subtasks-icon&quot;[39m
              [33mrole[39m=[32m&quot;img&quot;[39m
            [36m&gt;[39m
              [0m✓[0m
            [36m&lt;/span&gt;[39m
            [36m&lt;span[39m
              [33mclass[39m=[32m&quot;subtasks-text&quot;[39m
            [36m&gt;[39m
              [36m&lt;strong&gt;[39m
                [0m13[0m
              [36m&lt;/strong&gt;[39m
              [0m / [0m
              [0m20[0m
              [0m alt görev tamamlandı[0m
            [36m&lt;/span&gt;[39m
          [36m&lt;/div&gt;[39m
        [36m&lt;/div&gt;[39m
        [36m&lt;div[39m
          [33mclass[39m=[32m&quot;milestones-section&quot;[39m
        [36m&gt;[39m
          [36m&lt;h3[39m
            [33mclass[39m=[32m&quot;milestones-title&quot;[39m
          [36m&gt;[39m
            [0mKilometre Taşları[0m
          [36m&lt;/h3&gt;[39m
          [36m&lt;div[39m
            [33mclass[39m=[32m&quot;milestones-container&quot;[39m
            [33mrole[39m=[32m&quot;list&quot;[39m
          [36m&gt;[39m
            [36m&lt;div[39m
              [33mclass[39m=[32m&quot;milestone reached&quot;[39m
              [33mrole[39m=[32m&quot;listitem&quot;[39m
              [33mstyle[39m=[32m&quot;border-color: rgb(76, 175, 80);&quot;[39m
            [36m&gt;[39m
              [36m&lt;div[39m
                [33maria-label[39m=[32m&quot;Başlangıç kilometre taşı tamamlandı&quot;[39m
                [33mclass[39m=[32m&quot;milestone-icon&quot;[39m
                [33mrole[39m=[32m&quot;img&quot;[39m
                [33mstyle[39m=[32m&quot;background-color: rgb(76, 175, 80); color: rgb(255, 255, 255);&quot;[39m
              [36m&gt;[39m
                [0m🚀[0m
              [36m&lt;/div&gt;[39m
              [36m&lt;div[39m
                [33mclass[39m=[32m&quot;milestone-info&quot;[39m
              [36m&gt;[39m
                [36m&lt;span[39m
                  [33mclass[39m=[32m&quot;milestone-percentage&quot;[39m
                [36m&gt;[39m
                  [0m25[0m
                  [0m%[0m
                [36m&lt;/span&gt;[39m
                [36m&lt;span[39m
                  [33mclass[39m=[32m&quot;milestone-label&quot;[39m
                [36m&gt;[39m
                  [0mBaşlangıç[0m
                [36m&lt;/span&gt;[39m
              [36m&lt;/div&gt;[39m
              [36m&lt;div[39m
                [33maria-label[39m=[32m&quot;Tamamlandı&quot;[39m
                [33mclass[39m=[32m&quot;milestone-checkmark&quot;[39m
                [33mrole[39m=[32m&quot;img&quot;[39m
              [36m&gt;[39m
                [0m✓[0m
              [36m&lt;/div&gt;[39m
            [36m&lt;/div&gt;[39m
            [36m&lt;div[39m
              [33mclass[39m=[32m&quot;milestone reached&quot;[39m
              [33mrole[39m=[32m&quot;listitem&quot;[39m
              [33mstyle[39m=[32m&quot;border-color: rgb(33, 150, 243);&quot;[39m
            [36m&gt;[39m
              [36m&lt;div[39m
                [33maria-label[39m=[32m&quot;Yarı Yol kilometre taşı tamamlandı&quot;[39m
                [33mclass[39m=[32m&quot;milestone-icon&quot;[39m
                [33mrole[39m=[32m&quot;img&quot;[39m
                [33mstyle[39m=[32m&quot;background-color: rgb(33, 150, 243); color: rgb(255, 255, 255);&quot;[39m
              [36m&gt;[39m
                [0m⚡[0m
              [36m&lt;/div&gt;[39m
              [36m&lt;div[39m
                [33mclass[39m=[32m&quot;milestone-info&quot;[39m
              [36m&gt;[39m
                [36m&lt;span[39m
                  [33mclass[39m=[32m&quot;milestone-percentage&quot;[39m
                [36m&gt;[39m
                  [0m50[0m
                  [0m%[0m
                [36m&lt;/span&gt;[39m
                [36m&lt;span[39m
                  [33mclass[39m=[32m&quot;milestone-label&quot;[39m
                [36m&gt;[39m
                  [0mYarı Yol[0m
                [36m&lt;/span&gt;[39m
              [36m&lt;/div&gt;[39m
              [36m&lt;div[39m
                [33maria-label[39m=[32m&quot;Tamamlandı&quot;[39m
                [33mclass[39m=[32m&quot;milestone-checkmark&quot;[39m
                [33mrole[39m=[32m&quot;img&quot;[39m
              [36m&gt;[39m
                [0m✓[0m
              [36m&lt;/div&gt;[39m
            [36m&lt;/div&gt;[39m
            [36m&lt;div[39m
              [33mclass[39m=[32m&quot;milestone unreached&quot;[39m
              [33mrole[39m=[32m&quot;listitem&quot;[39m
              [33mstyle[39m=[32m&quot;border-color: rgb(224, 224, 224);&quot;[39m
            [36m&gt;[39m
              [36m&lt;div[39m
                [33maria-label[39m=[32m&quot;Son Aşama kilometre taşı henüz ulaşılmadı&quot;[39m
                [33mclass[39m=[32m&quot;milestone-icon&quot;[39m
                [33mrole[39m=[32m&quot;img&quot;[39m
                [33mstyle[39m=[32m&quot;background-color: rgb(245, 245, 245); color: rgb(158, 158, 158);&quot;[39m
              [36m&gt;[39m
                [0m🎯[0m
              [36m&lt;/div&gt;[39m
              [36m&lt;div[39m
                [33mclass[39m=[32m&quot;milestone-info&quot;[39m
              [36m&gt;[39m
                [36m&lt;span[39m
                  [33mclass[39m=[32m&quot;milestone-percentage&quot;[39m
                [36m&gt;[39m
                  [0m75[0m
                  [0m%[0m
                [36m&lt;/span&gt;[39m
                [36m&lt;span[39m
                  [33mclass[39m=[32m&quot;milestone-label&quot;[39m
                [36m&gt;[39m
                  [0mSon Aşama[0m
                [36m&lt;/span&gt;[39m
              [36m&lt;/div&gt;[39m
            [36m&lt;/div&gt;[39m
            [36m&lt;div[39m
              [33mclass[39m=[32m&quot;milestone unreached&quot;[39m
              [33mrole[39m=[32m&quot;listitem&quot;[39m
              [33mstyle[39m=[32m&quot;border-color: rgb(224, 224, 224);&quot;[39m
            [36m&gt;[39m
              [36m&lt;div[39m
                [33maria-label[39m=[32m&quot;Tamamlandı kilometre taşı henüz ulaşılmadı&quot;[39m
                [33mclass[39m=[32m&quot;milestone-icon&quot;[39m
                [33mrole[39m=[32m&quot;img&quot;[39m
                [33mstyle[39m=[32m&quot;background-color: rgb(245, 245, 245); color: rgb(158, 158, 158);&quot;[39m
              [36m&gt;[39m
                [0m🏆[0m
              [36m&lt;/div&gt;[39m
              [36m&lt;div[39m
                [33mclass[39m=[32m&quot;milestone-info&quot;[39m
              [36m&gt;[39m
                [36m&lt;span[39m
                  [33mclass[39m=[32m&quot;milestone-percentage&quot;[39m
                [36m&gt;[39m
                  [0m100[0m
                  [0m%[0m
                [36m&lt;/span&gt;[39m
                [36m&lt;span[39m
                  [33mclass[39m=[32m&quot;milestone-label&quot;[39m
                [36m&gt;[39m
                  [0mTamamlandı[0m
                [36m&lt;/span&gt;[39m
              [36m&lt;/div&gt;[39m
            [36m&lt;/div&gt;[39m
          [36m&lt;/div&gt;[39m
        [36m&lt;/div&gt;[39m
        [36m&lt;div[39m
          [33mclass[39m=[32m&quot;time-section&quot;[39m
        [36m&gt;[39m
          [36m&lt;h3[39m
            [33mclass[39m=[32m&quot;time-title&quot;[39m
          [36m&gt;[39m
            [0mZaman Takibi[0m
          [36m&lt;/h3&gt;[39m
          [36m&lt;div[39m
            [33mclass[39m=[32m&quot;time-grid&quot;[39m
          [36m&gt;[39m
            [36m&lt;div[39m
              [33mclass[39m=[32m&quot;time-item&quot;[39m
            [36m&gt;[39m
              [36m&lt;span[39m
                [33mclass[39m=[32m&quot;time-label&quot;[39m
              [36m&gt;[39m
                [0mTahmini Süre[0m
              [36m&lt;/span&gt;[39m
              [36m&lt;span[39m
                [33mclass[39m=[32m&quot;time-value&quot;[39m
              [36m&gt;[39m
                [0m2 saat 0 dakika[0m
              [36m&lt;/span&gt;[39m
            [36m&lt;/div&gt;[39m
            [36m&lt;div[39m
              [33mclass[39m=[32m&quot;time-item&quot;[39m
            [36m&gt;[39m
              [36m&lt;span[39m
                [33mclass[39m=[32m&quot;time-label&quot;[39m
              [36m&gt;[39m
                [0mGeçen Süre[0m
              [36m&lt;/span&gt;[39m
              [36m&lt;span[39m
                [33mclass[39m=[32m&quot;time-value&quot;[39m
              [36m&gt;[39m
                [0m1 saat 18 dakika[0m
              [36m&lt;/span&gt;[39m
            [36m&lt;/div&gt;[39m
            [36m&lt;div[39m
              [33mclass[39m=[32m&quot;time-item&quot;[39m
            [36m&gt;[39m
              [36m&lt;span[39m
                [33mclass[39m=[32m&quot;time-label&quot;[39m
              [36m&gt;[39m
                [0mKalan Süre[0m
              [36m&lt;/span&gt;[39m
              [36m&lt;span[39m
                [33mclass[39m=[32m&quot;time-value time-remaining&quot;[39m
              [36m&gt;[39m
                [0m42 dakika[0m
              [36m&lt;/span&gt;[39m
            [36m&lt;/div&gt;[39m
          [36m&lt;/div&gt;[39m
        [36m&lt;/div&gt;[39m
        [36m&lt;div[39m
          [33mclass[39m=[32m&quot;progress-actions&quot;[39m
        [36m&gt;[39m
          [36m&lt;button[39m
            [33maria-label[39m=[32m&quot;İlerlemeyi yenile&quot;[39m
            [33mclass[39m=[32m&quot;refresh-button&quot;[39m
          [36m&gt;[39m
            [0m🔄 Yenile[0m
          [36m&lt;/button&gt;[39m
        [36m&lt;/div&gt;[39m
      [36m&lt;/div&gt;[39m
    [36m&lt;/div&gt;[39m
  [36m&lt;/body&gt;[39m
[36m&lt;/html&gt;[39m" type="Error">
Error: expect(element).toHaveAttribute(&quot;aria-label&quot;, &quot;Başlangıç kilometre taşı tamamlandı&quot;) // element.getAttribute(&quot;aria-label&quot;) === &quot;Başlangıç kilometre taşı tamamlandı&quot;

Expected the element to have attribute:
  aria-label=&quot;Başlangıç kilometre taşı tamamlandı&quot;
Received:
  aria-label=&quot;Tamamlandı işareti&quot;

Ignored nodes: comments, script, style
&lt;html&gt;
  &lt;head /&gt;
  &lt;body&gt;
    &lt;div&gt;
      &lt;div
        class=&quot;task-progress-visualization&quot;
      &gt;
        &lt;div
          aria-atomic=&quot;true&quot;
          aria-live=&quot;polite&quot;
          class=&quot;sr-only&quot;
          role=&quot;status&quot;
        &gt;
          Görev ilerleme yüzdesi: 65%
        &lt;/div&gt;
        &lt;div
          class=&quot;progress-header&quot;
        &gt;
          &lt;h2
            class=&quot;task-title&quot;
          &gt;
            Matematik Ödevi
          &lt;/h2&gt;
          &lt;div
            aria-label=&quot;Görev durumu: Devam Ediyor&quot;
            class=&quot;status-badge&quot;
            role=&quot;status&quot;
            style=&quot;background-color: rgb(33, 150, 243);&quot;
          &gt;
            &lt;span
              aria-hidden=&quot;true&quot;
              class=&quot;status-icon&quot;
            &gt;
              ▶️
            &lt;/span&gt;
            Devam Ediyor
          &lt;/div&gt;
        &lt;/div&gt;
        &lt;div
          class=&quot;progress-section&quot;
        &gt;
          &lt;div
            class=&quot;progress-info&quot;
          &gt;
            &lt;span
              class=&quot;progress-label&quot;
            &gt;
              Genel İlerleme
            &lt;/span&gt;
            &lt;span
              class=&quot;progress-percentage&quot;
              style=&quot;color: rgb(33, 150, 243);&quot;
            &gt;
              65
              %
            &lt;/span&gt;
          &lt;/div&gt;
          &lt;div
            class=&quot;progress-bar-container&quot;
          &gt;
            &lt;div
              aria-label=&quot;Görev ilerleme yüzdesi: 65%&quot;
              aria-valuemax=&quot;100&quot;
              aria-valuemin=&quot;0&quot;
              aria-valuenow=&quot;65&quot;
              class=&quot;progress-bar-fill&quot;
              role=&quot;progressbar&quot;
              style=&quot;width: 65%; background-color: rgb(33, 150, 243);&quot;
            &gt;
              &lt;div
                class=&quot;progress-bar-shine&quot;
              /&gt;
            &lt;/div&gt;
          &lt;/div&gt;
        &lt;/div&gt;
        &lt;div
          class=&quot;subtasks-section&quot;
        &gt;
          &lt;div
            class=&quot;subtasks-info&quot;
          &gt;
            &lt;span
              aria-label=&quot;Tamamlandı işareti&quot;
              class=&quot;subtasks-icon&quot;
              role=&quot;img&quot;
            &gt;
              ✓
            &lt;/span&gt;
            &lt;span
              class=&quot;subtasks-text&quot;
            &gt;
              &lt;strong&gt;
                13
              &lt;/strong&gt;
               / 
              20
               alt görev tamamlandı
            &lt;/span&gt;
          &lt;/div&gt;
        &lt;/div&gt;
        &lt;div
          class=&quot;milestones-section&quot;
        &gt;
          &lt;h3
            class=&quot;milestones-title&quot;
          &gt;
            Kilometre Taşları
          &lt;/h3&gt;
          &lt;div
            class=&quot;milestones-container&quot;
            role=&quot;list&quot;
          &gt;
            &lt;div
              class=&quot;milestone reached&quot;
              role=&quot;listitem&quot;
              style=&quot;border-color: rgb(76, 175, 80);&quot;
            &gt;
              &lt;div
                aria-label=&quot;Başlangıç kilometre taşı tamamlandı&quot;
                class=&quot;milestone-icon&quot;
                role=&quot;img&quot;
                style=&quot;background-color: rgb(76, 175, 80); color: rgb(255, 255, 255);&quot;
              &gt;
                🚀
              &lt;/div&gt;
              &lt;div
                class=&quot;milestone-info&quot;
              &gt;
                &lt;span
                  class=&quot;milestone-percentage&quot;
                &gt;
                  25
                  %
                &lt;/span&gt;
                &lt;span
                  class=&quot;milestone-label&quot;
                &gt;
                  Başlangıç
                &lt;/span&gt;
              &lt;/div&gt;
              &lt;div
                aria-label=&quot;Tamamlandı&quot;
                class=&quot;milestone-checkmark&quot;
                role=&quot;img&quot;
              &gt;
                ✓
              &lt;/div&gt;
            &lt;/div&gt;
            &lt;div
              class=&quot;milestone reached&quot;
              role=&quot;listitem&quot;
              style=&quot;border-color: rgb(33, 150, 243);&quot;
            &gt;
              &lt;div
                aria-label=&quot;Yarı Yol kilometre taşı tamamlandı&quot;
                class=&quot;milestone-icon&quot;
                role=&quot;img&quot;
                style=&quot;background-color: rgb(33, 150, 243); color: rgb(255, 255, 255);&quot;
              &gt;
                ⚡
              &lt;/div&gt;
              &lt;div
                class=&quot;milestone-info&quot;
              &gt;
                &lt;span
                  class=&quot;milestone-percentage&quot;
                &gt;
                  50
                  %
                &lt;/span&gt;
                &lt;span
                  class=&quot;milestone-label&quot;
                &gt;
                  Yarı Yol
                &lt;/span&gt;
              &lt;/div&gt;
              &lt;div
                aria-label=&quot;Tamamlandı&quot;
                class=&quot;milestone-checkmark&quot;
                role=&quot;img&quot;
              &gt;
                ✓
              &lt;/div&gt;
            &lt;/div&gt;
            &lt;div
              class=&quot;milestone unreached&quot;
              role=&quot;listitem&quot;
              style=&quot;border-color: rgb(224, 224, 224);&quot;
            &gt;
              &lt;div
                aria-label=&quot;Son Aşama kilometre taşı henüz ulaşılmadı&quot;
                class=&quot;milestone-icon&quot;
                role=&quot;img&quot;
                style=&quot;background-color: rgb(245, 245, 245); color: rgb(158, 158, 158);&quot;
              &gt;
                🎯
              &lt;/div&gt;
              &lt;div
                class=&quot;milestone-info&quot;
              &gt;
                &lt;span
                  class=&quot;milestone-percentage&quot;
                &gt;
                  75
                  %
                &lt;/span&gt;
                &lt;span
                  class=&quot;milestone-label&quot;
                &gt;
                  Son Aşama
                &lt;/span&gt;
              &lt;/div&gt;
            &lt;/div&gt;
            &lt;div
              class=&quot;milestone unreached&quot;
              role=&quot;listitem&quot;
              style=&quot;border-color: rgb(224, 224, 224);&quot;
            &gt;
              &lt;div
                aria-label=&quot;Tamamlandı kilometre taşı henüz ulaşılmadı&quot;
                class=&quot;milestone-icon&quot;
                role=&quot;img&quot;
                style=&quot;background-color: rgb(245, 245, 245); color: rgb(158, 158, 158);&quot;
              &gt;
                🏆
              &lt;/div&gt;
              &lt;div
                class=&quot;milestone-info&quot;
              &gt;
                &lt;span
                  class=&quot;milestone-percentage&quot;
                &gt;
                  100
                  %
                &lt;/span&gt;
                &lt;span
                  class=&quot;milestone-label&quot;
                &gt;
                  Tamamlandı
                &lt;/span&gt;
              &lt;/div&gt;
            &lt;/div&gt;
          &lt;/div&gt;
        &lt;/div&gt;
        &lt;div
          class=&quot;time-section&quot;
        &gt;
          &lt;h3
            class=&quot;time-title&quot;
          &gt;
            Zaman Takibi
          &lt;/h3&gt;
          &lt;div
            class=&quot;time-grid&quot;
          &gt;
            &lt;div
              class=&quot;time-item&quot;
            &gt;
              &lt;span
                class=&quot;time-label&quot;
              &gt;
                Tahmini Süre
              &lt;/span&gt;
              &lt;span
                class=&quot;time-value&quot;
              &gt;
                2 saat 0 dakika
              &lt;/span&gt;
            &lt;/div&gt;
            &lt;div
              class=&quot;time-item&quot;
            &gt;
              &lt;span
                class=&quot;time-label&quot;
              &gt;
                Geçen Süre
              &lt;/span&gt;
              &lt;span
                class=&quot;time-value&quot;
              &gt;
                1 saat 18 dakika
              &lt;/span&gt;
            &lt;/div&gt;
            &lt;div
              class=&quot;time-item&quot;
            &gt;
              &lt;span
                class=&quot;time-label&quot;
              &gt;
                Kalan Süre
              &lt;/span&gt;
              &lt;span
                class=&quot;time-value time-remaining&quot;
              &gt;
                42 dakika
              &lt;/span&gt;
            &lt;/div&gt;
          &lt;/div&gt;
        &lt;/div&gt;
        &lt;div
          class=&quot;progress-actions&quot;
        &gt;
          &lt;button
            aria-label=&quot;İlerlemeyi yenile&quot;
            class=&quot;refresh-button&quot;
          &gt;
            🔄 Yenile
          &lt;/button&gt;
        &lt;/div&gt;
      &lt;/div&gt;
    &lt;/div&gt;
  &lt;/body&gt;
&lt;/html&gt;
 ❯ src/components/Accessibility/ADHD/__tests__/TaskProgressVisualization.accessibility.test.tsx:267:35
 ❯ runWithExpensiveErrorDiagnosticsDisabled node_modules/@testing-library/react/node_modules/@testing-library/dom/dist/config.js:47:12
 ❯ checkCallback node_modules/@testing-library/react/node_modules/@testing-library/dom/dist/wait-for.js:124:77
 ❯ Timeout.checkRealTimersCallback node_modules/@testing-library/react/node_modules/@testing-library/dom/dist/wait-for.js:118:16
            </failure>
        </testcase>
        <testcase classname="src/components/Accessibility/ADHD/__tests__/TaskProgressVisualization.accessibility.test.tsx" name="TaskProgressVisualization - WCAG 2.1 AA Compliance &gt; ARIA Labels and Roles &gt; should have aria-label for status badge" time="0.068537">
        </testcase>
        <testcase classname="src/components/Accessibility/ADHD/__tests__/TaskProgressVisualization.accessibility.test.tsx" name="TaskProgressVisualization - WCAG 2.1 AA Compliance &gt; ARIA Labels and Roles &gt; should have aria-label for loading spinner" time="0.0266962">
        </testcase>
        <testcase classname="src/components/Accessibility/ADHD/__tests__/TaskProgressVisualization.accessibility.test.tsx" name="TaskProgressVisualization - WCAG 2.1 AA Compliance &gt; Live Regions &gt; should announce progress updates to screen readers" time="1.0491868">
            <failure message="Found multiple elements with the role &quot;status&quot;

Here are the matching elements:

Ignored nodes: comments, script, style
[36m&lt;div[39m
  [33maria-atomic[39m=[32m&quot;true&quot;[39m
  [33maria-live[39m=[32m&quot;polite&quot;[39m
  [33mclass[39m=[32m&quot;sr-only&quot;[39m
  [33mrole[39m=[32m&quot;status&quot;[39m
[36m&gt;[39m
  [0mGörev ilerleme yüzdesi: 65%[0m
[36m&lt;/div&gt;[39m

Ignored nodes: comments, script, style
[36m&lt;div[39m
  [33maria-label[39m=[32m&quot;Görev durumu: Devam Ediyor&quot;[39m
  [33mclass[39m=[32m&quot;status-badge&quot;[39m
  [33mrole[39m=[32m&quot;status&quot;[39m
  [33mstyle[39m=[32m&quot;background-color: rgb(33, 150, 243);&quot;[39m
[36m&gt;[39m
  [36m&lt;span[39m
    [33maria-hidden[39m=[32m&quot;true&quot;[39m
    [33mclass[39m=[32m&quot;status-icon&quot;[39m
  [36m&gt;[39m
    [0m▶️[0m
  [36m&lt;/span&gt;[39m
  [0mDevam Ediyor[0m
[36m&lt;/div&gt;[39m

(If this is intentional, then use the `*AllBy*` variant of the query (like `queryAllByText`, `getAllByText`, or `findAllByText`)).

Ignored nodes: comments, script, style
[36m&lt;body&gt;[39m
  [36m&lt;div&gt;[39m
    [36m&lt;div[39m
      [33mclass[39m=[32m&quot;task-progress-visualization&quot;[39m
    [36m&gt;[39m
      [36m&lt;div[39m
        [33maria-atomic[39m=[32m&quot;true&quot;[39m
        [33maria-live[39m=[32m&quot;polite&quot;[39m
        [33mclass[39m=[32m&quot;sr-only&quot;[39m
        [33mrole[39m=[32m&quot;status&quot;[39m
      [36m&gt;[39m
        [0mGörev ilerleme yüzdesi: 65%[0m
      [36m&lt;/div&gt;[39m
      [36m&lt;div[39m
        [33mclass[39m=[32m&quot;progress-header&quot;[39m
      [36m&gt;[39m
        [36m&lt;h2[39m
          [33mclass[39m=[32m&quot;task-title&quot;[39m
        [36m&gt;[39m
          [0mMatematik Ödevi[0m
        [36m&lt;/h2&gt;[39m
        [36m&lt;div[39m
          [33maria-label[39m=[32m&quot;Görev durumu: Devam Ediyor&quot;[39m
          [33mclass[39m=[32m&quot;status-badge&quot;[39m
          [33mrole[39m=[32m&quot;status&quot;[39m
          [33mstyle[39m=[32m&quot;background-color: rgb(33, 150, 243);&quot;[39m
        [36m&gt;[39m
          [36m&lt;span[39m
            [33maria-hidden[39m=[32m&quot;true&quot;[39m
            [33mclass[39m=[32m&quot;status-icon&quot;[39m
          [36m&gt;[39m
            [0m▶️[0m
          [36m&lt;/span&gt;[39m
          [0mDevam Ediyor[0m
        [36m&lt;/div&gt;[39m
      [36m&lt;/div&gt;[39m
      [36m&lt;div[39m
        [33mclass[39m=[32m&quot;progress-section&quot;[39m
      [36m&gt;[39m
        [36m&lt;div[39m
          [33mclass[39m=[32m&quot;progress-info&quot;[39m
        [36m&gt;[39m
          [36m&lt;span[39m
            [33mclass[39m=[32m&quot;progress-label&quot;[39m
          [36m&gt;[39m
            [0mGenel İlerleme[0m
          [36m&lt;/span&gt;[39m
          [36m&lt;span[39m
            [33mclass[39m=[32m&quot;progress-percentage&quot;[39m
            [33mstyle[39m=[32m&quot;color: rgb(33, 150, 243);&quot;[39m
          [36m&gt;[39m
            [0m65[0m
            [0m%[0m
          [36m&lt;/span&gt;[39m
        [36m&lt;/div&gt;[39m
        [36m&lt;div[39m
          [33mclass[39m=[32m&quot;progress-bar-container&quot;[39m
        [36m&gt;[39m
          [36m&lt;div[39m
            [33maria-label[39m=[32m&quot;Görev ilerleme yüzdesi: 65%&quot;[39m
            [33maria-valuemax[39m=[32m&quot;100&quot;[39m
            [33maria-valuemin[39m=[32m&quot;0&quot;[39m
            [33maria-valuenow[39m=[32m&quot;65&quot;[39m
            [33mclass[39m=[32m&quot;progress-bar-fill&quot;[39m
            [33mrole[39m=[32m&quot;progressbar&quot;[39m
            [33mstyle[39m=[32m&quot;width: 65%; background-color: rgb(33, 150, 243);&quot;[39m
          [36m&gt;[39m
            [36m&lt;div[39m
              [33mclass[39m=[32m&quot;progress-bar-shine&quot;[39m
            [36m/&gt;[39m
          [36m&lt;/div&gt;[39m
        [36m&lt;/div&gt;[39m
      [36m&lt;/div&gt;[39m
      [36m&lt;div[39m
        [33mclass[39m=[32m&quot;subtasks-section&quot;[39m
      [36m&gt;[39m
        [36m&lt;div[39m
          [33mclass[39m=[32m&quot;subtasks-info&quot;[39m
        [36m&gt;[39m
          [36m&lt;span[39m
            [33maria-label[39m=[32m&quot;Tamamlandı işareti&quot;[39m
            [33mclass[39m=[32m&quot;subtasks-icon&quot;[39m
            [33mrole[39m=[32m&quot;img&quot;[39m
          [36m&gt;[39m
            [0m✓[0m
          [36m&lt;/span&gt;[39m
          [36m&lt;span[39m
            [33mclass[39m=[32m&quot;subtasks-text&quot;[39m
          [36m&gt;[39m
            [36m&lt;strong&gt;[39m
              [0m13[0m
            [36m&lt;/strong&gt;[39m
            [0m / [0m
            [0m20[0m
            [0m alt görev tamamlandı[0m
          [36m&lt;/span&gt;[39m
        [36m&lt;/div&gt;[39m
      [36m&lt;/div&gt;[39m
      [36m&lt;div[39m
        [33mclass[39m=[32m&quot;milestones-section&quot;[39m
      [36m&gt;[39m
        [36m&lt;h3[39m
          [33mclass[39m=[32m&quot;milestones-title&quot;[39m
        [36m&gt;[39m
          [0mKilometre Taşları[0m
        [36m&lt;/h3&gt;[39m
        [36m&lt;div[39m
          [33mclass[39m=[32m&quot;milestones-container&quot;[39m
          [33mrole[39m=[32m&quot;list&quot;[39m
        [36m&gt;[39m
          [36m&lt;div[39m
            [33mclass[39m=[32m&quot;milestone reached&quot;[39m
            [33mrole[39m=[32m&quot;listitem&quot;[39m
            [33mstyle[39m=[32m&quot;border-color: rgb(76, 175, 80);&quot;[39m
          [36m&gt;[39m
            [36m&lt;div[39m
              [33maria-label[39m=[32m&quot;Başlangıç kilometre taşı tamamlandı&quot;[39m
              [33mclass[39m=[32m&quot;milestone-icon&quot;[39m
              [33mrole[39m=[32m&quot;img&quot;[39m
              [33mstyle[39m=[32m&quot;background-color: rgb(76, 175, 80); color: rgb(255, 255, 255);&quot;[39m
            [36m&gt;[39m
              [0m🚀[0m
            [36m&lt;/div&gt;[39m
            [36m&lt;div[39m
              [33mclass[39m=[32m&quot;milestone-info&quot;[39m
            [36m&gt;[39m
              [36m&lt;span[39m
                [33mclass[39m=[32m&quot;milestone-percentage&quot;[39m
              [36m&gt;[39m
                [0m25[0m
                [0m%[0m
              [36m&lt;/span&gt;[39m
              [36m&lt;span[39m
                [33mclass[39m=[32m&quot;milestone-label&quot;[39m
              [36m&gt;[39m
                [0mBaşlangıç[0m
              [36m&lt;/span&gt;[39m
            [36m&lt;/div&gt;[39m
            [36m&lt;div[39m
              [33maria-label[39m=[32m&quot;Tamamlandı&quot;[39m
              [33mclass[39m=[32m&quot;milestone-checkmark&quot;[39m
              [33mrole[39m=[32m&quot;img&quot;[39m
            [36m&gt;[39m
              [0m✓[0m
            [36m&lt;/div&gt;[39m
          [36m&lt;/div&gt;[39m
          [36m&lt;div[39m
            [33mclass[39m=[32m&quot;milestone reached&quot;[39m
            [33mrole[39m=[32m&quot;listitem&quot;[39m
            [33mstyle[39m=[32m&quot;border-color: rgb(33, 150, 243);&quot;[39m
          [36m&gt;[39m
            [36m&lt;div[39m
              [33maria-label[39m=[32m&quot;Yarı Yol kilometre taşı tamamlandı&quot;[39m
              [33mclass[39m=[32m&quot;milestone-icon&quot;[39m
              [33mrole[39m=[32m&quot;img&quot;[39m
              [33mstyle[39m=[32m&quot;background-color: rgb(33, 150, 243); color: rgb(255, 255, 255);&quot;[39m
            [36m&gt;[39m
              [0m⚡[0m
            [36m&lt;/div&gt;[39m
            [36m&lt;div[39m
              [33mclass[39m=[32m&quot;milestone-info&quot;[39m
            [36m&gt;[39m
              [36m&lt;span[39m
                [33mclass[39m=[32m&quot;milestone-percentage&quot;[39m
              [36m&gt;[39m
                [0m50[0m
                [0m%[0m
              [36m&lt;/span&gt;[39m
              [36m&lt;span[39m
                [33mclass[39m=[32m&quot;milestone-label&quot;[39m
              [36m&gt;[39m
                [0mYarı Yol[0m
              [36m&lt;/span&gt;[39m
            [36m&lt;/div&gt;[39m
            [36m&lt;div[39m
              [33maria-label[39m=[32m&quot;Tamamlandı&quot;[39m
              [33mclass[39m=[32m&quot;milestone-checkmark&quot;[39m
              [33mrole[39m=[32m&quot;img&quot;[39m
            [36m&gt;[39m
              [0m✓[0m
            [36m&lt;/div&gt;[39m
          [36m&lt;/div&gt;[39m
          [36m&lt;div[39m
            [33mclass[39m=[32m&quot;milestone unreached&quot;[39m
            [33mrole[39m=[32m&quot;listitem&quot;[39m
            [33mstyle[39m=[32m&quot;border-color: rgb(224, 224, 224);&quot;[39m
          [36m&gt;[39m
            [36m&lt;div[39m
              [33maria-label[39m=[32m&quot;Son Aşama kilometre taşı henüz ulaşılmadı&quot;[39m
              [33mclass[39m=[32m&quot;milestone-icon&quot;[39m
              [33mrole[39m=[32m&quot;img&quot;[39m
              [33mstyle[39m=[32m&quot;background-color: rgb(245, 245, 245); color: rgb(158, 158, 158);&quot;[39m
            [36m&gt;[39m
              [0m🎯[0m
            [36m&lt;/div&gt;[39m
            [36m&lt;div[39m
              [33mclass[39m=[32m&quot;milestone-info&quot;[39m
            [36m&gt;[39m
              [36m&lt;span[39m
                [33mclass[39m=[32m&quot;milestone-percentage&quot;[39m
              [36m&gt;[39m
                [0m75[0m
                [0m%[0m
              [36m&lt;/span&gt;[39m
              [36m&lt;span[39m
                [33mclass[39m=[32m&quot;milestone-label&quot;[39m
              [36m&gt;[39m
                [0mSon Aşama[0m
              [36m&lt;/span&gt;[39m
            [36m&lt;/div&gt;[39m
          [36m&lt;/div&gt;[39m
          [36m&lt;div[39m
            [33mclass[39m=[32m&quot;milestone unreached&quot;[39m
            [33mrole[39m=[32m&quot;listitem&quot;[39m
            [33mstyle[39m=[32m&quot;border-color: rgb(224, 224, 224);&quot;[39m
          [36m&gt;[39m
            [36m&lt;div[39m
              [33maria-label[39m=[32m&quot;Tamamlandı kilometre taşı henüz ulaşılmadı&quot;[39m
              [33mclass[39m=[32m&quot;milestone-icon&quot;[39m
              [33mrole[39m=[32m&quot;img&quot;[39m
              [33mstyle[39m=[32m&quot;background-color: rgb(245, 245, 245); color: rgb(158, 158, 158);&quot;[39m
            [36m&gt;[39m
              [0m🏆[0m
            [36m&lt;/div&gt;[39m
            [36m&lt;div[39m
              [33mclass[39m=[32m&quot;milestone-info&quot;[39m
            [36m&gt;[39m
              [36m&lt;span[39m
                [33mclass[39m=[32m&quot;milestone-percentage&quot;[39m
              [36m&gt;[39m
                [0m100[0m
                [0m%[0m
              [36m&lt;/span&gt;[39m
              [36m&lt;span[39m
                [33mclass[39m=[32m&quot;milestone-label&quot;[39m
              [36m&gt;[39m
                [0mTamamlandı[0m
              [36m&lt;/span&gt;[39m
            [36m&lt;/div&gt;[39m
          [36m&lt;/div&gt;[39m
        [36m&lt;/div&gt;[39m
      [36m&lt;/div&gt;[39m
      [36m&lt;div[39m
        [33mclass[39m=[32m&quot;time-section&quot;[39m
      [36m&gt;[39m
        [36m&lt;h3[39m
          [33mclass[39m=[32m&quot;time-title&quot;[39m
        [36m&gt;[39m
          [0mZaman Takibi[0m
        [36m&lt;/h3&gt;[39m
        [36m&lt;div[39m
          [33mclass[39m=[32m&quot;time-grid&quot;[39m
        [36m&gt;[39m
          [36m&lt;div[39m
            [33mclass[39m=[32m&quot;time-item&quot;[39m
          [36m&gt;[39m
            [36m&lt;span[39m
              [33mclass[39m=[32m&quot;time-label&quot;[39m
            [36m&gt;[39m
              [0mTahmini Süre[0m
            [36m&lt;/span&gt;[39m
            [36m&lt;span[39m
              [33mclass[39m=[32m&quot;time-value&quot;[39m
            [36m&gt;[39m
              [0m2 saat 0 dakika[0m
            [36m&lt;/span&gt;[39m
          [36m&lt;/div&gt;[39m
          [36m&lt;div[39m
            [33mclass[39m=[32m&quot;time-item&quot;[39m
          [36m&gt;[39m
            [36m&lt;span[39m
              [33mclass[39m=[32m&quot;time-label&quot;[39m
            [36m&gt;[39m
              [0mGeçen Süre[0m
            [36m&lt;/span&gt;[39m
            [36m&lt;span[39m
              [33mclass[39m=[32m&quot;time-value&quot;[39m
            [36m&gt;[39m
              [0m1 saat 18 dakika[0m
            [36m&lt;/span&gt;[39m
          [36m&lt;/div&gt;[39m
          [36m&lt;div[39m
            [33mclass[39m=[32m&quot;time-item&quot;[39m
          [36m&gt;[39m
            [36m&lt;span[39m
              [33mclass[39m=[32m&quot;time-label&quot;[39m
            [36m&gt;[39m
              [0mKalan Süre[0m
            [36m&lt;/span&gt;[39m
            [36m&lt;span[39m
              [33mclass[39m=[32m&quot;time-value time-remaining&quot;[39m
            [36m&gt;[39m
              [0m42 dakika[0m
            [36m&lt;/span&gt;[39m
          [36m&lt;/div&gt;[39m
        [36m&lt;/div&gt;[39m
      [36m&lt;/div&gt;[39m
      [36m&lt;div[39m
        [33mclass[39m=[32m&quot;progress-actions&quot;[39m
      [36m&gt;[39m
        [36m&lt;button[39m
          [33maria-label[39m=[32m&quot;İlerlemeyi yenile&quot;[39m
          [33mclass[39m=[32m&quot;refresh-button&quot;[39m
        [36m&gt;[39m
          [0m🔄 Yenile[0m
        [36m&lt;/button&gt;[39m
      [36m&lt;/div&gt;[39m
    [36m&lt;/div&gt;[39m
  [36m&lt;/div&gt;[39m
[36m&lt;/body&gt;[39m

Ignored nodes: comments, script, style
[36m&lt;html&gt;[39m
  [36m&lt;head /&gt;[39m
  [36m&lt;body&gt;[39m
    [36m&lt;div&gt;[39m
      [36m&lt;div[39m
        [33mclass[39m=[32m&quot;task-progress-visualization&quot;[39m
      [36m&gt;[39m
        [36m&lt;div[39m
          [33maria-atomic[39m=[32m&quot;true&quot;[39m
          [33maria-live[39m=[32m&quot;polite&quot;[39m
          [33mclass[39m=[32m&quot;sr-only&quot;[39m
          [33mrole[39m=[32m&quot;status&quot;[39m
        [36m&gt;[39m
          [0mGörev ilerleme yüzdesi: 65%[0m
        [36m&lt;/div&gt;[39m
        [36m&lt;div[39m
          [33mclass[39m=[32m&quot;progress-header&quot;[39m
        [36m&gt;[39m
          [36m&lt;h2[39m
            [33mclass[39m=[32m&quot;task-title&quot;[39m
          [36m&gt;[39m
            [0mMatematik Ödevi[0m
          [36m&lt;/h2&gt;[39m
          [36m&lt;div[39m
            [33maria-label[39m=[32m&quot;Görev durumu: Devam Ediyor&quot;[39m
            [33mclass[39m=[32m&quot;status-badge&quot;[39m
            [33mrole[39m=[32m&quot;status&quot;[39m
            [33mstyle[39m=[32m&quot;background-color: rgb(33, 150, 243);&quot;[39m
          [36m&gt;[39m
            [36m&lt;span[39m
              [33maria-hidden[39m=[32m&quot;true&quot;[39m
              [33mclass[39m=[32m&quot;status-icon&quot;[39m
            [36m&gt;[39m
              [0m▶️[0m
            [36m&lt;/span&gt;[39m
            [0mDevam Ediyor[0m
          [36m&lt;/div&gt;[39m
        [36m&lt;/div&gt;[39m
        [36m&lt;div[39m
          [33mclass[39m=[32m&quot;progress-section&quot;[39m
        [36m&gt;[39m
          [36m&lt;div[39m
            [33mclass[39m=[32m&quot;progress-info&quot;[39m
          [36m&gt;[39m
            [36m&lt;span[39m
              [33mclass[39m=[32m&quot;progress-label&quot;[39m
            [36m&gt;[39m
              [0mGenel İlerleme[0m
            [36m&lt;/span&gt;[39m
            [36m&lt;span[39m
              [33mclass[39m=[32m&quot;progress-percentage&quot;[39m
              [33mstyle[39m=[32m&quot;color: rgb(33, 150, 243);&quot;[39m
            [36m&gt;[39m
              [0m65[0m
              [0m%[0m
            [36m&lt;/span&gt;[39m
          [36m&lt;/div&gt;[39m
          [36m&lt;div[39m
            [33mclass[39m=[32m&quot;progress-bar-container&quot;[39m
          [36m&gt;[39m
            [36m&lt;div[39m
              [33maria-label[39m=[32m&quot;Görev ilerleme yüzdesi: 65%&quot;[39m
              [33maria-valuemax[39m=[32m&quot;100&quot;[39m
              [33maria-valuemin[39m=[32m&quot;0&quot;[39m
              [33maria-valuenow[39m=[32m&quot;65&quot;[39m
              [33mclass[39m=[32m&quot;progress-bar-fill&quot;[39m
              [33mrole[39m=[32m&quot;progressbar&quot;[39m
              [33mstyle[39m=[32m&quot;width: 65%; background-color: rgb(33, 150, 243);&quot;[39m
            [36m&gt;[39m
              [36m&lt;div[39m
                [33mclass[39m=[32m&quot;progress-bar-shine&quot;[39m
              [36m/&gt;[39m
            [36m&lt;/div&gt;[39m
          [36m&lt;/div&gt;[39m
        [36m&lt;/div&gt;[39m
        [36m&lt;div[39m
          [33mclass[39m=[32m&quot;subtasks-section&quot;[39m
        [36m&gt;[39m
          [36m&lt;div[39m
            [33mclass[39m=[32m&quot;subtasks-info&quot;[39m
          [36m&gt;[39m
            [36m&lt;span[39m
              [33maria-label[39m=[32m&quot;Tamamlandı işareti&quot;[39m
              [33mclass[39m=[32m&quot;subtasks-icon&quot;[39m
              [33mrole[39m=[32m&quot;img&quot;[39m
            [36m&gt;[39m
              [0m✓[0m
            [36m&lt;/span&gt;[39m
            [36m&lt;span[39m
              [33mclass[39m=[32m&quot;subtasks-text&quot;[39m
            [36m&gt;[39m
              [36m&lt;strong&gt;[39m
                [0m13[0m
              [36m&lt;/strong&gt;[39m
              [0m / [0m
              [0m20[0m
              [0m alt görev tamamlandı[0m
            [36m&lt;/span&gt;[39m
          [36m&lt;/div&gt;[39m
        [36m&lt;/div&gt;[39m
        [36m&lt;div[39m
          [33mclass[39m=[32m&quot;milestones-section&quot;[39m
        [36m&gt;[39m
          [36m&lt;h3[39m
            [33mclass[39m=[32m&quot;milestones-title&quot;[39m
          [36m&gt;[39m
            [0mKilometre Taşları[0m
          [36m&lt;/h3&gt;[39m
          [36m&lt;div[39m
            [33mclass[39m=[32m&quot;milestones-container&quot;[39m
            [33mrole[39m=[32m&quot;list&quot;[39m
          [36m&gt;[39m
            [36m&lt;div[39m
              [33mclass[39m=[32m&quot;milestone reached&quot;[39m
              [33mrole[39m=[32m&quot;listitem&quot;[39m
              [33mstyle[39m=[32m&quot;border-color: rgb(76, 175, 80);&quot;[39m
            [36m&gt;[39m
              [36m&lt;div[39m
                [33maria-label[39m=[32m&quot;Başlangıç kilometre taşı tamamlandı&quot;[39m
                [33mclass[39m=[32m&quot;milestone-icon&quot;[39m
                [33mrole[39m=[32m&quot;img&quot;[39m
                [33mstyle[39m=[32m&quot;background-color: rgb(76, 175, 80); color: rgb(255, 255, 255);&quot;[39m
              [36m&gt;[39m
                [0m🚀[0m
              [36m&lt;/div&gt;[39m
              [36m&lt;div[39m
                [33mclass[39m=[32m&quot;milestone-info&quot;[39m
              [36m&gt;[39m
                [36m&lt;span[39m
                  [33mclass[39m=[32m&quot;milestone-percentage&quot;[39m
                [36m&gt;[39m
                  [0m25[0m
                  [0m%[0m
                [36m&lt;/span&gt;[39m
                [36m&lt;span[39m
                  [33mclass[39m=[32m&quot;milestone-label&quot;[39m
                [36m&gt;[39m
                  [0mBaşlangıç[0m
                [36m&lt;/span&gt;[39m
              [36m&lt;/div&gt;[39m
              [36m&lt;div[39m
                [33maria-label[39m=[32m&quot;Tamamlandı&quot;[39m
                [33mclass[39m=[32m&quot;milestone-checkmark&quot;[39m
                [33mrole[39m=[32m&quot;img&quot;[39m
              [36m&gt;[39m
                [0m✓[0m
              [36m&lt;/div&gt;[39m
            [36m&lt;/div&gt;[39m
            [36m&lt;div[39m
              [33mclass[39m=[32m&quot;milestone reached&quot;[39m
              [33mrole[39m=[32m&quot;listitem&quot;[39m
              [33mstyle[39m=[32m&quot;border-color: rgb(33, 150, 243);&quot;[39m
            [36m&gt;[39m
              [36m&lt;div[39m
                [33maria-label[39m=[32m&quot;Yarı Yol kilometre taşı tamamlandı&quot;[39m
                [33mclass[39m=[32m&quot;milestone-icon&quot;[39m
                [33mrole[39m=[32m&quot;img&quot;[39m
                [33mstyle[39m=[32m&quot;background-color: rgb(33, 150, 243); color: rgb(255, 255, 255);&quot;[39m
              [36m&gt;[39m
                [0m⚡[0m
              [36m&lt;/div&gt;[39m
              [36m&lt;div[39m
                [33mclass[39m=[32m&quot;milestone-info&quot;[39m
              [36m&gt;[39m
                [36m&lt;span[39m
                  [33mclass[39m=[32m&quot;milestone-percentage&quot;[39m
                [36m&gt;[39m
                  [0m50[0m
                  [0m%[0m
                [36m&lt;/span&gt;[39m
                [36m&lt;span[39m
                  [33mclass[39m=[32m&quot;milestone-label&quot;[39m
                [36m&gt;[39m
                  [0mYarı Yol[0m
                [36m&lt;/span&gt;[39m
              [36m&lt;/div&gt;[39m
              [36m&lt;div[39m
                [33maria-label[39m=[32m&quot;Tamamlandı&quot;[39m
                [33mclass[39m=[32m&quot;milestone-checkmark&quot;[39m
                [33mrole[39m=[32m&quot;img&quot;[39m
              [36m&gt;[39m
                [0m✓[0m
              [36m&lt;/div&gt;[39m
            [36m&lt;/div&gt;[39m
            [36m&lt;div[39m
              [33mclass[39m=[32m&quot;milestone unreached&quot;[39m
              [33mrole[39m=[32m&quot;listitem&quot;[39m
              [33mstyle[39m=[32m&quot;border-color: rgb(224, 224, 224);&quot;[39m
            [36m&gt;[39m
              [36m&lt;div[39m
                [33maria-label[39m=[32m&quot;Son Aşama kilometre taşı henüz ulaşılmadı&quot;[39m
                [33mclass[39m=[32m&quot;milestone-icon&quot;[39m
                [33mrole[39m=[32m&quot;img&quot;[39m
                [33mstyle[39m=[32m&quot;background-color: rgb(245, 245, 245); color: rgb(158, 158, 158);&quot;[39m
              [36m&gt;[39m
                [0m🎯[0m
              [36m&lt;/div&gt;[39m
              [36m&lt;div[39m
                [33mclass[39m=[32m&quot;milestone-info&quot;[39m
              [36m&gt;[39m
                [36m&lt;span[39m
                  [33mclass[39m=[32m&quot;milestone-percentage&quot;[39m
                [36m&gt;[39m
                  [0m75[0m
                  [0m%[0m
                [36m&lt;/span&gt;[39m
                [36m&lt;span[39m
                  [33mclass[39m=[32m&quot;milestone-label&quot;[39m
                [36m&gt;[39m
                  [0mSon Aşama[0m
                [36m&lt;/span&gt;[39m
              [36m&lt;/div&gt;[39m
            [36m&lt;/div&gt;[39m
            [36m&lt;div[39m
              [33mclass[39m=[32m&quot;milestone unreached&quot;[39m
              [33mrole[39m=[32m&quot;listitem&quot;[39m
              [33mstyle[39m=[32m&quot;border-color: rgb(224, 224, 224);&quot;[39m
            [36m&gt;[39m
              [36m&lt;div[39m
                [33maria-label[39m=[32m&quot;Tamamlandı kilometre taşı henüz ulaşılmadı&quot;[39m
                [33mclass[39m=[32m&quot;milestone-icon&quot;[39m
                [33mrole[39m=[32m&quot;img&quot;[39m
                [33mstyle[39m=[32m&quot;background-color: rgb(245, 245, 245); color: rgb(158, 158, 158);&quot;[39m
              [36m&gt;[39m
                [0m🏆[0m
              [36m&lt;/div&gt;[39m
              [36m&lt;div[39m
                [33mclass[39m=[32m&quot;milestone-info&quot;[39m
              [36m&gt;[39m
                [36m&lt;span[39m
                  [33mclass[39m=[32m&quot;milestone-percentage&quot;[39m
                [36m&gt;[39m
                  [0m100[0m
                  [0m%[0m
                [36m&lt;/span&gt;[39m
                [36m&lt;span[39m
                  [33mclass[39m=[32m&quot;milestone-label&quot;[39m
                [36m&gt;[39m
                  [0mTamamlandı[0m
                [36m&lt;/span&gt;[39m
              [36m&lt;/div&gt;[39m
            [36m&lt;/div&gt;[39m
          [36m&lt;/div&gt;[39m
        [36m&lt;/div&gt;[39m
        [36m&lt;div[39m
          [33mclass[39m=[32m&quot;time-section&quot;[39m
        [36m&gt;[39m
          [36m&lt;h3[39m
            [33mclass[39m=[32m&quot;time-title&quot;[39m
          [36m&gt;[39m
            [0mZaman Takibi[0m
          [36m&lt;/h3&gt;[39m
          [36m&lt;div[39m
            [33mclass[39m=[32m&quot;time-grid&quot;[39m
          [36m&gt;[39m
            [36m&lt;div[39m
              [33mclass[39m=[32m&quot;time-item&quot;[39m
            [36m&gt;[39m
              [36m&lt;span[39m
                [33mclass[39m=[32m&quot;time-label&quot;[39m
              [36m&gt;[39m
                [0mTahmini Süre[0m
              [36m&lt;/span&gt;[39m
              [36m&lt;span[39m
                [33mclass[39m=[32m&quot;time-value&quot;[39m
              [36m&gt;[39m
                [0m2 saat 0 dakika[0m
              [36m&lt;/span&gt;[39m
            [36m&lt;/div&gt;[39m
            [36m&lt;div[39m
              [33mclass[39m=[32m&quot;time-item&quot;[39m
            [36m&gt;[39m
              [36m&lt;span[39m
                [33mclass[39m=[32m&quot;time-label&quot;[39m
              [36m&gt;[39m
                [0mGeçen Süre[0m
              [36m&lt;/span&gt;[39m
              [36m&lt;span[39m
                [33mclass[39m=[32m&quot;time-value&quot;[39m
              [36m&gt;[39m
                [0m1 saat 18 dakika[0m
              [36m&lt;/span&gt;[39m
            [36m&lt;/div&gt;[39m
            [36m&lt;div[39m
              [33mclass[39m=[32m&quot;time-item&quot;[39m
            [36m&gt;[39m
              [36m&lt;span[39m
                [33mclass[39m=[32m&quot;time-label&quot;[39m
              [36m&gt;[39m
                [0mKalan Süre[0m
              [36m&lt;/span&gt;[39m
              [36m&lt;span[39m
                [33mclass[39m=[32m&quot;time-value time-remaining&quot;[39m
              [36m&gt;[39m
                [0m42 dakika[0m
              [36m&lt;/span&gt;[39m
            [36m&lt;/div&gt;[39m
          [36m&lt;/div&gt;[39m
        [36m&lt;/div&gt;[39m
        [36m&lt;div[39m
          [33mclass[39m=[32m&quot;progress-actions&quot;[39m
        [36m&gt;[39m
          [36m&lt;button[39m
            [33maria-label[39m=[32m&quot;İlerlemeyi yenile&quot;[39m
            [33mclass[39m=[32m&quot;refresh-button&quot;[39m
          [36m&gt;[39m
            [0m🔄 Yenile[0m
          [36m&lt;/button&gt;[39m
        [36m&lt;/div&gt;[39m
      [36m&lt;/div&gt;[39m
    [36m&lt;/div&gt;[39m
  [36m&lt;/body&gt;[39m
[36m&lt;/html&gt;[39m" type="TestingLibraryElementError">
TestingLibraryElementError: Found multiple elements with the role &quot;status&quot;

Here are the matching elements:

Ignored nodes: comments, script, style
&lt;div
  aria-atomic=&quot;true&quot;
  aria-live=&quot;polite&quot;
  class=&quot;sr-only&quot;
  role=&quot;status&quot;
&gt;
  Görev ilerleme yüzdesi: 65%
&lt;/div&gt;

Ignored nodes: comments, script, style
&lt;div
  aria-label=&quot;Görev durumu: Devam Ediyor&quot;
  class=&quot;status-badge&quot;
  role=&quot;status&quot;
  style=&quot;background-color: rgb(33, 150, 243);&quot;
&gt;
  &lt;span
    aria-hidden=&quot;true&quot;
    class=&quot;status-icon&quot;
  &gt;
    ▶️
  &lt;/span&gt;
  Devam Ediyor
&lt;/div&gt;

(If this is intentional, then use the `*AllBy*` variant of the query (like `queryAllByText`, `getAllByText`, or `findAllByText`)).

Ignored nodes: comments, script, style
&lt;body&gt;
  &lt;div&gt;
    &lt;div
      class=&quot;task-progress-visualization&quot;
    &gt;
      &lt;div
        aria-atomic=&quot;true&quot;
        aria-live=&quot;polite&quot;
        class=&quot;sr-only&quot;
        role=&quot;status&quot;
      &gt;
        Görev ilerleme yüzdesi: 65%
      &lt;/div&gt;
      &lt;div
        class=&quot;progress-header&quot;
      &gt;
        &lt;h2
          class=&quot;task-title&quot;
        &gt;
          Matematik Ödevi
        &lt;/h2&gt;
        &lt;div
          aria-label=&quot;Görev durumu: Devam Ediyor&quot;
          class=&quot;status-badge&quot;
          role=&quot;status&quot;
          style=&quot;background-color: rgb(33, 150, 243);&quot;
        &gt;
          &lt;span
            aria-hidden=&quot;true&quot;
            class=&quot;status-icon&quot;
          &gt;
            ▶️
          &lt;/span&gt;
          Devam Ediyor
        &lt;/div&gt;
      &lt;/div&gt;
      &lt;div
        class=&quot;progress-section&quot;
      &gt;
        &lt;div
          class=&quot;progress-info&quot;
        &gt;
          &lt;span
            class=&quot;progress-label&quot;
          &gt;
            Genel İlerleme
          &lt;/span&gt;
          &lt;span
            class=&quot;progress-percentage&quot;
            style=&quot;color: rgb(33, 150, 243);&quot;
          &gt;
            65
            %
          &lt;/span&gt;
        &lt;/div&gt;
        &lt;div
          class=&quot;progress-bar-container&quot;
        &gt;
          &lt;div
            aria-label=&quot;Görev ilerleme yüzdesi: 65%&quot;
            aria-valuemax=&quot;100&quot;
            aria-valuemin=&quot;0&quot;
            aria-valuenow=&quot;65&quot;
            class=&quot;progress-bar-fill&quot;
            role=&quot;progressbar&quot;
            style=&quot;width: 65%; background-color: rgb(33, 150, 243);&quot;
          &gt;
            &lt;div
              class=&quot;progress-bar-shine&quot;
            /&gt;
          &lt;/div&gt;
        &lt;/div&gt;
      &lt;/div&gt;
      &lt;div
        class=&quot;subtasks-section&quot;
      &gt;
        &lt;div
          class=&quot;subtasks-info&quot;
        &gt;
          &lt;span
            aria-label=&quot;Tamamlandı işareti&quot;
            class=&quot;subtasks-icon&quot;
            role=&quot;img&quot;
          &gt;
            ✓
          &lt;/span&gt;
          &lt;span
            class=&quot;subtasks-text&quot;
          &gt;
            &lt;strong&gt;
              13
            &lt;/strong&gt;
             / 
            20
             alt görev tamamlandı
          &lt;/span&gt;
        &lt;/div&gt;
      &lt;/div&gt;
      &lt;div
        class=&quot;milestones-section&quot;
      &gt;
        &lt;h3
          class=&quot;milestones-title&quot;
        &gt;
          Kilometre Taşları
        &lt;/h3&gt;
        &lt;div
          class=&quot;milestones-container&quot;
          role=&quot;list&quot;
        &gt;
          &lt;div
            class=&quot;milestone reached&quot;
            role=&quot;listitem&quot;
            style=&quot;border-color: rgb(76, 175, 80);&quot;
          &gt;
            &lt;div
              aria-label=&quot;Başlangıç kilometre taşı tamamlandı&quot;
              class=&quot;milestone-icon&quot;
              role=&quot;img&quot;
              style=&quot;background-color: rgb(76, 175, 80); color: rgb(255, 255, 255);&quot;
            &gt;
              🚀
            &lt;/div&gt;
            &lt;div
              class=&quot;milestone-info&quot;
            &gt;
              &lt;span
                class=&quot;milestone-percentage&quot;
              &gt;
                25
                %
              &lt;/span&gt;
              &lt;span
                class=&quot;milestone-label&quot;
              &gt;
                Başlangıç
              &lt;/span&gt;
            &lt;/div&gt;
            &lt;div
              aria-label=&quot;Tamamlandı&quot;
              class=&quot;milestone-checkmark&quot;
              role=&quot;img&quot;
            &gt;
              ✓
            &lt;/div&gt;
          &lt;/div&gt;
          &lt;div
            class=&quot;milestone reached&quot;
            role=&quot;listitem&quot;
            style=&quot;border-color: rgb(33, 150, 243);&quot;
          &gt;
            &lt;div
              aria-label=&quot;Yarı Yol kilometre taşı tamamlandı&quot;
              class=&quot;milestone-icon&quot;
              role=&quot;img&quot;
              style=&quot;background-color: rgb(33, 150, 243); color: rgb(255, 255, 255);&quot;
            &gt;
              ⚡
            &lt;/div&gt;
            &lt;div
              class=&quot;milestone-info&quot;
            &gt;
              &lt;span
                class=&quot;milestone-percentage&quot;
              &gt;
                50
                %
              &lt;/span&gt;
              &lt;span
                class=&quot;milestone-label&quot;
              &gt;
                Yarı Yol
              &lt;/span&gt;
            &lt;/div&gt;
            &lt;div
              aria-label=&quot;Tamamlandı&quot;
              class=&quot;milestone-checkmark&quot;
              role=&quot;img&quot;
            &gt;
              ✓
            &lt;/div&gt;
          &lt;/div&gt;
          &lt;div
            class=&quot;milestone unreached&quot;
            role=&quot;listitem&quot;
            style=&quot;border-color: rgb(224, 224, 224);&quot;
          &gt;
            &lt;div
              aria-label=&quot;Son Aşama kilometre taşı henüz ulaşılmadı&quot;
              class=&quot;milestone-icon&quot;
              role=&quot;img&quot;
              style=&quot;background-color: rgb(245, 245, 245); color: rgb(158, 158, 158);&quot;
            &gt;
              🎯
            &lt;/div&gt;
            &lt;div
              class=&quot;milestone-info&quot;
            &gt;
              &lt;span
                class=&quot;milestone-percentage&quot;
              &gt;
                75
                %
              &lt;/span&gt;
              &lt;span
                class=&quot;milestone-label&quot;
              &gt;
                Son Aşama
              &lt;/span&gt;
            &lt;/div&gt;
          &lt;/div&gt;
          &lt;div
            class=&quot;milestone unreached&quot;
            role=&quot;listitem&quot;
            style=&quot;border-color: rgb(224, 224, 224);&quot;
          &gt;
            &lt;div
              aria-label=&quot;Tamamlandı kilometre taşı henüz ulaşılmadı&quot;
              class=&quot;milestone-icon&quot;
              role=&quot;img&quot;
              style=&quot;background-color: rgb(245, 245, 245); color: rgb(158, 158, 158);&quot;
            &gt;
              🏆
            &lt;/div&gt;
            &lt;div
              class=&quot;milestone-info&quot;
            &gt;
              &lt;span
                class=&quot;milestone-percentage&quot;
              &gt;
                100
                %
              &lt;/span&gt;
              &lt;span
                class=&quot;milestone-label&quot;
              &gt;
                Tamamlandı
              &lt;/span&gt;
            &lt;/div&gt;
          &lt;/div&gt;
        &lt;/div&gt;
      &lt;/div&gt;
      &lt;div
        class=&quot;time-section&quot;
      &gt;
        &lt;h3
          class=&quot;time-title&quot;
        &gt;
          Zaman Takibi
        &lt;/h3&gt;
        &lt;div
          class=&quot;time-grid&quot;
        &gt;
          &lt;div
            class=&quot;time-item&quot;
          &gt;
            &lt;span
              class=&quot;time-label&quot;
            &gt;
              Tahmini Süre
            &lt;/span&gt;
            &lt;span
              class=&quot;time-value&quot;
            &gt;
              2 saat 0 dakika
            &lt;/span&gt;
          &lt;/div&gt;
          &lt;div
            class=&quot;time-item&quot;
          &gt;
            &lt;span
              class=&quot;time-label&quot;
            &gt;
              Geçen Süre
            &lt;/span&gt;
            &lt;span
              class=&quot;time-value&quot;
            &gt;
              1 saat 18 dakika
            &lt;/span&gt;
          &lt;/div&gt;
          &lt;div
            class=&quot;time-item&quot;
          &gt;
            &lt;span
              class=&quot;time-label&quot;
            &gt;
              Kalan Süre
            &lt;/span&gt;
            &lt;span
              class=&quot;time-value time-remaining&quot;
            &gt;
              42 dakika
            &lt;/span&gt;
          &lt;/div&gt;
        &lt;/div&gt;
      &lt;/div&gt;
      &lt;div
        class=&quot;progress-actions&quot;
      &gt;
        &lt;button
          aria-label=&quot;İlerlemeyi yenile&quot;
          class=&quot;refresh-button&quot;
        &gt;
          🔄 Yenile
        &lt;/button&gt;
      &lt;/div&gt;
    &lt;/div&gt;
  &lt;/div&gt;
&lt;/body&gt;

Ignored nodes: comments, script, style
&lt;html&gt;
  &lt;head /&gt;
  &lt;body&gt;
    &lt;div&gt;
      &lt;div
        class=&quot;task-progress-visualization&quot;
      &gt;
        &lt;div
          aria-atomic=&quot;true&quot;
          aria-live=&quot;polite&quot;
          class=&quot;sr-only&quot;
          role=&quot;status&quot;
        &gt;
          Görev ilerleme yüzdesi: 65%
        &lt;/div&gt;
        &lt;div
          class=&quot;progress-header&quot;
        &gt;
          &lt;h2
            class=&quot;task-title&quot;
          &gt;
            Matematik Ödevi
          &lt;/h2&gt;
          &lt;div
            aria-label=&quot;Görev durumu: Devam Ediyor&quot;
            class=&quot;status-badge&quot;
            role=&quot;status&quot;
            style=&quot;background-color: rgb(33, 150, 243);&quot;
          &gt;
            &lt;span
              aria-hidden=&quot;true&quot;
              class=&quot;status-icon&quot;
            &gt;
              ▶️
            &lt;/span&gt;
            Devam Ediyor
          &lt;/div&gt;
        &lt;/div&gt;
        &lt;div
          class=&quot;progress-section&quot;
        &gt;
          &lt;div
            class=&quot;progress-info&quot;
          &gt;
            &lt;span
              class=&quot;progress-label&quot;
            &gt;
              Genel İlerleme
            &lt;/span&gt;
            &lt;span
              class=&quot;progress-percentage&quot;
              style=&quot;color: rgb(33, 150, 243);&quot;
            &gt;
              65
              %
            &lt;/span&gt;
          &lt;/div&gt;
          &lt;div
            class=&quot;progress-bar-container&quot;
          &gt;
            &lt;div
              aria-label=&quot;Görev ilerleme yüzdesi: 65%&quot;
              aria-valuemax=&quot;100&quot;
              aria-valuemin=&quot;0&quot;
              aria-valuenow=&quot;65&quot;
              class=&quot;progress-bar-fill&quot;
              role=&quot;progressbar&quot;
              style=&quot;width: 65%; background-color: rgb(33, 150, 243);&quot;
            &gt;
              &lt;div
                class=&quot;progress-bar-shine&quot;
              /&gt;
            &lt;/div&gt;
          &lt;/div&gt;
        &lt;/div&gt;
        &lt;div
          class=&quot;subtasks-section&quot;
        &gt;
          &lt;div
            class=&quot;subtasks-info&quot;
          &gt;
            &lt;span
              aria-label=&quot;Tamamlandı işareti&quot;
              class=&quot;subtasks-icon&quot;
              role=&quot;img&quot;
            &gt;
              ✓
            &lt;/span&gt;
            &lt;span
              class=&quot;subtasks-text&quot;
            &gt;
              &lt;strong&gt;
                13
              &lt;/strong&gt;
               / 
              20
               alt görev tamamlandı
            &lt;/span&gt;
          &lt;/div&gt;
        &lt;/div&gt;
        &lt;div
          class=&quot;milestones-section&quot;
        &gt;
          &lt;h3
            class=&quot;milestones-title&quot;
          &gt;
            Kilometre Taşları
          &lt;/h3&gt;
          &lt;div
            class=&quot;milestones-container&quot;
            role=&quot;list&quot;
          &gt;
            &lt;div
              class=&quot;milestone reached&quot;
              role=&quot;listitem&quot;
              style=&quot;border-color: rgb(76, 175, 80);&quot;
            &gt;
              &lt;div
                aria-label=&quot;Başlangıç kilometre taşı tamamlandı&quot;
                class=&quot;milestone-icon&quot;
                role=&quot;img&quot;
                style=&quot;background-color: rgb(76, 175, 80); color: rgb(255, 255, 255);&quot;
              &gt;
                🚀
              &lt;/div&gt;
              &lt;div
                class=&quot;milestone-info&quot;
              &gt;
                &lt;span
                  class=&quot;milestone-percentage&quot;
                &gt;
                  25
                  %
                &lt;/span&gt;
                &lt;span
                  class=&quot;milestone-label&quot;
                &gt;
                  Başlangıç
                &lt;/span&gt;
              &lt;/div&gt;
              &lt;div
                aria-label=&quot;Tamamlandı&quot;
                class=&quot;milestone-checkmark&quot;
                role=&quot;img&quot;
              &gt;
                ✓
              &lt;/div&gt;
            &lt;/div&gt;
            &lt;div
              class=&quot;milestone reached&quot;
              role=&quot;listitem&quot;
              style=&quot;border-color: rgb(33, 150, 243);&quot;
            &gt;
              &lt;div
                aria-label=&quot;Yarı Yol kilometre taşı tamamlandı&quot;
                class=&quot;milestone-icon&quot;
                role=&quot;img&quot;
                style=&quot;background-color: rgb(33, 150, 243); color: rgb(255, 255, 255);&quot;
              &gt;
                ⚡
              &lt;/div&gt;
              &lt;div
                class=&quot;milestone-info&quot;
              &gt;
                &lt;span
                  class=&quot;milestone-percentage&quot;
                &gt;
                  50
                  %
                &lt;/span&gt;
                &lt;span
                  class=&quot;milestone-label&quot;
                &gt;
                  Yarı Yol
                &lt;/span&gt;
              &lt;/div&gt;
              &lt;div
                aria-label=&quot;Tamamlandı&quot;
                class=&quot;milestone-checkmark&quot;
                role=&quot;img&quot;
              &gt;
                ✓
              &lt;/div&gt;
            &lt;/div&gt;
            &lt;div
              class=&quot;milestone unreached&quot;
              role=&quot;listitem&quot;
              style=&quot;border-color: rgb(224, 224, 224);&quot;
            &gt;
              &lt;div
                aria-label=&quot;Son Aşama kilometre taşı henüz ulaşılmadı&quot;
                class=&quot;milestone-icon&quot;
                role=&quot;img&quot;
                style=&quot;background-color: rgb(245, 245, 245); color: rgb(158, 158, 158);&quot;
              &gt;
                🎯
              &lt;/div&gt;
              &lt;div
                class=&quot;milestone-info&quot;
              &gt;
                &lt;span
                  class=&quot;milestone-percentage&quot;
                &gt;
                  75
                  %
                &lt;/span&gt;
                &lt;span
                  class=&quot;milestone-label&quot;
                &gt;
                  Son Aşama
                &lt;/span&gt;
              &lt;/div&gt;
            &lt;/div&gt;
            &lt;div
              class=&quot;milestone unreached&quot;
              role=&quot;listitem&quot;
              style=&quot;border-color: rgb(224, 224, 224);&quot;
            &gt;
              &lt;div
                aria-label=&quot;Tamamlandı kilometre taşı henüz ulaşılmadı&quot;
                class=&quot;milestone-icon&quot;
                role=&quot;img&quot;
                style=&quot;background-color: rgb(245, 245, 245); color: rgb(158, 158, 158);&quot;
              &gt;
                🏆
              &lt;/div&gt;
              &lt;div
                class=&quot;milestone-info&quot;
              &gt;
                &lt;span
                  class=&quot;milestone-percentage&quot;
                &gt;
                  100
                  %
                &lt;/span&gt;
                &lt;span
                  class=&quot;milestone-label&quot;
                &gt;
                  Tamamlandı
                &lt;/span&gt;
              &lt;/div&gt;
            &lt;/div&gt;
          &lt;/div&gt;
        &lt;/div&gt;
        &lt;div
          class=&quot;time-section&quot;
        &gt;
          &lt;h3
            class=&quot;time-title&quot;
          &gt;
            Zaman Takibi
          &lt;/h3&gt;
          &lt;div
            class=&quot;time-grid&quot;
          &gt;
            &lt;div
              class=&quot;time-item&quot;
            &gt;
              &lt;span
                class=&quot;time-label&quot;
              &gt;
                Tahmini Süre
              &lt;/span&gt;
              &lt;span
                class=&quot;time-value&quot;
              &gt;
                2 saat 0 dakika
              &lt;/span&gt;
            &lt;/div&gt;
            &lt;div
              class=&quot;time-item&quot;
            &gt;
              &lt;span
                class=&quot;time-label&quot;
              &gt;
                Geçen Süre
              &lt;/span&gt;
              &lt;span
                class=&quot;time-value&quot;
              &gt;
                1 saat 18 dakika
              &lt;/span&gt;
            &lt;/div&gt;
            &lt;div
              class=&quot;time-item&quot;
            &gt;
              &lt;span
                class=&quot;time-label&quot;
              &gt;
                Kalan Süre
              &lt;/span&gt;
              &lt;span
                class=&quot;time-value time-remaining&quot;
              &gt;
                42 dakika
              &lt;/span&gt;
            &lt;/div&gt;
          &lt;/div&gt;
        &lt;/div&gt;
        &lt;div
          class=&quot;progress-actions&quot;
        &gt;
          &lt;button
            aria-label=&quot;İlerlemeyi yenile&quot;
            class=&quot;refresh-button&quot;
          &gt;
            🔄 Yenile
          &lt;/button&gt;
        &lt;/div&gt;
      &lt;/div&gt;
    &lt;/div&gt;
  &lt;/body&gt;
&lt;/html&gt;
 ❯ waitForWrapper node_modules/@testing-library/react/node_modules/@testing-library/dom/dist/wait-for.js:163:27
 ❯ src/components/Accessibility/ADHD/__tests__/TaskProgressVisualization.accessibility.test.tsx:309:13
            </failure>
        </testcase>
        <testcase classname="src/components/Accessibility/ADHD/__tests__/TaskProgressVisualization.accessibility.test.tsx" name="TaskProgressVisualization - WCAG 2.1 AA Compliance &gt; Live Regions &gt; should announce errors with role=&quot;alert&quot;" time="0.0684768">
        </testcase>
        <testcase classname="src/components/Accessibility/ADHD/__tests__/TaskProgressVisualization.accessibility.test.tsx" name="TaskProgressVisualization - WCAG 2.1 AA Compliance &gt; Reduced Motion &gt; should respect prefers-reduced-motion" time="0.1560484">
        </testcase>
        <testcase classname="src/components/Accessibility/ADHD/__tests__/TaskProgressVisualization.accessibility.test.tsx" name="TaskProgressVisualization - WCAG 2.1 AA Compliance &gt; Turkish Language &gt; should use Turkish terminology throughout" time="0.1086721">
        </testcase>
        <testcase classname="src/components/Accessibility/ADHD/__tests__/TaskProgressVisualization.accessibility.test.tsx" name="TaskProgressVisualization - WCAG 2.1 AA Compliance &gt; Turkish Language &gt; should format time in Turkish" time="0.127048">
        </testcase>
        <testcase classname="src/components/Accessibility/ADHD/__tests__/TaskProgressVisualization.accessibility.test.tsx" name="TaskProgressVisualization - WCAG 2.1 AA Compliance &gt; Comprehensive Accessibility Audit &gt; should pass axe-core WCAG 2.1 AA validation" time="1.1540286">
        </testcase>
        <testcase classname="src/components/Accessibility/ADHD/__tests__/TaskProgressVisualization.accessibility.test.tsx" name="TaskProgressVisualization - WCAG 2.1 AA Compliance &gt; Comprehensive Accessibility Audit &gt; should pass axe-core in loading state" time="0.1242593">
        </testcase>
        <testcase classname="src/components/Accessibility/ADHD/__tests__/TaskProgressVisualization.accessibility.test.tsx" name="TaskProgressVisualization - WCAG 2.1 AA Compliance &gt; Comprehensive Accessibility Audit &gt; should pass axe-core in error state" time="0.1627597">
        </testcase>
        <testcase classname="src/components/Accessibility/ADHD/__tests__/TaskProgressVisualization.accessibility.test.tsx" name="TaskProgressVisualization - WCAG 2.1 AA Compliance &gt; Performance &gt; should complete accessibility validation in &lt; 10 seconds" time="1.112814">
        </testcase>
    </testsuite>
    <testsuite name="src/components/Accessibility/ADHD/__tests__/TaskProgressVisualization.test.tsx" timestamp="2025-11-14T16:56:53.221Z" hostname="ates" tests="23" failures="1" errors="0" skipped="0" time="2.5292989">
        <testcase classname="src/components/Accessibility/ADHD/__tests__/TaskProgressVisualization.test.tsx" name="TaskProgressVisualization &gt; REQ-52.46: Progress Bar Gösterimi &gt; should display progress bar with correct percentage" time="0.4136942">
        </testcase>
        <testcase classname="src/components/Accessibility/ADHD/__tests__/TaskProgressVisualization.test.tsx" name="TaskProgressVisualization &gt; REQ-52.46: Progress Bar Gösterimi &gt; should display progress bar with correct color" time="0.1502677">
        </testcase>
        <testcase classname="src/components/Accessibility/ADHD/__tests__/TaskProgressVisualization.test.tsx" name="TaskProgressVisualization &gt; REQ-52.46: Progress Bar Gösterimi &gt; should have ARIA label for accessibility" time="0.1143922">
        </testcase>
        <testcase classname="src/components/Accessibility/ADHD/__tests__/TaskProgressVisualization.test.tsx" name="TaskProgressVisualization &gt; REQ-52.47: Tamamlanma Yüzdesi &gt; should display completion percentage" time="0.0444826">
        </testcase>
        <testcase classname="src/components/Accessibility/ADHD/__tests__/TaskProgressVisualization.test.tsx" name="TaskProgressVisualization &gt; REQ-52.47: Tamamlanma Yüzdesi &gt; should display completed subtasks count" time="0.0603676">
        </testcase>
        <testcase classname="src/components/Accessibility/ADHD/__tests__/TaskProgressVisualization.test.tsx" name="TaskProgressVisualization &gt; REQ-52.47: Tamamlanma Yüzdesi &gt; should calculate percentage correctly" time="0.0299853">
        </testcase>
        <testcase classname="src/components/Accessibility/ADHD/__tests__/TaskProgressVisualization.test.tsx" name="TaskProgressVisualization &gt; REQ-52.48: Görsel Milestone Göstergeleri &gt; should display all milestones" time="0.0717842">
        </testcase>
        <testcase classname="src/components/Accessibility/ADHD/__tests__/TaskProgressVisualization.test.tsx" name="TaskProgressVisualization &gt; REQ-52.48: Görsel Milestone Göstergeleri &gt; should show checkmark for reached milestones" time="0.0367965">
        </testcase>
        <testcase classname="src/components/Accessibility/ADHD/__tests__/TaskProgressVisualization.test.tsx" name="TaskProgressVisualization &gt; REQ-52.48: Görsel Milestone Göstergeleri &gt; should display milestone icons" time="0.0710487">
        </testcase>
        <testcase classname="src/components/Accessibility/ADHD/__tests__/TaskProgressVisualization.test.tsx" name="TaskProgressVisualization &gt; REQ-52.48: Görsel Milestone Göstergeleri &gt; should display milestone percentages" time="0.0712622">
        </testcase>
        <testcase classname="src/components/Accessibility/ADHD/__tests__/TaskProgressVisualization.test.tsx" name="TaskProgressVisualization &gt; Loading and Error States &gt; should show loading state initially" time="0.0048512">
        </testcase>
        <testcase classname="src/components/Accessibility/ADHD/__tests__/TaskProgressVisualization.test.tsx" name="TaskProgressVisualization &gt; Loading and Error States &gt; should show error state on fetch failure" time="0.0234503">
        </testcase>
        <testcase classname="src/components/Accessibility/ADHD/__tests__/TaskProgressVisualization.test.tsx" name="TaskProgressVisualization &gt; Loading and Error States &gt; should show retry button on error" time="0.0155369">
        </testcase>
        <testcase classname="src/components/Accessibility/ADHD/__tests__/TaskProgressVisualization.test.tsx" name="TaskProgressVisualization &gt; Loading and Error States &gt; should retry fetch on retry button click" time="0.0748285">
        </testcase>
        <testcase classname="src/components/Accessibility/ADHD/__tests__/TaskProgressVisualization.test.tsx" name="TaskProgressVisualization &gt; Time Tracking &gt; should display estimated time" time="0.027684">
        </testcase>
        <testcase classname="src/components/Accessibility/ADHD/__tests__/TaskProgressVisualization.test.tsx" name="TaskProgressVisualization &gt; Time Tracking &gt; should display actual time" time="0.0397724">
        </testcase>
        <testcase classname="src/components/Accessibility/ADHD/__tests__/TaskProgressVisualization.test.tsx" name="TaskProgressVisualization &gt; Time Tracking &gt; should display remaining time" time="0.0380183">
        </testcase>
        <testcase classname="src/components/Accessibility/ADHD/__tests__/TaskProgressVisualization.test.tsx" name="TaskProgressVisualization &gt; User Interactions &gt; should call onRefresh callback when custom action button is clicked" time="0.0474244">
        </testcase>
        <testcase classname="src/components/Accessibility/ADHD/__tests__/TaskProgressVisualization.test.tsx" name="TaskProgressVisualization &gt; User Interactions &gt; should refresh data when refresh button is clicked" time="0.0581688">
        </testcase>
        <testcase classname="src/components/Accessibility/ADHD/__tests__/TaskProgressVisualization.test.tsx" name="TaskProgressVisualization &gt; Status Display &gt; should display correct status badge for in_progress" time="0.0322417">
        </testcase>
        <testcase classname="src/components/Accessibility/ADHD/__tests__/TaskProgressVisualization.test.tsx" name="TaskProgressVisualization &gt; Status Display &gt; should display correct status badge for completed" time="1.0394549">
            <failure message="Found multiple elements with the text: Tamamlandı

Here are the matching elements:

Ignored nodes: comments, script, style
[36m&lt;div[39m
  [33maria-label[39m=[32m&quot;Görev durumu: Tamamlandı&quot;[39m
  [33mclass[39m=[32m&quot;status-badge&quot;[39m
  [33mrole[39m=[32m&quot;status&quot;[39m
  [33mstyle[39m=[32m&quot;background-color: rgb(76, 175, 80);&quot;[39m
[36m&gt;[39m
  [36m&lt;span[39m
    [33maria-hidden[39m=[32m&quot;true&quot;[39m
    [33mclass[39m=[32m&quot;status-icon&quot;[39m
  [36m&gt;[39m
    [0m✅[0m
  [36m&lt;/span&gt;[39m
  [0mTamamlandı[0m
[36m&lt;/div&gt;[39m

Ignored nodes: comments, script, style
[36m&lt;span[39m
  [33mclass[39m=[32m&quot;milestone-label&quot;[39m
[36m&gt;[39m
  [0mTamamlandı[0m
[36m&lt;/span&gt;[39m

(If this is intentional, then use the `*AllBy*` variant of the query (like `queryAllByText`, `getAllByText`, or `findAllByText`)).

Ignored nodes: comments, script, style
[36m&lt;body&gt;[39m
  [36m&lt;div&gt;[39m
    [36m&lt;div[39m
      [33mclass[39m=[32m&quot;task-progress-visualization&quot;[39m
    [36m&gt;[39m
      [36m&lt;div[39m
        [33maria-atomic[39m=[32m&quot;true&quot;[39m
        [33maria-live[39m=[32m&quot;polite&quot;[39m
        [33mclass[39m=[32m&quot;sr-only&quot;[39m
        [33mrole[39m=[32m&quot;status&quot;[39m
      [36m&gt;[39m
        [0mGörev ilerleme yüzdesi: 100%[0m
      [36m&lt;/div&gt;[39m
      [36m&lt;div[39m
        [33mclass[39m=[32m&quot;progress-header&quot;[39m
      [36m&gt;[39m
        [36m&lt;h2[39m
          [33mclass[39m=[32m&quot;task-title&quot;[39m
        [36m&gt;[39m
          [0mMatematik Sınavına Hazırlan[0m
        [36m&lt;/h2&gt;[39m
        [36m&lt;div[39m
          [33maria-label[39m=[32m&quot;Görev durumu: Tamamlandı&quot;[39m
          [33mclass[39m=[32m&quot;status-badge&quot;[39m
          [33mrole[39m=[32m&quot;status&quot;[39m
          [33mstyle[39m=[32m&quot;background-color: rgb(76, 175, 80);&quot;[39m
        [36m&gt;[39m
          [36m&lt;span[39m
            [33maria-hidden[39m=[32m&quot;true&quot;[39m
            [33mclass[39m=[32m&quot;status-icon&quot;[39m
          [36m&gt;[39m
            [0m✅[0m
          [36m&lt;/span&gt;[39m
          [0mTamamlandı[0m
        [36m&lt;/div&gt;[39m
      [36m&lt;/div&gt;[39m
      [36m&lt;div[39m
        [33mclass[39m=[32m&quot;progress-section&quot;[39m
      [36m&gt;[39m
        [36m&lt;div[39m
          [33mclass[39m=[32m&quot;progress-info&quot;[39m
        [36m&gt;[39m
          [36m&lt;span[39m
            [33mclass[39m=[32m&quot;progress-label&quot;[39m
          [36m&gt;[39m
            [0mGenel İlerleme[0m
          [36m&lt;/span&gt;[39m
          [36m&lt;span[39m
            [33mclass[39m=[32m&quot;progress-percentage&quot;[39m
            [33mstyle[39m=[32m&quot;color: rgb(255, 152, 0);&quot;[39m
          [36m&gt;[39m
            [0m100[0m
            [0m%[0m
          [36m&lt;/span&gt;[39m
        [36m&lt;/div&gt;[39m
        [36m&lt;div[39m
          [33mclass[39m=[32m&quot;progress-bar-container&quot;[39m
        [36m&gt;[39m
          [36m&lt;div[39m
            [33maria-label[39m=[32m&quot;Görev ilerleme yüzdesi: 100%&quot;[39m
            [33maria-valuemax[39m=[32m&quot;100&quot;[39m
            [33maria-valuemin[39m=[32m&quot;0&quot;[39m
            [33maria-valuenow[39m=[32m&quot;100&quot;[39m
            [33mclass[39m=[32m&quot;progress-bar-fill&quot;[39m
            [33mrole[39m=[32m&quot;progressbar&quot;[39m
            [33mstyle[39m=[32m&quot;width: 100%; background-color: rgb(255, 152, 0);&quot;[39m
          [36m&gt;[39m
            [36m&lt;div[39m
              [33mclass[39m=[32m&quot;progress-bar-shine&quot;[39m
            [36m/&gt;[39m
          [36m&lt;/div&gt;[39m
        [36m&lt;/div&gt;[39m
      [36m&lt;/div&gt;[39m
      [36m&lt;div[39m
        [33mclass[39m=[32m&quot;subtasks-section&quot;[39m
      [36m&gt;[39m
        [36m&lt;div[39m
          [33mclass[39m=[32m&quot;subtasks-info&quot;[39m
        [36m&gt;[39m
          [36m&lt;span[39m
            [33maria-label[39m=[32m&quot;Tamamlandı işareti&quot;[39m
            [33mclass[39m=[32m&quot;subtasks-icon&quot;[39m
            [33mrole[39m=[32m&quot;img&quot;[39m
          [36m&gt;[39m
            [0m✓[0m
          [36m&lt;/span&gt;[39m
          [36m&lt;span[39m
            [33mclass[39m=[32m&quot;subtasks-text&quot;[39m
          [36m&gt;[39m
            [36m&lt;strong&gt;[39m
              [0m3[0m
            [36m&lt;/strong&gt;[39m
            [0m / [0m
            [0m5[0m
            [0m alt görev tamamlandı[0m
          [36m&lt;/span&gt;[39m
        [36m&lt;/div&gt;[39m
      [36m&lt;/div&gt;[39m
      [36m&lt;div[39m
        [33mclass[39m=[32m&quot;milestones-section&quot;[39m
      [36m&gt;[39m
        [36m&lt;h3[39m
          [33mclass[39m=[32m&quot;milestones-title&quot;[39m
        [36m&gt;[39m
          [0mKilometre Taşları[0m
        [36m&lt;/h3&gt;[39m
        [36m&lt;div[39m
          [33mclass[39m=[32m&quot;milestones-container&quot;[39m
          [33mrole[39m=[32m&quot;list&quot;[39m
        [36m&gt;[39m
          [36m&lt;div[39m
            [33mclass[39m=[32m&quot;milestone reached&quot;[39m
            [33mrole[39m=[32m&quot;listitem&quot;[39m
            [33mstyle[39m=[32m&quot;border-color: rgb(76, 175, 80);&quot;[39m
          [36m&gt;[39m
            [36m&lt;div[39m
              [33maria-label[39m=[32m&quot;Başlangıç kilometre taşı tamamlandı&quot;[39m
              [33mclass[39m=[32m&quot;milestone-icon&quot;[39m
              [33mrole[39m=[32m&quot;img&quot;[39m
              [33mstyle[39m=[32m&quot;background-color: rgb(76, 175, 80); color: rgb(255, 255, 255);&quot;[39m
            [36m&gt;[39m
              [0m🚀[0m
            [36m&lt;/div&gt;[39m
            [36m&lt;div[39m
              [33mclass[39m=[32m&quot;milestone-info&quot;[39m
            [36m&gt;[39m
              [36m&lt;span[39m
                [33mclass[39m=[32m&quot;milestone-percentage&quot;[39m
              [36m&gt;[39m
                [0m25[0m
                [0m%[0m
              [36m&lt;/span&gt;[39m
              [36m&lt;span[39m
                [33mclass[39m=[32m&quot;milestone-label&quot;[39m
              [36m&gt;[39m
                [0mBaşlangıç[0m
              [36m&lt;/span&gt;[39m
            [36m&lt;/div&gt;[39m
            [36m&lt;div[39m
              [33maria-label[39m=[32m&quot;Tamamlandı&quot;[39m
              [33mclass[39m=[32m&quot;milestone-checkmark&quot;[39m
              [33mrole[39m=[32m&quot;img&quot;[39m
            [36m&gt;[39m
              [0m✓[0m
            [36m&lt;/div&gt;[39m
          [36m&lt;/div&gt;[39m
          [36m&lt;div[39m
            [33mclass[39m=[32m&quot;milestone reached&quot;[39m
            [33mrole[39m=[32m&quot;listitem&quot;[39m
            [33mstyle[39m=[32m&quot;border-color: rgb(33, 150, 243);&quot;[39m
          [36m&gt;[39m
            [36m&lt;div[39m
              [33maria-label[39m=[32m&quot;Yarı Yol kilometre taşı tamamlandı&quot;[39m
              [33mclass[39m=[32m&quot;milestone-icon&quot;[39m
              [33mrole[39m=[32m&quot;img&quot;[39m
              [33mstyle[39m=[32m&quot;background-color: rgb(33, 150, 243); color: rgb(255, 255, 255);&quot;[39m
            [36m&gt;[39m
              [0m⚡[0m
            [36m&lt;/div&gt;[39m
            [36m&lt;div[39m
              [33mclass[39m=[32m&quot;milestone-info&quot;[39m
            [36m&gt;[39m
              [36m&lt;span[39m
                [33mclass[39m=[32m&quot;milestone-percentage&quot;[39m
              [36m&gt;[39m
                [0m50[0m
                [0m%[0m
              [36m&lt;/span&gt;[39m
              [36m&lt;span[39m
                [33mclass[39m=[32m&quot;milestone-label&quot;[39m
              [36m&gt;[39m
                [0mYarı Yol[0m
              [36m&lt;/span&gt;[39m
            [36m&lt;/div&gt;[39m
            [36m&lt;div[39m
              [33maria-label[39m=[32m&quot;Tamamlandı&quot;[39m
              [33mclass[39m=[32m&quot;milestone-checkmark&quot;[39m
              [33mrole[39m=[32m&quot;img&quot;[39m
            [36m&gt;[39m
              [0m✓[0m
            [36m&lt;/div&gt;[39m
          [36m&lt;/div&gt;[39m
          [36m&lt;div[39m
            [33mclass[39m=[32m&quot;milestone unreached&quot;[39m
            [33mrole[39m=[32m&quot;listitem&quot;[39m
            [33mstyle[39m=[32m&quot;border-color: rgb(224, 224, 224);&quot;[39m
          [36m&gt;[39m
            [36m&lt;div[39m
              [33maria-label[39m=[32m&quot;Son Çeyrek kilometre taşı henüz ulaşılmadı&quot;[39m
              [33mclass[39m=[32m&quot;milestone-icon&quot;[39m
              [33mrole[39m=[32m&quot;img&quot;[39m
              [33mstyle[39m=[32m&quot;background-color: rgb(245, 245, 245); color: rgb(158, 158, 158);&quot;[39m
            [36m&gt;[39m
              [0m🎯[0m
            [36m&lt;/div&gt;[39m
            [36m&lt;div[39m
              [33mclass[39m=[32m&quot;milestone-info&quot;[39m
            [36m&gt;[39m
              [36m&lt;span[39m
                [33mclass[39m=[32m&quot;milestone-percentage&quot;[39m
              [36m&gt;[39m
                [0m75[0m
                [0m%[0m
              [36m&lt;/span&gt;[39m
              [36m&lt;span[39m
                [33mclass[39m=[32m&quot;milestone-label&quot;[39m
              [36m&gt;[39m
                [0mSon Çeyrek[0m
              [36m&lt;/span&gt;[39m
            [36m&lt;/div&gt;[39m
          [36m&lt;/div&gt;[39m
          [36m&lt;div[39m
            [33mclass[39m=[32m&quot;milestone unreached&quot;[39m
            [33mrole[39m=[32m&quot;listitem&quot;[39m
            [33mstyle[39m=[32m&quot;border-color: rgb(224, 224, 224);&quot;[39m
          [36m&gt;[39m
            [36m&lt;div[39m
              [33maria-label[39m=[32m&quot;Tamamlandı kilometre taşı henüz ulaşılmadı&quot;[39m
              [33mclass[39m=[32m&quot;milestone-icon&quot;[39m
              [33mrole[39m=[32m&quot;img&quot;[39m
              [33mstyle[39m=[32m&quot;background-color: rgb(245, 245, 245); color: rgb(158, 158, 158);&quot;[39m
            [36m&gt;[39m
              [0m🎉[0m
            [36m&lt;/div&gt;[39m
            [36m&lt;div[39m
              [33mclass[39m=[32m&quot;milestone-info&quot;[39m
            [36m&gt;[39m
              [36m&lt;span[39m
                [33mclass[39m=[32m&quot;milestone-percentage&quot;[39m
              [36m&gt;[39m
                [0m100[0m
                [0m%[0m
              [36m&lt;/span&gt;[39m
              [36m&lt;span[39m
                [33mclass[39m=[32m&quot;milestone-label&quot;[39m
              [36m&gt;[39m
                [0mTamamlandı[0m
              [36m&lt;/span&gt;[39m
            [36m&lt;/div&gt;[39m
          [36m&lt;/div&gt;[39m
        [36m&lt;/div&gt;[39m
      [36m&lt;/div&gt;[39m
      [36m&lt;div[39m
        [33mclass[39m=[32m&quot;time-section&quot;[39m
      [36m&gt;[39m
        [36m&lt;h3[39m
          [33mclass[39m=[32m&quot;time-title&quot;[39m
        [36m&gt;[39m
          [0mZaman Takibi[0m
        [36m&lt;/h3&gt;[39m
        [36m&lt;div[39m
          [33mclass[39m=[32m&quot;time-grid&quot;[39m
        [36m&gt;[39m
          [36m&lt;div[39m
            [33mclass[39m=[32m&quot;time-item&quot;[39m
          [36m&gt;[39m
            [36m&lt;span[39m
              [33mclass[39m=[32m&quot;time-label&quot;[39m
            [36m&gt;[39m
              [0mTahmini Süre[0m
            [36m&lt;/span&gt;[39m
            [36m&lt;span[39m
              [33mclass[39m=[32m&quot;time-value&quot;[39m
            [36m&gt;[39m
              [0m2 saat 0 dakika[0m
            [36m&lt;/span&gt;[39m
          [36m&lt;/div&gt;[39m
          [36m&lt;div[39m
            [33mclass[39m=[32m&quot;time-item&quot;[39m
          [36m&gt;[39m
            [36m&lt;span[39m
              [33mclass[39m=[32m&quot;time-label&quot;[39m
            [36m&gt;[39m
              [0mGeçen Süre[0m
            [36m&lt;/span&gt;[39m
            [36m&lt;span[39m
              [33mclass[39m=[32m&quot;time-value&quot;[39m
            [36m&gt;[39m
              [0m1 saat 15 dakika[0m
            [36m&lt;/span&gt;[39m
          [36m&lt;/div&gt;[39m
          [36m&lt;div[39m
            [33mclass[39m=[32m&quot;time-item&quot;[39m
          [36m&gt;[39m
            [36m&lt;span[39m
              [33mclass[39m=[32m&quot;time-label&quot;[39m
            [36m&gt;[39m
              [0mKalan Süre[0m
            [36m&lt;/span&gt;[39m
            [36m&lt;span[39m
              [33mclass[39m=[32m&quot;time-value time-remaining&quot;[39m
            [36m&gt;[39m
              [0m45 dakika[0m
            [36m&lt;/span&gt;[39m
          [36m&lt;/div&gt;[39m
        [36m&lt;/div&gt;[39m
      [36m&lt;/div&gt;[39m
      [36m&lt;div[39m
        [33mclass[39m=[32m&quot;progress-actions&quot;[39m
      [36m&gt;[39m
        [36m&lt;button[39m
          [33maria-label[39m=[32m&quot;İlerlemeyi yenile&quot;[39m
          [33mclass[39m=[32m&quot;refresh-button&quot;[39m
        [36m&gt;[39m
          [0m🔄 Yenile[0m
        [36m&lt;/button&gt;[39m
      [36m&lt;/div&gt;[39m
    [36m&lt;/div&gt;[39m
  [36m&lt;/div&gt;[39m
[36m&lt;/body&gt;[39m

Ignored nodes: comments, script, style
[36m&lt;html&gt;[39m
  [36m&lt;head /&gt;[39m
  [36m&lt;body&gt;[39m
    [36m&lt;div&gt;[39m
      [36m&lt;div[39m
        [33mclass[39m=[32m&quot;task-progress-visualization&quot;[39m
      [36m&gt;[39m
        [36m&lt;div[39m
          [33maria-atomic[39m=[32m&quot;true&quot;[39m
          [33maria-live[39m=[32m&quot;polite&quot;[39m
          [33mclass[39m=[32m&quot;sr-only&quot;[39m
          [33mrole[39m=[32m&quot;status&quot;[39m
        [36m&gt;[39m
          [0mGörev ilerleme yüzdesi: 100%[0m
        [36m&lt;/div&gt;[39m
        [36m&lt;div[39m
          [33mclass[39m=[32m&quot;progress-header&quot;[39m
        [36m&gt;[39m
          [36m&lt;h2[39m
            [33mclass[39m=[32m&quot;task-title&quot;[39m
          [36m&gt;[39m
            [0mMatematik Sınavına Hazırlan[0m
          [36m&lt;/h2&gt;[39m
          [36m&lt;div[39m
            [33maria-label[39m=[32m&quot;Görev durumu: Tamamlandı&quot;[39m
            [33mclass[39m=[32m&quot;status-badge&quot;[39m
            [33mrole[39m=[32m&quot;status&quot;[39m
            [33mstyle[39m=[32m&quot;background-color: rgb(76, 175, 80);&quot;[39m
          [36m&gt;[39m
            [36m&lt;span[39m
              [33maria-hidden[39m=[32m&quot;true&quot;[39m
              [33mclass[39m=[32m&quot;status-icon&quot;[39m
            [36m&gt;[39m
              [0m✅[0m
            [36m&lt;/span&gt;[39m
            [0mTamamlandı[0m
          [36m&lt;/div&gt;[39m
        [36m&lt;/div&gt;[39m
        [36m&lt;div[39m
          [33mclass[39m=[32m&quot;progress-section&quot;[39m
        [36m&gt;[39m
          [36m&lt;div[39m
            [33mclass[39m=[32m&quot;progress-info&quot;[39m
          [36m&gt;[39m
            [36m&lt;span[39m
              [33mclass[39m=[32m&quot;progress-label&quot;[39m
            [36m&gt;[39m
              [0mGenel İlerleme[0m
            [36m&lt;/span&gt;[39m
            [36m&lt;span[39m
              [33mclass[39m=[32m&quot;progress-percentage&quot;[39m
              [33mstyle[39m=[32m&quot;color: rgb(255, 152, 0);&quot;[39m
            [36m&gt;[39m
              [0m100[0m
              [0m%[0m
            [36m&lt;/span&gt;[39m
          [36m&lt;/div&gt;[39m
          [36m&lt;div[39m
            [33mclass[39m=[32m&quot;progress-bar-container&quot;[39m
          [36m&gt;[39m
            [36m&lt;div[39m
              [33maria-label[39m=[32m&quot;Görev ilerleme yüzdesi: 100%&quot;[39m
              [33maria-valuemax[39m=[32m&quot;100&quot;[39m
              [33maria-valuemin[39m=[32m&quot;0&quot;[39m
              [33maria-valuenow[39m=[32m&quot;100&quot;[39m
              [33mclass[39m=[32m&quot;progress-bar-fill&quot;[39m
              [33mrole[39m=[32m&quot;progressbar&quot;[39m
              [33mstyle[39m=[32m&quot;width: 100%; background-color: rgb(255, 152, 0);&quot;[39m
            [36m&gt;[39m
              [36m&lt;div[39m
                [33mclass[39m=[32m&quot;progress-bar-shine&quot;[39m
              [36m/&gt;[39m
            [36m&lt;/div&gt;[39m
          [36m&lt;/div&gt;[39m
        [36m&lt;/div&gt;[39m
        [36m&lt;div[39m
          [33mclass[39m=[32m&quot;subtasks-section&quot;[39m
        [36m&gt;[39m
          [36m&lt;div[39m
            [33mclass[39m=[32m&quot;subtasks-info&quot;[39m
          [36m&gt;[39m
            [36m&lt;span[39m
              [33maria-label[39m=[32m&quot;Tamamlandı işareti&quot;[39m
              [33mclass[39m=[32m&quot;subtasks-icon&quot;[39m
              [33mrole[39m=[32m&quot;img&quot;[39m
            [36m&gt;[39m
              [0m✓[0m
            [36m&lt;/span&gt;[39m
            [36m&lt;span[39m
              [33mclass[39m=[32m&quot;subtasks-text&quot;[39m
            [36m&gt;[39m
              [36m&lt;strong&gt;[39m
                [0m3[0m
              [36m&lt;/strong&gt;[39m
              [0m / [0m
              [0m5[0m
              [0m alt görev tamamlandı[0m
            [36m&lt;/span&gt;[39m
          [36m&lt;/div&gt;[39m
        [36m&lt;/div&gt;[39m
        [36m&lt;div[39m
          [33mclass[39m=[32m&quot;milestones-section&quot;[39m
        [36m&gt;[39m
          [36m&lt;h3[39m
            [33mclass[39m=[32m&quot;milestones-title&quot;[39m
          [36m&gt;[39m
            [0mKilometre Taşları[0m
          [36m&lt;/h3&gt;[39m
          [36m&lt;div[39m
            [33mclass[39m=[32m&quot;milestones-container&quot;[39m
            [33mrole[39m=[32m&quot;list&quot;[39m
          [36m&gt;[39m
            [36m&lt;div[39m
              [33mclass[39m=[32m&quot;milestone reached&quot;[39m
              [33mrole[39m=[32m&quot;listitem&quot;[39m
              [33mstyle[39m=[32m&quot;border-color: rgb(76, 175, 80);&quot;[39m
            [36m&gt;[39m
              [36m&lt;div[39m
                [33maria-label[39m=[32m&quot;Başlangıç kilometre taşı tamamlandı&quot;[39m
                [33mclass[39m=[32m&quot;milestone-icon&quot;[39m
                [33mrole[39m=[32m&quot;img&quot;[39m
                [33mstyle[39m=[32m&quot;background-color: rgb(76, 175, 80); color: rgb(255, 255, 255);&quot;[39m
              [36m&gt;[39m
                [0m🚀[0m
              [36m&lt;/div&gt;[39m
              [36m&lt;div[39m
                [33mclass[39m=[32m&quot;milestone-info&quot;[39m
              [36m&gt;[39m
                [36m&lt;span[39m
                  [33mclass[39m=[32m&quot;milestone-percentage&quot;[39m
                [36m&gt;[39m
                  [0m25[0m
                  [0m%[0m
                [36m&lt;/span&gt;[39m
                [36m&lt;span[39m
                  [33mclass[39m=[32m&quot;milestone-label&quot;[39m
                [36m&gt;[39m
                  [0mBaşlangıç[0m
                [36m&lt;/span&gt;[39m
              [36m&lt;/div&gt;[39m
              [36m&lt;div[39m
                [33maria-label[39m=[32m&quot;Tamamlandı&quot;[39m
                [33mclass[39m=[32m&quot;milestone-checkmark&quot;[39m
                [33mrole[39m=[32m&quot;img&quot;[39m
              [36m&gt;[39m
                [0m✓[0m
              [36m&lt;/div&gt;[39m
            [36m&lt;/div&gt;[39m
            [36m&lt;div[39m
              [33mclass[39m=[32m&quot;milestone reached&quot;[39m
              [33mrole[39m=[32m&quot;listitem&quot;[39m
              [33mstyle[39m=[32m&quot;border-color: rgb(33, 150, 243);&quot;[39m
            [36m&gt;[39m
              [36m&lt;div[39m
                [33maria-label[39m=[32m&quot;Yarı Yol kilometre taşı tamamlandı&quot;[39m
                [33mclass[39m=[32m&quot;milestone-icon&quot;[39m
                [33mrole[39m=[32m&quot;img&quot;[39m
                [33mstyle[39m=[32m&quot;background-color: rgb(33, 150, 243); color: rgb(255, 255, 255);&quot;[39m
              [36m&gt;[39m
                [0m⚡[0m
              [36m&lt;/div&gt;[39m
              [36m&lt;div[39m
                [33mclass[39m=[32m&quot;milestone-info&quot;[39m
              [36m&gt;[39m
                [36m&lt;span[39m
                  [33mclass[39m=[32m&quot;milestone-percentage&quot;[39m
                [36m&gt;[39m
                  [0m50[0m
                  [0m%[0m
                [36m&lt;/span&gt;[39m
                [36m&lt;span[39m
                  [33mclass[39m=[32m&quot;milestone-label&quot;[39m
                [36m&gt;[39m
                  [0mYarı Yol[0m
                [36m&lt;/span&gt;[39m
              [36m&lt;/div&gt;[39m
              [36m&lt;div[39m
                [33maria-label[39m=[32m&quot;Tamamlandı&quot;[39m
                [33mclass[39m=[32m&quot;milestone-checkmark&quot;[39m
                [33mrole[39m=[32m&quot;img&quot;[39m
              [36m&gt;[39m
                [0m✓[0m
              [36m&lt;/div&gt;[39m
            [36m&lt;/div&gt;[39m
            [36m&lt;div[39m
              [33mclass[39m=[32m&quot;milestone unreached&quot;[39m
              [33mrole[39m=[32m&quot;listitem&quot;[39m
              [33mstyle[39m=[32m&quot;border-color: rgb(224, 224, 224);&quot;[39m
            [36m&gt;[39m
              [36m&lt;div[39m
                [33maria-label[39m=[32m&quot;Son Çeyrek kilometre taşı henüz ulaşılmadı&quot;[39m
                [33mclass[39m=[32m&quot;milestone-icon&quot;[39m
                [33mrole[39m=[32m&quot;img&quot;[39m
                [33mstyle[39m=[32m&quot;background-color: rgb(245, 245, 245); color: rgb(158, 158, 158);&quot;[39m
              [36m&gt;[39m
                [0m🎯[0m
              [36m&lt;/div&gt;[39m
              [36m&lt;div[39m
                [33mclass[39m=[32m&quot;milestone-info&quot;[39m
              [36m&gt;[39m
                [36m&lt;span[39m
                  [33mclass[39m=[32m&quot;milestone-percentage&quot;[39m
                [36m&gt;[39m
                  [0m75[0m
                  [0m%[0m
                [36m&lt;/span&gt;[39m
                [36m&lt;span[39m
                  [33mclass[39m=[32m&quot;milestone-label&quot;[39m
                [36m&gt;[39m
                  [0mSon Çeyrek[0m
                [36m&lt;/span&gt;[39m
              [36m&lt;/div&gt;[39m
            [36m&lt;/div&gt;[39m
            [36m&lt;div[39m
              [33mclass[39m=[32m&quot;milestone unreached&quot;[39m
              [33mrole[39m=[32m&quot;listitem&quot;[39m
              [33mstyle[39m=[32m&quot;border-color: rgb(224, 224, 224);&quot;[39m
            [36m&gt;[39m
              [36m&lt;div[39m
                [33maria-label[39m=[32m&quot;Tamamlandı kilometre taşı henüz ulaşılmadı&quot;[39m
                [33mclass[39m=[32m&quot;milestone-icon&quot;[39m
                [33mrole[39m=[32m&quot;img&quot;[39m
                [33mstyle[39m=[32m&quot;background-color: rgb(245, 245, 245); color: rgb(158, 158, 158);&quot;[39m
              [36m&gt;[39m
                [0m🎉[0m
              [36m&lt;/div&gt;[39m
              [36m&lt;div[39m
                [33mclass[39m=[32m&quot;milestone-info&quot;[39m
              [36m&gt;[39m
                [36m&lt;span[39m
                  [33mclass[39m=[32m&quot;milestone-percentage&quot;[39m
                [36m&gt;[39m
                  [0m100[0m
                  [0m%[0m
                [36m&lt;/span&gt;[39m
                [36m&lt;span[39m
                  [33mclass[39m=[32m&quot;milestone-label&quot;[39m
                [36m&gt;[39m
                  [0mTamamlandı[0m
                [36m&lt;/span&gt;[39m
              [36m&lt;/div&gt;[39m
            [36m&lt;/div&gt;[39m
          [36m&lt;/div&gt;[39m
        [36m&lt;/div&gt;[39m
        [36m&lt;div[39m
          [33mclass[39m=[32m&quot;time-section&quot;[39m
        [36m&gt;[39m
          [36m&lt;h3[39m
            [33mclass[39m=[32m&quot;time-title&quot;[39m
          [36m&gt;[39m
            [0mZaman Takibi[0m
          [36m&lt;/h3&gt;[39m
          [36m&lt;div[39m
            [33mclass[39m=[32m&quot;time-grid&quot;[39m
          [36m&gt;[39m
            [36m&lt;div[39m
              [33mclass[39m=[32m&quot;time-item&quot;[39m
            [36m&gt;[39m
              [36m&lt;span[39m
                [33mclass[39m=[32m&quot;time-label&quot;[39m
              [36m&gt;[39m
                [0mTahmini Süre[0m
              [36m&lt;/span&gt;[39m
              [36m&lt;span[39m
                [33mclass[39m=[32m&quot;time-value&quot;[39m
              [36m&gt;[39m
                [0m2 saat 0 dakika[0m
              [36m&lt;/span&gt;[39m
            [36m&lt;/div&gt;[39m
            [36m&lt;div[39m
              [33mclass[39m=[32m&quot;time-item&quot;[39m
            [36m&gt;[39m
              [36m&lt;span[39m
                [33mclass[39m=[32m&quot;time-label&quot;[39m
              [36m&gt;[39m
                [0mGeçen Süre[0m
              [36m&lt;/span&gt;[39m
              [36m&lt;span[39m
                [33mclass[39m=[32m&quot;time-value&quot;[39m
              [36m&gt;[39m
                [0m1 saat 15 dakika[0m
              [36m&lt;/span&gt;[39m
            [36m&lt;/div&gt;[39m
            [36m&lt;div[39m
              [33mclass[39m=[32m&quot;time-item&quot;[39m
            [36m&gt;[39m
              [36m&lt;span[39m
                [33mclass[39m=[32m&quot;time-label&quot;[39m
              [36m&gt;[39m
                [0mKalan Süre[0m
              [36m&lt;/span&gt;[39m
              [36m&lt;span[39m
                [33mclass[39m=[32m&quot;time-value time-remaining&quot;[39m
              [36m&gt;[39m
                [0m45 dakika[0m
              [36m&lt;/span&gt;[39m
            [36m&lt;/div&gt;[39m
          [36m&lt;/div&gt;[39m
        [36m&lt;/div&gt;[39m
        [36m&lt;div[39m
          [33mclass[39m=[32m&quot;progress-actions&quot;[39m
        [36m&gt;[39m
          [36m&lt;button[39m
            [33maria-label[39m=[32m&quot;İlerlemeyi yenile&quot;[39m
            [33mclass[39m=[32m&quot;refresh-button&quot;[39m
          [36m&gt;[39m
            [0m🔄 Yenile[0m
          [36m&lt;/button&gt;[39m
        [36m&lt;/div&gt;[39m
      [36m&lt;/div&gt;[39m
    [36m&lt;/div&gt;[39m
  [36m&lt;/body&gt;[39m
[36m&lt;/html&gt;[39m" type="TestingLibraryElementError">
TestingLibraryElementError: Found multiple elements with the text: Tamamlandı

Here are the matching elements:

Ignored nodes: comments, script, style
&lt;div
  aria-label=&quot;Görev durumu: Tamamlandı&quot;
  class=&quot;status-badge&quot;
  role=&quot;status&quot;
  style=&quot;background-color: rgb(76, 175, 80);&quot;
&gt;
  &lt;span
    aria-hidden=&quot;true&quot;
    class=&quot;status-icon&quot;
  &gt;
    ✅
  &lt;/span&gt;
  Tamamlandı
&lt;/div&gt;

Ignored nodes: comments, script, style
&lt;span
  class=&quot;milestone-label&quot;
&gt;
  Tamamlandı
&lt;/span&gt;

(If this is intentional, then use the `*AllBy*` variant of the query (like `queryAllByText`, `getAllByText`, or `findAllByText`)).

Ignored nodes: comments, script, style
&lt;body&gt;
  &lt;div&gt;
    &lt;div
      class=&quot;task-progress-visualization&quot;
    &gt;
      &lt;div
        aria-atomic=&quot;true&quot;
        aria-live=&quot;polite&quot;
        class=&quot;sr-only&quot;
        role=&quot;status&quot;
      &gt;
        Görev ilerleme yüzdesi: 100%
      &lt;/div&gt;
      &lt;div
        class=&quot;progress-header&quot;
      &gt;
        &lt;h2
          class=&quot;task-title&quot;
        &gt;
          Matematik Sınavına Hazırlan
        &lt;/h2&gt;
        &lt;div
          aria-label=&quot;Görev durumu: Tamamlandı&quot;
          class=&quot;status-badge&quot;
          role=&quot;status&quot;
          style=&quot;background-color: rgb(76, 175, 80);&quot;
        &gt;
          &lt;span
            aria-hidden=&quot;true&quot;
            class=&quot;status-icon&quot;
          &gt;
            ✅
          &lt;/span&gt;
          Tamamlandı
        &lt;/div&gt;
      &lt;/div&gt;
      &lt;div
        class=&quot;progress-section&quot;
      &gt;
        &lt;div
          class=&quot;progress-info&quot;
        &gt;
          &lt;span
            class=&quot;progress-label&quot;
          &gt;
            Genel İlerleme
          &lt;/span&gt;
          &lt;span
            class=&quot;progress-percentage&quot;
            style=&quot;color: rgb(255, 152, 0);&quot;
          &gt;
            100
            %
          &lt;/span&gt;
        &lt;/div&gt;
        &lt;div
          class=&quot;progress-bar-container&quot;
        &gt;
          &lt;div
            aria-label=&quot;Görev ilerleme yüzdesi: 100%&quot;
            aria-valuemax=&quot;100&quot;
            aria-valuemin=&quot;0&quot;
            aria-valuenow=&quot;100&quot;
            class=&quot;progress-bar-fill&quot;
            role=&quot;progressbar&quot;
            style=&quot;width: 100%; background-color: rgb(255, 152, 0);&quot;
          &gt;
            &lt;div
              class=&quot;progress-bar-shine&quot;
            /&gt;
          &lt;/div&gt;
        &lt;/div&gt;
      &lt;/div&gt;
      &lt;div
        class=&quot;subtasks-section&quot;
      &gt;
        &lt;div
          class=&quot;subtasks-info&quot;
        &gt;
          &lt;span
            aria-label=&quot;Tamamlandı işareti&quot;
            class=&quot;subtasks-icon&quot;
            role=&quot;img&quot;
          &gt;
            ✓
          &lt;/span&gt;
          &lt;span
            class=&quot;subtasks-text&quot;
          &gt;
            &lt;strong&gt;
              3
            &lt;/strong&gt;
             / 
            5
             alt görev tamamlandı
          &lt;/span&gt;
        &lt;/div&gt;
      &lt;/div&gt;
      &lt;div
        class=&quot;milestones-section&quot;
      &gt;
        &lt;h3
          class=&quot;milestones-title&quot;
        &gt;
          Kilometre Taşları
        &lt;/h3&gt;
        &lt;div
          class=&quot;milestones-container&quot;
          role=&quot;list&quot;
        &gt;
          &lt;div
            class=&quot;milestone reached&quot;
            role=&quot;listitem&quot;
            style=&quot;border-color: rgb(76, 175, 80);&quot;
          &gt;
            &lt;div
              aria-label=&quot;Başlangıç kilometre taşı tamamlandı&quot;
              class=&quot;milestone-icon&quot;
              role=&quot;img&quot;
              style=&quot;background-color: rgb(76, 175, 80); color: rgb(255, 255, 255);&quot;
            &gt;
              🚀
            &lt;/div&gt;
            &lt;div
              class=&quot;milestone-info&quot;
            &gt;
              &lt;span
                class=&quot;milestone-percentage&quot;
              &gt;
                25
                %
              &lt;/span&gt;
              &lt;span
                class=&quot;milestone-label&quot;
              &gt;
                Başlangıç
              &lt;/span&gt;
            &lt;/div&gt;
            &lt;div
              aria-label=&quot;Tamamlandı&quot;
              class=&quot;milestone-checkmark&quot;
              role=&quot;img&quot;
            &gt;
              ✓
            &lt;/div&gt;
          &lt;/div&gt;
          &lt;div
            class=&quot;milestone reached&quot;
            role=&quot;listitem&quot;
            style=&quot;border-color: rgb(33, 150, 243);&quot;
          &gt;
            &lt;div
              aria-label=&quot;Yarı Yol kilometre taşı tamamlandı&quot;
              class=&quot;milestone-icon&quot;
              role=&quot;img&quot;
              style=&quot;background-color: rgb(33, 150, 243); color: rgb(255, 255, 255);&quot;
            &gt;
              ⚡
            &lt;/div&gt;
            &lt;div
              class=&quot;milestone-info&quot;
            &gt;
              &lt;span
                class=&quot;milestone-percentage&quot;
              &gt;
                50
                %
              &lt;/span&gt;
              &lt;span
                class=&quot;milestone-label&quot;
              &gt;
                Yarı Yol
              &lt;/span&gt;
            &lt;/div&gt;
            &lt;div
              aria-label=&quot;Tamamlandı&quot;
              class=&quot;milestone-checkmark&quot;
              role=&quot;img&quot;
            &gt;
              ✓
            &lt;/div&gt;
          &lt;/div&gt;
          &lt;div
            class=&quot;milestone unreached&quot;
            role=&quot;listitem&quot;
            style=&quot;border-color: rgb(224, 224, 224);&quot;
          &gt;
            &lt;div
              aria-label=&quot;Son Çeyrek kilometre taşı henüz ulaşılmadı&quot;
              class=&quot;milestone-icon&quot;
              role=&quot;img&quot;
              style=&quot;background-color: rgb(245, 245, 245); color: rgb(158, 158, 158);&quot;
            &gt;
              🎯
            &lt;/div&gt;
            &lt;div
              class=&quot;milestone-info&quot;
            &gt;
              &lt;span
                class=&quot;milestone-percentage&quot;
              &gt;
                75
                %
              &lt;/span&gt;
              &lt;span
                class=&quot;milestone-label&quot;
              &gt;
                Son Çeyrek
              &lt;/span&gt;
            &lt;/div&gt;
          &lt;/div&gt;
          &lt;div
            class=&quot;milestone unreached&quot;
            role=&quot;listitem&quot;
            style=&quot;border-color: rgb(224, 224, 224);&quot;
          &gt;
            &lt;div
              aria-label=&quot;Tamamlandı kilometre taşı henüz ulaşılmadı&quot;
              class=&quot;milestone-icon&quot;
              role=&quot;img&quot;
              style=&quot;background-color: rgb(245, 245, 245); color: rgb(158, 158, 158);&quot;
            &gt;
              🎉
            &lt;/div&gt;
            &lt;div
              class=&quot;milestone-info&quot;
            &gt;
              &lt;span
                class=&quot;milestone-percentage&quot;
              &gt;
                100
                %
              &lt;/span&gt;
              &lt;span
                class=&quot;milestone-label&quot;
              &gt;
                Tamamlandı
              &lt;/span&gt;
            &lt;/div&gt;
          &lt;/div&gt;
        &lt;/div&gt;
      &lt;/div&gt;
      &lt;div
        class=&quot;time-section&quot;
      &gt;
        &lt;h3
          class=&quot;time-title&quot;
        &gt;
          Zaman Takibi
        &lt;/h3&gt;
        &lt;div
          class=&quot;time-grid&quot;
        &gt;
          &lt;div
            class=&quot;time-item&quot;
          &gt;
            &lt;span
              class=&quot;time-label&quot;
            &gt;
              Tahmini Süre
            &lt;/span&gt;
            &lt;span
              class=&quot;time-value&quot;
            &gt;
              2 saat 0 dakika
            &lt;/span&gt;
          &lt;/div&gt;
          &lt;div
            class=&quot;time-item&quot;
          &gt;
            &lt;span
              class=&quot;time-label&quot;
            &gt;
              Geçen Süre
            &lt;/span&gt;
            &lt;span
              class=&quot;time-value&quot;
            &gt;
              1 saat 15 dakika
            &lt;/span&gt;
          &lt;/div&gt;
          &lt;div
            class=&quot;time-item&quot;
          &gt;
            &lt;span
              class=&quot;time-label&quot;
            &gt;
              Kalan Süre
            &lt;/span&gt;
            &lt;span
              class=&quot;time-value time-remaining&quot;
            &gt;
              45 dakika
            &lt;/span&gt;
          &lt;/div&gt;
        &lt;/div&gt;
      &lt;/div&gt;
      &lt;div
        class=&quot;progress-actions&quot;
      &gt;
        &lt;button
          aria-label=&quot;İlerlemeyi yenile&quot;
          class=&quot;refresh-button&quot;
        &gt;
          🔄 Yenile
        &lt;/button&gt;
      &lt;/div&gt;
    &lt;/div&gt;
  &lt;/div&gt;
&lt;/body&gt;

Ignored nodes: comments, script, style
&lt;html&gt;
  &lt;head /&gt;
  &lt;body&gt;
    &lt;div&gt;
      &lt;div
        class=&quot;task-progress-visualization&quot;
      &gt;
        &lt;div
          aria-atomic=&quot;true&quot;
          aria-live=&quot;polite&quot;
          class=&quot;sr-only&quot;
          role=&quot;status&quot;
        &gt;
          Görev ilerleme yüzdesi: 100%
        &lt;/div&gt;
        &lt;div
          class=&quot;progress-header&quot;
        &gt;
          &lt;h2
            class=&quot;task-title&quot;
          &gt;
            Matematik Sınavına Hazırlan
          &lt;/h2&gt;
          &lt;div
            aria-label=&quot;Görev durumu: Tamamlandı&quot;
            class=&quot;status-badge&quot;
            role=&quot;status&quot;
            style=&quot;background-color: rgb(76, 175, 80);&quot;
          &gt;
            &lt;span
              aria-hidden=&quot;true&quot;
              class=&quot;status-icon&quot;
            &gt;
              ✅
            &lt;/span&gt;
            Tamamlandı
          &lt;/div&gt;
        &lt;/div&gt;
        &lt;div
          class=&quot;progress-section&quot;
        &gt;
          &lt;div
            class=&quot;progress-info&quot;
          &gt;
            &lt;span
              class=&quot;progress-label&quot;
            &gt;
              Genel İlerleme
            &lt;/span&gt;
            &lt;span
              class=&quot;progress-percentage&quot;
              style=&quot;color: rgb(255, 152, 0);&quot;
            &gt;
              100
              %
            &lt;/span&gt;
          &lt;/div&gt;
          &lt;div
            class=&quot;progress-bar-container&quot;
          &gt;
            &lt;div
              aria-label=&quot;Görev ilerleme yüzdesi: 100%&quot;
              aria-valuemax=&quot;100&quot;
              aria-valuemin=&quot;0&quot;
              aria-valuenow=&quot;100&quot;
              class=&quot;progress-bar-fill&quot;
              role=&quot;progressbar&quot;
              style=&quot;width: 100%; background-color: rgb(255, 152, 0);&quot;
            &gt;
              &lt;div
                class=&quot;progress-bar-shine&quot;
              /&gt;
            &lt;/div&gt;
          &lt;/div&gt;
        &lt;/div&gt;
        &lt;div
          class=&quot;subtasks-section&quot;
        &gt;
          &lt;div
            class=&quot;subtasks-info&quot;
          &gt;
            &lt;span
              aria-label=&quot;Tamamlandı işareti&quot;
              class=&quot;subtasks-icon&quot;
              role=&quot;img&quot;
            &gt;
              ✓
            &lt;/span&gt;
            &lt;span
              class=&quot;subtasks-text&quot;
            &gt;
              &lt;strong&gt;
                3
              &lt;/strong&gt;
               / 
              5
               alt görev tamamlandı
            &lt;/span&gt;
          &lt;/div&gt;
        &lt;/div&gt;
        &lt;div
          class=&quot;milestones-section&quot;
        &gt;
          &lt;h3
            class=&quot;milestones-title&quot;
          &gt;
            Kilometre Taşları
          &lt;/h3&gt;
          &lt;div
            class=&quot;milestones-container&quot;
            role=&quot;list&quot;
          &gt;
            &lt;div
              class=&quot;milestone reached&quot;
              role=&quot;listitem&quot;
              style=&quot;border-color: rgb(76, 175, 80);&quot;
            &gt;
              &lt;div
                aria-label=&quot;Başlangıç kilometre taşı tamamlandı&quot;
                class=&quot;milestone-icon&quot;
                role=&quot;img&quot;
                style=&quot;background-color: rgb(76, 175, 80); color: rgb(255, 255, 255);&quot;
              &gt;
                🚀
              &lt;/div&gt;
              &lt;div
                class=&quot;milestone-info&quot;
              &gt;
                &lt;span
                  class=&quot;milestone-percentage&quot;
                &gt;
                  25
                  %
                &lt;/span&gt;
                &lt;span
                  class=&quot;milestone-label&quot;
                &gt;
                  Başlangıç
                &lt;/span&gt;
              &lt;/div&gt;
              &lt;div
                aria-label=&quot;Tamamlandı&quot;
                class=&quot;milestone-checkmark&quot;
                role=&quot;img&quot;
              &gt;
                ✓
              &lt;/div&gt;
            &lt;/div&gt;
            &lt;div
              class=&quot;milestone reached&quot;
              role=&quot;listitem&quot;
              style=&quot;border-color: rgb(33, 150, 243);&quot;
            &gt;
              &lt;div
                aria-label=&quot;Yarı Yol kilometre taşı tamamlandı&quot;
                class=&quot;milestone-icon&quot;
                role=&quot;img&quot;
                style=&quot;background-color: rgb(33, 150, 243); color: rgb(255, 255, 255);&quot;
              &gt;
                ⚡
              &lt;/div&gt;
              &lt;div
                class=&quot;milestone-info&quot;
              &gt;
                &lt;span
                  class=&quot;milestone-percentage&quot;
                &gt;
                  50
                  %
                &lt;/span&gt;
                &lt;span
                  class=&quot;milestone-label&quot;
                &gt;
                  Yarı Yol
                &lt;/span&gt;
              &lt;/div&gt;
              &lt;div
                aria-label=&quot;Tamamlandı&quot;
                class=&quot;milestone-checkmark&quot;
                role=&quot;img&quot;
              &gt;
                ✓
              &lt;/div&gt;
            &lt;/div&gt;
            &lt;div
              class=&quot;milestone unreached&quot;
              role=&quot;listitem&quot;
              style=&quot;border-color: rgb(224, 224, 224);&quot;
            &gt;
              &lt;div
                aria-label=&quot;Son Çeyrek kilometre taşı henüz ulaşılmadı&quot;
                class=&quot;milestone-icon&quot;
                role=&quot;img&quot;
                style=&quot;background-color: rgb(245, 245, 245); color: rgb(158, 158, 158);&quot;
              &gt;
                🎯
              &lt;/div&gt;
              &lt;div
                class=&quot;milestone-info&quot;
              &gt;
                &lt;span
                  class=&quot;milestone-percentage&quot;
                &gt;
                  75
                  %
                &lt;/span&gt;
                &lt;span
                  class=&quot;milestone-label&quot;
                &gt;
                  Son Çeyrek
                &lt;/span&gt;
              &lt;/div&gt;
            &lt;/div&gt;
            &lt;div
              class=&quot;milestone unreached&quot;
              role=&quot;listitem&quot;
              style=&quot;border-color: rgb(224, 224, 224);&quot;
            &gt;
              &lt;div
                aria-label=&quot;Tamamlandı kilometre taşı henüz ulaşılmadı&quot;
                class=&quot;milestone-icon&quot;
                role=&quot;img&quot;
                style=&quot;background-color: rgb(245, 245, 245); color: rgb(158, 158, 158);&quot;
              &gt;
                🎉
              &lt;/div&gt;
              &lt;div
                class=&quot;milestone-info&quot;
              &gt;
                &lt;span
                  class=&quot;milestone-percentage&quot;
                &gt;
                  100
                  %
                &lt;/span&gt;
                &lt;span
                  class=&quot;milestone-label&quot;
                &gt;
                  Tamamlandı
                &lt;/span&gt;
              &lt;/div&gt;
            &lt;/div&gt;
          &lt;/div&gt;
        &lt;/div&gt;
        &lt;div
          class=&quot;time-section&quot;
        &gt;
          &lt;h3
            class=&quot;time-title&quot;
          &gt;
            Zaman Takibi
          &lt;/h3&gt;
          &lt;div
            class=&quot;time-grid&quot;
          &gt;
            &lt;div
              class=&quot;time-item&quot;
            &gt;
              &lt;span
                class=&quot;time-label&quot;
              &gt;
                Tahmini Süre
              &lt;/span&gt;
              &lt;span
                class=&quot;time-value&quot;
              &gt;
                2 saat 0 dakika
              &lt;/span&gt;
            &lt;/div&gt;
            &lt;div
              class=&quot;time-item&quot;
            &gt;
              &lt;span
                class=&quot;time-label&quot;
              &gt;
                Geçen Süre
              &lt;/span&gt;
              &lt;span
                class=&quot;time-value&quot;
              &gt;
                1 saat 15 dakika
              &lt;/span&gt;
            &lt;/div&gt;
            &lt;div
              class=&quot;time-item&quot;
            &gt;
              &lt;span
                class=&quot;time-label&quot;
              &gt;
                Kalan Süre
              &lt;/span&gt;
              &lt;span
                class=&quot;time-value time-remaining&quot;
              &gt;
                45 dakika
              &lt;/span&gt;
            &lt;/div&gt;
          &lt;/div&gt;
        &lt;/div&gt;
        &lt;div
          class=&quot;progress-actions&quot;
        &gt;
          &lt;button
            aria-label=&quot;İlerlemeyi yenile&quot;
            class=&quot;refresh-button&quot;
          &gt;
            🔄 Yenile
          &lt;/button&gt;
        &lt;/div&gt;
      &lt;/div&gt;
    &lt;/div&gt;
  &lt;/body&gt;
&lt;/html&gt;
 ❯ waitForWrapper node_modules/@testing-library/react/node_modules/@testing-library/dom/dist/wait-for.js:163:27
 ❯ src/components/Accessibility/ADHD/__tests__/TaskProgressVisualization.test.tsx:393:13
            </failure>
        </testcase>
        <testcase classname="src/components/Accessibility/ADHD/__tests__/TaskProgressVisualization.test.tsx" name="TaskProgressVisualization &gt; Accessibility &gt; should have proper ARIA labels" time="0.0240802">
        </testcase>
        <testcase classname="src/components/Accessibility/ADHD/__tests__/TaskProgressVisualization.test.tsx" name="TaskProgressVisualization &gt; Accessibility &gt; should be keyboard navigable" time="0.0324968">
        </testcase>
    </testsuite>
    <testsuite name="src/components/Accessibility/ADHD/__tests__/VisualTimer.test.tsx" timestamp="2025-11-14T16:56:53.227Z" hostname="ates" tests="3" failures="1" errors="0" skipped="0" time="0.9135962">
        <testcase classname="src/components/Accessibility/ADHD/__tests__/VisualTimer.test.tsx" name="VisualTimer - WCAG 2.1 Level AA Compliance &gt; 1.1.1 Non-text Content &gt; should have descriptive aria-label for timer role" time="0.3044811">
        </testcase>
        <testcase classname="src/components/Accessibility/ADHD/__tests__/VisualTimer.test.tsx" name="VisualTimer - WCAG 2.1 Level AA Compliance &gt; 1.1.1 Non-text Content &gt; should have aria-label for progress ring" time="0.1693146">
        </testcase>
        <testcase classname="src/components/Accessibility/ADHD/__tests__/VisualTimer.test.tsx" name="VisualTimer - WCAG 2.1 Level AA Compliance &gt; Automated Accessibility Testing &gt; should have no WCAG violations (axe-core)" time="0.435711">
            <failure message="expect(received).toHaveNoViolations(expected)

Expected the HTML found at $(&apos;.time-display&apos;) to have no violations:

&lt;div class=&quot;time-display&quot; style=&quot;font-size: 2.5rem;&quot; aria-label=&quot;Kalan süre: 25 dakika 0 saniye&quot;&gt;&lt;span class=&quot;time-text&quot; aria-hidden=&quot;true&quot;&gt;25:00&lt;/span&gt;&lt;/div&gt;

Received:

&quot;Elements must only use allowed ARIA attributes (aria-allowed-attr)&quot;

Fix all of the following:
  aria-label attribute cannot be used on a div with no valid role attribute.

You can find more information on this issue here: 
https://dequeuniversity.com/rules/axe/4.7/aria-allowed-attr?application=axeAPI" type="Error">
Error: expect(received).toHaveNoViolations(expected)

Expected the HTML found at $(&apos;.time-display&apos;) to have no violations:

&lt;div class=&quot;time-display&quot; style=&quot;font-size: 2.5rem;&quot; aria-label=&quot;Kalan süre: 25 dakika 0 saniye&quot;&gt;&lt;span class=&quot;time-text&quot; aria-hidden=&quot;true&quot;&gt;25:00&lt;/span&gt;&lt;/div&gt;

Received:

&quot;Elements must only use allowed ARIA attributes (aria-allowed-attr)&quot;

Fix all of the following:
  aria-label attribute cannot be used on a div with no valid role attribute.

You can find more information on this issue here: 
https://dequeuniversity.com/rules/axe/4.7/aria-allowed-attr?application=axeAPI
 ❯ src/components/Accessibility/ADHD/__tests__/VisualTimer.test.tsx:74:23
            </failure>
        </testcase>
    </testsuite>
    <testsuite name="src/components/Accessibility/Dyscalculia/__tests__/NumberBlocks.test.tsx" timestamp="2025-11-14T16:56:53.229Z" hostname="ates" tests="22" failures="4" errors="0" skipped="0" time="5.6799003">
        <testcase classname="src/components/Accessibility/Dyscalculia/__tests__/NumberBlocks.test.tsx" name="NumberBlocks - WCAG 2.1 AA Compliance &gt; should have no WCAG violations" time="1.4031398">
        </testcase>
        <testcase classname="src/components/Accessibility/Dyscalculia/__tests__/NumberBlocks.test.tsx" name="NumberBlocks - WCAG 2.1 AA Compliance &gt; Perceivable - Text Alternatives &gt; should have proper ARIA labels for all interactive elements" time="0.0901077">
        </testcase>
        <testcase classname="src/components/Accessibility/Dyscalculia/__tests__/NumberBlocks.test.tsx" name="NumberBlocks - WCAG 2.1 AA Compliance &gt; Perceivable - Text Alternatives &gt; should announce value changes to screen readers" time="0.0734378">
        </testcase>
        <testcase classname="src/components/Accessibility/Dyscalculia/__tests__/NumberBlocks.test.tsx" name="NumberBlocks - WCAG 2.1 AA Compliance &gt; Perceivable - Text Alternatives &gt; should have descriptive labels in Turkish" time="0.1557542">
        </testcase>
        <testcase classname="src/components/Accessibility/Dyscalculia/__tests__/NumberBlocks.test.tsx" name="NumberBlocks - WCAG 2.1 AA Compliance &gt; Operable - Keyboard Navigation &gt; should support Tab navigation for all interactive elements" time="0.4540438">
            <failure message="[2mexpect([22m[31melement[39m[2m).toHaveAttribute([22m[32m[32m&quot;tabIndex&quot;[32m[39m[2m) // element.hasAttribute(&quot;tabIndex&quot;)[22m

Expected the element to have attribute:
[32m  tabIndex[39m
Received:
[31m  null[39m" type="Error">
Error: expect(element).toHaveAttribute(&quot;tabIndex&quot;) // element.hasAttribute(&quot;tabIndex&quot;)

Expected the element to have attribute:
  tabIndex
Received:
  null
 ❯ src/components/Accessibility/Dyscalculia/__tests__/NumberBlocks.test.tsx:59:21
            </failure>
        </testcase>
        <testcase classname="src/components/Accessibility/Dyscalculia/__tests__/NumberBlocks.test.tsx" name="NumberBlocks - WCAG 2.1 AA Compliance &gt; Operable - Keyboard Navigation &gt; should activate blocks with Enter key" time="0.2449259">
        </testcase>
        <testcase classname="src/components/Accessibility/Dyscalculia/__tests__/NumberBlocks.test.tsx" name="NumberBlocks - WCAG 2.1 AA Compliance &gt; Operable - Keyboard Navigation &gt; should activate blocks with Space key" time="0.2388736">
        </testcase>
        <testcase classname="src/components/Accessibility/Dyscalculia/__tests__/NumberBlocks.test.tsx" name="NumberBlocks - WCAG 2.1 AA Compliance &gt; Operable - Keyboard Navigation &gt; should not activate on other keys" time="0.1957479">
        </testcase>
        <testcase classname="src/components/Accessibility/Dyscalculia/__tests__/NumberBlocks.test.tsx" name="NumberBlocks - WCAG 2.1 AA Compliance &gt; Operable - Keyboard Navigation &gt; should disable keyboard interaction in readOnly mode" time="0.0716801">
        </testcase>
        <testcase classname="src/components/Accessibility/Dyscalculia/__tests__/NumberBlocks.test.tsx" name="NumberBlocks - WCAG 2.1 AA Compliance &gt; Operable - Focus Management &gt; should have visible focus indicators" time="0.0737511">
        </testcase>
        <testcase classname="src/components/Accessibility/Dyscalculia/__tests__/NumberBlocks.test.tsx" name="NumberBlocks - WCAG 2.1 AA Compliance &gt; Operable - Focus Management &gt; should maintain focus order" time="0.3586774">
        </testcase>
        <testcase classname="src/components/Accessibility/Dyscalculia/__tests__/NumberBlocks.test.tsx" name="NumberBlocks - WCAG 2.1 AA Compliance &gt; Perceivable - Color Contrast &gt; should use WCAG AA compliant colors" time="0.040082">
        </testcase>
        <testcase classname="src/components/Accessibility/Dyscalculia/__tests__/NumberBlocks.test.tsx" name="NumberBlocks - WCAG 2.1 AA Compliance &gt; Perceivable - Color Contrast &gt; should not rely on color alone for information" time="0.0599946">
        </testcase>
        <testcase classname="src/components/Accessibility/Dyscalculia/__tests__/NumberBlocks.test.tsx" name="NumberBlocks - WCAG 2.1 AA Compliance &gt; Understandable - Screen Reader Support &gt; should announce value changes" time="0.0640362">
        </testcase>
        <testcase classname="src/components/Accessibility/Dyscalculia/__tests__/NumberBlocks.test.tsx" name="NumberBlocks - WCAG 2.1 AA Compliance &gt; Understandable - Screen Reader Support &gt; should have proper semantic structure" time="0.0692937">
        </testcase>
        <testcase classname="src/components/Accessibility/Dyscalculia/__tests__/NumberBlocks.test.tsx" name="NumberBlocks - WCAG 2.1 AA Compliance &gt; Understandable - Screen Reader Support &gt; should use Turkish language for all content" time="0.1168923">
        </testcase>
        <testcase classname="src/components/Accessibility/Dyscalculia/__tests__/NumberBlocks.test.tsx" name="NumberBlocks - WCAG 2.1 AA Compliance &gt; Operable - Reduced Motion &gt; should respect prefers-reduced-motion" time="0.0932355">
        </testcase>
        <testcase classname="src/components/Accessibility/Dyscalculia/__tests__/NumberBlocks.test.tsx" name="NumberBlocks - WCAG 2.1 AA Compliance &gt; Functionality &gt; should correctly represent numbers in base-10" time="0.827919">
        </testcase>
        <testcase classname="src/components/Accessibility/Dyscalculia/__tests__/NumberBlocks.test.tsx" name="NumberBlocks - WCAG 2.1 AA Compliance &gt; Functionality &gt; should update value when blocks are clicked" time="0.8063458">
            <failure message="Unable to find an accessible element with the role &quot;button&quot; and name `/Add ones block/i`

Here are the accessible roles:

  region:

  Name &quot;Number blocks visualization&quot;:
  [36m&lt;div[39m
    [33maria-label[39m=[32m&quot;Number blocks visualization&quot;[39m
    [33mclass[39m=[32m&quot;number-blocks-container&quot;[39m
    [33mrole[39m=[32m&quot;region&quot;[39m
  [36m/&gt;[39m

  --------------------------------------------------
  status:

  Name &quot;&quot;:
  [36m&lt;div[39m
    [33maria-atomic[39m=[32m&quot;true&quot;[39m
    [33maria-live[39m=[32m&quot;polite&quot;[39m
    [33mclass[39m=[32m&quot;sr-only&quot;[39m
    [33mrole[39m=[32m&quot;status&quot;[39m
  [36m/&gt;[39m

  --------------------------------------------------
  heading:

  Name &quot;Sayı Blokları - Base-10 Sistemi&quot;:
  [36m&lt;h3 /&gt;[39m

  Name &quot;İşlemler&quot;:
  [36m&lt;h4 /&gt;[39m

  Name &quot;Basamak Değerleri&quot;:
  [36m&lt;h4 /&gt;[39m

  --------------------------------------------------
  spinbutton:

  Name &quot;Current number value&quot;:
  [36m&lt;input[39m
    [33maria-label[39m=[32m&quot;Current number value&quot;[39m
    [33mid[39m=[32m&quot;number-input&quot;[39m
    [33mmax[39m=[32m&quot;9999&quot;[39m
    [33mmin[39m=[32m&quot;0&quot;[39m
    [33mtype[39m=[32m&quot;number&quot;[39m
    [33mvalue[39m=[32m&quot;0&quot;[39m
  [36m/&gt;[39m

  --------------------------------------------------
  button:

  Name &quot;+1&quot;:
  [36m&lt;button[39m
    [33mclass[39m=[32m&quot;op-btn&quot;[39m
  [36m/&gt;[39m

  Name &quot;+10&quot;:
  [36m&lt;button[39m
    [33mclass[39m=[32m&quot;op-btn&quot;[39m
  [36m/&gt;[39m

  Name &quot;+100&quot;:
  [36m&lt;button[39m
    [33mclass[39m=[32m&quot;op-btn&quot;[39m
  [36m/&gt;[39m

  Name &quot;+1000&quot;:
  [36m&lt;button[39m
    [33mclass[39m=[32m&quot;op-btn&quot;[39m
  [36m/&gt;[39m

  Name &quot;-1&quot;:
  [36m&lt;button[39m
    [33mclass[39m=[32m&quot;op-btn&quot;[39m
  [36m/&gt;[39m

  Name &quot;-10&quot;:
  [36m&lt;button[39m
    [33mclass[39m=[32m&quot;op-btn&quot;[39m
  [36m/&gt;[39m

  Name &quot;-100&quot;:
  [36m&lt;button[39m
    [33mclass[39m=[32m&quot;op-btn&quot;[39m
  [36m/&gt;[39m

  Name &quot;-1000&quot;:
  [36m&lt;button[39m
    [33mclass[39m=[32m&quot;op-btn&quot;[39m
  [36m/&gt;[39m

  --------------------------------------------------

Ignored nodes: comments, script, style
[36m&lt;body&gt;[39m
  [36m&lt;div&gt;[39m
    [36m&lt;div[39m
      [33maria-label[39m=[32m&quot;Number blocks visualization&quot;[39m
      [33mclass[39m=[32m&quot;number-blocks-container&quot;[39m
      [33mrole[39m=[32m&quot;region&quot;[39m
    [36m&gt;[39m
      [36m&lt;div[39m
        [33maria-atomic[39m=[32m&quot;true&quot;[39m
        [33maria-live[39m=[32m&quot;polite&quot;[39m
        [33mclass[39m=[32m&quot;sr-only&quot;[39m
        [33mrole[39m=[32m&quot;status&quot;[39m
      [36m&gt;[39m
        [0mGüncel sayı: [0m
        [0m0[0m
      [36m&lt;/div&gt;[39m
      [36m&lt;div[39m
        [33mclass[39m=[32m&quot;number-blocks-header&quot;[39m
      [36m&gt;[39m
        [36m&lt;h3&gt;[39m
          [0mSayı Blokları - Base-10 Sistemi[0m
        [36m&lt;/h3&gt;[39m
        [36m&lt;div[39m
          [33mclass[39m=[32m&quot;current-value&quot;[39m
        [36m&gt;[39m
          [36m&lt;label[39m
            [33mfor[39m=[32m&quot;number-input&quot;[39m
          [36m&gt;[39m
            [0mSayı:[0m
          [36m&lt;/label&gt;[39m
          [36m&lt;input[39m
            [33maria-label[39m=[32m&quot;Current number value&quot;[39m
            [33mid[39m=[32m&quot;number-input&quot;[39m
            [33mmax[39m=[32m&quot;9999&quot;[39m
            [33mmin[39m=[32m&quot;0&quot;[39m
            [33mtype[39m=[32m&quot;number&quot;[39m
            [33mvalue[39m=[32m&quot;0&quot;[39m
          [36m/&gt;[39m
        [36m&lt;/div&gt;[39m
      [36m&lt;/div&gt;[39m
      [36m&lt;div[39m
        [33mclass[39m=[32m&quot;blocks-visualization&quot;[39m
      [36m/&gt;[39m
      [36m&lt;div[39m
        [33mclass[39m=[32m&quot;operation-controls&quot;[39m
      [36m&gt;[39m
        [36m&lt;h4&gt;[39m
          [0mİşlemler[0m
        [36m&lt;/h4&gt;[39m
        [36m&lt;div[39m
          [33mclass[39m=[32m&quot;operation-buttons&quot;[39m
        [36m&gt;[39m
          [36m&lt;button[39m
            [33mclass[39m=[32m&quot;op-btn&quot;[39m
          [36m&gt;[39m
            [0m+1[0m
          [36m&lt;/button&gt;[39m
          [36m&lt;button[39m
            [33mclass[39m=[32m&quot;op-btn&quot;[39m
          [36m&gt;[39m
            [0m+10[0m
          [36m&lt;/button&gt;[39m
          [36m&lt;button[39m
            [33mclass[39m=[32m&quot;op-btn&quot;[39m
          [36m&gt;[39m
            [0m+100[0m
          [36m&lt;/button&gt;[39m
          [36m&lt;button[39m
            [33mclass[39m=[32m&quot;op-btn&quot;[39m
          [36m&gt;[39m
            [0m+1000[0m
          [36m&lt;/button&gt;[39m
          [36m&lt;button[39m
            [33mclass[39m=[32m&quot;op-btn&quot;[39m
          [36m&gt;[39m
            [0m-1[0m
          [36m&lt;/button&gt;[39m
          [36m&lt;button[39m
            [33mclass[39m=[32m&quot;op-btn&quot;[39m
          [36m&gt;[39m
            [0m-10[0m
          [36m&lt;/button&gt;[39m
          [36m&lt;button[39m
            [33mclass[39m=[32m&quot;op-btn&quot;[39m
          [36m&gt;[39m
            [0m-100[0m
          [36m&lt;/button&gt;[39m
          [36m&lt;button[39m
            [33mclass[39m=[32m&quot;op-btn&quot;[39m
          [36m&gt;[39m
            [0m-1000[0m
          [36m&lt;/button&gt;[39m
        [36m&lt;/div&gt;[39m
      [36m&lt;/div&gt;[39m
      [36m&lt;div[39m
        [33mclass[39m=[32m&quot;block-legend&quot;[39m
      [36m&gt;[39m
        [36m&lt;h4&gt;[39m
          [0mBasamak Değerleri[0m
        [36m&lt;/h4&gt;[39m
        [36m&lt;div[39m
          [33mclass[39m=[32m&quot;legend-items&quot;[39m
        [36m&gt;[39m
          [36m&lt;div[39m
            [33mclass[39m=[32m&quot;legend-item&quot;[39m
          [36m&gt;[39m
            [36m&lt;div[39m
              [33mclass[39m=[32m&quot;legend-color&quot;[39m
              [33mstyle[39m=[32m&quot;background-color: rgb(211, 47, 47);&quot;[39m
            [36m/&gt;[39m
            [36m&lt;span&gt;[39m
              [0mBinler (1000) - Kırmızı[0m
            [36m&lt;/span&gt;[39m
          [36m&lt;/div&gt;[39m
          [36m&lt;div[39m
            [33mclass[39m=[32m&quot;legend-item&quot;[39m
          [36m&gt;[39m
            [36m&lt;div[39m
              [33mclass[39m=[32m&quot;legend-color&quot;[39m
              [33mstyle[39m=[32m&quot;background-color: rgb(25, 118, 210);&quot;[39m
            [36m/&gt;[39m
            [36m&lt;span&gt;[39m
              [0mYüzler (100) - Mavi[0m
            [36m&lt;/span&gt;[39m
          [36m&lt;/div&gt;[39m
          [36m&lt;div[39m
            [33mclass[39m=[32m&quot;legend-item&quot;[39m
          [36m&gt;[39m
            [36m&lt;div[39m
              [33mclass[39m=[32m&quot;legend-color&quot;[39m
              [33mstyle[39m=[32m&quot;background-color: rgb(245, 124, 0);&quot;[39m
            [36m/&gt;[39m
            [36m&lt;span&gt;[39m
              [0mOnlar (10) - Turuncu[0m
            [36m&lt;/span&gt;[39m
          [36m&lt;/div&gt;[39m
          [36m&lt;div[39m
            [33mclass[39m=[32m&quot;legend-item&quot;[39m
          [36m&gt;[39m
            [36m&lt;div[39m
              [33mclass[39m=[32m&quot;legend-color&quot;[39m
              [33mstyle[39m=[32m&quot;background-color: rgb(56, 142, 60);&quot;[39m
            [36m/&gt;[39m
            [36m&lt;span&gt;[39m
              [0mBirler (1) - Yeşil[0m
            [36m&lt;/span&gt;[39m
          [36m&lt;/div&gt;[39m
        [36m&lt;/div&gt;[39m
      [36m&lt;/div&gt;[39m
    [36m&lt;/div&gt;[39m
  [36m&lt;/div&gt;[39m
[36m&lt;/body&gt;[39m" type="TestingLibraryElementError">
TestingLibraryElementError: Unable to find an accessible element with the role &quot;button&quot; and name `/Add ones block/i`

Here are the accessible roles:

  region:

  Name &quot;Number blocks visualization&quot;:
  &lt;div
    aria-label=&quot;Number blocks visualization&quot;
    class=&quot;number-blocks-container&quot;
    role=&quot;region&quot;
  /&gt;

  --------------------------------------------------
  status:

  Name &quot;&quot;:
  &lt;div
    aria-atomic=&quot;true&quot;
    aria-live=&quot;polite&quot;
    class=&quot;sr-only&quot;
    role=&quot;status&quot;
  /&gt;

  --------------------------------------------------
  heading:

  Name &quot;Sayı Blokları - Base-10 Sistemi&quot;:
  &lt;h3 /&gt;

  Name &quot;İşlemler&quot;:
  &lt;h4 /&gt;

  Name &quot;Basamak Değerleri&quot;:
  &lt;h4 /&gt;

  --------------------------------------------------
  spinbutton:

  Name &quot;Current number value&quot;:
  &lt;input
    aria-label=&quot;Current number value&quot;
    id=&quot;number-input&quot;
    max=&quot;9999&quot;
    min=&quot;0&quot;
    type=&quot;number&quot;
    value=&quot;0&quot;
  /&gt;

  --------------------------------------------------
  button:

  Name &quot;+1&quot;:
  &lt;button
    class=&quot;op-btn&quot;
  /&gt;

  Name &quot;+10&quot;:
  &lt;button
    class=&quot;op-btn&quot;
  /&gt;

  Name &quot;+100&quot;:
  &lt;button
    class=&quot;op-btn&quot;
  /&gt;

  Name &quot;+1000&quot;:
  &lt;button
    class=&quot;op-btn&quot;
  /&gt;

  Name &quot;-1&quot;:
  &lt;button
    class=&quot;op-btn&quot;
  /&gt;

  Name &quot;-10&quot;:
  &lt;button
    class=&quot;op-btn&quot;
  /&gt;

  Name &quot;-100&quot;:
  &lt;button
    class=&quot;op-btn&quot;
  /&gt;

  Name &quot;-1000&quot;:
  &lt;button
    class=&quot;op-btn&quot;
  /&gt;

  --------------------------------------------------

Ignored nodes: comments, script, style
&lt;body&gt;
  &lt;div&gt;
    &lt;div
      aria-label=&quot;Number blocks visualization&quot;
      class=&quot;number-blocks-container&quot;
      role=&quot;region&quot;
    &gt;
      &lt;div
        aria-atomic=&quot;true&quot;
        aria-live=&quot;polite&quot;
        class=&quot;sr-only&quot;
        role=&quot;status&quot;
      &gt;
        Güncel sayı: 
        0
      &lt;/div&gt;
      &lt;div
        class=&quot;number-blocks-header&quot;
      &gt;
        &lt;h3&gt;
          Sayı Blokları - Base-10 Sistemi
        &lt;/h3&gt;
        &lt;div
          class=&quot;current-value&quot;
        &gt;
          &lt;label
            for=&quot;number-input&quot;
          &gt;
            Sayı:
          &lt;/label&gt;
          &lt;input
            aria-label=&quot;Current number value&quot;
            id=&quot;number-input&quot;
            max=&quot;9999&quot;
            min=&quot;0&quot;
            type=&quot;number&quot;
            value=&quot;0&quot;
          /&gt;
        &lt;/div&gt;
      &lt;/div&gt;
      &lt;div
        class=&quot;blocks-visualization&quot;
      /&gt;
      &lt;div
        class=&quot;operation-controls&quot;
      &gt;
        &lt;h4&gt;
          İşlemler
        &lt;/h4&gt;
        &lt;div
          class=&quot;operation-buttons&quot;
        &gt;
          &lt;button
            class=&quot;op-btn&quot;
          &gt;
            +1
          &lt;/button&gt;
          &lt;button
            class=&quot;op-btn&quot;
          &gt;
            +10
          &lt;/button&gt;
          &lt;button
            class=&quot;op-btn&quot;
          &gt;
            +100
          &lt;/button&gt;
          &lt;button
            class=&quot;op-btn&quot;
          &gt;
            +1000
          &lt;/button&gt;
          &lt;button
            class=&quot;op-btn&quot;
          &gt;
            -1
          &lt;/button&gt;
          &lt;button
            class=&quot;op-btn&quot;
          &gt;
            -10
          &lt;/button&gt;
          &lt;button
            class=&quot;op-btn&quot;
          &gt;
            -100
          &lt;/button&gt;
          &lt;button
            class=&quot;op-btn&quot;
          &gt;
            -1000
          &lt;/button&gt;
        &lt;/div&gt;
      &lt;/div&gt;
      &lt;div
        class=&quot;block-legend&quot;
      &gt;
        &lt;h4&gt;
          Basamak Değerleri
        &lt;/h4&gt;
        &lt;div
          class=&quot;legend-items&quot;
        &gt;
          &lt;div
            class=&quot;legend-item&quot;
          &gt;
            &lt;div
              class=&quot;legend-color&quot;
              style=&quot;background-color: rgb(211, 47, 47);&quot;
            /&gt;
            &lt;span&gt;
              Binler (1000) - Kırmızı
            &lt;/span&gt;
          &lt;/div&gt;
          &lt;div
            class=&quot;legend-item&quot;
          &gt;
            &lt;div
              class=&quot;legend-color&quot;
              style=&quot;background-color: rgb(25, 118, 210);&quot;
            /&gt;
            &lt;span&gt;
              Yüzler (100) - Mavi
            &lt;/span&gt;
          &lt;/div&gt;
          &lt;div
            class=&quot;legend-item&quot;
          &gt;
            &lt;div
              class=&quot;legend-color&quot;
              style=&quot;background-color: rgb(245, 124, 0);&quot;
            /&gt;
            &lt;span&gt;
              Onlar (10) - Turuncu
            &lt;/span&gt;
          &lt;/div&gt;
          &lt;div
            class=&quot;legend-item&quot;
          &gt;
            &lt;div
              class=&quot;legend-color&quot;
              style=&quot;background-color: rgb(56, 142, 60);&quot;
            /&gt;
            &lt;span&gt;
              Birler (1) - Yeşil
            &lt;/span&gt;
          &lt;/div&gt;
        &lt;/div&gt;
      &lt;/div&gt;
    &lt;/div&gt;
  &lt;/div&gt;
&lt;/body&gt;
 ❯ Object.getElementError node_modules/@testing-library/react/node_modules/@testing-library/dom/dist/config.js:37:19
 ❯ node_modules/@testing-library/react/node_modules/@testing-library/dom/dist/query-helpers.js:76:38
 ❯ node_modules/@testing-library/react/node_modules/@testing-library/dom/dist/query-helpers.js:52:17
 ❯ node_modules/@testing-library/react/node_modules/@testing-library/dom/dist/query-helpers.js:95:19
 ❯ src/components/Accessibility/Dyscalculia/__tests__/NumberBlocks.test.tsx:234:32
            </failure>
        </testcase>
        <testcase classname="src/components/Accessibility/Dyscalculia/__tests__/NumberBlocks.test.tsx" name="NumberBlocks - WCAG 2.1 AA Compliance &gt; Functionality &gt; should respect maxValue constraint" time="0.1452424">
            <failure message="expected &quot;spy&quot; to be called at least once" type="AssertionError">
AssertionError: expected &quot;spy&quot; to be called at least once
 ❯ src/components/Accessibility/Dyscalculia/__tests__/NumberBlocks.test.tsx:248:29
            </failure>
        </testcase>
        <testcase classname="src/components/Accessibility/Dyscalculia/__tests__/NumberBlocks.test.tsx" name="NumberBlocks - WCAG 2.1 AA Compliance &gt; Functionality &gt; should not allow negative values" time="0.0251202">
            <failure message="expected &quot;spy&quot; to be called at least once" type="AssertionError">
AssertionError: expected &quot;spy&quot; to be called at least once
 ❯ src/components/Accessibility/Dyscalculia/__tests__/NumberBlocks.test.tsx:259:29
            </failure>
        </testcase>
        <testcase classname="src/components/Accessibility/Dyscalculia/__tests__/NumberBlocks.test.tsx" name="NumberBlocks - WCAG 2.1 AA Compliance &gt; Performance &gt; should render within acceptable time" time="0.0557374">
        </testcase>
    </testsuite>
    <testsuite name="src/components/Accessibility/Dyscalculia/__tests__/ScientificCalculator.test.tsx" timestamp="2025-11-14T16:56:53.235Z" hostname="ates" tests="38" failures="0" errors="0" skipped="0" time="5.0545146">
        <testcase classname="src/components/Accessibility/Dyscalculia/__tests__/ScientificCalculator.test.tsx" name="ScientificCalculator &gt; WCAG 2.1 Level AA Compliance &gt; should have no accessibility violations" time="1.694744">
        </testcase>
        <testcase classname="src/components/Accessibility/Dyscalculia/__tests__/ScientificCalculator.test.tsx" name="ScientificCalculator &gt; WCAG 2.1 Level AA Compliance &gt; should have proper ARIA labels for all buttons" time="0.0942957">
        </testcase>
        <testcase classname="src/components/Accessibility/Dyscalculia/__tests__/ScientificCalculator.test.tsx" name="ScientificCalculator &gt; WCAG 2.1 Level AA Compliance &gt; should have role=&quot;application&quot; for calculator" time="0.0684767">
        </testcase>
        <testcase classname="src/components/Accessibility/Dyscalculia/__tests__/ScientificCalculator.test.tsx" name="ScientificCalculator &gt; WCAG 2.1 Level AA Compliance &gt; should have aria-live region for display updates" time="0.0624366">
        </testcase>
        <testcase classname="src/components/Accessibility/Dyscalculia/__tests__/ScientificCalculator.test.tsx" name="ScientificCalculator &gt; WCAG 2.1 Level AA Compliance &gt; should support keyboard navigation" time="0.266227">
        </testcase>
        <testcase classname="src/components/Accessibility/Dyscalculia/__tests__/ScientificCalculator.test.tsx" name="ScientificCalculator &gt; WCAG 2.1 Level AA Compliance &gt; should have visible focus indicators" time="0.0765312">
        </testcase>
        <testcase classname="src/components/Accessibility/Dyscalculia/__tests__/ScientificCalculator.test.tsx" name="ScientificCalculator &gt; Basic Arithmetic Operations &gt; should display initial value of 0" time="0.0508564">
        </testcase>
        <testcase classname="src/components/Accessibility/Dyscalculia/__tests__/ScientificCalculator.test.tsx" name="ScientificCalculator &gt; Basic Arithmetic Operations &gt; should handle number input" time="0.1014623">
        </testcase>
        <testcase classname="src/components/Accessibility/Dyscalculia/__tests__/ScientificCalculator.test.tsx" name="ScientificCalculator &gt; Basic Arithmetic Operations &gt; should perform addition" time="0.0805188">
        </testcase>
        <testcase classname="src/components/Accessibility/Dyscalculia/__tests__/ScientificCalculator.test.tsx" name="ScientificCalculator &gt; Basic Arithmetic Operations &gt; should perform subtraction" time="0.0730136">
        </testcase>
        <testcase classname="src/components/Accessibility/Dyscalculia/__tests__/ScientificCalculator.test.tsx" name="ScientificCalculator &gt; Basic Arithmetic Operations &gt; should perform multiplication" time="0.0711064">
        </testcase>
        <testcase classname="src/components/Accessibility/Dyscalculia/__tests__/ScientificCalculator.test.tsx" name="ScientificCalculator &gt; Basic Arithmetic Operations &gt; should perform division" time="0.0766423">
        </testcase>
        <testcase classname="src/components/Accessibility/Dyscalculia/__tests__/ScientificCalculator.test.tsx" name="ScientificCalculator &gt; Basic Arithmetic Operations &gt; should handle decimal numbers" time="0.0676604">
        </testcase>
        <testcase classname="src/components/Accessibility/Dyscalculia/__tests__/ScientificCalculator.test.tsx" name="ScientificCalculator &gt; Basic Arithmetic Operations &gt; should clear display" time="0.0566452">
        </testcase>
        <testcase classname="src/components/Accessibility/Dyscalculia/__tests__/ScientificCalculator.test.tsx" name="ScientificCalculator &gt; Basic Arithmetic Operations &gt; should handle backspace" time="0.0555847">
        </testcase>
        <testcase classname="src/components/Accessibility/Dyscalculia/__tests__/ScientificCalculator.test.tsx" name="ScientificCalculator &gt; Scientific Functions &gt; should calculate square root" time="0.0830482">
        </testcase>
        <testcase classname="src/components/Accessibility/Dyscalculia/__tests__/ScientificCalculator.test.tsx" name="ScientificCalculator &gt; Scientific Functions &gt; should calculate square" time="0.0839504">
        </testcase>
        <testcase classname="src/components/Accessibility/Dyscalculia/__tests__/ScientificCalculator.test.tsx" name="ScientificCalculator &gt; Scientific Functions &gt; should calculate cube" time="0.0810274">
        </testcase>
        <testcase classname="src/components/Accessibility/Dyscalculia/__tests__/ScientificCalculator.test.tsx" name="ScientificCalculator &gt; Scientific Functions &gt; should insert Pi constant" time="0.0564834">
        </testcase>
        <testcase classname="src/components/Accessibility/Dyscalculia/__tests__/ScientificCalculator.test.tsx" name="ScientificCalculator &gt; Scientific Functions &gt; should insert Euler constant" time="0.0419072">
        </testcase>
        <testcase classname="src/components/Accessibility/Dyscalculia/__tests__/ScientificCalculator.test.tsx" name="ScientificCalculator &gt; Scientific Functions &gt; should calculate sine in degree mode" time="0.1095685">
        </testcase>
        <testcase classname="src/components/Accessibility/Dyscalculia/__tests__/ScientificCalculator.test.tsx" name="ScientificCalculator &gt; Scientific Functions &gt; should toggle between degree and radian mode" time="0.0573173">
        </testcase>
        <testcase classname="src/components/Accessibility/Dyscalculia/__tests__/ScientificCalculator.test.tsx" name="ScientificCalculator &gt; Memory Operations &gt; should store value in memory" time="0.0960754">
        </testcase>
        <testcase classname="src/components/Accessibility/Dyscalculia/__tests__/ScientificCalculator.test.tsx" name="ScientificCalculator &gt; Memory Operations &gt; should recall value from memory" time="0.0863618">
        </testcase>
        <testcase classname="src/components/Accessibility/Dyscalculia/__tests__/ScientificCalculator.test.tsx" name="ScientificCalculator &gt; Memory Operations &gt; should clear memory" time="0.072377">
        </testcase>
        <testcase classname="src/components/Accessibility/Dyscalculia/__tests__/ScientificCalculator.test.tsx" name="ScientificCalculator &gt; Memory Operations &gt; should add to memory" time="0.1038917">
        </testcase>
        <testcase classname="src/components/Accessibility/Dyscalculia/__tests__/ScientificCalculator.test.tsx" name="ScientificCalculator &gt; History Management &gt; should toggle history panel" time="0.1257287">
        </testcase>
        <testcase classname="src/components/Accessibility/Dyscalculia/__tests__/ScientificCalculator.test.tsx" name="ScientificCalculator &gt; History Management &gt; should add calculation to history" time="0.2146917">
        </testcase>
        <testcase classname="src/components/Accessibility/Dyscalculia/__tests__/ScientificCalculator.test.tsx" name="ScientificCalculator &gt; History Management &gt; should clear history" time="0.1330128">
        </testcase>
        <testcase classname="src/components/Accessibility/Dyscalculia/__tests__/ScientificCalculator.test.tsx" name="ScientificCalculator &gt; Keyboard Support &gt; should handle number keys" time="0.0761117">
        </testcase>
        <testcase classname="src/components/Accessibility/Dyscalculia/__tests__/ScientificCalculator.test.tsx" name="ScientificCalculator &gt; Keyboard Support &gt; should handle operator keys" time="0.0956544">
        </testcase>
        <testcase classname="src/components/Accessibility/Dyscalculia/__tests__/ScientificCalculator.test.tsx" name="ScientificCalculator &gt; Keyboard Support &gt; should handle Escape key for clear" time="0.0886868">
        </testcase>
        <testcase classname="src/components/Accessibility/Dyscalculia/__tests__/ScientificCalculator.test.tsx" name="ScientificCalculator &gt; Keyboard Support &gt; should handle Backspace key" time="0.0777267">
        </testcase>
        <testcase classname="src/components/Accessibility/Dyscalculia/__tests__/ScientificCalculator.test.tsx" name="ScientificCalculator &gt; Error Handling &gt; should display error for invalid operations" time="0.1280868">
        </testcase>
        <testcase classname="src/components/Accessibility/Dyscalculia/__tests__/ScientificCalculator.test.tsx" name="ScientificCalculator &gt; Error Handling &gt; should recover from error state" time="0.1493452">
        </testcase>
        <testcase classname="src/components/Accessibility/Dyscalculia/__tests__/ScientificCalculator.test.tsx" name="ScientificCalculator &gt; Responsive Design &gt; should render on mobile viewport" time="0.0688162">
        </testcase>
        <testcase classname="src/components/Accessibility/Dyscalculia/__tests__/ScientificCalculator.test.tsx" name="ScientificCalculator &gt; Turkish Language Support &gt; should display Turkish labels" time="0.073525">
        </testcase>
        <testcase classname="src/components/Accessibility/Dyscalculia/__tests__/ScientificCalculator.test.tsx" name="ScientificCalculator &gt; Turkish Language Support &gt; should show Turkish keyboard shortcuts" time="0.0457135">
        </testcase>
    </testsuite>
</testsuites>
